 Last Built Begin in Sep 21 2025 00:06:12
 Pre-Type( Input ):           10
 Skl-Tol ( Input ):    1.0000000000000001E-005
 Wavelength in freespace: 0.0302725

 ################################################
 ##         Generating Required Mesh          ##
 ##         Waiting.....                      ##
 ################################################
 Subd No.      Subd Name
    1    Open-Duct_PRIME_model_meshAA1                                     
 isub,  nnode, npatch,  nedge:
    1      6118     12236     18354
 Scale Factor         >>   1.54999997E-02
 ################################################

 START TIME: 20250922   042608.152


 Informaton for IE geometry:
 number of subdomains     : 1
 maxnode,maxpatch,maxedge : 6118  12236  18354
 
 Index of Mat-Reg: 1
 Mat-Reg Number via MatFlg: 1
 Edge Number of Mat-Reg: 1, 18354

 Number of Edge on PEC: 18354
 Mat-Reg: No Dim(m) Lmax:
    1 0.237    5
 Totlmax, add1, add2:           5           6           7
 rlengmax of Global MLFMA >>   0.23685154183861040     
 Lmax of Global MLFMA >>            5
 Wavenum of Mat-Reg:
    1 1.000

 total area in sq m           =      0.0510
 total area in sq lambda      =     55.6185
 maxnode, maxpatch, maxedge           =     6118    12236    18354
 longest  edge in lambda              =      0.1542
 shortest edge in lambda              =      0.0073
 average  edge in lambda              =      0.1029
 largest  patch area in sq lambda     =      0.0081
 smallest patch area in sq lambda     =      0.0000
 ave    surface area in sq lambda     =      0.0045
 size range of the object in sq lambda =      7.5792

 #### MLFMA Info For Each Region ####
 Mat-Region =            1
 Array dimension parameters:
 maxrule=          14   maxgrid  =          64
 lmax   =           5   ncmax    =        1250
 lsmax  =          26   lsmin    =           7
 kpm    =        1356   kp0      =         102
 ntlm   =      212856   nsm      =      230886
 nkpm   =        2178   niplm    =      139392
 ngnearm=       14257   ngsndm   =       64634
 nearm  =         333   mfinestm =         119
 ###############################

 CFIE Alpha:  0.50000000000000000     

 Fill MLFMA FI for Mat-Reg:           1
 Begin filltl.f
 fill translation matrix
 Level:            2
 fill shifting matrix
 Level:            3
 fill shifting matrix
 Level:            4
 fill shifting matrix
 Level:            5
 fill shifting matrix
 translator time(s):  0.115000002    
 fill interpolation matrix
 ThetaOrder            8
 PhiOrder            8
 lsl            7
 Filling TL                  Delta_CPU=          0.54 Memory(MB)=        653.71
 Filling sndgrp              Delta_CPU=          0.00 Memory(MB)=        653.71
 Filling VFS                 Delta_CPU=          3.13 Memory(MB)=        653.71

 Fill MLFMA NI for Mat-Reg:           1
 Begin fill sparser part of Nearfield
 Begin fill denser part of Nearfield
 End fill
 Filling Amn                 Delta_CPU=         91.04 Memory(MB)=        653.71


 Now testing preconditioner with
 ipretype =           10
 method = cfie_solve_nfrasspspre_pardiso

  
 NBP>>Begin fill sparser part of Nearfield

114.0479% NBP>>Begin fill denser part of Nearfield

200.1041%
 Begin MLFMA Box-Matrix Based Spar-RAS Prec Constructor
 --- Intel MKL PARDISO --- 
 Memory for iGroup: 1 0 MB
 Total Memory For SparRAS Pre: 0 MB
 --- PARDISO PRECONDITIONER INITIALIZED --- 
 Constructing preconditioner CPU time: 4 s
 
 1101240
 Memory for Iteration:: 16.8036 MB

 Iseg, Ninc_S : 1, 181, 0

 Iseg, Skeleton Angles: 1, 40
 Iseg, Skel-Pk Mem(MB): 1, 314.35

 Iseg, Irank, Idinc : 1, 1, 22
 Thata, Phi : 90.000000, 21.000000
 Maximun iteration: 300
 Number of recycle truncation: 30
 Final matrix dimension:  36708
 Residual error:0.001000
 0  6.172151e-01
 1  2.915659e-01
 2  1.670999e-01
 3  1.137254e-01
 4  7.966022e-02
 5  5.891169e-02
 6  4.491845e-02
 7  3.485393e-02
 8  2.763897e-02
 9  2.227662e-02
 10  1.747472e-02
 11  1.378112e-02
 12  1.090234e-02
 13  8.910462e-03
 14  7.335662e-03
 15  6.121508e-03
 16  5.032742e-03
 17  4.215911e-03
 18  3.490363e-03
 19  2.980288e-03
 20  2.552152e-03
 21  2.169313e-03
 22  1.869057e-03
 23  1.671081e-03
 24  1.533209e-03
 25  1.413441e-03
 26  1.316843e-03
 27  1.243844e-03
 28  1.183393e-03
 29  1.130158e-03
 30  1.079541e-03
 31  1.024038e-03
 32  9.706534e-04
 Iteration CPU time: 7 s
 CFIE residual: 0.000970653

 Iseg, Irank, Idinc : 1, 2, 42
 Thata, Phi : 90.000000, 41.000000
 Maximun iteration: 300
 Number of recycle truncation: 30
 Final matrix dimension:  36708
 Residual error:0.001000
 0  6.284404e-01
 1  3.148623e-01
 2  1.992019e-01
 3  1.292700e-01
 4  8.843183e-02
 5  6.479183e-02
 6  4.770658e-02
 7  3.647628e-02
 8  2.791956e-02
 9  2.109934e-02
 10  1.611177e-02
 11  1.259377e-02
 12  1.012042e-02
 13  8.324030e-03
 14  6.779751e-03
 15  5.464487e-03
 16  4.528991e-03
 17  3.866078e-03
 18  3.396299e-03
 19  3.041951e-03
 20  2.761320e-03
 21  2.546419e-03
 22  2.361970e-03
 23  2.220660e-03
 24  2.105255e-03
 25  2.009598e-03
 26  1.885605e-03
 27  1.766149e-03
 28  1.639931e-03
 29  1.471151e-03
 30  1.303316e-03
 31  1.128137e-03
 32  9.469391e-04
 Iteration CPU time: 7 s
 CFIE residual: 0.000946939

 Iseg, Irank, Idinc : 1, 3, 109
 Thata, Phi : 90.000000, 108.000000
 Maximun iteration: 300
 Number of recycle truncation: 30
 Final matrix dimension:  36708
 Residual error:0.001000
 0  6.278262e-01
 1  3.544185e-01
 2  2.218619e-01
 3  1.530342e-01
 4  1.070314e-01
 5  8.070500e-02
 6  6.203071e-02
 7  4.774257e-02
 8  3.833691e-02
 9  3.081083e-02
 10  2.372123e-02
 11  1.863814e-02
 12  1.542075e-02
 13  1.263680e-02
 14  1.023383e-02
 15  8.367273e-03
 16  6.934700e-03
 17  5.790607e-03
 18  4.881098e-03
 19  4.147954e-03
 20  3.644718e-03
 21  3.171730e-03
 22  2.826268e-03
 23  2.591617e-03
 24  2.399998e-03
 25  2.250606e-03
 26  2.128411e-03
 27  2.018756e-03
 28  1.898468e-03
 29  1.770214e-03
 30  1.614671e-03
 31  1.438914e-03
 32  1.235061e-03
 33  1.040423e-03
 34  8.491895e-04
 Iteration CPU time: 8 s
 CFIE residual: 0.00084919

 Iseg, Irank, Idinc : 1, 4, 64
 Thata, Phi : 90.000000, 63.000000
 Maximun iteration: 300
 Number of recycle truncation: 30
 Final matrix dimension:  36708
 Residual error:0.001000
 0  6.623793e-01
 1  3.577852e-01
 2  2.227171e-01
 3  1.434097e-01
 4  1.028831e-01
 5  7.844286e-02
 6  5.954367e-02
 7  4.591146e-02
 8  3.719901e-02
 9  2.950292e-02
 10  2.303554e-02
 11  1.798714e-02
 12  1.397736e-02
 13  1.135818e-02
 14  9.397950e-03
 15  7.730200e-03
 16  6.826702e-03
 17  6.071080e-03
 18  5.431066e-03
 19  4.914277e-03
 20  4.496819e-03
 21  4.150573e-03
 22  3.930063e-03
 23  3.737717e-03
 24  3.548996e-03
 25  3.334382e-03
 26  3.098743e-03
 27  2.808944e-03
 28  2.512223e-03
 29  2.160794e-03
 30  1.785980e-03
 31  1.444343e-03
 32  1.186894e-03
 33  9.611300e-04
 Iteration CPU time: 8 s
 CFIE residual: 0.00096113

 Iseg, Irank, Idinc : 1, 5, 147
 Thata, Phi : 90.000000, 146.000000
 Maximun iteration: 300
 Number of recycle truncation: 30
 Final matrix dimension:  36708
 Residual error:0.001000
 0  6.537573e-01
 1  3.450104e-01
 2  2.089815e-01
 3  1.423994e-01
 4  1.035650e-01
 5  7.879141e-02
 6  6.229162e-02
 7  4.851700e-02
 8  4.055252e-02
 9  3.450313e-02
 10  2.915010e-02
 11  2.456009e-02
 12  2.024154e-02
 13  1.629417e-02
 14  1.321278e-02
 15  1.059603e-02
 16  8.555268e-03
 17  7.177122e-03
 18  5.823002e-03
 19  4.764278e-03
 20  3.857840e-03
 21  3.174840e-03
 22  2.690534e-03
 23  2.308355e-03
 24  2.043351e-03
 25  1.819323e-03
 26  1.662671e-03
 27  1.550829e-03
 28  1.466734e-03
 29  1.384264e-03
 30  1.306693e-03
 31  1.224991e-03
 32  1.133161e-03
 33  1.020871e-03
 34  8.941188e-04
 Iteration CPU time: 8 s
 CFIE residual: 0.000894119

 Iseg, Irank, Idinc : 1, 6, 136
 Thata, Phi : 90.000000, 135.000000
 Maximun iteration: 300
 Number of recycle truncation: 30
 Final matrix dimension:  36708
 Residual error:0.001000
 0  7.001404e-01
 1  3.567615e-01
 2  2.229468e-01
 3  1.517631e-01
 4  1.100182e-01
 5  8.301231e-02
 6  6.347604e-02
 7  4.979835e-02
 8  4.017816e-02
 9  3.167002e-02
 10  2.582438e-02
 11  2.111279e-02
 12  1.693363e-02
 13  1.366421e-02
 14  1.092597e-02
 15  8.840953e-03
 16  7.332010e-03
 17  5.922212e-03
 18  4.942434e-03
 19  4.138420e-03
 20  3.497790e-03
 21  3.077180e-03
 22  2.727433e-03
 23  2.465778e-03
 24  2.279906e-03
 25  2.135061e-03
 26  2.006371e-03
 27  1.888252e-03
 28  1.804264e-03
 29  1.706958e-03
 30  1.601708e-03
 31  1.483597e-03
 32  1.354333e-03
 33  1.220589e-03
 34  1.093816e-03
 35  9.653784e-04
 Iteration CPU time: 8 s
 CFIE residual: 0.000965378

 Iseg, Irank, Idinc : 1, 7, 86
 Thata, Phi : 90.000000, 85.000000
 Maximun iteration: 300
 Number of recycle truncation: 30
 Final matrix dimension:  36708
 Residual error:0.001000
 0  6.161080e-01
 1  3.496341e-01
 2  2.255780e-01
 3  1.538656e-01
 4  1.108912e-01
 5  8.537100e-02
 6  6.577918e-02
 7  5.192614e-02
 8  4.177876e-02
 9  3.432637e-02
 10  2.668874e-02
 11  2.037206e-02
 12  1.620865e-02
 13  1.337206e-02
 14  1.102025e-02
 15  9.219643e-03
 16  7.683152e-03
 17  6.637483e-03
 18  5.816925e-03
 19  5.234603e-03
 20  4.789579e-03
 21  4.468597e-03
 22  4.184551e-03
 23  3.954850e-03
 24  3.720085e-03
 25  3.519453e-03
 26  3.317323e-03
 27  3.069031e-03
 28  2.816355e-03
 29  2.536478e-03
 30  2.238632e-03
 31  1.932208e-03
 32  1.602067e-03
 33  1.310460e-03
 34  1.082902e-03
 35  8.705940e-04
 Iteration CPU time: 8 s
 CFIE residual: 0.000870594

 Iseg, Irank, Idinc : 1, 8, 74
 Thata, Phi : 90.000000, 73.000000
 Maximun iteration: 300
 Number of recycle truncation: 30
 Final matrix dimension:  36708
 Residual error:0.001000
 0  6.387401e-01
 1  3.643235e-01
 2  2.367916e-01
 3  1.485092e-01
 4  1.038165e-01
 5  7.892805e-02
 6  6.204969e-02
 7  4.811828e-02
 8  3.881418e-02
 9  3.146780e-02
 10  2.451566e-02
 11  1.949788e-02
 12  1.595148e-02
 13  1.321604e-02
 14  1.108236e-02
 15  9.211520e-03
 16  7.864988e-03
 17  6.934688e-03
 18  6.201677e-03
 19  5.614315e-03
 20  5.103498e-03
 21  4.719011e-03
 22  4.435398e-03
 23  4.195714e-03
 24  4.000811e-03
 25  3.776363e-03
 26  3.534797e-03
 27  3.237784e-03
 28  2.943762e-03
 29  2.653115e-03
 30  2.294598e-03
 31  1.909343e-03
 32  1.560032e-03
 33  1.256797e-03
 34  9.714284e-04
 Iteration CPU time: 8 s
 CFIE residual: 0.000971428

 Iseg, Irank, Idinc : 1, 9, 159
 Thata, Phi : 90.000000, 158.000000
 Maximun iteration: 300
 Number of recycle truncation: 30
 Final matrix dimension:  36708
 Residual error:0.001000
 0  6.133627e-01
 1  3.143541e-01
 2  1.919065e-01
 3  1.300803e-01
 4  9.928617e-02
 5  7.892115e-02
 6  6.366686e-02
 7  5.106585e-02
 8  4.372115e-02
 9  3.752086e-02
 10  3.151815e-02
 11  2.595927e-02
 12  2.189673e-02
 13  1.774984e-02
 14  1.439020e-02
 15  1.172714e-02
 16  9.718995e-03
 17  7.903649e-03
 18  6.421841e-03
 19  5.295088e-03
 20  4.206413e-03
 21  3.514134e-03
 22  2.956358e-03
 23  2.517378e-03
 24  2.148096e-03
 25  1.860568e-03
 26  1.637872e-03
 27  1.493006e-03
 28  1.371399e-03
 29  1.301471e-03
 30  1.245653e-03
 31  1.195556e-03
 32  1.135549e-03
 33  1.062140e-03
 34  9.840498e-04
 Iteration CPU time: 8 s
 CFIE residual: 0.00098405

 Iseg, Irank, Idinc : 1, 10, 123
 Thata, Phi : 90.000000, 122.000000
 Maximun iteration: 300
 Number of recycle truncation: 30
 Final matrix dimension:  36708
 Residual error:0.001000
 0  6.529709e-01
 1  3.422979e-01
 2  2.243247e-01
 3  1.565913e-01
 4  1.115382e-01
 5  8.337949e-02
 6  6.473612e-02
 7  5.050908e-02
 8  3.899314e-02
 9  3.007490e-02
 10  2.426219e-02
 11  1.919912e-02
 12  1.524412e-02
 13  1.225515e-02
 14  1.005808e-02
 15  8.482489e-03
 16  7.184726e-03
 17  6.064067e-03
 18  5.104257e-03
 19  4.422650e-03
 20  3.917101e-03
 21  3.447503e-03
 22  3.110052e-03
 23  2.822151e-03
 24  2.624867e-03
 25  2.443332e-03
 26  2.293349e-03
 27  2.175104e-03
 28  2.071753e-03
 29  1.972354e-03
 30  1.867320e-03
 31  1.739424e-03
 32  1.566754e-03
 33  1.396945e-03
 34  1.220609e-03
 35  1.054554e-03
 36  8.665881e-04
 Iteration CPU time: 8 s
 CFIE residual: 0.000866588

 Iseg, Irank, Idinc : 1, 11, 53
 Thata, Phi : 90.000000, 52.000000
 Maximun iteration: 300
 Number of recycle truncation: 30
 Final matrix dimension:  36708
 Residual error:0.001000
 0  6.504767e-01
 1  3.387214e-01
 2  2.082560e-01
 3  1.343182e-01
 4  9.619000e-02
 5  7.147698e-02
 6  5.450331e-02
 7  4.267158e-02
 8  3.265672e-02
 9  2.435706e-02
 10  1.907888e-02
 11  1.479837e-02
 12  1.174920e-02
 13  9.502639e-03
 14  7.889261e-03
 15  6.692440e-03
 16  5.679530e-03
 17  4.886475e-03
 18  4.319470e-03
 19  3.917424e-03
 20  3.542733e-03
 21  3.298681e-03
 22  3.131217e-03
 23  2.975834e-03
 24  2.798712e-03
 25  2.651561e-03
 26  2.448530e-03
 27  2.204022e-03
 28  1.954855e-03
 29  1.688796e-03
 30  1.422759e-03
 31  1.183649e-03
 32  9.775251e-04
 Iteration CPU time: 8 s
 CFIE residual: 0.000977525

 Iseg, Irank, Idinc : 1, 12, 32
 Thata, Phi : 90.000000, 31.000000
 Maximun iteration: 300
 Number of recycle truncation: 30
 Final matrix dimension:  36708
 Residual error:0.001000
 0  6.323586e-01
 1  3.054436e-01
 2  1.799333e-01
 3  1.137814e-01
 4  7.998728e-02
 5  5.883932e-02
 6  4.297551e-02
 7  3.239859e-02
 8  2.545788e-02
 9  2.033662e-02
 10  1.616072e-02
 11  1.286981e-02
 12  1.019126e-02
 13  8.483452e-03
 14  6.736621e-03
 15  5.587510e-03
 16  4.625610e-03
 17  3.921633e-03
 18  3.285829e-03
 19  2.853262e-03
 20  2.487118e-03
 21  2.204113e-03
 22  1.982275e-03
 23  1.829005e-03
 24  1.715448e-03
 25  1.614407e-03
 26  1.522326e-03
 27  1.448027e-03
 28  1.371021e-03
 29  1.291417e-03
 30  1.207513e-03
 31  1.103789e-03
 32  1.001484e-03
 33  8.878336e-04
 Iteration CPU time: 8 s
 CFIE residual: 0.000887834

 Iseg, Irank, Idinc : 1, 13, 10
 Thata, Phi : 90.000000, 9.000000
 Maximun iteration: 300
 Number of recycle truncation: 30
 Final matrix dimension:  36708
 Residual error:0.001000
 0  5.397397e-01
 1  2.747759e-01
 2  1.735271e-01
 3  1.232022e-01
 4  8.845615e-02
 5  6.630170e-02
 6  5.113716e-02
 7  3.922247e-02
 8  3.075216e-02
 9  2.435135e-02
 10  1.877448e-02
 11  1.480789e-02
 12  1.167382e-02
 13  9.580112e-03
 14  7.667695e-03
 15  6.134387e-03
 16  5.022297e-03
 17  4.214090e-03
 18  3.564967e-03
 19  3.044686e-03
 20  2.598506e-03
 21  2.272808e-03
 22  1.925938e-03
 23  1.697695e-03
 24  1.507791e-03
 25  1.371770e-03
 26  1.253718e-03
 27  1.168051e-03
 28  1.092655e-03
 29  1.032339e-03
 30  9.721936e-04
 Iteration CPU time: 7 s
 CFIE residual: 0.000972194

 Iseg, Irank, Idinc : 1, 14, 178
 Thata, Phi : 90.000000, 177.000000
 Maximun iteration: 300
 Number of recycle truncation: 30
 Final matrix dimension:  36708
 Residual error:0.001000
 0  5.682115e-01
 1  2.998482e-01
 2  1.904193e-01
 3  1.337889e-01
 4  1.048028e-01
 5  8.086782e-02
 6  6.524390e-02
 7  5.497175e-02
 8  4.509301e-02
 9  3.526229e-02
 10  2.771377e-02
 11  2.232622e-02
 12  1.819316e-02
 13  1.432578e-02
 14  1.178491e-02
 15  9.140497e-03
 16  7.283125e-03
 17  5.898649e-03
 18  4.892096e-03
 19  3.940112e-03
 20  3.121265e-03
 21  2.597954e-03
 22  2.184045e-03
 23  1.869252e-03
 24  1.585767e-03
 25  1.324773e-03
 26  1.115615e-03
 27  9.555124e-04
 Iteration CPU time: 6 s
 CFIE residual: 0.000955512

 Iseg, Irank, Idinc : 1, 15, 94
 Thata, Phi : 90.000000, 93.000000
 Maximun iteration: 300
 Number of recycle truncation: 30
 Final matrix dimension:  36708
 Residual error:0.001000
 0  6.128870e-01
 1  3.501057e-01
 2  2.220011e-01
 3  1.480158e-01
 4  1.057801e-01
 5  8.203075e-02
 6  6.375603e-02
 7  5.067076e-02
 8  4.063612e-02
 9  3.271047e-02
 10  2.602684e-02
 11  2.060698e-02
 12  1.687693e-02
 13  1.392579e-02
 14  1.148904e-02
 15  9.619838e-03
 16  7.879431e-03
 17  6.669951e-03
 18  5.736780e-03
 19  5.028941e-03
 20  4.516544e-03
 21  4.126318e-03
 22  3.789822e-03
 23  3.568045e-03
 24  3.316665e-03
 25  3.161468e-03
 26  3.018839e-03
 27  2.865404e-03
 28  2.672968e-03
 29  2.408453e-03
 30  2.127795e-03
 31  1.861996e-03
 32  1.561746e-03
 33  1.313309e-03
 34  1.081913e-03
 35  8.989490e-04
 Iteration CPU time: 8 s
 CFIE residual: 0.000898949

 Iseg, Irank, Idinc : 1, 16, 102
 Thata, Phi : 90.000000, 101.000000
 Maximun iteration: 300
 Number of recycle truncation: 30
 Final matrix dimension:  36708
 Residual error:0.001000
 0  6.133874e-01
 1  3.496092e-01
 2  2.193182e-01
 3  1.486845e-01
 4  1.042434e-01
 5  7.833790e-02
 6  6.050557e-02
 7  4.728830e-02
 8  3.747414e-02
 9  3.079984e-02
 10  2.499861e-02
 11  1.994917e-02
 12  1.599984e-02
 13  1.322599e-02
 14  1.094003e-02
 15  8.768715e-03
 16  7.307354e-03
 17  6.162632e-03
 18  5.212624e-03
 19  4.540743e-03
 20  4.047912e-03
 21  3.594492e-03
 22  3.207050e-03
 23  2.983822e-03
 24  2.763841e-03
 25  2.608940e-03
 26  2.485723e-03
 27  2.371199e-03
 28  2.235308e-03
 29  2.071684e-03
 30  1.889437e-03
 31  1.686564e-03
 32  1.444106e-03
 33  1.224816e-03
 34  9.893262e-04
 Iteration CPU time: 8 s
 CFIE residual: 0.000989326

 Iseg, Irank, Idinc : 1, 17, 116
 Thata, Phi : 90.000000, 115.000000
 Maximun iteration: 300
 Number of recycle truncation: 30
 Final matrix dimension:  36708
 Residual error:0.001000
 0  6.456755e-01
 1  3.485947e-01
 2  2.191326e-01
 3  1.534383e-01
 4  1.090934e-01
 5  8.031055e-02
 6  6.132450e-02
 7  4.760276e-02
 8  3.838052e-02
 9  2.986131e-02
 10  2.312692e-02
 11  1.804248e-02
 12  1.486605e-02
 13  1.228849e-02
 14  9.853260e-03
 15  8.079883e-03
 16  6.767383e-03
 17  5.664997e-03
 18  4.826334e-03
 19  4.168130e-03
 20  3.687725e-03
 21  3.257459e-03
 22  2.924772e-03
 23  2.669473e-03
 24  2.474452e-03
 25  2.320773e-03
 26  2.182802e-03
 27  2.072212e-03
 28  1.976335e-03
 29  1.863319e-03
 30  1.722029e-03
 31  1.561223e-03
 32  1.352682e-03
 33  1.126118e-03
 34  9.055323e-04
 Iteration CPU time: 8 s
 CFIE residual: 0.000905532

 Iseg, Irank, Idinc : 1, 18, 1
 Thata, Phi : 90.000000, 0.000000
 Maximun iteration: 300
 Number of recycle truncation: 30
 Final matrix dimension:  36708
 Residual error:0.001000
 0  5.103955e-01
 1  2.680225e-01
 2  1.738970e-01
 3  1.211995e-01
 4  8.580493e-02
 5  6.502058e-02
 6  5.080434e-02
 7  3.826605e-02
 8  2.907075e-02
 9  2.308251e-02
 10  1.740242e-02
 11  1.401438e-02
 12  1.135659e-02
 13  8.834848e-03
 14  7.115927e-03
 15  5.662883e-03
 16  4.603486e-03
 17  3.803652e-03
 18  3.206693e-03
 19  2.746465e-03
 20  2.355274e-03
 21  2.045860e-03
 22  1.768542e-03
 23  1.511950e-03
 24  1.299927e-03
 25  1.139277e-03
 26  1.036069e-03
 27  9.684224e-04
 Iteration CPU time: 7 s
 CFIE residual: 0.000968422

 Iseg, Irank, Idinc : 1, 19, 80
 Thata, Phi : 90.000000, 79.000000
 Maximun iteration: 300
 Number of recycle truncation: 30
 Final matrix dimension:  36708
 Residual error:0.001000
 0  6.220827e-01
 1  3.554382e-01
 2  2.298782e-01
 3  1.490611e-01
 4  1.070784e-01
 5  8.241753e-02
 6  6.346351e-02
 7  5.043489e-02
 8  3.968024e-02
 9  3.265553e-02
 10  2.548844e-02
 11  1.970595e-02
 12  1.571345e-02
 13  1.308901e-02
 14  1.084231e-02
 15  9.248052e-03
 16  7.938544e-03
 17  6.777897e-03
 18  5.966050e-03
 19  5.369912e-03
 20  4.893208e-03
 21  4.555443e-03
 22  4.290989e-03
 23  4.066444e-03
 24  3.849682e-03
 25  3.641110e-03
 26  3.428004e-03
 27  3.162473e-03
 28  2.923758e-03
 29  2.667913e-03
 30  2.341786e-03
 31  2.010390e-03
 32  1.658817e-03
 33  1.373477e-03
 34  1.082812e-03
 35  9.023486e-04
 Iteration CPU time: 8 s
 CFIE residual: 0.000902349

 Iseg, Irank, Idinc : 1, 20, 167
 Thata, Phi : 90.000000, 166.000000
 Maximun iteration: 300
 Number of recycle truncation: 30
 Final matrix dimension:  36708
 Residual error:0.001000
 0  5.846185e-01
 1  3.024329e-01
 2  1.884988e-01
 3  1.325540e-01
 4  1.037640e-01
 5  8.174602e-02
 6  6.736590e-02
 7  5.489620e-02
 8  4.581352e-02
 9  3.819295e-02
 10  3.254992e-02
 11  2.719444e-02
 12  2.279807e-02
 13  1.840136e-02
 14  1.526229e-02
 15  1.251200e-02
 16  1.029124e-02
 17  8.380409e-03
 18  6.574357e-03
 19  5.412107e-03
 20  4.393491e-03
 21  3.511107e-03
 22  2.926736e-03
 23  2.486267e-03
 24  2.027215e-03
 25  1.672892e-03
 26  1.413958e-03
 27  1.238137e-03
 28  1.109930e-03
 29  1.030504e-03
 30  9.729836e-04
 Iteration CPU time: 7 s
 CFIE residual: 0.000972984

 Iseg, Irank, Idinc : 1, 21, 153
 Thata, Phi : 90.000000, 152.000000
 Maximun iteration: 300
 Number of recycle truncation: 30
 Final matrix dimension:  36708
 Residual error:0.001000
 0  6.337485e-01
 1  3.296380e-01
 2  2.016232e-01
 3  1.351756e-01
 4  1.006524e-01
 5  7.841933e-02
 6  6.230641e-02
 7  4.921857e-02
 8  4.150562e-02
 9  3.524921e-02
 10  3.001940e-02
 11  2.478742e-02
 12  2.018297e-02
 13  1.654445e-02
 14  1.357087e-02
 15  1.109222e-02
 16  8.997859e-03
 17  7.294547e-03
 18  5.930056e-03
 19  4.977195e-03
 20  4.002892e-03
 21  3.337418e-03
 22  2.826676e-03
 23  2.434255e-03
 24  2.091876e-03
 25  1.859839e-03
 26  1.671596e-03
 27  1.542131e-03
 28  1.434847e-03
 29  1.362220e-03
 30  1.300976e-03
 31  1.236142e-03
 32  1.164149e-03
 33  1.058016e-03
 34  9.503601e-04
 Iteration CPU time: 8 s
 CFIE residual: 0.00095036

 Iseg, Irank, Idinc : 1, 22, 16
 Thata, Phi : 90.000000, 15.000000
 Maximun iteration: 300
 Number of recycle truncation: 30
 Final matrix dimension:  36708
 Residual error:0.001000
 0  5.782881e-01
 1  2.828691e-01
 2  1.716379e-01
 3  1.201035e-01
 4  8.496672e-02
 5  6.358477e-02
 6  4.995608e-02
 7  3.856058e-02
 8  3.010247e-02
 9  2.381049e-02
 10  1.894501e-02
 11  1.501841e-02
 12  1.156190e-02
 13  9.260455e-03
 14  7.532996e-03
 15  6.267323e-03
 16  5.151348e-03
 17  4.297494e-03
 18  3.588158e-03
 19  3.036275e-03
 20  2.555469e-03
 21  2.193913e-03
 22  1.868603e-03
 23  1.657475e-03
 24  1.496598e-03
 25  1.372688e-03
 26  1.267212e-03
 27  1.192399e-03
 28  1.125813e-03
 29  1.074063e-03
 30  1.024199e-03
 31  9.719428e-04
 Iteration CPU time: 7 s
 CFIE residual: 0.000971943

 Iseg, Irank, Idinc : 1, 23, 181
 Thata, Phi : 90.000000, 180.000000
 Maximun iteration: 300
 Number of recycle truncation: 30
 Final matrix dimension:  36708
 Residual error:0.001000
 0  5.673292e-01
 1  2.998006e-01
 2  1.903290e-01
 3  1.335479e-01
 4  1.043968e-01
 5  8.007142e-02
 6  6.454642e-02
 7  5.443642e-02
 8  4.447739e-02
 9  3.457894e-02
 10  2.705053e-02
 11  2.132751e-02
 12  1.693214e-02
 13  1.320380e-02
 14  1.062205e-02
 15  8.222831e-03
 16  6.231117e-03
 17  5.043880e-03
 18  4.088758e-03
 19  3.243734e-03
 20  2.648776e-03
 21  2.231951e-03
 22  1.868503e-03
 23  1.544742e-03
 24  1.305705e-03
 25  1.122007e-03
 26  9.598513e-04
 Iteration CPU time: 7 s
 CFIE residual: 0.000959851

 Iseg, Irank, Idinc : 1, 24, 130
 Thata, Phi : 90.000000, 129.000000
 Maximun iteration: 300
 Number of recycle truncation: 30
 Final matrix dimension:  36708
 Residual error:0.001000
 0  6.747515e-01
 1  3.542464e-01
 2  2.282844e-01
 3  1.555383e-01
 4  1.112840e-01
 5  8.478395e-02
 6  6.455400e-02
 7  5.018930e-02
 8  3.966650e-02
 9  3.137284e-02
 10  2.515391e-02
 11  1.972549e-02
 12  1.548084e-02
 13  1.264794e-02
 14  1.048715e-02
 15  8.536066e-03
 16  6.971883e-03
 17  5.688739e-03
 18  4.756869e-03
 19  4.135031e-03
 20  3.614417e-03
 21  3.203900e-03
 22  2.885058e-03
 23  2.637220e-03
 24  2.472094e-03
 25  2.308870e-03
 26  2.177387e-03
 27  2.041690e-03
 28  1.947685e-03
 29  1.851742e-03
 30  1.751757e-03
 31  1.621377e-03
 32  1.475858e-03
 33  1.329538e-03
 34  1.184829e-03
 35  1.023381e-03
 36  8.388271e-04
 Iteration CPU time: 8 s
 CFIE residual: 0.000838827

 Iseg, Irank, Idinc : 1, 25, 58
 Thata, Phi : 90.000000, 57.000000
 Maximun iteration: 300
 Number of recycle truncation: 30
 Final matrix dimension:  36708
 Residual error:0.001000
 0  6.613958e-01
 1  3.448205e-01
 2  2.131056e-01
 3  1.342617e-01
 4  9.571305e-02
 5  7.062706e-02
 6  5.448928e-02
 7  4.284494e-02
 8  3.422163e-02
 9  2.626187e-02
 10  1.979998e-02
 11  1.547310e-02
 12  1.245006e-02
 13  9.846909e-03
 14  8.094028e-03
 15  6.712081e-03
 16  5.891768e-03
 17  5.114050e-03
 18  4.568037e-03
 19  4.216373e-03
 20  3.837432e-03
 21  3.561466e-03
 22  3.405673e-03
 23  3.227560e-03
 24  3.054282e-03
 25  2.872286e-03
 26  2.670092e-03
 27  2.419071e-03
 28  2.138216e-03
 29  1.849304e-03
 30  1.588690e-03
 31  1.297123e-03
 32  1.058510e-03
 33  8.613427e-04
 Iteration CPU time: 8 s
 CFIE residual: 0.000861343

 Iseg, Irank, Idinc : 1, 26, 5
 Thata, Phi : 90.000000, 4.000000
 Maximun iteration: 300
 Number of recycle truncation: 30
 Final matrix dimension:  36708
 Residual error:0.001000
 0  5.169428e-01
 1  2.695993e-01
 2  1.736772e-01
 3  1.217533e-01
 4  8.691402e-02
 5  6.578182e-02
 6  5.065503e-02
 7  3.801652e-02
 8  2.887108e-02
 9  2.338920e-02
 10  1.832252e-02
 11  1.463130e-02
 12  1.141517e-02
 13  9.335337e-03
 14  7.644222e-03
 15  6.133206e-03
 16  5.004793e-03
 17  4.155556e-03
 18  3.464641e-03
 19  3.006237e-03
 20  2.599179e-03
 21  2.265342e-03
 22  1.926180e-03
 23  1.669289e-03
 24  1.463435e-03
 25  1.303199e-03
 26  1.158416e-03
 27  1.071899e-03
 28  1.000032e-03
 29  9.386838e-04
 Iteration CPU time: 7 s
 CFIE residual: 0.000938684

 Iseg, Irank, Idinc : 1, 27, 172
 Thata, Phi : 90.000000, 171.000000
 Maximun iteration: 300
 Number of recycle truncation: 30
 Final matrix dimension:  36708
 Residual error:0.001000
 0  5.743071e-01
 1  3.003265e-01
 2  1.902860e-01
 3  1.343553e-01
 4  1.057400e-01
 5  8.264297e-02
 6  6.740431e-02
 7  5.612706e-02
 8  4.659525e-02
 9  3.790054e-02
 10  3.116020e-02
 11  2.604868e-02
 12  2.180494e-02
 13  1.784186e-02
 14  1.465980e-02
 15  1.185498e-02
 16  9.955114e-03
 17  7.972601e-03
 18  6.310234e-03
 19  5.126342e-03
 20  4.081262e-03
 21  3.303043e-03
 22  2.753106e-03
 23  2.357029e-03
 24  1.951737e-03
 25  1.597273e-03
 26  1.343258e-03
 27  1.150666e-03
 28  1.015396e-03
 29  9.280008e-04
 Iteration CPU time: 6 s
 CFIE residual: 0.000928001

 Iseg, Irank, Idinc : 1, 28, 37
 Thata, Phi : 90.000000, 36.000000
 Maximun iteration: 300
 Number of recycle truncation: 30
 Final matrix dimension:  36708
 Residual error:0.001000
 0  6.228666e-01
 1  3.116101e-01
 2  1.919052e-01
 3  1.220880e-01
 4  8.330215e-02
 5  6.132477e-02
 6  4.451914e-02
 7  3.373705e-02
 8  2.617101e-02
 9  2.035935e-02
 10  1.588792e-02
 11  1.256829e-02
 12  1.005256e-02
 13  8.296894e-03
 14  6.716232e-03
 15  5.405516e-03
 16  4.449658e-03
 17  3.800612e-03
 18  3.249171e-03
 19  2.838905e-03
 20  2.522688e-03
 21  2.295900e-03
 22  2.102943e-03
 23  1.965206e-03
 24  1.860015e-03
 25  1.768523e-03
 26  1.666949e-03
 27  1.576105e-03
 28  1.487409e-03
 29  1.376014e-03
 30  1.253878e-03
 31  1.124227e-03
 32  9.998406e-04
 Iteration CPU time: 7 s
 CFIE residual: 0.000999841

 Iseg, Irank, Idinc : 1, 29, 141
 Thata, Phi : 90.000000, 140.000000
 Maximun iteration: 300
 Number of recycle truncation: 30
 Final matrix dimension:  36708
 Residual error:0.001000
 0  6.876789e-01
 1  3.522524e-01
 2  2.135360e-01
 3  1.467124e-01
 4  1.074474e-01
 5  8.087518e-02
 6  6.235786e-02
 7  4.913776e-02
 8  4.031484e-02
 9  3.348386e-02
 10  2.758237e-02
 11  2.288620e-02
 12  1.882223e-02
 13  1.536747e-02
 14  1.213283e-02
 15  9.914650e-03
 16  7.951599e-03
 17  6.535588e-03
 18  5.321439e-03
 19  4.333534e-03
 20  3.635527e-03
 21  3.054443e-03
 22  2.662649e-03
 23  2.374210e-03
 24  2.148749e-03
 25  1.982911e-03
 26  1.850616e-03
 27  1.743713e-03
 28  1.665286e-03
 29  1.577405e-03
 30  1.488944e-03
 31  1.385278e-03
 32  1.284122e-03
 33  1.181260e-03
 34  1.072477e-03
 35  9.565702e-04
 Iteration CPU time: 8 s
 CFIE residual: 0.00095657

 Iseg, Irank, Idinc : 1, 30, 69
 Thata, Phi : 90.000000, 68.000000
 Maximun iteration: 300
 Number of recycle truncation: 30
 Final matrix dimension:  36708
 Residual error:0.001000
 0  6.533092e-01
 1  3.655664e-01
 2  2.328931e-01
 3  1.494784e-01
 4  1.073014e-01
 5  8.160403e-02
 6  6.235844e-02
 7  4.867182e-02
 8  4.024046e-02
 9  3.222633e-02
 10  2.514654e-02
 11  1.943943e-02
 12  1.552142e-02
 13  1.284798e-02
 14  1.074543e-02
 15  8.926392e-03
 16  7.672766e-03
 17  6.805667e-03
 18  6.110101e-03
 19  5.510608e-03
 20  5.006802e-03
 21  4.628198e-03
 22  4.370016e-03
 23  4.157095e-03
 24  3.951292e-03
 25  3.728322e-03
 26  3.469141e-03
 27  3.181444e-03
 28  2.861305e-03
 29  2.504416e-03
 30  2.082587e-03
 31  1.723486e-03
 32  1.430040e-03
 33  1.153158e-03
 34  9.150473e-04
 Iteration CPU time: 8 s
 CFIE residual: 0.000915047

 Iseg, Irank, Idinc : 1, 31, 27
 Thata, Phi : 90.000000, 26.000000
 Maximun iteration: 300
 Number of recycle truncation: 30
 Final matrix dimension:  36708
 Residual error:0.001000
 0  6.355386e-01
 1  2.983867e-01
 2  1.691524e-01
 3  1.104007e-01
 4  7.728088e-02
 5  5.674423e-02
 6  4.203997e-02
 7  3.174152e-02
 8  2.520675e-02
 9  2.078784e-02
 10  1.660299e-02
 11  1.315280e-02
 12  1.049252e-02
 13  8.958819e-03
 14  7.195288e-03
 15  6.014851e-03
 16  4.984881e-03
 17  4.166459e-03
 18  3.484697e-03
 19  3.014918e-03
 20  2.549071e-03
 21  2.194045e-03
 22  1.922134e-03
 23  1.735848e-03
 24  1.611300e-03
 25  1.501191e-03
 26  1.404686e-03
 27  1.334272e-03
 28  1.266981e-03
 29  1.201249e-03
 30  1.142315e-03
 31  1.078020e-03
 32  1.007801e-03
 33  9.123600e-04
 Iteration CPU time: 8 s
 CFIE residual: 0.00091236

 Iseg, Irank, Idinc : 1, 32, 98
 Thata, Phi : 90.000000, 97.000000
 Maximun iteration: 300
 Number of recycle truncation: 30
 Final matrix dimension:  36708
 Residual error:0.001000
 0  6.125626e-01
 1  3.486778e-01
 2  2.195964e-01
 3  1.467360e-01
 4  1.047821e-01
 5  7.934189e-02
 6  6.071153e-02
 7  4.869548e-02
 8  3.845210e-02
 9  3.041273e-02
 10  2.482415e-02
 11  1.985798e-02
 12  1.627709e-02
 13  1.344655e-02
 14  1.091013e-02
 15  8.873330e-03
 16  7.415488e-03
 17  6.311857e-03
 18  5.407308e-03
 19  4.738227e-03
 20  4.221550e-03
 21  3.812314e-03
 22  3.451495e-03
 23  3.215455e-03
 24  2.999739e-03
 25  2.861780e-03
 26  2.730619e-03
 27  2.606917e-03
 28  2.453733e-03
 29  2.248091e-03
 30  2.009199e-03
 31  1.759442e-03
 32  1.473954e-03
 33  1.238666e-03
 34  1.006802e-03
 35  8.424550e-04
 Iteration CPU time: 8 s
 CFIE residual: 0.000842455

 Iseg, Irank, Idinc : 1, 33, 175
 Thata, Phi : 90.000000, 174.000000
 Maximun iteration: 300
 Number of recycle truncation: 30
 Final matrix dimension:  36708
 Residual error:0.001000
 0  5.705842e-01
 1  2.999837e-01
 2  1.905396e-01
 3  1.342557e-01
 4  1.055290e-01
 5  8.210130e-02
 6  6.644520e-02
 7  5.572480e-02
 8  4.599580e-02
 9  3.659549e-02
 10  2.929006e-02
 11  2.419193e-02
 12  2.004095e-02
 13  1.606856e-02
 14  1.335510e-02
 15  1.074347e-02
 16  8.926298e-03
 17  7.126061e-03
 18  5.727202e-03
 19  4.638234e-03
 20  3.684871e-03
 21  3.026262e-03
 22  2.521496e-03
 23  2.163638e-03
 24  1.813055e-03
 25  1.494404e-03
 26  1.259087e-03
 27  1.074695e-03
 28  9.448818e-04
 Iteration CPU time: 7 s
 CFIE residual: 0.000944882

 Iseg, Irank, Idinc : 1, 34, 3
 Thata, Phi : 90.000000, 2.000000
 Maximun iteration: 300
 Number of recycle truncation: 30
 Final matrix dimension:  36708
 Residual error:0.001000
 0  5.120845e-01
 1  2.684338e-01
 2  1.738312e-01
 3  1.213293e-01
 4  8.609658e-02
 5  6.524518e-02
 6  5.074725e-02
 7  3.817436e-02
 8  2.898309e-02
 9  2.315428e-02
 10  1.774779e-02
 11  1.434338e-02
 12  1.139033e-02
 13  9.131198e-03
 14  7.410746e-03
 15  5.977019e-03
 16  4.910494e-03
 17  4.069052e-03
 18  3.392604e-03
 19  2.936502e-03
 20  2.553633e-03
 21  2.225066e-03
 22  1.897152e-03
 23  1.636093e-03
 24  1.431281e-03
 25  1.265013e-03
 26  1.110312e-03
 27  1.021794e-03
 28  9.551153e-04
 Iteration CPU time: 6 s
 CFIE residual: 0.000955115

 Iseg, Irank, Idinc : 1, 35, 47
 Thata, Phi : 90.000000, 46.000000
 Maximun iteration: 300
 Number of recycle truncation: 30
 Final matrix dimension:  36708
 Residual error:0.001000
 0  6.370701e-01
 1  3.248322e-01
 2  2.030625e-01
 3  1.330633e-01
 4  9.451607e-02
 5  7.105033e-02
 6  5.294528e-02
 7  4.068492e-02
 8  3.117771e-02
 9  2.384961e-02
 10  1.829628e-02
 11  1.394260e-02
 12  1.102997e-02
 13  8.895063e-03
 14  7.349311e-03
 15  6.067934e-03
 16  5.082515e-03
 17  4.378219e-03
 18  3.892130e-03
 19  3.492627e-03
 20  3.155560e-03
 21  2.928734e-03
 22  2.749493e-03
 23  2.595394e-03
 24  2.463813e-03
 25  2.350310e-03
 26  2.198011e-03
 27  2.042358e-03
 28  1.842213e-03
 29  1.619762e-03
 30  1.406657e-03
 31  1.197350e-03
 32  1.013638e-03
 33  8.444578e-04
 Iteration CPU time: 8 s
 CFIE residual: 0.000844458

 Iseg, Irank, Idinc : 1, 36, 163
 Thata, Phi : 90.000000, 162.000000
 Maximun iteration: 300
 Number of recycle truncation: 30
 Final matrix dimension:  36708
 Residual error:0.001000
 0  5.976741e-01
 1  3.069624e-01
 2  1.881582e-01
 3  1.303328e-01
 4  1.009774e-01
 5  8.045111e-02
 6  6.582856e-02
 7  5.295085e-02
 8  4.473347e-02
 9  3.832963e-02
 10  3.256338e-02
 11  2.697664e-02
 12  2.277432e-02
 13  1.836215e-02
 14  1.521663e-02
 15  1.243484e-02
 16  1.025990e-02
 17  8.339016e-03
 18  6.608753e-03
 19  5.454016e-03
 20  4.367313e-03
 21  3.539754e-03
 22  2.964357e-03
 23  2.499706e-03
 24  2.076058e-03
 25  1.768401e-03
 26  1.520175e-03
 27  1.366389e-03
 28  1.242624e-03
 29  1.167009e-03
 30  1.109797e-03
 31  1.060598e-03
 32  1.011831e-03
 33  9.525469e-04
 Iteration CPU time: 8 s
 CFIE residual: 0.000952547

 Iseg, Irank, Idinc : 1, 37, 119
 Thata, Phi : 90.000000, 118.000000
 Maximun iteration: 300
 Number of recycle truncation: 30
 Final matrix dimension:  36708
 Residual error:0.001000
 0  6.485905e-01
 1  3.453147e-01
 2  2.203553e-01
 3  1.539618e-01
 4  1.092598e-01
 5  8.091228e-02
 6  6.266743e-02
 7  4.873774e-02
 8  3.856538e-02
 9  3.000912e-02
 10  2.351362e-02
 11  1.860077e-02
 12  1.512247e-02
 13  1.228398e-02
 14  9.956440e-03
 15  8.295468e-03
 16  6.938248e-03
 17  5.881227e-03
 18  4.977243e-03
 19  4.323163e-03
 20  3.803903e-03
 21  3.366721e-03
 22  3.010686e-03
 23  2.744108e-03
 24  2.545673e-03
 25  2.367858e-03
 26  2.240088e-03
 27  2.120158e-03
 28  2.023954e-03
 29  1.906153e-03
 30  1.779744e-03
 31  1.626366e-03
 32  1.409178e-03
 33  1.180429e-03
 34  9.594214e-04
 Iteration CPU time: 8 s
 CFIE residual: 0.000959421

 Iseg, Irank, Idinc : 1, 38, 180
 Thata, Phi : 90.000000, 179.000000
 Maximun iteration: 300
 Number of recycle truncation: 30
 Final matrix dimension:  36708
 Residual error:0.001000
 0  5.674414e-01
 1  2.998086e-01
 2  1.903420e-01
 3  1.335806e-01
 4  1.044518e-01
 5  8.018285e-02
 6  6.464558e-02
 7  5.452230e-02
 8  4.457805e-02
 9  3.467454e-02
 10  2.713565e-02
 11  2.147522e-02
 12  1.716536e-02
 13  1.342922e-02
 14  1.091676e-02
 15  8.414507e-03
 16  6.522072e-03
 17  5.278717e-03
 18  4.352929e-03
 19  3.493779e-03
 20  2.786795e-03
 21  2.323101e-03
 22  1.949382e-03
 23  1.652446e-03
 24  1.400146e-03
 25  1.185036e-03
 26  1.002122e-03
 27  8.667334e-04
 Iteration CPU time: 6 s
 CFIE residual: 0.000866733

 Iseg, Irank, Idinc : 1, 39, 13
 Thata, Phi : 90.000000, 12.000000
 Maximun iteration: 300
 Number of recycle truncation: 30
 Final matrix dimension:  36708
 Residual error:0.001000
 0  5.580771e-01
 1  2.786791e-01
 2  1.731051e-01
 3  1.224765e-01
 4  8.733742e-02
 5  6.534491e-02
 6  5.113722e-02
 7  3.935313e-02
 8  3.069574e-02
 9  2.435263e-02
 10  1.913252e-02
 11  1.495232e-02
 12  1.158906e-02
 13  9.375207e-03
 14  7.612469e-03
 15  6.227797e-03
 16  5.097360e-03
 17  4.248094e-03
 18  3.583251e-03
 19  3.053317e-03
 20  2.572624e-03
 21  2.228667e-03
 22  1.895287e-03
 23  1.677737e-03
 24  1.503169e-03
 25  1.375457e-03
 26  1.269357e-03
 27  1.183868e-03
 28  1.114154e-03
 29  1.058823e-03
 30  1.004265e-03
 31  9.498278e-04
 Iteration CPU time: 7 s
 CFIE residual: 0.000949828

 Iseg, Irank, Idinc : 1, 40, 90
 Thata, Phi : 90.000000, 89.000000
 Maximun iteration: 300
 Number of recycle truncation: 30
 Final matrix dimension:  36708
 Residual error:0.001000
 0  6.141497e-01
 1  3.504384e-01
 2  2.244584e-01
 3  1.522187e-01
 4  1.084118e-01
 5  8.424800e-02
 6  6.533593e-02
 7  5.161956e-02
 8  4.164474e-02
 9  3.404110e-02
 10  2.684433e-02
 11  2.079083e-02
 12  1.688792e-02
 13  1.395642e-02
 14  1.151803e-02
 15  9.605661e-03
 16  7.849105e-03
 17  6.702258e-03
 18  5.820749e-03
 19  5.188139e-03
 20  4.709252e-03
 21  4.365764e-03
 22  4.057380e-03
 23  3.822369e-03
 24  3.579410e-03
 25  3.405830e-03
 26  3.230476e-03
 27  3.027485e-03
 28  2.789285e-03
 29  2.502501e-03
 30  2.209682e-03
 31  1.926446e-03
 32  1.593611e-03
 33  1.324976e-03
 34  1.075569e-03
 35  8.485375e-04
 Iteration CPU time: 8 s
 CFIE residual: 0.000848537
 Last Built End in Sep 21 2025 00:06:12
 Total CPU time: 320 s
 Finished.
