 Last Built Begin in Sep 21 2025 00:06:12
 Pre-Type( Input ):           10
 Skl-Tol ( Input ):    1.0000000000000001E-005
 Wavelength in freespace: 0.03

 ################################################
 ##         Generating Required Mesh          ##
 ##         Waiting.....                      ##
 ################################################
 Subd No.      Subd Name
    1    Open-Duct_PRIME_model_meshAA1                                     
 isub,  nnode, npatch,  nedge:
    1      6118     12236     18354
 Scale Factor         >>   1.54999997E-02
 ################################################

 START TIME: 20250922   051336.230


 Informaton for IE geometry:
 number of subdomains     : 1
 maxnode,maxpatch,maxedge : 6118  12236  18354
 
 Index of Mat-Reg: 1
 Mat-Reg Number via MatFlg: 1
 Edge Number of Mat-Reg: 1, 18354

 Number of Edge on PEC: 18354
 Mat-Reg: No Dim(m) Lmax:
    1 0.239    5
 Totlmax, add1, add2:           5           6           7
 rlengmax of Global MLFMA >>   0.23900256492291666     
 Lmax of Global MLFMA >>            5
 Wavenum of Mat-Reg:
    1 1.000

 total area in sq m           =      0.0510
 total area in sq lambda      =     56.6333
 maxnode, maxpatch, maxedge           =     6118    12236    18354
 longest  edge in lambda              =      0.1556
 shortest edge in lambda              =      0.0074
 average  edge in lambda              =      0.1039
 largest  patch area in sq lambda     =      0.0082
 smallest patch area in sq lambda     =      0.0000
 ave    surface area in sq lambda     =      0.0046
 size range of the object in sq lambda =      7.6481

 #### MLFMA Info For Each Region ####
 Mat-Region =            1
 Array dimension parameters:
 maxrule=          14   maxgrid  =          64
 lmax   =           5   ncmax    =        1250
 lsmax  =          27   lsmin    =           7
 kpm    =        1462   kp0      =         102
 ntlm   =      217096   nsm      =      232158
 nkpm   =        2284   niplm    =      146176
 ngnearm=       14257   ngsndm   =       64634
 nearm  =         333   mfinestm =         119
 ###############################

 CFIE Alpha:  0.50000000000000000     

 Fill MLFMA FI for Mat-Reg:           1
 Begin filltl.f
 fill translation matrix
 Level:            2
 fill shifting matrix
 Level:            3
 fill shifting matrix
 Level:            4
 fill shifting matrix
 Level:            5
 fill shifting matrix
 translator time(s):  0.122000009    
 fill interpolation matrix
 ThetaOrder            8
 PhiOrder            8
 lsl            7
 Filling TL                  Delta_CPU=          0.55 Memory(MB)=        653.98
 Filling sndgrp              Delta_CPU=          0.00 Memory(MB)=        653.98
 Filling VFS                 Delta_CPU=          3.26 Memory(MB)=        653.98

 Fill MLFMA NI for Mat-Reg:           1
 Begin fill sparser part of Nearfield
 Begin fill denser part of Nearfield
 End fill
 Filling Amn                 Delta_CPU=         90.70 Memory(MB)=        653.98


 Now testing preconditioner with
 ipretype =           10
 method = cfie_solve_nfrasspspre_pardiso

  
 NBP>>Begin fill sparser part of Nearfield

113.9438% NBP>>Begin fill denser part of Nearfield

200.1041%
 Begin MLFMA Box-Matrix Based Spar-RAS Prec Constructor
 --- Intel MKL PARDISO --- 
 Memory for iGroup: 1 0 MB
 Total Memory For SparRAS Pre: 0 MB
 --- PARDISO PRECONDITIONER INITIALIZED --- 
 Constructing preconditioner CPU time: 4 s
 
 1101240
 Memory for Iteration:: 16.8036 MB

 Iseg, Ninc_S : 1, 181, 0

 Iseg, Skeleton Angles: 1, 40
 Iseg, Skel-Pk Mem(MB): 1, 314.35

 Iseg, Irank, Idinc : 1, 1, 42
 Thata, Phi : 90.000000, 41.000000
 Maximun iteration: 300
 Number of recycle truncation: 30
 Final matrix dimension:  36708
 Residual error:0.001000
 0  6.293179e-01
 1  3.150494e-01
 2  1.991529e-01
 3  1.286110e-01
 4  8.796489e-02
 5  6.469485e-02
 6  4.780408e-02
 7  3.674859e-02
 8  2.804308e-02
 9  2.097036e-02
 10  1.597316e-02
 11  1.244289e-02
 12  9.900037e-03
 13  8.096826e-03
 14  6.541071e-03
 15  5.135790e-03
 16  4.132829e-03
 17  3.419012e-03
 18  2.872455e-03
 19  2.460645e-03
 20  2.098378e-03
 21  1.811411e-03
 22  1.620523e-03
 23  1.482535e-03
 24  1.381193e-03
 25  1.310671e-03
 26  1.251427e-03
 27  1.204081e-03
 28  1.162653e-03
 29  1.119397e-03
 30  1.075650e-03
 31  1.033948e-03
 32  9.808009e-04
 Iteration CPU time: 7 s
 CFIE residual: 0.000980801

 Iseg, Irank, Idinc : 1, 2, 22
 Thata, Phi : 90.000000, 21.000000
 Maximun iteration: 300
 Number of recycle truncation: 30
 Final matrix dimension:  36708
 Residual error:0.001000
 0  6.202261e-01
 1  2.923417e-01
 2  1.686381e-01
 3  1.139124e-01
 4  7.966233e-02
 5  5.910800e-02
 6  4.505044e-02
 7  3.480350e-02
 8  2.778757e-02
 9  2.235120e-02
 10  1.770730e-02
 11  1.384240e-02
 12  1.113996e-02
 13  8.996616e-03
 14  7.585230e-03
 15  6.214889e-03
 16  5.055968e-03
 17  4.172262e-03
 18  3.446915e-03
 19  2.942940e-03
 20  2.433052e-03
 21  2.005263e-03
 22  1.649262e-03
 23  1.423102e-03
 24  1.238649e-03
 25  1.098688e-03
 26  9.872895e-04
 Iteration CPU time: 7 s
 CFIE residual: 0.00098729

 Iseg, Irank, Idinc : 1, 3, 109
 Thata, Phi : 90.000000, 108.000000
 Maximun iteration: 300
 Number of recycle truncation: 30
 Final matrix dimension:  36708
 Residual error:0.001000
 0  6.251746e-01
 1  3.531397e-01
 2  2.205188e-01
 3  1.520354e-01
 4  1.064137e-01
 5  8.032070e-02
 6  6.150268e-02
 7  4.764975e-02
 8  3.847718e-02
 9  3.048514e-02
 10  2.360233e-02
 11  1.869745e-02
 12  1.552612e-02
 13  1.260241e-02
 14  1.024990e-02
 15  8.334364e-03
 16  6.839245e-03
 17  5.633982e-03
 18  4.568752e-03
 19  3.795275e-03
 20  3.219582e-03
 21  2.648503e-03
 22  2.229854e-03
 23  1.961512e-03
 24  1.714390e-03
 25  1.560577e-03
 26  1.444919e-03
 27  1.364718e-03
 28  1.304781e-03
 29  1.256917e-03
 30  1.213832e-03
 31  1.164767e-03
 32  1.123437e-03
 33  1.066716e-03
 34  9.983948e-04
 Iteration CPU time: 8 s
 CFIE residual: 0.000998395

 Iseg, Irank, Idinc : 1, 4, 64
 Thata, Phi : 90.000000, 63.000000
 Maximun iteration: 300
 Number of recycle truncation: 30
 Final matrix dimension:  36708
 Residual error:0.001000
 0  6.602248e-01
 1  3.580603e-01
 2  2.232383e-01
 3  1.435687e-01
 4  1.026720e-01
 5  7.849495e-02
 6  5.915428e-02
 7  4.586152e-02
 8  3.730379e-02
 9  2.917957e-02
 10  2.265721e-02
 11  1.739987e-02
 12  1.361274e-02
 13  1.094558e-02
 14  8.816037e-03
 15  7.109245e-03
 16  5.934867e-03
 17  5.056717e-03
 18  4.299501e-03
 19  3.698355e-03
 20  3.224027e-03
 21  2.884252e-03
 22  2.623417e-03
 23  2.465854e-03
 24  2.354232e-03
 25  2.263071e-03
 26  2.168586e-03
 27  2.096782e-03
 28  2.021733e-03
 29  1.923806e-03
 30  1.803455e-03
 31  1.667038e-03
 32  1.538381e-03
 33  1.391685e-03
 34  1.225977e-03
 35  1.054306e-03
 36  8.846026e-04
 Iteration CPU time: 8 s
 CFIE residual: 0.000884603

 Iseg, Irank, Idinc : 1, 5, 147
 Thata, Phi : 90.000000, 146.000000
 Maximun iteration: 300
 Number of recycle truncation: 30
 Final matrix dimension:  36708
 Residual error:0.001000
 0  6.540329e-01
 1  3.448152e-01
 2  2.096296e-01
 3  1.416591e-01
 4  1.029475e-01
 5  7.810575e-02
 6  6.171494e-02
 7  4.794924e-02
 8  4.007176e-02
 9  3.440538e-02
 10  2.895236e-02
 11  2.441981e-02
 12  2.031731e-02
 13  1.659109e-02
 14  1.348935e-02
 15  1.083757e-02
 16  8.817293e-03
 17  7.225796e-03
 18  5.879818e-03
 19  4.762194e-03
 20  3.774012e-03
 21  3.064705e-03
 22  2.508967e-03
 23  2.098823e-03
 24  1.766310e-03
 25  1.475138e-03
 26  1.249800e-03
 27  1.108253e-03
 28  1.004416e-03
 29  9.324450e-04
 Iteration CPU time: 7 s
 CFIE residual: 0.000932445

 Iseg, Irank, Idinc : 1, 6, 136
 Thata, Phi : 90.000000, 135.000000
 Maximun iteration: 300
 Number of recycle truncation: 30
 Final matrix dimension:  36708
 Residual error:0.001000
 0  6.992625e-01
 1  3.549268e-01
 2  2.215507e-01
 3  1.503131e-01
 4  1.091790e-01
 5  8.213123e-02
 6  6.267691e-02
 7  4.923026e-02
 8  3.938743e-02
 9  3.155587e-02
 10  2.590377e-02
 11  2.077952e-02
 12  1.685197e-02
 13  1.371908e-02
 14  1.092879e-02
 15  8.930794e-03
 16  7.256353e-03
 17  5.795101e-03
 18  4.817018e-03
 19  3.866277e-03
 20  3.217142e-03
 21  2.689227e-03
 22  2.284204e-03
 23  1.992584e-03
 24  1.756462e-03
 25  1.588416e-03
 26  1.433321e-03
 27  1.319595e-03
 28  1.234552e-03
 29  1.161664e-03
 30  1.105288e-03
 31  1.061756e-03
 32  1.011873e-03
 33  9.699782e-04
 Iteration CPU time: 7 s
 CFIE residual: 0.000969978

 Iseg, Irank, Idinc : 1, 7, 87
 Thata, Phi : 90.000000, 86.000000
 Maximun iteration: 300
 Number of recycle truncation: 30
 Final matrix dimension:  36708
 Residual error:0.001000
 0  6.129781e-01
 1  3.482672e-01
 2  2.237013e-01
 3  1.530284e-01
 4  1.104244e-01
 5  8.459417e-02
 6  6.493034e-02
 7  5.120686e-02
 8  4.159450e-02
 9  3.349684e-02
 10  2.608706e-02
 11  2.014963e-02
 12  1.644736e-02
 13  1.352669e-02
 14  1.096647e-02
 15  8.868088e-03
 16  7.160737e-03
 17  5.962965e-03
 18  4.997329e-03
 19  4.250765e-03
 20  3.744422e-03
 21  3.328321e-03
 22  3.027431e-03
 23  2.776708e-03
 24  2.593134e-03
 25  2.455317e-03
 26  2.342881e-03
 27  2.229390e-03
 28  2.161208e-03
 29  2.082634e-03
 30  1.997307e-03
 31  1.899903e-03
 32  1.789775e-03
 33  1.680147e-03
 34  1.541114e-03
 35  1.383628e-03
 36  1.195821e-03
 37  1.025149e-03
 38  8.507506e-04
 Iteration CPU time: 8 s
 CFIE residual: 0.000850751

 Iseg, Irank, Idinc : 1, 8, 74
 Thata, Phi : 90.000000, 73.000000
 Maximun iteration: 300
 Number of recycle truncation: 30
 Final matrix dimension:  36708
 Residual error:0.001000
 0  6.357213e-01
 1  3.628640e-01
 2  2.357339e-01
 3  1.477284e-01
 4  1.031639e-01
 5  7.858406e-02
 6  6.169022e-02
 7  4.729045e-02
 8  3.816950e-02
 9  3.044792e-02
 10  2.394581e-02
 11  1.908666e-02
 12  1.554612e-02
 13  1.262214e-02
 14  1.037553e-02
 15  8.420345e-03
 16  6.944002e-03
 17  5.878547e-03
 18  5.021318e-03
 19  4.376819e-03
 20  3.804013e-03
 21  3.368388e-03
 22  3.055995e-03
 23  2.831240e-03
 24  2.679525e-03
 25  2.560640e-03
 26  2.453968e-03
 27  2.344920e-03
 28  2.262778e-03
 29  2.184574e-03
 30  2.093550e-03
 31  1.974605e-03
 32  1.849331e-03
 33  1.684991e-03
 34  1.503213e-03
 35  1.311427e-03
 36  1.084361e-03
 37  8.762677e-04
 Iteration CPU time: 9 s
 CFIE residual: 0.000876268

 Iseg, Irank, Idinc : 1, 9, 159
 Thata, Phi : 90.000000, 158.000000
 Maximun iteration: 300
 Number of recycle truncation: 30
 Final matrix dimension:  36708
 Residual error:0.001000
 0  6.145481e-01
 1  3.142889e-01
 2  1.916812e-01
 3  1.294746e-01
 4  9.864799e-02
 5  7.826245e-02
 6  6.311774e-02
 7  5.096960e-02
 8  4.347386e-02
 9  3.722119e-02
 10  3.143668e-02
 11  2.605776e-02
 12  2.232984e-02
 13  1.830725e-02
 14  1.489234e-02
 15  1.218480e-02
 16  1.001225e-02
 17  8.135695e-03
 18  6.760572e-03
 19  5.309527e-03
 20  4.316611e-03
 21  3.506753e-03
 22  2.921163e-03
 23  2.379550e-03
 24  1.964124e-03
 25  1.614193e-03
 26  1.383948e-03
 27  1.179472e-03
 28  1.056586e-03
 29  9.606126e-04
 Iteration CPU time: 7 s
 CFIE residual: 0.000960613

 Iseg, Irank, Idinc : 1, 10, 123
 Thata, Phi : 90.000000, 122.000000
 Maximun iteration: 300
 Number of recycle truncation: 30
 Final matrix dimension:  36708
 Residual error:0.001000
 0  6.516627e-01
 1  3.411396e-01
 2  2.228880e-01
 3  1.561538e-01
 4  1.115124e-01
 5  8.289951e-02
 6  6.488973e-02
 7  5.054630e-02
 8  3.917338e-02
 9  3.074077e-02
 10  2.459731e-02
 11  1.942191e-02
 12  1.539140e-02
 13  1.224779e-02
 14  1.007199e-02
 15  8.301242e-03
 16  7.020771e-03
 17  5.849973e-03
 18  4.741143e-03
 19  4.106363e-03
 20  3.495719e-03
 21  2.979192e-03
 22  2.577293e-03
 23  2.309285e-03
 24  2.061040e-03
 25  1.867235e-03
 26  1.700366e-03
 27  1.593484e-03
 28  1.508447e-03
 29  1.438716e-03
 30  1.388933e-03
 31  1.335672e-03
 32  1.287296e-03
 33  1.236084e-03
 34  1.180152e-03
 35  1.121053e-03
 36  1.061909e-03
 37  9.745351e-04
 Iteration CPU time: 8 s
 CFIE residual: 0.000974535

 Iseg, Irank, Idinc : 1, 11, 53
 Thata, Phi : 90.000000, 52.000000
 Maximun iteration: 300
 Number of recycle truncation: 30
 Final matrix dimension:  36708
 Residual error:0.001000
 0  6.513328e-01
 1  3.405062e-01
 2  2.088638e-01
 3  1.346452e-01
 4  9.634455e-02
 5  7.198096e-02
 6  5.488163e-02
 7  4.286647e-02
 8  3.271497e-02
 9  2.455896e-02
 10  1.901373e-02
 11  1.458579e-02
 12  1.148016e-02
 13  9.114085e-03
 14  7.542554e-03
 15  6.210366e-03
 16  5.023839e-03
 17  4.072855e-03
 18  3.384544e-03
 19  2.868474e-03
 20  2.500379e-03
 21  2.226405e-03
 22  2.044319e-03
 23  1.910108e-03
 24  1.827615e-03
 25  1.759840e-03
 26  1.689080e-03
 27  1.615877e-03
 28  1.543998e-03
 29  1.483368e-03
 30  1.417612e-03
 31  1.332647e-03
 32  1.229744e-03
 33  1.134788e-03
 34  1.025731e-03
 35  9.138876e-04
 Iteration CPU time: 8 s
 CFIE residual: 0.000913888

 Iseg, Irank, Idinc : 1, 12, 32
 Thata, Phi : 90.000000, 31.000000
 Maximun iteration: 300
 Number of recycle truncation: 30
 Final matrix dimension:  36708
 Residual error:0.001000
 0  6.321235e-01
 1  3.058672e-01
 2  1.804852e-01
 3  1.135135e-01
 4  7.998258e-02
 5  5.885697e-02
 6  4.289494e-02
 7  3.244963e-02
 8  2.565697e-02
 9  2.025070e-02
 10  1.611341e-02
 11  1.293510e-02
 12  1.046690e-02
 13  8.383910e-03
 14  6.821402e-03
 15  5.473821e-03
 16  4.489918e-03
 17  3.685523e-03
 18  3.064939e-03
 19  2.619699e-03
 20  2.204336e-03
 21  1.846875e-03
 22  1.580180e-03
 23  1.385414e-03
 24  1.241037e-03
 25  1.118423e-03
 26  1.020049e-03
 27  9.498731e-04
 Iteration CPU time: 7 s
 CFIE residual: 0.000949873

 Iseg, Irank, Idinc : 1, 13, 10
 Thata, Phi : 90.000000, 9.000000
 Maximun iteration: 300
 Number of recycle truncation: 30
 Final matrix dimension:  36708
 Residual error:0.001000
 0  5.429602e-01
 1  2.758704e-01
 2  1.743174e-01
 3  1.234021e-01
 4  8.884166e-02
 5  6.628547e-02
 6  5.123520e-02
 7  3.959845e-02
 8  3.111483e-02
 9  2.430987e-02
 10  1.865796e-02
 11  1.486465e-02
 12  1.197424e-02
 13  9.814896e-03
 14  7.820952e-03
 15  6.182567e-03
 16  5.020695e-03
 17  4.234797e-03
 18  3.545571e-03
 19  3.035579e-03
 20  2.560647e-03
 21  2.181302e-03
 22  1.816625e-03
 23  1.573590e-03
 24  1.347793e-03
 25  1.183981e-03
 26  1.040951e-03
 27  9.373163e-04
 Iteration CPU time: 6 s
 CFIE residual: 0.000937316

 Iseg, Irank, Idinc : 1, 14, 178
 Thata, Phi : 90.000000, 177.000000
 Maximun iteration: 300
 Number of recycle truncation: 30
 Final matrix dimension:  36708
 Residual error:0.001000
 0  5.716759e-01
 1  2.991003e-01
 2  1.891286e-01
 3  1.328844e-01
 4  1.036656e-01
 5  8.046140e-02
 6  6.457123e-02
 7  5.481755e-02
 8  4.500330e-02
 9  3.550955e-02
 10  2.805766e-02
 11  2.285683e-02
 12  1.867283e-02
 13  1.510548e-02
 14  1.232285e-02
 15  9.641326e-03
 16  7.737857e-03
 17  6.186542e-03
 18  5.031064e-03
 19  4.115178e-03
 20  3.380731e-03
 21  2.797186e-03
 22  2.298438e-03
 23  1.924142e-03
 24  1.634433e-03
 25  1.348873e-03
 26  1.096450e-03
 27  9.002150e-04
 Iteration CPU time: 7 s
 CFIE residual: 0.000900215

 Iseg, Irank, Idinc : 1, 15, 96
 Thata, Phi : 90.000000, 95.000000
 Maximun iteration: 300
 Number of recycle truncation: 30
 Final matrix dimension:  36708
 Residual error:0.001000
 0  6.095030e-01
 1  3.472047e-01
 2  2.189267e-01
 3  1.459631e-01
 4  1.046865e-01
 5  8.015221e-02
 6  6.199514e-02
 7  4.957889e-02
 8  3.928909e-02
 9  3.110711e-02
 10  2.504832e-02
 11  2.003581e-02
 12  1.656616e-02
 13  1.359259e-02
 14  1.093982e-02
 15  9.037272e-03
 16  7.308255e-03
 17  6.093920e-03
 18  5.014880e-03
 19  4.197899e-03
 20  3.574556e-03
 21  3.051954e-03
 22  2.714785e-03
 23  2.441711e-03
 24  2.249511e-03
 25  2.095238e-03
 26  1.992386e-03
 27  1.909129e-03
 28  1.842560e-03
 29  1.780614e-03
 30  1.710770e-03
 31  1.629716e-03
 32  1.555148e-03
 33  1.459232e-03
 34  1.359512e-03
 35  1.237602e-03
 36  1.106819e-03
 37  9.607829e-04
 Iteration CPU time: 8 s
 CFIE residual: 0.000960783

 Iseg, Irank, Idinc : 1, 16, 116
 Thata, Phi : 90.000000, 115.000000
 Maximun iteration: 300
 Number of recycle truncation: 30
 Final matrix dimension:  36708
 Residual error:0.001000
 0  6.442779e-01
 1  3.477159e-01
 2  2.179955e-01
 3  1.526450e-01
 4  1.089534e-01
 5  7.988745e-02
 6  6.123455e-02
 7  4.771366e-02
 8  3.844186e-02
 9  2.987607e-02
 10  2.340246e-02
 11  1.836505e-02
 12  1.482671e-02
 13  1.220390e-02
 14  9.766749e-03
 15  7.989369e-03
 16  6.646206e-03
 17  5.466692e-03
 18  4.480785e-03
 19  3.853869e-03
 20  3.251283e-03
 21  2.758700e-03
 22  2.367005e-03
 23  2.085692e-03
 24  1.832753e-03
 25  1.658734e-03
 26  1.530829e-03
 27  1.439716e-03
 28  1.374891e-03
 29  1.315466e-03
 30  1.270412e-03
 31  1.228303e-03
 32  1.180036e-03
 33  1.117047e-03
 34  1.046073e-03
 35  9.617907e-04
 Iteration CPU time: 8 s
 CFIE residual: 0.000961791

 Iseg, Irank, Idinc : 1, 17, 80
 Thata, Phi : 90.000000, 79.000000
 Maximun iteration: 300
 Number of recycle truncation: 30
 Final matrix dimension:  36708
 Residual error:0.001000
 0  6.190586e-01
 1  3.540026e-01
 2  2.285395e-01
 3  1.483795e-01
 4  1.072311e-01
 5  8.200707e-02
 6  6.330499e-02
 7  4.976325e-02
 8  3.962110e-02
 9  3.227165e-02
 10  2.497282e-02
 11  1.915165e-02
 12  1.538606e-02
 13  1.270444e-02
 14  1.039738e-02
 15  8.633147e-03
 16  7.235319e-03
 17  5.958026e-03
 18  5.015224e-03
 19  4.299538e-03
 20  3.747660e-03
 21  3.341274e-03
 22  3.041237e-03
 23  2.822477e-03
 24  2.662224e-03
 25  2.529849e-03
 26  2.411712e-03
 27  2.301823e-03
 28  2.234801e-03
 29  2.162337e-03
 30  2.084177e-03
 31  1.980757e-03
 32  1.874971e-03
 33  1.740581e-03
 34  1.585369e-03
 35  1.417574e-03
 36  1.214129e-03
 37  1.041906e-03
 38  8.689816e-04
 Iteration CPU time: 9 s
 CFIE residual: 0.000868982

 Iseg, Irank, Idinc : 1, 18, 1
 Thata, Phi : 90.000000, 0.000000
 Maximun iteration: 300
 Number of recycle truncation: 30
 Final matrix dimension:  36708
 Residual error:0.001000
 0  5.135715e-01
 1  2.694215e-01
 2  1.746537e-01
 3  1.215795e-01
 4  8.610216e-02
 5  6.557768e-02
 6  5.137251e-02
 7  3.836014e-02
 8  2.909093e-02
 9  2.321924e-02
 10  1.779543e-02
 11  1.453181e-02
 12  1.143241e-02
 13  8.987863e-03
 14  7.177572e-03
 15  5.733803e-03
 16  4.678634e-03
 17  3.879526e-03
 18  3.241049e-03
 19  2.771753e-03
 20  2.369343e-03
 21  2.021852e-03
 22  1.719591e-03
 23  1.425124e-03
 24  1.156699e-03
 25  9.537423e-04
 Iteration CPU time: 6 s
 CFIE residual: 0.000953742

 Iseg, Irank, Idinc : 1, 19, 167
 Thata, Phi : 90.000000, 166.000000
 Maximun iteration: 300
 Number of recycle truncation: 30
 Final matrix dimension:  36708
 Residual error:0.001000
 0  5.860554e-01
 1  3.017364e-01
 2  1.877394e-01
 3  1.317435e-01
 4  1.029883e-01
 5  8.107653e-02
 6  6.662478e-02
 7  5.468864e-02
 8  4.555580e-02
 9  3.813409e-02
 10  3.244293e-02
 11  2.734363e-02
 12  2.309713e-02
 13  1.897410e-02
 14  1.592068e-02
 15  1.301107e-02
 16  1.070280e-02
 17  8.664789e-03
 18  6.977158e-03
 19  5.681697e-03
 20  4.599294e-03
 21  3.678189e-03
 22  3.033178e-03
 23  2.514849e-03
 24  2.035772e-03
 25  1.634083e-03
 26  1.342543e-03
 27  1.099840e-03
 28  9.346438e-04
 Iteration CPU time: 7 s
 CFIE residual: 0.000934644

 Iseg, Irank, Idinc : 1, 20, 102
 Thata, Phi : 90.000000, 101.000000
 Maximun iteration: 300
 Number of recycle truncation: 30
 Final matrix dimension:  36708
 Residual error:0.001000
 0  6.111178e-01
 1  3.477581e-01
 2  2.177402e-01
 3  1.480760e-01
 4  1.043428e-01
 5  7.841517e-02
 6  6.021527e-02
 7  4.734028e-02
 8  3.764565e-02
 9  3.073816e-02
 10  2.500725e-02
 11  2.006012e-02
 12  1.616479e-02
 13  1.333124e-02
 14  1.088755e-02
 15  8.795869e-03
 16  7.239122e-03
 17  5.998238e-03
 18  4.883390e-03
 19  4.072209e-03
 20  3.478477e-03
 21  2.923490e-03
 22  2.511387e-03
 23  2.207189e-03
 24  1.980103e-03
 25  1.831592e-03
 26  1.713548e-03
 27  1.634592e-03
 28  1.572655e-03
 29  1.515842e-03
 30  1.462563e-03
 31  1.399467e-03
 32  1.346093e-03
 33  1.273916e-03
 34  1.183904e-03
 35  1.077701e-03
 36  9.608257e-04
 Iteration CPU time: 8 s
 CFIE residual: 0.000960826

 Iseg, Irank, Idinc : 1, 21, 153
 Thata, Phi : 90.000000, 152.000000
 Maximun iteration: 300
 Number of recycle truncation: 30
 Final matrix dimension:  36708
 Residual error:0.001000
 0  6.341805e-01
 1  3.294501e-01
 2  2.021032e-01
 3  1.345010e-01
 4  1.000357e-01
 5  7.786928e-02
 6  6.165940e-02
 7  4.880669e-02
 8  4.105043e-02
 9  3.505507e-02
 10  2.977965e-02
 11  2.448388e-02
 12  2.061411e-02
 13  1.699938e-02
 14  1.386586e-02
 15  1.124528e-02
 16  9.265046e-03
 17  7.457210e-03
 18  6.197180e-03
 19  4.968764e-03
 20  4.032899e-03
 21  3.297599e-03
 22  2.747742e-03
 23  2.275452e-03
 24  1.899070e-03
 25  1.579384e-03
 26  1.356700e-03
 27  1.182150e-03
 28  1.065063e-03
 29  9.868094e-04
 Iteration CPU time: 7 s
 CFIE residual: 0.000986809

 Iseg, Irank, Idinc : 1, 22, 16
 Thata, Phi : 90.000000, 15.000000
 Maximun iteration: 300
 Number of recycle truncation: 30
 Final matrix dimension:  36708
 Residual error:0.001000
 0  5.817601e-01
 1  2.837446e-01
 2  1.727590e-01
 3  1.201526e-01
 4  8.506199e-02
 5  6.355376e-02
 6  5.014298e-02
 7  3.857384e-02
 8  3.012423e-02
 9  2.406140e-02
 10  1.926771e-02
 11  1.512891e-02
 12  1.173253e-02
 13  9.399646e-03
 14  7.757785e-03
 15  6.304957e-03
 16  5.161318e-03
 17  4.279540e-03
 18  3.566182e-03
 19  3.016473e-03
 20  2.494203e-03
 21  2.068581e-03
 22  1.710998e-03
 23  1.482561e-03
 24  1.279919e-03
 25  1.133015e-03
 26  1.005189e-03
 27  9.150796e-04
 Iteration CPU time: 6 s
 CFIE residual: 0.00091508

 Iseg, Irank, Idinc : 1, 23, 181
 Thata, Phi : 90.000000, 180.000000
 Maximun iteration: 300
 Number of recycle truncation: 30
 Final matrix dimension:  36708
 Residual error:0.001000
 0  5.709936e-01
 1  2.990668e-01
 2  1.890005e-01
 3  1.326125e-01
 4  1.031945e-01
 5  7.962189e-02
 6  6.387884e-02
 7  5.424651e-02
 8  4.440489e-02
 9  3.489504e-02
 10  2.739406e-02
 11  2.153594e-02
 12  1.770465e-02
 13  1.381753e-02
 14  1.124734e-02
 15  8.624386e-03
 16  6.596823e-03
 17  5.359193e-03
 18  4.367167e-03
 19  3.521889e-03
 20  2.890539e-03
 21  2.397827e-03
 22  1.977361e-03
 23  1.615630e-03
 24  1.351465e-03
 25  1.112077e-03
 26  9.093381e-04
 Iteration CPU time: 6 s
 CFIE residual: 0.000909338

 Iseg, Irank, Idinc : 1, 24, 130
 Thata, Phi : 90.000000, 129.000000
 Maximun iteration: 300
 Number of recycle truncation: 30
 Final matrix dimension:  36708
 Residual error:0.001000
 0  6.742257e-01
 1  3.528675e-01
 2  2.267203e-01
 3  1.548584e-01
 4  1.111228e-01
 5  8.398730e-02
 6  6.426032e-02
 7  5.015169e-02
 8  3.944376e-02
 9  3.163823e-02
 10  2.539382e-02
 11  1.977377e-02
 12  1.548710e-02
 13  1.267697e-02
 14  1.050983e-02
 15  8.483050e-03
 16  6.793168e-03
 17  5.470083e-03
 18  4.519232e-03
 19  3.812911e-03
 20  3.207180e-03
 21  2.723371e-03
 22  2.353078e-03
 23  2.089435e-03
 24  1.885736e-03
 25  1.736678e-03
 26  1.578557e-03
 27  1.465029e-03
 28  1.384245e-03
 29  1.327017e-03
 30  1.273355e-03
 31  1.226071e-03
 32  1.169017e-03
 33  1.128831e-03
 34  1.082055e-03
 35  1.037472e-03
 36  9.841677e-04
 Iteration CPU time: 8 s
 CFIE residual: 0.000984168

 Iseg, Irank, Idinc : 1, 25, 58
 Thata, Phi : 90.000000, 57.000000
 Maximun iteration: 300
 Number of recycle truncation: 30
 Final matrix dimension:  36708
 Residual error:0.001000
 0  6.608179e-01
 1  3.455453e-01
 2  2.129617e-01
 3  1.338892e-01
 4  9.553696e-02
 5  7.099075e-02
 6  5.450147e-02
 7  4.252371e-02
 8  3.372343e-02
 9  2.589703e-02
 10  1.954104e-02
 11  1.518411e-02
 12  1.204245e-02
 13  9.327515e-03
 14  7.603869e-03
 15  6.073002e-03
 16  5.069699e-03
 17  4.170761e-03
 18  3.522185e-03
 19  3.071274e-03
 20  2.707626e-03
 21  2.454413e-03
 22  2.265829e-03
 23  2.117055e-03
 24  2.012140e-03
 25  1.935618e-03
 26  1.858196e-03
 27  1.785950e-03
 28  1.722237e-03
 29  1.651529e-03
 30  1.570455e-03
 31  1.456597e-03
 32  1.334962e-03
 33  1.217303e-03
 34  1.092130e-03
 35  9.496957e-04
 Iteration CPU time: 8 s
 CFIE residual: 0.000949696

 Iseg, Irank, Idinc : 1, 26, 5
 Thata, Phi : 90.000000, 4.000000
 Maximun iteration: 300
 Number of recycle truncation: 30
 Final matrix dimension:  36708
 Residual error:0.001000
 0  5.200496e-01
 1  2.709249e-01
 2  1.744285e-01
 3  1.220804e-01
 4  8.717271e-02
 5  6.596025e-02
 6  5.090094e-02
 7  3.810887e-02
 8  2.904302e-02
 9  2.349898e-02
 10  1.848940e-02
 11  1.482594e-02
 12  1.164146e-02
 13  9.537476e-03
 14  7.679358e-03
 15  6.160319e-03
 16  5.024086e-03
 17  4.182123e-03
 18  3.477486e-03
 19  3.009544e-03
 20  2.575999e-03
 21  2.220613e-03
 22  1.856697e-03
 23  1.577981e-03
 24  1.337884e-03
 25  1.140662e-03
 26  9.688334e-04
 Iteration CPU time: 6 s
 CFIE residual: 0.000968833

 Iseg, Irank, Idinc : 1, 27, 172
 Thata, Phi : 90.000000, 171.000000
 Maximun iteration: 300
 Number of recycle truncation: 30
 Final matrix dimension:  36708
 Residual error:0.001000
 0  5.765893e-01
 1  2.995157e-01
 2  1.892694e-01
 3  1.335559e-01
 4  1.048359e-01
 5  8.222322e-02
 6  6.658349e-02
 7  5.603342e-02
 8  4.644034e-02
 9  3.799752e-02
 10  3.128047e-02
 11  2.644875e-02
 12  2.207173e-02
 13  1.848986e-02
 14  1.514678e-02
 15  1.245486e-02
 16  1.036396e-02
 17  8.244521e-03
 18  6.643552e-03
 19  5.327029e-03
 20  4.273540e-03
 21  3.468296e-03
 22  2.881761e-03
 23  2.432288e-03
 24  2.008264e-03
 25  1.608352e-03
 26  1.324988e-03
 27  1.078121e-03
 28  9.040331e-04
 Iteration CPU time: 7 s
 CFIE residual: 0.000904033

 Iseg, Irank, Idinc : 1, 28, 37
 Thata, Phi : 90.000000, 36.000000
 Maximun iteration: 300
 Number of recycle truncation: 30
 Final matrix dimension:  36708
 Residual error:0.001000
 0  6.229110e-01
 1  3.117604e-01
 2  1.917879e-01
 3  1.215538e-01
 4  8.324314e-02
 5  6.128905e-02
 6  4.442547e-02
 7  3.393336e-02
 8  2.633634e-02
 9  2.031367e-02
 10  1.583368e-02
 11  1.253550e-02
 12  1.011458e-02
 13  8.184741e-03
 14  6.643294e-03
 15  5.175909e-03
 16  4.230343e-03
 17  3.486450e-03
 18  2.901500e-03
 19  2.449796e-03
 20  2.079538e-03
 21  1.774972e-03
 22  1.550543e-03
 23  1.390800e-03
 24  1.268508e-03
 25  1.175051e-03
 26  1.095884e-03
 27  1.041188e-03
 28  1.002604e-03
 29  9.646949e-04
 Iteration CPU time: 7 s
 CFIE residual: 0.000964695

 Iseg, Irank, Idinc : 1, 29, 91
 Thata, Phi : 90.000000, 90.000000
 Maximun iteration: 300
 Number of recycle truncation: 30
 Final matrix dimension:  36708
 Residual error:0.001000
 0  6.103331e-01
 1  3.486363e-01
 2  2.220580e-01
 3  1.505457e-01
 4  1.072396e-01
 5  8.310673e-02
 6  6.427166e-02
 7  5.078292e-02
 8  4.123710e-02
 9  3.317515e-02
 10  2.618096e-02
 11  2.038893e-02
 12  1.698242e-02
 13  1.408635e-02
 14  1.152831e-02
 15  9.327802e-03
 16  7.524485e-03
 17  6.172144e-03
 18  5.155608e-03
 19  4.325901e-03
 20  3.760417e-03
 21  3.311061e-03
 22  2.972504e-03
 23  2.689797e-03
 24  2.498140e-03
 25  2.343830e-03
 26  2.227361e-03
 27  2.129580e-03
 28  2.064892e-03
 29  1.993488e-03
 30  1.915727e-03
 31  1.823627e-03
 32  1.730777e-03
 33  1.635756e-03
 34  1.514560e-03
 35  1.376518e-03
 36  1.205248e-03
 37  1.019425e-03
 38  8.500200e-04
 Iteration CPU time: 8 s
 CFIE residual: 0.00085002

 Iseg, Irank, Idinc : 1, 30, 142
 Thata, Phi : 90.000000, 141.000000
 Maximun iteration: 300
 Number of recycle truncation: 30
 Final matrix dimension:  36708
 Residual error:0.001000
 0  6.823738e-01
 1  3.503574e-01
 2  2.120660e-01
 3  1.447337e-01
 4  1.060012e-01
 5  7.941286e-02
 6  6.164076e-02
 7  4.832094e-02
 8  3.973654e-02
 9  3.359363e-02
 10  2.778685e-02
 11  2.308982e-02
 12  1.946327e-02
 13  1.588288e-02
 14  1.277996e-02
 15  1.028212e-02
 16  8.255136e-03
 17  6.748135e-03
 18  5.482872e-03
 19  4.359051e-03
 20  3.502727e-03
 21  2.808386e-03
 22  2.347625e-03
 23  2.001072e-03
 24  1.704438e-03
 25  1.479928e-03
 26  1.287611e-03
 27  1.165942e-03
 28  1.074765e-03
 29  9.987641e-04
 Iteration CPU time: 6 s
 CFIE residual: 0.000998764

 Iseg, Irank, Idinc : 1, 31, 27
 Thata, Phi : 90.000000, 26.000000
 Maximun iteration: 300
 Number of recycle truncation: 30
 Final matrix dimension:  36708
 Residual error:0.001000
 0  6.369629e-01
 1  2.989112e-01
 2  1.704379e-01
 3  1.106052e-01
 4  7.730497e-02
 5  5.698295e-02
 6  4.213431e-02
 7  3.176366e-02
 8  2.552591e-02
 9  2.084916e-02
 10  1.676584e-02
 11  1.337878e-02
 12  1.092117e-02
 13  9.000748e-03
 14  7.349541e-03
 15  6.024199e-03
 16  4.901266e-03
 17  4.034023e-03
 18  3.388316e-03
 19  2.900291e-03
 20  2.383753e-03
 21  1.967396e-03
 22  1.633453e-03
 23  1.405687e-03
 24  1.239576e-03
 25  1.099872e-03
 26  9.910503e-04
 Iteration CPU time: 6 s
 CFIE residual: 0.00099105

 Iseg, Irank, Idinc : 1, 32, 69
 Thata, Phi : 90.000000, 68.000000
 Maximun iteration: 300
 Number of recycle truncation: 30
 Final matrix dimension:  36708
 Residual error:0.001000
 0  6.507375e-01
 1  3.654685e-01
 2  2.331527e-01
 3  1.493056e-01
 4  1.067519e-01
 5  8.161849e-02
 6  6.190500e-02
 7  4.851419e-02
 8  4.006855e-02
 9  3.138491e-02
 10  2.450242e-02
 11  1.889719e-02
 12  1.514983e-02
 13  1.229294e-02
 14  1.003463e-02
 15  8.106126e-03
 16  6.637491e-03
 17  5.701581e-03
 18  4.859300e-03
 19  4.198000e-03
 20  3.623608e-03
 21  3.232881e-03
 22  2.932147e-03
 23  2.752033e-03
 24  2.610291e-03
 25  2.507768e-03
 26  2.407635e-03
 27  2.318344e-03
 28  2.230257e-03
 29  2.129983e-03
 30  2.002863e-03
 31  1.882776e-03
 32  1.749202e-03
 33  1.592670e-03
 34  1.416935e-03
 35  1.216302e-03
 36  1.034985e-03
 37  8.711649e-04
 Iteration CPU time: 8 s
 CFIE residual: 0.000871165

 Iseg, Irank, Idinc : 1, 33, 175
 Thata, Phi : 90.000000, 174.000000
 Maximun iteration: 300
 Number of recycle truncation: 30
 Final matrix dimension:  36708
 Residual error:0.001000
 0  5.735289e-01
 1  2.992013e-01
 2  1.893649e-01
 3  1.334106e-01
 4  1.045013e-01
 5  8.170230e-02
 6  6.569292e-02
 7  5.561722e-02
 8  4.587238e-02
 9  3.678776e-02
 10  2.963377e-02
 11  2.485854e-02
 12  2.040698e-02
 13  1.695279e-02
 14  1.388966e-02
 15  1.138339e-02
 16  9.336266e-03
 17  7.435355e-03
 18  6.038065e-03
 19  4.823829e-03
 20  3.885041e-03
 21  3.186405e-03
 22  2.641729e-03
 23  2.241747e-03
 24  1.880441e-03
 25  1.522419e-03
 26  1.251835e-03
 27  1.023356e-03
 28  8.583007e-04
 Iteration CPU time: 7 s
 CFIE residual: 0.000858301

 Iseg, Irank, Idinc : 1, 34, 3
 Thata, Phi : 90.000000, 2.000000
 Maximun iteration: 300
 Number of recycle truncation: 30
 Final matrix dimension:  36708
 Residual error:0.001000
 0  5.152350e-01
 1  2.698147e-01
 2  1.745887e-01
 3  1.217002e-01
 4  8.638877e-02
 5  6.569533e-02
 6  5.122533e-02
 7  3.825439e-02
 8  2.900723e-02
 9  2.330741e-02
 10  1.809997e-02
 11  1.470190e-02
 12  1.155159e-02
 13  9.308734e-03
 14  7.451020e-03
 15  6.005421e-03
 16  4.947405e-03
 17  4.103338e-03
 18  3.419400e-03
 19  2.938322e-03
 20  2.533859e-03
 21  2.183715e-03
 22  1.838374e-03
 23  1.554711e-03
 24  1.309593e-03
 25  1.105390e-03
 26  9.228989e-04
 Iteration CPU time: 6 s
 CFIE residual: 0.000922899

 Iseg, Irank, Idinc : 1, 35, 163
 Thata, Phi : 90.000000, 162.000000
 Maximun iteration: 300
 Number of recycle truncation: 30
 Final matrix dimension:  36708
 Residual error:0.001000
 0  5.989552e-01
 1  3.066141e-01
 2  1.876065e-01
 3  1.295728e-01
 4  1.001967e-01
 5  7.961530e-02
 6  6.525010e-02
 7  5.270797e-02
 8  4.444625e-02
 9  3.813851e-02
 10  3.251302e-02
 11  2.711257e-02
 12  2.306004e-02
 13  1.887656e-02
 14  1.586889e-02
 15  1.293078e-02
 16  1.058815e-02
 17  8.578216e-03
 18  6.958745e-03
 19  5.602206e-03
 20  4.503463e-03
 21  3.634440e-03
 22  2.985666e-03
 23  2.445164e-03
 24  2.012234e-03
 25  1.644245e-03
 26  1.366610e-03
 27  1.147767e-03
 28  9.996212e-04
 Iteration CPU time: 7 s
 CFIE residual: 0.000999621

 Iseg, Irank, Idinc : 1, 36, 47
 Thata, Phi : 90.000000, 46.000000
 Maximun iteration: 300
 Number of recycle truncation: 30
 Final matrix dimension:  36708
 Residual error:0.001000
 0  6.378573e-01
 1  3.260005e-01
 2  2.032884e-01
 3  1.330640e-01
 4  9.461310e-02
 5  7.157977e-02
 6  5.336299e-02
 7  4.091207e-02
 8  3.140098e-02
 9  2.384055e-02
 10  1.809747e-02
 11  1.375705e-02
 12  1.075511e-02
 13  8.613361e-03
 14  7.117152e-03
 15  5.748709e-03
 16  4.584919e-03
 17  3.795163e-03
 18  3.152124e-03
 19  2.649899e-03
 20  2.281629e-03
 21  2.013120e-03
 22  1.828489e-03
 23  1.687809e-03
 24  1.607168e-03
 25  1.539739e-03
 26  1.483719e-03
 27  1.428276e-03
 28  1.368926e-03
 29  1.309602e-03
 30  1.253163e-03
 31  1.191827e-03
 32  1.130262e-03
 33  1.060729e-03
 34  9.820957e-04
 Iteration CPU time: 7 s
 CFIE residual: 0.000982096

 Iseg, Irank, Idinc : 1, 37, 113
 Thata, Phi : 90.000000, 112.000000
 Maximun iteration: 300
 Number of recycle truncation: 30
 Final matrix dimension:  36708
 Residual error:0.001000
 0  6.382509e-01
 1  3.512695e-01
 2  2.191592e-01
 3  1.528856e-01
 4  1.083924e-01
 5  8.034391e-02
 6  6.106589e-02
 7  4.746114e-02
 8  3.843834e-02
 9  2.963789e-02
 10  2.316513e-02
 11  1.827150e-02
 12  1.505344e-02
 13  1.246291e-02
 14  1.024830e-02
 15  8.332141e-03
 16  6.829009e-03
 17  5.604102e-03
 18  4.554587e-03
 19  3.851535e-03
 20  3.227033e-03
 21  2.693418e-03
 22  2.283528e-03
 23  1.999246e-03
 24  1.744733e-03
 25  1.571082e-03
 26  1.452440e-03
 27  1.367461e-03
 28  1.304995e-03
 29  1.253085e-03
 30  1.209197e-03
 31  1.169516e-03
 32  1.124533e-03
 33  1.060515e-03
 34  9.888452e-04
 Iteration CPU time: 7 s
 CFIE residual: 0.000988845

 Iseg, Irank, Idinc : 1, 38, 180
 Thata, Phi : 90.000000, 179.000000
 Maximun iteration: 300
 Number of recycle truncation: 30
 Final matrix dimension:  36708
 Residual error:0.001000
 0  5.710820e-01
 1  2.990728e-01
 2  1.890167e-01
 3  1.326485e-01
 4  1.032589e-01
 5  7.974255e-02
 6  6.398240e-02
 7  5.434158e-02
 8  4.450606e-02
 9  3.497903e-02
 10  2.748134e-02
 11  2.175411e-02
 12  1.787224e-02
 13  1.412520e-02
 14  1.152552e-02
 15  8.841875e-03
 16  6.873585e-03
 17  5.486788e-03
 18  4.468013e-03
 19  3.579756e-03
 20  2.930845e-03
 21  2.425926e-03
 22  1.992800e-03
 23  1.650027e-03
 24  1.409519e-03
 25  1.175241e-03
 26  9.479112e-04
 Iteration CPU time: 7 s
 CFIE residual: 0.000947911

 Iseg, Irank, Idinc : 1, 39, 13
 Thata, Phi : 90.000000, 12.000000
 Maximun iteration: 300
 Number of recycle truncation: 30
 Final matrix dimension:  36708
 Residual error:0.001000
 0  5.614706e-01
 1  2.796260e-01
 2  1.740247e-01
 3  1.226248e-01
 4  8.774966e-02
 5  6.542041e-02
 6  5.130499e-02
 7  3.945580e-02
 8  3.088935e-02
 9  2.450795e-02
 10  1.915302e-02
 11  1.500780e-02
 12  1.175516e-02
 13  9.553708e-03
 14  7.808195e-03
 15  6.280207e-03
 16  5.100711e-03
 17  4.241399e-03
 18  3.563607e-03
 19  3.036169e-03
 20  2.530552e-03
 21  2.120150e-03
 22  1.761862e-03
 23  1.530756e-03
 24  1.314684e-03
 25  1.163432e-03
 26  1.030045e-03
 27  9.317777e-04
 Iteration CPU time: 6 s
 CFIE residual: 0.000931778

 Iseg, Irank, Idinc : 1, 40, 127
 Thata, Phi : 90.000000, 126.000000
 Maximun iteration: 300
 Number of recycle truncation: 30
 Final matrix dimension:  36708
 Residual error:0.001000
 0  6.615525e-01
 1  3.456475e-01
 2  2.259963e-01
 3  1.570458e-01
 4  1.127252e-01
 5  8.430621e-02
 6  6.497143e-02
 7  5.090579e-02
 8  3.964610e-02
 9  3.198716e-02
 10  2.505293e-02
 11  1.951832e-02
 12  1.541429e-02
 13  1.252506e-02
 14  1.027057e-02
 15  8.314862e-03
 16  6.810512e-03
 17  5.643618e-03
 18  4.663750e-03
 19  3.985572e-03
 20  3.379178e-03
 21  2.877017e-03
 22  2.520844e-03
 23  2.238921e-03
 24  2.021352e-03
 25  1.848905e-03
 26  1.672010e-03
 27  1.559332e-03
 28  1.472046e-03
 29  1.410723e-03
 30  1.359262e-03
 31  1.300277e-03
 32  1.245838e-03
 33  1.201095e-03
 34  1.149239e-03
 35  1.103252e-03
 36  1.044498e-03
 37  9.663325e-04
 Iteration CPU time: 8 s
 CFIE residual: 0.000966332
 Last Built End in Sep 21 2025 00:06:12
 Total CPU time: 310 s
 Finished.
