 Last Built Begin in Sep 22 2025 09:01:48
 Pre-Type( Input ):           10
 Skl-Tol ( Input ):    1.0000000000000001E-005
 Wavelength in freespace: 0.0285987

 ################################################
 ##         Generating Required Mesh          ##
 ##         Waiting.....                      ##
 ################################################
 Subd No.      Subd Name
    1    Open-Duct_PRIME_model_meshAA1                                     
 isub,  nnode, npatch,  nedge:
    1      6118     12236     18354
 Scale Factor         >>   1.54999997E-02
 ################################################

 START TIME: 20250922   092708.846


 Informaton for IE geometry:
 number of subdomains     : 1
 maxnode,maxpatch,maxedge : 6118  12236  18354
 
 Index of Mat-Reg: 1
 Mat-Reg Number via MatFlg: 1
 Edge Number of Mat-Reg: 1, 18354

 Number of Edge on PEC: 18354
 Mat-Reg: No Dim(m) Lmax:
    1 0.251    5
 Totlmax, add1, add2:           5           6           7
 rlengmax of Global MLFMA >>   0.25071369060413956     
 Lmax of Global MLFMA >>            5
 Wavenum of Mat-Reg:
    1 1.000

 total area in sq m           =      0.0510
 total area in sq lambda      =     62.3193
 maxnode, maxpatch, maxedge           =     6118    12236    18354
 longest  edge in lambda              =      0.1632
 shortest edge in lambda              =      0.0078
 average  edge in lambda              =      0.1090
 largest  patch area in sq lambda     =      0.0090
 smallest patch area in sq lambda     =      0.0001
 ave    surface area in sq lambda     =      0.0051
 size range of the object in sq lambda =      8.0228

 #### MLFMA Info For Each Region ####
 Mat-Region =            1
 Array dimension parameters:
 maxrule=          14   maxgrid  =          64
 lmax   =           5   ncmax    =        1250
 lsmax  =          28   lsmin    =           7
 kpm    =        1572   kp0      =         102
 ntlm   =      229416   nsm      =      236910
 nkpm   =        2460   niplm    =      157440
 ngnearm=       14257   ngsndm   =       64634
 nearm  =         333   mfinestm =         119
 ###############################

 CFIE Alpha:  0.50000000000000000     

 Fill MLFMA FI for Mat-Reg:           1
 Begin filltl.f
 fill translation matrix
 Level:            2
 fill shifting matrix
 Level:            3
 fill shifting matrix
 Level:            4
 fill shifting matrix
 Level:            5
 fill shifting matrix
 translator time(s):  0.125000000    
 fill interpolation matrix
 ThetaOrder            8
 PhiOrder            8
 lsl            7
 Filling TL                  Delta_CPU=          0.57 Memory(MB)=        654.65
 Filling sndgrp              Delta_CPU=          0.00 Memory(MB)=        654.65
 Filling VFS                 Delta_CPU=          3.12 Memory(MB)=        654.65

 Fill MLFMA NI for Mat-Reg:           1
 Begin fill sparser part of Nearfield
 Begin fill denser part of Nearfield
 End fill
 Filling Amn                 Delta_CPU=         89.39 Memory(MB)=        654.65


 Now testing preconditioner with
 ipretype =           10
 method = cfie_solve_nfrasspspre_pardiso

  
 NBP>>Begin fill sparser part of Nearfield

116.2331% NBP>>Begin fill denser part of Nearfield

200.1041%
 Begin MLFMA Box-Matrix Based Spar-RAS Prec Constructor
 --- Intel MKL PARDISO --- 
 Memory for iGroup: 1 1.28752e+09 MB
 Total Memory For SparRAS Pre: 1.28752e+09 MB
 --- PARDISO PRECONDITIONER INITIALIZED --- 
 Constructing preconditioner CPU time: 4 s
 
 1101240
 Memory for Iteration:: 16.8036 MB

 Iseg, Ninc_S : 1, 181, 0

 Iseg, Skeleton Angles: 1, 40
 Iseg, Skel-Pk Mem(MB): 1, 314.35

 Iseg, Irank, Idinc : 1, 1, 42
 Thata, Phi : 90.000000, 41.000000
 Maximun iteration: 300
 Number of recycle truncation: 30
 Final matrix dimension:  36708
 Residual error:0.001000
 0  6.329354e-01
 1  3.169871e-01
 2  1.993696e-01
 3  1.284648e-01
 4  9.027715e-02
 5  6.628109e-02
 6  5.061260e-02
 7  3.894395e-02
 8  2.971081e-02
 9  2.363288e-02
 10  1.789663e-02
 11  1.483768e-02
 12  1.271195e-02
 13  1.113773e-02
 14  9.945940e-03
 15  8.906791e-03
 16  8.190188e-03
 17  7.653921e-03
 18  7.137054e-03
 19  6.756423e-03
 20  6.416188e-03
 21  5.984266e-03
 22  5.565822e-03
 23  5.076476e-03
 24  4.543576e-03
 25  3.987914e-03
 26  3.441102e-03
 27  2.948320e-03
 28  2.449995e-03
 29  2.063370e-03
 30  1.696354e-03
 31  1.416172e-03
 32  1.162650e-03
 33  9.458321e-04
 Iteration CPU time: 8 s
 CFIE residual: 0.000945832

 Iseg, Irank, Idinc : 1, 2, 63
 Thata, Phi : 90.000000, 62.000000
 Maximun iteration: 300
 Number of recycle truncation: 30
 Final matrix dimension:  36708
 Residual error:0.001000
 0  6.539925e-01
 1  3.602736e-01
 2  2.248968e-01
 3  1.444903e-01
 4  1.026211e-01
 5  7.909821e-02
 6  6.099388e-02
 7  4.882963e-02
 8  3.987334e-02
 9  3.201872e-02
 10  2.541032e-02
 11  2.132395e-02
 12  1.835148e-02
 13  1.629469e-02
 14  1.500293e-02
 15  1.413734e-02
 16  1.343087e-02
 17  1.280153e-02
 18  1.210943e-02
 19  1.121843e-02
 20  1.020481e-02
 21  9.268834e-03
 22  8.300589e-03
 23  7.286343e-03
 24  6.303553e-03
 25  5.255604e-03
 26  4.348298e-03
 27  3.635349e-03
 28  3.040660e-03
 29  2.542720e-03
 30  2.060113e-03
 31  1.687368e-03
 32  1.351577e-03
 33  1.095812e-03
 34  8.662828e-04
 Iteration CPU time: 8 s
 CFIE residual: 0.000866283

 Iseg, Irank, Idinc : 1, 3, 108
 Thata, Phi : 90.000000, 107.000000
 Maximun iteration: 300
 Number of recycle truncation: 30
 Final matrix dimension:  36708
 Residual error:0.001000
 0  6.175155e-01
 1  3.475900e-01
 2  2.155674e-01
 3  1.463315e-01
 4  1.047145e-01
 5  7.774382e-02
 6  6.015793e-02
 7  4.722899e-02
 8  3.906665e-02
 9  3.216818e-02
 10  2.601372e-02
 11  2.152466e-02
 12  1.863054e-02
 13  1.602687e-02
 14  1.438258e-02
 15  1.295146e-02
 16  1.182529e-02
 17  1.110410e-02
 18  1.043842e-02
 19  9.858530e-03
 20  9.411344e-03
 21  8.922009e-03
 22  8.404942e-03
 23  7.912343e-03
 24  7.365173e-03
 25  6.730405e-03
 26  5.913466e-03
 27  5.081563e-03
 28  4.314965e-03
 29  3.592692e-03
 30  2.935990e-03
 31  2.318679e-03
 32  1.835201e-03
 33  1.464228e-03
 34  1.191598e-03
 35  9.544742e-04
 Iteration CPU time: 8 s
 CFIE residual: 0.000954474

 Iseg, Irank, Idinc : 1, 4, 147
 Thata, Phi : 90.000000, 146.000000
 Maximun iteration: 300
 Number of recycle truncation: 30
 Final matrix dimension:  36708
 Residual error:0.001000
 0  6.577747e-01
 1  3.467478e-01
 2  2.093920e-01
 3  1.413419e-01
 4  1.003402e-01
 5  7.692977e-02
 6  5.938502e-02
 7  4.759571e-02
 8  3.967490e-02
 9  3.387327e-02
 10  2.919742e-02
 11  2.572824e-02
 12  2.302395e-02
 13  1.998992e-02
 14  1.752731e-02
 15  1.551718e-02
 16  1.365820e-02
 17  1.215779e-02
 18  1.108469e-02
 19  1.013815e-02
 20  9.483039e-03
 21  8.929796e-03
 22  8.439376e-03
 23  8.040514e-03
 24  7.635808e-03
 25  7.295524e-03
 26  6.878984e-03
 27  6.372959e-03
 28  5.677176e-03
 29  4.989913e-03
 30  4.292849e-03
 31  3.666924e-03
 32  3.069760e-03
 33  2.540884e-03
 34  1.966824e-03
 35  1.537723e-03
 36  1.209778e-03
 37  9.608891e-04
 Iteration CPU time: 8 s
 CFIE residual: 0.000960889

 Iseg, Irank, Idinc : 1, 5, 22
 Thata, Phi : 90.000000, 21.000000
 Maximun iteration: 300
 Number of recycle truncation: 30
 Final matrix dimension:  36708
 Residual error:0.001000
 0  6.350735e-01
 1  2.984408e-01
 2  1.769956e-01
 3  1.173621e-01
 4  8.138037e-02
 5  6.005922e-02
 6  4.540557e-02
 7  3.557294e-02
 8  2.802813e-02
 9  2.285957e-02
 10  1.901739e-02
 11  1.548944e-02
 12  1.257612e-02
 13  1.046859e-02
 14  9.018336e-03
 15  7.873812e-03
 16  6.834356e-03
 17  5.950229e-03
 18  5.272659e-03
 19  4.802575e-03
 20  4.450571e-03
 21  4.144783e-03
 22  3.937297e-03
 23  3.737682e-03
 24  3.555546e-03
 25  3.392963e-03
 26  3.213712e-03
 27  3.004385e-03
 28  2.746795e-03
 29  2.511164e-03
 30  2.267262e-03
 31  2.019575e-03
 32  1.762824e-03
 33  1.481010e-03
 34  1.236571e-03
 35  9.960793e-04
 Iteration CPU time: 8 s
 CFIE residual: 0.000996079

 Iseg, Irank, Idinc : 1, 6, 137
 Thata, Phi : 90.000000, 136.000000
 Maximun iteration: 300
 Number of recycle truncation: 30
 Final matrix dimension:  36708
 Residual error:0.001000
 0  6.956035e-01
 1  3.488830e-01
 2  2.153032e-01
 3  1.472540e-01
 4  1.050427e-01
 5  7.885317e-02
 6  5.983207e-02
 7  4.774378e-02
 8  3.936701e-02
 9  3.300983e-02
 10  2.813787e-02
 11  2.376845e-02
 12  2.091352e-02
 13  1.788781e-02
 14  1.532691e-02
 15  1.377481e-02
 16  1.248455e-02
 17  1.145990e-02
 18  1.063701e-02
 19  1.004402e-02
 20  9.483516e-03
 21  9.077242e-03
 22  8.577839e-03
 23  8.083042e-03
 24  7.534820e-03
 25  6.880574e-03
 26  6.183559e-03
 27  5.476564e-03
 28  4.743759e-03
 29  4.164152e-03
 30  3.582126e-03
 31  3.033962e-03
 32  2.556339e-03
 33  2.132813e-03
 34  1.786486e-03
 35  1.457460e-03
 36  1.200840e-03
 37  9.668101e-04
 Iteration CPU time: 9 s
 CFIE residual: 0.00096681

 Iseg, Irank, Idinc : 1, 7, 72
 Thata, Phi : 90.000000, 71.000000
 Maximun iteration: 300
 Number of recycle truncation: 30
 Final matrix dimension:  36708
 Residual error:0.001000
 0  6.314173e-01
 1  3.644742e-01
 2  2.350590e-01
 3  1.485589e-01
 4  1.065839e-01
 5  8.393645e-02
 6  6.494365e-02
 7  5.114050e-02
 8  4.225090e-02
 9  3.497059e-02
 10  2.823736e-02
 11  2.364616e-02
 12  2.043394e-02
 13  1.824527e-02
 14  1.694139e-02
 15  1.582928e-02
 16  1.506466e-02
 17  1.432827e-02
 18  1.350037e-02
 19  1.250907e-02
 20  1.148765e-02
 21  1.048987e-02
 22  9.558168e-03
 23  8.430201e-03
 24  7.279691e-03
 25  6.061281e-03
 26  5.144673e-03
 27  4.321805e-03
 28  3.594583e-03
 29  3.026790e-03
 30  2.487416e-03
 31  2.031869e-03
 32  1.650120e-03
 33  1.362435e-03
 34  1.099952e-03
 35  8.836136e-04
 Iteration CPU time: 8 s
 CFIE residual: 0.000883614

 Iseg, Irank, Idinc : 1, 8, 83
 Thata, Phi : 90.000000, 82.000000
 Maximun iteration: 300
 Number of recycle truncation: 30
 Final matrix dimension:  36708
 Residual error:0.001000
 0  6.058293e-01
 1  3.487690e-01
 2  2.226862e-01
 3  1.504230e-01
 4  1.086508e-01
 5  8.381267e-02
 6  6.481274e-02
 7  5.131270e-02
 8  4.194428e-02
 9  3.386569e-02
 10  2.806605e-02
 11  2.368776e-02
 12  2.062380e-02
 13  1.866785e-02
 14  1.720375e-02
 15  1.591595e-02
 16  1.501485e-02
 17  1.416775e-02
 18  1.354759e-02
 19  1.287094e-02
 20  1.204573e-02
 21  1.121201e-02
 22  1.028587e-02
 23  9.201350e-03
 24  7.999537e-03
 25  6.879115e-03
 26  5.789451e-03
 27  4.928185e-03
 28  4.135650e-03
 29  3.427693e-03
 30  2.907944e-03
 31  2.387992e-03
 32  1.994592e-03
 33  1.647535e-03
 34  1.325615e-03
 35  1.097019e-03
 36  8.654532e-04
 Iteration CPU time: 8 s
 CFIE residual: 0.000865453

 Iseg, Irank, Idinc : 1, 9, 125
 Thata, Phi : 90.000000, 124.000000
 Maximun iteration: 300
 Number of recycle truncation: 30
 Final matrix dimension:  36708
 Residual error:0.001000
 0  6.585551e-01
 1  3.407606e-01
 2  2.194684e-01
 3  1.543118e-01
 4  1.123679e-01
 5  8.164742e-02
 6  6.442309e-02
 7  5.181023e-02
 8  4.265084e-02
 9  3.444744e-02
 10  2.766326e-02
 11  2.215784e-02
 12  1.825028e-02
 13  1.504689e-02
 14  1.306097e-02
 15  1.150042e-02
 16  1.037925e-02
 17  9.590167e-03
 18  9.002269e-03
 19  8.537522e-03
 20  8.171255e-03
 21  7.802608e-03
 22  7.447653e-03
 23  7.011824e-03
 24  6.478677e-03
 25  5.863848e-03
 26  5.261323e-03
 27  4.657579e-03
 28  4.060556e-03
 29  3.584359e-03
 30  3.098147e-03
 31  2.650196e-03
 32  2.261037e-03
 33  1.945352e-03
 34  1.646919e-03
 35  1.343729e-03
 36  1.099931e-03
 37  8.731515e-04
 Iteration CPU time: 8 s
 CFIE residual: 0.000873152

 Iseg, Irank, Idinc : 1, 10, 159
 Thata, Phi : 90.000000, 158.000000
 Maximun iteration: 300
 Number of recycle truncation: 30
 Final matrix dimension:  36708
 Residual error:0.001000
 0  6.241071e-01
 1  3.148086e-01
 2  1.917569e-01
 3  1.300912e-01
 4  9.616352e-02
 5  7.716236e-02
 6  6.151279e-02
 7  5.066767e-02
 8  4.333009e-02
 9  3.732176e-02
 10  3.243293e-02
 11  2.868079e-02
 12  2.538435e-02
 13  2.186606e-02
 14  1.898750e-02
 15  1.680709e-02
 16  1.499091e-02
 17  1.319874e-02
 18  1.162087e-02
 19  1.035635e-02
 20  9.324157e-03
 21  8.527347e-03
 22  7.907002e-03
 23  7.424815e-03
 24  7.059097e-03
 25  6.748222e-03
 26  6.471588e-03
 27  6.098481e-03
 28  5.623522e-03
 29  5.082977e-03
 30  4.520879e-03
 31  3.784916e-03
 32  3.177471e-03
 33  2.606017e-03
 34  2.082567e-03
 35  1.672676e-03
 36  1.308825e-03
 37  1.005109e-03
 38  7.927683e-04
 Iteration CPU time: 8 s
 CFIE residual: 0.000792768

 Iseg, Irank, Idinc : 1, 11, 53
 Thata, Phi : 90.000000, 52.000000
 Maximun iteration: 300
 Number of recycle truncation: 30
 Final matrix dimension:  36708
 Residual error:0.001000
 0  6.540137e-01
 1  3.460543e-01
 2  2.130325e-01
 3  1.353741e-01
 4  9.907418e-02
 5  7.588171e-02
 6  5.926042e-02
 7  4.573530e-02
 8  3.648260e-02
 9  2.993931e-02
 10  2.347074e-02
 11  1.886790e-02
 12  1.577821e-02
 13  1.354657e-02
 14  1.231561e-02
 15  1.148504e-02
 16  1.081626e-02
 17  1.024128e-02
 18  9.578685e-03
 19  8.940081e-03
 20  8.228770e-03
 21  7.410942e-03
 22  6.590205e-03
 23  5.786964e-03
 24  4.973132e-03
 25  4.131228e-03
 26  3.381709e-03
 27  2.798574e-03
 28  2.246434e-03
 29  1.821845e-03
 30  1.488067e-03
 31  1.244036e-03
 32  1.018522e-03
 33  8.218871e-04
 Iteration CPU time: 8 s
 CFIE residual: 0.000821887

 Iseg, Irank, Idinc : 1, 12, 33
 Thata, Phi : 90.000000, 32.000000
 Maximun iteration: 300
 Number of recycle truncation: 30
 Final matrix dimension:  36708
 Residual error:0.001000
 0  6.283751e-01
 1  3.133199e-01
 2  1.869839e-01
 3  1.181395e-01
 4  8.213494e-02
 5  5.998686e-02
 6  4.525755e-02
 7  3.468095e-02
 8  2.763381e-02
 9  2.209875e-02
 10  1.739876e-02
 11  1.446332e-02
 12  1.204990e-02
 13  1.022227e-02
 14  9.027097e-03
 15  7.836087e-03
 16  6.919578e-03
 17  6.280324e-03
 18  5.701753e-03
 19  5.338033e-03
 20  5.045103e-03
 21  4.788585e-03
 22  4.558646e-03
 23  4.333691e-03
 24  4.027275e-03
 25  3.691926e-03
 26  3.354240e-03
 27  2.932406e-03
 28  2.513912e-03
 29  2.106978e-03
 30  1.751441e-03
 31  1.486754e-03
 32  1.257799e-03
 33  1.054731e-03
 34  8.741573e-04
 Iteration CPU time: 8 s
 CFIE residual: 0.000874157

 Iseg, Irank, Idinc : 1, 13, 176
 Thata, Phi : 90.000000, 175.000000
 Maximun iteration: 300
 Number of recycle truncation: 30
 Final matrix dimension:  36708
 Residual error:0.001000
 0  5.926846e-01
 1  2.938215e-01
 2  1.817814e-01
 3  1.293383e-01
 4  1.002316e-01
 5  8.057771e-02
 6  6.663095e-02
 7  5.567293e-02
 8  4.644963e-02
 9  3.925433e-02
 10  3.287123e-02
 11  2.747272e-02
 12  2.282742e-02
 13  1.928790e-02
 14  1.670807e-02
 15  1.422011e-02
 16  1.230010e-02
 17  1.048756e-02
 18  8.996027e-03
 19  7.807638e-03
 20  6.793580e-03
 21  6.059282e-03
 22  5.444764e-03
 23  4.870029e-03
 24  4.459891e-03
 25  4.175358e-03
 26  3.939883e-03
 27  3.735908e-03
 28  3.522740e-03
 29  3.304697e-03
 30  3.101945e-03
 31  2.829361e-03
 32  2.576190e-03
 33  2.312387e-03
 34  2.022045e-03
 35  1.716161e-03
 36  1.452150e-03
 37  1.199716e-03
 38  9.564678e-04
 Iteration CPU time: 8 s
 CFIE residual: 0.000956468

 Iseg, Irank, Idinc : 1, 14, 91
 Thata, Phi : 90.000000, 90.000000
 Maximun iteration: 300
 Number of recycle truncation: 30
 Final matrix dimension:  36708
 Residual error:0.001000
 0  5.970694e-01
 1  3.440806e-01
 2  2.174264e-01
 3  1.492379e-01
 4  1.080219e-01
 5  8.256036e-02
 6  6.408222e-02
 7  5.028893e-02
 8  4.138806e-02
 9  3.401900e-02
 10  2.848831e-02
 11  2.383389e-02
 12  2.094671e-02
 13  1.875387e-02
 14  1.722957e-02
 15  1.588520e-02
 16  1.477367e-02
 17  1.388087e-02
 18  1.325708e-02
 19  1.266515e-02
 20  1.199957e-02
 21  1.131871e-02
 22  1.051864e-02
 23  9.505933e-03
 24  8.426993e-03
 25  7.443379e-03
 26  6.313734e-03
 27  5.340346e-03
 28  4.415153e-03
 29  3.700700e-03
 30  3.141059e-03
 31  2.611787e-03
 32  2.151572e-03
 33  1.773370e-03
 34  1.450974e-03
 35  1.162817e-03
 36  9.309777e-04
 Iteration CPU time: 8 s
 CFIE residual: 0.000930978

 Iseg, Irank, Idinc : 1, 15, 9
 Thata, Phi : 90.000000, 8.000000
 Maximun iteration: 300
 Number of recycle truncation: 30
 Final matrix dimension:  36708
 Residual error:0.001000
 0  5.485678e-01
 1  2.793980e-01
 2  1.787386e-01
 3  1.247012e-01
 4  9.087318e-02
 5  6.772031e-02
 6  5.166821e-02
 7  4.038271e-02
 8  3.159124e-02
 9  2.464708e-02
 10  1.974893e-02
 11  1.593081e-02
 12  1.290406e-02
 13  1.036905e-02
 14  8.739212e-03
 15  7.420530e-03
 16  6.306363e-03
 17  5.523674e-03
 18  4.834895e-03
 19  4.258846e-03
 20  3.774053e-03
 21  3.418891e-03
 22  3.095162e-03
 23  2.818688e-03
 24  2.641876e-03
 25  2.473560e-03
 26  2.319891e-03
 27  2.164720e-03
 28  2.031664e-03
 29  1.916027e-03
 30  1.807632e-03
 31  1.685601e-03
 32  1.545000e-03
 33  1.383463e-03
 34  1.228743e-03
 35  1.058510e-03
 36  8.819278e-04
 Iteration CPU time: 8 s
 CFIE residual: 0.000881928

 Iseg, Irank, Idinc : 1, 16, 100
 Thata, Phi : 90.000000, 99.000000
 Maximun iteration: 300
 Number of recycle truncation: 30
 Final matrix dimension:  36708
 Residual error:0.001000
 0  6.072131e-01
 1  3.414455e-01
 2  2.135746e-01
 3  1.453705e-01
 4  1.053320e-01
 5  8.014159e-02
 6  6.251506e-02
 7  4.949407e-02
 8  4.035615e-02
 9  3.359633e-02
 10  2.763281e-02
 11  2.364777e-02
 12  2.043059e-02
 13  1.814937e-02
 14  1.611439e-02
 15  1.458925e-02
 16  1.350029e-02
 17  1.265481e-02
 18  1.197080e-02
 19  1.130631e-02
 20  1.071479e-02
 21  1.021375e-02
 22  9.624144e-03
 23  8.976073e-03
 24  8.093393e-03
 25  7.314964e-03
 26  6.311608e-03
 27  5.460828e-03
 28  4.649014e-03
 29  3.896916e-03
 30  3.259457e-03
 31  2.701218e-03
 32  2.225210e-03
 33  1.791176e-03
 34  1.407619e-03
 35  1.158468e-03
 36  9.142286e-04
 Iteration CPU time: 8 s
 CFIE residual: 0.000914229

 Iseg, Irank, Idinc : 1, 17, 116
 Thata, Phi : 90.000000, 115.000000
 Maximun iteration: 300
 Number of recycle truncation: 30
 Final matrix dimension:  36708
 Residual error:0.001000
 0  6.426223e-01
 1  3.470024e-01
 2  2.159021e-01
 3  1.502231e-01
 4  1.076808e-01
 5  7.994487e-02
 6  6.204846e-02
 7  4.872486e-02
 8  3.877297e-02
 9  3.155103e-02
 10  2.605387e-02
 11  2.157391e-02
 12  1.813077e-02
 13  1.566012e-02
 14  1.368520e-02
 15  1.210648e-02
 16  1.112616e-02
 17  1.038724e-02
 18  9.744106e-03
 19  9.199101e-03
 20  8.765646e-03
 21  8.412445e-03
 22  7.968767e-03
 23  7.464020e-03
 24  6.893772e-03
 25  6.311594e-03
 26  5.635794e-03
 27  4.987927e-03
 28  4.313052e-03
 29  3.795472e-03
 30  3.278331e-03
 31  2.804797e-03
 32  2.277453e-03
 33  1.836762e-03
 34  1.433466e-03
 35  1.129456e-03
 36  8.983378e-04
 Iteration CPU time: 8 s
 CFIE residual: 0.000898338

 Iseg, Irank, Idinc : 1, 18, 1
 Thata, Phi : 90.000000, 0.000000
 Maximun iteration: 300
 Number of recycle truncation: 30
 Final matrix dimension:  36708
 Residual error:0.001000
 0  5.233150e-01
 1  2.740737e-01
 2  1.783272e-01
 3  1.216047e-01
 4  8.882050e-02
 5  6.695784e-02
 6  5.101213e-02
 7  3.888002e-02
 8  2.996725e-02
 9  2.378712e-02
 10  1.925250e-02
 11  1.532044e-02
 12  1.202845e-02
 13  1.007071e-02
 14  8.365807e-03
 15  7.020997e-03
 16  5.997232e-03
 17  5.183459e-03
 18  4.470481e-03
 19  3.874219e-03
 20  3.354781e-03
 21  2.930088e-03
 22  2.604945e-03
 23  2.339817e-03
 24  2.109375e-03
 25  1.897260e-03
 26  1.738382e-03
 27  1.599809e-03
 28  1.486706e-03
 29  1.398637e-03
 30  1.296921e-03
 31  1.188462e-03
 32  1.062696e-03
 33  9.213453e-04
 Iteration CPU time: 8 s
 CFIE residual: 0.000921345

 Iseg, Irank, Idinc : 1, 19, 168
 Thata, Phi : 90.000000, 167.000000
 Maximun iteration: 300
 Number of recycle truncation: 30
 Final matrix dimension:  36708
 Residual error:0.001000
 0  5.973531e-01
 1  2.976856e-01
 2  1.836359e-01
 3  1.307814e-01
 4  1.005308e-01
 5  8.093053e-02
 6  6.591103e-02
 7  5.510637e-02
 8  4.626390e-02
 9  3.909715e-02
 10  3.329667e-02
 11  2.927340e-02
 12  2.534206e-02
 13  2.181027e-02
 14  1.922775e-02
 15  1.682388e-02
 16  1.476070e-02
 17  1.266713e-02
 18  1.080977e-02
 19  9.469366e-03
 20  8.336674e-03
 21  7.430502e-03
 22  6.789698e-03
 23  6.223857e-03
 24  5.795419e-03
 25  5.475762e-03
 26  5.195557e-03
 27  4.936585e-03
 28  4.659689e-03
 29  4.363881e-03
 30  4.044073e-03
 31  3.643315e-03
 32  3.244521e-03
 33  2.805958e-03
 34  2.381533e-03
 35  1.978373e-03
 36  1.626873e-03
 37  1.282256e-03
 38  9.991164e-04
 Iteration CPU time: 9 s
 CFIE residual: 0.000999116

 Iseg, Irank, Idinc : 1, 20, 16
 Thata, Phi : 90.000000, 15.000000
 Maximun iteration: 300
 Number of recycle truncation: 30
 Final matrix dimension:  36708
 Residual error:0.001000
 0  5.965661e-01
 1  2.886363e-01
 2  1.774619e-01
 3  1.218706e-01
 4  8.707362e-02
 5  6.476729e-02
 6  4.891968e-02
 7  3.899185e-02
 8  3.044217e-02
 9  2.394049e-02
 10  1.934774e-02
 11  1.555181e-02
 12  1.266805e-02
 13  1.043254e-02
 14  8.790135e-03
 15  7.472491e-03
 16  6.478212e-03
 17  5.607233e-03
 18  4.959219e-03
 19  4.493163e-03
 20  4.057671e-03
 21  3.721515e-03
 22  3.474606e-03
 23  3.227509e-03
 24  3.060421e-03
 25  2.912227e-03
 26  2.769817e-03
 27  2.619456e-03
 28  2.439588e-03
 29  2.288189e-03
 30  2.122024e-03
 31  1.946553e-03
 32  1.746743e-03
 33  1.522380e-03
 34  1.309580e-03
 35  1.075059e-03
 36  8.722816e-04
 Iteration CPU time: 8 s
 CFIE residual: 0.000872282

 Iseg, Irank, Idinc : 1, 21, 181
 Thata, Phi : 90.000000, 180.000000
 Maximun iteration: 300
 Number of recycle truncation: 30
 Final matrix dimension:  36708
 Residual error:0.001000
 0  5.925050e-01
 1  2.930412e-01
 2  1.808729e-01
 3  1.278448e-01
 4  9.837429e-02
 5  7.892373e-02
 6  6.545619e-02
 7  5.474728e-02
 8  4.540554e-02
 9  3.781318e-02
 10  3.079358e-02
 11  2.543586e-02
 12  2.109863e-02
 13  1.708816e-02
 14  1.476705e-02
 15  1.251007e-02
 16  1.039211e-02
 17  8.707506e-03
 18  7.443560e-03
 19  6.492236e-03
 20  5.593421e-03
 21  4.961317e-03
 22  4.419299e-03
 23  3.925258e-03
 24  3.602920e-03
 25  3.394261e-03
 26  3.198405e-03
 27  3.015842e-03
 28  2.805557e-03
 29  2.548754e-03
 30  2.286681e-03
 31  2.007122e-03
 32  1.722075e-03
 33  1.429964e-03
 34  1.151080e-03
 35  8.969017e-04
 Iteration CPU time: 8 s
 CFIE residual: 0.000896902

 Iseg, Irank, Idinc : 1, 22, 153
 Thata, Phi : 90.000000, 152.000000
 Maximun iteration: 300
 Number of recycle truncation: 30
 Final matrix dimension:  36708
 Residual error:0.001000
 0  6.379194e-01
 1  3.295945e-01
 2  2.018681e-01
 3  1.349265e-01
 4  9.781169e-02
 5  7.669320e-02
 6  6.013654e-02
 7  4.878317e-02
 8  4.038135e-02
 9  3.473436e-02
 10  3.030461e-02
 11  2.685035e-02
 12  2.358191e-02
 13  2.018906e-02
 14  1.796345e-02
 15  1.595970e-02
 16  1.422217e-02
 17  1.267526e-02
 18  1.123123e-02
 19  1.015389e-02
 20  9.348830e-03
 21  8.712472e-03
 22  8.139692e-03
 23  7.674198e-03
 24  7.322528e-03
 25  7.006731e-03
 26  6.699846e-03
 27  6.278236e-03
 28  5.739055e-03
 29  5.042365e-03
 30  4.376523e-03
 31  3.634472e-03
 32  3.098447e-03
 33  2.527141e-03
 34  1.974560e-03
 35  1.501491e-03
 36  1.159723e-03
 37  9.091185e-04
 Iteration CPU time: 8 s
 CFIE residual: 0.000909119

 Iseg, Irank, Idinc : 1, 23, 77
 Thata, Phi : 90.000000, 76.000000
 Maximun iteration: 300
 Number of recycle truncation: 30
 Final matrix dimension:  36708
 Residual error:0.001000
 0  6.136487e-01
 1  3.547576e-01
 2  2.287030e-01
 3  1.480104e-01
 4  1.049328e-01
 5  8.113018e-02
 6  6.262580e-02
 7  4.937456e-02
 8  4.022507e-02
 9  3.307080e-02
 10  2.787574e-02
 11  2.376584e-02
 12  2.055879e-02
 13  1.863461e-02
 14  1.703412e-02
 15  1.597878e-02
 16  1.517584e-02
 17  1.438783e-02
 18  1.367451e-02
 19  1.281597e-02
 20  1.184547e-02
 21  1.096343e-02
 22  1.006923e-02
 23  9.060443e-03
 24  7.888221e-03
 25  6.700381e-03
 26  5.786038e-03
 27  4.906892e-03
 28  4.117742e-03
 29  3.438878e-03
 30  2.824393e-03
 31  2.318166e-03
 32  1.898051e-03
 33  1.551155e-03
 34  1.238639e-03
 35  9.933913e-04
 Iteration CPU time: 8 s
 CFIE residual: 0.000993391

 Iseg, Irank, Idinc : 1, 24, 131
 Thata, Phi : 90.000000, 130.000000
 Maximun iteration: 300
 Number of recycle truncation: 30
 Final matrix dimension:  36708
 Residual error:0.001000
 0  6.748379e-01
 1  3.476170e-01
 2  2.191033e-01
 3  1.488584e-01
 4  1.071482e-01
 5  7.929872e-02
 6  6.210427e-02
 7  4.966769e-02
 8  4.052057e-02
 9  3.350250e-02
 10  2.766994e-02
 11  2.304239e-02
 12  1.892816e-02
 13  1.588397e-02
 14  1.381557e-02
 15  1.201567e-02
 16  1.089894e-02
 17  1.007365e-02
 18  9.373046e-03
 19  8.905782e-03
 20  8.503023e-03
 21  8.112126e-03
 22  7.720628e-03
 23  7.293716e-03
 24  6.730000e-03
 25  6.093254e-03
 26  5.431994e-03
 27  4.807274e-03
 28  4.184328e-03
 29  3.591986e-03
 30  3.053571e-03
 31  2.556861e-03
 32  2.148774e-03
 33  1.825687e-03
 34  1.522613e-03
 35  1.269963e-03
 36  1.060492e-03
 37  8.542355e-04
 Iteration CPU time: 8 s
 CFIE residual: 0.000854236

 Iseg, Irank, Idinc : 1, 25, 48
 Thata, Phi : 90.000000, 47.000000
 Maximun iteration: 300
 Number of recycle truncation: 30
 Final matrix dimension:  36708
 Residual error:0.001000
 0  6.419674e-01
 1  3.333705e-01
 2  2.073087e-01
 3  1.351599e-01
 4  9.844612e-02
 5  7.473802e-02
 6  5.763135e-02
 7  4.431439e-02
 8  3.438818e-02
 9  2.756016e-02
 10  2.142026e-02
 11  1.726764e-02
 12  1.468165e-02
 13  1.263452e-02
 14  1.144502e-02
 15  1.061054e-02
 16  9.880901e-03
 17  9.302380e-03
 18  8.683793e-03
 19  8.152482e-03
 20  7.630255e-03
 21  6.966195e-03
 22  6.263165e-03
 23  5.577281e-03
 24  4.987315e-03
 25  4.205151e-03
 26  3.572468e-03
 27  3.034307e-03
 28  2.531041e-03
 29  2.051513e-03
 30  1.666472e-03
 31  1.384421e-03
 32  1.143981e-03
 33  9.341842e-04
 Iteration CPU time: 8 s
 CFIE residual: 0.000934184

 Iseg, Irank, Idinc : 1, 26, 5
 Thata, Phi : 90.000000, 4.000000
 Maximun iteration: 300
 Number of recycle truncation: 30
 Final matrix dimension:  36708
 Residual error:0.001000
 0  5.301016e-01
 1  2.756888e-01
 2  1.785794e-01
 3  1.231575e-01
 4  9.002853e-02
 5  6.735392e-02
 6  5.130414e-02
 7  3.959270e-02
 8  3.094250e-02
 9  2.438431e-02
 10  1.959478e-02
 11  1.569645e-02
 12  1.267404e-02
 13  1.044128e-02
 14  8.653332e-03
 15  7.291919e-03
 16  6.223404e-03
 17  5.410682e-03
 18  4.692747e-03
 19  4.143125e-03
 20  3.629901e-03
 21  3.244250e-03
 22  2.890905e-03
 23  2.596099e-03
 24  2.377828e-03
 25  2.188706e-03
 26  2.010023e-03
 27  1.850650e-03
 28  1.722458e-03
 29  1.619873e-03
 30  1.532080e-03
 31  1.429100e-03
 32  1.318305e-03
 33  1.192974e-03
 34  1.062522e-03
 35  9.209534e-04
 Iteration CPU time: 8 s
 CFIE residual: 0.000920953

 Iseg, Irank, Idinc : 1, 27, 96
 Thata, Phi : 90.000000, 95.000000
 Maximun iteration: 300
 Number of recycle truncation: 30
 Final matrix dimension:  36708
 Residual error:0.001000
 0  5.997645e-01
 1  3.415609e-01
 2  2.154674e-01
 3  1.459815e-01
 4  1.047008e-01
 5  8.057977e-02
 6  6.341409e-02
 7  4.974702e-02
 8  4.056786e-02
 9  3.325486e-02
 10  2.799838e-02
 11  2.397175e-02
 12  2.074770e-02
 13  1.845924e-02
 14  1.666138e-02
 15  1.516986e-02
 16  1.406348e-02
 17  1.331183e-02
 18  1.261057e-02
 19  1.199223e-02
 20  1.135550e-02
 21  1.080828e-02
 22  1.008818e-02
 23  9.248595e-03
 24  8.389007e-03
 25  7.461839e-03
 26  6.388765e-03
 27  5.354466e-03
 28  4.620630e-03
 29  3.834006e-03
 30  3.220704e-03
 31  2.682282e-03
 32  2.230104e-03
 33  1.788085e-03
 34  1.406565e-03
 35  1.140859e-03
 36  9.107875e-04
 Iteration CPU time: 8 s
 CFIE residual: 0.000910787

 Iseg, Irank, Idinc : 1, 28, 172
 Thata, Phi : 90.000000, 171.000000
 Maximun iteration: 300
 Number of recycle truncation: 30
 Final matrix dimension:  36708
 Residual error:0.001000
 0  5.936176e-01
 1  2.950757e-01
 2  1.829313e-01
 3  1.309043e-01
 4  1.014308e-01
 5  8.152754e-02
 6  6.712628e-02
 7  5.600509e-02
 8  4.685609e-02
 9  3.990611e-02
 10  3.411394e-02
 11  2.888729e-02
 12  2.444745e-02
 13  2.101391e-02
 14  1.830603e-02
 15  1.573802e-02
 16  1.376872e-02
 17  1.183288e-02
 18  1.012691e-02
 19  8.815443e-03
 20  7.679966e-03
 21  6.813459e-03
 22  6.174889e-03
 23  5.606160e-03
 24  5.173252e-03
 25  4.857816e-03
 26  4.595003e-03
 27  4.366530e-03
 28  4.128420e-03
 29  3.881319e-03
 30  3.640742e-03
 31  3.319128e-03
 32  3.016297e-03
 33  2.675764e-03
 34  2.308176e-03
 35  1.946765e-03
 36  1.637837e-03
 37  1.325715e-03
 38  1.056841e-03
 39  8.294718e-04
 Iteration CPU time: 9 s
 CFIE residual: 0.000829472

 Iseg, Irank, Idinc : 1, 29, 28
 Thata, Phi : 90.000000, 27.000000
 Maximun iteration: 300
 Number of recycle truncation: 30
 Final matrix dimension:  36708
 Residual error:0.001000
 0  6.434377e-01
 1  3.068635e-01
 2  1.812899e-01
 3  1.155207e-01
 4  7.963024e-02
 5  5.802356e-02
 6  4.340281e-02
 7  3.395048e-02
 8  2.748986e-02
 9  2.248045e-02
 10  1.806953e-02
 11  1.498982e-02
 12  1.226097e-02
 13  1.040667e-02
 14  9.063324e-03
 15  7.797497e-03
 16  6.800600e-03
 17  6.039808e-03
 18  5.408881e-03
 19  5.030892e-03
 20  4.747903e-03
 21  4.521480e-03
 22  4.306892e-03
 23  4.113196e-03
 24  3.887465e-03
 25  3.636853e-03
 26  3.376614e-03
 27  3.070634e-03
 28  2.730384e-03
 29  2.375974e-03
 30  2.057918e-03
 31  1.815216e-03
 32  1.560189e-03
 33  1.293290e-03
 34  1.075939e-03
 35  8.813531e-04
 Iteration CPU time: 8 s
 CFIE residual: 0.000881353

 Iseg, Irank, Idinc : 1, 30, 120
 Thata, Phi : 90.000000, 119.000000
 Maximun iteration: 300
 Number of recycle truncation: 30
 Final matrix dimension:  36708
 Residual error:0.001000
 0  6.482579e-01
 1  3.444742e-01
 2  2.155760e-01
 3  1.510797e-01
 4  1.089916e-01
 5  8.146072e-02
 6  6.354270e-02
 7  5.008907e-02
 8  4.051921e-02
 9  3.325794e-02
 10  2.707464e-02
 11  2.171494e-02
 12  1.809617e-02
 13  1.532965e-02
 14  1.335114e-02
 15  1.181869e-02
 16  1.089048e-02
 17  1.008848e-02
 18  9.440817e-03
 19  8.988441e-03
 20  8.570822e-03
 21  8.199509e-03
 22  7.783403e-03
 23  7.366454e-03
 24  6.806479e-03
 25  6.199076e-03
 26  5.568437e-03
 27  4.986774e-03
 28  4.354885e-03
 29  3.849631e-03
 30  3.411694e-03
 31  2.916835e-03
 32  2.444677e-03
 33  2.021206e-03
 34  1.647317e-03
 35  1.329279e-03
 36  1.059481e-03
 37  8.379141e-04
 Iteration CPU time: 8 s
 CFIE residual: 0.000837914

 Iseg, Irank, Idinc : 1, 31, 58
 Thata, Phi : 90.000000, 57.000000
 Maximun iteration: 300
 Number of recycle truncation: 30
 Final matrix dimension:  36708
 Residual error:0.001000
 0  6.583994e-01
 1  3.503875e-01
 2  2.129578e-01
 3  1.342924e-01
 4  9.814008e-02
 5  7.420452e-02
 6  5.754036e-02
 7  4.572554e-02
 8  3.678115e-02
 9  2.972222e-02
 10  2.352663e-02
 11  1.943968e-02
 12  1.673803e-02
 13  1.465345e-02
 14  1.339944e-02
 15  1.255949e-02
 16  1.188274e-02
 17  1.132762e-02
 18  1.069190e-02
 19  9.898263e-03
 20  9.041734e-03
 21  8.186050e-03
 22  7.273019e-03
 23  6.415129e-03
 24  5.455352e-03
 25  4.486454e-03
 26  3.669150e-03
 27  3.019291e-03
 28  2.496345e-03
 29  2.087836e-03
 30  1.697598e-03
 31  1.404575e-03
 32  1.115252e-03
 33  8.830400e-04
 Iteration CPU time: 8 s
 CFIE residual: 0.00088304

 Iseg, Irank, Idinc : 1, 32, 163
 Thata, Phi : 90.000000, 162.000000
 Maximun iteration: 300
 Number of recycle truncation: 30
 Final matrix dimension:  36708
 Residual error:0.001000
 0  6.101731e-01
 1  3.055893e-01
 2  1.863413e-01
 3  1.291703e-01
 4  9.702962e-02
 5  7.835440e-02
 6  6.277208e-02
 7  5.230189e-02
 8  4.433833e-02
 9  3.823017e-02
 10  3.295021e-02
 11  2.874044e-02
 12  2.514642e-02
 13  2.213403e-02
 14  1.935621e-02
 15  1.696814e-02
 16  1.479724e-02
 17  1.271243e-02
 18  1.126887e-02
 19  9.918077e-03
 20  8.845989e-03
 21  7.970485e-03
 22  7.387902e-03
 23  6.936657e-03
 24  6.534704e-03
 25  6.242973e-03
 26  5.956501e-03
 27  5.642667e-03
 28  5.257510e-03
 29  4.894059e-03
 30  4.451836e-03
 31  3.829810e-03
 32  3.333048e-03
 33  2.823486e-03
 34  2.330404e-03
 35  1.883004e-03
 36  1.496310e-03
 37  1.156575e-03
 38  8.932895e-04
 Iteration CPU time: 9 s
 CFIE residual: 0.00089329

 Iseg, Irank, Idinc : 1, 33, 3
 Thata, Phi : 90.000000, 2.000000
 Maximun iteration: 300
 Number of recycle truncation: 30
 Final matrix dimension:  36708
 Residual error:0.001000
 0  5.250621e-01
 1  2.745109e-01
 2  1.784119e-01
 3  1.220875e-01
 4  8.923652e-02
 5  6.710522e-02
 6  5.111066e-02
 7  3.909310e-02
 8  3.031948e-02
 9  2.402552e-02
 10  1.939631e-02
 11  1.542431e-02
 12  1.223288e-02
 13  1.041121e-02
 14  8.652809e-03
 15  7.214486e-03
 16  6.182361e-03
 17  5.329063e-03
 18  4.600745e-03
 19  4.019756e-03
 20  3.514674e-03
 21  3.119190e-03
 22  2.778971e-03
 23  2.490275e-03
 24  2.266247e-03
 25  2.062482e-03
 26  1.877423e-03
 27  1.716836e-03
 28  1.584523e-03
 29  1.482685e-03
 30  1.393919e-03
 31  1.289262e-03
 32  1.175150e-03
 33  1.050088e-03
 34  9.242122e-04
 Iteration CPU time: 7 s
 CFIE residual: 0.000924212

 Iseg, Irank, Idinc : 1, 34, 179
 Thata, Phi : 90.000000, 178.000000
 Maximun iteration: 300
 Number of recycle truncation: 30
 Final matrix dimension:  36708
 Residual error:0.001000
 0  5.925365e-01
 1  2.931867e-01
 2  1.810398e-01
 3  1.281324e-01
 4  9.879770e-02
 5  7.933481e-02
 6  6.573806e-02
 7  5.497924e-02
 8  4.567827e-02
 9  3.820094e-02
 10  3.135404e-02
 11  2.614644e-02
 12  2.160985e-02
 13  1.777668e-02
 14  1.552446e-02
 15  1.312139e-02
 16  1.118400e-02
 17  9.315979e-03
 18  7.937885e-03
 19  6.918372e-03
 20  6.024239e-03
 21  5.411403e-03
 22  4.853709e-03
 23  4.312932e-03
 24  3.950216e-03
 25  3.670289e-03
 26  3.452648e-03
 27  3.272952e-03
 28  3.068882e-03
 29  2.825551e-03
 30  2.607077e-03
 31  2.345600e-03
 32  2.089536e-03
 33  1.840139e-03
 34  1.576924e-03
 35  1.352753e-03
 36  1.124471e-03
 37  9.427684e-04
 Iteration CPU time: 8 s
 CFIE residual: 0.000942768

 Iseg, Irank, Idinc : 1, 35, 37
 Thata, Phi : 90.000000, 36.000000
 Maximun iteration: 300
 Number of recycle truncation: 30
 Final matrix dimension:  36708
 Residual error:0.001000
 0  6.234368e-01
 1  3.155113e-01
 2  1.926547e-01
 3  1.228773e-01
 4  8.516252e-02
 5  6.230382e-02
 6  4.770815e-02
 7  3.631233e-02
 8  2.835495e-02
 9  2.248287e-02
 10  1.737346e-02
 11  1.428145e-02
 12  1.201270e-02
 13  1.031132e-02
 14  9.184825e-03
 15  8.065932e-03
 16  7.239189e-03
 17  6.675192e-03
 18  6.124046e-03
 19  5.756432e-03
 20  5.455507e-03
 21  5.152628e-03
 22  4.874527e-03
 23  4.585018e-03
 24  4.187316e-03
 25  3.769666e-03
 26  3.367018e-03
 27  2.900302e-03
 28  2.456045e-03
 29  2.063801e-03
 30  1.716278e-03
 31  1.443410e-03
 32  1.211231e-03
 33  1.007202e-03
 34  8.361412e-04
 Iteration CPU time: 8 s
 CFIE residual: 0.000836141

 Iseg, Irank, Idinc : 1, 36, 142
 Thata, Phi : 90.000000, 141.000000
 Maximun iteration: 300
 Number of recycle truncation: 30
 Final matrix dimension:  36708
 Residual error:0.001000
 0  6.872239e-01
 1  3.503164e-01
 2  2.107693e-01
 3  1.437362e-01
 4  1.026717e-01
 5  7.721329e-02
 6  5.947383e-02
 7  4.696173e-02
 8  3.871239e-02
 9  3.292679e-02
 10  2.855317e-02
 11  2.477060e-02
 12  2.195601e-02
 13  1.902279e-02
 14  1.642352e-02
 15  1.482756e-02
 16  1.335056e-02
 17  1.205586e-02
 18  1.117331e-02
 19  1.032719e-02
 20  9.768318e-03
 21  9.280653e-03
 22  8.789795e-03
 23  8.310358e-03
 24  7.811023e-03
 25  7.301632e-03
 26  6.758946e-03
 27  6.126266e-03
 28  5.415768e-03
 29  4.729732e-03
 30  4.047122e-03
 31  3.440277e-03
 32  2.823576e-03
 33  2.292661e-03
 34  1.822891e-03
 35  1.458014e-03
 36  1.153850e-03
 37  9.152833e-04
 Iteration CPU time: 8 s
 CFIE residual: 0.000915283

 Iseg, Irank, Idinc : 1, 37, 87
 Thata, Phi : 90.000000, 86.000000
 Maximun iteration: 300
 Number of recycle truncation: 30
 Final matrix dimension:  36708
 Residual error:0.001000
 0  6.016374e-01
 1  3.463728e-01
 2  2.183677e-01
 3  1.492489e-01
 4  1.092008e-01
 5  8.394793e-02
 6  6.466679e-02
 7  5.090909e-02
 8  4.218545e-02
 9  3.464227e-02
 10  2.858373e-02
 11  2.401546e-02
 12  2.097550e-02
 13  1.889407e-02
 14  1.735984e-02
 15  1.599917e-02
 16  1.498193e-02
 17  1.405667e-02
 18  1.342638e-02
 19  1.286531e-02
 20  1.215899e-02
 21  1.141786e-02
 22  1.053869e-02
 23  9.499019e-03
 24  8.306909e-03
 25  7.275248e-03
 26  6.142661e-03
 27  5.206496e-03
 28  4.320791e-03
 29  3.625703e-03
 30  3.105289e-03
 31  2.531980e-03
 32  2.112342e-03
 33  1.737136e-03
 34  1.414764e-03
 35  1.153602e-03
 36  9.094090e-04
 Iteration CPU time: 8 s
 CFIE residual: 0.000909409

 Iseg, Irank, Idinc : 1, 38, 13
 Thata, Phi : 90.000000, 12.000000
 Maximun iteration: 300
 Number of recycle truncation: 30
 Final matrix dimension:  36708
 Residual error:0.001000
 0  5.746992e-01
 1  2.841793e-01
 2  1.781836e-01
 3  1.238125e-01
 4  8.966807e-02
 5  6.691888e-02
 6  5.066877e-02
 7  3.992374e-02
 8  3.128891e-02
 9  2.439585e-02
 10  1.951051e-02
 11  1.555776e-02
 12  1.268403e-02
 13  1.031279e-02
 14  8.691173e-03
 15  7.311366e-03
 16  6.265913e-03
 17  5.441087e-03
 18  4.822081e-03
 19  4.287711e-03
 20  3.857877e-03
 21  3.556726e-03
 22  3.258759e-03
 23  3.018801e-03
 24  2.866951e-03
 25  2.714676e-03
 26  2.577782e-03
 27  2.427807e-03
 28  2.272981e-03
 29  2.137548e-03
 30  1.998940e-03
 31  1.849905e-03
 32  1.673698e-03
 33  1.481540e-03
 34  1.287577e-03
 35  1.089666e-03
 36  8.922958e-04
 Iteration CPU time: 8 s
 CFIE residual: 0.000892296

 Iseg, Irank, Idinc : 1, 39, 68
 Thata, Phi : 90.000000, 67.000000
 Maximun iteration: 300
 Number of recycle truncation: 30
 Final matrix dimension:  36708
 Residual error:0.001000
 0  6.451082e-01
 1  3.688158e-01
 2  2.365534e-01
 3  1.511283e-01
 4  1.078459e-01
 5  8.439416e-02
 6  6.482477e-02
 7  5.099848e-02
 8  4.219079e-02
 9  3.451069e-02
 10  2.763111e-02
 11  2.311589e-02
 12  1.999337e-02
 13  1.773375e-02
 14  1.646147e-02
 15  1.547509e-02
 16  1.467495e-02
 17  1.398012e-02
 18  1.313227e-02
 19  1.212162e-02
 20  1.107488e-02
 21  1.000491e-02
 22  8.978588e-03
 23  7.798619e-03
 24  6.654128e-03
 25  5.487768e-03
 26  4.579412e-03
 27  3.828486e-03
 28  3.208456e-03
 29  2.697621e-03
 30  2.180635e-03
 31  1.787631e-03
 32  1.455645e-03
 33  1.208450e-03
 34  9.476762e-04
 Iteration CPU time: 8 s
 CFIE residual: 0.000947676

 Iseg, Irank, Idinc : 1, 40, 112
 Thata, Phi : 90.000000, 111.000000
 Maximun iteration: 300
 Number of recycle truncation: 30
 Final matrix dimension:  36708
 Residual error:0.001000
 0  6.303917e-01
 1  3.487628e-01
 2  2.178384e-01
 3  1.481831e-01
 4  1.052608e-01
 5  7.807803e-02
 6  6.052650e-02
 7  4.764467e-02
 8  3.849171e-02
 9  3.122674e-02
 10  2.529011e-02
 11  2.093505e-02
 12  1.783338e-02
 13  1.554538e-02
 14  1.382736e-02
 15  1.231007e-02
 16  1.128730e-02
 17  1.054018e-02
 18  9.899375e-03
 19  9.398876e-03
 20  8.975519e-03
 21  8.490000e-03
 22  8.042430e-03
 23  7.551142e-03
 24  7.014042e-03
 25  6.443008e-03
 26  5.829583e-03
 27  5.054898e-03
 28  4.369014e-03
 29  3.667795e-03
 30  3.067139e-03
 31  2.520761e-03
 32  2.043291e-03
 33  1.619860e-03
 34  1.256779e-03
 35  9.732975e-04
 Iteration CPU time: 8 s
 CFIE residual: 0.000973297
 Last Built End in Sep 22 2025 09:01:48
 Total CPU time: 344 s
 Finished.
