 Last Built Begin in Sep 21 2025 00:06:12
 Pre-Type( Input ):           10
 Skl-Tol ( Input ):    1.0000000000000001E-005
 Wavelength in freespace: 0.0302419

 ################################################
 ##         Generating Required Mesh          ##
 ##         Waiting.....                      ##
 ################################################
 Subd No.      Subd Name
    1    Open-Duct_PRIME_model_meshAA1                                     
 isub,  nnode, npatch,  nedge:
    1      6118     12236     18354
 Scale Factor         >>   1.54999997E-02
 ################################################

 START TIME: 20250922   043128.906


 Informaton for IE geometry:
 number of subdomains     : 1
 maxnode,maxpatch,maxedge : 6118  12236  18354
 
 Index of Mat-Reg: 1
 Mat-Reg Number via MatFlg: 1
 Edge Number of Mat-Reg: 1, 18354

 Number of Edge on PEC: 18354
 Mat-Reg: No Dim(m) Lmax:
    1 0.237    5
 Totlmax, add1, add2:           5           6           7
 rlengmax of Global MLFMA >>   0.23709054440353336     
 Lmax of Global MLFMA >>            5
 Wavenum of Mat-Reg:
    1 1.000

 total area in sq m           =      0.0510
 total area in sq lambda      =     55.7308
 maxnode, maxpatch, maxedge           =     6118    12236    18354
 longest  edge in lambda              =      0.1543
 shortest edge in lambda              =      0.0073
 average  edge in lambda              =      0.1030
 largest  patch area in sq lambda     =      0.0081
 smallest patch area in sq lambda     =      0.0000
 ave    surface area in sq lambda     =      0.0046
 size range of the object in sq lambda =      7.5869

 #### MLFMA Info For Each Region ####
 Mat-Region =            1
 Array dimension parameters:
 maxrule=          14   maxgrid  =          64
 lmax   =           5   ncmax    =        1250
 lsmax  =          26   lsmin    =           7
 kpm    =        1356   kp0      =         102
 ntlm   =      212856   nsm      =      230886
 nkpm   =        2178   niplm    =      139392
 ngnearm=       14257   ngsndm   =       64634
 nearm  =         333   mfinestm =         119
 ###############################

 CFIE Alpha:  0.50000000000000000     

 Fill MLFMA FI for Mat-Reg:           1
 Begin filltl.f
 fill translation matrix
 Level:            2
 fill shifting matrix
 Level:            3
 fill shifting matrix
 Level:            4
 fill shifting matrix
 Level:            5
 fill shifting matrix
 translator time(s):  0.119000003    
 fill interpolation matrix
 ThetaOrder            8
 PhiOrder            8
 lsl            7
 Filling TL                  Delta_CPU=          0.54 Memory(MB)=        653.71
 Filling sndgrp              Delta_CPU=          0.00 Memory(MB)=        653.71
 Filling VFS                 Delta_CPU=          3.18 Memory(MB)=        653.71

 Fill MLFMA NI for Mat-Reg:           1
 Begin fill sparser part of Nearfield
 Begin fill denser part of Nearfield
 End fill
 Filling Amn                 Delta_CPU=         90.80 Memory(MB)=        653.71


 Now testing preconditioner with
 ipretype =           10
 method = cfie_solve_nfrasspspre_pardiso

  
 NBP>>Begin fill sparser part of Nearfield

116.5453% NBP>>Begin fill denser part of Nearfield

200.1041%
 Begin MLFMA Box-Matrix Based Spar-RAS Prec Constructor
 --- Intel MKL PARDISO --- 
 Memory for iGroup: 1 0 MB
 Total Memory For SparRAS Pre: 0 MB
 --- PARDISO PRECONDITIONER INITIALIZED --- 
 Constructing preconditioner CPU time: 4 s
 
 1101240
 Memory for Iteration:: 16.8036 MB

 Iseg, Ninc_S : 1, 181, 0

 Iseg, Skeleton Angles: 1, 40
 Iseg, Skel-Pk Mem(MB): 1, 314.35

 Iseg, Irank, Idinc : 1, 1, 22
 Thata, Phi : 90.000000, 21.000000
 Maximun iteration: 300
 Number of recycle truncation: 30
 Final matrix dimension:  36708
 Residual error:0.001000
 0  6.175040e-01
 1  2.916996e-01
 2  1.675274e-01
 3  1.139362e-01
 4  7.979146e-02
 5  5.900512e-02
 6  4.500143e-02
 7  3.490569e-02
 8  2.769920e-02
 9  2.231514e-02
 10  1.754386e-02
 11  1.381230e-02
 12  1.092854e-02
 13  8.920299e-03
 14  7.375565e-03
 15  6.134128e-03
 16  5.036630e-03
 17  4.212094e-03
 18  3.483810e-03
 19  2.979421e-03
 20  2.542450e-03
 21  2.155392e-03
 22  1.844867e-03
 23  1.644478e-03
 24  1.502574e-03
 25  1.381622e-03
 26  1.285288e-03
 27  1.213704e-03
 28  1.154096e-03
 29  1.103786e-03
 30  1.056534e-03
 31  1.006244e-03
 32  9.592040e-04
 Iteration CPU time: 7 s
 CFIE residual: 0.000959204

 Iseg, Irank, Idinc : 1, 2, 42
 Thata, Phi : 90.000000, 41.000000
 Maximun iteration: 300
 Number of recycle truncation: 30
 Final matrix dimension:  36708
 Residual error:0.001000
 0  6.285234e-01
 1  3.150309e-01
 2  1.993437e-01
 3  1.292244e-01
 4  8.844081e-02
 5  6.484301e-02
 6  4.775498e-02
 7  3.654410e-02
 8  2.800720e-02
 9  2.112599e-02
 10  1.613671e-02
 11  1.260880e-02
 12  1.012178e-02
 13  8.326544e-03
 14  6.767518e-03
 15  5.429149e-03
 16  4.483335e-03
 17  3.818674e-03
 18  3.339942e-03
 19  2.979832e-03
 20  2.692395e-03
 21  2.470870e-03
 22  2.289974e-03
 23  2.154429e-03
 24  2.042774e-03
 25  1.955421e-03
 26  1.843084e-03
 27  1.740947e-03
 28  1.628023e-03
 29  1.478155e-03
 30  1.325321e-03
 31  1.160665e-03
 32  9.903037e-04
 Iteration CPU time: 7 s
 CFIE residual: 0.000990304

 Iseg, Irank, Idinc : 1, 3, 109
 Thata, Phi : 90.000000, 108.000000
 Maximun iteration: 300
 Number of recycle truncation: 30
 Final matrix dimension:  36708
 Residual error:0.001000
 0  6.275350e-01
 1  3.543260e-01
 2  2.217802e-01
 3  1.530352e-01
 4  1.070388e-01
 5  8.075370e-02
 6  6.205627e-02
 7  4.779598e-02
 8  3.844759e-02
 9  3.084330e-02
 10  2.374582e-02
 11  1.867008e-02
 12  1.547218e-02
 13  1.264521e-02
 14  1.024064e-02
 15  8.367702e-03
 16  6.930523e-03
 17  5.778105e-03
 18  4.848985e-03
 19  4.108201e-03
 20  3.599743e-03
 21  3.116489e-03
 22  2.765453e-03
 23  2.531883e-03
 24  2.336493e-03
 25  2.190937e-03
 26  2.074120e-03
 27  1.971871e-03
 28  1.864106e-03
 29  1.749802e-03
 30  1.611933e-03
 31  1.452399e-03
 32  1.267659e-03
 33  1.079891e-03
 34  8.892402e-04
 Iteration CPU time: 8 s
 CFIE residual: 0.00088924

 Iseg, Irank, Idinc : 1, 4, 64
 Thata, Phi : 90.000000, 63.000000
 Maximun iteration: 300
 Number of recycle truncation: 30
 Final matrix dimension:  36708
 Residual error:0.001000
 0  6.621786e-01
 1  3.578272e-01
 2  2.228199e-01
 3  1.435025e-01
 4  1.029303e-01
 5  7.845277e-02
 6  5.953030e-02
 7  4.593151e-02
 8  3.729456e-02
 9  2.949108e-02
 10  2.301567e-02
 11  1.793250e-02
 12  1.394515e-02
 13  1.132884e-02
 14  9.343252e-03
 15  7.664706e-03
 16  6.736811e-03
 17  5.961934e-03
 18  5.311281e-03
 19  4.786831e-03
 20  4.365709e-03
 21  4.025874e-03
 22  3.809396e-03
 23  3.626976e-03
 24  3.457605e-03
 25  3.267472e-03
 26  3.056825e-03
 27  2.800252e-03
 28  2.534129e-03
 29  2.204176e-03
 30  1.845984e-03
 31  1.506944e-03
 32  1.249243e-03
 33  1.017290e-03
 34  8.182963e-04
 Iteration CPU time: 8 s
 CFIE residual: 0.000818296

 Iseg, Irank, Idinc : 1, 5, 147
 Thata, Phi : 90.000000, 146.000000
 Maximun iteration: 300
 Number of recycle truncation: 30
 Final matrix dimension:  36708
 Residual error:0.001000
 0  6.538255e-01
 1  3.450546e-01
 2  2.090756e-01
 3  1.422828e-01
 4  1.035168e-01
 5  7.876649e-02
 6  6.228442e-02
 7  4.846610e-02
 8  4.051982e-02
 9  3.455057e-02
 10  2.915407e-02
 11  2.456105e-02
 12  2.030386e-02
 13  1.643032e-02
 14  1.332836e-02
 15  1.067555e-02
 16  8.636124e-03
 17  7.233637e-03
 18  5.868169e-03
 19  4.790811e-03
 20  3.854261e-03
 21  3.165999e-03
 22  2.672532e-03
 23  2.285208e-03
 24  2.016100e-03
 25  1.786346e-03
 26  1.624138e-03
 27  1.513007e-03
 28  1.429880e-03
 29  1.351150e-03
 30  1.278877e-03
 31  1.205901e-03
 32  1.130110e-03
 33  1.029160e-03
 34  9.131166e-04
 Iteration CPU time: 8 s
 CFIE residual: 0.000913117

 Iseg, Irank, Idinc : 1, 6, 136
 Thata, Phi : 90.000000, 135.000000
 Maximun iteration: 300
 Number of recycle truncation: 30
 Final matrix dimension:  36708
 Residual error:0.001000
 0  7.000847e-01
 1  3.565823e-01
 2  2.227397e-01
 3  1.515211e-01
 4  1.098694e-01
 5  8.289959e-02
 6  6.338057e-02
 7  4.970515e-02
 8  4.006193e-02
 9  3.161750e-02
 10  2.584798e-02
 11  2.107247e-02
 12  1.692181e-02
 13  1.367082e-02
 14  1.092714e-02
 15  8.845905e-03
 16  7.327421e-03
 17  5.895052e-03
 18  4.928124e-03
 19  4.104906e-03
 20  3.462645e-03
 21  3.033360e-03
 22  2.675678e-03
 23  2.414596e-03
 24  2.225644e-03
 25  2.081732e-03
 26  1.954111e-03
 27  1.840266e-03
 28  1.760100e-03
 29  1.668730e-03
 30  1.573904e-03
 31  1.469974e-03
 32  1.352681e-03
 33  1.231713e-03
 34  1.119028e-03
 35  1.001048e-03
 36  8.645201e-04
 Iteration CPU time: 8 s
 CFIE residual: 0.00086452

 Iseg, Irank, Idinc : 1, 7, 87
 Thata, Phi : 90.000000, 86.000000
 Maximun iteration: 300
 Number of recycle truncation: 30
 Final matrix dimension:  36708
 Residual error:0.001000
 0  6.156338e-01
 1  3.496014e-01
 2  2.252982e-01
 3  1.539258e-01
 4  1.106639e-01
 5  8.524241e-02
 6  6.575722e-02
 7  5.191364e-02
 8  4.189979e-02
 9  3.433874e-02
 10  2.675309e-02
 11  2.049719e-02
 12  1.642713e-02
 13  1.356874e-02
 14  1.115121e-02
 15  9.278699e-03
 16  7.651436e-03
 17  6.580784e-03
 18  5.727923e-03
 19  5.129628e-03
 20  4.670664e-03
 21  4.343615e-03
 22  4.059213e-03
 23  3.829716e-03
 24  3.607373e-03
 25  3.429687e-03
 26  3.246456e-03
 27  3.023681e-03
 28  2.799550e-03
 29  2.554539e-03
 30  2.277237e-03
 31  1.983094e-03
 32  1.667711e-03
 33  1.388176e-03
 34  1.149466e-03
 35  9.360800e-04
 Iteration CPU time: 8 s
 CFIE residual: 0.00093608

 Iseg, Irank, Idinc : 1, 8, 74
 Thata, Phi : 90.000000, 73.000000
 Maximun iteration: 300
 Number of recycle truncation: 30
 Final matrix dimension:  36708
 Residual error:0.001000
 0  6.384486e-01
 1  3.642761e-01
 2  2.367313e-01
 3  1.484721e-01
 4  1.037463e-01
 5  7.892300e-02
 6  6.204958e-02
 7  4.804430e-02
 8  3.882068e-02
 9  3.137929e-02
 10  2.448264e-02
 11  1.949473e-02
 12  1.596637e-02
 13  1.318856e-02
 14  1.101948e-02
 15  9.122147e-03
 16  7.766168e-03
 17  6.814671e-03
 18  6.071825e-03
 19  5.480967e-03
 20  4.968523e-03
 21  4.583841e-03
 22  4.304769e-03
 23  4.073251e-03
 24  3.892329e-03
 25  3.686221e-03
 26  3.471816e-03
 27  3.203163e-03
 28  2.941079e-03
 29  2.675417e-03
 30  2.342993e-03
 31  1.971725e-03
 32  1.630641e-03
 33  1.324690e-03
 34  1.030328e-03
 35  8.170795e-04
 Iteration CPU time: 8 s
 CFIE residual: 0.000817079

 Iseg, Irank, Idinc : 1, 9, 159
 Thata, Phi : 90.000000, 158.000000
 Maximun iteration: 300
 Number of recycle truncation: 30
 Final matrix dimension:  36708
 Residual error:0.001000
 0  6.136226e-01
 1  3.143971e-01
 2  1.918640e-01
 3  1.300097e-01
 4  9.923770e-02
 5  7.892087e-02
 6  6.366011e-02
 7  5.108685e-02
 8  4.371940e-02
 9  3.752460e-02
 10  3.154363e-02
 11  2.598583e-02
 12  2.198123e-02
 13  1.781554e-02
 14  1.444539e-02
 15  1.176867e-02
 16  9.762760e-03
 17  7.927155e-03
 18  6.465426e-03
 19  5.301983e-03
 20  4.224399e-03
 21  3.518604e-03
 22  2.954413e-03
 23  2.505151e-03
 24  2.131252e-03
 25  1.840833e-03
 26  1.615066e-03
 27  1.466074e-03
 28  1.343836e-03
 29  1.274098e-03
 30  1.218929e-03
 31  1.172937e-03
 32  1.116784e-03
 33  1.050173e-03
 34  9.835948e-04
 Iteration CPU time: 8 s
 CFIE residual: 0.000983595

 Iseg, Irank, Idinc : 1, 10, 123
 Thata, Phi : 90.000000, 122.000000
 Maximun iteration: 300
 Number of recycle truncation: 30
 Final matrix dimension:  36708
 Residual error:0.001000
 0  6.525854e-01
 1  3.421081e-01
 2  2.241678e-01
 3  1.565581e-01
 4  1.115379e-01
 5  8.333664e-02
 6  6.478126e-02
 7  5.054410e-02
 8  3.903965e-02
 9  3.017226e-02
 10  2.433314e-02
 11  1.923832e-02
 12  1.526882e-02
 13  1.225246e-02
 14  1.006570e-02
 15  8.452359e-03
 16  7.164760e-03
 17  6.038728e-03
 18  5.059789e-03
 19  4.386312e-03
 20  3.874243e-03
 21  3.398191e-03
 22  3.056445e-03
 23  2.772082e-03
 24  2.574047e-03
 25  2.394136e-03
 26  2.247042e-03
 27  2.132731e-03
 28  2.034810e-03
 29  1.942729e-03
 30  1.849429e-03
 31  1.734295e-03
 32  1.577998e-03
 33  1.422478e-03
 34  1.253964e-03
 35  1.096550e-03
 36  9.125715e-04
 Iteration CPU time: 8 s
 CFIE residual: 0.000912571

 Iseg, Irank, Idinc : 1, 11, 53
 Thata, Phi : 90.000000, 52.000000
 Maximun iteration: 300
 Number of recycle truncation: 30
 Final matrix dimension:  36708
 Residual error:0.001000
 0  6.505521e-01
 1  3.389087e-01
 2  2.083659e-01
 3  1.344243e-01
 4  9.628871e-02
 5  7.155705e-02
 6  5.456113e-02
 7  4.270263e-02
 8  3.268382e-02
 9  2.440362e-02
 10  1.907656e-02
 11  1.477989e-02
 12  1.173161e-02
 13  9.467515e-03
 14  7.851882e-03
 15  6.652226e-03
 16  5.611282e-03
 17  4.798707e-03
 18  4.223450e-03
 19  3.810828e-03
 20  3.439917e-03
 21  3.197457e-03
 22  3.031575e-03
 23  2.883830e-03
 24  2.724994e-03
 25  2.596280e-03
 26  2.416023e-03
 27  2.200622e-03
 28  1.971823e-03
 29  1.728859e-03
 30  1.479640e-03
 31  1.242339e-03
 32  1.038563e-03
 33  8.662443e-04
 Iteration CPU time: 8 s
 CFIE residual: 0.000866244

 Iseg, Irank, Idinc : 1, 12, 32
 Thata, Phi : 90.000000, 31.000000
 Maximun iteration: 300
 Number of recycle truncation: 30
 Final matrix dimension:  36708
 Residual error:0.001000
 0  6.322692e-01
 1  3.055681e-01
 2  1.802011e-01
 3  1.138853e-01
 4  8.010400e-02
 5  5.891148e-02
 6  4.301437e-02
 7  3.245506e-02
 8  2.555195e-02
 9  2.037445e-02
 10  1.618006e-02
 11  1.290536e-02
 12  1.025300e-02
 13  8.493827e-03
 14  6.748826e-03
 15  5.570814e-03
 16  4.605191e-03
 17  3.891440e-03
 18  3.257575e-03
 19  2.825451e-03
 20  2.451534e-03
 21  2.165242e-03
 22  1.938680e-03
 23  1.782260e-03
 24  1.667428e-03
 25  1.568176e-03
 26  1.477942e-03
 27  1.407391e-03
 28  1.336141e-03
 29  1.267106e-03
 30  1.192724e-03
 31  1.101746e-03
 32  1.008020e-03
 33  9.048825e-04
 Iteration CPU time: 7 s
 CFIE residual: 0.000904883

 Iseg, Irank, Idinc : 1, 13, 10
 Thata, Phi : 90.000000, 9.000000
 Maximun iteration: 300
 Number of recycle truncation: 30
 Final matrix dimension:  36708
 Residual error:0.001000
 0  5.400584e-01
 1  2.748211e-01
 2  1.736638e-01
 3  1.233325e-01
 4  8.860109e-02
 5  6.640463e-02
 6  5.126334e-02
 7  3.934696e-02
 8  3.088451e-02
 9  2.440534e-02
 10  1.880612e-02
 11  1.485087e-02
 12  1.172959e-02
 13  9.629586e-03
 14  7.705275e-03
 15  6.151790e-03
 16  5.022532e-03
 17  4.218411e-03
 18  3.562608e-03
 19  3.045606e-03
 20  2.597027e-03
 21  2.264350e-03
 22  1.914619e-03
 23  1.686972e-03
 24  1.490458e-03
 25  1.353160e-03
 26  1.231914e-03
 27  1.145928e-03
 28  1.069045e-03
 29  1.010004e-03
 30  9.507025e-04
 Iteration CPU time: 7 s
 CFIE residual: 0.000950703

 Iseg, Irank, Idinc : 1, 14, 178
 Thata, Phi : 90.000000, 177.000000
 Maximun iteration: 300
 Number of recycle truncation: 30
 Final matrix dimension:  36708
 Residual error:0.001000
 0  5.688002e-01
 1  2.999894e-01
 2  1.903511e-01
 3  1.337158e-01
 4  1.047358e-01
 5  8.083772e-02
 6  6.515133e-02
 7  5.499598e-02
 8  4.511168e-02
 9  3.532056e-02
 10  2.775200e-02
 11  2.236011e-02
 12  1.824680e-02
 13  1.440256e-02
 14  1.185198e-02
 15  9.185474e-03
 16  7.321822e-03
 17  5.912604e-03
 18  4.908277e-03
 19  3.953016e-03
 20  3.141151e-03
 21  2.615320e-03
 22  2.193938e-03
 23  1.876131e-03
 24  1.592498e-03
 25  1.326508e-03
 26  1.110882e-03
 27  9.466946e-04
 Iteration CPU time: 6 s
 CFIE residual: 0.000946695

 Iseg, Irank, Idinc : 1, 15, 95
 Thata, Phi : 90.000000, 94.000000
 Maximun iteration: 300
 Number of recycle truncation: 30
 Final matrix dimension:  36708
 Residual error:0.001000
 0  6.125859e-01
 1  3.495825e-01
 2  2.212570e-01
 3  1.472568e-01
 4  1.054884e-01
 5  8.140014e-02
 6  6.308540e-02
 7  5.033097e-02
 8  4.018743e-02
 9  3.222965e-02
 10  2.578419e-02
 11  2.043443e-02
 12  1.677317e-02
 13  1.383140e-02
 14  1.135766e-02
 15  9.489270e-03
 16  7.753524e-03
 17  6.553025e-03
 18  5.602830e-03
 19  4.879238e-03
 20  4.360256e-03
 21  3.954790e-03
 22  3.620700e-03
 23  3.393413e-03
 24  3.155440e-03
 25  3.008971e-03
 26  2.878770e-03
 27  2.746889e-03
 28  2.584213e-03
 29  2.361727e-03
 30  2.117615e-03
 31  1.864907e-03
 32  1.579385e-03
 33  1.337292e-03
 34  1.117324e-03
 35  9.326497e-04
 Iteration CPU time: 8 s
 CFIE residual: 0.00093265

 Iseg, Irank, Idinc : 1, 16, 102
 Thata, Phi : 90.000000, 101.000000
 Maximun iteration: 300
 Number of recycle truncation: 30
 Final matrix dimension:  36708
 Residual error:0.001000
 0  6.131887e-01
 1  3.494974e-01
 2  2.192024e-01
 3  1.486565e-01
 4  1.042395e-01
 5  7.836223e-02
 6  6.051834e-02
 7  4.732966e-02
 8  3.754197e-02
 9  3.086030e-02
 10  2.504225e-02
 11  1.998754e-02
 12  1.605011e-02
 13  1.326429e-02
 14  1.094132e-02
 15  8.772943e-03
 16  7.307818e-03
 17  6.149519e-03
 18  5.175934e-03
 19  4.486443e-03
 20  3.986510e-03
 21  3.523981e-03
 22  3.134277e-03
 23  2.909127e-03
 24  2.689245e-03
 25  2.541800e-03
 26  2.422410e-03
 27  2.316763e-03
 28  2.195767e-03
 29  2.049184e-03
 30  1.890026e-03
 31  1.694560e-03
 32  1.480443e-03
 33  1.257763e-03
 34  1.036201e-03
 35  8.309024e-04
 Iteration CPU time: 8 s
 CFIE residual: 0.000830902

 Iseg, Irank, Idinc : 1, 17, 80
 Thata, Phi : 90.000000, 79.000000
 Maximun iteration: 300
 Number of recycle truncation: 30
 Final matrix dimension:  36708
 Residual error:0.001000
 0  6.219542e-01
 1  3.553874e-01
 2  2.298563e-01
 3  1.490321e-01
 4  1.071726e-01
 5  8.238979e-02
 6  6.350679e-02
 7  5.042790e-02
 8  3.973211e-02
 9  3.268223e-02
 10  2.545494e-02
 11  1.966476e-02
 12  1.570427e-02
 13  1.308340e-02
 14  1.080926e-02
 15  9.197020e-03
 16  7.868863e-03
 17  6.683837e-03
 18  5.858572e-03
 19  5.254226e-03
 20  4.774832e-03
 21  4.434148e-03
 22  4.172686e-03
 23  3.954318e-03
 24  3.752827e-03
 25  3.559227e-03
 26  3.365080e-03
 27  3.123452e-03
 28  2.914153e-03
 29  2.684647e-03
 30  2.387057e-03
 31  2.068853e-03
 32  1.728304e-03
 33  1.445759e-03
 34  1.150356e-03
 35  9.570621e-04
 Iteration CPU time: 8 s
 CFIE residual: 0.000957062

 Iseg, Irank, Idinc : 1, 18, 168
 Thata, Phi : 90.000000, 167.000000
 Maximun iteration: 300
 Number of recycle truncation: 30
 Final matrix dimension:  36708
 Residual error:0.001000
 0  5.823833e-01
 1  3.017652e-01
 2  1.888403e-01
 3  1.330108e-01
 4  1.043290e-01
 5  8.201807e-02
 6  6.753228e-02
 7  5.536234e-02
 8  4.615958e-02
 9  3.841605e-02
 10  3.252209e-02
 11  2.719515e-02
 12  2.284434e-02
 13  1.855584e-02
 14  1.533748e-02
 15  1.245966e-02
 16  1.031077e-02
 17  8.350934e-03
 18  6.553925e-03
 19  5.409166e-03
 20  4.370888e-03
 21  3.504894e-03
 22  2.919348e-03
 23  2.480979e-03
 24  2.021879e-03
 25  1.654886e-03
 26  1.391216e-03
 27  1.203748e-03
 28  1.070472e-03
 29  9.862162e-04
 Iteration CPU time: 7 s
 CFIE residual: 0.000986216

 Iseg, Irank, Idinc : 1, 19, 1
 Thata, Phi : 90.000000, 0.000000
 Maximun iteration: 300
 Number of recycle truncation: 30
 Final matrix dimension:  36708
 Residual error:0.001000
 0  5.107164e-01
 1  2.680082e-01
 2  1.738931e-01
 3  1.213684e-01
 4  8.591492e-02
 5  6.511191e-02
 6  5.092629e-02
 7  3.830100e-02
 8  2.909473e-02
 9  2.312972e-02
 10  1.747416e-02
 11  1.413167e-02
 12  1.137282e-02
 13  8.856786e-03
 14  7.130944e-03
 15  5.674929e-03
 16  4.622287e-03
 17  3.821630e-03
 18  3.215421e-03
 19  2.752885e-03
 20  2.361439e-03
 21  2.048138e-03
 22  1.767381e-03
 23  1.504387e-03
 24  1.285734e-03
 25  1.119735e-03
 26  1.015548e-03
 27  9.460586e-04
 Iteration CPU time: 6 s
 CFIE residual: 0.000946059

 Iseg, Irank, Idinc : 1, 20, 116
 Thata, Phi : 90.000000, 115.000000
 Maximun iteration: 300
 Number of recycle truncation: 30
 Final matrix dimension:  36708
 Residual error:0.001000
 0  6.453943e-01
 1  3.485252e-01
 2  2.190059e-01
 3  1.533601e-01
 4  1.091341e-01
 5  8.034525e-02
 6  6.138838e-02
 7  4.767693e-02
 8  3.852382e-02
 9  2.994935e-02
 10  2.321158e-02
 11  1.810871e-02
 12  1.488452e-02
 13  1.228352e-02
 14  9.845418e-03
 15  8.067330e-03
 16  6.748449e-03
 17  5.640062e-03
 18  4.782237e-03
 19  4.132226e-03
 20  3.642822e-03
 21  3.207641e-03
 22  2.871930e-03
 23  2.618820e-03
 24  2.420698e-03
 25  2.265680e-03
 26  2.131937e-03
 27  2.026793e-03
 28  1.939769e-03
 29  1.836513e-03
 30  1.710285e-03
 31  1.570447e-03
 32  1.376603e-03
 33  1.164512e-03
 34  9.521273e-04
 Iteration CPU time: 8 s
 CFIE residual: 0.000952127

 Iseg, Irank, Idinc : 1, 21, 153
 Thata, Phi : 90.000000, 152.000000
 Maximun iteration: 300
 Number of recycle truncation: 30
 Final matrix dimension:  36708
 Residual error:0.001000
 0  6.338635e-01
 1  3.296951e-01
 2  2.016751e-01
 3  1.350713e-01
 4  1.005831e-01
 5  7.839983e-02
 6  6.229287e-02
 7  4.921051e-02
 8  4.145166e-02
 9  3.525780e-02
 10  3.002987e-02
 11  2.476410e-02
 12  2.026395e-02
 13  1.661525e-02
 14  1.364683e-02
 15  1.114698e-02
 16  9.056261e-03
 17  7.323930e-03
 18  5.972605e-03
 19  4.990251e-03
 20  4.012171e-03
 21  3.338967e-03
 22  2.818118e-03
 23  2.419721e-03
 24  2.070962e-03
 25  1.834459e-03
 26  1.641729e-03
 27  1.512749e-03
 28  1.404635e-03
 29  1.334097e-03
 30  1.275821e-03
 31  1.218173e-03
 32  1.156601e-03
 33  1.061407e-03
 34  9.614858e-04
 Iteration CPU time: 8 s
 CFIE residual: 0.000961486

 Iseg, Irank, Idinc : 1, 22, 16
 Thata, Phi : 90.000000, 15.000000
 Maximun iteration: 300
 Number of recycle truncation: 30
 Final matrix dimension:  36708
 Residual error:0.001000
 0  5.786354e-01
 1  2.829808e-01
 2  1.719596e-01
 3  1.202350e-01
 4  8.507429e-02
 5  6.367340e-02
 6  5.008759e-02
 7  3.862312e-02
 8  3.015041e-02
 9  2.388383e-02
 10  1.906139e-02
 11  1.507563e-02
 12  1.159280e-02
 13  9.287623e-03
 14  7.574089e-03
 15  6.273918e-03
 16  5.152133e-03
 17  4.292493e-03
 18  3.582217e-03
 19  3.033201e-03
 20  2.549552e-03
 21  2.182265e-03
 22  1.851061e-03
 23  1.639740e-03
 24  1.474116e-03
 25  1.348098e-03
 26  1.240942e-03
 27  1.166870e-03
 28  1.098957e-03
 29  1.049313e-03
 30  9.988960e-04
 Iteration CPU time: 7 s
 CFIE residual: 0.000998896

 Iseg, Irank, Idinc : 1, 23, 181
 Thata, Phi : 90.000000, 180.000000
 Maximun iteration: 300
 Number of recycle truncation: 30
 Final matrix dimension:  36708
 Residual error:0.001000
 0  5.679352e-01
 1  2.999512e-01
 2  1.902545e-01
 3  1.334714e-01
 4  1.043279e-01
 5  8.003159e-02
 6  6.444824e-02
 7  5.445313e-02
 8  4.449526e-02
 9  3.463970e-02
 10  2.709313e-02
 11  2.131642e-02
 12  1.701541e-02
 13  1.326627e-02
 14  1.069450e-02
 15  8.268501e-03
 16  6.259851e-03
 17  5.072446e-03
 18  4.111495e-03
 19  3.269627e-03
 20  2.671720e-03
 21  2.249047e-03
 22  1.876488e-03
 23  1.548813e-03
 24  1.308940e-03
 25  1.118940e-03
 26  9.506286e-04
 Iteration CPU time: 6 s
 CFIE residual: 0.000950629

 Iseg, Irank, Idinc : 1, 24, 130
 Thata, Phi : 90.000000, 129.000000
 Maximun iteration: 300
 Number of recycle truncation: 30
 Final matrix dimension:  36708
 Residual error:0.001000
 0  6.746608e-01
 1  3.541163e-01
 2  2.280932e-01
 3  1.554666e-01
 4  1.112674e-01
 5  8.471877e-02
 6  6.455217e-02
 7  5.020799e-02
 8  3.964569e-02
 9  3.148397e-02
 10  2.523962e-02
 11  1.974635e-02
 12  1.548259e-02
 13  1.265833e-02
 14  1.051615e-02
 15  8.535674e-03
 16  6.949914e-03
 17  5.661546e-03
 18  4.726256e-03
 19  4.098192e-03
 20  3.569112e-03
 21  3.152030e-03
 22  2.826697e-03
 23  2.581540e-03
 24  2.415582e-03
 25  2.258576e-03
 26  2.126580e-03
 27  1.995852e-03
 28  1.905841e-03
 29  1.817296e-03
 30  1.727509e-03
 31  1.610799e-03
 32  1.479810e-03
 33  1.345485e-03
 34  1.213441e-03
 35  1.056135e-03
 36  8.837883e-04
 Iteration CPU time: 8 s
 CFIE residual: 0.000883788

 Iseg, Irank, Idinc : 1, 25, 58
 Thata, Phi : 90.000000, 57.000000
 Maximun iteration: 300
 Number of recycle truncation: 30
 Final matrix dimension:  36708
 Residual error:0.001000
 0  6.612270e-01
 1  3.448489e-01
 2  2.132193e-01
 3  1.342590e-01
 4  9.573367e-02
 5  7.071964e-02
 6  5.452980e-02
 7  4.283244e-02
 8  3.420859e-02
 9  2.623672e-02
 10  1.979644e-02
 11  1.546217e-02
 12  1.242073e-02
 13  9.780227e-03
 14  8.032322e-03
 15  6.646488e-03
 16  5.814014e-03
 17  5.016018e-03
 18  4.462624e-03
 19  4.103479e-03
 20  3.721987e-03
 21  3.456636e-03
 22  3.308023e-03
 23  3.137222e-03
 24  2.977174e-03
 25  2.814688e-03
 26  2.636096e-03
 27  2.409360e-03
 28  2.155968e-03
 29  1.890565e-03
 30  1.642469e-03
 31  1.350831e-03
 32  1.110711e-03
 33  9.086551e-04
 Iteration CPU time: 7 s
 CFIE residual: 0.000908655

 Iseg, Irank, Idinc : 1, 26, 5
 Thata, Phi : 90.000000, 4.000000
 Maximun iteration: 300
 Number of recycle truncation: 30
 Final matrix dimension:  36708
 Residual error:0.001000
 0  5.172565e-01
 1  2.695963e-01
 2  1.736976e-01
 3  1.219025e-01
 4  8.701967e-02
 5  6.587132e-02
 6  5.074454e-02
 7  3.805969e-02
 8  2.893721e-02
 9  2.344828e-02
 10  1.839905e-02
 11  1.469046e-02
 12  1.145528e-02
 13  9.394308e-03
 14  7.664427e-03
 15  6.148975e-03
 16  5.013681e-03
 17  4.164396e-03
 18  3.469341e-03
 19  3.011548e-03
 20  2.599650e-03
 21  2.264014e-03
 22  1.921036e-03
 23  1.662875e-03
 24  1.451904e-03
 25  1.287282e-03
 26  1.138236e-03
 27  1.050167e-03
 28  9.780992e-04
 Iteration CPU time: 7 s
 CFIE residual: 0.000978099

 Iseg, Irank, Idinc : 1, 27, 173
 Thata, Phi : 90.000000, 172.000000
 Maximun iteration: 300
 Number of recycle truncation: 30
 Final matrix dimension:  36708
 Residual error:0.001000
 0  5.733913e-01
 1  3.002611e-01
 2  1.903891e-01
 3  1.343349e-01
 4  1.057128e-01
 5  8.255039e-02
 6  6.706699e-02
 7  5.610173e-02
 8  4.647092e-02
 9  3.757427e-02
 10  3.062012e-02
 11  2.557008e-02
 12  2.131482e-02
 13  1.743869e-02
 14  1.436759e-02
 15  1.164068e-02
 16  9.748156e-03
 17  7.787963e-03
 18  6.209558e-03
 19  5.019252e-03
 20  3.989912e-03
 21  3.242350e-03
 22  2.699525e-03
 23  2.314014e-03
 24  1.924215e-03
 25  1.571723e-03
 26  1.318776e-03
 27  1.121230e-03
 28  9.828275e-04
 Iteration CPU time: 6 s
 CFIE residual: 0.000982828

 Iseg, Irank, Idinc : 1, 28, 37
 Thata, Phi : 90.000000, 36.000000
 Maximun iteration: 300
 Number of recycle truncation: 30
 Final matrix dimension:  36708
 Residual error:0.001000
 0  6.228075e-01
 1  3.117551e-01
 2  1.920653e-01
 3  1.221031e-01
 4  8.339426e-02
 5  6.140055e-02
 6  4.455956e-02
 7  3.379711e-02
 8  2.624934e-02
 9  2.039384e-02
 10  1.591071e-02
 11  1.259261e-02
 12  1.008580e-02
 13  8.307106e-03
 14  6.711691e-03
 15  5.371928e-03
 16  4.418181e-03
 17  3.761872e-03
 18  3.207413e-03
 19  2.793930e-03
 20  2.472239e-03
 21  2.240824e-03
 22  2.045078e-03
 23  1.909416e-03
 24  1.803590e-03
 25  1.716656e-03
 26  1.620759e-03
 27  1.539448e-03
 28  1.459844e-03
 29  1.362351e-03
 30  1.253733e-03
 31  1.137669e-03
 32  1.021634e-03
 33  8.973297e-04
 Iteration CPU time: 7 s
 CFIE residual: 0.00089733

 Iseg, Irank, Idinc : 1, 29, 142
 Thata, Phi : 90.000000, 141.000000
 Maximun iteration: 300
 Number of recycle truncation: 30
 Final matrix dimension:  36708
 Residual error:0.001000
 0  6.820397e-01
 1  3.513375e-01
 2  2.122191e-01
 3  1.455709e-01
 4  1.065403e-01
 5  8.019459e-02
 6  6.219237e-02
 7  4.888393e-02
 8  4.025171e-02
 9  3.372688e-02
 10  2.791507e-02
 11  2.321085e-02
 12  1.924494e-02
 13  1.574624e-02
 14  1.249879e-02
 15  1.013415e-02
 16  8.126203e-03
 17  6.669884e-03
 18  5.426373e-03
 19  4.402461e-03
 20  3.656704e-03
 21  3.032183e-03
 22  2.623038e-03
 23  2.317907e-03
 24  2.077470e-03
 25  1.900970e-03
 26  1.761737e-03
 27  1.657326e-03
 28  1.582516e-03
 29  1.499564e-03
 30  1.421080e-03
 31  1.329466e-03
 32  1.242306e-03
 33  1.152347e-03
 34  1.054642e-03
 35  9.495142e-04
 Iteration CPU time: 8 s
 CFIE residual: 0.000949514

 Iseg, Irank, Idinc : 1, 30, 69
 Thata, Phi : 90.000000, 68.000000
 Maximun iteration: 300
 Number of recycle truncation: 30
 Final matrix dimension:  36708
 Residual error:0.001000
 0  6.531003e-01
 1  3.656311e-01
 2  2.329150e-01
 3  1.496108e-01
 4  1.073414e-01
 5  8.161767e-02
 6  6.234338e-02
 7  4.868334e-02
 8  4.033159e-02
 9  3.216207e-02
 10  2.510778e-02
 11  1.940533e-02
 12  1.552458e-02
 13  1.282689e-02
 14  1.069600e-02
 15  8.841260e-03
 16  7.559477e-03
 17  6.684850e-03
 18  5.975631e-03
 19  5.373529e-03
 20  4.864211e-03
 21  4.490866e-03
 22  4.235456e-03
 23  4.032313e-03
 24  3.843944e-03
 25  3.643238e-03
 26  3.413480e-03
 27  3.155402e-03
 28  2.869952e-03
 29  2.539444e-03
 30  2.135816e-03
 31  1.787543e-03
 32  1.494242e-03
 33  1.215387e-03
 34  9.707993e-04
 Iteration CPU time: 8 s
 CFIE residual: 0.000970799

 Iseg, Irank, Idinc : 1, 31, 27
 Thata, Phi : 90.000000, 26.000000
 Maximun iteration: 300
 Number of recycle truncation: 30
 Final matrix dimension:  36708
 Residual error:0.001000
 0  6.356251e-01
 1  2.985064e-01
 2  1.695284e-01
 3  1.105996e-01
 4  7.739336e-02
 5  5.682249e-02
 6  4.209005e-02
 7  3.176501e-02
 8  2.527930e-02
 9  2.083786e-02
 10  1.664825e-02
 11  1.320717e-02
 12  1.057145e-02
 13  8.997378e-03
 14  7.223727e-03
 15  6.024853e-03
 16  4.975744e-03
 17  4.150362e-03
 18  3.471284e-03
 19  3.004501e-03
 20  2.531358e-03
 21  2.173371e-03
 22  1.891929e-03
 23  1.700160e-03
 24  1.572707e-03
 25  1.462514e-03
 26  1.366547e-03
 27  1.297918e-03
 28  1.233192e-03
 29  1.173548e-03
 30  1.120847e-03
 31  1.063798e-03
 32  1.005575e-03
 33  9.159803e-04
 Iteration CPU time: 8 s
 CFIE residual: 0.00091598

 Iseg, Irank, Idinc : 1, 32, 164
 Thata, Phi : 90.000000, 163.000000
 Maximun iteration: 300
 Number of recycle truncation: 30
 Final matrix dimension:  36708
 Residual error:0.001000
 0  5.943369e-01
 1  3.055466e-01
 2  1.878322e-01
 3  1.307069e-01
 4  1.016094e-01
 5  8.075934e-02
 6  6.629941e-02
 7  5.344204e-02
 8  4.491983e-02
 9  3.828932e-02
 10  3.267477e-02
 11  2.710015e-02
 12  2.293293e-02
 13  1.849067e-02
 14  1.540599e-02
 15  1.260869e-02
 16  1.036902e-02
 17  8.432549e-03
 18  6.670669e-03
 19  5.472103e-03
 20  4.393289e-03
 21  3.528963e-03
 22  2.941922e-03
 23  2.473085e-03
 24  2.038485e-03
 25  1.718532e-03
 26  1.461400e-03
 27  1.297591e-03
 28  1.176310e-03
 29  1.100618e-03
 30  1.045088e-03
 31  9.964186e-04
 Iteration CPU time: 7 s
 CFIE residual: 0.000996419

 Iseg, Irank, Idinc : 1, 33, 91
 Thata, Phi : 90.000000, 90.000000
 Maximun iteration: 300
 Number of recycle truncation: 30
 Final matrix dimension:  36708
 Residual error:0.001000
 0  6.135746e-01
 1  3.505352e-01
 2  2.238806e-01
 3  1.511913e-01
 4  1.075831e-01
 5  8.378990e-02
 6  6.504799e-02
 7  5.143301e-02
 8  4.155274e-02
 9  3.380057e-02
 10  2.670407e-02
 11  2.077845e-02
 12  1.701718e-02
 13  1.408757e-02
 14  1.161241e-02
 15  9.652742e-03
 16  7.862468e-03
 17  6.659020e-03
 18  5.746940e-03
 19  5.071987e-03
 20  4.574572e-03
 21  4.213747e-03
 22  3.901974e-03
 23  3.668873e-03
 24  3.435063e-03
 25  3.275264e-03
 26  3.122003e-03
 27  2.948645e-03
 28  2.749891e-03
 29  2.500607e-03
 30  2.234465e-03
 31  1.977105e-03
 32  1.654578e-03
 33  1.397234e-03
 34  1.143826e-03
 35  9.198960e-04
 Iteration CPU time: 8 s
 CFIE residual: 0.000919896

 Iseg, Irank, Idinc : 1, 34, 3
 Thata, Phi : 90.000000, 2.000000
 Maximun iteration: 300
 Number of recycle truncation: 30
 Final matrix dimension:  36708
 Residual error:0.001000
 0  5.124028e-01
 1  2.684221e-01
 2  1.738333e-01
 3  1.214924e-01
 4  8.620398e-02
 5  6.533665e-02
 6  5.085688e-02
 7  3.820478e-02
 8  2.900430e-02
 9  2.320338e-02
 10  1.783351e-02
 11  1.443593e-02
 12  1.141695e-02
 13  9.177324e-03
 14  7.433448e-03
 15  5.995835e-03
 16  4.925676e-03
 17  4.081288e-03
 18  3.400126e-03
 19  2.942408e-03
 20  2.555277e-03
 21  2.222979e-03
 22  1.892686e-03
 23  1.630030e-03
 24  1.420425e-03
 25  1.249365e-03
 26  1.090379e-03
 27  9.999311e-04
 Iteration CPU time: 6 s
 CFIE residual: 0.000999931

 Iseg, Irank, Idinc : 1, 35, 180
 Thata, Phi : 90.000000, 179.000000
 Maximun iteration: 300
 Number of recycle truncation: 30
 Final matrix dimension:  36708
 Residual error:0.001000
 0  5.680451e-01
 1  2.999578e-01
 2  1.902683e-01
 3  1.335046e-01
 4  1.043833e-01
 5  8.014457e-02
 6  6.454858e-02
 7  5.454046e-02
 8  4.459658e-02
 9  3.473516e-02
 10  2.717807e-02
 11  2.147362e-02
 12  1.724501e-02
 13  1.350012e-02
 14  1.099370e-02
 15  8.465454e-03
 16  6.563198e-03
 17  5.306168e-03
 18  4.375767e-03
 19  3.513462e-03
 20  2.809879e-03
 21  2.341213e-03
 22  1.958183e-03
 23  1.656713e-03
 24  1.403306e-03
 25  1.183564e-03
 26  9.934579e-04
 Iteration CPU time: 7 s
 CFIE residual: 0.000993458

 Iseg, Irank, Idinc : 1, 36, 47
 Thata, Phi : 90.000000, 46.000000
 Maximun iteration: 300
 Number of recycle truncation: 30
 Final matrix dimension:  36708
 Residual error:0.001000
 0  6.372511e-01
 1  3.250398e-01
 2  2.031510e-01
 3  1.330966e-01
 4  9.461183e-02
 5  7.118096e-02
 6  5.302857e-02
 7  4.075337e-02
 8  3.128185e-02
 9  2.389790e-02
 10  1.830379e-02
 11  1.393717e-02
 12  1.101875e-02
 13  8.877107e-03
 14  7.337715e-03
 15  6.041776e-03
 16  5.031175e-03
 17  4.319103e-03
 18  3.815803e-03
 19  3.404635e-03
 20  3.068194e-03
 21  2.839892e-03
 22  2.664311e-03
 23  2.516533e-03
 24  2.396770e-03
 25  2.294679e-03
 26  2.160162e-03
 27  2.025659e-03
 28  1.844314e-03
 29  1.642373e-03
 30  1.444609e-03
 31  1.244437e-03
 32  1.062323e-03
 33  9.000953e-04
 Iteration CPU time: 7 s
 CFIE residual: 0.000900095

 Iseg, Irank, Idinc : 1, 37, 119
 Thata, Phi : 90.000000, 118.000000
 Maximun iteration: 300
 Number of recycle truncation: 30
 Final matrix dimension:  36708
 Residual error:0.001000
 0  6.481941e-01
 1  3.452149e-01
 2  2.202140e-01
 3  1.538500e-01
 4  1.092507e-01
 5  8.090480e-02
 6  6.272758e-02
 7  4.878747e-02
 8  3.865425e-02
 9  3.008196e-02
 10  2.359140e-02
 11  1.866074e-02
 12  1.513201e-02
 13  1.227175e-02
 14  9.954618e-03
 15  8.277325e-03
 16  6.922941e-03
 17  5.850005e-03
 18  4.930567e-03
 19  4.282158e-03
 20  3.757339e-03
 21  3.312580e-03
 22  2.952973e-03
 23  2.691160e-03
 24  2.489556e-03
 25  2.314990e-03
 26  2.190021e-03
 27  2.075994e-03
 28  1.986895e-03
 29  1.878951e-03
 30  1.768093e-03
 31  1.630981e-03
 32  1.433279e-03
 33  1.218303e-03
 34  1.005841e-03
 35  8.313286e-04
 Iteration CPU time: 8 s
 CFIE residual: 0.000831329

 Iseg, Irank, Idinc : 1, 38, 13
 Thata, Phi : 90.000000, 12.000000
 Maximun iteration: 300
 Number of recycle truncation: 30
 Final matrix dimension:  36708
 Residual error:0.001000
 0  5.584112e-01
 1  2.787592e-01
 2  1.733382e-01
 3  1.226039e-01
 4  8.748386e-02
 5  6.545788e-02
 6  5.128279e-02
 7  3.943272e-02
 8  3.078176e-02
 9  2.443991e-02
 10  1.920211e-02
 11  1.499601e-02
 12  1.162447e-02
 13  9.414826e-03
 14  7.653111e-03
 15  6.238571e-03
 16  5.098015e-03
 17  4.246867e-03
 18  3.579296e-03
 19  3.051493e-03
 20  2.571151e-03
 21  2.218495e-03
 22  1.880684e-03
 23  1.663901e-03
 24  1.483179e-03
 25  1.354064e-03
 26  1.245339e-03
 27  1.160588e-03
 28  1.088862e-03
 29  1.035205e-03
 30  9.816295e-04
 Iteration CPU time: 7 s
 CFIE residual: 0.000981629

 Iseg, Irank, Idinc : 1, 39, 105
 Thata, Phi : 90.000000, 104.000000
 Maximun iteration: 300
 Number of recycle truncation: 30
 Final matrix dimension:  36708
 Residual error:0.001000
 0  6.168615e-01
 1  3.518307e-01
 2  2.205679e-01
 3  1.506952e-01
 4  1.048390e-01
 5  7.923062e-02
 6  6.141761e-02
 7  4.744658e-02
 8  3.797570e-02
 9  3.114440e-02
 10  2.458416e-02
 11  1.944905e-02
 12  1.590995e-02
 13  1.305637e-02
 14  1.056613e-02
 15  8.501310e-03
 16  7.120421e-03
 17  5.961363e-03
 18  5.004396e-03
 19  4.315638e-03
 20  3.801698e-03
 21  3.325370e-03
 22  2.950428e-03
 23  2.726091e-03
 24  2.519135e-03
 25  2.371988e-03
 26  2.256219e-03
 27  2.149716e-03
 28  2.038633e-03
 29  1.907752e-03
 30  1.762809e-03
 31  1.598328e-03
 32  1.412274e-03
 33  1.213868e-03
 34  1.006336e-03
 35  7.893755e-04
 Iteration CPU time: 9 s
 CFIE residual: 0.000789375

 Iseg, Irank, Idinc : 1, 40, 175
 Thata, Phi : 90.000000, 174.000000
 Maximun iteration: 300
 Number of recycle truncation: 30
 Final matrix dimension:  36708
 Residual error:0.001000
 0  5.711215e-01
 1  3.000981e-01
 2  1.904837e-01
 3  1.341872e-01
 4  1.054657e-01
 5  8.208330e-02
 6  6.636085e-02
 7  5.576016e-02
 8  4.601001e-02
 9  3.665144e-02
 10  2.932918e-02
 11  2.426008e-02
 12  2.007462e-02
 13  1.616169e-02
 14  1.342355e-02
 15  1.081238e-02
 16  8.971101e-03
 17  7.154451e-03
 18  5.767689e-03
 19  4.661455e-03
 20  3.703290e-03
 21  3.044004e-03
 22  2.532903e-03
 23  2.172653e-03
 24  1.821743e-03
 25  1.497038e-03
 26  1.256862e-03
 27  1.067147e-03
 28  9.337015e-04
 Iteration CPU time: 6 s
 CFIE residual: 0.000933702
 Last Built End in Sep 21 2025 00:06:12
 Total CPU time: 318 s
 Finished.
