 Last Built Begin in Sep 21 2025 00:06:12
 Pre-Type( Input ):            8
 Skl-Tol ( Input ):    1.0000000000000000E-002
 Wavelength in freespace: 0.409091

 ################################################
 ##         Generating Required Mesh          ##
 ##         Waiting.....                      ##
 ################################################
 Subd No.      Subd Name
    1    sphere1                                                           
 isub,  nnode, npatch,  nedge:
    1       604      1204      1806
 Scale Factor         >>   9.99999978E-03
 ################################################

 START TIME: 20250922   002458.156


 Informaton for IE geometry:
 number of subdomains     : 1
 maxnode,maxpatch,maxedge : 604  1204  1806
 
 Index of Mat-Reg: 1
 Mat-Reg Number via MatFlg: 1
 Edge Number of Mat-Reg: 1, 1806

 Number of Edge on PEC: 0
 Mat-Reg: No Dim(m) Lmax:
    1 0.244    1
 Totlmax, add1, add2:           1           2           3
 rlengmax of Global MLFMA >>   0.24444431876445108     
 Lmax of Global MLFMA >>            1
 Wavenum of Mat-Reg:
    1 1.000

 total area in sq m           =      0.1254
 total area in sq lambda      =      0.7490
 maxnode, maxpatch, maxedge           =      604     1204     1806
 longest  edge in lambda              =      0.0532
 shortest edge in lambda              =      0.0232
 average  edge in lambda              =      0.0380
 largest  patch area in sq lambda     =      0.0010
 smallest patch area in sq lambda     =      0.0003
 ave    surface area in sq lambda     =      0.0006
 size range of the object in sq lambda =      0.4889

 #### MLFMA Info For Each Region ####
 Mat-Region =            1
 Array dimension parameters:
 maxrule=          14   maxgrid  =          64
 lmax   =           1   ncmax    =           9
 lsmax  =           1   lsmin    =           1
 kpm    =           1   kp0      =           1
 ntlm   =           1   nsm      =           1
 nkpm   =           1   niplm    =          16
 ngnearm=          64   ngsndm   =           1
 nearm  =        1807   mfinestm =         244
 ###############################

 CFIE Alpha:  0.50000000000000000     

 Fill MLFMA NI for Mat-Reg:           1
 Begin fill sparser part of Nearfield
 Begin fill denser part of Nearfield
 End fill
 Filling Amn                 Delta_CPU=         43.96 Memory(MB)=        200.07


 Now testing preconditioner with
 ipretype =            8
 method = cfie_solve_nfpre_pardiso

  
 NBP>>Begin fill sparser part of Nearfield
 NBP>>Begin fill denser part of Nearfield

212.5000%
225.0000%
237.5000%
250.0000%
262.5000%
275.0000%
287.5000%
300.0000%
 Begin MLFMA Box-Matrix Based Prec Constructor
 --- Intel MKL PARDISO --- 
  >> Solver Initialized
  >> Proceed to ngrp_box loop
  >> Loop 0 Initialized
 Memory for iGRP: 1 0 MB
 Total Memory For NFB Pre: 0 MB
 --- PARDISO PRECONDITIONER INITIALIZED --- 
 Constructing preconditioner CPU time: 0 s
 
 108360
 Memory for Iteration:: 1.65344 MB

 Iseg, Ninc_S : 1, 181, 0

 Iseg, Skeleton Angles: 1, 7
 Iseg, Skel-Pk Mem(MB): 1, 30.95

 Iseg, Irank, Idinc : 1, 1, 126
 Thata, Phi : 90.000000, 125.000000
 Maximun iteration: 300
 Number of recycle truncation: 30
 Final matrix dimension:  3612
 Residual error:0.010000
 0  1.861190e-01
 1  8.349221e-02
 2  3.286373e-02
 3  1.435941e-02
 4  6.236688e-03
 Iteration CPU time: 0 s
 CFIE residual: 0.00623669

 Iseg, Irank, Idinc : 1, 2, 46
 Thata, Phi : 90.000000, 45.000000
 Maximun iteration: 300
 Number of recycle truncation: 30
 Final matrix dimension:  3612
 Residual error:0.010000
 0  1.873345e-01
 1  8.449108e-02
 2  3.513763e-02
 3  1.589563e-02
 4  6.599639e-03
 Iteration CPU time: 0 s
 CFIE residual: 0.00659964

 Iseg, Irank, Idinc : 1, 3, 1
 Thata, Phi : 90.000000, 0.000000
 Maximun iteration: 300
 Number of recycle truncation: 30
 Final matrix dimension:  3612
 Residual error:0.010000
 0  2.012742e-01
 1  9.073990e-02
 2  3.592246e-02
 3  1.543921e-02
 4  6.314496e-03
 Iteration CPU time: 0 s
 CFIE residual: 0.0063145

 Iseg, Irank, Idinc : 1, 4, 181
 Thata, Phi : 90.000000, 180.000000
 Maximun iteration: 300
 Number of recycle truncation: 30
 Final matrix dimension:  3612
 Residual error:0.010000
 0  1.989489e-01
 1  9.030351e-02
 2  3.497246e-02
 3  1.416704e-02
 4  5.979696e-03
 Iteration CPU time: 0 s
 CFIE residual: 0.0059797

 Iseg, Irank, Idinc : 1, 5, 86
 Thata, Phi : 90.000000, 85.000000
 Maximun iteration: 300
 Number of recycle truncation: 30
 Final matrix dimension:  3612
 Residual error:0.010000
 0  1.971403e-01
 1  9.241784e-02
 2  3.625258e-02
 3  1.546386e-02
 4  6.319289e-03
 Iteration CPU time: 0 s
 CFIE residual: 0.00631929

 Iseg, Irank, Idinc : 1, 6, 158
 Thata, Phi : 90.000000, 157.000000
 Maximun iteration: 300
 Number of recycle truncation: 30
 Final matrix dimension:  3612
 Residual error:0.010000
 0  1.920890e-01
 1  8.613000e-02
 2  3.399668e-02
 3  1.414029e-02
 4  6.062482e-03
 Iteration CPU time: 1 s
 CFIE residual: 0.00606248

 Iseg, Irank, Idinc : 1, 7, 20
 Thata, Phi : 90.000000, 19.000000
 Maximun iteration: 300
 Number of recycle truncation: 30
 Final matrix dimension:  3612
 Residual error:0.010000
 0  1.956602e-01
 1  8.801307e-02
 2  3.555866e-02
 3  1.566889e-02
 4  6.447368e-03
 Iteration CPU time: 0 s
 CFIE residual: 0.00644737
 Last Built End in Sep 21 2025 00:06:12
 Total CPU time: 6 s
 Finished.
