 Last Built Begin in Sep 21 2025 00:06:12
 Pre-Type( Input ):            8
 Skl-Tol ( Input ):    1.0000000000000000E-002
 Wavelength in freespace: 0.28125

 ################################################
 ##         Generating Required Mesh          ##
 ##         Waiting.....                      ##
 ################################################
 Subd No.      Subd Name
    1    sphere1                                                           
 isub,  nnode, npatch,  nedge:
    1       604      1204      1806
 Scale Factor         >>   9.99999978E-03
 ################################################

 START TIME: 20250922   003100.753


 Informaton for IE geometry:
 number of subdomains     : 1
 maxnode,maxpatch,maxedge : 604  1204  1806
 
 Index of Mat-Reg: 1
 Mat-Reg Number via MatFlg: 1
 Edge Number of Mat-Reg: 1, 1806

 Number of Edge on PEC: 0
 Mat-Reg: No Dim(m) Lmax:
    1 0.178    2
 Totlmax, add1, add2:           2           3           4
 rlengmax of Global MLFMA >>   0.17777782273777445     
 Lmax of Global MLFMA >>            2
 Wavenum of Mat-Reg:
    1 1.000

 total area in sq m           =      0.1254
 total area in sq lambda      =      1.5847
 maxnode, maxpatch, maxedge           =      604     1204     1806
 longest  edge in lambda              =      0.0774
 shortest edge in lambda              =      0.0338
 average  edge in lambda              =      0.0552
 largest  patch area in sq lambda     =      0.0022
 smallest patch area in sq lambda     =      0.0006
 ave    surface area in sq lambda     =      0.0013
 size range of the object in sq lambda =      0.7111

 #### MLFMA Info For Each Region ####
 Mat-Region =            1
 Array dimension parameters:
 maxrule=          14   maxgrid  =          64
 lmax   =           2   ncmax    =          65
 lsmax  =           6   lsmin    =           6
 kpm    =          76   kp0      =          76
 ntlm   =       24016   nsm      =        4256
 nkpm   =          76   niplm    =        4864
 ngnearm=         632   ngsndm   =        2504
 nearm  =         413   mfinestm =          43
 ###############################

 CFIE Alpha:  0.50000000000000000     

 Fill MLFMA FI for Mat-Reg:           1
 Begin filltl.f
 fill translation matrix
 Level:            2
 fill shifting matrix
 translator time(s):   2.80000009E-02
 fill interpolation matrix
 Filling TL                  Delta_CPU=          0.12 Memory(MB)=         65.70
 Filling sndgrp              Delta_CPU=          0.00 Memory(MB)=         65.70
 Filling VFS                 Delta_CPU=          0.25 Memory(MB)=         65.70

 Fill MLFMA NI for Mat-Reg:           1
 Begin fill sparser part of Nearfield
 Begin fill denser part of Nearfield
 End fill
 Filling Amn                 Delta_CPU=         12.38 Memory(MB)=         65.70


 Now testing preconditioner with
 ipretype =            8
 method = cfie_solve_nfpre_pardiso

  
 NBP>>Begin fill sparser part of Nearfield
 NBP>>Begin fill denser part of Nearfield

201.7857%
 Begin MLFMA Box-Matrix Based Prec Constructor
 --- Intel MKL PARDISO --- 
  >> Solver Initialized
  >> Proceed to ngrp_box loop
  >> Loop 0 Initialized
 Memory for iGRP: 1 0 MB
 Total Memory For NFB Pre: 0 MB
 --- PARDISO PRECONDITIONER INITIALIZED --- 
 Constructing preconditioner CPU time: 0 s
 
 108360
 Memory for Iteration:: 1.65344 MB

 Iseg, Ninc_S : 1, 181, 0

 Iseg, Skeleton Angles: 1, 8
 Iseg, Skel-Pk Mem(MB): 1, 30.96

 Iseg, Irank, Idinc : 1, 1, 34
 Thata, Phi : 90.000000, 33.000000
 Maximun iteration: 300
 Number of recycle truncation: 30
 Final matrix dimension:  3612
 Residual error:0.010000
 0  2.112058e-01
 1  1.072740e-01
 2  4.645631e-02
 3  2.317552e-02
 4  1.122887e-02
 5  5.166647e-03
 Iteration CPU time: 0 s
 CFIE residual: 0.00516665

 Iseg, Irank, Idinc : 1, 2, 137
 Thata, Phi : 90.000000, 136.000000
 Maximun iteration: 300
 Number of recycle truncation: 30
 Final matrix dimension:  3612
 Residual error:0.010000
 0  2.121378e-01
 1  1.071766e-01
 2  4.554074e-02
 3  2.263933e-02
 4  1.058459e-02
 5  4.886841e-03
 Iteration CPU time: 0 s
 CFIE residual: 0.00488684

 Iseg, Irank, Idinc : 1, 3, 1
 Thata, Phi : 90.000000, 0.000000
 Maximun iteration: 300
 Number of recycle truncation: 30
 Final matrix dimension:  3612
 Residual error:0.010000
 0  2.061718e-01
 1  1.056444e-01
 2  4.760854e-02
 3  2.391947e-02
 4  1.134101e-02
 5  4.912432e-03
 Iteration CPU time: 0 s
 CFIE residual: 0.00491243

 Iseg, Irank, Idinc : 1, 4, 86
 Thata, Phi : 90.000000, 85.000000
 Maximun iteration: 300
 Number of recycle truncation: 30
 Final matrix dimension:  3612
 Residual error:0.010000
 0  2.131127e-01
 1  1.097242e-01
 2  4.937095e-02
 3  2.537666e-02
 4  1.182096e-02
 5  5.276954e-03
 Iteration CPU time: 0 s
 CFIE residual: 0.00527695

 Iseg, Irank, Idinc : 1, 5, 181
 Thata, Phi : 90.000000, 180.000000
 Maximun iteration: 300
 Number of recycle truncation: 30
 Final matrix dimension:  3612
 Residual error:0.010000
 0  2.045885e-01
 1  1.031849e-01
 2  4.710506e-02
 3  2.352087e-02
 4  1.046875e-02
 5  4.601814e-03
 Iteration CPU time: 0 s
 CFIE residual: 0.00460181

 Iseg, Irank, Idinc : 1, 6, 112
 Thata, Phi : 90.000000, 111.000000
 Maximun iteration: 300
 Number of recycle truncation: 30
 Final matrix dimension:  3612
 Residual error:0.010000
 0  2.128821e-01
 1  1.096744e-01
 2  4.868277e-02
 3  2.491557e-02
 4  1.156169e-02
 5  5.214130e-03
 Iteration CPU time: 0 s
 CFIE residual: 0.00521413

 Iseg, Irank, Idinc : 1, 7, 164
 Thata, Phi : 90.000000, 163.000000
 Maximun iteration: 300
 Number of recycle truncation: 30
 Final matrix dimension:  3612
 Residual error:0.010000
 0  2.069653e-01
 1  1.045071e-01
 2  4.656133e-02
 3  2.327773e-02
 4  1.064033e-02
 5  4.808140e-03
 Iteration CPU time: 0 s
 CFIE residual: 0.00480814

 Iseg, Irank, Idinc : 1, 8, 15
 Thata, Phi : 90.000000, 14.000000
 Maximun iteration: 300
 Number of recycle truncation: 30
 Final matrix dimension:  3612
 Residual error:0.010000
 0  2.077828e-01
 1  1.064176e-01
 2  4.749207e-02
 3  2.385871e-02
 4  1.141855e-02
 5  5.060833e-03
 Iteration CPU time: 0 s
 CFIE residual: 0.00506083
 Last Built End in Sep 21 2025 00:06:12
 Total CPU time: 2 s
 Finished.
