 Last Built Begin in Sep 21 2025 00:06:12
 Pre-Type( Input ):           10
 Skl-Tol ( Input ):    1.0000000000000001E-005
 Wavelength in freespace: 0.0311203

 ################################################
 ##         Generating Required Mesh          ##
 ##         Waiting.....                      ##
 ################################################
 Subd No.      Subd Name
    1    Open-Duct_PRIME_model_meshAA1                                     
 isub,  nnode, npatch,  nedge:
    1      6118     12236     18354
 Scale Factor         >>   1.54999997E-02
 ################################################

 START TIME: 20250922   022539.093


 Informaton for IE geometry:
 number of subdomains     : 1
 maxnode,maxpatch,maxedge : 6118  12236  18354
 
 Index of Mat-Reg: 1
 Mat-Reg Number via MatFlg: 1
 Edge Number of Mat-Reg: 1, 18354

 Number of Edge on PEC: 18354
 Mat-Reg: No Dim(m) Lmax:
    1 0.230    5
 Totlmax, add1, add2:           5           6           7
 rlengmax of Global MLFMA >>   0.23039847258569171     
 Lmax of Global MLFMA >>            5
 Wavenum of Mat-Reg:
    1 1.000

 total area in sq m           =      0.0510
 total area in sq lambda      =     52.6291
 maxnode, maxpatch, maxedge           =     6118    12236    18354
 longest  edge in lambda              =      0.1500
 shortest edge in lambda              =      0.0071
 average  edge in lambda              =      0.1001
 largest  patch area in sq lambda     =      0.0076
 smallest patch area in sq lambda     =      0.0000
 ave    surface area in sq lambda     =      0.0043
 size range of the object in sq lambda =      7.3728

 #### MLFMA Info For Each Region ####
 Mat-Region =            1
 Array dimension parameters:
 maxrule=          14   maxgrid  =          64
 lmax   =           5   ncmax    =        1250
 lsmax  =          26   lsmin    =           6
 kpm    =        1356   kp0      =          76
 ntlm   =      204640   nsm      =      205900
 nkpm   =        2152   niplm    =      137728
 ngnearm=       14257   ngsndm   =       64634
 nearm  =         333   mfinestm =         119
 ###############################

 CFIE Alpha:  0.50000000000000000     

 Fill MLFMA FI for Mat-Reg:           1
 Begin filltl.f
 fill translation matrix
 Level:            2
 fill shifting matrix
 Level:            3
 fill shifting matrix
 Level:            4
 fill shifting matrix
 Level:            5
 fill shifting matrix
 translator time(s):  0.104000002    
 fill interpolation matrix
 ThetaOrder            8
 PhiOrder            8
 lsl            6
 Filling TL                  Delta_CPU=          0.52 Memory(MB)=        586.87
 Filling sndgrp              Delta_CPU=          0.00 Memory(MB)=        586.87
 Filling VFS                 Delta_CPU=          2.41 Memory(MB)=        586.87

 Fill MLFMA NI for Mat-Reg:           1
 Begin fill sparser part of Nearfield
 Begin fill denser part of Nearfield
 End fill
 Filling Amn                 Delta_CPU=         91.53 Memory(MB)=        586.87


 Now testing preconditioner with
 ipretype =           10
 method = cfie_solve_nfrasspspre_pardiso

  
 NBP>>Begin fill sparser part of Nearfield

115.0884% NBP>>Begin fill denser part of Nearfield

200.1041%
 Begin MLFMA Box-Matrix Based Spar-RAS Prec Constructor
 --- Intel MKL PARDISO --- 
 Memory for iGroup: 1 0 MB
 Total Memory For SparRAS Pre: 0 MB
 --- PARDISO PRECONDITIONER INITIALIZED --- 
 Constructing preconditioner CPU time: 4 s
 
 1101240
 Memory for Iteration:: 16.8036 MB

 Iseg, Ninc_S : 1, 181, 0

 Iseg, Skeleton Angles: 1, 38
 Iseg, Skel-Pk Mem(MB): 1, 314.35

 Iseg, Irank, Idinc : 1, 1, 22
 Thata, Phi : 90.000000, 21.000000
 Maximun iteration: 300
 Number of recycle truncation: 30
 Final matrix dimension:  36708
 Residual error:0.001000
 0  6.075642e-01
 1  2.902185e-01
 2  1.655662e-01
 3  1.137493e-01
 4  8.075498e-02
 5  5.945856e-02
 6  4.546685e-02
 7  3.588141e-02
 8  2.824896e-02
 9  2.229997e-02
 10  1.736050e-02
 11  1.366539e-02
 12  1.115448e-02
 13  9.004698e-03
 14  7.493035e-03
 15  6.404562e-03
 16  5.444248e-03
 17  4.600371e-03
 18  3.997624e-03
 19  3.430848e-03
 20  2.946343e-03
 21  2.628174e-03
 22  2.365634e-03
 23  2.172142e-03
 24  1.955075e-03
 25  1.739731e-03
 26  1.520603e-03
 27  1.320705e-03
 28  1.122441e-03
 29  9.560856e-04
 Iteration CPU time: 6 s
 CFIE residual: 0.000956086

 Iseg, Irank, Idinc : 1, 2, 42
 Thata, Phi : 90.000000, 41.000000
 Maximun iteration: 300
 Number of recycle truncation: 30
 Final matrix dimension:  36708
 Residual error:0.001000
 0  6.237577e-01
 1  3.149484e-01
 2  2.000988e-01
 3  1.311796e-01
 4  9.019634e-02
 5  6.551456e-02
 6  4.841213e-02
 7  3.657763e-02
 8  2.807975e-02
 9  2.175119e-02
 10  1.713821e-02
 11  1.376438e-02
 12  1.112784e-02
 13  9.400578e-03
 14  7.934482e-03
 15  6.885809e-03
 16  6.137855e-03
 17  5.416690e-03
 18  4.878533e-03
 19  4.366367e-03
 20  3.820699e-03
 21  3.327098e-03
 22  2.904918e-03
 23  2.476211e-03
 24  2.023571e-03
 25  1.654782e-03
 26  1.349641e-03
 27  1.080304e-03
 28  8.443669e-04
 Iteration CPU time: 7 s
 CFIE residual: 0.000844367

 Iseg, Irank, Idinc : 1, 3, 64
 Thata, Phi : 90.000000, 63.000000
 Maximun iteration: 300
 Number of recycle truncation: 30
 Final matrix dimension:  36708
 Residual error:0.001000
 0  6.651716e-01
 1  3.571630e-01
 2  2.225568e-01
 3  1.440984e-01
 4  1.051782e-01
 5  7.952647e-02
 6  6.079083e-02
 7  4.840212e-02
 8  3.848127e-02
 9  3.067806e-02
 10  2.428205e-02
 11  1.966720e-02
 12  1.607903e-02
 13  1.350219e-02
 14  1.144613e-02
 15  1.014437e-02
 16  9.091849e-03
 17  8.155149e-03
 18  7.401269e-03
 19  6.550691e-03
 20  5.754322e-03
 21  5.039517e-03
 22  4.267626e-03
 23  3.554385e-03
 24  2.904350e-03
 25  2.323075e-03
 26  1.833588e-03
 27  1.404380e-03
 28  1.088718e-03
 29  8.456090e-04
 Iteration CPU time: 7 s
 CFIE residual: 0.000845609

 Iseg, Irank, Idinc : 1, 4, 109
 Thata, Phi : 90.000000, 108.000000
 Maximun iteration: 300
 Number of recycle truncation: 30
 Final matrix dimension:  36708
 Residual error:0.001000
 0  6.326316e-01
 1  3.581211e-01
 2  2.257970e-01
 3  1.545636e-01
 4  1.089592e-01
 5  8.180124e-02
 6  6.347223e-02
 7  4.898066e-02
 8  3.821665e-02
 9  3.056099e-02
 10  2.413750e-02
 11  1.907636e-02
 12  1.537816e-02
 13  1.257710e-02
 14  1.059443e-02
 15  8.897308e-03
 16  7.464222e-03
 17  6.520945e-03
 18  5.749689e-03
 19  5.073685e-03
 20  4.505302e-03
 21  4.065294e-03
 22  3.605188e-03
 23  3.178925e-03
 24  2.789982e-03
 25  2.418758e-03
 26  2.046712e-03
 27  1.699823e-03
 28  1.369419e-03
 29  1.088540e-03
 30  8.516855e-04
 Iteration CPU time: 6 s
 CFIE residual: 0.000851685

 Iseg, Irank, Idinc : 1, 5, 75
 Thata, Phi : 90.000000, 74.000000
 Maximun iteration: 300
 Number of recycle truncation: 30
 Final matrix dimension:  36708
 Residual error:0.001000
 0  6.424034e-01
 1  3.682453e-01
 2  2.388665e-01
 3  1.508409e-01
 4  1.058305e-01
 5  8.085792e-02
 6  6.310506e-02
 7  5.187330e-02
 8  4.099256e-02
 9  3.345318e-02
 10  2.669829e-02
 11  2.153905e-02
 12  1.761561e-02
 13  1.512188e-02
 14  1.310352e-02
 15  1.161708e-02
 16  1.048048e-02
 17  9.360895e-03
 18  8.423689e-03
 19  7.495611e-03
 20  6.742777e-03
 21  5.956681e-03
 22  5.188000e-03
 23  4.369893e-03
 24  3.657301e-03
 25  2.972406e-03
 26  2.449597e-03
 27  1.977734e-03
 28  1.615571e-03
 29  1.250925e-03
 30  9.831596e-04
 Iteration CPU time: 6 s
 CFIE residual: 0.00098316

 Iseg, Irank, Idinc : 1, 6, 146
 Thata, Phi : 90.000000, 145.000000
 Maximun iteration: 300
 Number of recycle truncation: 30
 Final matrix dimension:  36708
 Residual error:0.001000
 0  6.496071e-01
 1  3.445535e-01
 2  2.073884e-01
 3  1.453909e-01
 4  1.050695e-01
 5  8.157588e-02
 6  6.331144e-02
 7  5.063696e-02
 8  4.232125e-02
 9  3.508226e-02
 10  2.918625e-02
 11  2.432674e-02
 12  2.001562e-02
 13  1.582723e-02
 14  1.243126e-02
 15  1.023161e-02
 16  8.135579e-03
 17  6.763802e-03
 18  5.715132e-03
 19  4.671989e-03
 20  4.020486e-03
 21  3.462980e-03
 22  3.060663e-03
 23  2.718573e-03
 24  2.416844e-03
 25  2.184384e-03
 26  1.960850e-03
 27  1.742999e-03
 28  1.469896e-03
 29  1.222420e-03
 30  1.006242e-03
 31  8.048752e-04
 Iteration CPU time: 7 s
 CFIE residual: 0.000804875

 Iseg, Irank, Idinc : 1, 7, 159
 Thata, Phi : 90.000000, 158.000000
 Maximun iteration: 300
 Number of recycle truncation: 30
 Final matrix dimension:  36708
 Residual error:0.001000
 0  6.043905e-01
 1  3.117306e-01
 2  1.889179e-01
 3  1.319273e-01
 4  1.004818e-01
 5  8.039156e-02
 6  6.434452e-02
 7  5.212904e-02
 8  4.441610e-02
 9  3.796546e-02
 10  3.180619e-02
 11  2.633499e-02
 12  2.125530e-02
 13  1.718552e-02
 14  1.394472e-02
 15  1.103330e-02
 16  8.790879e-03
 17  7.113007e-03
 18  5.935092e-03
 19  4.864716e-03
 20  4.018982e-03
 21  3.403768e-03
 22  2.960634e-03
 23  2.610194e-03
 24  2.314856e-03
 25  2.073333e-03
 26  1.846355e-03
 27  1.654451e-03
 28  1.472907e-03
 29  1.276216e-03
 30  1.104174e-03
 31  9.204110e-04
 Iteration CPU time: 7 s
 CFIE residual: 0.000920411

 Iseg, Irank, Idinc : 1, 8, 132
 Thata, Phi : 90.000000, 131.000000
 Maximun iteration: 300
 Number of recycle truncation: 30
 Final matrix dimension:  36708
 Residual error:0.001000
 0  6.853455e-01
 1  3.591904e-01
 2  2.308762e-01
 3  1.573132e-01
 4  1.124510e-01
 5  8.655189e-02
 6  6.599985e-02
 7  5.142741e-02
 8  4.104167e-02
 9  3.251788e-02
 10  2.581541e-02
 11  2.043176e-02
 12  1.642347e-02
 13  1.352758e-02
 14  1.116031e-02
 15  9.176104e-03
 16  7.637721e-03
 17  6.561033e-03
 18  5.667653e-03
 19  4.954247e-03
 20  4.461929e-03
 21  4.040994e-03
 22  3.625376e-03
 23  3.300117e-03
 24  2.903066e-03
 25  2.514034e-03
 26  2.177153e-03
 27  1.843263e-03
 28  1.589580e-03
 29  1.342106e-03
 30  1.119034e-03
 31  8.905584e-04
 Iteration CPU time: 7 s
 CFIE residual: 0.000890558

 Iseg, Irank, Idinc : 1, 9, 122
 Thata, Phi : 90.000000, 121.000000
 Maximun iteration: 300
 Number of recycle truncation: 30
 Final matrix dimension:  36708
 Residual error:0.001000
 0  6.534635e-01
 1  3.455938e-01
 2  2.266469e-01
 3  1.570463e-01
 4  1.113015e-01
 5  8.457434e-02
 6  6.465006e-02
 7  5.064816e-02
 8  3.862014e-02
 9  3.054002e-02
 10  2.382965e-02
 11  1.876487e-02
 12  1.516250e-02
 13  1.259238e-02
 14  1.060833e-02
 15  9.054612e-03
 16  7.800285e-03
 17  6.760967e-03
 18  5.956159e-03
 19  5.230502e-03
 20  4.596665e-03
 21  4.077704e-03
 22  3.680436e-03
 23  3.238884e-03
 24  2.836439e-03
 25  2.453459e-03
 26  2.137216e-03
 27  1.835542e-03
 28  1.537964e-03
 29  1.290488e-03
 30  1.023129e-03
 31  8.121203e-04
 Iteration CPU time: 7 s
 CFIE residual: 0.00081212

 Iseg, Irank, Idinc : 1, 10, 89
 Thata, Phi : 90.000000, 88.000000
 Maximun iteration: 300
 Number of recycle truncation: 30
 Final matrix dimension:  36708
 Residual error:0.001000
 0  6.220767e-01
 1  3.563038e-01
 2  2.295035e-01
 3  1.557125e-01
 4  1.121266e-01
 5  8.791596e-02
 6  6.861174e-02
 7  5.456366e-02
 8  4.428435e-02
 9  3.565300e-02
 10  2.835770e-02
 11  2.235326e-02
 12  1.796268e-02
 13  1.465746e-02
 14  1.245865e-02
 15  1.084229e-02
 16  9.523888e-03
 17  8.508364e-03
 18  7.696800e-03
 19  6.919615e-03
 20  6.249520e-03
 21  5.557441e-03
 22  4.790355e-03
 23  4.019186e-03
 24  3.408025e-03
 25  2.807262e-03
 26  2.289549e-03
 27  1.829964e-03
 28  1.494908e-03
 29  1.140931e-03
 30  8.679533e-04
 Iteration CPU time: 7 s
 CFIE residual: 0.000867953

 Iseg, Irank, Idinc : 1, 11, 53
 Thata, Phi : 90.000000, 52.000000
 Maximun iteration: 300
 Number of recycle truncation: 30
 Final matrix dimension:  36708
 Residual error:0.001000
 0  6.446758e-01
 1  3.339597e-01
 2  2.072105e-01
 3  1.350610e-01
 4  9.646664e-02
 5  7.160520e-02
 6  5.502802e-02
 7  4.273121e-02
 8  3.319087e-02
 9  2.532706e-02
 10  2.013541e-02
 11  1.639917e-02
 12  1.348445e-02
 13  1.148541e-02
 14  9.901216e-03
 15  8.585521e-03
 16  7.723956e-03
 17  6.958419e-03
 18  6.193444e-03
 19  5.414934e-03
 20  4.769289e-03
 21  4.075856e-03
 22  3.491082e-03
 23  2.886333e-03
 24  2.353025e-03
 25  1.844568e-03
 26  1.447865e-03
 27  1.159154e-03
 28  9.151497e-04
 Iteration CPU time: 6 s
 CFIE residual: 0.00091515

 Iseg, Irank, Idinc : 1, 12, 32
 Thata, Phi : 90.000000, 31.000000
 Maximun iteration: 300
 Number of recycle truncation: 30
 Final matrix dimension:  36708
 Residual error:0.001000
 0  6.313774e-01
 1  3.054360e-01
 2  1.794898e-01
 3  1.138626e-01
 4  8.045091e-02
 5  5.960714e-02
 6  4.386212e-02
 7  3.367127e-02
 8  2.573427e-02
 9  2.016743e-02
 10  1.643632e-02
 11  1.306670e-02
 12  1.053453e-02
 13  8.783143e-03
 14  7.295919e-03
 15  6.177709e-03
 16  5.472935e-03
 17  4.700924e-03
 18  4.189659e-03
 19  3.707981e-03
 20  3.234377e-03
 21  2.873369e-03
 22  2.597748e-03
 23  2.327100e-03
 24  2.046634e-03
 25  1.767203e-03
 26  1.485407e-03
 27  1.254012e-03
 28  1.030781e-03
 29  8.539328e-04
 Iteration CPU time: 7 s
 CFIE residual: 0.000853933

 Iseg, Irank, Idinc : 1, 13, 11
 Thata, Phi : 90.000000, 10.000000
 Maximun iteration: 300
 Number of recycle truncation: 30
 Final matrix dimension:  36708
 Residual error:0.001000
 0  5.369335e-01
 1  2.747583e-01
 2  1.719327e-01
 3  1.226102e-01
 4  8.801259e-02
 5  6.679584e-02
 6  5.111267e-02
 7  3.973825e-02
 8  3.060293e-02
 9  2.421877e-02
 10  1.917727e-02
 11  1.487549e-02
 12  1.155508e-02
 13  9.284343e-03
 14  7.599786e-03
 15  6.347067e-03
 16  5.457940e-03
 17  4.551945e-03
 18  3.964209e-03
 19  3.465761e-03
 20  3.021636e-03
 21  2.622491e-03
 22  2.357426e-03
 23  2.113941e-03
 24  1.882505e-03
 25  1.699077e-03
 26  1.529639e-03
 27  1.378084e-03
 28  1.197795e-03
 29  1.038098e-03
 30  8.846992e-04
 Iteration CPU time: 7 s
 CFIE residual: 0.000884699

 Iseg, Irank, Idinc : 1, 14, 178
 Thata, Phi : 90.000000, 177.000000
 Maximun iteration: 300
 Number of recycle truncation: 30
 Final matrix dimension:  36708
 Residual error:0.001000
 0  5.531890e-01
 1  2.993877e-01
 2  1.909540e-01
 3  1.360613e-01
 4  1.063319e-01
 5  8.244606e-02
 6  6.745881e-02
 7  5.517406e-02
 8  4.453171e-02
 9  3.526733e-02
 10  2.786347e-02
 11  2.199025e-02
 12  1.728433e-02
 13  1.360404e-02
 14  1.066907e-02
 15  8.356010e-03
 16  6.732042e-03
 17  5.554300e-03
 18  4.547070e-03
 19  3.762364e-03
 20  3.157298e-03
 21  2.651160e-03
 22  2.318146e-03
 23  2.054604e-03
 24  1.812201e-03
 25  1.595615e-03
 26  1.437103e-03
 27  1.297344e-03
 28  1.148277e-03
 29  1.007924e-03
 30  8.892943e-04
 Iteration CPU time: 7 s
 CFIE residual: 0.000889294

 Iseg, Irank, Idinc : 1, 15, 97
 Thata, Phi : 90.000000, 96.000000
 Maximun iteration: 300
 Number of recycle truncation: 30
 Final matrix dimension:  36708
 Residual error:0.001000
 0  6.198909e-01
 1  3.550928e-01
 2  2.241746e-01
 3  1.497580e-01
 4  1.072254e-01
 5  8.171376e-02
 6  6.386590e-02
 7  5.110212e-02
 8  4.063801e-02
 9  3.254173e-02
 10  2.570092e-02
 11  2.051699e-02
 12  1.673765e-02
 13  1.384681e-02
 14  1.161963e-02
 15  1.006007e-02
 16  8.655960e-03
 17  7.703879e-03
 18  6.954225e-03
 19  6.257475e-03
 20  5.694829e-03
 21  5.120482e-03
 22  4.502709e-03
 23  3.895559e-03
 24  3.378896e-03
 25  2.856526e-03
 26  2.362857e-03
 27  1.947540e-03
 28  1.557601e-03
 29  1.218818e-03
 30  9.412431e-04
 Iteration CPU time: 7 s
 CFIE residual: 0.000941243

 Iseg, Irank, Idinc : 1, 16, 82
 Thata, Phi : 90.000000, 81.000000
 Maximun iteration: 300
 Number of recycle truncation: 30
 Final matrix dimension:  36708
 Residual error:0.001000
 0  6.262198e-01
 1  3.576487e-01
 2  2.316008e-01
 3  1.543214e-01
 4  1.108933e-01
 5  8.713615e-02
 6  6.682217e-02
 7  5.371117e-02
 8  4.378137e-02
 9  3.429025e-02
 10  2.733814e-02
 11  2.163643e-02
 12  1.757122e-02
 13  1.456897e-02
 14  1.258949e-02
 15  1.104387e-02
 16  9.728478e-03
 17  8.710992e-03
 18  7.898785e-03
 19  7.042487e-03
 20  6.290475e-03
 21  5.589558e-03
 22  4.842683e-03
 23  4.120916e-03
 24  3.444194e-03
 25  2.837499e-03
 26  2.350136e-03
 27  1.910394e-03
 28  1.557751e-03
 29  1.216259e-03
 30  9.643182e-04
 Iteration CPU time: 7 s
 CFIE residual: 0.000964318

 Iseg, Irank, Idinc : 1, 17, 1
 Thata, Phi : 90.000000, 0.000000
 Maximun iteration: 300
 Number of recycle truncation: 30
 Final matrix dimension:  36708
 Residual error:0.001000
 0  5.045579e-01
 1  2.664474e-01
 2  1.728873e-01
 3  1.199082e-01
 4  8.561029e-02
 5  6.401726e-02
 6  4.896453e-02
 7  3.716667e-02
 8  2.893671e-02
 9  2.206259e-02
 10  1.696157e-02
 11  1.339784e-02
 12  1.084775e-02
 13  8.696555e-03
 14  7.143325e-03
 15  5.690931e-03
 16  4.710991e-03
 17  3.941583e-03
 18  3.396698e-03
 19  2.949532e-03
 20  2.631703e-03
 21  2.379876e-03
 22  2.107075e-03
 23  1.847327e-03
 24  1.647566e-03
 25  1.490511e-03
 26  1.347394e-03
 27  1.186859e-03
 28  1.016348e-03
 29  8.608868e-04
 Iteration CPU time: 6 s
 CFIE residual: 0.000860887

 Iseg, Irank, Idinc : 1, 18, 167
 Thata, Phi : 90.000000, 166.000000
 Maximun iteration: 300
 Number of recycle truncation: 30
 Final matrix dimension:  36708
 Residual error:0.001000
 0  5.744892e-01
 1  3.012889e-01
 2  1.873457e-01
 3  1.347049e-01
 4  1.046379e-01
 5  8.394756e-02
 6  6.854718e-02
 7  5.577028e-02
 8  4.646274e-02
 9  3.915898e-02
 10  3.279162e-02
 11  2.688691e-02
 12  2.193759e-02
 13  1.744399e-02
 14  1.426721e-02
 15  1.139471e-02
 16  9.272513e-03
 17  7.593628e-03
 18  6.228675e-03
 19  5.019255e-03
 20  4.108884e-03
 21  3.432237e-03
 22  2.909351e-03
 23  2.522087e-03
 24  2.191091e-03
 25  1.918000e-03
 26  1.687869e-03
 27  1.518849e-03
 28  1.380693e-03
 29  1.235240e-03
 30  1.094703e-03
 31  9.433209e-04
 Iteration CPU time: 7 s
 CFIE residual: 0.000943321

 Iseg, Irank, Idinc : 1, 19, 115
 Thata, Phi : 90.000000, 114.000000
 Maximun iteration: 300
 Number of recycle truncation: 30
 Final matrix dimension:  36708
 Residual error:0.001000
 0  6.458180e-01
 1  3.513608e-01
 2  2.232661e-01
 3  1.548672e-01
 4  1.092835e-01
 5  8.212758e-02
 6  6.312740e-02
 7  4.867011e-02
 8  3.759214e-02
 9  2.998550e-02
 10  2.351254e-02
 11  1.862597e-02
 12  1.507276e-02
 13  1.258956e-02
 14  1.054899e-02
 15  8.816445e-03
 16  7.532630e-03
 17  6.539451e-03
 18  5.666156e-03
 19  5.011451e-03
 20  4.452208e-03
 21  3.966705e-03
 22  3.558624e-03
 23  3.143954e-03
 24  2.742050e-03
 25  2.372751e-03
 26  2.031848e-03
 27  1.733999e-03
 28  1.412245e-03
 29  1.138325e-03
 30  8.851937e-04
 Iteration CPU time: 6 s
 CFIE residual: 0.000885194

 Iseg, Irank, Idinc : 1, 20, 152
 Thata, Phi : 90.000000, 151.000000
 Maximun iteration: 300
 Number of recycle truncation: 30
 Final matrix dimension:  36708
 Residual error:0.001000
 0  6.296055e-01
 1  3.310628e-01
 2  1.998452e-01
 3  1.394450e-01
 4  1.028123e-01
 5  8.066317e-02
 6  6.389034e-02
 7  5.124965e-02
 8  4.334554e-02
 9  3.633766e-02
 10  3.054466e-02
 11  2.516521e-02
 12  2.039885e-02
 13  1.582866e-02
 14  1.273406e-02
 15  1.027583e-02
 16  8.132834e-03
 17  6.764136e-03
 18  5.668249e-03
 19  4.670647e-03
 20  3.871289e-03
 21  3.324614e-03
 22  2.873068e-03
 23  2.585901e-03
 24  2.301312e-03
 25  2.043587e-03
 26  1.835887e-03
 27  1.610632e-03
 28  1.385201e-03
 29  1.166072e-03
 30  9.742411e-04
 Iteration CPU time: 7 s
 CFIE residual: 0.000974241

 Iseg, Irank, Idinc : 1, 21, 181
 Thata, Phi : 90.000000, 180.000000
 Maximun iteration: 300
 Number of recycle truncation: 30
 Final matrix dimension:  36708
 Residual error:0.001000
 0  5.518252e-01
 1  2.993863e-01
 2  1.909835e-01
 3  1.359426e-01
 4  1.060859e-01
 5  8.191439e-02
 6  6.693950e-02
 7  5.478330e-02
 8  4.407215e-02
 9  3.468462e-02
 10  2.698392e-02
 11  2.089281e-02
 12  1.585474e-02
 13  1.205869e-02
 14  9.282545e-03
 15  7.101535e-03
 16  5.597404e-03
 17  4.609197e-03
 18  3.759370e-03
 19  3.107395e-03
 20  2.654466e-03
 21  2.312732e-03
 22  2.047611e-03
 23  1.827777e-03
 24  1.642784e-03
 25  1.468858e-03
 26  1.338114e-03
 27  1.190627e-03
 28  1.034737e-03
 29  8.796638e-04
 Iteration CPU time: 7 s
 CFIE residual: 0.000879664

 Iseg, Irank, Idinc : 1, 22, 16
 Thata, Phi : 90.000000, 15.000000
 Maximun iteration: 300
 Number of recycle truncation: 30
 Final matrix dimension:  36708
 Residual error:0.001000
 0  5.679249e-01
 1  2.814009e-01
 2  1.696804e-01
 3  1.201462e-01
 4  8.572761e-02
 5  6.450325e-02
 6  4.972057e-02
 7  3.925708e-02
 8  3.053700e-02
 9  2.381399e-02
 10  1.862854e-02
 11  1.478405e-02
 12  1.158514e-02
 13  9.242237e-03
 14  7.609668e-03
 15  6.409933e-03
 16  5.492730e-03
 17  4.642829e-03
 18  4.034774e-03
 19  3.465996e-03
 20  3.016410e-03
 21  2.632411e-03
 22  2.369938e-03
 23  2.155401e-03
 24  1.926090e-03
 25  1.727805e-03
 26  1.542177e-03
 27  1.369879e-03
 28  1.178429e-03
 29  1.016569e-03
 30  8.644705e-04
 Iteration CPU time: 7 s
 CFIE residual: 0.000864471

 Iseg, Irank, Idinc : 1, 23, 59
 Thata, Phi : 90.000000, 58.000000
 Maximun iteration: 300
 Number of recycle truncation: 30
 Final matrix dimension:  36708
 Residual error:0.001000
 0  6.613483e-01
 1  3.452493e-01
 2  2.152241e-01
 3  1.374146e-01
 4  9.824570e-02
 5  7.232690e-02
 6  5.641213e-02
 7  4.525329e-02
 8  3.605173e-02
 9  2.780896e-02
 10  2.150955e-02
 11  1.760736e-02
 12  1.446421e-02
 13  1.220112e-02
 14  1.042381e-02
 15  9.148713e-03
 16  8.195263e-03
 17  7.334116e-03
 18  6.656041e-03
 19  5.828015e-03
 20  5.109192e-03
 21  4.441369e-03
 22  3.756159e-03
 23  3.069561e-03
 24  2.528307e-03
 25  1.986240e-03
 26  1.565425e-03
 27  1.213976e-03
 28  9.558505e-04
 Iteration CPU time: 6 s
 CFIE residual: 0.00095585

 Iseg, Irank, Idinc : 1, 24, 139
 Thata, Phi : 90.000000, 138.000000
 Maximun iteration: 300
 Number of recycle truncation: 30
 Final matrix dimension:  36708
 Residual error:0.001000
 0  6.898184e-01
 1  3.547269e-01
 2  2.200234e-01
 3  1.523217e-01
 4  1.107364e-01
 5  8.457962e-02
 6  6.351365e-02
 7  5.047151e-02
 8  4.176571e-02
 9  3.350942e-02
 10  2.723558e-02
 11  2.225090e-02
 12  1.856503e-02
 13  1.464858e-02
 14  1.172249e-02
 15  9.452871e-03
 16  7.879817e-03
 17  6.533749e-03
 18  5.607311e-03
 19  4.768672e-03
 20  4.231675e-03
 21  3.793184e-03
 22  3.419033e-03
 23  3.062980e-03
 24  2.732116e-03
 25  2.421570e-03
 26  2.126757e-03
 27  1.816363e-03
 28  1.516892e-03
 29  1.270353e-03
 30  1.042623e-03
 31  8.543501e-04
 Iteration CPU time: 7 s
 CFIE residual: 0.00085435

 Iseg, Irank, Idinc : 1, 25, 5
 Thata, Phi : 90.000000, 4.000000
 Maximun iteration: 300
 Number of recycle truncation: 30
 Final matrix dimension:  36708
 Residual error:0.001000
 0  5.106925e-01
 1  2.681660e-01
 2  1.726598e-01
 3  1.208124e-01
 4  8.692727e-02
 5  6.571198e-02
 6  5.021066e-02
 7  3.775962e-02
 8  2.892858e-02
 9  2.262075e-02
 10  1.801237e-02
 11  1.438390e-02
 12  1.136198e-02
 13  9.048832e-03
 14  7.476275e-03
 15  6.253025e-03
 16  5.265077e-03
 17  4.409253e-03
 18  3.766085e-03
 19  3.326628e-03
 20  2.909324e-03
 21  2.539819e-03
 22  2.286599e-03
 23  2.029434e-03
 24  1.798587e-03
 25  1.609453e-03
 26  1.469190e-03
 27  1.314686e-03
 28  1.168284e-03
 29  9.925348e-04
 Iteration CPU time: 6 s
 CFIE residual: 0.000992535

 Iseg, Irank, Idinc : 1, 26, 103
 Thata, Phi : 90.000000, 102.000000
 Maximun iteration: 300
 Number of recycle truncation: 30
 Final matrix dimension:  36708
 Residual error:0.001000
 0  6.194254e-01
 1  3.550795e-01
 2  2.240136e-01
 3  1.512678e-01
 4  1.056985e-01
 5  7.975005e-02
 6  6.200477e-02
 7  4.843950e-02
 8  3.825624e-02
 9  3.047749e-02
 10  2.484216e-02
 11  1.970050e-02
 12  1.592821e-02
 13  1.312682e-02
 14  1.092779e-02
 15  9.259974e-03
 16  7.886543e-03
 17  6.953711e-03
 18  6.218760e-03
 19  5.558328e-03
 20  5.002077e-03
 21  4.537310e-03
 22  4.030386e-03
 23  3.536058e-03
 24  3.085810e-03
 25  2.632491e-03
 26  2.228492e-03
 27  1.851956e-03
 28  1.523599e-03
 29  1.224139e-03
 30  9.641108e-04
 Iteration CPU time: 7 s
 CFIE residual: 0.000964111

 Iseg, Irank, Idinc : 1, 27, 173
 Thata, Phi : 90.000000, 172.000000
 Maximun iteration: 300
 Number of recycle truncation: 30
 Final matrix dimension:  36708
 Residual error:0.001000
 0  5.602274e-01
 1  2.995458e-01
 2  1.903285e-01
 3  1.363573e-01
 4  1.068508e-01
 5  8.415073e-02
 6  6.908383e-02
 7  5.625000e-02
 8  4.606833e-02
 9  3.769218e-02
 10  3.088882e-02
 11  2.510353e-02
 12  2.033273e-02
 13  1.616378e-02
 14  1.322875e-02
 15  1.061276e-02
 16  8.679467e-03
 17  6.996523e-03
 18  5.697680e-03
 19  4.617716e-03
 20  3.798645e-03
 21  3.158771e-03
 22  2.712965e-03
 23  2.348525e-03
 24  2.037179e-03
 25  1.780101e-03
 26  1.564608e-03
 27  1.407945e-03
 28  1.268247e-03
 29  1.132277e-03
 30  1.013550e-03
 31  8.776202e-04
 Iteration CPU time: 7 s
 CFIE residual: 0.00087762

 Iseg, Irank, Idinc : 1, 28, 37
 Thata, Phi : 90.000000, 36.000000
 Maximun iteration: 300
 Number of recycle truncation: 30
 Final matrix dimension:  36708
 Residual error:0.001000
 0  6.216788e-01
 1  3.119324e-01
 2  1.926838e-01
 3  1.230041e-01
 4  8.440624e-02
 5  6.185261e-02
 6  4.549593e-02
 7  3.466122e-02
 8  2.646094e-02
 9  2.035174e-02
 10  1.628480e-02
 11  1.315655e-02
 12  1.067603e-02
 13  8.989805e-03
 14  7.471827e-03
 15  6.433347e-03
 16  5.694536e-03
 17  4.929187e-03
 18  4.413192e-03
 19  3.941582e-03
 20  3.448753e-03
 21  3.040699e-03
 22  2.703821e-03
 23  2.374832e-03
 24  2.028394e-03
 25  1.711858e-03
 26  1.422160e-03
 27  1.165026e-03
 28  9.356518e-04
 Iteration CPU time: 7 s
 CFIE residual: 0.000935652

 Iseg, Irank, Idinc : 1, 29, 70
 Thata, Phi : 90.000000, 69.000000
 Maximun iteration: 300
 Number of recycle truncation: 30
 Final matrix dimension:  36708
 Residual error:0.001000
 0  6.557255e-01
 1  3.675615e-01
 2  2.341767e-01
 3  1.513901e-01
 4  1.098065e-01
 5  8.336380e-02
 6  6.439691e-02
 7  5.185346e-02
 8  4.165948e-02
 9  3.410408e-02
 10  2.739436e-02
 11  2.193639e-02
 12  1.780950e-02
 13  1.508717e-02
 14  1.289305e-02
 15  1.158288e-02
 16  1.044435e-02
 17  9.378147e-03
 18  8.383683e-03
 19  7.469553e-03
 20  6.698288e-03
 21  5.917501e-03
 22  5.134786e-03
 23  4.354661e-03
 24  3.599001e-03
 25  2.893168e-03
 26  2.337391e-03
 27  1.877786e-03
 28  1.472984e-03
 29  1.147467e-03
 30  8.967629e-04
 Iteration CPU time: 7 s
 CFIE residual: 0.000896763

 Iseg, Irank, Idinc : 1, 30, 127
 Thata, Phi : 90.000000, 126.000000
 Maximun iteration: 300
 Number of recycle truncation: 30
 Final matrix dimension:  36708
 Residual error:0.001000
 0  6.621650e-01
 1  3.502040e-01
 2  2.291750e-01
 3  1.570003e-01
 4  1.122021e-01
 5  8.658766e-02
 6  6.595139e-02
 7  5.123466e-02
 8  4.002336e-02
 9  3.177711e-02
 10  2.458671e-02
 11  1.947959e-02
 12  1.570697e-02
 13  1.294766e-02
 14  1.071609e-02
 15  9.163513e-03
 16  7.739725e-03
 17  6.736945e-03
 18  5.924398e-03
 19  5.152885e-03
 20  4.570360e-03
 21  4.123036e-03
 22  3.711990e-03
 23  3.336633e-03
 24  2.912619e-03
 25  2.540111e-03
 26  2.225196e-03
 27  1.917660e-03
 28  1.692031e-03
 29  1.431074e-03
 30  1.172667e-03
 31  9.363162e-04
 Iteration CPU time: 7 s
 CFIE residual: 0.000936316

 Iseg, Irank, Idinc : 1, 31, 3
 Thata, Phi : 90.000000, 2.000000
 Maximun iteration: 300
 Number of recycle truncation: 30
 Final matrix dimension:  36708
 Residual error:0.001000
 0  5.061561e-01
 1  2.668984e-01
 2  1.728198e-01
 3  1.201413e-01
 4  8.597735e-02
 5  6.454726e-02
 6  4.938452e-02
 7  3.726885e-02
 8  2.880944e-02
 9  2.211160e-02
 10  1.722800e-02
 11  1.387663e-02
 12  1.117159e-02
 13  8.870920e-03
 14  7.300069e-03
 15  6.034424e-03
 16  5.101914e-03
 17  4.290564e-03
 18  3.669612e-03
 19  3.227640e-03
 20  2.832755e-03
 21  2.494812e-03
 22  2.244482e-03
 23  1.988380e-03
 24  1.754827e-03
 25  1.574340e-03
 26  1.437160e-03
 27  1.276986e-03
 28  1.124887e-03
 29  9.493004e-04
 Iteration CPU time: 6 s
 CFIE residual: 0.0009493

 Iseg, Irank, Idinc : 1, 32, 163
 Thata, Phi : 90.000000, 162.000000
 Maximun iteration: 300
 Number of recycle truncation: 30
 Final matrix dimension:  36708
 Residual error:0.001000
 0  5.880639e-01
 1  3.047508e-01
 2  1.860728e-01
 3  1.322562e-01
 4  1.019624e-01
 5  8.220126e-02
 6  6.639676e-02
 7  5.399824e-02
 8  4.546176e-02
 9  3.876588e-02
 10  3.260451e-02
 11  2.709741e-02
 12  2.219164e-02
 13  1.764433e-02
 14  1.442689e-02
 15  1.143537e-02
 16  9.175457e-03
 17  7.641191e-03
 18  6.298654e-03
 19  5.027015e-03
 20  4.143628e-03
 21  3.516539e-03
 22  2.970611e-03
 23  2.587992e-03
 24  2.266492e-03
 25  1.985304e-03
 26  1.772547e-03
 27  1.603209e-03
 28  1.448502e-03
 29  1.279397e-03
 30  1.120152e-03
 31  9.519800e-04
 Iteration CPU time: 7 s
 CFIE residual: 0.00095198

 Iseg, Irank, Idinc : 1, 33, 47
 Thata, Phi : 90.000000, 46.000000
 Maximun iteration: 300
 Number of recycle truncation: 30
 Final matrix dimension:  36708
 Residual error:0.001000
 0  6.321649e-01
 1  3.216380e-01
 2  2.035005e-01
 3  1.346964e-01
 4  9.504382e-02
 5  6.992067e-02
 6  5.251921e-02
 7  4.039028e-02
 8  3.108916e-02
 9  2.421271e-02
 10  1.900061e-02
 11  1.520956e-02
 12  1.237348e-02
 13  1.040351e-02
 14  8.835837e-03
 15  7.677001e-03
 16  6.881594e-03
 17  6.145945e-03
 18  5.478639e-03
 19  4.828480e-03
 20  4.276453e-03
 21  3.675113e-03
 22  3.207914e-03
 23  2.671836e-03
 24  2.159448e-03
 25  1.760111e-03
 26  1.381748e-03
 27  1.113745e-03
 28  8.867666e-04
 Iteration CPU time: 6 s
 CFIE residual: 0.000886767

 Iseg, Irank, Idinc : 1, 34, 26
 Thata, Phi : 90.000000, 25.000000
 Maximun iteration: 300
 Number of recycle truncation: 30
 Final matrix dimension:  36708
 Residual error:0.001000
 0  6.267811e-01
 1  2.964013e-01
 2  1.670705e-01
 3  1.103193e-01
 4  7.814412e-02
 5  5.755034e-02
 6  4.322509e-02
 7  3.350462e-02
 8  2.618734e-02
 9  2.069227e-02
 10  1.647529e-02
 11  1.283129e-02
 12  1.058645e-02
 13  8.668919e-03
 14  7.233483e-03
 15  6.225831e-03
 16  5.364596e-03
 17  4.535809e-03
 18  3.973506e-03
 19  3.460439e-03
 20  3.001649e-03
 21  2.666674e-03
 22  2.414935e-03
 23  2.213448e-03
 24  1.991663e-03
 25  1.749670e-03
 26  1.520784e-03
 27  1.311196e-03
 28  1.099917e-03
 29  9.309056e-04
 Iteration CPU time: 7 s
 CFIE residual: 0.000930906

 Iseg, Irank, Idinc : 1, 35, 180
 Thata, Phi : 90.000000, 179.000000
 Maximun iteration: 300
 Number of recycle truncation: 30
 Final matrix dimension:  36708
 Residual error:0.001000
 0  5.519952e-01
 1  2.993899e-01
 2  1.909842e-01
 3  1.359590e-01
 4  1.061171e-01
 5  8.197889e-02
 6  6.700389e-02
 7  5.483518e-02
 8  4.413335e-02
 9  3.475793e-02
 10  2.710065e-02
 11  2.105097e-02
 12  1.611840e-02
 13  1.239260e-02
 14  9.563933e-03
 15  7.374964e-03
 16  5.859230e-03
 17  4.877451e-03
 18  4.009416e-03
 19  3.339270e-03
 20  2.827413e-03
 21  2.435222e-03
 22  2.150677e-03
 23  1.928918e-03
 24  1.714130e-03
 25  1.519077e-03
 26  1.381869e-03
 27  1.236830e-03
 28  1.081005e-03
 29  9.292659e-04
 Iteration CPU time: 6 s
 CFIE residual: 0.000929266

 Iseg, Irank, Idinc : 1, 36, 93
 Thata, Phi : 90.000000, 92.000000
 Maximun iteration: 300
 Number of recycle truncation: 30
 Final matrix dimension:  36708
 Residual error:0.001000
 0  6.217863e-01
 1  3.570487e-01
 2  2.272198e-01
 3  1.514565e-01
 4  1.097343e-01
 5  8.560529e-02
 6  6.748528e-02
 7  5.362794e-02
 8  4.316113e-02
 9  3.483985e-02
 10  2.738941e-02
 11  2.193797e-02
 12  1.785793e-02
 13  1.457348e-02
 14  1.238906e-02
 15  1.066020e-02
 16  9.258012e-03
 17  8.236521e-03
 18  7.425113e-03
 19  6.669397e-03
 20  6.071617e-03
 21  5.428774e-03
 22  4.707797e-03
 23  4.005013e-03
 24  3.456702e-03
 25  2.884818e-03
 26  2.366473e-03
 27  1.905089e-03
 28  1.525758e-03
 29  1.146943e-03
 30  8.679338e-04
 Iteration CPU time: 7 s
 CFIE residual: 0.000867934

 Iseg, Irank, Idinc : 1, 37, 143
 Thata, Phi : 90.000000, 142.000000
 Maximun iteration: 300
 Number of recycle truncation: 30
 Final matrix dimension:  36708
 Residual error:0.001000
 0  6.660808e-01
 1  3.491279e-01
 2  2.112364e-01
 3  1.474977e-01
 4  1.069547e-01
 5  8.259643e-02
 6  6.294705e-02
 7  5.028998e-02
 8  4.176062e-02
 9  3.418503e-02
 10  2.841905e-02
 11  2.359062e-02
 12  1.952112e-02
 13  1.533355e-02
 14  1.208987e-02
 15  9.921420e-03
 16  8.024802e-03
 17  6.666108e-03
 18  5.660409e-03
 19  4.697700e-03
 20  4.093490e-03
 21  3.604420e-03
 22  3.233961e-03
 23  2.873461e-03
 24  2.563573e-03
 25  2.314696e-03
 26  2.066382e-03
 27  1.816333e-03
 28  1.511026e-03
 29  1.249145e-03
 30  1.026814e-03
 31  8.328554e-04
 Iteration CPU time: 7 s
 CFIE residual: 0.000832855

 Iseg, Irank, Idinc : 1, 38, 8
 Thata, Phi : 90.000000, 7.000000
 Maximun iteration: 300
 Number of recycle truncation: 30
 Final matrix dimension:  36708
 Residual error:0.001000
 0  5.219119e-01
 1  2.711304e-01
 2  1.723867e-01
 3  1.221431e-01
 4  8.816928e-02
 5  6.693187e-02
 6  5.103475e-02
 7  3.884687e-02
 8  2.983319e-02
 9  2.378077e-02
 10  1.881705e-02
 11  1.469869e-02
 12  1.151071e-02
 13  9.215159e-03
 14  7.585302e-03
 15  6.323965e-03
 16  5.385543e-03
 17  4.488632e-03
 18  3.866501e-03
 19  3.413544e-03
 20  2.982347e-03
 21  2.588780e-03
 22  2.328925e-03
 23  2.072652e-03
 24  1.844038e-03
 25  1.659307e-03
 26  1.506435e-03
 27  1.354837e-03
 28  1.196090e-03
 29  1.030740e-03
 30  8.734956e-04
 Iteration CPU time: 6 s
 CFIE residual: 0.000873496
 Last Built End in Sep 21 2025 00:06:12
 Total CPU time: 278 s
 Finished.
