 Last Built Begin in Sep 21 2025 00:06:12
 Pre-Type( Input ):           10
 Skl-Tol ( Input ):    1.0000000000000001E-005
 Wavelength in freespace: 0.0288184

 ################################################
 ##         Generating Required Mesh          ##
 ##         Waiting.....                      ##
 ################################################
 Subd No.      Subd Name
    1    Open-Duct_PRIME_model_meshAA1                                     
 isub,  nnode, npatch,  nedge:
    1      6118     12236     18354
 Scale Factor         >>   1.54999997E-02
 ################################################

 START TIME: 20250922   084634.036


 Informaton for IE geometry:
 number of subdomains     : 1
 maxnode,maxpatch,maxedge : 6118  12236  18354
 
 Index of Mat-Reg: 1
 Mat-Reg Number via MatFlg: 1
 Edge Number of Mat-Reg: 1, 18354

 Number of Edge on PEC: 18354
 Mat-Reg: No Dim(m) Lmax:
    1 0.249    5
 Totlmax, add1, add2:           5           6           7
 rlengmax of Global MLFMA >>   0.24880167008475626     
 Lmax of Global MLFMA >>            5
 Wavenum of Mat-Reg:
    1 1.000

 total area in sq m           =      0.0510
 total area in sq lambda      =     61.3724
 maxnode, maxpatch, maxedge           =     6118    12236    18354
 longest  edge in lambda              =      0.1620
 shortest edge in lambda              =      0.0077
 average  edge in lambda              =      0.1081
 largest  patch area in sq lambda     =      0.0089
 smallest patch area in sq lambda     =      0.0001
 ave    surface area in sq lambda     =      0.0050
 size range of the object in sq lambda =      7.9617

 #### MLFMA Info For Each Region ####
 Mat-Region =            1
 Array dimension parameters:
 maxrule=          14   maxgrid  =          64
 lmax   =           5   ncmax    =        1250
 lsmax  =          27   lsmin    =           7
 kpm    =        1462   kp0      =         102
 ntlm   =      225016   nsm      =      235590
 nkpm   =        2350   niplm    =      150400
 ngnearm=       14257   ngsndm   =       64634
 nearm  =         333   mfinestm =         119
 ###############################

 CFIE Alpha:  0.50000000000000000     

 Fill MLFMA FI for Mat-Reg:           1
 Begin filltl.f
 fill translation matrix
 Level:            2
 fill shifting matrix
 Level:            3
 fill shifting matrix
 Level:            4
 fill shifting matrix
 Level:            5
 fill shifting matrix
 translator time(s):  0.128000006    
 fill interpolation matrix
 ThetaOrder            8
 PhiOrder            8
 lsl            7
 Filling TL                  Delta_CPU=          0.56 Memory(MB)=        654.36
 Filling sndgrp              Delta_CPU=          0.00 Memory(MB)=        654.36
 Filling VFS                 Delta_CPU=          3.24 Memory(MB)=        654.36

 Fill MLFMA NI for Mat-Reg:           1
 Begin fill sparser part of Nearfield
 Begin fill denser part of Nearfield
 End fill
 Filling Amn                 Delta_CPU=         89.73 Memory(MB)=        654.36


 Now testing preconditioner with
 ipretype =           10
 method = cfie_solve_nfrasspspre_pardiso

  
 NBP>>Begin fill sparser part of Nearfield

115.6087% NBP>>Begin fill denser part of Nearfield

200.1041%
 Begin MLFMA Box-Matrix Based Spar-RAS Prec Constructor
 --- Intel MKL PARDISO --- 
 Memory for iGroup: 1 0 MB
 Total Memory For SparRAS Pre: 0 MB
 --- PARDISO PRECONDITIONER INITIALIZED --- 
 Constructing preconditioner CPU time: 4 s
 
 1101240
 Memory for Iteration:: 16.8036 MB

 Iseg, Ninc_S : 1, 181, 0

 Iseg, Skeleton Angles: 1, 40
 Iseg, Skel-Pk Mem(MB): 1, 314.35

 Iseg, Irank, Idinc : 1, 1, 42
 Thata, Phi : 90.000000, 41.000000
 Maximun iteration: 300
 Number of recycle truncation: 30
 Final matrix dimension:  36708
 Residual error:0.001000
 0  6.328240e-01
 1  3.156215e-01
 2  1.990406e-01
 3  1.277381e-01
 4  8.917971e-02
 5  6.535639e-02
 6  4.984344e-02
 7  3.823206e-02
 8  2.917653e-02
 9  2.303189e-02
 10  1.724843e-02
 11  1.411822e-02
 12  1.188441e-02
 13  1.007214e-02
 14  8.963001e-03
 15  7.912442e-03
 16  7.086193e-03
 17  6.492269e-03
 18  5.977048e-03
 19  5.663542e-03
 20  5.420890e-03
 21  5.162966e-03
 22  4.913883e-03
 23  4.651827e-03
 24  4.321376e-03
 25  3.906750e-03
 26  3.485469e-03
 27  3.075986e-03
 28  2.601042e-03
 29  2.201551e-03
 30  1.860053e-03
 31  1.557514e-03
 32  1.287302e-03
 33  1.043269e-03
 34  8.683753e-04
 Iteration CPU time: 8 s
 CFIE residual: 0.000868375

 Iseg, Irank, Idinc : 1, 2, 63
 Thata, Phi : 90.000000, 62.000000
 Maximun iteration: 300
 Number of recycle truncation: 30
 Final matrix dimension:  36708
 Residual error:0.001000
 0  6.547652e-01
 1  3.585087e-01
 2  2.235086e-01
 3  1.433924e-01
 4  1.015840e-01
 5  7.814908e-02
 6  5.954589e-02
 7  4.782322e-02
 8  3.838397e-02
 9  3.083856e-02
 10  2.407739e-02
 11  1.981669e-02
 12  1.661395e-02
 13  1.439204e-02
 14  1.299764e-02
 15  1.204236e-02
 16  1.133071e-02
 17  1.075952e-02
 18  1.037584e-02
 19  9.835383e-03
 20  9.253652e-03
 21  8.801189e-03
 22  8.136184e-03
 23  7.404248e-03
 24  6.518980e-03
 25  5.576849e-03
 26  4.752458e-03
 27  4.010336e-03
 28  3.335581e-03
 29  2.743293e-03
 30  2.242508e-03
 31  1.802112e-03
 32  1.447984e-03
 33  1.173728e-03
 34  9.382910e-04
 Iteration CPU time: 8 s
 CFIE residual: 0.000938291

 Iseg, Irank, Idinc : 1, 3, 108
 Thata, Phi : 90.000000, 107.000000
 Maximun iteration: 300
 Number of recycle truncation: 30
 Final matrix dimension:  36708
 Residual error:0.001000
 0  6.166401e-01
 1  3.479016e-01
 2  2.156524e-01
 3  1.464453e-01
 4  1.043092e-01
 5  7.772738e-02
 6  6.007590e-02
 7  4.698431e-02
 8  3.830144e-02
 9  3.157249e-02
 10  2.549871e-02
 11  2.114771e-02
 12  1.778907e-02
 13  1.508311e-02
 14  1.319193e-02
 15  1.162219e-02
 16  1.043682e-02
 17  9.648916e-03
 18  8.836633e-03
 19  8.276985e-03
 20  7.807306e-03
 21  7.425461e-03
 22  7.108626e-03
 23  6.833253e-03
 24  6.546595e-03
 25  6.178688e-03
 26  5.629727e-03
 27  5.007801e-03
 28  4.365331e-03
 29  3.708334e-03
 30  3.047373e-03
 31  2.445937e-03
 32  1.911775e-03
 33  1.549533e-03
 34  1.249974e-03
 35  1.006441e-03
 36  7.974145e-04
 Iteration CPU time: 8 s
 CFIE residual: 0.000797415

 Iseg, Irank, Idinc : 1, 4, 147
 Thata, Phi : 90.000000, 146.000000
 Maximun iteration: 300
 Number of recycle truncation: 30
 Final matrix dimension:  36708
 Residual error:0.001000
 0  6.567812e-01
 1  3.461576e-01
 2  2.097328e-01
 3  1.412344e-01
 4  1.003947e-01
 5  7.685559e-02
 6  5.945630e-02
 7  4.758302e-02
 8  3.962240e-02
 9  3.376113e-02
 10  2.899219e-02
 11  2.542188e-02
 12  2.263202e-02
 13  1.943872e-02
 14  1.654835e-02
 15  1.446093e-02
 16  1.261426e-02
 17  1.075763e-02
 18  9.667793e-03
 19  8.601025e-03
 20  7.891031e-03
 21  7.262937e-03
 22  6.793557e-03
 23  6.435641e-03
 24  6.165311e-03
 25  5.937757e-03
 26  5.678589e-03
 27  5.367874e-03
 28  4.984364e-03
 29  4.545955e-03
 30  4.025909e-03
 31  3.544345e-03
 32  3.023352e-03
 33  2.500131e-03
 34  1.981427e-03
 35  1.597095e-03
 36  1.267821e-03
 37  9.763953e-04
 Iteration CPU time: 8 s
 CFIE residual: 0.000976395

 Iseg, Irank, Idinc : 1, 5, 22
 Thata, Phi : 90.000000, 21.000000
 Maximun iteration: 300
 Number of recycle truncation: 30
 Final matrix dimension:  36708
 Residual error:0.001000
 0  6.330563e-01
 1  2.968597e-01
 2  1.756621e-01
 3  1.162951e-01
 4  8.070430e-02
 5  5.950468e-02
 6  4.508312e-02
 7  3.531940e-02
 8  2.789619e-02
 9  2.256996e-02
 10  1.867281e-02
 11  1.515712e-02
 12  1.228029e-02
 13  1.026025e-02
 14  8.625849e-03
 15  7.416361e-03
 16  6.481791e-03
 17  5.550776e-03
 18  4.796695e-03
 19  4.242151e-03
 20  3.880312e-03
 21  3.516881e-03
 22  3.285081e-03
 23  3.076823e-03
 24  2.918996e-03
 25  2.803452e-03
 26  2.683697e-03
 27  2.554291e-03
 28  2.414468e-03
 29  2.266860e-03
 30  2.108576e-03
 31  1.934094e-03
 32  1.714852e-03
 33  1.488850e-03
 34  1.248478e-03
 35  1.039428e-03
 36  8.425812e-04
 Iteration CPU time: 8 s
 CFIE residual: 0.000842581

 Iseg, Irank, Idinc : 1, 6, 137
 Thata, Phi : 90.000000, 136.000000
 Maximun iteration: 300
 Number of recycle truncation: 30
 Final matrix dimension:  36708
 Residual error:0.001000
 0  6.967518e-01
 1  3.484769e-01
 2  2.153910e-01
 3  1.470693e-01
 4  1.054726e-01
 5  7.920519e-02
 6  5.996947e-02
 7  4.763573e-02
 8  3.906270e-02
 9  3.280943e-02
 10  2.750603e-02
 11  2.312954e-02
 12  1.990659e-02
 13  1.698076e-02
 14  1.436370e-02
 15  1.247833e-02
 16  1.114003e-02
 17  9.966169e-03
 18  9.056395e-03
 19  8.347267e-03
 20  7.856614e-03
 21  7.404336e-03
 22  7.061299e-03
 23  6.722925e-03
 24  6.408022e-03
 25  6.079508e-03
 26  5.624082e-03
 27  5.193028e-03
 28  4.692262e-03
 29  4.223977e-03
 30  3.700506e-03
 31  3.198908e-03
 32  2.707666e-03
 33  2.283890e-03
 34  1.900773e-03
 35  1.566018e-03
 36  1.302287e-03
 37  1.049979e-03
 38  8.227237e-04
 Iteration CPU time: 8 s
 CFIE residual: 0.000822724

 Iseg, Irank, Idinc : 1, 7, 83
 Thata, Phi : 90.000000, 82.000000
 Maximun iteration: 300
 Number of recycle truncation: 30
 Final matrix dimension:  36708
 Residual error:0.001000
 0  6.057764e-01
 1  3.476399e-01
 2  2.220455e-01
 3  1.497029e-01
 4  1.083654e-01
 5  8.323750e-02
 6  6.417184e-02
 7  5.085213e-02
 8  4.124242e-02
 9  3.273716e-02
 10  2.684668e-02
 11  2.261896e-02
 12  1.916485e-02
 13  1.688665e-02
 14  1.521908e-02
 15  1.390901e-02
 16  1.278018e-02
 17  1.205416e-02
 18  1.152424e-02
 19  1.102248e-02
 20  1.055773e-02
 21  1.007832e-02
 22  9.553492e-03
 23  8.871423e-03
 24  8.039693e-03
 25  7.092636e-03
 26  6.179681e-03
 27  5.366144e-03
 28  4.604594e-03
 29  3.815535e-03
 30  3.192464e-03
 31  2.659470e-03
 32  2.175161e-03
 33  1.741198e-03
 34  1.409952e-03
 35  1.124098e-03
 36  9.346538e-04
 Iteration CPU time: 8 s
 CFIE residual: 0.000934654

 Iseg, Irank, Idinc : 1, 8, 72
 Thata, Phi : 90.000000, 71.000000
 Maximun iteration: 300
 Number of recycle truncation: 30
 Final matrix dimension:  36708
 Residual error:0.001000
 0  6.322613e-01
 1  3.633093e-01
 2  2.344685e-01
 3  1.477683e-01
 4  1.049100e-01
 5  8.259834e-02
 6  6.382068e-02
 7  4.971436e-02
 8  4.036071e-02
 9  3.375851e-02
 10  2.689057e-02
 11  2.208417e-02
 12  1.844823e-02
 13  1.622503e-02
 14  1.477864e-02
 15  1.356431e-02
 16  1.281629e-02
 17  1.213819e-02
 18  1.157253e-02
 19  1.099151e-02
 20  1.046664e-02
 21  9.932699e-03
 22  9.334849e-03
 23  8.567276e-03
 24  7.608803e-03
 25  6.453747e-03
 26  5.615489e-03
 27  4.779513e-03
 28  4.014587e-03
 29  3.333409e-03
 30  2.754899e-03
 31  2.260334e-03
 32  1.808385e-03
 33  1.490876e-03
 34  1.178668e-03
 35  9.457796e-04
 Iteration CPU time: 8 s
 CFIE residual: 0.00094578

 Iseg, Irank, Idinc : 1, 9, 125
 Thata, Phi : 90.000000, 124.000000
 Maximun iteration: 300
 Number of recycle truncation: 30
 Final matrix dimension:  36708
 Residual error:0.001000
 0  6.575673e-01
 1  3.404164e-01
 2  2.201586e-01
 3  1.550226e-01
 4  1.125607e-01
 5  8.185973e-02
 6  6.489279e-02
 7  5.148482e-02
 8  4.207398e-02
 9  3.406812e-02
 10  2.718561e-02
 11  2.157301e-02
 12  1.746112e-02
 13  1.428411e-02
 14  1.209666e-02
 15  1.057673e-02
 16  9.307075e-03
 17  8.457145e-03
 18  7.688178e-03
 19  7.179600e-03
 20  6.805817e-03
 21  6.506335e-03
 22  6.240588e-03
 23  5.963488e-03
 24  5.682293e-03
 25  5.350664e-03
 26  4.961458e-03
 27  4.562402e-03
 28  4.151899e-03
 29  3.746263e-03
 30  3.308243e-03
 31  2.900751e-03
 32  2.496950e-03
 33  2.153783e-03
 34  1.808731e-03
 35  1.522792e-03
 36  1.234431e-03
 37  9.728082e-04
 Iteration CPU time: 8 s
 CFIE residual: 0.000972808

 Iseg, Irank, Idinc : 1, 10, 159
 Thata, Phi : 90.000000, 158.000000
 Maximun iteration: 300
 Number of recycle truncation: 30
 Final matrix dimension:  36708
 Residual error:0.001000
 0  6.220932e-01
 1  3.145203e-01
 2  1.915453e-01
 3  1.298355e-01
 4  9.632716e-02
 5  7.707753e-02
 6  6.159933e-02
 7  5.062671e-02
 8  4.284391e-02
 9  3.707139e-02
 10  3.219188e-02
 11  2.844740e-02
 12  2.499077e-02
 13  2.129334e-02
 14  1.808354e-02
 15  1.581808e-02
 16  1.395016e-02
 17  1.199413e-02
 18  1.047969e-02
 19  9.068503e-03
 20  7.977212e-03
 21  7.119253e-03
 22  6.408265e-03
 23  5.882631e-03
 24  5.495239e-03
 25  5.224217e-03
 26  4.954882e-03
 27  4.731616e-03
 28  4.488653e-03
 29  4.217994e-03
 30  3.874095e-03
 31  3.420474e-03
 32  2.930864e-03
 33  2.470962e-03
 34  2.030316e-03
 35  1.614232e-03
 36  1.291618e-03
 37  9.907964e-04
 Iteration CPU time: 9 s
 CFIE residual: 0.000990796

 Iseg, Irank, Idinc : 1, 11, 53
 Thata, Phi : 90.000000, 52.000000
 Maximun iteration: 300
 Number of recycle truncation: 30
 Final matrix dimension:  36708
 Residual error:0.001000
 0  6.539568e-01
 1  3.452005e-01
 2  2.120690e-01
 3  1.350871e-01
 4  9.807404e-02
 5  7.490888e-02
 6  5.842096e-02
 7  4.491697e-02
 8  3.516078e-02
 9  2.858228e-02
 10  2.230611e-02
 11  1.766399e-02
 12  1.441372e-02
 13  1.207893e-02
 14  1.081195e-02
 15  9.875581e-03
 16  9.114036e-03
 17  8.672104e-03
 18  8.083441e-03
 19  7.628531e-03
 20  7.261820e-03
 21  6.787889e-03
 22  6.300076e-03
 23  5.771375e-03
 24  5.101761e-03
 25  4.327411e-03
 26  3.658822e-03
 27  3.037838e-03
 28  2.488861e-03
 29  1.976977e-03
 30  1.642474e-03
 31  1.355994e-03
 32  1.117808e-03
 33  9.064938e-04
 Iteration CPU time: 7 s
 CFIE residual: 0.000906494

 Iseg, Irank, Idinc : 1, 12, 33
 Thata, Phi : 90.000000, 32.000000
 Maximun iteration: 300
 Number of recycle truncation: 30
 Final matrix dimension:  36708
 Residual error:0.001000
 0  6.284896e-01
 1  3.112150e-01
 2  1.858004e-01
 3  1.166025e-01
 4  8.142334e-02
 5  5.950010e-02
 6  4.458313e-02
 7  3.405469e-02
 8  2.690408e-02
 9  2.158613e-02
 10  1.696369e-02
 11  1.395797e-02
 12  1.147943e-02
 13  9.623869e-03
 14  8.317322e-03
 15  7.132267e-03
 16  6.242169e-03
 17  5.531777e-03
 18  4.918827e-03
 19  4.542468e-03
 20  4.285109e-03
 21  4.060967e-03
 22  3.889462e-03
 23  3.745956e-03
 24  3.565900e-03
 25  3.388136e-03
 26  3.155742e-03
 27  2.883229e-03
 28  2.554494e-03
 29  2.181736e-03
 30  1.843527e-03
 31  1.571378e-03
 32  1.343730e-03
 33  1.129116e-03
 34  9.349845e-04
 Iteration CPU time: 7 s
 CFIE residual: 0.000934985

 Iseg, Irank, Idinc : 1, 13, 176
 Thata, Phi : 90.000000, 175.000000
 Maximun iteration: 300
 Number of recycle truncation: 30
 Final matrix dimension:  36708
 Residual error:0.001000
 0  5.899108e-01
 1  2.946479e-01
 2  1.825932e-01
 3  1.298585e-01
 4  1.003450e-01
 5  8.055431e-02
 6  6.606901e-02
 7  5.513153e-02
 8  4.597472e-02
 9  3.880671e-02
 10  3.252203e-02
 11  2.719796e-02
 12  2.266637e-02
 13  1.873518e-02
 14  1.612722e-02
 15  1.347944e-02
 16  1.151056e-02
 17  9.794230e-03
 18  8.331185e-03
 19  7.046309e-03
 20  6.142929e-03
 21  5.314511e-03
 22  4.687363e-03
 23  4.138527e-03
 24  3.729685e-03
 25  3.439022e-03
 26  3.180271e-03
 27  2.994604e-03
 28  2.823524e-03
 29  2.670854e-03
 30  2.534426e-03
 31  2.398890e-03
 32  2.257744e-03
 33  2.091049e-03
 34  1.907729e-03
 35  1.677493e-03
 36  1.462001e-03
 37  1.236276e-03
 38  1.003867e-03
 39  7.980515e-04
 Iteration CPU time: 9 s
 CFIE residual: 0.000798051

 Iseg, Irank, Idinc : 1, 14, 91
 Thata, Phi : 90.000000, 90.000000
 Maximun iteration: 300
 Number of recycle truncation: 30
 Final matrix dimension:  36708
 Residual error:0.001000
 0  5.972308e-01
 1  3.433291e-01
 2  2.172877e-01
 3  1.492271e-01
 4  1.073936e-01
 5  8.182360e-02
 6  6.369762e-02
 7  4.981937e-02
 8  4.083073e-02
 9  3.311926e-02
 10  2.760786e-02
 11  2.299422e-02
 12  1.983362e-02
 13  1.734450e-02
 14  1.558605e-02
 15  1.408882e-02
 16  1.277627e-02
 17  1.189550e-02
 18  1.120833e-02
 19  1.065100e-02
 20  1.019538e-02
 21  9.722571e-03
 22  9.236929e-03
 23  8.653814e-03
 24  8.001015e-03
 25  7.386858e-03
 26  6.551064e-03
 27  5.696614e-03
 28  4.797131e-03
 29  4.089438e-03
 30  3.417406e-03
 31  2.871111e-03
 32  2.342783e-03
 33  1.913056e-03
 34  1.571675e-03
 35  1.244169e-03
 36  9.966083e-04
 Iteration CPU time: 8 s
 CFIE residual: 0.000996608

 Iseg, Irank, Idinc : 1, 15, 9
 Thata, Phi : 90.000000, 8.000000
 Maximun iteration: 300
 Number of recycle truncation: 30
 Final matrix dimension:  36708
 Residual error:0.001000
 0  5.473945e-01
 1  2.791716e-01
 2  1.779464e-01
 3  1.241487e-01
 4  9.056986e-02
 5  6.760298e-02
 6  5.139893e-02
 7  3.999342e-02
 8  3.139970e-02
 9  2.451925e-02
 10  1.960822e-02
 11  1.573237e-02
 12  1.276914e-02
 13  1.022101e-02
 14  8.486314e-03
 15  7.127001e-03
 16  6.045758e-03
 17  5.248646e-03
 18  4.527974e-03
 19  3.934262e-03
 20  3.436124e-03
 21  3.088319e-03
 22  2.753661e-03
 23  2.461593e-03
 24  2.265859e-03
 25  2.110473e-03
 26  1.940603e-03
 27  1.806780e-03
 28  1.708704e-03
 29  1.614329e-03
 30  1.547715e-03
 31  1.477475e-03
 32  1.389433e-03
 33  1.290487e-03
 34  1.170934e-03
 35  1.044028e-03
 36  8.889358e-04
 Iteration CPU time: 9 s
 CFIE residual: 0.000888936

 Iseg, Irank, Idinc : 1, 16, 100
 Thata, Phi : 90.000000, 99.000000
 Maximun iteration: 300
 Number of recycle truncation: 30
 Final matrix dimension:  36708
 Residual error:0.001000
 0  6.058373e-01
 1  3.413749e-01
 2  2.135319e-01
 3  1.450875e-01
 4  1.046751e-01
 5  7.945889e-02
 6  6.178995e-02
 7  4.891610e-02
 8  3.940129e-02
 9  3.272354e-02
 10  2.678108e-02
 11  2.272553e-02
 12  1.927007e-02
 13  1.684026e-02
 14  1.473411e-02
 15  1.300455e-02
 16  1.174307e-02
 17  1.085256e-02
 18  1.007374e-02
 19  9.434115e-03
 20  8.893270e-03
 21  8.519202e-03
 22  8.158878e-03
 23  7.772461e-03
 24  7.309242e-03
 25  6.760370e-03
 26  6.151510e-03
 27  5.393641e-03
 28  4.723838e-03
 29  3.997104e-03
 30  3.403386e-03
 31  2.878892e-03
 32  2.347480e-03
 33  1.875947e-03
 34  1.495682e-03
 35  1.193168e-03
 36  9.748385e-04
 Iteration CPU time: 8 s
 CFIE residual: 0.000974839

 Iseg, Irank, Idinc : 1, 17, 116
 Thata, Phi : 90.000000, 115.000000
 Maximun iteration: 300
 Number of recycle truncation: 30
 Final matrix dimension:  36708
 Residual error:0.001000
 0  6.425513e-01
 1  3.468254e-01
 2  2.159329e-01
 3  1.502791e-01
 4  1.076405e-01
 5  7.943409e-02
 6  6.191253e-02
 7  4.856914e-02
 8  3.833915e-02
 9  3.109964e-02
 10  2.529275e-02
 11  2.069692e-02
 12  1.733495e-02
 13  1.474724e-02
 14  1.263703e-02
 15  1.091978e-02
 16  9.781909e-03
 17  8.997642e-03
 18  8.224274e-03
 19  7.661647e-03
 20  7.314439e-03
 21  6.994141e-03
 22  6.755593e-03
 23  6.455052e-03
 24  6.178792e-03
 25  5.848205e-03
 26  5.416078e-03
 27  4.890623e-03
 28  4.419981e-03
 29  3.889986e-03
 30  3.411310e-03
 31  2.905707e-03
 32  2.355797e-03
 33  1.874860e-03
 34  1.518007e-03
 35  1.179892e-03
 36  9.428546e-04
 Iteration CPU time: 8 s
 CFIE residual: 0.000942855

 Iseg, Irank, Idinc : 1, 18, 1
 Thata, Phi : 90.000000, 0.000000
 Maximun iteration: 300
 Number of recycle truncation: 30
 Final matrix dimension:  36708
 Residual error:0.001000
 0  5.225000e-01
 1  2.741851e-01
 2  1.777820e-01
 3  1.210419e-01
 4  8.822278e-02
 5  6.692958e-02
 6  5.097627e-02
 7  3.841124e-02
 8  2.956590e-02
 9  2.367807e-02
 10  1.931695e-02
 11  1.525260e-02
 12  1.176691e-02
 13  9.831189e-03
 14  8.054759e-03
 15  6.743228e-03
 16  5.695381e-03
 17  4.922521e-03
 18  4.217874e-03
 19  3.650749e-03
 20  3.125005e-03
 21  2.707035e-03
 22  2.372776e-03
 23  2.075675e-03
 24  1.837308e-03
 25  1.621073e-03
 26  1.451043e-03
 27  1.331307e-03
 28  1.228546e-03
 29  1.156072e-03
 30  1.092039e-03
 31  1.022502e-03
 32  9.531843e-04
 Iteration CPU time: 7 s
 CFIE residual: 0.000953184

 Iseg, Irank, Idinc : 1, 19, 167
 Thata, Phi : 90.000000, 166.000000
 Maximun iteration: 300
 Number of recycle truncation: 30
 Final matrix dimension:  36708
 Residual error:0.001000
 0  5.968119e-01
 1  2.988706e-01
 2  1.840368e-01
 3  1.303182e-01
 4  9.989374e-02
 5  8.037015e-02
 6  6.479111e-02
 7  5.442684e-02
 8  4.584517e-02
 9  3.893639e-02
 10  3.281313e-02
 11  2.886190e-02
 12  2.525603e-02
 13  2.149145e-02
 14  1.858507e-02
 15  1.610016e-02
 16  1.402246e-02
 17  1.198661e-02
 18  1.009796e-02
 19  8.596028e-03
 20  7.541714e-03
 21  6.505578e-03
 22  5.851771e-03
 23  5.259079e-03
 24  4.799206e-03
 25  4.433833e-03
 26  4.166744e-03
 27  3.930702e-03
 28  3.747047e-03
 29  3.564062e-03
 30  3.352147e-03
 31  3.100299e-03
 32  2.859554e-03
 33  2.578938e-03
 34  2.233561e-03
 35  1.923768e-03
 36  1.582240e-03
 37  1.276364e-03
 38  1.000254e-03
 39  7.992172e-04
 Iteration CPU time: 9 s
 CFIE residual: 0.000799217

 Iseg, Irank, Idinc : 1, 20, 16
 Thata, Phi : 90.000000, 15.000000
 Maximun iteration: 300
 Number of recycle truncation: 30
 Final matrix dimension:  36708
 Residual error:0.001000
 0  5.946859e-01
 1  2.878084e-01
 2  1.766677e-01
 3  1.211638e-01
 4  8.664025e-02
 5  6.436588e-02
 6  4.882279e-02
 7  3.864837e-02
 8  3.030253e-02
 9  2.410819e-02
 10  1.937382e-02
 11  1.536240e-02
 12  1.237303e-02
 13  1.020856e-02
 14  8.610157e-03
 15  7.191991e-03
 16  6.187967e-03
 17  5.307457e-03
 18  4.598587e-03
 19  4.053718e-03
 20  3.632614e-03
 21  3.266881e-03
 22  2.973526e-03
 23  2.718607e-03
 24  2.548147e-03
 25  2.415557e-03
 26  2.287319e-03
 27  2.174701e-03
 28  2.067500e-03
 29  1.960676e-03
 30  1.877254e-03
 31  1.767342e-03
 32  1.629423e-03
 33  1.467336e-03
 34  1.269946e-03
 35  1.089420e-03
 36  8.981233e-04
 Iteration CPU time: 9 s
 CFIE residual: 0.000898123

 Iseg, Irank, Idinc : 1, 21, 181
 Thata, Phi : 90.000000, 180.000000
 Maximun iteration: 300
 Number of recycle truncation: 30
 Final matrix dimension:  36708
 Residual error:0.001000
 0  5.896632e-01
 1  2.941715e-01
 2  1.817781e-01
 3  1.285708e-01
 4  9.855419e-02
 5  7.897765e-02
 6  6.496833e-02
 7  5.410436e-02
 8  4.511568e-02
 9  3.756607e-02
 10  3.075369e-02
 11  2.514583e-02
 12  2.069045e-02
 13  1.669041e-02
 14  1.402589e-02
 15  1.172204e-02
 16  9.692111e-03
 17  8.019139e-03
 18  6.820525e-03
 19  5.861242e-03
 20  4.984600e-03
 21  4.311276e-03
 22  3.762805e-03
 23  3.280667e-03
 24  2.948166e-03
 25  2.753263e-03
 26  2.578882e-03
 27  2.419483e-03
 28  2.273111e-03
 29  2.111037e-03
 30  1.947355e-03
 31  1.789224e-03
 32  1.624073e-03
 33  1.422626e-03
 34  1.182901e-03
 35  9.669427e-04
 Iteration CPU time: 8 s
 CFIE residual: 0.000966943

 Iseg, Irank, Idinc : 1, 22, 153
 Thata, Phi : 90.000000, 152.000000
 Maximun iteration: 300
 Number of recycle truncation: 30
 Final matrix dimension:  36708
 Residual error:0.001000
 0  6.365689e-01
 1  3.294780e-01
 2  2.021408e-01
 3  1.347469e-01
 4  9.788439e-02
 5  7.674920e-02
 6  6.008262e-02
 7  4.896197e-02
 8  4.034766e-02
 9  3.453071e-02
 10  2.988508e-02
 11  2.646762e-02
 12  2.313671e-02
 13  1.957219e-02
 14  1.686199e-02
 15  1.487387e-02
 16  1.307821e-02
 17  1.134173e-02
 18  9.943355e-03
 19  8.724694e-03
 20  7.863118e-03
 21  7.153995e-03
 22  6.508153e-03
 23  6.062117e-03
 24  5.719833e-03
 25  5.478768e-03
 26  5.224600e-03
 27  4.989093e-03
 28  4.690137e-03
 29  4.341657e-03
 30  3.875711e-03
 31  3.381853e-03
 32  2.915810e-03
 33  2.482570e-03
 34  1.927752e-03
 35  1.524499e-03
 36  1.186930e-03
 37  9.320739e-04
 Iteration CPU time: 8 s
 CFIE residual: 0.000932074

 Iseg, Irank, Idinc : 1, 23, 77
 Thata, Phi : 90.000000, 76.000000
 Maximun iteration: 300
 Number of recycle truncation: 30
 Final matrix dimension:  36708
 Residual error:0.001000
 0  6.143014e-01
 1  3.539996e-01
 2  2.283983e-01
 3  1.474009e-01
 4  1.043656e-01
 5  8.020325e-02
 6  6.195462e-02
 7  4.848967e-02
 8  3.949647e-02
 9  3.173259e-02
 10  2.636315e-02
 11  2.222368e-02
 12  1.878323e-02
 13  1.673961e-02
 14  1.502671e-02
 15  1.373109e-02
 16  1.293620e-02
 17  1.226712e-02
 18  1.171679e-02
 19  1.116464e-02
 20  1.065605e-02
 21  1.016334e-02
 22  9.623771e-03
 23  8.964869e-03
 24  8.052344e-03
 25  7.004550e-03
 26  6.196306e-03
 27  5.364851e-03
 28  4.572976e-03
 29  3.797124e-03
 30  3.153302e-03
 31  2.571181e-03
 32  2.080191e-03
 33  1.693416e-03
 34  1.363575e-03
 35  1.068615e-03
 36  8.514440e-04
 Iteration CPU time: 8 s
 CFIE residual: 0.000851444

 Iseg, Irank, Idinc : 1, 24, 131
 Thata, Phi : 90.000000, 130.000000
 Maximun iteration: 300
 Number of recycle truncation: 30
 Final matrix dimension:  36708
 Residual error:0.001000
 0  6.758832e-01
 1  3.480769e-01
 2  2.200554e-01
 3  1.495226e-01
 4  1.077147e-01
 5  7.980711e-02
 6  6.247623e-02
 7  4.971924e-02
 8  3.990129e-02
 9  3.314978e-02
 10  2.714482e-02
 11  2.231710e-02
 12  1.816061e-02
 13  1.494229e-02
 14  1.268527e-02
 15  1.104040e-02
 16  9.659178e-03
 17  8.725313e-03
 18  7.959126e-03
 19  7.412937e-03
 20  7.031873e-03
 21  6.699258e-03
 22  6.425661e-03
 23  6.135249e-03
 24  5.838324e-03
 25  5.480295e-03
 26  5.056054e-03
 27  4.619620e-03
 28  4.174936e-03
 29  3.691655e-03
 30  3.176710e-03
 31  2.736091e-03
 32  2.335441e-03
 33  1.970929e-03
 34  1.632897e-03
 35  1.352619e-03
 36  1.120671e-03
 37  9.021460e-04
 Iteration CPU time: 9 s
 CFIE residual: 0.000902146

 Iseg, Irank, Idinc : 1, 25, 48
 Thata, Phi : 90.000000, 47.000000
 Maximun iteration: 300
 Number of recycle truncation: 30
 Final matrix dimension:  36708
 Residual error:0.001000
 0  6.419923e-01
 1  3.323326e-01
 2  2.062743e-01
 3  1.344010e-01
 4  9.752228e-02
 5  7.399443e-02
 6  5.694612e-02
 7  4.360196e-02
 8  3.357109e-02
 9  2.651724e-02
 10  2.040348e-02
 11  1.620146e-02
 12  1.357756e-02
 13  1.142739e-02
 14  1.010370e-02
 15  9.192185e-03
 16  8.385249e-03
 17  7.860186e-03
 18  7.292117e-03
 19  6.903943e-03
 20  6.626826e-03
 21  6.262434e-03
 22  5.836575e-03
 23  5.376337e-03
 24  4.902406e-03
 25  4.261922e-03
 26  3.734157e-03
 27  3.176808e-03
 28  2.666918e-03
 29  2.208025e-03
 30  1.834325e-03
 31  1.514929e-03
 32  1.230974e-03
 33  1.011095e-03
 34  8.229094e-04
 Iteration CPU time: 7 s
 CFIE residual: 0.000822909

 Iseg, Irank, Idinc : 1, 26, 5
 Thata, Phi : 90.000000, 4.000000
 Maximun iteration: 300
 Number of recycle truncation: 30
 Final matrix dimension:  36708
 Residual error:0.001000
 0  5.291829e-01
 1  2.756647e-01
 2  1.778900e-01
 3  1.225196e-01
 4  8.948499e-02
 5  6.721210e-02
 6  5.103133e-02
 7  3.888035e-02
 8  3.057425e-02
 9  2.412826e-02
 10  1.938982e-02
 11  1.542418e-02
 12  1.235171e-02
 13  1.029509e-02
 14  8.470815e-03
 15  7.039537e-03
 16  6.025775e-03
 17  5.191238e-03
 18  4.435008e-03
 19  3.871142e-03
 20  3.364778e-03
 21  2.966970e-03
 22  2.624463e-03
 23  2.307337e-03
 24  2.081942e-03
 25  1.896373e-03
 26  1.703541e-03
 27  1.547374e-03
 28  1.440128e-03
 29  1.353986e-03
 30  1.294377e-03
 31  1.236286e-03
 32  1.166772e-03
 33  1.091310e-03
 34  1.002892e-03
 35  9.033833e-04
 Iteration CPU time: 8 s
 CFIE residual: 0.000903383

 Iseg, Irank, Idinc : 1, 27, 172
 Thata, Phi : 90.000000, 171.000000
 Maximun iteration: 300
 Number of recycle truncation: 30
 Final matrix dimension:  36708
 Residual error:0.001000
 0  5.909837e-01
 1  2.955367e-01
 2  1.835798e-01
 3  1.311333e-01
 4  1.014907e-01
 5  8.150922e-02
 6  6.652365e-02
 7  5.566213e-02
 8  4.644493e-02
 9  3.937271e-02
 10  3.370934e-02
 11  2.870938e-02
 12  2.427071e-02
 13  2.051726e-02
 14  1.774150e-02
 15  1.496387e-02
 16  1.295988e-02
 17  1.109568e-02
 18  9.379815e-03
 19  7.953601e-03
 20  6.938808e-03
 21  5.947129e-03
 22  5.310130e-03
 23  4.746540e-03
 24  4.301576e-03
 25  3.949411e-03
 26  3.669240e-03
 27  3.458155e-03
 28  3.277488e-03
 29  3.110789e-03
 30  2.945421e-03
 31  2.782776e-03
 32  2.596576e-03
 33  2.382124e-03
 34  2.144968e-03
 35  1.877150e-03
 36  1.606432e-03
 37  1.333977e-03
 38  1.064864e-03
 39  8.520893e-04
 Iteration CPU time: 9 s
 CFIE residual: 0.000852089

 Iseg, Irank, Idinc : 1, 28, 96
 Thata, Phi : 90.000000, 95.000000
 Maximun iteration: 300
 Number of recycle truncation: 30
 Final matrix dimension:  36708
 Residual error:0.001000
 0  5.993650e-01
 1  3.410864e-01
 2  2.149409e-01
 3  1.451805e-01
 4  1.038647e-01
 5  7.975124e-02
 6  6.309115e-02
 7  4.941629e-02
 8  3.988065e-02
 9  3.242867e-02
 10  2.707879e-02
 11  2.281778e-02
 12  1.954964e-02
 13  1.714129e-02
 14  1.516203e-02
 15  1.350005e-02
 16  1.216390e-02
 17  1.132657e-02
 18  1.057844e-02
 19  9.980619e-03
 20  9.457422e-03
 21  9.091258e-03
 22  8.649610e-03
 23  8.186687e-03
 24  7.690328e-03
 25  7.116314e-03
 26  6.347830e-03
 27  5.537020e-03
 28  4.754196e-03
 29  4.062328e-03
 30  3.387439e-03
 31  2.845676e-03
 32  2.378872e-03
 33  1.900891e-03
 34  1.517828e-03
 35  1.192213e-03
 36  9.742701e-04
 Iteration CPU time: 8 s
 CFIE residual: 0.00097427

 Iseg, Irank, Idinc : 1, 29, 28
 Thata, Phi : 90.000000, 27.000000
 Maximun iteration: 300
 Number of recycle truncation: 30
 Final matrix dimension:  36708
 Residual error:0.001000
 0  6.425420e-01
 1  3.047347e-01
 2  1.794809e-01
 3  1.140543e-01
 4  7.882500e-02
 5  5.758095e-02
 6  4.282254e-02
 7  3.334393e-02
 8  2.681830e-02
 9  2.196925e-02
 10  1.773535e-02
 11  1.455155e-02
 12  1.178283e-02
 13  9.890179e-03
 14  8.495455e-03
 15  7.306554e-03
 16  6.324872e-03
 17  5.461891e-03
 18  4.793992e-03
 19  4.359374e-03
 20  4.082206e-03
 21  3.807664e-03
 22  3.621299e-03
 23  3.448410e-03
 24  3.290594e-03
 25  3.167565e-03
 26  2.995294e-03
 27  2.811476e-03
 28  2.596370e-03
 29  2.325904e-03
 30  2.053741e-03
 31  1.837497e-03
 32  1.595537e-03
 33  1.343363e-03
 34  1.110247e-03
 35  9.100148e-04
 Iteration CPU time: 8 s
 CFIE residual: 0.000910015

 Iseg, Irank, Idinc : 1, 30, 120
 Thata, Phi : 90.000000, 119.000000
 Maximun iteration: 300
 Number of recycle truncation: 30
 Final matrix dimension:  36708
 Residual error:0.001000
 0  6.475331e-01
 1  3.438203e-01
 2  2.160871e-01
 3  1.514010e-01
 4  1.088771e-01
 5  8.124872e-02
 6  6.368598e-02
 7  4.984915e-02
 8  4.001909e-02
 9  3.265455e-02
 10  2.647697e-02
 11  2.133196e-02
 12  1.740494e-02
 13  1.441170e-02
 14  1.241322e-02
 15  1.075450e-02
 16  9.723587e-03
 17  8.870240e-03
 18  8.056919e-03
 19  7.517985e-03
 20  7.134007e-03
 21  6.828739e-03
 22  6.581322e-03
 23  6.312727e-03
 24  6.033669e-03
 25  5.683895e-03
 26  5.273987e-03
 27  4.857232e-03
 28  4.405785e-03
 29  3.983576e-03
 30  3.560685e-03
 31  3.102943e-03
 32  2.590942e-03
 33  2.155606e-03
 34  1.734663e-03
 35  1.428687e-03
 36  1.147736e-03
 37  8.969618e-04
 Iteration CPU time: 8 s
 CFIE residual: 0.000896962

 Iseg, Irank, Idinc : 1, 31, 58
 Thata, Phi : 90.000000, 57.000000
 Maximun iteration: 300
 Number of recycle truncation: 30
 Final matrix dimension:  36708
 Residual error:0.001000
 0  6.588852e-01
 1  3.488372e-01
 2  2.124242e-01
 3  1.336287e-01
 4  9.712357e-02
 5  7.341781e-02
 6  5.666489e-02
 7  4.480792e-02
 8  3.522170e-02
 9  2.848571e-02
 10  2.248388e-02
 11  1.812676e-02
 12  1.517851e-02
 13  1.286175e-02
 14  1.157010e-02
 15  1.065547e-02
 16  1.002001e-02
 17  9.507658e-03
 18  9.054105e-03
 19  8.522830e-03
 20  8.059486e-03
 21  7.613689e-03
 22  7.027674e-03
 23  6.454406e-03
 24  5.573681e-03
 25  4.730608e-03
 26  3.972100e-03
 27  3.326343e-03
 28  2.731510e-03
 29  2.240568e-03
 30  1.840830e-03
 31  1.492417e-03
 32  1.192793e-03
 33  9.517218e-04
 Iteration CPU time: 7 s
 CFIE residual: 0.000951722

 Iseg, Irank, Idinc : 1, 32, 179
 Thata, Phi : 90.000000, 178.000000
 Maximun iteration: 300
 Number of recycle truncation: 30
 Final matrix dimension:  36708
 Residual error:0.001000
 0  5.897078e-01
 1  2.942597e-01
 2  1.819272e-01
 3  1.288204e-01
 4  9.896183e-02
 5  7.936209e-02
 6  6.523961e-02
 7  5.435702e-02
 8  4.532575e-02
 9  3.789439e-02
 10  3.117232e-02
 11  2.577840e-02
 12  2.139055e-02
 13  1.726793e-02
 14  1.489759e-02
 15  1.239306e-02
 16  1.041836e-02
 17  8.654974e-03
 18  7.320899e-03
 19  6.227524e-03
 20  5.401735e-03
 21  4.709948e-03
 22  4.144550e-03
 23  3.623735e-03
 24  3.262417e-03
 25  3.013508e-03
 26  2.779433e-03
 27  2.619525e-03
 28  2.464567e-03
 29  2.299568e-03
 30  2.161914e-03
 31  2.030396e-03
 32  1.892044e-03
 33  1.725694e-03
 34  1.544185e-03
 35  1.356188e-03
 36  1.167749e-03
 37  1.004729e-03
 38  8.301046e-04
 Iteration CPU time: 9 s
 CFIE residual: 0.000830105

 Iseg, Irank, Idinc : 1, 33, 142
 Thata, Phi : 90.000000, 141.000000
 Maximun iteration: 300
 Number of recycle truncation: 30
 Final matrix dimension:  36708
 Residual error:0.001000
 0  6.867018e-01
 1  3.497026e-01
 2  2.108073e-01
 3  1.435655e-01
 4  1.030663e-01
 5  7.729067e-02
 6  5.968569e-02
 7  4.690210e-02
 8  3.844819e-02
 9  3.279572e-02
 10  2.822232e-02
 11  2.415459e-02
 12  2.108258e-02
 13  1.820012e-02
 14  1.546081e-02
 15  1.358094e-02
 16  1.200049e-02
 17  1.059299e-02
 18  9.528312e-03
 19  8.671329e-03
 20  8.066828e-03
 21  7.549298e-03
 22  7.158486e-03
 23  6.808475e-03
 24  6.526653e-03
 25  6.238179e-03
 26  5.898375e-03
 27  5.497073e-03
 28  5.042667e-03
 29  4.573973e-03
 30  4.006077e-03
 31  3.443576e-03
 32  2.878808e-03
 33  2.355163e-03
 34  1.887210e-03
 35  1.513581e-03
 36  1.216923e-03
 37  9.461824e-04
 Iteration CPU time: 8 s
 CFIE residual: 0.000946182

 Iseg, Irank, Idinc : 1, 34, 3
 Thata, Phi : 90.000000, 2.000000
 Maximun iteration: 300
 Number of recycle truncation: 30
 Final matrix dimension:  36708
 Residual error:0.001000
 0  5.242192e-01
 1  2.745830e-01
 2  1.778216e-01
 3  1.214942e-01
 4  8.864813e-02
 5  6.703582e-02
 6  5.099381e-02
 7  3.850809e-02
 8  2.986301e-02
 9  2.380845e-02
 10  1.931598e-02
 11  1.526879e-02
 12  1.187536e-02
 13  1.006527e-02
 14  8.376773e-03
 15  6.924506e-03
 16  5.902419e-03
 17  5.075587e-03
 18  4.334715e-03
 19  3.773428e-03
 20  3.273921e-03
 21  2.870387e-03
 22  2.534382e-03
 23  2.224747e-03
 24  1.994263e-03
 25  1.791464e-03
 26  1.595396e-03
 27  1.435570e-03
 28  1.316640e-03
 29  1.234117e-03
 30  1.171297e-03
 31  1.105790e-03
 32  1.043837e-03
 33  9.813313e-04
 Iteration CPU time: 8 s
 CFIE residual: 0.000981331

 Iseg, Irank, Idinc : 1, 35, 37
 Thata, Phi : 90.000000, 36.000000
 Maximun iteration: 300
 Number of recycle truncation: 30
 Final matrix dimension:  36708
 Residual error:0.001000
 0  6.234823e-01
 1  3.137721e-01
 2  1.920989e-01
 3  1.218385e-01
 4  8.438414e-02
 5  6.159112e-02
 6  4.693486e-02
 7  3.561988e-02
 8  2.766457e-02
 9  2.200110e-02
 10  1.692549e-02
 11  1.377353e-02
 12  1.143350e-02
 13  9.626233e-03
 14  8.401998e-03
 15  7.288088e-03
 16  6.411215e-03
 17  5.803135e-03
 18  5.220448e-03
 19  4.859850e-03
 20  4.610011e-03
 21  4.389983e-03
 22  4.211011e-03
 23  4.059018e-03
 24  3.830832e-03
 25  3.578522e-03
 26  3.298040e-03
 27  2.946735e-03
 28  2.557822e-03
 29  2.188778e-03
 30  1.855952e-03
 31  1.574288e-03
 32  1.325313e-03
 33  1.099468e-03
 34  9.267215e-04
 Iteration CPU time: 8 s
 CFIE residual: 0.000926721

 Iseg, Irank, Idinc : 1, 36, 163
 Thata, Phi : 90.000000, 162.000000
 Maximun iteration: 300
 Number of recycle truncation: 30
 Final matrix dimension:  36708
 Residual error:0.001000
 0  6.080528e-01
 1  3.053645e-01
 2  1.860882e-01
 3  1.289267e-01
 4  9.704208e-02
 5  7.818124e-02
 6  6.265218e-02
 7  5.196337e-02
 8  4.396494e-02
 9  3.819587e-02
 10  3.290110e-02
 11  2.840338e-02
 12  2.474137e-02
 13  2.171696e-02
 14  1.877517e-02
 15  1.620424e-02
 16  1.407458e-02
 17  1.208024e-02
 18  1.037548e-02
 19  8.926801e-03
 20  7.826178e-03
 21  6.839244e-03
 22  6.154299e-03
 23  5.570485e-03
 24  5.155558e-03
 25  4.827911e-03
 26  4.576280e-03
 27  4.351783e-03
 28  4.149966e-03
 29  3.930829e-03
 30  3.653232e-03
 31  3.317590e-03
 32  2.952853e-03
 33  2.600773e-03
 34  2.202226e-03
 35  1.824385e-03
 36  1.461939e-03
 37  1.142213e-03
 38  8.983933e-04
 Iteration CPU time: 8 s
 CFIE residual: 0.000898393

 Iseg, Irank, Idinc : 1, 37, 68
 Thata, Phi : 90.000000, 67.000000
 Maximun iteration: 300
 Number of recycle truncation: 30
 Final matrix dimension:  36708
 Residual error:0.001000
 0  6.457923e-01
 1  3.672062e-01
 2  2.349473e-01
 3  1.500622e-01
 4  1.065192e-01
 5  8.323938e-02
 6  6.360204e-02
 7  5.007899e-02
 8  4.051512e-02
 9  3.324721e-02
 10  2.616435e-02
 11  2.169708e-02
 12  1.814712e-02
 13  1.568246e-02
 14  1.429233e-02
 15  1.319341e-02
 16  1.244204e-02
 17  1.180570e-02
 18  1.126589e-02
 19  1.069182e-02
 20  1.013114e-02
 21  9.586323e-03
 22  8.881687e-03
 23  8.073529e-03
 24  7.049358e-03
 25  5.942660e-03
 26  5.090789e-03
 27  4.317184e-03
 28  3.593980e-03
 29  2.974577e-03
 30  2.412270e-03
 31  1.950635e-03
 32  1.599524e-03
 33  1.300470e-03
 34  1.032311e-03
 35  8.380965e-04
 Iteration CPU time: 8 s
 CFIE residual: 0.000838097

 Iseg, Irank, Idinc : 1, 38, 104
 Thata, Phi : 90.000000, 103.000000
 Maximun iteration: 300
 Number of recycle truncation: 30
 Final matrix dimension:  36708
 Residual error:0.001000
 0  6.100396e-01
 1  3.446492e-01
 2  2.132452e-01
 3  1.464872e-01
 4  1.053259e-01
 5  7.886305e-02
 6  6.058624e-02
 7  4.789761e-02
 8  3.893821e-02
 9  3.231876e-02
 10  2.623620e-02
 11  2.204630e-02
 12  1.851564e-02
 13  1.582849e-02
 14  1.393481e-02
 15  1.234590e-02
 16  1.113008e-02
 17  1.028328e-02
 18  9.480201e-03
 19  8.847509e-03
 20  8.314691e-03
 21  7.905778e-03
 22  7.605041e-03
 23  7.301233e-03
 24  6.947418e-03
 25  6.535878e-03
 26  5.922337e-03
 27  5.269720e-03
 28  4.545767e-03
 29  3.906668e-03
 30  3.263185e-03
 31  2.698682e-03
 32  2.172602e-03
 33  1.757433e-03
 34  1.410634e-03
 35  1.148788e-03
 36  9.153302e-04
 Iteration CPU time: 9 s
 CFIE residual: 0.00091533

 Iseg, Irank, Idinc : 1, 39, 13
 Thata, Phi : 90.000000, 12.000000
 Maximun iteration: 300
 Number of recycle truncation: 30
 Final matrix dimension:  36708
 Residual error:0.001000
 0  5.731325e-01
 1  2.836927e-01
 2  1.774307e-01
 3  1.232792e-01
 4  8.944169e-02
 5  6.674782e-02
 6  5.049200e-02
 7  3.961269e-02
 8  3.108805e-02
 9  2.446895e-02
 10  1.946120e-02
 11  1.533602e-02
 12  1.239712e-02
 13  1.011181e-02
 14  8.441192e-03
 15  7.022357e-03
 16  6.024753e-03
 17  5.161965e-03
 18  4.506378e-03
 19  3.977446e-03
 20  3.508698e-03
 21  3.167310e-03
 22  2.875399e-03
 23  2.599512e-03
 24  2.419723e-03
 25  2.281831e-03
 26  2.139397e-03
 27  2.022346e-03
 28  1.919738e-03
 29  1.819198e-03
 30  1.743818e-03
 31  1.655936e-03
 32  1.542095e-03
 33  1.409719e-03
 34  1.247720e-03
 35  1.093344e-03
 36  9.187084e-04
 Iteration CPU time: 8 s
 CFIE residual: 0.000918708

 Iseg, Irank, Idinc : 1, 40, 180
 Thata, Phi : 90.000000, 179.000000
 Maximun iteration: 300
 Number of recycle truncation: 30
 Final matrix dimension:  36708
 Residual error:0.001000
 0  5.896796e-01
 1  2.941948e-01
 2  1.818167e-01
 3  1.286358e-01
 4  9.866787e-02
 5  7.908581e-02
 6  6.504838e-02
 7  5.417962e-02
 8  4.517727e-02
 9  3.766189e-02
 10  3.086614e-02
 11  2.533069e-02
 12  2.093328e-02
 13  1.687287e-02
 14  1.443880e-02
 15  1.207130e-02
 16  1.010773e-02
 17  8.325302e-03
 18  7.029269e-03
 19  6.002980e-03
 20  5.159410e-03
 21  4.485305e-03
 22  3.943952e-03
 23  3.453266e-03
 24  3.114880e-03
 25  2.887008e-03
 26  2.671367e-03
 27  2.519974e-03
 28  2.370069e-03
 29  2.195715e-03
 30  2.044361e-03
 31  1.899661e-03
 32  1.738754e-03
 33  1.550442e-03
 34  1.350945e-03
 35  1.157923e-03
 36  9.564658e-04
 Iteration CPU time: 8 s
 CFIE residual: 0.000956466
 Last Built End in Sep 21 2025 00:06:12
 Total CPU time: 347 s
 Finished.
