 Last Built Begin in Sep 21 2025 00:06:12
 Pre-Type( Input ):            8
 Skl-Tol ( Input ):    1.0000000000000000E-002
 Wavelength in freespace: 0.277778

 ################################################
 ##         Generating Required Mesh          ##
 ##         Waiting.....                      ##
 ################################################
 Subd No.      Subd Name
    1    sphere1                                                           
 isub,  nnode, npatch,  nedge:
    1       604      1204      1806
 Scale Factor         >>   9.99999978E-03
 ################################################

 START TIME: 20250922   003105.211


 Informaton for IE geometry:
 number of subdomains     : 1
 maxnode,maxpatch,maxedge : 604  1204  1806
 
 Index of Mat-Reg: 1
 Mat-Reg Number via MatFlg: 1
 Edge Number of Mat-Reg: 1, 1806

 Number of Edge on PEC: 0
 Mat-Reg: No Dim(m) Lmax:
    1 0.180    2
 Totlmax, add1, add2:           2           3           4
 rlengmax of Global MLFMA >>   0.17999998927200003     
 Lmax of Global MLFMA >>            2
 Wavenum of Mat-Reg:
    1 1.000

 total area in sq m           =      0.1254
 total area in sq lambda      =      1.6245
 maxnode, maxpatch, maxedge           =      604     1204     1806
 longest  edge in lambda              =      0.0784
 shortest edge in lambda              =      0.0342
 average  edge in lambda              =      0.0559
 largest  patch area in sq lambda     =      0.0022
 smallest patch area in sq lambda     =      0.0006
 ave    surface area in sq lambda     =      0.0013
 size range of the object in sq lambda =      0.7200

 #### MLFMA Info For Each Region ####
 Mat-Region =            1
 Array dimension parameters:
 maxrule=          14   maxgrid  =          64
 lmax   =           2   ncmax    =          65
 lsmax  =           6   lsmin    =           6
 kpm    =          76   kp0      =          76
 ntlm   =       24016   nsm      =        4256
 nkpm   =          76   niplm    =        4864
 ngnearm=         632   ngsndm   =        2504
 nearm  =         413   mfinestm =          43
 ###############################

 CFIE Alpha:  0.50000000000000000     

 Fill MLFMA FI for Mat-Reg:           1
 Begin filltl.f
 fill translation matrix
 Level:            2
 fill shifting matrix
 translator time(s):   2.80000009E-02
 fill interpolation matrix
 Filling TL                  Delta_CPU=          0.12 Memory(MB)=         65.70
 Filling sndgrp              Delta_CPU=          0.00 Memory(MB)=         65.70
 Filling VFS                 Delta_CPU=          0.24 Memory(MB)=         65.70

 Fill MLFMA NI for Mat-Reg:           1
 Begin fill sparser part of Nearfield
 Begin fill denser part of Nearfield
 End fill
 Filling Amn                 Delta_CPU=         12.27 Memory(MB)=         65.70


 Now testing preconditioner with
 ipretype =            8
 method = cfie_solve_nfpre_pardiso

  
 NBP>>Begin fill sparser part of Nearfield
 NBP>>Begin fill denser part of Nearfield

201.7857%
 Begin MLFMA Box-Matrix Based Prec Constructor
 --- Intel MKL PARDISO --- 
  >> Solver Initialized
  >> Proceed to ngrp_box loop
  >> Loop 0 Initialized
 Memory for iGRP: 1 0 MB
 Total Memory For NFB Pre: 0 MB
 --- PARDISO PRECONDITIONER INITIALIZED --- 
 Constructing preconditioner CPU time: 0 s
 
 108360
 Memory for Iteration:: 1.65344 MB

 Iseg, Ninc_S : 1, 181, 0

 Iseg, Skeleton Angles: 1, 8
 Iseg, Skel-Pk Mem(MB): 1, 30.96

 Iseg, Irank, Idinc : 1, 1, 33
 Thata, Phi : 90.000000, 32.000000
 Maximun iteration: 300
 Number of recycle truncation: 30
 Final matrix dimension:  3612
 Residual error:0.010000
 0  2.094978e-01
 1  1.052659e-01
 2  4.578689e-02
 3  2.287217e-02
 4  1.101070e-02
 5  5.006200e-03
 Iteration CPU time: 0 s
 CFIE residual: 0.0050062

 Iseg, Irank, Idinc : 1, 2, 138
 Thata, Phi : 90.000000, 137.000000
 Maximun iteration: 300
 Number of recycle truncation: 30
 Final matrix dimension:  3612
 Residual error:0.010000
 0  2.104863e-01
 1  1.049762e-01
 2  4.474041e-02
 3  2.233013e-02
 4  1.033177e-02
 5  4.743270e-03
 Iteration CPU time: 0 s
 CFIE residual: 0.00474327

 Iseg, Irank, Idinc : 1, 3, 82
 Thata, Phi : 90.000000, 81.000000
 Maximun iteration: 300
 Number of recycle truncation: 30
 Final matrix dimension:  3612
 Residual error:0.010000
 0  2.118170e-01
 1  1.076397e-01
 2  4.846909e-02
 3  2.483662e-02
 4  1.145021e-02
 5  5.109473e-03
 Iteration CPU time: 1 s
 CFIE residual: 0.00510947

 Iseg, Irank, Idinc : 1, 4, 1
 Thata, Phi : 90.000000, 0.000000
 Maximun iteration: 300
 Number of recycle truncation: 30
 Final matrix dimension:  3612
 Residual error:0.010000
 0  2.047284e-01
 1  1.039071e-01
 2  4.694571e-02
 3  2.353902e-02
 4  1.103479e-02
 5  4.734406e-03
 Iteration CPU time: 0 s
 CFIE residual: 0.00473441

 Iseg, Irank, Idinc : 1, 5, 181
 Thata, Phi : 90.000000, 180.000000
 Maximun iteration: 300
 Number of recycle truncation: 30
 Final matrix dimension:  3612
 Residual error:0.010000
 0  2.032028e-01
 1  1.014346e-01
 2  4.652225e-02
 3  2.319830e-02
 4  1.015247e-02
 5  4.428303e-03
 Iteration CPU time: 0 s
 CFIE residual: 0.0044283

 Iseg, Irank, Idinc : 1, 6, 110
 Thata, Phi : 90.000000, 109.000000
 Maximun iteration: 300
 Number of recycle truncation: 30
 Final matrix dimension:  3612
 Residual error:0.010000
 0  2.113695e-01
 1  1.078765e-01
 2  4.833206e-02
 3  2.476870e-02
 4  1.131175e-02
 5  5.055777e-03
 Iteration CPU time: 0 s
 CFIE residual: 0.00505578

 Iseg, Irank, Idinc : 1, 7, 164
 Thata, Phi : 90.000000, 163.000000
 Maximun iteration: 300
 Number of recycle truncation: 30
 Final matrix dimension:  3612
 Residual error:0.010000
 0  2.055353e-01
 1  1.026319e-01
 2  4.591080e-02
 3  2.298859e-02
 4  1.035499e-02
 5  4.648376e-03
 Iteration CPU time: 0 s
 CFIE residual: 0.00464838

 Iseg, Irank, Idinc : 1, 8, 15
 Thata, Phi : 90.000000, 14.000000
 Maximun iteration: 300
 Number of recycle truncation: 30
 Final matrix dimension:  3612
 Residual error:0.010000
 0  2.063155e-01
 1  1.046184e-01
 2  4.681498e-02
 3  2.349017e-02
 4  1.113936e-02
 5  4.888420e-03
 Iteration CPU time: 0 s
 CFIE residual: 0.00488842
 Last Built End in Sep 21 2025 00:06:12
 Total CPU time: 2 s
 Finished.
