 Last Built Begin in Sep 21 2025 00:06:12
 Pre-Type( Input ):           10
 Skl-Tol ( Input ):    1.0000000000000001E-005
 Wavelength in freespace: 0.03125

 ################################################
 ##         Generating Required Mesh          ##
 ##         Waiting.....                      ##
 ################################################
 Subd No.      Subd Name
    1    Open-Duct_PRIME_model_meshAA1                                     
 isub,  nnode, npatch,  nedge:
    1      6118     12236     18354
 Scale Factor         >>   1.54999997E-02
 ################################################

 START TIME: 20250922   020711.549


 Informaton for IE geometry:
 number of subdomains     : 1
 maxnode,maxpatch,maxedge : 6118  12236  18354
 
 Index of Mat-Reg: 1
 Mat-Reg Number via MatFlg: 1
 Edge Number of Mat-Reg: 1, 18354

 Number of Edge on PEC: 18354
 Mat-Reg: No Dim(m) Lmax:
    1 0.229    5
 Totlmax, add1, add2:           5           6           7
 rlengmax of Global MLFMA >>   0.22944246232599999     
 Lmax of Global MLFMA >>            5
 Wavenum of Mat-Reg:
    1 1.000

 total area in sq m           =      0.0510
 total area in sq lambda      =     52.1932
 maxnode, maxpatch, maxedge           =     6118    12236    18354
 longest  edge in lambda              =      0.1494
 shortest edge in lambda              =      0.0071
 average  edge in lambda              =      0.0997
 largest  patch area in sq lambda     =      0.0076
 smallest patch area in sq lambda     =      0.0000
 ave    surface area in sq lambda     =      0.0043
 size range of the object in sq lambda =      7.3422

 #### MLFMA Info For Each Region ####
 Mat-Region =            1
 Array dimension parameters:
 maxrule=          14   maxgrid  =          64
 lmax   =           5   ncmax    =        1250
 lsmax  =          26   lsmin    =           6
 kpm    =        1356   kp0      =          76
 ntlm   =      204640   nsm      =      205900
 nkpm   =        2152   niplm    =      137728
 ngnearm=       14257   ngsndm   =       64634
 nearm  =         333   mfinestm =         119
 ###############################

 CFIE Alpha:  0.50000000000000000     

 Fill MLFMA FI for Mat-Reg:           1
 Begin filltl.f
 fill translation matrix
 Level:            2
 fill shifting matrix
 Level:            3
 fill shifting matrix
 Level:            4
 fill shifting matrix
 Level:            5
 fill shifting matrix
 translator time(s):  0.136000007    
 fill interpolation matrix
 ThetaOrder            8
 PhiOrder            8
 lsl            6
 Filling TL                  Delta_CPU=          0.54 Memory(MB)=        586.87
 Filling sndgrp              Delta_CPU=          0.00 Memory(MB)=        586.87
 Filling VFS                 Delta_CPU=          2.39 Memory(MB)=        586.87

 Fill MLFMA NI for Mat-Reg:           1
 Begin fill sparser part of Nearfield
 Begin fill denser part of Nearfield
 End fill
 Filling Amn                 Delta_CPU=         91.65 Memory(MB)=        586.87


 Now testing preconditioner with
 ipretype =           10
 method = cfie_solve_nfrasspspre_pardiso

  
 NBP>>Begin fill sparser part of Nearfield

114.0479% NBP>>Begin fill denser part of Nearfield

200.1041%
 Begin MLFMA Box-Matrix Based Spar-RAS Prec Constructor
 --- Intel MKL PARDISO --- 
 Memory for iGroup: 1 0 MB
 Total Memory For SparRAS Pre: 0 MB
 --- PARDISO PRECONDITIONER INITIALIZED --- 
 Constructing preconditioner CPU time: 5 s
 
 1101240
 Memory for Iteration:: 16.8036 MB

 Iseg, Ninc_S : 1, 181, 0

 Iseg, Skeleton Angles: 1, 38
 Iseg, Skel-Pk Mem(MB): 1, 314.35

 Iseg, Irank, Idinc : 1, 1, 22
 Thata, Phi : 90.000000, 21.000000
 Maximun iteration: 300
 Number of recycle truncation: 30
 Final matrix dimension:  36708
 Residual error:0.001000
 0  6.063912e-01
 1  2.905108e-01
 2  1.661641e-01
 3  1.142902e-01
 4  8.129931e-02
 5  5.983974e-02
 6  4.578960e-02
 7  3.625220e-02
 8  2.852195e-02
 9  2.242710e-02
 10  1.754618e-02
 11  1.373993e-02
 12  1.132051e-02
 13  9.172607e-03
 14  7.671322e-03
 15  6.532319e-03
 16  5.549388e-03
 17  4.695810e-03
 18  4.080434e-03
 19  3.502555e-03
 20  2.997852e-03
 21  2.652907e-03
 22  2.371706e-03
 23  2.171694e-03
 24  1.930448e-03
 25  1.691592e-03
 26  1.461187e-03
 27  1.249702e-03
 28  1.048690e-03
 29  8.823842e-04
 Iteration CPU time: 7 s
 CFIE residual: 0.000882384

 Iseg, Irank, Idinc : 1, 2, 42
 Thata, Phi : 90.000000, 41.000000
 Maximun iteration: 300
 Number of recycle truncation: 30
 Final matrix dimension:  36708
 Residual error:0.001000
 0  6.227348e-01
 1  3.154106e-01
 2  2.007284e-01
 3  1.317799e-01
 4  9.065861e-02
 5  6.599539e-02
 6  4.879298e-02
 7  3.687792e-02
 8  2.838140e-02
 9  2.205970e-02
 10  1.749355e-02
 11  1.408661e-02
 12  1.132086e-02
 13  9.685670e-03
 14  8.176244e-03
 15  7.086218e-03
 16  6.335923e-03
 17  5.588993e-03
 18  4.970463e-03
 19  4.423930e-03
 20  3.825967e-03
 21  3.284835e-03
 22  2.806239e-03
 23  2.354552e-03
 24  1.914468e-03
 25  1.540564e-03
 26  1.242552e-03
 27  9.868102e-04
 Iteration CPU time: 6 s
 CFIE residual: 0.00098681

 Iseg, Irank, Idinc : 1, 3, 64
 Thata, Phi : 90.000000, 63.000000
 Maximun iteration: 300
 Number of recycle truncation: 30
 Final matrix dimension:  36708
 Residual error:0.001000
 0  6.652311e-01
 1  3.573518e-01
 2  2.230359e-01
 3  1.446280e-01
 4  1.057909e-01
 5  7.999025e-02
 6  6.110520e-02
 7  4.891463e-02
 8  3.905224e-02
 9  3.093789e-02
 10  2.466790e-02
 11  1.988882e-02
 12  1.636541e-02
 13  1.383912e-02
 14  1.175496e-02
 15  1.036798e-02
 16  9.271087e-03
 17  8.224871e-03
 18  7.413966e-03
 19  6.472625e-03
 20  5.620325e-03
 21  4.856551e-03
 22  4.048171e-03
 23  3.318934e-03
 24  2.690634e-03
 25  2.110283e-03
 26  1.651574e-03
 27  1.252158e-03
 28  9.693230e-04
 Iteration CPU time: 7 s
 CFIE residual: 0.000969323

 Iseg, Irank, Idinc : 1, 4, 109
 Thata, Phi : 90.000000, 108.000000
 Maximun iteration: 300
 Number of recycle truncation: 30
 Final matrix dimension:  36708
 Residual error:0.001000
 0  6.325617e-01
 1  3.583852e-01
 2  2.263929e-01
 3  1.547686e-01
 4  1.092901e-01
 5  8.203497e-02
 6  6.362138e-02
 7  4.923316e-02
 8  3.841678e-02
 9  3.047828e-02
 10  2.417500e-02
 11  1.914804e-02
 12  1.554246e-02
 13  1.265560e-02
 14  1.070895e-02
 15  9.015273e-03
 16  7.569696e-03
 17  6.592569e-03
 18  5.817145e-03
 19  5.104546e-03
 20  4.510037e-03
 21  4.050309e-03
 22  3.556665e-03
 23  3.116656e-03
 24  2.713085e-03
 25  2.328148e-03
 26  1.926564e-03
 27  1.582327e-03
 28  1.275638e-03
 29  1.002551e-03
 30  7.771766e-04
 Iteration CPU time: 7 s
 CFIE residual: 0.000777177

 Iseg, Irank, Idinc : 1, 5, 75
 Thata, Phi : 90.000000, 74.000000
 Maximun iteration: 300
 Number of recycle truncation: 30
 Final matrix dimension:  36708
 Residual error:0.001000
 0  6.431801e-01
 1  3.688816e-01
 2  2.393194e-01
 3  1.514674e-01
 4  1.063553e-01
 5  8.165369e-02
 6  6.346385e-02
 7  5.251091e-02
 8  4.164229e-02
 9  3.379737e-02
 10  2.720612e-02
 11  2.193330e-02
 12  1.797650e-02
 13  1.547998e-02
 14  1.339844e-02
 15  1.180331e-02
 16  1.071357e-02
 17  9.501581e-03
 18  8.483458e-03
 19  7.483100e-03
 20  6.669396e-03
 21  5.821276e-03
 22  5.005727e-03
 23  4.158453e-03
 24  3.419029e-03
 25  2.752713e-03
 26  2.230764e-03
 27  1.805089e-03
 28  1.461167e-03
 29  1.144858e-03
 30  8.835441e-04
 Iteration CPU time: 6 s
 CFIE residual: 0.000883544

 Iseg, Irank, Idinc : 1, 6, 146
 Thata, Phi : 90.000000, 145.000000
 Maximun iteration: 300
 Number of recycle truncation: 30
 Final matrix dimension:  36708
 Residual error:0.001000
 0  6.467626e-01
 1  3.439134e-01
 2  2.073933e-01
 3  1.458583e-01
 4  1.054282e-01
 5  8.212000e-02
 6  6.365574e-02
 7  5.125910e-02
 8  4.276783e-02
 9  3.549510e-02
 10  2.951523e-02
 11  2.445495e-02
 12  2.020561e-02
 13  1.601767e-02
 14  1.254034e-02
 15  1.022903e-02
 16  8.185286e-03
 17  6.788999e-03
 18  5.741484e-03
 19  4.705113e-03
 20  4.024384e-03
 21  3.471476e-03
 22  3.063543e-03
 23  2.709525e-03
 24  2.403763e-03
 25  2.148600e-03
 26  1.898144e-03
 27  1.673525e-03
 28  1.392398e-03
 29  1.157522e-03
 30  9.406687e-04
 Iteration CPU time: 6 s
 CFIE residual: 0.000940669

 Iseg, Irank, Idinc : 1, 7, 159
 Thata, Phi : 90.000000, 158.000000
 Maximun iteration: 300
 Number of recycle truncation: 30
 Final matrix dimension:  36708
 Residual error:0.001000
 0  6.022813e-01
 1  3.115110e-01
 2  1.883561e-01
 3  1.324342e-01
 4  1.008242e-01
 5  8.062687e-02
 6  6.444979e-02
 7  5.255163e-02
 8  4.469904e-02
 9  3.806770e-02
 10  3.209866e-02
 11  2.654141e-02
 12  2.157569e-02
 13  1.723280e-02
 14  1.406594e-02
 15  1.112721e-02
 16  8.800561e-03
 17  7.110575e-03
 18  5.890168e-03
 19  4.890971e-03
 20  4.006592e-03
 21  3.383640e-03
 22  2.944562e-03
 23  2.575714e-03
 24  2.271559e-03
 25  2.030388e-03
 26  1.802124e-03
 27  1.597191e-03
 28  1.399550e-03
 29  1.200466e-03
 30  1.024933e-03
 31  8.411630e-04
 Iteration CPU time: 8 s
 CFIE residual: 0.000841163

 Iseg, Irank, Idinc : 1, 8, 132
 Thata, Phi : 90.000000, 131.000000
 Maximun iteration: 300
 Number of recycle truncation: 30
 Final matrix dimension:  36708
 Residual error:0.001000
 0  6.842526e-01
 1  3.594393e-01
 2  2.313163e-01
 3  1.578320e-01
 4  1.129799e-01
 5  8.696019e-02
 6  6.629431e-02
 7  5.191793e-02
 8  4.138644e-02
 9  3.283731e-02
 10  2.617793e-02
 11  2.070534e-02
 12  1.674402e-02
 13  1.381181e-02
 14  1.139086e-02
 15  9.380788e-03
 16  7.793637e-03
 17  6.679462e-03
 18  5.772293e-03
 19  5.058095e-03
 20  4.506075e-03
 21  4.063959e-03
 22  3.609905e-03
 23  3.270495e-03
 24  2.853177e-03
 25  2.424730e-03
 26  2.083916e-03
 27  1.738267e-03
 28  1.486481e-03
 29  1.244348e-03
 30  1.027140e-03
 31  8.128823e-04
 Iteration CPU time: 7 s
 CFIE residual: 0.000812882

 Iseg, Irank, Idinc : 1, 9, 122
 Thata, Phi : 90.000000, 121.000000
 Maximun iteration: 300
 Number of recycle truncation: 30
 Final matrix dimension:  36708
 Residual error:0.001000
 0  6.527197e-01
 1  3.461174e-01
 2  2.274470e-01
 3  1.574071e-01
 4  1.115327e-01
 5  8.491137e-02
 6  6.492003e-02
 7  5.090896e-02
 8  3.870338e-02
 9  3.064768e-02
 10  2.402038e-02
 11  1.890827e-02
 12  1.522972e-02
 13  1.275207e-02
 14  1.081953e-02
 15  9.217781e-03
 16  7.938539e-03
 17  6.862933e-03
 18  6.029850e-03
 19  5.260481e-03
 20  4.606459e-03
 21  4.050140e-03
 22  3.624347e-03
 23  3.161422e-03
 24  2.745668e-03
 25  2.342565e-03
 26  2.002144e-03
 27  1.709028e-03
 28  1.416152e-03
 29  1.161096e-03
 30  9.298914e-04
 Iteration CPU time: 7 s
 CFIE residual: 0.000929891

 Iseg, Irank, Idinc : 1, 10, 89
 Thata, Phi : 90.000000, 88.000000
 Maximun iteration: 300
 Number of recycle truncation: 30
 Final matrix dimension:  36708
 Residual error:0.001000
 0  6.230858e-01
 1  3.572946e-01
 2  2.302513e-01
 3  1.563019e-01
 4  1.127851e-01
 5  8.858004e-02
 6  6.916036e-02
 7  5.499634e-02
 8  4.495526e-02
 9  3.594795e-02
 10  2.851426e-02
 11  2.263063e-02
 12  1.827890e-02
 13  1.497950e-02
 14  1.269025e-02
 15  1.104973e-02
 16  9.676839e-03
 17  8.651846e-03
 18  7.763684e-03
 19  6.917566e-03
 20  6.190033e-03
 21  5.432707e-03
 22  4.583159e-03
 23  3.803625e-03
 24  3.188126e-03
 25  2.603338e-03
 26  2.084654e-03
 27  1.648491e-03
 28  1.329924e-03
 29  1.027215e-03
 30  7.766639e-04
 Iteration CPU time: 7 s
 CFIE residual: 0.000776664

 Iseg, Irank, Idinc : 1, 11, 53
 Thata, Phi : 90.000000, 52.000000
 Maximun iteration: 300
 Number of recycle truncation: 30
 Final matrix dimension:  36708
 Residual error:0.001000
 0  6.436090e-01
 1  3.339063e-01
 2  2.073990e-01
 3  1.354772e-01
 4  9.654822e-02
 5  7.183607e-02
 6  5.528486e-02
 7  4.285995e-02
 8  3.351208e-02
 9  2.569153e-02
 10  2.034158e-02
 11  1.668996e-02
 12  1.377584e-02
 13  1.181117e-02
 14  1.019803e-02
 15  8.846837e-03
 16  7.927371e-03
 17  7.103186e-03
 18  6.263364e-03
 19  5.384507e-03
 20  4.668397e-03
 21  3.956057e-03
 22  3.306652e-03
 23  2.692885e-03
 24  2.173335e-03
 25  1.685864e-03
 26  1.307638e-03
 27  1.052488e-03
 28  8.226254e-04
 Iteration CPU time: 6 s
 CFIE residual: 0.000822625

 Iseg, Irank, Idinc : 1, 12, 32
 Thata, Phi : 90.000000, 31.000000
 Maximun iteration: 300
 Number of recycle truncation: 30
 Final matrix dimension:  36708
 Residual error:0.001000
 0  6.309086e-01
 1  3.057098e-01
 2  1.798230e-01
 3  1.141112e-01
 4  8.071755e-02
 5  6.000932e-02
 6  4.417764e-02
 7  3.405685e-02
 8  2.598440e-02
 9  2.027974e-02
 10  1.655843e-02
 11  1.319050e-02
 12  1.073535e-02
 13  9.006460e-03
 14  7.466746e-03
 15  6.320590e-03
 16  5.588628e-03
 17  4.826289e-03
 18  4.265378e-03
 19  3.785377e-03
 20  3.281851e-03
 21  2.881149e-03
 22  2.579832e-03
 23  2.284259e-03
 24  1.987876e-03
 25  1.689513e-03
 26  1.403299e-03
 27  1.155946e-03
 28  9.536748e-04
 Iteration CPU time: 7 s
 CFIE residual: 0.000953675

 Iseg, Irank, Idinc : 1, 13, 11
 Thata, Phi : 90.000000, 10.000000
 Maximun iteration: 300
 Number of recycle truncation: 30
 Final matrix dimension:  36708
 Residual error:0.001000
 0  5.358413e-01
 1  2.751081e-01
 2  1.722966e-01
 3  1.231118e-01
 4  8.852409e-02
 5  6.728514e-02
 6  5.138429e-02
 7  4.007624e-02
 8  3.092063e-02
 9  2.429849e-02
 10  1.930545e-02
 11  1.508477e-02
 12  1.173603e-02
 13  9.457985e-03
 14  7.754297e-03
 15  6.476397e-03
 16  5.587053e-03
 17  4.676575e-03
 18  4.074832e-03
 19  3.569419e-03
 20  3.089379e-03
 21  2.675240e-03
 22  2.389215e-03
 23  2.148535e-03
 24  1.888299e-03
 25  1.676092e-03
 26  1.494206e-03
 27  1.335982e-03
 28  1.148332e-03
 29  9.725910e-04
 Iteration CPU time: 7 s
 CFIE residual: 0.000972591

 Iseg, Irank, Idinc : 1, 14, 178
 Thata, Phi : 90.000000, 177.000000
 Maximun iteration: 300
 Number of recycle truncation: 30
 Final matrix dimension:  36708
 Residual error:0.001000
 0  5.512849e-01
 1  2.996051e-01
 2  1.911567e-01
 3  1.368322e-01
 4  1.067603e-01
 5  8.309659e-02
 6  6.801120e-02
 7  5.560173e-02
 8  4.461030e-02
 9  3.576229e-02
 10  2.825953e-02
 11  2.224162e-02
 12  1.748120e-02
 13  1.376775e-02
 14  1.083951e-02
 15  8.461391e-03
 16  6.842657e-03
 17  5.629701e-03
 18  4.635459e-03
 19  3.817537e-03
 20  3.184533e-03
 21  2.697263e-03
 22  2.359746e-03
 23  2.077478e-03
 24  1.835401e-03
 25  1.606057e-03
 26  1.437576e-03
 27  1.295342e-03
 28  1.132084e-03
 29  9.806730e-04
 Iteration CPU time: 6 s
 CFIE residual: 0.000980673

 Iseg, Irank, Idinc : 1, 15, 97
 Thata, Phi : 90.000000, 96.000000
 Maximun iteration: 300
 Number of recycle truncation: 30
 Final matrix dimension:  36708
 Residual error:0.001000
 0  6.205523e-01
 1  3.559560e-01
 2  2.247735e-01
 3  1.502375e-01
 4  1.075964e-01
 5  8.202792e-02
 6  6.426991e-02
 7  5.152958e-02
 8  4.108308e-02
 9  3.283024e-02
 10  2.594895e-02
 11  2.065630e-02
 12  1.688114e-02
 13  1.397935e-02
 14  1.167478e-02
 15  1.017648e-02
 16  8.772235e-03
 17  7.801796e-03
 18  7.029858e-03
 19  6.278317e-03
 20  5.672905e-03
 21  5.082260e-03
 22  4.400732e-03
 23  3.754559e-03
 24  3.208780e-03
 25  2.676119e-03
 26  2.189855e-03
 27  1.777448e-03
 28  1.416914e-03
 29  1.096540e-03
 30  8.485918e-04
 Iteration CPU time: 6 s
 CFIE residual: 0.000848592

 Iseg, Irank, Idinc : 1, 16, 82
 Thata, Phi : 90.000000, 81.000000
 Maximun iteration: 300
 Number of recycle truncation: 30
 Final matrix dimension:  36708
 Residual error:0.001000
 0  6.273126e-01
 1  3.586130e-01
 2  2.325168e-01
 3  1.551907e-01
 4  1.114945e-01
 5  8.770492e-02
 6  6.747754e-02
 7  5.412117e-02
 8  4.445616e-02
 9  3.459362e-02
 10  2.755372e-02
 11  2.193778e-02
 12  1.793739e-02
 13  1.488451e-02
 14  1.285588e-02
 15  1.125429e-02
 16  9.903004e-03
 17  8.825197e-03
 18  7.969482e-03
 19  7.018417e-03
 20  6.223917e-03
 21  5.448421e-03
 22  4.638243e-03
 23  3.894639e-03
 24  3.236643e-03
 25  2.632613e-03
 26  2.152870e-03
 27  1.736514e-03
 28  1.409708e-03
 29  1.103812e-03
 30  8.708202e-04
 Iteration CPU time: 7 s
 CFIE residual: 0.00087082

 Iseg, Irank, Idinc : 1, 17, 1
 Thata, Phi : 90.000000, 0.000000
 Maximun iteration: 300
 Number of recycle truncation: 30
 Final matrix dimension:  36708
 Residual error:0.001000
 0  5.034326e-01
 1  2.667168e-01
 2  1.734176e-01
 3  1.205476e-01
 4  8.638146e-02
 5  6.456868e-02
 6  4.943865e-02
 7  3.773366e-02
 8  2.977121e-02
 9  2.243394e-02
 10  1.727471e-02
 11  1.366432e-02
 12  1.091077e-02
 13  8.837628e-03
 14  7.236276e-03
 15  5.795968e-03
 16  4.824200e-03
 17  4.065132e-03
 18  3.508433e-03
 19  3.034812e-03
 20  2.686660e-03
 21  2.432956e-03
 22  2.136395e-03
 23  1.867382e-03
 24  1.650272e-03
 25  1.469922e-03
 26  1.318292e-03
 27  1.141590e-03
 28  9.656141e-04
 Iteration CPU time: 7 s
 CFIE residual: 0.000965614

 Iseg, Irank, Idinc : 1, 18, 167
 Thata, Phi : 90.000000, 166.000000
 Maximun iteration: 300
 Number of recycle truncation: 30
 Final matrix dimension:  36708
 Residual error:0.001000
 0  5.727721e-01
 1  3.012624e-01
 2  1.870914e-01
 3  1.353050e-01
 4  1.049257e-01
 5  8.437643e-02
 6  6.872273e-02
 7  5.613060e-02
 8  4.680175e-02
 9  3.949111e-02
 10  3.310280e-02
 11  2.720872e-02
 12  2.218151e-02
 13  1.766124e-02
 14  1.437704e-02
 15  1.150195e-02
 16  9.269656e-03
 17  7.631860e-03
 18  6.208950e-03
 19  5.030803e-03
 20  4.091373e-03
 21  3.415606e-03
 22  2.902576e-03
 23  2.515826e-03
 24  2.184931e-03
 25  1.905058e-03
 26  1.682060e-03
 27  1.498328e-03
 28  1.351125e-03
 29  1.196541e-03
 30  1.049320e-03
 31  8.914663e-04
 Iteration CPU time: 7 s
 CFIE residual: 0.000891466

 Iseg, Irank, Idinc : 1, 19, 115
 Thata, Phi : 90.000000, 114.000000
 Maximun iteration: 300
 Number of recycle truncation: 30
 Final matrix dimension:  36708
 Residual error:0.001000
 0  6.451508e-01
 1  3.516977e-01
 2  2.240849e-01
 3  1.551538e-01
 4  1.095584e-01
 5  8.249743e-02
 6  6.354984e-02
 7  4.892249e-02
 8  3.770321e-02
 9  2.999821e-02
 10  2.367592e-02
 11  1.881523e-02
 12  1.519288e-02
 13  1.270904e-02
 14  1.069799e-02
 15  8.990090e-03
 16  7.657311e-03
 17  6.627871e-03
 18  5.716605e-03
 19  5.051437e-03
 20  4.451734e-03
 21  3.944034e-03
 22  3.491390e-03
 23  3.069838e-03
 24  2.633603e-03
 25  2.254905e-03
 26  1.904092e-03
 27  1.608425e-03
 28  1.302149e-03
 29  1.027717e-03
 30  7.975993e-04
 Iteration CPU time: 7 s
 CFIE residual: 0.000797599

 Iseg, Irank, Idinc : 1, 20, 152
 Thata, Phi : 90.000000, 151.000000
 Maximun iteration: 300
 Number of recycle truncation: 30
 Final matrix dimension:  36708
 Residual error:0.001000
 0  6.271395e-01
 1  3.305993e-01
 2  1.993766e-01
 3  1.400819e-01
 4  1.032075e-01
 5  8.107515e-02
 6  6.419542e-02
 7  5.185987e-02
 8  4.388013e-02
 9  3.694242e-02
 10  3.092870e-02
 11  2.536288e-02
 12  2.055527e-02
 13  1.610141e-02
 14  1.280372e-02
 15  1.028589e-02
 16  8.048454e-03
 17  6.714170e-03
 18  5.608314e-03
 19  4.646382e-03
 20  3.860272e-03
 21  3.296680e-03
 22  2.850589e-03
 23  2.544555e-03
 24  2.270955e-03
 25  1.996691e-03
 26  1.768045e-03
 27  1.547036e-03
 28  1.302113e-03
 29  1.083507e-03
 30  8.880114e-04
 Iteration CPU time: 7 s
 CFIE residual: 0.000888011

 Iseg, Irank, Idinc : 1, 21, 181
 Thata, Phi : 90.000000, 180.000000
 Maximun iteration: 300
 Number of recycle truncation: 30
 Final matrix dimension:  36708
 Residual error:0.001000
 0  5.498988e-01
 1  2.996316e-01
 2  1.912152e-01
 3  1.367413e-01
 4  1.065471e-01
 5  8.260015e-02
 6  6.752825e-02
 7  5.524065e-02
 8  4.417079e-02
 9  3.522129e-02
 10  2.742682e-02
 11  2.115717e-02
 12  1.611927e-02
 13  1.225955e-02
 14  9.447255e-03
 15  7.211156e-03
 16  5.695572e-03
 17  4.705645e-03
 18  3.819507e-03
 19  3.180182e-03
 20  2.716588e-03
 21  2.347312e-03
 22  2.076026e-03
 23  1.844780e-03
 24  1.660108e-03
 25  1.475291e-03
 26  1.331286e-03
 27  1.175296e-03
 28  1.007014e-03
 29  8.426734e-04
 Iteration CPU time: 7 s
 CFIE residual: 0.000842673

 Iseg, Irank, Idinc : 1, 22, 16
 Thata, Phi : 90.000000, 15.000000
 Maximun iteration: 300
 Number of recycle truncation: 30
 Final matrix dimension:  36708
 Residual error:0.001000
 0  5.668131e-01
 1  2.817865e-01
 2  1.701263e-01
 3  1.207368e-01
 4  8.635699e-02
 5  6.497479e-02
 6  4.994103e-02
 7  3.959812e-02
 8  3.081943e-02
 9  2.397548e-02
 10  1.877810e-02
 11  1.490333e-02
 12  1.175888e-02
 13  9.397337e-03
 14  7.797306e-03
 15  6.542720e-03
 16  5.601801e-03
 17  4.752757e-03
 18  4.144787e-03
 19  3.565377e-03
 20  3.068933e-03
 21  2.684162e-03
 22  2.392662e-03
 23  2.193432e-03
 24  1.929030e-03
 25  1.701559e-03
 26  1.503426e-03
 27  1.318073e-03
 28  1.119243e-03
 29  9.479289e-04
 Iteration CPU time: 7 s
 CFIE residual: 0.000947929

 Iseg, Irank, Idinc : 1, 23, 59
 Thata, Phi : 90.000000, 58.000000
 Maximun iteration: 300
 Number of recycle truncation: 30
 Final matrix dimension:  36708
 Residual error:0.001000
 0  6.607341e-01
 1  3.454241e-01
 2  2.157732e-01
 3  1.379062e-01
 4  9.870038e-02
 5  7.273957e-02
 6  5.685404e-02
 7  4.569401e-02
 8  3.639077e-02
 9  2.809354e-02
 10  2.191223e-02
 11  1.792410e-02
 12  1.476804e-02
 13  1.252403e-02
 14  1.074116e-02
 15  9.400462e-03
 16  8.396739e-03
 17  7.441818e-03
 18  6.699707e-03
 19  5.766170e-03
 20  4.982030e-03
 21  4.260490e-03
 22  3.587121e-03
 23  2.867265e-03
 24  2.323161e-03
 25  1.799820e-03
 26  1.406784e-03
 27  1.077715e-03
 28  8.467066e-04
 Iteration CPU time: 6 s
 CFIE residual: 0.000846707

 Iseg, Irank, Idinc : 1, 24, 139
 Thata, Phi : 90.000000, 138.000000
 Maximun iteration: 300
 Number of recycle truncation: 30
 Final matrix dimension:  36708
 Residual error:0.001000
 0  6.874904e-01
 1  3.545478e-01
 2  2.207226e-01
 3  1.529886e-01
 4  1.112672e-01
 5  8.503045e-02
 6  6.382737e-02
 7  5.089598e-02
 8  4.214934e-02
 9  3.390156e-02
 10  2.761714e-02
 11  2.238194e-02
 12  1.880744e-02
 13  1.490131e-02
 14  1.192938e-02
 15  9.584438e-03
 16  8.012073e-03
 17  6.625488e-03
 18  5.678037e-03
 19  4.855505e-03
 20  4.273872e-03
 21  3.831042e-03
 22  3.418785e-03
 23  3.036409e-03
 24  2.688500e-03
 25  2.340558e-03
 26  2.032033e-03
 27  1.710002e-03
 28  1.412970e-03
 29  1.166232e-03
 30  9.473757e-04
 Iteration CPU time: 7 s
 CFIE residual: 0.000947376

 Iseg, Irank, Idinc : 1, 25, 5
 Thata, Phi : 90.000000, 4.000000
 Maximun iteration: 300
 Number of recycle truncation: 30
 Final matrix dimension:  36708
 Residual error:0.001000
 0  5.095855e-01
 1  2.684395e-01
 2  1.731214e-01
 3  1.213753e-01
 4  8.756693e-02
 5  6.617609e-02
 6  5.059386e-02
 7  3.821675e-02
 8  2.962833e-02
 9  2.281904e-02
 10  1.807000e-02
 11  1.461123e-02
 12  1.155650e-02
 13  9.235497e-03
 14  7.595086e-03
 15  6.340330e-03
 16  5.367499e-03
 17  4.518161e-03
 18  3.871591e-03
 19  3.423135e-03
 20  2.987361e-03
 21  2.594090e-03
 22  2.317820e-03
 23  2.068117e-03
 24  1.811252e-03
 25  1.599090e-03
 26  1.440326e-03
 27  1.282685e-03
 28  1.120268e-03
 29  9.391072e-04
 Iteration CPU time: 7 s
 CFIE residual: 0.000939107

 Iseg, Irank, Idinc : 1, 26, 103
 Thata, Phi : 90.000000, 102.000000
 Maximun iteration: 300
 Number of recycle truncation: 30
 Final matrix dimension:  36708
 Residual error:0.001000
 0  6.196607e-01
 1  3.556732e-01
 2  2.247355e-01
 3  1.517437e-01
 4  1.059717e-01
 5  8.008878e-02
 6  6.226039e-02
 7  4.876244e-02
 8  3.849794e-02
 9  3.036556e-02
 10  2.484819e-02
 11  1.969843e-02
 12  1.604430e-02
 13  1.317101e-02
 14  1.104541e-02
 15  9.331052e-03
 16  8.041109e-03
 17  7.042832e-03
 18  6.291248e-03
 19  5.595732e-03
 20  5.008113e-03
 21  4.486789e-03
 22  3.948535e-03
 23  3.437829e-03
 24  2.965991e-03
 25  2.500978e-03
 26  2.077853e-03
 27  1.704901e-03
 28  1.379483e-03
 29  1.109232e-03
 30  8.667820e-04
 Iteration CPU time: 7 s
 CFIE residual: 0.000866782

 Iseg, Irank, Idinc : 1, 27, 173
 Thata, Phi : 90.000000, 172.000000
 Maximun iteration: 300
 Number of recycle truncation: 30
 Final matrix dimension:  36708
 Residual error:0.001000
 0  5.584519e-01
 1  2.996563e-01
 2  1.903627e-01
 3  1.370206e-01
 4  1.071686e-01
 5  8.473449e-02
 6  6.947782e-02
 7  5.662965e-02
 8  4.620699e-02
 9  3.811029e-02
 10  3.124914e-02
 11  2.542830e-02
 12  2.059274e-02
 13  1.635836e-02
 14  1.338740e-02
 15  1.072054e-02
 16  8.709822e-03
 17  7.052022e-03
 18  5.708033e-03
 19  4.633006e-03
 20  3.801304e-03
 21  3.171547e-03
 22  2.724592e-03
 23  2.358230e-03
 24  2.040719e-03
 25  1.776879e-03
 26  1.563807e-03
 27  1.397743e-03
 28  1.249049e-03
 29  1.103529e-03
 30  9.758461e-04
 Iteration CPU time: 7 s
 CFIE residual: 0.000975846

 Iseg, Irank, Idinc : 1, 28, 37
 Thata, Phi : 90.000000, 36.000000
 Maximun iteration: 300
 Number of recycle truncation: 30
 Final matrix dimension:  36708
 Residual error:0.001000
 0  6.211457e-01
 1  3.122678e-01
 2  1.932341e-01
 3  1.234139e-01
 4  8.486463e-02
 5  6.232490e-02
 6  4.585737e-02
 7  3.506839e-02
 8  2.674407e-02
 9  2.057641e-02
 10  1.653394e-02
 11  1.335522e-02
 12  1.087946e-02
 13  9.254454e-03
 14  7.679641e-03
 15  6.586636e-03
 16  5.873261e-03
 17  5.095103e-03
 18  4.511639e-03
 19  4.019768e-03
 20  3.486975e-03
 21  3.032637e-03
 22  2.650903e-03
 23  2.292526e-03
 24  1.946402e-03
 25  1.620029e-03
 26  1.330563e-03
 27  1.071976e-03
 28  8.587224e-04
 Iteration CPU time: 6 s
 CFIE residual: 0.000858722

 Iseg, Irank, Idinc : 1, 29, 70
 Thata, Phi : 90.000000, 69.000000
 Maximun iteration: 300
 Number of recycle truncation: 30
 Final matrix dimension:  36708
 Residual error:0.001000
 0  6.562182e-01
 1  3.677865e-01
 2  2.342738e-01
 3  1.519518e-01
 4  1.103307e-01
 5  8.394827e-02
 6  6.477504e-02
 7  5.240558e-02
 8  4.225018e-02
 9  3.424652e-02
 10  2.775578e-02
 11  2.234480e-02
 12  1.817281e-02
 13  1.542803e-02
 14  1.317078e-02
 15  1.177086e-02
 16  1.060084e-02
 17  9.476031e-03
 18  8.386037e-03
 19  7.432635e-03
 20  6.572841e-03
 21  5.755572e-03
 22  4.914979e-03
 23  4.136351e-03
 24  3.357649e-03
 25  2.664251e-03
 26  2.130685e-03
 27  1.703504e-03
 28  1.335455e-03
 29  1.033279e-03
 30  8.106034e-04
 Iteration CPU time: 7 s
 CFIE residual: 0.000810603

 Iseg, Irank, Idinc : 1, 30, 127
 Thata, Phi : 90.000000, 126.000000
 Maximun iteration: 300
 Number of recycle truncation: 30
 Final matrix dimension:  36708
 Residual error:0.001000
 0  6.611847e-01
 1  3.508270e-01
 2  2.295923e-01
 3  1.571572e-01
 4  1.124035e-01
 5  8.690411e-02
 6  6.620131e-02
 7  5.159751e-02
 8  4.010016e-02
 9  3.199512e-02
 10  2.481736e-02
 11  1.957646e-02
 12  1.590660e-02
 13  1.316613e-02
 14  1.093300e-02
 15  9.311294e-03
 16  7.874188e-03
 17  6.837368e-03
 18  6.037532e-03
 19  5.207919e-03
 20  4.594887e-03
 21  4.108639e-03
 22  3.669898e-03
 23  3.260038e-03
 24  2.836225e-03
 25  2.428400e-03
 26  2.104569e-03
 27  1.783937e-03
 28  1.568491e-03
 29  1.315831e-03
 30  1.067627e-03
 31  8.409131e-04
 Iteration CPU time: 7 s
 CFIE residual: 0.000840913

 Iseg, Irank, Idinc : 1, 31, 3
 Thata, Phi : 90.000000, 2.000000
 Maximun iteration: 300
 Number of recycle truncation: 30
 Final matrix dimension:  36708
 Residual error:0.001000
 0  5.050376e-01
 1  2.671670e-01
 2  1.733290e-01
 3  1.207538e-01
 4  8.670203e-02
 5  6.504996e-02
 6  4.980222e-02
 7  3.779731e-02
 8  2.966223e-02
 9  2.246588e-02
 10  1.742279e-02
 11  1.408773e-02
 12  1.131524e-02
 13  9.054741e-03
 14  7.432460e-03
 15  6.132601e-03
 16  5.184915e-03
 17  4.395926e-03
 18  3.776622e-03
 19  3.320197e-03
 20  2.910429e-03
 21  2.547231e-03
 22  2.275921e-03
 23  2.023254e-03
 24  1.769088e-03
 25  1.563048e-03
 26  1.412540e-03
 27  1.242740e-03
 28  1.079732e-03
 29  8.969328e-04
 Iteration CPU time: 7 s
 CFIE residual: 0.000896933

 Iseg, Irank, Idinc : 1, 32, 163
 Thata, Phi : 90.000000, 162.000000
 Maximun iteration: 300
 Number of recycle truncation: 30
 Final matrix dimension:  36708
 Residual error:0.001000
 0  5.861814e-01
 1  3.046014e-01
 2  1.856267e-01
 3  1.327567e-01
 4  1.022602e-01
 5  8.244236e-02
 6  6.643497e-02
 7  5.433156e-02
 8  4.573483e-02
 9  3.893108e-02
 10  3.281913e-02
 11  2.725395e-02
 12  2.236548e-02
 13  1.778076e-02
 14  1.453263e-02
 15  1.153552e-02
 16  9.183434e-03
 17  7.636245e-03
 18  6.251327e-03
 19  5.036372e-03
 20  4.120927e-03
 21  3.486132e-03
 22  2.956619e-03
 23  2.567342e-03
 24  2.245074e-03
 25  1.963632e-03
 26  1.750263e-03
 27  1.564621e-03
 28  1.397237e-03
 29  1.221404e-03
 30  1.058597e-03
 31  8.832022e-04
 Iteration CPU time: 7 s
 CFIE residual: 0.000883202

 Iseg, Irank, Idinc : 1, 33, 47
 Thata, Phi : 90.000000, 46.000000
 Maximun iteration: 300
 Number of recycle truncation: 30
 Final matrix dimension:  36708
 Residual error:0.001000
 0  6.312304e-01
 1  3.218134e-01
 2  2.038871e-01
 3  1.352809e-01
 4  9.523091e-02
 5  7.009279e-02
 6  5.274138e-02
 7  4.054192e-02
 8  3.138408e-02
 9  2.444361e-02
 10  1.927068e-02
 11  1.551435e-02
 12  1.258305e-02
 13  1.067649e-02
 14  9.110821e-03
 15  7.908235e-03
 16  7.074535e-03
 17  6.303712e-03
 18  5.576142e-03
 19  4.801645e-03
 20  4.158470e-03
 21  3.539877e-03
 22  3.030687e-03
 23  2.493413e-03
 24  2.002193e-03
 25  1.616965e-03
 26  1.259081e-03
 27  1.004437e-03
 28  7.944997e-04
 Iteration CPU time: 7 s
 CFIE residual: 0.0007945

 Iseg, Irank, Idinc : 1, 34, 26
 Thata, Phi : 90.000000, 25.000000
 Maximun iteration: 300
 Number of recycle truncation: 30
 Final matrix dimension:  36708
 Residual error:0.001000
 0  6.257602e-01
 1  2.966678e-01
 2  1.676098e-01
 3  1.106828e-01
 4  7.853297e-02
 5  5.792125e-02
 6  4.354716e-02
 7  3.391305e-02
 8  2.650747e-02
 9  2.081969e-02
 10  1.656591e-02
 11  1.293955e-02
 12  1.070132e-02
 13  8.816196e-03
 14  7.342090e-03
 15  6.322010e-03
 16  5.415091e-03
 17  4.601703e-03
 18  4.022964e-03
 19  3.511928e-03
 20  3.031248e-03
 21  2.674770e-03
 22  2.408781e-03
 23  2.189947e-03
 24  1.944956e-03
 25  1.681698e-03
 26  1.438360e-03
 27  1.219455e-03
 28  1.013517e-03
 29  8.448043e-04
 Iteration CPU time: 6 s
 CFIE residual: 0.000844804

 Iseg, Irank, Idinc : 1, 35, 180
 Thata, Phi : 90.000000, 179.000000
 Maximun iteration: 300
 Number of recycle truncation: 30
 Final matrix dimension:  36708
 Residual error:0.001000
 0  5.500718e-01
 1  2.996321e-01
 2  1.912132e-01
 3  1.367545e-01
 4  1.065744e-01
 5  8.266049e-02
 6  6.758892e-02
 7  5.528866e-02
 8  4.422880e-02
 9  3.528966e-02
 10  2.753604e-02
 11  2.130885e-02
 12  1.635796e-02
 13  1.257345e-02
 14  9.732473e-03
 15  7.472617e-03
 16  5.948609e-03
 17  4.961927e-03
 18  4.087917e-03
 19  3.404471e-03
 20  2.884944e-03
 21  2.482041e-03
 22  2.198380e-03
 23  1.957166e-03
 24  1.739373e-03
 25  1.530188e-03
 26  1.378944e-03
 27  1.233450e-03
 28  1.059846e-03
 29  8.976483e-04
 Iteration CPU time: 7 s
 CFIE residual: 0.000897648

 Iseg, Irank, Idinc : 1, 36, 93
 Thata, Phi : 90.000000, 92.000000
 Maximun iteration: 300
 Number of recycle truncation: 30
 Final matrix dimension:  36708
 Residual error:0.001000
 0  6.227452e-01
 1  3.579370e-01
 2  2.278622e-01
 3  1.518665e-01
 4  1.103727e-01
 5  8.614947e-02
 6  6.794783e-02
 7  5.403941e-02
 8  4.367561e-02
 9  3.523736e-02
 10  2.765517e-02
 11  2.209045e-02
 12  1.806526e-02
 13  1.482157e-02
 14  1.253695e-02
 15  1.084222e-02
 16  9.377926e-03
 17  8.369315e-03
 18  7.505816e-03
 19  6.679962e-03
 20  6.027869e-03
 21  5.345214e-03
 22  4.547336e-03
 23  3.818540e-03
 24  3.263743e-03
 25  2.687417e-03
 26  2.172504e-03
 27  1.719162e-03
 28  1.362411e-03
 29  1.022507e-03
 30  7.699766e-04
 Iteration CPU time: 7 s
 CFIE residual: 0.000769977

 Iseg, Irank, Idinc : 1, 37, 143
 Thata, Phi : 90.000000, 142.000000
 Maximun iteration: 300
 Number of recycle truncation: 30
 Final matrix dimension:  36708
 Residual error:0.001000
 0  6.632223e-01
 1  3.486326e-01
 2  2.116305e-01
 3  1.480366e-01
 4  1.074059e-01
 5  8.314915e-02
 6  6.335742e-02
 7  5.084249e-02
 8  4.209843e-02
 9  3.446948e-02
 10  2.875576e-02
 11  2.373729e-02
 12  1.977136e-02
 13  1.550702e-02
 14  1.218072e-02
 15  9.949510e-03
 16  8.129692e-03
 17  6.730719e-03
 18  5.689639e-03
 19  4.769566e-03
 20  4.109634e-03
 21  3.628457e-03
 22  3.237185e-03
 23  2.860096e-03
 24  2.540147e-03
 25  2.259947e-03
 26  1.994869e-03
 27  1.724577e-03
 28  1.418889e-03
 29  1.166881e-03
 30  9.468123e-04
 Iteration CPU time: 7 s
 CFIE residual: 0.000946812

 Iseg, Irank, Idinc : 1, 38, 8
 Thata, Phi : 90.000000, 7.000000
 Maximun iteration: 300
 Number of recycle truncation: 30
 Final matrix dimension:  36708
 Residual error:0.001000
 0  5.208173e-01
 1  2.714321e-01
 2  1.727782e-01
 3  1.226564e-01
 4  8.871926e-02
 5  6.742236e-02
 6  5.138517e-02
 7  3.922093e-02
 8  3.023227e-02
 9  2.383165e-02
 10  1.895779e-02
 11  1.491605e-02
 12  1.167934e-02
 13  9.361424e-03
 14  7.713521e-03
 15  6.451655e-03
 16  5.506941e-03
 17  4.605806e-03
 18  3.972622e-03
 19  3.513356e-03
 20  3.053001e-03
 21  2.642791e-03
 22  2.359128e-03
 23  2.110113e-03
 24  1.849435e-03
 25  1.643206e-03
 26  1.470813e-03
 27  1.319555e-03
 28  1.144451e-03
 29  9.718900e-04
 Iteration CPU time: 7 s
 CFIE residual: 0.00097189
 Last Built End in Sep 21 2025 00:06:12
 Total CPU time: 277 s
 Finished.
