 Last Built Begin in Sep 21 2025 00:06:12
 Pre-Type( Input ):           10
 Skl-Tol ( Input ):    1.0000000000000001E-005
 Wavelength in freespace: 0.0300601

 ################################################
 ##         Generating Required Mesh          ##
 ##         Waiting.....                      ##
 ################################################
 Subd No.      Subd Name
    1    Open-Duct_PRIME_model_meshAA1                                     
 isub,  nnode, npatch,  nedge:
    1      6118     12236     18354
 Scale Factor         >>   1.54999997E-02
 ################################################

 START TIME: 20250922   050311.294


 Informaton for IE geometry:
 number of subdomains     : 1
 maxnode,maxpatch,maxedge : 6118  12236  18354
 
 Index of Mat-Reg: 1
 Mat-Reg Number via MatFlg: 1
 Edge Number of Mat-Reg: 1, 18354

 Number of Edge on PEC: 18354
 Mat-Reg: No Dim(m) Lmax:
    1 0.239    5
 Totlmax, add1, add2:           5           6           7
 rlengmax of Global MLFMA >>   0.23852455979307083     
 Lmax of Global MLFMA >>            5
 Wavenum of Mat-Reg:
    1 1.000

 total area in sq m           =      0.0510
 total area in sq lambda      =     56.4070
 maxnode, maxpatch, maxedge           =     6118    12236    18354
 longest  edge in lambda              =      0.1553
 shortest edge in lambda              =      0.0074
 average  edge in lambda              =      0.1037
 largest  patch area in sq lambda     =      0.0082
 smallest patch area in sq lambda     =      0.0000
 ave    surface area in sq lambda     =      0.0046
 size range of the object in sq lambda =      7.6328

 #### MLFMA Info For Each Region ####
 Mat-Region =            1
 Array dimension parameters:
 maxrule=          14   maxgrid  =          64
 lmax   =           5   ncmax    =        1250
 lsmax  =          27   lsmin    =           7
 kpm    =        1462   kp0      =         102
 ntlm   =      217096   nsm      =      232158
 nkpm   =        2284   niplm    =      146176
 ngnearm=       14257   ngsndm   =       64634
 nearm  =         333   mfinestm =         119
 ###############################

 CFIE Alpha:  0.50000000000000000     

 Fill MLFMA FI for Mat-Reg:           1
 Begin filltl.f
 fill translation matrix
 Level:            2
 fill shifting matrix
 Level:            3
 fill shifting matrix
 Level:            4
 fill shifting matrix
 Level:            5
 fill shifting matrix
 translator time(s):  0.122000009    
 fill interpolation matrix
 ThetaOrder            8
 PhiOrder            8
 lsl            7
 Filling TL                  Delta_CPU=          0.55 Memory(MB)=        653.98
 Filling sndgrp              Delta_CPU=          0.00 Memory(MB)=        653.98
 Filling VFS                 Delta_CPU=          3.03 Memory(MB)=        653.98

 Fill MLFMA NI for Mat-Reg:           1
 Begin fill sparser part of Nearfield
 Begin fill denser part of Nearfield
 End fill
 Filling Amn                 Delta_CPU=         91.19 Memory(MB)=        653.98


 Now testing preconditioner with
 ipretype =           10
 method = cfie_solve_nfrasspspre_pardiso

  
 NBP>>Begin fill sparser part of Nearfield

116.0250% NBP>>Begin fill denser part of Nearfield

200.1041%
 Begin MLFMA Box-Matrix Based Spar-RAS Prec Constructor
 --- Intel MKL PARDISO --- 
 Memory for iGroup: 1 0 MB
 Total Memory For SparRAS Pre: 0 MB
 --- PARDISO PRECONDITIONER INITIALIZED --- 
 Constructing preconditioner CPU time: 4 s
 
 1101240
 Memory for Iteration:: 16.8036 MB

 Iseg, Ninc_S : 1, 181, 0

 Iseg, Skeleton Angles: 1, 40
 Iseg, Skel-Pk Mem(MB): 1, 314.35

 Iseg, Irank, Idinc : 1, 1, 42
 Thata, Phi : 90.000000, 41.000000
 Maximun iteration: 300
 Number of recycle truncation: 30
 Final matrix dimension:  36708
 Residual error:0.001000
 0  6.293877e-01
 1  3.152673e-01
 2  1.992692e-01
 3  1.287697e-01
 4  8.808628e-02
 5  6.469538e-02
 6  4.773607e-02
 7  3.669462e-02
 8  2.807726e-02
 9  2.103763e-02
 10  1.604342e-02
 11  1.249564e-02
 12  9.958570e-03
 13  8.164570e-03
 14  6.597999e-03
 15  5.199585e-03
 16  4.205321e-03
 17  3.507470e-03
 18  2.978234e-03
 19  2.578229e-03
 20  2.240956e-03
 21  1.974497e-03
 22  1.793337e-03
 23  1.662831e-03
 24  1.564490e-03
 25  1.496154e-03
 26  1.430457e-03
 27  1.380326e-03
 28  1.327919e-03
 29  1.270005e-03
 30  1.206144e-03
 31  1.138886e-03
 32  1.057413e-03
 33  9.676586e-04
 Iteration CPU time: 8 s
 CFIE residual: 0.000967659

 Iseg, Irank, Idinc : 1, 2, 22
 Thata, Phi : 90.000000, 21.000000
 Maximun iteration: 300
 Number of recycle truncation: 30
 Final matrix dimension:  36708
 Residual error:0.001000
 0  6.199878e-01
 1  2.922313e-01
 2  1.685040e-01
 3  1.139395e-01
 4  7.958527e-02
 5  5.894136e-02
 6  4.491869e-02
 7  3.476788e-02
 8  2.769447e-02
 9  2.230433e-02
 10  1.765785e-02
 11  1.383748e-02
 12  1.108086e-02
 13  8.960554e-03
 14  7.507447e-03
 15  6.182818e-03
 16  5.040197e-03
 17  4.180656e-03
 18  3.452697e-03
 19  2.952574e-03
 20  2.461570e-03
 21  2.047591e-03
 22  1.694641e-03
 23  1.475167e-03
 24  1.301494e-03
 25  1.167970e-03
 26  1.061930e-03
 27  9.860202e-04
 Iteration CPU time: 6 s
 CFIE residual: 0.00098602

 Iseg, Irank, Idinc : 1, 3, 109
 Thata, Phi : 90.000000, 108.000000
 Maximun iteration: 300
 Number of recycle truncation: 30
 Final matrix dimension:  36708
 Residual error:0.001000
 0  6.257195e-01
 1  3.535098e-01
 2  2.208052e-01
 3  1.523369e-01
 4  1.065688e-01
 5  8.041898e-02
 6  6.165274e-02
 7  4.764713e-02
 8  3.840014e-02
 9  3.057313e-02
 10  2.362036e-02
 11  1.865738e-02
 12  1.550123e-02
 13  1.258779e-02
 14  1.022715e-02
 15  8.329994e-03
 16  6.850733e-03
 17  5.660234e-03
 18  4.626711e-03
 19  3.858863e-03
 20  3.307999e-03
 21  2.758707e-03
 22  2.360691e-03
 23  2.106982e-03
 24  1.875157e-03
 25  1.729300e-03
 26  1.620881e-03
 27  1.541252e-03
 28  1.477996e-03
 29  1.422129e-03
 30  1.365221e-03
 31  1.296877e-03
 32  1.231352e-03
 33  1.140106e-03
 34  1.035114e-03
 35  9.020857e-04
 Iteration CPU time: 8 s
 CFIE residual: 0.000902086

 Iseg, Irank, Idinc : 1, 4, 64
 Thata, Phi : 90.000000, 63.000000
 Maximun iteration: 300
 Number of recycle truncation: 30
 Final matrix dimension:  36708
 Residual error:0.001000
 0  6.607046e-01
 1  3.580453e-01
 2  2.232302e-01
 3  1.434356e-01
 4  1.026262e-01
 5  7.847021e-02
 6  5.923108e-02
 7  4.581500e-02
 8  3.723014e-02
 9  2.926910e-02
 10  2.275811e-02
 11  1.751516e-02
 12  1.367584e-02
 13  1.104091e-02
 14  8.938152e-03
 15  7.222825e-03
 16  6.119382e-03
 17  5.262440e-03
 18  4.542265e-03
 19  3.966009e-03
 20  3.512433e-03
 21  3.181213e-03
 22  2.944924e-03
 23  2.789298e-03
 24  2.675728e-03
 25  2.575184e-03
 26  2.465763e-03
 27  2.367012e-03
 28  2.260385e-03
 29  2.113608e-03
 30  1.933501e-03
 31  1.729525e-03
 32  1.547242e-03
 33  1.349446e-03
 34  1.148176e-03
 35  9.616256e-04
 Iteration CPU time: 8 s
 CFIE residual: 0.000961626

 Iseg, Irank, Idinc : 1, 5, 147
 Thata, Phi : 90.000000, 146.000000
 Maximun iteration: 300
 Number of recycle truncation: 30
 Final matrix dimension:  36708
 Residual error:0.001000
 0  6.533638e-01
 1  3.446747e-01
 2  2.093133e-01
 3  1.416172e-01
 4  1.029662e-01
 5  7.819299e-02
 6  6.182301e-02
 7  4.801132e-02
 8  4.011782e-02
 9  3.441756e-02
 10  2.900605e-02
 11  2.443889e-02
 12  2.028420e-02
 13  1.651942e-02
 14  1.344178e-02
 15  1.081382e-02
 16  8.769530e-03
 17  7.229946e-03
 18  5.879021e-03
 19  4.763519e-03
 20  3.784936e-03
 21  3.078267e-03
 22  2.535622e-03
 23  2.134980e-03
 24  1.822120e-03
 25  1.552352e-03
 26  1.345564e-03
 27  1.217786e-03
 28  1.123624e-03
 29  1.054651e-03
 30  9.978342e-04
 Iteration CPU time: 7 s
 CFIE residual: 0.000997834

 Iseg, Irank, Idinc : 1, 6, 136
 Thata, Phi : 90.000000, 135.000000
 Maximun iteration: 300
 Number of recycle truncation: 30
 Final matrix dimension:  36708
 Residual error:0.001000
 0  6.992111e-01
 1  3.550250e-01
 2  2.217598e-01
 3  1.504870e-01
 4  1.092326e-01
 5  8.223463e-02
 6  6.283820e-02
 7  4.935402e-02
 8  3.957469e-02
 9  3.151405e-02
 10  2.585467e-02
 11  2.084827e-02
 12  1.685518e-02
 13  1.369382e-02
 14  1.090799e-02
 15  8.886354e-03
 16  7.269602e-03
 17  5.796794e-03
 18  4.836338e-03
 19  3.909414e-03
 20  3.258503e-03
 21  2.759604e-03
 22  2.365933e-03
 23  2.088446e-03
 24  1.867264e-03
 25  1.711618e-03
 26  1.568767e-03
 27  1.460317e-03
 28  1.380517e-03
 29  1.309298e-03
 30  1.250088e-03
 31  1.202070e-03
 32  1.142729e-03
 33  1.089565e-03
 34  1.040870e-03
 35  9.944790e-04
 Iteration CPU time: 8 s
 CFIE residual: 0.000994479

 Iseg, Irank, Idinc : 1, 7, 87
 Thata, Phi : 90.000000, 86.000000
 Maximun iteration: 300
 Number of recycle truncation: 30
 Final matrix dimension:  36708
 Residual error:0.001000
 0  6.140405e-01
 1  3.486309e-01
 2  2.241524e-01
 3  1.532683e-01
 4  1.104549e-01
 5  8.474282e-02
 6  6.515807e-02
 7  5.136482e-02
 8  4.162004e-02
 9  3.371697e-02
 10  2.623629e-02
 11  2.019470e-02
 12  1.640280e-02
 13  1.351542e-02
 14  1.097231e-02
 15  8.942769e-03
 16  7.237782e-03
 17  6.077276e-03
 18  5.144923e-03
 19  4.446628e-03
 20  3.959395e-03
 21  3.576060e-03
 22  3.288235e-03
 23  3.053474e-03
 24  2.871131e-03
 25  2.734326e-03
 26  2.615225e-03
 27  2.487124e-03
 28  2.398003e-03
 29  2.294406e-03
 30  2.169961e-03
 31  2.028867e-03
 32  1.855195e-03
 33  1.689505e-03
 34  1.492217e-03
 35  1.296519e-03
 36  1.078749e-03
 37  8.867410e-04
 Iteration CPU time: 9 s
 CFIE residual: 0.000886741

 Iseg, Irank, Idinc : 1, 8, 74
 Thata, Phi : 90.000000, 73.000000
 Maximun iteration: 300
 Number of recycle truncation: 30
 Final matrix dimension:  36708
 Residual error:0.001000
 0  6.366185e-01
 1  3.632089e-01
 2  2.360963e-01
 3  1.479369e-01
 4  1.032113e-01
 5  7.866902e-02
 6  6.186584e-02
 7  4.746231e-02
 8  3.826734e-02
 9  3.067999e-02
 10  2.405611e-02
 11  1.917076e-02
 12  1.565575e-02
 13  1.274652e-02
 14  1.050974e-02
 15  8.557500e-03
 16  7.109815e-03
 17  6.081807e-03
 18  5.268895e-03
 19  4.637140e-03
 20  4.089558e-03
 21  3.678098e-03
 22  3.383169e-03
 23  3.165782e-03
 24  3.017664e-03
 25  2.889166e-03
 26  2.772681e-03
 27  2.638433e-03
 28  2.528588e-03
 29  2.416805e-03
 30  2.273727e-03
 31  2.089490e-03
 32  1.900345e-03
 33  1.661320e-03
 34  1.421365e-03
 35  1.196037e-03
 36  9.612233e-04
 Iteration CPU time: 8 s
 CFIE residual: 0.000961223

 Iseg, Irank, Idinc : 1, 9, 159
 Thata, Phi : 90.000000, 158.000000
 Maximun iteration: 300
 Number of recycle truncation: 30
 Final matrix dimension:  36708
 Residual error:0.001000
 0  6.136868e-01
 1  3.139934e-01
 2  1.916250e-01
 3  1.294743e-01
 4  9.867991e-02
 5  7.830900e-02
 6  6.318962e-02
 7  5.091295e-02
 8  4.347242e-02
 9  3.726123e-02
 10  3.143707e-02
 11  2.597952e-02
 12  2.221065e-02
 13  1.813664e-02
 14  1.475440e-02
 15  1.204648e-02
 16  9.929061e-03
 17  8.047378e-03
 18  6.660296e-03
 19  5.273266e-03
 20  4.271553e-03
 21  3.486006e-03
 22  2.904085e-03
 23  2.385735e-03
 24  1.989162e-03
 25  1.666846e-03
 26  1.434347e-03
 27  1.247875e-03
 28  1.130386e-03
 29  1.050522e-03
 30  9.953614e-04
 Iteration CPU time: 7 s
 CFIE residual: 0.000995361

 Iseg, Irank, Idinc : 1, 10, 123
 Thata, Phi : 90.000000, 122.000000
 Maximun iteration: 300
 Number of recycle truncation: 30
 Final matrix dimension:  36708
 Residual error:0.001000
 0  6.517895e-01
 1  3.413827e-01
 2  2.231971e-01
 3  1.562141e-01
 4  1.114689e-01
 5  8.293263e-02
 6  6.480235e-02
 7  5.050935e-02
 8  3.909420e-02
 9  3.054151e-02
 10  2.449019e-02
 11  1.932571e-02
 12  1.534097e-02
 13  1.222664e-02
 14  1.004811e-02
 15  8.304566e-03
 16  7.031619e-03
 17  5.880767e-03
 18  4.807671e-03
 19  4.165743e-03
 20  3.582793e-03
 21  3.075168e-03
 22  2.689142e-03
 23  2.422555e-03
 24  2.193430e-03
 25  2.007222e-03
 26  1.851883e-03
 27  1.748295e-03
 28  1.665912e-03
 29  1.595763e-03
 30  1.542289e-03
 31  1.480748e-03
 32  1.411389e-03
 33  1.344462e-03
 34  1.272052e-03
 35  1.183536e-03
 36  1.075878e-03
 37  9.513194e-04
 Iteration CPU time: 9 s
 CFIE residual: 0.000951319

 Iseg, Irank, Idinc : 1, 11, 53
 Thata, Phi : 90.000000, 52.000000
 Maximun iteration: 300
 Number of recycle truncation: 30
 Final matrix dimension:  36708
 Residual error:0.001000
 0  6.512909e-01
 1  3.402225e-01
 2  2.087726e-01
 3  1.345326e-01
 4  9.630203e-02
 5  7.187722e-02
 6  5.479034e-02
 7  4.283437e-02
 8  3.268597e-02
 9  2.445665e-02
 10  1.900824e-02
 11  1.461674e-02
 12  1.152678e-02
 13  9.192972e-03
 14  7.590922e-03
 15  6.302951e-03
 16  5.148250e-03
 17  4.238738e-03
 18  3.586217e-03
 19  3.100904e-03
 20  2.739827e-03
 21  2.481003e-03
 22  2.311021e-03
 23  2.180210e-03
 24  2.090081e-03
 25  2.018298e-03
 26  1.932411e-03
 27  1.837433e-03
 28  1.735401e-03
 29  1.641315e-03
 30  1.533135e-03
 31  1.401120e-03
 32  1.254608e-03
 33  1.121733e-03
 34  9.788952e-04
 Iteration CPU time: 7 s
 CFIE residual: 0.000978895

 Iseg, Irank, Idinc : 1, 12, 32
 Thata, Phi : 90.000000, 31.000000
 Maximun iteration: 300
 Number of recycle truncation: 30
 Final matrix dimension:  36708
 Residual error:0.001000
 0  6.324729e-01
 1  3.060157e-01
 2  1.804691e-01
 3  1.135706e-01
 4  7.991689e-02
 5  5.879914e-02
 6  4.285631e-02
 7  3.235471e-02
 8  2.558315e-02
 9  2.030620e-02
 10  1.614225e-02
 11  1.290753e-02
 12  1.040907e-02
 13  8.415444e-03
 14  6.792197e-03
 15  5.489741e-03
 16  4.501935e-03
 17  3.732074e-03
 18  3.104050e-03
 19  2.664582e-03
 20  2.260129e-03
 21  1.924660e-03
 22  1.665393e-03
 23  1.482451e-03
 24  1.349288e-03
 25  1.236213e-03
 26  1.143572e-03
 27  1.078956e-03
 28  1.029295e-03
 29  9.932790e-04
 Iteration CPU time: 6 s
 CFIE residual: 0.000993279

 Iseg, Irank, Idinc : 1, 13, 10
 Thata, Phi : 90.000000, 9.000000
 Maximun iteration: 300
 Number of recycle truncation: 30
 Final matrix dimension:  36708
 Residual error:0.001000
 0  5.427512e-01
 1  2.755712e-01
 2  1.740593e-01
 3  1.233222e-01
 4  8.867467e-02
 5  6.622519e-02
 6  5.117239e-02
 7  3.945583e-02
 8  3.096225e-02
 9  2.427542e-02
 10  1.864465e-02
 11  1.480005e-02
 12  1.188918e-02
 13  9.754316e-03
 14  7.780117e-03
 15  6.170858e-03
 16  5.010278e-03
 17  4.223725e-03
 18  3.544252e-03
 19  3.033401e-03
 20  2.563300e-03
 21  2.197662e-03
 22  1.835437e-03
 23  1.599847e-03
 24  1.377382e-03
 25  1.222991e-03
 26  1.083661e-03
 27  9.875173e-04
 Iteration CPU time: 7 s
 CFIE residual: 0.000987517

 Iseg, Irank, Idinc : 1, 14, 178
 Thata, Phi : 90.000000, 177.000000
 Maximun iteration: 300
 Number of recycle truncation: 30
 Final matrix dimension:  36708
 Residual error:0.001000
 0  5.705206e-01
 1  2.992028e-01
 2  1.895221e-01
 3  1.331197e-01
 4  1.039879e-01
 5  8.059154e-02
 6  6.473694e-02
 7  5.492283e-02
 8  4.508502e-02
 9  3.550422e-02
 10  2.801030e-02
 11  2.274751e-02
 12  1.861337e-02
 13  1.492038e-02
 14  1.222896e-02
 15  9.496978e-03
 16  7.589685e-03
 17  6.051117e-03
 18  4.910850e-03
 19  4.035151e-03
 20  3.310526e-03
 21  2.751902e-03
 22  2.264469e-03
 23  1.904113e-03
 24  1.617824e-03
 25  1.334260e-03
 26  1.091925e-03
 27  9.037750e-04
 Iteration CPU time: 6 s
 CFIE residual: 0.000903775

 Iseg, Irank, Idinc : 1, 15, 96
 Thata, Phi : 90.000000, 95.000000
 Maximun iteration: 300
 Number of recycle truncation: 30
 Final matrix dimension:  36708
 Residual error:0.001000
 0  6.104292e-01
 1  3.477171e-01
 2  2.193530e-01
 3  1.461360e-01
 4  1.048259e-01
 5  8.033439e-02
 6  6.205490e-02
 7  4.965169e-02
 8  3.938510e-02
 9  3.123860e-02
 10  2.514934e-02
 11  2.002260e-02
 12  1.654028e-02
 13  1.358604e-02
 14  1.098038e-02
 15  9.090286e-03
 16  7.338427e-03
 17  6.122594e-03
 18  5.074230e-03
 19  4.291992e-03
 20  3.713071e-03
 21  3.236066e-03
 22  2.919890e-03
 23  2.668925e-03
 24  2.472485e-03
 25  2.324117e-03
 26  2.223130e-03
 27  2.136991e-03
 28  2.059517e-03
 29  1.978557e-03
 30  1.883543e-03
 31  1.768919e-03
 32  1.648221e-03
 33  1.514702e-03
 34  1.363628e-03
 35  1.213032e-03
 36  1.035649e-03
 37  8.707428e-04
 Iteration CPU time: 9 s
 CFIE residual: 0.000870743

 Iseg, Irank, Idinc : 1, 16, 116
 Thata, Phi : 90.000000, 115.000000
 Maximun iteration: 300
 Number of recycle truncation: 30
 Final matrix dimension:  36708
 Residual error:0.001000
 0  6.444460e-01
 1  3.479510e-01
 2  2.182094e-01
 3  1.528490e-01
 4  1.089642e-01
 5  7.995928e-02
 6  6.122151e-02
 7  4.764347e-02
 8  3.845017e-02
 9  2.988839e-02
 10  2.332597e-02
 11  1.824682e-02
 12  1.481388e-02
 13  1.221062e-02
 14  9.765813e-03
 15  7.990127e-03
 16  6.651749e-03
 17  5.493825e-03
 18  4.538852e-03
 19  3.909013e-03
 20  3.333570e-03
 21  2.861472e-03
 22  2.489754e-03
 23  2.224542e-03
 24  1.988428e-03
 25  1.824499e-03
 26  1.700848e-03
 27  1.612162e-03
 28  1.548879e-03
 29  1.483919e-03
 30  1.430029e-03
 31  1.374702e-03
 32  1.301755e-03
 33  1.208127e-03
 34  1.103851e-03
 35  9.810043e-04
 Iteration CPU time: 8 s
 CFIE residual: 0.000981004

 Iseg, Irank, Idinc : 1, 17, 80
 Thata, Phi : 90.000000, 79.000000
 Maximun iteration: 300
 Number of recycle truncation: 30
 Final matrix dimension:  36708
 Residual error:0.001000
 0  6.200821e-01
 1  3.543076e-01
 2  2.288939e-01
 3  1.485027e-01
 4  1.071447e-01
 5  8.209099e-02
 6  6.335909e-02
 7  4.991021e-02
 8  3.957028e-02
 9  3.236540e-02
 10  2.506586e-02
 11  1.923731e-02
 12  1.542314e-02
 13  1.277621e-02
 14  1.046555e-02
 15  8.741375e-03
 16  7.358545e-03
 17  6.099869e-03
 18  5.195645e-03
 19  4.522376e-03
 20  3.995940e-03
 21  3.615097e-03
 22  3.335077e-03
 23  3.123839e-03
 24  2.964530e-03
 25  2.827056e-03
 26  2.704001e-03
 27  2.571816e-03
 28  2.487396e-03
 29  2.389950e-03
 30  2.271327e-03
 31  2.111830e-03
 32  1.952337e-03
 33  1.783252e-03
 34  1.554955e-03
 35  1.336153e-03
 36  1.117698e-03
 37  9.355144e-04
 Iteration CPU time: 8 s
 CFIE residual: 0.000935514

 Iseg, Irank, Idinc : 1, 18, 1
 Thata, Phi : 90.000000, 0.000000
 Maximun iteration: 300
 Number of recycle truncation: 30
 Final matrix dimension:  36708
 Residual error:0.001000
 0  5.134621e-01
 1  2.690161e-01
 2  1.743295e-01
 3  1.214592e-01
 4  8.597897e-02
 5  6.535648e-02
 6  5.119622e-02
 7  3.829935e-02
 8  2.902754e-02
 9  2.316069e-02
 10  1.767479e-02
 11  1.442358e-02
 12  1.143561e-02
 13  8.961017e-03
 14  7.176974e-03
 15  5.718881e-03
 16  4.660505e-03
 17  3.856218e-03
 18  3.221879e-03
 19  2.752310e-03
 20  2.349692e-03
 21  2.012098e-03
 22  1.719801e-03
 23  1.435687e-03
 24  1.182767e-03
 25  9.877053e-04
 Iteration CPU time: 6 s
 CFIE residual: 0.000987705

 Iseg, Irank, Idinc : 1, 19, 167
 Thata, Phi : 90.000000, 166.000000
 Maximun iteration: 300
 Number of recycle truncation: 30
 Final matrix dimension:  36708
 Residual error:0.001000
 0  5.852337e-01
 1  3.017026e-01
 2  1.879453e-01
 3  1.318999e-01
 4  1.031397e-01
 5  8.118422e-02
 6  6.676856e-02
 7  5.469536e-02
 8  4.558670e-02
 9  3.808874e-02
 10  3.240646e-02
 11  2.729045e-02
 12  2.301686e-02
 13  1.881961e-02
 14  1.577565e-02
 15  1.288837e-02
 16  1.063103e-02
 17  8.591582e-03
 18  6.865908e-03
 19  5.607891e-03
 20  4.542153e-03
 21  3.626828e-03
 22  2.993147e-03
 23  2.502878e-03
 24  2.026888e-03
 25  1.632971e-03
 26  1.351526e-03
 27  1.126529e-03
 28  9.719974e-04
 Iteration CPU time: 7 s
 CFIE residual: 0.000971997

 Iseg, Irank, Idinc : 1, 20, 102
 Thata, Phi : 90.000000, 101.000000
 Maximun iteration: 300
 Number of recycle truncation: 30
 Final matrix dimension:  36708
 Residual error:0.001000
 0  6.116927e-01
 1  3.482333e-01
 2  2.181324e-01
 3  1.482699e-01
 4  1.043514e-01
 5  7.841168e-02
 6  6.029582e-02
 7  4.734338e-02
 8  3.758096e-02
 9  3.073745e-02
 10  2.499723e-02
 11  2.000147e-02
 12  1.610044e-02
 13  1.328143e-02
 14  1.087402e-02
 15  8.770651e-03
 16  7.245129e-03
 17  6.015583e-03
 18  4.934219e-03
 19  4.156389e-03
 20  3.593962e-03
 21  3.061184e-03
 22  2.654904e-03
 23  2.382500e-03
 24  2.160697e-03
 25  2.022302e-03
 26  1.909148e-03
 27  1.831619e-03
 28  1.763010e-03
 29  1.695167e-03
 30  1.627061e-03
 31  1.540519e-03
 32  1.459778e-03
 33  1.344479e-03
 34  1.218545e-03
 35  1.069757e-03
 36  9.207907e-04
 Iteration CPU time: 8 s
 CFIE residual: 0.000920791

 Iseg, Irank, Idinc : 1, 21, 153
 Thata, Phi : 90.000000, 152.000000
 Maximun iteration: 300
 Number of recycle truncation: 30
 Final matrix dimension:  36708
 Residual error:0.001000
 0  6.334504e-01
 1  3.292408e-01
 2  2.018531e-01
 3  1.344796e-01
 4  1.000446e-01
 5  7.789383e-02
 6  6.173753e-02
 7  4.880968e-02
 8  4.109020e-02
 9  3.507930e-02
 10  2.982819e-02
 11  2.451984e-02
 12  2.048536e-02
 13  1.684646e-02
 14  1.379395e-02
 15  1.121457e-02
 16  9.222320e-03
 17  7.393264e-03
 18  6.135519e-03
 19  4.976182e-03
 20  4.027755e-03
 21  3.310275e-03
 22  2.764408e-03
 23  2.314487e-03
 24  1.942043e-03
 25  1.652161e-03
 26  1.431782e-03
 27  1.276914e-03
 28  1.161793e-03
 29  1.090001e-03
 30  1.035850e-03
 31  1.002810e-03
 32  9.713530e-04
 Iteration CPU time: 7 s
 CFIE residual: 0.000971353

 Iseg, Irank, Idinc : 1, 22, 16
 Thata, Phi : 90.000000, 15.000000
 Maximun iteration: 300
 Number of recycle truncation: 30
 Final matrix dimension:  36708
 Residual error:0.001000
 0  5.814568e-01
 1  2.834990e-01
 2  1.725834e-01
 3  1.201949e-01
 4  8.502271e-02
 5  6.349636e-02
 6  5.006279e-02
 7  3.855615e-02
 8  3.010300e-02
 9  2.400157e-02
 10  1.920384e-02
 11  1.509554e-02
 12  1.168797e-02
 13  9.366257e-03
 14  7.693918e-03
 15  6.285299e-03
 16  5.146651e-03
 17  4.277945e-03
 18  3.564550e-03
 19  3.016683e-03
 20  2.505138e-03
 21  2.095769e-03
 22  1.743247e-03
 23  1.520605e-03
 24  1.324045e-03
 25  1.182401e-03
 26  1.060320e-03
 27  9.779922e-04
 Iteration CPU time: 7 s
 CFIE residual: 0.000977992

 Iseg, Irank, Idinc : 1, 23, 181
 Thata, Phi : 90.000000, 180.000000
 Maximun iteration: 300
 Number of recycle truncation: 30
 Final matrix dimension:  36708
 Residual error:0.001000
 0  5.697936e-01
 1  2.991576e-01
 2  1.893984e-01
 3  1.328544e-01
 4  1.035373e-01
 5  7.975638e-02
 6  6.404321e-02
 7  5.436200e-02
 8  4.447866e-02
 9  3.487012e-02
 10  2.737644e-02
 11  2.151774e-02
 12  1.758994e-02
 13  1.370005e-02
 14  1.114362e-02
 15  8.550787e-03
 16  6.518525e-03
 17  5.296446e-03
 18  4.306526e-03
 19  3.461020e-03
 20  2.832091e-03
 21  2.358554e-03
 22  1.950287e-03
 23  1.595172e-03
 24  1.336487e-03
 25  1.109025e-03
 26  9.137777e-04
 Iteration CPU time: 6 s
 CFIE residual: 0.000913778

 Iseg, Irank, Idinc : 1, 24, 130
 Thata, Phi : 90.000000, 129.000000
 Maximun iteration: 300
 Number of recycle truncation: 30
 Final matrix dimension:  36708
 Residual error:0.001000
 0  6.742874e-01
 1  3.529775e-01
 2  2.270359e-01
 3  1.549494e-01
 4  1.110664e-01
 5  8.409808e-02
 6  6.429327e-02
 7  5.012879e-02
 8  3.945629e-02
 9  3.152413e-02
 10  2.532838e-02
 11  1.974966e-02
 12  1.546698e-02
 13  1.264916e-02
 14  1.048809e-02
 15  8.462141e-03
 16  6.809601e-03
 17  5.496736e-03
 18  4.548115e-03
 19  3.866963e-03
 20  3.282944e-03
 21  2.817096e-03
 22  2.457368e-03
 23  2.204457e-03
 24  2.015280e-03
 25  1.871501e-03
 26  1.724900e-03
 27  1.611326e-03
 28  1.531703e-03
 29  1.472683e-03
 30  1.417459e-03
 31  1.361672e-03
 32  1.293129e-03
 33  1.232217e-03
 34  1.169275e-03
 35  1.099834e-03
 36  1.013071e-03
 37  8.930091e-04
 Iteration CPU time: 8 s
 CFIE residual: 0.000893009

 Iseg, Irank, Idinc : 1, 25, 58
 Thata, Phi : 90.000000, 57.000000
 Maximun iteration: 300
 Number of recycle truncation: 30
 Final matrix dimension:  36708
 Residual error:0.001000
 0  6.610401e-01
 1  3.455178e-01
 2  2.130446e-01
 3  1.338737e-01
 4  9.550972e-02
 5  7.090069e-02
 6  5.447882e-02
 7  4.254076e-02
 8  3.377577e-02
 9  2.594702e-02
 10  1.957292e-02
 11  1.520411e-02
 12  1.209124e-02
 13  9.406741e-03
 14  7.674748e-03
 15  6.178530e-03
 16  5.232287e-03
 17  4.347594e-03
 18  3.742546e-03
 19  3.324604e-03
 20  2.953641e-03
 21  2.710239e-03
 22  2.549986e-03
 23  2.404449e-03
 24  2.294609e-03
 25  2.209836e-03
 26  2.120708e-03
 27  2.022363e-03
 28  1.926903e-03
 29  1.819228e-03
 30  1.695424e-03
 31  1.522751e-03
 32  1.348895e-03
 33  1.191974e-03
 34  1.016645e-03
 35  8.686220e-04
 Iteration CPU time: 8 s
 CFIE residual: 0.000868622

 Iseg, Irank, Idinc : 1, 26, 5
 Thata, Phi : 90.000000, 4.000000
 Maximun iteration: 300
 Number of recycle truncation: 30
 Final matrix dimension:  36708
 Residual error:0.001000
 0  5.199282e-01
 1  2.705595e-01
 2  1.741289e-01
 3  1.219722e-01
 4  8.703614e-02
 5  6.583398e-02
 6  5.079008e-02
 7  3.804153e-02
 8  2.892273e-02
 9  2.340331e-02
 10  1.842854e-02
 11  1.476709e-02
 12  1.157934e-02
 13  9.487898e-03
 14  7.662432e-03
 15  6.157946e-03
 16  5.021042e-03
 17  4.170300e-03
 18  3.462334e-03
 19  3.006907e-03
 20  2.576115e-03
 21  2.223628e-03
 22  1.861167e-03
 23  1.590830e-03
 24  1.359852e-03
 25  1.171905e-03
 26  1.004517e-03
 27  9.007917e-04
 Iteration CPU time: 7 s
 CFIE residual: 0.000900792

 Iseg, Irank, Idinc : 1, 27, 172
 Thata, Phi : 90.000000, 171.000000
 Maximun iteration: 300
 Number of recycle truncation: 30
 Final matrix dimension:  36708
 Residual error:0.001000
 0  5.756619e-01
 1  2.996182e-01
 2  1.895987e-01
 3  1.337501e-01
 4  1.050558e-01
 5  8.232554e-02
 6  6.675640e-02
 7  5.608365e-02
 8  4.650439e-02
 9  3.798986e-02
 10  3.122198e-02
 11  2.636637e-02
 12  2.203282e-02
 13  1.835428e-02
 14  1.505648e-02
 15  1.232258e-02
 16  1.028700e-02
 17  8.189158e-03
 18  6.571426e-03
 19  5.278419e-03
 20  4.224899e-03
 21  3.421983e-03
 22  2.841963e-03
 23  2.409936e-03
 24  1.992931e-03
 25  1.598216e-03
 26  1.322937e-03
 27  1.088532e-03
 28  9.245740e-04
 Iteration CPU time: 6 s
 CFIE residual: 0.000924574

 Iseg, Irank, Idinc : 1, 28, 37
 Thata, Phi : 90.000000, 36.000000
 Maximun iteration: 300
 Number of recycle truncation: 30
 Final matrix dimension:  36708
 Residual error:0.001000
 0  6.231660e-01
 1  3.119863e-01
 2  1.919394e-01
 3  1.217178e-01
 4  8.324317e-02
 5  6.128872e-02
 6  4.443283e-02
 7  3.388326e-02
 8  2.634001e-02
 9  2.037673e-02
 10  1.588819e-02
 11  1.255141e-02
 12  1.011027e-02
 13  8.213777e-03
 14  6.656916e-03
 15  5.216499e-03
 16  4.263100e-03
 17  3.549308e-03
 18  2.971611e-03
 19  2.527655e-03
 20  2.171708e-03
 21  1.888104e-03
 22  1.671799e-03
 23  1.523779e-03
 24  1.409222e-03
 25  1.323069e-03
 26  1.244078e-03
 27  1.190413e-03
 28  1.147314e-03
 29  1.103917e-03
 30  1.060359e-03
 31  1.018501e-03
 32  9.691725e-04
 Iteration CPU time: 8 s
 CFIE residual: 0.000969172

 Iseg, Irank, Idinc : 1, 29, 91
 Thata, Phi : 90.000000, 90.000000
 Maximun iteration: 300
 Number of recycle truncation: 30
 Final matrix dimension:  36708
 Residual error:0.001000
 0  6.114173e-01
 1  3.491442e-01
 2  2.225264e-01
 3  1.507060e-01
 4  1.073025e-01
 5  8.327636e-02
 6  6.445652e-02
 7  5.092604e-02
 8  4.128822e-02
 9  3.333155e-02
 10  2.629963e-02
 11  2.045983e-02
 12  1.698213e-02
 13  1.408248e-02
 14  1.152055e-02
 15  9.383980e-03
 16  7.569502e-03
 17  6.256356e-03
 18  5.269385e-03
 19  4.485648e-03
 20  3.946196e-03
 21  3.526632e-03
 22  3.202798e-03
 23  2.941890e-03
 24  2.750886e-03
 25  2.604698e-03
 26  2.489585e-03
 27  2.381820e-03
 28  2.300940e-03
 29  2.205012e-03
 30  2.095193e-03
 31  1.965665e-03
 32  1.811565e-03
 33  1.671001e-03
 34  1.493663e-03
 35  1.309861e-03
 36  1.102138e-03
 37  9.113208e-04
 Iteration CPU time: 8 s
 CFIE residual: 0.000911321

 Iseg, Irank, Idinc : 1, 30, 142
 Thata, Phi : 90.000000, 141.000000
 Maximun iteration: 300
 Number of recycle truncation: 30
 Final matrix dimension:  36708
 Residual error:0.001000
 0  6.817806e-01
 1  3.503806e-01
 2  2.119391e-01
 3  1.447504e-01
 4  1.060094e-01
 5  7.951771e-02
 6  6.173046e-02
 7  4.839325e-02
 8  3.977376e-02
 9  3.355106e-02
 10  2.777928e-02
 11  2.307230e-02
 12  1.934979e-02
 13  1.581667e-02
 14  1.268110e-02
 15  1.022104e-02
 16  8.199748e-03
 17  6.706483e-03
 18  5.444528e-03
 19  4.350521e-03
 20  3.525527e-03
 21  2.845872e-03
 22  2.399048e-03
 23  2.068827e-03
 24  1.790070e-03
 25  1.582514e-03
 26  1.407984e-03
 27  1.295987e-03
 28  1.214166e-03
 29  1.141249e-03
 30  1.079657e-03
 31  1.026521e-03
 32  9.808370e-04
 Iteration CPU time: 8 s
 CFIE residual: 0.000980837

 Iseg, Irank, Idinc : 1, 31, 27
 Thata, Phi : 90.000000, 26.000000
 Maximun iteration: 300
 Number of recycle truncation: 30
 Final matrix dimension:  36708
 Residual error:0.001000
 0  6.370089e-01
 1  2.989932e-01
 2  1.703508e-01
 3  1.105909e-01
 4  7.720289e-02
 5  5.681690e-02
 6  4.198780e-02
 7  3.163388e-02
 8  2.534123e-02
 9  2.080458e-02
 10  1.669454e-02
 11  1.329290e-02
 12  1.078371e-02
 13  8.997344e-03
 14  7.303609e-03
 15  6.008280e-03
 16  4.900873e-03
 17  4.058064e-03
 18  3.402113e-03
 19  2.926562e-03
 20  2.417461e-03
 21  2.020989e-03
 22  1.694615e-03
 23  1.475297e-03
 24  1.320780e-03
 25  1.191561e-03
 26  1.088508e-03
 27  1.017323e-03
 28  9.587279e-04
 Iteration CPU time: 6 s
 CFIE residual: 0.000958728

 Iseg, Irank, Idinc : 1, 32, 69
 Thata, Phi : 90.000000, 68.000000
 Maximun iteration: 300
 Number of recycle truncation: 30
 Final matrix dimension:  36708
 Residual error:0.001000
 0  6.514046e-01
 1  3.655178e-01
 2  2.332703e-01
 3  1.493767e-01
 4  1.068149e-01
 5  8.164210e-02
 6  6.206748e-02
 7  4.852070e-02
 8  4.011725e-02
 9  3.160202e-02
 10  2.466846e-02
 11  1.900624e-02
 12  1.523657e-02
 13  1.241719e-02
 14  1.018672e-02
 15  8.259202e-03
 16  6.834590e-03
 17  5.924406e-03
 18  5.127551e-03
 19  4.488297e-03
 20  3.935810e-03
 21  3.559558e-03
 22  3.279195e-03
 23  3.102430e-03
 24  2.960103e-03
 25  2.846953e-03
 26  2.731184e-03
 27  2.616228e-03
 28  2.496434e-03
 29  2.349976e-03
 30  2.152624e-03
 31  1.967399e-03
 32  1.776702e-03
 33  1.559908e-03
 34  1.329825e-03
 35  1.108519e-03
 36  9.212444e-04
 Iteration CPU time: 9 s
 CFIE residual: 0.000921244

 Iseg, Irank, Idinc : 1, 33, 175
 Thata, Phi : 90.000000, 174.000000
 Maximun iteration: 300
 Number of recycle truncation: 30
 Final matrix dimension:  36708
 Residual error:0.001000
 0  5.724808e-01
 1  2.993187e-01
 2  1.897374e-01
 3  1.336280e-01
 4  1.047771e-01
 5  8.182341e-02
 6  6.586460e-02
 7  5.569759e-02
 8  4.595021e-02
 9  3.678077e-02
 10  2.954305e-02
 11  2.472055e-02
 12  2.035502e-02
 13  1.675634e-02
 14  1.378984e-02
 15  1.123854e-02
 16  9.248206e-03
 17  7.364841e-03
 18  5.972490e-03
 19  4.782754e-03
 20  3.832802e-03
 21  3.143202e-03
 22  2.605606e-03
 23  2.218901e-03
 24  1.862368e-03
 25  1.508215e-03
 26  1.246423e-03
 27  1.027582e-03
 28  8.714955e-04
 Iteration CPU time: 6 s
 CFIE residual: 0.000871496

 Iseg, Irank, Idinc : 1, 34, 3
 Thata, Phi : 90.000000, 2.000000
 Maximun iteration: 300
 Number of recycle truncation: 30
 Final matrix dimension:  36708
 Residual error:0.001000
 0  5.151233e-01
 1  2.694205e-01
 2  1.742712e-01
 3  1.215833e-01
 4  8.626113e-02
 5  6.550064e-02
 6  5.106482e-02
 7  3.819609e-02
 8  2.893771e-02
 9  2.322763e-02
 10  1.797135e-02
 11  1.460293e-02
 12  1.151300e-02
 13  9.257311e-03
 14  7.426122e-03
 15  5.979658e-03
 16  4.925623e-03
 17  4.083202e-03
 18  3.400671e-03
 19  2.930770e-03
 20  2.532567e-03
 21  2.183870e-03
 22  1.839777e-03
 23  1.564248e-03
 24  1.331281e-03
 25  1.136835e-03
 26  9.581370e-04
 Iteration CPU time: 6 s
 CFIE residual: 0.000958137

 Iseg, Irank, Idinc : 1, 35, 163
 Thata, Phi : 90.000000, 162.000000
 Maximun iteration: 300
 Number of recycle truncation: 30
 Final matrix dimension:  36708
 Residual error:0.001000
 0  5.981091e-01
 1  3.064166e-01
 2  1.876857e-01
 3  1.296631e-01
 4  1.003062e-01
 5  7.972151e-02
 6  6.534736e-02
 7  5.270344e-02
 8  4.444654e-02
 9  3.811677e-02
 10  3.249342e-02
 11  2.703555e-02
 12  2.299728e-02
 13  1.872822e-02
 14  1.572140e-02
 15  1.280126e-02
 16  1.050643e-02
 17  8.504508e-03
 18  6.849874e-03
 19  5.531131e-03
 20  4.444048e-03
 21  3.578714e-03
 22  2.947569e-03
 23  2.441634e-03
 24  2.003915e-03
 25  1.650943e-03
 26  1.384572e-03
 27  1.187464e-03
 28  1.052064e-03
 29  9.560578e-04
 Iteration CPU time: 7 s
 CFIE residual: 0.000956058

 Iseg, Irank, Idinc : 1, 36, 47
 Thata, Phi : 90.000000, 46.000000
 Maximun iteration: 300
 Number of recycle truncation: 30
 Final matrix dimension:  36708
 Residual error:0.001000
 0  6.379082e-01
 1  3.259397e-01
 2  2.033035e-01
 3  1.330429e-01
 4  9.461927e-02
 5  7.145836e-02
 6  5.323430e-02
 7  4.086490e-02
 8  3.135962e-02
 9  2.382313e-02
 10  1.814671e-02
 11  1.378422e-02
 12  1.080172e-02
 13  8.662248e-03
 14  7.146852e-03
 15  5.796035e-03
 16  4.671466e-03
 17  3.906821e-03
 18  3.304472e-03
 19  2.825599e-03
 20  2.474361e-03
 21  2.223544e-03
 22  2.051182e-03
 23  1.915454e-03
 24  1.834546e-03
 25  1.765223e-03
 26  1.699649e-03
 27  1.635466e-03
 28  1.554512e-03
 29  1.471151e-03
 30  1.385345e-03
 31  1.287912e-03
 32  1.191068e-03
 33  1.083936e-03
 34  9.663446e-04
 Iteration CPU time: 8 s
 CFIE residual: 0.000966345

 Iseg, Irank, Idinc : 1, 37, 113
 Thata, Phi : 90.000000, 112.000000
 Maximun iteration: 300
 Number of recycle truncation: 30
 Final matrix dimension:  36708
 Residual error:0.001000
 0  6.385854e-01
 1  3.515129e-01
 2  2.193159e-01
 3  1.531284e-01
 4  1.084795e-01
 5  8.045367e-02
 6  6.113183e-02
 7  4.742047e-02
 8  3.839168e-02
 9  2.970123e-02
 10  2.314705e-02
 11  1.821247e-02
 12  1.506332e-02
 13  1.246656e-02
 14  1.026155e-02
 15  8.351439e-03
 16  6.856132e-03
 17  5.647111e-03
 18  4.620551e-03
 19  3.912027e-03
 20  3.317565e-03
 21  2.797643e-03
 22  2.410621e-03
 23  2.140453e-03
 24  1.902491e-03
 25  1.738593e-03
 26  1.624479e-03
 27  1.541979e-03
 28  1.478570e-03
 29  1.420965e-03
 30  1.364497e-03
 31  1.310607e-03
 32  1.241491e-03
 33  1.142207e-03
 34  1.028403e-03
 35  9.107301e-04
 Iteration CPU time: 8 s
 CFIE residual: 0.00091073

 Iseg, Irank, Idinc : 1, 38, 180
 Thata, Phi : 90.000000, 179.000000
 Maximun iteration: 300
 Number of recycle truncation: 30
 Final matrix dimension:  36708
 Residual error:0.001000
 0  5.698878e-01
 1  2.991655e-01
 2  1.894146e-01
 3  1.328899e-01
 4  1.035991e-01
 5  7.987629e-02
 6  6.414625e-02
 7  5.445515e-02
 8  4.458131e-02
 9  3.495807e-02
 10  2.745874e-02
 11  2.171560e-02
 12  1.777305e-02
 13  1.398102e-02
 14  1.142893e-02
 15  8.754812e-03
 16  6.792639e-03
 17  5.435749e-03
 18  4.454620e-03
 19  3.585478e-03
 20  2.913816e-03
 21  2.416133e-03
 22  2.006738e-03
 23  1.681652e-03
 24  1.414443e-03
 25  1.177102e-03
 26  9.524889e-04
 Iteration CPU time: 6 s
 CFIE residual: 0.000952489

 Iseg, Irank, Idinc : 1, 39, 13
 Thata, Phi : 90.000000, 12.000000
 Maximun iteration: 300
 Number of recycle truncation: 30
 Final matrix dimension:  36708
 Residual error:0.001000
 0  5.611974e-01
 1  2.793538e-01
 2  1.738017e-01
 3  1.225975e-01
 4  8.761000e-02
 5  6.533787e-02
 6  5.123560e-02
 7  3.939396e-02
 8  3.079350e-02
 9  2.444949e-02
 10  1.914491e-02
 11  1.498567e-02
 12  1.169847e-02
 13  9.502016e-03
 14  7.751953e-03
 15  6.262475e-03
 16  5.094315e-03
 17  4.236198e-03
 18  3.560425e-03
 19  3.035974e-03
 20  2.537532e-03
 21  2.142053e-03
 22  1.788266e-03
 23  1.563852e-03
 24  1.351679e-03
 25  1.207528e-03
 26  1.080250e-03
 27  9.886602e-04
 Iteration CPU time: 7 s
 CFIE residual: 0.00098866

 Iseg, Irank, Idinc : 1, 40, 127
 Thata, Phi : 90.000000, 126.000000
 Maximun iteration: 300
 Number of recycle truncation: 30
 Final matrix dimension:  36708
 Residual error:0.001000
 0  6.615827e-01
 1  3.458381e-01
 2  2.262759e-01
 3  1.570126e-01
 4  1.126092e-01
 5  8.438907e-02
 6  6.491939e-02
 7  5.082415e-02
 8  3.957091e-02
 9  3.186168e-02
 10  2.500057e-02
 11  1.945075e-02
 12  1.537647e-02
 13  1.254400e-02
 14  1.032183e-02
 15  8.330751e-03
 16  6.860988e-03
 17  5.698821e-03
 18  4.710273e-03
 19  4.041785e-03
 20  3.466787e-03
 21  2.975451e-03
 22  2.625206e-03
 23  2.354223e-03
 24  2.150973e-03
 25  1.984613e-03
 26  1.819040e-03
 27  1.708494e-03
 28  1.624465e-03
 29  1.559819e-03
 30  1.507995e-03
 31  1.439618e-03
 32  1.371489e-03
 33  1.311665e-03
 34  1.244197e-03
 35  1.173404e-03
 36  1.085907e-03
 37  9.638155e-04
 Iteration CPU time: 8 s
 CFIE residual: 0.000963815
 Last Built End in Sep 21 2025 00:06:12
 Total CPU time: 312 s
 Finished.
