 Last Built Begin in Sep 21 2025 00:06:12
 Pre-Type( Input ):           10
 Skl-Tol ( Input ):    1.0000000000000001E-005
 Wavelength in freespace: 0.0305188

 ################################################
 ##         Generating Required Mesh          ##
 ##         Waiting.....                      ##
 ################################################
 Subd No.      Subd Name
    1    Open-Duct_PRIME_model_meshAA1                                     
 isub,  nnode, npatch,  nedge:
    1      6118     12236     18354
 Scale Factor         >>   1.54999997E-02
 ################################################

 START TIME: 20250922   034912.537


 Informaton for IE geometry:
 number of subdomains     : 1
 maxnode,maxpatch,maxedge : 6118  12236  18354
 
 Index of Mat-Reg: 1
 Mat-Reg Number via MatFlg: 1
 Edge Number of Mat-Reg: 1, 18354

 Number of Edge on PEC: 18354
 Mat-Reg: No Dim(m) Lmax:
    1 0.235    5
 Totlmax, add1, add2:           5           6           7
 rlengmax of Global MLFMA >>   0.23493952131922707     
 Lmax of Global MLFMA >>            5
 Wavenum of Mat-Reg:
    1 1.000

 total area in sq m           =      0.0510
 total area in sq lambda      =     54.7241
 maxnode, maxpatch, maxedge           =     6118    12236    18354
 longest  edge in lambda              =      0.1529
 shortest edge in lambda              =      0.0073
 average  edge in lambda              =      0.1021
 largest  patch area in sq lambda     =      0.0079
 smallest patch area in sq lambda     =      0.0000
 ave    surface area in sq lambda     =      0.0045
 size range of the object in sq lambda =      7.5181

 #### MLFMA Info For Each Region ####
 Mat-Region =            1
 Array dimension parameters:
 maxrule=          14   maxgrid  =          64
 lmax   =           5   ncmax    =        1250
 lsmax  =          26   lsmin    =           7
 kpm    =        1356   kp0      =         102
 ntlm   =      212856   nsm      =      230886
 nkpm   =        2178   niplm    =      139392
 ngnearm=       14257   ngsndm   =       64634
 nearm  =         333   mfinestm =         119
 ###############################

 CFIE Alpha:  0.50000000000000000     

 Fill MLFMA FI for Mat-Reg:           1
 Begin filltl.f
 fill translation matrix
 Level:            2
 fill shifting matrix
 Level:            3
 fill shifting matrix
 Level:            4
 fill shifting matrix
 Level:            5
 fill shifting matrix
 translator time(s):  0.117000006    
 fill interpolation matrix
 ThetaOrder            8
 PhiOrder            8
 lsl            7
 Filling TL                  Delta_CPU=          0.54 Memory(MB)=        653.71
 Filling sndgrp              Delta_CPU=          0.00 Memory(MB)=        653.71
 Filling VFS                 Delta_CPU=          3.23 Memory(MB)=        653.71

 Fill MLFMA NI for Mat-Reg:           1
 Begin fill sparser part of Nearfield
 Begin fill denser part of Nearfield
 End fill
 Filling Amn                 Delta_CPU=         90.55 Memory(MB)=        653.71


 Now testing preconditioner with
 ipretype =           10
 method = cfie_solve_nfrasspspre_pardiso

  
 NBP>>Begin fill sparser part of Nearfield

116.1290% NBP>>Begin fill denser part of Nearfield

200.1041%
 Begin MLFMA Box-Matrix Based Spar-RAS Prec Constructor
 --- Intel MKL PARDISO --- 
 Memory for iGroup: 1 0 MB
 Total Memory For SparRAS Pre: 0 MB
 --- PARDISO PRECONDITIONER INITIALIZED --- 
 Constructing preconditioner CPU time: 4 s
 
 1101240
 Memory for Iteration:: 16.8036 MB

 Iseg, Ninc_S : 1, 181, 0

 Iseg, Skeleton Angles: 1, 40
 Iseg, Skel-Pk Mem(MB): 1, 314.35

 Iseg, Irank, Idinc : 1, 1, 22
 Thata, Phi : 90.000000, 21.000000
 Maximun iteration: 300
 Number of recycle truncation: 30
 Final matrix dimension:  36708
 Residual error:0.001000
 0  6.137818e-01
 1  2.911207e-01
 2  1.659211e-01
 3  1.135967e-01
 4  7.990555e-02
 5  5.917419e-02
 6  4.515734e-02
 7  3.508927e-02
 8  2.769697e-02
 9  2.226131e-02
 10  1.730930e-02
 11  1.381363e-02
 12  1.085063e-02
 13  8.890853e-03
 14  7.281238e-03
 15  6.146454e-03
 16  5.126206e-03
 17  4.310387e-03
 18  3.619704e-03
 19  3.075659e-03
 20  2.679721e-03
 21  2.319263e-03
 22  2.073350e-03
 23  1.886203e-03
 24  1.760798e-03
 25  1.636320e-03
 26  1.522033e-03
 27  1.421442e-03
 28  1.331208e-03
 29  1.241237e-03
 30  1.140111e-03
 31  1.032799e-03
 32  9.213325e-04
 Iteration CPU time: 7 s
 CFIE residual: 0.000921332

 Iseg, Irank, Idinc : 1, 2, 42
 Thata, Phi : 90.000000, 41.000000
 Maximun iteration: 300
 Number of recycle truncation: 30
 Final matrix dimension:  36708
 Residual error:0.001000
 0  6.262614e-01
 1  3.152537e-01
 2  1.999036e-01
 3  1.298737e-01
 4  8.906949e-02
 5  6.502603e-02
 6  4.797406e-02
 7  3.654799e-02
 8  2.803279e-02
 9  2.132218e-02
 10  1.634924e-02
 11  1.286622e-02
 12  1.045546e-02
 13  8.576688e-03
 14  7.068761e-03
 15  5.883819e-03
 16  5.032270e-03
 17  4.392398e-03
 18  3.954950e-03
 19  3.590790e-03
 20  3.299249e-03
 21  3.070701e-03
 22  2.853161e-03
 23  2.613899e-03
 24  2.426142e-03
 25  2.218743e-03
 26  1.992757e-03
 27  1.728260e-03
 28  1.504521e-03
 29  1.254101e-03
 30  1.029485e-03
 31  8.273349e-04
 Iteration CPU time: 7 s
 CFIE residual: 0.000827335

 Iseg, Irank, Idinc : 1, 3, 109
 Thata, Phi : 90.000000, 108.000000
 Maximun iteration: 300
 Number of recycle truncation: 30
 Final matrix dimension:  36708
 Residual error:0.001000
 0  6.290484e-01
 1  3.554292e-01
 2  2.229601e-01
 3  1.534754e-01
 4  1.075241e-01
 5  8.095529e-02
 6  6.243812e-02
 7  4.790943e-02
 8  3.799024e-02
 9  3.088113e-02
 10  2.391832e-02
 11  1.876250e-02
 12  1.533414e-02
 13  1.267530e-02
 14  1.034136e-02
 15  8.502124e-03
 16  7.122653e-03
 17  6.047963e-03
 18  5.226953e-03
 19  4.551701e-03
 20  4.039003e-03
 21  3.610832e-03
 22  3.276417e-03
 23  3.003323e-03
 24  2.797641e-03
 25  2.587920e-03
 26  2.392764e-03
 27  2.188242e-03
 28  1.947809e-03
 29  1.702314e-03
 30  1.454288e-03
 31  1.194410e-03
 32  9.413521e-04
 Iteration CPU time: 8 s
 CFIE residual: 0.000941352

 Iseg, Irank, Idinc : 1, 4, 64
 Thata, Phi : 90.000000, 63.000000
 Maximun iteration: 300
 Number of recycle truncation: 30
 Final matrix dimension:  36708
 Residual error:0.001000
 0  6.633227e-01
 1  3.578593e-01
 2  2.229678e-01
 3  1.437512e-01
 4  1.033666e-01
 5  7.875292e-02
 6  5.999060e-02
 7  4.632719e-02
 8  3.724909e-02
 9  2.992422e-02
 10  2.342480e-02
 11  1.865362e-02
 12  1.461934e-02
 13  1.197464e-02
 14  1.009443e-02
 15  8.574595e-03
 16  7.704734e-03
 17  7.015055e-03
 18  6.379517e-03
 19  5.843237e-03
 20  5.387480e-03
 21  4.948080e-03
 22  4.599187e-03
 23  4.272521e-03
 24  3.876713e-03
 25  3.411541e-03
 26  2.987064e-03
 27  2.504433e-03
 28  2.068660e-03
 29  1.673482e-03
 30  1.300031e-03
 31  1.011544e-03
 32  7.955516e-04
 Iteration CPU time: 7 s
 CFIE residual: 0.000795552

 Iseg, Irank, Idinc : 1, 5, 147
 Thata, Phi : 90.000000, 146.000000
 Maximun iteration: 300
 Number of recycle truncation: 30
 Final matrix dimension:  36708
 Residual error:0.001000
 0  6.510891e-01
 1  3.442892e-01
 2  2.080725e-01
 3  1.431649e-01
 4  1.039623e-01
 5  7.947078e-02
 6  6.268040e-02
 7  4.914463e-02
 8  4.113865e-02
 9  3.459288e-02
 10  2.925143e-02
 11  2.467355e-02
 12  2.023830e-02
 13  1.611112e-02
 14  1.304318e-02
 15  1.050760e-02
 16  8.452383e-03
 17  7.079910e-03
 18  5.812999e-03
 19  4.789603e-03
 20  3.963682e-03
 21  3.308842e-03
 22  2.857628e-03
 23  2.509152e-03
 24  2.243499e-03
 25  2.052161e-03
 26  1.903682e-03
 27  1.772824e-03
 28  1.645287e-03
 29  1.516364e-03
 30  1.375623e-03
 31  1.211154e-03
 32  1.029798e-03
 33  8.452320e-04
 Iteration CPU time: 8 s
 CFIE residual: 0.000845232

 Iseg, Irank, Idinc : 1, 6, 74
 Thata, Phi : 90.000000, 73.000000
 Maximun iteration: 300
 Number of recycle truncation: 30
 Final matrix dimension:  36708
 Residual error:0.001000
 0  6.407897e-01
 1  3.661357e-01
 2  2.380232e-01
 3  1.497680e-01
 4  1.047318e-01
 5  7.963529e-02
 6  6.251042e-02
 7  4.897444e-02
 8  3.929328e-02
 9  3.230653e-02
 10  2.517061e-02
 11  2.008012e-02
 12  1.635518e-02
 13  1.377671e-02
 14  1.176727e-02
 15  1.008543e-02
 16  8.828347e-03
 17  7.954415e-03
 18  7.215588e-03
 19  6.596045e-03
 20  6.059610e-03
 21  5.612557e-03
 22  5.205744e-03
 23  4.841089e-03
 24  4.447552e-03
 25  4.050222e-03
 26  3.573423e-03
 27  3.078551e-03
 28  2.606393e-03
 29  2.208448e-03
 30  1.786286e-03
 31  1.423840e-03
 32  1.105407e-03
 33  8.490296e-04
 Iteration CPU time: 7 s
 CFIE residual: 0.00084903

 Iseg, Irank, Idinc : 1, 7, 85
 Thata, Phi : 90.000000, 84.000000
 Maximun iteration: 300
 Number of recycle truncation: 30
 Final matrix dimension:  36708
 Residual error:0.001000
 0  6.182740e-01
 1  3.518271e-01
 2  2.276681e-01
 3  1.545943e-01
 4  1.112522e-01
 5  8.622970e-02
 6  6.642440e-02
 7  5.266694e-02
 8  4.206735e-02
 9  3.474194e-02
 10  2.718548e-02
 11  2.075630e-02
 12  1.641252e-02
 13  1.352383e-02
 14  1.134178e-02
 15  9.690902e-03
 16  8.402245e-03
 17  7.399016e-03
 18  6.650322e-03
 19  6.067604e-03
 20  5.624164e-03
 21  5.247660e-03
 22  4.883315e-03
 23  4.536926e-03
 24  4.144695e-03
 25  3.738653e-03
 26  3.366441e-03
 27  2.969875e-03
 28  2.556134e-03
 29  2.132162e-03
 30  1.779027e-03
 31  1.455564e-03
 32  1.174044e-03
 33  9.235761e-04
 Iteration CPU time: 8 s
 CFIE residual: 0.000923576

 Iseg, Irank, Idinc : 1, 8, 159
 Thata, Phi : 90.000000, 158.000000
 Maximun iteration: 300
 Number of recycle truncation: 30
 Final matrix dimension:  36708
 Residual error:0.001000
 0  6.102998e-01
 1  3.127775e-01
 2  1.908582e-01
 3  1.303199e-01
 4  9.955439e-02
 5  7.930686e-02
 6  6.386653e-02
 7  5.110891e-02
 8  4.374903e-02
 9  3.767643e-02
 10  3.153784e-02
 11  2.603296e-02
 12  2.139936e-02
 13  1.747062e-02
 14  1.413898e-02
 15  1.156660e-02
 16  9.448779e-03
 17  7.763941e-03
 18  6.237888e-03
 19  5.226315e-03
 20  4.189922e-03
 21  3.517482e-03
 22  2.991916e-03
 23  2.604331e-03
 24  2.277076e-03
 25  1.993400e-03
 26  1.798506e-03
 27  1.654431e-03
 28  1.536728e-03
 29  1.439620e-03
 30  1.357245e-03
 31  1.270013e-03
 32  1.153156e-03
 33  1.020277e-03
 34  8.713447e-04
 Iteration CPU time: 8 s
 CFIE residual: 0.000871345

 Iseg, Irank, Idinc : 1, 9, 134
 Thata, Phi : 90.000000, 133.000000
 Maximun iteration: 300
 Number of recycle truncation: 30
 Final matrix dimension:  36708
 Residual error:0.001000
 0  6.942655e-01
 1  3.588553e-01
 2  2.272745e-01
 3  1.542330e-01
 4  1.106649e-01
 5  8.423437e-02
 6  6.422835e-02
 7  4.986349e-02
 8  4.001684e-02
 9  3.121890e-02
 10  2.490235e-02
 11  2.028361e-02
 12  1.623596e-02
 13  1.305302e-02
 14  1.071309e-02
 15  8.757196e-03
 16  7.216462e-03
 17  6.004948e-03
 18  5.026307e-03
 19  4.391032e-03
 20  3.857328e-03
 21  3.474686e-03
 22  3.179502e-03
 23  2.889956e-03
 24  2.697483e-03
 25  2.520023e-03
 26  2.337060e-03
 27  2.165749e-03
 28  1.997897e-03
 29  1.828995e-03
 30  1.618221e-03
 31  1.399264e-03
 32  1.175110e-03
 33  9.734526e-04
 Iteration CPU time: 8 s
 CFIE residual: 0.000973453

 Iseg, Irank, Idinc : 1, 10, 123
 Thata, Phi : 90.000000, 122.000000
 Maximun iteration: 300
 Number of recycle truncation: 30
 Final matrix dimension:  36708
 Residual error:0.001000
 0  6.531447e-01
 1  3.432854e-01
 2  2.255617e-01
 3  1.567491e-01
 4  1.114087e-01
 5  8.382383e-02
 6  6.457922e-02
 7  5.046667e-02
 8  3.882436e-02
 9  2.983843e-02
 10  2.390059e-02
 11  1.908219e-02
 12  1.529283e-02
 13  1.240239e-02
 14  1.012878e-02
 15  8.718101e-03
 16  7.354863e-03
 17  6.283394e-03
 18  5.459875e-03
 19  4.770068e-03
 20  4.255312e-03
 21  3.825348e-03
 22  3.483640e-03
 23  3.172216e-03
 24  2.930511e-03
 25  2.722905e-03
 26  2.520041e-03
 27  2.347012e-03
 28  2.179680e-03
 29  1.991240e-03
 30  1.787436e-03
 31  1.559727e-03
 32  1.318735e-03
 33  1.066260e-03
 34  8.790264e-04
 Iteration CPU time: 7 s
 CFIE residual: 0.000879026

 Iseg, Irank, Idinc : 1, 11, 53
 Thata, Phi : 90.000000, 52.000000
 Maximun iteration: 300
 Number of recycle truncation: 30
 Final matrix dimension:  36708
 Residual error:0.001000
 0  6.484780e-01
 1  3.375006e-01
 2  2.082115e-01
 3  1.347102e-01
 4  9.645705e-02
 5  7.139679e-02
 6  5.458975e-02
 7  4.266390e-02
 8  3.286576e-02
 9  2.457948e-02
 10  1.936836e-02
 11  1.520489e-02
 12  1.219884e-02
 13  1.002300e-02
 14  8.429745e-03
 15  7.286867e-03
 16  6.430620e-03
 17  5.717373e-03
 18  5.158441e-03
 19  4.744124e-03
 20  4.317984e-03
 21  3.975590e-03
 22  3.724551e-03
 23  3.453976e-03
 24  3.090767e-03
 25  2.735900e-03
 26  2.384955e-03
 27  1.985019e-03
 28  1.677598e-03
 29  1.340371e-03
 30  1.050630e-03
 31  8.304890e-04
 Iteration CPU time: 7 s
 CFIE residual: 0.000830489

 Iseg, Irank, Idinc : 1, 12, 32
 Thata, Phi : 90.000000, 31.000000
 Maximun iteration: 300
 Number of recycle truncation: 30
 Final matrix dimension:  36708
 Residual error:0.001000
 0  6.314856e-01
 1  3.055718e-01
 2  1.797944e-01
 3  1.137302e-01
 4  8.007187e-02
 5  5.907113e-02
 6  4.328149e-02
 7  3.261519e-02
 8  2.540145e-02
 9  2.035737e-02
 10  1.624954e-02
 11  1.295351e-02
 12  1.013166e-02
 13  8.538876e-03
 14  6.829266e-03
 15  5.767022e-03
 16  4.869798e-03
 17  4.182543e-03
 18  3.592309e-03
 19  3.133467e-03
 20  2.788524e-03
 21  2.510233e-03
 22  2.315288e-03
 23  2.165810e-03
 24  2.031488e-03
 25  1.888570e-03
 26  1.754278e-03
 27  1.620531e-03
 28  1.480652e-03
 29  1.309772e-03
 30  1.142840e-03
 31  9.748257e-04
 Iteration CPU time: 7 s
 CFIE residual: 0.000974826

 Iseg, Irank, Idinc : 1, 13, 93
 Thata, Phi : 90.000000, 92.000000
 Maximun iteration: 300
 Number of recycle truncation: 30
 Final matrix dimension:  36708
 Residual error:0.001000
 0  6.154186e-01
 1  3.531380e-01
 2  2.245186e-01
 3  1.498268e-01
 4  1.071540e-01
 5  8.351671e-02
 6  6.508044e-02
 7  5.157243e-02
 8  4.142780e-02
 9  3.363504e-02
 10  2.665407e-02
 11  2.119884e-02
 12  1.714241e-02
 13  1.410411e-02
 14  1.181620e-02
 15  9.956935e-03
 16  8.355830e-03
 17  7.241830e-03
 18  6.409602e-03
 19  5.782972e-03
 20  5.286846e-03
 21  4.890500e-03
 22  4.516935e-03
 23  4.227925e-03
 24  3.874934e-03
 25  3.577239e-03
 26  3.296981e-03
 27  2.992548e-03
 28  2.595417e-03
 29  2.147664e-03
 30  1.729469e-03
 31  1.410772e-03
 32  1.107744e-03
 33  8.626092e-04
 Iteration CPU time: 8 s
 CFIE residual: 0.000862609

 Iseg, Irank, Idinc : 1, 14, 11
 Thata, Phi : 90.000000, 10.000000
 Maximun iteration: 300
 Number of recycle truncation: 30
 Final matrix dimension:  36708
 Residual error:0.001000
 0  5.424304e-01
 1  2.755821e-01
 2  1.728653e-01
 3  1.228700e-01
 4  8.805997e-02
 5  6.630677e-02
 6  5.115237e-02
 7  3.943248e-02
 8  3.071185e-02
 9  2.433688e-02
 10  1.896784e-02
 11  1.476713e-02
 12  1.150906e-02
 13  9.328557e-03
 14  7.572196e-03
 15  6.176742e-03
 16  5.113521e-03
 17  4.274164e-03
 18  3.645132e-03
 19  3.138929e-03
 20  2.698823e-03
 21  2.368564e-03
 22  2.059490e-03
 23  1.819605e-03
 24  1.671095e-03
 25  1.542683e-03
 26  1.437980e-03
 27  1.337467e-03
 28  1.262125e-03
 29  1.182205e-03
 30  1.103260e-03
 31  1.012002e-03
 32  9.281376e-04
 Iteration CPU time: 7 s
 CFIE residual: 0.000928138

 Iseg, Irank, Idinc : 1, 15, 178
 Thata, Phi : 90.000000, 177.000000
 Maximun iteration: 300
 Number of recycle truncation: 30
 Final matrix dimension:  36708
 Residual error:0.001000
 0  5.616962e-01
 1  2.983374e-01
 2  1.903082e-01
 3  1.341496e-01
 4  1.052776e-01
 5  8.088132e-02
 6  6.561351e-02
 7  5.460012e-02
 8  4.469623e-02
 9  3.491449e-02
 10  2.750497e-02
 11  2.206444e-02
 12  1.776453e-02
 13  1.390924e-02
 14  1.129512e-02
 15  8.873915e-03
 16  7.056666e-03
 17  5.797705e-03
 18  4.731909e-03
 19  3.859743e-03
 20  3.056569e-03
 21  2.535878e-03
 22  2.167319e-03
 23  1.874776e-03
 24  1.608743e-03
 25  1.384928e-03
 26  1.206800e-03
 27  1.063030e-03
 28  9.677926e-04
 Iteration CPU time: 7 s
 CFIE residual: 0.000967793

 Iseg, Irank, Idinc : 1, 16, 101
 Thata, Phi : 90.000000, 100.000000
 Maximun iteration: 300
 Number of recycle truncation: 30
 Final matrix dimension:  36708
 Residual error:0.001000
 0  6.139059e-01
 1  3.508834e-01
 2  2.205113e-01
 3  1.485189e-01
 4  1.045246e-01
 5  7.846152e-02
 6  6.051737e-02
 7  4.751606e-02
 8  3.734198e-02
 9  3.017659e-02
 10  2.461595e-02
 11  1.997755e-02
 12  1.587484e-02
 13  1.299352e-02
 14  1.096545e-02
 15  8.994723e-03
 16  7.574050e-03
 17  6.514437e-03
 18  5.695174e-03
 19  5.099533e-03
 20  4.633985e-03
 21  4.211209e-03
 22  3.811689e-03
 23  3.552400e-03
 24  3.287554e-03
 25  3.041301e-03
 26  2.822569e-03
 27  2.605569e-03
 28  2.327590e-03
 29  2.026962e-03
 30  1.712370e-03
 31  1.403580e-03
 32  1.106011e-03
 33  8.881430e-04
 Iteration CPU time: 7 s
 CFIE residual: 0.000888143

 Iseg, Irank, Idinc : 1, 17, 116
 Thata, Phi : 90.000000, 115.000000
 Maximun iteration: 300
 Number of recycle truncation: 30
 Final matrix dimension:  36708
 Residual error:0.001000
 0  6.461016e-01
 1  3.488531e-01
 2  2.203892e-01
 3  1.539157e-01
 4  1.092791e-01
 5  8.094704e-02
 6  6.162199e-02
 7  4.775969e-02
 8  3.828205e-02
 9  3.001482e-02
 10  2.315831e-02
 11  1.806232e-02
 12  1.497249e-02
 13  1.243791e-02
 14  1.007362e-02
 15  8.310434e-03
 16  7.061958e-03
 17  6.018256e-03
 18  5.218875e-03
 19  4.566273e-03
 20  4.103909e-03
 21  3.678662e-03
 22  3.335057e-03
 23  3.043973e-03
 24  2.829512e-03
 25  2.633882e-03
 26  2.438537e-03
 27  2.248277e-03
 28  2.061764e-03
 29  1.849754e-03
 30  1.601764e-03
 31  1.319094e-03
 32  1.048598e-03
 33  8.082514e-04
 Iteration CPU time: 8 s
 CFIE residual: 0.000808251

 Iseg, Irank, Idinc : 1, 18, 1
 Thata, Phi : 90.000000, 0.000000
 Maximun iteration: 300
 Number of recycle truncation: 30
 Final matrix dimension:  36708
 Residual error:0.001000
 0  5.076825e-01
 1  2.674540e-01
 2  1.734704e-01
 3  1.206396e-01
 4  8.554863e-02
 5  6.437352e-02
 6  4.993250e-02
 7  3.808364e-02
 8  2.895028e-02
 9  2.283850e-02
 10  1.731511e-02
 11  1.365606e-02
 12  1.129040e-02
 13  8.779655e-03
 14  7.110329e-03
 15  5.618282e-03
 16  4.563308e-03
 17  3.767673e-03
 18  3.216638e-03
 19  2.770001e-03
 20  2.393163e-03
 21  2.114035e-03
 22  1.852513e-03
 23  1.617878e-03
 24  1.439733e-03
 25  1.310084e-03
 26  1.215563e-03
 27  1.142616e-03
 28  1.071465e-03
 29  9.961559e-04
 Iteration CPU time: 7 s
 CFIE residual: 0.000996156

 Iseg, Irank, Idinc : 1, 19, 167
 Thata, Phi : 90.000000, 166.000000
 Maximun iteration: 300
 Number of recycle truncation: 30
 Final matrix dimension:  36708
 Residual error:0.001000
 0  5.805614e-01
 1  3.010928e-01
 2  1.880225e-01
 3  1.328849e-01
 4  1.039764e-01
 5  8.219402e-02
 6  6.765390e-02
 7  5.492645e-02
 8  4.587876e-02
 9  3.815526e-02
 10  3.244055e-02
 11  2.692399e-02
 12  2.234277e-02
 13  1.792273e-02
 14  1.468294e-02
 15  1.214526e-02
 16  9.880547e-03
 17  8.119111e-03
 18  6.413617e-03
 19  5.229816e-03
 20  4.282275e-03
 21  3.467631e-03
 22  2.933996e-03
 23  2.484751e-03
 24  2.101975e-03
 25  1.778846e-03
 26  1.530890e-03
 27  1.369031e-03
 28  1.255133e-03
 29  1.171296e-03
 30  1.105155e-03
 31  1.040764e-03
 32  9.654069e-04
 Iteration CPU time: 7 s
 CFIE residual: 0.000965407

 Iseg, Irank, Idinc : 1, 20, 79
 Thata, Phi : 90.000000, 78.000000
 Maximun iteration: 300
 Number of recycle truncation: 30
 Final matrix dimension:  36708
 Residual error:0.001000
 0  6.265900e-01
 1  3.590573e-01
 2  2.332120e-01
 3  1.494547e-01
 4  1.061760e-01
 5  8.184771e-02
 6  6.304463e-02
 7  5.060714e-02
 8  3.967947e-02
 9  3.224742e-02
 10  2.565374e-02
 11  2.019679e-02
 12  1.618407e-02
 13  1.355664e-02
 14  1.149622e-02
 15  9.979608e-03
 16  8.729565e-03
 17  7.680889e-03
 18  6.897993e-03
 19  6.314870e-03
 20  5.782803e-03
 21  5.394398e-03
 22  5.028162e-03
 23  4.699989e-03
 24  4.305231e-03
 25  3.938912e-03
 26  3.527624e-03
 27  3.082260e-03
 28  2.658163e-03
 29  2.255086e-03
 30  1.848906e-03
 31  1.504084e-03
 32  1.173641e-03
 33  8.992534e-04
 Iteration CPU time: 8 s
 CFIE residual: 0.000899253

 Iseg, Irank, Idinc : 1, 21, 141
 Thata, Phi : 90.000000, 140.000000
 Maximun iteration: 300
 Number of recycle truncation: 30
 Final matrix dimension:  36708
 Residual error:0.001000
 0  6.848528e-01
 1  3.525555e-01
 2  2.137947e-01
 3  1.475122e-01
 4  1.077266e-01
 5  8.163105e-02
 6  6.253658e-02
 7  4.940431e-02
 8  4.075508e-02
 9  3.356333e-02
 10  2.765064e-02
 11  2.301895e-02
 12  1.868725e-02
 13  1.529150e-02
 14  1.200456e-02
 15  9.865733e-03
 16  7.899992e-03
 17  6.576869e-03
 18  5.412067e-03
 19  4.487886e-03
 20  3.839442e-03
 21  3.336869e-03
 22  2.973164e-03
 23  2.679112e-03
 24  2.459620e-03
 25  2.301145e-03
 26  2.156344e-03
 27  2.019449e-03
 28  1.873113e-03
 29  1.731580e-03
 30  1.571765e-03
 31  1.379633e-03
 32  1.200168e-03
 33  1.031230e-03
 34  8.740454e-04
 Iteration CPU time: 8 s
 CFIE residual: 0.000874045

 Iseg, Irank, Idinc : 1, 22, 173
 Thata, Phi : 90.000000, 172.000000
 Maximun iteration: 300
 Number of recycle truncation: 30
 Final matrix dimension:  36708
 Residual error:0.001000
 0  5.674296e-01
 1  2.986795e-01
 2  1.901352e-01
 3  1.346617e-01
 4  1.060608e-01
 5  8.257098e-02
 6  6.747264e-02
 7  5.572112e-02
 8  4.619870e-02
 9  3.723109e-02
 10  3.040305e-02
 11  2.511820e-02
 12  2.090840e-02
 13  1.679043e-02
 14  1.381001e-02
 15  1.118249e-02
 16  9.309274e-03
 17  7.541220e-03
 18  5.931089e-03
 19  4.849854e-03
 20  3.883380e-03
 21  3.146891e-03
 22  2.667740e-03
 23  2.287922e-03
 24  1.929503e-03
 25  1.633991e-03
 26  1.398522e-03
 27  1.227592e-03
 28  1.111539e-03
 29  1.029257e-03
 30  9.697891e-04
 Iteration CPU time: 7 s
 CFIE residual: 0.000969789

 Iseg, Irank, Idinc : 1, 23, 6
 Thata, Phi : 90.000000, 5.000000
 Maximun iteration: 300
 Number of recycle truncation: 30
 Final matrix dimension:  36708
 Residual error:0.001000
 0  5.176965e-01
 1  2.699632e-01
 2  1.732092e-01
 3  1.216811e-01
 4  8.724691e-02
 5  6.595285e-02
 6  5.043383e-02
 7  3.804380e-02
 8  2.897595e-02
 9  2.336463e-02
 10  1.840675e-02
 11  1.453219e-02
 12  1.138539e-02
 13  9.230632e-03
 14  7.656726e-03
 15  6.117712e-03
 16  5.025520e-03
 17  4.186076e-03
 18  3.536895e-03
 19  3.061995e-03
 20  2.670937e-03
 21  2.337730e-03
 22  2.033270e-03
 23  1.780213e-03
 24  1.602463e-03
 25  1.464314e-03
 26  1.350398e-03
 27  1.261820e-03
 28  1.182676e-03
 29  1.101420e-03
 30  1.015159e-03
 31  9.312024e-04
 Iteration CPU time: 7 s
 CFIE residual: 0.000931202

 Iseg, Irank, Idinc : 1, 24, 181
 Thata, Phi : 90.000000, 180.000000
 Maximun iteration: 300
 Number of recycle truncation: 30
 Final matrix dimension:  36708
 Residual error:0.001000
 0  5.606114e-01
 1  2.982947e-01
 2  1.902605e-01
 3  1.339486e-01
 4  1.049432e-01
 5  8.019525e-02
 6  6.499212e-02
 7  5.406508e-02
 8  4.403149e-02
 9  3.415884e-02
 10  2.677124e-02
 11  2.118790e-02
 12  1.631279e-02
 13  1.275470e-02
 14  1.006928e-02
 15  7.873247e-03
 16  5.996553e-03
 17  4.839913e-03
 18  3.929884e-03
 19  3.102045e-03
 20  2.563011e-03
 21  2.178148e-03
 22  1.857844e-03
 23  1.580523e-03
 24  1.361091e-03
 25  1.205476e-03
 26  1.078447e-03
 27  9.705312e-04
 Iteration CPU time: 6 s
 CFIE residual: 0.000970531

 Iseg, Irank, Idinc : 1, 25, 17
 Thata, Phi : 90.000000, 16.000000
 Maximun iteration: 300
 Number of recycle truncation: 30
 Final matrix dimension:  36708
 Residual error:0.001000
 0  5.815086e-01
 1  2.837182e-01
 2  1.698774e-01
 3  1.190096e-01
 4  8.426765e-02
 5  6.328899e-02
 6  4.930233e-02
 7  3.824554e-02
 8  2.990991e-02
 9  2.353331e-02
 10  1.844323e-02
 11  1.479806e-02
 12  1.141514e-02
 13  9.141167e-03
 14  7.413037e-03
 15  6.289186e-03
 16  5.208997e-03
 17  4.369555e-03
 18  3.676215e-03
 19  3.120306e-03
 20  2.693200e-03
 21  2.327706e-03
 22  2.049742e-03
 23  1.831701e-03
 24  1.695790e-03
 25  1.577854e-03
 26  1.470850e-03
 27  1.371626e-03
 28  1.296499e-03
 29  1.216466e-03
 30  1.128509e-03
 31  1.035421e-03
 32  9.337262e-04
 Iteration CPU time: 8 s
 CFIE residual: 0.000933726

 Iseg, Irank, Idinc : 1, 26, 58
 Thata, Phi : 90.000000, 57.000000
 Maximun iteration: 300
 Number of recycle truncation: 30
 Final matrix dimension:  36708
 Residual error:0.001000
 0  6.607490e-01
 1  3.446298e-01
 2  2.136208e-01
 3  1.352032e-01
 4  9.637522e-02
 5  7.085732e-02
 6  5.477262e-02
 7  4.321860e-02
 8  3.470153e-02
 9  2.670187e-02
 10  2.020991e-02
 11  1.599526e-02
 12  1.299080e-02
 13  1.055812e-02
 14  8.819186e-03
 15  7.477463e-03
 16  6.676331e-03
 17  5.989968e-03
 18  5.421403e-03
 19  4.994635e-03
 20  4.623563e-03
 21  4.263785e-03
 22  3.908022e-03
 23  3.601424e-03
 24  3.251304e-03
 25  2.896330e-03
 26  2.508462e-03
 27  2.155409e-03
 28  1.790302e-03
 29  1.443652e-03
 30  1.146768e-03
 31  9.200672e-04
 Iteration CPU time: 7 s
 CFIE residual: 0.000920067

 Iseg, Irank, Idinc : 1, 27, 153
 Thata, Phi : 90.000000, 152.000000
 Maximun iteration: 300
 Number of recycle truncation: 30
 Final matrix dimension:  36708
 Residual error:0.001000
 0  6.313902e-01
 1  3.286199e-01
 2  2.005259e-01
 3  1.359093e-01
 4  1.011964e-01
 5  7.897896e-02
 6  6.278015e-02
 7  4.967346e-02
 8  4.200706e-02
 9  3.541164e-02
 10  3.020031e-02
 11  2.516861e-02
 12  2.017410e-02
 13  1.644701e-02
 14  1.339636e-02
 15  1.097434e-02
 16  8.866487e-03
 17  7.290546e-03
 18  5.859361e-03
 19  4.917387e-03
 20  4.047859e-03
 21  3.365965e-03
 22  2.910506e-03
 23  2.539485e-03
 24  2.246661e-03
 25  2.019314e-03
 26  1.859551e-03
 27  1.710287e-03
 28  1.585128e-03
 29  1.481165e-03
 30  1.364393e-03
 31  1.245890e-03
 32  1.093936e-03
 33  9.449079e-04
 Iteration CPU time: 8 s
 CFIE residual: 0.000944908

 Iseg, Irank, Idinc : 1, 28, 37
 Thata, Phi : 90.000000, 36.000000
 Maximun iteration: 300
 Number of recycle truncation: 30
 Final matrix dimension:  36708
 Residual error:0.001000
 0  6.217842e-01
 1  3.119658e-01
 2  1.925036e-01
 3  1.223346e-01
 4  8.374307e-02
 5  6.159777e-02
 6  4.485699e-02
 7  3.386622e-02
 8  2.621222e-02
 9  2.037128e-02
 10  1.596910e-02
 11  1.273254e-02
 12  1.013073e-02
 13  8.404110e-03
 14  6.876054e-03
 15  5.722301e-03
 16  4.793347e-03
 17  4.167354e-03
 18  3.651115e-03
 19  3.240033e-03
 20  2.934956e-03
 21  2.704233e-03
 22  2.517843e-03
 23  2.332830e-03
 24  2.193435e-03
 25  2.035683e-03
 26  1.858756e-03
 27  1.670425e-03
 28  1.499818e-03
 29  1.290580e-03
 30  1.096374e-03
 31  9.125833e-04
 Iteration CPU time: 7 s
 CFIE residual: 0.000912583

 Iseg, Irank, Idinc : 1, 29, 128
 Thata, Phi : 90.000000, 127.000000
 Maximun iteration: 300
 Number of recycle truncation: 30
 Final matrix dimension:  36708
 Residual error:0.001000
 0  6.652804e-01
 1  3.503906e-01
 2  2.288148e-01
 3  1.567894e-01
 4  1.120267e-01
 5  8.556498e-02
 6  6.508326e-02
 7  5.061254e-02
 8  3.972944e-02
 9  3.122478e-02
 10  2.487320e-02
 11  1.961637e-02
 12  1.537477e-02
 13  1.256334e-02
 14  1.043199e-02
 15  8.716063e-03
 16  7.280748e-03
 17  6.134209e-03
 18  5.205387e-03
 19  4.565497e-03
 20  4.119631e-03
 21  3.713299e-03
 22  3.394617e-03
 23  3.122416e-03
 24  2.900610e-03
 25  2.686173e-03
 26  2.496923e-03
 27  2.331767e-03
 28  2.162941e-03
 29  2.005042e-03
 30  1.805893e-03
 31  1.583218e-03
 32  1.360405e-03
 33  1.124824e-03
 34  9.497020e-04
 Iteration CPU time: 8 s
 CFIE residual: 0.000949702

 Iseg, Irank, Idinc : 1, 30, 97
 Thata, Phi : 90.000000, 96.000000
 Maximun iteration: 300
 Number of recycle truncation: 30
 Final matrix dimension:  36708
 Residual error:0.001000
 0  6.144350e-01
 1  3.513176e-01
 2  2.216470e-01
 3  1.475645e-01
 4  1.056496e-01
 5  8.052265e-02
 6  6.187403e-02
 7  4.956731e-02
 8  3.926598e-02
 9  3.147308e-02
 10  2.540804e-02
 11  2.018288e-02
 12  1.640200e-02
 13  1.363294e-02
 14  1.133660e-02
 15  9.370596e-03
 16  7.890447e-03
 17  6.845286e-03
 18  6.014133e-03
 19  5.405320e-03
 20  4.932203e-03
 21  4.498707e-03
 22  4.113564e-03
 23  3.867974e-03
 24  3.571001e-03
 25  3.322383e-03
 26  3.079449e-03
 27  2.811142e-03
 28  2.493553e-03
 29  2.103959e-03
 30  1.735147e-03
 31  1.403994e-03
 32  1.082358e-03
 33  8.652397e-04
 Iteration CPU time: 7 s
 CFIE residual: 0.00086524

 Iseg, Irank, Idinc : 1, 31, 3
 Thata, Phi : 90.000000, 2.000000
 Maximun iteration: 300
 Number of recycle truncation: 30
 Final matrix dimension:  36708
 Residual error:0.001000
 0  5.093777e-01
 1  2.678885e-01
 2  1.734117e-01
 3  1.208075e-01
 4  8.586758e-02
 5  6.472471e-02
 6  5.001744e-02
 7  3.797610e-02
 8  2.881771e-02
 9  2.284411e-02
 10  1.760060e-02
 11  1.406911e-02
 12  1.133661e-02
 13  8.947031e-03
 14  7.349449e-03
 15  5.914033e-03
 16  4.871884e-03
 17  4.049622e-03
 18  3.410133e-03
 19  2.958754e-03
 20  2.592330e-03
 21  2.286717e-03
 22  1.986020e-03
 23  1.726648e-03
 24  1.546172e-03
 25  1.402327e-03
 26  1.279005e-03
 27  1.193862e-03
 28  1.117027e-03
 29  1.042348e-03
 30  9.552048e-04
 Iteration CPU time: 7 s
 CFIE residual: 0.000955205

 Iseg, Irank, Idinc : 1, 32, 48
 Thata, Phi : 90.000000, 47.000000
 Maximun iteration: 300
 Number of recycle truncation: 30
 Final matrix dimension:  36708
 Residual error:0.001000
 0  6.365628e-01
 1  3.267708e-01
 2  2.041818e-01
 3  1.340802e-01
 4  9.544607e-02
 5  7.146207e-02
 6  5.357409e-02
 7  4.127948e-02
 8  3.168923e-02
 9  2.447147e-02
 10  1.894977e-02
 11  1.459129e-02
 12  1.167610e-02
 13  9.525655e-03
 14  7.941296e-03
 15  6.702779e-03
 16  5.857733e-03
 17  5.183377e-03
 18  4.720354e-03
 19  4.348702e-03
 20  3.940133e-03
 21  3.620190e-03
 22  3.367546e-03
 23  3.110305e-03
 24  2.829576e-03
 25  2.550108e-03
 26  2.266966e-03
 27  1.932024e-03
 28  1.651794e-03
 29  1.355092e-03
 30  1.095316e-03
 31  8.821368e-04
 Iteration CPU time: 8 s
 CFIE residual: 0.000882137

 Iseg, Irank, Idinc : 1, 33, 163
 Thata, Phi : 90.000000, 162.000000
 Maximun iteration: 300
 Number of recycle truncation: 30
 Final matrix dimension:  36708
 Residual error:0.001000
 0  5.941672e-01
 1  3.054990e-01
 2  1.874454e-01
 3  1.306103e-01
 4  1.011992e-01
 5  8.094631e-02
 6  6.603923e-02
 7  5.314934e-02
 8  4.488899e-02
 9  3.838094e-02
 10  3.253577e-02
 11  2.697481e-02
 12  2.243310e-02
 13  1.806072e-02
 14  1.469424e-02
 15  1.210844e-02
 16  9.902487e-03
 17  8.145923e-03
 18  6.491271e-03
 19  5.343243e-03
 20  4.344045e-03
 21  3.548799e-03
 22  3.018367e-03
 23  2.556938e-03
 24  2.194599e-03
 25  1.883199e-03
 26  1.665901e-03
 27  1.514363e-03
 28  1.403822e-03
 29  1.314618e-03
 30  1.241069e-03
 31  1.167560e-03
 32  1.078665e-03
 33  9.700683e-04
 Iteration CPU time: 7 s
 CFIE residual: 0.000970068

 Iseg, Irank, Idinc : 1, 34, 27
 Thata, Phi : 90.000000, 26.000000
 Maximun iteration: 300
 Number of recycle truncation: 30
 Final matrix dimension:  36708
 Residual error:0.001000
 0  6.332744e-01
 1  2.982934e-01
 2  1.683202e-01
 3  1.101896e-01
 4  7.738848e-02
 5  5.696871e-02
 6  4.241821e-02
 7  3.208124e-02
 8  2.512964e-02
 9  2.072037e-02
 10  1.660961e-02
 11  1.315428e-02
 12  1.038638e-02
 13  8.845708e-03
 14  7.193993e-03
 15  6.043931e-03
 16  5.140585e-03
 17  4.320179e-03
 18  3.665146e-03
 19  3.154508e-03
 20  2.743222e-03
 21  2.402831e-03
 22  2.176257e-03
 23  2.009120e-03
 24  1.883608e-03
 25  1.751524e-03
 26  1.633073e-03
 27  1.521026e-03
 28  1.405990e-03
 29  1.288872e-03
 30  1.157416e-03
 31  1.022014e-03
 32  8.960547e-04
 Iteration CPU time: 8 s
 CFIE residual: 0.000896055

 Iseg, Irank, Idinc : 1, 35, 180
 Thata, Phi : 90.000000, 179.000000
 Maximun iteration: 300
 Number of recycle truncation: 30
 Final matrix dimension:  36708
 Residual error:0.001000
 0  5.607468e-01
 1  2.983015e-01
 2  1.902687e-01
 3  1.339762e-01
 4  1.049878e-01
 5  8.028616e-02
 6  6.507402e-02
 7  5.414583e-02
 8  4.413526e-02
 9  3.426540e-02
 10  2.686578e-02
 11  2.131218e-02
 12  1.658098e-02
 13  1.296506e-02
 14  1.034117e-02
 15  8.072008e-03
 16  6.231061e-03
 17  5.084001e-03
 18  4.180293e-03
 19  3.382064e-03
 20  2.696750e-03
 21  2.257373e-03
 22  1.937461e-03
 23  1.676883e-03
 24  1.450772e-03
 25  1.263688e-03
 26  1.117339e-03
 27  9.943138e-04
 Iteration CPU time: 6 s
 CFIE residual: 0.000994314

 Iseg, Irank, Idinc : 1, 36, 69
 Thata, Phi : 90.000000, 68.000000
 Maximun iteration: 300
 Number of recycle truncation: 30
 Final matrix dimension:  36708
 Residual error:0.001000
 0  6.548404e-01
 1  3.661028e-01
 2  2.330940e-01
 3  1.501275e-01
 4  1.079420e-01
 5  8.200049e-02
 6  6.289492e-02
 7  4.923732e-02
 8  4.029716e-02
 9  3.289688e-02
 10  2.574480e-02
 11  2.012761e-02
 12  1.610354e-02
 13  1.345659e-02
 14  1.144237e-02
 15  9.829582e-03
 16  8.711137e-03
 17  7.852561e-03
 18  7.165425e-03
 19  6.515663e-03
 20  5.992392e-03
 21  5.523302e-03
 22  5.152108e-03
 23  4.802382e-03
 24  4.383520e-03
 25  3.931888e-03
 26  3.437198e-03
 27  2.948631e-03
 28  2.462577e-03
 29  2.020514e-03
 30  1.596632e-03
 31  1.265245e-03
 32  1.002521e-03
 33  7.840889e-04
 Iteration CPU time: 8 s
 CFIE residual: 0.000784089

 Iseg, Irank, Idinc : 1, 37, 113
 Thata, Phi : 90.000000, 112.000000
 Maximun iteration: 300
 Number of recycle truncation: 30
 Final matrix dimension:  36708
 Residual error:0.001000
 0  6.408289e-01
 1  3.524582e-01
 2  2.211674e-01
 3  1.542328e-01
 4  1.091454e-01
 5  8.136115e-02
 6  6.180746e-02
 7  4.769627e-02
 8  3.807635e-02
 9  3.010916e-02
 10  2.329201e-02
 11  1.825155e-02
 12  1.515682e-02
 13  1.258609e-02
 14  1.036388e-02
 15  8.537215e-03
 16  7.166630e-03
 17  6.100796e-03
 18  5.229697e-03
 19  4.518245e-03
 20  4.029080e-03
 21  3.573982e-03
 22  3.262765e-03
 23  2.980762e-03
 24  2.772647e-03
 25  2.576189e-03
 26  2.377727e-03
 27  2.173509e-03
 28  1.972800e-03
 29  1.734983e-03
 30  1.502370e-03
 31  1.225307e-03
 32  9.642754e-04
 Iteration CPU time: 7 s
 CFIE residual: 0.000964275

 Iseg, Irank, Idinc : 1, 38, 138
 Thata, Phi : 90.000000, 137.000000
 Maximun iteration: 300
 Number of recycle truncation: 30
 Final matrix dimension:  36708
 Residual error:0.001000
 0  6.975491e-01
 1  3.557004e-01
 2  2.198922e-01
 3  1.509129e-01
 4  1.099289e-01
 5  8.314437e-02
 6  6.315887e-02
 7  4.962418e-02
 8  4.061066e-02
 9  3.256582e-02
 10  2.648438e-02
 11  2.194415e-02
 12  1.772637e-02
 13  1.434603e-02
 14  1.137772e-02
 15  9.232956e-03
 16  7.587338e-03
 17  6.283871e-03
 18  5.208838e-03
 19  4.435846e-03
 20  3.810155e-03
 21  3.389406e-03
 22  3.068748e-03
 23  2.781582e-03
 24  2.582049e-03
 25  2.421199e-03
 26  2.260922e-03
 27  2.103477e-03
 28  1.953693e-03
 29  1.798228e-03
 30  1.615159e-03
 31  1.404298e-03
 32  1.203341e-03
 33  1.018703e-03
 34  8.643724e-04
 Iteration CPU time: 8 s
 CFIE residual: 0.000864372

 Iseg, Irank, Idinc : 1, 39, 8
 Thata, Phi : 90.000000, 7.000000
 Maximun iteration: 300
 Number of recycle truncation: 30
 Final matrix dimension:  36708
 Residual error:0.001000
 0  5.263193e-01
 1  2.720037e-01
 2  1.731131e-01
 3  1.224506e-01
 4  8.805284e-02
 5  6.646862e-02
 6  5.080321e-02
 7  3.866137e-02
 8  2.997350e-02
 9  2.398857e-02
 10  1.860942e-02
 11  1.466949e-02
 12  1.150639e-02
 13  9.398784e-03
 14  7.642156e-03
 15  6.082349e-03
 16  5.047876e-03
 17  4.225434e-03
 18  3.582914e-03
 19  3.086966e-03
 20  2.687611e-03
 21  2.355047e-03
 22  2.046189e-03
 23  1.804171e-03
 24  1.635997e-03
 25  1.502080e-03
 26  1.394131e-03
 27  1.300943e-03
 28  1.222408e-03
 29  1.140291e-03
 30  1.056285e-03
 31  9.699438e-04
 Iteration CPU time: 7 s
 CFIE residual: 0.000969944

 Iseg, Irank, Idinc : 1, 40, 175
 Thata, Phi : 90.000000, 174.000000
 Maximun iteration: 300
 Number of recycle truncation: 30
 Final matrix dimension:  36708
 Residual error:0.001000
 0  5.646187e-01
 1  2.984722e-01
 2  1.903185e-01
 3  1.345433e-01
 4  1.058853e-01
 5  8.206068e-02
 6  6.678931e-02
 7  5.537732e-02
 8  4.569668e-02
 9  3.631142e-02
 10  2.912292e-02
 11  2.378984e-02
 12  1.966671e-02
 13  1.556402e-02
 14  1.284061e-02
 15  1.035394e-02
 16  8.561409e-03
 17  6.932337e-03
 18  5.501410e-03
 19  4.507515e-03
 20  3.610431e-03
 21  2.941852e-03
 22  2.499222e-03
 23  2.153066e-03
 24  1.823883e-03
 25  1.551499e-03
 26  1.334794e-03
 27  1.169580e-03
 28  1.058297e-03
 29  9.788676e-04
 Iteration CPU time: 7 s
 CFIE residual: 0.000978868
 Last Built End in Sep 21 2025 00:06:12
 Total CPU time: 313 s
 Finished.
