 Last Built Begin in Sep 21 2025 00:06:12
 Pre-Type( Input ):            8
 Skl-Tol ( Input ):    1.0000000000000000E-002
 Wavelength in freespace: 0.290323

 ################################################
 ##         Generating Required Mesh          ##
 ##         Waiting.....                      ##
 ################################################
 Subd No.      Subd Name
    1    sphere1                                                           
 isub,  nnode, npatch,  nedge:
    1       604      1204      1806
 Scale Factor         >>   9.99999978E-03
 ################################################

 START TIME: 20250922   003051.651


 Informaton for IE geometry:
 number of subdomains     : 1
 maxnode,maxpatch,maxedge : 604  1204  1806
 
 Index of Mat-Reg: 1
 Mat-Reg Number via MatFlg: 1
 Edge Number of Mat-Reg: 1, 1806

 Number of Edge on PEC: 0
 Mat-Reg: No Dim(m) Lmax:
    1 0.172    2
 Totlmax, add1, add2:           2           3           4
 rlengmax of Global MLFMA >>   0.17222215640222555     
 Lmax of Global MLFMA >>            2
 Wavenum of Mat-Reg:
    1 1.000

 total area in sq m           =      0.1254
 total area in sq lambda      =      1.4872
 maxnode, maxpatch, maxedge           =      604     1204     1806
 longest  edge in lambda              =      0.0750
 shortest edge in lambda              =      0.0327
 average  edge in lambda              =      0.0535
 largest  patch area in sq lambda     =      0.0020
 smallest patch area in sq lambda     =      0.0006
 ave    surface area in sq lambda     =      0.0012
 size range of the object in sq lambda =      0.6889

 #### MLFMA Info For Each Region ####
 Mat-Region =            1
 Array dimension parameters:
 maxrule=          14   maxgrid  =          64
 lmax   =           2   ncmax    =          65
 lsmax  =           6   lsmin    =           6
 kpm    =          76   kp0      =          76
 ntlm   =       24016   nsm      =        4256
 nkpm   =          76   niplm    =        4864
 ngnearm=         632   ngsndm   =        2504
 nearm  =         413   mfinestm =          43
 ###############################

 CFIE Alpha:  0.50000000000000000     

 Fill MLFMA FI for Mat-Reg:           1
 Begin filltl.f
 fill translation matrix
 Level:            2
 fill shifting matrix
 translator time(s):   2.90000010E-02
 fill interpolation matrix
 Filling TL                  Delta_CPU=          0.12 Memory(MB)=         65.70
 Filling sndgrp              Delta_CPU=          0.00 Memory(MB)=         65.70
 Filling VFS                 Delta_CPU=          0.24 Memory(MB)=         65.70

 Fill MLFMA NI for Mat-Reg:           1
 Begin fill sparser part of Nearfield
 Begin fill denser part of Nearfield
 End fill
 Filling Amn                 Delta_CPU=         12.48 Memory(MB)=         65.70


 Now testing preconditioner with
 ipretype =            8
 method = cfie_solve_nfpre_pardiso

  
 NBP>>Begin fill sparser part of Nearfield
 NBP>>Begin fill denser part of Nearfield

201.7857%
 Begin MLFMA Box-Matrix Based Prec Constructor
 --- Intel MKL PARDISO --- 
  >> Solver Initialized
  >> Proceed to ngrp_box loop
  >> Loop 0 Initialized
 Memory for iGRP: 1 0 MB
 Total Memory For NFB Pre: 0 MB
 --- PARDISO PRECONDITIONER INITIALIZED --- 
 Constructing preconditioner CPU time: 0 s
 
 108360
 Memory for Iteration:: 1.65344 MB

 Iseg, Ninc_S : 1, 181, 0

 Iseg, Skeleton Angles: 1, 8
 Iseg, Skel-Pk Mem(MB): 1, 30.96

 Iseg, Irank, Idinc : 1, 1, 36
 Thata, Phi : 90.000000, 35.000000
 Maximun iteration: 300
 Number of recycle truncation: 30
 Final matrix dimension:  3612
 Residual error:0.010000
 0  2.154541e-01
 1  1.125425e-01
 2  4.848643e-02
 3  2.401511e-02
 4  1.174188e-02
 5  5.570748e-03
 Iteration CPU time: 0 s
 CFIE residual: 0.00557075

 Iseg, Irank, Idinc : 1, 2, 136
 Thata, Phi : 90.000000, 135.000000
 Maximun iteration: 300
 Number of recycle truncation: 30
 Final matrix dimension:  3612
 Residual error:0.010000
 0  2.161240e-01
 1  1.127002e-01
 2  4.774610e-02
 3  2.340659e-02
 4  1.117579e-02
 5  5.245452e-03
 Iteration CPU time: 0 s
 CFIE residual: 0.00524545

 Iseg, Irank, Idinc : 1, 3, 1
 Thata, Phi : 90.000000, 0.000000
 Maximun iteration: 300
 Number of recycle truncation: 30
 Final matrix dimension:  3612
 Residual error:0.010000
 0  2.098886e-01
 1  1.101756e-01
 2  4.950278e-02
 3  2.487303e-02
 4  1.206991e-02
 5  5.379728e-03
 Iteration CPU time: 0 s
 CFIE residual: 0.00537973

 Iseg, Irank, Idinc : 1, 4, 87
 Thata, Phi : 90.000000, 86.000000
 Maximun iteration: 300
 Number of recycle truncation: 30
 Final matrix dimension:  3612
 Residual error:0.010000
 0  2.169031e-01
 1  1.146986e-01
 2  5.104216e-02
 3  2.619093e-02
 4  1.263756e-02
 5  5.765350e-03
 Iteration CPU time: 0 s
 CFIE residual: 0.00576535

 Iseg, Irank, Idinc : 1, 5, 181
 Thata, Phi : 90.000000, 180.000000
 Maximun iteration: 300
 Number of recycle truncation: 30
 Final matrix dimension:  3612
 Residual error:0.010000
 0  2.081866e-01
 1  1.077779e-01
 2  4.875951e-02
 3  2.429272e-02
 4  1.124689e-02
 5  5.061945e-03
 Iteration CPU time: 0 s
 CFIE residual: 0.00506194

 Iseg, Irank, Idinc : 1, 6, 160
 Thata, Phi : 90.000000, 159.000000
 Maximun iteration: 300
 Number of recycle truncation: 30
 Final matrix dimension:  3612
 Residual error:0.010000
 0  2.115546e-01
 1  1.098616e-01
 2  4.816273e-02
 3  2.378673e-02
 4  1.128679e-02
 5  5.234024e-03
 Iteration CPU time: 0 s
 CFIE residual: 0.00523402

 Iseg, Irank, Idinc : 1, 7, 62
 Thata, Phi : 90.000000, 61.000000
 Maximun iteration: 300
 Number of recycle truncation: 30
 Final matrix dimension:  3612
 Residual error:0.010000
 0  2.180914e-01
 1  1.139591e-01
 2  4.887063e-02
 3  2.447737e-02
 4  1.195514e-02
 5  5.694301e-03
 Iteration CPU time: 0 s
 CFIE residual: 0.0056943

 Iseg, Irank, Idinc : 1, 8, 14
 Thata, Phi : 90.000000, 13.000000
 Maximun iteration: 300
 Number of recycle truncation: 30
 Final matrix dimension:  3612
 Residual error:0.010000
 0  2.113880e-01
 1  1.110435e-01
 2  4.947810e-02
 3  2.482562e-02
 4  1.208658e-02
 5  5.499837e-03
 Iteration CPU time: 0 s
 CFIE residual: 0.00549984
 Last Built End in Sep 21 2025 00:06:12
 Total CPU time: 2 s
 Finished.
