 Last Built Begin in Sep 21 2025 00:06:12
 Pre-Type( Input ):           10
 Skl-Tol ( Input ):    1.0000000000000001E-005
 Wavelength in freespace: 0.029703

 ################################################
 ##         Generating Required Mesh          ##
 ##         Waiting.....                      ##
 ################################################
 Subd No.      Subd Name
    1    Open-Duct_PRIME_model_meshAA1                                     
 isub,  nnode, npatch,  nedge:
    1      6118     12236     18354
 Scale Factor         >>   1.54999997E-02
 ################################################

 START TIME: 20250922   060212.586


 Informaton for IE geometry:
 number of subdomains     : 1
 maxnode,maxpatch,maxedge : 6118  12236  18354
 
 Index of Mat-Reg: 1
 Mat-Reg Number via MatFlg: 1
 Edge Number of Mat-Reg: 1, 18354

 Number of Edge on PEC: 18354
 Mat-Reg: No Dim(m) Lmax:
    1 0.241    5
 Totlmax, add1, add2:           5           6           7
 rlengmax of Global MLFMA >>   0.24139259057214585     
 Lmax of Global MLFMA >>            5
 Wavenum of Mat-Reg:
    1 1.000

 total area in sq m           =      0.0510
 total area in sq lambda      =     57.7716
 maxnode, maxpatch, maxedge           =     6118    12236    18354
 longest  edge in lambda              =      0.1571
 shortest edge in lambda              =      0.0075
 average  edge in lambda              =      0.1049
 largest  patch area in sq lambda     =      0.0084
 smallest patch area in sq lambda     =      0.0000
 ave    surface area in sq lambda     =      0.0047
 size range of the object in sq lambda =      7.7246

 #### MLFMA Info For Each Region ####
 Mat-Region =            1
 Array dimension parameters:
 maxrule=          14   maxgrid  =          64
 lmax   =           5   ncmax    =        1250
 lsmax  =          27   lsmin    =           7
 kpm    =        1462   kp0      =         102
 ntlm   =      217096   nsm      =      232158
 nkpm   =        2284   niplm    =      146176
 ngnearm=       14257   ngsndm   =       64634
 nearm  =         333   mfinestm =         119
 ###############################

 CFIE Alpha:  0.50000000000000000     

 Fill MLFMA FI for Mat-Reg:           1
 Begin filltl.f
 fill translation matrix
 Level:            2
 fill shifting matrix
 Level:            3
 fill shifting matrix
 Level:            4
 fill shifting matrix
 Level:            5
 fill shifting matrix
 translator time(s):  0.118000008    
 fill interpolation matrix
 ThetaOrder            8
 PhiOrder            8
 lsl            7
 Filling TL                  Delta_CPU=          0.55 Memory(MB)=        653.98
 Filling sndgrp              Delta_CPU=          0.00 Memory(MB)=        653.98
 Filling VFS                 Delta_CPU=          3.11 Memory(MB)=        653.98

 Fill MLFMA NI for Mat-Reg:           1
 Begin fill sparser part of Nearfield
 Begin fill denser part of Nearfield
 End fill
 Filling Amn                 Delta_CPU=         89.54 Memory(MB)=        653.98


 Now testing preconditioner with
 ipretype =           10
 method = cfie_solve_nfrasspspre_pardiso

  
 NBP>>Begin fill sparser part of Nearfield

116.5453% NBP>>Begin fill denser part of Nearfield

200.1041%
 Begin MLFMA Box-Matrix Based Spar-RAS Prec Constructor
 --- Intel MKL PARDISO --- 
 Memory for iGroup: 1 0 MB
 Total Memory For SparRAS Pre: 0 MB
 --- PARDISO PRECONDITIONER INITIALIZED --- 
 Constructing preconditioner CPU time: 4 s
 
 1101240
 Memory for Iteration:: 16.8036 MB

 Iseg, Ninc_S : 1, 181, 0

 Iseg, Skeleton Angles: 1, 40
 Iseg, Skel-Pk Mem(MB): 1, 314.35

 Iseg, Irank, Idinc : 1, 1, 42
 Thata, Phi : 90.000000, 41.000000
 Maximun iteration: 300
 Number of recycle truncation: 30
 Final matrix dimension:  36708
 Residual error:0.001000
 0  6.315664e-01
 1  3.149903e-01
 2  1.986955e-01
 3  1.276809e-01
 4  8.766226e-02
 5  6.466438e-02
 6  4.818768e-02
 7  3.701625e-02
 8  2.818788e-02
 9  2.109591e-02
 10  1.586867e-02
 11  1.255492e-02
 12  9.918690e-03
 13  7.995679e-03
 14  6.498829e-03
 15  5.077003e-03
 16  4.119171e-03
 17  3.365578e-03
 18  2.686963e-03
 19  2.183615e-03
 20  1.734307e-03
 21  1.384496e-03
 22  1.114597e-03
 23  9.259403e-04
 Iteration CPU time: 5 s
 CFIE residual: 0.00092594

 Iseg, Irank, Idinc : 1, 2, 22
 Thata, Phi : 90.000000, 21.000000
 Maximun iteration: 300
 Number of recycle truncation: 30
 Final matrix dimension:  36708
 Residual error:0.001000
 0  6.245647e-01
 1  2.933426e-01
 2  1.704226e-01
 3  1.142339e-01
 4  7.962408e-02
 5  5.897474e-02
 6  4.486161e-02
 7  3.463924e-02
 8  2.782255e-02
 9  2.226471e-02
 10  1.762290e-02
 11  1.381295e-02
 12  1.133705e-02
 13  9.096047e-03
 14  7.749367e-03
 15  6.226903e-03
 16  5.077737e-03
 17  4.231289e-03
 18  3.532925e-03
 19  2.993903e-03
 20  2.474663e-03
 21  1.946050e-03
 22  1.577312e-03
 23  1.308563e-03
 24  1.085194e-03
 25  8.981793e-04
 Iteration CPU time: 6 s
 CFIE residual: 0.000898179

 Iseg, Irank, Idinc : 1, 3, 109
 Thata, Phi : 90.000000, 108.000000
 Maximun iteration: 300
 Number of recycle truncation: 30
 Final matrix dimension:  36708
 Residual error:0.001000
 0  6.244005e-01
 1  3.529325e-01
 2  2.200024e-01
 3  1.510031e-01
 4  1.058748e-01
 5  7.974337e-02
 6  6.106908e-02
 7  4.764796e-02
 8  3.831567e-02
 9  3.009511e-02
 10  2.375503e-02
 11  1.915632e-02
 12  1.561251e-02
 13  1.277476e-02
 14  1.047352e-02
 15  8.447964e-03
 16  6.990279e-03
 17  5.714999e-03
 18  4.589488e-03
 19  3.824276e-03
 20  3.118683e-03
 21  2.481854e-03
 22  2.004296e-03
 23  1.639415e-03
 24  1.348067e-03
 25  1.114069e-03
 26  9.348526e-04
 Iteration CPU time: 6 s
 CFIE residual: 0.000934853

 Iseg, Irank, Idinc : 1, 4, 64
 Thata, Phi : 90.000000, 63.000000
 Maximun iteration: 300
 Number of recycle truncation: 30
 Final matrix dimension:  36708
 Residual error:0.001000
 0  6.592213e-01
 1  3.590839e-01
 2  2.242291e-01
 3  1.442125e-01
 4  1.024779e-01
 5  7.857409e-02
 6  5.885223e-02
 7  4.639957e-02
 8  3.720687e-02
 9  2.906808e-02
 10  2.239892e-02
 11  1.719855e-02
 12  1.371031e-02
 13  1.085756e-02
 14  8.688031e-03
 15  7.059026e-03
 16  5.585440e-03
 17  4.645123e-03
 18  3.725197e-03
 19  3.040090e-03
 20  2.527119e-03
 21  2.106481e-03
 22  1.703053e-03
 23  1.442077e-03
 24  1.255691e-03
 25  1.119671e-03
 26  1.010120e-03
 27  9.359460e-04
 Iteration CPU time: 6 s
 CFIE residual: 0.000935946

 Iseg, Irank, Idinc : 1, 5, 147
 Thata, Phi : 90.000000, 146.000000
 Maximun iteration: 300
 Number of recycle truncation: 30
 Final matrix dimension:  36708
 Residual error:0.001000
 0  6.538606e-01
 1  3.446066e-01
 2  2.099434e-01
 3  1.412767e-01
 4  1.022788e-01
 5  7.757108e-02
 6  6.102662e-02
 7  4.758646e-02
 8  3.963722e-02
 9  3.415874e-02
 10  2.885691e-02
 11  2.455649e-02
 12  2.066509e-02
 13  1.710274e-02
 14  1.418024e-02
 15  1.166139e-02
 16  9.489544e-03
 17  7.719646e-03
 18  6.281866e-03
 19  5.067922e-03
 20  4.014033e-03
 21  3.207500e-03
 22  2.623523e-03
 23  2.145062e-03
 24  1.748015e-03
 25  1.349131e-03
 26  1.055090e-03
 27  8.107919e-04
 Iteration CPU time: 6 s
 CFIE residual: 0.000810792

 Iseg, Irank, Idinc : 1, 6, 136
 Thata, Phi : 90.000000, 135.000000
 Maximun iteration: 300
 Number of recycle truncation: 30
 Final matrix dimension:  36708
 Residual error:0.001000
 0  6.985010e-01
 1  3.525605e-01
 2  2.199651e-01
 3  1.490198e-01
 4  1.082452e-01
 5  8.135051e-02
 6  6.177724e-02
 7  4.879482e-02
 8  3.882505e-02
 9  3.204690e-02
 10  2.594660e-02
 11  2.083841e-02
 12  1.712415e-02
 13  1.400624e-02
 14  1.126090e-02
 15  9.229629e-03
 16  7.413609e-03
 17  6.062061e-03
 18  4.933484e-03
 19  3.978803e-03
 20  3.255409e-03
 21  2.670151e-03
 22  2.242922e-03
 23  1.874948e-03
 24  1.583266e-03
 25  1.355334e-03
 26  1.148395e-03
 27  9.847769e-04
 Iteration CPU time: 6 s
 CFIE residual: 0.000984777

 Iseg, Irank, Idinc : 1, 7, 88
 Thata, Phi : 90.000000, 87.000000
 Maximun iteration: 300
 Number of recycle truncation: 30
 Final matrix dimension:  36708
 Residual error:0.001000
 0  6.099440e-01
 1  3.472296e-01
 2  2.221469e-01
 3  1.521430e-01
 4  1.096008e-01
 5  8.364629e-02
 6  6.420519e-02
 7  5.072406e-02
 8  4.125748e-02
 9  3.267443e-02
 10  2.575801e-02
 11  2.042744e-02
 12  1.700777e-02
 13  1.397334e-02
 14  1.139031e-02
 15  8.964863e-03
 16  7.272644e-03
 17  5.901108e-03
 18  4.809304e-03
 19  3.932455e-03
 20  3.293664e-03
 21  2.722172e-03
 22  2.314816e-03
 23  1.983595e-03
 24  1.715744e-03
 25  1.506536e-03
 26  1.333712e-03
 27  1.217790e-03
 28  1.134521e-03
 29  1.072305e-03
 30  1.029340e-03
 31  1.003537e-03
 32  9.758279e-04
 Iteration CPU time: 8 s
 CFIE residual: 0.000975828

 Iseg, Irank, Idinc : 1, 8, 74
 Thata, Phi : 90.000000, 73.000000
 Maximun iteration: 300
 Number of recycle truncation: 30
 Final matrix dimension:  36708
 Residual error:0.001000
 0  6.335621e-01
 1  3.621237e-01
 2  2.353023e-01
 3  1.473550e-01
 4  1.028353e-01
 5  7.871308e-02
 6  6.149184e-02
 7  4.693820e-02
 8  3.746005e-02
 9  2.986071e-02
 10  2.421885e-02
 11  1.927715e-02
 12  1.539062e-02
 13  1.237192e-02
 14  1.012274e-02
 15  8.187503e-03
 16  6.626528e-03
 17  5.510323e-03
 18  4.496057e-03
 19  3.801089e-03
 20  3.162302e-03
 21  2.610530e-03
 22  2.166384e-03
 23  1.813770e-03
 24  1.557596e-03
 25  1.392186e-03
 26  1.257075e-03
 27  1.168731e-03
 28  1.098026e-03
 29  1.053065e-03
 30  1.022888e-03
 31  9.968428e-04
 Iteration CPU time: 7 s
 CFIE residual: 0.000996843

 Iseg, Irank, Idinc : 1, 9, 159
 Thata, Phi : 90.000000, 158.000000
 Maximun iteration: 300
 Number of recycle truncation: 30
 Final matrix dimension:  36708
 Residual error:0.001000
 0  6.156867e-01
 1  3.138226e-01
 2  1.913003e-01
 3  1.293962e-01
 4  9.811204e-02
 5  7.774316e-02
 6  6.255366e-02
 7  5.098889e-02
 8  4.303602e-02
 9  3.670689e-02
 10  3.125764e-02
 11  2.654665e-02
 12  2.274152e-02
 13  1.906065e-02
 14  1.551363e-02
 15  1.296866e-02
 16  1.064894e-02
 17  8.744653e-03
 18  7.212986e-03
 19  5.779923e-03
 20  4.732610e-03
 21  3.794990e-03
 22  3.101691e-03
 23  2.501059e-03
 24  2.003702e-03
 25  1.594280e-03
 26  1.244796e-03
 27  9.825168e-04
 Iteration CPU time: 6 s
 CFIE residual: 0.000982517

 Iseg, Irank, Idinc : 1, 10, 124
 Thata, Phi : 90.000000, 123.000000
 Maximun iteration: 300
 Number of recycle truncation: 30
 Final matrix dimension:  36708
 Residual error:0.001000
 0  6.543769e-01
 1  3.410084e-01
 2  2.227760e-01
 3  1.565725e-01
 4  1.122588e-01
 5  8.286123e-02
 6  6.517729e-02
 7  5.082087e-02
 8  3.979356e-02
 9  3.209781e-02
 10  2.484004e-02
 11  1.984431e-02
 12  1.554809e-02
 13  1.234952e-02
 14  1.000002e-02
 15  8.250702e-03
 16  6.778233e-03
 17  5.690964e-03
 18  4.587888e-03
 19  3.818062e-03
 20  3.229778e-03
 21  2.718251e-03
 22  2.289234e-03
 23  1.953784e-03
 24  1.657631e-03
 25  1.386961e-03
 26  1.164660e-03
 27  9.944332e-04
 Iteration CPU time: 7 s
 CFIE residual: 0.000994433

 Iseg, Irank, Idinc : 1, 11, 53
 Thata, Phi : 90.000000, 52.000000
 Maximun iteration: 300
 Number of recycle truncation: 30
 Final matrix dimension:  36708
 Residual error:0.001000
 0  6.523368e-01
 1  3.415905e-01
 2  2.096149e-01
 3  1.346027e-01
 4  9.614380e-02
 5  7.255181e-02
 6  5.562518e-02
 7  4.316609e-02
 8  3.289474e-02
 9  2.495372e-02
 10  1.919428e-02
 11  1.477875e-02
 12  1.151455e-02
 13  9.072504e-03
 14  7.472200e-03
 15  5.982732e-03
 16  4.752669e-03
 17  3.734662e-03
 18  2.913567e-03
 19  2.308960e-03
 20  1.858105e-03
 21  1.511471e-03
 22  1.220311e-03
 23  1.025787e-03
 24  8.813263e-04
 Iteration CPU time: 5 s
 CFIE residual: 0.000881326

 Iseg, Irank, Idinc : 1, 12, 32
 Thata, Phi : 90.000000, 31.000000
 Maximun iteration: 300
 Number of recycle truncation: 30
 Final matrix dimension:  36708
 Residual error:0.001000
 0  6.340344e-01
 1  3.064717e-01
 2  1.811444e-01
 3  1.134936e-01
 4  7.989758e-02
 5  5.857007e-02
 6  4.278517e-02
 7  3.261539e-02
 8  2.573070e-02
 9  2.010111e-02
 10  1.609736e-02
 11  1.318358e-02
 12  1.053196e-02
 13  8.349459e-03
 14  6.942773e-03
 15  5.477336e-03
 16  4.503164e-03
 17  3.650397e-03
 18  3.029808e-03
 19  2.559325e-03
 20  2.111571e-03
 21  1.693378e-03
 22  1.376893e-03
 23  1.136711e-03
 24  9.325843e-04
 Iteration CPU time: 6 s
 CFIE residual: 0.000932584

 Iseg, Irank, Idinc : 1, 13, 10
 Thata, Phi : 90.000000, 9.000000
 Maximun iteration: 300
 Number of recycle truncation: 30
 Final matrix dimension:  36708
 Residual error:0.001000
 0  5.462958e-01
 1  2.768542e-01
 2  1.755633e-01
 3  1.238375e-01
 4  8.958382e-02
 5  6.678093e-02
 6  5.125858e-02
 7  3.969308e-02
 8  3.115050e-02
 9  2.426943e-02
 10  1.880263e-02
 11  1.496712e-02
 12  1.213620e-02
 13  9.886724e-03
 14  7.904221e-03
 15  6.197593e-03
 16  5.093398e-03
 17  4.276240e-03
 18  3.578591e-03
 19  3.066210e-03
 20  2.602544e-03
 21  2.175108e-03
 22  1.811913e-03
 23  1.524110e-03
 24  1.294215e-03
 25  1.082815e-03
 26  9.305133e-04
 Iteration CPU time: 6 s
 CFIE residual: 0.000930513

 Iseg, Irank, Idinc : 1, 14, 178
 Thata, Phi : 90.000000, 177.000000
 Maximun iteration: 300
 Number of recycle truncation: 30
 Final matrix dimension:  36708
 Residual error:0.001000
 0  5.781959e-01
 1  2.987794e-01
 2  1.876118e-01
 3  1.322877e-01
 4  1.024731e-01
 5  8.046678e-02
 6  6.447559e-02
 7  5.461019e-02
 8  4.495987e-02
 9  3.584673e-02
 10  2.887093e-02
 11  2.376339e-02
 12  1.918404e-02
 13  1.620179e-02
 14  1.286197e-02
 15  1.033322e-02
 16  8.344707e-03
 17  6.716725e-03
 18  5.461346e-03
 19  4.492564e-03
 20  3.682856e-03
 21  3.069524e-03
 22  2.545765e-03
 23  2.124504e-03
 24  1.788434e-03
 25  1.491281e-03
 26  1.216358e-03
 27  1.003524e-03
 28  8.234904e-04
 Iteration CPU time: 6 s
 CFIE residual: 0.00082349

 Iseg, Irank, Idinc : 1, 15, 97
 Thata, Phi : 90.000000, 96.000000
 Maximun iteration: 300
 Number of recycle truncation: 30
 Final matrix dimension:  36708
 Residual error:0.001000
 0  6.079663e-01
 1  3.455224e-01
 2  2.177340e-01
 3  1.454743e-01
 4  1.042349e-01
 5  7.916200e-02
 6  6.168600e-02
 7  4.924913e-02
 8  3.882926e-02
 9  3.063847e-02
 10  2.506014e-02
 11  2.049079e-02
 12  1.657612e-02
 13  1.368919e-02
 14  1.114415e-02
 15  9.161310e-03
 16  7.539916e-03
 17  6.240715e-03
 18  5.155992e-03
 19  4.122681e-03
 20  3.341525e-03
 21  2.701438e-03
 22  2.237201e-03
 23  1.853129e-03
 24  1.600238e-03
 25  1.385145e-03
 26  1.210608e-03
 27  1.096808e-03
 28  1.017158e-03
 29  9.600485e-04
 Iteration CPU time: 6 s
 CFIE residual: 0.000960049

 Iseg, Irank, Idinc : 1, 16, 81
 Thata, Phi : 90.000000, 80.000000
 Maximun iteration: 300
 Number of recycle truncation: 30
 Final matrix dimension:  36708
 Residual error:0.001000
 0  6.156779e-01
 1  3.517172e-01
 2  2.265506e-01
 3  1.490532e-01
 4  1.080504e-01
 5  8.233639e-02
 6  6.347633e-02
 7  4.996448e-02
 8  4.037913e-02
 9  3.174482e-02
 10  2.469343e-02
 11  1.912987e-02
 12  1.574126e-02
 13  1.282087e-02
 14  1.061742e-02
 15  8.554949e-03
 16  7.025414e-03
 17  5.755425e-03
 18  4.671523e-03
 19  3.841900e-03
 20  3.173575e-03
 21  2.633994e-03
 22  2.225037e-03
 23  1.920692e-03
 24  1.666663e-03
 25  1.494724e-03
 26  1.332103e-03
 27  1.236850e-03
 28  1.146791e-03
 29  1.090229e-03
 30  1.047639e-03
 31  1.017072e-03
 32  9.928590e-04
 Iteration CPU time: 8 s
 CFIE residual: 0.000992859

 Iseg, Irank, Idinc : 1, 17, 116
 Thata, Phi : 90.000000, 115.000000
 Maximun iteration: 300
 Number of recycle truncation: 30
 Final matrix dimension:  36708
 Residual error:0.001000
 0  6.449712e-01
 1  3.483030e-01
 2  2.174788e-01
 3  1.519385e-01
 4  1.086521e-01
 5  7.940851e-02
 6  6.133244e-02
 7  4.787888e-02
 8  3.808632e-02
 9  2.994009e-02
 10  2.382386e-02
 11  1.872343e-02
 12  1.493525e-02
 13  1.227916e-02
 14  9.968357e-03
 15  8.153837e-03
 16  6.747993e-03
 17  5.484291e-03
 18  4.406557e-03
 19  3.752489e-03
 20  3.059972e-03
 21  2.485271e-03
 22  2.073856e-03
 23  1.704240e-03
 24  1.382303e-03
 25  1.107191e-03
 26  9.313764e-04
 Iteration CPU time: 6 s
 CFIE residual: 0.000931376

 Iseg, Irank, Idinc : 1, 18, 1
 Thata, Phi : 90.000000, 0.000000
 Maximun iteration: 300
 Number of recycle truncation: 30
 Final matrix dimension:  36708
 Residual error:0.001000
 0  5.160976e-01
 1  2.704343e-01
 2  1.754440e-01
 3  1.214818e-01
 4  8.634795e-02
 5  6.574207e-02
 6  5.118977e-02
 7  3.779249e-02
 8  2.859130e-02
 9  2.291985e-02
 10  1.827805e-02
 11  1.484848e-02
 12  1.132429e-02
 13  9.032061e-03
 14  7.225989e-03
 15  5.861822e-03
 16  4.793942e-03
 17  3.996326e-03
 18  3.355089e-03
 19  2.881167e-03
 20  2.459068e-03
 21  2.077498e-03
 22  1.738789e-03
 23  1.413700e-03
 24  1.104995e-03
 25  8.794617e-04
 Iteration CPU time: 6 s
 CFIE residual: 0.000879462

 Iseg, Irank, Idinc : 1, 19, 167
 Thata, Phi : 90.000000, 166.000000
 Maximun iteration: 300
 Number of recycle truncation: 30
 Final matrix dimension:  36708
 Residual error:0.001000
 0  5.888044e-01
 1  3.008852e-01
 2  1.866417e-01
 3  1.313201e-01
 4  1.021845e-01
 5  8.068992e-02
 6  6.567070e-02
 7  5.450568e-02
 8  4.540604e-02
 9  3.827851e-02
 10  3.241098e-02
 11  2.733382e-02
 12  2.343376e-02
 13  1.984372e-02
 14  1.650095e-02
 15  1.357514e-02
 16  1.107334e-02
 17  9.206079e-03
 18  7.560979e-03
 19  6.125224e-03
 20  4.934244e-03
 21  3.969519e-03
 22  3.280878e-03
 23  2.672326e-03
 24  2.177308e-03
 25  1.751468e-03
 26  1.400246e-03
 27  1.105526e-03
 28  8.902287e-04
 Iteration CPU time: 6 s
 CFIE residual: 0.000890229

 Iseg, Irank, Idinc : 1, 20, 103
 Thata, Phi : 90.000000, 102.000000
 Maximun iteration: 300
 Number of recycle truncation: 30
 Final matrix dimension:  36708
 Residual error:0.001000
 0  6.113281e-01
 1  3.476882e-01
 2  2.170978e-01
 3  1.482431e-01
 4  1.045705e-01
 5  7.863032e-02
 6  5.994948e-02
 7  4.741697e-02
 8  3.788712e-02
 9  3.060835e-02
 10  2.491690e-02
 11  2.028136e-02
 12  1.638024e-02
 13  1.344728e-02
 14  1.098987e-02
 15  8.991945e-03
 16  7.386244e-03
 17  6.081534e-03
 18  4.921878e-03
 19  4.021703e-03
 20  3.267300e-03
 21  2.643922e-03
 22  2.199517e-03
 23  1.804942e-03
 24  1.525798e-03
 25  1.300129e-03
 26  1.110115e-03
 27  9.916358e-04
 Iteration CPU time: 7 s
 CFIE residual: 0.000991636

 Iseg, Irank, Idinc : 1, 21, 153
 Thata, Phi : 90.000000, 152.000000
 Maximun iteration: 300
 Number of recycle truncation: 30
 Final matrix dimension:  36708
 Residual error:0.001000
 0  6.334922e-01
 1  3.288930e-01
 2  2.022021e-01
 3  1.341958e-01
 4  9.936552e-02
 5  7.744801e-02
 6  6.091361e-02
 7  4.872268e-02
 8  4.075793e-02
 9  3.467800e-02
 10  2.937398e-02
 11  2.456217e-02
 12  2.111396e-02
 13  1.767622e-02
 14  1.428743e-02
 15  1.172540e-02
 16  9.569468e-03
 17  7.936049e-03
 18  6.549429e-03
 19  5.322975e-03
 20  4.318802e-03
 21  3.490388e-03
 22  2.821374e-03
 23  2.318798e-03
 24  1.846550e-03
 25  1.417573e-03
 26  1.128017e-03
 27  8.634594e-04
 Iteration CPU time: 6 s
 CFIE residual: 0.000863459

 Iseg, Irank, Idinc : 1, 22, 16
 Thata, Phi : 90.000000, 15.000000
 Maximun iteration: 300
 Number of recycle truncation: 30
 Final matrix dimension:  36708
 Residual error:0.001000
 0  5.859490e-01
 1  2.845806e-01
 2  1.739977e-01
 3  1.204137e-01
 4  8.556794e-02
 5  6.364499e-02
 6  4.983266e-02
 7  3.836231e-02
 8  3.014368e-02
 9  2.421660e-02
 10  1.921673e-02
 11  1.501520e-02
 12  1.185752e-02
 13  9.498632e-03
 14  7.906265e-03
 15  6.316089e-03
 16  5.175005e-03
 17  4.318862e-03
 18  3.620875e-03
 19  3.076980e-03
 20  2.535200e-03
 21  2.044173e-03
 22  1.691313e-03
 23  1.411916e-03
 24  1.190683e-03
 25  9.982182e-04
 Iteration CPU time: 6 s
 CFIE residual: 0.000998218

 Iseg, Irank, Idinc : 1, 23, 173
 Thata, Phi : 90.000000, 172.000000
 Maximun iteration: 300
 Number of recycle truncation: 30
 Final matrix dimension:  36708
 Residual error:0.001000
 0  5.803506e-01
 1  2.988169e-01
 2  1.880489e-01
 3  1.331470e-01
 4  1.038845e-01
 5  8.210112e-02
 6  6.599685e-02
 7  5.585466e-02
 8  4.622771e-02
 9  3.783588e-02
 10  3.149633e-02
 11  2.660234e-02
 12  2.193058e-02
 13  1.872955e-02
 14  1.532881e-02
 15  1.276442e-02
 16  1.043754e-02
 17  8.416491e-03
 18  6.835871e-03
 19  5.542606e-03
 20  4.487830e-03
 21  3.678736e-03
 22  3.091864e-03
 23  2.591108e-03
 24  2.141460e-03
 25  1.749551e-03
 26  1.432183e-03
 27  1.165701e-03
 28  9.520368e-04
 Iteration CPU time: 7 s
 CFIE residual: 0.000952037

 Iseg, Irank, Idinc : 1, 24, 59
 Thata, Phi : 90.000000, 58.000000
 Maximun iteration: 300
 Number of recycle truncation: 30
 Final matrix dimension:  36708
 Residual error:0.001000
 0  6.611425e-01
 1  3.473540e-01
 2  2.143182e-01
 3  1.346177e-01
 4  9.607842e-02
 5  7.237434e-02
 6  5.493307e-02
 7  4.270413e-02
 8  3.361522e-02
 9  2.613630e-02
 10  2.013641e-02
 11  1.548890e-02
 12  1.202459e-02
 13  9.268387e-03
 14  7.466464e-03
 15  5.929864e-03
 16  4.784300e-03
 17  3.911092e-03
 18  3.077580e-03
 19  2.554471e-03
 20  2.175464e-03
 21  1.793581e-03
 22  1.465270e-03
 23  1.239415e-03
 24  1.068645e-03
 25  9.540119e-04
 Iteration CPU time: 6 s
 CFIE residual: 0.000954012

 Iseg, Irank, Idinc : 1, 25, 5
 Thata, Phi : 90.000000, 4.000000
 Maximun iteration: 300
 Number of recycle truncation: 30
 Final matrix dimension:  36708
 Residual error:0.001000
 0  5.227364e-01
 1  2.719830e-01
 2  1.754151e-01
 3  1.223423e-01
 4  8.774683e-02
 5  6.635602e-02
 6  5.096001e-02
 7  3.802965e-02
 8  2.935509e-02
 9  2.354361e-02
 10  1.860442e-02
 11  1.492673e-02
 12  1.193717e-02
 13  9.720333e-03
 14  7.822438e-03
 15  6.204305e-03
 16  5.100073e-03
 17  4.299620e-03
 18  3.580675e-03
 19  3.052630e-03
 20  2.625000e-03
 21  2.248362e-03
 22  1.874978e-03
 23  1.554848e-03
 24  1.286550e-03
 25  1.061741e-03
 26  8.777958e-04
 Iteration CPU time: 6 s
 CFIE residual: 0.000877796

 Iseg, Irank, Idinc : 1, 26, 181
 Thata, Phi : 90.000000, 180.000000
 Maximun iteration: 300
 Number of recycle truncation: 30
 Final matrix dimension:  36708
 Residual error:0.001000
 0  5.778198e-01
 1  2.987700e-01
 2  1.874417e-01
 3  1.319695e-01
 4  1.018995e-01
 5  7.964026e-02
 6  6.379988e-02
 7  5.405302e-02
 8  4.444773e-02
 9  3.531512e-02
 10  2.795576e-02
 11  2.237693e-02
 12  1.841292e-02
 13  1.467832e-02
 14  1.179146e-02
 15  9.084819e-03
 16  7.086606e-03
 17  5.737981e-03
 18  4.739706e-03
 19  3.872106e-03
 20  3.218909e-03
 21  2.656251e-03
 22  2.197893e-03
 23  1.806844e-03
 24  1.503571e-03
 25  1.217687e-03
 26  9.914434e-04
 Iteration CPU time: 6 s
 CFIE residual: 0.000991443

 Iseg, Irank, Idinc : 1, 27, 130
 Thata, Phi : 90.000000, 129.000000
 Maximun iteration: 300
 Number of recycle truncation: 30
 Final matrix dimension:  36708
 Residual error:0.001000
 0  6.743611e-01
 1  3.515522e-01
 2  2.251032e-01
 3  1.539833e-01
 4  1.108322e-01
 5  8.299682e-02
 6  6.384317e-02
 7  5.008006e-02
 8  3.934033e-02
 9  3.207532e-02
 10  2.556364e-02
 11  2.005841e-02
 12  1.562293e-02
 13  1.276485e-02
 14  1.046075e-02
 15  8.429797e-03
 16  6.709420e-03
 17  5.448584e-03
 18  4.547710e-03
 19  3.724550e-03
 20  3.035073e-03
 21  2.498623e-03
 22  2.105209e-03
 23  1.758298e-03
 24  1.503189e-03
 25  1.282340e-03
 26  1.087762e-03
 27  9.419063e-04
 Iteration CPU time: 6 s
 CFIE residual: 0.000941906

 Iseg, Irank, Idinc : 1, 28, 37
 Thata, Phi : 90.000000, 36.000000
 Maximun iteration: 300
 Number of recycle truncation: 30
 Final matrix dimension:  36708
 Residual error:0.001000
 0  6.247844e-01
 1  3.117924e-01
 2  1.913518e-01
 3  1.209136e-01
 4  8.319597e-02
 5  6.094276e-02
 6  4.449588e-02
 7  3.416036e-02
 8  2.650908e-02
 9  2.031215e-02
 10  1.573972e-02
 11  1.274964e-02
 12  1.019822e-02
 13  8.193192e-03
 14  6.642312e-03
 15  5.161983e-03
 16  4.242394e-03
 17  3.432289e-03
 18  2.786234e-03
 19  2.323366e-03
 20  1.890094e-03
 21  1.524558e-03
 22  1.229529e-03
 23  1.013608e-03
 24  8.313238e-04
 Iteration CPU time: 6 s
 CFIE residual: 0.000831324

 Iseg, Irank, Idinc : 1, 29, 69
 Thata, Phi : 90.000000, 68.000000
 Maximun iteration: 300
 Number of recycle truncation: 30
 Final matrix dimension:  36708
 Residual error:0.001000
 0  6.493698e-01
 1  3.663855e-01
 2  2.339929e-01
 3  1.496202e-01
 4  1.062363e-01
 5  8.179021e-02
 6  6.167357e-02
 7  4.885337e-02
 8  3.946442e-02
 9  3.089577e-02
 10  2.413540e-02
 11  1.893813e-02
 12  1.511097e-02
 13  1.208613e-02
 14  9.729576e-03
 15  7.811762e-03
 16  6.246999e-03
 17  5.205507e-03
 18  4.213851e-03
 19  3.474998e-03
 20  2.867095e-03
 21  2.367708e-03
 22  1.952103e-03
 23  1.642079e-03
 24  1.420497e-03
 25  1.273101e-03
 26  1.156460e-03
 27  1.069668e-03
 28  1.013074e-03
 29  9.819363e-04
 Iteration CPU time: 7 s
 CFIE residual: 0.000981936

 Iseg, Irank, Idinc : 1, 30, 142
 Thata, Phi : 90.000000, 141.000000
 Maximun iteration: 300
 Number of recycle truncation: 30
 Final matrix dimension:  36708
 Residual error:0.001000
 0  6.833820e-01
 1  3.491616e-01
 2  2.115379e-01
 3  1.440324e-01
 4  1.053670e-01
 5  7.869008e-02
 6  6.104071e-02
 7  4.780749e-02
 8  3.925356e-02
 9  3.343975e-02
 10  2.772742e-02
 11  2.334904e-02
 12  1.973359e-02
 13  1.617939e-02
 14  1.333747e-02
 15  1.071456e-02
 16  8.685701e-03
 17  7.126676e-03
 18  5.840712e-03
 19  4.618695e-03
 20  3.639324e-03
 21  2.923667e-03
 22  2.412714e-03
 23  1.998243e-03
 24  1.658153e-03
 25  1.345372e-03
 26  1.093300e-03
 27  8.915344e-04
 Iteration CPU time: 6 s
 CFIE residual: 0.000891534

 Iseg, Irank, Idinc : 1, 31, 27
 Thata, Phi : 90.000000, 26.000000
 Maximun iteration: 300
 Number of recycle truncation: 30
 Final matrix dimension:  36708
 Residual error:0.001000
 0  6.403522e-01
 1  2.998480e-01
 2  1.722534e-01
 3  1.110757e-01
 4  7.735794e-02
 5  5.693569e-02
 6  4.204542e-02
 7  3.198803e-02
 8  2.583636e-02
 9  2.075525e-02
 10  1.695766e-02
 11  1.373059e-02
 12  1.112461e-02
 13  8.995999e-03
 14  7.489852e-03
 15  6.003721e-03
 16  4.937379e-03
 17  4.056448e-03
 18  3.406561e-03
 19  2.874455e-03
 20  2.377863e-03
 21  1.862657e-03
 22  1.506515e-03
 23  1.242370e-03
 24  1.021901e-03
 25  8.231238e-04
 Iteration CPU time: 6 s
 CFIE residual: 0.000823124

 Iseg, Irank, Idinc : 1, 32, 92
 Thata, Phi : 90.000000, 91.000000
 Maximun iteration: 300
 Number of recycle truncation: 30
 Final matrix dimension:  36708
 Residual error:0.001000
 0  6.069725e-01
 1  3.470675e-01
 2  2.204889e-01
 3  1.493559e-01
 4  1.063898e-01
 5  8.184201e-02
 6  6.362628e-02
 7  5.017887e-02
 8  4.063650e-02
 9  3.227780e-02
 10  2.567009e-02
 11  2.045943e-02
 12  1.704824e-02
 13  1.430201e-02
 14  1.184474e-02
 15  9.393236e-03
 16  7.664653e-03
 17  6.186441e-03
 18  5.061282e-03
 19  4.120310e-03
 20  3.404907e-03
 21  2.805256e-03
 22  2.351316e-03
 23  1.996122e-03
 24  1.742358e-03
 25  1.506635e-03
 26  1.318605e-03
 27  1.201528e-03
 28  1.121138e-03
 29  1.058437e-03
 30  1.006892e-03
 31  9.766125e-04
 Iteration CPU time: 7 s
 CFIE residual: 0.000976612

 Iseg, Irank, Idinc : 1, 33, 163
 Thata, Phi : 90.000000, 162.000000
 Maximun iteration: 300
 Number of recycle truncation: 30
 Final matrix dimension:  36708
 Residual error:0.001000
 0  6.009025e-01
 1  3.059408e-01
 2  1.868287e-01
 3  1.292904e-01
 4  9.947762e-02
 5  7.897271e-02
 6  6.446714e-02
 7  5.239277e-02
 8  4.402015e-02
 9  3.782745e-02
 10  3.247585e-02
 11  2.740376e-02
 12  2.319457e-02
 13  1.969308e-02
 14  1.653568e-02
 15  1.363431e-02
 16  1.111254e-02
 17  9.096474e-03
 18  7.473777e-03
 19  6.064979e-03
 20  4.894007e-03
 21  3.917703e-03
 22  3.195868e-03
 23  2.582522e-03
 24  2.111363e-03
 25  1.673065e-03
 26  1.335875e-03
 27  1.045610e-03
 28  8.378111e-04
 Iteration CPU time: 7 s
 CFIE residual: 0.000837811

 Iseg, Irank, Idinc : 1, 34, 3
 Thata, Phi : 90.000000, 2.000000
 Maximun iteration: 300
 Number of recycle truncation: 30
 Final matrix dimension:  36708
 Residual error:0.001000
 0  5.178031e-01
 1  2.708467e-01
 2  1.754368e-01
 3  1.217235e-01
 4  8.676340e-02
 5  6.595237e-02
 6  5.109857e-02
 7  3.778866e-02
 8  2.866853e-02
 9  2.309141e-02
 10  1.849562e-02
 11  1.491808e-02
 12  1.161042e-02
 13  9.321570e-03
 14  7.530429e-03
 15  6.107068e-03
 16  5.019763e-03
 17  4.224716e-03
 18  3.526443e-03
 19  3.006983e-03
 20  2.583837e-03
 21  2.221005e-03
 22  1.860576e-03
 23  1.537577e-03
 24  1.257624e-03
 25  1.023869e-03
 26  8.315896e-04
 Iteration CPU time: 6 s
 CFIE residual: 0.00083159

 Iseg, Irank, Idinc : 1, 35, 48
 Thata, Phi : 90.000000, 47.000000
 Maximun iteration: 300
 Number of recycle truncation: 30
 Final matrix dimension:  36708
 Residual error:0.001000
 0  6.407905e-01
 1  3.301531e-01
 2  2.044493e-01
 3  1.337423e-01
 4  9.544710e-02
 5  7.283036e-02
 6  5.469695e-02
 7  4.183389e-02
 8  3.220054e-02
 9  2.444031e-02
 10  1.838536e-02
 11  1.422650e-02
 12  1.107938e-02
 13  8.896149e-03
 14  7.308503e-03
 15  5.838723e-03
 16  4.573404e-03
 17  3.657003e-03
 18  2.848849e-03
 19  2.264705e-03
 20  1.798548e-03
 21  1.460612e-03
 22  1.182227e-03
 23  9.812773e-04
 Iteration CPU time: 5 s
 CFIE residual: 0.000981277

 Iseg, Irank, Idinc : 1, 36, 180
 Thata, Phi : 90.000000, 179.000000
 Maximun iteration: 300
 Number of recycle truncation: 30
 Final matrix dimension:  36708
 Residual error:0.001000
 0  5.778722e-01
 1  2.987734e-01
 2  1.874625e-01
 3  1.320104e-01
 4  1.019784e-01
 5  7.976055e-02
 6  6.390556e-02
 7  5.414407e-02
 8  4.452984e-02
 9  3.538530e-02
 10  2.809269e-02
 11  2.262925e-02
 12  1.852005e-02
 13  1.509472e-02
 14  1.205134e-02
 15  9.396401e-03
 16  7.428091e-03
 17  5.966487e-03
 18  4.896695e-03
 19  4.051381e-03
 20  3.352422e-03
 21  2.779678e-03
 22  2.290207e-03
 23  1.883012e-03
 24  1.571828e-03
 25  1.289372e-03
 26  1.049528e-03
 27  8.646492e-04
 Iteration CPU time: 7 s
 CFIE residual: 0.000864649

 Iseg, Irank, Idinc : 1, 37, 120
 Thata, Phi : 90.000000, 119.000000
 Maximun iteration: 300
 Number of recycle truncation: 30
 Final matrix dimension:  36708
 Residual error:0.001000
 0  6.485082e-01
 1  3.435423e-01
 2  2.189292e-01
 3  1.532096e-01
 4  1.091853e-01
 5  8.077427e-02
 6  6.372396e-02
 7  4.945733e-02
 8  3.880002e-02
 9  3.069605e-02
 10  2.480673e-02
 11  1.956542e-02
 12  1.548273e-02
 13  1.244201e-02
 14  1.025076e-02
 15  8.261977e-03
 16  6.922126e-03
 17  5.662674e-03
 18  4.581338e-03
 19  3.855965e-03
 20  3.149693e-03
 21  2.592307e-03
 22  2.154564e-03
 23  1.825980e-03
 24  1.515635e-03
 25  1.242214e-03
 26  1.023623e-03
 27  8.559180e-04
 Iteration CPU time: 6 s
 CFIE residual: 0.000855918

 Iseg, Irank, Idinc : 1, 38, 13
 Thata, Phi : 90.000000, 12.000000
 Maximun iteration: 300
 Number of recycle truncation: 30
 Final matrix dimension:  36708
 Residual error:0.001000
 0  5.652936e-01
 1  2.805024e-01
 2  1.752407e-01
 3  1.229692e-01
 4  8.852370e-02
 5  6.583457e-02
 6  5.104505e-02
 7  3.938075e-02
 8  3.095819e-02
 9  2.451175e-02
 10  1.912826e-02
 11  1.496896e-02
 12  1.190918e-02
 13  9.670277e-03
 14  7.916374e-03
 15  6.275207e-03
 16  5.107296e-03
 17  4.287493e-03
 18  3.606886e-03
 19  3.078969e-03
 20  2.567045e-03
 21  2.107329e-03
 22  1.753319e-03
 23  1.469775e-03
 24  1.249171e-03
 25  1.048343e-03
 26  8.961422e-04
 Iteration CPU time: 6 s
 CFIE residual: 0.000896142

 Iseg, Irank, Idinc : 1, 39, 78
 Thata, Phi : 90.000000, 77.000000
 Maximun iteration: 300
 Number of recycle truncation: 30
 Final matrix dimension:  36708
 Residual error:0.001000
 0  6.212527e-01
 1  3.559894e-01
 2  2.307206e-01
 3  1.474785e-01
 4  1.050332e-01
 5  7.936625e-02
 6  6.203087e-02
 7  4.835191e-02
 8  3.826907e-02
 9  3.079080e-02
 10  2.433909e-02
 11  1.890112e-02
 12  1.518320e-02
 13  1.241614e-02
 14  1.028081e-02
 15  8.372088e-03
 16  6.914972e-03
 17  5.583961e-03
 18  4.613704e-03
 19  3.930712e-03
 20  3.257820e-03
 21  2.701831e-03
 22  2.282808e-03
 23  1.911695e-03
 24  1.648754e-03
 25  1.478020e-03
 26  1.322748e-03
 27  1.230643e-03
 28  1.144011e-03
 29  1.086226e-03
 30  1.047321e-03
 31  1.016725e-03
 32  9.924476e-04
 Iteration CPU time: 8 s
 CFIE residual: 0.000992448

 Iseg, Irank, Idinc : 1, 40, 170
 Thata, Phi : 90.000000, 169.000000
 Maximun iteration: 300
 Number of recycle truncation: 30
 Final matrix dimension:  36708
 Residual error:0.001000
 0  5.833058e-01
 1  2.992663e-01
 2  1.876035e-01
 3  1.327452e-01
 4  1.036410e-01
 5  8.190439e-02
 6  6.619712e-02
 7  5.576947e-02
 8  4.632350e-02
 9  3.851448e-02
 10  3.220875e-02
 11  2.730627e-02
 12  2.308430e-02
 13  1.959758e-02
 14  1.608705e-02
 15  1.339623e-02
 16  1.105832e-02
 17  8.949475e-03
 18  7.271201e-03
 19  5.929657e-03
 20  4.779630e-03
 21  3.891221e-03
 22  3.254412e-03
 23  2.694141e-03
 24  2.196565e-03
 25  1.775956e-03
 26  1.439408e-03
 27  1.154059e-03
 28  9.336243e-04
 Iteration CPU time: 6 s
 CFIE residual: 0.000933624
 Last Built End in Sep 21 2025 00:06:12
 Total CPU time: 271 s
 Finished.
