 Last Built Begin in Sep 21 2025 00:06:12
 Pre-Type( Input ):           10
 Skl-Tol ( Input ):    1.0000000000000001E-005
 Wavelength in freespace: 0.0289296

 ################################################
 ##         Generating Required Mesh          ##
 ##         Waiting.....                      ##
 ################################################
 Subd No.      Subd Name
    1    Open-Duct_PRIME_model_meshAA1                                     
 isub,  nnode, npatch,  nedge:
    1      6118     12236     18354
 Scale Factor         >>   1.54999997E-02
 ################################################

 START TIME: 20250922   082327.555


 Informaton for IE geometry:
 number of subdomains     : 1
 maxnode,maxpatch,maxedge : 6118  12236  18354
 
 Index of Mat-Reg: 1
 Mat-Reg Number via MatFlg: 1
 Edge Number of Mat-Reg: 1, 18354

 Number of Edge on PEC: 18354
 Mat-Reg: No Dim(m) Lmax:
    1 0.248    5
 Totlmax, add1, add2:           5           6           7
 rlengmax of Global MLFMA >>   0.24784565982506454     
 Lmax of Global MLFMA >>            5
 Wavenum of Mat-Reg:
    1 1.000

 total area in sq m           =      0.0510
 total area in sq lambda      =     60.9017
 maxnode, maxpatch, maxedge           =     6118    12236    18354
 longest  edge in lambda              =      0.1614
 shortest edge in lambda              =      0.0077
 average  edge in lambda              =      0.1077
 largest  patch area in sq lambda     =      0.0088
 smallest patch area in sq lambda     =      0.0000
 ave    surface area in sq lambda     =      0.0050
 size range of the object in sq lambda =      7.9311

 #### MLFMA Info For Each Region ####
 Mat-Region =            1
 Array dimension parameters:
 maxrule=          14   maxgrid  =          64
 lmax   =           5   ncmax    =        1250
 lsmax  =          27   lsmin    =           7
 kpm    =        1462   kp0      =         102
 ntlm   =      225016   nsm      =      235590
 nkpm   =        2350   niplm    =      150400
 ngnearm=       14257   ngsndm   =       64634
 nearm  =         333   mfinestm =         119
 ###############################

 CFIE Alpha:  0.50000000000000000     

 Fill MLFMA FI for Mat-Reg:           1
 Begin filltl.f
 fill translation matrix
 Level:            2
 fill shifting matrix
 Level:            3
 fill shifting matrix
 Level:            4
 fill shifting matrix
 Level:            5
 fill shifting matrix
 translator time(s):  0.123000003    
 fill interpolation matrix
 ThetaOrder            8
 PhiOrder            8
 lsl            7
 Filling TL                  Delta_CPU=          0.56 Memory(MB)=        654.36
 Filling sndgrp              Delta_CPU=          0.01 Memory(MB)=        654.36
 Filling VFS                 Delta_CPU=          3.20 Memory(MB)=        654.36

 Fill MLFMA NI for Mat-Reg:           1
 Begin fill sparser part of Nearfield
 Begin fill denser part of Nearfield
 End fill
 Filling Amn                 Delta_CPU=         89.10 Memory(MB)=        654.36


 Now testing preconditioner with
 ipretype =           10
 method = cfie_solve_nfrasspspre_pardiso

  
 NBP>>Begin fill sparser part of Nearfield

119.5630% NBP>>Begin fill denser part of Nearfield

200.1041%
 Begin MLFMA Box-Matrix Based Spar-RAS Prec Constructor
 --- Intel MKL PARDISO --- 
 Memory for iGroup: 1 0 MB
 Total Memory For SparRAS Pre: 0 MB
 --- PARDISO PRECONDITIONER INITIALIZED --- 
 Constructing preconditioner CPU time: 3 s
 
 1101240
 Memory for Iteration:: 16.8036 MB

 Iseg, Ninc_S : 1, 181, 0

 Iseg, Skeleton Angles: 1, 40
 Iseg, Skel-Pk Mem(MB): 1, 314.35

 Iseg, Irank, Idinc : 1, 1, 42
 Thata, Phi : 90.000000, 41.000000
 Maximun iteration: 300
 Number of recycle truncation: 30
 Final matrix dimension:  36708
 Residual error:0.001000
 0  6.324525e-01
 1  3.153579e-01
 2  1.989263e-01
 3  1.276615e-01
 4  8.887525e-02
 5  6.507058e-02
 6  4.946039e-02
 7  3.788317e-02
 8  2.892045e-02
 9  2.278891e-02
 10  1.703166e-02
 11  1.387339e-02
 12  1.151825e-02
 13  9.601602e-03
 14  8.448245e-03
 15  7.420888e-03
 16  6.566675e-03
 17  5.886236e-03
 18  5.365346e-03
 19  5.041379e-03
 20  4.814286e-03
 21  4.605166e-03
 22  4.418837e-03
 23  4.244438e-03
 24  4.013289e-03
 25  3.714941e-03
 26  3.398215e-03
 27  3.062538e-03
 28  2.651595e-03
 29  2.274487e-03
 30  1.967906e-03
 31  1.653971e-03
 32  1.381756e-03
 33  1.117693e-03
 34  9.318060e-04
 Iteration CPU time: 8 s
 CFIE residual: 0.000931806

 Iseg, Irank, Idinc : 1, 2, 63
 Thata, Phi : 90.000000, 62.000000
 Maximun iteration: 300
 Number of recycle truncation: 30
 Final matrix dimension:  36708
 Residual error:0.001000
 0  6.551917e-01
 1  3.580758e-01
 2  2.232793e-01
 3  1.430209e-01
 4  1.011636e-01
 5  7.793098e-02
 6  5.906168e-02
 7  4.740764e-02
 8  3.773998e-02
 9  3.034264e-02
 10  2.359497e-02
 11  1.916621e-02
 12  1.584893e-02
 13  1.353042e-02
 14  1.203441e-02
 15  1.101327e-02
 16  1.021452e-02
 17  9.613362e-03
 18  9.261080e-03
 19  8.835739e-03
 20  8.429588e-03
 21  8.134399e-03
 22  7.669489e-03
 23  7.119982e-03
 24  6.383293e-03
 25  5.591049e-03
 26  4.887547e-03
 27  4.187774e-03
 28  3.507569e-03
 29  2.871324e-03
 30  2.347085e-03
 31  1.892053e-03
 32  1.529836e-03
 33  1.226132e-03
 34  9.981378e-04
 Iteration CPU time: 7 s
 CFIE residual: 0.000998138

 Iseg, Irank, Idinc : 1, 3, 108
 Thata, Phi : 90.000000, 107.000000
 Maximun iteration: 300
 Number of recycle truncation: 30
 Final matrix dimension:  36708
 Residual error:0.001000
 0  6.163584e-01
 1  3.481671e-01
 2  2.158627e-01
 3  1.467128e-01
 4  1.042242e-01
 5  7.806555e-02
 6  6.021973e-02
 7  4.703117e-02
 8  3.791720e-02
 9  3.118290e-02
 10  2.525690e-02
 11  2.090529e-02
 12  1.730641e-02
 13  1.464551e-02
 14  1.264455e-02
 15  1.094643e-02
 16  9.763849e-03
 17  8.899408e-03
 18  8.051837e-03
 19  7.441156e-03
 20  6.939824e-03
 21  6.552703e-03
 22  6.297648e-03
 23  6.077737e-03
 24  5.877374e-03
 25  5.624550e-03
 26  5.252423e-03
 27  4.781075e-03
 28  4.263262e-03
 29  3.705540e-03
 30  3.087935e-03
 31  2.499586e-03
 32  1.970618e-03
 33  1.608472e-03
 34  1.305427e-03
 35  1.060663e-03
 36  8.352239e-04
 Iteration CPU time: 8 s
 CFIE residual: 0.000835224

 Iseg, Irank, Idinc : 1, 4, 147
 Thata, Phi : 90.000000, 146.000000
 Maximun iteration: 300
 Number of recycle truncation: 30
 Final matrix dimension:  36708
 Residual error:0.001000
 0  6.565143e-01
 1  3.459358e-01
 2  2.098869e-01
 3  1.413033e-01
 4  1.006264e-01
 5  7.699045e-02
 6  5.953855e-02
 7  4.761293e-02
 8  3.977746e-02
 9  3.389947e-02
 10  2.901140e-02
 11  2.536283e-02
 12  2.242453e-02
 13  1.922482e-02
 14  1.617657e-02
 15  1.398907e-02
 16  1.214883e-02
 17  1.020228e-02
 18  8.976387e-03
 19  7.928871e-03
 20  7.153398e-03
 21  6.476771e-03
 22  5.992052e-03
 23  5.624201e-03
 24  5.376720e-03
 25  5.156698e-03
 26  4.948401e-03
 27  4.701601e-03
 28  4.460330e-03
 29  4.148002e-03
 30  3.783539e-03
 31  3.390943e-03
 32  2.955256e-03
 33  2.508972e-03
 34  2.015217e-03
 35  1.643218e-03
 36  1.322539e-03
 37  1.017654e-03
 38  7.974076e-04
 Iteration CPU time: 9 s
 CFIE residual: 0.000797408

 Iseg, Irank, Idinc : 1, 5, 22
 Thata, Phi : 90.000000, 21.000000
 Maximun iteration: 300
 Number of recycle truncation: 30
 Final matrix dimension:  36708
 Residual error:0.001000
 0  6.323940e-01
 1  2.965248e-01
 2  1.751388e-01
 3  1.159455e-01
 4  8.050390e-02
 5  5.920904e-02
 6  4.490672e-02
 7  3.520358e-02
 8  2.792153e-02
 9  2.244887e-02
 10  1.843570e-02
 11  1.494075e-02
 12  1.204468e-02
 13  1.014593e-02
 14  8.476722e-03
 15  7.192288e-03
 16  6.282571e-03
 17  5.357092e-03
 18  4.576245e-03
 19  3.990407e-03
 20  3.588971e-03
 21  3.218809e-03
 22  2.950551e-03
 23  2.736266e-03
 24  2.580789e-03
 25  2.466262e-03
 26  2.363939e-03
 27  2.251884e-03
 28  2.161557e-03
 29  2.052565e-03
 30  1.944851e-03
 31  1.817879e-03
 32  1.651736e-03
 33  1.456469e-03
 34  1.229058e-03
 35  1.048219e-03
 36  8.800600e-04
 Iteration CPU time: 8 s
 CFIE residual: 0.00088006

 Iseg, Irank, Idinc : 1, 6, 137
 Thata, Phi : 90.000000, 136.000000
 Maximun iteration: 300
 Number of recycle truncation: 30
 Final matrix dimension:  36708
 Residual error:0.001000
 0  6.962219e-01
 1  3.480990e-01
 2  2.154077e-01
 3  1.469092e-01
 4  1.056103e-01
 5  7.928131e-02
 6  6.005958e-02
 7  4.766158e-02
 8  3.882488e-02
 9  3.265006e-02
 10  2.711168e-02
 11  2.283674e-02
 12  1.928603e-02
 13  1.641622e-02
 14  1.391293e-02
 15  1.188842e-02
 16  1.047600e-02
 17  9.223862e-03
 18  8.278310e-03
 19  7.505190e-03
 20  7.010981e-03
 21  6.551614e-03
 22  6.224237e-03
 23  5.936908e-03
 24  5.680984e-03
 25  5.447095e-03
 26  5.138793e-03
 27  4.824287e-03
 28  4.484985e-03
 29  4.112061e-03
 30  3.678538e-03
 31  3.212756e-03
 32  2.770893e-03
 33  2.365997e-03
 34  1.977834e-03
 35  1.659240e-03
 36  1.377927e-03
 37  1.122560e-03
 38  8.696425e-04
 Iteration CPU time: 9 s
 CFIE residual: 0.000869642

 Iseg, Irank, Idinc : 1, 7, 83
 Thata, Phi : 90.000000, 82.000000
 Maximun iteration: 300
 Number of recycle truncation: 30
 Final matrix dimension:  36708
 Residual error:0.001000
 0  6.061640e-01
 1  3.473059e-01
 2  2.220076e-01
 3  1.494366e-01
 4  1.082209e-01
 5  8.309532e-02
 6  6.397363e-02
 7  5.064664e-02
 8  4.100522e-02
 9  3.235340e-02
 10  2.637812e-02
 11  2.216646e-02
 12  1.853918e-02
 13  1.607448e-02
 14  1.428187e-02
 15  1.292858e-02
 16  1.167606e-02
 17  1.091420e-02
 18  1.036889e-02
 19  9.865593e-03
 20  9.465889e-03
 21  9.110682e-03
 22  8.725759e-03
 23  8.246470e-03
 24  7.672590e-03
 25  6.955991e-03
 26  6.224089e-03
 27  5.523300e-03
 28  4.793930e-03
 29  4.051077e-03
 30  3.366253e-03
 31  2.787685e-03
 32  2.323528e-03
 33  1.830615e-03
 34  1.502443e-03
 35  1.180035e-03
 36  9.931629e-04
 Iteration CPU time: 8 s
 CFIE residual: 0.000993163

 Iseg, Irank, Idinc : 1, 8, 72
 Thata, Phi : 90.000000, 71.000000
 Maximun iteration: 300
 Number of recycle truncation: 30
 Final matrix dimension:  36708
 Residual error:0.001000
 0  6.329227e-01
 1  3.633139e-01
 2  2.343817e-01
 3  1.476689e-01
 4  1.042608e-01
 5  8.212475e-02
 6  6.345220e-02
 7  4.930314e-02
 8  3.952338e-02
 9  3.314501e-02
 10  2.643013e-02
 11  2.152367e-02
 12  1.764920e-02
 13  1.532393e-02
 14  1.373556e-02
 15  1.245148e-02
 16  1.162405e-02
 17  1.091187e-02
 18  1.037087e-02
 19  9.897772e-03
 20  9.534002e-03
 21  9.185348e-03
 22  8.746008e-03
 23  8.212161e-03
 24  7.440033e-03
 25  6.514591e-03
 26  5.749553e-03
 27  4.990939e-03
 28  4.260469e-03
 29  3.541408e-03
 30  2.927316e-03
 31  2.393841e-03
 32  1.947309e-03
 33  1.583671e-03
 34  1.261105e-03
 35  1.007437e-03
 36  8.182854e-04
 Iteration CPU time: 9 s
 CFIE residual: 0.000818285

 Iseg, Irank, Idinc : 1, 9, 159
 Thata, Phi : 90.000000, 158.000000
 Maximun iteration: 300
 Number of recycle truncation: 30
 Final matrix dimension:  36708
 Residual error:0.001000
 0  6.220080e-01
 1  3.147153e-01
 2  1.917036e-01
 3  1.300032e-01
 4  9.664529e-02
 5  7.722652e-02
 6  6.186298e-02
 7  5.081299e-02
 8  4.278429e-02
 9  3.704449e-02
 10  3.215888e-02
 11  2.839311e-02
 12  2.477253e-02
 13  2.106820e-02
 14  1.770877e-02
 15  1.539112e-02
 16  1.345220e-02
 17  1.138456e-02
 18  9.893790e-03
 19  8.488969e-03
 20  7.355985e-03
 21  6.461738e-03
 22  5.725791e-03
 23  5.174432e-03
 24  4.755710e-03
 25  4.462513e-03
 26  4.200855e-03
 27  3.997045e-03
 28  3.825064e-03
 29  3.656231e-03
 30  3.410081e-03
 31  3.115440e-03
 32  2.746582e-03
 33  2.374758e-03
 34  2.010066e-03
 35  1.628342e-03
 36  1.316283e-03
 37  1.015977e-03
 38  7.728034e-04
 Iteration CPU time: 8 s
 CFIE residual: 0.000772803

 Iseg, Irank, Idinc : 1, 10, 125
 Thata, Phi : 90.000000, 124.000000
 Maximun iteration: 300
 Number of recycle truncation: 30
 Final matrix dimension:  36708
 Residual error:0.001000
 0  6.565940e-01
 1  3.402796e-01
 2  2.203921e-01
 3  1.552969e-01
 4  1.126028e-01
 5  8.213060e-02
 6  6.520499e-02
 7  5.140277e-02
 8  4.185800e-02
 9  3.397724e-02
 10  2.699992e-02
 11  2.137231e-02
 12  1.704282e-02
 13  1.390517e-02
 14  1.163768e-02
 15  1.011366e-02
 16  8.793460e-03
 17  7.895354e-03
 18  7.050101e-03
 19  6.494875e-03
 20  6.098111e-03
 21  5.793899e-03
 22  5.525584e-03
 23  5.296200e-03
 24  5.079804e-03
 25  4.851972e-03
 26  4.578057e-03
 27  4.292622e-03
 28  4.008437e-03
 29  3.685027e-03
 30  3.319104e-03
 31  2.975445e-03
 32  2.612300e-03
 33  2.273302e-03
 34  1.901787e-03
 35  1.618685e-03
 36  1.303089e-03
 37  1.046263e-03
 38  8.081190e-04
 Iteration CPU time: 9 s
 CFIE residual: 0.000808119

 Iseg, Irank, Idinc : 1, 11, 53
 Thata, Phi : 90.000000, 52.000000
 Maximun iteration: 300
 Number of recycle truncation: 30
 Final matrix dimension:  36708
 Residual error:0.001000
 0  6.537381e-01
 1  3.451819e-01
 2  2.118087e-01
 3  1.349542e-01
 4  9.748932e-02
 5  7.464768e-02
 6  5.816458e-02
 7  4.464388e-02
 8  3.461193e-02
 9  2.791082e-02
 10  2.176518e-02
 11  1.722867e-02
 12  1.383264e-02
 13  1.143315e-02
 14  1.011305e-02
 15  9.099377e-03
 16  8.259292e-03
 17  7.789105e-03
 18  7.215891e-03
 19  6.790184e-03
 20  6.520349e-03
 21  6.218265e-03
 22  5.864287e-03
 23  5.510410e-03
 24  4.981011e-03
 25  4.345916e-03
 26  3.756570e-03
 27  3.179308e-03
 28  2.644466e-03
 29  2.115288e-03
 30  1.762556e-03
 31  1.461932e-03
 32  1.201404e-03
 33  9.784915e-04
 Iteration CPU time: 8 s
 CFIE residual: 0.000978492

 Iseg, Irank, Idinc : 1, 12, 176
 Thata, Phi : 90.000000, 175.000000
 Maximun iteration: 300
 Number of recycle truncation: 30
 Final matrix dimension:  36708
 Residual error:0.001000
 0  5.904930e-01
 1  2.957684e-01
 2  1.833553e-01
 3  1.302608e-01
 4  1.005625e-01
 5  8.068664e-02
 6  6.590433e-02
 7  5.506881e-02
 8  4.594799e-02
 9  3.861674e-02
 10  3.239658e-02
 11  2.701272e-02
 12  2.251447e-02
 13  1.852345e-02
 14  1.584297e-02
 15  1.313837e-02
 16  1.111898e-02
 17  9.424816e-03
 18  8.005473e-03
 19  6.692829e-03
 20  5.812269e-03
 21  4.991053e-03
 22  4.328770e-03
 23  3.799405e-03
 24  3.402697e-03
 25  3.093512e-03
 26  2.831122e-03
 27  2.637325e-03
 28  2.472916e-03
 29  2.337740e-03
 30  2.217366e-03
 31  2.126676e-03
 32  2.021379e-03
 33  1.901919e-03
 34  1.773321e-03
 35  1.600949e-03
 36  1.420377e-03
 37  1.229862e-03
 38  1.018666e-03
 39  8.219491e-04
 Iteration CPU time: 9 s
 CFIE residual: 0.000821949

 Iseg, Irank, Idinc : 1, 13, 33
 Thata, Phi : 90.000000, 32.000000
 Maximun iteration: 300
 Number of recycle truncation: 30
 Final matrix dimension:  36708
 Residual error:0.001000
 0  6.289883e-01
 1  3.108892e-01
 2  1.856474e-01
 3  1.162968e-01
 4  8.122944e-02
 5  5.940715e-02
 6  4.437172e-02
 7  3.384838e-02
 8  2.659737e-02
 9  2.132959e-02
 10  1.682123e-02
 11  1.378114e-02
 12  1.123147e-02
 13  9.419568e-03
 14  7.987087e-03
 15  6.807038e-03
 16  5.913594e-03
 17  5.165055e-03
 18  4.536328e-03
 19  4.134510e-03
 20  3.875291e-03
 21  3.642527e-03
 22  3.480942e-03
 23  3.345123e-03
 24  3.210897e-03
 25  3.085498e-03
 26  2.924144e-03
 27  2.726615e-03
 28  2.480073e-03
 29  2.174095e-03
 30  1.882144e-03
 31  1.631296e-03
 32  1.406814e-03
 33  1.197974e-03
 34  9.959365e-04
 Iteration CPU time: 8 s
 CFIE residual: 0.000995936

 Iseg, Irank, Idinc : 1, 14, 91
 Thata, Phi : 90.000000, 90.000000
 Maximun iteration: 300
 Number of recycle truncation: 30
 Final matrix dimension:  36708
 Residual error:0.001000
 0  5.977561e-01
 1  3.432385e-01
 2  2.172321e-01
 3  1.491967e-01
 4  1.072111e-01
 5  8.170482e-02
 6  6.374024e-02
 7  4.982888e-02
 8  4.069035e-02
 9  3.287812e-02
 10  2.731808e-02
 11  2.274495e-02
 12  1.930787e-02
 13  1.675166e-02
 14  1.485364e-02
 15  1.321690e-02
 16  1.180742e-02
 17  1.087767e-02
 18  1.013180e-02
 19  9.534924e-03
 20  9.070512e-03
 21  8.670353e-03
 22  8.287089e-03
 23  7.870904e-03
 24  7.455403e-03
 25  7.015179e-03
 26  6.428252e-03
 27  5.719887e-03
 28  4.928497e-03
 29  4.246398e-03
 30  3.586471e-03
 31  3.010702e-03
 32  2.481659e-03
 33  2.023191e-03
 34  1.672371e-03
 35  1.351396e-03
 36  1.098378e-03
 37  8.831604e-04
 Iteration CPU time: 8 s
 CFIE residual: 0.00088316

 Iseg, Irank, Idinc : 1, 15, 9
 Thata, Phi : 90.000000, 8.000000
 Maximun iteration: 300
 Number of recycle truncation: 30
 Final matrix dimension:  36708
 Residual error:0.001000
 0  5.468000e-01
 1  2.787088e-01
 2  1.777776e-01
 3  1.241557e-01
 4  9.062861e-02
 5  6.769369e-02
 6  5.148438e-02
 7  3.995960e-02
 8  3.134621e-02
 9  2.449169e-02
 10  1.956927e-02
 11  1.559259e-02
 12  1.262984e-02
 13  1.015855e-02
 14  8.364563e-03
 15  6.924800e-03
 16  5.900237e-03
 17  5.080261e-03
 18  4.362778e-03
 19  3.761069e-03
 20  3.272286e-03
 21  2.922426e-03
 22  2.575360e-03
 23  2.289500e-03
 24  2.079724e-03
 25  1.924417e-03
 26  1.749585e-03
 27  1.617360e-03
 28  1.525628e-03
 29  1.439152e-03
 30  1.381225e-03
 31  1.330020e-03
 32  1.266009e-03
 33  1.191995e-03
 34  1.105348e-03
 35  1.008713e-03
 36  8.756394e-04
 Iteration CPU time: 9 s
 CFIE residual: 0.000875639

 Iseg, Irank, Idinc : 1, 16, 100
 Thata, Phi : 90.000000, 99.000000
 Maximun iteration: 300
 Number of recycle truncation: 30
 Final matrix dimension:  36708
 Residual error:0.001000
 0  6.056700e-01
 1  3.413335e-01
 2  2.136191e-01
 3  1.451007e-01
 4  1.044802e-01
 5  7.918399e-02
 6  6.150495e-02
 7  4.874737e-02
 8  3.894343e-02
 9  3.231719e-02
 10  2.641284e-02
 11  2.228499e-02
 12  1.874770e-02
 13  1.616887e-02
 14  1.409838e-02
 15  1.227559e-02
 16  1.090055e-02
 17  9.966642e-03
 18  9.125743e-03
 19  8.450063e-03
 20  7.909266e-03
 21  7.533805e-03
 22  7.229264e-03
 23  6.945954e-03
 24  6.665359e-03
 25  6.250267e-03
 26  5.847694e-03
 27  5.259253e-03
 28  4.713543e-03
 29  4.084917e-03
 30  3.506841e-03
 31  2.953309e-03
 32  2.439095e-03
 33  1.953318e-03
 34  1.569960e-03
 35  1.261576e-03
 36  1.026011e-03
 37  8.237328e-04
 Iteration CPU time: 8 s
 CFIE residual: 0.000823733

 Iseg, Irank, Idinc : 1, 17, 116
 Thata, Phi : 90.000000, 115.000000
 Maximun iteration: 300
 Number of recycle truncation: 30
 Final matrix dimension:  36708
 Residual error:0.001000
 0  6.419691e-01
 1  3.466115e-01
 2  2.158912e-01
 3  1.504232e-01
 4  1.077927e-01
 5  7.929403e-02
 6  6.183033e-02
 7  4.855228e-02
 8  3.820775e-02
 9  3.096969e-02
 10  2.507310e-02
 11  2.031436e-02
 12  1.692486e-02
 13  1.427661e-02
 14  1.212592e-02
 15  1.038329e-02
 16  9.135519e-03
 17  8.306108e-03
 18  7.468098e-03
 19  6.855882e-03
 20  6.510142e-03
 21  6.187262e-03
 22  5.972613e-03
 23  5.756019e-03
 24  5.562707e-03
 25  5.351295e-03
 26  5.048922e-03
 27  4.643019e-03
 28  4.304940e-03
 29  3.845675e-03
 30  3.432112e-03
 31  2.934450e-03
 32  2.425180e-03
 33  1.921774e-03
 34  1.554936e-03
 35  1.247655e-03
 36  9.750443e-04
 Iteration CPU time: 8 s
 CFIE residual: 0.000975044

 Iseg, Irank, Idinc : 1, 18, 1
 Thata, Phi : 90.000000, 0.000000
 Maximun iteration: 300
 Number of recycle truncation: 30
 Final matrix dimension:  36708
 Residual error:0.001000
 0  5.223256e-01
 1  2.736632e-01
 2  1.775181e-01
 3  1.209748e-01
 4  8.800251e-02
 5  6.680965e-02
 6  5.103971e-02
 7  3.818754e-02
 8  2.935405e-02
 9  2.357189e-02
 10  1.927948e-02
 11  1.518285e-02
 12  1.163127e-02
 13  9.683634e-03
 14  7.897224e-03
 15  6.598863e-03
 16  5.521641e-03
 17  4.779852e-03
 18  4.079107e-03
 19  3.532345e-03
 20  3.017484e-03
 21  2.601675e-03
 22  2.258556e-03
 23  1.949130e-03
 24  1.705735e-03
 25  1.488713e-03
 26  1.310524e-03
 27  1.192054e-03
 28  1.094470e-03
 29  1.024101e-03
 30  9.717468e-04
 Iteration CPU time: 7 s
 CFIE residual: 0.000971747

 Iseg, Irank, Idinc : 1, 19, 167
 Thata, Phi : 90.000000, 166.000000
 Maximun iteration: 300
 Number of recycle truncation: 30
 Final matrix dimension:  36708
 Residual error:0.001000
 0  5.968946e-01
 1  2.994633e-01
 2  1.845503e-01
 3  1.305436e-01
 4  1.001411e-01
 5  8.048471e-02
 6  6.475379e-02
 7  5.450690e-02
 8  4.589835e-02
 9  3.906300e-02
 10  3.282741e-02
 11  2.866421e-02
 12  2.510527e-02
 13  2.135700e-02
 14  1.820320e-02
 15  1.569696e-02
 16  1.360962e-02
 17  1.155903e-02
 18  9.728301e-03
 19  8.173658e-03
 20  7.090016e-03
 21  6.048335e-03
 22  5.351530e-03
 23  4.764430e-03
 24  4.271561e-03
 25  3.884964e-03
 26  3.608829e-03
 27  3.371120e-03
 28  3.204211e-03
 29  3.056327e-03
 30  2.896639e-03
 31  2.719401e-03
 32  2.551108e-03
 33  2.353362e-03
 34  2.107418e-03
 35  1.843611e-03
 36  1.559523e-03
 37  1.268297e-03
 38  1.004730e-03
 39  8.264271e-04
 Iteration CPU time: 9 s
 CFIE residual: 0.000826427

 Iseg, Irank, Idinc : 1, 20, 16
 Thata, Phi : 90.000000, 15.000000
 Maximun iteration: 300
 Number of recycle truncation: 30
 Final matrix dimension:  36708
 Residual error:0.001000
 0  5.939477e-01
 1  2.873878e-01
 2  1.765014e-01
 3  1.211072e-01
 4  8.668367e-02
 5  6.439728e-02
 6  4.898099e-02
 7  3.862248e-02
 8  3.035915e-02
 9  2.427060e-02
 10  1.943254e-02
 11  1.530998e-02
 12  1.226547e-02
 13  1.011449e-02
 14  8.540305e-03
 15  7.034296e-03
 16  6.029190e-03
 17  5.163607e-03
 18  4.436622e-03
 19  3.850068e-03
 20  3.420349e-03
 21  3.052562e-03
 22  2.723660e-03
 23  2.468899e-03
 24  2.289208e-03
 25  2.155665e-03
 26  2.027010e-03
 27  1.915216e-03
 28  1.833597e-03
 29  1.746080e-03
 30  1.680818e-03
 31  1.605567e-03
 32  1.505674e-03
 33  1.382652e-03
 34  1.226084e-03
 35  1.072378e-03
 36  9.087609e-04
 Iteration CPU time: 8 s
 CFIE residual: 0.000908761

 Iseg, Irank, Idinc : 1, 21, 181
 Thata, Phi : 90.000000, 180.000000
 Maximun iteration: 300
 Number of recycle truncation: 30
 Final matrix dimension:  36708
 Residual error:0.001000
 0  5.903437e-01
 1  2.953088e-01
 2  1.825037e-01
 3  1.289457e-01
 4  9.869772e-02
 5  7.904403e-02
 6  6.472865e-02
 7  5.394651e-02
 8  4.509648e-02
 9  3.740803e-02
 10  3.059251e-02
 11  2.495457e-02
 12  2.036655e-02
 13  1.648836e-02
 14  1.365104e-02
 15  1.129968e-02
 16  9.298652e-03
 17  7.649032e-03
 18  6.493427e-03
 19  5.545887e-03
 20  4.693785e-03
 21  4.037573e-03
 22  3.472684e-03
 23  3.001993e-03
 24  2.665462e-03
 25  2.459548e-03
 26  2.282908e-03
 27  2.120952e-03
 28  1.985073e-03
 29  1.853443e-03
 30  1.730206e-03
 31  1.622565e-03
 32  1.510009e-03
 33  1.359765e-03
 34  1.178634e-03
 35  9.822946e-04
 Iteration CPU time: 8 s
 CFIE residual: 0.000982295

 Iseg, Irank, Idinc : 1, 22, 153
 Thata, Phi : 90.000000, 152.000000
 Maximun iteration: 300
 Number of recycle truncation: 30
 Final matrix dimension:  36708
 Residual error:0.001000
 0  6.366299e-01
 1  3.295997e-01
 2  2.023705e-01
 3  1.347871e-01
 4  9.803756e-02
 5  7.688397e-02
 6  6.012431e-02
 7  4.910478e-02
 8  4.046917e-02
 9  3.453031e-02
 10  2.970057e-02
 11  2.624436e-02
 12  2.293721e-02
 13  1.945726e-02
 14  1.645375e-02
 15  1.436311e-02
 16  1.262116e-02
 17  1.076465e-02
 18  9.366774e-03
 19  8.129598e-03
 20  7.224647e-03
 21  6.450116e-03
 22  5.775127e-03
 23  5.280418e-03
 24  4.939040e-03
 25  4.678141e-03
 26  4.446909e-03
 27  4.237641e-03
 28  4.037190e-03
 29  3.822568e-03
 30  3.496012e-03
 31  3.155013e-03
 32  2.776406e-03
 33  2.420358e-03
 34  1.942720e-03
 35  1.566424e-03
 36  1.246508e-03
 37  9.776746e-04
 Iteration CPU time: 9 s
 CFIE residual: 0.000977675

 Iseg, Irank, Idinc : 1, 23, 77
 Thata, Phi : 90.000000, 76.000000
 Maximun iteration: 300
 Number of recycle truncation: 30
 Final matrix dimension:  36708
 Residual error:0.001000
 0  6.149406e-01
 1  3.539332e-01
 2  2.284689e-01
 3  1.471970e-01
 4  1.040549e-01
 5  7.970531e-02
 6  6.190352e-02
 7  4.832769e-02
 8  3.917618e-02
 9  3.127876e-02
 10  2.584946e-02
 11  2.159519e-02
 12  1.802120e-02
 13  1.581078e-02
 14  1.407236e-02
 15  1.265588e-02
 16  1.177888e-02
 17  1.109050e-02
 18  1.053440e-02
 19  1.003064e-02
 20  9.655353e-03
 21  9.303516e-03
 22  8.911299e-03
 23  8.438659e-03
 24  7.765213e-03
 25  6.948448e-03
 26  6.258557e-03
 27  5.516025e-03
 28  4.786822e-03
 29  4.020675e-03
 30  3.351058e-03
 31  2.748503e-03
 32  2.220388e-03
 33  1.801808e-03
 34  1.459296e-03
 35  1.144905e-03
 36  9.145351e-04
 Iteration CPU time: 8 s
 CFIE residual: 0.000914535

 Iseg, Irank, Idinc : 1, 24, 131
 Thata, Phi : 90.000000, 130.000000
 Maximun iteration: 300
 Number of recycle truncation: 30
 Final matrix dimension:  36708
 Residual error:0.001000
 0  6.755211e-01
 1  3.480954e-01
 2  2.202133e-01
 3  1.498082e-01
 4  1.079912e-01
 5  8.008657e-02
 6  6.242728e-02
 7  4.963037e-02
 8  3.970214e-02
 9  3.296603e-02
 10  2.689636e-02
 11  2.189953e-02
 12  1.772688e-02
 13  1.449958e-02
 14  1.215659e-02
 15  1.049618e-02
 16  9.037019e-03
 17  8.051701e-03
 18  7.238267e-03
 19  6.672564e-03
 20  6.263182e-03
 21  5.935958e-03
 22  5.667817e-03
 23  5.422591e-03
 24  5.188395e-03
 25  4.947569e-03
 26  4.654803e-03
 27  4.342552e-03
 28  4.016918e-03
 29  3.630689e-03
 30  3.211438e-03
 31  2.791306e-03
 32  2.411752e-03
 33  2.053025e-03
 34  1.715076e-03
 35  1.432695e-03
 36  1.174751e-03
 37  9.593063e-04
 Iteration CPU time: 9 s
 CFIE residual: 0.000959306

 Iseg, Irank, Idinc : 1, 25, 48
 Thata, Phi : 90.000000, 47.000000
 Maximun iteration: 300
 Number of recycle truncation: 30
 Final matrix dimension:  36708
 Residual error:0.001000
 0  6.415685e-01
 1  3.323369e-01
 2  2.061243e-01
 3  1.342674e-01
 4  9.704620e-02
 5  7.380535e-02
 6  5.668246e-02
 7  4.323509e-02
 8  3.318568e-02
 9  2.602962e-02
 10  1.996886e-02
 11  1.581605e-02
 12  1.301681e-02
 13  1.088427e-02
 14  9.475064e-03
 15  8.494377e-03
 16  7.650214e-03
 17  7.055905e-03
 18  6.508059e-03
 19  6.137564e-03
 20  5.909222e-03
 21  5.664502e-03
 22  5.365803e-03
 23  5.061792e-03
 24  4.667582e-03
 25  4.193492e-03
 26  3.743701e-03
 27  3.241781e-03
 28  2.742981e-03
 29  2.305759e-03
 30  1.943987e-03
 31  1.618347e-03
 32  1.325442e-03
 33  1.083305e-03
 34  8.949574e-04
 Iteration CPU time: 8 s
 CFIE residual: 0.000894957

 Iseg, Irank, Idinc : 1, 26, 5
 Thata, Phi : 90.000000, 4.000000
 Maximun iteration: 300
 Number of recycle truncation: 30
 Final matrix dimension:  36708
 Residual error:0.001000
 0  5.288408e-01
 1  2.751643e-01
 2  1.776476e-01
 3  1.224580e-01
 4  8.938093e-02
 5  6.722580e-02
 6  5.113847e-02
 7  3.871808e-02
 8  3.045564e-02
 9  2.407320e-02
 10  1.935343e-02
 11  1.536590e-02
 12  1.222633e-02
 13  1.020405e-02
 14  8.361513e-03
 15  6.872993e-03
 16  5.885597e-03
 17  5.050160e-03
 18  4.281415e-03
 19  3.712532e-03
 20  3.218626e-03
 21  2.822429e-03
 22  2.480299e-03
 23  2.160573e-03
 24  1.931626e-03
 25  1.743238e-03
 26  1.549794e-03
 27  1.391402e-03
 28  1.287280e-03
 29  1.207570e-03
 30  1.150764e-03
 31  1.103607e-03
 32  1.055800e-03
 33  1.000280e-03
 34  9.387135e-04
 Iteration CPU time: 7 s
 CFIE residual: 0.000938713

 Iseg, Irank, Idinc : 1, 27, 172
 Thata, Phi : 90.000000, 171.000000
 Maximun iteration: 300
 Number of recycle truncation: 30
 Final matrix dimension:  36708
 Residual error:0.001000
 0  5.913288e-01
 1  2.964920e-01
 2  1.843384e-01
 3  1.314966e-01
 4  1.017613e-01
 5  8.169557e-02
 6  6.640825e-02
 7  5.570874e-02
 8  4.647425e-02
 9  3.922017e-02
 10  3.357593e-02
 11  2.860496e-02
 12  2.416519e-02
 13  2.031814e-02
 14  1.747072e-02
 15  1.462863e-02
 16  1.257345e-02
 17  1.070219e-02
 18  9.018455e-03
 19  7.567508e-03
 20  6.573412e-03
 21  5.581628e-03
 22  4.906231e-03
 23  4.360871e-03
 24  3.901532e-03
 25  3.530556e-03
 26  3.240463e-03
 27  3.022587e-03
 28  2.849072e-03
 29  2.699761e-03
 30  2.562775e-03
 31  2.441374e-03
 32  2.313039e-03
 33  2.163729e-03
 34  1.997437e-03
 35  1.800860e-03
 36  1.562730e-03
 37  1.339208e-03
 38  1.084862e-03
 39  8.664267e-04
 Iteration CPU time: 8 s
 CFIE residual: 0.000866427

 Iseg, Irank, Idinc : 1, 28, 96
 Thata, Phi : 90.000000, 95.000000
 Maximun iteration: 300
 Number of recycle truncation: 30
 Final matrix dimension:  36708
 Residual error:0.001000
 0  5.997956e-01
 1  3.410294e-01
 2  2.149378e-01
 3  1.449689e-01
 4  1.036495e-01
 5  7.948965e-02
 6  6.303348e-02
 7  4.941932e-02
 8  3.958163e-02
 9  3.202546e-02
 10  2.662644e-02
 11  2.224709e-02
 12  1.891230e-02
 13  1.652220e-02
 14  1.450948e-02
 15  1.273490e-02
 16  1.128967e-02
 17  1.034817e-02
 18  9.585865e-03
 19  8.928952e-03
 20  8.415315e-03
 21  8.048422e-03
 22  7.715370e-03
 23  7.392754e-03
 24  7.056795e-03
 25  6.670463e-03
 26  6.133737e-03
 27  5.513512e-03
 28  4.789453e-03
 29  4.173988e-03
 30  3.532226e-03
 31  3.002925e-03
 32  2.521342e-03
 33  2.007136e-03
 34  1.601213e-03
 35  1.253322e-03
 36  1.022330e-03
 37  8.407599e-04
 Iteration CPU time: 8 s
 CFIE residual: 0.00084076

 Iseg, Irank, Idinc : 1, 29, 28
 Thata, Phi : 90.000000, 27.000000
 Maximun iteration: 300
 Number of recycle truncation: 30
 Final matrix dimension:  36708
 Residual error:0.001000
 0  6.426061e-01
 1  3.045112e-01
 2  1.789241e-01
 3  1.136361e-01
 4  7.862775e-02
 5  5.745572e-02
 6  4.267024e-02
 7  3.309484e-02
 8  2.649925e-02
 9  2.173202e-02
 10  1.765497e-02
 11  1.437826e-02
 12  1.154934e-02
 13  9.684590e-03
 14  8.243106e-03
 15  7.073207e-03
 16  6.086975e-03
 17  5.194944e-03
 18  4.499792e-03
 19  4.043662e-03
 20  3.736335e-03
 21  3.444757e-03
 22  3.236164e-03
 23  3.061737e-03
 24  2.922328e-03
 25  2.818861e-03
 26  2.700168e-03
 27  2.557316e-03
 28  2.417531e-03
 29  2.220648e-03
 30  2.013055e-03
 31  1.832194e-03
 32  1.612314e-03
 33  1.390742e-03
 34  1.149068e-03
 35  9.677410e-04
 Iteration CPU time: 8 s
 CFIE residual: 0.000967741

 Iseg, Irank, Idinc : 1, 30, 120
 Thata, Phi : 90.000000, 119.000000
 Maximun iteration: 300
 Number of recycle truncation: 30
 Final matrix dimension:  36708
 Residual error:0.001000
 0  6.466884e-01
 1  3.434596e-01
 2  2.162237e-01
 3  1.515630e-01
 4  1.089059e-01
 5  8.126197e-02
 6  6.385869e-02
 7  4.989383e-02
 8  3.985841e-02
 9  3.245072e-02
 10  2.629768e-02
 11  2.115000e-02
 12  1.711633e-02
 13  1.401063e-02
 14  1.196011e-02
 15  1.028802e-02
 16  9.123785e-03
 17  8.269848e-03
 18  7.380282e-03
 19  6.762759e-03
 20  6.373335e-03
 21  6.050825e-03
 22  5.836417e-03
 23  5.608146e-03
 24  5.413509e-03
 25  5.172686e-03
 26  4.888434e-03
 27  4.561492e-03
 28  4.251368e-03
 29  3.914764e-03
 30  3.546556e-03
 31  3.139308e-03
 32  2.677166e-03
 33  2.235587e-03
 34  1.834322e-03
 35  1.509922e-03
 36  1.205474e-03
 37  9.604452e-04
 Iteration CPU time: 9 s
 CFIE residual: 0.000960445

 Iseg, Irank, Idinc : 1, 31, 58
 Thata, Phi : 90.000000, 57.000000
 Maximun iteration: 300
 Number of recycle truncation: 30
 Final matrix dimension:  36708
 Residual error:0.001000
 0  6.591335e-01
 1  3.484286e-01
 2  2.124229e-01
 3  1.333941e-01
 4  9.656724e-02
 5  7.305692e-02
 6  5.625631e-02
 7  4.437168e-02
 8  3.446917e-02
 9  2.787320e-02
 10  2.200566e-02
 11  1.750493e-02
 12  1.446261e-02
 13  1.205977e-02
 14  1.068800e-02
 15  9.732611e-03
 16  9.046074e-03
 17  8.506302e-03
 18  8.066856e-03
 19  7.607992e-03
 20  7.289227e-03
 21  6.992195e-03
 22  6.595543e-03
 23  6.168068e-03
 24  5.464891e-03
 25  4.744939e-03
 26  4.093896e-03
 27  3.480755e-03
 28  2.879707e-03
 29  2.357035e-03
 30  1.953727e-03
 31  1.586225e-03
 32  1.276856e-03
 33  1.018455e-03
 34  8.108937e-04
 Iteration CPU time: 8 s
 CFIE residual: 0.000810894

 Iseg, Irank, Idinc : 1, 32, 179
 Thata, Phi : 90.000000, 178.000000
 Maximun iteration: 300
 Number of recycle truncation: 30
 Final matrix dimension:  36708
 Residual error:0.001000
 0  5.903744e-01
 1  2.953998e-01
 2  1.826605e-01
 3  1.292046e-01
 4  9.912448e-02
 5  7.944881e-02
 6  6.502583e-02
 7  5.422390e-02
 8  4.530383e-02
 9  3.773217e-02
 10  3.101732e-02
 11  2.554739e-02
 12  2.115769e-02
 13  1.707340e-02
 14  1.456930e-02
 15  1.204596e-02
 16  1.002122e-02
 17  8.309684e-03
 18  7.027823e-03
 19  5.907619e-03
 20  5.103742e-03
 21  4.414911e-03
 22  3.814184e-03
 23  3.311429e-03
 24  2.964275e-03
 25  2.704258e-03
 26  2.472442e-03
 27  2.302994e-03
 28  2.157002e-03
 29  2.018988e-03
 30  1.904140e-03
 31  1.814779e-03
 32  1.724540e-03
 33  1.613197e-03
 34  1.481311e-03
 35  1.327247e-03
 36  1.168638e-03
 37  1.012488e-03
 38  8.497935e-04
 Iteration CPU time: 8 s
 CFIE residual: 0.000849793

 Iseg, Irank, Idinc : 1, 33, 142
 Thata, Phi : 90.000000, 141.000000
 Maximun iteration: 300
 Number of recycle truncation: 30
 Final matrix dimension:  36708
 Residual error:0.001000
 0  6.857868e-01
 1  3.492735e-01
 2  2.108561e-01
 3  1.435207e-01
 4  1.033297e-01
 5  7.738866e-02
 6  5.984252e-02
 7  4.695745e-02
 8  3.849256e-02
 9  3.282833e-02
 10  2.804180e-02
 11  2.400190e-02
 12  2.071045e-02
 13  1.784960e-02
 14  1.506795e-02
 15  1.305991e-02
 16  1.139445e-02
 17  9.943426e-03
 18  8.743293e-03
 19  7.876383e-03
 20  7.228535e-03
 21  6.678397e-03
 22  6.294905e-03
 23  5.987676e-03
 24  5.746509e-03
 25  5.525867e-03
 26  5.287121e-03
 27  4.983953e-03
 28  4.658629e-03
 29  4.311731e-03
 30  3.888098e-03
 31  3.370054e-03
 32  2.873237e-03
 33  2.387649e-03
 34  1.936288e-03
 35  1.577822e-03
 36  1.270937e-03
 37  9.887428e-04
 Iteration CPU time: 9 s
 CFIE residual: 0.000988743

 Iseg, Irank, Idinc : 1, 34, 3
 Thata, Phi : 90.000000, 2.000000
 Maximun iteration: 300
 Number of recycle truncation: 30
 Final matrix dimension:  36708
 Residual error:0.001000
 0  5.239964e-01
 1  2.740678e-01
 2  1.775629e-01
 3  1.214266e-01
 4  8.846297e-02
 5  6.696006e-02
 6  5.106791e-02
 7  3.829918e-02
 8  2.968278e-02
 9  2.373314e-02
 10  1.928531e-02
 11  1.522896e-02
 12  1.181400e-02
 13  9.943696e-03
 14  8.247949e-03
 15  6.788497e-03
 16  5.771623e-03
 17  4.958736e-03
 18  4.195931e-03
 19  3.641632e-03
 20  3.143577e-03
 21  2.740416e-03
 22  2.404910e-03
 23  2.088787e-03
 24  1.854667e-03
 25  1.648240e-03
 26  1.450482e-03
 27  1.293534e-03
 28  1.176514e-03
 29  1.097954e-03
 30  1.042576e-03
 31  9.922519e-04
 Iteration CPU time: 7 s
 CFIE residual: 0.000992252

 Iseg, Irank, Idinc : 1, 35, 37
 Thata, Phi : 90.000000, 36.000000
 Maximun iteration: 300
 Number of recycle truncation: 30
 Final matrix dimension:  36708
 Residual error:0.001000
 0  6.236357e-01
 1  3.134357e-01
 2  1.920209e-01
 3  1.216760e-01
 4  8.416413e-02
 5  6.139049e-02
 6  4.653291e-02
 7  3.532937e-02
 8  2.735766e-02
 9  2.172641e-02
 10  1.675126e-02
 11  1.359253e-02
 12  1.117183e-02
 13  9.371214e-03
 14  8.012005e-03
 15  6.900477e-03
 16  6.013783e-03
 17  5.348250e-03
 18  4.764591e-03
 19  4.375226e-03
 20  4.130747e-03
 21  3.919378e-03
 22  3.771575e-03
 23  3.646655e-03
 24  3.492246e-03
 25  3.316994e-03
 26  3.121175e-03
 27  2.859272e-03
 28  2.542962e-03
 29  2.218643e-03
 30  1.925112e-03
 31  1.647309e-03
 32  1.404618e-03
 33  1.176870e-03
 34  9.919471e-04
 Iteration CPU time: 8 s
 CFIE residual: 0.000991947

 Iseg, Irank, Idinc : 1, 36, 163
 Thata, Phi : 90.000000, 162.000000
 Maximun iteration: 300
 Number of recycle truncation: 30
 Final matrix dimension:  36708
 Residual error:0.001000
 0  6.080416e-01
 1  3.057294e-01
 2  1.863089e-01
 3  1.291126e-01
 4  9.732568e-02
 5  7.828977e-02
 6  6.285231e-02
 7  5.194942e-02
 8  4.385362e-02
 9  3.829076e-02
 10  3.305140e-02
 11  2.855315e-02
 12  2.471002e-02
 13  2.147178e-02
 14  1.840902e-02
 15  1.587272e-02
 16  1.370796e-02
 17  1.156902e-02
 18  9.919652e-03
 19  8.439756e-03
 20  7.295237e-03
 21  6.292280e-03
 22  5.574236e-03
 23  4.971301e-03
 24  4.516934e-03
 25  4.168313e-03
 26  3.914691e-03
 27  3.695981e-03
 28  3.540670e-03
 29  3.378064e-03
 30  3.181763e-03
 31  2.963473e-03
 32  2.716627e-03
 33  2.450203e-03
 34  2.149212e-03
 35  1.802114e-03
 36  1.480829e-03
 37  1.168311e-03
 38  9.180918e-04
 Iteration CPU time: 9 s
 CFIE residual: 0.000918092

 Iseg, Irank, Idinc : 1, 37, 68
 Thata, Phi : 90.000000, 67.000000
 Maximun iteration: 300
 Number of recycle truncation: 30
 Final matrix dimension:  36708
 Residual error:0.001000
 0  6.462785e-01
 1  3.670327e-01
 2  2.345466e-01
 3  1.497908e-01
 4  1.060249e-01
 5  8.294121e-02
 6  6.313429e-02
 7  4.986145e-02
 8  3.983236e-02
 9  3.269202e-02
 10  2.562749e-02
 11  2.112004e-02
 12  1.737606e-02
 13  1.478754e-02
 14  1.325265e-02
 15  1.207165e-02
 16  1.126261e-02
 17  1.058773e-02
 18  1.009031e-02
 19  9.626132e-03
 20  9.243358e-03
 21  8.905077e-03
 22  8.398775e-03
 23  7.808610e-03
 24  6.963053e-03
 25  6.053067e-03
 26  5.274043e-03
 27  4.557665e-03
 28  3.840976e-03
 29  3.155115e-03
 30  2.568124e-03
 31  2.068910e-03
 32  1.707516e-03
 33  1.372904e-03
 34  1.102128e-03
 35  8.932078e-04
 Iteration CPU time: 8 s
 CFIE residual: 0.000893208

 Iseg, Irank, Idinc : 1, 38, 104
 Thata, Phi : 90.000000, 103.000000
 Maximun iteration: 300
 Number of recycle truncation: 30
 Final matrix dimension:  36708
 Residual error:0.001000
 0  6.095047e-01
 1  3.447082e-01
 2  2.134094e-01
 3  1.465967e-01
 4  1.051220e-01
 5  7.883960e-02
 6  6.043734e-02
 7  4.782335e-02
 8  3.847791e-02
 9  3.185477e-02
 10  2.598402e-02
 11  2.178367e-02
 12  1.804103e-02
 13  1.530269e-02
 14  1.333069e-02
 15  1.163976e-02
 16  1.039012e-02
 17  9.478275e-03
 18  8.616506e-03
 19  7.922178e-03
 20  7.374150e-03
 21  6.971160e-03
 22  6.729851e-03
 23  6.492169e-03
 24  6.263246e-03
 25  5.939501e-03
 26  5.557528e-03
 27  5.043026e-03
 28  4.469075e-03
 29  3.896023e-03
 30  3.295173e-03
 31  2.752209e-03
 32  2.245141e-03
 33  1.826821e-03
 34  1.485801e-03
 35  1.190928e-03
 36  9.668043e-04
 Iteration CPU time: 8 s
 CFIE residual: 0.000966804

 Iseg, Irank, Idinc : 1, 39, 13
 Thata, Phi : 90.000000, 12.000000
 Maximun iteration: 300
 Number of recycle truncation: 30
 Final matrix dimension:  36708
 Residual error:0.001000
 0  5.724277e-01
 1  2.832655e-01
 2  1.773316e-01
 3  1.233266e-01
 4  8.954837e-02
 5  6.680307e-02
 6  5.058438e-02
 7  3.961866e-02
 8  3.106616e-02
 9  2.455552e-02
 10  1.949703e-02
 11  1.526807e-02
 12  1.225129e-02
 13  1.005556e-02
 14  8.388885e-03
 15  6.854351e-03
 16  5.903725e-03
 17  5.043320e-03
 18  4.365603e-03
 19  3.793394e-03
 20  3.350985e-03
 21  2.989480e-03
 22  2.658365e-03
 23  2.391157e-03
 24  2.196242e-03
 25  2.056389e-03
 26  1.911224e-03
 27  1.794195e-03
 28  1.707523e-03
 29  1.621754e-03
 30  1.559173e-03
 31  1.497673e-03
 32  1.417059e-03
 33  1.318293e-03
 34  1.197250e-03
 35  1.063389e-03
 36  9.171961e-04
 Iteration CPU time: 8 s
 CFIE residual: 0.000917196

 Iseg, Irank, Idinc : 1, 40, 180
 Thata, Phi : 90.000000, 179.000000
 Maximun iteration: 300
 Number of recycle truncation: 30
 Final matrix dimension:  36708
 Residual error:0.001000
 0  5.903567e-01
 1  2.953333e-01
 2  1.825444e-01
 3  1.290135e-01
 4  9.881708e-02
 5  7.915863e-02
 6  6.481750e-02
 7  5.402981e-02
 8  4.515763e-02
 9  3.750436e-02
 10  3.071047e-02
 11  2.512912e-02
 12  2.065261e-02
 13  1.668683e-02
 14  1.410786e-02
 15  1.171608e-02
 16  9.726424e-03
 17  7.994234e-03
 18  6.740882e-03
 19  5.694098e-03
 20  4.871111e-03
 21  4.201982e-03
 22  3.632332e-03
 23  3.152904e-03
 24  2.821568e-03
 25  2.581475e-03
 26  2.368714e-03
 27  2.207993e-03
 28  2.070791e-03
 29  1.927251e-03
 30  1.804256e-03
 31  1.706034e-03
 32  1.601681e-03
 33  1.471130e-03
 34  1.323767e-03
 35  1.151066e-03
 36  9.813735e-04
 Iteration CPU time: 8 s
 CFIE residual: 0.000981373
 Last Built End in Sep 21 2025 00:06:12
 Total CPU time: 350 s
 Finished.
