 Last Built Begin in Sep 21 2025 00:06:12
 Pre-Type( Input ):            8
 Skl-Tol ( Input ):    1.0000000000000000E-002
 Wavelength in freespace: 0.375

 ################################################
 ##         Generating Required Mesh          ##
 ##         Waiting.....                      ##
 ################################################
 Subd No.      Subd Name
    1    sphere1                                                           
 isub,  nnode, npatch,  nedge:
    1       604      1204      1806
 Scale Factor         >>   9.99999978E-03
 ################################################

 START TIME: 20250922   002728.125


 Informaton for IE geometry:
 number of subdomains     : 1
 maxnode,maxpatch,maxedge : 604  1204  1806
 
 Index of Mat-Reg: 1
 Mat-Reg Number via MatFlg: 1
 Edge Number of Mat-Reg: 1, 1806

 Number of Edge on PEC: 0
 Mat-Reg: No Dim(m) Lmax:
    1 0.267    1
 Totlmax, add1, add2:           1           2           3
 rlengmax of Global MLFMA >>   0.26666665077333335     
 Lmax of Global MLFMA >>            1
 Wavenum of Mat-Reg:
    1 1.000

 total area in sq m           =      0.1254
 total area in sq lambda      =      0.8914
 maxnode, maxpatch, maxedge           =      604     1204     1806
 longest  edge in lambda              =      0.0581
 shortest edge in lambda              =      0.0253
 average  edge in lambda              =      0.0414
 largest  patch area in sq lambda     =      0.0012
 smallest patch area in sq lambda     =      0.0004
 ave    surface area in sq lambda     =      0.0007
 size range of the object in sq lambda =      0.5333

 #### MLFMA Info For Each Region ####
 Mat-Region =            1
 Array dimension parameters:
 maxrule=          14   maxgrid  =          64
 lmax   =           1   ncmax    =           9
 lsmax  =           1   lsmin    =           1
 kpm    =           1   kp0      =           1
 ntlm   =           1   nsm      =           1
 nkpm   =           1   niplm    =          16
 ngnearm=          64   ngsndm   =           1
 nearm  =        1807   mfinestm =         244
 ###############################

 CFIE Alpha:  0.50000000000000000     

 Fill MLFMA NI for Mat-Reg:           1
 Begin fill sparser part of Nearfield
 Begin fill denser part of Nearfield
 End fill
 Filling Amn                 Delta_CPU=         43.34 Memory(MB)=        200.07


 Now testing preconditioner with
 ipretype =            8
 method = cfie_solve_nfpre_pardiso

  
 NBP>>Begin fill sparser part of Nearfield
 NBP>>Begin fill denser part of Nearfield

212.5000%
225.0000%
237.5000%
250.0000%
262.5000%
275.0000%
287.5000%
300.0000%
 Begin MLFMA Box-Matrix Based Prec Constructor
 --- Intel MKL PARDISO --- 
  >> Solver Initialized
  >> Proceed to ngrp_box loop
  >> Loop 0 Initialized
 Memory for iGRP: 1 0 MB
 Total Memory For NFB Pre: 0 MB
 --- PARDISO PRECONDITIONER INITIALIZED --- 
 Constructing preconditioner CPU time: 0 s
 
 108360
 Memory for Iteration:: 1.65344 MB

 Iseg, Ninc_S : 1, 181, 0

 Iseg, Skeleton Angles: 1, 7
 Iseg, Skel-Pk Mem(MB): 1, 30.95

 Iseg, Irank, Idinc : 1, 1, 120
 Thata, Phi : 90.000000, 119.000000
 Maximun iteration: 300
 Number of recycle truncation: 30
 Final matrix dimension:  3612
 Residual error:0.010000
 0  1.752207e-01
 1  7.976452e-02
 2  2.842040e-02
 3  1.193949e-02
 4  5.018407e-03
 Iteration CPU time: 0 s
 CFIE residual: 0.00501841

 Iseg, Irank, Idinc : 1, 2, 37
 Thata, Phi : 90.000000, 36.000000
 Maximun iteration: 300
 Number of recycle truncation: 30
 Final matrix dimension:  3612
 Residual error:0.010000
 0  1.757150e-01
 1  8.033518e-02
 2  3.050446e-02
 3  1.322497e-02
 4  5.414420e-03
 Iteration CPU time: 0 s
 CFIE residual: 0.00541442

 Iseg, Irank, Idinc : 1, 3, 1
 Thata, Phi : 90.000000, 0.000000
 Maximun iteration: 300
 Number of recycle truncation: 30
 Final matrix dimension:  3612
 Residual error:0.010000
 0  1.883947e-01
 1  8.504050e-02
 2  3.029091e-02
 3  1.248570e-02
 4  5.069206e-03
 Iteration CPU time: 0 s
 CFIE residual: 0.00506921

 Iseg, Irank, Idinc : 1, 4, 181
 Thata, Phi : 90.000000, 180.000000
 Maximun iteration: 300
 Number of recycle truncation: 30
 Final matrix dimension:  3612
 Residual error:0.010000
 0  1.867086e-01
 1  8.456822e-02
 2  2.985117e-02
 3  1.171261e-02
 4  4.820912e-03
 Iteration CPU time: 0 s
 CFIE residual: 0.00482091

 Iseg, Irank, Idinc : 1, 5, 80
 Thata, Phi : 90.000000, 79.000000
 Maximun iteration: 300
 Number of recycle truncation: 30
 Final matrix dimension:  3612
 Residual error:0.010000
 0  1.837751e-01
 1  8.542442e-02
 2  3.070820e-02
 3  1.257574e-02
 4  5.032021e-03
 Iteration CPU time: 0 s
 CFIE residual: 0.00503202

 Iseg, Irank, Idinc : 1, 6, 155
 Thata, Phi : 90.000000, 154.000000
 Maximun iteration: 300
 Number of recycle truncation: 30
 Final matrix dimension:  3612
 Residual error:0.010000
 0  1.780307e-01
 1  8.046587e-02
 2  2.905222e-02
 3  1.177680e-02
 4  4.949290e-03
 Iteration CPU time: 0 s
 CFIE residual: 0.00494929

 Iseg, Irank, Idinc : 1, 7, 58
 Thata, Phi : 90.000000, 57.000000
 Maximun iteration: 300
 Number of recycle truncation: 30
 Final matrix dimension:  3612
 Residual error:0.010000
 0  1.763033e-01
 1  8.157298e-02
 2  3.087574e-02
 3  1.319083e-02
 4  5.355643e-03
 Iteration CPU time: 1 s
 CFIE residual: 0.00535564
 Last Built End in Sep 21 2025 00:06:12
 Total CPU time: 6 s
 Finished.
