 Last Built Begin in Sep 21 2025 00:06:12
 Pre-Type( Input ):           10
 Skl-Tol ( Input ):    1.0000000000000001E-005
 Wavelength in freespace: 0.0305499

 ################################################
 ##         Generating Required Mesh          ##
 ##         Waiting.....                      ##
 ################################################
 Subd No.      Subd Name
    1    Open-Duct_PRIME_model_meshAA1                                     
 isub,  nnode, npatch,  nedge:
    1      6118     12236     18354
 Scale Factor         >>   1.54999997E-02
 ################################################

 START TIME: 20250922   034359.577


 Informaton for IE geometry:
 number of subdomains     : 1
 maxnode,maxpatch,maxedge : 6118  12236  18354
 
 Index of Mat-Reg: 1
 Mat-Reg Number via MatFlg: 1
 Edge Number of Mat-Reg: 1, 18354

 Number of Edge on PEC: 18354
 Mat-Reg: No Dim(m) Lmax:
    1 0.235    5
 Totlmax, add1, add2:           5           6           7
 rlengmax of Global MLFMA >>   0.23470051875430417     
 Lmax of Global MLFMA >>            5
 Wavenum of Mat-Reg:
    1 1.000

 total area in sq m           =      0.0510
 total area in sq lambda      =     54.6128
 maxnode, maxpatch, maxedge           =     6118    12236    18354
 longest  edge in lambda              =      0.1528
 shortest edge in lambda              =      0.0073
 average  edge in lambda              =      0.1020
 largest  patch area in sq lambda     =      0.0079
 smallest patch area in sq lambda     =      0.0000
 ave    surface area in sq lambda     =      0.0045
 size range of the object in sq lambda =      7.5104

 #### MLFMA Info For Each Region ####
 Mat-Region =            1
 Array dimension parameters:
 maxrule=          14   maxgrid  =          64
 lmax   =           5   ncmax    =        1250
 lsmax  =          26   lsmin    =           7
 kpm    =        1356   kp0      =         102
 ntlm   =      212856   nsm      =      230886
 nkpm   =        2178   niplm    =      139392
 ngnearm=       14257   ngsndm   =       64634
 nearm  =         333   mfinestm =         119
 ###############################

 CFIE Alpha:  0.50000000000000000     

 Fill MLFMA FI for Mat-Reg:           1
 Begin filltl.f
 fill translation matrix
 Level:            2
 fill shifting matrix
 Level:            3
 fill shifting matrix
 Level:            4
 fill shifting matrix
 Level:            5
 fill shifting matrix
 translator time(s):  0.117000006    
 fill interpolation matrix
 ThetaOrder            8
 PhiOrder            8
 lsl            7
 Filling TL                  Delta_CPU=          0.54 Memory(MB)=        653.71
 Filling sndgrp              Delta_CPU=          0.00 Memory(MB)=        653.71
 Filling VFS                 Delta_CPU=          3.12 Memory(MB)=        653.71

 Fill MLFMA NI for Mat-Reg:           1
 Begin fill sparser part of Nearfield
 Begin fill denser part of Nearfield
 End fill
 Filling Amn                 Delta_CPU=         91.48 Memory(MB)=        653.71


 Now testing preconditioner with
 ipretype =           10
 method = cfie_solve_nfrasspspre_pardiso

  
 NBP>>Begin fill sparser part of Nearfield

113.9438% NBP>>Begin fill denser part of Nearfield

200.1041%
 Begin MLFMA Box-Matrix Based Spar-RAS Prec Constructor
 --- Intel MKL PARDISO --- 
 Memory for iGroup: 1 0 MB
 Total Memory For SparRAS Pre: 0 MB
 --- PARDISO PRECONDITIONER INITIALIZED --- 
 Constructing preconditioner CPU time: 4 s
 
 1101240
 Memory for Iteration:: 16.8036 MB

 Iseg, Ninc_S : 1, 181, 0

 Iseg, Skeleton Angles: 1, 40
 Iseg, Skel-Pk Mem(MB): 1, 314.35

 Iseg, Irank, Idinc : 1, 1, 22
 Thata, Phi : 90.000000, 21.000000
 Maximun iteration: 300
 Number of recycle truncation: 30
 Final matrix dimension:  36708
 Residual error:0.001000
 0  6.136559e-01
 1  2.911018e-01
 2  1.658124e-01
 3  1.135359e-01
 4  7.991339e-02
 5  5.917043e-02
 6  4.518119e-02
 7  3.514558e-02
 8  2.772027e-02
 9  2.226749e-02
 10  1.729179e-02
 11  1.380527e-02
 12  1.084475e-02
 13  8.876031e-03
 14  7.262997e-03
 15  6.138807e-03
 16  5.125659e-03
 17  4.315319e-03
 18  3.635621e-03
 19  3.089615e-03
 20  2.695253e-03
 21  2.339791e-03
 22  2.098029e-03
 23  1.912522e-03
 24  1.785940e-03
 25  1.658583e-03
 26  1.540302e-03
 27  1.435106e-03
 28  1.338254e-03
 29  1.242147e-03
 30  1.134221e-03
 31  1.021113e-03
 32  9.070899e-04
 Iteration CPU time: 8 s
 CFIE residual: 0.00090709

 Iseg, Irank, Idinc : 1, 2, 42
 Thata, Phi : 90.000000, 41.000000
 Maximun iteration: 300
 Number of recycle truncation: 30
 Final matrix dimension:  36708
 Residual error:0.001000
 0  6.262225e-01
 1  3.151718e-01
 2  1.998535e-01
 3  1.299304e-01
 4  8.908703e-02
 5  6.500478e-02
 6  4.799218e-02
 7  3.649087e-02
 8  2.797733e-02
 9  2.132791e-02
 10  1.636376e-02
 11  1.288131e-02
 12  1.047120e-02
 13  8.588699e-03
 14  7.094268e-03
 15  5.924398e-03
 16  5.085494e-03
 17  4.450221e-03
 18  4.018687e-03
 19  3.654476e-03
 20  3.359419e-03
 21  3.121889e-03
 22  2.898761e-03
 23  2.641784e-03
 24  2.437957e-03
 25  2.213882e-03
 26  1.974515e-03
 27  1.698046e-03
 28  1.463614e-03
 29  1.210370e-03
 30  9.881261e-04
 Iteration CPU time: 7 s
 CFIE residual: 0.000988126

 Iseg, Irank, Idinc : 1, 3, 63
 Thata, Phi : 90.000000, 62.000000
 Maximun iteration: 300
 Number of recycle truncation: 30
 Final matrix dimension:  36708
 Residual error:0.001000
 0  6.638143e-01
 1  3.557257e-01
 2  2.211802e-01
 3  1.421308e-01
 4  1.018055e-01
 5  7.752618e-02
 6  5.916635e-02
 7  4.555004e-02
 8  3.639276e-02
 9  2.913095e-02
 10  2.274094e-02
 11  1.824002e-02
 12  1.432214e-02
 13  1.170719e-02
 14  9.842576e-03
 15  8.380861e-03
 16  7.519247e-03
 17  6.882767e-03
 18  6.283408e-03
 19  5.757304e-03
 20  5.323866e-03
 21  4.886480e-03
 22  4.512979e-03
 23  4.166808e-03
 24  3.750744e-03
 25  3.270888e-03
 26  2.839754e-03
 27  2.362389e-03
 28  1.929231e-03
 29  1.558299e-03
 30  1.209471e-03
 31  9.422932e-04
 Iteration CPU time: 7 s
 CFIE residual: 0.000942293

 Iseg, Irank, Idinc : 1, 4, 109
 Thata, Phi : 90.000000, 108.000000
 Maximun iteration: 300
 Number of recycle truncation: 30
 Final matrix dimension:  36708
 Residual error:0.001000
 0  6.291993e-01
 1  3.555448e-01
 2  2.231873e-01
 3  1.535944e-01
 4  1.076330e-01
 5  8.100035e-02
 6  6.248418e-02
 7  4.795927e-02
 8  3.799193e-02
 9  3.087688e-02
 10  2.392616e-02
 11  1.878373e-02
 12  1.532223e-02
 13  1.268025e-02
 14  1.035835e-02
 15  8.518534e-03
 16  7.144467e-03
 17  6.081514e-03
 18  5.269738e-03
 19  4.599663e-03
 20  4.085570e-03
 21  3.661481e-03
 22  3.325231e-03
 23  3.043115e-03
 24  2.831564e-03
 25  2.611634e-03
 26  2.406494e-03
 27  2.188152e-03
 28  1.934528e-03
 29  1.677268e-03
 30  1.425497e-03
 31  1.160942e-03
 32  9.090904e-04
 Iteration CPU time: 8 s
 CFIE residual: 0.00090909

 Iseg, Irank, Idinc : 1, 5, 147
 Thata, Phi : 90.000000, 146.000000
 Maximun iteration: 300
 Number of recycle truncation: 30
 Final matrix dimension:  36708
 Residual error:0.001000
 0  6.508679e-01
 1  3.443878e-01
 2  2.081623e-01
 3  1.433794e-01
 4  1.040497e-01
 5  7.958351e-02
 6  6.275527e-02
 7  4.925799e-02
 8  4.124606e-02
 9  3.465257e-02
 10  2.927420e-02
 11  2.469106e-02
 12  2.026236e-02
 13  1.613444e-02
 14  1.306126e-02
 15  1.052515e-02
 16  8.470357e-03
 17  7.086639e-03
 18  5.828109e-03
 19  4.809332e-03
 20  3.987382e-03
 21  3.331726e-03
 22  2.881259e-03
 23  2.535974e-03
 24  2.265157e-03
 25  2.076908e-03
 26  1.926637e-03
 27  1.791807e-03
 28  1.655762e-03
 29  1.519881e-03
 30  1.372077e-03
 31  1.195713e-03
 32  1.008040e-03
 33  8.234950e-04
 Iteration CPU time: 7 s
 CFIE residual: 0.000823495

 Iseg, Irank, Idinc : 1, 6, 73
 Thata, Phi : 90.000000, 72.000000
 Maximun iteration: 300
 Number of recycle truncation: 30
 Final matrix dimension:  36708
 Residual error:0.001000
 0  6.438630e-01
 1  3.670861e-01
 2  2.379472e-01
 3  1.503367e-01
 4  1.056607e-01
 5  8.061409e-02
 6  6.299183e-02
 7  4.927223e-02
 8  3.978423e-02
 9  3.288511e-02
 10  2.568583e-02
 11  2.032852e-02
 12  1.645377e-02
 13  1.389150e-02
 14  1.186067e-02
 15  1.021978e-02
 16  8.970318e-03
 17  8.105932e-03
 18  7.369118e-03
 19  6.730368e-03
 20  6.195249e-03
 21  5.724202e-03
 22  5.299984e-03
 23  4.909758e-03
 24  4.474673e-03
 25  4.035468e-03
 26  3.528061e-03
 27  3.017655e-03
 28  2.544471e-03
 29  2.110945e-03
 30  1.692929e-03
 31  1.350715e-03
 32  1.049273e-03
 33  8.006849e-04
 Iteration CPU time: 8 s
 CFIE residual: 0.000800685

 Iseg, Irank, Idinc : 1, 7, 84
 Thata, Phi : 90.000000, 83.000000
 Maximun iteration: 300
 Number of recycle truncation: 30
 Final matrix dimension:  36708
 Residual error:0.001000
 0  6.189431e-01
 1  3.524025e-01
 2  2.282270e-01
 3  1.541548e-01
 4  1.110175e-01
 5  8.619483e-02
 6  6.623166e-02
 7  5.266528e-02
 8  4.194961e-02
 9  3.454449e-02
 10  2.704592e-02
 11  2.070832e-02
 12  1.635726e-02
 13  1.350260e-02
 14  1.133708e-02
 15  9.758648e-03
 16  8.527426e-03
 17  7.516618e-03
 18  6.766185e-03
 19  6.176107e-03
 20  5.727638e-03
 21  5.337791e-03
 22  4.960066e-03
 23  4.594533e-03
 24  4.172507e-03
 25  3.765788e-03
 26  3.360529e-03
 27  2.944934e-03
 28  2.530993e-03
 29  2.097105e-03
 30  1.732509e-03
 31  1.420823e-03
 32  1.141181e-03
 33  8.944785e-04
 Iteration CPU time: 8 s
 CFIE residual: 0.000894478

 Iseg, Irank, Idinc : 1, 8, 159
 Thata, Phi : 90.000000, 158.000000
 Maximun iteration: 300
 Number of recycle truncation: 30
 Final matrix dimension:  36708
 Residual error:0.001000
 0  6.101905e-01
 1  3.129380e-01
 2  1.909863e-01
 3  1.304917e-01
 4  9.964844e-02
 5  7.941347e-02
 6  6.396187e-02
 7  5.120552e-02
 8  4.383951e-02
 9  3.775397e-02
 10  3.159039e-02
 11  2.609727e-02
 12  2.139869e-02
 13  1.748652e-02
 14  1.415387e-02
 15  1.157757e-02
 16  9.438424e-03
 17  7.769157e-03
 18  6.242049e-03
 19  5.224859e-03
 20  4.206237e-03
 21  3.527639e-03
 22  3.007556e-03
 23  2.621454e-03
 24  2.297604e-03
 25  2.012851e-03
 26  1.820416e-03
 27  1.672104e-03
 28  1.552794e-03
 29  1.450448e-03
 30  1.363637e-03
 31  1.267445e-03
 32  1.145346e-03
 33  1.009341e-03
 34  8.514762e-04
 Iteration CPU time: 7 s
 CFIE residual: 0.000851476

 Iseg, Irank, Idinc : 1, 9, 121
 Thata, Phi : 90.000000, 120.000000
 Maximun iteration: 300
 Number of recycle truncation: 30
 Final matrix dimension:  36708
 Residual error:0.001000
 0  6.508386e-01
 1  3.441302e-01
 2  2.238129e-01
 3  1.557347e-01
 4  1.103294e-01
 5  8.273197e-02
 6  6.378997e-02
 7  4.985686e-02
 8  3.863421e-02
 9  2.998001e-02
 10  2.359239e-02
 11  1.874938e-02
 12  1.525766e-02
 13  1.244706e-02
 14  1.012923e-02
 15  8.652137e-03
 16  7.280549e-03
 17  6.264389e-03
 18  5.472994e-03
 19  4.796034e-03
 20  4.267345e-03
 21  3.853281e-03
 22  3.490393e-03
 23  3.181324e-03
 24  2.930038e-03
 25  2.719833e-03
 26  2.502769e-03
 27  2.320875e-03
 28  2.133965e-03
 29  1.913596e-03
 30  1.682905e-03
 31  1.434697e-03
 32  1.168916e-03
 33  9.084047e-04
 Iteration CPU time: 7 s
 CFIE residual: 0.000908405

 Iseg, Irank, Idinc : 1, 10, 133
 Thata, Phi : 90.000000, 132.000000
 Maximun iteration: 300
 Number of recycle truncation: 30
 Final matrix dimension:  36708
 Residual error:0.001000
 0  6.898877e-01
 1  3.590067e-01
 2  2.286511e-01
 3  1.550580e-01
 4  1.108840e-01
 5  8.471944e-02
 6  6.461267e-02
 7  5.003079e-02
 8  4.002629e-02
 9  3.129965e-02
 10  2.499632e-02
 11  2.013484e-02
 12  1.608527e-02
 13  1.303993e-02
 14  1.074978e-02
 15  8.786914e-03
 16  7.252552e-03
 17  6.030375e-03
 18  5.071052e-03
 19  4.450438e-03
 20  3.939750e-03
 21  3.554448e-03
 22  3.260505e-03
 23  2.968557e-03
 24  2.768352e-03
 25  2.578213e-03
 26  2.380267e-03
 27  2.201584e-03
 28  2.019680e-03
 29  1.841997e-03
 30  1.623701e-03
 31  1.397567e-03
 32  1.167241e-03
 33  9.634912e-04
 Iteration CPU time: 8 s
 CFIE residual: 0.000963491

 Iseg, Irank, Idinc : 1, 11, 52
 Thata, Phi : 90.000000, 51.000000
 Maximun iteration: 300
 Number of recycle truncation: 30
 Final matrix dimension:  36708
 Residual error:0.001000
 0  6.453737e-01
 1  3.357485e-01
 2  2.073325e-01
 3  1.349899e-01
 4  9.653650e-02
 5  7.174801e-02
 6  5.463958e-02
 7  4.248343e-02
 8  3.262793e-02
 9  2.468097e-02
 10  1.962610e-02
 11  1.527271e-02
 12  1.229544e-02
 13  1.011964e-02
 14  8.530889e-03
 15  7.330941e-03
 16  6.452409e-03
 17  5.733841e-03
 18  5.197484e-03
 19  4.783817e-03
 20  4.334445e-03
 21  3.971267e-03
 22  3.702588e-03
 23  3.413986e-03
 24  3.044059e-03
 25  2.676494e-03
 26  2.329054e-03
 27  1.932294e-03
 28  1.634149e-03
 29  1.301414e-03
 30  1.019095e-03
 31  8.028397e-04
 Iteration CPU time: 7 s
 CFIE residual: 0.00080284

 Iseg, Irank, Idinc : 1, 12, 32
 Thata, Phi : 90.000000, 31.000000
 Maximun iteration: 300
 Number of recycle truncation: 30
 Final matrix dimension:  36708
 Residual error:0.001000
 0  6.316127e-01
 1  3.055722e-01
 2  1.796790e-01
 3  1.136881e-01
 4  7.997487e-02
 5  5.901419e-02
 6  4.327572e-02
 7  3.261578e-02
 8  2.534847e-02
 9  2.031683e-02
 10  1.623666e-02
 11  1.294401e-02
 12  1.011268e-02
 13  8.516521e-03
 14  6.833228e-03
 15  5.775819e-03
 16  4.894260e-03
 17  4.206110e-03
 18  3.627009e-03
 19  3.167694e-03
 20  2.825142e-03
 21  2.545106e-03
 22  2.349260e-03
 23  2.199246e-03
 24  2.059954e-03
 25  1.907863e-03
 26  1.764981e-03
 27  1.623432e-03
 28  1.474387e-03
 29  1.292650e-03
 30  1.116712e-03
 31  9.461897e-04
 Iteration CPU time: 7 s
 CFIE residual: 0.00094619

 Iseg, Irank, Idinc : 1, 13, 92
 Thata, Phi : 90.000000, 91.000000
 Maximun iteration: 300
 Number of recycle truncation: 30
 Final matrix dimension:  36708
 Residual error:0.001000
 0  6.157802e-01
 1  3.534313e-01
 2  2.254042e-01
 3  1.509770e-01
 4  1.078551e-01
 5  8.423604e-02
 6  6.567208e-02
 7  5.196938e-02
 8  4.180440e-02
 9  3.402246e-02
 10  2.697768e-02
 11  2.136345e-02
 12  1.723504e-02
 13  1.412879e-02
 14  1.186640e-02
 15  1.003828e-02
 16  8.457697e-03
 17  7.361077e-03
 18  6.554567e-03
 19  5.932580e-03
 20  5.442975e-03
 21  5.043453e-03
 22  4.661408e-03
 23  4.343876e-03
 24  3.969882e-03
 25  3.632997e-03
 26  3.314680e-03
 27  2.982533e-03
 28  2.545912e-03
 29  2.084324e-03
 30  1.663665e-03
 31  1.346338e-03
 32  1.057211e-03
 33  8.165406e-04
 Iteration CPU time: 7 s
 CFIE residual: 0.000816541

 Iseg, Irank, Idinc : 1, 14, 11
 Thata, Phi : 90.000000, 10.000000
 Maximun iteration: 300
 Number of recycle truncation: 30
 Final matrix dimension:  36708
 Residual error:0.001000
 0  5.425844e-01
 1  2.756877e-01
 2  1.728115e-01
 3  1.228436e-01
 4  8.801324e-02
 5  6.632354e-02
 6  5.114520e-02
 7  3.944248e-02
 8  3.066094e-02
 9  2.432375e-02
 10  1.899285e-02
 11  1.476464e-02
 12  1.148438e-02
 13  9.289756e-03
 14  7.555337e-03
 15  6.176232e-03
 16  5.118491e-03
 17  4.279919e-03
 18  3.654961e-03
 19  3.149767e-03
 20  2.716001e-03
 21  2.380769e-03
 22  2.079404e-03
 23  1.838661e-03
 24  1.690635e-03
 25  1.562005e-03
 26  1.456153e-03
 27  1.352798e-03
 28  1.275550e-03
 29  1.191914e-03
 30  1.108506e-03
 31  1.010430e-03
 32  9.221608e-04
 Iteration CPU time: 8 s
 CFIE residual: 0.000922161

 Iseg, Irank, Idinc : 1, 15, 178
 Thata, Phi : 90.000000, 177.000000
 Maximun iteration: 300
 Number of recycle truncation: 30
 Final matrix dimension:  36708
 Residual error:0.001000
 0  5.612400e-01
 1  2.983749e-01
 2  1.903362e-01
 3  1.342374e-01
 4  1.053358e-01
 5  8.092880e-02
 6  6.569551e-02
 7  5.458607e-02
 8  4.467224e-02
 9  3.488576e-02
 10  2.752637e-02
 11  2.207670e-02
 12  1.772738e-02
 13  1.388394e-02
 14  1.124985e-02
 15  8.858521e-03
 16  7.026582e-03
 17  5.787690e-03
 18  4.719204e-03
 19  3.862390e-03
 20  3.068009e-03
 21  2.543013e-03
 22  2.178044e-03
 23  1.886718e-03
 24  1.620562e-03
 25  1.400241e-03
 26  1.225201e-03
 27  1.081833e-03
 28  9.865133e-04
 Iteration CPU time: 6 s
 CFIE residual: 0.000986513

 Iseg, Irank, Idinc : 1, 16, 101
 Thata, Phi : 90.000000, 100.000000
 Maximun iteration: 300
 Number of recycle truncation: 30
 Final matrix dimension:  36708
 Residual error:0.001000
 0  6.140373e-01
 1  3.509009e-01
 2  2.206844e-01
 3  1.485731e-01
 4  1.045583e-01
 5  7.851718e-02
 6  6.053188e-02
 7  4.751289e-02
 8  3.738825e-02
 9  3.021405e-02
 10  2.459636e-02
 11  1.993264e-02
 12  1.586019e-02
 13  1.301674e-02
 14  1.099009e-02
 15  9.019070e-03
 16  7.593564e-03
 17  6.552541e-03
 18  5.748461e-03
 19  5.160297e-03
 20  4.695019e-03
 21  4.274827e-03
 22  3.869753e-03
 23  3.599080e-03
 24  3.325787e-03
 25  3.061857e-03
 26  2.828985e-03
 27  2.598967e-03
 28  2.307148e-03
 29  1.995894e-03
 30  1.678913e-03
 31  1.365116e-03
 32  1.067664e-03
 33  8.525181e-04
 Iteration CPU time: 8 s
 CFIE residual: 0.000852518

 Iseg, Irank, Idinc : 1, 17, 1
 Thata, Phi : 90.000000, 0.000000
 Maximun iteration: 300
 Number of recycle truncation: 30
 Final matrix dimension:  36708
 Residual error:0.001000
 0  5.080473e-01
 1  2.676234e-01
 2  1.734409e-01
 3  1.205936e-01
 4  8.552837e-02
 5  6.429274e-02
 6  4.980650e-02
 7  3.802475e-02
 8  2.893870e-02
 9  2.277906e-02
 10  1.728001e-02
 11  1.357834e-02
 12  1.123857e-02
 13  8.749692e-03
 14  7.090810e-03
 15  5.606256e-03
 16  4.559323e-03
 17  3.765241e-03
 18  3.218476e-03
 19  2.771662e-03
 20  2.398795e-03
 21  2.120440e-03
 22  1.865602e-03
 23  1.632077e-03
 24  1.457067e-03
 25  1.328784e-03
 26  1.234765e-03
 27  1.159633e-03
 28  1.083408e-03
 29  1.003993e-03
 30  9.048271e-04
 Iteration CPU time: 7 s
 CFIE residual: 0.000904827

 Iseg, Irank, Idinc : 1, 18, 168
 Thata, Phi : 90.000000, 167.000000
 Maximun iteration: 300
 Number of recycle truncation: 30
 Final matrix dimension:  36708
 Residual error:0.001000
 0  5.775070e-01
 1  3.004662e-01
 2  1.884879e-01
 3  1.335314e-01
 4  1.046362e-01
 5  8.251578e-02
 6  6.796316e-02
 7  5.530928e-02
 8  4.612656e-02
 9  3.819435e-02
 10  3.238100e-02
 11  2.691100e-02
 12  2.232316e-02
 13  1.790686e-02
 14  1.466614e-02
 15  1.208586e-02
 16  9.848180e-03
 17  8.072508e-03
 18  6.363864e-03
 19  5.190083e-03
 20  4.247765e-03
 21  3.446164e-03
 22  2.924675e-03
 23  2.478667e-03
 24  2.095841e-03
 25  1.774271e-03
 26  1.524643e-03
 27  1.360702e-03
 28  1.245411e-03
 29  1.159371e-03
 30  1.091669e-03
 31  1.025149e-03
 32  9.464079e-04
 Iteration CPU time: 7 s
 CFIE residual: 0.000946408

 Iseg, Irank, Idinc : 1, 19, 140
 Thata, Phi : 90.000000, 139.000000
 Maximun iteration: 300
 Number of recycle truncation: 30
 Final matrix dimension:  36708
 Residual error:0.001000
 0  6.897651e-01
 1  3.537303e-01
 2  2.159419e-01
 3  1.489217e-01
 4  1.087178e-01
 5  8.234140e-02
 6  6.274217e-02
 7  4.955690e-02
 8  4.083597e-02
 9  3.333702e-02
 10  2.732195e-02
 11  2.271880e-02
 12  1.839631e-02
 13  1.499991e-02
 14  1.178552e-02
 15  9.664808e-03
 16  7.800094e-03
 17  6.500174e-03
 18  5.371009e-03
 19  4.491362e-03
 20  3.859050e-03
 21  3.392729e-03
 22  3.046638e-03
 23  2.752368e-03
 24  2.538133e-03
 25  2.378397e-03
 26  2.223437e-03
 27  2.074263e-03
 28  1.915453e-03
 29  1.760150e-03
 30  1.587792e-03
 31  1.378270e-03
 32  1.186654e-03
 33  1.007854e-03
 34  8.491454e-04
 Iteration CPU time: 7 s
 CFIE residual: 0.000849145

 Iseg, Irank, Idinc : 1, 20, 115
 Thata, Phi : 90.000000, 114.000000
 Maximun iteration: 300
 Number of recycle truncation: 30
 Final matrix dimension:  36708
 Residual error:0.001000
 0  6.447450e-01
 1  3.500198e-01
 2  2.206123e-01
 3  1.540940e-01
 4  1.093336e-01
 5  8.113197e-02
 6  6.165210e-02
 7  4.774621e-02
 8  3.811046e-02
 9  2.995699e-02
 10  2.314110e-02
 11  1.808545e-02
 12  1.501142e-02
 13  1.249174e-02
 14  1.020166e-02
 15  8.410553e-03
 16  7.128332e-03
 17  6.102035e-03
 18  5.264038e-03
 19  4.588713e-03
 20  4.133767e-03
 21  3.693956e-03
 22  3.364075e-03
 23  3.067144e-03
 24  2.850203e-03
 25  2.636120e-03
 26  2.434512e-03
 27  2.225703e-03
 28  2.026968e-03
 29  1.794907e-03
 30  1.547200e-03
 31  1.256401e-03
 32  9.905525e-04
 Iteration CPU time: 8 s
 CFIE residual: 0.000990552

 Iseg, Irank, Idinc : 1, 21, 78
 Thata, Phi : 90.000000, 77.000000
 Maximun iteration: 300
 Number of recycle truncation: 30
 Final matrix dimension:  36708
 Residual error:0.001000
 0  6.291935e-01
 1  3.609019e-01
 2  2.349192e-01
 3  1.493185e-01
 4  1.053396e-01
 5  8.052366e-02
 6  6.229639e-02
 7  5.032754e-02
 8  3.928817e-02
 9  3.152835e-02
 10  2.529734e-02
 11  2.012240e-02
 12  1.620005e-02
 13  1.361677e-02
 14  1.166956e-02
 15  1.013614e-02
 16  8.894484e-03
 17  7.864376e-03
 18  7.068137e-03
 19  6.484178e-03
 20  5.936464e-03
 21  5.522929e-03
 22  5.121014e-03
 23  4.773779e-03
 24  4.356204e-03
 25  3.963252e-03
 26  3.524769e-03
 27  3.058844e-03
 28  2.618097e-03
 29  2.209753e-03
 30  1.807595e-03
 31  1.454272e-03
 32  1.129434e-03
 33  8.599374e-04
 Iteration CPU time: 7 s
 CFIE residual: 0.000859937

 Iseg, Irank, Idinc : 1, 22, 6
 Thata, Phi : 90.000000, 5.000000
 Maximun iteration: 300
 Number of recycle truncation: 30
 Final matrix dimension:  36708
 Residual error:0.001000
 0  5.180031e-01
 1  2.701182e-01
 2  1.731761e-01
 3  1.216358e-01
 4  8.720768e-02
 5  6.592428e-02
 6  5.040507e-02
 7  3.803376e-02
 8  2.895170e-02
 9  2.331556e-02
 10  1.840357e-02
 11  1.451611e-02
 12  1.136235e-02
 13  9.183995e-03
 14  7.633766e-03
 15  6.119591e-03
 16  5.033798e-03
 17  4.196888e-03
 18  3.552262e-03
 19  3.070790e-03
 20  2.684579e-03
 21  2.349463e-03
 22  2.051336e-03
 23  1.796140e-03
 24  1.619374e-03
 25  1.481249e-03
 26  1.369231e-03
 27  1.278374e-03
 28  1.197548e-03
 29  1.112094e-03
 30  1.022149e-03
 31  9.300818e-04
 Iteration CPU time: 8 s
 CFIE residual: 0.000930082

 Iseg, Irank, Idinc : 1, 23, 181
 Thata, Phi : 90.000000, 180.000000
 Maximun iteration: 300
 Number of recycle truncation: 30
 Final matrix dimension:  36708
 Residual error:0.001000
 0  5.601466e-01
 1  2.983367e-01
 2  1.902914e-01
 3  1.340382e-01
 4  1.050066e-01
 5  8.024813e-02
 6  6.507525e-02
 7  5.406150e-02
 8  4.402667e-02
 9  3.413234e-02
 10  2.677981e-02
 11  2.120477e-02
 12  1.626846e-02
 13  1.273730e-02
 14  1.002858e-02
 15  7.842676e-03
 16  5.981734e-03
 17  4.825819e-03
 18  3.919397e-03
 19  3.091794e-03
 20  2.560959e-03
 21  2.181984e-03
 22  1.864211e-03
 23  1.591874e-03
 24  1.375816e-03
 25  1.222531e-03
 26  1.098846e-03
 27  9.910433e-04
 Iteration CPU time: 6 s
 CFIE residual: 0.000991043

 Iseg, Irank, Idinc : 1, 24, 154
 Thata, Phi : 90.000000, 153.000000
 Maximun iteration: 300
 Number of recycle truncation: 30
 Final matrix dimension:  36708
 Residual error:0.001000
 0  6.283129e-01
 1  3.259501e-01
 2  1.989723e-01
 3  1.347956e-01
 4  1.008568e-01
 5  7.898898e-02
 6  6.294887e-02
 7  4.997585e-02
 8  4.241635e-02
 9  3.590262e-02
 10  3.047640e-02
 11  2.531159e-02
 12  2.031056e-02
 13  1.666809e-02
 14  1.349218e-02
 15  1.098455e-02
 16  8.832451e-03
 17  7.292463e-03
 18  5.867102e-03
 19  4.915044e-03
 20  4.056940e-03
 21  3.388235e-03
 22  2.944357e-03
 23  2.578884e-03
 24  2.283143e-03
 25  2.044426e-03
 26  1.880716e-03
 27  1.726199e-03
 28  1.595781e-03
 29  1.487881e-03
 30  1.368883e-03
 31  1.247711e-03
 32  1.088997e-03
 33  9.349357e-04
 Iteration CPU time: 8 s
 CFIE residual: 0.000934936

 Iseg, Irank, Idinc : 1, 25, 17
 Thata, Phi : 90.000000, 16.000000
 Maximun iteration: 300
 Number of recycle truncation: 30
 Final matrix dimension:  36708
 Residual error:0.001000
 0  5.814703e-01
 1  2.837344e-01
 2  1.698047e-01
 3  1.190238e-01
 4  8.431301e-02
 5  6.333969e-02
 6  4.934958e-02
 7  3.830644e-02
 8  2.994151e-02
 9  2.356188e-02
 10  1.844617e-02
 11  1.477797e-02
 12  1.139912e-02
 13  9.127817e-03
 14  7.398929e-03
 15  6.283371e-03
 16  5.212583e-03
 17  4.376361e-03
 18  3.689501e-03
 19  3.133094e-03
 20  2.712020e-03
 21  2.344284e-03
 22  2.072624e-03
 23  1.854598e-03
 24  1.718378e-03
 25  1.598878e-03
 26  1.490046e-03
 27  1.386835e-03
 28  1.307566e-03
 29  1.223120e-03
 30  1.129255e-03
 31  1.030833e-03
 32  9.225603e-04
 Iteration CPU time: 7 s
 CFIE residual: 0.00092256

 Iseg, Irank, Idinc : 1, 26, 57
 Thata, Phi : 90.000000, 56.000000
 Maximun iteration: 300
 Number of recycle truncation: 30
 Final matrix dimension:  36708
 Residual error:0.001000
 0  6.588083e-01
 1  3.428799e-01
 2  2.123863e-01
 3  1.347459e-01
 4  9.622575e-02
 5  7.031112e-02
 6  5.433296e-02
 7  4.298967e-02
 8  3.439794e-02
 9  2.640330e-02
 10  1.994764e-02
 11  1.582425e-02
 12  1.293247e-02
 13  1.056114e-02
 14  8.830011e-03
 15  7.499714e-03
 16  6.713507e-03
 17  6.019764e-03
 18  5.444401e-03
 19  5.017109e-03
 20  4.623834e-03
 21  4.243886e-03
 22  3.905248e-03
 23  3.602559e-03
 24  3.227303e-03
 25  2.851712e-03
 26  2.450707e-03
 27  2.053020e-03
 28  1.680469e-03
 29  1.342129e-03
 30  1.066551e-03
 31  8.604678e-04
 Iteration CPU time: 8 s
 CFIE residual: 0.000860468

 Iseg, Irank, Idinc : 1, 27, 173
 Thata, Phi : 90.000000, 172.000000
 Maximun iteration: 300
 Number of recycle truncation: 30
 Final matrix dimension:  36708
 Residual error:0.001000
 0  5.670297e-01
 1  2.987061e-01
 2  1.901464e-01
 3  1.347486e-01
 4  1.061061e-01
 5  8.262677e-02
 6  6.756810e-02
 7  5.571028e-02
 8  4.617299e-02
 9  3.721711e-02
 10  3.044416e-02
 11  2.513518e-02
 12  2.088784e-02
 13  1.676418e-02
 14  1.378053e-02
 15  1.118087e-02
 16  9.289251e-03
 17  7.535063e-03
 18  5.926861e-03
 19  4.846606e-03
 20  3.893867e-03
 21  3.157163e-03
 22  2.682035e-03
 23  2.298774e-03
 24  1.941826e-03
 25  1.649601e-03
 26  1.415155e-03
 27  1.244817e-03
 28  1.129052e-03
 29  1.045322e-03
 30  9.848205e-04
 Iteration CPU time: 7 s
 CFIE residual: 0.000984821

 Iseg, Irank, Idinc : 1, 28, 127
 Thata, Phi : 90.000000, 126.000000
 Maximun iteration: 300
 Number of recycle truncation: 30
 Final matrix dimension:  36708
 Residual error:0.001000
 0  6.616137e-01
 1  3.482221e-01
 2  2.285732e-01
 3  1.571705e-01
 4  1.122822e-01
 5  8.555800e-02
 6  6.518804e-02
 7  5.071877e-02
 8  3.961848e-02
 9  3.098159e-02
 10  2.468198e-02
 11  1.950845e-02
 12  1.534352e-02
 13  1.254984e-02
 14  1.041691e-02
 15  8.764077e-03
 16  7.367711e-03
 17  6.253504e-03
 18  5.337027e-03
 19  4.681549e-03
 20  4.224625e-03
 21  3.807195e-03
 22  3.480342e-03
 23  3.209879e-03
 24  2.959729e-03
 25  2.738786e-03
 26  2.541446e-03
 27  2.369504e-03
 28  2.189610e-03
 29  2.019677e-03
 30  1.811830e-03
 31  1.586248e-03
 32  1.357510e-03
 33  1.119183e-03
 34  9.319549e-04
 Iteration CPU time: 8 s
 CFIE residual: 0.000931955

 Iseg, Irank, Idinc : 1, 29, 37
 Thata, Phi : 90.000000, 36.000000
 Maximun iteration: 300
 Number of recycle truncation: 30
 Final matrix dimension:  36708
 Residual error:0.001000
 0  6.218443e-01
 1  3.119440e-01
 2  1.924410e-01
 3  1.223194e-01
 4  8.362604e-02
 5  6.149588e-02
 6  4.484983e-02
 7  3.382294e-02
 8  2.614265e-02
 9  2.033428e-02
 10  1.594813e-02
 11  1.272916e-02
 12  1.012597e-02
 13  8.398028e-03
 14  6.885276e-03
 15  5.753372e-03
 16  4.832193e-03
 17  4.205663e-03
 18  3.699151e-03
 19  3.288424e-03
 20  2.983184e-03
 21  2.747774e-03
 22  2.558569e-03
 23  2.365066e-03
 24  2.215021e-03
 25  2.047078e-03
 26  1.858239e-03
 27  1.658691e-03
 28  1.477891e-03
 29  1.261007e-03
 30  1.062806e-03
 31  8.796787e-04
 Iteration CPU time: 7 s
 CFIE residual: 0.000879679

 Iseg, Irank, Idinc : 1, 30, 96
 Thata, Phi : 90.000000, 95.000000
 Maximun iteration: 300
 Number of recycle truncation: 30
 Final matrix dimension:  36708
 Residual error:0.001000
 0  6.148742e-01
 1  3.519429e-01
 2  2.225258e-01
 3  1.479091e-01
 4  1.061502e-01
 5  8.145920e-02
 6  6.298261e-02
 7  5.033813e-02
 8  4.008467e-02
 9  3.224848e-02
 10  2.579461e-02
 11  2.055308e-02
 12  1.668978e-02
 13  1.382624e-02
 14  1.152605e-02
 15  9.593585e-03
 16  8.093229e-03
 17  7.033052e-03
 18  6.208631e-03
 19  5.589530e-03
 20  5.101326e-03
 21  4.676842e-03
 22  4.288205e-03
 23  4.016977e-03
 24  3.689377e-03
 25  3.407063e-03
 26  3.140658e-03
 27  2.845694e-03
 28  2.494005e-03
 29  2.075816e-03
 30  1.684539e-03
 31  1.352518e-03
 32  1.035565e-03
 33  8.220275e-04
 Iteration CPU time: 7 s
 CFIE residual: 0.000822028

 Iseg, Irank, Idinc : 1, 31, 3
 Thata, Phi : 90.000000, 2.000000
 Maximun iteration: 300
 Number of recycle truncation: 30
 Final matrix dimension:  36708
 Residual error:0.001000
 0  5.097341e-01
 1  2.680560e-01
 2  1.733820e-01
 3  1.207614e-01
 4  8.584388e-02
 5  6.465547e-02
 6  4.991548e-02
 7  3.792661e-02
 8  2.881187e-02
 9  2.278742e-02
 10  1.755404e-02
 11  1.400186e-02
 12  1.130221e-02
 13  8.909398e-03
 14  7.318924e-03
 15  5.895163e-03
 16  4.872038e-03
 17  4.057779e-03
 18  3.420819e-03
 19  2.964277e-03
 20  2.599224e-03
 21  2.296374e-03
 22  2.002269e-03
 23  1.741600e-03
 24  1.560904e-03
 25  1.418737e-03
 26  1.298214e-03
 27  1.211515e-03
 28  1.131652e-03
 29  1.052595e-03
 30  9.593518e-04
 Iteration CPU time: 7 s
 CFIE residual: 0.000959352

 Iseg, Irank, Idinc : 1, 32, 164
 Thata, Phi : 90.000000, 163.000000
 Maximun iteration: 300
 Number of recycle truncation: 30
 Final matrix dimension:  36708
 Residual error:0.001000
 0  5.902394e-01
 1  3.042539e-01
 2  1.873694e-01
 3  1.312655e-01
 4  1.019569e-01
 5  8.144188e-02
 6  6.665343e-02
 7  5.374997e-02
 8  4.522738e-02
 9  3.844592e-02
 10  3.266147e-02
 11  2.704688e-02
 12  2.250423e-02
 13  1.814183e-02
 14  1.475877e-02
 15  1.217391e-02
 16  9.935804e-03
 17  8.188054e-03
 18  6.534534e-03
 19  5.327994e-03
 20  4.347767e-03
 21  3.541954e-03
 22  3.005936e-03
 23  2.534626e-03
 24  2.172270e-03
 25  1.858896e-03
 26  1.641865e-03
 27  1.485783e-03
 28  1.376686e-03
 29  1.288916e-03
 30  1.213979e-03
 31  1.141644e-03
 32  1.049323e-03
 33  9.435217e-04
 Iteration CPU time: 7 s
 CFIE residual: 0.000943522

 Iseg, Irank, Idinc : 1, 33, 68
 Thata, Phi : 90.000000, 67.000000
 Maximun iteration: 300
 Number of recycle truncation: 30
 Final matrix dimension:  36708
 Residual error:0.001000
 0  6.572917e-01
 1  3.650424e-01
 2  2.311068e-01
 3  1.494530e-01
 4  1.078551e-01
 5  8.173484e-02
 6  6.257799e-02
 7  4.899295e-02
 8  3.992898e-02
 9  3.254564e-02
 10  2.548550e-02
 11  2.001151e-02
 12  1.597046e-02
 13  1.331558e-02
 14  1.132834e-02
 15  9.759794e-03
 16  8.712379e-03
 17  7.862619e-03
 18  7.169789e-03
 19  6.526936e-03
 20  6.004031e-03
 21  5.518791e-03
 22  5.133242e-03
 23  4.766631e-03
 24  4.318841e-03
 25  3.829612e-03
 26  3.326332e-03
 27  2.824011e-03
 28  2.339090e-03
 29  1.903237e-03
 30  1.493091e-03
 31  1.176661e-03
 32  9.264272e-04
 Iteration CPU time: 8 s
 CFIE residual: 0.000926427

 Iseg, Irank, Idinc : 1, 34, 27
 Thata, Phi : 90.000000, 26.000000
 Maximun iteration: 300
 Number of recycle truncation: 30
 Final matrix dimension:  36708
 Residual error:0.001000
 0  6.332548e-01
 1  2.982969e-01
 2  1.681882e-01
 3  1.100947e-01
 4  7.736428e-02
 5  5.694101e-02
 6  4.241317e-02
 7  3.210421e-02
 8  2.513107e-02
 9  2.068490e-02
 10  1.658229e-02
 11  1.311639e-02
 12  1.036460e-02
 13  8.806253e-03
 14  7.181857e-03
 15  6.031463e-03
 16  5.149904e-03
 17  4.331815e-03
 18  3.685738e-03
 19  3.170431e-03
 20  2.765762e-03
 21  2.427188e-03
 22  2.203096e-03
 23  2.038937e-03
 24  1.911511e-03
 25  1.773600e-03
 26  1.649669e-03
 27  1.530898e-03
 28  1.407622e-03
 29  1.282715e-03
 30  1.142048e-03
 31  1.001716e-03
 32  8.713583e-04
 Iteration CPU time: 7 s
 CFIE residual: 0.000871358

 Iseg, Irank, Idinc : 1, 35, 180
 Thata, Phi : 90.000000, 179.000000
 Maximun iteration: 300
 Number of recycle truncation: 30
 Final matrix dimension:  36708
 Residual error:0.001000
 0  5.602831e-01
 1  2.983430e-01
 2  1.902993e-01
 3  1.340656e-01
 4  1.050505e-01
 5  8.033806e-02
 6  6.515668e-02
 7  5.414011e-02
 8  4.412634e-02
 9  3.423817e-02
 10  2.687689e-02
 11  2.132851e-02
 12  1.653814e-02
 13  1.294435e-02
 14  1.029501e-02
 15  8.046689e-03
 16  6.204921e-03
 17  5.066317e-03
 18  4.166033e-03
 19  3.377822e-03
 20  2.700743e-03
 21  2.262371e-03
 22  1.948371e-03
 23  1.689867e-03
 24  1.464895e-03
 25  1.280999e-03
 26  1.137639e-03
 27  1.014530e-03
 28  9.341604e-04
 Iteration CPU time: 7 s
 CFIE residual: 0.00093416

 Iseg, Irank, Idinc : 1, 36, 47
 Thata, Phi : 90.000000, 46.000000
 Maximun iteration: 300
 Number of recycle truncation: 30
 Final matrix dimension:  36708
 Residual error:0.001000
 0  6.349826e-01
 1  3.239771e-01
 2  2.035619e-01
 3  1.337400e-01
 4  9.476794e-02
 5  7.064083e-02
 6  5.283123e-02
 7  4.063778e-02
 8  3.115368e-02
 9  2.402594e-02
 10  1.854923e-02
 11  1.431944e-02
 12  1.146950e-02
 13  9.369771e-03
 14  7.791334e-03
 15  6.559418e-03
 16  5.749234e-03
 17  5.097091e-03
 18  4.652318e-03
 19  4.308866e-03
 20  3.914775e-03
 21  3.589260e-03
 22  3.328362e-03
 23  3.051797e-03
 24  2.762078e-03
 25  2.473913e-03
 26  2.190269e-03
 27  1.853088e-03
 28  1.577846e-03
 29  1.294344e-03
 30  1.050063e-03
 31  8.437098e-04
 Iteration CPU time: 7 s
 CFIE residual: 0.00084371

 Iseg, Irank, Idinc : 1, 37, 143
 Thata, Phi : 90.000000, 142.000000
 Maximun iteration: 300
 Number of recycle truncation: 30
 Final matrix dimension:  36708
 Residual error:0.001000
 0  6.724525e-01
 1  3.505566e-01
 2  2.113041e-01
 3  1.459445e-01
 4  1.061884e-01
 5  8.062392e-02
 6  6.244538e-02
 7  4.932601e-02
 8  4.092652e-02
 9  3.403540e-02
 10  2.829508e-02
 11  2.366110e-02
 12  1.935472e-02
 13  1.581206e-02
 14  1.251351e-02
 15  1.021345e-02
 16  8.140415e-03
 17  6.785030e-03
 18  5.579043e-03
 19  4.605340e-03
 20  3.917607e-03
 21  3.352806e-03
 22  2.961230e-03
 23  2.649285e-03
 24  2.402472e-03
 25  2.240268e-03
 26  2.092706e-03
 27  1.957811e-03
 28  1.807356e-03
 29  1.662061e-03
 30  1.504785e-03
 31  1.316322e-03
 32  1.136191e-03
 33  9.685592e-04
 Iteration CPU time: 8 s
 CFIE residual: 0.000968559

 Iseg, Irank, Idinc : 1, 38, 105
 Thata, Phi : 90.000000, 104.000000
 Maximun iteration: 300
 Number of recycle truncation: 30
 Final matrix dimension:  36708
 Residual error:0.001000
 0  6.183630e-01
 1  3.534287e-01
 2  2.222691e-01
 3  1.511041e-01
 4  1.053211e-01
 5  7.935666e-02
 6  6.180476e-02
 7  4.765749e-02
 8  3.758933e-02
 9  3.095521e-02
 10  2.464750e-02
 11  1.951839e-02
 12  1.572379e-02
 13  1.296708e-02
 14  1.066047e-02
 15  8.729739e-03
 16  7.332844e-03
 17  6.312298e-03
 18  5.467518e-03
 19  4.860618e-03
 20  4.356567e-03
 21  3.949191e-03
 22  3.574473e-03
 23  3.289394e-03
 24  3.051265e-03
 25  2.817034e-03
 26  2.601058e-03
 27  2.396918e-03
 28  2.125569e-03
 29  1.860435e-03
 30  1.559898e-03
 31  1.300498e-03
 32  1.036253e-03
 33  8.271185e-04
 Iteration CPU time: 7 s
 CFIE residual: 0.000827119

 Iseg, Irank, Idinc : 1, 39, 8
 Thata, Phi : 90.000000, 7.000000
 Maximun iteration: 300
 Number of recycle truncation: 30
 Final matrix dimension:  36708
 Residual error:0.001000
 0  5.265713e-01
 1  2.721424e-01
 2  1.730727e-01
 3  1.224086e-01
 4  8.800387e-02
 5  6.646399e-02
 6  5.079646e-02
 7  3.865434e-02
 8  2.990408e-02
 9  2.396237e-02
 10  1.864061e-02
 11  1.466124e-02
 12  1.147273e-02
 13  9.346651e-03
 14  7.630749e-03
 15  6.096546e-03
 16  5.060339e-03
 17  4.234845e-03
 18  3.598701e-03
 19  3.101806e-03
 20  2.707365e-03
 21  2.368391e-03
 22  2.066753e-03
 23  1.820679e-03
 24  1.654421e-03
 25  1.519865e-03
 26  1.412712e-03
 27  1.316614e-03
 28  1.236900e-03
 29  1.150922e-03
 30  1.063585e-03
 31  9.699420e-04
 Iteration CPU time: 8 s
 CFIE residual: 0.000969942

 Iseg, Irank, Idinc : 1, 40, 176
 Thata, Phi : 90.000000, 175.000000
 Maximun iteration: 300
 Number of recycle truncation: 30
 Final matrix dimension:  36708
 Residual error:0.001000
 0  5.630230e-01
 1  2.984428e-01
 2  1.903594e-01
 3  1.345034e-01
 4  1.057509e-01
 5  8.174136e-02
 6  6.648072e-02
 7  5.512365e-02
 8  4.535087e-02
 9  3.580500e-02
 10  2.855188e-02
 11  2.316426e-02
 12  1.899175e-02
 13  1.495538e-02
 14  1.227739e-02
 15  9.846849e-03
 16  8.036321e-03
 17  6.544591e-03
 18  5.228079e-03
 19  4.302504e-03
 20  3.454340e-03
 21  2.823969e-03
 22  2.408417e-03
 23  2.079926e-03
 24  1.770142e-03
 25  1.515994e-03
 26  1.313141e-03
 27  1.153763e-03
 28  1.046660e-03
 29  9.679461e-04
 Iteration CPU time: 6 s
 CFIE residual: 0.000967946
 Last Built End in Sep 21 2025 00:06:12
 Total CPU time: 313 s
 Finished.
