 Last Built Begin in Sep 21 2025 00:06:12
 Pre-Type( Input ):           10
 Skl-Tol ( Input ):    1.0000000000000001E-005
 Wavelength in freespace: 0.0287632

 ################################################
 ##         Generating Required Mesh          ##
 ##         Waiting.....                      ##
 ################################################
 Subd No.      Subd Name
    1    Open-Duct_PRIME_model_meshAA1                                     
 isub,  nnode, npatch,  nedge:
    1      6118     12236     18354
 Scale Factor         >>   1.54999997E-02
 ################################################

 START TIME: 20250922   085806.976


 Informaton for IE geometry:
 number of subdomains     : 1
 maxnode,maxpatch,maxedge : 6118  12236  18354
 
 Index of Mat-Reg: 1
 Mat-Reg Number via MatFlg: 1
 Edge Number of Mat-Reg: 1, 18354

 Number of Edge on PEC: 18354
 Mat-Reg: No Dim(m) Lmax:
    1 0.249    5
 Totlmax, add1, add2:           5           6           7
 rlengmax of Global MLFMA >>   0.24927967521460206     
 Lmax of Global MLFMA >>            5
 Wavenum of Mat-Reg:
    1 1.000

 total area in sq m           =      0.0510
 total area in sq lambda      =     61.6084
 maxnode, maxpatch, maxedge           =     6118    12236    18354
 longest  edge in lambda              =      0.1623
 shortest edge in lambda              =      0.0077
 average  edge in lambda              =      0.1083
 largest  patch area in sq lambda     =      0.0089
 smallest patch area in sq lambda     =      0.0001
 ave    surface area in sq lambda     =      0.0050
 size range of the object in sq lambda =      7.9769

 #### MLFMA Info For Each Region ####
 Mat-Region =            1
 Array dimension parameters:
 maxrule=          14   maxgrid  =          64
 lmax   =           5   ncmax    =        1250
 lsmax  =          27   lsmin    =           7
 kpm    =        1462   kp0      =         102
 ntlm   =      225016   nsm      =      235590
 nkpm   =        2350   niplm    =      150400
 ngnearm=       14257   ngsndm   =       64634
 nearm  =         333   mfinestm =         119
 ###############################

 CFIE Alpha:  0.50000000000000000     

 Fill MLFMA FI for Mat-Reg:           1
 Begin filltl.f
 fill translation matrix
 Level:            2
 fill shifting matrix
 Level:            3
 fill shifting matrix
 Level:            4
 fill shifting matrix
 Level:            5
 fill shifting matrix
 translator time(s):  0.122000009    
 fill interpolation matrix
 ThetaOrder            8
 PhiOrder            8
 lsl            7
 Filling TL                  Delta_CPU=          0.55 Memory(MB)=        654.36
 Filling sndgrp              Delta_CPU=          0.00 Memory(MB)=        654.36
 Filling VFS                 Delta_CPU=          3.13 Memory(MB)=        654.36

 Fill MLFMA NI for Mat-Reg:           1
 Begin fill sparser part of Nearfield
 Begin fill denser part of Nearfield
 End fill
 Filling Amn                 Delta_CPU=         89.91 Memory(MB)=        654.36


 Now testing preconditioner with
 ipretype =           10
 method = cfie_solve_nfrasspspre_pardiso

  
 NBP>>Begin fill sparser part of Nearfield

117.7940% NBP>>Begin fill denser part of Nearfield

200.1041%
 Begin MLFMA Box-Matrix Based Spar-RAS Prec Constructor
 --- Intel MKL PARDISO --- 
 Memory for iGroup: 1 0 MB
 Total Memory For SparRAS Pre: 0 MB
 --- PARDISO PRECONDITIONER INITIALIZED --- 
 Constructing preconditioner CPU time: 4 s
 
 1101240
 Memory for Iteration:: 16.8036 MB

 Iseg, Ninc_S : 1, 181, 0

 Iseg, Skeleton Angles: 1, 40
 Iseg, Skel-Pk Mem(MB): 1, 314.35

 Iseg, Irank, Idinc : 1, 1, 42
 Thata, Phi : 90.000000, 41.000000
 Maximun iteration: 300
 Number of recycle truncation: 30
 Final matrix dimension:  36708
 Residual error:0.001000
 0  6.328252e-01
 1  3.160739e-01
 2  1.992325e-01
 3  1.280489e-01
 4  8.951555e-02
 5  6.553977e-02
 6  5.005849e-02
 7  3.848510e-02
 8  2.937616e-02
 9  2.315453e-02
 10  1.738426e-02
 11  1.431406e-02
 12  1.209424e-02
 13  1.031536e-02
 14  9.207216e-03
 15  8.163305e-03
 16  7.353431e-03
 17  6.791253e-03
 18  6.271085e-03
 19  5.950160e-03
 20  5.694956e-03
 21  5.400274e-03
 22  5.116746e-03
 23  4.801852e-03
 24  4.421576e-03
 25  3.960056e-03
 26  3.500076e-03
 27  3.061937e-03
 28  2.565482e-03
 29  2.165864e-03
 30  1.809830e-03
 31  1.515178e-03
 32  1.246105e-03
 33  1.011532e-03
 34  8.343182e-04
 Iteration CPU time: 8 s
 CFIE residual: 0.000834318

 Iseg, Irank, Idinc : 1, 2, 63
 Thata, Phi : 90.000000, 62.000000
 Maximun iteration: 300
 Number of recycle truncation: 30
 Final matrix dimension:  36708
 Residual error:0.001000
 0  6.545020e-01
 1  3.588637e-01
 2  2.236940e-01
 3  1.435235e-01
 4  1.017509e-01
 5  7.830028e-02
 6  5.989465e-02
 7  4.807609e-02
 8  3.877754e-02
 9  3.115004e-02
 10  2.438773e-02
 11  2.017456e-02
 12  1.703567e-02
 13  1.484701e-02
 14  1.348685e-02
 15  1.256607e-02
 16  1.186916e-02
 17  1.129429e-02
 18  1.086478e-02
 19  1.024527e-02
 20  9.567109e-03
 21  9.014527e-03
 22  8.257387e-03
 23  7.441814e-03
 24  6.518029e-03
 25  5.523592e-03
 26  4.662228e-03
 27  3.920771e-03
 28  3.256870e-03
 29  2.692007e-03
 30  2.193904e-03
 31  1.772874e-03
 32  1.422119e-03
 33  1.155184e-03
 34  9.197874e-04
 Iteration CPU time: 8 s
 CFIE residual: 0.000919787

 Iseg, Irank, Idinc : 1, 3, 108
 Thata, Phi : 90.000000, 107.000000
 Maximun iteration: 300
 Number of recycle truncation: 30
 Final matrix dimension:  36708
 Residual error:0.001000
 0  6.168131e-01
 1  3.479542e-01
 2  2.158017e-01
 3  1.464055e-01
 4  1.044844e-01
 5  7.781207e-02
 6  6.023022e-02
 7  4.710735e-02
 8  3.846598e-02
 9  3.173469e-02
 10  2.564489e-02
 11  2.130643e-02
 12  1.801521e-02
 13  1.529077e-02
 14  1.346936e-02
 15  1.195232e-02
 16  1.076939e-02
 17  1.001113e-02
 18  9.226959e-03
 19  8.676256e-03
 20  8.219827e-03
 21  7.823145e-03
 22  7.464338e-03
 23  7.153866e-03
 24  6.807786e-03
 25  6.377438e-03
 26  5.751787e-03
 27  5.070019e-03
 28  4.379731e-03
 29  3.698646e-03
 30  3.030713e-03
 31  2.428375e-03
 32  1.885761e-03
 33  1.524810e-03
 34  1.236911e-03
 35  9.869663e-04
 Iteration CPU time: 8 s
 CFIE residual: 0.000986966

 Iseg, Irank, Idinc : 1, 4, 147
 Thata, Phi : 90.000000, 146.000000
 Maximun iteration: 300
 Number of recycle truncation: 30
 Final matrix dimension:  36708
 Residual error:0.001000
 0  6.571707e-01
 1  3.462627e-01
 2  2.096197e-01
 3  1.412482e-01
 4  1.003554e-01
 5  7.690259e-02
 6  5.945794e-02
 7  4.759733e-02
 8  3.964591e-02
 9  3.380378e-02
 10  2.907375e-02
 11  2.552104e-02
 12  2.276538e-02
 13  1.960716e-02
 14  1.680390e-02
 15  1.473653e-02
 16  1.288222e-02
 17  1.108906e-02
 18  1.002933e-02
 19  8.965319e-03
 20  8.271780e-03
 21  7.665480e-03
 22  7.193049e-03
 23  6.836783e-03
 24  6.536653e-03
 25  6.298883e-03
 26  6.001292e-03
 27  5.655716e-03
 28  5.195609e-03
 29  4.696284e-03
 30  4.111082e-03
 31  3.592064e-03
 32  3.040815e-03
 33  2.507241e-03
 34  1.973589e-03
 35  1.584242e-03
 36  1.255558e-03
 37  9.768087e-04
 Iteration CPU time: 8 s
 CFIE residual: 0.000976809

 Iseg, Irank, Idinc : 1, 5, 22
 Thata, Phi : 90.000000, 21.000000
 Maximun iteration: 300
 Number of recycle truncation: 30
 Final matrix dimension:  36708
 Residual error:0.001000
 0  6.331544e-01
 1  2.971125e-01
 2  1.762640e-01
 3  1.167451e-01
 4  8.104114e-02
 5  5.978794e-02
 6  4.521932e-02
 7  3.547497e-02
 8  2.799677e-02
 9  2.269583e-02
 10  1.879303e-02
 11  1.529447e-02
 12  1.242511e-02
 13  1.034348e-02
 14  8.720556e-03
 15  7.529888e-03
 16  6.586412e-03
 17  5.662070e-03
 18  4.921131e-03
 19  4.379468e-03
 20  4.024891e-03
 21  3.667907e-03
 22  3.447596e-03
 23  3.245058e-03
 24  3.082216e-03
 25  2.961267e-03
 26  2.825453e-03
 27  2.683868e-03
 28  2.514839e-03
 29  2.354397e-03
 30  2.165959e-03
 31  1.972820e-03
 32  1.739576e-03
 33  1.498849e-03
 34  1.236904e-03
 35  1.029613e-03
 36  8.377776e-04
 Iteration CPU time: 9 s
 CFIE residual: 0.000837778

 Iseg, Irank, Idinc : 1, 6, 137
 Thata, Phi : 90.000000, 136.000000
 Maximun iteration: 300
 Number of recycle truncation: 30
 Final matrix dimension:  36708
 Residual error:0.001000
 0  6.966781e-01
 1  3.485632e-01
 2  2.153138e-01
 3  1.471158e-01
 4  1.054008e-01
 5  7.915542e-02
 6  5.995814e-02
 7  4.768838e-02
 8  3.918285e-02
 9  3.292303e-02
 10  2.773011e-02
 11  2.332766e-02
 12  2.022636e-02
 13  1.725461e-02
 14  1.461551e-02
 15  1.281873e-02
 16  1.148947e-02
 17  1.035018e-02
 18  9.446715e-03
 19  8.769560e-03
 20  8.263011e-03
 21  7.821191e-03
 22  7.448010e-03
 23  7.077290e-03
 24  6.718038e-03
 25  6.324104e-03
 26  5.796904e-03
 27  5.303420e-03
 28  4.732884e-03
 29  4.228103e-03
 30  3.677924e-03
 31  3.159083e-03
 32  2.671980e-03
 33  2.267408e-03
 34  1.892021e-03
 35  1.550394e-03
 36  1.284623e-03
 37  1.034974e-03
 38  8.119894e-04
 Iteration CPU time: 8 s
 CFIE residual: 0.000811989

 Iseg, Irank, Idinc : 1, 7, 83
 Thata, Phi : 90.000000, 82.000000
 Maximun iteration: 300
 Number of recycle truncation: 30
 Final matrix dimension:  36708
 Residual error:0.001000
 0  6.055516e-01
 1  3.478409e-01
 2  2.221403e-01
 3  1.498955e-01
 4  1.085083e-01
 5  8.337760e-02
 6  6.432744e-02
 7  5.100917e-02
 8  4.146056e-02
 9  3.305780e-02
 10  2.718949e-02
 11  2.289322e-02
 12  1.952246e-02
 13  1.732493e-02
 14  1.573561e-02
 15  1.442481e-02
 16  1.335529e-02
 17  1.261330e-02
 18  1.207194e-02
 19  1.154617e-02
 20  1.102196e-02
 21  1.046727e-02
 22  9.853173e-03
 23  9.070688e-03
 24  8.121100e-03
 25  7.107200e-03
 26  6.129693e-03
 27  5.287240e-03
 28  4.520541e-03
 29  3.731973e-03
 30  3.145076e-03
 31  2.591275e-03
 32  2.142963e-03
 33  1.736688e-03
 34  1.389638e-03
 35  1.130488e-03
 36  9.200108e-04
 Iteration CPU time: 9 s
 CFIE residual: 0.000920011

 Iseg, Irank, Idinc : 1, 8, 72
 Thata, Phi : 90.000000, 71.000000
 Maximun iteration: 300
 Number of recycle truncation: 30
 Final matrix dimension:  36708
 Residual error:0.001000
 0  6.317329e-01
 1  3.634340e-01
 2  2.344780e-01
 3  1.478892e-01
 4  1.053749e-01
 5  8.299593e-02
 6  6.412964e-02
 7  5.006992e-02
 8  4.089646e-02
 9  3.410440e-02
 10  2.720405e-02
 11  2.244206e-02
 12  1.889402e-02
 13  1.670556e-02
 14  1.531135e-02
 15  1.412875e-02
 16  1.339939e-02
 17  1.272044e-02
 18  1.210900e-02
 19  1.144977e-02
 20  1.082587e-02
 21  1.018485e-02
 22  9.505942e-03
 23  8.623539e-03
 24  7.599194e-03
 25  6.392395e-03
 26  5.521995e-03
 27  4.674089e-03
 28  3.904873e-03
 29  3.260503e-03
 30  2.688778e-03
 31  2.202286e-03
 32  1.767648e-03
 33  1.464510e-03
 34  1.165976e-03
 35  9.418141e-04
 Iteration CPU time: 8 s
 CFIE residual: 0.000941814

 Iseg, Irank, Idinc : 1, 9, 125
 Thata, Phi : 90.000000, 124.000000
 Maximun iteration: 300
 Number of recycle truncation: 30
 Final matrix dimension:  36708
 Residual error:0.001000
 0  6.577827e-01
 1  3.406573e-01
 2  2.200051e-01
 3  1.548602e-01
 4  1.125489e-01
 5  8.182672e-02
 6  6.483661e-02
 7  5.157070e-02
 8  4.225064e-02
 9  3.421175e-02
 10  2.735426e-02
 11  2.173832e-02
 12  1.769206e-02
 13  1.448765e-02
 14  1.235139e-02
 15  1.081067e-02
 16  9.577502e-03
 17  8.746413e-03
 18  8.019063e-03
 19  7.523607e-03
 20  7.157135e-03
 21  6.846427e-03
 22  6.569057e-03
 23  6.257469e-03
 24  5.927597e-03
 25  5.535706e-03
 26  5.080538e-03
 27  4.630998e-03
 28  4.164359e-03
 29  3.733454e-03
 30  3.273561e-03
 31  2.842947e-03
 32  2.438449e-03
 33  2.100847e-03
 34  1.762469e-03
 35  1.479011e-03
 36  1.196391e-03
 37  9.422666e-04
 Iteration CPU time: 8 s
 CFIE residual: 0.000942267

 Iseg, Irank, Idinc : 1, 10, 159
 Thata, Phi : 90.000000, 158.000000
 Maximun iteration: 300
 Number of recycle truncation: 30
 Final matrix dimension:  36708
 Residual error:0.001000
 0  6.226982e-01
 1  3.146216e-01
 2  1.916617e-01
 3  1.299905e-01
 4  9.632798e-02
 5  7.716826e-02
 6  6.169411e-02
 7  5.072111e-02
 8  4.300943e-02
 9  3.716888e-02
 10  3.228390e-02
 11  2.858577e-02
 12  2.517825e-02
 13  2.148094e-02
 14  1.833409e-02
 15  1.607854e-02
 16  1.422289e-02
 17  1.231409e-02
 18  1.076241e-02
 19  9.375024e-03
 20  8.297609e-03
 21  7.455889e-03
 22  6.763136e-03
 23  6.249893e-03
 24  5.877190e-03
 25  5.604477e-03
 26  5.332405e-03
 27  5.086756e-03
 28  4.795696e-03
 29  4.458465e-03
 30  4.077344e-03
 31  3.527416e-03
 32  3.008751e-03
 33  2.506036e-03
 34  2.037735e-03
 35  1.618390e-03
 36  1.282558e-03
 37  1.004031e-03
 38  7.633599e-04
 Iteration CPU time: 8 s
 CFIE residual: 0.00076336

 Iseg, Irank, Idinc : 1, 11, 53
 Thata, Phi : 90.000000, 52.000000
 Maximun iteration: 300
 Number of recycle truncation: 30
 Final matrix dimension:  36708
 Residual error:0.001000
 0  6.539167e-01
 1  3.453410e-01
 2  2.122541e-01
 3  1.352638e-01
 4  9.835025e-02
 5  7.520429e-02
 6  5.868953e-02
 7  4.512148e-02
 8  3.550095e-02
 9  2.893804e-02
 10  2.258655e-02
 11  1.796016e-02
 12  1.475010e-02
 13  1.242551e-02
 14  1.118254e-02
 15  1.027239e-02
 16  9.536446e-03
 17  9.088498e-03
 18  8.483071e-03
 19  7.989941e-03
 20  7.563906e-03
 21  7.004852e-03
 22  6.442374e-03
 23  5.829818e-03
 24  5.121222e-03
 25  4.303412e-03
 26  3.607181e-03
 27  2.992321e-03
 28  2.441197e-03
 29  1.946735e-03
 30  1.610669e-03
 31  1.333190e-03
 32  1.096343e-03
 33  8.888582e-04
 Iteration CPU time: 8 s
 CFIE residual: 0.000888858

 Iseg, Irank, Idinc : 1, 12, 33
 Thata, Phi : 90.000000, 32.000000
 Maximun iteration: 300
 Number of recycle truncation: 30
 Final matrix dimension:  36708
 Residual error:0.001000
 0  6.281943e-01
 1  3.118577e-01
 2  1.863743e-01
 3  1.170491e-01
 4  8.162983e-02
 5  5.960298e-02
 6  4.473645e-02
 7  3.418078e-02
 8  2.709070e-02
 9  2.170360e-02
 10  1.706234e-02
 11  1.408638e-02
 12  1.164364e-02
 13  9.758820e-03
 14  8.499679e-03
 15  7.302922e-03
 16  6.406831e-03
 17  5.719542e-03
 18  5.114699e-03
 19  4.747527e-03
 20  4.484306e-03
 21  4.259036e-03
 22  4.072574e-03
 23  3.917927e-03
 24  3.711476e-03
 25  3.497526e-03
 26  3.232318e-03
 27  2.918799e-03
 28  2.561017e-03
 29  2.169936e-03
 30  1.819873e-03
 31  1.543789e-03
 32  1.319845e-03
 33  1.106522e-03
 34  9.081101e-04
 Iteration CPU time: 8 s
 CFIE residual: 0.00090811

 Iseg, Irank, Idinc : 1, 13, 176
 Thata, Phi : 90.000000, 175.000000
 Maximun iteration: 300
 Number of recycle truncation: 30
 Final matrix dimension:  36708
 Residual error:0.001000
 0  5.908737e-01
 1  2.946662e-01
 2  1.825474e-01
 3  1.298148e-01
 4  1.003250e-01
 5  8.056609e-02
 6  6.623165e-02
 7  5.527387e-02
 8  4.612817e-02
 9  3.901425e-02
 10  3.263878e-02
 11  2.732704e-02
 12  2.275553e-02
 13  1.890642e-02
 14  1.631223e-02
 15  1.368386e-02
 16  1.174076e-02
 17  9.991738e-03
 18  8.501940e-03
 19  7.234482e-03
 20  6.304837e-03
 21  5.491280e-03
 22  4.874120e-03
 23  4.312497e-03
 24  3.898309e-03
 25  3.613553e-03
 26  3.356786e-03
 27  3.170515e-03
 28  2.993304e-03
 29  2.826081e-03
 30  2.683076e-03
 31  2.515561e-03
 32  2.346721e-03
 33  2.162005e-03
 34  1.946877e-03
 35  1.692542e-03
 36  1.465705e-03
 37  1.246647e-03
 38  1.015980e-03
 39  8.086200e-04
 Iteration CPU time: 9 s
 CFIE residual: 0.00080862

 Iseg, Irank, Idinc : 1, 14, 91
 Thata, Phi : 90.000000, 90.000000
 Maximun iteration: 300
 Number of recycle truncation: 30
 Final matrix dimension:  36708
 Residual error:0.001000
 0  5.968451e-01
 1  3.436744e-01
 2  2.174619e-01
 3  1.492731e-01
 4  1.076361e-01
 5  8.209516e-02
 6  6.391713e-02
 7  4.998585e-02
 8  4.103963e-02
 9  3.343690e-02
 10  2.787652e-02
 11  2.322085e-02
 12  2.013844e-02
 13  1.769001e-02
 14  1.601448e-02
 15  1.456971e-02
 16  1.329420e-02
 17  1.241564e-02
 18  1.174073e-02
 19  1.118145e-02
 20  1.070416e-02
 21  1.018601e-02
 22  9.635300e-03
 23  8.960206e-03
 24  8.186375e-03
 25  7.482587e-03
 26  6.552098e-03
 27  5.654510e-03
 28  4.735788e-03
 29  4.023505e-03
 30  3.360620e-03
 31  2.816689e-03
 32  2.303062e-03
 33  1.877786e-03
 34  1.541315e-03
 35  1.222881e-03
 36  9.790822e-04
 Iteration CPU time: 9 s
 CFIE residual: 0.000979082

 Iseg, Irank, Idinc : 1, 15, 9
 Thata, Phi : 90.000000, 8.000000
 Maximun iteration: 300
 Number of recycle truncation: 30
 Final matrix dimension:  36708
 Residual error:0.001000
 0  5.472374e-01
 1  2.791014e-01
 2  1.781204e-01
 3  1.241887e-01
 4  9.065920e-02
 5  6.764157e-02
 6  5.142804e-02
 7  4.007438e-02
 8  3.146879e-02
 9  2.458634e-02
 10  1.967816e-02
 11  1.579838e-02
 12  1.282066e-02
 13  1.025984e-02
 14  8.547423e-03
 15  7.219110e-03
 16  6.116446e-03
 17  5.323497e-03
 18  4.608817e-03
 19  4.021646e-03
 20  3.522263e-03
 21  3.172794e-03
 22  2.841472e-03
 23  2.549246e-03
 24  2.360559e-03
 25  2.201411e-03
 26  2.034596e-03
 27  1.899359e-03
 28  1.793546e-03
 29  1.695334e-03
 30  1.620814e-03
 31  1.539573e-03
 32  1.439501e-03
 33  1.324868e-03
 34  1.191569e-03
 35  1.056008e-03
 36  8.941776e-04
 Iteration CPU time: 8 s
 CFIE residual: 0.000894178

 Iseg, Irank, Idinc : 1, 16, 100
 Thata, Phi : 90.000000, 99.000000
 Maximun iteration: 300
 Number of recycle truncation: 30
 Final matrix dimension:  36708
 Residual error:0.001000
 0  6.060332e-01
 1  3.416408e-01
 2  2.137632e-01
 3  1.451963e-01
 4  1.049378e-01
 5  7.961800e-02
 6  6.200607e-02
 7  4.912382e-02
 8  3.974773e-02
 9  3.299816e-02
 10  2.700827e-02
 11  2.299358e-02
 12  1.961924e-02
 13  1.720515e-02
 14  1.506787e-02
 15  1.338783e-02
 16  1.218519e-02
 17  1.129994e-02
 18  1.055230e-02
 19  9.910093e-03
 20  9.362954e-03
 21  8.977014e-03
 22  8.573948e-03
 23  8.128236e-03
 24  7.549072e-03
 25  6.951208e-03
 26  6.239734e-03
 27  5.432496e-03
 28  4.709850e-03
 29  3.951518e-03
 30  3.294388e-03
 31  2.752556e-03
 32  2.254075e-03
 33  1.814649e-03
 34  1.446335e-03
 35  1.185609e-03
 36  9.561197e-04
 Iteration CPU time: 8 s
 CFIE residual: 0.00095612

 Iseg, Irank, Idinc : 1, 17, 116
 Thata, Phi : 90.000000, 115.000000
 Maximun iteration: 300
 Number of recycle truncation: 30
 Final matrix dimension:  36708
 Residual error:0.001000
 0  6.424484e-01
 1  3.471418e-01
 2  2.160148e-01
 3  1.502570e-01
 4  1.077003e-01
 5  7.962834e-02
 6  6.192491e-02
 7  4.859161e-02
 8  3.847302e-02
 9  3.125637e-02
 10  2.547796e-02
 11  2.092186e-02
 12  1.754983e-02
 13  1.500972e-02
 14  1.290329e-02
 15  1.119546e-02
 16  1.010382e-02
 17  9.334281e-03
 18  8.597333e-03
 19  8.048505e-03
 20  7.688317e-03
 21  7.362487e-03
 22  7.093225e-03
 23  6.745656e-03
 24  6.409349e-03
 25  6.011516e-03
 26  5.512367e-03
 27  4.953661e-03
 28  4.413531e-03
 29  3.884477e-03
 30  3.382745e-03
 31  2.886614e-03
 32  2.322339e-03
 33  1.853015e-03
 34  1.488376e-03
 35  1.152792e-03
 36  9.271995e-04
 Iteration CPU time: 9 s
 CFIE residual: 0.000927199

 Iseg, Irank, Idinc : 1, 18, 1
 Thata, Phi : 90.000000, 0.000000
 Maximun iteration: 300
 Number of recycle truncation: 30
 Final matrix dimension:  36708
 Residual error:0.001000
 0  5.220626e-01
 1  2.739135e-01
 2  1.779076e-01
 3  1.209966e-01
 4  8.833995e-02
 5  6.685989e-02
 6  5.086001e-02
 7  3.848620e-02
 8  2.967962e-02
 9  2.375793e-02
 10  1.936091e-02
 11  1.529826e-02
 12  1.183614e-02
 13  9.904386e-03
 14  8.131346e-03
 15  6.812078e-03
 16  5.770195e-03
 17  4.987268e-03
 18  4.284558e-03
 19  3.714409e-03
 20  3.189396e-03
 21  2.766098e-03
 22  2.432038e-03
 23  2.139737e-03
 24  1.905674e-03
 25  1.687972e-03
 26  1.519146e-03
 27  1.397229e-03
 28  1.292270e-03
 29  1.217468e-03
 30  1.145756e-03
 31  1.067316e-03
 32  9.878813e-04
 Iteration CPU time: 7 s
 CFIE residual: 0.000987881

 Iseg, Irank, Idinc : 1, 19, 168
 Thata, Phi : 90.000000, 167.000000
 Maximun iteration: 300
 Number of recycle truncation: 30
 Final matrix dimension:  36708
 Residual error:0.001000
 0  5.957548e-01
 1  2.978241e-01
 2  1.838563e-01
 3  1.307990e-01
 4  1.005461e-01
 5  8.089087e-02
 6  6.548517e-02
 7  5.499318e-02
 8  4.622261e-02
 9  3.914035e-02
 10  3.307348e-02
 11  2.921165e-02
 12  2.526498e-02
 13  2.147850e-02
 14  1.871967e-02
 15  1.621720e-02
 16  1.417552e-02
 17  1.211643e-02
 18  1.019611e-02
 19  8.732548e-03
 20  7.664654e-03
 21  6.645494e-03
 22  6.005976e-03
 23  5.421194e-03
 24  4.970881e-03
 25  4.612470e-03
 26  4.338673e-03
 27  4.103469e-03
 28  3.904416e-03
 29  3.704698e-03
 30  3.479401e-03
 31  3.218815e-03
 32  2.945510e-03
 33  2.628026e-03
 34  2.283621e-03
 35  1.946937e-03
 36  1.639775e-03
 37  1.307104e-03
 38  1.019378e-03
 39  8.172944e-04
 Iteration CPU time: 9 s
 CFIE residual: 0.000817294

 Iseg, Irank, Idinc : 1, 20, 16
 Thata, Phi : 90.000000, 15.000000
 Maximun iteration: 300
 Number of recycle truncation: 30
 Final matrix dimension:  36708
 Residual error:0.001000
 0  5.947281e-01
 1  2.878954e-01
 2  1.769154e-01
 3  1.214329e-01
 4  8.681790e-02
 5  6.449313e-02
 6  4.883065e-02
 7  3.876953e-02
 8  3.035445e-02
 9  2.407332e-02
 10  1.939362e-02
 11  1.544045e-02
 12  1.246093e-02
 13  1.026649e-02
 14  8.656654e-03
 15  7.279304e-03
 16  6.269174e-03
 17  5.383567e-03
 18  4.687333e-03
 19  4.162583e-03
 20  3.739637e-03
 21  3.374364e-03
 22  3.097857e-03
 23  2.843095e-03
 24  2.677276e-03
 25  2.541417e-03
 26  2.410101e-03
 27  2.294627e-03
 28  2.169635e-03
 29  2.055715e-03
 30  1.956281e-03
 31  1.831525e-03
 32  1.672968e-03
 33  1.495465e-03
 34  1.285212e-03
 35  1.082205e-03
 36  8.923222e-04
 Iteration CPU time: 10 s
 CFIE residual: 0.000892322

 Iseg, Irank, Idinc : 1, 21, 181
 Thata, Phi : 90.000000, 180.000000
 Maximun iteration: 300
 Number of recycle truncation: 30
 Final matrix dimension:  36708
 Residual error:0.001000
 0  5.906530e-01
 1  2.941883e-01
 2  1.817603e-01
 3  1.285103e-01
 4  9.852071e-02
 5  7.897041e-02
 6  6.511445e-02
 7  5.424903e-02
 8  4.520341e-02
 9  3.772653e-02
 10  3.082364e-02
 11  2.530193e-02
 12  2.088334e-02
 13  1.682575e-02
 14  1.424025e-02
 15  1.196616e-02
 16  9.919785e-03
 17  8.222383e-03
 18  6.994387e-03
 19  6.029276e-03
 20  5.145527e-03
 21  4.465723e-03
 22  3.925765e-03
 23  3.426021e-03
 24  3.092807e-03
 25  2.898129e-03
 26  2.720926e-03
 27  2.558998e-03
 28  2.403581e-03
 29  2.221424e-03
 30  2.039141e-03
 31  1.848169e-03
 32  1.654328e-03
 33  1.432383e-03
 34  1.187157e-03
 35  9.463862e-04
 Iteration CPU time: 9 s
 CFIE residual: 0.000946386

 Iseg, Irank, Idinc : 1, 22, 153
 Thata, Phi : 90.000000, 152.000000
 Maximun iteration: 300
 Number of recycle truncation: 30
 Final matrix dimension:  36708
 Residual error:0.001000
 0  6.369965e-01
 1  3.295273e-01
 2  2.020563e-01
 3  1.348333e-01
 4  9.783329e-02
 5  7.671183e-02
 6  6.005352e-02
 7  4.889498e-02
 8  4.035726e-02
 9  3.460589e-02
 10  3.002190e-02
 11  2.661475e-02
 12  2.331571e-02
 13  1.975100e-02
 14  1.714751e-02
 15  1.515099e-02
 16  1.335924e-02
 17  1.168183e-02
 18  1.025474e-02
 19  9.062896e-03
 20  8.214782e-03
 21  7.521173e-03
 22  6.897125e-03
 23  6.459988e-03
 24  6.111721e-03
 25  5.867564e-03
 26  5.602707e-03
 27  5.337005e-03
 28  4.984208e-03
 29  4.551147e-03
 30  4.032442e-03
 31  3.462235e-03
 32  2.972011e-03
 33  2.491213e-03
 34  1.947547e-03
 35  1.518866e-03
 36  1.177396e-03
 37  9.313423e-04
 Iteration CPU time: 8 s
 CFIE residual: 0.000931342

 Iseg, Irank, Idinc : 1, 23, 77
 Thata, Phi : 90.000000, 76.000000
 Maximun iteration: 300
 Number of recycle truncation: 30
 Final matrix dimension:  36708
 Residual error:0.001000
 0  6.138072e-01
 1  3.539644e-01
 2  2.282265e-01
 3  1.474327e-01
 4  1.044497e-01
 5  8.041176e-02
 6  6.210599e-02
 7  4.868629e-02
 8  3.968664e-02
 9  3.204650e-02
 10  2.669600e-02
 11  2.258235e-02
 12  1.917609e-02
 13  1.719999e-02
 14  1.551915e-02
 15  1.429985e-02
 16  1.352786e-02
 17  1.283445e-02
 18  1.226203e-02
 19  1.165771e-02
 20  1.105737e-02
 21  1.048119e-02
 22  9.864676e-03
 23  9.111814e-03
 24  8.097189e-03
 25  6.982502e-03
 26  6.126511e-03
 27  5.276498e-03
 28  4.473793e-03
 29  3.721233e-03
 30  3.083196e-03
 31  2.512355e-03
 32  2.052663e-03
 33  1.661723e-03
 34  1.333114e-03
 35  1.060620e-03
 36  8.465491e-04
 Iteration CPU time: 9 s
 CFIE residual: 0.000846549

 Iseg, Irank, Idinc : 1, 24, 131
 Thata, Phi : 90.000000, 130.000000
 Maximun iteration: 300
 Number of recycle truncation: 30
 Final matrix dimension:  36708
 Residual error:0.001000
 0  6.757311e-01
 1  3.480374e-01
 2  2.198633e-01
 3  1.493929e-01
 4  1.076357e-01
 5  7.971438e-02
 6  6.245285e-02
 7  4.975485e-02
 8  4.012609e-02
 9  3.330494e-02
 10  2.732812e-02
 11  2.256988e-02
 12  1.841089e-02
 13  1.519892e-02
 14  1.299203e-02
 15  1.129441e-02
 16  9.977140e-03
 17  9.072715e-03
 18  8.316491e-03
 19  7.785373e-03
 20  7.405526e-03
 21  7.064441e-03
 22  6.771046e-03
 23  6.450943e-03
 24  6.109020e-03
 25  5.678471e-03
 26  5.185330e-03
 27  4.695724e-03
 28  4.203603e-03
 29  3.686132e-03
 30  3.145790e-03
 31  2.703578e-03
 32  2.286090e-03
 33  1.942069e-03
 34  1.603879e-03
 35  1.333683e-03
 36  1.103292e-03
 37  8.921009e-04
 Iteration CPU time: 8 s
 CFIE residual: 0.000892101

 Iseg, Irank, Idinc : 1, 25, 48
 Thata, Phi : 90.000000, 47.000000
 Maximun iteration: 300
 Number of recycle truncation: 30
 Final matrix dimension:  36708
 Residual error:0.001000
 0  6.419990e-01
 1  3.325450e-01
 2  2.065258e-01
 3  1.347529e-01
 4  9.778498e-02
 5  7.416434e-02
 6  5.712625e-02
 7  4.382211e-02
 8  3.380240e-02
 9  2.675203e-02
 10  2.060220e-02
 11  1.642908e-02
 12  1.385389e-02
 13  1.169331e-02
 14  1.042307e-02
 15  9.539621e-03
 16  8.745769e-03
 17  8.232567e-03
 18  7.653308e-03
 19  7.239923e-03
 20  6.927970e-03
 21  6.494266e-03
 22  6.008872e-03
 23  5.471940e-03
 24  4.967993e-03
 25  4.265503e-03
 26  3.711506e-03
 27  3.148370e-03
 28  2.638214e-03
 29  2.169147e-03
 30  1.794659e-03
 31  1.487590e-03
 32  1.207995e-03
 33  9.912613e-04
 Iteration CPU time: 9 s
 CFIE residual: 0.000991261

 Iseg, Irank, Idinc : 1, 26, 5
 Thata, Phi : 90.000000, 4.000000
 Maximun iteration: 300
 Number of recycle truncation: 30
 Final matrix dimension:  36708
 Residual error:0.001000
 0  5.288448e-01
 1  2.754713e-01
 2  1.780535e-01
 3  1.225258e-01
 4  8.960440e-02
 5  6.720836e-02
 6  5.101050e-02
 7  3.904652e-02
 8  3.072328e-02
 9  2.425754e-02
 10  1.949921e-02
 11  1.555031e-02
 12  1.249918e-02
 13  1.034882e-02
 14  8.515840e-03
 15  7.122642e-03
 16  6.090805e-03
 17  5.251843e-03
 18  4.504612e-03
 19  3.943924e-03
 20  3.432839e-03
 21  3.036662e-03
 22  2.692300e-03
 23  2.376722e-03
 24  2.155686e-03
 25  1.970036e-03
 26  1.777946e-03
 27  1.621570e-03
 28  1.511808e-03
 29  1.422620e-03
 30  1.356606e-03
 31  1.286048e-03
 32  1.210511e-03
 33  1.120760e-03
 34  1.024438e-03
 35  9.082764e-04
 Iteration CPU time: 9 s
 CFIE residual: 0.000908276

 Iseg, Irank, Idinc : 1, 27, 96
 Thata, Phi : 90.000000, 95.000000
 Maximun iteration: 300
 Number of recycle truncation: 30
 Final matrix dimension:  36708
 Residual error:0.001000
 0  5.991720e-01
 1  3.414185e-01
 2  2.152243e-01
 3  1.453904e-01
 4  1.041809e-01
 5  8.003089e-02
 6  6.331074e-02
 7  4.961845e-02
 8  4.010819e-02
 9  3.264981e-02
 10  2.732480e-02
 11  2.312201e-02
 12  1.988791e-02
 13  1.749678e-02
 14  1.554282e-02
 15  1.392722e-02
 16  1.266593e-02
 17  1.186953e-02
 18  1.111714e-02
 19  1.051967e-02
 20  9.980649e-03
 21  9.597137e-03
 22  9.091218e-03
 23  8.545929e-03
 24  7.966371e-03
 25  7.301927e-03
 26  6.449739e-03
 27  5.551507e-03
 28  4.781518e-03
 29  4.038621e-03
 30  3.365359e-03
 31  2.826507e-03
 32  2.365092e-03
 33  1.880773e-03
 34  1.493990e-03
 35  1.185599e-03
 36  9.602272e-04
 Iteration CPU time: 8 s
 CFIE residual: 0.000960227

 Iseg, Irank, Idinc : 1, 28, 172
 Thata, Phi : 90.000000, 171.000000
 Maximun iteration: 300
 Number of recycle truncation: 30
 Final matrix dimension:  36708
 Residual error:0.001000
 0  5.918774e-01
 1  2.955366e-01
 2  1.834949e-01
 3  1.311422e-01
 4  1.014920e-01
 5  8.153404e-02
 6  6.669365e-02
 7  5.577612e-02
 8  4.661042e-02
 9  3.961749e-02
 10  3.387703e-02
 11  2.881767e-02
 12  2.436019e-02
 13  2.069729e-02
 14  1.793252e-02
 15  1.518264e-02
 16  1.319369e-02
 17  1.130417e-02
 18  9.568301e-03
 19  8.163771e-03
 20  7.120342e-03
 21  6.151371e-03
 22  5.520220e-03
 23  4.951293e-03
 24  4.508859e-03
 25  4.167291e-03
 26  3.888363e-03
 27  3.675959e-03
 28  3.486828e-03
 29  3.304909e-03
 30  3.125912e-03
 31  2.932883e-03
 32  2.721444e-03
 33  2.474201e-03
 34  2.203396e-03
 35  1.925485e-03
 36  1.660944e-03
 37  1.340952e-03
 38  1.060886e-03
 39  8.476783e-04
 Iteration CPU time: 9 s
 CFIE residual: 0.000847678

 Iseg, Irank, Idinc : 1, 29, 28
 Thata, Phi : 90.000000, 27.000000
 Maximun iteration: 300
 Number of recycle truncation: 30
 Final matrix dimension:  36708
 Residual error:0.001000
 0  6.424128e-01
 1  3.052135e-01
 2  1.802733e-01
 3  1.145230e-01
 4  7.907110e-02
 5  5.767823e-02
 6  4.291229e-02
 7  3.347563e-02
 8  2.698361e-02
 9  2.209288e-02
 10  1.780234e-02
 11  1.466327e-02
 12  1.190141e-02
 13  1.000595e-02
 14  8.638403e-03
 15  7.430802e-03
 16  6.448304e-03
 17  5.604450e-03
 18  4.947208e-03
 19  4.524763e-03
 20  4.252272e-03
 21  3.989290e-03
 22  3.801062e-03
 23  3.627498e-03
 24  3.454509e-03
 25  3.310789e-03
 26  3.108466e-03
 27  2.901167e-03
 28  2.653227e-03
 29  2.358308e-03
 30  2.062687e-03
 31  1.837139e-03
 32  1.589609e-03
 33  1.328184e-03
 34  1.099058e-03
 35  8.990763e-04
 Iteration CPU time: 8 s
 CFIE residual: 0.000899076

 Iseg, Irank, Idinc : 1, 30, 120
 Thata, Phi : 90.000000, 119.000000
 Maximun iteration: 300
 Number of recycle truncation: 30
 Final matrix dimension:  36708
 Residual error:0.001000
 0  6.476032e-01
 1  3.441629e-01
 2  2.160068e-01
 3  1.513414e-01
 4  1.089916e-01
 5  8.139166e-02
 6  6.368098e-02
 7  4.990148e-02
 8  4.017919e-02
 9  3.287138e-02
 10  2.665840e-02
 11  2.145818e-02
 12  1.760052e-02
 13  1.466106e-02
 14  1.266679e-02
 15  1.100584e-02
 16  1.002750e-02
 17  9.171201e-03
 18  8.397296e-03
 19  7.890441e-03
 20  7.501025e-03
 21  7.189274e-03
 22  6.909710e-03
 23  6.614527e-03
 24  6.273866e-03
 25  5.868033e-03
 26  5.392039e-03
 27  4.938407e-03
 28  4.421259e-03
 29  3.968933e-03
 30  3.541405e-03
 31  3.068828e-03
 32  2.547517e-03
 33  2.124883e-03
 34  1.704762e-03
 35  1.396709e-03
 36  1.121873e-03
 37  8.801165e-04
 Iteration CPU time: 8 s
 CFIE residual: 0.000880117

 Iseg, Irank, Idinc : 1, 31, 58
 Thata, Phi : 90.000000, 57.000000
 Maximun iteration: 300
 Number of recycle truncation: 30
 Final matrix dimension:  36708
 Residual error:0.001000
 0  6.586799e-01
 1  3.490890e-01
 2  2.123468e-01
 3  1.337074e-01
 4  9.732889e-02
 5  7.360934e-02
 6  5.690779e-02
 7  4.505375e-02
 8  3.562357e-02
 9  2.878417e-02
 10  2.274406e-02
 11  1.849940e-02
 12  1.556950e-02
 13  1.328417e-02
 14  1.201716e-02
 15  1.112214e-02
 16  1.049608e-02
 17  9.983468e-03
 18  9.494021e-03
 19  8.916699e-03
 20  8.359140e-03
 21  7.828431e-03
 22  7.152509e-03
 23  6.503527e-03
 24  5.585995e-03
 25  4.697240e-03
 26  3.903241e-03
 27  3.255530e-03
 28  2.670515e-03
 29  2.205123e-03
 30  1.805193e-03
 31  1.473104e-03
 32  1.172936e-03
 33  9.322402e-04
 Iteration CPU time: 8 s
 CFIE residual: 0.00093224

 Iseg, Irank, Idinc : 1, 32, 163
 Thata, Phi : 90.000000, 162.000000
 Maximun iteration: 300
 Number of recycle truncation: 30
 Final matrix dimension:  36708
 Residual error:0.001000
 0  6.087115e-01
 1  3.054355e-01
 2  1.861779e-01
 3  1.290762e-01
 4  9.712045e-02
 5  7.833197e-02
 6  6.277794e-02
 7  5.215228e-02
 8  4.415881e-02
 9  3.831059e-02
 10  3.294371e-02
 11  2.852022e-02
 12  2.499522e-02
 13  2.200461e-02
 14  1.903015e-02
 15  1.638295e-02
 16  1.431411e-02
 17  1.236938e-02
 18  1.063753e-02
 19  9.210693e-03
 20  8.093910e-03
 21  7.136424e-03
 22  6.463484e-03
 23  5.895331e-03
 24  5.488444e-03
 25  5.168903e-03
 26  4.910851e-03
 27  4.676344e-03
 28  4.436188e-03
 29  4.188201e-03
 30  3.877559e-03
 31  3.467834e-03
 32  3.065470e-03
 33  2.681861e-03
 34  2.235275e-03
 35  1.834090e-03
 36  1.474554e-03
 37  1.149275e-03
 38  8.984099e-04
 Iteration CPU time: 9 s
 CFIE residual: 0.00089841

 Iseg, Irank, Idinc : 1, 33, 3
 Thata, Phi : 90.000000, 2.000000
 Maximun iteration: 300
 Number of recycle truncation: 30
 Final matrix dimension:  36708
 Residual error:0.001000
 0  5.238093e-01
 1  2.743335e-01
 2  1.779595e-01
 3  1.214667e-01
 4  8.876708e-02
 5  6.698635e-02
 6  5.090384e-02
 7  3.861654e-02
 8  3.001076e-02
 9  2.392276e-02
 10  1.938881e-02
 11  1.534359e-02
 12  1.200703e-02
 13  1.020671e-02
 14  8.466810e-03
 15  7.018078e-03
 16  5.995643e-03
 17  5.146206e-03
 18  4.408655e-03
 19  3.841921e-03
 20  3.336774e-03
 21  2.932483e-03
 22  2.595937e-03
 23  2.288577e-03
 24  2.060975e-03
 25  1.859173e-03
 26  1.664428e-03
 27  1.503716e-03
 28  1.382792e-03
 29  1.297680e-03
 30  1.229869e-03
 31  1.155206e-03
 32  1.082763e-03
 33  9.928455e-04
 Iteration CPU time: 7 s
 CFIE residual: 0.000992846

 Iseg, Irank, Idinc : 1, 34, 179
 Thata, Phi : 90.000000, 178.000000
 Maximun iteration: 300
 Number of recycle truncation: 30
 Final matrix dimension:  36708
 Residual error:0.001000
 0  5.906932e-01
 1  2.942773e-01
 2  1.819047e-01
 3  1.287614e-01
 4  9.893018e-02
 5  7.935976e-02
 6  6.538719e-02
 7  5.450173e-02
 8  4.543235e-02
 9  3.806728e-02
 10  3.125168e-02
 11  2.593180e-02
 12  2.150089e-02
 13  1.739854e-02
 14  1.507767e-02
 15  1.258835e-02
 16  1.064131e-02
 17  8.841175e-03
 18  7.478565e-03
 19  6.399140e-03
 20  5.554262e-03
 21  4.872471e-03
 22  4.319068e-03
 23  3.783490e-03
 24  3.417344e-03
 25  3.165201e-03
 26  2.932155e-03
 27  2.772068e-03
 28  2.609632e-03
 29  2.428866e-03
 30  2.277575e-03
 31  2.114579e-03
 32  1.953047e-03
 33  1.771695e-03
 34  1.572281e-03
 35  1.368749e-03
 36  1.160837e-03
 37  9.904168e-04
 Iteration CPU time: 9 s
 CFIE residual: 0.000990417

 Iseg, Irank, Idinc : 1, 35, 37
 Thata, Phi : 90.000000, 36.000000
 Maximun iteration: 300
 Number of recycle truncation: 30
 Final matrix dimension:  36708
 Residual error:0.001000
 0  6.233046e-01
 1  3.144236e-01
 2  1.925337e-01
 3  1.222631e-01
 4  8.470145e-02
 5  6.180131e-02
 6  4.719251e-02
 7  3.582177e-02
 8  2.789130e-02
 9  2.211009e-02
 10  1.702060e-02
 11  1.390189e-02
 12  1.160295e-02
 13  9.781654e-03
 14  8.603943e-03
 15  7.482555e-03
 16  6.610009e-03
 17  6.030770e-03
 18  5.449980e-03
 19  5.095344e-03
 20  4.836555e-03
 21  4.603196e-03
 22  4.400165e-03
 23  4.225702e-03
 24  3.958642e-03
 25  3.663023e-03
 26  3.346160e-03
 27  2.953704e-03
 28  2.542360e-03
 29  2.159165e-03
 30  1.813790e-03
 31  1.527680e-03
 32  1.291347e-03
 33  1.070510e-03
 34  8.947337e-04
 Iteration CPU time: 8 s
 CFIE residual: 0.000894734

 Iseg, Irank, Idinc : 1, 36, 142
 Thata, Phi : 90.000000, 141.000000
 Maximun iteration: 300
 Number of recycle truncation: 30
 Final matrix dimension:  36708
 Residual error:0.001000
 0  6.870445e-01
 1  3.498498e-01
 2  2.107908e-01
 3  1.436779e-01
 4  1.030487e-01
 5  7.738917e-02
 6  5.974854e-02
 7  4.704546e-02
 8  3.860127e-02
 9  3.289460e-02
 10  2.840864e-02
 11  2.439878e-02
 12  2.142400e-02
 13  1.846463e-02
 14  1.572041e-02
 15  1.393030e-02
 16  1.237799e-02
 17  1.095273e-02
 18  9.925362e-03
 19  9.069659e-03
 20  8.484263e-03
 21  7.972276e-03
 22  7.561917e-03
 23  7.188035e-03
 24  6.863774e-03
 25  6.523435e-03
 26  6.128547e-03
 27  5.678839e-03
 28  5.158173e-03
 29  4.633072e-03
 30  4.017371e-03
 31  3.444639e-03
 32  2.846761e-03
 33  2.330830e-03
 34  1.859352e-03
 35  1.496445e-03
 36  1.193756e-03
 37  9.361566e-04
 Iteration CPU time: 8 s
 CFIE residual: 0.000936157

 Iseg, Irank, Idinc : 1, 37, 87
 Thata, Phi : 90.000000, 86.000000
 Maximun iteration: 300
 Number of recycle truncation: 30
 Final matrix dimension:  36708
 Residual error:0.001000
 0  6.014651e-01
 1  3.455580e-01
 2  2.184043e-01
 3  1.493542e-01
 4  1.090680e-01
 5  8.351198e-02
 6  6.433620e-02
 7  5.053129e-02
 8  4.168539e-02
 9  3.388108e-02
 10  2.785339e-02
 11  2.340389e-02
 12  2.001949e-02
 13  1.763374e-02
 14  1.601810e-02
 15  1.458318e-02
 16  1.335788e-02
 17  1.251719e-02
 18  1.192812e-02
 19  1.141633e-02
 20  1.095758e-02
 21  1.041552e-02
 22  9.828502e-03
 23  9.103511e-03
 24  8.226907e-03
 25  7.409365e-03
 26  6.422880e-03
 27  5.524790e-03
 28  4.668300e-03
 29  3.922778e-03
 30  3.310984e-03
 31  2.743451e-03
 32  2.261736e-03
 33  1.841782e-03
 34  1.486770e-03
 35  1.186054e-03
 36  9.556341e-04
 Iteration CPU time: 9 s
 CFIE residual: 0.000955634

 Iseg, Irank, Idinc : 1, 38, 13
 Thata, Phi : 90.000000, 12.000000
 Maximun iteration: 300
 Number of recycle truncation: 30
 Final matrix dimension:  36708
 Residual error:0.001000
 0  5.731087e-01
 1  2.837128e-01
 2  1.776003e-01
 3  1.234033e-01
 4  8.952921e-02
 5  6.680815e-02
 6  5.051137e-02
 7  3.970878e-02
 8  3.117993e-02
 9  2.448920e-02
 10  1.950910e-02
 11  1.541155e-02
 12  1.248537e-02
 13  1.016234e-02
 14  8.497752e-03
 15  7.110947e-03
 16  6.085152e-03
 17  5.222833e-03
 18  4.578669e-03
 19  4.068172e-03
 20  3.589449e-03
 21  3.257730e-03
 22  2.981292e-03
 23  2.703165e-03
 24  2.530875e-03
 25  2.391791e-03
 26  2.249402e-03
 27  2.130009e-03
 28  2.015303e-03
 29  1.908949e-03
 30  1.819647e-03
 31  1.717725e-03
 32  1.589433e-03
 33  1.443038e-03
 34  1.272441e-03
 35  1.103962e-03
 36  9.183043e-04
 Iteration CPU time: 8 s
 CFIE residual: 0.000918304

 Iseg, Irank, Idinc : 1, 39, 68
 Thata, Phi : 90.000000, 67.000000
 Maximun iteration: 300
 Number of recycle truncation: 30
 Final matrix dimension:  36708
 Residual error:0.001000
 0  6.454599e-01
 1  3.675088e-01
 2  2.352845e-01
 3  1.502832e-01
 4  1.068659e-01
 5  8.352343e-02
 6  6.394798e-02
 7  5.030805e-02
 8  4.098057e-02
 9  3.358906e-02
 10  2.651413e-02
 11  2.201969e-02
 12  1.856643e-02
 13  1.615729e-02
 14  1.482062e-02
 15  1.375979e-02
 16  1.301269e-02
 17  1.237794e-02
 18  1.178282e-02
 19  1.112498e-02
 20  1.046202e-02
 21  9.790704e-03
 22  8.999794e-03
 23  8.074195e-03
 24  7.006236e-03
 25  5.857822e-03
 26  4.984635e-03
 27  4.198567e-03
 28  3.495328e-03
 29  2.915770e-03
 30  2.354388e-03
 31  1.913073e-03
 32  1.563485e-03
 33  1.283181e-03
 34  1.005851e-03
 35  8.237807e-04
 Iteration CPU time: 8 s
 CFIE residual: 0.000823781

 Iseg, Irank, Idinc : 1, 40, 112
 Thata, Phi : 90.000000, 111.000000
 Maximun iteration: 300
 Number of recycle truncation: 30
 Final matrix dimension:  36708
 Residual error:0.001000
 0  6.303340e-01
 1  3.491149e-01
 2  2.177313e-01
 3  1.481679e-01
 4  1.053361e-01
 5  7.801969e-02
 6  6.055478e-02
 7  4.739365e-02
 8  3.811522e-02
 9  3.104985e-02
 10  2.495446e-02
 11  2.064235e-02
 12  1.742292e-02
 13  1.477454e-02
 14  1.285181e-02
 15  1.141995e-02
 16  1.030744e-02
 17  9.491858e-03
 18  8.732777e-03
 19  8.244108e-03
 20  7.842168e-03
 21  7.466110e-03
 22  7.146984e-03
 23  6.817205e-03
 24  6.488125e-03
 25  6.110494e-03
 26  5.625122e-03
 27  4.986540e-03
 28  4.413793e-03
 29  3.743094e-03
 30  3.176082e-03
 31  2.623694e-03
 32  2.097263e-03
 33  1.670508e-03
 34  1.305752e-03
 35  1.022553e-03
 36  8.088461e-04
 Iteration CPU time: 9 s
 CFIE residual: 0.000808846
 Last Built End in Sep 21 2025 00:06:12
 Total CPU time: 354 s
 Finished.
