 Last Built Begin in Sep 21 2025 00:06:12
 Pre-Type( Input ):            8
 Skl-Tol ( Input ):    1.0000000000000000E-002
 Wavelength in freespace: 0.348837

 ################################################
 ##         Generating Required Mesh          ##
 ##         Waiting.....                      ##
 ################################################
 Subd No.      Subd Name
    1    sphere1                                                           
 isub,  nnode, npatch,  nedge:
    1       604      1204      1806
 Scale Factor         >>   9.99999978E-03
 ################################################

 START TIME: 20250922   002925.880


 Informaton for IE geometry:
 number of subdomains     : 1
 maxnode,maxpatch,maxedge : 604  1204  1806
 
 Index of Mat-Reg: 1
 Mat-Reg Number via MatFlg: 1
 Edge Number of Mat-Reg: 1, 1806

 Number of Edge on PEC: 0
 Mat-Reg: No Dim(m) Lmax:
    1 0.287    1
 Totlmax, add1, add2:           1           2           3
 rlengmax of Global MLFMA >>   0.28666664958133331     
 Lmax of Global MLFMA >>            1
 Wavenum of Mat-Reg:
    1 1.000

 total area in sq m           =      0.1254
 total area in sq lambda      =      1.0301
 maxnode, maxpatch, maxedge           =      604     1204     1806
 longest  edge in lambda              =      0.0624
 shortest edge in lambda              =      0.0272
 average  edge in lambda              =      0.0445
 largest  patch area in sq lambda     =      0.0014
 smallest patch area in sq lambda     =      0.0004
 ave    surface area in sq lambda     =      0.0009
 size range of the object in sq lambda =      0.5733

 #### MLFMA Info For Each Region ####
 Mat-Region =            1
 Array dimension parameters:
 maxrule=          14   maxgrid  =          64
 lmax   =           1   ncmax    =           9
 lsmax  =           1   lsmin    =           1
 kpm    =           1   kp0      =           1
 ntlm   =           1   nsm      =           1
 nkpm   =           1   niplm    =          16
 ngnearm=          64   ngsndm   =           1
 nearm  =        1807   mfinestm =         244
 ###############################

 CFIE Alpha:  0.50000000000000000     

 Fill MLFMA NI for Mat-Reg:           1
 Begin fill sparser part of Nearfield
 Begin fill denser part of Nearfield
 End fill
 Filling Amn                 Delta_CPU=         42.92 Memory(MB)=        200.07


 Now testing preconditioner with
 ipretype =            8
 method = cfie_solve_nfpre_pardiso

  
 NBP>>Begin fill sparser part of Nearfield
 NBP>>Begin fill denser part of Nearfield

212.5000%
225.0000%
237.5000%
250.0000%
262.5000%
275.0000%
287.5000%
300.0000%
 Begin MLFMA Box-Matrix Based Prec Constructor
 --- Intel MKL PARDISO --- 
  >> Solver Initialized
  >> Proceed to ngrp_box loop
  >> Loop 0 Initialized
 Memory for iGRP: 1 0 MB
 Total Memory For NFB Pre: 0 MB
 --- PARDISO PRECONDITIONER INITIALIZED --- 
 Constructing preconditioner CPU time: 0 s
 
 108360
 Memory for Iteration:: 1.65344 MB

 Iseg, Ninc_S : 1, 181, 0

 Iseg, Skeleton Angles: 1, 8
 Iseg, Skel-Pk Mem(MB): 1, 30.96

 Iseg, Irank, Idinc : 1, 1, 126
 Thata, Phi : 90.000000, 125.000000
 Maximun iteration: 300
 Number of recycle truncation: 30
 Final matrix dimension:  3612
 Residual error:0.010000
 0  1.644144e-01
 1  7.269363e-02
 2  2.430646e-02
 3  1.003308e-02
 4  4.152671e-03
 Iteration CPU time: 0 s
 CFIE residual: 0.00415267

 Iseg, Irank, Idinc : 1, 2, 40
 Thata, Phi : 90.000000, 39.000000
 Maximun iteration: 300
 Number of recycle truncation: 30
 Final matrix dimension:  3612
 Residual error:0.010000
 0  1.662732e-01
 1  7.509891e-02
 2  2.677652e-02
 3  1.130288e-02
 4  4.587022e-03
 Iteration CPU time: 0 s
 CFIE residual: 0.00458702

 Iseg, Irank, Idinc : 1, 3, 1
 Thata, Phi : 90.000000, 0.000000
 Maximun iteration: 300
 Number of recycle truncation: 30
 Final matrix dimension:  3612
 Residual error:0.010000
 0  1.783647e-01
 1  7.803971e-02
 2  2.572932e-02
 3  1.036487e-02
 4  4.201335e-03
 Iteration CPU time: 0 s
 CFIE residual: 0.00420133

 Iseg, Irank, Idinc : 1, 4, 181
 Thata, Phi : 90.000000, 180.000000
 Maximun iteration: 300
 Number of recycle truncation: 30
 Final matrix dimension:  3612
 Residual error:0.010000
 0  1.769326e-01
 1  7.747755e-02
 2  2.570563e-02
 3  9.965482e-03
 Iteration CPU time: 0 s
 CFIE residual: 0.00996548

 Iseg, Irank, Idinc : 1, 5, 84
 Thata, Phi : 90.000000, 83.000000
 Maximun iteration: 300
 Number of recycle truncation: 30
 Final matrix dimension:  3612
 Residual error:0.010000
 0  1.748857e-01
 1  7.797510e-02
 2  2.587082e-02
 3  1.029411e-02
 4  4.085721e-03
 Iteration CPU time: 0 s
 CFIE residual: 0.00408572

 Iseg, Irank, Idinc : 1, 6, 157
 Thata, Phi : 90.000000, 156.000000
 Maximun iteration: 300
 Number of recycle truncation: 30
 Final matrix dimension:  3612
 Residual error:0.010000
 0  1.698292e-01
 1  7.501420e-02
 2  2.537692e-02
 3  1.008579e-02
 4  4.172206e-03
 Iteration CPU time: 0 s
 CFIE residual: 0.00417221

 Iseg, Irank, Idinc : 1, 7, 19
 Thata, Phi : 90.000000, 18.000000
 Maximun iteration: 300
 Number of recycle truncation: 30
 Final matrix dimension:  3612
 Residual error:0.010000
 0  1.736924e-01
 1  7.705517e-02
 2  2.611952e-02
 3  1.077142e-02
 4  4.378149e-03
 Iteration CPU time: 0 s
 CFIE residual: 0.00437815

 Iseg, Irank, Idinc : 1, 8, 105
 Thata, Phi : 90.000000, 104.000000
 Maximun iteration: 300
 Number of recycle truncation: 30
 Final matrix dimension:  3612
 Residual error:0.010000
 0  1.721761e-01
 1  7.634705e-02
 2  2.502797e-02
 3  1.008963e-02
 4  4.079193e-03
 Iteration CPU time: 0 s
 CFIE residual: 0.00407919
 Last Built End in Sep 21 2025 00:06:12
 Total CPU time: 6 s
 Finished.
