 Last Built Begin in Sep 21 2025 00:06:12
 Pre-Type( Input ):            8
 Skl-Tol ( Input ):    1.0000000000000000E-002
 Wavelength in freespace: 0.473435

 ################################################
 ##         Generating Required Mesh          ##
 ##         Waiting.....                      ##
 ################################################
 Subd No.      Subd Name
    1    sphere1                                                           
 isub,  nnode, npatch,  nedge:
    1       604      1204      1806
 Scale Factor         >>   9.99999978E-03
 ################################################

 START TIME: 20250922   002824.082


 Informaton for IE geometry:
 number of subdomains     : 1
 maxnode,maxpatch,maxedge : 604  1204  1806
 
 Index of Mat-Reg: 1
 Mat-Reg Number via MatFlg: 1
 Edge Number of Mat-Reg: 1, 1806

 Number of Edge on PEC: 0
 Mat-Reg: No Dim(m) Lmax:
    1 0.211    1
 Totlmax, add1, add2:           1           2           3
 rlengmax of Global MLFMA >>   0.21122232074448227     
 Lmax of Global MLFMA >>            1
 Wavenum of Mat-Reg:
    1 1.000

 total area in sq m           =      0.1254
 total area in sq lambda      =      0.5593
 maxnode, maxpatch, maxedge           =      604     1204     1806
 longest  edge in lambda              =      0.0460
 shortest edge in lambda              =      0.0201
 average  edge in lambda              =      0.0328
 largest  patch area in sq lambda     =      0.0008
 smallest patch area in sq lambda     =      0.0002
 ave    surface area in sq lambda     =      0.0005
 size range of the object in sq lambda =      0.4224

 #### MLFMA Info For Each Region ####
 Mat-Region =            1
 Array dimension parameters:
 maxrule=          14   maxgrid  =          64
 lmax   =           1   ncmax    =           9
 lsmax  =           1   lsmin    =           1
 kpm    =           1   kp0      =           1
 ntlm   =           1   nsm      =           1
 nkpm   =           1   niplm    =          16
 ngnearm=          64   ngsndm   =           1
 nearm  =        1807   mfinestm =         244
 ###############################

 CFIE Alpha:  0.50000000000000000     

 Fill MLFMA NI for Mat-Reg:           1
 Begin fill sparser part of Nearfield
 Begin fill denser part of Nearfield
 End fill
 Filling Amn                 Delta_CPU=         46.47 Memory(MB)=        200.07


 Now testing preconditioner with
 ipretype =            8
 method = cfie_solve_nfpre_pardiso

  
 NBP>>Begin fill sparser part of Nearfield
 NBP>>Begin fill denser part of Nearfield

212.5000%
225.0000%
237.5000%
250.0000%
262.5000%
275.0000%
287.5000%
300.0000%
 Begin MLFMA Box-Matrix Based Prec Constructor
 --- Intel MKL PARDISO --- 
  >> Solver Initialized
  >> Proceed to ngrp_box loop
  >> Loop 0 Initialized
 Memory for iGRP: 1 0 MB
 Total Memory For NFB Pre: 0 MB
 --- PARDISO PRECONDITIONER INITIALIZED --- 
 Constructing preconditioner CPU time: 0 s
 
 108360
 Memory for Iteration:: 1.65344 MB

 Iseg, Ninc_S : 1, 181, 0

 Iseg, Skeleton Angles: 1, 7
 Iseg, Skel-Pk Mem(MB): 1, 30.95

 Iseg, Irank, Idinc : 1, 1, 73
 Thata, Phi : 90.000000, 72.000000
 Maximun iteration: 300
 Number of recycle truncation: 30
 Final matrix dimension:  3612
 Residual error:0.010000
 0  2.206420e-01
 1  9.812446e-02
 2  4.433077e-02
 3  2.112110e-02
 4  9.219153e-03
 Iteration CPU time: 0 s
 CFIE residual: 0.00921915

 Iseg, Irank, Idinc : 1, 2, 148
 Thata, Phi : 90.000000, 147.000000
 Maximun iteration: 300
 Number of recycle truncation: 30
 Final matrix dimension:  3612
 Residual error:0.010000
 0  2.152377e-01
 1  8.988567e-02
 2  4.032131e-02
 3  1.843954e-02
 4  8.422874e-03
 Iteration CPU time: 0 s
 CFIE residual: 0.00842287

 Iseg, Irank, Idinc : 1, 3, 1
 Thata, Phi : 90.000000, 0.000000
 Maximun iteration: 300
 Number of recycle truncation: 30
 Final matrix dimension:  3612
 Residual error:0.010000
 0  2.278257e-01
 1  9.757460e-02
 2  4.430679e-02
 3  2.075435e-02
 4  8.892468e-03
 Iteration CPU time: 1 s
 CFIE residual: 0.00889247

 Iseg, Irank, Idinc : 1, 4, 181
 Thata, Phi : 90.000000, 180.000000
 Maximun iteration: 300
 Number of recycle truncation: 30
 Final matrix dimension:  3612
 Residual error:0.010000
 0  2.232047e-01
 1  9.636316e-02
 2  4.276322e-02
 3  1.879793e-02
 4  8.464685e-03
 Iteration CPU time: 0 s
 CFIE residual: 0.00846469

 Iseg, Irank, Idinc : 1, 5, 34
 Thata, Phi : 90.000000, 33.000000
 Maximun iteration: 300
 Number of recycle truncation: 30
 Final matrix dimension:  3612
 Residual error:0.010000
 0  2.182923e-01
 1  9.191318e-02
 2  4.225670e-02
 3  2.042710e-02
 4  8.913003e-03
 Iteration CPU time: 0 s
 CFIE residual: 0.008913

 Iseg, Irank, Idinc : 1, 6, 112
 Thata, Phi : 90.000000, 111.000000
 Maximun iteration: 300
 Number of recycle truncation: 30
 Final matrix dimension:  3612
 Residual error:0.010000
 0  2.179773e-01
 1  9.526817e-02
 2  4.244509e-02
 3  1.993880e-02
 4  9.027304e-03
 Iteration CPU time: 0 s
 CFIE residual: 0.0090273

 Iseg, Irank, Idinc : 1, 7, 168
 Thata, Phi : 90.000000, 167.000000
 Maximun iteration: 300
 Number of recycle truncation: 30
 Final matrix dimension:  3612
 Residual error:0.010000
 0  2.215334e-01
 1  9.470847e-02
 2  4.228794e-02
 3  1.873318e-02
 4  8.461224e-03
 Iteration CPU time: 0 s
 CFIE residual: 0.00846122
 Last Built End in Sep 21 2025 00:06:12
 Total CPU time: 6 s
 Finished.
