 Last Built Begin in Sep 21 2025 00:06:12
 Pre-Type( Input ):            8
 Skl-Tol ( Input ):    1.0000000000000000E-002
 Wavelength in freespace: 0.381356

 ################################################
 ##         Generating Required Mesh          ##
 ##         Waiting.....                      ##
 ################################################
 Subd No.      Subd Name
    1    sphere1                                                           
 isub,  nnode, npatch,  nedge:
    1       604      1204      1806
 Scale Factor         >>   9.99999978E-03
 ################################################

 START TIME: 20250922   002716.123


 Informaton for IE geometry:
 number of subdomains     : 1
 maxnode,maxpatch,maxedge : 604  1204  1806
 
 Index of Mat-Reg: 1
 Mat-Reg Number via MatFlg: 1
 Edge Number of Mat-Reg: 1, 1806

 Number of Edge on PEC: 0
 Mat-Reg: No Dim(m) Lmax:
    1 0.262    1
 Totlmax, add1, add2:           1           2           3
 rlengmax of Global MLFMA >>   0.26222231770488225     
 Lmax of Global MLFMA >>            1
 Wavenum of Mat-Reg:
    1 1.000

 total area in sq m           =      0.1254
 total area in sq lambda      =      0.8619
 maxnode, maxpatch, maxedge           =      604     1204     1806
 longest  edge in lambda              =      0.0571
 shortest edge in lambda              =      0.0249
 average  edge in lambda              =      0.0407
 largest  patch area in sq lambda     =      0.0012
 smallest patch area in sq lambda     =      0.0003
 ave    surface area in sq lambda     =      0.0007
 size range of the object in sq lambda =      0.5244

 #### MLFMA Info For Each Region ####
 Mat-Region =            1
 Array dimension parameters:
 maxrule=          14   maxgrid  =          64
 lmax   =           1   ncmax    =           9
 lsmax  =           1   lsmin    =           1
 kpm    =           1   kp0      =           1
 ntlm   =           1   nsm      =           1
 nkpm   =           1   niplm    =          16
 ngnearm=          64   ngsndm   =           1
 nearm  =        1807   mfinestm =         244
 ###############################

 CFIE Alpha:  0.50000000000000000     

 Fill MLFMA NI for Mat-Reg:           1
 Begin fill sparser part of Nearfield
 Begin fill denser part of Nearfield
 End fill
 Filling Amn                 Delta_CPU=         43.24 Memory(MB)=        200.07


 Now testing preconditioner with
 ipretype =            8
 method = cfie_solve_nfpre_pardiso

  
 NBP>>Begin fill sparser part of Nearfield
 NBP>>Begin fill denser part of Nearfield

212.5000%
225.0000%
237.5000%
250.0000%
262.5000%
275.0000%
287.5000%
300.0000%
 Begin MLFMA Box-Matrix Based Prec Constructor
 --- Intel MKL PARDISO --- 
  >> Solver Initialized
  >> Proceed to ngrp_box loop
  >> Loop 0 Initialized
 Memory for iGRP: 1 0 MB
 Total Memory For NFB Pre: 0 MB
 --- PARDISO PRECONDITIONER INITIALIZED --- 
 Constructing preconditioner CPU time: 1 s
 
 108360
 Memory for Iteration:: 1.65344 MB

 Iseg, Ninc_S : 1, 181, 0

 Iseg, Skeleton Angles: 1, 7
 Iseg, Skel-Pk Mem(MB): 1, 30.95

 Iseg, Irank, Idinc : 1, 1, 118
 Thata, Phi : 90.000000, 117.000000
 Maximun iteration: 300
 Number of recycle truncation: 30
 Final matrix dimension:  3612
 Residual error:0.010000
 0  1.783046e-01
 1  8.149542e-02
 2  2.953234e-02
 3  1.245460e-02
 4  5.245053e-03
 Iteration CPU time: 0 s
 CFIE residual: 0.00524505

 Iseg, Irank, Idinc : 1, 2, 35
 Thata, Phi : 90.000000, 34.000000
 Maximun iteration: 300
 Number of recycle truncation: 30
 Final matrix dimension:  3612
 Residual error:0.010000
 0  1.785979e-01
 1  8.150857e-02
 2  3.139728e-02
 3  1.369051e-02
 4  5.616415e-03
 Iteration CPU time: 0 s
 CFIE residual: 0.00561642

 Iseg, Irank, Idinc : 1, 3, 1
 Thata, Phi : 90.000000, 0.000000
 Maximun iteration: 300
 Number of recycle truncation: 30
 Final matrix dimension:  3612
 Residual error:0.010000
 0  1.907721e-01
 1  8.635086e-02
 2  3.138564e-02
 3  1.302653e-02
 4  5.292067e-03
 Iteration CPU time: 0 s
 CFIE residual: 0.00529207

 Iseg, Irank, Idinc : 1, 4, 181
 Thata, Phi : 90.000000, 180.000000
 Maximun iteration: 300
 Number of recycle truncation: 30
 Final matrix dimension:  3612
 Residual error:0.010000
 0  1.889951e-01
 1  8.589794e-02
 2  3.084434e-02
 3  1.215901e-02
 4  5.024468e-03
 Iteration CPU time: 0 s
 CFIE residual: 0.00502447

 Iseg, Irank, Idinc : 1, 5, 78
 Thata, Phi : 90.000000, 77.000000
 Maximun iteration: 300
 Number of recycle truncation: 30
 Final matrix dimension:  3612
 Residual error:0.010000
 0  1.855544e-01
 1  8.663731e-02
 2  3.186758e-02
 3  1.318981e-02
 4  5.295387e-03
 Iteration CPU time: 0 s
 CFIE residual: 0.00529539

 Iseg, Irank, Idinc : 1, 6, 155
 Thata, Phi : 90.000000, 154.000000
 Maximun iteration: 300
 Number of recycle truncation: 30
 Final matrix dimension:  3612
 Residual error:0.010000
 0  1.803061e-01
 1  8.155639e-02
 2  2.995783e-02
 3  1.220621e-02
 4  5.149597e-03
 Iteration CPU time: 0 s
 CFIE residual: 0.0051496

 Iseg, Irank, Idinc : 1, 7, 57
 Thata, Phi : 90.000000, 56.000000
 Maximun iteration: 300
 Number of recycle truncation: 30
 Final matrix dimension:  3612
 Residual error:0.010000
 0  1.782696e-01
 1  8.246436e-02
 2  3.178561e-02
 3  1.370699e-02
 4  5.582399e-03
 Iteration CPU time: 1 s
 CFIE residual: 0.0055824
 Last Built End in Sep 21 2025 00:06:12
 Total CPU time: 6 s
 Finished.
