 Last Built Begin in Sep 21 2025 00:06:12
 Pre-Type( Input ):            8
 Skl-Tol ( Input ):    1.0000000000000000E-002
 Wavelength in freespace: 0.478723

 ################################################
 ##         Generating Required Mesh          ##
 ##         Waiting.....                      ##
 ################################################
 Subd No.      Subd Name
    1    sphere1                                                           
 isub,  nnode, npatch,  nedge:
    1       604      1204      1806
 Scale Factor         >>   9.99999978E-03
 ################################################

 START TIME: 20250922   001634.777


 Informaton for IE geometry:
 number of subdomains     : 1
 maxnode,maxpatch,maxedge : 604  1204  1806
 
 Index of Mat-Reg: 1
 Mat-Reg Number via MatFlg: 1
 Edge Number of Mat-Reg: 1, 1806

 Number of Edge on PEC: 0
 Mat-Reg: No Dim(m) Lmax:
    1 0.209    1
 Totlmax, add1, add2:           1           2           3
 rlengmax of Global MLFMA >>   0.20888898755021565     
 Lmax of Global MLFMA >>            1
 Wavenum of Mat-Reg:
    1 1.000

 total area in sq m           =      0.1254
 total area in sq lambda      =      0.5470
 maxnode, maxpatch, maxedge           =      604     1204     1806
 longest  edge in lambda              =      0.0455
 shortest edge in lambda              =      0.0198
 average  edge in lambda              =      0.0325
 largest  patch area in sq lambda     =      0.0007
 smallest patch area in sq lambda     =      0.0002
 ave    surface area in sq lambda     =      0.0005
 size range of the object in sq lambda =      0.4178

 #### MLFMA Info For Each Region ####
 Mat-Region =            1
 Array dimension parameters:
 maxrule=          14   maxgrid  =          64
 lmax   =           1   ncmax    =           9
 lsmax  =           1   lsmin    =           1
 kpm    =           1   kp0      =           1
 ntlm   =           1   nsm      =           1
 nkpm   =           1   niplm    =          16
 ngnearm=          64   ngsndm   =           1
 nearm  =        1807   mfinestm =         244
 ###############################

 CFIE Alpha:  0.50000000000000000     

 Fill MLFMA NI for Mat-Reg:           1
 Begin fill sparser part of Nearfield
 Begin fill denser part of Nearfield
 End fill
 Filling Amn                 Delta_CPU=         48.22 Memory(MB)=        200.07


 Now testing preconditioner with
 ipretype =            8
 method = cfie_solve_nfpre_pardiso

  
 NBP>>Begin fill sparser part of Nearfield
 NBP>>Begin fill denser part of Nearfield

225.0000%
237.5000%
250.0000%
262.5000%
275.0000%
287.5000%
300.0000%
 Begin MLFMA Box-Matrix Based Prec Constructor
 --- Intel MKL PARDISO --- 
  >> Solver Initialized
  >> Proceed to ngrp_box loop
  >> Loop 0 Initialized
 Memory for iGRP: 1 0 MB
 Total Memory For NFB Pre: 0 MB
 --- PARDISO PRECONDITIONER INITIALIZED --- 
 Constructing preconditioner CPU time: 0 s
 
 108360
 Memory for Iteration:: 1.65344 MB

 Iseg, Ninc_S : 1, 181, 0

 Iseg, Skeleton Angles: 1, 6
 Iseg, Skel-Pk Mem(MB): 1, 30.95

 Iseg, Irank, Idinc : 1, 1, 74
 Thata, Phi : 90.000000, 73.000000
 Maximun iteration: 300
 Number of recycle truncation: 30
 Final matrix dimension:  3612
 Residual error:0.010000
 0  2.231809e-01
 1  9.898229e-02
 2  4.495477e-02
 3  2.153907e-02
 4  9.460341e-03
 Iteration CPU time: 0 s
 CFIE residual: 0.00946034

 Iseg, Irank, Idinc : 1, 2, 149
 Thata, Phi : 90.000000, 148.000000
 Maximun iteration: 300
 Number of recycle truncation: 30
 Final matrix dimension:  3612
 Residual error:0.010000
 0  2.178982e-01
 1  9.061976e-02
 2  4.093855e-02
 3  1.878933e-02
 4  8.617390e-03
 Iteration CPU time: 0 s
 CFIE residual: 0.00861739

 Iseg, Irank, Idinc : 1, 3, 1
 Thata, Phi : 90.000000, 0.000000
 Maximun iteration: 300
 Number of recycle truncation: 30
 Final matrix dimension:  3612
 Residual error:0.010000
 0  2.301589e-01
 1  9.815106e-02
 2  4.488281e-02
 3  2.115088e-02
 4  9.109980e-03
 Iteration CPU time: 0 s
 CFIE residual: 0.00910998

 Iseg, Irank, Idinc : 1, 4, 181
 Thata, Phi : 90.000000, 180.000000
 Maximun iteration: 300
 Number of recycle truncation: 30
 Final matrix dimension:  3612
 Residual error:0.010000
 0  2.252847e-01
 1  9.681172e-02
 2  4.330541e-02
 3  1.915995e-02
 4  8.674963e-03
 Iteration CPU time: 1 s
 CFIE residual: 0.00867496

 Iseg, Irank, Idinc : 1, 5, 34
 Thata, Phi : 90.000000, 33.000000
 Maximun iteration: 300
 Number of recycle truncation: 30
 Final matrix dimension:  3612
 Residual error:0.010000
 0  2.208368e-01
 1  9.256827e-02
 2  4.277674e-02
 3  2.076774e-02
 4  9.108626e-03
 Iteration CPU time: 0 s
 CFIE residual: 0.00910863

 Iseg, Irank, Idinc : 1, 6, 113
 Thata, Phi : 90.000000, 112.000000
 Maximun iteration: 300
 Number of recycle truncation: 30
 Final matrix dimension:  3612
 Residual error:0.010000
 0  2.199984e-01
 1  9.552138e-02
 2  4.286478e-02
 3  2.026152e-02
 4  9.235208e-03
 Iteration CPU time: 0 s
 CFIE residual: 0.00923521
 Last Built End in Sep 21 2025 00:06:12
 Total CPU time: 7 s
 Finished.
