 Last Built Begin in Sep 21 2025 00:06:12
 Pre-Type( Input ):            8
 Skl-Tol ( Input ):    1.0000000000000000E-002
 Wavelength in freespace: 0.36

 ################################################
 ##         Generating Required Mesh          ##
 ##         Waiting.....                      ##
 ################################################
 Subd No.      Subd Name
    1    sphere1                                                           
 isub,  nnode, npatch,  nedge:
    1       604      1204      1806
 Scale Factor         >>   9.99999978E-03
 ################################################

 START TIME: 20250922   002444.676


 Informaton for IE geometry:
 number of subdomains     : 1
 maxnode,maxpatch,maxedge : 604  1204  1806
 
 Index of Mat-Reg: 1
 Mat-Reg Number via MatFlg: 1
 Edge Number of Mat-Reg: 1, 1806

 Number of Edge on PEC: 0
 Mat-Reg: No Dim(m) Lmax:
    1 0.278    1
 Totlmax, add1, add2:           1           2           3
 rlengmax of Global MLFMA >>   0.27777765011111771     
 Lmax of Global MLFMA >>            1
 Wavenum of Mat-Reg:
    1 1.000

 total area in sq m           =      0.1254
 total area in sq lambda      =      0.9672
 maxnode, maxpatch, maxedge           =      604     1204     1806
 longest  edge in lambda              =      0.0605
 shortest edge in lambda              =      0.0264
 average  edge in lambda              =      0.0432
 largest  patch area in sq lambda     =      0.0013
 smallest patch area in sq lambda     =      0.0004
 ave    surface area in sq lambda     =      0.0008
 size range of the object in sq lambda =      0.5556

 #### MLFMA Info For Each Region ####
 Mat-Region =            1
 Array dimension parameters:
 maxrule=          14   maxgrid  =          64
 lmax   =           1   ncmax    =           9
 lsmax  =           1   lsmin    =           1
 kpm    =           1   kp0      =           1
 ntlm   =           1   nsm      =           1
 nkpm   =           1   niplm    =          16
 ngnearm=          64   ngsndm   =           1
 nearm  =        1807   mfinestm =         244
 ###############################

 CFIE Alpha:  0.50000000000000000     

 Fill MLFMA NI for Mat-Reg:           1
 Begin fill sparser part of Nearfield
 Begin fill denser part of Nearfield
 End fill
 Filling Amn                 Delta_CPU=         42.25 Memory(MB)=        200.07


 Now testing preconditioner with
 ipretype =            8
 method = cfie_solve_nfpre_pardiso

  
 NBP>>Begin fill sparser part of Nearfield
 NBP>>Begin fill denser part of Nearfield

212.5000%
225.0000%
237.5000%
250.0000%
262.5000%
275.0000%
287.5000%
300.0000%
 Begin MLFMA Box-Matrix Based Prec Constructor
 --- Intel MKL PARDISO --- 
  >> Solver Initialized
  >> Proceed to ngrp_box loop
  >> Loop 0 Initialized
 Memory for iGRP: 1 0 MB
 Total Memory For NFB Pre: 0 MB
 --- PARDISO PRECONDITIONER INITIALIZED --- 
 Constructing preconditioner CPU time: 0 s
 
 108360
 Memory for Iteration:: 1.65344 MB

 Iseg, Ninc_S : 1, 181, 0

 Iseg, Skeleton Angles: 1, 8
 Iseg, Skel-Pk Mem(MB): 1, 30.96

 Iseg, Irank, Idinc : 1, 1, 123
 Thata, Phi : 90.000000, 122.000000
 Maximun iteration: 300
 Number of recycle truncation: 30
 Final matrix dimension:  3612
 Residual error:0.010000
 0  1.689559e-01
 1  7.591200e-02
 2  2.601125e-02
 3  1.081592e-02
 4  4.508587e-03
 Iteration CPU time: 0 s
 CFIE residual: 0.00450859

 Iseg, Irank, Idinc : 1, 2, 39
 Thata, Phi : 90.000000, 38.000000
 Maximun iteration: 300
 Number of recycle truncation: 30
 Final matrix dimension:  3612
 Residual error:0.010000
 0  1.700905e-01
 1  7.754410e-02
 2  2.837169e-02
 3  1.211176e-02
 4  4.934268e-03
 Iteration CPU time: 0 s
 CFIE residual: 0.00493427

 Iseg, Irank, Idinc : 1, 3, 1
 Thata, Phi : 90.000000, 0.000000
 Maximun iteration: 300
 Number of recycle truncation: 30
 Final matrix dimension:  3612
 Residual error:0.010000
 0  1.827271e-01
 1  8.136241e-02
 2  2.767362e-02
 3  1.124551e-02
 4  4.561730e-03
 Iteration CPU time: 1 s
 CFIE residual: 0.00456173

 Iseg, Irank, Idinc : 1, 4, 181
 Thata, Phi : 90.000000, 180.000000
 Maximun iteration: 300
 Number of recycle truncation: 30
 Final matrix dimension:  3612
 Residual error:0.010000
 0  1.812087e-01
 1  8.083677e-02
 2  2.747510e-02
 3  1.069102e-02
 4  4.364863e-03
 Iteration CPU time: 0 s
 CFIE residual: 0.00436486

 Iseg, Irank, Idinc : 1, 5, 82
 Thata, Phi : 90.000000, 81.000000
 Maximun iteration: 300
 Number of recycle truncation: 30
 Final matrix dimension:  3612
 Residual error:0.010000
 0  1.787585e-01
 1  8.153385e-02
 2  2.796517e-02
 3  1.124808e-02
 4  4.477123e-03
 Iteration CPU time: 0 s
 CFIE residual: 0.00447712

 Iseg, Irank, Idinc : 1, 6, 156
 Thata, Phi : 90.000000, 155.000000
 Maximun iteration: 300
 Number of recycle truncation: 30
 Final matrix dimension:  3612
 Residual error:0.010000
 0  1.732508e-01
 1  7.762742e-02
 2  2.694601e-02
 3  1.079016e-02
 4  4.492689e-03
 Iteration CPU time: 0 s
 CFIE residual: 0.00449269

 Iseg, Irank, Idinc : 1, 7, 18
 Thata, Phi : 90.000000, 17.000000
 Maximun iteration: 300
 Number of recycle truncation: 30
 Final matrix dimension:  3612
 Residual error:0.010000
 0  1.782049e-01
 1  8.012495e-02
 2  2.790513e-02
 3  1.159173e-02
 4  4.716390e-03
 Iteration CPU time: 0 s
 CFIE residual: 0.00471639

 Iseg, Irank, Idinc : 1, 8, 103
 Thata, Phi : 90.000000, 102.000000
 Maximun iteration: 300
 Number of recycle truncation: 30
 Final matrix dimension:  3612
 Residual error:0.010000
 0  1.769211e-01
 1  8.013532e-02
 2  2.699718e-02
 3  1.093255e-02
 4  4.429333e-03
 Iteration CPU time: 0 s
 CFIE residual: 0.00442933
 Last Built End in Sep 21 2025 00:06:12
 Total CPU time: 6 s
 Finished.
