 Last Built Begin in Sep 21 2025 00:06:12
 Pre-Type( Input ):           10
 Skl-Tol ( Input ):    1.0000000000000001E-005
 Wavelength in freespace: 0.0307377

 ################################################
 ##         Generating Required Mesh          ##
 ##         Waiting.....                      ##
 ################################################
 Subd No.      Subd Name
    1    Open-Duct_PRIME_model_meshAA1                                     
 isub,  nnode, npatch,  nedge:
    1      6118     12236     18354
 Scale Factor         >>   1.54999997E-02
 ################################################

 START TIME: 20250922   031306.361


 Informaton for IE geometry:
 number of subdomains     : 1
 maxnode,maxpatch,maxedge : 6118  12236  18354
 
 Index of Mat-Reg: 1
 Mat-Reg Number via MatFlg: 1
 Edge Number of Mat-Reg: 1, 18354

 Number of Edge on PEC: 18354
 Mat-Reg: No Dim(m) Lmax:
    1 0.233    5
 Totlmax, add1, add2:           5           6           7
 rlengmax of Global MLFMA >>   0.23326650336476665     
 Lmax of Global MLFMA >>            5
 Wavenum of Mat-Reg:
    1 1.000

 total area in sq m           =      0.0510
 total area in sq lambda      =     53.9475
 maxnode, maxpatch, maxedge           =     6118    12236    18354
 longest  edge in lambda              =      0.1519
 shortest edge in lambda              =      0.0072
 average  edge in lambda              =      0.1014
 largest  patch area in sq lambda     =      0.0078
 smallest patch area in sq lambda     =      0.0000
 ave    surface area in sq lambda     =      0.0044
 size range of the object in sq lambda =      7.4645

 #### MLFMA Info For Each Region ####
 Mat-Region =            1
 Array dimension parameters:
 maxrule=          14   maxgrid  =          64
 lmax   =           5   ncmax    =        1250
 lsmax  =          26   lsmin    =           7
 kpm    =        1356   kp0      =         102
 ntlm   =      212856   nsm      =      230886
 nkpm   =        2178   niplm    =      139392
 ngnearm=       14257   ngsndm   =       64634
 nearm  =         333   mfinestm =         119
 ###############################

 CFIE Alpha:  0.50000000000000000     

 Fill MLFMA FI for Mat-Reg:           1
 Begin filltl.f
 fill translation matrix
 Level:            2
 fill shifting matrix
 Level:            3
 fill shifting matrix
 Level:            4
 fill shifting matrix
 Level:            5
 fill shifting matrix
 translator time(s):  0.125000000    
 fill interpolation matrix
 ThetaOrder            8
 PhiOrder            8
 lsl            7
 Filling TL                  Delta_CPU=          0.55 Memory(MB)=        653.71
 Filling sndgrp              Delta_CPU=          0.01 Memory(MB)=        653.71
 Filling VFS                 Delta_CPU=          3.14 Memory(MB)=        653.71

 Fill MLFMA NI for Mat-Reg:           1
 Begin fill sparser part of Nearfield
 Begin fill denser part of Nearfield
 End fill
 Filling Amn                 Delta_CPU=         90.61 Memory(MB)=        653.71


 Now testing preconditioner with
 ipretype =           10
 method = cfie_solve_nfrasspspre_pardiso

  
 NBP>>Begin fill sparser part of Nearfield

116.2331% NBP>>Begin fill denser part of Nearfield

200.1041%
 Begin MLFMA Box-Matrix Based Spar-RAS Prec Constructor
 --- Intel MKL PARDISO --- 
 Memory for iGroup: 1 0 MB
 Total Memory For SparRAS Pre: 0 MB
 --- PARDISO PRECONDITIONER INITIALIZED --- 
 Constructing preconditioner CPU time: 4 s
 
 1101240
 Memory for Iteration:: 16.8036 MB

 Iseg, Ninc_S : 1, 181, 0

 Iseg, Skeleton Angles: 1, 39
 Iseg, Skel-Pk Mem(MB): 1, 314.35

 Iseg, Irank, Idinc : 1, 1, 22
 Thata, Phi : 90.000000, 21.000000
 Maximun iteration: 300
 Number of recycle truncation: 30
 Final matrix dimension:  36708
 Residual error:0.001000
 0  6.126642e-01
 1  2.913565e-01
 2  1.658685e-01
 3  1.137522e-01
 4  8.020393e-02
 5  5.922404e-02
 6  4.530030e-02
 7  3.536128e-02
 8  2.788695e-02
 9  2.232959e-02
 10  1.726502e-02
 11  1.381096e-02
 12  1.098573e-02
 13  8.944808e-03
 14  7.349181e-03
 15  6.265240e-03
 16  5.269996e-03
 17  4.443020e-03
 18  3.794557e-03
 19  3.223611e-03
 20  2.803315e-03
 21  2.473207e-03
 22  2.228640e-03
 23  2.042012e-03
 24  1.900502e-03
 25  1.751551e-03
 26  1.600997e-03
 27  1.461692e-03
 28  1.322098e-03
 29  1.191803e-03
 30  1.054452e-03
 31  9.147731e-04
 Iteration CPU time: 7 s
 CFIE residual: 0.000914773

 Iseg, Irank, Idinc : 1, 2, 42
 Thata, Phi : 90.000000, 41.000000
 Maximun iteration: 300
 Number of recycle truncation: 30
 Final matrix dimension:  36708
 Residual error:0.001000
 0  6.258828e-01
 1  3.155320e-01
 2  2.002197e-01
 3  1.304222e-01
 4  8.948021e-02
 5  6.520667e-02
 6  4.828446e-02
 7  3.654548e-02
 8  2.796980e-02
 9  2.151833e-02
 10  1.664290e-02
 11  1.316100e-02
 12  1.072235e-02
 13  8.805570e-03
 14  7.346716e-03
 15  6.268786e-03
 16  5.484137e-03
 17  4.835463e-03
 18  4.402054e-03
 19  3.994873e-03
 20  3.640678e-03
 21  3.326224e-03
 22  3.058348e-03
 23  2.714717e-03
 24  2.394275e-03
 25  2.096713e-03
 26  1.797537e-03
 27  1.491139e-03
 28  1.220819e-03
 29  9.821235e-04
 Iteration CPU time: 7 s
 CFIE residual: 0.000982124

 Iseg, Irank, Idinc : 1, 3, 109
 Thata, Phi : 90.000000, 108.000000
 Maximun iteration: 300
 Number of recycle truncation: 30
 Final matrix dimension:  36708
 Residual error:0.001000
 0  6.313230e-01
 1  3.573001e-01
 2  2.248100e-01
 3  1.545775e-01
 4  1.084246e-01
 5  8.147908e-02
 6  6.311232e-02
 7  4.845188e-02
 8  3.786662e-02
 9  3.078372e-02
 10  2.408692e-02
 11  1.900512e-02
 12  1.534229e-02
 13  1.266251e-02
 14  1.045040e-02
 15  8.667680e-03
 16  7.283867e-03
 17  6.274570e-03
 18  5.483093e-03
 19  4.832578e-03
 20  4.297514e-03
 21  3.877159e-03
 22  3.519048e-03
 23  3.186902e-03
 24  2.924817e-03
 25  2.644490e-03
 26  2.377507e-03
 27  2.087156e-03
 28  1.777499e-03
 29  1.474673e-03
 30  1.214843e-03
 31  9.628350e-04
 Iteration CPU time: 8 s
 CFIE residual: 0.000962835

 Iseg, Irank, Idinc : 1, 4, 64
 Thata, Phi : 90.000000, 63.000000
 Maximun iteration: 300
 Number of recycle truncation: 30
 Final matrix dimension:  36708
 Residual error:0.001000
 0  6.645839e-01
 1  3.583572e-01
 2  2.234365e-01
 3  1.440793e-01
 4  1.039315e-01
 5  7.912121e-02
 6  6.037160e-02
 7  4.707243e-02
 8  3.748433e-02
 9  3.026187e-02
 10  2.374449e-02
 11  1.916163e-02
 12  1.521789e-02
 13  1.254602e-02
 14  1.062337e-02
 15  9.270141e-03
 16  8.332277e-03
 17  7.622412e-03
 18  6.966506e-03
 19  6.333632e-03
 20  5.793381e-03
 21  5.254226e-03
 22  4.714127e-03
 23  4.219643e-03
 24  3.642279e-03
 25  3.054537e-03
 26  2.563446e-03
 27  2.060310e-03
 28  1.626888e-03
 29  1.286081e-03
 30  9.867333e-04
 Iteration CPU time: 7 s
 CFIE residual: 0.000986733

 Iseg, Irank, Idinc : 1, 5, 146
 Thata, Phi : 90.000000, 145.000000
 Maximun iteration: 300
 Number of recycle truncation: 30
 Final matrix dimension:  36708
 Residual error:0.001000
 0  6.543632e-01
 1  3.465584e-01
 2  2.088915e-01
 3  1.450042e-01
 4  1.049262e-01
 5  8.054628e-02
 6  6.316092e-02
 7  5.001550e-02
 8  4.191030e-02
 9  3.491490e-02
 10  2.927303e-02
 11  2.467604e-02
 12  2.022324e-02
 13  1.612281e-02
 14  1.290289e-02
 15  1.051045e-02
 16  8.376457e-03
 17  6.985974e-03
 18  5.786815e-03
 19  4.757694e-03
 20  4.026237e-03
 21  3.422415e-03
 22  2.989881e-03
 23  2.664302e-03
 24  2.376505e-03
 25  2.201030e-03
 26  2.036681e-03
 27  1.868496e-03
 28  1.677926e-03
 29  1.485432e-03
 30  1.304200e-03
 31  1.079842e-03
 32  8.767079e-04
 Iteration CPU time: 7 s
 CFIE residual: 0.000876708

 Iseg, Irank, Idinc : 1, 6, 74
 Thata, Phi : 90.000000, 73.000000
 Maximun iteration: 300
 Number of recycle truncation: 30
 Final matrix dimension:  36708
 Residual error:0.001000
 0  6.432223e-01
 1  3.686066e-01
 2  2.396236e-01
 3  1.510871e-01
 4  1.057964e-01
 5  8.048149e-02
 6  6.310337e-02
 7  5.017676e-02
 8  3.979287e-02
 9  3.311011e-02
 10  2.590940e-02
 11  2.076725e-02
 12  1.681944e-02
 13  1.430464e-02
 14  1.236112e-02
 15  1.085453e-02
 16  9.628290e-03
 17  8.718206e-03
 18  7.920536e-03
 19  7.204648e-03
 20  6.607600e-03
 21  6.036812e-03
 22  5.463429e-03
 23  4.904999e-03
 24  4.328674e-03
 25  3.763929e-03
 26  3.213585e-03
 27  2.673562e-03
 28  2.197248e-03
 29  1.760438e-03
 30  1.415510e-03
 31  1.117169e-03
 32  8.524325e-04
 Iteration CPU time: 8 s
 CFIE residual: 0.000852433

 Iseg, Irank, Idinc : 1, 7, 159
 Thata, Phi : 90.000000, 158.000000
 Maximun iteration: 300
 Number of recycle truncation: 30
 Final matrix dimension:  36708
 Residual error:0.001000
 0  6.087332e-01
 1  3.127297e-01
 2  1.907923e-01
 3  1.312260e-01
 4  1.001138e-01
 5  7.992600e-02
 6  6.434207e-02
 7  5.166548e-02
 8  4.422401e-02
 9  3.808517e-02
 10  3.182938e-02
 11  2.644658e-02
 12  2.135386e-02
 13  1.757864e-02
 14  1.421859e-02
 15  1.152124e-02
 16  9.275883e-03
 17  7.620635e-03
 18  6.193326e-03
 19  5.077726e-03
 20  4.185159e-03
 21  3.488502e-03
 22  3.007230e-03
 23  2.639475e-03
 24  2.344406e-03
 25  2.057600e-03
 26  1.865820e-03
 27  1.710133e-03
 28  1.574119e-03
 29  1.443225e-03
 30  1.318338e-03
 31  1.188490e-03
 32  1.039741e-03
 33  8.901894e-04
 Iteration CPU time: 7 s
 CFIE residual: 0.000890189

 Iseg, Irank, Idinc : 1, 8, 121
 Thata, Phi : 90.000000, 120.000000
 Maximun iteration: 300
 Number of recycle truncation: 30
 Final matrix dimension:  36708
 Residual error:0.001000
 0  6.520832e-01
 1  3.453794e-01
 2  2.252343e-01
 3  1.565306e-01
 4  1.107453e-01
 5  8.346001e-02
 6  6.415186e-02
 7  5.019363e-02
 8  3.865793e-02
 9  3.021367e-02
 10  2.366264e-02
 11  1.870327e-02
 12  1.525204e-02
 13  1.257942e-02
 14  1.032106e-02
 15  8.821880e-03
 16  7.490924e-03
 17  6.482428e-03
 18  5.711979e-03
 19  5.024034e-03
 20  4.435249e-03
 21  4.021439e-03
 22  3.642303e-03
 23  3.303185e-03
 24  2.991498e-03
 25  2.733665e-03
 26  2.477409e-03
 27  2.221235e-03
 28  1.998569e-03
 29  1.722908e-03
 30  1.452052e-03
 31  1.196882e-03
 32  9.360336e-04
 Iteration CPU time: 7 s
 CFIE residual: 0.000936034

 Iseg, Irank, Idinc : 1, 9, 131
 Thata, Phi : 90.000000, 130.000000
 Maximun iteration: 300
 Number of recycle truncation: 30
 Final matrix dimension:  36708
 Residual error:0.001000
 0  6.806706e-01
 1  3.582298e-01
 2  2.306793e-01
 3  1.566684e-01
 4  1.116847e-01
 5  8.613456e-02
 6  6.562993e-02
 7  5.080510e-02
 8  4.052604e-02
 9  3.189857e-02
 10  2.539546e-02
 11  2.024238e-02
 12  1.607420e-02
 13  1.315410e-02
 14  1.083561e-02
 15  8.940824e-03
 16  7.407463e-03
 17  6.281612e-03
 18  5.358306e-03
 19  4.697774e-03
 20  4.243286e-03
 21  3.851793e-03
 22  3.539047e-03
 23  3.231368e-03
 24  2.953925e-03
 25  2.707871e-03
 26  2.440952e-03
 27  2.217468e-03
 28  1.989259e-03
 29  1.772742e-03
 30  1.522650e-03
 31  1.286713e-03
 32  1.049432e-03
 33  8.570853e-04
 Iteration CPU time: 8 s
 CFIE residual: 0.000857085

 Iseg, Irank, Idinc : 1, 10, 89
 Thata, Phi : 90.000000, 88.000000
 Maximun iteration: 300
 Number of recycle truncation: 30
 Final matrix dimension:  36708
 Residual error:0.001000
 0  6.196694e-01
 1  3.549430e-01
 2  2.288067e-01
 3  1.553472e-01
 4  1.107999e-01
 5  8.652258e-02
 6  6.746239e-02
 7  5.337056e-02
 8  4.275394e-02
 9  3.510226e-02
 10  2.790417e-02
 11  2.173882e-02
 12  1.734837e-02
 13  1.409975e-02
 14  1.197591e-02
 15  1.026183e-02
 16  8.895093e-03
 17  7.872223e-03
 18  7.141462e-03
 19  6.499208e-03
 20  5.987659e-03
 21  5.510236e-03
 22  5.038947e-03
 23  4.533873e-03
 24  4.024326e-03
 25  3.523833e-03
 26  3.039716e-03
 27  2.606965e-03
 28  2.143466e-03
 29  1.692084e-03
 30  1.330609e-03
 31  1.039185e-03
 32  8.305922e-04
 Iteration CPU time: 7 s
 CFIE residual: 0.000830592

 Iseg, Irank, Idinc : 1, 11, 53
 Thata, Phi : 90.000000, 52.000000
 Maximun iteration: 300
 Number of recycle truncation: 30
 Final matrix dimension:  36708
 Residual error:0.001000
 0  6.477054e-01
 1  3.365856e-01
 2  2.083481e-01
 3  1.350258e-01
 4  9.655147e-02
 5  7.145655e-02
 6  5.483793e-02
 7  4.274384e-02
 8  3.295543e-02
 9  2.471779e-02
 10  1.965776e-02
 11  1.564703e-02
 12  1.265045e-02
 13  1.058824e-02
 14  9.021480e-03
 15  7.795971e-03
 16  6.992502e-03
 17  6.322511e-03
 18  5.726422e-03
 19  5.191509e-03
 20  4.712728e-03
 21  4.223972e-03
 22  3.850316e-03
 23  3.418448e-03
 24  2.933224e-03
 25  2.449053e-03
 26  2.049840e-03
 27  1.657195e-03
 28  1.350755e-03
 29  1.068121e-03
 30  8.277619e-04
 Iteration CPU time: 8 s
 CFIE residual: 0.000827762

 Iseg, Irank, Idinc : 1, 12, 32
 Thata, Phi : 90.000000, 31.000000
 Maximun iteration: 300
 Number of recycle truncation: 30
 Final matrix dimension:  36708
 Residual error:0.001000
 0  6.321556e-01
 1  3.061059e-01
 2  1.797349e-01
 3  1.137068e-01
 4  7.993532e-02
 5  5.911777e-02
 6  4.348030e-02
 7  3.290972e-02
 8  2.536501e-02
 9  2.028548e-02
 10  1.636477e-02
 11  1.301405e-02
 12  1.021599e-02
 13  8.526995e-03
 14  6.986139e-03
 15  5.911159e-03
 16  5.128569e-03
 17  4.394848e-03
 18  3.883853e-03
 19  3.397531e-03
 20  3.027695e-03
 21  2.731340e-03
 22  2.518792e-03
 23  2.343705e-03
 24  2.160719e-03
 25  1.958540e-03
 26  1.756038e-03
 27  1.572924e-03
 28  1.368950e-03
 29  1.167459e-03
 30  9.690867e-04
 Iteration CPU time: 7 s
 CFIE residual: 0.000969087

 Iseg, Irank, Idinc : 1, 13, 11
 Thata, Phi : 90.000000, 10.000000
 Maximun iteration: 300
 Number of recycle truncation: 30
 Final matrix dimension:  36708
 Residual error:0.001000
 0  5.415628e-01
 1  2.758587e-01
 2  1.727604e-01
 3  1.228367e-01
 4  8.797720e-02
 5  6.650664e-02
 6  5.116188e-02
 7  3.952986e-02
 8  3.060563e-02
 9  2.439730e-02
 10  1.910081e-02
 11  1.482083e-02
 12  1.152211e-02
 13  9.241247e-03
 14  7.533176e-03
 15  6.220514e-03
 16  5.252023e-03
 17  4.392402e-03
 18  3.771461e-03
 19  3.258246e-03
 20  2.841081e-03
 21  2.468977e-03
 22  2.194005e-03
 23  1.941603e-03
 24  1.784855e-03
 25  1.651070e-03
 26  1.531537e-03
 27  1.410632e-03
 28  1.308713e-03
 29  1.201399e-03
 30  1.084850e-03
 31  9.669560e-04
 Iteration CPU time: 7 s
 CFIE residual: 0.000966956

 Iseg, Irank, Idinc : 1, 14, 178
 Thata, Phi : 90.000000, 177.000000
 Maximun iteration: 300
 Number of recycle truncation: 30
 Final matrix dimension:  36708
 Residual error:0.001000
 0  5.587921e-01
 1  2.991283e-01
 2  1.910005e-01
 3  1.352207e-01
 4  1.061098e-01
 5  8.163243e-02
 6  6.652707e-02
 7  5.494764e-02
 8  4.493799e-02
 9  3.514920e-02
 10  2.783197e-02
 11  2.228846e-02
 12  1.772307e-02
 13  1.391776e-02
 14  1.108989e-02
 15  8.770702e-03
 16  6.929748e-03
 17  5.741176e-03
 18  4.651166e-03
 19  3.835744e-03
 20  3.101991e-03
 21  2.545171e-03
 22  2.190123e-03
 23  1.917774e-03
 24  1.654121e-03
 25  1.443437e-03
 26  1.283588e-03
 27  1.145554e-03
 28  1.046200e-03
 29  9.588592e-04
 Iteration CPU time: 7 s
 CFIE residual: 0.000958859

 Iseg, Irank, Idinc : 1, 15, 97
 Thata, Phi : 90.000000, 96.000000
 Maximun iteration: 300
 Number of recycle truncation: 30
 Final matrix dimension:  36708
 Residual error:0.001000
 0  6.176941e-01
 1  3.536277e-01
 2  2.233595e-01
 3  1.490797e-01
 4  1.066829e-01
 5  8.130552e-02
 6  6.278947e-02
 7  5.015366e-02
 8  3.979175e-02
 9  3.189207e-02
 10  2.552785e-02
 11  2.044164e-02
 12  1.653367e-02
 13  1.368449e-02
 14  1.156402e-02
 15  9.663868e-03
 16  8.236262e-03
 17  7.213885e-03
 18  6.442463e-03
 19  5.840017e-03
 20  5.342944e-03
 21  4.870852e-03
 22  4.434212e-03
 23  4.064318e-03
 24  3.695623e-03
 25  3.303813e-03
 26  2.933247e-03
 27  2.568454e-03
 28  2.163362e-03
 29  1.753417e-03
 30  1.383671e-03
 31  1.090268e-03
 32  8.233147e-04
 Iteration CPU time: 7 s
 CFIE residual: 0.000823315

 Iseg, Irank, Idinc : 1, 16, 81
 Thata, Phi : 90.000000, 80.000000
 Maximun iteration: 300
 Number of recycle truncation: 30
 Final matrix dimension:  36708
 Residual error:0.001000
 0  6.254003e-01
 1  3.581026e-01
 2  2.323437e-01
 3  1.524994e-01
 4  1.090601e-01
 5  8.517519e-02
 6  6.513916e-02
 7  5.234047e-02
 8  4.162244e-02
 9  3.349206e-02
 10  2.664976e-02
 11  2.089579e-02
 12  1.671648e-02
 13  1.386704e-02
 14  1.187479e-02
 15  1.036849e-02
 16  9.131986e-03
 17  8.141215e-03
 18  7.365804e-03
 19  6.727605e-03
 20  6.138331e-03
 21  5.668174e-03
 22  5.183349e-03
 23  4.685102e-03
 24  4.112421e-03
 25  3.601329e-03
 26  3.106852e-03
 27  2.647625e-03
 28  2.206051e-03
 29  1.775003e-03
 30  1.425370e-03
 31  1.130517e-03
 32  8.883094e-04
 Iteration CPU time: 7 s
 CFIE residual: 0.000888309

 Iseg, Irank, Idinc : 1, 17, 1
 Thata, Phi : 90.000000, 0.000000
 Maximun iteration: 300
 Number of recycle truncation: 30
 Final matrix dimension:  36708
 Residual error:0.001000
 0  5.073391e-01
 1  2.678274e-01
 2  1.735887e-01
 3  1.205733e-01
 4  8.566862e-02
 5  6.428186e-02
 6  4.954168e-02
 7  3.799745e-02
 8  2.911927e-02
 9  2.265800e-02
 10  1.727635e-02
 11  1.346255e-02
 12  1.113272e-02
 13  8.748746e-03
 14  7.152929e-03
 15  5.646654e-03
 16  4.614759e-03
 17  3.812563e-03
 18  3.269488e-03
 19  2.824032e-03
 20  2.472398e-03
 21  2.196015e-03
 22  1.951354e-03
 23  1.709753e-03
 24  1.545647e-03
 25  1.422179e-03
 26  1.324146e-03
 27  1.230622e-03
 28  1.120864e-03
 29  1.012466e-03
 30  8.654251e-04
 Iteration CPU time: 7 s
 CFIE residual: 0.000865425

 Iseg, Irank, Idinc : 1, 18, 167
 Thata, Phi : 90.000000, 166.000000
 Maximun iteration: 300
 Number of recycle truncation: 30
 Final matrix dimension:  36708
 Residual error:0.001000
 0  5.787819e-01
 1  3.015720e-01
 2  1.883671e-01
 3  1.339294e-01
 4  1.045985e-01
 5  8.317318e-02
 6  6.837621e-02
 7  5.552662e-02
 8  4.641575e-02
 9  3.875107e-02
 10  3.278696e-02
 11  2.712305e-02
 12  2.236244e-02
 13  1.786854e-02
 14  1.461438e-02
 15  1.196009e-02
 16  9.756724e-03
 17  7.966671e-03
 18  6.438102e-03
 19  5.156943e-03
 20  4.224765e-03
 21  3.466471e-03
 22  2.935459e-03
 23  2.491498e-03
 24  2.149095e-03
 25  1.841191e-03
 26  1.598529e-03
 27  1.442346e-03
 28  1.326289e-03
 29  1.227960e-03
 30  1.138895e-03
 31  1.047893e-03
 32  9.393561e-04
 Iteration CPU time: 8 s
 CFIE residual: 0.000939356

 Iseg, Irank, Idinc : 1, 19, 139
 Thata, Phi : 90.000000, 138.000000
 Maximun iteration: 300
 Number of recycle truncation: 30
 Final matrix dimension:  36708
 Residual error:0.001000
 0  6.933920e-01
 1  3.556746e-01
 2  2.193019e-01
 3  1.513050e-01
 4  1.101228e-01
 5  8.372275e-02
 6  6.346944e-02
 7  5.021652e-02
 8  4.150061e-02
 9  3.348207e-02
 10  2.721094e-02
 11  2.265247e-02
 12  1.839659e-02
 13  1.480142e-02
 14  1.173402e-02
 15  9.522151e-03
 16  7.787360e-03
 17  6.500847e-03
 18  5.433907e-03
 19  4.597393e-03
 20  4.026686e-03
 21  3.582362e-03
 22  3.267427e-03
 23  2.954738e-03
 24  2.705340e-03
 25  2.516580e-03
 26  2.308669e-03
 27  2.093623e-03
 28  1.870652e-03
 29  1.659332e-03
 30  1.446725e-03
 31  1.215049e-03
 32  9.989952e-04
 Iteration CPU time: 7 s
 CFIE residual: 0.000998995

 Iseg, Irank, Idinc : 1, 20, 103
 Thata, Phi : 90.000000, 102.000000
 Maximun iteration: 300
 Number of recycle truncation: 30
 Final matrix dimension:  36708
 Residual error:0.001000
 0  6.177164e-01
 1  3.539574e-01
 2  2.229578e-01
 3  1.508761e-01
 4  1.052961e-01
 5  7.917692e-02
 6  6.163535e-02
 7  4.784132e-02
 8  3.758596e-02
 9  3.059806e-02
 10  2.481427e-02
 11  1.982612e-02
 12  1.589581e-02
 13  1.308250e-02
 14  1.081783e-02
 15  9.062504e-03
 16  7.603754e-03
 17  6.662395e-03
 18  5.880011e-03
 19  5.279712e-03
 20  4.774379e-03
 21  4.379932e-03
 22  3.959581e-03
 23  3.602119e-03
 24  3.287184e-03
 25  2.959974e-03
 26  2.645128e-03
 27  2.361096e-03
 28  2.031325e-03
 29  1.697569e-03
 30  1.398404e-03
 31  1.104930e-03
 32  8.541555e-04
 Iteration CPU time: 8 s
 CFIE residual: 0.000854156

 Iseg, Irank, Idinc : 1, 21, 153
 Thata, Phi : 90.000000, 152.000000
 Maximun iteration: 300
 Number of recycle truncation: 30
 Final matrix dimension:  36708
 Residual error:0.001000
 0  6.303560e-01
 1  3.292688e-01
 2  2.003413e-01
 3  1.370794e-01
 4  1.018564e-01
 5  7.975333e-02
 6  6.350134e-02
 7  5.051391e-02
 8  4.284595e-02
 9  3.588867e-02
 10  3.046769e-02
 11  2.551735e-02
 12  2.046909e-02
 13  1.629674e-02
 14  1.323246e-02
 15  1.080595e-02
 16  8.739762e-03
 17  7.174929e-03
 18  5.861766e-03
 19  4.811748e-03
 20  4.046057e-03
 21  3.376967e-03
 22  2.939485e-03
 23  2.598556e-03
 24  2.313541e-03
 25  2.087929e-03
 26  1.915514e-03
 27  1.743566e-03
 28  1.579061e-03
 29  1.436442e-03
 30  1.281738e-03
 31  1.099182e-03
 32  9.117245e-04
 Iteration CPU time: 8 s
 CFIE residual: 0.000911724

 Iseg, Irank, Idinc : 1, 22, 181
 Thata, Phi : 90.000000, 180.000000
 Maximun iteration: 300
 Number of recycle truncation: 30
 Final matrix dimension:  36708
 Residual error:0.001000
 0  5.575914e-01
 1  2.991013e-01
 2  1.909813e-01
 3  1.350526e-01
 4  1.058189e-01
 5  8.102846e-02
 6  6.595332e-02
 7  5.445275e-02
 8  4.432199e-02
 9  3.442620e-02
 10  2.705075e-02
 11  2.141038e-02
 12  1.628626e-02
 13  1.266404e-02
 14  9.870934e-03
 15  7.669642e-03
 16  5.918887e-03
 17  4.778862e-03
 18  3.870332e-03
 19  3.055861e-03
 20  2.542082e-03
 21  2.191143e-03
 22  1.886726e-03
 23  1.640163e-03
 24  1.434650e-03
 25  1.282803e-03
 26  1.173561e-03
 27  1.063737e-03
 28  9.768392e-04
 Iteration CPU time: 6 s
 CFIE residual: 0.000976839

 Iseg, Irank, Idinc : 1, 23, 6
 Thata, Phi : 90.000000, 5.000000
 Maximun iteration: 300
 Number of recycle truncation: 30
 Final matrix dimension:  36708
 Residual error:0.001000
 0  5.172617e-01
 1  2.703003e-01
 2  1.732503e-01
 3  1.215826e-01
 4  8.726886e-02
 5  6.607142e-02
 6  5.052405e-02
 7  3.814422e-02
 8  2.900306e-02
 9  2.328584e-02
 10  1.846345e-02
 11  1.453853e-02
 12  1.142059e-02
 13  9.107772e-03
 14  7.603328e-03
 15  6.186073e-03
 16  5.144311e-03
 17  4.294571e-03
 18  3.649860e-03
 19  3.166812e-03
 20  2.777471e-03
 21  2.423384e-03
 22  2.147470e-03
 23  1.879846e-03
 24  1.704144e-03
 25  1.562001e-03
 26  1.452916e-03
 27  1.345254e-03
 28  1.249420e-03
 29  1.134927e-03
 30  1.014258e-03
 31  8.932892e-04
 Iteration CPU time: 8 s
 CFIE residual: 0.000893289

 Iseg, Irank, Idinc : 1, 24, 59
 Thata, Phi : 90.000000, 58.000000
 Maximun iteration: 300
 Number of recycle truncation: 30
 Final matrix dimension:  36708
 Residual error:0.001000
 0  6.623807e-01
 1  3.467736e-01
 2  2.156835e-01
 3  1.368582e-01
 4  9.738862e-02
 5  7.198288e-02
 6  5.581785e-02
 7  4.409884e-02
 8  3.521412e-02
 9  2.717595e-02
 10  2.078184e-02
 11  1.670721e-02
 12  1.360016e-02
 13  1.129852e-02
 14  9.548626e-03
 15  8.261837e-03
 16  7.420297e-03
 17  6.749519e-03
 18  6.160889e-03
 19  5.608557e-03
 20  5.123399e-03
 21  4.656000e-03
 22  4.118280e-03
 23  3.651606e-03
 24  3.153951e-03
 25  2.650132e-03
 26  2.193520e-03
 27  1.786638e-03
 28  1.436140e-03
 29  1.143260e-03
 30  8.958925e-04
 Iteration CPU time: 7 s
 CFIE residual: 0.000895893

 Iseg, Irank, Idinc : 1, 25, 17
 Thata, Phi : 90.000000, 16.000000
 Maximun iteration: 300
 Number of recycle truncation: 30
 Final matrix dimension:  36708
 Residual error:0.001000
 0  5.802587e-01
 1  2.839434e-01
 2  1.698030e-01
 3  1.192708e-01
 4  8.457284e-02
 5  6.350005e-02
 6  4.928472e-02
 7  3.847477e-02
 8  3.008836e-02
 9  2.367927e-02
 10  1.842368e-02
 11  1.474343e-02
 12  1.146155e-02
 13  9.178724e-03
 14  7.446300e-03
 15  6.346044e-03
 16  5.343125e-03
 17  4.502827e-03
 18  3.832846e-03
 19  3.257591e-03
 20  2.848137e-03
 21  2.460904e-03
 22  2.206802e-03
 23  1.981426e-03
 24  1.832283e-03
 25  1.695797e-03
 26  1.566032e-03
 27  1.437510e-03
 28  1.320451e-03
 29  1.208714e-03
 30  1.082744e-03
 31  9.572398e-04
 Iteration CPU time: 7 s
 CFIE residual: 0.00095724

 Iseg, Irank, Idinc : 1, 26, 115
 Thata, Phi : 90.000000, 114.000000
 Maximun iteration: 300
 Number of recycle truncation: 30
 Final matrix dimension:  36708
 Residual error:0.001000
 0  6.459068e-01
 1  3.511164e-01
 2  2.221357e-01
 3  1.549380e-01
 4  1.096112e-01
 5  8.180497e-02
 6  6.236326e-02
 7  4.828167e-02
 8  3.790998e-02
 9  3.012239e-02
 10  2.339291e-02
 11  1.837491e-02
 12  1.511585e-02
 13  1.259670e-02
 14  1.038617e-02
 15  8.594461e-03
 16  7.306104e-03
 17  6.315298e-03
 18  5.480830e-03
 19  4.798481e-03
 20  4.315708e-03
 21  3.868800e-03
 22  3.525474e-03
 23  3.190118e-03
 24  2.929591e-03
 25  2.655415e-03
 26  2.412836e-03
 27  2.135311e-03
 28  1.870084e-03
 29  1.599830e-03
 30  1.316201e-03
 31  1.033063e-03
 32  7.909932e-04
 Iteration CPU time: 8 s
 CFIE residual: 0.000790993

 Iseg, Irank, Idinc : 1, 27, 173
 Thata, Phi : 90.000000, 172.000000
 Maximun iteration: 300
 Number of recycle truncation: 30
 Final matrix dimension:  36708
 Residual error:0.001000
 0  5.650701e-01
 1  2.993976e-01
 2  1.906778e-01
 3  1.356438e-01
 4  1.067742e-01
 5  8.333167e-02
 6  6.836842e-02
 7  5.610761e-02
 8  4.649458e-02
 9  3.751996e-02
 10  3.077766e-02
 11  2.534762e-02
 12  2.089322e-02
 13  1.668446e-02
 14  1.361238e-02
 15  1.111738e-02
 16  9.162668e-03
 17  7.415755e-03
 18  5.877653e-03
 19  4.776683e-03
 20  3.881297e-03
 21  3.143226e-03
 22  2.682439e-03
 23  2.297165e-03
 24  1.963764e-03
 25  1.684792e-03
 26  1.457527e-03
 27  1.296643e-03
 28  1.181324e-03
 29  1.087148e-03
 30  1.012105e-03
 31  9.303892e-04
 Iteration CPU time: 7 s
 CFIE residual: 0.000930389

 Iseg, Irank, Idinc : 1, 28, 37
 Thata, Phi : 90.000000, 36.000000
 Maximun iteration: 300
 Number of recycle truncation: 30
 Final matrix dimension:  36708
 Residual error:0.001000
 0  6.222569e-01
 1  3.126051e-01
 2  1.928735e-01
 3  1.226567e-01
 4  8.383217e-02
 5  6.160160e-02
 6  4.517107e-02
 7  3.407650e-02
 8  2.619630e-02
 9  2.036347e-02
 10  1.608866e-02
 11  1.288166e-02
 12  1.028456e-02
 13  8.501379e-03
 14  7.035016e-03
 15  6.000709e-03
 16  5.153109e-03
 17  4.475953e-03
 18  4.013818e-03
 19  3.580198e-03
 20  3.234110e-03
 21  2.953000e-03
 22  2.728995e-03
 23  2.486890e-03
 24  2.253951e-03
 25  2.028081e-03
 26  1.778197e-03
 27  1.534684e-03
 28  1.302224e-03
 29  1.086377e-03
 30  8.992024e-04
 Iteration CPU time: 7 s
 CFIE residual: 0.000899202

 Iseg, Irank, Idinc : 1, 29, 69
 Thata, Phi : 90.000000, 68.000000
 Maximun iteration: 300
 Number of recycle truncation: 30
 Final matrix dimension:  36708
 Residual error:0.001000
 0  6.567721e-01
 1  3.673208e-01
 2  2.338023e-01
 3  1.508586e-01
 4  1.087154e-01
 5  8.256773e-02
 6  6.351857e-02
 7  5.018347e-02
 8  4.048399e-02
 9  3.343547e-02
 10  2.630450e-02
 11  2.078831e-02
 12  1.670359e-02
 13  1.400382e-02
 14  1.196578e-02
 15  1.058152e-02
 16  9.494722e-03
 17  8.607709e-03
 18  7.843268e-03
 19  7.101684e-03
 20  6.522281e-03
 21  5.929062e-03
 22  5.386594e-03
 23  4.844883e-03
 24  4.226668e-03
 25  3.619524e-03
 26  3.050500e-03
 27  2.518316e-03
 28  2.019241e-03
 29  1.618800e-03
 30  1.270337e-03
 31  9.861148e-04
 Iteration CPU time: 7 s
 CFIE residual: 0.000986115

 Iseg, Irank, Idinc : 1, 30, 126
 Thata, Phi : 90.000000, 125.000000
 Maximun iteration: 300
 Number of recycle truncation: 30
 Final matrix dimension:  36708
 Residual error:0.001000
 0  6.598160e-01
 1  3.475603e-01
 2  2.289461e-01
 3  1.575975e-01
 4  1.124128e-01
 5  8.592477e-02
 6  6.560994e-02
 7  5.103931e-02
 8  3.961532e-02
 9  3.080917e-02
 10  2.442591e-02
 11  1.948898e-02
 12  1.550649e-02
 13  1.269574e-02
 14  1.045834e-02
 15  8.986561e-03
 16  7.596330e-03
 17  6.522662e-03
 18  5.671225e-03
 19  4.975226e-03
 20  4.443025e-03
 21  4.025316e-03
 22  3.678135e-03
 23  3.374902e-03
 24  3.050489e-03
 25  2.784911e-03
 26  2.543587e-03
 27  2.322353e-03
 28  2.094592e-03
 29  1.872664e-03
 30  1.619058e-03
 31  1.365015e-03
 32  1.128338e-03
 33  9.205403e-04
 Iteration CPU time: 8 s
 CFIE residual: 0.00092054

 Iseg, Irank, Idinc : 1, 31, 3
 Thata, Phi : 90.000000, 2.000000
 Maximun iteration: 300
 Number of recycle truncation: 30
 Final matrix dimension:  36708
 Residual error:0.001000
 0  5.090295e-01
 1  2.682544e-01
 2  1.735138e-01
 3  1.207273e-01
 4  8.595912e-02
 5  6.466642e-02
 6  4.974251e-02
 7  3.791554e-02
 8  2.898068e-02
 9  2.266943e-02
 10  1.753048e-02
 11  1.393950e-02
 12  1.130825e-02
 13  8.887994e-03
 14  7.339977e-03
 15  5.962755e-03
 16  4.975035e-03
 17  4.147336e-03
 18  3.514071e-03
 19  3.048547e-03
 20  2.675193e-03
 21  2.365342e-03
 22  2.091562e-03
 23  1.824563e-03
 24  1.640775e-03
 25  1.500781e-03
 26  1.388766e-03
 27  1.287846e-03
 28  1.185568e-03
 29  1.075458e-03
 30  9.448973e-04
 Iteration CPU time: 7 s
 CFIE residual: 0.000944897

 Iseg, Irank, Idinc : 1, 32, 163
 Thata, Phi : 90.000000, 162.000000
 Maximun iteration: 300
 Number of recycle truncation: 30
 Final matrix dimension:  36708
 Residual error:0.001000
 0  5.924888e-01
 1  3.055764e-01
 2  1.875935e-01
 3  1.315926e-01
 4  1.017862e-01
 5  8.175042e-02
 6  6.654324e-02
 7  5.372126e-02
 8  4.533317e-02
 9  3.874775e-02
 10  3.279502e-02
 11  2.731263e-02
 12  2.245325e-02
 13  1.810047e-02
 14  1.468503e-02
 15  1.196538e-02
 16  9.713921e-03
 17  8.024395e-03
 18  6.522745e-03
 19  5.213039e-03
 20  4.311411e-03
 21  3.556657e-03
 22  3.018584e-03
 23  2.587286e-03
 24  2.250687e-03
 25  1.936200e-03
 26  1.731806e-03
 27  1.582957e-03
 28  1.462075e-03
 29  1.351256e-03
 30  1.243624e-03
 31  1.142529e-03
 32  1.012003e-03
 33  8.761282e-04
 Iteration CPU time: 8 s
 CFIE residual: 0.000876128

 Iseg, Irank, Idinc : 1, 33, 47
 Thata, Phi : 90.000000, 46.000000
 Maximun iteration: 300
 Number of recycle truncation: 30
 Final matrix dimension:  36708
 Residual error:0.001000
 0  6.346268e-01
 1  3.233335e-01
 2  2.038207e-01
 3  1.340092e-01
 4  9.489763e-02
 5  7.041742e-02
 6  5.287438e-02
 7  4.066190e-02
 8  3.105087e-02
 9  2.411188e-02
 10  1.875758e-02
 11  1.463345e-02
 12  1.179360e-02
 13  9.721686e-03
 14  8.137397e-03
 15  6.954104e-03
 16  6.190590e-03
 17  5.535679e-03
 18  5.040559e-03
 19  4.647283e-03
 20  4.237409e-03
 21  3.785692e-03
 22  3.451446e-03
 23  3.056481e-03
 24  2.644285e-03
 25  2.266724e-03
 26  1.924557e-03
 27  1.587883e-03
 28  1.308542e-03
 29  1.063497e-03
 30  8.430546e-04
 Iteration CPU time: 7 s
 CFIE residual: 0.000843055

 Iseg, Irank, Idinc : 1, 34, 27
 Thata, Phi : 90.000000, 26.000000
 Maximun iteration: 300
 Number of recycle truncation: 30
 Final matrix dimension:  36708
 Residual error:0.001000
 0  6.329355e-01
 1  2.986958e-01
 2  1.681844e-01
 3  1.100609e-01
 4  7.744396e-02
 5  5.698756e-02
 6  4.259324e-02
 7  3.242761e-02
 8  2.528083e-02
 9  2.055891e-02
 10  1.654481e-02
 11  1.301794e-02
 12  1.043541e-02
 13  8.678079e-03
 14  7.246988e-03
 15  6.077703e-03
 16  5.270562e-03
 17  4.445418e-03
 18  3.852632e-03
 19  3.303288e-03
 20  2.901154e-03
 21  2.576920e-03
 22  2.347496e-03
 23  2.180092e-03
 24  2.029308e-03
 25  1.854207e-03
 26  1.690806e-03
 27  1.526438e-03
 28  1.358852e-03
 29  1.207728e-03
 30  1.032731e-03
 31  8.657381e-04
 Iteration CPU time: 7 s
 CFIE residual: 0.000865738

 Iseg, Irank, Idinc : 1, 35, 180
 Thata, Phi : 90.000000, 179.000000
 Maximun iteration: 300
 Number of recycle truncation: 30
 Final matrix dimension:  36708
 Residual error:0.001000
 0  5.577401e-01
 1  2.991066e-01
 2  1.909864e-01
 3  1.350758e-01
 4  1.058569e-01
 5  8.110464e-02
 6  6.602502e-02
 7  5.452234e-02
 8  4.441118e-02
 9  3.452356e-02
 10  2.715453e-02
 11  2.153513e-02
 12  1.654717e-02
 13  1.289909e-02
 14  1.011060e-02
 15  7.897068e-03
 16  6.114505e-03
 17  5.014734e-03
 18  4.110197e-03
 19  3.345980e-03
 20  2.705865e-03
 21  2.275802e-03
 22  1.976286e-03
 23  1.740253e-03
 24  1.516969e-03
 25  1.339383e-03
 26  1.210979e-03
 27  1.087922e-03
 28  9.988752e-04
 Iteration CPU time: 6 s
 CFIE residual: 0.000998875

 Iseg, Irank, Idinc : 1, 36, 93
 Thata, Phi : 90.000000, 92.000000
 Maximun iteration: 300
 Number of recycle truncation: 30
 Final matrix dimension:  36708
 Residual error:0.001000
 0  6.189714e-01
 1  3.556028e-01
 2  2.263655e-01
 3  1.510531e-01
 4  1.082737e-01
 5  8.441602e-02
 6  6.618980e-02
 7  5.244548e-02
 8  4.193998e-02
 9  3.395783e-02
 10  2.686858e-02
 11  2.160175e-02
 12  1.744229e-02
 13  1.421210e-02
 14  1.206436e-02
 15  1.019817e-02
 16  8.748791e-03
 17  7.663957e-03
 18  6.893236e-03
 19  6.255585e-03
 20  5.746800e-03
 21  5.266154e-03
 22  4.815573e-03
 23  4.370885e-03
 24  3.921890e-03
 25  3.471907e-03
 26  3.047656e-03
 27  2.660146e-03
 28  2.196286e-03
 29  1.731785e-03
 30  1.339436e-03
 31  1.033456e-03
 32  8.063148e-04
 Iteration CPU time: 8 s
 CFIE residual: 0.000806315

 Iseg, Irank, Idinc : 1, 37, 143
 Thata, Phi : 90.000000, 142.000000
 Maximun iteration: 300
 Number of recycle truncation: 30
 Final matrix dimension:  36708
 Residual error:0.001000
 0  6.711033e-01
 1  3.509074e-01
 2  2.117821e-01
 3  1.469860e-01
 4  1.067115e-01
 5  8.156523e-02
 6  6.288754e-02
 7  4.998269e-02
 8  4.163346e-02
 9  3.438919e-02
 10  2.854283e-02
 11  2.393950e-02
 12  1.951399e-02
 13  1.577017e-02
 14  1.245677e-02
 15  1.021915e-02
 16  8.118914e-03
 17  6.789329e-03
 18  5.644934e-03
 19  4.647286e-03
 20  4.014793e-03
 21  3.483001e-03
 22  3.106470e-03
 23  2.781767e-03
 24  2.517575e-03
 25  2.346243e-03
 26  2.173122e-03
 27  1.998527e-03
 28  1.779428e-03
 29  1.575566e-03
 30  1.383184e-03
 31  1.166484e-03
 32  9.623142e-04
 Iteration CPU time: 7 s
 CFIE residual: 0.000962314

 Iseg, Irank, Idinc : 1, 38, 85
 Thata, Phi : 90.000000, 84.000000
 Maximun iteration: 300
 Number of recycle truncation: 30
 Final matrix dimension:  36708
 Residual error:0.001000
 0  6.210768e-01
 1  3.539584e-01
 2  2.296742e-01
 3  1.563459e-01
 4  1.119909e-01
 5  8.726736e-02
 6  6.733856e-02
 7  5.356379e-02
 8  4.273592e-02
 9  3.495866e-02
 10  2.761510e-02
 11  2.124364e-02
 12  1.682312e-02
 13  1.381597e-02
 14  1.170349e-02
 15  1.013235e-02
 16  8.925784e-03
 17  7.961270e-03
 18  7.216297e-03
 19  6.589040e-03
 20  6.076167e-03
 21  5.592580e-03
 22  5.115065e-03
 23  4.577170e-03
 24  4.021067e-03
 25  3.492227e-03
 26  3.019131e-03
 27  2.567532e-03
 28  2.140994e-03
 29  1.721259e-03
 30  1.373028e-03
 31  1.106100e-03
 32  8.690488e-04
 Iteration CPU time: 8 s
 CFIE residual: 0.000869049

 Iseg, Irank, Idinc : 1, 39, 175
 Thata, Phi : 90.000000, 174.000000
 Maximun iteration: 300
 Number of recycle truncation: 30
 Final matrix dimension:  36708
 Residual error:0.001000
 0  5.620126e-01
 1  2.992237e-01
 2  1.909308e-01
 3  1.355530e-01
 4  1.066475e-01
 5  8.277716e-02
 6  6.769551e-02
 7  5.573740e-02
 8  4.596105e-02
 9  3.656749e-02
 10  2.948206e-02
 11  2.400905e-02
 12  1.963026e-02
 13  1.553201e-02
 14  1.260756e-02
 15  1.025822e-02
 16  8.394732e-03
 17  6.809737e-03
 18  5.426180e-03
 19  4.452223e-03
 20  3.621751e-03
 21  2.936616e-03
 22  2.512193e-03
 23  2.170330e-03
 24  1.857772e-03
 25  1.601341e-03
 26  1.396725e-03
 27  1.240675e-03
 28  1.129333e-03
 29  1.037792e-03
 30  9.676217e-04
 Iteration CPU time: 7 s
 CFIE residual: 0.000967622
 Last Built End in Sep 21 2025 00:06:12
 Total CPU time: 304 s
 Finished.
