 Last Built Begin in Sep 21 2025 00:06:12
 Pre-Type( Input ):            8
 Skl-Tol ( Input ):    1.0000000000000000E-002
 Wavelength in freespace: 0.365854

 ################################################
 ##         Generating Required Mesh          ##
 ##         Waiting.....                      ##
 ################################################
 Subd No.      Subd Name
    1    sphere1                                                           
 isub,  nnode, npatch,  nedge:
    1       604      1204      1806
 Scale Factor         >>   9.99999978E-03
 ################################################

 START TIME: 20250922   002855.782


 Informaton for IE geometry:
 number of subdomains     : 1
 maxnode,maxpatch,maxedge : 604  1204  1806
 
 Index of Mat-Reg: 1
 Mat-Reg Number via MatFlg: 1
 Edge Number of Mat-Reg: 1, 1806

 Number of Edge on PEC: 0
 Mat-Reg: No Dim(m) Lmax:
    1 0.273    1
 Totlmax, add1, add2:           1           2           3
 rlengmax of Global MLFMA >>   0.27333331704266667     
 Lmax of Global MLFMA >>            1
 Wavenum of Mat-Reg:
    1 1.000

 total area in sq m           =      0.1254
 total area in sq lambda      =      0.9365
 maxnode, maxpatch, maxedge           =      604     1204     1806
 longest  edge in lambda              =      0.0595
 shortest edge in lambda              =      0.0260
 average  edge in lambda              =      0.0425
 largest  patch area in sq lambda     =      0.0013
 smallest patch area in sq lambda     =      0.0004
 ave    surface area in sq lambda     =      0.0008
 size range of the object in sq lambda =      0.5467

 #### MLFMA Info For Each Region ####
 Mat-Region =            1
 Array dimension parameters:
 maxrule=          14   maxgrid  =          64
 lmax   =           1   ncmax    =           9
 lsmax  =           1   lsmin    =           1
 kpm    =           1   kp0      =           1
 ntlm   =           1   nsm      =           1
 nkpm   =           1   niplm    =          16
 ngnearm=          64   ngsndm   =           1
 nearm  =        1807   mfinestm =         244
 ###############################

 CFIE Alpha:  0.50000000000000000     

 Fill MLFMA NI for Mat-Reg:           1
 Begin fill sparser part of Nearfield
 Begin fill denser part of Nearfield
 End fill
 Filling Amn                 Delta_CPU=         43.01 Memory(MB)=        200.07


 Now testing preconditioner with
 ipretype =            8
 method = cfie_solve_nfpre_pardiso

  
 NBP>>Begin fill sparser part of Nearfield
 NBP>>Begin fill denser part of Nearfield

212.5000%
225.0000%
237.5000%
250.0000%
262.5000%
275.0000%
287.5000%
300.0000%
 Begin MLFMA Box-Matrix Based Prec Constructor
 --- Intel MKL PARDISO --- 
  >> Solver Initialized
  >> Proceed to ngrp_box loop
  >> Loop 0 Initialized
 Memory for iGRP: 1 0 MB
 Total Memory For NFB Pre: 0 MB
 --- PARDISO PRECONDITIONER INITIALIZED --- 
 Constructing preconditioner CPU time: 0 s
 
 108360
 Memory for Iteration:: 1.65344 MB

 Iseg, Ninc_S : 1, 181, 0

 Iseg, Skeleton Angles: 1, 8
 Iseg, Skel-Pk Mem(MB): 1, 30.96

 Iseg, Irank, Idinc : 1, 1, 122
 Thata, Phi : 90.000000, 121.000000
 Maximun iteration: 300
 Number of recycle truncation: 30
 Final matrix dimension:  3612
 Residual error:0.010000
 0  1.712851e-01
 1  7.742229e-02
 2  2.692597e-02
 3  1.124190e-02
 4  4.703327e-03
 Iteration CPU time: 1 s
 CFIE residual: 0.00470333

 Iseg, Irank, Idinc : 1, 2, 38
 Thata, Phi : 90.000000, 37.000000
 Maximun iteration: 300
 Number of recycle truncation: 30
 Final matrix dimension:  3612
 Residual error:0.010000
 0  1.722829e-01
 1  7.871261e-02
 2  2.920280e-02
 3  1.253991e-02
 4  5.118901e-03
 Iteration CPU time: 0 s
 CFIE residual: 0.0051189

 Iseg, Irank, Idinc : 1, 3, 1
 Thata, Phi : 90.000000, 0.000000
 Maximun iteration: 300
 Number of recycle truncation: 30
 Final matrix dimension:  3612
 Residual error:0.010000
 0  1.849555e-01
 1  8.290124e-02
 2  2.869768e-02
 3  1.172256e-02
 4  4.756627e-03
 Iteration CPU time: 0 s
 CFIE residual: 0.00475663

 Iseg, Irank, Idinc : 1, 4, 181
 Thata, Phi : 90.000000, 180.000000
 Maximun iteration: 300
 Number of recycle truncation: 30
 Final matrix dimension:  3612
 Residual error:0.010000
 0  1.833792e-01
 1  8.239684e-02
 2  2.840534e-02
 3  1.108381e-02
 4  4.538748e-03
 Iteration CPU time: 0 s
 CFIE residual: 0.00453875

 Iseg, Irank, Idinc : 1, 5, 81
 Thata, Phi : 90.000000, 80.000000
 Maximun iteration: 300
 Number of recycle truncation: 30
 Final matrix dimension:  3612
 Residual error:0.010000
 0  1.806982e-01
 1  8.315816e-02
 2  2.905459e-02
 3  1.176561e-02
 4  4.691892e-03
 Iteration CPU time: 0 s
 CFIE residual: 0.00469189

 Iseg, Irank, Idinc : 1, 6, 156
 Thata, Phi : 90.000000, 155.000000
 Maximun iteration: 300
 Number of recycle truncation: 30
 Final matrix dimension:  3612
 Residual error:0.010000
 0  1.752934e-01
 1  7.891814e-02
 2  2.779629e-02
 3  1.116911e-02
 4  4.665259e-03
 Iteration CPU time: 0 s
 CFIE residual: 0.00466526

 Iseg, Irank, Idinc : 1, 7, 17
 Thata, Phi : 90.000000, 16.000000
 Maximun iteration: 300
 Number of recycle truncation: 30
 Final matrix dimension:  3612
 Residual error:0.010000
 0  1.807697e-01
 1  8.163779e-02
 2  2.884517e-02
 3  1.202309e-02
 4  4.892696e-03
 Iteration CPU time: 0 s
 CFIE residual: 0.0048927

 Iseg, Irank, Idinc : 1, 8, 102
 Thata, Phi : 90.000000, 101.000000
 Maximun iteration: 300
 Number of recycle truncation: 30
 Final matrix dimension:  3612
 Residual error:0.010000
 0  1.793595e-01
 1  8.195573e-02
 2  2.805814e-02
 3  1.140066e-02
 4  4.624045e-03
 Iteration CPU time: 0 s
 CFIE residual: 0.00462404
 Last Built End in Sep 21 2025 00:06:12
 Total CPU time: 6 s
 Finished.
