 Last Built Begin in Sep 21 2025 00:06:12
 Pre-Type( Input ):            8
 Skl-Tol ( Input ):    1.0000000000000000E-002
 Wavelength in freespace: 0.39823

 ################################################
 ##         Generating Required Mesh          ##
 ##         Waiting.....                      ##
 ################################################
 Subd No.      Subd Name
    1    sphere1                                                           
 isub,  nnode, npatch,  nedge:
    1       604      1204      1806
 Scale Factor         >>   9.99999978E-03
 ################################################

 START TIME: 20250922   002516.222


 Informaton for IE geometry:
 number of subdomains     : 1
 maxnode,maxpatch,maxedge : 604  1204  1806
 
 Index of Mat-Reg: 1
 Mat-Reg Number via MatFlg: 1
 Edge Number of Mat-Reg: 1, 1806

 Number of Edge on PEC: 0
 Mat-Reg: No Dim(m) Lmax:
    1 0.251    1
 Totlmax, add1, add2:           1           2           3
 rlengmax of Global MLFMA >>   0.25111098503378437     
 Lmax of Global MLFMA >>            1
 Wavenum of Mat-Reg:
    1 1.000

 total area in sq m           =      0.1254
 total area in sq lambda      =      0.7904
 maxnode, maxpatch, maxedge           =      604     1204     1806
 longest  edge in lambda              =      0.0547
 shortest edge in lambda              =      0.0238
 average  edge in lambda              =      0.0390
 largest  patch area in sq lambda     =      0.0011
 smallest patch area in sq lambda     =      0.0003
 ave    surface area in sq lambda     =      0.0007
 size range of the object in sq lambda =      0.5022

 #### MLFMA Info For Each Region ####
 Mat-Region =            1
 Array dimension parameters:
 maxrule=          14   maxgrid  =          64
 lmax   =           1   ncmax    =           9
 lsmax  =           1   lsmin    =           1
 kpm    =           1   kp0      =           1
 ntlm   =           1   nsm      =           1
 nkpm   =           1   niplm    =          16
 ngnearm=          64   ngsndm   =           1
 nearm  =        1807   mfinestm =         244
 ###############################

 CFIE Alpha:  0.50000000000000000     

 Fill MLFMA NI for Mat-Reg:           1
 Begin fill sparser part of Nearfield
 Begin fill denser part of Nearfield
 End fill
 Filling Amn                 Delta_CPU=         43.07 Memory(MB)=        200.07


 Now testing preconditioner with
 ipretype =            8
 method = cfie_solve_nfpre_pardiso

  
 NBP>>Begin fill sparser part of Nearfield
 NBP>>Begin fill denser part of Nearfield

212.5000%
225.0000%
237.5000%
250.0000%
262.5000%
275.0000%
287.5000%
300.0000%
 Begin MLFMA Box-Matrix Based Prec Constructor
 --- Intel MKL PARDISO --- 
  >> Solver Initialized
  >> Proceed to ngrp_box loop
  >> Loop 0 Initialized
 Memory for iGRP: 1 0 MB
 Total Memory For NFB Pre: 0 MB
 --- PARDISO PRECONDITIONER INITIALIZED --- 
 Constructing preconditioner CPU time: 0 s
 
 108360
 Memory for Iteration:: 1.65344 MB

 Iseg, Ninc_S : 1, 181, 0

 Iseg, Skeleton Angles: 1, 7
 Iseg, Skel-Pk Mem(MB): 1, 30.95

 Iseg, Irank, Idinc : 1, 1, 127
 Thata, Phi : 90.000000, 126.000000
 Maximun iteration: 300
 Number of recycle truncation: 30
 Final matrix dimension:  3612
 Residual error:0.010000
 0  1.815861e-01
 1  8.187257e-02
 2  3.131906e-02
 3  1.352615e-02
 4  5.828880e-03
 Iteration CPU time: 0 s
 CFIE residual: 0.00582888

 Iseg, Irank, Idinc : 1, 2, 46
 Thata, Phi : 90.000000, 45.000000
 Maximun iteration: 300
 Number of recycle truncation: 30
 Final matrix dimension:  3612
 Residual error:0.010000
 0  1.830071e-01
 1  8.325115e-02
 2  3.376301e-02
 3  1.506509e-02
 4  6.217065e-03
 Iteration CPU time: 0 s
 CFIE residual: 0.00621707

 Iseg, Irank, Idinc : 1, 3, 1
 Thata, Phi : 90.000000, 0.000000
 Maximun iteration: 300
 Number of recycle truncation: 30
 Final matrix dimension:  3612
 Residual error:0.010000
 0  1.971176e-01
 1  8.923825e-02
 2  3.420304e-02
 3  1.448943e-02
 4  5.905041e-03
 Iteration CPU time: 0 s
 CFIE residual: 0.00590504

 Iseg, Irank, Idinc : 1, 4, 181
 Thata, Phi : 90.000000, 180.000000
 Maximun iteration: 300
 Number of recycle truncation: 30
 Final matrix dimension:  3612
 Residual error:0.010000
 0  1.950374e-01
 1  8.881230e-02
 2  3.340394e-02
 3  1.337239e-02
 4  5.593426e-03
 Iteration CPU time: 0 s
 CFIE residual: 0.00559343

 Iseg, Irank, Idinc : 1, 5, 87
 Thata, Phi : 90.000000, 86.000000
 Maximun iteration: 300
 Number of recycle truncation: 30
 Final matrix dimension:  3612
 Residual error:0.010000
 0  1.932088e-01
 1  9.066291e-02
 2  3.445384e-02
 3  1.445059e-02
 4  5.859794e-03
 Iteration CPU time: 0 s
 CFIE residual: 0.00585979

 Iseg, Irank, Idinc : 1, 6, 158
 Thata, Phi : 90.000000, 157.000000
 Maximun iteration: 300
 Number of recycle truncation: 30
 Final matrix dimension:  3612
 Residual error:0.010000
 0  1.879746e-01
 1  8.481816e-02
 2  3.253992e-02
 3  1.337376e-02
 4  5.687729e-03
 Iteration CPU time: 1 s
 CFIE residual: 0.00568773

 Iseg, Irank, Idinc : 1, 7, 20
 Thata, Phi : 90.000000, 19.000000
 Maximun iteration: 300
 Number of recycle truncation: 30
 Final matrix dimension:  3612
 Residual error:0.010000
 0  1.914373e-01
 1  8.668365e-02
 2  3.398109e-02
 3  1.476698e-02
 4  6.052170e-03
 Iteration CPU time: 0 s
 CFIE residual: 0.00605217
 Last Built End in Sep 21 2025 00:06:12
 Total CPU time: 6 s
 Finished.
