 Last Built Begin in Sep 21 2025 00:06:12
 Pre-Type( Input ):           10
 Skl-Tol ( Input ):    1.0000000000000001E-005
 Wavelength in freespace: 0.0293255

 ################################################
 ##         Generating Required Mesh          ##
 ##         Waiting.....                      ##
 ################################################
 Subd No.      Subd Name
    1    Open-Duct_PRIME_model_meshAA1                                     
 isub,  nnode, npatch,  nedge:
    1      6118     12236     18354
 Scale Factor         >>   1.54999997E-02
 ################################################

 START TIME: 20250922   070321.618


 Informaton for IE geometry:
 number of subdomains     : 1
 maxnode,maxpatch,maxedge : 6118  12236  18354
 
 Index of Mat-Reg: 1
 Mat-Reg Number via MatFlg: 1
 Edge Number of Mat-Reg: 1, 18354

 Number of Edge on PEC: 18354
 Mat-Reg: No Dim(m) Lmax:
    1 0.244    5
 Totlmax, add1, add2:           5           6           7
 rlengmax of Global MLFMA >>   0.24449962391614374     
 Lmax of Global MLFMA >>            5
 Wavenum of Mat-Reg:
    1 1.000

 total area in sq m           =      0.0510
 total area in sq lambda      =     59.2684
 maxnode, maxpatch, maxedge           =     6118    12236    18354
 longest  edge in lambda              =      0.1592
 shortest edge in lambda              =      0.0076
 average  edge in lambda              =      0.1063
 largest  patch area in sq lambda     =      0.0086
 smallest patch area in sq lambda     =      0.0000
 ave    surface area in sq lambda     =      0.0048
 size range of the object in sq lambda =      7.8240

 #### MLFMA Info For Each Region ####
 Mat-Region =            1
 Array dimension parameters:
 maxrule=          14   maxgrid  =          64
 lmax   =           5   ncmax    =        1250
 lsmax  =          27   lsmin    =           7
 kpm    =        1462   kp0      =         102
 ntlm   =      217096   nsm      =      232158
 nkpm   =        2284   niplm    =      146176
 ngnearm=       14257   ngsndm   =       64634
 nearm  =         333   mfinestm =         119
 ###############################

 CFIE Alpha:  0.50000000000000000     

 Fill MLFMA FI for Mat-Reg:           1
 Begin filltl.f
 fill translation matrix
 Level:            2
 fill shifting matrix
 Level:            3
 fill shifting matrix
 Level:            4
 fill shifting matrix
 Level:            5
 fill shifting matrix
 translator time(s):  0.130000010    
 fill interpolation matrix
 ThetaOrder            8
 PhiOrder            8
 lsl            7
 Filling TL                  Delta_CPU=          0.56 Memory(MB)=        653.98
 Filling sndgrp              Delta_CPU=          0.00 Memory(MB)=        653.98
 Filling VFS                 Delta_CPU=          3.31 Memory(MB)=        653.98

 Fill MLFMA NI for Mat-Reg:           1
 Begin fill sparser part of Nearfield
 Begin fill denser part of Nearfield
 End fill
 Filling Amn                 Delta_CPU=         90.62 Memory(MB)=        653.98


 Now testing preconditioner with
 ipretype =           10
 method = cfie_solve_nfrasspspre_pardiso

  
 NBP>>Begin fill sparser part of Nearfield

114.1519% NBP>>Begin fill denser part of Nearfield

200.1041%
 Begin MLFMA Box-Matrix Based Spar-RAS Prec Constructor
 --- Intel MKL PARDISO --- 
 Memory for iGroup: 1 0 MB
 Total Memory For SparRAS Pre: 0 MB
 --- PARDISO PRECONDITIONER INITIALIZED --- 
 Constructing preconditioner CPU time: 4 s
 
 1101240
 Memory for Iteration:: 16.8036 MB

 Iseg, Ninc_S : 1, 181, 0

 Iseg, Skeleton Angles: 1, 40
 Iseg, Skel-Pk Mem(MB): 1, 314.35

 Iseg, Irank, Idinc : 1, 1, 42
 Thata, Phi : 90.000000, 41.000000
 Maximun iteration: 300
 Number of recycle truncation: 30
 Final matrix dimension:  36708
 Residual error:0.001000
 0  6.314144e-01
 1  3.153893e-01
 2  1.994370e-01
 3  1.276189e-01
 4  8.799196e-02
 5  6.490894e-02
 6  4.890610e-02
 7  3.737647e-02
 8  2.845199e-02
 9  2.174755e-02
 10  1.619197e-02
 11  1.301429e-02
 12  1.044441e-02
 13  8.510574e-03
 14  7.065901e-03
 15  5.852474e-03
 16  4.997744e-03
 17  4.134205e-03
 18  3.530587e-03
 19  3.063221e-03
 20  2.771151e-03
 21  2.521501e-03
 22  2.379395e-03
 23  2.260539e-03
 24  2.174854e-03
 25  2.093543e-03
 26  2.034480e-03
 27  1.967871e-03
 28  1.901820e-03
 29  1.830008e-03
 30  1.744870e-03
 31  1.631806e-03
 32  1.502372e-03
 33  1.329152e-03
 34  1.122719e-03
 35  9.507875e-04
 Iteration CPU time: 8 s
 CFIE residual: 0.000950788

 Iseg, Irank, Idinc : 1, 2, 109
 Thata, Phi : 90.000000, 108.000000
 Maximun iteration: 300
 Number of recycle truncation: 30
 Final matrix dimension:  36708
 Residual error:0.001000
 0  6.222879e-01
 1  3.515087e-01
 2  2.186201e-01
 3  1.493259e-01
 4  1.052793e-01
 5  7.915185e-02
 6  6.090652e-02
 7  4.754739e-02
 8  3.794145e-02
 9  3.018358e-02
 10  2.431009e-02
 11  1.997650e-02
 12  1.613827e-02
 13  1.342284e-02
 14  1.116311e-02
 15  9.151801e-03
 16  7.880252e-03
 17  6.708203e-03
 18  5.738846e-03
 19  4.959354e-03
 20  4.314465e-03
 21  3.774610e-03
 22  3.437555e-03
 23  3.190745e-03
 24  3.023016e-03
 25  2.890131e-03
 26  2.794664e-03
 27  2.704113e-03
 28  2.621928e-03
 29  2.517284e-03
 30  2.365579e-03
 31  2.164748e-03
 32  1.964059e-03
 33  1.710963e-03
 34  1.488163e-03
 35  1.267965e-03
 36  1.050668e-03
 37  8.391004e-04
 Iteration CPU time: 9 s
 CFIE residual: 0.0008391

 Iseg, Irank, Idinc : 1, 3, 22
 Thata, Phi : 90.000000, 21.000000
 Maximun iteration: 300
 Number of recycle truncation: 30
 Final matrix dimension:  36708
 Residual error:0.001000
 0  6.283425e-01
 1  2.948012e-01
 2  1.728352e-01
 3  1.148535e-01
 4  8.007872e-02
 5  5.928626e-02
 6  4.503789e-02
 7  3.487778e-02
 8  2.797541e-02
 9  2.245992e-02
 10  1.802195e-02
 11  1.438686e-02
 12  1.170353e-02
 13  9.689003e-03
 14  8.117343e-03
 15  6.545071e-03
 16  5.477862e-03
 17  4.709227e-03
 18  3.922151e-03
 19  3.326512e-03
 20  2.782965e-03
 21  2.335629e-03
 22  1.970221e-03
 23  1.728004e-03
 24  1.525191e-03
 25  1.375355e-03
 26  1.242062e-03
 27  1.131545e-03
 28  1.056279e-03
 29  1.005192e-03
 30  9.590492e-04
 Iteration CPU time: 7 s
 CFIE residual: 0.000959049

 Iseg, Irank, Idinc : 1, 4, 63
 Thata, Phi : 90.000000, 62.000000
 Maximun iteration: 300
 Number of recycle truncation: 30
 Final matrix dimension:  36708
 Residual error:0.001000
 0  6.579327e-01
 1  3.581652e-01
 2  2.228945e-01
 3  1.426626e-01
 4  1.011813e-01
 5  7.779145e-02
 6  5.845288e-02
 7  4.658190e-02
 8  3.680467e-02
 9  2.928063e-02
 10  2.261436e-02
 11  1.757482e-02
 12  1.411711e-02
 13  1.136112e-02
 14  9.474514e-03
 15  8.153391e-03
 16  6.884147e-03
 17  6.079010e-03
 18  5.440473e-03
 19  5.023648e-03
 20  4.767668e-03
 21  4.546557e-03
 22  4.353058e-03
 23  4.162359e-03
 24  3.999842e-03
 25  3.855612e-03
 26  3.724621e-03
 27  3.561684e-03
 28  3.341909e-03
 29  3.070617e-03
 30  2.690347e-03
 31  2.338526e-03
 32  1.966197e-03
 33  1.643721e-03
 34  1.354085e-03
 35  1.113220e-03
 36  9.153652e-04
 Iteration CPU time: 8 s
 CFIE residual: 0.000915365

 Iseg, Irank, Idinc : 1, 5, 147
 Thata, Phi : 90.000000, 146.000000
 Maximun iteration: 300
 Number of recycle truncation: 30
 Final matrix dimension:  36708
 Residual error:0.001000
 0  6.562885e-01
 1  3.457953e-01
 2  2.106439e-01
 3  1.413746e-01
 4  1.014720e-01
 5  7.710388e-02
 6  6.021013e-02
 7  4.741588e-02
 8  3.946408e-02
 9  3.378183e-02
 10  2.856900e-02
 11  2.468512e-02
 12  2.143471e-02
 13  1.811721e-02
 14  1.494462e-02
 15  1.254081e-02
 16  1.053678e-02
 17  8.726109e-03
 18  7.074494e-03
 19  6.005315e-03
 20  4.976573e-03
 21  4.232898e-03
 22  3.690719e-03
 23  3.231119e-03
 24  2.883117e-03
 25  2.584721e-03
 26  2.360609e-03
 27  2.202052e-03
 28  2.087658e-03
 29  2.014129e-03
 30  1.946784e-03
 31  1.890492e-03
 32  1.833928e-03
 33  1.740797e-03
 34  1.628993e-03
 35  1.478906e-03
 36  1.292155e-03
 37  1.101431e-03
 38  9.035461e-04
 Iteration CPU time: 9 s
 CFIE residual: 0.000903546

 Iseg, Irank, Idinc : 1, 6, 136
 Thata, Phi : 90.000000, 135.000000
 Maximun iteration: 300
 Number of recycle truncation: 30
 Final matrix dimension:  36708
 Residual error:0.001000
 0  6.980399e-01
 1  3.513231e-01
 2  2.188491e-01
 3  1.481398e-01
 4  1.071240e-01
 5  8.050348e-02
 6  6.076800e-02
 7  4.804192e-02
 8  3.833387e-02
 9  3.229219e-02
 10  2.607471e-02
 11  2.142414e-02
 12  1.745637e-02
 13  1.461890e-02
 14  1.216033e-02
 15  9.971269e-03
 16  8.340175e-03
 17  6.992138e-03
 18  5.937973e-03
 19  5.093839e-03
 20  4.382295e-03
 21  3.960295e-03
 22  3.540008e-03
 23  3.244667e-03
 24  3.011959e-03
 25  2.851280e-03
 26  2.725337e-03
 27  2.624721e-03
 28  2.539126e-03
 29  2.467008e-03
 30  2.368255e-03
 31  2.278076e-03
 32  2.176664e-03
 33  2.060972e-03
 34  1.895980e-03
 35  1.731419e-03
 36  1.550517e-03
 37  1.325527e-03
 38  1.086241e-03
 39  8.626934e-04
 Iteration CPU time: 9 s
 CFIE residual: 0.000862693

 Iseg, Irank, Idinc : 1, 7, 83
 Thata, Phi : 90.000000, 82.000000
 Maximun iteration: 300
 Number of recycle truncation: 30
 Final matrix dimension:  36708
 Residual error:0.001000
 0  6.105303e-01
 1  3.491936e-01
 2  2.233443e-01
 3  1.498047e-01
 4  1.091022e-01
 5  8.329958e-02
 6  6.393393e-02
 7  5.058933e-02
 8  4.082089e-02
 9  3.171354e-02
 10  2.515217e-02
 11  2.058093e-02
 12  1.698223e-02
 13  1.392201e-02
 14  1.174292e-02
 15  9.857336e-03
 16  8.403506e-03
 17  7.318163e-03
 18  6.510992e-03
 19  5.832797e-03
 20  5.305065e-03
 21  4.947178e-03
 22  4.678476e-03
 23  4.478353e-03
 24  4.338139e-03
 25  4.222973e-03
 26  4.113563e-03
 27  3.970197e-03
 28  3.820702e-03
 29  3.611937e-03
 30  3.307311e-03
 31  2.992239e-03
 32  2.648529e-03
 33  2.313182e-03
 34  1.875908e-03
 35  1.570691e-03
 36  1.288799e-03
 37  1.068027e-03
 38  8.779419e-04
 Iteration CPU time: 8 s
 CFIE residual: 0.000877942

 Iseg, Irank, Idinc : 1, 8, 72
 Thata, Phi : 90.000000, 71.000000
 Maximun iteration: 300
 Number of recycle truncation: 30
 Final matrix dimension:  36708
 Residual error:0.001000
 0  6.369290e-01
 1  3.648725e-01
 2  2.354985e-01
 3  1.481053e-01
 4  1.039986e-01
 5  8.163423e-02
 6  6.287723e-02
 7  4.858071e-02
 8  3.849728e-02
 9  3.141880e-02
 10  2.531171e-02
 11  2.016640e-02
 12  1.596150e-02
 13  1.303995e-02
 14  1.091721e-02
 15  9.270917e-03
 16  8.020881e-03
 17  7.059278e-03
 18  6.302632e-03
 19  5.791065e-03
 20  5.438054e-03
 21  5.121969e-03
 22  4.894243e-03
 23  4.679745e-03
 24  4.491707e-03
 25  4.360911e-03
 26  4.214050e-03
 27  4.057692e-03
 28  3.843019e-03
 29  3.570942e-03
 30  3.183672e-03
 31  2.786633e-03
 32  2.391154e-03
 33  2.004374e-03
 34  1.658717e-03
 35  1.363153e-03
 36  1.128831e-03
 37  9.189535e-04
 Iteration CPU time: 9 s
 CFIE residual: 0.000918954

 Iseg, Irank, Idinc : 1, 9, 159
 Thata, Phi : 90.000000, 158.000000
 Maximun iteration: 300
 Number of recycle truncation: 30
 Final matrix dimension:  36708
 Residual error:0.001000
 0  6.193786e-01
 1  3.146808e-01
 2  1.918566e-01
 3  1.296790e-01
 4  9.732762e-02
 5  7.743041e-02
 6  6.212343e-02
 7  5.087230e-02
 8  4.258844e-02
 9  3.660211e-02
 10  3.145383e-02
 11  2.734013e-02
 12  2.354060e-02
 13  2.008577e-02
 14  1.648754e-02
 15  1.403172e-02
 16  1.182788e-02
 17  9.700296e-03
 18  8.101427e-03
 19  6.823126e-03
 20  5.637988e-03
 21  4.673362e-03
 22  3.905380e-03
 23  3.306354e-03
 24  2.780631e-03
 25  2.376981e-03
 26  2.036407e-03
 27  1.818682e-03
 28  1.661217e-03
 29  1.547498e-03
 30  1.471733e-03
 31  1.403599e-03
 32  1.359477e-03
 33  1.307487e-03
 34  1.256632e-03
 35  1.188869e-03
 36  1.087794e-03
 37  9.388289e-04
 Iteration CPU time: 8 s
 CFIE residual: 0.000938829

 Iseg, Irank, Idinc : 1, 10, 124
 Thata, Phi : 90.000000, 123.000000
 Maximun iteration: 300
 Number of recycle truncation: 30
 Final matrix dimension:  36708
 Residual error:0.001000
 0  6.548857e-01
 1  3.410991e-01
 2  2.216572e-01
 3  1.562737e-01
 4  1.124599e-01
 5  8.255874e-02
 6  6.533150e-02
 7  5.103371e-02
 8  4.082382e-02
 9  3.296321e-02
 10  2.570915e-02
 11  2.070484e-02
 12  1.606022e-02
 13  1.289632e-02
 14  1.053461e-02
 15  8.766370e-03
 16  7.522073e-03
 17  6.429573e-03
 18  5.340354e-03
 19  4.615073e-03
 20  4.107693e-03
 21  3.608272e-03
 22  3.280217e-03
 23  2.998071e-03
 24  2.765703e-03
 25  2.570621e-03
 26  2.446758e-03
 27  2.334544e-03
 28  2.240211e-03
 29  2.173025e-03
 30  2.102234e-03
 31  2.025203e-03
 32  1.956059e-03
 33  1.865142e-03
 34  1.755411e-03
 35  1.632669e-03
 36  1.470723e-03
 37  1.252626e-03
 38  1.040820e-03
 39  8.458017e-04
 Iteration CPU time: 9 s
 CFIE residual: 0.000845802

 Iseg, Irank, Idinc : 1, 11, 53
 Thata, Phi : 90.000000, 52.000000
 Maximun iteration: 300
 Number of recycle truncation: 30
 Final matrix dimension:  36708
 Residual error:0.001000
 0  6.530823e-01
 1  3.437812e-01
 2  2.105962e-01
 3  1.349249e-01
 4  9.638435e-02
 5  7.324855e-02
 6  5.691722e-02
 7  4.391525e-02
 8  3.354849e-02
 9  2.590668e-02
 10  2.016143e-02
 11  1.577568e-02
 12  1.236533e-02
 13  9.747197e-03
 14  8.174244e-03
 15  6.891016e-03
 16  5.837037e-03
 17  4.960893e-03
 18  4.352339e-03
 19  3.853029e-03
 20  3.559085e-03
 21  3.399267e-03
 22  3.283266e-03
 23  3.147980e-03
 24  3.032173e-03
 25  2.934603e-03
 26  2.833305e-03
 27  2.692290e-03
 28  2.534085e-03
 29  2.337867e-03
 30  2.082826e-03
 31  1.814649e-03
 32  1.551732e-03
 33  1.314989e-03
 34  1.114797e-03
 35  9.290257e-04
 Iteration CPU time: 8 s
 CFIE residual: 0.000929026

 Iseg, Irank, Idinc : 1, 12, 176
 Thata, Phi : 90.000000, 175.000000
 Maximun iteration: 300
 Number of recycle truncation: 30
 Final matrix dimension:  36708
 Residual error:0.001000
 0  5.850932e-01
 1  2.978834e-01
 2  1.857547e-01
 3  1.316471e-01
 4  1.017218e-01
 5  8.108475e-02
 6  6.527292e-02
 7  5.500412e-02
 8  4.562515e-02
 9  3.733781e-02
 10  3.125744e-02
 11  2.600046e-02
 12  2.148212e-02
 13  1.797680e-02
 14  1.487536e-02
 15  1.210021e-02
 16  9.980997e-03
 17  8.246110e-03
 18  6.845207e-03
 19  5.689696e-03
 20  4.725941e-03
 21  4.024502e-03
 22  3.363329e-03
 23  2.877329e-03
 24  2.484227e-03
 25  2.143257e-03
 26  1.857629e-03
 27  1.632275e-03
 28  1.455182e-03
 29  1.307343e-03
 30  1.210641e-03
 31  1.128068e-03
 32  1.067753e-03
 33  1.027011e-03
 34  9.883723e-04
 Iteration CPU time: 8 s
 CFIE residual: 0.000988372

 Iseg, Irank, Idinc : 1, 13, 91
 Thata, Phi : 90.000000, 90.000000
 Maximun iteration: 300
 Number of recycle truncation: 30
 Final matrix dimension:  36708
 Residual error:0.001000
 0  6.029301e-01
 1  3.461238e-01
 2  2.195439e-01
 3  1.498507e-01
 4  1.072465e-01
 5  8.186186e-02
 6  6.370986e-02
 7  4.998657e-02
 8  4.042504e-02
 9  3.216372e-02
 10  2.606002e-02
 11  2.140803e-02
 12  1.779015e-02
 13  1.519352e-02
 14  1.281937e-02
 15  1.053349e-02
 16  8.917534e-03
 17  7.637414e-03
 18  6.658321e-03
 19  5.877238e-03
 20  5.256558e-03
 21  4.791442e-03
 22  4.468899e-03
 23  4.242377e-03
 24  4.081888e-03
 25  3.956151e-03
 26  3.839323e-03
 27  3.718977e-03
 28  3.571355e-03
 29  3.388247e-03
 30  3.161381e-03
 31  2.902236e-03
 32  2.627511e-03
 33  2.321737e-03
 34  1.973336e-03
 35  1.693356e-03
 36  1.413419e-03
 37  1.140413e-03
 38  9.130666e-04
 Iteration CPU time: 9 s
 CFIE residual: 0.000913067

 Iseg, Irank, Idinc : 1, 14, 32
 Thata, Phi : 90.000000, 31.000000
 Maximun iteration: 300
 Number of recycle truncation: 30
 Final matrix dimension:  36708
 Residual error:0.001000
 0  6.319084e-01
 1  3.075401e-01
 2  1.822129e-01
 3  1.137950e-01
 4  8.002112e-02
 5  5.889043e-02
 6  4.332478e-02
 7  3.300357e-02
 8  2.587687e-02
 9  2.052854e-02
 10  1.652459e-02
 11  1.355738e-02
 12  1.066460e-02
 13  8.855241e-03
 14  7.280553e-03
 15  5.906860e-03
 16  4.932017e-03
 17  4.166660e-03
 18  3.481362e-03
 19  3.027942e-03
 20  2.612884e-03
 21  2.295041e-03
 22  2.020649e-03
 23  1.848981e-03
 24  1.692160e-03
 25  1.588058e-03
 26  1.501187e-03
 27  1.425479e-03
 28  1.370807e-03
 29  1.325073e-03
 30  1.280557e-03
 31  1.233011e-03
 32  1.180087e-03
 33  1.115611e-03
 34  1.034591e-03
 35  9.295946e-04
 Iteration CPU time: 8 s
 CFIE residual: 0.000929595

 Iseg, Irank, Idinc : 1, 15, 9
 Thata, Phi : 90.000000, 8.000000
 Maximun iteration: 300
 Number of recycle truncation: 30
 Final matrix dimension:  36708
 Residual error:0.001000
 0  5.434353e-01
 1  2.773912e-01
 2  1.766269e-01
 3  1.237510e-01
 4  9.006882e-02
 5  6.732378e-02
 6  5.120681e-02
 7  3.952731e-02
 8  3.108671e-02
 9  2.426355e-02
 10  1.918329e-02
 11  1.524287e-02
 12  1.230019e-02
 13  1.005241e-02
 14  8.122049e-03
 15  6.425931e-03
 16  5.433062e-03
 17  4.581331e-03
 18  3.868787e-03
 19  3.279962e-03
 20  2.831982e-03
 21  2.445213e-03
 22  2.050255e-03
 23  1.753707e-03
 24  1.531825e-03
 25  1.328485e-03
 26  1.167689e-03
 27  1.019196e-03
 28  9.035188e-04
 Iteration CPU time: 6 s
 CFIE residual: 0.000903519

 Iseg, Irank, Idinc : 1, 16, 100
 Thata, Phi : 90.000000, 99.000000
 Maximun iteration: 300
 Number of recycle truncation: 30
 Final matrix dimension:  36708
 Residual error:0.001000
 0  6.077534e-01
 1  3.439324e-01
 2  2.158690e-01
 3  1.461924e-01
 4  1.048695e-01
 5  7.903708e-02
 6  6.085275e-02
 7  4.850042e-02
 8  3.841334e-02
 9  3.139054e-02
 10  2.559449e-02
 11  2.103080e-02
 12  1.734701e-02
 13  1.439946e-02
 14  1.222593e-02
 15  1.026607e-02
 16  8.699305e-03
 17  7.481323e-03
 18  6.400133e-03
 19  5.506346e-03
 20  4.807591e-03
 21  4.278206e-03
 22  3.936410e-03
 23  3.708136e-03
 24  3.500097e-03
 25  3.388960e-03
 26  3.281364e-03
 27  3.173688e-03
 28  3.061919e-03
 29  2.943408e-03
 30  2.795113e-03
 31  2.620518e-03
 32  2.383663e-03
 33  2.112556e-03
 34  1.809023e-03
 35  1.526316e-03
 36  1.286349e-03
 37  1.072449e-03
 38  8.570740e-04
 Iteration CPU time: 9 s
 CFIE residual: 0.000857074

 Iseg, Irank, Idinc : 1, 17, 116
 Thata, Phi : 90.000000, 115.000000
 Maximun iteration: 300
 Number of recycle truncation: 30
 Final matrix dimension:  36708
 Residual error:0.001000
 0  6.436113e-01
 1  3.473967e-01
 2  2.169310e-01
 3  1.513403e-01
 4  1.082379e-01
 5  7.909735e-02
 6  6.139348e-02
 7  4.815194e-02
 8  3.787725e-02
 9  3.020063e-02
 10  2.432777e-02
 11  1.924972e-02
 12  1.552755e-02
 13  1.281873e-02
 14  1.067100e-02
 15  8.922206e-03
 16  7.454545e-03
 17  6.290457e-03
 18  5.308185e-03
 19  4.583292e-03
 20  4.051611e-03
 21  3.620043e-03
 22  3.299737e-03
 23  3.048156e-03
 24  2.888739e-03
 25  2.729601e-03
 26  2.619662e-03
 27  2.540196e-03
 28  2.462468e-03
 29  2.393202e-03
 30  2.304838e-03
 31  2.205736e-03
 32  2.049301e-03
 33  1.872716e-03
 34  1.624552e-03
 35  1.399528e-03
 36  1.176113e-03
 37  9.533108e-04
 Iteration CPU time: 9 s
 CFIE residual: 0.000953311

 Iseg, Irank, Idinc : 1, 18, 1
 Thata, Phi : 90.000000, 0.000000
 Maximun iteration: 300
 Number of recycle truncation: 30
 Final matrix dimension:  36708
 Residual error:0.001000
 0  5.185952e-01
 1  2.723973e-01
 2  1.766327e-01
 3  1.214224e-01
 4  8.717756e-02
 5  6.677484e-02
 6  5.162353e-02
 7  3.810860e-02
 8  2.894902e-02
 9  2.310228e-02
 10  1.894406e-02
 11  1.506985e-02
 12  1.138460e-02
 13  9.269548e-03
 14  7.475746e-03
 15  6.189873e-03
 16  5.081670e-03
 17  4.352998e-03
 18  3.673960e-03
 19  3.165634e-03
 20  2.690571e-03
 21  2.275278e-03
 22  1.907308e-03
 23  1.574021e-03
 24  1.290444e-03
 25  1.072636e-03
 26  8.773193e-04
 Iteration CPU time: 6 s
 CFIE residual: 0.000877319

 Iseg, Irank, Idinc : 1, 19, 167
 Thata, Phi : 90.000000, 166.000000
 Maximun iteration: 300
 Number of recycle truncation: 30
 Final matrix dimension:  36708
 Residual error:0.001000
 0  5.930942e-01
 1  3.005613e-01
 2  1.858330e-01
 3  1.309282e-01
 4  1.009801e-01
 5  8.051343e-02
 6  6.485635e-02
 7  5.439083e-02
 8  4.550649e-02
 9  3.858494e-02
 10  3.246799e-02
 11  2.757431e-02
 12  2.413906e-02
 13  2.079729e-02
 14  1.717131e-02
 15  1.434201e-02
 16  1.214710e-02
 17  1.015472e-02
 18  8.423869e-03
 19  6.965955e-03
 20  5.672786e-03
 21  4.751091e-03
 22  3.980526e-03
 23  3.394319e-03
 24  2.835809e-03
 25  2.402919e-03
 26  2.060606e-03
 27  1.812628e-03
 28  1.613992e-03
 29  1.470993e-03
 30  1.360443e-03
 31  1.280851e-03
 32  1.219682e-03
 33  1.168971e-03
 34  1.130240e-03
 35  1.084818e-03
 36  1.019639e-03
 37  9.392114e-04
 Iteration CPU time: 8 s
 CFIE residual: 0.000939211

 Iseg, Irank, Idinc : 1, 20, 181
 Thata, Phi : 90.000000, 180.000000
 Maximun iteration: 300
 Number of recycle truncation: 30
 Final matrix dimension:  36708
 Residual error:0.001000
 0  5.846771e-01
 1  2.978078e-01
 2  1.851911e-01
 3  1.307424e-01
 4  1.001608e-01
 5  7.949369e-02
 6  6.405411e-02
 7  5.383337e-02
 8  4.474812e-02
 9  3.626398e-02
 10  2.929442e-02
 11  2.396971e-02
 12  1.922938e-02
 13  1.574274e-02
 14  1.253865e-02
 15  9.953570e-03
 16  7.966861e-03
 17  6.525125e-03
 18  5.480481e-03
 19  4.571543e-03
 20  3.805099e-03
 21  3.217209e-03
 22  2.663921e-03
 23  2.236889e-03
 24  1.912508e-03
 25  1.648031e-03
 26  1.428788e-03
 27  1.254410e-03
 28  1.110613e-03
 29  1.009416e-03
 30  9.405561e-04
 Iteration CPU time: 7 s
 CFIE residual: 0.000940556

 Iseg, Irank, Idinc : 1, 21, 16
 Thata, Phi : 90.000000, 15.000000
 Maximun iteration: 300
 Number of recycle truncation: 30
 Final matrix dimension:  36708
 Residual error:0.001000
 0  5.901808e-01
 1  2.860972e-01
 2  1.754600e-01
 3  1.205592e-01
 4  8.611153e-02
 5  6.403472e-02
 6  4.944936e-02
 7  3.830842e-02
 8  3.019072e-02
 9  2.432803e-02
 10  1.939077e-02
 11  1.520298e-02
 12  1.207497e-02
 13  9.792842e-03
 14  8.203077e-03
 15  6.550973e-03
 16  5.430216e-03
 17  4.643966e-03
 18  3.936051e-03
 19  3.338356e-03
 20  2.806604e-03
 21  2.374676e-03
 22  2.003302e-03
 23  1.724276e-03
 24  1.522904e-03
 25  1.343507e-03
 26  1.199849e-03
 27  1.065373e-03
 28  9.654468e-04
 Iteration CPU time: 7 s
 CFIE residual: 0.000965447

 Iseg, Irank, Idinc : 1, 22, 153
 Thata, Phi : 90.000000, 152.000000
 Maximun iteration: 300
 Number of recycle truncation: 30
 Final matrix dimension:  36708
 Residual error:0.001000
 0  6.359336e-01
 1  3.298419e-01
 2  2.028879e-01
 3  1.346150e-01
 4  9.882878e-02
 5  7.729134e-02
 6  6.042101e-02
 7  4.883821e-02
 8  4.043760e-02
 9  3.432525e-02
 10  2.923801e-02
 11  2.525537e-02
 12  2.189965e-02
 13  1.868679e-02
 14  1.525599e-02
 15  1.278835e-02
 16  1.085108e-02
 17  8.981924e-03
 18  7.487445e-03
 19  6.382846e-03
 20  5.352118e-03
 21  4.475859e-03
 22  3.717685e-03
 23  3.170466e-03
 24  2.683183e-03
 25  2.342452e-03
 26  2.047099e-03
 27  1.868085e-03
 28  1.729743e-03
 29  1.635667e-03
 30  1.578796e-03
 31  1.518039e-03
 32  1.467620e-03
 33  1.402723e-03
 34  1.341431e-03
 35  1.238844e-03
 36  1.126252e-03
 37  9.957931e-04
 Iteration CPU time: 8 s
 CFIE residual: 0.000995793

 Iseg, Irank, Idinc : 1, 23, 77
 Thata, Phi : 90.000000, 76.000000
 Maximun iteration: 300
 Number of recycle truncation: 30
 Final matrix dimension:  36708
 Residual error:0.001000
 0  6.196442e-01
 1  3.564575e-01
 2  2.304124e-01
 3  1.471462e-01
 4  1.040343e-01
 5  7.881736e-02
 6  6.170323e-02
 7  4.794778e-02
 8  3.835228e-02
 9  3.042925e-02
 10  2.449614e-02
 11  1.973428e-02
 12  1.599495e-02
 13  1.317801e-02
 14  1.127624e-02
 15  9.555331e-03
 16  8.290626e-03
 17  7.354836e-03
 18  6.575449e-03
 19  5.956846e-03
 20  5.531267e-03
 21  5.171686e-03
 22  4.898792e-03
 23  4.666744e-03
 24  4.478818e-03
 25  4.351996e-03
 26  4.221994e-03
 27  4.091505e-03
 28  3.931565e-03
 29  3.720083e-03
 30  3.402824e-03
 31  3.023213e-03
 32  2.627180e-03
 33  2.267367e-03
 34  1.872302e-03
 35  1.527777e-03
 36  1.276884e-03
 37  1.034565e-03
 38  8.302596e-04
 Iteration CPU time: 9 s
 CFIE residual: 0.00083026

 Iseg, Irank, Idinc : 1, 24, 130
 Thata, Phi : 90.000000, 129.000000
 Maximun iteration: 300
 Number of recycle truncation: 30
 Final matrix dimension:  36708
 Residual error:0.001000
 0  6.747299e-01
 1  3.502467e-01
 2  2.234938e-01
 3  1.531347e-01
 4  1.104410e-01
 5  8.187556e-02
 6  6.371856e-02
 7  5.031478e-02
 8  3.971887e-02
 9  3.258991e-02
 10  2.622539e-02
 11  2.086392e-02
 12  1.638060e-02
 13  1.324582e-02
 14  1.076178e-02
 15  8.879078e-03
 16  7.379922e-03
 17  6.121047e-03
 18  5.184937e-03
 19  4.470865e-03
 20  3.893951e-03
 21  3.470901e-03
 22  3.163256e-03
 23  2.886695e-03
 24  2.680798e-03
 25  2.538904e-03
 26  2.437908e-03
 27  2.349861e-03
 28  2.274306e-03
 29  2.203498e-03
 30  2.116647e-03
 31  2.038212e-03
 32  1.953390e-03
 33  1.839407e-03
 34  1.696574e-03
 35  1.543765e-03
 36  1.337735e-03
 37  1.132541e-03
 38  9.264069e-04
 Iteration CPU time: 8 s
 CFIE residual: 0.000926407

 Iseg, Irank, Idinc : 1, 25, 48
 Thata, Phi : 90.000000, 47.000000
 Maximun iteration: 300
 Number of recycle truncation: 30
 Final matrix dimension:  36708
 Residual error:0.001000
 0  6.411656e-01
 1  3.316821e-01
 2  2.054228e-01
 3  1.339338e-01
 4  9.576732e-02
 5  7.322230e-02
 6  5.586186e-02
 7  4.257273e-02
 8  3.262368e-02
 9  2.489932e-02
 10  1.893815e-02
 11  1.483860e-02
 12  1.170602e-02
 13  9.577097e-03
 14  7.906997e-03
 15  6.601255e-03
 16  5.554375e-03
 17  4.672193e-03
 18  4.051829e-03
 19  3.556499e-03
 20  3.255329e-03
 21  3.061111e-03
 22  2.936072e-03
 23  2.800098e-03
 24  2.703011e-03
 25  2.615298e-03
 26  2.539954e-03
 27  2.455188e-03
 28  2.326895e-03
 29  2.191464e-03
 30  2.025665e-03
 31  1.817545e-03
 32  1.621993e-03
 33  1.373369e-03
 34  1.163976e-03
 35  9.652413e-04
 Iteration CPU time: 8 s
 CFIE residual: 0.000965241

 Iseg, Irank, Idinc : 1, 26, 4
 Thata, Phi : 90.000000, 3.000000
 Maximun iteration: 300
 Number of recycle truncation: 30
 Final matrix dimension:  36708
 Residual error:0.001000
 0  5.223786e-01
 1  2.732297e-01
 2  1.766046e-01
 3  1.220238e-01
 4  8.803030e-02
 5  6.695847e-02
 6  5.137519e-02
 7  3.805924e-02
 8  2.921669e-02
 9  2.338333e-02
 10  1.897287e-02
 11  1.511318e-02
 12  1.174320e-02
 13  9.517060e-03
 14  7.831150e-03
 15  6.383478e-03
 16  5.334180e-03
 17  4.570661e-03
 18  3.810523e-03
 19  3.261899e-03
 20  2.820211e-03
 21  2.440006e-03
 22  2.066466e-03
 23  1.719269e-03
 24  1.456599e-03
 25  1.236553e-03
 26  1.053856e-03
 27  8.794065e-04
 Iteration CPU time: 6 s
 CFIE residual: 0.000879406

 Iseg, Irank, Idinc : 1, 27, 172
 Thata, Phi : 90.000000, 171.000000
 Maximun iteration: 300
 Number of recycle truncation: 30
 Final matrix dimension:  36708
 Residual error:0.001000
 0  5.865099e-01
 1  2.981647e-01
 2  1.862992e-01
 3  1.323618e-01
 4  1.027143e-01
 5  8.199708e-02
 6  6.597072e-02
 7  5.577464e-02
 8  4.632175e-02
 9  3.839436e-02
 10  3.252648e-02
 11  2.766942e-02
 12  2.330225e-02
 13  1.974138e-02
 14  1.656364e-02
 15  1.367873e-02
 16  1.142376e-02
 17  9.444984e-03
 18  7.773771e-03
 19  6.488094e-03
 20  5.337275e-03
 21  4.507665e-03
 22  3.794857e-03
 23  3.253725e-03
 24  2.759577e-03
 25  2.356664e-03
 26  2.039174e-03
 27  1.792383e-03
 28  1.593730e-03
 29  1.437405e-03
 30  1.322976e-03
 31  1.235565e-03
 32  1.168181e-03
 33  1.117247e-03
 34  1.073749e-03
 35  1.031263e-03
 36  9.845422e-04
 Iteration CPU time: 8 s
 CFIE residual: 0.000984542

 Iseg, Irank, Idinc : 1, 28, 96
 Thata, Phi : 90.000000, 95.000000
 Maximun iteration: 300
 Number of recycle truncation: 30
 Final matrix dimension:  36708
 Residual error:0.001000
 0  6.038749e-01
 1  3.439965e-01
 2  2.170674e-01
 3  1.453839e-01
 4  1.040682e-01
 5  7.941885e-02
 6  6.264346e-02
 7  4.948950e-02
 8  3.925683e-02
 9  3.123544e-02
 10  2.556328e-02
 11  2.093874e-02
 12  1.724137e-02
 13  1.462326e-02
 14  1.235144e-02
 15  1.036349e-02
 16  8.781094e-03
 17  7.517318e-03
 18  6.589251e-03
 19  5.652287e-03
 20  4.969660e-03
 21  4.469705e-03
 22  4.155652e-03
 23  3.918384e-03
 24  3.756227e-03
 25  3.639587e-03
 26  3.520582e-03
 27  3.408178e-03
 28  3.291912e-03
 29  3.141069e-03
 30  2.936399e-03
 31  2.711703e-03
 32  2.432414e-03
 33  2.152037e-03
 34  1.855486e-03
 35  1.618393e-03
 36  1.356376e-03
 37  1.148317e-03
 38  9.216931e-04
 Iteration CPU time: 9 s
 CFIE residual: 0.000921693

 Iseg, Irank, Idinc : 1, 29, 27
 Thata, Phi : 90.000000, 26.000000
 Maximun iteration: 300
 Number of recycle truncation: 30
 Final matrix dimension:  36708
 Residual error:0.001000
 0  6.412771e-01
 1  3.011053e-01
 2  1.746141e-01
 3  1.119723e-01
 4  7.793878e-02
 5  5.754562e-02
 6  4.270253e-02
 7  3.267778e-02
 8  2.613431e-02
 9  2.120567e-02
 10  1.758364e-02
 11  1.421586e-02
 12  1.119837e-02
 13  9.317674e-03
 14  7.819343e-03
 15  6.320369e-03
 16  5.353574e-03
 17  4.494122e-03
 18  3.723584e-03
 19  3.249069e-03
 20  2.736965e-03
 21  2.329187e-03
 22  1.993713e-03
 23  1.780935e-03
 24  1.583172e-03
 25  1.458896e-03
 26  1.348912e-03
 27  1.267081e-03
 28  1.209053e-03
 29  1.170415e-03
 30  1.138062e-03
 31  1.101224e-03
 32  1.057523e-03
 33  1.012580e-03
 34  9.653715e-04
 Iteration CPU time: 8 s
 CFIE residual: 0.000965371

 Iseg, Irank, Idinc : 1, 30, 142
 Thata, Phi : 90.000000, 141.000000
 Maximun iteration: 300
 Number of recycle truncation: 30
 Final matrix dimension:  36708
 Residual error:0.001000
 0  6.859736e-01
 1  3.496844e-01
 2  2.117988e-01
 3  1.438263e-01
 4  1.045473e-01
 5  7.807149e-02
 6  6.031380e-02
 7  4.726144e-02
 8  3.862007e-02
 9  3.292227e-02
 10  2.760105e-02
 11  2.352144e-02
 12  1.979188e-02
 13  1.664781e-02
 14  1.394925e-02
 15  1.149660e-02
 16  9.625829e-03
 17  8.060079e-03
 18  6.727926e-03
 19  5.634887e-03
 20  4.739329e-03
 21  4.135754e-03
 22  3.675739e-03
 23  3.329156e-03
 24  3.069294e-03
 25  2.850013e-03
 26  2.680208e-03
 27  2.565043e-03
 28  2.460570e-03
 29  2.390344e-03
 30  2.308106e-03
 31  2.226019e-03
 32  2.127043e-03
 33  1.985366e-03
 34  1.820582e-03
 35  1.615002e-03
 36  1.404700e-03
 37  1.176998e-03
 38  9.622425e-04
 Iteration CPU time: 8 s
 CFIE residual: 0.000962242

 Iseg, Irank, Idinc : 1, 31, 58
 Thata, Phi : 90.000000, 57.000000
 Maximun iteration: 300
 Number of recycle truncation: 30
 Final matrix dimension:  36708
 Residual error:0.001000
 0  6.600368e-01
 1  3.475920e-01
 2  2.126957e-01
 3  1.334141e-01
 4  9.576751e-02
 5  7.215614e-02
 6  5.539170e-02
 7  4.338651e-02
 8  3.346339e-02
 9  2.643968e-02
 10  2.068145e-02
 11  1.614341e-02
 12  1.269917e-02
 13  1.003272e-02
 14  8.362923e-03
 15  7.089326e-03
 16  6.118260e-03
 17  5.375189e-03
 18  4.691240e-03
 19  4.326006e-03
 20  4.044577e-03
 21  3.868538e-03
 22  3.733095e-03
 23  3.582651e-03
 24  3.441162e-03
 25  3.307498e-03
 26  3.195641e-03
 27  3.039738e-03
 28  2.832563e-03
 29  2.600480e-03
 30  2.328292e-03
 31  2.030978e-03
 32  1.683639e-03
 33  1.406911e-03
 34  1.184513e-03
 35  9.631946e-04
 Iteration CPU time: 8 s
 CFIE residual: 0.000963195

 Iseg, Irank, Idinc : 1, 32, 179
 Thata, Phi : 90.000000, 178.000000
 Maximun iteration: 300
 Number of recycle truncation: 30
 Final matrix dimension:  36708
 Residual error:0.001000
 0  5.847531e-01
 1  2.978242e-01
 2  1.852938e-01
 3  1.309211e-01
 4  1.005114e-01
 5  7.988165e-02
 6  6.436747e-02
 7  5.412429e-02
 8  4.494488e-02
 9  3.649654e-02
 10  2.977973e-02
 11  2.449803e-02
 12  1.998707e-02
 13  1.656305e-02
 14  1.336962e-02
 15  1.081595e-02
 16  8.823459e-03
 17  7.172302e-03
 18  6.011881e-03
 19  4.985341e-03
 20  4.139072e-03
 21  3.520344e-03
 22  2.926161e-03
 23  2.487588e-03
 24  2.151718e-03
 25  1.846867e-03
 26  1.599927e-03
 27  1.407652e-03
 28  1.250737e-03
 29  1.122635e-03
 30  1.043581e-03
 31  9.805517e-04
 Iteration CPU time: 8 s
 CFIE residual: 0.000980552

 Iseg, Irank, Idinc : 1, 33, 12
 Thata, Phi : 90.000000, 11.000000
 Maximun iteration: 300
 Number of recycle truncation: 30
 Final matrix dimension:  36708
 Residual error:0.001000
 0  5.621584e-01
 1  2.807902e-01
 2  1.765147e-01
 3  1.234203e-01
 4  8.969053e-02
 5  6.684181e-02
 6  5.093281e-02
 7  3.956340e-02
 8  3.102517e-02
 9  2.448373e-02
 10  1.929301e-02
 11  1.512592e-02
 12  1.201875e-02
 13  9.914628e-03
 14  8.156768e-03
 15  6.419161e-03
 16  5.355816e-03
 17  4.577793e-03
 18  3.893772e-03
 19  3.309560e-03
 20  2.838309e-03
 21  2.421115e-03
 22  2.035356e-03
 23  1.755209e-03
 24  1.541915e-03
 25  1.350928e-03
 26  1.199612e-03
 27  1.052633e-03
 28  9.419213e-04
 Iteration CPU time: 6 s
 CFIE residual: 0.000941921

 Iseg, Irank, Idinc : 1, 34, 105
 Thata, Phi : 90.000000, 104.000000
 Maximun iteration: 300
 Number of recycle truncation: 30
 Final matrix dimension:  36708
 Residual error:0.001000
 0  6.123460e-01
 1  3.480927e-01
 2  2.163066e-01
 3  1.482000e-01
 4  1.049519e-01
 5  7.905799e-02
 6  6.047919e-02
 7  4.772515e-02
 8  3.824051e-02
 9  3.087395e-02
 10  2.505636e-02
 11  2.077862e-02
 12  1.668492e-02
 13  1.386801e-02
 14  1.159736e-02
 15  9.597262e-03
 16  8.189377e-03
 17  7.019183e-03
 18  6.035502e-03
 19  5.170276e-03
 20  4.462133e-03
 21  3.961993e-03
 22  3.632055e-03
 23  3.408478e-03
 24  3.230869e-03
 25  3.103647e-03
 26  2.994856e-03
 27  2.890238e-03
 28  2.795360e-03
 29  2.678787e-03
 30  2.535104e-03
 31  2.349765e-03
 32  2.156906e-03
 33  1.911484e-03
 34  1.668362e-03
 35  1.419549e-03
 36  1.197399e-03
 37  9.740128e-04
 Iteration CPU time: 9 s
 CFIE residual: 0.000974013

 Iseg, Irank, Idinc : 1, 35, 37
 Thata, Phi : 90.000000, 36.000000
 Maximun iteration: 300
 Number of recycle truncation: 30
 Final matrix dimension:  36708
 Residual error:0.001000
 0  6.230960e-01
 1  3.122614e-01
 2  1.918142e-01
 3  1.209712e-01
 4  8.337291e-02
 5  6.104770e-02
 6  4.531152e-02
 7  3.454088e-02
 8  2.679559e-02
 9  2.083781e-02
 10  1.618187e-02
 11  1.318092e-02
 12  1.049337e-02
 13  8.691304e-03
 14  7.050102e-03
 15  5.719633e-03
 16  4.827848e-03
 17  4.041713e-03
 18  3.425282e-03
 19  2.944150e-03
 20  2.594635e-03
 21  2.318495e-03
 22  2.111344e-03
 23  1.975831e-03
 24  1.863192e-03
 25  1.775655e-03
 26  1.705385e-03
 27  1.640535e-03
 28  1.590838e-03
 29  1.534893e-03
 30  1.475230e-03
 31  1.409075e-03
 32  1.334265e-03
 33  1.228899e-03
 34  1.108347e-03
 35  9.711208e-04
 Iteration CPU time: 8 s
 CFIE residual: 0.000971121

 Iseg, Irank, Idinc : 1, 36, 163
 Thata, Phi : 90.000000, 162.000000
 Maximun iteration: 300
 Number of recycle truncation: 30
 Final matrix dimension:  36708
 Residual error:0.001000
 0  6.048114e-01
 1  3.061788e-01
 2  1.868855e-01
 3  1.292010e-01
 4  9.820887e-02
 5  7.846361e-02
 6  6.357285e-02
 7  5.208571e-02
 8  4.364967e-02
 9  3.773130e-02
 10  3.263683e-02
 11  2.787801e-02
 12  2.380876e-02
 13  2.055922e-02
 14  1.727282e-02
 15  1.466492e-02
 16  1.219689e-02
 17  1.001993e-02
 18  8.362487e-03
 19  7.025673e-03
 20  5.716834e-03
 21  4.734495e-03
 22  3.967279e-03
 23  3.359559e-03
 24  2.791814e-03
 25  2.385178e-03
 26  2.041508e-03
 27  1.813844e-03
 28  1.630180e-03
 29  1.501881e-03
 30  1.405425e-03
 31  1.336889e-03
 32  1.285190e-03
 33  1.239555e-03
 34  1.195197e-03
 35  1.145683e-03
 36  1.068784e-03
 37  9.489962e-04
 Iteration CPU time: 8 s
 CFIE residual: 0.000948996

 Iseg, Irank, Idinc : 1, 37, 68
 Thata, Phi : 90.000000, 67.000000
 Maximun iteration: 300
 Number of recycle truncation: 30
 Final matrix dimension:  36708
 Residual error:0.001000
 0  6.495742e-01
 1  3.673536e-01
 2  2.338713e-01
 3  1.494661e-01
 4  1.061354e-01
 5  8.240130e-02
 6  6.217414e-02
 7  4.946812e-02
 8  3.916008e-02
 9  3.141151e-02
 10  2.442259e-02
 11  1.963321e-02
 12  1.567521e-02
 13  1.264713e-02
 14  1.054679e-02
 15  8.938440e-03
 16  7.681986e-03
 17  6.800882e-03
 18  6.066978e-03
 19  5.555693e-03
 20  5.229849e-03
 21  4.973645e-03
 22  4.774163e-03
 23  4.564486e-03
 24  4.376599e-03
 25  4.238138e-03
 26  4.097592e-03
 27  3.920479e-03
 28  3.697857e-03
 29  3.380610e-03
 30  2.940665e-03
 31  2.541462e-03
 32  2.167051e-03
 33  1.820690e-03
 34  1.489316e-03
 35  1.249713e-03
 36  1.043720e-03
 37  8.436761e-04
 Iteration CPU time: 9 s
 CFIE residual: 0.000843676

 Iseg, Irank, Idinc : 1, 38, 2
 Thata, Phi : 90.000000, 1.000000
 Maximun iteration: 300
 Number of recycle truncation: 30
 Final matrix dimension:  36708
 Residual error:0.001000
 0  5.190295e-01
 1  2.724986e-01
 2  1.766357e-01
 3  1.215050e-01
 4  8.729569e-02
 5  6.680969e-02
 6  5.159457e-02
 7  3.809665e-02
 8  2.896820e-02
 9  2.314239e-02
 10  1.896127e-02
 11  1.508555e-02
 12  1.145458e-02
 13  9.297892e-03
 14  7.532912e-03
 15  6.225998e-03
 16  5.097205e-03
 17  4.358960e-03
 18  3.677835e-03
 19  3.173950e-03
 20  2.712346e-03
 21  2.328014e-03
 22  1.974965e-03
 23  1.655279e-03
 24  1.392154e-03
 25  1.168170e-03
 26  9.704054e-04
 Iteration CPU time: 6 s
 CFIE residual: 0.000970405

 Iseg, Irank, Idinc : 1, 39, 120
 Thata, Phi : 90.000000, 119.000000
 Maximun iteration: 300
 Number of recycle truncation: 30
 Final matrix dimension:  36708
 Residual error:0.001000
 0  6.476615e-01
 1  3.433478e-01
 2  2.179274e-01
 3  1.526238e-01
 4  1.089033e-01
 5  8.068138e-02
 6  6.372359e-02
 7  4.959885e-02
 8  3.926866e-02
 9  3.142277e-02
 10  2.537313e-02
 11  2.023865e-02
 12  1.603634e-02
 13  1.289559e-02
 14  1.068154e-02
 15  8.898019e-03
 16  7.495224e-03
 17  6.414303e-03
 18  5.448680e-03
 19  4.642562e-03
 20  4.082147e-03
 21  3.618964e-03
 22  3.286916e-03
 23  3.030564e-03
 24  2.842098e-03
 25  2.656248e-03
 26  2.531549e-03
 27  2.437971e-03
 28  2.353886e-03
 29  2.299737e-03
 30  2.221129e-03
 31  2.142283e-03
 32  2.036006e-03
 33  1.908140e-03
 34  1.724001e-03
 35  1.557541e-03
 36  1.362165e-03
 37  1.118344e-03
 38  8.886969e-04
 Iteration CPU time: 8 s
 CFIE residual: 0.000888697

 Iseg, Irank, Idinc : 1, 40, 180
 Thata, Phi : 90.000000, 179.000000
 Maximun iteration: 300
 Number of recycle truncation: 30
 Final matrix dimension:  36708
 Residual error:0.001000
 0  5.847024e-01
 1  2.978132e-01
 2  1.852176e-01
 3  1.307896e-01
 4  1.002589e-01
 5  7.960327e-02
 6  6.414881e-02
 7  5.392183e-02
 8  4.480581e-02
 9  3.633103e-02
 10  2.943553e-02
 11  2.412848e-02
 12  1.949812e-02
 13  1.608265e-02
 14  1.292913e-02
 15  1.042094e-02
 16  8.478261e-03
 17  6.881897e-03
 18  5.757618e-03
 19  4.776237e-03
 20  3.956119e-03
 21  3.345320e-03
 22  2.781427e-03
 23  2.354874e-03
 24  2.031147e-03
 25  1.736639e-03
 26  1.502164e-03
 27  1.324970e-03
 28  1.175691e-03
 29  1.055257e-03
 30  9.782141e-04
 Iteration CPU time: 6 s
 CFIE residual: 0.000978214
 Last Built End in Sep 21 2025 00:06:12
 Total CPU time: 336 s
 Finished.
