 Last Built Begin in Sep 21 2025 00:06:12
 Pre-Type( Input ):           10
 Skl-Tol ( Input ):    1.0000000000000001E-005
 Wavelength in freespace: 0.0295567

 ################################################
 ##         Generating Required Mesh          ##
 ##         Waiting.....                      ##
 ################################################
 Subd No.      Subd Name
    1    Open-Duct_PRIME_model_meshAA1                                     
 isub,  nnode, npatch,  nedge:
    1      6118     12236     18354
 Scale Factor         >>   1.54999997E-02
 ################################################

 START TIME: 20250922   062548.184


 Informaton for IE geometry:
 number of subdomains     : 1
 maxnode,maxpatch,maxedge : 6118  12236  18354
 
 Index of Mat-Reg: 1
 Mat-Reg Number via MatFlg: 1
 Edge Number of Mat-Reg: 1, 18354

 Number of Edge on PEC: 18354
 Mat-Reg: No Dim(m) Lmax:
    1 0.243    5
 Totlmax, add1, add2:           5           6           7
 rlengmax of Global MLFMA >>   0.24258760339676042     
 Lmax of Global MLFMA >>            5
 Wavenum of Mat-Reg:
    1 1.000

 total area in sq m           =      0.0510
 total area in sq lambda      =     58.3450
 maxnode, maxpatch, maxedge           =     6118    12236    18354
 longest  edge in lambda              =      0.1579
 shortest edge in lambda              =      0.0075
 average  edge in lambda              =      0.1054
 largest  patch area in sq lambda     =      0.0084
 smallest patch area in sq lambda     =      0.0000
 ave    surface area in sq lambda     =      0.0048
 size range of the object in sq lambda =      7.7628

 #### MLFMA Info For Each Region ####
 Mat-Region =            1
 Array dimension parameters:
 maxrule=          14   maxgrid  =          64
 lmax   =           5   ncmax    =        1250
 lsmax  =          27   lsmin    =           7
 kpm    =        1462   kp0      =         102
 ntlm   =      217096   nsm      =      232158
 nkpm   =        2284   niplm    =      146176
 ngnearm=       14257   ngsndm   =       64634
 nearm  =         333   mfinestm =         119
 ###############################

 CFIE Alpha:  0.50000000000000000     

 Fill MLFMA FI for Mat-Reg:           1
 Begin filltl.f
 fill translation matrix
 Level:            2
 fill shifting matrix
 Level:            3
 fill shifting matrix
 Level:            4
 fill shifting matrix
 Level:            5
 fill shifting matrix
 translator time(s):  0.157000005    
 fill interpolation matrix
 ThetaOrder            8
 PhiOrder            8
 lsl            7
 Filling TL                  Delta_CPU=          0.59 Memory(MB)=        653.98
 Filling sndgrp              Delta_CPU=          0.00 Memory(MB)=        653.98
 Filling VFS                 Delta_CPU=          3.13 Memory(MB)=        653.98

 Fill MLFMA NI for Mat-Reg:           1
 Begin fill sparser part of Nearfield
 Begin fill denser part of Nearfield
 End fill
 Filling Amn                 Delta_CPU=         90.03 Memory(MB)=        653.98


 Now testing preconditioner with
 ipretype =           10
 method = cfie_solve_nfrasspspre_pardiso

  
 NBP>>Begin fill sparser part of Nearfield

116.7534% NBP>>Begin fill denser part of Nearfield

200.1041%
 Begin MLFMA Box-Matrix Based Spar-RAS Prec Constructor
 --- Intel MKL PARDISO --- 
 Memory for iGroup: 1 0 MB
 Total Memory For SparRAS Pre: 0 MB
 --- PARDISO PRECONDITIONER INITIALIZED --- 
 Constructing preconditioner CPU time: 4 s
 
 1101240
 Memory for Iteration:: 16.8036 MB

 Iseg, Ninc_S : 1, 181, 0

 Iseg, Skeleton Angles: 1, 40
 Iseg, Skel-Pk Mem(MB): 1, 314.35

 Iseg, Irank, Idinc : 1, 1, 42
 Thata, Phi : 90.000000, 41.000000
 Maximun iteration: 300
 Number of recycle truncation: 30
 Final matrix dimension:  36708
 Residual error:0.001000
 0  6.318533e-01
 1  3.153022e-01
 2  1.986135e-01
 3  1.273979e-01
 4  8.781704e-02
 5  6.481646e-02
 6  4.851618e-02
 7  3.719970e-02
 8  2.830312e-02
 9  2.125706e-02
 10  1.589041e-02
 11  1.274681e-02
 12  1.006613e-02
 13  8.096898e-03
 14  6.609395e-03
 15  5.245174e-03
 16  4.325316e-03
 17  3.531730e-03
 18  2.855419e-03
 19  2.344441e-03
 20  1.934524e-03
 21  1.615560e-03
 22  1.383412e-03
 23  1.221987e-03
 24  1.081963e-03
 25  9.825613e-04
 Iteration CPU time: 6 s
 CFIE residual: 0.000982561

 Iseg, Irank, Idinc : 1, 2, 22
 Thata, Phi : 90.000000, 21.000000
 Maximun iteration: 300
 Number of recycle truncation: 30
 Final matrix dimension:  36708
 Residual error:0.001000
 0  6.260957e-01
 1  2.937339e-01
 2  1.710599e-01
 3  1.142987e-01
 4  7.959639e-02
 5  5.888581e-02
 6  4.474139e-02
 7  3.444932e-02
 8  2.766092e-02
 9  2.218629e-02
 10  1.763239e-02
 11  1.394847e-02
 12  1.144643e-02
 13  9.308327e-03
 14  7.874722e-03
 15  6.303697e-03
 16  5.178499e-03
 17  4.360597e-03
 18  3.637439e-03
 19  3.072030e-03
 20  2.535306e-03
 21  2.011134e-03
 22  1.643169e-03
 23  1.375512e-03
 24  1.152375e-03
 25  9.671035e-04
 Iteration CPU time: 6 s
 CFIE residual: 0.000967104

 Iseg, Irank, Idinc : 1, 3, 109
 Thata, Phi : 90.000000, 108.000000
 Maximun iteration: 300
 Number of recycle truncation: 30
 Final matrix dimension:  36708
 Residual error:0.001000
 0  6.242937e-01
 1  3.527515e-01
 2  2.196880e-01
 3  1.504643e-01
 4  1.056776e-01
 5  7.940946e-02
 6  6.085674e-02
 7  4.754788e-02
 8  3.811694e-02
 9  3.005696e-02
 10  2.395110e-02
 11  1.944245e-02
 12  1.566107e-02
 13  1.291610e-02
 14  1.064036e-02
 15  8.595173e-03
 16  7.220446e-03
 17  5.932424e-03
 18  4.857551e-03
 19  4.098394e-03
 20  3.378643e-03
 21  2.756764e-03
 22  2.318017e-03
 23  1.980756e-03
 24  1.744925e-03
 25  1.543965e-03
 26  1.412783e-03
 27  1.317445e-03
 28  1.254185e-03
 29  1.196825e-03
 30  1.155552e-03
 31  1.126273e-03
 32  1.095481e-03
 33  1.058450e-03
 34  1.015782e-03
 35  9.650565e-04
 Iteration CPU time: 8 s
 CFIE residual: 0.000965057

 Iseg, Irank, Idinc : 1, 4, 63
 Thata, Phi : 90.000000, 62.000000
 Maximun iteration: 300
 Number of recycle truncation: 30
 Final matrix dimension:  36708
 Residual error:0.001000
 0  6.599725e-01
 1  3.574893e-01
 2  2.223586e-01
 3  1.424707e-01
 4  1.009760e-01
 5  7.749290e-02
 6  5.811371e-02
 7  4.597356e-02
 8  3.648457e-02
 9  2.868942e-02
 10  2.206457e-02
 11  1.690422e-02
 12  1.348347e-02
 13  1.065235e-02
 14  8.608687e-03
 15  7.142051e-03
 16  5.713973e-03
 17  4.794122e-03
 18  3.948312e-03
 19  3.362494e-03
 20  2.979016e-03
 21  2.635421e-03
 22  2.324978e-03
 23  2.105047e-03
 24  1.956497e-03
 25  1.859801e-03
 26  1.779813e-03
 27  1.720848e-03
 28  1.687762e-03
 29  1.656151e-03
 30  1.614154e-03
 31  1.572921e-03
 32  1.505248e-03
 33  1.425026e-03
 34  1.325626e-03
 35  1.200185e-03
 36  1.079265e-03
 37  9.639007e-04
 Iteration CPU time: 8 s
 CFIE residual: 0.000963901

 Iseg, Irank, Idinc : 1, 5, 147
 Thata, Phi : 90.000000, 146.000000
 Maximun iteration: 300
 Number of recycle truncation: 30
 Final matrix dimension:  36708
 Residual error:0.001000
 0  6.554313e-01
 1  3.453567e-01
 2  2.103343e-01
 3  1.412512e-01
 4  1.019428e-01
 5  7.740058e-02
 6  6.069674e-02
 7  4.749279e-02
 8  3.952113e-02
 9  3.394654e-02
 10  2.873203e-02
 11  2.457303e-02
 12  2.093215e-02
 13  1.742390e-02
 14  1.445667e-02
 15  1.199361e-02
 16  9.813995e-03
 17  8.069639e-03
 18  6.505206e-03
 19  5.300508e-03
 20  4.248825e-03
 21  3.446588e-03
 22  2.878083e-03
 23  2.396655e-03
 24  2.005882e-03
 25  1.617034e-03
 26  1.347777e-03
 27  1.134802e-03
 28  9.899254e-04
 Iteration CPU time: 7 s
 CFIE residual: 0.000989925

 Iseg, Irank, Idinc : 1, 6, 136
 Thata, Phi : 90.000000, 135.000000
 Maximun iteration: 300
 Number of recycle truncation: 30
 Final matrix dimension:  36708
 Residual error:0.001000
 0  6.989675e-01
 1  3.523709e-01
 2  2.196050e-01
 3  1.487236e-01
 4  1.078877e-01
 5  8.112847e-02
 6  6.149362e-02
 7  4.849762e-02
 8  3.858166e-02
 9  3.222694e-02
 10  2.598831e-02
 11  2.109442e-02
 12  1.722927e-02
 13  1.420439e-02
 14  1.156755e-02
 15  9.414287e-03
 16  7.656550e-03
 17  6.335536e-03
 18  5.180200e-03
 19  4.254574e-03
 20  3.500281e-03
 21  2.969895e-03
 22  2.541749e-03
 23  2.190234e-03
 24  1.916929e-03
 25  1.709842e-03
 26  1.535498e-03
 27  1.404055e-03
 28  1.307764e-03
 29  1.222091e-03
 30  1.159347e-03
 31  1.116306e-03
 32  1.084061e-03
 33  1.053457e-03
 34  1.029221e-03
 35  9.951933e-04
 Iteration CPU time: 8 s
 CFIE residual: 0.000995193

 Iseg, Irank, Idinc : 1, 7, 72
 Thata, Phi : 90.000000, 71.000000
 Maximun iteration: 300
 Number of recycle truncation: 30
 Final matrix dimension:  36708
 Residual error:0.001000
 0  6.397268e-01
 1  3.648479e-01
 2  2.358591e-01
 3  1.483278e-01
 4  1.039205e-01
 5  8.100793e-02
 6  6.217161e-02
 7  4.815552e-02
 8  3.850222e-02
 9  3.073211e-02
 10  2.453211e-02
 11  1.948551e-02
 12  1.542360e-02
 13  1.240627e-02
 14  1.005371e-02
 15  8.223165e-03
 16  6.749046e-03
 17  5.662473e-03
 18  4.723381e-03
 19  4.078465e-03
 20  3.555244e-03
 21  3.079945e-03
 22  2.730463e-03
 23  2.437624e-03
 24  2.248527e-03
 25  2.125506e-03
 26  2.040402e-03
 27  1.981849e-03
 28  1.935234e-03
 29  1.885211e-03
 30  1.838392e-03
 31  1.783650e-03
 32  1.713286e-03
 33  1.622497e-03
 34  1.503940e-03
 35  1.388380e-03
 36  1.255617e-03
 37  1.117074e-03
 38  9.599934e-04
 Iteration CPU time: 8 s
 CFIE residual: 0.000959993

 Iseg, Irank, Idinc : 1, 8, 85
 Thata, Phi : 90.000000, 84.000000
 Maximun iteration: 300
 Number of recycle truncation: 30
 Final matrix dimension:  36708
 Residual error:0.001000
 0  6.120616e-01
 1  3.481553e-01
 2  2.228981e-01
 3  1.512300e-01
 4  1.101721e-01
 5  8.380871e-02
 6  6.421587e-02
 7  5.072057e-02
 8  4.102302e-02
 9  3.200009e-02
 10  2.514518e-02
 11  2.025053e-02
 12  1.666982e-02
 13  1.347114e-02
 14  1.108553e-02
 15  8.834623e-03
 16  7.272453e-03
 17  6.063935e-03
 18  5.028476e-03
 19  4.224748e-03
 20  3.581023e-03
 21  3.079968e-03
 22  2.712552e-03
 23  2.458077e-03
 24  2.248366e-03
 25  2.112642e-03
 26  1.988455e-03
 27  1.901756e-03
 28  1.829483e-03
 29  1.777005e-03
 30  1.733374e-03
 31  1.689823e-03
 32  1.645937e-03
 33  1.572368e-03
 34  1.477183e-03
 35  1.360717e-03
 36  1.256210e-03
 37  1.160380e-03
 38  1.048927e-03
 39  9.115023e-04
 Iteration CPU time: 8 s
 CFIE residual: 0.000911502

 Iseg, Irank, Idinc : 1, 9, 159
 Thata, Phi : 90.000000, 158.000000
 Maximun iteration: 300
 Number of recycle truncation: 30
 Final matrix dimension:  36708
 Residual error:0.001000
 0  6.177858e-01
 1  3.145390e-01
 2  1.916178e-01
 3  1.295366e-01
 4  9.789282e-02
 5  7.766045e-02
 6  6.243256e-02
 7  5.098668e-02
 8  4.278706e-02
 9  3.654851e-02
 10  3.127823e-02
 11  2.686823e-02
 12  2.295124e-02
 13  1.938732e-02
 14  1.580944e-02
 15  1.335777e-02
 16  1.104728e-02
 17  9.057231e-03
 18  7.441292e-03
 19  6.103806e-03
 20  4.995536e-03
 21  4.031848e-03
 22  3.280092e-03
 23  2.690933e-03
 24  2.150653e-03
 25  1.744594e-03
 26  1.358306e-03
 27  1.115046e-03
 28  8.911274e-04
 Iteration CPU time: 7 s
 CFIE residual: 0.000891127

 Iseg, Irank, Idinc : 1, 10, 124
 Thata, Phi : 90.000000, 123.000000
 Maximun iteration: 300
 Number of recycle truncation: 30
 Final matrix dimension:  36708
 Residual error:0.001000
 0  6.548686e-01
 1  3.413986e-01
 2  2.224279e-01
 3  1.564763e-01
 4  1.122959e-01
 5  8.273076e-02
 6  6.515288e-02
 7  5.079201e-02
 8  4.016825e-02
 9  3.247280e-02
 10  2.503535e-02
 11  2.012847e-02
 12  1.567067e-02
 13  1.249543e-02
 14  1.015536e-02
 15  8.343707e-03
 16  6.976634e-03
 17  5.907420e-03
 18  4.741262e-03
 19  3.987860e-03
 20  3.416833e-03
 21  2.858240e-03
 22  2.466134e-03
 23  2.135349e-03
 24  1.843117e-03
 25  1.570682e-03
 26  1.385369e-03
 27  1.226056e-03
 28  1.099989e-03
 29  9.964485e-04
 Iteration CPU time: 7 s
 CFIE residual: 0.000996448

 Iseg, Irank, Idinc : 1, 11, 53
 Thata, Phi : 90.000000, 52.000000
 Maximun iteration: 300
 Number of recycle truncation: 30
 Final matrix dimension:  36708
 Residual error:0.001000
 0  6.528535e-01
 1  3.423352e-01
 2  2.098646e-01
 3  1.345158e-01
 4  9.601649e-02
 5  7.264820e-02
 6  5.590833e-02
 7  4.321929e-02
 8  3.289719e-02
 9  2.508512e-02
 10  1.937046e-02
 11  1.496692e-02
 12  1.166246e-02
 13  9.168035e-03
 14  7.572038e-03
 15  6.131753e-03
 16  4.950404e-03
 17  3.960184e-03
 18  3.177838e-03
 19  2.618288e-03
 20  2.211961e-03
 21  1.932450e-03
 22  1.720439e-03
 23  1.564314e-03
 24  1.446943e-03
 25  1.367312e-03
 26  1.320509e-03
 27  1.287105e-03
 28  1.261236e-03
 29  1.239262e-03
 30  1.219250e-03
 31  1.180380e-03
 32  1.133945e-03
 33  1.088370e-03
 34  1.031740e-03
 35  9.637774e-04
 Iteration CPU time: 8 s
 CFIE residual: 0.000963777

 Iseg, Irank, Idinc : 1, 12, 177
 Thata, Phi : 90.000000, 176.000000
 Maximun iteration: 300
 Number of recycle truncation: 30
 Final matrix dimension:  36708
 Residual error:0.001000
 0  5.820946e-01
 1  2.992409e-01
 2  1.872270e-01
 3  1.322172e-01
 4  1.022716e-01
 5  8.086559e-02
 6  6.495991e-02
 7  5.481753e-02
 8  4.522491e-02
 9  3.639554e-02
 10  2.989402e-02
 11  2.475901e-02
 12  2.005203e-02
 13  1.700708e-02
 14  1.365852e-02
 15  1.109168e-02
 16  9.049063e-03
 17  7.347780e-03
 18  5.980334e-03
 19  4.936102e-03
 20  4.044111e-03
 21  3.405141e-03
 22  2.841739e-03
 23  2.391224e-03
 24  2.021773e-03
 25  1.694148e-03
 26  1.414888e-03
 27  1.197887e-03
 28  1.009956e-03
 29  8.619184e-04
 Iteration CPU time: 6 s
 CFIE residual: 0.000861918

 Iseg, Irank, Idinc : 1, 13, 32
 Thata, Phi : 90.000000, 31.000000
 Maximun iteration: 300
 Number of recycle truncation: 30
 Final matrix dimension:  36708
 Residual error:0.001000
 0  6.336629e-01
 1  3.066230e-01
 2  1.812485e-01
 3  1.135663e-01
 4  7.996404e-02
 5  5.859577e-02
 6  4.298008e-02
 7  3.281696e-02
 8  2.578648e-02
 9  2.014354e-02
 10  1.616247e-02
 11  1.331002e-02
 12  1.049932e-02
 13  8.467538e-03
 14  7.020926e-03
 15  5.588093e-03
 16  4.591428e-03
 17  3.763734e-03
 18  3.120333e-03
 19  2.662712e-03
 20  2.202890e-03
 21  1.812709e-03
 22  1.493192e-03
 23  1.270793e-03
 24  1.068786e-03
 25  9.088552e-04
 Iteration CPU time: 5 s
 CFIE residual: 0.000908855

 Iseg, Irank, Idinc : 1, 14, 9
 Thata, Phi : 90.000000, 8.000000
 Maximun iteration: 300
 Number of recycle truncation: 30
 Final matrix dimension:  36708
 Residual error:0.001000
 0  5.419651e-01
 1  2.764623e-01
 2  1.756783e-01
 3  1.235100e-01
 4  8.953299e-02
 5  6.682082e-02
 6  5.097145e-02
 7  3.932790e-02
 8  3.089497e-02
 9  2.403129e-02
 10  1.871074e-02
 11  1.492866e-02
 12  1.213828e-02
 13  9.880687e-03
 14  7.921011e-03
 15  6.228325e-03
 16  5.171901e-03
 17  4.328582e-03
 18  3.624135e-03
 19  3.090974e-03
 20  2.653339e-03
 21  2.239235e-03
 22  1.860992e-03
 23  1.562942e-03
 24  1.333245e-03
 25  1.117921e-03
 26  9.646745e-04
 Iteration CPU time: 6 s
 CFIE residual: 0.000964675

 Iseg, Irank, Idinc : 1, 15, 93
 Thata, Phi : 90.000000, 92.000000
 Maximun iteration: 300
 Number of recycle truncation: 30
 Final matrix dimension:  36708
 Residual error:0.001000
 0  6.057860e-01
 1  3.464593e-01
 2  2.194334e-01
 3  1.482004e-01
 4  1.054972e-01
 5  8.096801e-02
 6  6.336773e-02
 7  4.975666e-02
 8  4.002105e-02
 9  3.168629e-02
 10  2.532378e-02
 11  2.053916e-02
 12  1.696067e-02
 13  1.442849e-02
 14  1.207927e-02
 15  9.635223e-03
 16  7.962627e-03
 17  6.537941e-03
 18  5.419972e-03
 19  4.503086e-03
 20  3.774287e-03
 21  3.184657e-03
 22  2.749134e-03
 23  2.447738e-03
 24  2.220822e-03
 25  2.033229e-03
 26  1.880431e-03
 27  1.779272e-03
 28  1.713590e-03
 29  1.651524e-03
 30  1.607381e-03
 31  1.559131e-03
 32  1.520535e-03
 33  1.467027e-03
 34  1.404485e-03
 35  1.332597e-03
 36  1.256756e-03
 37  1.154599e-03
 38  1.031782e-03
 39  8.878259e-04
 Iteration CPU time: 8 s
 CFIE residual: 0.000887826

 Iseg, Irank, Idinc : 1, 16, 101
 Thata, Phi : 90.000000, 100.000000
 Maximun iteration: 300
 Number of recycle truncation: 30
 Final matrix dimension:  36708
 Residual error:0.001000
 0  6.101293e-01
 1  3.458549e-01
 2  2.166408e-01
 3  1.471337e-01
 4  1.047821e-01
 5  7.865171e-02
 6  6.014312e-02
 7  4.781394e-02
 8  3.779877e-02
 9  3.065941e-02
 10  2.510669e-02
 11  2.045119e-02
 12  1.656844e-02
 13  1.360756e-02
 14  1.129976e-02
 15  9.469674e-03
 16  7.845921e-03
 17  6.519906e-03
 18  5.325052e-03
 19  4.416001e-03
 20  3.632552e-03
 21  3.011693e-03
 22  2.596474e-03
 23  2.247641e-03
 24  1.986739e-03
 25  1.812229e-03
 26  1.664490e-03
 27  1.563466e-03
 28  1.485357e-03
 29  1.434458e-03
 30  1.398788e-03
 31  1.368207e-03
 32  1.327692e-03
 33  1.288102e-03
 34  1.233259e-03
 35  1.174198e-03
 36  1.106374e-03
 37  1.021109e-03
 38  9.141015e-04
 Iteration CPU time: 9 s
 CFIE residual: 0.000914101

 Iseg, Irank, Idinc : 1, 17, 116
 Thata, Phi : 90.000000, 115.000000
 Maximun iteration: 300
 Number of recycle truncation: 30
 Final matrix dimension:  36708
 Residual error:0.001000
 0  6.452375e-01
 1  3.483445e-01
 2  2.173893e-01
 3  1.517179e-01
 4  1.085845e-01
 5  7.927897e-02
 6  6.142379e-02
 7  4.802102e-02
 8  3.792893e-02
 9  2.998988e-02
 10  2.392040e-02
 11  1.881004e-02
 12  1.505276e-02
 13  1.234171e-02
 14  1.009574e-02
 15  8.316085e-03
 16  6.867639e-03
 17  5.609573e-03
 18  4.562262e-03
 19  3.886572e-03
 20  3.241488e-03
 21  2.689449e-03
 22  2.316255e-03
 23  1.955750e-03
 24  1.690315e-03
 25  1.445146e-03
 26  1.306197e-03
 27  1.178703e-03
 28  1.092469e-03
 29  1.021721e-03
 30  9.757073e-04
 Iteration CPU time: 7 s
 CFIE residual: 0.000975707

 Iseg, Irank, Idinc : 1, 18, 78
 Thata, Phi : 90.000000, 77.000000
 Maximun iteration: 300
 Number of recycle truncation: 30
 Final matrix dimension:  36708
 Residual error:0.001000
 0  6.204941e-01
 1  3.557968e-01
 2  2.303987e-01
 3  1.476110e-01
 4  1.050285e-01
 5  7.950928e-02
 6  6.218646e-02
 7  4.843686e-02
 8  3.858004e-02
 9  3.058896e-02
 10  2.434214e-02
 11  1.900245e-02
 12  1.536675e-02
 13  1.257667e-02
 14  1.054119e-02
 15  8.685141e-03
 16  7.217776e-03
 17  5.930569e-03
 18  5.020078e-03
 19  4.336483e-03
 20  3.730724e-03
 21  3.219814e-03
 22  2.851886e-03
 23  2.527384e-03
 24  2.304912e-03
 25  2.167315e-03
 26  2.061852e-03
 27  1.991484e-03
 28  1.927477e-03
 29  1.870874e-03
 30  1.823152e-03
 31  1.761810e-03
 32  1.702137e-03
 33  1.633471e-03
 34  1.546335e-03
 35  1.430766e-03
 36  1.313181e-03
 37  1.198447e-03
 38  1.064391e-03
 39  9.170222e-04
 Iteration CPU time: 9 s
 CFIE residual: 0.000917022

 Iseg, Irank, Idinc : 1, 19, 1
 Thata, Phi : 90.000000, 0.000000
 Maximun iteration: 300
 Number of recycle truncation: 30
 Final matrix dimension:  36708
 Residual error:0.001000
 0  5.172350e-01
 1  2.713525e-01
 2  1.756595e-01
 3  1.213767e-01
 4  8.653224e-02
 5  6.605061e-02
 6  5.129879e-02
 7  3.780636e-02
 8  2.862326e-02
 9  2.276936e-02
 10  1.837191e-02
 11  1.480923e-02
 12  1.124434e-02
 13  9.023266e-03
 14  7.245604e-03
 15  5.926003e-03
 16  4.838361e-03
 17  4.067616e-03
 18  3.430368e-03
 19  2.947249e-03
 20  2.511430e-03
 21  2.114170e-03
 22  1.759087e-03
 23  1.432570e-03
 24  1.132572e-03
 25  9.073530e-04
 Iteration CPU time: 6 s
 CFIE residual: 0.000907353

 Iseg, Irank, Idinc : 1, 20, 167
 Thata, Phi : 90.000000, 166.000000
 Maximun iteration: 300
 Number of recycle truncation: 30
 Final matrix dimension:  36708
 Residual error:0.001000
 0  5.911933e-01
 1  3.014061e-01
 2  1.865261e-01
 3  1.312065e-01
 4  1.017534e-01
 5  8.065868e-02
 6  6.536548e-02
 7  5.453976e-02
 8  4.548275e-02
 9  3.842102e-02
 10  3.246008e-02
 11  2.737111e-02
 12  2.360760e-02
 13  2.017228e-02
 14  1.666354e-02
 15  1.382593e-02
 16  1.140790e-02
 17  9.512802e-03
 18  7.830092e-03
 19  6.383818e-03
 20  5.127989e-03
 21  4.189748e-03
 22  3.475408e-03
 23  2.862675e-03
 24  2.342715e-03
 25  1.909290e-03
 26  1.539379e-03
 27  1.266313e-03
 28  1.049628e-03
 29  8.848128e-04
 Iteration CPU time: 7 s
 CFIE residual: 0.000884813

 Iseg, Irank, Idinc : 1, 21, 15
 Thata, Phi : 90.000000, 14.000000
 Maximun iteration: 300
 Number of recycle truncation: 30
 Final matrix dimension:  36708
 Residual error:0.001000
 0  5.807025e-01
 1  2.837412e-01
 2  1.747954e-01
 3  1.212131e-01
 4  8.672011e-02
 5  6.441716e-02
 6  5.000451e-02
 7  3.854485e-02
 8  3.030806e-02
 9  2.429368e-02
 10  1.913214e-02
 11  1.495560e-02
 12  1.187046e-02
 13  9.587147e-03
 14  7.967779e-03
 15  6.337088e-03
 16  5.198495e-03
 17  4.369752e-03
 18  3.683572e-03
 19  3.139092e-03
 20  2.595754e-03
 21  2.121936e-03
 22  1.767175e-03
 23  1.477076e-03
 24  1.260334e-03
 25  1.059779e-03
 26  9.087870e-04
 Iteration CPU time: 6 s
 CFIE residual: 0.000908787

 Iseg, Irank, Idinc : 1, 22, 153
 Thata, Phi : 90.000000, 152.000000
 Maximun iteration: 300
 Number of recycle truncation: 30
 Final matrix dimension:  36708
 Residual error:0.001000
 0  6.350687e-01
 1  3.295047e-01
 2  2.025922e-01
 3  1.343348e-01
 4  9.915696e-02
 5  7.736327e-02
 6  6.070047e-02
 7  4.871504e-02
 8  4.052459e-02
 9  3.436691e-02
 10  2.920084e-02
 11  2.476236e-02
 12  2.131084e-02
 13  1.796219e-02
 14  1.456585e-02
 15  1.208445e-02
 16  9.980265e-03
 17  8.258444e-03
 18  6.795560e-03
 19  5.666116e-03
 20  4.625160e-03
 21  3.763619e-03
 22  3.014347e-03
 23  2.513072e-03
 24  1.989234e-03
 25  1.582659e-03
 26  1.266959e-03
 27  1.035718e-03
 28  8.534209e-04
 Iteration CPU time: 6 s
 CFIE residual: 0.000853421

 Iseg, Irank, Idinc : 1, 23, 181
 Thata, Phi : 90.000000, 180.000000
 Maximun iteration: 300
 Number of recycle truncation: 30
 Final matrix dimension:  36708
 Residual error:0.001000
 0  5.816149e-01
 1  2.992091e-01
 2  1.868868e-01
 3  1.316472e-01
 4  1.012874e-01
 5  7.963797e-02
 6  6.400418e-02
 7  5.393758e-02
 8  4.449656e-02
 9  3.556137e-02
 10  2.837565e-02
 11  2.300226e-02
 12  1.865389e-02
 13  1.509117e-02
 14  1.199253e-02
 15  9.358003e-03
 16  7.353615e-03
 17  5.942177e-03
 18  4.945557e-03
 19  4.069780e-03
 20  3.392568e-03
 21  2.820703e-03
 22  2.341428e-03
 23  1.929748e-03
 24  1.615711e-03
 25  1.331028e-03
 26  1.106951e-03
 27  9.248908e-04
 Iteration CPU time: 6 s
 CFIE residual: 0.000924891

 Iseg, Irank, Idinc : 1, 24, 130
 Thata, Phi : 90.000000, 129.000000
 Maximun iteration: 300
 Number of recycle truncation: 30
 Final matrix dimension:  36708
 Residual error:0.001000
 0  6.750229e-01
 1  3.514050e-01
 2  2.245664e-01
 3  1.536890e-01
 4  1.107700e-01
 5  8.262694e-02
 6  6.376785e-02
 7  5.007055e-02
 8  3.943823e-02
 9  3.226423e-02
 10  2.573622e-02
 11  2.031401e-02
 12  1.584302e-02
 13  1.286956e-02
 14  1.048980e-02
 15  8.416234e-03
 16  6.799612e-03
 17  5.632493e-03
 18  4.685313e-03
 19  3.869677e-03
 20  3.195441e-03
 21  2.698427e-03
 22  2.304619e-03
 23  1.967525e-03
 24  1.722473e-03
 25  1.508841e-03
 26  1.352559e-03
 27  1.235377e-03
 28  1.141761e-03
 29  1.051202e-03
 30  9.921110e-04
 Iteration CPU time: 7 s
 CFIE residual: 0.000992111

 Iseg, Irank, Idinc : 1, 25, 48
 Thata, Phi : 90.000000, 47.000000
 Maximun iteration: 300
 Number of recycle truncation: 30
 Final matrix dimension:  36708
 Residual error:0.001000
 0  6.412361e-01
 1  3.306628e-01
 2  2.046266e-01
 3  1.336596e-01
 4  9.544891e-02
 5  7.288840e-02
 6  5.498650e-02
 7  4.197252e-02
 8  3.218748e-02
 9  2.438927e-02
 10  1.839729e-02
 11  1.431754e-02
 12  1.119532e-02
 13  9.053485e-03
 14  7.418404e-03
 15  5.989584e-03
 16  4.788865e-03
 17  3.858381e-03
 18  3.085855e-03
 19  2.520643e-03
 20  2.096397e-03
 21  1.807085e-03
 22  1.593653e-03
 23  1.422113e-03
 24  1.292134e-03
 25  1.196025e-03
 26  1.132446e-03
 27  1.091361e-03
 28  1.066975e-03
 29  1.049448e-03
 30  1.031205e-03
 31  1.007564e-03
 32  9.803991e-04
 Iteration CPU time: 7 s
 CFIE residual: 0.000980399

 Iseg, Irank, Idinc : 1, 26, 172
 Thata, Phi : 90.000000, 171.000000
 Maximun iteration: 300
 Number of recycle truncation: 30
 Final matrix dimension:  36708
 Residual error:0.001000
 0  5.841719e-01
 1  2.994100e-01
 2  1.876728e-01
 3  1.329681e-01
 4  1.035012e-01
 5  8.218175e-02
 6  6.616459e-02
 7  5.593802e-02
 8  4.634009e-02
 9  3.822639e-02
 10  3.218703e-02
 11  2.720012e-02
 12  2.263494e-02
 13  1.928266e-02
 14  1.596797e-02
 15  1.328925e-02
 16  1.093382e-02
 17  8.889996e-03
 18  7.245392e-03
 19  5.943975e-03
 20  4.800823e-03
 21  3.978436e-03
 22  3.353639e-03
 23  2.810883e-03
 24  2.326628e-03
 25  1.919313e-03
 26  1.589775e-03
 27  1.329897e-03
 28  1.113882e-03
 29  9.516527e-04
 Iteration CPU time: 7 s
 CFIE residual: 0.000951653

 Iseg, Irank, Idinc : 1, 27, 4
 Thata, Phi : 90.000000, 3.000000
 Maximun iteration: 300
 Number of recycle truncation: 30
 Final matrix dimension:  36708
 Residual error:0.001000
 0  5.210548e-01
 1  2.722198e-01
 2  1.756254e-01
 3  1.218698e-01
 4  8.734698e-02
 5  6.633175e-02
 6  5.106300e-02
 7  3.778302e-02
 8  2.885919e-02
 9  2.313184e-02
 10  1.857637e-02
 11  1.487958e-02
 12  1.171513e-02
 13  9.447784e-03
 14  7.682022e-03
 15  6.194302e-03
 16  5.108881e-03
 17  4.323251e-03
 18  3.605977e-03
 19  3.075284e-03
 20  2.649312e-03
 21  2.277081e-03
 22  1.902933e-03
 23  1.564444e-03
 24  1.292404e-03
 25  1.065900e-03
 26  8.793342e-04
 Iteration CPU time: 6 s
 CFIE residual: 0.000879334

 Iseg, Irank, Idinc : 1, 28, 27
 Thata, Phi : 90.000000, 26.000000
 Maximun iteration: 300
 Number of recycle truncation: 30
 Final matrix dimension:  36708
 Residual error:0.001000
 0  6.409611e-01
 1  3.000350e-01
 2  1.727987e-01
 3  1.112818e-01
 4  7.739549e-02
 5  5.694605e-02
 6  4.214489e-02
 7  3.214716e-02
 8  2.586744e-02
 9  2.077840e-02
 10  1.716108e-02
 11  1.393913e-02
 12  1.108418e-02
 13  9.106813e-03
 14  7.614052e-03
 15  6.076233e-03
 16  5.031846e-03
 17  4.158005e-03
 18  3.462476e-03
 19  2.956838e-03
 20  2.442219e-03
 21  1.940534e-03
 22  1.590104e-03
 23  1.337422e-03
 24  1.110127e-03
 25  9.280650e-04
 Iteration CPU time: 6 s
 CFIE residual: 0.000928065

 Iseg, Irank, Idinc : 1, 29, 97
 Thata, Phi : 90.000000, 96.000000
 Maximun iteration: 300
 Number of recycle truncation: 30
 Final matrix dimension:  36708
 Residual error:0.001000
 0  6.074892e-01
 1  3.450144e-01
 2  2.173888e-01
 3  1.453958e-01
 4  1.040165e-01
 5  7.893724e-02
 6  6.185112e-02
 7  4.910006e-02
 8  3.865260e-02
 9  3.071931e-02
 10  2.513943e-02
 11  2.046960e-02
 12  1.667249e-02
 13  1.394325e-02
 14  1.160408e-02
 15  9.547588e-03
 16  7.906678e-03
 17  6.574508e-03
 18  5.468007e-03
 19  4.483018e-03
 20  3.692312e-03
 21  3.061625e-03
 22  2.629644e-03
 23  2.304978e-03
 24  2.064599e-03
 25  1.893578e-03
 26  1.748213e-03
 27  1.652632e-03
 28  1.587658e-03
 29  1.540229e-03
 30  1.503650e-03
 31  1.461238e-03
 32  1.426502e-03
 33  1.375251e-03
 34  1.316236e-03
 35  1.251129e-03
 36  1.180077e-03
 37  1.082248e-03
 38  9.701201e-04
 Iteration CPU time: 8 s
 CFIE residual: 0.00097012

 Iseg, Irank, Idinc : 1, 30, 142
 Thata, Phi : 90.000000, 141.000000
 Maximun iteration: 300
 Number of recycle truncation: 30
 Final matrix dimension:  36708
 Residual error:0.001000
 0  6.850109e-01
 1  3.497571e-01
 2  2.117347e-01
 3  1.438786e-01
 4  1.050797e-01
 5  7.852422e-02
 6  6.075687e-02
 7  4.752569e-02
 8  3.890917e-02
 9  3.319062e-02
 10  2.765863e-02
 11  2.342341e-02
 12  1.968013e-02
 13  1.629330e-02
 14  1.351267e-02
 15  1.092788e-02
 16  8.965097e-03
 17  7.378543e-03
 18  6.085415e-03
 19  4.875245e-03
 20  3.888091e-03
 21  3.204144e-03
 22  2.709753e-03
 23  2.312143e-03
 24  1.999454e-03
 25  1.709915e-03
 26  1.491717e-03
 27  1.329258e-03
 28  1.214776e-03
 29  1.126506e-03
 30  1.065150e-03
 31  1.029638e-03
 32  1.002106e-03
 33  9.761375e-04
 Iteration CPU time: 7 s
 CFIE residual: 0.000976138

 Iseg, Irank, Idinc : 1, 31, 59
 Thata, Phi : 90.000000, 58.000000
 Maximun iteration: 300
 Number of recycle truncation: 30
 Final matrix dimension:  36708
 Residual error:0.001000
 0  6.612234e-01
 1  3.481957e-01
 2  2.142499e-01
 3  1.345453e-01
 4  9.602237e-02
 5  7.248006e-02
 6  5.488501e-02
 7  4.284235e-02
 8  3.354101e-02
 9  2.631844e-02
 10  2.038604e-02
 11  1.552973e-02
 12  1.203874e-02
 13  9.361281e-03
 14  7.611311e-03
 15  6.191504e-03
 16  5.063524e-03
 17  4.245642e-03
 18  3.431485e-03
 19  2.961622e-03
 20  2.614922e-03
 21  2.297456e-03
 22  2.050612e-03
 23  1.866103e-03
 24  1.728202e-03
 25  1.649093e-03
 26  1.582356e-03
 27  1.528486e-03
 28  1.491515e-03
 29  1.462205e-03
 30  1.429215e-03
 31  1.394399e-03
 32  1.332448e-03
 33  1.263256e-03
 34  1.184050e-03
 35  1.071944e-03
 36  9.708493e-04
 Iteration CPU time: 8 s
 CFIE residual: 0.000970849

 Iseg, Irank, Idinc : 1, 32, 179
 Thata, Phi : 90.000000, 178.000000
 Maximun iteration: 300
 Number of recycle truncation: 30
 Final matrix dimension:  36708
 Residual error:0.001000
 0  5.817494e-01
 1  2.992211e-01
 2  1.869800e-01
 3  1.318108e-01
 4  1.015904e-01
 5  8.004232e-02
 6  6.433045e-02
 7  5.423860e-02
 8  4.473658e-02
 9  3.580289e-02
 10  2.888065e-02
 11  2.364994e-02
 12  1.911760e-02
 13  1.598979e-02
 14  1.263442e-02
 15  1.006393e-02
 16  8.158852e-03
 17  6.590587e-03
 18  5.414888e-03
 19  4.480396e-03
 20  3.669713e-03
 21  3.094406e-03
 22  2.569969e-03
 23  2.151748e-03
 24  1.815549e-03
 25  1.509794e-03
 26  1.255705e-03
 27  1.066937e-03
 28  8.892882e-04
 Iteration CPU time: 7 s
 CFIE residual: 0.000889288

 Iseg, Irank, Idinc : 1, 33, 37
 Thata, Phi : 90.000000, 36.000000
 Maximun iteration: 300
 Number of recycle truncation: 30
 Final matrix dimension:  36708
 Residual error:0.001000
 0  6.245550e-01
 1  3.119772e-01
 2  1.911300e-01
 3  1.207967e-01
 4  8.345833e-02
 5  6.103373e-02
 6  4.486676e-02
 7  3.434738e-02
 8  2.664554e-02
 9  2.042770e-02
 10  1.578006e-02
 11  1.289909e-02
 12  1.023249e-02
 13  8.285434e-03
 14  6.718086e-03
 15  5.297881e-03
 16  4.371599e-03
 17  3.563806e-03
 18  2.915974e-03
 19  2.454120e-03
 20  2.024647e-03
 21  1.684316e-03
 22  1.399200e-03
 23  1.207574e-03
 24  1.041209e-03
 25  9.109087e-04
 Iteration CPU time: 6 s
 CFIE residual: 0.000910909

 Iseg, Irank, Idinc : 1, 34, 6
 Thata, Phi : 90.000000, 5.000000
 Maximun iteration: 300
 Number of recycle truncation: 30
 Final matrix dimension:  36708
 Residual error:0.001000
 0  5.275307e-01
 1  2.736056e-01
 2  1.756001e-01
 3  1.225722e-01
 4  8.836605e-02
 5  6.659406e-02
 6  5.088291e-02
 7  3.817342e-02
 8  2.980207e-02
 9  2.361250e-02
 10  1.856298e-02
 11  1.484592e-02
 12  1.200287e-02
 13  9.813848e-03
 14  7.885773e-03
 15  6.228536e-03
 16  5.162209e-03
 17  4.353567e-03
 18  3.629734e-03
 19  3.091136e-03
 20  2.664905e-03
 21  2.279650e-03
 22  1.898381e-03
 23  1.567032e-03
 24  1.311766e-03
 25  1.099239e-03
 26  9.176988e-04
 Iteration CPU time: 6 s
 CFIE residual: 0.000917699

 Iseg, Irank, Idinc : 1, 35, 163
 Thata, Phi : 90.000000, 162.000000
 Maximun iteration: 300
 Number of recycle truncation: 30
 Final matrix dimension:  36708
 Residual error:0.001000
 0  6.030939e-01
 1  3.065282e-01
 2  1.869472e-01
 3  1.292651e-01
 4  9.905833e-02
 5  7.881253e-02
 6  6.416479e-02
 7  5.231262e-02
 8  4.386287e-02
 9  3.775685e-02
 10  3.249277e-02
 11  2.751632e-02
 12  2.333184e-02
 13  2.008033e-02
 14  1.675517e-02
 15  1.399008e-02
 16  1.145172e-02
 17  9.399721e-03
 18  7.741401e-03
 19  6.372725e-03
 20  5.134173e-03
 21  4.142944e-03
 22  3.391883e-03
 23  2.786131e-03
 24  2.262152e-03
 25  1.826687e-03
 26  1.457133e-03
 27  1.191905e-03
 28  9.782680e-04
 Iteration CPU time: 6 s
 CFIE residual: 0.000978268

 Iseg, Irank, Idinc : 1, 36, 89
 Thata, Phi : 90.000000, 88.000000
 Maximun iteration: 300
 Number of recycle truncation: 30
 Final matrix dimension:  36708
 Residual error:0.001000
 0  6.083862e-01
 1  3.471973e-01
 2  2.213645e-01
 3  1.515558e-01
 4  1.089174e-01
 5  8.304952e-02
 6  6.397291e-02
 7  5.042511e-02
 8  4.100566e-02
 9  3.245708e-02
 10  2.580497e-02
 11  2.089787e-02
 12  1.734219e-02
 13  1.437405e-02
 14  1.183787e-02
 15  9.386420e-03
 16  7.707724e-03
 17  6.339051e-03
 18  5.228649e-03
 19  4.387204e-03
 20  3.726814e-03
 21  3.174850e-03
 22  2.785802e-03
 23  2.506506e-03
 24  2.269659e-03
 25  2.091013e-03
 26  1.949597e-03
 27  1.852203e-03
 28  1.782079e-03
 29  1.719473e-03
 30  1.678943e-03
 31  1.638273e-03
 32  1.593653e-03
 33  1.527545e-03
 34  1.452991e-03
 35  1.359239e-03
 36  1.260113e-03
 37  1.157380e-03
 38  1.030042e-03
 39  8.906187e-04
 Iteration CPU time: 9 s
 CFIE residual: 0.000890619

 Iseg, Irank, Idinc : 1, 37, 120
 Thata, Phi : 90.000000, 119.000000
 Maximun iteration: 300
 Number of recycle truncation: 30
 Final matrix dimension:  36708
 Residual error:0.001000
 0  6.487344e-01
 1  3.438175e-01
 2  2.186335e-01
 3  1.529467e-01
 4  1.090522e-01
 5  8.069678e-02
 6  6.371574e-02
 7  4.944600e-02
 8  3.885047e-02
 9  3.096598e-02
 10  2.491083e-02
 11  1.967069e-02
 12  1.559417e-02
 13  1.254945e-02
 14  1.035234e-02
 15  8.408549e-03
 16  7.007079e-03
 17  5.793452e-03
 18  4.759817e-03
 19  3.986197e-03
 20  3.308014e-03
 21  2.770180e-03
 22  2.363617e-03
 23  2.026432e-03
 24  1.763200e-03
 25  1.495508e-03
 26  1.312183e-03
 27  1.165894e-03
 28  1.060316e-03
 29  9.661899e-04
 Iteration CPU time: 7 s
 CFIE residual: 0.00096619

 Iseg, Irank, Idinc : 1, 38, 68
 Thata, Phi : 90.000000, 67.000000
 Maximun iteration: 300
 Number of recycle truncation: 30
 Final matrix dimension:  36708
 Residual error:0.001000
 0  6.518116e-01
 1  3.664788e-01
 2  2.329381e-01
 3  1.492920e-01
 4  1.060081e-01
 5  8.179601e-02
 6  6.154358e-02
 7  4.902040e-02
 8  3.911502e-02
 9  3.082720e-02
 10  2.388763e-02
 11  1.894567e-02
 12  1.507941e-02
 13  1.201376e-02
 14  9.736289e-03
 15  7.928851e-03
 16  6.445207e-03
 17  5.436871e-03
 18  4.484429e-03
 19  3.813531e-03
 20  3.326824e-03
 21  2.909838e-03
 22  2.589000e-03
 23  2.329534e-03
 24  2.161793e-03
 25  2.051931e-03
 26  1.971726e-03
 27  1.915170e-03
 28  1.878008e-03
 29  1.840997e-03
 30  1.786051e-03
 31  1.731742e-03
 32  1.652414e-03
 33  1.559519e-03
 34  1.453650e-03
 35  1.330578e-03
 36  1.201036e-03
 37  1.060413e-03
 38  9.109160e-04
 Iteration CPU time: 9 s
 CFIE residual: 0.000910916

 Iseg, Irank, Idinc : 1, 39, 2
 Thata, Phi : 90.000000, 1.000000
 Maximun iteration: 300
 Number of recycle truncation: 30
 Final matrix dimension:  36708
 Residual error:0.001000
 0  5.176744e-01
 1  2.714577e-01
 2  1.756615e-01
 3  1.214429e-01
 4  8.663922e-02
 5  6.609598e-02
 6  5.126955e-02
 7  3.779615e-02
 8  2.863276e-02
 9  2.281524e-02
 10  1.841802e-02
 11  1.482681e-02
 12  1.133060e-02
 13  9.085432e-03
 14  7.325717e-03
 15  5.998669e-03
 16  4.907535e-03
 17  4.156512e-03
 18  3.476803e-03
 19  2.980674e-03
 20  2.550782e-03
 21  2.184565e-03
 22  1.841627e-03
 23  1.515771e-03
 24  1.233354e-03
 25  1.003167e-03
 26  8.137819e-04
 Iteration CPU time: 6 s
 CFIE residual: 0.000813782

 Iseg, Irank, Idinc : 1, 40, 18
 Thata, Phi : 90.000000, 17.000000
 Maximun iteration: 300
 Number of recycle truncation: 30
 Final matrix dimension:  36708
 Residual error:0.001000
 0  6.016010e-01
 1  2.880096e-01
 2  1.731830e-01
 3  1.181654e-01
 4  8.324345e-02
 5  6.179489e-02
 6  4.793232e-02
 7  3.686460e-02
 8  2.904298e-02
 9  2.337283e-02
 10  1.863380e-02
 11  1.461917e-02
 12  1.171829e-02
 13  9.506260e-03
 14  7.953670e-03
 15  6.352826e-03
 16  5.239334e-03
 17  4.405028e-03
 18  3.682512e-03
 19  3.107878e-03
 20  2.554620e-03
 21  2.060328e-03
 22  1.707352e-03
 23  1.425620e-03
 24  1.205036e-03
 25  1.010714e-03
 26  8.633658e-04
 Iteration CPU time: 6 s
 CFIE residual: 0.000863366
 Last Built End in Sep 21 2025 00:06:12
 Total CPU time: 301 s
 Finished.
