
 ======  Simulation 94 Initialized  ====== 

  >> Adaptive basis: True
  >> Acquisition function: maximum variance
  >> X normalization strategy: standardized power transform
  >> Sampling strategy: latin-hyper-cube
  >> n_init: 3
  >> terms: 5
  >> max_iter: 50
  >> tol: 0.001
  >> angles phi: [start, end, number] = (0, 300, 301)

 ======  Simulation 94 Initialized  ====== 


 ======  Adding Frequency Sample: 7.613e+08  ====== 

number of basis updated: 3 -> 3
S[0, r-1] =  0.014069731706546481 0.00534313663356563

  >> Initial Frequencies: ['761340507.279', '1030194144.649', '1277627660.744']


Iteration 1 / 50: max_acquisition 0.0000448157 | pred_to_total_POD_energy_ratio 2.7362755870
number of frequency samples: 3
sampling new frequencies: [ 897171401.181 ]

 ======  Adding Frequency Sample: 8.972e+08  ====== 

number of basis updated: 3 -> 4
S[0, r-1] =  0.015284332207359452 0.004476168200767157

Iteration 2 / 50: max_acquisition 0.0000259046 | pred_to_total_POD_energy_ratio 1.3360379232
number of frequency samples: 4
sampling new frequencies: [ 545457619.524 ]

 ======  Adding Frequency Sample: 5.455e+08  ====== 

number of basis updated: 4 -> 5
S[0, r-1] =  0.015396285194260426 0.003300220960494551

Iteration 3 / 50: max_acquisition 0.0000221130 | pred_to_total_POD_energy_ratio 1.2424407959
number of frequency samples: 5
sampling new frequencies: [ 1394047222.683 ]
number of basis updated: 5 -> 6
S[0, r-1] =  0.01598275136403788 0.0016859805116817854

Iteration 4 / 50: max_acquisition 0.0000081699 | pred_to_total_POD_energy_ratio 0.5632123463
number of frequency samples: 6
sampling new frequencies: [ 1490431864.324 ]
number of basis updated: 6 -> 7
S[0, r-1] =  0.016693728339584688 0.00048807707862137277

Iteration 5 / 50: max_acquisition 0.0000113195 | pred_to_total_POD_energy_ratio 0.8617993309
number of frequency samples: 7
sampling new frequencies: [ 1195341690.371 ]
number of basis updated: 7 -> 8
S[0, r-1] =  0.017807482627791162 0.0002563298698736595

Iteration 6 / 50: max_acquisition 0.0000091060 | pred_to_total_POD_energy_ratio 0.7980677596
number of frequency samples: 8
sampling new frequencies: [ 636146689.189 ]

 ======  Adding Frequency Sample: 6.361e+08  ====== 

number of basis updated: 8 -> 9
S[0, r-1] =  0.018187837326300537 0.00022725444267465765

Iteration 7 / 50: max_acquisition 0.0000010589 | pred_to_total_POD_energy_ratio 0.0778459356
number of frequency samples: 9
sampling new frequencies: [ 1114388904.656 ]
number of basis updated: 9 -> 10
S[0, r-1] =  0.01974728491714828 0.00015165934468186417

Iteration 8 / 50: max_acquisition 0.0000051152 | pred_to_total_POD_energy_ratio 0.2928895319
number of frequency samples: 10
sampling new frequencies: [ 1369931885.708 ]
number of basis updated: 10 -> 11
S[0, r-1] =  0.020673000991073224 1.700639956600117e-05

Iteration 9 / 50: max_acquisition 0.0000015514 | pred_to_total_POD_energy_ratio 0.1376858669
number of frequency samples: 11
sampling new frequencies: [ 1431131960.924 ]
number of basis updated: 11 -> 12
S[0, r-1] =  0.021578291050134157 1.399011302591251e-06

Iteration 10 / 50: max_acquisition 0.0000005510 | pred_to_total_POD_energy_ratio 0.0647825099
number of frequency samples: 12
sampling new frequencies: [ 964710133.292 ]
number of basis updated: 12 -> 13
S[0, r-1] =  0.0226861918830752 4.688743284857558e-07

Iteration 11 / 50: max_acquisition 0.0000008725 | pred_to_total_POD_energy_ratio 0.0927557544
number of frequency samples: 13
sampling new frequencies: [ 836315658.328 ]
number of basis updated: 13 -> 14
S[0, r-1] =  0.02333777538573253 2.69802627391435e-07

Iteration 12 / 50: max_acquisition 0.0000011886 | pred_to_total_POD_energy_ratio 0.1414375777
number of frequency samples: 14
sampling new frequencies: [ 509490834.096 ]
number of basis updated: 14 -> 14
S[0, r-1] =  0.023452996505681424 1.7490321364603656e-06
S[r] = 1.636653722513187e-07

Iteration 13 / 50: max_acquisition 0.0000007236 | pred_to_total_POD_energy_ratio 0.1006788161
number of frequency samples: 15
sampling new frequencies: [ 691052910.906 ]
number of basis updated: 14 -> 14
S[0, r-1] =  0.023778007260923006 1.868267948114445e-06
S[r] = 1.9615355222446393e-07

Iteration 14 / 50: max_acquisition 0.0000003874 | pred_to_total_POD_energy_ratio 0.0740272887
number of frequency samples: 16
sampling new frequencies: [ 1080900589.051 ]
number of basis updated: 14 -> 15
S[0, r-1] =  0.02523869906548678 3.1155100734241286e-07
S[r] = 5.836912002652137e-08

Iteration 15 / 50: max_acquisition 0.0000005019 | pred_to_total_POD_energy_ratio 0.0604568639
number of frequency samples: 17
sampling new frequencies: [ 1313420671.545 ]
number of basis updated: 15 -> 15
S[0, r-1] =  0.025945889208519573 3.439630227556071e-07
S[r] = 6.176781443364557e-08

Iteration 16 / 50: max_acquisition 0.0000003903 | pred_to_total_POD_energy_ratio 0.0484211109
number of frequency samples: 18
sampling new frequencies: [ 1232270891.990 ]
number of basis updated: 15 -> 15
S[0, r-1] =  0.026680811838242013 3.685337974027541e-07
S[r] = 6.337357116451683e-08

Iteration 17 / 50: max_acquisition 0.0000003416 | pred_to_total_POD_energy_ratio 0.0431034800
number of frequency samples: 19
sampling new frequencies: [ 1469888564.102 ]
number of basis updated: 15 -> 15
S[0, r-1] =  0.027299683481916616 4.7474367111966363e-07
S[r] = 1.0362498887096359e-07

Iteration 18 / 50: max_acquisition 0.0000002860 | pred_to_total_POD_energy_ratio 0.0578508758
number of frequency samples: 20
sampling new frequencies: [ 1159535393.022 ]
number of basis updated: 15 -> 15
S[0, r-1] =  0.028177702510941142 5.013264466993076e-07
S[r] = 1.0389817573294089e-07

Iteration 19 / 50: max_acquisition 0.0000001940 | pred_to_total_POD_energy_ratio 0.0290560458
number of frequency samples: 21
sampling new frequencies: [ 1331695863.029 ]
number of basis updated: 15 -> 15
S[0, r-1] =  0.028930860200512862 5.212184933186055e-07
S[r] = 1.0427875038880674e-07

Iteration 20 / 50: max_acquisition 0.0000000998 | pred_to_total_POD_energy_ratio 0.0134718570
number of frequency samples: 22
sampling new frequencies: [ 1000620900.607 ]
number of basis updated: 15 -> 15
S[0, r-1] =  0.0301269424528411 5.677543370031502e-07
S[r] = 1.0458487386731695e-07

Iteration 21 / 50: max_acquisition 0.0000010866 | pred_to_total_POD_energy_ratio 0.1896849002
number of frequency samples: 23
sampling new frequencies: [ 1499056181.592 ]
number of basis updated: 15 -> 15
S[0, r-1] =  0.03069485407903634 6.498699769514871e-07
S[r] = 1.2121556798875165e-07

Iteration 22 / 50: max_acquisition 0.0000029728 | pred_to_total_POD_energy_ratio 0.1823911910
number of frequency samples: 24
sampling new frequencies: [ 1443668238.236 ]
number of basis updated: 15 -> 15
S[0, r-1] =  0.03130809493914679 6.539035547053301e-07
S[r] = 1.2534895740119178e-07

Iteration 23 / 50: max_acquisition 0.0000004796 | pred_to_total_POD_energy_ratio 0.1226044297
number of frequency samples: 25
sampling new frequencies: [ 597722008.297 ]

 ======  Adding Frequency Sample: 5.977e+08  ====== 

number of basis updated: 15 -> 15
S[0, r-1] =  0.031493877576734296 6.749748634927659e-07
S[r] = 1.3422482988537245e-07

Iteration 24 / 50: max_acquisition 0.0000004439 | pred_to_total_POD_energy_ratio 0.0851808770
number of frequency samples: 26
sampling new frequencies: [ 931294217.322 ]
number of basis updated: 15 -> 15
S[0, r-1] =  0.03215497989290018 6.959721148862855e-07
S[r] = 1.3438515586860394e-07

Iteration 25 / 50: max_acquisition 0.0000006785 | pred_to_total_POD_energy_ratio 0.0686250017
number of frequency samples: 27
sampling new frequencies: [ 796382753.492 ]

 ======  Adding Frequency Sample: 7.964e+08  ====== 

number of basis updated: 15 -> 15
S[0, r-1] =  0.03261052307517555 7.296732722595741e-07
S[r] = 1.399110145639788e-07

Iteration 26 / 50: max_acquisition 0.0000007374 | pred_to_total_POD_energy_ratio 0.1418715127
number of frequency samples: 28
sampling new frequencies: [ 864133929.344 ]

 ======  Adding Frequency Sample: 8.641e+08  ====== 

number of basis updated: 15 -> 15
S[0, r-1] =  0.03312274178762259 7.364591192687399e-07
S[r] = 1.4311582374180445e-07

Iteration 27 / 50: max_acquisition 0.0000011628 | pred_to_total_POD_energy_ratio 0.1438788405
number of frequency samples: 29
sampling new frequencies: [ 725136169.635 ]
number of basis updated: 15 -> 15
S[0, r-1] =  0.033255051032884154 7.627064078248527e-07
S[r] = 1.45191961636523e-07
/home/incheol/.conda/envs/gpytorch/lib/python3.12/site-packages/sklearn/gaussian_process/_gpr.py:481: UserWarning: Predicted variances smaller than 0. Setting those variances to 0.
  warnings.warn(
/home/incheol/.conda/envs/gpytorch/lib/python3.12/site-packages/sklearn/gaussian_process/_gpr.py:481: UserWarning: Predicted variances smaller than 0. Setting those variances to 0.
  warnings.warn(
/home/incheol/.conda/envs/gpytorch/lib/python3.12/site-packages/sklearn/gaussian_process/_gpr.py:481: UserWarning: Predicted variances smaller than 0. Setting those variances to 0.
  warnings.warn(
/home/incheol/.conda/envs/gpytorch/lib/python3.12/site-packages/sklearn/gaussian_process/_gpr.py:481: UserWarning: Predicted variances smaller than 0. Setting those variances to 0.
  warnings.warn(

Iteration 28 / 50: max_acquisition 0.0000007004 | pred_to_total_POD_energy_ratio 0.1351717735
number of frequency samples: 30
sampling new frequencies: [ 577950866.572 ]

 ======  Adding Frequency Sample: 5.780e+08  ====== 

number of basis updated: 15 -> 15
S[0, r-1] =  0.033424335761250534 7.634602608688916e-07
S[r] = 1.454816650219963e-07

Iteration 29 / 50: max_acquisition 0.0000006699 | pred_to_total_POD_energy_ratio 0.1383397561
number of frequency samples: 31
sampling new frequencies: [ 1060185799.277 ]
number of basis updated: 15 -> 15
S[0, r-1] =  0.03458056507286322 7.645723687925936e-07
S[r] = 1.4877687115343442e-07

Iteration 30 / 50: max_acquisition 0.0000004969 | pred_to_total_POD_energy_ratio 0.0577697948
number of frequency samples: 32
sampling new frequencies: [ 664053139.982 ]

 ======  Adding Frequency Sample: 6.641e+08  ====== 

number of basis updated: 15 -> 15
S[0, r-1] =  0.034839502898455076 7.673365325543429e-07
S[r] = 1.488892509117222e-07
