Command exited with non-zero status 1
	Command being timed: "bash run_mpi.sh run_node.sh"
	User time (seconds): 0.01
	System time (seconds): 0.15
	Percent of CPU this job got: 2%
	Elapsed (wall clock) time (h:mm:ss or m:ss): 0:07.21
	Average shared text size (kbytes): 0
	Average unshared data size (kbytes): 0
	Average stack size (kbytes): 0
	Average total size (kbytes): 0
	Maximum resident set size (kbytes): 32368
	Average resident set size (kbytes): 0
	Major (requiring I/O) page faults: 7
	Minor (reclaiming a frame) page faults: 5403
	Voluntary context switches: 209
	Involuntary context switches: 46
	Swaps: 0
	File system inputs: 8
	File system outputs: 16536
	Socket messages sent: 0
	Socket messages received: 0
	Signals delivered: 0
	Page size (bytes): 4096
	Exit status: 1
