 Last Built Begin in Sep 21 2025 00:06:12
 Pre-Type( Input ):           10
 Skl-Tol ( Input ):    1.0000000000000001E-005
 Wavelength in freespace: 0.0297324

 ################################################
 ##         Generating Required Mesh          ##
 ##         Waiting.....                      ##
 ################################################
 Subd No.      Subd Name
    1    Open-Duct_PRIME_model_meshAA1                                     
 isub,  nnode, npatch,  nedge:
    1      6118     12236     18354
 Scale Factor         >>   1.54999997E-02
 ################################################

 START TIME: 20250922   055739.217


 Informaton for IE geometry:
 number of subdomains     : 1
 maxnode,maxpatch,maxedge : 6118  12236  18354
 
 Index of Mat-Reg: 1
 Mat-Reg Number via MatFlg: 1
 Edge Number of Mat-Reg: 1, 18354

 Number of Edge on PEC: 18354
 Mat-Reg: No Dim(m) Lmax:
    1 0.241    5
 Totlmax, add1, add2:           5           6           7
 rlengmax of Global MLFMA >>   0.24115358800722289     
 Lmax of Global MLFMA >>            5
 Wavenum of Mat-Reg:
    1 1.000

 total area in sq m           =      0.0510
 total area in sq lambda      =     57.6573
 maxnode, maxpatch, maxedge           =     6118    12236    18354
 longest  edge in lambda              =      0.1570
 shortest edge in lambda              =      0.0075
 average  edge in lambda              =      0.1048
 largest  patch area in sq lambda     =      0.0083
 smallest patch area in sq lambda     =      0.0000
 ave    surface area in sq lambda     =      0.0047
 size range of the object in sq lambda =      7.7169

 #### MLFMA Info For Each Region ####
 Mat-Region =            1
 Array dimension parameters:
 maxrule=          14   maxgrid  =          64
 lmax   =           5   ncmax    =        1250
 lsmax  =          27   lsmin    =           7
 kpm    =        1462   kp0      =         102
 ntlm   =      217096   nsm      =      232158
 nkpm   =        2284   niplm    =      146176
 ngnearm=       14257   ngsndm   =       64634
 nearm  =         333   mfinestm =         119
 ###############################

 CFIE Alpha:  0.50000000000000000     

 Fill MLFMA FI for Mat-Reg:           1
 Begin filltl.f
 fill translation matrix
 Level:            2
 fill shifting matrix
 Level:            3
 fill shifting matrix
 Level:            4
 fill shifting matrix
 Level:            5
 fill shifting matrix
 translator time(s):  0.135000005    
 fill interpolation matrix
 ThetaOrder            8
 PhiOrder            8
 lsl            7
 Filling TL                  Delta_CPU=          0.55 Memory(MB)=        653.98
 Filling sndgrp              Delta_CPU=          0.00 Memory(MB)=        653.98
 Filling VFS                 Delta_CPU=          3.23 Memory(MB)=        653.98

 Fill MLFMA NI for Mat-Reg:           1
 Begin fill sparser part of Nearfield
 Begin fill denser part of Nearfield
 End fill
 Filling Amn                 Delta_CPU=         90.70 Memory(MB)=        653.98


 Now testing preconditioner with
 ipretype =           10
 method = cfie_solve_nfrasspspre_pardiso

  
 NBP>>Begin fill sparser part of Nearfield

117.1696% NBP>>Begin fill denser part of Nearfield

200.1041%
 Begin MLFMA Box-Matrix Based Spar-RAS Prec Constructor
 --- Intel MKL PARDISO --- 
 Memory for iGroup: 1 0 MB
 Total Memory For SparRAS Pre: 0 MB
 --- PARDISO PRECONDITIONER INITIALIZED --- 
 Constructing preconditioner CPU time: 4 s
 
 1101240
 Memory for Iteration:: 16.8036 MB

 Iseg, Ninc_S : 1, 181, 0

 Iseg, Skeleton Angles: 1, 40
 Iseg, Skel-Pk Mem(MB): 1, 314.35

 Iseg, Irank, Idinc : 1, 1, 42
 Thata, Phi : 90.000000, 41.000000
 Maximun iteration: 300
 Number of recycle truncation: 30
 Final matrix dimension:  36708
 Residual error:0.001000
 0  6.314341e-01
 1  3.154148e-01
 2  1.990836e-01
 3  1.280970e-01
 4  8.784993e-02
 5  6.476251e-02
 6  4.821606e-02
 7  3.709598e-02
 8  2.823669e-02
 9  2.110412e-02
 10  1.589733e-02
 11  1.255427e-02
 12  9.923635e-03
 13  8.010106e-03
 14  6.498891e-03
 15  5.065598e-03
 16  4.081551e-03
 17  3.339158e-03
 18  2.676061e-03
 19  2.182499e-03
 20  1.730054e-03
 21  1.378558e-03
 22  1.110482e-03
 23  9.223950e-04
 Iteration CPU time: 5 s
 CFIE residual: 0.000922395

 Iseg, Irank, Idinc : 1, 2, 22
 Thata, Phi : 90.000000, 21.000000
 Maximun iteration: 300
 Number of recycle truncation: 30
 Final matrix dimension:  36708
 Residual error:0.001000
 0  6.244933e-01
 1  2.936473e-01
 2  1.706699e-01
 3  1.144680e-01
 4  7.979029e-02
 5  5.914255e-02
 6  4.502646e-02
 7  3.478058e-02
 8  2.790130e-02
 9  2.230104e-02
 10  1.767099e-02
 11  1.383709e-02
 12  1.132837e-02
 13  9.077574e-03
 14  7.738010e-03
 15  6.233929e-03
 16  5.075409e-03
 17  4.218220e-03
 18  3.519244e-03
 19  2.983638e-03
 20  2.465723e-03
 21  1.944809e-03
 22  1.573572e-03
 23  1.305776e-03
 24  1.083936e-03
 25  9.012341e-04
 Iteration CPU time: 6 s
 CFIE residual: 0.000901234

 Iseg, Irank, Idinc : 1, 3, 109
 Thata, Phi : 90.000000, 108.000000
 Maximun iteration: 300
 Number of recycle truncation: 30
 Final matrix dimension:  36708
 Residual error:0.001000
 0  6.243141e-01
 1  3.529826e-01
 2  2.201174e-01
 3  1.510821e-01
 4  1.058589e-01
 5  7.983337e-02
 6  6.117589e-02
 7  4.770230e-02
 8  3.837920e-02
 9  3.014706e-02
 10  2.373487e-02
 11  1.909142e-02
 12  1.560908e-02
 13  1.274925e-02
 14  1.043615e-02
 15  8.424464e-03
 16  6.958145e-03
 17  5.684226e-03
 18  4.552584e-03
 19  3.784538e-03
 20  3.089149e-03
 21  2.451100e-03
 22  1.974874e-03
 23  1.614118e-03
 24  1.318332e-03
 25  1.087625e-03
 26  9.050732e-04
 Iteration CPU time: 6 s
 CFIE residual: 0.000905073

 Iseg, Irank, Idinc : 1, 4, 64
 Thata, Phi : 90.000000, 63.000000
 Maximun iteration: 300
 Number of recycle truncation: 30
 Final matrix dimension:  36708
 Residual error:0.001000
 0  6.591798e-01
 1  3.592417e-01
 2  2.244307e-01
 3  1.442758e-01
 4  1.025411e-01
 5  7.857879e-02
 6  5.887259e-02
 7  4.627229e-02
 8  3.719333e-02
 9  2.906199e-02
 10  2.241926e-02
 11  1.718237e-02
 12  1.367068e-02
 13  1.084338e-02
 14  8.666581e-03
 15  7.021500e-03
 16  5.564463e-03
 17  4.619508e-03
 18  3.705557e-03
 19  3.016614e-03
 20  2.495278e-03
 21  2.075842e-03
 22  1.671542e-03
 23  1.414142e-03
 24  1.229456e-03
 25  1.095162e-03
 26  9.853313e-04
 Iteration CPU time: 6 s
 CFIE residual: 0.000985331

 Iseg, Irank, Idinc : 1, 5, 147
 Thata, Phi : 90.000000, 146.000000
 Maximun iteration: 300
 Number of recycle truncation: 30
 Final matrix dimension:  36708
 Residual error:0.001000
 0  6.535979e-01
 1  3.445515e-01
 2  2.099400e-01
 3  1.412956e-01
 4  1.022984e-01
 5  7.756470e-02
 6  6.107226e-02
 7  4.758886e-02
 8  3.962093e-02
 9  3.414193e-02
 10  2.881400e-02
 11  2.449104e-02
 12  2.056849e-02
 13  1.698909e-02
 14  1.407089e-02
 15  1.156518e-02
 16  9.412728e-03
 17  7.628249e-03
 18  6.219729e-03
 19  5.024691e-03
 20  3.968678e-03
 21  3.168734e-03
 22  2.583851e-03
 23  2.112485e-03
 24  1.716712e-03
 25  1.324008e-03
 26  1.030955e-03
 27  7.899054e-04
 Iteration CPU time: 6 s
 CFIE residual: 0.000789905

 Iseg, Irank, Idinc : 1, 6, 136
 Thata, Phi : 90.000000, 135.000000
 Maximun iteration: 300
 Number of recycle truncation: 30
 Final matrix dimension:  36708
 Residual error:0.001000
 0  6.985440e-01
 1  3.529776e-01
 2  2.203245e-01
 3  1.491970e-01
 4  1.083028e-01
 5  8.142154e-02
 6  6.185096e-02
 7  4.888246e-02
 8  3.888376e-02
 9  3.200861e-02
 10  2.597612e-02
 11  2.081580e-02
 12  1.709963e-02
 13  1.398763e-02
 14  1.123059e-02
 15  9.215982e-03
 16  7.386937e-03
 17  6.029738e-03
 18  4.903873e-03
 19  3.942797e-03
 20  3.228156e-03
 21  2.633825e-03
 22  2.207916e-03
 23  1.843064e-03
 24  1.551273e-03
 25  1.325358e-03
 26  1.116367e-03
 27  9.519876e-04
 Iteration CPU time: 7 s
 CFIE residual: 0.000951988

 Iseg, Irank, Idinc : 1, 7, 88
 Thata, Phi : 90.000000, 87.000000
 Maximun iteration: 300
 Number of recycle truncation: 30
 Final matrix dimension:  36708
 Residual error:0.001000
 0  6.100831e-01
 1  3.474684e-01
 2  2.222821e-01
 3  1.521973e-01
 4  1.096226e-01
 5  8.376403e-02
 6  6.428869e-02
 7  5.079170e-02
 8  4.130249e-02
 9  3.274790e-02
 10  2.578144e-02
 11  2.036962e-02
 12  1.695543e-02
 13  1.392344e-02
 14  1.133165e-02
 15  8.919765e-03
 16  7.227322e-03
 17  5.859078e-03
 18  4.770821e-03
 19  3.892923e-03
 20  3.265023e-03
 21  2.700229e-03
 22  2.298988e-03
 23  1.965003e-03
 24  1.701549e-03
 25  1.494422e-03
 26  1.324267e-03
 27  1.208039e-03
 28  1.128201e-03
 29  1.066996e-03
 30  1.023726e-03
 31  9.978436e-04
 Iteration CPU time: 7 s
 CFIE residual: 0.000997844

 Iseg, Irank, Idinc : 1, 8, 74
 Thata, Phi : 90.000000, 73.000000
 Maximun iteration: 300
 Number of recycle truncation: 30
 Final matrix dimension:  36708
 Residual error:0.001000
 0  6.337160e-01
 1  3.623589e-01
 2  2.355166e-01
 3  1.475705e-01
 4  1.029476e-01
 5  7.870784e-02
 6  6.156365e-02
 7  4.695061e-02
 8  3.751943e-02
 9  2.989730e-02
 10  2.415781e-02
 11  1.924184e-02
 12  1.539934e-02
 13  1.236672e-02
 14  1.012141e-02
 15  8.172642e-03
 16  6.598678e-03
 17  5.478545e-03
 18  4.468981e-03
 19  3.777010e-03
 20  3.128315e-03
 21  2.580686e-03
 22  2.137892e-03
 23  1.791929e-03
 24  1.538392e-03
 25  1.375068e-03
 26  1.238842e-03
 27  1.148598e-03
 28  1.076884e-03
 29  1.033454e-03
 30  1.003820e-03
 31  9.781486e-04
 Iteration CPU time: 8 s
 CFIE residual: 0.000978149

 Iseg, Irank, Idinc : 1, 9, 159
 Thata, Phi : 90.000000, 158.000000
 Maximun iteration: 300
 Number of recycle truncation: 30
 Final matrix dimension:  36708
 Residual error:0.001000
 0  6.151658e-01
 1  3.135865e-01
 2  1.912359e-01
 3  1.293308e-01
 4  9.809251e-02
 5  7.768489e-02
 6  6.256001e-02
 7  5.097380e-02
 8  4.308142e-02
 9  3.676349e-02
 10  3.126947e-02
 11  2.645955e-02
 12  2.269423e-02
 13  1.898947e-02
 14  1.545207e-02
 15  1.287751e-02
 16  1.055899e-02
 17  8.671509e-03
 18  7.166263e-03
 19  5.716149e-03
 20  4.680502e-03
 21  3.750483e-03
 22  3.070960e-03
 23  2.470542e-03
 24  1.985449e-03
 25  1.575704e-03
 26  1.240384e-03
 27  9.793473e-04
 Iteration CPU time: 6 s
 CFIE residual: 0.000979347

 Iseg, Irank, Idinc : 1, 10, 124
 Thata, Phi : 90.000000, 123.000000
 Maximun iteration: 300
 Number of recycle truncation: 30
 Final matrix dimension:  36708
 Residual error:0.001000
 0  6.541464e-01
 1  3.412175e-01
 2  2.229258e-01
 3  1.565386e-01
 4  1.121973e-01
 5  8.292972e-02
 6  6.524460e-02
 7  5.087320e-02
 8  3.969058e-02
 9  3.196856e-02
 10  2.489970e-02
 11  1.982251e-02
 12  1.552440e-02
 13  1.229920e-02
 14  9.965105e-03
 15  8.243618e-03
 16  6.791721e-03
 17  5.647247e-03
 18  4.565362e-03
 19  3.892941e-03
 20  3.237035e-03
 21  2.671435e-03
 22  2.275457e-03
 23  1.965129e-03
 24  1.659115e-03
 25  1.399593e-03
 26  1.177288e-03
 27  1.007790e-03
 28  8.783936e-04
 Iteration CPU time: 7 s
 CFIE residual: 0.000878394

 Iseg, Irank, Idinc : 1, 11, 53
 Thata, Phi : 90.000000, 52.000000
 Maximun iteration: 300
 Number of recycle truncation: 30
 Final matrix dimension:  36708
 Residual error:0.001000
 0  6.524692e-01
 1  3.420769e-01
 2  2.097241e-01
 3  1.348403e-01
 4  9.621426e-02
 5  7.256065e-02
 6  5.560731e-02
 7  4.317791e-02
 8  3.293253e-02
 9  2.496993e-02
 10  1.921831e-02
 11  1.476601e-02
 12  1.150634e-02
 13  9.058514e-03
 14  7.477559e-03
 15  5.992220e-03
 16  4.754870e-03
 17  3.735448e-03
 18  2.898813e-03
 19  2.293051e-03
 20  1.845341e-03
 21  1.496089e-03
 22  1.206167e-03
 23  1.011514e-03
 24  8.708158e-04
 Iteration CPU time: 5 s
 CFIE residual: 0.000870816

 Iseg, Irank, Idinc : 1, 12, 32
 Thata, Phi : 90.000000, 31.000000
 Maximun iteration: 300
 Number of recycle truncation: 30
 Final matrix dimension:  36708
 Residual error:0.001000
 0  6.339529e-01
 1  3.067681e-01
 2  1.814122e-01
 3  1.137084e-01
 4  7.999496e-02
 5  5.863393e-02
 6  4.278561e-02
 7  3.260595e-02
 8  2.573032e-02
 9  2.011684e-02
 10  1.608413e-02
 11  1.313424e-02
 12  1.054765e-02
 13  8.340704e-03
 14  6.928668e-03
 15  5.466729e-03
 16  4.491733e-03
 17  3.637842e-03
 18  3.022982e-03
 19  2.550527e-03
 20  2.105381e-03
 21  1.686325e-03
 22  1.374091e-03
 23  1.133061e-03
 24  9.322591e-04
 Iteration CPU time: 6 s
 CFIE residual: 0.000932259

 Iseg, Irank, Idinc : 1, 13, 10
 Thata, Phi : 90.000000, 9.000000
 Maximun iteration: 300
 Number of recycle truncation: 30
 Final matrix dimension:  36708
 Residual error:0.001000
 0  5.462556e-01
 1  2.770111e-01
 2  1.757694e-01
 3  1.240560e-01
 4  8.968787e-02
 5  6.690642e-02
 6  5.143901e-02
 7  3.981963e-02
 8  3.123263e-02
 9  2.435184e-02
 10  1.884758e-02
 11  1.499649e-02
 12  1.214729e-02
 13  9.898618e-03
 14  7.912866e-03
 15  6.207409e-03
 16  5.088350e-03
 17  4.276860e-03
 18  3.575682e-03
 19  3.064291e-03
 20  2.595857e-03
 21  2.169688e-03
 22  1.806494e-03
 23  1.521600e-03
 24  1.291869e-03
 25  1.083249e-03
 26  9.300544e-04
 Iteration CPU time: 6 s
 CFIE residual: 0.000930054

 Iseg, Irank, Idinc : 1, 14, 178
 Thata, Phi : 90.000000, 177.000000
 Maximun iteration: 300
 Number of recycle truncation: 30
 Final matrix dimension:  36708
 Residual error:0.001000
 0  5.772574e-01
 1  2.987688e-01
 2  1.877727e-01
 3  1.323439e-01
 4  1.025483e-01
 5  8.037349e-02
 6  6.435883e-02
 7  5.454899e-02
 8  4.489696e-02
 9  3.574201e-02
 10  2.866009e-02
 11  2.352142e-02
 12  1.907700e-02
 13  1.604584e-02
 14  1.273202e-02
 15  1.016019e-02
 16  8.206857e-03
 17  6.622882e-03
 18  5.389188e-03
 19  4.436235e-03
 20  3.648138e-03
 21  3.029659e-03
 22  2.508780e-03
 23  2.093250e-03
 24  1.761736e-03
 25  1.467185e-03
 26  1.192999e-03
 27  9.794228e-04
 Iteration CPU time: 7 s
 CFIE residual: 0.000979423

 Iseg, Irank, Idinc : 1, 15, 97
 Thata, Phi : 90.000000, 96.000000
 Maximun iteration: 300
 Number of recycle truncation: 30
 Final matrix dimension:  36708
 Residual error:0.001000
 0  6.080622e-01
 1  3.456472e-01
 2  2.177393e-01
 3  1.454706e-01
 4  1.042437e-01
 5  7.920096e-02
 6  6.164010e-02
 7  4.925048e-02
 8  3.883739e-02
 9  3.058754e-02
 10  2.500921e-02
 11  2.042678e-02
 12  1.655932e-02
 13  1.367037e-02
 14  1.109330e-02
 15  9.123255e-03
 16  7.515117e-03
 17  6.229482e-03
 18  5.124011e-03
 19  4.101308e-03
 20  3.320327e-03
 21  2.680193e-03
 22  2.213613e-03
 23  1.827461e-03
 24  1.577797e-03
 25  1.361245e-03
 26  1.190558e-03
 27  1.078989e-03
 28  1.000618e-03
 29  9.443862e-04
 Iteration CPU time: 7 s
 CFIE residual: 0.000944386

 Iseg, Irank, Idinc : 1, 16, 81
 Thata, Phi : 90.000000, 80.000000
 Maximun iteration: 300
 Number of recycle truncation: 30
 Final matrix dimension:  36708
 Residual error:0.001000
 0  6.157542e-01
 1  3.519127e-01
 2  2.266726e-01
 3  1.490836e-01
 4  1.080811e-01
 5  8.236977e-02
 6  6.347062e-02
 7  4.994181e-02
 8  4.035475e-02
 9  3.182065e-02
 10  2.470931e-02
 11  1.909381e-02
 12  1.567529e-02
 13  1.277921e-02
 14  1.056890e-02
 15  8.524050e-03
 16  6.997211e-03
 17  5.727766e-03
 18  4.640666e-03
 19  3.807244e-03
 20  3.141412e-03
 21  2.608714e-03
 22  2.202389e-03
 23  1.904510e-03
 24  1.653642e-03
 25  1.482391e-03
 26  1.318930e-03
 27  1.223574e-03
 28  1.135717e-03
 29  1.080616e-03
 30  1.037916e-03
 31  1.010225e-03
 32  9.846840e-04
 Iteration CPU time: 7 s
 CFIE residual: 0.000984684

 Iseg, Irank, Idinc : 1, 17, 116
 Thata, Phi : 90.000000, 115.000000
 Maximun iteration: 300
 Number of recycle truncation: 30
 Final matrix dimension:  36708
 Residual error:0.001000
 0  6.448993e-01
 1  3.483495e-01
 2  2.175117e-01
 3  1.519508e-01
 4  1.086359e-01
 5  7.948164e-02
 6  6.138802e-02
 7  4.792240e-02
 8  3.820982e-02
 9  2.997319e-02
 10  2.381557e-02
 11  1.872482e-02
 12  1.493155e-02
 13  1.227993e-02
 14  9.949211e-03
 15  8.127984e-03
 16  6.730611e-03
 17  5.475247e-03
 18  4.398364e-03
 19  3.746108e-03
 20  3.053800e-03
 21  2.479478e-03
 22  2.060038e-03
 23  1.697344e-03
 24  1.372786e-03
 25  1.103482e-03
 26  9.274203e-04
 Iteration CPU time: 6 s
 CFIE residual: 0.00092742

 Iseg, Irank, Idinc : 1, 18, 1
 Thata, Phi : 90.000000, 0.000000
 Maximun iteration: 300
 Number of recycle truncation: 30
 Final matrix dimension:  36708
 Residual error:0.001000
 0  5.160941e-01
 1  2.705358e-01
 2  1.755683e-01
 3  1.216773e-01
 4  8.646630e-02
 5  6.578447e-02
 6  5.127661e-02
 7  3.788936e-02
 8  2.867192e-02
 9  2.299912e-02
 10  1.827214e-02
 11  1.485764e-02
 12  1.135710e-02
 13  9.045148e-03
 14  7.231412e-03
 15  5.847408e-03
 16  4.783696e-03
 17  3.979566e-03
 18  3.332925e-03
 19  2.859116e-03
 20  2.441084e-03
 21  2.065537e-03
 22  1.731789e-03
 23  1.408592e-03
 24  1.101650e-03
 25  8.775643e-04
 Iteration CPU time: 6 s
 CFIE residual: 0.000877564

 Iseg, Irank, Idinc : 1, 19, 167
 Thata, Phi : 90.000000, 166.000000
 Maximun iteration: 300
 Number of recycle truncation: 30
 Final matrix dimension:  36708
 Residual error:0.001000
 0  5.882153e-01
 1  3.008888e-01
 2  1.867289e-01
 3  1.312966e-01
 4  1.021889e-01
 5  8.066462e-02
 6  6.576872e-02
 7  5.456888e-02
 8  4.542766e-02
 9  3.827022e-02
 10  3.244038e-02
 11  2.737484e-02
 12  2.338583e-02
 13  1.969893e-02
 14  1.642755e-02
 15  1.350389e-02
 16  1.100522e-02
 17  9.117633e-03
 18  7.488347e-03
 19  6.069379e-03
 20  4.893230e-03
 21  3.924367e-03
 22  3.242060e-03
 23  2.637726e-03
 24  2.146279e-03
 25  1.721861e-03
 26  1.379942e-03
 27  1.084580e-03
 28  8.728513e-04
 Iteration CPU time: 7 s
 CFIE residual: 0.000872851

 Iseg, Irank, Idinc : 1, 20, 103
 Thata, Phi : 90.000000, 102.000000
 Maximun iteration: 300
 Number of recycle truncation: 30
 Final matrix dimension:  36708
 Residual error:0.001000
 0  6.112300e-01
 1  3.477560e-01
 2  2.172294e-01
 3  1.483232e-01
 4  1.045066e-01
 5  7.871698e-02
 6  6.008227e-02
 7  4.750750e-02
 8  3.796451e-02
 9  3.067372e-02
 10  2.495905e-02
 11  2.027377e-02
 12  1.641748e-02
 13  1.346097e-02
 14  1.096217e-02
 15  8.945713e-03
 16  7.345336e-03
 17  6.044290e-03
 18  4.878993e-03
 19  3.984696e-03
 20  3.243327e-03
 21  2.615345e-03
 22  2.169847e-03
 23  1.774875e-03
 24  1.496088e-03
 25  1.271641e-03
 26  1.082949e-03
 27  9.641473e-04
 Iteration CPU time: 6 s
 CFIE residual: 0.000964147

 Iseg, Irank, Idinc : 1, 21, 153
 Thata, Phi : 90.000000, 152.000000
 Maximun iteration: 300
 Number of recycle truncation: 30
 Final matrix dimension:  36708
 Residual error:0.001000
 0  6.331847e-01
 1  3.286225e-01
 2  2.021124e-01
 3  1.341835e-01
 4  9.937137e-02
 5  7.739327e-02
 6  6.092247e-02
 7  4.867492e-02
 8  4.075761e-02
 9  3.469034e-02
 10  2.939188e-02
 11  2.449766e-02
 12  2.106298e-02
 13  1.758660e-02
 14  1.420650e-02
 15  1.164462e-02
 16  9.503418e-03
 17  7.865185e-03
 18  6.500504e-03
 19  5.250385e-03
 20  4.259147e-03
 21  3.440235e-03
 22  2.787356e-03
 23  2.284732e-03
 24  1.826864e-03
 25  1.401544e-03
 26  1.122633e-03
 27  8.612642e-04
 Iteration CPU time: 6 s
 CFIE residual: 0.000861264

 Iseg, Irank, Idinc : 1, 22, 16
 Thata, Phi : 90.000000, 15.000000
 Maximun iteration: 300
 Number of recycle truncation: 30
 Final matrix dimension:  36708
 Residual error:0.001000
 0  5.859459e-01
 1  2.848664e-01
 2  1.743475e-01
 3  1.207008e-01
 4  8.574406e-02
 5  6.389219e-02
 6  5.009325e-02
 7  3.853173e-02
 8  3.023541e-02
 9  2.427855e-02
 10  1.929265e-02
 11  1.507296e-02
 12  1.187004e-02
 13  9.508751e-03
 14  7.907515e-03
 15  6.328372e-03
 16  5.182027e-03
 17  4.313930e-03
 18  3.613043e-03
 19  3.071437e-03
 20  2.530280e-03
 21  2.040479e-03
 22  1.685196e-03
 23  1.409448e-03
 24  1.188949e-03
 25  1.000573e-03
 26  8.492582e-04
 Iteration CPU time: 6 s
 CFIE residual: 0.000849258

 Iseg, Irank, Idinc : 1, 23, 173
 Thata, Phi : 90.000000, 172.000000
 Maximun iteration: 300
 Number of recycle truncation: 30
 Final matrix dimension:  36708
 Residual error:0.001000
 0  5.795931e-01
 1  2.988265e-01
 2  1.881978e-01
 3  1.331809e-01
 4  1.039291e-01
 5  8.205051e-02
 6  6.596356e-02
 7  5.585642e-02
 8  4.620770e-02
 9  3.777277e-02
 10  3.136426e-02
 11  2.653184e-02
 12  2.186755e-02
 13  1.866302e-02
 14  1.526138e-02
 15  1.271509e-02
 16  1.039306e-02
 17  8.362747e-03
 18  6.785311e-03
 19  5.489412e-03
 20  4.445933e-03
 21  3.632843e-03
 22  3.049000e-03
 23  2.556768e-03
 24  2.111022e-03
 25  1.718848e-03
 26  1.406326e-03
 27  1.138758e-03
 28  9.279411e-04
 Iteration CPU time: 7 s
 CFIE residual: 0.000927941

 Iseg, Irank, Idinc : 1, 24, 59
 Thata, Phi : 90.000000, 58.000000
 Maximun iteration: 300
 Number of recycle truncation: 30
 Final matrix dimension:  36708
 Residual error:0.001000
 0  6.611795e-01
 1  3.477237e-01
 2  2.145649e-01
 3  1.347182e-01
 4  9.612377e-02
 5  7.234137e-02
 6  5.493686e-02
 7  4.263452e-02
 8  3.361010e-02
 9  2.614077e-02
 10  2.007796e-02
 11  1.545030e-02
 12  1.202911e-02
 13  9.277430e-03
 14  7.460879e-03
 15  5.908471e-03
 16  4.770485e-03
 17  3.891797e-03
 18  3.061135e-03
 19  2.532210e-03
 20  2.150461e-03
 21  1.772750e-03
 22  1.442786e-03
 23  1.217776e-03
 24  1.048482e-03
 25  9.330419e-04
 Iteration CPU time: 6 s
 CFIE residual: 0.000933042

 Iseg, Irank, Idinc : 1, 25, 5
 Thata, Phi : 90.000000, 4.000000
 Maximun iteration: 300
 Number of recycle truncation: 30
 Final matrix dimension:  36708
 Residual error:0.001000
 0  5.227142e-01
 1  2.720846e-01
 2  1.755435e-01
 3  1.225280e-01
 4  8.785773e-02
 5  6.642770e-02
 6  5.104855e-02
 7  3.812087e-02
 8  2.940457e-02
 9  2.360278e-02
 10  1.862733e-02
 11  1.494541e-02
 12  1.193180e-02
 13  9.720662e-03
 14  7.820149e-03
 15  6.201407e-03
 16  5.089470e-03
 17  4.289277e-03
 18  3.566323e-03
 19  3.044505e-03
 20  2.617222e-03
 21  2.239502e-03
 22  1.862885e-03
 23  1.547041e-03
 24  1.282095e-03
 25  1.057883e-03
 26  8.758631e-04
 Iteration CPU time: 6 s
 CFIE residual: 0.000875863

 Iseg, Irank, Idinc : 1, 26, 181
 Thata, Phi : 90.000000, 180.000000
 Maximun iteration: 300
 Number of recycle truncation: 30
 Final matrix dimension:  36708
 Residual error:0.001000
 0  5.768416e-01
 1  2.987549e-01
 2  1.876037e-01
 3  1.320295e-01
 4  1.019886e-01
 5  7.953410e-02
 6  6.365483e-02
 7  5.393728e-02
 8  4.435008e-02
 9  3.520757e-02
 10  2.781874e-02
 11  2.217441e-02
 12  1.833366e-02
 13  1.456249e-02
 14  1.173244e-02
 15  9.020448e-03
 16  7.010420e-03
 17  5.680156e-03
 18  4.679612e-03
 19  3.812916e-03
 20  3.171594e-03
 21  2.617075e-03
 22  2.165589e-03
 23  1.780481e-03
 24  1.481928e-03
 25  1.197717e-03
 26  9.715411e-04
 Iteration CPU time: 6 s
 CFIE residual: 0.000971541

 Iseg, Irank, Idinc : 1, 27, 130
 Thata, Phi : 90.000000, 129.000000
 Maximun iteration: 300
 Number of recycle truncation: 30
 Final matrix dimension:  36708
 Residual error:0.001000
 0  6.743490e-01
 1  3.518440e-01
 2  2.253979e-01
 3  1.540713e-01
 4  1.108349e-01
 5  8.304108e-02
 6  6.386989e-02
 7  5.011187e-02
 8  3.930628e-02
 9  3.198217e-02
 10  2.556727e-02
 11  2.002541e-02
 12  1.558157e-02
 13  1.272811e-02
 14  1.046378e-02
 15  8.461877e-03
 16  6.719506e-03
 17  5.421679e-03
 18  4.517468e-03
 19  3.712975e-03
 20  3.023610e-03
 21  2.483964e-03
 22  2.092551e-03
 23  1.751725e-03
 24  1.497763e-03
 25  1.282259e-03
 26  1.086075e-03
 27  9.409814e-04
 Iteration CPU time: 7 s
 CFIE residual: 0.000940981

 Iseg, Irank, Idinc : 1, 28, 37
 Thata, Phi : 90.000000, 36.000000
 Maximun iteration: 300
 Number of recycle truncation: 30
 Final matrix dimension:  36708
 Residual error:0.001000
 0  6.247214e-01
 1  3.121805e-01
 2  1.918462e-01
 3  1.212943e-01
 4  8.336170e-02
 5  6.107914e-02
 6  4.451796e-02
 7  3.421770e-02
 8  2.653464e-02
 9  2.034063e-02
 10  1.576062e-02
 11  1.271518e-02
 12  1.020781e-02
 13  8.193295e-03
 14  6.646804e-03
 15  5.150532e-03
 16  4.222660e-03
 17  3.416859e-03
 18  2.776674e-03
 19  2.312701e-03
 20  1.883417e-03
 21  1.516563e-03
 22  1.226141e-03
 23  1.010794e-03
 24  8.311251e-04
 Iteration CPU time: 5 s
 CFIE residual: 0.000831125

 Iseg, Irank, Idinc : 1, 29, 69
 Thata, Phi : 90.000000, 68.000000
 Maximun iteration: 300
 Number of recycle truncation: 30
 Final matrix dimension:  36708
 Residual error:0.001000
 0  6.493802e-01
 1  3.665547e-01
 2  2.341725e-01
 3  1.498232e-01
 4  1.063119e-01
 5  8.181690e-02
 6  6.171583e-02
 7  4.877813e-02
 8  3.953334e-02
 9  3.092093e-02
 10  2.416820e-02
 11  1.888445e-02
 12  1.508605e-02
 13  1.207340e-02
 14  9.721626e-03
 15  7.794475e-03
 16  6.221001e-03
 17  5.186397e-03
 18  4.195050e-03
 19  3.452901e-03
 20  2.835993e-03
 21  2.340305e-03
 22  1.922993e-03
 23  1.619786e-03
 24  1.398189e-03
 25  1.252947e-03
 26  1.136364e-03
 27  1.049517e-03
 28  9.898131e-04
 Iteration CPU time: 6 s
 CFIE residual: 0.000989813

 Iseg, Irank, Idinc : 1, 30, 142
 Thata, Phi : 90.000000, 141.000000
 Maximun iteration: 300
 Number of recycle truncation: 30
 Final matrix dimension:  36708
 Residual error:0.001000
 0  6.830916e-01
 1  3.494234e-01
 2  2.117598e-01
 3  1.441192e-01
 4  1.053836e-01
 5  7.876216e-02
 6  6.109086e-02
 7  4.786400e-02
 8  3.927874e-02
 9  3.343641e-02
 10  2.771033e-02
 11  2.330012e-02
 12  1.971436e-02
 13  1.613498e-02
 14  1.327074e-02
 15  1.066083e-02
 16  8.623005e-03
 17  7.072686e-03
 18  5.795747e-03
 19  4.570601e-03
 20  3.601720e-03
 21  2.882623e-03
 22  2.374378e-03
 23  1.961902e-03
 24  1.619278e-03
 25  1.309398e-03
 26  1.053941e-03
 27  8.520432e-04
 Iteration CPU time: 7 s
 CFIE residual: 0.000852043

 Iseg, Irank, Idinc : 1, 31, 27
 Thata, Phi : 90.000000, 26.000000
 Maximun iteration: 300
 Number of recycle truncation: 30
 Final matrix dimension:  36708
 Residual error:0.001000
 0  6.402068e-01
 1  3.001382e-01
 2  1.723863e-01
 3  1.112338e-01
 4  7.746562e-02
 5  5.700439e-02
 6  4.208046e-02
 7  3.198424e-02
 8  2.583703e-02
 9  2.075691e-02
 10  1.690876e-02
 11  1.365004e-02
 12  1.113610e-02
 13  8.994460e-03
 14  7.470178e-03
 15  6.001863e-03
 16  4.923877e-03
 17  4.043790e-03
 18  3.403335e-03
 19  2.869174e-03
 20  2.370742e-03
 21  1.861921e-03
 22  1.504541e-03
 23  1.239094e-03
 24  1.021877e-03
 25  8.264285e-04
 Iteration CPU time: 6 s
 CFIE residual: 0.000826429

 Iseg, Irank, Idinc : 1, 32, 92
 Thata, Phi : 90.000000, 91.000000
 Maximun iteration: 300
 Number of recycle truncation: 30
 Final matrix dimension:  36708
 Residual error:0.001000
 0  6.071744e-01
 1  3.473157e-01
 2  2.206239e-01
 3  1.493455e-01
 4  1.063765e-01
 5  8.194880e-02
 6  6.369170e-02
 7  5.025231e-02
 8  4.069702e-02
 9  3.233603e-02
 10  2.569374e-02
 11  2.040845e-02
 12  1.703839e-02
 13  1.426999e-02
 14  1.179537e-02
 15  9.362786e-03
 16  7.623293e-03
 17  6.146331e-03
 18  5.021216e-03
 19  4.078696e-03
 20  3.373046e-03
 21  2.780218e-03
 22  2.329788e-03
 23  1.972816e-03
 24  1.723705e-03
 25  1.488894e-03
 26  1.303321e-03
 27  1.188496e-03
 28  1.109255e-03
 29  1.049045e-03
 30  9.966685e-04
 Iteration CPU time: 7 s
 CFIE residual: 0.000996668

 Iseg, Irank, Idinc : 1, 33, 163
 Thata, Phi : 90.000000, 162.000000
 Maximun iteration: 300
 Number of recycle truncation: 30
 Final matrix dimension:  36708
 Residual error:0.001000
 0  6.003385e-01
 1  3.058411e-01
 2  1.868334e-01
 3  1.292329e-01
 4  9.946284e-02
 5  7.892993e-02
 6  6.452412e-02
 7  5.243773e-02
 8  4.405162e-02
 9  3.785386e-02
 10  3.249010e-02
 11  2.738563e-02
 12  2.317593e-02
 13  1.956326e-02
 14  1.646720e-02
 15  1.355032e-02
 16  1.104580e-02
 17  9.028453e-03
 18  7.412426e-03
 19  6.001837e-03
 20  4.841233e-03
 21  3.869671e-03
 22  3.157135e-03
 23  2.546466e-03
 24  2.085542e-03
 25  1.649230e-03
 26  1.322432e-03
 27  1.032430e-03
 28  8.301977e-04
 Iteration CPU time: 6 s
 CFIE residual: 0.000830198

 Iseg, Irank, Idinc : 1, 34, 3
 Thata, Phi : 90.000000, 2.000000
 Maximun iteration: 300
 Number of recycle truncation: 30
 Final matrix dimension:  36708
 Residual error:0.001000
 0  5.177937e-01
 1  2.709473e-01
 2  1.755611e-01
 3  1.219143e-01
 4  8.687907e-02
 5  6.600492e-02
 6  5.118377e-02
 7  3.788320e-02
 8  2.873753e-02
 9  2.315627e-02
 10  1.849705e-02
 11  1.492876e-02
 12  1.161323e-02
 13  9.317609e-03
 14  7.511742e-03
 15  6.084379e-03
 16  5.001533e-03
 17  4.209272e-03
 18  3.512680e-03
 19  2.996982e-03
 20  2.575266e-03
 21  2.211327e-03
 22  1.849742e-03
 23  1.529801e-03
 24  1.252082e-03
 25  1.021088e-03
 26  8.295311e-04
 Iteration CPU time: 6 s
 CFIE residual: 0.000829531

 Iseg, Irank, Idinc : 1, 35, 48
 Thata, Phi : 90.000000, 47.000000
 Maximun iteration: 300
 Number of recycle truncation: 30
 Final matrix dimension:  36708
 Residual error:0.001000
 0  6.408367e-01
 1  3.305375e-01
 2  2.046280e-01
 3  1.340061e-01
 4  9.549513e-02
 5  7.279929e-02
 6  5.467073e-02
 7  4.181948e-02
 8  3.217537e-02
 9  2.442882e-02
 10  1.838660e-02
 11  1.419132e-02
 12  1.103909e-02
 13  8.857160e-03
 14  7.294691e-03
 15  5.820643e-03
 16  4.551239e-03
 17  3.645313e-03
 18  2.836756e-03
 19  2.252113e-03
 20  1.786990e-03
 21  1.447731e-03
 22  1.170316e-03
 23  9.720049e-04
 Iteration CPU time: 5 s
 CFIE residual: 0.000972005

 Iseg, Irank, Idinc : 1, 36, 180
 Thata, Phi : 90.000000, 179.000000
 Maximun iteration: 300
 Number of recycle truncation: 30
 Final matrix dimension:  36708
 Residual error:0.001000
 0  5.768984e-01
 1  2.987589e-01
 2  1.876243e-01
 3  1.320702e-01
 4  1.020655e-01
 5  7.965602e-02
 6  6.376474e-02
 7  5.403899e-02
 8  4.444050e-02
 9  3.527903e-02
 10  2.794257e-02
 11  2.241027e-02
 12  1.843603e-02
 13  1.494927e-02
 14  1.197315e-02
 15  9.288444e-03
 16  7.277157e-03
 17  5.844605e-03
 18  4.773299e-03
 19  3.891126e-03
 20  3.269050e-03
 21  2.714651e-03
 22  2.237113e-03
 23  1.841625e-03
 24  1.539356e-03
 25  1.269780e-03
 26  1.030392e-03
 27  8.437587e-04
 Iteration CPU time: 7 s
 CFIE residual: 0.000843759

 Iseg, Irank, Idinc : 1, 37, 120
 Thata, Phi : 90.000000, 119.000000
 Maximun iteration: 300
 Number of recycle truncation: 30
 Final matrix dimension:  36708
 Residual error:0.001000
 0  6.483722e-01
 1  3.437235e-01
 2  2.190659e-01
 3  1.532433e-01
 4  1.091805e-01
 5  8.086078e-02
 6  6.380371e-02
 7  4.952493e-02
 8  3.887538e-02
 9  3.070148e-02
 10  2.483850e-02
 11  1.959017e-02
 12  1.548928e-02
 13  1.244344e-02
 14  1.023945e-02
 15  8.238413e-03
 16  6.909210e-03
 17  5.650894e-03
 18  4.565726e-03
 19  3.851149e-03
 20  3.144357e-03
 21  2.586792e-03
 22  2.145682e-03
 23  1.825368e-03
 24  1.510976e-03
 25  1.246134e-03
 26  1.029085e-03
 27  8.683092e-04
 Iteration CPU time: 6 s
 CFIE residual: 0.000868309

 Iseg, Irank, Idinc : 1, 38, 13
 Thata, Phi : 90.000000, 12.000000
 Maximun iteration: 300
 Number of recycle truncation: 30
 Final matrix dimension:  36708
 Residual error:0.001000
 0  5.652707e-01
 1  2.807293e-01
 2  1.755345e-01
 3  1.232225e-01
 4  8.864677e-02
 5  6.601426e-02
 6  5.128605e-02
 7  3.952481e-02
 8  3.103864e-02
 9  2.458932e-02
 10  1.920452e-02
 11  1.502582e-02
 12  1.191839e-02
 13  9.676441e-03
 14  7.920632e-03
 15  6.290901e-03
 16  5.113512e-03
 17  4.281916e-03
 18  3.599772e-03
 19  3.073899e-03
 20  2.561093e-03
 21  2.102104e-03
 22  1.746679e-03
 23  1.467410e-03
 24  1.246945e-03
 25  1.049804e-03
 26  8.974292e-04
 Iteration CPU time: 6 s
 CFIE residual: 0.000897429

 Iseg, Irank, Idinc : 1, 39, 78
 Thata, Phi : 90.000000, 77.000000
 Maximun iteration: 300
 Number of recycle truncation: 30
 Final matrix dimension:  36708
 Residual error:0.001000
 0  6.213975e-01
 1  3.561924e-01
 2  2.308966e-01
 3  1.475542e-01
 4  1.051025e-01
 5  7.939774e-02
 6  6.202258e-02
 7  4.833447e-02
 8  3.819741e-02
 9  3.084791e-02
 10  2.433065e-02
 11  1.885778e-02
 12  1.513857e-02
 13  1.239491e-02
 14  1.026197e-02
 15  8.375419e-03
 16  6.911205e-03
 17  5.567836e-03
 18  4.581780e-03
 19  3.895973e-03
 20  3.222403e-03
 21  2.674092e-03
 22  2.256827e-03
 23  1.891720e-03
 24  1.633474e-03
 25  1.463480e-03
 26  1.306306e-03
 27  1.213379e-03
 28  1.127519e-03
 29  1.071382e-03
 30  1.033036e-03
 31  1.003550e-03
 32  9.809082e-04
 Iteration CPU time: 8 s
 CFIE residual: 0.000980908

 Iseg, Irank, Idinc : 1, 40, 170
 Thata, Phi : 90.000000, 169.000000
 Maximun iteration: 300
 Number of recycle truncation: 30
 Final matrix dimension:  36708
 Residual error:0.001000
 0  5.826530e-01
 1  2.992876e-01
 2  1.877298e-01
 3  1.327530e-01
 4  1.036679e-01
 5  8.187223e-02
 6  6.623597e-02
 7  5.579396e-02
 8  4.632612e-02
 9  3.850000e-02
 10  3.218398e-02
 11  2.728911e-02
 12  2.303451e-02
 13  1.952151e-02
 14  1.602753e-02
 15  1.332422e-02
 16  1.100163e-02
 17  8.878701e-03
 18  7.206115e-03
 19  5.869721e-03
 20  4.731974e-03
 21  3.843819e-03
 22  3.213333e-03
 23  2.659478e-03
 24  2.166214e-03
 25  1.745425e-03
 26  1.415197e-03
 27  1.128516e-03
 28  9.114476e-04
 Iteration CPU time: 7 s
 CFIE residual: 0.000911448
 Last Built End in Sep 21 2025 00:06:12
 Total CPU time: 273 s
 Finished.
