 Last Built Begin in Sep 21 2025 00:06:12
 Pre-Type( Input ):            8
 Skl-Tol ( Input ):    1.0000000000000000E-002
 Wavelength in freespace: 0.584416

 ################################################
 ##         Generating Required Mesh          ##
 ##         Waiting.....                      ##
 ################################################
 Subd No.      Subd Name
    1    sphere1                                                           
 isub,  nnode, npatch,  nedge:
    1       604      1204      1806
 Scale Factor         >>   9.99999978E-03
 ################################################

 START TIME: 20250922   001437.458


 Informaton for IE geometry:
 number of subdomains     : 1
 maxnode,maxpatch,maxedge : 604  1204  1806
 
 Index of Mat-Reg: 1
 Mat-Reg Number via MatFlg: 1
 Edge Number of Mat-Reg: 1, 1806

 Number of Edge on PEC: 0
 Mat-Reg: No Dim(m) Lmax:
    1 0.171    1
 Totlmax, add1, add2:           1           2           3
 rlengmax of Global MLFMA >>   0.17111098980178438     
 Lmax of Global MLFMA >>            1
 Wavenum of Mat-Reg:
    1 1.000

 total area in sq m           =      0.1254
 total area in sq lambda      =      0.3670
 maxnode, maxpatch, maxedge           =      604     1204     1806
 longest  edge in lambda              =      0.0373
 shortest edge in lambda              =      0.0162
 average  edge in lambda              =      0.0266
 largest  patch area in sq lambda     =      0.0005
 smallest patch area in sq lambda     =      0.0001
 ave    surface area in sq lambda     =      0.0003
 size range of the object in sq lambda =      0.3422

 #### MLFMA Info For Each Region ####
 Mat-Region =            1
 Array dimension parameters:
 maxrule=          14   maxgrid  =          64
 lmax   =           1   ncmax    =           9
 lsmax  =           1   lsmin    =           1
 kpm    =           1   kp0      =           1
 ntlm   =           1   nsm      =           1
 nkpm   =           1   niplm    =          16
 ngnearm=          64   ngsndm   =           1
 nearm  =        1807   mfinestm =         244
 ###############################

 CFIE Alpha:  0.50000000000000000     

 Fill MLFMA NI for Mat-Reg:           1
 Begin fill sparser part of Nearfield
 Begin fill denser part of Nearfield
 End fill
 Filling Amn                 Delta_CPU=         52.49 Memory(MB)=        200.07


 Now testing preconditioner with
 ipretype =            8
 method = cfie_solve_nfpre_pardiso

  
 NBP>>Begin fill sparser part of Nearfield
 NBP>>Begin fill denser part of Nearfield

212.5000%
225.0000%
237.5000%
250.0000%
262.5000%
275.0000%
287.5000%
300.0000%
 Begin MLFMA Box-Matrix Based Prec Constructor
 --- Intel MKL PARDISO --- 
  >> Solver Initialized
  >> Proceed to ngrp_box loop
  >> Loop 0 Initialized
 Memory for iGRP: 1 0 MB
 Total Memory For NFB Pre: 0 MB
 --- PARDISO PRECONDITIONER INITIALIZED --- 
 Constructing preconditioner CPU time: 0 s
 
 108360
 Memory for Iteration:: 1.65344 MB

 Iseg, Ninc_S : 1, 181, 0

 Iseg, Skeleton Angles: 1, 6
 Iseg, Skel-Pk Mem(MB): 1, 30.95

 Iseg, Irank, Idinc : 1, 1, 82
 Thata, Phi : 90.000000, 81.000000
 Maximun iteration: 300
 Number of recycle truncation: 30
 Final matrix dimension:  3612
 Residual error:0.010000
 0  2.722354e-01
 1  1.156168e-01
 2  5.568463e-02
 3  2.891262e-02
 4  1.427925e-02
 5  7.002345e-03
 Iteration CPU time: 1 s
 CFIE residual: 0.00700234

 Iseg, Irank, Idinc : 1, 2, 1
 Thata, Phi : 90.000000, 0.000000
 Maximun iteration: 300
 Number of recycle truncation: 30
 Final matrix dimension:  3612
 Residual error:0.010000
 0  2.800758e-01
 1  1.144840e-01
 2  5.579894e-02
 3  2.819307e-02
 4  1.348066e-02
 5  6.600261e-03
 Iteration CPU time: 0 s
 CFIE residual: 0.00660026

 Iseg, Irank, Idinc : 1, 3, 156
 Thata, Phi : 90.000000, 155.000000
 Maximun iteration: 300
 Number of recycle truncation: 30
 Final matrix dimension:  3612
 Residual error:0.010000
 0  2.672962e-01
 1  1.056906e-01
 2  5.174933e-02
 3  2.539212e-02
 4  1.257317e-02
 5  6.144335e-03
 Iteration CPU time: 0 s
 CFIE residual: 0.00614433

 Iseg, Irank, Idinc : 1, 4, 181
 Thata, Phi : 90.000000, 180.000000
 Maximun iteration: 300
 Number of recycle truncation: 30
 Final matrix dimension:  3612
 Residual error:0.010000
 0  2.683273e-01
 1  1.085250e-01
 2  5.318696e-02
 3  2.583762e-02
 4  1.275534e-02
 5  6.250221e-03
 Iteration CPU time: 0 s
 CFIE residual: 0.00625022

 Iseg, Irank, Idinc : 1, 5, 37
 Thata, Phi : 90.000000, 36.000000
 Maximun iteration: 300
 Number of recycle truncation: 30
 Final matrix dimension:  3612
 Residual error:0.010000
 0  2.739974e-01
 1  1.106198e-01
 2  5.340921e-02
 3  2.706078e-02
 4  1.312724e-02
 5  6.405936e-03
 Iteration CPU time: 0 s
 CFIE residual: 0.00640594

 Iseg, Irank, Idinc : 1, 6, 118
 Thata, Phi : 90.000000, 117.000000
 Maximun iteration: 300
 Number of recycle truncation: 30
 Final matrix dimension:  3612
 Residual error:0.010000
 0  2.677234e-01
 1  1.091094e-01
 2  5.270206e-02
 3  2.682293e-02
 4  1.340601e-02
 5  6.618306e-03
 Iteration CPU time: 0 s
 CFIE residual: 0.00661831
 Last Built End in Sep 21 2025 00:06:12
 Total CPU time: 7 s
 Finished.
