 Last Built Begin in Sep 21 2025 00:06:12
 Pre-Type( Input ):           10
 Skl-Tol ( Input ):    1.0000000000000001E-005
 Wavelength in freespace: 0.0308325

 ################################################
 ##         Generating Required Mesh          ##
 ##         Waiting.....                      ##
 ################################################
 Subd No.      Subd Name
    1    Open-Duct_PRIME_model_meshAA1                                     
 isub,  nnode, npatch,  nedge:
    1      6118     12236     18354
 Scale Factor         >>   1.54999997E-02
 ################################################

 START TIME: 20250922   004944.231


 Informaton for IE geometry:
 number of subdomains     : 1
 maxnode,maxpatch,maxedge : 6118  12236  18354
 
 Index of Mat-Reg: 1
 Mat-Reg Number via MatFlg: 1
 Edge Number of Mat-Reg: 1, 18354

 Number of Edge on PEC: 18354
 Mat-Reg: No Dim(m) Lmax:
    1 0.233    5
 Totlmax, add1, add2:           5           6           7
 rlengmax of Global MLFMA >>   0.23254949566999794     
 Lmax of Global MLFMA >>            5
 Wavenum of Mat-Reg:
    1 1.000

 total area in sq m           =      0.0510
 total area in sq lambda      =     53.6164
 maxnode, maxpatch, maxedge           =     6118    12236    18354
 longest  edge in lambda              =      0.1514
 shortest edge in lambda              =      0.0072
 average  edge in lambda              =      0.1011
 largest  patch area in sq lambda     =      0.0078
 smallest patch area in sq lambda     =      0.0000
 ave    surface area in sq lambda     =      0.0044
 size range of the object in sq lambda =      7.4416

 #### MLFMA Info For Each Region ####
 Mat-Region =            1
 Array dimension parameters:
 maxrule=          14   maxgrid  =          64
 lmax   =           5   ncmax    =        1250
 lsmax  =          26   lsmin    =           7
 kpm    =        1356   kp0      =         102
 ntlm   =      212856   nsm      =      230886
 nkpm   =        2178   niplm    =      139392
 ngnearm=       14257   ngsndm   =       64634
 nearm  =         333   mfinestm =         119
 ###############################

 CFIE Alpha:  0.50000000000000000     

 Fill MLFMA FI for Mat-Reg:           1
 Begin filltl.f
 fill translation matrix
 Level:            2
 fill shifting matrix
 Level:            3
 fill shifting matrix
 Level:            4
 fill shifting matrix
 Level:            5
 fill shifting matrix
 translator time(s):  0.109000005    
 fill interpolation matrix
 ThetaOrder            8
 PhiOrder            8
 lsl            7
 Filling TL                  Delta_CPU=          0.53 Memory(MB)=        653.71
 Filling sndgrp              Delta_CPU=          0.00 Memory(MB)=        653.71
 Filling VFS                 Delta_CPU=          3.21 Memory(MB)=        653.71

 Fill MLFMA NI for Mat-Reg:           1
 Begin fill sparser part of Nearfield
 Begin fill denser part of Nearfield
 End fill
 Filling Amn                 Delta_CPU=         92.29 Memory(MB)=        653.71


 Now testing preconditioner with
 ipretype =           10
 method = cfie_solve_nfrasspspre_pardiso

  
 NBP>>Begin fill sparser part of Nearfield

114.0479% NBP>>Begin fill denser part of Nearfield

200.1041%
 Begin MLFMA Box-Matrix Based Spar-RAS Prec Constructor
 --- Intel MKL PARDISO --- 
 Memory for iGroup: 1 0 MB
 Total Memory For SparRAS Pre: 0 MB
 --- PARDISO PRECONDITIONER INITIALIZED --- 
 Constructing preconditioner CPU time: 4 s
 
 1101240
 Memory for Iteration:: 16.8036 MB

 Iseg, Ninc_S : 1, 181, 0

 Iseg, Skeleton Angles: 1, 39
 Iseg, Skel-Pk Mem(MB): 1, 314.35

 Iseg, Irank, Idinc : 1, 1, 22
 Thata, Phi : 90.000000, 21.000000
 Maximun iteration: 300
 Number of recycle truncation: 30
 Final matrix dimension:  36708
 Residual error:0.001000
 0  6.113121e-01
 1  2.913580e-01
 2  1.660955e-01
 3  1.139497e-01
 4  8.043887e-02
 5  5.938548e-02
 6  4.548850e-02
 7  3.559956e-02
 8  2.805296e-02
 9  2.240872e-02
 10  1.734729e-02
 11  1.387786e-02
 12  1.108037e-02
 13  8.994745e-03
 14  7.402846e-03
 15  6.321376e-03
 16  5.328486e-03
 17  4.492857e-03
 18  3.854621e-03
 19  3.281915e-03
 20  2.847499e-03
 21  2.523393e-03
 22  2.276679e-03
 23  2.087904e-03
 24  1.933915e-03
 25  1.771668e-03
 26  1.605317e-03
 27  1.450370e-03
 28  1.292704e-03
 29  1.149423e-03
 30  1.003072e-03
 31  8.588315e-04
 Iteration CPU time: 8 s
 CFIE residual: 0.000858832

 Iseg, Irank, Idinc : 1, 2, 42
 Thata, Phi : 90.000000, 41.000000
 Maximun iteration: 300
 Number of recycle truncation: 30
 Final matrix dimension:  36708
 Residual error:0.001000
 0  6.256684e-01
 1  3.156863e-01
 2  2.005359e-01
 3  1.309105e-01
 4  8.995793e-02
 5  6.548293e-02
 6  4.843524e-02
 7  3.662926e-02
 8  2.808700e-02
 9  2.166060e-02
 10  1.680053e-02
 11  1.333430e-02
 12  1.087359e-02
 13  8.965498e-03
 14  7.503820e-03
 15  6.445837e-03
 16  5.670339e-03
 17  5.010112e-03
 18  4.564916e-03
 19  4.130662e-03
 20  3.733422e-03
 21  3.374968e-03
 22  3.074644e-03
 23  2.700049e-03
 24  2.328202e-03
 25  2.002106e-03
 26  1.691819e-03
 27  1.390839e-03
 28  1.118498e-03
 29  8.904295e-04
 Iteration CPU time: 7 s
 CFIE residual: 0.000890429

 Iseg, Irank, Idinc : 1, 3, 109
 Thata, Phi : 90.000000, 108.000000
 Maximun iteration: 300
 Number of recycle truncation: 30
 Final matrix dimension:  36708
 Residual error:0.001000
 0  6.326433e-01
 1  3.584238e-01
 2  2.255825e-01
 3  1.549651e-01
 4  1.088509e-01
 5  8.176058e-02
 6  6.338857e-02
 7  4.872213e-02
 8  3.802867e-02
 9  3.082305e-02
 10  2.417615e-02
 11  1.910043e-02
 12  1.536982e-02
 13  1.267031e-02
 14  1.051192e-02
 15  8.739249e-03
 16  7.345727e-03
 17  6.362200e-03
 18  5.575989e-03
 19  4.924256e-03
 20  4.384981e-03
 21  3.964075e-03
 22  3.582088e-03
 23  3.224154e-03
 24  2.928793e-03
 25  2.619368e-03
 26  2.326401e-03
 27  2.008983e-03
 28  1.686155e-03
 29  1.375278e-03
 30  1.117452e-03
 31  8.821354e-04
 Iteration CPU time: 7 s
 CFIE residual: 0.000882135

 Iseg, Irank, Idinc : 1, 4, 64
 Thata, Phi : 90.000000, 63.000000
 Maximun iteration: 300
 Number of recycle truncation: 30
 Final matrix dimension:  36708
 Residual error:0.001000
 0  6.654197e-01
 1  3.587479e-01
 2  2.237875e-01
 3  1.444839e-01
 4  1.044518e-01
 5  7.934564e-02
 6  6.057768e-02
 7  4.746195e-02
 8  3.772540e-02
 9  3.042408e-02
 10  2.393213e-02
 11  1.937352e-02
 12  1.548890e-02
 13  1.280623e-02
 14  1.085259e-02
 15  9.537097e-03
 16  8.572115e-03
 17  7.826664e-03
 18  7.153389e-03
 19  6.470999e-03
 20  5.868546e-03
 21  5.282042e-03
 22  4.664946e-03
 23  4.097077e-03
 24  3.473329e-03
 25  2.873905e-03
 26  2.372596e-03
 27  1.887446e-03
 28  1.478114e-03
 29  1.162101e-03
 30  8.919603e-04
 Iteration CPU time: 7 s
 CFIE residual: 0.00089196

 Iseg, Irank, Idinc : 1, 5, 146
 Thata, Phi : 90.000000, 145.000000
 Maximun iteration: 300
 Number of recycle truncation: 30
 Final matrix dimension:  36708
 Residual error:0.001000
 0  6.542997e-01
 1  3.470305e-01
 2  2.090537e-01
 3  1.455414e-01
 4  1.052311e-01
 5  8.096831e-02
 6  6.341012e-02
 7  5.032226e-02
 8  4.217619e-02
 9  3.508984e-02
 10  2.936708e-02
 11  2.471765e-02
 12  2.026840e-02
 13  1.612832e-02
 14  1.286910e-02
 15  1.051562e-02
 16  8.355203e-03
 17  6.965891e-03
 18  5.796360e-03
 19  4.756306e-03
 20  4.044375e-03
 21  3.452656e-03
 22  3.021896e-03
 23  2.694137e-03
 24  2.398732e-03
 25  2.213419e-03
 26  2.039981e-03
 27  1.853742e-03
 28  1.643009e-03
 29  1.431070e-03
 30  1.241352e-03
 31  1.011772e-03
 32  8.107862e-04
 Iteration CPU time: 8 s
 CFIE residual: 0.000810786

 Iseg, Irank, Idinc : 1, 6, 74
 Thata, Phi : 90.000000, 73.000000
 Maximun iteration: 300
 Number of recycle truncation: 30
 Final matrix dimension:  36708
 Residual error:0.001000
 0  6.444007e-01
 1  3.696392e-01
 2  2.402370e-01
 3  1.516296e-01
 4  1.063738e-01
 5  8.090539e-02
 6  6.338829e-02
 7  5.074223e-02
 8  4.022195e-02
 9  3.349504e-02
 10  2.630151e-02
 11  2.111179e-02
 12  1.710817e-02
 13  1.458171e-02
 14  1.260823e-02
 15  1.114457e-02
 16  9.926533e-03
 17  8.976606e-03
 18  8.149640e-03
 19  7.379010e-03
 20  6.747199e-03
 21  6.118481e-03
 22  5.481750e-03
 23  4.838542e-03
 24  4.211397e-03
 25  3.588144e-03
 26  3.037266e-03
 27  2.500715e-03
 28  2.046129e-03
 29  1.612442e-03
 30  1.295648e-03
 31  1.014359e-03
 32  7.732447e-04
 Iteration CPU time: 7 s
 CFIE residual: 0.000773245

 Iseg, Irank, Idinc : 1, 7, 159
 Thata, Phi : 90.000000, 158.000000
 Maximun iteration: 300
 Number of recycle truncation: 30
 Final matrix dimension:  36708
 Residual error:0.001000
 0  6.087322e-01
 1  3.135409e-01
 2  1.908273e-01
 3  1.316945e-01
 4  1.004711e-01
 5  8.024444e-02
 6  6.453886e-02
 7  5.192372e-02
 8  4.444073e-02
 9  3.822343e-02
 10  3.193480e-02
 11  2.655348e-02
 12  2.133916e-02
 13  1.758724e-02
 14  1.424233e-02
 15  1.146217e-02
 16  9.197150e-03
 17  7.536146e-03
 18  6.183011e-03
 19  5.041796e-03
 20  4.174147e-03
 21  3.485606e-03
 22  3.011442e-03
 23  2.643101e-03
 24  2.353237e-03
 25  2.072884e-03
 26  1.872058e-03
 27  1.711203e-03
 28  1.565730e-03
 29  1.419571e-03
 30  1.279379e-03
 31  1.134288e-03
 32  9.829983e-04
 Iteration CPU time: 7 s
 CFIE residual: 0.000982998

 Iseg, Irank, Idinc : 1, 8, 120
 Thata, Phi : 90.000000, 119.000000
 Maximun iteration: 300
 Number of recycle truncation: 30
 Final matrix dimension:  36708
 Residual error:0.001000
 0  6.520645e-01
 1  3.468625e-01
 2  2.250181e-01
 3  1.564486e-01
 4  1.105159e-01
 5  8.331872e-02
 6  6.392471e-02
 7  4.990140e-02
 8  3.864716e-02
 9  3.036808e-02
 10  2.368659e-02
 11  1.864007e-02
 12  1.521483e-02
 13  1.261289e-02
 14  1.040807e-02
 15  8.827958e-03
 16  7.522034e-03
 17  6.530267e-03
 18  5.779418e-03
 19  5.087302e-03
 20  4.481482e-03
 21  4.066440e-03
 22  3.676210e-03
 23  3.316628e-03
 24  2.979274e-03
 25  2.688640e-03
 26  2.417257e-03
 27  2.131806e-03
 28  1.880192e-03
 29  1.596863e-03
 30  1.310255e-03
 31  1.054465e-03
 32  8.026121e-04
 Iteration CPU time: 8 s
 CFIE residual: 0.000802612

 Iseg, Irank, Idinc : 1, 9, 130
 Thata, Phi : 90.000000, 129.000000
 Maximun iteration: 300
 Number of recycle truncation: 30
 Final matrix dimension:  36708
 Residual error:0.001000
 0  6.762424e-01
 1  3.572499e-01
 2  2.313644e-01
 3  1.574137e-01
 4  1.122002e-01
 5  8.670797e-02
 6  6.599245e-02
 7  5.115693e-02
 8  4.071366e-02
 9  3.207181e-02
 10  2.536518e-02
 11  2.023567e-02
 12  1.606191e-02
 13  1.317941e-02
 14  1.085634e-02
 15  9.035099e-03
 16  7.491905e-03
 17  6.427421e-03
 18  5.516408e-03
 19  4.841237e-03
 20  4.373196e-03
 21  3.973231e-03
 22  3.642928e-03
 23  3.319810e-03
 24  2.997513e-03
 25  2.724227e-03
 26  2.431899e-03
 27  2.190517e-03
 28  1.950405e-03
 29  1.721469e-03
 30  1.460106e-03
 31  1.221935e-03
 32  9.896642e-04
 Iteration CPU time: 7 s
 CFIE residual: 0.000989664

 Iseg, Irank, Idinc : 1, 10, 89
 Thata, Phi : 90.000000, 88.000000
 Maximun iteration: 300
 Number of recycle truncation: 30
 Final matrix dimension:  36708
 Residual error:0.001000
 0  6.213918e-01
 1  3.567085e-01
 2  2.298123e-01
 3  1.560453e-01
 4  1.115722e-01
 5  8.713420e-02
 6  6.794007e-02
 7  5.386855e-02
 8  4.322595e-02
 9  3.535555e-02
 10  2.813758e-02
 11  2.196237e-02
 12  1.754973e-02
 13  1.425689e-02
 14  1.212770e-02
 15  1.043973e-02
 16  9.104329e-03
 17  8.081385e-03
 18  7.348005e-03
 19  6.670438e-03
 20  6.121465e-03
 21  5.594758e-03
 22  5.058020e-03
 23  4.473736e-03
 24  3.916550e-03
 25  3.371952e-03
 26  2.856799e-03
 27  2.409183e-03
 28  1.974143e-03
 29  1.535410e-03
 30  1.190973e-03
 31  9.262595e-04
 Iteration CPU time: 7 s
 CFIE residual: 0.00092626

 Iseg, Irank, Idinc : 1, 11, 53
 Thata, Phi : 90.000000, 52.000000
 Maximun iteration: 300
 Number of recycle truncation: 30
 Final matrix dimension:  36708
 Residual error:0.001000
 0  6.473600e-01
 1  3.363558e-01
 2  2.084183e-01
 3  1.352688e-01
 4  9.672467e-02
 5  7.160698e-02
 6  5.494697e-02
 7  4.283456e-02
 8  3.306716e-02
 9  2.487755e-02
 10  1.980463e-02
 11  1.584554e-02
 12  1.289825e-02
 13  1.083190e-02
 14  9.276742e-03
 15  8.017964e-03
 16  7.216914e-03
 17  6.543827e-03
 18  5.923826e-03
 19  5.337158e-03
 20  4.815076e-03
 21  4.256404e-03
 22  3.821824e-03
 23  3.326009e-03
 24  2.807875e-03
 25  2.299980e-03
 26  1.893320e-03
 27  1.525534e-03
 28  1.234870e-03
 29  9.756340e-04
 Iteration CPU time: 6 s
 CFIE residual: 0.000975634

 Iseg, Irank, Idinc : 1, 12, 32
 Thata, Phi : 90.000000, 31.000000
 Maximun iteration: 300
 Number of recycle truncation: 30
 Final matrix dimension:  36708
 Residual error:0.001000
 0  6.321538e-01
 1  3.061707e-01
 2  1.801028e-01
 3  1.140426e-01
 4  8.030772e-02
 5  5.940897e-02
 6  4.373706e-02
 7  3.322156e-02
 8  2.557420e-02
 9  2.030999e-02
 10  1.642491e-02
 11  1.307844e-02
 12  1.031944e-02
 13  8.596711e-03
 14  7.077723e-03
 15  5.989783e-03
 16  5.232224e-03
 17  4.481746e-03
 18  3.979497e-03
 19  3.490635e-03
 20  3.101243e-03
 21  2.792277e-03
 22  2.566122e-03
 23  2.373510e-03
 24  2.168847e-03
 25  1.945435e-03
 26  1.715102e-03
 27  1.517992e-03
 28  1.298557e-03
 29  1.097401e-03
 30  9.007259e-04
 Iteration CPU time: 7 s
 CFIE residual: 0.000900726

 Iseg, Irank, Idinc : 1, 13, 11
 Thata, Phi : 90.000000, 10.000000
 Maximun iteration: 300
 Number of recycle truncation: 30
 Final matrix dimension:  36708
 Residual error:0.001000
 0  5.405628e-01
 1  2.759547e-01
 2  1.728160e-01
 3  1.230006e-01
 4  8.810941e-02
 5  6.667571e-02
 6  5.121286e-02
 7  3.962931e-02
 8  3.068104e-02
 9  2.448188e-02
 10  1.918395e-02
 11  1.487502e-02
 12  1.156757e-02
 13  9.273700e-03
 14  7.568525e-03
 15  6.276078e-03
 16  5.321359e-03
 17  4.446894e-03
 18  3.824322e-03
 19  3.311457e-03
 20  2.895257e-03
 21  2.510928e-03
 22  2.243873e-03
 23  1.990176e-03
 24  1.822284e-03
 25  1.680547e-03
 26  1.551171e-03
 27  1.419997e-03
 28  1.301216e-03
 29  1.182448e-03
 30  1.057619e-03
 31  9.317907e-04
 Iteration CPU time: 7 s
 CFIE residual: 0.000931791

 Iseg, Irank, Idinc : 1, 14, 178
 Thata, Phi : 90.000000, 177.000000
 Maximun iteration: 300
 Number of recycle truncation: 30
 Final matrix dimension:  36708
 Residual error:0.001000
 0  5.584233e-01
 1  3.003517e-01
 2  1.914712e-01
 3  1.357585e-01
 4  1.065158e-01
 5  8.218455e-02
 6  6.707053e-02
 7  5.523798e-02
 8  4.511420e-02
 9  3.532206e-02
 10  2.794276e-02
 11  2.234714e-02
 12  1.773442e-02
 13  1.396573e-02
 14  1.107296e-02
 15  8.728813e-03
 16  6.912159e-03
 17  5.721582e-03
 18  4.630723e-03
 19  3.822181e-03
 20  3.125846e-03
 21  2.564461e-03
 22  2.207949e-03
 23  1.940761e-03
 24  1.681134e-03
 25  1.472702e-03
 26  1.317515e-03
 27  1.182209e-03
 28  1.077067e-03
 29  9.800886e-04
 Iteration CPU time: 7 s
 CFIE residual: 0.000980089

 Iseg, Irank, Idinc : 1, 15, 98
 Thata, Phi : 90.000000, 97.000000
 Maximun iteration: 300
 Number of recycle truncation: 30
 Final matrix dimension:  36708
 Residual error:0.001000
 0  6.187940e-01
 1  3.547032e-01
 2  2.236222e-01
 3  1.496890e-01
 4  1.066448e-01
 5  8.081730e-02
 6  6.215591e-02
 7  4.956304e-02
 8  3.922592e-02
 9  3.140334e-02
 10  2.514065e-02
 11  2.014478e-02
 12  1.625765e-02
 13  1.351277e-02
 14  1.142002e-02
 15  9.600647e-03
 16  8.202756e-03
 17  7.222368e-03
 18  6.461046e-03
 19  5.859486e-03
 20  5.358090e-03
 21  4.870948e-03
 22  4.400296e-03
 23  3.990413e-03
 24  3.610477e-03
 25  3.186449e-03
 26  2.789012e-03
 27  2.411456e-03
 28  2.014820e-03
 29  1.635459e-03
 30  1.302590e-03
 31  1.018935e-03
 32  7.696657e-04
 Iteration CPU time: 7 s
 CFIE residual: 0.000769666

 Iseg, Irank, Idinc : 1, 16, 81
 Thata, Phi : 90.000000, 80.000000
 Maximun iteration: 300
 Number of recycle truncation: 30
 Final matrix dimension:  36708
 Residual error:0.001000
 0  6.269803e-01
 1  3.595502e-01
 2  2.330760e-01
 3  1.531445e-01
 4  1.095361e-01
 5  8.567770e-02
 6  6.547189e-02
 7  5.272397e-02
 8  4.211074e-02
 9  3.365452e-02
 10  2.686439e-02
 11  2.113555e-02
 12  1.697314e-02
 13  1.408080e-02
 14  1.211773e-02
 15  1.060476e-02
 16  9.352123e-03
 17  8.365440e-03
 18  7.587703e-03
 19  6.900196e-03
 20  6.260759e-03
 21  5.742132e-03
 22  5.183215e-03
 23  4.620147e-03
 24  3.995517e-03
 25  3.445940e-03
 26  2.939157e-03
 27  2.475956e-03
 28  2.048411e-03
 29  1.627250e-03
 30  1.302490e-03
 31  1.018633e-03
 32  7.956986e-04
 Iteration CPU time: 8 s
 CFIE residual: 0.000795699

 Iseg, Irank, Idinc : 1, 17, 138
 Thata, Phi : 90.000000, 137.000000
 Maximun iteration: 300
 Number of recycle truncation: 30
 Final matrix dimension:  36708
 Residual error:0.001000
 0  6.970341e-01
 1  3.576689e-01
 2  2.225155e-01
 3  1.532990e-01
 4  1.112403e-01
 5  8.452786e-02
 6  6.403049e-02
 7  5.062717e-02
 8  4.167231e-02
 9  3.332540e-02
 10  2.690676e-02
 11  2.235478e-02
 12  1.822929e-02
 13  1.454748e-02
 14  1.164997e-02
 15  9.442241e-03
 16  7.766906e-03
 17  6.495786e-03
 18  5.462984e-03
 19  4.663486e-03
 20  4.135902e-03
 21  3.686160e-03
 22  3.378755e-03
 23  3.054587e-03
 24  2.782299e-03
 25  2.557120e-03
 26  2.314055e-03
 27  2.066957e-03
 28  1.808967e-03
 29  1.578822e-03
 30  1.345891e-03
 31  1.116494e-03
 32  8.909846e-04
 Iteration CPU time: 7 s
 CFIE residual: 0.000890985

 Iseg, Irank, Idinc : 1, 18, 1
 Thata, Phi : 90.000000, 0.000000
 Maximun iteration: 300
 Number of recycle truncation: 30
 Final matrix dimension:  36708
 Residual error:0.001000
 0  5.069227e-01
 1  2.680066e-01
 2  1.737463e-01
 3  1.207211e-01
 4  8.586314e-02
 5  6.432753e-02
 6  4.951449e-02
 7  3.802299e-02
 8  2.930824e-02
 9  2.265158e-02
 10  1.730585e-02
 11  1.353186e-02
 12  1.112918e-02
 13  8.782313e-03
 14  7.198913e-03
 15  5.683871e-03
 16  4.648938e-03
 17  3.840708e-03
 18  3.298136e-03
 19  2.854589e-03
 20  2.511114e-03
 21  2.238994e-03
 22  1.996208e-03
 23  1.749554e-03
 24  1.580998e-03
 25  1.455317e-03
 26  1.349503e-03
 27  1.242229e-03
 28  1.113980e-03
 29  9.906383e-04
 Iteration CPU time: 7 s
 CFIE residual: 0.000990638

 Iseg, Irank, Idinc : 1, 19, 168
 Thata, Phi : 90.000000, 167.000000
 Maximun iteration: 300
 Number of recycle truncation: 30
 Final matrix dimension:  36708
 Residual error:0.001000
 0  5.759321e-01
 1  3.018922e-01
 2  1.890245e-01
 3  1.348672e-01
 4  1.054868e-01
 5  8.383856e-02
 6  6.895881e-02
 7  5.605646e-02
 8  4.673451e-02
 9  3.897281e-02
 10  3.286094e-02
 11  2.712439e-02
 12  2.233584e-02
 13  1.782338e-02
 14  1.462893e-02
 15  1.184380e-02
 16  9.671924e-03
 17  7.863983e-03
 18  6.373429e-03
 19  5.100947e-03
 20  4.177472e-03
 21  3.431729e-03
 22  2.914170e-03
 23  2.479522e-03
 24  2.140648e-03
 25  1.840249e-03
 26  1.595752e-03
 27  1.439647e-03
 28  1.320701e-03
 29  1.214857e-03
 30  1.118345e-03
 31  1.015359e-03
 32  8.975138e-04
 Iteration CPU time: 8 s
 CFIE residual: 0.000897514

 Iseg, Irank, Idinc : 1, 20, 153
 Thata, Phi : 90.000000, 152.000000
 Maximun iteration: 300
 Number of recycle truncation: 30
 Final matrix dimension:  36708
 Residual error:0.001000
 0  6.305290e-01
 1  3.300422e-01
 2  2.003147e-01
 3  1.376621e-01
 4  1.022780e-01
 5  8.013894e-02
 6  6.379212e-02
 7  5.083044e-02
 8  4.314347e-02
 9  3.613391e-02
 10  3.061369e-02
 11  2.560225e-02
 12  2.058847e-02
 13  1.623805e-02
 14  1.323508e-02
 15  1.075042e-02
 16  8.692373e-03
 17  7.126709e-03
 18  5.874842e-03
 19  4.806440e-03
 20  4.033538e-03
 21  3.385592e-03
 22  2.939557e-03
 23  2.610598e-03
 24  2.320145e-03
 25  2.092049e-03
 26  1.909293e-03
 27  1.724689e-03
 28  1.549162e-03
 29  1.387164e-03
 30  1.223409e-03
 31  1.026992e-03
 32  8.407124e-04
 Iteration CPU time: 7 s
 CFIE residual: 0.000840712

 Iseg, Irank, Idinc : 1, 21, 104
 Thata, Phi : 90.000000, 103.000000
 Maximun iteration: 300
 Number of recycle truncation: 30
 Final matrix dimension:  36708
 Residual error:0.001000
 0  6.204050e-01
 1  3.560588e-01
 2  2.243405e-01
 3  1.519992e-01
 4  1.061080e-01
 5  7.982052e-02
 6  6.220073e-02
 7  4.825004e-02
 8  3.789188e-02
 9  3.080776e-02
 10  2.489635e-02
 11  1.981442e-02
 12  1.587059e-02
 13  1.305338e-02
 14  1.078338e-02
 15  9.070104e-03
 16  7.616850e-03
 17  6.684637e-03
 18  5.908352e-03
 19  5.294990e-03
 20  4.786608e-03
 21  4.383886e-03
 22  3.947136e-03
 23  3.559392e-03
 24  3.216845e-03
 25  2.868197e-03
 26  2.535732e-03
 27  2.224758e-03
 28  1.895680e-03
 29  1.553204e-03
 30  1.264439e-03
 31  1.001994e-03
 32  7.705819e-04
 Iteration CPU time: 8 s
 CFIE residual: 0.000770582

 Iseg, Irank, Idinc : 1, 22, 181
 Thata, Phi : 90.000000, 180.000000
 Maximun iteration: 300
 Number of recycle truncation: 30
 Final matrix dimension:  36708
 Residual error:0.001000
 0  5.571809e-01
 1  3.003513e-01
 2  1.914712e-01
 3  1.356106e-01
 4  1.062398e-01
 5  8.161209e-02
 6  6.651626e-02
 7  5.479154e-02
 8  4.458536e-02
 9  3.463225e-02
 10  2.709305e-02
 11  2.140106e-02
 12  1.628527e-02
 13  1.257245e-02
 14  9.766899e-03
 15  7.542963e-03
 16  5.850995e-03
 17  4.738303e-03
 18  3.837751e-03
 19  3.051292e-03
 20  2.544341e-03
 21  2.205321e-03
 22  1.906730e-03
 23  1.672696e-03
 24  1.473913e-03
 25  1.322099e-03
 26  1.215138e-03
 27  1.102506e-03
 28  1.004155e-03
 29  9.029502e-04
 Iteration CPU time: 7 s
 CFIE residual: 0.00090295

 Iseg, Irank, Idinc : 1, 23, 6
 Thata, Phi : 90.000000, 5.000000
 Maximun iteration: 300
 Number of recycle truncation: 30
 Final matrix dimension:  36708
 Residual error:0.001000
 0  5.166835e-01
 1  2.704557e-01
 2  1.733864e-01
 3  1.217668e-01
 4  8.748060e-02
 5  6.623763e-02
 6  5.063340e-02
 7  3.825041e-02
 8  2.917145e-02
 9  2.336371e-02
 10  1.853528e-02
 11  1.460581e-02
 12  1.148192e-02
 13  9.147181e-03
 14  7.626300e-03
 15  6.247296e-03
 16  5.205149e-03
 17  4.347393e-03
 18  3.695793e-03
 19  3.215837e-03
 20  2.820312e-03
 21  2.461229e-03
 22  2.195125e-03
 23  1.925796e-03
 24  1.741987e-03
 25  1.592813e-03
 26  1.478554e-03
 27  1.360961e-03
 28  1.254509e-03
 29  1.124637e-03
 30  9.943222e-04
 Iteration CPU time: 7 s
 CFIE residual: 0.000994322

 Iseg, Irank, Idinc : 1, 24, 59
 Thata, Phi : 90.000000, 58.000000
 Maximun iteration: 300
 Number of recycle truncation: 30
 Final matrix dimension:  36708
 Residual error:0.001000
 0  6.626819e-01
 1  3.468673e-01
 2  2.160548e-01
 3  1.372619e-01
 4  9.779544e-02
 5  7.215882e-02
 6  5.603295e-02
 7  4.439121e-02
 8  3.541287e-02
 9  2.732323e-02
 10  2.096499e-02
 11  1.693478e-02
 12  1.383853e-02
 13  1.153814e-02
 14  9.786707e-03
 15  8.520132e-03
 16  7.652740e-03
 17  6.959653e-03
 18  6.363968e-03
 19  5.746868e-03
 20  5.202002e-03
 21  4.681164e-03
 22  4.081147e-03
 23  3.548218e-03
 24  3.017655e-03
 25  2.484841e-03
 26  2.026936e-03
 27  1.632918e-03
 28  1.303638e-03
 29  1.035927e-03
 30  8.057943e-04
 Iteration CPU time: 7 s
 CFIE residual: 0.000805794

 Iseg, Irank, Idinc : 1, 25, 17
 Thata, Phi : 90.000000, 16.000000
 Maximun iteration: 300
 Number of recycle truncation: 30
 Final matrix dimension:  36708
 Residual error:0.001000
 0  5.788432e-01
 1  2.839521e-01
 2  1.698388e-01
 3  1.194865e-01
 4  8.479967e-02
 5  6.366850e-02
 6  4.935908e-02
 7  3.863947e-02
 8  3.024435e-02
 9  2.377929e-02
 10  1.847628e-02
 11  1.478025e-02
 12  1.152426e-02
 13  9.223333e-03
 14  7.501755e-03
 15  6.390055e-03
 16  5.399813e-03
 17  4.554416e-03
 18  3.889374e-03
 19  3.312836e-03
 20  2.900440e-03
 21  2.511624e-03
 22  2.259936e-03
 23  2.034494e-03
 24  1.873350e-03
 25  1.723877e-03
 26  1.581811e-03
 27  1.440992e-03
 28  1.303410e-03
 29  1.178900e-03
 30  1.043276e-03
 31  9.080645e-04
 Iteration CPU time: 8 s
 CFIE residual: 0.000908064

 Iseg, Irank, Idinc : 1, 26, 173
 Thata, Phi : 90.000000, 172.000000
 Maximun iteration: 300
 Number of recycle truncation: 30
 Final matrix dimension:  36708
 Residual error:0.001000
 0  5.648987e-01
 1  3.004946e-01
 2  1.910325e-01
 3  1.361061e-01
 4  1.071201e-01
 5  8.383065e-02
 6  6.884174e-02
 7  5.632850e-02
 8  4.657492e-02
 9  3.769350e-02
 10  3.093711e-02
 11  2.538428e-02
 12  2.082482e-02
 13  1.662238e-02
 14  1.357099e-02
 15  1.104538e-02
 16  9.070244e-03
 17  7.329904e-03
 18  5.866903e-03
 19  4.752894e-03
 20  3.875304e-03
 21  3.152824e-03
 22  2.690050e-03
 23  2.304924e-03
 24  1.979946e-03
 25  1.705334e-03
 26  1.480577e-03
 27  1.323380e-03
 28  1.206237e-03
 29  1.104664e-03
 30  1.021442e-03
 31  9.276599e-04
 Iteration CPU time: 7 s
 CFIE residual: 0.00092766

 Iseg, Irank, Idinc : 1, 27, 115
 Thata, Phi : 90.000000, 114.000000
 Maximun iteration: 300
 Number of recycle truncation: 30
 Final matrix dimension:  36708
 Residual error:0.001000
 0  6.468260e-01
 1  3.518871e-01
 2  2.228766e-01
 3  1.553348e-01
 4  1.097669e-01
 5  8.208277e-02
 6  6.270518e-02
 7  4.851945e-02
 8  3.790750e-02
 9  3.017301e-02
 10  2.348253e-02
 11  1.847945e-02
 12  1.514274e-02
 13  1.262406e-02
 14  1.045900e-02
 15  8.667024e-03
 16  7.385577e-03
 17  6.403474e-03
 18  5.563117e-03
 19  4.887631e-03
 20  4.384398e-03
 21  3.930701e-03
 22  3.578006e-03
 23  3.216283e-03
 24  2.926022e-03
 25  2.618077e-03
 26  2.352531e-03
 27  2.056690e-03
 28  1.766520e-03
 29  1.492822e-03
 30  1.204454e-03
 31  9.398760e-04
 Iteration CPU time: 7 s
 CFIE residual: 0.000939876

 Iseg, Irank, Idinc : 1, 28, 37
 Thata, Phi : 90.000000, 36.000000
 Maximun iteration: 300
 Number of recycle truncation: 30
 Final matrix dimension:  36708
 Residual error:0.001000
 0  6.223973e-01
 1  3.126914e-01
 2  1.932394e-01
 3  1.230966e-01
 4  8.422242e-02
 5  6.185904e-02
 6  4.540502e-02
 7  3.430686e-02
 8  2.635466e-02
 9  2.042813e-02
 10  1.616730e-02
 11  1.300072e-02
 12  1.041368e-02
 13  8.620648e-03
 14  7.148246e-03
 15  6.127942e-03
 16  5.305104e-03
 17  4.605917e-03
 18  4.141835e-03
 19  3.698197e-03
 20  3.321914e-03
 21  3.012970e-03
 22  2.766439e-03
 23  2.503413e-03
 24  2.232907e-03
 25  1.979451e-03
 26  1.709712e-03
 27  1.459319e-03
 28  1.215615e-03
 29  1.008252e-03
 30  8.302713e-04
 Iteration CPU time: 7 s
 CFIE residual: 0.000830271

 Iseg, Irank, Idinc : 1, 29, 70
 Thata, Phi : 90.000000, 69.000000
 Maximun iteration: 300
 Number of recycle truncation: 30
 Final matrix dimension:  36708
 Residual error:0.001000
 0  6.553349e-01
 1  3.690528e-01
 2  2.360940e-01
 3  1.519405e-01
 4  1.092193e-01
 5  8.296253e-02
 6  6.404792e-02
 7  5.089032e-02
 8  4.096529e-02
 9  3.396790e-02
 10  2.682298e-02
 11  2.124257e-02
 12  1.713875e-02
 13  1.442960e-02
 14  1.236095e-02
 15  1.101565e-02
 16  9.884691e-03
 17  8.953323e-03
 18  8.142456e-03
 19  7.341491e-03
 20  6.728088e-03
 21  6.075053e-03
 22  5.456240e-03
 23  4.822573e-03
 24  4.159906e-03
 25  3.508648e-03
 26  2.928889e-03
 27  2.404840e-03
 28  1.916774e-03
 29  1.528079e-03
 30  1.193907e-03
 31  9.289549e-04
 Iteration CPU time: 8 s
 CFIE residual: 0.000928955

 Iseg, Irank, Idinc : 1, 30, 163
 Thata, Phi : 90.000000, 162.000000
 Maximun iteration: 300
 Number of recycle truncation: 30
 Final matrix dimension:  36708
 Residual error:0.001000
 0  5.924647e-01
 1  3.063965e-01
 2  1.876808e-01
 3  1.320196e-01
 4  1.020766e-01
 5  8.209745e-02
 6  6.674730e-02
 7  5.395674e-02
 8  4.552187e-02
 9  3.892756e-02
 10  3.290293e-02
 11  2.740782e-02
 12  2.245400e-02
 13  1.807860e-02
 14  1.470945e-02
 15  1.187761e-02
 16  9.613589e-03
 17  7.965891e-03
 18  6.519016e-03
 19  5.180527e-03
 20  4.297179e-03
 21  3.566480e-03
 22  3.017975e-03
 23  2.595444e-03
 24  2.262951e-03
 25  1.952586e-03
 26  1.747023e-03
 27  1.597657e-03
 28  1.470738e-03
 29  1.348058e-03
 30  1.226202e-03
 31  1.110024e-03
 32  9.706472e-04
 Iteration CPU time: 7 s
 CFIE residual: 0.000970647

 Iseg, Irank, Idinc : 1, 31, 3
 Thata, Phi : 90.000000, 2.000000
 Maximun iteration: 300
 Number of recycle truncation: 30
 Final matrix dimension:  36708
 Residual error:0.001000
 0  5.085881e-01
 1  2.684299e-01
 2  1.736690e-01
 3  1.208848e-01
 4  8.616352e-02
 5  6.474846e-02
 6  4.975929e-02
 7  3.796110e-02
 8  2.917294e-02
 9  2.267689e-02
 10  1.756491e-02
 11  1.402104e-02
 12  1.134841e-02
 13  8.927812e-03
 14  7.377561e-03
 15  6.022671e-03
 16  5.032081e-03
 17  4.193524e-03
 18  3.560127e-03
 19  3.094805e-03
 20  2.715031e-03
 21  2.401679e-03
 22  2.138327e-03
 23  1.870297e-03
 24  1.677309e-03
 25  1.533259e-03
 26  1.418019e-03
 27  1.306742e-03
 28  1.191588e-03
 29  1.064085e-03
 30  9.214650e-04
 Iteration CPU time: 7 s
 CFIE residual: 0.000921465

 Iseg, Irank, Idinc : 1, 32, 126
 Thata, Phi : 90.000000, 125.000000
 Maximun iteration: 300
 Number of recycle truncation: 30
 Final matrix dimension:  36708
 Residual error:0.001000
 0  6.606888e-01
 1  3.484919e-01
 2  2.295591e-01
 3  1.578983e-01
 4  1.126074e-01
 5  8.628984e-02
 6  6.591136e-02
 7  5.124420e-02
 8  3.981388e-02
 9  3.113248e-02
 10  2.449581e-02
 11  1.956691e-02
 12  1.562030e-02
 13  1.280112e-02
 14  1.056232e-02
 15  9.071114e-03
 16  7.670167e-03
 17  6.617901e-03
 18  5.782793e-03
 19  5.074928e-03
 20  4.516654e-03
 21  4.089563e-03
 22  3.733986e-03
 23  3.409601e-03
 24  3.052902e-03
 25  2.760454e-03
 26  2.496206e-03
 27  2.251964e-03
 28  2.011723e-03
 29  1.775462e-03
 30  1.514168e-03
 31  1.260679e-03
 32  1.029102e-03
 33  8.320284e-04
 Iteration CPU time: 8 s
 CFIE residual: 0.000832028

 Iseg, Irank, Idinc : 1, 33, 47
 Thata, Phi : 90.000000, 46.000000
 Maximun iteration: 300
 Number of recycle truncation: 30
 Final matrix dimension:  36708
 Residual error:0.001000
 0  6.343925e-01
 1  3.232752e-01
 2  2.040586e-01
 3  1.343720e-01
 4  9.514688e-02
 5  7.047055e-02
 6  5.289627e-02
 7  4.070943e-02
 8  3.112203e-02
 9  2.422427e-02
 10  1.887690e-02
 11  1.480243e-02
 12  1.197424e-02
 13  9.905757e-03
 14  8.328906e-03
 15  7.161275e-03
 16  6.399764e-03
 17  5.733067e-03
 18  5.205448e-03
 19  4.771217e-03
 20  4.338563e-03
 21  3.827582e-03
 22  3.449398e-03
 23  2.999905e-03
 24  2.538964e-03
 25  2.140602e-03
 26  1.778628e-03
 27  1.460885e-03
 28  1.191308e-03
 29  9.609965e-04
 Iteration CPU time: 7 s
 CFIE residual: 0.000960996

 Iseg, Irank, Idinc : 1, 34, 93
 Thata, Phi : 90.000000, 92.000000
 Maximun iteration: 300
 Number of recycle truncation: 30
 Final matrix dimension:  36708
 Residual error:0.001000
 0  6.207942e-01
 1  3.573473e-01
 2  2.273540e-01
 3  1.517053e-01
 4  1.090280e-01
 5  8.500403e-02
 6  6.672493e-02
 7  5.289799e-02
 8  4.234775e-02
 9  3.424419e-02
 10  2.705552e-02
 11  2.179197e-02
 12  1.760810e-02
 13  1.433275e-02
 14  1.219823e-02
 15  1.034472e-02
 16  8.921624e-03
 17  7.848839e-03
 18  7.079832e-03
 19  6.417282e-03
 20  5.894126e-03
 21  5.371211e-03
 22  4.860404e-03
 23  4.347219e-03
 24  3.859823e-03
 25  3.365593e-03
 26  2.891927e-03
 27  2.478500e-03
 28  2.024592e-03
 29  1.574119e-03
 30  1.206267e-03
 31  9.199318e-04
 Iteration CPU time: 7 s
 CFIE residual: 0.000919932

 Iseg, Irank, Idinc : 1, 35, 180
 Thata, Phi : 90.000000, 179.000000
 Maximun iteration: 300
 Number of recycle truncation: 30
 Final matrix dimension:  36708
 Residual error:0.001000
 0  5.573347e-01
 1  3.003536e-01
 2  1.914744e-01
 3  1.356312e-01
 4  1.062757e-01
 5  8.168367e-02
 6  6.658557e-02
 7  5.485344e-02
 8  4.465989e-02
 9  3.472357e-02
 10  2.720707e-02
 11  2.153769e-02
 12  1.655324e-02
 13  1.285368e-02
 14  1.003349e-02
 15  7.814093e-03
 16  6.073723e-03
 17  4.991925e-03
 18  4.088822e-03
 19  3.343385e-03
 20  2.727631e-03
 21  2.302876e-03
 22  1.999687e-03
 23  1.772487e-03
 24  1.552676e-03
 25  1.375944e-03
 26  1.251301e-03
 27  1.127706e-03
 28  1.029170e-03
 29  9.283382e-04
 Iteration CPU time: 7 s
 CFIE residual: 0.000928338

 Iseg, Irank, Idinc : 1, 36, 26
 Thata, Phi : 90.000000, 25.000000
 Maximun iteration: 300
 Number of recycle truncation: 30
 Final matrix dimension:  36708
 Residual error:0.001000
 0  6.295194e-01
 1  2.973170e-01
 2  1.673201e-01
 3  1.105333e-01
 4  7.786849e-02
 5  5.725269e-02
 6  4.304627e-02
 7  3.307710e-02
 8  2.588828e-02
 9  2.079962e-02
 10  1.651366e-02
 11  1.300524e-02
 12  1.057845e-02
 13  8.659939e-03
 14  7.236112e-03
 15  6.135496e-03
 16  5.305236e-03
 17  4.469693e-03
 18  3.881081e-03
 19  3.327163e-03
 20  2.909964e-03
 21  2.586657e-03
 22  2.355262e-03
 23  2.183989e-03
 24  2.023195e-03
 25  1.838047e-03
 26  1.663062e-03
 27  1.487599e-03
 28  1.309040e-03
 29  1.154181e-03
 30  9.785970e-04
 Iteration CPU time: 7 s
 CFIE residual: 0.000978597

 Iseg, Irank, Idinc : 1, 37, 142
 Thata, Phi : 90.000000, 141.000000
 Maximun iteration: 300
 Number of recycle truncation: 30
 Final matrix dimension:  36708
 Residual error:0.001000
 0  6.771236e-01
 1  3.526963e-01
 2  2.137576e-01
 3  1.485413e-01
 4  1.078666e-01
 5  8.251687e-02
 6  6.308815e-02
 7  5.026755e-02
 8  4.181254e-02
 9  3.430625e-02
 10  2.835435e-02
 11  2.371936e-02
 12  1.933203e-02
 13  1.553869e-02
 14  1.224985e-02
 15  1.005676e-02
 16  8.050538e-03
 17  6.722223e-03
 18  5.634776e-03
 19  4.654564e-03
 20  4.059202e-03
 21  3.560032e-03
 22  3.204344e-03
 23  2.869238e-03
 24  2.600019e-03
 25  2.410324e-03
 26  2.213570e-03
 27  2.010624e-03
 28  1.752691e-03
 29  1.526455e-03
 30  1.322808e-03
 31  1.102873e-03
 32  8.983978e-04
 Iteration CPU time: 8 s
 CFIE residual: 0.000898398

 Iseg, Irank, Idinc : 1, 38, 85
 Thata, Phi : 90.000000, 84.000000
 Maximun iteration: 300
 Number of recycle truncation: 30
 Final matrix dimension:  36708
 Residual error:0.001000
 0  6.226681e-01
 1  3.555625e-01
 2  2.305527e-01
 3  1.571138e-01
 4  1.126138e-01
 5  8.782740e-02
 6  6.778004e-02
 7  5.404164e-02
 8  4.321674e-02
 9  3.514126e-02
 10  2.784404e-02
 11  2.146350e-02
 12  1.704579e-02
 13  1.400792e-02
 14  1.188803e-02
 15  1.034682e-02
 16  9.135215e-03
 17  8.174868e-03
 18  7.423240e-03
 19  6.756521e-03
 20  6.199145e-03
 21  5.662620e-03
 22  5.118729e-03
 23  4.504348e-03
 24  3.900597e-03
 25  3.341805e-03
 26  2.843878e-03
 27  2.388832e-03
 28  1.980529e-03
 29  1.577066e-03
 30  1.247030e-03
 31  9.928131e-04
 Iteration CPU time: 7 s
 CFIE residual: 0.000992813

 Iseg, Irank, Idinc : 1, 39, 175
 Thata, Phi : 90.000000, 174.000000
 Maximun iteration: 300
 Number of recycle truncation: 30
 Final matrix dimension:  36708
 Residual error:0.001000
 0  5.617522e-01
 1  3.003787e-01
 2  1.913437e-01
 3  1.360458e-01
 4  1.070226e-01
 5  8.328953e-02
 6  6.820173e-02
 7  5.597529e-02
 8  4.605808e-02
 9  3.672773e-02
 10  2.964166e-02
 11  2.407629e-02
 12  1.959024e-02
 13  1.556557e-02
 14  1.263692e-02
 15  1.021653e-02
 16  8.321512e-03
 17  6.758650e-03
 18  5.438698e-03
 19  4.453671e-03
 20  3.629046e-03
 21  2.948036e-03
 22  2.520295e-03
 23  2.180139e-03
 24  1.876559e-03
 25  1.624204e-03
 26  1.422491e-03
 27  1.270442e-03
 28  1.156414e-03
 29  1.057082e-03
 30  9.759982e-04
 Iteration CPU time: 7 s
 CFIE residual: 0.000975998
 Last Built End in Sep 21 2025 00:06:12
 Total CPU time: 302 s
 Finished.
