 Last Built Begin in Sep 21 2025 00:06:12
 Pre-Type( Input ):           10
 Skl-Tol ( Input ):    1.0000000000000001E-005
 Wavelength in freespace: 0.0309598

 ################################################
 ##         Generating Required Mesh          ##
 ##         Waiting.....                      ##
 ################################################
 Subd No.      Subd Name
    1    Open-Duct_PRIME_model_meshAA1                                     
 isub,  nnode, npatch,  nedge:
    1      6118     12236     18354
 Scale Factor         >>   1.54999997E-02
 ################################################

 START TIME: 20250922   024417.849


 Informaton for IE geometry:
 number of subdomains     : 1
 maxnode,maxpatch,maxedge : 6118  12236  18354
 
 Index of Mat-Reg: 1
 Mat-Reg Number via MatFlg: 1
 Edge Number of Mat-Reg: 1, 18354

 Number of Edge on PEC: 18354
 Mat-Reg: No Dim(m) Lmax:
    1 0.232    5
 Totlmax, add1, add2:           5           6           7
 rlengmax of Global MLFMA >>   0.23159348541030622     
 Lmax of Global MLFMA >>            5
 Wavenum of Mat-Reg:
    1 1.000

 total area in sq m           =      0.0510
 total area in sq lambda      =     53.1764
 maxnode, maxpatch, maxedge           =     6118    12236    18354
 longest  edge in lambda              =      0.1508
 shortest edge in lambda              =      0.0072
 average  edge in lambda              =      0.1007
 largest  patch area in sq lambda     =      0.0077
 smallest patch area in sq lambda     =      0.0000
 ave    surface area in sq lambda     =      0.0043
 size range of the object in sq lambda =      7.4110

 #### MLFMA Info For Each Region ####
 Mat-Region =            1
 Array dimension parameters:
 maxrule=          14   maxgrid  =          64
 lmax   =           5   ncmax    =        1250
 lsmax  =          26   lsmin    =           6
 kpm    =        1356   kp0      =          76
 ntlm   =      204640   nsm      =      205900
 nkpm   =        2152   niplm    =      137728
 ngnearm=       14257   ngsndm   =       64634
 nearm  =         333   mfinestm =         119
 ###############################

 CFIE Alpha:  0.50000000000000000     

 Fill MLFMA FI for Mat-Reg:           1
 Begin filltl.f
 fill translation matrix
 Level:            2
 fill shifting matrix
 Level:            3
 fill shifting matrix
 Level:            4
 fill shifting matrix
 Level:            5
 fill shifting matrix
 translator time(s):  0.116000004    
 fill interpolation matrix
 ThetaOrder            8
 PhiOrder            8
 lsl            6
 Filling TL                  Delta_CPU=          0.52 Memory(MB)=        586.87
 Filling sndgrp              Delta_CPU=          0.00 Memory(MB)=        586.87
 Filling VFS                 Delta_CPU=          2.42 Memory(MB)=        586.87

 Fill MLFMA NI for Mat-Reg:           1
 Begin fill sparser part of Nearfield
 Begin fill denser part of Nearfield
 End fill
 Filling Amn                 Delta_CPU=         90.27 Memory(MB)=        586.87


 Now testing preconditioner with
 ipretype =           10
 method = cfie_solve_nfrasspspre_pardiso

  
 NBP>>Begin fill sparser part of Nearfield

116.8574% NBP>>Begin fill denser part of Nearfield

200.1041%
 Begin MLFMA Box-Matrix Based Spar-RAS Prec Constructor
 --- Intel MKL PARDISO --- 
 Memory for iGroup: 1 0 MB
 Total Memory For SparRAS Pre: 0 MB
 --- PARDISO PRECONDITIONER INITIALIZED --- 
 Constructing preconditioner CPU time: 4 s
 
 1101240
 Memory for Iteration:: 16.8036 MB

 Iseg, Ninc_S : 1, 181, 0

 Iseg, Skeleton Angles: 1, 38
 Iseg, Skel-Pk Mem(MB): 1, 314.35

 Iseg, Irank, Idinc : 1, 1, 22
 Thata, Phi : 90.000000, 21.000000
 Maximun iteration: 300
 Number of recycle truncation: 30
 Final matrix dimension:  36708
 Residual error:0.001000
 0  6.099320e-01
 1  2.909894e-01
 2  1.658985e-01
 3  1.139122e-01
 4  8.061024e-02
 5  5.943763e-02
 6  4.552892e-02
 7  3.579725e-02
 8  2.814475e-02
 9  2.237182e-02
 10  1.736443e-02
 11  1.381905e-02
 12  1.110945e-02
 13  8.984831e-03
 14  7.428702e-03
 15  6.346670e-03
 16  5.377545e-03
 17  4.541416e-03
 18  3.925161e-03
 19  3.362118e-03
 20  2.907248e-03
 21  2.593939e-03
 22  2.345720e-03
 23  2.157450e-03
 24  1.978403e-03
 25  1.790403e-03
 26  1.593297e-03
 27  1.411261e-03
 28  1.225153e-03
 29  1.064283e-03
 30  9.079154e-04
 Iteration CPU time: 7 s
 CFIE residual: 0.000907915

 Iseg, Irank, Idinc : 1, 2, 42
 Thata, Phi : 90.000000, 41.000000
 Maximun iteration: 300
 Number of recycle truncation: 30
 Final matrix dimension:  36708
 Residual error:0.001000
 0  6.256805e-01
 1  3.155018e-01
 2  2.004167e-01
 3  1.312281e-01
 4  9.014721e-02
 5  6.545734e-02
 6  4.835686e-02
 7  3.656481e-02
 8  2.808325e-02
 9  2.167918e-02
 10  1.690016e-02
 11  1.348410e-02
 12  1.096139e-02
 13  9.129134e-03
 14  7.671595e-03
 15  6.636141e-03
 16  5.878456e-03
 17  5.193373e-03
 18  4.727867e-03
 19  4.259259e-03
 20  3.792929e-03
 21  3.368085e-03
 22  3.013974e-03
 23  2.609862e-03
 24  2.183097e-03
 25  1.832429e-03
 26  1.520075e-03
 27  1.233831e-03
 28  9.746296e-04
 Iteration CPU time: 6 s
 CFIE residual: 0.00097463

 Iseg, Irank, Idinc : 1, 3, 109
 Thata, Phi : 90.000000, 108.000000
 Maximun iteration: 300
 Number of recycle truncation: 30
 Final matrix dimension:  36708
 Residual error:0.001000
 0  6.328532e-01
 1  3.580833e-01
 2  2.256572e-01
 3  1.547937e-01
 4  1.087334e-01
 5  8.164301e-02
 6  6.336582e-02
 7  4.876665e-02
 8  3.803496e-02
 9  3.066217e-02
 10  2.410939e-02
 11  1.903789e-02
 12  1.529853e-02
 13  1.259146e-02
 14  1.052469e-02
 15  8.787771e-03
 16  7.389734e-03
 17  6.450323e-03
 18  5.672250e-03
 19  5.022467e-03
 20  4.475626e-03
 21  4.050340e-03
 22  3.632905e-03
 23  3.239767e-03
 24  2.893240e-03
 25  2.544658e-03
 26  2.211185e-03
 27  1.866563e-03
 28  1.530512e-03
 29  1.224995e-03
 30  9.760276e-04
 Iteration CPU time: 7 s
 CFIE residual: 0.000976028

 Iseg, Irank, Idinc : 1, 4, 64
 Thata, Phi : 90.000000, 63.000000
 Maximun iteration: 300
 Number of recycle truncation: 30
 Final matrix dimension:  36708
 Residual error:0.001000
 0  6.657421e-01
 1  3.582107e-01
 2  2.230230e-01
 3  1.442550e-01
 4  1.047723e-01
 5  7.929784e-02
 6  6.062109e-02
 7  4.784206e-02
 8  3.796789e-02
 9  3.047005e-02
 10  2.402186e-02
 11  1.947482e-02
 12  1.572736e-02
 13  1.309195e-02
 14  1.109836e-02
 15  9.817049e-03
 16  8.809920e-03
 17  7.996737e-03
 18  7.302729e-03
 19  6.549049e-03
 20  5.851851e-03
 21  5.206070e-03
 22  4.501696e-03
 23  3.855123e-03
 24  3.207264e-03
 25  2.614017e-03
 26  2.104403e-03
 27  1.642855e-03
 28  1.274938e-03
 29  9.947809e-04
 Iteration CPU time: 7 s
 CFIE residual: 0.000994781

 Iseg, Irank, Idinc : 1, 5, 75
 Thata, Phi : 90.000000, 74.000000
 Maximun iteration: 300
 Number of recycle truncation: 30
 Final matrix dimension:  36708
 Residual error:0.001000
 0  6.424192e-01
 1  3.685331e-01
 2  2.393981e-01
 3  1.509063e-01
 4  1.056547e-01
 5  8.026346e-02
 6  6.285773e-02
 7  5.120890e-02
 8  4.040279e-02
 9  3.304895e-02
 10  2.616810e-02
 11  2.106509e-02
 12  1.721384e-02
 13  1.470552e-02
 14  1.276831e-02
 15  1.130584e-02
 16  1.013588e-02
 17  9.141141e-03
 18  8.281769e-03
 19  7.459094e-03
 20  6.764036e-03
 21  6.069862e-03
 22  5.360385e-03
 23  4.630530e-03
 24  3.962544e-03
 25  3.302404e-03
 26  2.761583e-03
 27  2.248749e-03
 28  1.838129e-03
 29  1.436168e-03
 30  1.148393e-03
 31  8.864812e-04
 Iteration CPU time: 7 s
 CFIE residual: 0.000886481

 Iseg, Irank, Idinc : 1, 6, 146
 Thata, Phi : 90.000000, 145.000000
 Maximun iteration: 300
 Number of recycle truncation: 30
 Final matrix dimension:  36708
 Residual error:0.001000
 0  6.538666e-01
 1  3.466286e-01
 2  2.085318e-01
 3  1.455276e-01
 4  1.052082e-01
 5  8.124219e-02
 6  6.339940e-02
 7  5.040987e-02
 8  4.221557e-02
 9  3.505383e-02
 10  2.922276e-02
 11  2.449006e-02
 12  2.008281e-02
 13  1.592428e-02
 14  1.261347e-02
 15  1.036368e-02
 16  8.206732e-03
 17  6.845734e-03
 18  5.745257e-03
 19  4.706517e-03
 20  4.033695e-03
 21  3.462941e-03
 22  3.047937e-03
 23  2.716903e-03
 24  2.418717e-03
 25  2.214944e-03
 26  2.025017e-03
 27  1.818029e-03
 28  1.576844e-03
 29  1.335953e-03
 30  1.129488e-03
 31  9.077909e-04
 Iteration CPU time: 7 s
 CFIE residual: 0.000907791

 Iseg, Irank, Idinc : 1, 7, 159
 Thata, Phi : 90.000000, 158.000000
 Maximun iteration: 300
 Number of recycle truncation: 30
 Final matrix dimension:  36708
 Residual error:0.001000
 0  6.080837e-01
 1  3.135926e-01
 2  1.903163e-01
 3  1.318971e-01
 4  1.004846e-01
 5  8.029332e-02
 6  6.442117e-02
 7  5.193361e-02
 8  4.437681e-02
 9  3.810803e-02
 10  3.182042e-02
 11  2.644177e-02
 12  2.122154e-02
 13  1.738609e-02
 14  1.409065e-02
 15  1.122599e-02
 16  8.989042e-03
 17  7.320557e-03
 18  6.081249e-03
 19  4.956951e-03
 20  4.120769e-03
 21  3.471679e-03
 22  3.012038e-03
 23  2.654655e-03
 24  2.366264e-03
 25  2.105160e-03
 26  1.888098e-03
 27  1.715369e-03
 28  1.551655e-03
 29  1.375026e-03
 30  1.212370e-03
 31  1.038140e-03
 32  8.879846e-04
 Iteration CPU time: 7 s
 CFIE residual: 0.000887985

 Iseg, Irank, Idinc : 1, 8, 132
 Thata, Phi : 90.000000, 131.000000
 Maximun iteration: 300
 Number of recycle truncation: 30
 Final matrix dimension:  36708
 Residual error:0.001000
 0  6.870670e-01
 1  3.603986e-01
 2  2.313018e-01
 3  1.572034e-01
 4  1.120980e-01
 5  8.628686e-02
 6  6.577707e-02
 7  5.105317e-02
 8  4.080198e-02
 9  3.228435e-02
 10  2.564107e-02
 11  2.039446e-02
 12  1.628623e-02
 13  1.337040e-02
 14  1.101755e-02
 15  9.044295e-03
 16  7.532929e-03
 17  6.444535e-03
 18  5.547614e-03
 19  4.852462e-03
 20  4.395739e-03
 21  3.985025e-03
 22  3.620346e-03
 23  3.303067e-03
 24  2.954345e-03
 25  2.625466e-03
 26  2.304750e-03
 27  2.006959e-03
 28  1.750461e-03
 29  1.505463e-03
 30  1.263415e-03
 31  1.026282e-03
 32  8.138548e-04
 Iteration CPU time: 7 s
 CFIE residual: 0.000813855

 Iseg, Irank, Idinc : 1, 9, 122
 Thata, Phi : 90.000000, 121.000000
 Maximun iteration: 300
 Number of recycle truncation: 30
 Final matrix dimension:  36708
 Residual error:0.001000
 0  6.544382e-01
 1  3.458885e-01
 2  2.266558e-01
 3  1.571772e-01
 4  1.113240e-01
 5  8.435869e-02
 6  6.461606e-02
 7  5.055887e-02
 8  3.871486e-02
 9  3.045636e-02
 10  2.372778e-02
 11  1.872045e-02
 12  1.518126e-02
 13  1.255035e-02
 14  1.045699e-02
 15  8.954516e-03
 16  7.682785e-03
 17  6.679601e-03
 18  5.896179e-03
 19  5.203338e-03
 20  4.583125e-03
 21  4.110432e-03
 22  3.721084e-03
 23  3.320886e-03
 24  2.945890e-03
 25  2.603596e-03
 26  2.317800e-03
 27  2.009708e-03
 28  1.741300e-03
 29  1.481195e-03
 30  1.196726e-03
 31  9.713597e-04
 Iteration CPU time: 7 s
 CFIE residual: 0.00097136

 Iseg, Irank, Idinc : 1, 10, 89
 Thata, Phi : 90.000000, 88.000000
 Maximun iteration: 300
 Number of recycle truncation: 30
 Final matrix dimension:  36708
 Residual error:0.001000
 0  6.221956e-01
 1  3.564046e-01
 2  2.297827e-01
 3  1.558563e-01
 4  1.117437e-01
 5  8.737699e-02
 6  6.816749e-02
 7  5.418057e-02
 8  4.364822e-02
 9  3.545794e-02
 10  2.824092e-02
 11  2.210772e-02
 12  1.768817e-02
 13  1.437357e-02
 14  1.224030e-02
 15  1.061574e-02
 16  9.321404e-03
 17  8.316373e-03
 18  7.564478e-03
 19  6.844451e-03
 20  6.242313e-03
 21  5.643670e-03
 22  5.000747e-03
 23  4.306490e-03
 24  3.703808e-03
 25  3.116242e-03
 26  2.586503e-03
 27  2.122034e-03
 28  1.739382e-03
 29  1.329913e-03
 30  1.022164e-03
 31  7.891858e-04
 Iteration CPU time: 7 s
 CFIE residual: 0.000789186

 Iseg, Irank, Idinc : 1, 11, 53
 Thata, Phi : 90.000000, 52.000000
 Maximun iteration: 300
 Number of recycle truncation: 30
 Final matrix dimension:  36708
 Residual error:0.001000
 0  6.463894e-01
 1  3.355039e-01
 2  2.077152e-01
 3  1.351441e-01
 4  9.657171e-02
 5  7.153308e-02
 6  5.488887e-02
 7  4.270487e-02
 8  3.303118e-02
 9  2.498304e-02
 10  1.993170e-02
 11  1.605361e-02
 12  1.312537e-02
 13  1.108831e-02
 14  9.545068e-03
 15  8.266599e-03
 16  7.452337e-03
 17  6.755024e-03
 18  6.075561e-03
 19  5.417806e-03
 20  4.835014e-03
 21  4.194219e-03
 22  3.688704e-03
 23  3.138387e-03
 24  2.598324e-03
 25  2.075554e-03
 26  1.660675e-03
 27  1.327440e-03
 28  1.060287e-03
 29  8.355443e-04
 Iteration CPU time: 7 s
 CFIE residual: 0.000835544

 Iseg, Irank, Idinc : 1, 12, 32
 Thata, Phi : 90.000000, 31.000000
 Maximun iteration: 300
 Number of recycle truncation: 30
 Final matrix dimension:  36708
 Residual error:0.001000
 0  6.325219e-01
 1  3.057655e-01
 2  1.798685e-01
 3  1.140556e-01
 4  8.037064e-02
 5  5.947051e-02
 6  4.379646e-02
 7  3.342775e-02
 8  2.562791e-02
 9  2.020284e-02
 10  1.639865e-02
 11  1.302985e-02
 12  1.038345e-02
 13  8.645413e-03
 14  7.162716e-03
 15  6.063182e-03
 16  5.344260e-03
 17  4.577225e-03
 18  4.087865e-03
 19  3.601688e-03
 20  3.176713e-03
 21  2.848086e-03
 22  2.598577e-03
 23  2.372191e-03
 24  2.130648e-03
 25  1.876767e-03
 26  1.612054e-03
 27  1.399220e-03
 28  1.165608e-03
 29  9.720680e-04
 Iteration CPU time: 7 s
 CFIE residual: 0.000972068

 Iseg, Irank, Idinc : 1, 13, 11
 Thata, Phi : 90.000000, 10.000000
 Maximun iteration: 300
 Number of recycle truncation: 30
 Final matrix dimension:  36708
 Residual error:0.001000
 0  5.393626e-01
 1  2.755568e-01
 2  1.725105e-01
 3  1.229335e-01
 4  8.814332e-02
 5  6.685598e-02
 6  5.124228e-02
 7  3.968684e-02
 8  3.064273e-02
 9  2.441683e-02
 10  1.921386e-02
 11  1.486640e-02
 12  1.155331e-02
 13  9.266867e-03
 14  7.566174e-03
 15  6.308092e-03
 16  5.383965e-03
 17  4.494667e-03
 18  3.890429e-03
 19  3.388918e-03
 20  2.968675e-03
 21  2.575467e-03
 22  2.316006e-03
 23  2.064782e-03
 24  1.871737e-03
 25  1.715766e-03
 26  1.567010e-03
 27  1.423636e-03
 28  1.271525e-03
 29  1.131203e-03
 30  9.865136e-04
 Iteration CPU time: 6 s
 CFIE residual: 0.000986514

 Iseg, Irank, Idinc : 1, 14, 178
 Thata, Phi : 90.000000, 177.000000
 Maximun iteration: 300
 Number of recycle truncation: 30
 Final matrix dimension:  36708
 Residual error:0.001000
 0  5.567631e-01
 1  3.005094e-01
 2  1.914389e-01
 3  1.360154e-01
 4  1.065169e-01
 5  8.227563e-02
 6  6.722338e-02
 7  5.518863e-02
 8  4.484914e-02
 9  3.522518e-02
 10  2.782694e-02
 11  2.207191e-02
 12  1.738527e-02
 13  1.368346e-02
 14  1.076849e-02
 15  8.465316e-03
 16  6.763412e-03
 17  5.604773e-03
 18  4.575773e-03
 19  3.792208e-03
 20  3.156874e-03
 21  2.618024e-03
 22  2.271508e-03
 23  2.013664e-03
 24  1.765273e-03
 25  1.560640e-03
 26  1.408470e-03
 27  1.271741e-03
 28  1.146264e-03
 29  1.025726e-03
 30  9.209857e-04
 Iteration CPU time: 7 s
 CFIE residual: 0.000920986

 Iseg, Irank, Idinc : 1, 15, 97
 Thata, Phi : 90.000000, 96.000000
 Maximun iteration: 300
 Number of recycle truncation: 30
 Final matrix dimension:  36708
 Residual error:0.001000
 0  6.199746e-01
 1  3.550083e-01
 2  2.242641e-01
 3  1.497764e-01
 4  1.070178e-01
 5  8.159590e-02
 6  6.360017e-02
 7  5.080345e-02
 8  4.036225e-02
 9  3.237049e-02
 10  2.563590e-02
 11  2.050728e-02
 12  1.663971e-02
 13  1.376496e-02
 14  1.163485e-02
 15  9.912988e-03
 16  8.514000e-03
 17  7.553542e-03
 18  6.808925e-03
 19  6.161420e-03
 20  5.638216e-03
 21  5.101811e-03
 22  4.564477e-03
 23  4.038652e-03
 24  3.576423e-03
 25  3.083201e-03
 26  2.608133e-03
 27  2.202801e-03
 28  1.787151e-03
 29  1.414838e-03
 30  1.093829e-03
 31  8.493141e-04
 Iteration CPU time: 7 s
 CFIE residual: 0.000849314

 Iseg, Irank, Idinc : 1, 16, 82
 Thata, Phi : 90.000000, 81.000000
 Maximun iteration: 300
 Number of recycle truncation: 30
 Final matrix dimension:  36708
 Residual error:0.001000
 0  6.262295e-01
 1  3.580008e-01
 2  2.318210e-01
 3  1.542961e-01
 4  1.106636e-01
 5  8.676483e-02
 6  6.640556e-02
 7  5.347288e-02
 8  4.306771e-02
 9  3.415901e-02
 10  2.725549e-02
 11  2.139587e-02
 12  1.719682e-02
 13  1.422664e-02
 14  1.227142e-02
 15  1.075746e-02
 16  9.497738e-03
 17  8.522587e-03
 18  7.743795e-03
 19  6.994768e-03
 20  6.308825e-03
 21  5.709586e-03
 22  5.061534e-03
 23  4.404549e-03
 24  3.740345e-03
 25  3.149510e-03
 26  2.644463e-03
 27  2.183310e-03
 28  1.789480e-03
 29  1.404729e-03
 30  1.120469e-03
 31  8.691953e-04
 Iteration CPU time: 7 s
 CFIE residual: 0.000869195

 Iseg, Irank, Idinc : 1, 17, 115
 Thata, Phi : 90.000000, 114.000000
 Maximun iteration: 300
 Number of recycle truncation: 30
 Final matrix dimension:  36708
 Residual error:0.001000
 0  6.467977e-01
 1  3.518699e-01
 2  2.231058e-01
 3  1.552352e-01
 4  1.094958e-01
 5  8.203327e-02
 6  6.285269e-02
 7  4.854724e-02
 8  3.774043e-02
 9  3.007207e-02
 10  2.341351e-02
 11  1.848159e-02
 12  1.505790e-02
 13  1.255985e-02
 14  1.045993e-02
 15  8.702771e-03
 16  7.447284e-03
 17  6.470599e-03
 18  5.627606e-03
 19  4.969766e-03
 20  4.443071e-03
 21  3.979344e-03
 22  3.607768e-03
 23  3.214163e-03
 24  2.870275e-03
 25  2.525677e-03
 26  2.219637e-03
 27  1.921540e-03
 28  1.600522e-03
 29  1.319149e-03
 30  1.043418e-03
 31  8.048724e-04
 Iteration CPU time: 6 s
 CFIE residual: 0.000804872

 Iseg, Irank, Idinc : 1, 18, 1
 Thata, Phi : 90.000000, 0.000000
 Maximun iteration: 300
 Number of recycle truncation: 30
 Final matrix dimension:  36708
 Residual error:0.001000
 0  5.064390e-01
 1  2.673662e-01
 2  1.734855e-01
 3  1.204352e-01
 4  8.586439e-02
 5  6.435883e-02
 6  4.936897e-02
 7  3.765733e-02
 8  2.907768e-02
 9  2.238691e-02
 10  1.719596e-02
 11  1.350608e-02
 12  1.099483e-02
 13  8.739032e-03
 14  7.189459e-03
 15  5.693138e-03
 16  4.675161e-03
 17  3.879964e-03
 18  3.338595e-03
 19  2.900039e-03
 20  2.575747e-03
 21  2.312834e-03
 22  2.062444e-03
 23  1.811910e-03
 24  1.634017e-03
 25  1.501039e-03
 26  1.377149e-03
 27  1.244706e-03
 28  1.089858e-03
 29  9.466914e-04
 Iteration CPU time: 6 s
 CFIE residual: 0.000946691

 Iseg, Irank, Idinc : 1, 19, 167
 Thata, Phi : 90.000000, 166.000000
 Maximun iteration: 300
 Number of recycle truncation: 30
 Final matrix dimension:  36708
 Residual error:0.001000
 0  5.778284e-01
 1  3.027513e-01
 2  1.883757e-01
 3  1.346655e-01
 4  1.048228e-01
 5  8.382503e-02
 6  6.869848e-02
 7  5.578540e-02
 8  4.650456e-02
 9  3.914586e-02
 10  3.288494e-02
 11  2.700543e-02
 12  2.210466e-02
 13  1.764867e-02
 14  1.450673e-02
 15  1.161622e-02
 16  9.483785e-03
 17  7.737332e-03
 18  6.346909e-03
 19  5.086019e-03
 20  4.176355e-03
 21  3.466873e-03
 22  2.937674e-03
 23  2.531414e-03
 24  2.199558e-03
 25  1.918069e-03
 26  1.680748e-03
 27  1.523484e-03
 28  1.394723e-03
 29  1.268519e-03
 30  1.144408e-03
 31  1.010116e-03
 32  8.712480e-04
 Iteration CPU time: 7 s
 CFIE residual: 0.000871248

 Iseg, Irank, Idinc : 1, 20, 152
 Thata, Phi : 90.000000, 151.000000
 Maximun iteration: 300
 Number of recycle truncation: 30
 Final matrix dimension:  36708
 Residual error:0.001000
 0  6.333567e-01
 1  3.329577e-01
 2  2.012490e-01
 3  1.393225e-01
 4  1.028109e-01
 5  8.044523e-02
 6  6.385256e-02
 7  5.089796e-02
 8  4.307891e-02
 9  3.604580e-02
 10  3.040510e-02
 11  2.525766e-02
 12  2.043423e-02
 13  1.585999e-02
 14  1.291580e-02
 15  1.043725e-02
 16  8.366179e-03
 17  6.925335e-03
 18  5.790592e-03
 19  4.739481e-03
 20  3.955123e-03
 21  3.369921e-03
 22  2.914549e-03
 23  2.613096e-03
 24  2.320839e-03
 25  2.089066e-03
 26  1.897916e-03
 27  1.688829e-03
 28  1.490613e-03
 29  1.290264e-03
 30  1.106725e-03
 31  8.958316e-04
 Iteration CPU time: 7 s
 CFIE residual: 0.000895832

 Iseg, Irank, Idinc : 1, 21, 181
 Thata, Phi : 90.000000, 180.000000
 Maximun iteration: 300
 Number of recycle truncation: 30
 Final matrix dimension:  36708
 Residual error:0.001000
 0  5.554461e-01
 1  3.004991e-01
 2  1.914481e-01
 3  1.358802e-01
 4  1.062448e-01
 5  8.168933e-02
 6  6.664906e-02
 7  5.474213e-02
 8  4.433987e-02
 9  3.458416e-02
 10  2.697409e-02
 11  2.108717e-02
 12  1.598250e-02
 13  1.223890e-02
 14  9.460570e-03
 15  7.253592e-03
 16  5.673202e-03
 17  4.636695e-03
 18  3.778594e-03
 19  3.066245e-03
 20  2.592138e-03
 21  2.263981e-03
 22  1.987359e-03
 23  1.768952e-03
 24  1.583851e-03
 25  1.427401e-03
 26  1.313372e-03
 27  1.184153e-03
 28  1.054509e-03
 29  9.213060e-04
 Iteration CPU time: 7 s
 CFIE residual: 0.000921306

 Iseg, Irank, Idinc : 1, 22, 16
 Thata, Phi : 90.000000, 15.000000
 Maximun iteration: 300
 Number of recycle truncation: 30
 Final matrix dimension:  36708
 Residual error:0.001000
 0  5.705078e-01
 1  2.821556e-01
 2  1.702180e-01
 3  1.203448e-01
 4  8.560117e-02
 5  6.446293e-02
 6  4.982920e-02
 7  3.918523e-02
 8  3.054043e-02
 9  2.389829e-02
 10  1.868833e-02
 11  1.486960e-02
 12  1.158183e-02
 13  9.237723e-03
 14  7.530669e-03
 15  6.371977e-03
 16  5.435569e-03
 17  4.584323e-03
 18  3.951647e-03
 19  3.381990e-03
 20  2.972581e-03
 21  2.583516e-03
 22  2.332728e-03
 23  2.101320e-03
 24  1.917272e-03
 25  1.748205e-03
 26  1.586257e-03
 27  1.429233e-03
 28  1.261283e-03
 29  1.115442e-03
 30  9.725792e-04
 Iteration CPU time: 7 s
 CFIE residual: 0.000972579

 Iseg, Irank, Idinc : 1, 23, 59
 Thata, Phi : 90.000000, 58.000000
 Maximun iteration: 300
 Number of recycle truncation: 30
 Final matrix dimension:  36708
 Residual error:0.001000
 0  6.624157e-01
 1  3.463139e-01
 2  2.155296e-01
 3  1.373280e-01
 4  9.796347e-02
 5  7.211599e-02
 6  5.614584e-02
 7  4.474486e-02
 8  3.566128e-02
 9  2.752493e-02
 10  2.115851e-02
 11  1.719934e-02
 12  1.407269e-02
 13  1.179855e-02
 14  1.005517e-02
 15  8.802967e-03
 16  7.896680e-03
 17  7.142079e-03
 18  6.521111e-03
 19  5.812567e-03
 20  5.181985e-03
 21  4.595027e-03
 22  3.936785e-03
 23  3.326552e-03
 24  2.790566e-03
 25  2.240316e-03
 26  1.789171e-03
 27  1.414956e-03
 28  1.116006e-03
 29  8.838398e-04
 Iteration CPU time: 6 s
 CFIE residual: 0.00088384

 Iseg, Irank, Idinc : 1, 24, 139
 Thata, Phi : 90.000000, 138.000000
 Maximun iteration: 300
 Number of recycle truncation: 30
 Final matrix dimension:  36708
 Residual error:0.001000
 0  6.931757e-01
 1  3.564348e-01
 2  2.202410e-01
 3  1.521554e-01
 4  1.104816e-01
 5  8.414332e-02
 6  6.340169e-02
 7  5.029028e-02
 8  4.157820e-02
 9  3.342546e-02
 10  2.714179e-02
 11  2.243981e-02
 12  1.847132e-02
 13  1.463736e-02
 14  1.165224e-02
 15  9.454742e-03
 16  7.805531e-03
 17  6.510574e-03
 18  5.547487e-03
 19  4.698705e-03
 20  4.171779e-03
 21  3.729860e-03
 22  3.396694e-03
 23  3.057641e-03
 24  2.756293e-03
 25  2.500211e-03
 26  2.234947e-03
 27  1.954590e-03
 28  1.669321e-03
 29  1.430547e-03
 30  1.197989e-03
 31  9.900916e-04
 Iteration CPU time: 7 s
 CFIE residual: 0.000990092

 Iseg, Irank, Idinc : 1, 25, 5
 Thata, Phi : 90.000000, 4.000000
 Maximun iteration: 300
 Number of recycle truncation: 30
 Final matrix dimension:  36708
 Residual error:0.001000
 0  5.126776e-01
 1  2.690644e-01
 2  1.732572e-01
 3  1.212696e-01
 4  8.709216e-02
 5  6.588213e-02
 6  5.037742e-02
 7  3.795786e-02
 8  2.897915e-02
 9  2.286864e-02
 10  1.815424e-02
 11  1.442563e-02
 12  1.140885e-02
 13  9.053230e-03
 14  7.507789e-03
 15  6.236119e-03
 16  5.221715e-03
 17  4.362852e-03
 18  3.712220e-03
 19  3.255444e-03
 20  2.852428e-03
 21  2.498675e-03
 22  2.245896e-03
 23  1.979798e-03
 24  1.778359e-03
 25  1.615313e-03
 26  1.491816e-03
 27  1.356233e-03
 28  1.228863e-03
 29  1.070894e-03
 30  9.214351e-04
 Iteration CPU time: 6 s
 CFIE residual: 0.000921435

 Iseg, Irank, Idinc : 1, 26, 103
 Thata, Phi : 90.000000, 102.000000
 Maximun iteration: 300
 Number of recycle truncation: 30
 Final matrix dimension:  36708
 Residual error:0.001000
 0  6.195050e-01
 1  3.549551e-01
 2  2.237987e-01
 3  1.512655e-01
 4  1.054576e-01
 5  7.938671e-02
 6  6.179614e-02
 7  4.809782e-02
 8  3.783992e-02
 9  3.046830e-02
 10  2.478329e-02
 11  1.971767e-02
 12  1.584670e-02
 13  1.309109e-02
 14  1.084199e-02
 15  9.196662e-03
 16  7.761489e-03
 17  6.873636e-03
 18  6.127110e-03
 19  5.501567e-03
 20  4.980005e-03
 21  4.564120e-03
 22  4.091312e-03
 23  3.639314e-03
 24  3.233288e-03
 25  2.811861e-03
 26  2.430538e-03
 27  2.069035e-03
 28  1.735108e-03
 29  1.401940e-03
 30  1.123818e-03
 31  8.808195e-04
 Iteration CPU time: 7 s
 CFIE residual: 0.00088082

 Iseg, Irank, Idinc : 1, 27, 173
 Thata, Phi : 90.000000, 172.000000
 Maximun iteration: 300
 Number of recycle truncation: 30
 Final matrix dimension:  36708
 Residual error:0.001000
 0  5.635885e-01
 1  3.007223e-01
 2  1.909582e-01
 3  1.363375e-01
 4  1.070868e-01
 5  8.401038e-02
 6  6.900954e-02
 7  5.630182e-02
 8  4.633092e-02
 9  3.765204e-02
 10  3.087544e-02
 11  2.516326e-02
 12  2.048799e-02
 13  1.633072e-02
 14  1.334514e-02
 15  1.078188e-02
 16  8.842966e-03
 17  7.126217e-03
 18  5.772475e-03
 19  4.676541e-03
 20  3.838335e-03
 21  3.164261e-03
 22  2.712334e-03
 23  2.341195e-03
 24  2.028976e-03
 25  1.768225e-03
 26  1.550010e-03
 27  1.397019e-03
 28  1.269615e-03
 29  1.150179e-03
 30  1.047689e-03
 31  9.267179e-04
 Iteration CPU time: 7 s
 CFIE residual: 0.000926718

 Iseg, Irank, Idinc : 1, 28, 37
 Thata, Phi : 90.000000, 36.000000
 Maximun iteration: 300
 Number of recycle truncation: 30
 Final matrix dimension:  36708
 Residual error:0.001000
 0  6.229328e-01
 1  3.123373e-01
 2  1.931261e-01
 3  1.231869e-01
 4  8.429985e-02
 5  6.180658e-02
 6  4.541961e-02
 7  3.442272e-02
 8  2.636778e-02
 9  2.033688e-02
 10  1.615675e-02
 11  1.302942e-02
 12  1.050380e-02
 13  8.750863e-03
 14  7.271100e-03
 15  6.263429e-03
 16  5.480481e-03
 17  4.747802e-03
 18  4.279836e-03
 19  3.826819e-03
 20  3.397167e-03
 21  3.043545e-03
 22  2.755322e-03
 23  2.460885e-03
 24  2.141417e-03
 25  1.852882e-03
 26  1.568615e-03
 27  1.315698e-03
 28  1.070758e-03
 29  8.814415e-04
 Iteration CPU time: 7 s
 CFIE residual: 0.000881442

 Iseg, Irank, Idinc : 1, 29, 70
 Thata, Phi : 90.000000, 69.000000
 Maximun iteration: 300
 Number of recycle truncation: 30
 Final matrix dimension:  36708
 Residual error:0.001000
 0  6.560058e-01
 1  3.683918e-01
 2  2.350551e-01
 3  1.515922e-01
 4  1.094956e-01
 5  8.297522e-02
 6  6.410527e-02
 7  5.125770e-02
 8  4.118290e-02
 9  3.400972e-02
 10  2.705171e-02
 11  2.152590e-02
 12  1.741877e-02
 13  1.470352e-02
 14  1.257872e-02
 15  1.128444e-02
 16  1.016006e-02
 17  9.176318e-03
 18  8.299630e-03
 19  7.444168e-03
 20  6.771829e-03
 21  6.045939e-03
 22  5.342077e-03
 23  4.622770e-03
 24  3.908831e-03
 25  3.211892e-03
 26  2.639498e-03
 27  2.138911e-03
 28  1.687191e-03
 29  1.331329e-03
 30  1.037177e-03
 31  8.003078e-04
 Iteration CPU time: 7 s
 CFIE residual: 0.000800308

 Iseg, Irank, Idinc : 1, 30, 127
 Thata, Phi : 90.000000, 126.000000
 Maximun iteration: 300
 Number of recycle truncation: 30
 Final matrix dimension:  36708
 Residual error:0.001000
 0  6.636739e-01
 1  3.506467e-01
 2  2.296983e-01
 3  1.573589e-01
 4  1.122094e-01
 5  8.644738e-02
 6  6.585888e-02
 7  5.106512e-02
 8  3.998547e-02
 9  3.153880e-02
 10  2.455477e-02
 11  1.959620e-02
 12  1.561282e-02
 13  1.281517e-02
 14  1.059092e-02
 15  9.073228e-03
 16  7.650796e-03
 17  6.646786e-03
 18  5.816293e-03
 19  5.091987e-03
 20  4.541471e-03
 21  4.119255e-03
 22  3.740620e-03
 23  3.398839e-03
 24  3.003693e-03
 25  2.676743e-03
 26  2.381627e-03
 27  2.106513e-03
 28  1.867166e-03
 29  1.614821e-03
 30  1.346306e-03
 31  1.100835e-03
 32  8.901620e-04
 Iteration CPU time: 7 s
 CFIE residual: 0.000890162

 Iseg, Irank, Idinc : 1, 31, 3
 Thata, Phi : 90.000000, 2.000000
 Maximun iteration: 300
 Number of recycle truncation: 30
 Final matrix dimension:  36708
 Residual error:0.001000
 0  5.080607e-01
 1  2.678128e-01
 2  1.734192e-01
 3  1.206506e-01
 4  8.620350e-02
 5  6.482621e-02
 6  4.968995e-02
 7  3.767061e-02
 8  2.896024e-02
 9  2.244024e-02
 10  1.745723e-02
 11  1.395183e-02
 12  1.124655e-02
 13  8.882567e-03
 14  7.334846e-03
 15  6.022264e-03
 16  5.066464e-03
 17  4.237213e-03
 18  3.610279e-03
 19  3.157483e-03
 20  2.775527e-03
 21  2.454191e-03
 22  2.204063e-03
 23  1.940520e-03
 24  1.734121e-03
 25  1.579198e-03
 26  1.455559e-03
 27  1.321179e-03
 28  1.184265e-03
 29  1.027980e-03
 30  8.715747e-04
 Iteration CPU time: 7 s
 CFIE residual: 0.000871575

 Iseg, Irank, Idinc : 1, 32, 163
 Thata, Phi : 90.000000, 162.000000
 Maximun iteration: 300
 Number of recycle truncation: 30
 Final matrix dimension:  36708
 Residual error:0.001000
 0  5.916114e-01
 1  3.065017e-01
 2  1.873668e-01
 3  1.322830e-01
 4  1.020597e-01
 5  8.216239e-02
 6  6.659947e-02
 7  5.394010e-02
 8  4.544640e-02
 9  3.884448e-02
 10  3.274826e-02
 11  2.726337e-02
 12  2.228234e-02
 13  1.782179e-02
 14  1.456501e-02
 15  1.162476e-02
 16  9.389535e-03
 17  7.800588e-03
 18  6.424068e-03
 19  5.105142e-03
 20  4.234412e-03
 21  3.560416e-03
 22  3.008844e-03
 23  2.614075e-03
 24  2.289270e-03
 25  1.996892e-03
 26  1.786564e-03
 27  1.632497e-03
 28  1.490773e-03
 29  1.343066e-03
 30  1.197212e-03
 31  1.051264e-03
 32  8.979493e-04
 Iteration CPU time: 7 s
 CFIE residual: 0.000897949

 Iseg, Irank, Idinc : 1, 33, 47
 Thata, Phi : 90.000000, 46.000000
 Maximun iteration: 300
 Number of recycle truncation: 30
 Final matrix dimension:  36708
 Residual error:0.001000
 0  6.339611e-01
 1  3.227474e-01
 2  2.037377e-01
 3  1.346014e-01
 4  9.516325e-02
 5  7.018032e-02
 6  5.266574e-02
 7  4.053069e-02
 8  3.109338e-02
 9  2.419856e-02
 10  1.888234e-02
 11  1.495263e-02
 12  1.214302e-02
 13  1.011068e-02
 14  8.542050e-03
 15  7.388023e-03
 16  6.626930e-03
 17  5.935295e-03
 18  5.351194e-03
 19  4.841382e-03
 20  4.364619e-03
 21  3.785408e-03
 22  3.355420e-03
 23  2.859588e-03
 24  2.357816e-03
 25  1.951640e-03
 26  1.570969e-03
 27  1.279683e-03
 28  1.028803e-03
 29  8.212851e-04
 Iteration CPU time: 7 s
 CFIE residual: 0.000821285

 Iseg, Irank, Idinc : 1, 34, 26
 Thata, Phi : 90.000000, 25.000000
 Maximun iteration: 300
 Number of recycle truncation: 30
 Final matrix dimension:  36708
 Residual error:0.001000
 0  6.287346e-01
 1  2.970052e-01
 2  1.672148e-01
 3  1.105124e-01
 4  7.806142e-02
 5  5.738445e-02
 6  4.315826e-02
 7  3.338260e-02
 8  2.605554e-02
 9  2.073660e-02
 10  1.645355e-02
 11  1.288302e-02
 12  1.058792e-02
 13  8.646293e-03
 14  7.204003e-03
 15  6.155579e-03
 16  5.323064e-03
 17  4.494922e-03
 18  3.932715e-03
 19  3.400788e-03
 20  2.965937e-03
 21  2.644876e-03
 22  2.408640e-03
 23  2.227461e-03
 24  2.040706e-03
 25  1.824652e-03
 26  1.617034e-03
 27  1.418315e-03
 28  1.214221e-03
 29  1.046377e-03
 30  8.705840e-04
 Iteration CPU time: 7 s
 CFIE residual: 0.000870584

 Iseg, Irank, Idinc : 1, 35, 180
 Thata, Phi : 90.000000, 179.000000
 Maximun iteration: 300
 Number of recycle truncation: 30
 Final matrix dimension:  36708
 Residual error:0.001000
 0  5.556109e-01
 1  3.005038e-01
 2  1.914507e-01
 3  1.358993e-01
 4  1.062802e-01
 5  8.176299e-02
 6  6.672172e-02
 7  5.480402e-02
 8  4.441109e-02
 9  3.466730e-02
 10  2.708821e-02
 11  2.122840e-02
 12  1.623721e-02
 13  1.253041e-02
 14  9.711470e-03
 15  7.516009e-03
 16  5.899928e-03
 17  4.883744e-03
 18  4.022003e-03
 19  3.331693e-03
 20  2.777660e-03
 21  2.376763e-03
 22  2.082318e-03
 23  1.869374e-03
 24  1.656399e-03
 25  1.477378e-03
 26  1.351570e-03
 27  1.216439e-03
 28  1.089793e-03
 29  9.594122e-04
 Iteration CPU time: 6 s
 CFIE residual: 0.000959412

 Iseg, Irank, Idinc : 1, 36, 93
 Thata, Phi : 90.000000, 92.000000
 Maximun iteration: 300
 Number of recycle truncation: 30
 Final matrix dimension:  36708
 Residual error:0.001000
 0  6.217470e-01
 1  3.570070e-01
 2  2.273831e-01
 3  1.515763e-01
 4  1.092267e-01
 5  8.519169e-02
 6  6.707693e-02
 7  5.323608e-02
 8  4.270830e-02
 9  3.449034e-02
 10  2.719634e-02
 11  2.184330e-02
 12  1.768079e-02
 13  1.438166e-02
 14  1.225763e-02
 15  1.046830e-02
 16  9.095458e-03
 17  8.058498e-03
 18  7.285091e-03
 19  6.585959e-03
 20  6.040040e-03
 21  5.461874e-03
 22  4.855038e-03
 23  4.236914e-03
 24  3.706650e-03
 25  3.160929e-03
 26  2.644755e-03
 27  2.204083e-03
 28  1.782015e-03
 29  1.358165e-03
 30  1.033073e-03
 31  7.779076e-04
 Iteration CPU time: 7 s
 CFIE residual: 0.000777908

 Iseg, Irank, Idinc : 1, 37, 143
 Thata, Phi : 90.000000, 142.000000
 Maximun iteration: 300
 Number of recycle truncation: 30
 Final matrix dimension:  36708
 Residual error:0.001000
 0  6.703254e-01
 1  3.510959e-01
 2  2.119603e-01
 3  1.475884e-01
 4  1.069983e-01
 5  8.222046e-02
 6  6.299475e-02
 7  5.018301e-02
 8  4.175848e-02
 9  3.430907e-02
 10  2.844456e-02
 11  2.376967e-02
 12  1.949039e-02
 13  1.546434e-02
 14  1.220501e-02
 15  1.004431e-02
 16  8.025868e-03
 17  6.713029e-03
 18  5.670588e-03
 19  4.673447e-03
 20  4.081119e-03
 21  3.572917e-03
 22  3.211086e-03
 23  2.864186e-03
 24  2.571987e-03
 25  2.360818e-03
 26  2.145993e-03
 27  1.923815e-03
 28  1.641253e-03
 29  1.387820e-03
 30  1.178456e-03
 31  9.568353e-04
 Iteration CPU time: 7 s
 CFIE residual: 0.000956835

 Iseg, Irank, Idinc : 1, 38, 8
 Thata, Phi : 90.000000, 7.000000
 Maximun iteration: 300
 Number of recycle truncation: 30
 Final matrix dimension:  36708
 Residual error:0.001000
 0  5.241079e-01
 1  2.719866e-01
 2  1.729751e-01
 3  1.225135e-01
 4  8.829376e-02
 5  6.701915e-02
 6  5.114876e-02
 7  3.888557e-02
 8  2.988331e-02
 9  2.400832e-02
 10  1.887240e-02
 11  1.472808e-02
 12  1.154308e-02
 13  9.227180e-03
 14  7.596463e-03
 15  6.278857e-03
 16  5.322804e-03
 17  4.439187e-03
 18  3.806407e-03
 19  3.337206e-03
 20  2.929637e-03
 21  2.545273e-03
 22  2.288412e-03
 23  2.023247e-03
 24  1.831802e-03
 25  1.669983e-03
 26  1.538510e-03
 27  1.397047e-03
 28  1.265552e-03
 29  1.114771e-03
 30  9.707835e-04
 Iteration CPU time: 7 s
 CFIE residual: 0.000970784
 Last Built End in Sep 21 2025 00:06:12
 Total CPU time: 280 s
 Finished.
