 Last Built Begin in Sep 21 2025 00:06:12
 Pre-Type( Input ):            8
 Skl-Tol ( Input ):    1.0000000000000000E-002
 Wavelength in freespace: 0.6

 ################################################
 ##         Generating Required Mesh          ##
 ##         Waiting.....                      ##
 ################################################
 Subd No.      Subd Name
    1    sphere1                                                           
 isub,  nnode, npatch,  nedge:
    1       604      1204      1806
 Scale Factor         >>   9.99999978E-03
 ################################################

 START TIME: 20250922   001423.256


 Informaton for IE geometry:
 number of subdomains     : 1
 maxnode,maxpatch,maxedge : 604  1204  1806
 
 Index of Mat-Reg: 1
 Mat-Reg Number via MatFlg: 1
 Edge Number of Mat-Reg: 1, 1806

 Number of Edge on PEC: 0
 Mat-Reg: No Dim(m) Lmax:
    1 0.167    1
 Totlmax, add1, add2:           1           2           3
 rlengmax of Global MLFMA >>   0.16666665673333333     
 Lmax of Global MLFMA >>            1
 Wavenum of Mat-Reg:
    1 1.000

 total area in sq m           =      0.1254
 total area in sq lambda      =      0.3482
 maxnode, maxpatch, maxedge           =      604     1204     1806
 longest  edge in lambda              =      0.0363
 shortest edge in lambda              =      0.0158
 average  edge in lambda              =      0.0259
 largest  patch area in sq lambda     =      0.0005
 smallest patch area in sq lambda     =      0.0001
 ave    surface area in sq lambda     =      0.0003
 size range of the object in sq lambda =      0.3333

 #### MLFMA Info For Each Region ####
 Mat-Region =            1
 Array dimension parameters:
 maxrule=          14   maxgrid  =          64
 lmax   =           1   ncmax    =           9
 lsmax  =           1   lsmin    =           1
 kpm    =           1   kp0      =           1
 ntlm   =           1   nsm      =           1
 nkpm   =           1   niplm    =          16
 ngnearm=          64   ngsndm   =           1
 nearm  =        1807   mfinestm =         244
 ###############################

 CFIE Alpha:  0.50000000000000000     

 Fill MLFMA NI for Mat-Reg:           1
 Begin fill sparser part of Nearfield
 Begin fill denser part of Nearfield
 End fill
 Filling Amn                 Delta_CPU=         52.52 Memory(MB)=        200.07


 Now testing preconditioner with
 ipretype =            8
 method = cfie_solve_nfpre_pardiso

  
 NBP>>Begin fill sparser part of Nearfield
 NBP>>Begin fill denser part of Nearfield

212.5000%
225.0000%
237.5000%
250.0000%
262.5000%
275.0000%
287.5000%
300.0000%
 Begin MLFMA Box-Matrix Based Prec Constructor
 --- Intel MKL PARDISO --- 
  >> Solver Initialized
  >> Proceed to ngrp_box loop
  >> Loop 0 Initialized
 Memory for iGRP: 1 0 MB
 Total Memory For NFB Pre: 0 MB
 --- PARDISO PRECONDITIONER INITIALIZED --- 
 Constructing preconditioner CPU time: 0 s
 
 108360
 Memory for Iteration:: 1.65344 MB

 Iseg, Ninc_S : 1, 181, 0

 Iseg, Skeleton Angles: 1, 6
 Iseg, Skel-Pk Mem(MB): 1, 30.95

 Iseg, Irank, Idinc : 1, 1, 83
 Thata, Phi : 90.000000, 82.000000
 Maximun iteration: 300
 Number of recycle truncation: 30
 Final matrix dimension:  3612
 Residual error:0.010000
 0  2.794702e-01
 1  1.185022e-01
 2  5.728737e-02
 3  2.991348e-02
 4  1.497649e-02
 5  7.410252e-03
 Iteration CPU time: 0 s
 CFIE residual: 0.00741025

 Iseg, Irank, Idinc : 1, 2, 1
 Thata, Phi : 90.000000, 0.000000
 Maximun iteration: 300
 Number of recycle truncation: 30
 Final matrix dimension:  3612
 Residual error:0.010000
 0  2.877389e-01
 1  1.176980e-01
 2  5.753698e-02
 3  2.920536e-02
 4  1.414332e-02
 5  6.956623e-03
 Iteration CPU time: 0 s
 CFIE residual: 0.00695662

 Iseg, Irank, Idinc : 1, 3, 159
 Thata, Phi : 90.000000, 158.000000
 Maximun iteration: 300
 Number of recycle truncation: 30
 Final matrix dimension:  3612
 Residual error:0.010000
 0  2.744646e-01
 1  1.085921e-01
 2  5.355231e-02
 3  2.642589e-02
 4  1.320248e-02
 5  6.495776e-03
 Iteration CPU time: 0 s
 CFIE residual: 0.00649578

 Iseg, Irank, Idinc : 1, 4, 181
 Thata, Phi : 90.000000, 180.000000
 Maximun iteration: 300
 Number of recycle truncation: 30
 Final matrix dimension:  3612
 Residual error:0.010000
 0  2.747394e-01
 1  1.107654e-01
 2  5.466353e-02
 3  2.678806e-02
 4  1.334091e-02
 5  6.590006e-03
 Iteration CPU time: 1 s
 CFIE residual: 0.00659001

 Iseg, Irank, Idinc : 1, 5, 38
 Thata, Phi : 90.000000, 37.000000
 Maximun iteration: 300
 Number of recycle truncation: 30
 Final matrix dimension:  3612
 Residual error:0.010000
 0  2.819492e-01
 1  1.140491e-01
 2  5.516839e-02
 3  2.801463e-02
 4  1.376308e-02
 5  6.743072e-03
 Iteration CPU time: 0 s
 CFIE residual: 0.00674307

 Iseg, Irank, Idinc : 1, 6, 119
 Thata, Phi : 90.000000, 118.000000
 Maximun iteration: 300
 Number of recycle truncation: 30
 Final matrix dimension:  3612
 Residual error:0.010000
 0  2.748576e-01
 1  1.116130e-01
 2  5.418883e-02
 3  2.770690e-02
 4  1.398248e-02
 5  6.948780e-03
 Iteration CPU time: 0 s
 CFIE residual: 0.00694878
 Last Built End in Sep 21 2025 00:06:12
 Total CPU time: 7 s
 Finished.
