 Last Built Begin in Sep 21 2025 00:06:12
 Pre-Type( Input ):            8
 Skl-Tol ( Input ):    1.0000000000000000E-002
 Wavelength in freespace: 0.436893

 ################################################
 ##         Generating Required Mesh          ##
 ##         Waiting.....                      ##
 ################################################
 Subd No.      Subd Name
    1    sphere1                                                           
 isub,  nnode, npatch,  nedge:
    1       604      1204      1806
 Scale Factor         >>   9.99999978E-03
 ################################################

 START TIME: 20250922   001733.267


 Informaton for IE geometry:
 number of subdomains     : 1
 maxnode,maxpatch,maxedge : 604  1204  1806
 
 Index of Mat-Reg: 1
 Mat-Reg Number via MatFlg: 1
 Edge Number of Mat-Reg: 1, 1806

 Number of Edge on PEC: 0
 Mat-Reg: No Dim(m) Lmax:
    1 0.229    1
 Totlmax, add1, add2:           1           2           3
 rlengmax of Global MLFMA >>   0.22888898635821564     
 Lmax of Global MLFMA >>            1
 Wavenum of Mat-Reg:
    1 1.000

 total area in sq m           =      0.1254
 total area in sq lambda      =      0.6567
 maxnode, maxpatch, maxedge           =      604     1204     1806
 longest  edge in lambda              =      0.0499
 shortest edge in lambda              =      0.0217
 average  edge in lambda              =      0.0356
 largest  patch area in sq lambda     =      0.0009
 smallest patch area in sq lambda     =      0.0003
 ave    surface area in sq lambda     =      0.0005
 size range of the object in sq lambda =      0.4578

 #### MLFMA Info For Each Region ####
 Mat-Region =            1
 Array dimension parameters:
 maxrule=          14   maxgrid  =          64
 lmax   =           1   ncmax    =           9
 lsmax  =           1   lsmin    =           1
 kpm    =           1   kp0      =           1
 ntlm   =           1   nsm      =           1
 nkpm   =           1   niplm    =          16
 ngnearm=          64   ngsndm   =           1
 nearm  =        1807   mfinestm =         244
 ###############################

 CFIE Alpha:  0.50000000000000000     

 Fill MLFMA NI for Mat-Reg:           1
 Begin fill sparser part of Nearfield
 Begin fill denser part of Nearfield
 End fill
 Filling Amn                 Delta_CPU=         46.92 Memory(MB)=        200.07


 Now testing preconditioner with
 ipretype =            8
 method = cfie_solve_nfpre_pardiso

  
 NBP>>Begin fill sparser part of Nearfield
 NBP>>Begin fill denser part of Nearfield

212.5000%
225.0000%
237.5000%
250.0000%
262.5000%
275.0000%
287.5000%
300.0000%
 Begin MLFMA Box-Matrix Based Prec Constructor
 --- Intel MKL PARDISO --- 
  >> Solver Initialized
  >> Proceed to ngrp_box loop
  >> Loop 0 Initialized
 Memory for iGRP: 1 0 MB
 Total Memory For NFB Pre: 0 MB
 --- PARDISO PRECONDITIONER INITIALIZED --- 
 Constructing preconditioner CPU time: 0 s
 
 108360
 Memory for Iteration:: 1.65344 MB

 Iseg, Ninc_S : 1, 181, 0

 Iseg, Skeleton Angles: 1, 7
 Iseg, Skel-Pk Mem(MB): 1, 30.95

 Iseg, Irank, Idinc : 1, 1, 69
 Thata, Phi : 90.000000, 68.000000
 Maximun iteration: 300
 Number of recycle truncation: 30
 Final matrix dimension:  3612
 Residual error:0.010000
 0  2.039397e-01
 1  9.290941e-02
 2  3.989671e-02
 3  1.817338e-02
 4  7.628673e-03
 Iteration CPU time: 1 s
 CFIE residual: 0.00762867

 Iseg, Irank, Idinc : 1, 2, 145
 Thata, Phi : 90.000000, 144.000000
 Maximun iteration: 300
 Number of recycle truncation: 30
 Final matrix dimension:  3612
 Residual error:0.010000
 0  1.982374e-01
 1  8.574385e-02
 2  3.619504e-02
 3  1.600455e-02
 4  7.099264e-03
 Iteration CPU time: 0 s
 CFIE residual: 0.00709926

 Iseg, Irank, Idinc : 1, 3, 1
 Thata, Phi : 90.000000, 0.000000
 Maximun iteration: 300
 Number of recycle truncation: 30
 Final matrix dimension:  3612
 Residual error:0.010000
 0  2.123189e-01
 1  9.385436e-02
 2  3.991118e-02
 3  1.783181e-02
 4  7.404761e-03
 Iteration CPU time: 0 s
 CFIE residual: 0.00740476

 Iseg, Irank, Idinc : 1, 4, 181
 Thata, Phi : 90.000000, 180.000000
 Maximun iteration: 300
 Number of recycle truncation: 30
 Final matrix dimension:  3612
 Residual error:0.010000
 0  2.091804e-01
 1  9.325006e-02
 2  3.864667e-02
 3  1.620570e-02
 4  7.024385e-03
 Iteration CPU time: 0 s
 CFIE residual: 0.00702439

 Iseg, Irank, Idinc : 1, 5, 32
 Thata, Phi : 90.000000, 31.000000
 Maximun iteration: 300
 Number of recycle truncation: 30
 Final matrix dimension:  3612
 Residual error:0.010000
 0  2.020918e-01
 1  8.821381e-02
 2  3.853990e-02
 3  1.792243e-02
 4  7.562732e-03
 Iteration CPU time: 0 s
 CFIE residual: 0.00756273

 Iseg, Irank, Idinc : 1, 6, 109
 Thata, Phi : 90.000000, 108.000000
 Maximun iteration: 300
 Number of recycle truncation: 30
 Final matrix dimension:  3612
 Residual error:0.010000
 0  2.035219e-01
 1  9.224160e-02
 2  3.852040e-02
 3  1.722971e-02
 4  7.478845e-03
 Iteration CPU time: 0 s
 CFIE residual: 0.00747884

 Iseg, Irank, Idinc : 1, 7, 167
 Thata, Phi : 90.000000, 166.000000
 Maximun iteration: 300
 Number of recycle truncation: 30
 Final matrix dimension:  3612
 Residual error:0.010000
 0  2.066321e-01
 1  9.134082e-02
 2  3.819349e-02
 3  1.615900e-02
 4  7.038606e-03
 Iteration CPU time: 0 s
 CFIE residual: 0.00703861
 Last Built End in Sep 21 2025 00:06:12
 Total CPU time: 6 s
 Finished.
