 Last Built Begin in Sep 21 2025 00:06:12
 Pre-Type( Input ):           10
 Skl-Tol ( Input ):    1.0000000000000001E-005
 Wavelength in freespace: 0.0291262

 ################################################
 ##         Generating Required Mesh          ##
 ##         Waiting.....                      ##
 ################################################
 Subd No.      Subd Name
    1    Open-Duct_PRIME_model_meshAA1                                     
 isub,  nnode, npatch,  nedge:
    1      6118     12236     18354
 Scale Factor         >>   1.54999997E-02
 ################################################

 START TIME: 20250922   074300.003


 Informaton for IE geometry:
 number of subdomains     : 1
 maxnode,maxpatch,maxedge : 6118  12236  18354
 
 Index of Mat-Reg: 1
 Mat-Reg Number via MatFlg: 1
 Edge Number of Mat-Reg: 1, 18354

 Number of Edge on PEC: 18354
 Mat-Reg: No Dim(m) Lmax:
    1 0.246    5
 Totlmax, add1, add2:           5           6           7
 rlengmax of Global MLFMA >>   0.24617264187060417     
 Lmax of Global MLFMA >>            5
 Wavenum of Mat-Reg:
    1 1.000

 total area in sq m           =      0.0510
 total area in sq lambda      =     60.0822
 maxnode, maxpatch, maxedge           =     6118    12236    18354
 longest  edge in lambda              =      0.1603
 shortest edge in lambda              =      0.0076
 average  edge in lambda              =      0.1070
 largest  patch area in sq lambda     =      0.0087
 smallest patch area in sq lambda     =      0.0000
 ave    surface area in sq lambda     =      0.0049
 size range of the object in sq lambda =      7.8775

 #### MLFMA Info For Each Region ####
 Mat-Region =            1
 Array dimension parameters:
 maxrule=          14   maxgrid  =          64
 lmax   =           5   ncmax    =        1250
 lsmax  =          27   lsmin    =           7
 kpm    =        1462   kp0      =         102
 ntlm   =      217096   nsm      =      232158
 nkpm   =        2284   niplm    =      146176
 ngnearm=       14257   ngsndm   =       64634
 nearm  =         333   mfinestm =         119
 ###############################

 CFIE Alpha:  0.50000000000000000     

 Fill MLFMA FI for Mat-Reg:           1
 Begin filltl.f
 fill translation matrix
 Level:            2
 fill shifting matrix
 Level:            3
 fill shifting matrix
 Level:            4
 fill shifting matrix
 Level:            5
 fill shifting matrix
 translator time(s):  0.159000009    
 fill interpolation matrix
 ThetaOrder            8
 PhiOrder            8
 lsl            7
 Filling TL                  Delta_CPU=          0.60 Memory(MB)=        653.98
 Filling sndgrp              Delta_CPU=          0.00 Memory(MB)=        653.98
 Filling VFS                 Delta_CPU=          3.24 Memory(MB)=        653.98

 Fill MLFMA NI for Mat-Reg:           1
 Begin fill sparser part of Nearfield
 Begin fill denser part of Nearfield
 End fill
 Filling Amn                 Delta_CPU=         90.15 Memory(MB)=        653.98


 Now testing preconditioner with
 ipretype =           10
 method = cfie_solve_nfrasspspre_pardiso

  
 NBP>>Begin fill sparser part of Nearfield

116.3371% NBP>>Begin fill denser part of Nearfield

200.1041%
 Begin MLFMA Box-Matrix Based Spar-RAS Prec Constructor
 --- Intel MKL PARDISO --- 
 Memory for iGroup: 1 0 MB
 Total Memory For SparRAS Pre: 0 MB
 --- PARDISO PRECONDITIONER INITIALIZED --- 
 Constructing preconditioner CPU time: 4 s
 
 1101240
 Memory for Iteration:: 16.8036 MB

 Iseg, Ninc_S : 1, 181, 0

 Iseg, Skeleton Angles: 1, 40
 Iseg, Skel-Pk Mem(MB): 1, 314.35

 Iseg, Irank, Idinc : 1, 1, 42
 Thata, Phi : 90.000000, 41.000000
 Maximun iteration: 300
 Number of recycle truncation: 30
 Final matrix dimension:  36708
 Residual error:0.001000
 0  6.314662e-01
 1  3.153334e-01
 2  1.990353e-01
 3  1.274676e-01
 4  8.841490e-02
 5  6.491157e-02
 6  4.906915e-02
 7  3.749756e-02
 8  2.847856e-02
 9  2.211554e-02
 10  1.649108e-02
 11  1.340275e-02
 12  1.091054e-02
 13  8.954040e-03
 14  7.631933e-03
 15  6.574099e-03
 16  5.722231e-03
 17  4.921561e-03
 18  4.373650e-03
 19  3.995283e-03
 20  3.757856e-03
 21  3.559943e-03
 22  3.431907e-03
 23  3.326461e-03
 24  3.210538e-03
 25  3.075488e-03
 26  2.926673e-03
 27  2.743662e-03
 28  2.512557e-03
 29  2.265897e-03
 30  2.028877e-03
 31  1.780569e-03
 32  1.511254e-03
 33  1.247305e-03
 34  1.032623e-03
 35  8.381042e-04
 Iteration CPU time: 8 s
 CFIE residual: 0.000838104

 Iseg, Irank, Idinc : 1, 2, 63
 Thata, Phi : 90.000000, 62.000000
 Maximun iteration: 300
 Number of recycle truncation: 30
 Final matrix dimension:  36708
 Residual error:0.001000
 0  6.560940e-01
 1  3.580066e-01
 2  2.231481e-01
 3  1.427144e-01
 4  1.012843e-01
 5  7.801168e-02
 6  5.880003e-02
 7  4.716753e-02
 8  3.726381e-02
 9  2.982147e-02
 10  2.305277e-02
 11  1.830847e-02
 12  1.490005e-02
 13  1.230650e-02
 14  1.059674e-02
 15  9.443530e-03
 16  8.412569e-03
 17  7.718827e-03
 18  7.273419e-03
 19  6.919214e-03
 20  6.674922e-03
 21  6.500762e-03
 22  6.271740e-03
 23  5.969781e-03
 24  5.585402e-03
 25  5.143990e-03
 26  4.755515e-03
 27  4.275539e-03
 28  3.726183e-03
 29  3.140987e-03
 30  2.577821e-03
 31  2.117645e-03
 32  1.730716e-03
 33  1.395263e-03
 34  1.130376e-03
 35  9.188260e-04
 Iteration CPU time: 8 s
 CFIE residual: 0.000918826

 Iseg, Irank, Idinc : 1, 3, 109
 Thata, Phi : 90.000000, 108.000000
 Maximun iteration: 300
 Number of recycle truncation: 30
 Final matrix dimension:  36708
 Residual error:0.001000
 0  6.205164e-01
 1  3.500808e-01
 2  2.176239e-01
 3  1.482780e-01
 4  1.049891e-01
 5  7.889613e-02
 6  6.088732e-02
 7  4.746403e-02
 8  3.793610e-02
 9  3.061706e-02
 10  2.474445e-02
 11  2.043264e-02
 12  1.664914e-02
 13  1.394032e-02
 14  1.174761e-02
 15  9.860411e-03
 16  8.669805e-03
 17  7.639953e-03
 18  6.727992e-03
 19  6.020050e-03
 20  5.472394e-03
 21  5.018276e-03
 22  4.755820e-03
 23  4.565857e-03
 24  4.414758e-03
 25  4.287625e-03
 26  4.125969e-03
 27  3.925847e-03
 28  3.672164e-03
 29  3.372981e-03
 30  2.972575e-03
 31  2.490043e-03
 32  2.053829e-03
 33  1.680247e-03
 34  1.385973e-03
 35  1.141168e-03
 36  8.986638e-04
 Iteration CPU time: 8 s
 CFIE residual: 0.000898664

 Iseg, Irank, Idinc : 1, 4, 22
 Thata, Phi : 90.000000, 21.000000
 Maximun iteration: 300
 Number of recycle truncation: 30
 Final matrix dimension:  36708
 Residual error:0.001000
 0  6.304756e-01
 1  2.954368e-01
 2  1.741383e-01
 3  1.152838e-01
 4  8.021567e-02
 5  5.923728e-02
 6  4.485357e-02
 7  3.492507e-02
 8  2.788154e-02
 9  2.241581e-02
 10  1.822313e-02
 11  1.471987e-02
 12  1.186663e-02
 13  9.974503e-03
 14  8.268342e-03
 15  6.802769e-03
 16  5.869314e-03
 17  5.034920e-03
 18  4.218346e-03
 19  3.618056e-03
 20  3.130386e-03
 21  2.749100e-03
 22  2.415045e-03
 23  2.193248e-03
 24  2.018772e-03
 25  1.894114e-03
 26  1.779395e-03
 27  1.681884e-03
 28  1.622037e-03
 29  1.563319e-03
 30  1.505234e-03
 31  1.446212e-03
 32  1.370656e-03
 33  1.268286e-03
 34  1.144908e-03
 35  1.013767e-03
 36  8.973344e-04
 Iteration CPU time: 8 s
 CFIE residual: 0.000897334

 Iseg, Irank, Idinc : 1, 5, 147
 Thata, Phi : 90.000000, 146.000000
 Maximun iteration: 300
 Number of recycle truncation: 30
 Final matrix dimension:  36708
 Residual error:0.001000
 0  6.567584e-01
 1  3.460487e-01
 2  2.103668e-01
 3  1.413381e-01
 4  1.010673e-01
 5  7.711171e-02
 6  5.986649e-02
 7  4.743331e-02
 8  3.955483e-02
 9  3.379067e-02
 10  2.872890e-02
 11  2.498414e-02
 12  2.186335e-02
 13  1.864604e-02
 14  1.549022e-02
 15  1.321366e-02
 16  1.131676e-02
 17  9.362904e-03
 18  7.864408e-03
 19  6.832426e-03
 20  5.906955e-03
 21  5.205324e-03
 22  4.691330e-03
 23  4.282345e-03
 24  4.006343e-03
 25  3.775781e-03
 26  3.586315e-03
 27  3.414452e-03
 28  3.297488e-03
 29  3.164786e-03
 30  3.010102e-03
 31  2.828658e-03
 32  2.605106e-03
 33  2.304066e-03
 34  1.989668e-03
 35  1.680130e-03
 36  1.366941e-03
 37  1.088688e-03
 38  8.519880e-04
 Iteration CPU time: 9 s
 CFIE residual: 0.000851988

 Iseg, Irank, Idinc : 1, 6, 137
 Thata, Phi : 90.000000, 136.000000
 Maximun iteration: 300
 Number of recycle truncation: 30
 Final matrix dimension:  36708
 Residual error:0.001000
 0  6.980598e-01
 1  3.496621e-01
 2  2.168315e-01
 3  1.475820e-01
 4  1.065756e-01
 5  7.990078e-02
 6  6.044363e-02
 7  4.781695e-02
 8  3.867845e-02
 9  3.267019e-02
 10  2.672465e-02
 11  2.242618e-02
 12  1.859001e-02
 13  1.569531e-02
 14  1.320783e-02
 15  1.103901e-02
 16  9.487976e-03
 17  8.122690e-03
 18  7.098245e-03
 19  6.222971e-03
 20  5.607982e-03
 21  5.177737e-03
 22  4.796183e-03
 23  4.538441e-03
 24  4.321711e-03
 25  4.160480e-03
 26  4.012558e-03
 27  3.849982e-03
 28  3.700799e-03
 29  3.524251e-03
 30  3.295835e-03
 31  2.994257e-03
 32  2.726518e-03
 33  2.404648e-03
 34  2.078534e-03
 35  1.797401e-03
 36  1.516100e-03
 37  1.249011e-03
 38  9.786968e-04
 Iteration CPU time: 8 s
 CFIE residual: 0.000978697

 Iseg, Irank, Idinc : 1, 7, 83
 Thata, Phi : 90.000000, 82.000000
 Maximun iteration: 300
 Number of recycle truncation: 30
 Final matrix dimension:  36708
 Residual error:0.001000
 0  6.080829e-01
 1  3.484273e-01
 2  2.226417e-01
 3  1.496559e-01
 4  1.089220e-01
 5  8.351657e-02
 6  6.410706e-02
 7  5.075075e-02
 8  4.097034e-02
 9  3.199609e-02
 10  2.576492e-02
 11  2.148805e-02
 12  1.771908e-02
 13  1.487328e-02
 14  1.282371e-02
 15  1.128314e-02
 16  9.869924e-03
 17  8.955715e-03
 18  8.328217e-03
 19  7.754382e-03
 20  7.330747e-03
 21  7.045937e-03
 22  6.786102e-03
 23  6.542002e-03
 24  6.289075e-03
 25  6.003047e-03
 26  5.653530e-03
 27  5.246695e-03
 28  4.754534e-03
 29  4.230352e-03
 30  3.579593e-03
 31  3.030746e-03
 32  2.566156e-03
 33  2.074743e-03
 34  1.675608e-03
 35  1.340236e-03
 36  1.100185e-03
 37  8.841472e-04
 Iteration CPU time: 8 s
 CFIE residual: 0.000884147

 Iseg, Irank, Idinc : 1, 8, 72
 Thata, Phi : 90.000000, 71.000000
 Maximun iteration: 300
 Number of recycle truncation: 30
 Final matrix dimension:  36708
 Residual error:0.001000
 0  6.349852e-01
 1  3.644002e-01
 2  2.350289e-01
 3  1.479506e-01
 4  1.043312e-01
 5  8.215802e-02
 6  6.334391e-02
 7  4.908016e-02
 8  3.892781e-02
 9  3.230257e-02
 10  2.585792e-02
 11  2.078349e-02
 12  1.664678e-02
 13  1.403077e-02
 14  1.216086e-02
 15  1.069571e-02
 16  9.674288e-03
 17  8.839483e-03
 18  8.232222e-03
 19  7.797793e-03
 20  7.526313e-03
 21  7.294620e-03
 22  7.050038e-03
 23  6.775832e-03
 24  6.359377e-03
 25  5.951548e-03
 26  5.470221e-03
 27  4.980328e-03
 28  4.435101e-03
 29  3.833654e-03
 30  3.170211e-03
 31  2.642990e-03
 32  2.188620e-03
 33  1.759380e-03
 34  1.413372e-03
 35  1.132206e-03
 36  9.333892e-04
 Iteration CPU time: 9 s
 CFIE residual: 0.000933389

 Iseg, Irank, Idinc : 1, 9, 159
 Thata, Phi : 90.000000, 158.000000
 Maximun iteration: 300
 Number of recycle truncation: 30
 Final matrix dimension:  36708
 Residual error:0.001000
 0  6.208469e-01
 1  3.149572e-01
 2  1.919556e-01
 3  1.299284e-01
 4  9.700486e-02
 5  7.733532e-02
 6  6.205188e-02
 7  5.090527e-02
 8  4.265476e-02
 9  3.680927e-02
 10  3.174607e-02
 11  2.787998e-02
 12  2.424490e-02
 13  2.060300e-02
 14  1.705257e-02
 15  1.465830e-02
 16  1.259348e-02
 17  1.042516e-02
 18  8.916872e-03
 19  7.558231e-03
 20  6.376037e-03
 21  5.442738e-03
 22  4.687657e-03
 23  4.092240e-03
 24  3.629551e-03
 25  3.263715e-03
 26  2.994971e-03
 27  2.788184e-03
 28  2.664923e-03
 29  2.558429e-03
 30  2.451043e-03
 31  2.332805e-03
 32  2.176053e-03
 33  2.011351e-03
 34  1.817157e-03
 35  1.581735e-03
 36  1.303106e-03
 37  1.037921e-03
 38  8.073468e-04
 Iteration CPU time: 8 s
 CFIE residual: 0.000807347

 Iseg, Irank, Idinc : 1, 10, 124
 Thata, Phi : 90.000000, 123.000000
 Maximun iteration: 300
 Number of recycle truncation: 30
 Final matrix dimension:  36708
 Residual error:0.001000
 0  6.541425e-01
 1  3.409019e-01
 2  2.208644e-01
 3  1.557966e-01
 4  1.124560e-01
 5  8.244140e-02
 6  6.550655e-02
 7  5.126460e-02
 8  4.139977e-02
 9  3.353729e-02
 10  2.641318e-02
 11  2.104290e-02
 12  1.647164e-02
 13  1.337949e-02
 14  1.106011e-02
 15  9.435137e-03
 16  8.077177e-03
 17  7.102242e-03
 18  6.143072e-03
 19  5.468034e-03
 20  5.013522e-03
 21  4.633251e-03
 22  4.331481e-03
 23  4.111501e-03
 24  3.914486e-03
 25  3.761202e-03
 26  3.611128e-03
 27  3.470968e-03
 28  3.340137e-03
 29  3.204776e-03
 30  3.016779e-03
 31  2.813608e-03
 32  2.594786e-03
 33  2.306139e-03
 34  2.042924e-03
 35  1.769410e-03
 36  1.483853e-03
 37  1.198758e-03
 38  9.339660e-04
 Iteration CPU time: 9 s
 CFIE residual: 0.000933966

 Iseg, Irank, Idinc : 1, 11, 53
 Thata, Phi : 90.000000, 52.000000
 Maximun iteration: 300
 Number of recycle truncation: 30
 Final matrix dimension:  36708
 Residual error:0.001000
 0  6.529932e-01
 1  3.446151e-01
 2  2.111210e-01
 3  1.349943e-01
 4  9.692308e-02
 5  7.402427e-02
 6  5.761616e-02
 7  4.430187e-02
 8  3.401832e-02
 9  2.675069e-02
 10  2.083811e-02
 11  1.643341e-02
 12  1.299284e-02
 13  1.045160e-02
 14  9.026831e-03
 15  7.875615e-03
 16  6.914857e-03
 17  6.276245e-03
 18  5.726042e-03
 19  5.278996e-03
 20  5.060536e-03
 21  4.918470e-03
 22  4.737501e-03
 23  4.560441e-03
 24  4.297974e-03
 25  3.980063e-03
 26  3.619114e-03
 27  3.240800e-03
 28  2.817940e-03
 29  2.373624e-03
 30  1.974567e-03
 31  1.651895e-03
 32  1.378592e-03
 33  1.122500e-03
 34  9.269764e-04
 Iteration CPU time: 7 s
 CFIE residual: 0.000926976

 Iseg, Irank, Idinc : 1, 12, 176
 Thata, Phi : 90.000000, 175.000000
 Maximun iteration: 300
 Number of recycle truncation: 30
 Final matrix dimension:  36708
 Residual error:0.001000
 0  5.879606e-01
 1  2.972381e-01
 2  1.848021e-01
 3  1.311466e-01
 4  1.011941e-01
 5  8.098494e-02
 6  6.561111e-02
 7  5.501728e-02
 8  4.580470e-02
 9  3.801172e-02
 10  3.194645e-02
 11  2.657770e-02
 12  2.208484e-02
 13  1.820759e-02
 14  1.534832e-02
 15  1.258255e-02
 16  1.050595e-02
 17  8.796174e-03
 18  7.437090e-03
 19  6.166329e-03
 20  5.239560e-03
 21  4.479004e-03
 22  3.789181e-03
 23  3.283206e-03
 24  2.906437e-03
 25  2.567772e-03
 26  2.290326e-03
 27  2.072447e-03
 28  1.912893e-03
 29  1.777815e-03
 30  1.678937e-03
 31  1.600790e-03
 32  1.542962e-03
 33  1.484573e-03
 34  1.421165e-03
 35  1.340968e-03
 36  1.236909e-03
 37  1.120336e-03
 38  9.815329e-04
 Iteration CPU time: 9 s
 CFIE residual: 0.000981533

 Iseg, Irank, Idinc : 1, 13, 32
 Thata, Phi : 90.000000, 31.000000
 Maximun iteration: 300
 Number of recycle truncation: 30
 Final matrix dimension:  36708
 Residual error:0.001000
 0  6.316576e-01
 1  3.083700e-01
 2  1.827972e-01
 3  1.142220e-01
 4  8.011840e-02
 5  5.876909e-02
 6  4.343665e-02
 7  3.325254e-02
 8  2.608174e-02
 9  2.087431e-02
 10  1.671927e-02
 11  1.368783e-02
 12  1.090280e-02
 13  9.168174e-03
 14  7.554521e-03
 15  6.299400e-03
 16  5.385675e-03
 17  4.606917e-03
 18  3.933359e-03
 19  3.494273e-03
 20  3.172744e-03
 21  2.903095e-03
 22  2.695300e-03
 23  2.548859e-03
 24  2.431985e-03
 25  2.339092e-03
 26  2.251550e-03
 27  2.145241e-03
 28  2.046223e-03
 29  1.904665e-03
 30  1.756257e-03
 31  1.609051e-03
 32  1.451510e-03
 33  1.284896e-03
 34  1.098689e-03
 35  9.240670e-04
 Iteration CPU time: 8 s
 CFIE residual: 0.000924067

 Iseg, Irank, Idinc : 1, 14, 91
 Thata, Phi : 90.000000, 90.000000
 Maximun iteration: 300
 Number of recycle truncation: 30
 Final matrix dimension:  36708
 Residual error:0.001000
 0  6.000444e-01
 1  3.448846e-01
 2  2.182000e-01
 3  1.496911e-01
 4  1.075573e-01
 5  8.210250e-02
 6  6.400280e-02
 7  5.003320e-02
 8  4.064249e-02
 9  3.257013e-02
 10  2.673768e-02
 11  2.224830e-02
 12  1.856490e-02
 13  1.589478e-02
 14  1.370496e-02
 15  1.174250e-02
 16  1.020272e-02
 17  9.125013e-03
 18  8.275344e-03
 19  7.588123e-03
 20  7.057967e-03
 21  6.669868e-03
 22  6.366090e-03
 23  6.116970e-03
 24  5.931916e-03
 25  5.727024e-03
 26  5.492912e-03
 27  5.154311e-03
 28  4.699818e-03
 29  4.208574e-03
 30  3.675138e-03
 31  3.163614e-03
 32  2.675802e-03
 33  2.230639e-03
 34  1.830861e-03
 35  1.503291e-03
 36  1.209395e-03
 37  9.647260e-04
 Iteration CPU time: 8 s
 CFIE residual: 0.000964726

 Iseg, Irank, Idinc : 1, 15, 9
 Thata, Phi : 90.000000, 8.000000
 Maximun iteration: 300
 Number of recycle truncation: 30
 Final matrix dimension:  36708
 Residual error:0.001000
 0  5.453645e-01
 1  2.778606e-01
 2  1.772705e-01
 3  1.238448e-01
 4  9.022648e-02
 5  6.742979e-02
 6  5.126499e-02
 7  3.960077e-02
 8  3.098337e-02
 9  2.419643e-02
 10  1.930589e-02
 11  1.533180e-02
 12  1.230932e-02
 13  1.000090e-02
 14  8.174884e-03
 15  6.606500e-03
 16  5.668259e-03
 17  4.809597e-03
 18  4.097970e-03
 19  3.496606e-03
 20  3.025566e-03
 21  2.660712e-03
 22  2.281867e-03
 23  2.005079e-03
 24  1.778387e-03
 25  1.603681e-03
 26  1.428127e-03
 27  1.288839e-03
 28  1.187738e-03
 29  1.108234e-03
 30  1.052734e-03
 31  1.009518e-03
 32  9.721927e-04
 Iteration CPU time: 8 s
 CFIE residual: 0.000972193

 Iseg, Irank, Idinc : 1, 16, 100
 Thata, Phi : 90.000000, 99.000000
 Maximun iteration: 300
 Number of recycle truncation: 30
 Final matrix dimension:  36708
 Residual error:0.001000
 0  6.064490e-01
 1  3.427313e-01
 2  2.146241e-01
 3  1.457451e-01
 4  1.049223e-01
 5  7.932827e-02
 6  6.137050e-02
 7  4.881787e-02
 8  3.868749e-02
 9  3.188029e-02
 10  2.602054e-02
 11  2.165052e-02
 12  1.802267e-02
 13  1.519127e-02
 14  1.307909e-02
 15  1.115573e-02
 16  9.649237e-03
 17  8.580591e-03
 18  7.619544e-03
 19  6.824478e-03
 20  6.228191e-03
 21  5.797057e-03
 22  5.509411e-03
 23  5.310317e-03
 24  5.134154e-03
 25  4.947483e-03
 26  4.770722e-03
 27  4.504708e-03
 28  4.210299e-03
 29  3.832134e-03
 30  3.429208e-03
 31  2.984079e-03
 32  2.523151e-03
 33  2.088203e-03
 34  1.689884e-03
 35  1.381694e-03
 36  1.116037e-03
 37  9.057348e-04
 Iteration CPU time: 8 s
 CFIE residual: 0.000905735

 Iseg, Irank, Idinc : 1, 17, 116
 Thata, Phi : 90.000000, 115.000000
 Maximun iteration: 300
 Number of recycle truncation: 30
 Final matrix dimension:  36708
 Residual error:0.001000
 0  6.425418e-01
 1  3.468559e-01
 2  2.164319e-01
 3  1.509758e-01
 4  1.081136e-01
 5  7.918031e-02
 6  6.164619e-02
 7  4.845591e-02
 8  3.804441e-02
 9  3.063707e-02
 10  2.469883e-02
 11  1.972723e-02
 12  1.618575e-02
 13  1.350000e-02
 14  1.134857e-02
 15  9.575686e-03
 16  8.157734e-03
 17  7.186651e-03
 18  6.264125e-03
 19  5.566607e-03
 20  5.159659e-03
 21  4.805592e-03
 22  4.542042e-03
 23  4.373470e-03
 24  4.231309e-03
 25  4.106989e-03
 26  3.954285e-03
 27  3.790384e-03
 28  3.623575e-03
 29  3.404937e-03
 30  3.145910e-03
 31  2.818638e-03
 32  2.420403e-03
 33  2.025596e-03
 34  1.620035e-03
 35  1.341846e-03
 36  1.058414e-03
 37  8.336921e-04
 Iteration CPU time: 8 s
 CFIE residual: 0.000833692

 Iseg, Irank, Idinc : 1, 18, 1
 Thata, Phi : 90.000000, 0.000000
 Maximun iteration: 300
 Number of recycle truncation: 30
 Final matrix dimension:  36708
 Residual error:0.001000
 0  5.204083e-01
 1  2.726476e-01
 2  1.770603e-01
 3  1.210967e-01
 4  8.742866e-02
 5  6.662147e-02
 6  5.118798e-02
 7  3.789246e-02
 8  2.880814e-02
 9  2.314236e-02
 10  1.901314e-02
 11  1.503014e-02
 12  1.144523e-02
 13  9.395982e-03
 14  7.653157e-03
 15  6.395459e-03
 16  5.294972e-03
 17  4.579336e-03
 18  3.879222e-03
 19  3.361456e-03
 20  2.858720e-03
 21  2.438390e-03
 22  2.076762e-03
 23  1.744715e-03
 24  1.486130e-03
 25  1.268733e-03
 26  1.078987e-03
 27  9.497567e-04
 Iteration CPU time: 7 s
 CFIE residual: 0.000949757

 Iseg, Irank, Idinc : 1, 19, 167
 Thata, Phi : 90.000000, 166.000000
 Maximun iteration: 300
 Number of recycle truncation: 30
 Final matrix dimension:  36708
 Residual error:0.001000
 0  5.951461e-01
 1  3.002486e-01
 2  1.853476e-01
 3  1.309019e-01
 4  1.006490e-01
 5  8.062198e-02
 6  6.481092e-02
 7  5.458622e-02
 8  4.577112e-02
 9  3.891740e-02
 10  3.264166e-02
 11  2.809183e-02
 12  2.465254e-02
 13  2.109777e-02
 14  1.760984e-02
 15  1.496334e-02
 16  1.294026e-02
 17  1.077019e-02
 18  9.039628e-03
 19  7.514947e-03
 20  6.307884e-03
 21  5.331584e-03
 22  4.568890e-03
 23  3.995545e-03
 24  3.447978e-03
 25  3.042341e-03
 26  2.741288e-03
 27  2.495706e-03
 28  2.325665e-03
 29  2.196563e-03
 30  2.089912e-03
 31  1.988278e-03
 32  1.899238e-03
 33  1.816282e-03
 34  1.705488e-03
 35  1.571109e-03
 36  1.399394e-03
 37  1.199750e-03
 38  1.003651e-03
 39  8.454191e-04
 Iteration CPU time: 8 s
 CFIE residual: 0.000845419

 Iseg, Irank, Idinc : 1, 20, 16
 Thata, Phi : 90.000000, 15.000000
 Maximun iteration: 300
 Number of recycle truncation: 30
 Final matrix dimension:  36708
 Residual error:0.001000
 0  5.922981e-01
 1  2.865135e-01
 2  1.760839e-01
 3  1.207766e-01
 4  8.639551e-02
 5  6.415273e-02
 6  4.901716e-02
 7  3.832204e-02
 8  3.016346e-02
 9  2.419315e-02
 10  1.937700e-02
 11  1.522473e-02
 12  1.210199e-02
 13  9.915340e-03
 14  8.358421e-03
 15  6.753766e-03
 16  5.714665e-03
 17  4.903239e-03
 18  4.169110e-03
 19  3.555874e-03
 20  3.079789e-03
 21  2.697839e-03
 22  2.326088e-03
 23  2.068427e-03
 24  1.875430e-03
 25  1.724974e-03
 26  1.586297e-03
 27  1.466820e-03
 28  1.387663e-03
 29  1.323700e-03
 30  1.267649e-03
 31  1.226872e-03
 32  1.178238e-03
 33  1.111737e-03
 34  1.043712e-03
 35  9.531629e-04
 Iteration CPU time: 7 s
 CFIE residual: 0.000953163

 Iseg, Irank, Idinc : 1, 21, 181
 Thata, Phi : 90.000000, 180.000000
 Maximun iteration: 300
 Number of recycle truncation: 30
 Final matrix dimension:  36708
 Residual error:0.001000
 0  5.876697e-01
 1  2.970368e-01
 2  1.840890e-01
 3  1.300703e-01
 4  9.950638e-02
 5  7.940647e-02
 6  6.434756e-02
 7  5.374928e-02
 8  4.490377e-02
 9  3.681823e-02
 10  3.007936e-02
 11  2.457436e-02
 12  1.981233e-02
 13  1.614341e-02
 14  1.307023e-02
 15  1.058985e-02
 16  8.640874e-03
 17  7.094127e-03
 18  5.996059e-03
 19  5.051397e-03
 20  4.229255e-03
 21  3.614011e-03
 22  3.027297e-03
 23  2.577276e-03
 24  2.245815e-03
 25  2.015163e-03
 26  1.816960e-03
 27  1.643917e-03
 28  1.512187e-03
 29  1.407532e-03
 30  1.322095e-03
 31  1.262264e-03
 32  1.208910e-03
 33  1.142645e-03
 34  1.049154e-03
 35  9.261424e-04
 Iteration CPU time: 7 s
 CFIE residual: 0.000926142

 Iseg, Irank, Idinc : 1, 22, 153
 Thata, Phi : 90.000000, 152.000000
 Maximun iteration: 300
 Number of recycle truncation: 30
 Final matrix dimension:  36708
 Residual error:0.001000
 0  6.365053e-01
 1  3.298244e-01
 2  2.026862e-01
 3  1.346806e-01
 4  9.840139e-02
 5  7.709755e-02
 6  6.017963e-02
 7  4.894479e-02
 8  4.041218e-02
 9  3.437885e-02
 10  2.933591e-02
 11  2.568837e-02
 12  2.238961e-02
 13  1.904523e-02
 14  1.575322e-02
 15  1.347076e-02
 16  1.170455e-02
 17  9.744307e-03
 18  8.322885e-03
 19  7.135821e-03
 20  6.171101e-03
 21  5.313104e-03
 22  4.608142e-03
 23  4.046086e-03
 24  3.671206e-03
 25  3.369713e-03
 26  3.139353e-03
 27  2.941992e-03
 28  2.827110e-03
 29  2.718595e-03
 30  2.596867e-03
 31  2.462994e-03
 32  2.290142e-03
 33  2.096276e-03
 34  1.825343e-03
 35  1.544610e-03
 36  1.292708e-03
 37  1.027889e-03
 38  8.157750e-04
 Iteration CPU time: 9 s
 CFIE residual: 0.000815775

 Iseg, Irank, Idinc : 1, 23, 77
 Thata, Phi : 90.000000, 76.000000
 Maximun iteration: 300
 Number of recycle truncation: 30
 Final matrix dimension:  36708
 Residual error:0.001000
 0  6.171603e-01
 1  3.555157e-01
 2  2.294050e-01
 3  1.469832e-01
 4  1.040472e-01
 5  7.942395e-02
 6  6.203831e-02
 7  4.823258e-02
 8  3.875317e-02
 9  3.075229e-02
 10  2.516688e-02
 11  2.069737e-02
 12  1.697501e-02
 13  1.440157e-02
 14  1.256717e-02
 15  1.097293e-02
 16  9.903996e-03
 17  9.087341e-03
 18  8.440723e-03
 19  7.916871e-03
 20  7.585610e-03
 21  7.312930e-03
 22  7.059912e-03
 23  6.792897e-03
 24  6.458103e-03
 25  6.111598e-03
 26  5.727851e-03
 27  5.292395e-03
 28  4.808474e-03
 29  4.248353e-03
 30  3.604534e-03
 31  3.033834e-03
 32  2.475406e-03
 33  2.028756e-03
 34  1.638030e-03
 35  1.293167e-03
 36  1.054963e-03
 37  8.455442e-04
 Iteration CPU time: 8 s
 CFIE residual: 0.000845544

 Iseg, Irank, Idinc : 1, 24, 130
 Thata, Phi : 90.000000, 129.000000
 Maximun iteration: 300
 Number of recycle truncation: 30
 Final matrix dimension:  36708
 Residual error:0.001000
 0  6.733698e-01
 1  3.488832e-01
 2  2.224936e-01
 3  1.525588e-01
 4  1.101735e-01
 5  8.137978e-02
 6  6.375781e-02
 7  5.049020e-02
 8  4.010947e-02
 9  3.311399e-02
 10  2.681046e-02
 11  2.143158e-02
 12  1.701215e-02
 13  1.376920e-02
 14  1.129276e-02
 15  9.673432e-03
 16  8.096553e-03
 17  6.940966e-03
 18  6.082172e-03
 19  5.438047e-03
 20  4.939884e-03
 21  4.597200e-03
 22  4.292167e-03
 23  4.067401e-03
 24  3.862927e-03
 25  3.731298e-03
 26  3.589553e-03
 27  3.452958e-03
 28  3.315638e-03
 29  3.133645e-03
 30  2.915500e-03
 31  2.652181e-03
 32  2.400566e-03
 33  2.110575e-03
 34  1.812163e-03
 35  1.542198e-03
 36  1.272792e-03
 37  1.024344e-03
 38  8.135532e-04
 Iteration CPU time: 9 s
 CFIE residual: 0.000813553

 Iseg, Irank, Idinc : 1, 25, 48
 Thata, Phi : 90.000000, 47.000000
 Maximun iteration: 300
 Number of recycle truncation: 30
 Final matrix dimension:  36708
 Residual error:0.001000
 0  6.408635e-01
 1  3.321235e-01
 2  2.057179e-01
 3  1.340413e-01
 4  9.641247e-02
 5  7.363560e-02
 6  5.634329e-02
 7  4.288634e-02
 8  3.288199e-02
 9  2.539313e-02
 10  1.938305e-02
 11  1.528246e-02
 12  1.228921e-02
 13  1.014240e-02
 14  8.573974e-03
 15  7.421868e-03
 16  6.497764e-03
 17  5.753502e-03
 18  5.206339e-03
 19  4.798687e-03
 20  4.571635e-03
 21  4.413175e-03
 22  4.259381e-03
 23  4.103035e-03
 24  3.902957e-03
 25  3.707221e-03
 26  3.438277e-03
 27  3.159012e-03
 28  2.770946e-03
 29  2.411923e-03
 30  2.088443e-03
 31  1.777212e-03
 32  1.465930e-03
 33  1.191599e-03
 34  9.974322e-04
 Iteration CPU time: 8 s
 CFIE residual: 0.000997432

 Iseg, Irank, Idinc : 1, 26, 5
 Thata, Phi : 90.000000, 4.000000
 Maximun iteration: 300
 Number of recycle truncation: 30
 Final matrix dimension:  36708
 Residual error:0.001000
 0  5.271069e-01
 1  2.742057e-01
 2  1.771455e-01
 3  1.223518e-01
 4  8.882445e-02
 5  6.702853e-02
 6  5.112508e-02
 7  3.826364e-02
 8  2.979544e-02
 9  2.361739e-02
 10  1.898208e-02
 11  1.511119e-02
 12  1.194872e-02
 13  9.955120e-03
 14  8.194608e-03
 15  6.620011e-03
 16  5.648067e-03
 17  4.834923e-03
 18  4.056065e-03
 19  3.477632e-03
 20  3.011205e-03
 21  2.619568e-03
 22  2.256016e-03
 23  1.929463e-03
 24  1.687115e-03
 25  1.482963e-03
 26  1.293621e-03
 27  1.130250e-03
 28  1.016373e-03
 29  9.364814e-04
 Iteration CPU time: 6 s
 CFIE residual: 0.000936481

 Iseg, Irank, Idinc : 1, 27, 172
 Thata, Phi : 90.000000, 171.000000
 Maximun iteration: 300
 Number of recycle truncation: 30
 Final matrix dimension:  36708
 Residual error:0.001000
 0  5.890949e-01
 1  2.976272e-01
 2  1.855498e-01
 3  1.321181e-01
 4  1.023217e-01
 5  8.200037e-02
 6  6.627703e-02
 7  5.580341e-02
 8  4.644278e-02
 9  3.884929e-02
 10  3.317682e-02
 11  2.822527e-02
 12  2.378735e-02
 13  2.000024e-02
 14  1.702205e-02
 15  1.409898e-02
 16  1.194264e-02
 17  1.000243e-02
 18  8.366173e-03
 19  6.975284e-03
 20  5.901287e-03
 21  4.999617e-03
 22  4.269611e-03
 23  3.737753e-03
 24  3.257153e-03
 25  2.874763e-03
 26  2.568695e-03
 27  2.333063e-03
 28  2.154980e-03
 29  2.011663e-03
 30  1.900166e-03
 31  1.806754e-03
 32  1.732503e-03
 33  1.667266e-03
 34  1.588665e-03
 35  1.490120e-03
 36  1.362528e-03
 37  1.212276e-03
 38  1.048602e-03
 39  8.786714e-04
 Iteration CPU time: 9 s
 CFIE residual: 0.000878671

 Iseg, Irank, Idinc : 1, 28, 96
 Thata, Phi : 90.000000, 95.000000
 Maximun iteration: 300
 Number of recycle truncation: 30
 Final matrix dimension:  36708
 Residual error:0.001000
 0  6.015530e-01
 1  3.427112e-01
 2  2.159079e-01
 3  1.452852e-01
 4  1.041274e-01
 5  7.964598e-02
 6  6.306763e-02
 7  4.960590e-02
 8  3.942659e-02
 9  3.157494e-02
 10  2.603996e-02
 11  2.138602e-02
 12  1.788952e-02
 13  1.543850e-02
 14  1.334876e-02
 15  1.141753e-02
 16  9.868281e-03
 17  8.740420e-03
 18  7.932181e-03
 19  7.140742e-03
 20  6.574515e-03
 21  6.163414e-03
 22  5.891371e-03
 23  5.672201e-03
 24  5.494673e-03
 25  5.314731e-03
 26  5.098401e-03
 27  4.829373e-03
 28  4.419850e-03
 29  4.001336e-03
 30  3.542102e-03
 31  3.079551e-03
 32  2.578733e-03
 33  2.149746e-03
 34  1.744899e-03
 35  1.408585e-03
 36  1.146126e-03
 37  9.374935e-04
 Iteration CPU time: 8 s
 CFIE residual: 0.000937494

 Iseg, Irank, Idinc : 1, 29, 27
 Thata, Phi : 90.000000, 26.000000
 Maximun iteration: 300
 Number of recycle truncation: 30
 Final matrix dimension:  36708
 Residual error:0.001000
 0  6.424415e-01
 1  3.019530e-01
 2  1.761546e-01
 3  1.125901e-01
 4  7.815735e-02
 5  5.752271e-02
 6  4.267206e-02
 7  3.290682e-02
 8  2.628476e-02
 9  2.144768e-02
 10  1.772767e-02
 11  1.436143e-02
 12  1.132418e-02
 13  9.473067e-03
 14  7.964740e-03
 15  6.679674e-03
 16  5.740087e-03
 17  4.821969e-03
 18  4.062334e-03
 19  3.592044e-03
 20  3.165454e-03
 21  2.833430e-03
 22  2.543887e-03
 23  2.356479e-03
 24  2.203861e-03
 25  2.100167e-03
 26  2.010983e-03
 27  1.919902e-03
 28  1.861090e-03
 29  1.785044e-03
 30  1.708620e-03
 31  1.614194e-03
 32  1.497936e-03
 33  1.360113e-03
 34  1.187720e-03
 35  1.025784e-03
 36  8.831739e-04
 Iteration CPU time: 9 s
 CFIE residual: 0.000883174

 Iseg, Irank, Idinc : 1, 30, 142
 Thata, Phi : 90.000000, 141.000000
 Maximun iteration: 300
 Number of recycle truncation: 30
 Final matrix dimension:  36708
 Residual error:0.001000
 0  6.861342e-01
 1  3.497538e-01
 2  2.116627e-01
 3  1.439364e-01
 4  1.041402e-01
 5  7.786511e-02
 6  6.012288e-02
 7  4.712902e-02
 8  3.866009e-02
 9  3.294451e-02
 10  2.786170e-02
 11  2.384952e-02
 12  2.032909e-02
 13  1.732223e-02
 14  1.453283e-02
 15  1.227477e-02
 16  1.049412e-02
 17  8.945629e-03
 18  7.588800e-03
 19  6.633756e-03
 20  5.855828e-03
 21  5.290394e-03
 22  4.866557e-03
 23  4.560458e-03
 24  4.333587e-03
 25  4.154355e-03
 26  3.994471e-03
 27  3.831848e-03
 28  3.681557e-03
 29  3.521239e-03
 30  3.314874e-03
 31  3.022856e-03
 32  2.720976e-03
 33  2.320995e-03
 34  1.997818e-03
 35  1.683493e-03
 36  1.369405e-03
 37  1.092464e-03
 38  8.465216e-04
 Iteration CPU time: 8 s
 CFIE residual: 0.000846522

 Iseg, Irank, Idinc : 1, 31, 58
 Thata, Phi : 90.000000, 57.000000
 Maximun iteration: 300
 Number of recycle truncation: 30
 Final matrix dimension:  36708
 Residual error:0.001000
 0  6.590430e-01
 1  3.480126e-01
 2  2.123656e-01
 3  1.332777e-01
 4  9.611112e-02
 5  7.263221e-02
 6  5.580779e-02
 7  4.393273e-02
 8  3.380998e-02
 9  2.694953e-02
 10  2.134346e-02
 11  1.685820e-02
 12  1.349433e-02
 13  1.091969e-02
 14  9.362645e-03
 15  8.292312e-03
 16  7.478774e-03
 17  6.834939e-03
 18  6.328106e-03
 19  5.943938e-03
 20  5.712213e-03
 21  5.563733e-03
 22  5.386007e-03
 23  5.139752e-03
 24  4.800535e-03
 25  4.386051e-03
 26  4.031493e-03
 27  3.595440e-03
 28  3.096513e-03
 29  2.613492e-03
 30  2.200822e-03
 31  1.811567e-03
 32  1.448420e-03
 33  1.171429e-03
 34  9.532716e-04
 Iteration CPU time: 8 s
 CFIE residual: 0.000953272

 Iseg, Irank, Idinc : 1, 32, 179
 Thata, Phi : 90.000000, 178.000000
 Maximun iteration: 300
 Number of recycle truncation: 30
 Final matrix dimension:  36708
 Residual error:0.001000
 0  5.877247e-01
 1  2.970787e-01
 2  1.842198e-01
 3  1.302798e-01
 4  9.988457e-02
 5  7.978430e-02
 6  6.466413e-02
 7  5.406287e-02
 8  4.511018e-02
 9  3.710817e-02
 10  3.049154e-02
 11  2.506757e-02
 12  2.060662e-02
 13  1.674451e-02
 14  1.387791e-02
 15  1.136982e-02
 16  9.380765e-03
 17  7.733907e-03
 18  6.543175e-03
 19  5.432340e-03
 20  4.596191e-03
 21  3.937330e-03
 22  3.325068e-03
 23  2.851062e-03
 24  2.527975e-03
 25  2.233183e-03
 26  1.995124e-03
 27  1.801985e-03
 28  1.663447e-03
 29  1.538017e-03
 30  1.446095e-03
 31  1.387940e-03
 32  1.341612e-03
 33  1.293037e-03
 34  1.236367e-03
 35  1.160521e-03
 36  1.063295e-03
 37  9.685634e-04
 Iteration CPU time: 8 s
 CFIE residual: 0.000968563

 Iseg, Irank, Idinc : 1, 33, 3
 Thata, Phi : 90.000000, 2.000000
 Maximun iteration: 300
 Number of recycle truncation: 30
 Final matrix dimension:  36708
 Residual error:0.001000
 0  5.221283e-01
 1  2.730684e-01
 2  1.770925e-01
 3  1.214798e-01
 4  8.788635e-02
 5  6.677592e-02
 6  5.117028e-02
 7  3.795427e-02
 8  2.905534e-02
 9  2.327970e-02
 10  1.899551e-02
 11  1.506997e-02
 12  1.166663e-02
 13  9.578503e-03
 14  7.952774e-03
 15  6.552478e-03
 16  5.522408e-03
 17  4.753561e-03
 18  3.983521e-03
 19  3.435402e-03
 20  2.957921e-03
 21  2.560591e-03
 22  2.208763e-03
 23  1.877357e-03
 24  1.626910e-03
 25  1.407630e-03
 26  1.209977e-03
 27  1.053472e-03
 28  9.313833e-04
 Iteration CPU time: 7 s
 CFIE residual: 0.000931383

 Iseg, Irank, Idinc : 1, 34, 105
 Thata, Phi : 90.000000, 104.000000
 Maximun iteration: 300
 Number of recycle truncation: 30
 Final matrix dimension:  36708
 Residual error:0.001000
 0  6.111409e-01
 1  3.468462e-01
 2  2.149430e-01
 3  1.475270e-01
 4  1.051623e-01
 5  7.920306e-02
 6  6.071396e-02
 7  4.791867e-02
 8  3.839687e-02
 9  3.129349e-02
 10  2.548026e-02
 11  2.124675e-02
 12  1.720736e-02
 13  1.445945e-02
 14  1.229390e-02
 15  1.038296e-02
 16  9.091497e-03
 17  8.052641e-03
 18  7.125876e-03
 19  6.340953e-03
 20  5.732874e-03
 21  5.294664e-03
 22  5.045726e-03
 23  4.860761e-03
 24  4.712234e-03
 25  4.550005e-03
 26  4.387757e-03
 27  4.144144e-03
 28  3.867803e-03
 29  3.528250e-03
 30  3.120519e-03
 31  2.684063e-03
 32  2.277660e-03
 33  1.895057e-03
 34  1.569501e-03
 35  1.290623e-03
 36  1.039482e-03
 37  8.372937e-04
 Iteration CPU time: 8 s
 CFIE residual: 0.000837294

 Iseg, Irank, Idinc : 1, 35, 37
 Thata, Phi : 90.000000, 36.000000
 Maximun iteration: 300
 Number of recycle truncation: 30
 Final matrix dimension:  36708
 Residual error:0.001000
 0  6.228917e-01
 1  3.126455e-01
 2  1.914905e-01
 3  1.209971e-01
 4  8.371963e-02
 5  6.106903e-02
 6  4.578550e-02
 7  3.484915e-02
 8  2.697771e-02
 9  2.119040e-02
 10  1.646793e-02
 11  1.337977e-02
 12  1.076638e-02
 13  9.009264e-03
 14  7.429461e-03
 15  6.243283e-03
 16  5.365246e-03
 17  4.624273e-03
 18  4.036536e-03
 19  3.588287e-03
 20  3.319395e-03
 21  3.089455e-03
 22  2.941199e-03
 23  2.827273e-03
 24  2.731511e-03
 25  2.631561e-03
 26  2.537628e-03
 27  2.411120e-03
 28  2.258043e-03
 29  2.068813e-03
 30  1.888935e-03
 31  1.691600e-03
 32  1.487191e-03
 33  1.279899e-03
 34  1.080972e-03
 35  9.123153e-04
 Iteration CPU time: 8 s
 CFIE residual: 0.000912315

 Iseg, Irank, Idinc : 1, 36, 163
 Thata, Phi : 90.000000, 162.000000
 Maximun iteration: 300
 Number of recycle truncation: 30
 Final matrix dimension:  36708
 Residual error:0.001000
 0  6.065728e-01
 1  3.062421e-01
 2  1.867617e-01
 3  1.292934e-01
 4  9.781704e-02
 5  7.840578e-02
 6  6.324064e-02
 7  5.209452e-02
 8  4.373778e-02
 9  3.802942e-02
 10  3.288976e-02
 11  2.823135e-02
 12  2.431967e-02
 13  2.108808e-02
 14  1.780768e-02
 15  1.523036e-02
 16  1.289582e-02
 17  1.070326e-02
 18  9.084920e-03
 19  7.652540e-03
 20  6.419719e-03
 21  5.413415e-03
 22  4.650311e-03
 23  4.049842e-03
 24  3.521154e-03
 25  3.136698e-03
 26  2.857654e-03
 27  2.637844e-03
 28  2.495187e-03
 29  2.376040e-03
 30  2.268896e-03
 31  2.160446e-03
 32  2.061572e-03
 33  1.943079e-03
 34  1.797893e-03
 35  1.612107e-03
 36  1.386763e-03
 37  1.141684e-03
 38  9.240635e-04
 Iteration CPU time: 9 s
 CFIE residual: 0.000924063

 Iseg, Irank, Idinc : 1, 37, 68
 Thata, Phi : 90.000000, 67.000000
 Maximun iteration: 300
 Number of recycle truncation: 30
 Final matrix dimension:  36708
 Residual error:0.001000
 0  6.478236e-01
 1  3.672749e-01
 2  2.344035e-01
 3  1.496683e-01
 4  1.063166e-01
 5  8.288253e-02
 6  6.279744e-02
 7  4.987460e-02
 8  3.944901e-02
 9  3.203507e-02
 10  2.494344e-02
 11  2.034660e-02
 12  1.640459e-02
 13  1.356297e-02
 14  1.171691e-02
 15  1.033310e-02
 16  9.330273e-03
 17  8.553950e-03
 18  7.990604e-03
 19  7.563770e-03
 20  7.303753e-03
 21  7.114104e-03
 22  6.868920e-03
 23  6.550238e-03
 24  6.099753e-03
 25  5.648724e-03
 26  5.173357e-03
 27  4.634717e-03
 28  4.092530e-03
 29  3.444058e-03
 30  2.802416e-03
 31  2.285309e-03
 32  1.907450e-03
 33  1.522347e-03
 34  1.245596e-03
 35  1.031988e-03
 36  8.529023e-04
 Iteration CPU time: 8 s
 CFIE residual: 0.000852902

 Iseg, Irank, Idinc : 1, 38, 120
 Thata, Phi : 90.000000, 119.000000
 Maximun iteration: 300
 Number of recycle truncation: 30
 Final matrix dimension:  36708
 Residual error:0.001000
 0  6.468232e-01
 1  3.434009e-01
 2  2.172134e-01
 3  1.522304e-01
 4  1.090013e-01
 5  8.105954e-02
 6  6.392814e-02
 7  4.987820e-02
 8  3.967648e-02
 9  3.207959e-02
 10  2.591209e-02
 11  2.072622e-02
 12  1.658168e-02
 13  1.342744e-02
 14  1.127053e-02
 15  9.537825e-03
 16  8.193363e-03
 17  7.268585e-03
 18  6.305100e-03
 19  5.559831e-03
 20  5.115333e-03
 21  4.730392e-03
 22  4.477877e-03
 23  4.276933e-03
 24  4.113524e-03
 25  3.961479e-03
 26  3.813602e-03
 27  3.658062e-03
 28  3.521752e-03
 29  3.373839e-03
 30  3.178730e-03
 31  2.896687e-03
 32  2.622068e-03
 33  2.226281e-03
 34  1.895200e-03
 35  1.584116e-03
 36  1.300463e-03
 37  1.036795e-03
 38  7.849162e-04
 Iteration CPU time: 9 s
 CFIE residual: 0.000784916

 Iseg, Irank, Idinc : 1, 39, 12
 Thata, Phi : 90.000000, 11.000000
 Maximun iteration: 300
 Number of recycle truncation: 30
 Final matrix dimension:  36708
 Residual error:0.001000
 0  5.641506e-01
 1  2.812310e-01
 2  1.770841e-01
 3  1.234962e-01
 4  8.980653e-02
 5  6.695753e-02
 6  5.079141e-02
 7  3.958236e-02
 8  3.092088e-02
 9  2.436076e-02
 10  1.936239e-02
 11  1.518558e-02
 12  1.207617e-02
 13  9.903039e-03
 14  8.210678e-03
 15  6.552728e-03
 16  5.600029e-03
 17  4.779635e-03
 18  4.100429e-03
 19  3.500999e-03
 20  3.057701e-03
 21  2.680347e-03
 22  2.302563e-03
 23  2.041253e-03
 24  1.825400e-03
 25  1.664884e-03
 26  1.508289e-03
 27  1.378674e-03
 28  1.285326e-03
 29  1.212982e-03
 30  1.153483e-03
 31  1.111814e-03
 32  1.069689e-03
 33  1.017680e-03
 34  9.653732e-04
 Iteration CPU time: 7 s
 CFIE residual: 0.000965373

 Iseg, Irank, Idinc : 1, 40, 180
 Thata, Phi : 90.000000, 179.000000
 Maximun iteration: 300
 Number of recycle truncation: 30
 Final matrix dimension:  36708
 Residual error:0.001000
 0  5.876894e-01
 1  2.970489e-01
 2  1.841228e-01
 3  1.301250e-01
 4  9.961183e-02
 5  7.951245e-02
 6  6.444197e-02
 7  5.384316e-02
 8  4.496378e-02
 9  3.690312e-02
 10  3.019424e-02
 11  2.471213e-02
 12  2.008243e-02
 13  1.634296e-02
 14  1.340573e-02
 15  1.097077e-02
 16  9.046736e-03
 17  7.426759e-03
 18  6.262571e-03
 19  5.216049e-03
 20  4.383916e-03
 21  3.742581e-03
 22  3.161946e-03
 23  2.708232e-03
 24  2.392643e-03
 25  2.118302e-03
 26  1.897452e-03
 27  1.715941e-03
 28  1.587029e-03
 29  1.463486e-03
 30  1.371179e-03
 31  1.312982e-03
 32  1.265356e-03
 33  1.214986e-03
 34  1.151519e-03
 35  1.052927e-03
 36  9.389169e-04
 Iteration CPU time: 9 s
 CFIE residual: 0.000938917
 Last Built End in Sep 21 2025 00:06:12
 Total CPU time: 342 s
 Finished.
