 Last Built Begin in Sep 21 2025 00:06:12
 Pre-Type( Input ):            8
 Skl-Tol ( Input ):    1.0000000000000000E-002
 Wavelength in freespace: 0.46875

 ################################################
 ##         Generating Required Mesh          ##
 ##         Waiting.....                      ##
 ################################################
 Subd No.      Subd Name
    1    sphere1                                                           
 isub,  nnode, npatch,  nedge:
    1       604      1204      1806
 Scale Factor         >>   9.99999978E-03
 ################################################

 START TIME: 20250922   001647.763


 Informaton for IE geometry:
 number of subdomains     : 1
 maxnode,maxpatch,maxedge : 604  1204  1806
 
 Index of Mat-Reg: 1
 Mat-Reg Number via MatFlg: 1
 Edge Number of Mat-Reg: 1, 1806

 Number of Edge on PEC: 0
 Mat-Reg: No Dim(m) Lmax:
    1 0.213    1
 Totlmax, add1, add2:           1           2           3
 rlengmax of Global MLFMA >>   0.21333332061866667     
 Lmax of Global MLFMA >>            1
 Wavenum of Mat-Reg:
    1 1.000

 total area in sq m           =      0.1254
 total area in sq lambda      =      0.5705
 maxnode, maxpatch, maxedge           =      604     1204     1806
 longest  edge in lambda              =      0.0465
 shortest edge in lambda              =      0.0203
 average  edge in lambda              =      0.0331
 largest  patch area in sq lambda     =      0.0008
 smallest patch area in sq lambda     =      0.0002
 ave    surface area in sq lambda     =      0.0005
 size range of the object in sq lambda =      0.4267

 #### MLFMA Info For Each Region ####
 Mat-Region =            1
 Array dimension parameters:
 maxrule=          14   maxgrid  =          64
 lmax   =           1   ncmax    =           9
 lsmax  =           1   lsmin    =           1
 kpm    =           1   kp0      =           1
 ntlm   =           1   nsm      =           1
 nkpm   =           1   niplm    =          16
 ngnearm=          64   ngsndm   =           1
 nearm  =        1807   mfinestm =         244
 ###############################

 CFIE Alpha:  0.50000000000000000     

 Fill MLFMA NI for Mat-Reg:           1
 Begin fill sparser part of Nearfield
 Begin fill denser part of Nearfield
 End fill
 Filling Amn                 Delta_CPU=         47.40 Memory(MB)=        200.07


 Now testing preconditioner with
 ipretype =            8
 method = cfie_solve_nfpre_pardiso

  
 NBP>>Begin fill sparser part of Nearfield
 NBP>>Begin fill denser part of Nearfield

212.5000%
225.0000%
237.5000%
250.0000%
262.5000%
275.0000%
287.5000%
300.0000%
 Begin MLFMA Box-Matrix Based Prec Constructor
 --- Intel MKL PARDISO --- 
  >> Solver Initialized
  >> Proceed to ngrp_box loop
  >> Loop 0 Initialized
 Memory for iGRP: 1 0 MB
 Total Memory For NFB Pre: 0 MB
 --- PARDISO PRECONDITIONER INITIALIZED --- 
 Constructing preconditioner CPU time: 0 s
 
 108360
 Memory for Iteration:: 1.65344 MB

 Iseg, Ninc_S : 1, 181, 0

 Iseg, Skeleton Angles: 1, 7
 Iseg, Skel-Pk Mem(MB): 1, 30.95

 Iseg, Irank, Idinc : 1, 1, 73
 Thata, Phi : 90.000000, 72.000000
 Maximun iteration: 300
 Number of recycle truncation: 30
 Final matrix dimension:  3612
 Residual error:0.010000
 0  2.185995e-01
 1  9.758597e-02
 2  4.383160e-02
 3  2.075801e-02
 4  9.010794e-03
 Iteration CPU time: 0 s
 CFIE residual: 0.00901079

 Iseg, Irank, Idinc : 1, 2, 148
 Thata, Phi : 90.000000, 147.000000
 Maximun iteration: 300
 Number of recycle truncation: 30
 Final matrix dimension:  3612
 Residual error:0.010000
 0  2.131281e-01
 1  8.940483e-02
 2  3.984765e-02
 3  1.813667e-02
 4  8.251204e-03
 Iteration CPU time: 0 s
 CFIE residual: 0.0082512

 Iseg, Irank, Idinc : 1, 3, 1
 Thata, Phi : 90.000000, 0.000000
 Maximun iteration: 300
 Number of recycle truncation: 30
 Final matrix dimension:  3612
 Residual error:0.010000
 0  2.257766e-01
 1  9.707690e-02
 2  4.378630e-02
 3  2.039744e-02
 4  8.700018e-03
 Iteration CPU time: 0 s
 CFIE residual: 0.00870002

 Iseg, Irank, Idinc : 1, 4, 181
 Thata, Phi : 90.000000, 180.000000
 Maximun iteration: 300
 Number of recycle truncation: 30
 Final matrix dimension:  3612
 Residual error:0.010000
 0  2.213718e-01
 1  9.597012e-02
 2  4.227334e-02
 3  1.847424e-02
 4  8.278424e-03
 Iteration CPU time: 0 s
 CFIE residual: 0.00827842

 Iseg, Irank, Idinc : 1, 5, 34
 Thata, Phi : 90.000000, 33.000000
 Maximun iteration: 300
 Number of recycle truncation: 30
 Final matrix dimension:  3612
 Residual error:0.010000
 0  2.160571e-01
 1  9.135108e-02
 2  4.179181e-02
 3  2.012099e-02
 4  8.739905e-03
 Iteration CPU time: 0 s
 CFIE residual: 0.00873991

 Iseg, Irank, Idinc : 1, 6, 112
 Thata, Phi : 90.000000, 111.000000
 Maximun iteration: 300
 Number of recycle truncation: 30
 Final matrix dimension:  3612
 Residual error:0.010000
 0  2.159281e-01
 1  9.474317e-02
 2  4.193018e-02
 3  1.958632e-02
 4  8.825431e-03
 Iteration CPU time: 1 s
 CFIE residual: 0.00882543

 Iseg, Irank, Idinc : 1, 7, 168
 Thata, Phi : 90.000000, 167.000000
 Maximun iteration: 300
 Number of recycle truncation: 30
 Final matrix dimension:  3612
 Residual error:0.010000
 0  2.196263e-01
 1  9.430473e-02
 2  4.180643e-02
 3  1.841243e-02
 4  8.276797e-03
 Iteration CPU time: 0 s
 CFIE residual: 0.0082768
 Last Built End in Sep 21 2025 00:06:12
 Total CPU time: 7 s
 Finished.
