 Last Built Begin in Sep 21 2025 00:06:12
 Pre-Type( Input ):           10
 Skl-Tol ( Input ):    1.0000000000000001E-005
 Wavelength in freespace: 0.0290698

 ################################################
 ##         Generating Required Mesh          ##
 ##         Waiting.....                      ##
 ################################################
 Subd No.      Subd Name
    1    Open-Duct_PRIME_model_meshAA1                                     
 isub,  nnode, npatch,  nedge:
    1      6118     12236     18354
 Scale Factor         >>   1.54999997E-02
 ################################################

 START TIME: 20250922   075427.358


 Informaton for IE geometry:
 number of subdomains     : 1
 maxnode,maxpatch,maxedge : 6118  12236  18354
 
 Index of Mat-Reg: 1
 Mat-Reg Number via MatFlg: 1
 Edge Number of Mat-Reg: 1, 18354

 Number of Edge on PEC: 18354
 Mat-Reg: No Dim(m) Lmax:
    1 0.247    5
 Totlmax, add1, add2:           5           6           7
 rlengmax of Global MLFMA >>   0.24665064700044997     
 Lmax of Global MLFMA >>            5
 Wavenum of Mat-Reg:
    1 1.000

 total area in sq m           =      0.0510
 total area in sq lambda      =     60.3158
 maxnode, maxpatch, maxedge           =     6118    12236    18354
 longest  edge in lambda              =      0.1606
 shortest edge in lambda              =      0.0076
 average  edge in lambda              =      0.1072
 largest  patch area in sq lambda     =      0.0087
 smallest patch area in sq lambda     =      0.0000
 ave    surface area in sq lambda     =      0.0049
 size range of the object in sq lambda =      7.8928

 #### MLFMA Info For Each Region ####
 Mat-Region =            1
 Array dimension parameters:
 maxrule=          14   maxgrid  =          64
 lmax   =           5   ncmax    =        1250
 lsmax  =          27   lsmin    =           7
 kpm    =        1462   kp0      =         102
 ntlm   =      217096   nsm      =      232158
 nkpm   =        2284   niplm    =      146176
 ngnearm=       14257   ngsndm   =       64634
 nearm  =         333   mfinestm =         119
 ###############################

 CFIE Alpha:  0.50000000000000000     

 Fill MLFMA FI for Mat-Reg:           1
 Begin filltl.f
 fill translation matrix
 Level:            2
 fill shifting matrix
 Level:            3
 fill shifting matrix
 Level:            4
 fill shifting matrix
 Level:            5
 fill shifting matrix
 translator time(s):  0.127000004    
 fill interpolation matrix
 ThetaOrder            8
 PhiOrder            8
 lsl            7
 Filling TL                  Delta_CPU=          0.55 Memory(MB)=        653.98
 Filling sndgrp              Delta_CPU=          0.00 Memory(MB)=        653.98
 Filling VFS                 Delta_CPU=          3.19 Memory(MB)=        653.98

 Fill MLFMA NI for Mat-Reg:           1
 Begin fill sparser part of Nearfield
 Begin fill denser part of Nearfield
 End fill
 Filling Amn                 Delta_CPU=         90.18 Memory(MB)=        653.98


 Now testing preconditioner with
 ipretype =           10
 method = cfie_solve_nfrasspspre_pardiso

  
 NBP>>Begin fill sparser part of Nearfield

117.1696% NBP>>Begin fill denser part of Nearfield

200.1041%
 Begin MLFMA Box-Matrix Based Spar-RAS Prec Constructor
 --- Intel MKL PARDISO --- 
 Memory for iGroup: 1 0 MB
 Total Memory For SparRAS Pre: 0 MB
 --- PARDISO PRECONDITIONER INITIALIZED --- 
 Constructing preconditioner CPU time: 4 s
 
 1101240
 Memory for Iteration:: 16.8036 MB

 Iseg, Ninc_S : 1, 181, 0

 Iseg, Skeleton Angles: 1, 40
 Iseg, Skel-Pk Mem(MB): 1, 314.35

 Iseg, Irank, Idinc : 1, 1, 42
 Thata, Phi : 90.000000, 41.000000
 Maximun iteration: 300
 Number of recycle truncation: 30
 Final matrix dimension:  36708
 Residual error:0.001000
 0  6.313071e-01
 1  3.151433e-01
 2  1.988557e-01
 3  1.273813e-01
 4  8.848547e-02
 5  6.491489e-02
 6  4.916467e-02
 7  3.762296e-02
 8  2.860978e-02
 9  2.229577e-02
 10  1.665902e-02
 11  1.357336e-02
 12  1.110341e-02
 13  9.137110e-03
 14  7.857890e-03
 15  6.823704e-03
 16  5.967562e-03
 17  5.194673e-03
 18  4.656198e-03
 19  4.297916e-03
 20  4.068049e-03
 21  3.877137e-03
 22  3.739954e-03
 23  3.624589e-03
 24  3.482532e-03
 25  3.308133e-03
 26  3.116149e-03
 27  2.888790e-03
 28  2.602270e-03
 29  2.306453e-03
 30  2.044702e-03
 31  1.770506e-03
 32  1.483177e-03
 33  1.216640e-03
 34  1.020598e-03
 35  8.232525e-04
 Iteration CPU time: 8 s
 CFIE residual: 0.000823252

 Iseg, Irank, Idinc : 1, 2, 63
 Thata, Phi : 90.000000, 62.000000
 Maximun iteration: 300
 Number of recycle truncation: 30
 Final matrix dimension:  36708
 Residual error:0.001000
 0  6.557611e-01
 1  3.581913e-01
 2  2.232587e-01
 3  1.428929e-01
 4  1.014182e-01
 5  7.812013e-02
 6  5.898721e-02
 7  4.739260e-02
 8  3.751440e-02
 9  3.003819e-02
 10  2.323118e-02
 11  1.858322e-02
 12  1.520977e-02
 13  1.266135e-02
 14  1.100957e-02
 15  9.887985e-03
 16  8.917837e-03
 17  8.247051e-03
 18  7.840928e-03
 19  7.487285e-03
 20  7.223091e-03
 21  7.031653e-03
 22  6.754340e-03
 23  6.387522e-03
 24  5.900863e-03
 25  5.352565e-03
 26  4.868489e-03
 27  4.303810e-03
 28  3.694542e-03
 29  3.063611e-03
 30  2.499414e-03
 31  2.033144e-03
 32  1.661019e-03
 33  1.325238e-03
 34  1.088367e-03
 35  8.888760e-04
 Iteration CPU time: 8 s
 CFIE residual: 0.000888876

 Iseg, Irank, Idinc : 1, 3, 108
 Thata, Phi : 90.000000, 107.000000
 Maximun iteration: 300
 Number of recycle truncation: 30
 Final matrix dimension:  36708
 Residual error:0.001000
 0  6.178552e-01
 1  3.498979e-01
 2  2.169402e-01
 3  1.478735e-01
 4  1.049261e-01
 5  7.897628e-02
 6  6.089488e-02
 7  4.758419e-02
 8  3.815986e-02
 9  3.096084e-02
 10  2.509896e-02
 11  2.081304e-02
 12  1.693013e-02
 13  1.424111e-02
 14  1.209843e-02
 15  1.024218e-02
 16  9.055563e-03
 17  8.059421e-03
 18  7.169469e-03
 19  6.470668e-03
 20  5.914781e-03
 21  5.481731e-03
 22  5.236486e-03
 23  5.049669e-03
 24  4.895059e-03
 25  4.737866e-03
 26  4.530779e-03
 27  4.255379e-03
 28  3.916673e-03
 29  3.532134e-03
 30  3.048226e-03
 31  2.522975e-03
 32  2.052420e-03
 33  1.677679e-03
 34  1.379043e-03
 35  1.135139e-03
 36  8.959173e-04
 Iteration CPU time: 8 s
 CFIE residual: 0.000895917

 Iseg, Irank, Idinc : 1, 4, 22
 Thata, Phi : 90.000000, 21.000000
 Maximun iteration: 300
 Number of recycle truncation: 30
 Final matrix dimension:  36708
 Residual error:0.001000
 0  6.308792e-01
 1  2.955178e-01
 2  1.744237e-01
 3  1.154909e-01
 4  8.034259e-02
 5  5.928504e-02
 6  4.483823e-02
 7  3.501589e-02
 8  2.795995e-02
 9  2.250097e-02
 10  1.831964e-02
 11  1.482295e-02
 12  1.198233e-02
 13  1.009804e-02
 14  8.342062e-03
 15  6.900907e-03
 16  5.994021e-03
 17  5.136857e-03
 18  4.328520e-03
 19  3.726596e-03
 20  3.261625e-03
 21  2.886625e-03
 22  2.569897e-03
 23  2.348430e-03
 24  2.181917e-03
 25  2.060385e-03
 26  1.952521e-03
 27  1.853024e-03
 28  1.790888e-03
 29  1.720931e-03
 30  1.652391e-03
 31  1.577523e-03
 32  1.478391e-03
 33  1.348198e-03
 34  1.190517e-03
 35  1.043707e-03
 36  9.008519e-04
 Iteration CPU time: 9 s
 CFIE residual: 0.000900852

 Iseg, Irank, Idinc : 1, 5, 147
 Thata, Phi : 90.000000, 146.000000
 Maximun iteration: 300
 Number of recycle truncation: 30
 Final matrix dimension:  36708
 Residual error:0.001000
 0  6.563248e-01
 1  3.456809e-01
 2  2.099942e-01
 3  1.411802e-01
 4  1.008129e-01
 5  7.698061e-02
 6  5.969570e-02
 7  4.744849e-02
 8  3.957621e-02
 9  3.374990e-02
 10  2.874818e-02
 11  2.508697e-02
 12  2.201844e-02
 13  1.878698e-02
 14  1.566378e-02
 15  1.343818e-02
 16  1.156383e-02
 17  9.580910e-03
 18  8.157536e-03
 19  7.122029e-03
 20  6.233219e-03
 21  5.539627e-03
 22  5.041636e-03
 23  4.643455e-03
 24  4.383583e-03
 25  4.162942e-03
 26  3.978004e-03
 27  3.788197e-03
 28  3.653678e-03
 29  3.481799e-03
 30  3.277980e-03
 31  3.040352e-03
 32  2.762956e-03
 33  2.402956e-03
 34  2.027343e-03
 35  1.684519e-03
 36  1.374997e-03
 37  1.060560e-03
 38  8.348929e-04
 Iteration CPU time: 8 s
 CFIE residual: 0.000834893

 Iseg, Irank, Idinc : 1, 6, 136
 Thata, Phi : 90.000000, 135.000000
 Maximun iteration: 300
 Number of recycle truncation: 30
 Final matrix dimension:  36708
 Residual error:0.001000
 0  6.957951e-01
 1  3.497149e-01
 2  2.177468e-01
 3  1.476753e-01
 4  1.062318e-01
 5  7.989933e-02
 6  6.032399e-02
 7  4.774509e-02
 8  3.853360e-02
 9  3.268177e-02
 10  2.665704e-02
 11  2.219840e-02
 12  1.838430e-02
 13  1.566533e-02
 14  1.318380e-02
 15  1.102963e-02
 16  9.571540e-03
 17  8.252989e-03
 18  7.310314e-03
 19  6.475189e-03
 20  5.922289e-03
 21  5.483678e-03
 22  5.124054e-03
 23  4.873045e-03
 24  4.654926e-03
 25  4.483634e-03
 26  4.306273e-03
 27  4.111620e-03
 28  3.920050e-03
 29  3.692508e-03
 30  3.409141e-03
 31  3.061974e-03
 32  2.736906e-03
 33  2.384192e-03
 34  2.045958e-03
 35  1.758144e-03
 36  1.467963e-03
 37  1.192719e-03
 38  9.345504e-04
 Iteration CPU time: 9 s
 CFIE residual: 0.00093455

 Iseg, Irank, Idinc : 1, 7, 83
 Thata, Phi : 90.000000, 82.000000
 Maximun iteration: 300
 Number of recycle truncation: 30
 Final matrix dimension:  36708
 Residual error:0.001000
 0  6.077275e-01
 1  3.482703e-01
 2  2.225078e-01
 3  1.496314e-01
 4  1.089316e-01
 5  8.353209e-02
 6  6.420728e-02
 7  5.090620e-02
 8  4.110988e-02
 9  3.214944e-02
 10  2.597344e-02
 11  2.171872e-02
 12  1.798010e-02
 13  1.521687e-02
 14  1.322513e-02
 15  1.175031e-02
 16  1.036324e-02
 17  9.496330e-03
 18  8.904829e-03
 19  8.360160e-03
 20  7.953889e-03
 21  7.665527e-03
 22  7.384941e-03
 23  7.091976e-03
 24  6.768368e-03
 25  6.380158e-03
 26  5.919991e-03
 27  5.418900e-03
 28  4.831072e-03
 29  4.228738e-03
 30  3.539937e-03
 31  2.967191e-03
 32  2.511385e-03
 33  2.004292e-03
 34  1.624695e-03
 35  1.284302e-03
 36  1.063146e-03
 37  8.546663e-04
 Iteration CPU time: 8 s
 CFIE residual: 0.000854666

 Iseg, Irank, Idinc : 1, 8, 72
 Thata, Phi : 90.000000, 71.000000
 Maximun iteration: 300
 Number of recycle truncation: 30
 Final matrix dimension:  36708
 Residual error:0.001000
 0  6.345453e-01
 1  3.642754e-01
 2  2.349858e-01
 3  1.480229e-01
 4  1.044173e-01
 5  8.233456e-02
 6  6.351015e-02
 7  4.928876e-02
 8  3.915517e-02
 9  3.259854e-02
 10  2.603313e-02
 11  2.100759e-02
 12  1.693793e-02
 13  1.440933e-02
 14  1.260889e-02
 15  1.118900e-02
 16  1.021981e-02
 17  9.416802e-03
 18  8.840470e-03
 19  8.415282e-03
 20  8.141802e-03
 21  7.901140e-03
 22  7.613819e-03
 23  7.278448e-03
 24  6.760086e-03
 25  6.217448e-03
 26  5.631452e-03
 27  5.048717e-03
 28  4.432158e-03
 29  3.774774e-03
 30  3.113362e-03
 31  2.565949e-03
 32  2.117648e-03
 33  1.688271e-03
 34  1.358026e-03
 35  1.081788e-03
 36  8.821880e-04
 Iteration CPU time: 8 s
 CFIE residual: 0.000882188

 Iseg, Irank, Idinc : 1, 9, 159
 Thata, Phi : 90.000000, 158.000000
 Maximun iteration: 300
 Number of recycle truncation: 30
 Final matrix dimension:  36708
 Residual error:0.001000
 0  6.207172e-01
 1  3.148181e-01
 2  1.919348e-01
 3  1.299882e-01
 4  9.690704e-02
 5  7.737651e-02
 6  6.205844e-02
 7  5.094591e-02
 8  4.269575e-02
 9  3.685496e-02
 10  3.184796e-02
 11  2.805971e-02
 12  2.442847e-02
 13  2.073525e-02
 14  1.723657e-02
 15  1.487523e-02
 16  1.284484e-02
 17  1.067698e-02
 18  9.185214e-03
 19  7.812694e-03
 20  6.640934e-03
 21  5.713182e-03
 22  4.960269e-03
 23  4.377590e-03
 24  3.929920e-03
 25  3.587015e-03
 26  3.329268e-03
 27  3.127145e-03
 28  2.998575e-03
 29  2.885736e-03
 30  2.746643e-03
 31  2.593190e-03
 32  2.383241e-03
 33  2.156341e-03
 34  1.906703e-03
 35  1.617629e-03
 36  1.309884e-03
 37  1.027801e-03
 38  7.971693e-04
 Iteration CPU time: 8 s
 CFIE residual: 0.000797169

 Iseg, Irank, Idinc : 1, 10, 124
 Thata, Phi : 90.000000, 123.000000
 Maximun iteration: 300
 Number of recycle truncation: 30
 Final matrix dimension:  36708
 Residual error:0.001000
 0  6.547166e-01
 1  3.411847e-01
 2  2.206418e-01
 3  1.555842e-01
 4  1.124864e-01
 5  8.248776e-02
 6  6.551871e-02
 7  5.130934e-02
 8  4.156481e-02
 9  3.370902e-02
 10  2.659942e-02
 11  2.114866e-02
 12  1.660151e-02
 13  1.353518e-02
 14  1.123305e-02
 15  9.627765e-03
 16  8.272574e-03
 17  7.337760e-03
 18  6.409837e-03
 19  5.756694e-03
 20  5.316954e-03
 21  4.970104e-03
 22  4.676592e-03
 23  4.463099e-03
 24  4.269706e-03
 25  4.108951e-03
 26  3.934842e-03
 27  3.762066e-03
 28  3.602437e-03
 29  3.421491e-03
 30  3.182454e-03
 31  2.931155e-03
 32  2.662782e-03
 33  2.337320e-03
 34  2.035882e-03
 35  1.743440e-03
 36  1.459957e-03
 37  1.176535e-03
 38  9.219941e-04
 Iteration CPU time: 9 s
 CFIE residual: 0.000921994

 Iseg, Irank, Idinc : 1, 11, 53
 Thata, Phi : 90.000000, 52.000000
 Maximun iteration: 300
 Number of recycle truncation: 30
 Final matrix dimension:  36708
 Residual error:0.001000
 0  6.532618e-01
 1  3.447925e-01
 2  2.112549e-01
 3  1.350583e-01
 4  9.722525e-02
 5  7.435167e-02
 6  5.792825e-02
 7  4.447617e-02
 8  3.425449e-02
 9  2.717247e-02
 10  2.116119e-02
 11  1.674418e-02
 12  1.327177e-02
 13  1.076039e-02
 14  9.366718e-03
 15  8.231952e-03
 16  7.303248e-03
 17  6.718394e-03
 18  6.158883e-03
 19  5.723244e-03
 20  5.504543e-03
 21  5.340092e-03
 22  5.117658e-03
 23  4.906350e-03
 24  4.574450e-03
 25  4.162823e-03
 26  3.723941e-03
 27  3.275128e-03
 28  2.801690e-03
 29  2.313607e-03
 30  1.918837e-03
 31  1.602107e-03
 32  1.338245e-03
 33  1.082451e-03
 34  8.900813e-04
 Iteration CPU time: 8 s
 CFIE residual: 0.000890081

 Iseg, Irank, Idinc : 1, 12, 176
 Thata, Phi : 90.000000, 175.000000
 Maximun iteration: 300
 Number of recycle truncation: 30
 Final matrix dimension:  36708
 Residual error:0.001000
 0  5.881071e-01
 1  2.963749e-01
 2  1.841258e-01
 3  1.307434e-01
 4  1.008846e-01
 5  8.084523e-02
 6  6.565634e-02
 7  5.498467e-02
 8  4.581281e-02
 9  3.819510e-02
 10  3.216990e-02
 11  2.675782e-02
 12  2.222826e-02
 13  1.830127e-02
 14  1.551465e-02
 15  1.274853e-02
 16  1.069010e-02
 17  8.993755e-03
 18  7.620415e-03
 19  6.325320e-03
 20  5.418788e-03
 21  4.632348e-03
 22  3.938298e-03
 23  3.423239e-03
 24  3.046654e-03
 25  2.712547e-03
 26  2.442644e-03
 27  2.230142e-03
 28  2.070237e-03
 29  1.938411e-03
 30  1.835939e-03
 31  1.758045e-03
 32  1.692136e-03
 33  1.620052e-03
 34  1.547832e-03
 35  1.440711e-03
 36  1.310175e-03
 37  1.167250e-03
 38  1.004150e-03
 39  8.305279e-04
 Iteration CPU time: 8 s
 CFIE residual: 0.000830528

 Iseg, Irank, Idinc : 1, 13, 32
 Thata, Phi : 90.000000, 31.000000
 Maximun iteration: 300
 Number of recycle truncation: 30
 Final matrix dimension:  36708
 Residual error:0.001000
 0  6.314703e-01
 1  3.085146e-01
 2  1.830314e-01
 3  1.145420e-01
 4  8.024405e-02
 5  5.881509e-02
 6  4.354417e-02
 7  3.339666e-02
 8  2.624262e-02
 9  2.104687e-02
 10  1.683061e-02
 11  1.378502e-02
 12  1.104967e-02
 13  9.290155e-03
 14  7.697247e-03
 15  6.464789e-03
 16  5.552880e-03
 17  4.768964e-03
 18  4.104041e-03
 19  3.671328e-03
 20  3.369925e-03
 21  3.109399e-03
 22  2.916590e-03
 23  2.770919e-03
 24  2.655452e-03
 25  2.559944e-03
 26  2.460639e-03
 27  2.335519e-03
 28  2.207210e-03
 29  2.024149e-03
 30  1.834367e-03
 31  1.659444e-03
 32  1.474200e-03
 33  1.293748e-03
 34  1.085786e-03
 35  9.186927e-04
 Iteration CPU time: 8 s
 CFIE residual: 0.000918693

 Iseg, Irank, Idinc : 1, 14, 91
 Thata, Phi : 90.000000, 90.000000
 Maximun iteration: 300
 Number of recycle truncation: 30
 Final matrix dimension:  36708
 Residual error:0.001000
 0  5.995105e-01
 1  3.445990e-01
 2  2.180165e-01
 3  1.496479e-01
 4  1.076517e-01
 5  8.215791e-02
 6  6.410682e-02
 7  5.012724e-02
 8  4.079017e-02
 9  3.268593e-02
 10  2.687588e-02
 11  2.242417e-02
 12  1.882244e-02
 13  1.614774e-02
 14  1.401944e-02
 15  1.214351e-02
 16  1.063544e-02
 17  9.604304e-03
 18  8.788866e-03
 19  8.132671e-03
 20  7.624375e-03
 21  7.243613e-03
 22  6.930966e-03
 23  6.651708e-03
 24  6.424309e-03
 25  6.165934e-03
 26  5.854782e-03
 27  5.411816e-03
 28  4.846815e-03
 29  4.281102e-03
 30  3.688679e-03
 31  3.144245e-03
 32  2.624128e-03
 33  2.175654e-03
 34  1.774714e-03
 35  1.434090e-03
 36  1.157818e-03
 37  9.394521e-04
 Iteration CPU time: 8 s
 CFIE residual: 0.000939452

 Iseg, Irank, Idinc : 1, 15, 9
 Thata, Phi : 90.000000, 8.000000
 Maximun iteration: 300
 Number of recycle truncation: 30
 Final matrix dimension:  36708
 Residual error:0.001000
 0  5.454688e-01
 1  2.779294e-01
 2  1.772440e-01
 3  1.238108e-01
 4  9.018167e-02
 5  6.740837e-02
 6  5.123382e-02
 7  3.962534e-02
 8  3.104052e-02
 9  2.423842e-02
 10  1.935661e-02
 11  1.540656e-02
 12  1.240687e-02
 13  1.004036e-02
 14  8.226197e-03
 15  6.701511e-03
 16  5.733703e-03
 17  4.882304e-03
 18  4.170361e-03
 19  3.563995e-03
 20  3.090717e-03
 21  2.732449e-03
 22  2.362118e-03
 23  2.083184e-03
 24  1.858704e-03
 25  1.692186e-03
 26  1.516587e-03
 27  1.379838e-03
 28  1.282351e-03
 29  1.202039e-03
 30  1.147472e-03
 31  1.104757e-03
 32  1.062664e-03
 33  1.012466e-03
 34  9.606506e-04
 Iteration CPU time: 8 s
 CFIE residual: 0.000960651

 Iseg, Irank, Idinc : 1, 16, 100
 Thata, Phi : 90.000000, 99.000000
 Maximun iteration: 300
 Number of recycle truncation: 30
 Final matrix dimension:  36708
 Residual error:0.001000
 0  6.067313e-01
 1  3.428407e-01
 2  2.146220e-01
 3  1.457903e-01
 4  1.050546e-01
 5  7.951574e-02
 6  6.158440e-02
 7  4.894280e-02
 8  3.890055e-02
 9  3.214067e-02
 10  2.619946e-02
 11  2.189920e-02
 12  1.827366e-02
 13  1.551259e-02
 14  1.340486e-02
 15  1.149662e-02
 16  1.001697e-02
 17  8.977686e-03
 18  8.040366e-03
 19  7.280262e-03
 20  6.703267e-03
 21  6.284971e-03
 22  6.003173e-03
 23  5.792326e-03
 24  5.607927e-03
 25  5.365570e-03
 26  5.141229e-03
 27  4.795186e-03
 28  4.427652e-03
 29  3.965451e-03
 30  3.491677e-03
 31  2.992234e-03
 32  2.500993e-03
 33  2.043533e-03
 34  1.657738e-03
 35  1.334990e-03
 36  1.094338e-03
 37  8.713705e-04
 Iteration CPU time: 8 s
 CFIE residual: 0.000871371

 Iseg, Irank, Idinc : 1, 17, 115
 Thata, Phi : 90.000000, 114.000000
 Maximun iteration: 300
 Number of recycle truncation: 30
 Final matrix dimension:  36708
 Residual error:0.001000
 0  6.412115e-01
 1  3.484326e-01
 2  2.169583e-01
 3  1.507886e-01
 4  1.078061e-01
 5  7.902354e-02
 6  6.150312e-02
 7  4.834777e-02
 8  3.806256e-02
 9  3.061133e-02
 10  2.457709e-02
 11  1.973328e-02
 12  1.623525e-02
 13  1.358720e-02
 14  1.149214e-02
 15  9.808198e-03
 16  8.464849e-03
 17  7.470386e-03
 18  6.598833e-03
 19  5.953217e-03
 20  5.550838e-03
 21  5.225909e-03
 22  4.968936e-03
 23  4.788953e-03
 24  4.639917e-03
 25  4.516383e-03
 26  4.335291e-03
 27  4.116532e-03
 28  3.891329e-03
 29  3.592156e-03
 30  3.247597e-03
 31  2.866452e-03
 32  2.403812e-03
 33  1.970719e-03
 34  1.556629e-03
 35  1.285674e-03
 36  1.001334e-03
 37  7.991216e-04
 Iteration CPU time: 9 s
 CFIE residual: 0.000799122

 Iseg, Irank, Idinc : 1, 18, 1
 Thata, Phi : 90.000000, 0.000000
 Maximun iteration: 300
 Number of recycle truncation: 30
 Final matrix dimension:  36708
 Residual error:0.001000
 0  5.206519e-01
 1  2.727105e-01
 2  1.769939e-01
 3  1.209171e-01
 4  8.756981e-02
 5  6.679912e-02
 6  5.117153e-02
 7  3.794555e-02
 8  2.896955e-02
 9  2.327928e-02
 10  1.908894e-02
 11  1.505836e-02
 12  1.147415e-02
 13  9.468900e-03
 14  7.715024e-03
 15  6.449964e-03
 16  5.349217e-03
 17  4.629163e-03
 18  3.928189e-03
 19  3.407723e-03
 20  2.899337e-03
 21  2.478934e-03
 22  2.122683e-03
 23  1.798213e-03
 24  1.546680e-03
 25  1.329423e-03
 26  1.140442e-03
 27  1.014079e-03
 28  9.191158e-04
 Iteration CPU time: 6 s
 CFIE residual: 0.000919116

 Iseg, Irank, Idinc : 1, 19, 167
 Thata, Phi : 90.000000, 166.000000
 Maximun iteration: 300
 Number of recycle truncation: 30
 Final matrix dimension:  36708
 Residual error:0.001000
 0  5.950655e-01
 1  2.997669e-01
 2  1.850007e-01
 3  1.307080e-01
 4  1.003711e-01
 5  8.052727e-02
 6  6.468956e-02
 7  5.446520e-02
 8  4.574993e-02
 9  3.891047e-02
 10  3.263306e-02
 11  2.820253e-02
 12  2.472498e-02
 13  2.111756e-02
 14  1.771782e-02
 15  1.513568e-02
 16  1.313370e-02
 17  1.099472e-02
 18  9.249286e-03
 19  7.700572e-03
 20  6.529233e-03
 21  5.523215e-03
 22  4.776965e-03
 23  4.201207e-03
 24  3.670414e-03
 25  3.272576e-03
 26  2.981759e-03
 27  2.740202e-03
 28  2.573924e-03
 29  2.444981e-03
 30  2.329597e-03
 31  2.209675e-03
 32  2.107855e-03
 33  2.003058e-03
 34  1.858050e-03
 35  1.680590e-03
 36  1.469526e-03
 37  1.231572e-03
 38  1.013478e-03
 39  8.410357e-04
 Iteration CPU time: 9 s
 CFIE residual: 0.000841036

 Iseg, Irank, Idinc : 1, 20, 181
 Thata, Phi : 90.000000, 180.000000
 Maximun iteration: 300
 Number of recycle truncation: 30
 Final matrix dimension:  36708
 Residual error:0.001000
 0  5.878802e-01
 1  2.960960e-01
 2  1.833943e-01
 3  1.296359e-01
 4  9.918761e-02
 5  7.928368e-02
 6  6.442018e-02
 7  5.376802e-02
 8  4.494438e-02
 9  3.698420e-02
 10  3.030975e-02
 11  2.473595e-02
 12  1.999040e-02
 13  1.624707e-02
 14  1.323735e-02
 15  1.080100e-02
 16  8.855432e-03
 17  7.268075e-03
 18  6.154461e-03
 19  5.205030e-03
 20  4.377964e-03
 21  3.744316e-03
 22  3.160429e-03
 23  2.704768e-03
 24  2.368487e-03
 25  2.144660e-03
 26  1.954874e-03
 27  1.783001e-03
 28  1.650631e-03
 29  1.541683e-03
 30  1.448095e-03
 31  1.376428e-03
 32  1.311305e-03
 33  1.225410e-03
 34  1.108283e-03
 35  9.592625e-04
 Iteration CPU time: 8 s
 CFIE residual: 0.000959262

 Iseg, Irank, Idinc : 1, 21, 16
 Thata, Phi : 90.000000, 15.000000
 Maximun iteration: 300
 Number of recycle truncation: 30
 Final matrix dimension:  36708
 Residual error:0.001000
 0  5.926547e-01
 1  2.866026e-01
 2  1.761020e-01
 3  1.208205e-01
 4  8.639845e-02
 5  6.419708e-02
 6  4.891980e-02
 7  3.837168e-02
 8  3.019616e-02
 9  2.420248e-02
 10  1.942137e-02
 11  1.528921e-02
 12  1.216243e-02
 13  9.989440e-03
 14  8.420409e-03
 15  6.832885e-03
 16  5.813310e-03
 17  4.980321e-03
 18  4.244562e-03
 19  3.636014e-03
 20  3.174131e-03
 21  2.798869e-03
 22  2.437857e-03
 23  2.181201e-03
 24  1.990981e-03
 25  1.846494e-03
 26  1.711720e-03
 27  1.594595e-03
 28  1.518809e-03
 29  1.450578e-03
 30  1.392948e-03
 31  1.346540e-03
 32  1.286704e-03
 33  1.203097e-03
 34  1.109720e-03
 35  9.992909e-04
 Iteration CPU time: 8 s
 CFIE residual: 0.000999291

 Iseg, Irank, Idinc : 1, 22, 153
 Thata, Phi : 90.000000, 152.000000
 Maximun iteration: 300
 Number of recycle truncation: 30
 Final matrix dimension:  36708
 Residual error:0.001000
 0  6.361039e-01
 1  3.295845e-01
 2  2.025414e-01
 3  1.346712e-01
 4  9.824187e-02
 5  7.704719e-02
 6  6.017371e-02
 7  4.902755e-02
 8  4.043000e-02
 9  3.440656e-02
 10  2.940813e-02
 11  2.584792e-02
 12  2.255395e-02
 13  1.914033e-02
 14  1.592642e-02
 15  1.371743e-02
 16  1.197500e-02
 17  1.001483e-02
 18  8.611954e-03
 19  7.401566e-03
 20  6.451388e-03
 21  5.613192e-03
 22  4.920386e-03
 23  4.374002e-03
 24  4.018914e-03
 25  3.729660e-03
 26  3.508332e-03
 27  3.306606e-03
 28  3.178880e-03
 29  3.053626e-03
 30  2.888818e-03
 31  2.708195e-03
 32  2.473320e-03
 33  2.227956e-03
 34  1.883811e-03
 35  1.565596e-03
 36  1.287179e-03
 37  1.010323e-03
 38  7.927500e-04
 Iteration CPU time: 9 s
 CFIE residual: 0.00079275

 Iseg, Irank, Idinc : 1, 23, 77
 Thata, Phi : 90.000000, 76.000000
 Maximun iteration: 300
 Number of recycle truncation: 30
 Final matrix dimension:  36708
 Residual error:0.001000
 0  6.166937e-01
 1  3.552480e-01
 2  2.292019e-01
 3  1.471350e-01
 4  1.041574e-01
 5  7.962014e-02
 6  6.219029e-02
 7  4.850628e-02
 8  3.906504e-02
 9  3.094337e-02
 10  2.539444e-02
 11  2.094703e-02
 12  1.727388e-02
 13  1.479012e-02
 14  1.299231e-02
 15  1.143527e-02
 16  1.040761e-02
 17  9.638293e-03
 18  9.035681e-03
 19  8.531200e-03
 20  8.206410e-03
 21  7.932429e-03
 22  7.654599e-03
 23  7.340792e-03
 24  6.928067e-03
 25  6.462884e-03
 26  5.983269e-03
 27  5.444391e-03
 28  4.873597e-03
 29  4.230324e-03
 30  3.545825e-03
 31  2.952799e-03
 32  2.390271e-03
 33  1.955125e-03
 34  1.588397e-03
 35  1.245706e-03
 36  1.006539e-03
 37  8.149126e-04
 Iteration CPU time: 8 s
 CFIE residual: 0.000814913

 Iseg, Irank, Idinc : 1, 24, 130
 Thata, Phi : 90.000000, 129.000000
 Maximun iteration: 300
 Number of recycle truncation: 30
 Final matrix dimension:  36708
 Residual error:0.001000
 0  6.731639e-01
 1  3.484278e-01
 2  2.220414e-01
 3  1.522529e-01
 4  1.100448e-01
 5  8.129044e-02
 6  6.383660e-02
 7  5.059593e-02
 8  4.029351e-02
 9  3.332855e-02
 10  2.700224e-02
 11  2.161753e-02
 12  1.720259e-02
 13  1.395754e-02
 14  1.150850e-02
 15  9.890105e-03
 16  8.322282e-03
 17  7.217066e-03
 18  6.366857e-03
 19  5.740926e-03
 20  5.272102e-03
 21  4.943716e-03
 22  4.648977e-03
 23  4.426946e-03
 24  4.222792e-03
 25  4.074566e-03
 26  3.902713e-03
 27  3.730298e-03
 28  3.548762e-03
 29  3.313074e-03
 30  3.039593e-03
 31  2.716410e-03
 32  2.432302e-03
 33  2.103380e-03
 34  1.786332e-03
 35  1.501040e-03
 36  1.241496e-03
 37  9.963399e-04
 Iteration CPU time: 9 s
 CFIE residual: 0.00099634

 Iseg, Irank, Idinc : 1, 25, 48
 Thata, Phi : 90.000000, 47.000000
 Maximun iteration: 300
 Number of recycle truncation: 30
 Final matrix dimension:  36708
 Residual error:0.001000
 0  6.409399e-01
 1  3.321105e-01
 2  2.057588e-01
 3  1.340941e-01
 4  9.668398e-02
 5  7.378191e-02
 6  5.653779e-02
 7  4.307694e-02
 8  3.305376e-02
 9  2.564595e-02
 10  1.960352e-02
 11  1.549438e-02
 12  1.254230e-02
 13  1.038187e-02
 14  8.844955e-03
 15  7.730929e-03
 16  6.830596e-03
 17  6.127916e-03
 18  5.581769e-03
 19  5.191376e-03
 20  4.971568e-03
 21  4.804912e-03
 22  4.622297e-03
 23  4.438036e-03
 24  4.185150e-03
 25  3.923153e-03
 26  3.589796e-03
 27  3.241023e-03
 28  2.799538e-03
 29  2.397862e-03
 30  2.058369e-03
 31  1.747751e-03
 32  1.418857e-03
 33  1.159897e-03
 34  9.679811e-04
 Iteration CPU time: 8 s
 CFIE residual: 0.000967981

 Iseg, Irank, Idinc : 1, 26, 5
 Thata, Phi : 90.000000, 4.000000
 Maximun iteration: 300
 Number of recycle truncation: 30
 Final matrix dimension:  36708
 Residual error:0.001000
 0  5.272760e-01
 1  2.742601e-01
 2  1.770923e-01
 3  1.222566e-01
 4  8.890557e-02
 5  6.708253e-02
 6  5.106967e-02
 7  3.826255e-02
 8  2.985492e-02
 9  2.364906e-02
 10  1.903457e-02
 11  1.512246e-02
 12  1.195400e-02
 13  1.000926e-02
 14  8.231842e-03
 15  6.694934e-03
 16  5.722091e-03
 17  4.891400e-03
 18  4.112250e-03
 19  3.536163e-03
 20  3.062458e-03
 21  2.673787e-03
 22  2.316483e-03
 23  1.988662e-03
 24  1.751085e-03
 25  1.554207e-03
 26  1.361282e-03
 27  1.199608e-03
 28  1.090052e-03
 29  1.011175e-03
 30  9.552727e-04
 Iteration CPU time: 7 s
 CFIE residual: 0.000955273

 Iseg, Irank, Idinc : 1, 27, 172
 Thata, Phi : 90.000000, 171.000000
 Maximun iteration: 300
 Number of recycle truncation: 30
 Final matrix dimension:  36708
 Residual error:0.001000
 0  5.891408e-01
 1  2.969111e-01
 2  1.849550e-01
 3  1.317897e-01
 4  1.020234e-01
 5  8.185830e-02
 6  6.626794e-02
 7  5.572532e-02
 8  4.642280e-02
 9  3.895149e-02
 10  3.331761e-02
 11  2.832983e-02
 12  2.388002e-02
 13  2.007694e-02
 14  1.716150e-02
 15  1.425464e-02
 16  1.211751e-02
 17  1.020098e-02
 18  8.563009e-03
 19  7.142047e-03
 20  6.099275e-03
 21  5.162743e-03
 22  4.440695e-03
 23  3.904060e-03
 24  3.432728e-03
 25  3.055450e-03
 26  2.755453e-03
 27  2.524864e-03
 28  2.350290e-03
 29  2.208993e-03
 30  2.094031e-03
 31  1.994287e-03
 32  1.912523e-03
 33  1.828719e-03
 34  1.727980e-03
 35  1.605743e-03
 36  1.448638e-03
 37  1.282836e-03
 38  1.086411e-03
 39  9.030313e-04
 Iteration CPU time: 8 s
 CFIE residual: 0.000903031

 Iseg, Irank, Idinc : 1, 28, 96
 Thata, Phi : 90.000000, 95.000000
 Maximun iteration: 300
 Number of recycle truncation: 30
 Final matrix dimension:  36708
 Residual error:0.001000
 0  6.012771e-01
 1  3.425952e-01
 2  2.158291e-01
 3  1.453085e-01
 4  1.041567e-01
 5  7.978203e-02
 6  6.327169e-02
 7  4.974033e-02
 8  3.963264e-02
 9  3.186785e-02
 10  2.630994e-02
 11  2.170765e-02
 12  1.825470e-02
 13  1.579020e-02
 14  1.369827e-02
 15  1.179042e-02
 16  1.025849e-02
 17  9.174479e-03
 18  8.364218e-03
 19  7.619419e-03
 20  7.079503e-03
 21  6.688374e-03
 22  6.414464e-03
 23  6.185174e-03
 24  5.975646e-03
 25  5.746118e-03
 26  5.453154e-03
 27  5.105172e-03
 28  4.584006e-03
 29  4.088383e-03
 30  3.575940e-03
 31  3.046454e-03
 32  2.551274e-03
 33  2.102384e-03
 34  1.700358e-03
 35  1.352797e-03
 36  1.107496e-03
 37  9.068725e-04
 Iteration CPU time: 9 s
 CFIE residual: 0.000906873

 Iseg, Irank, Idinc : 1, 29, 27
 Thata, Phi : 90.000000, 26.000000
 Maximun iteration: 300
 Number of recycle truncation: 30
 Final matrix dimension:  36708
 Residual error:0.001000
 0  6.425476e-01
 1  3.020911e-01
 2  1.765873e-01
 3  1.129169e-01
 4  7.835775e-02
 5  5.758399e-02
 6  4.274415e-02
 7  3.306194e-02
 8  2.644335e-02
 9  2.158756e-02
 10  1.780250e-02
 11  1.444217e-02
 12  1.140363e-02
 13  9.522302e-03
 14  8.045696e-03
 15  6.826262e-03
 16  5.862008e-03
 17  4.936318e-03
 18  4.189576e-03
 19  3.718896e-03
 20  3.323841e-03
 21  3.004422e-03
 22  2.733540e-03
 23  2.547423e-03
 24  2.402511e-03
 25  2.300473e-03
 26  2.212791e-03
 27  2.111512e-03
 28  2.040638e-03
 29  1.941007e-03
 30  1.838678e-03
 31  1.715333e-03
 32  1.572438e-03
 33  1.403593e-03
 34  1.198890e-03
 35  1.022363e-03
 36  8.750066e-04
 Iteration CPU time: 8 s
 CFIE residual: 0.000875007

 Iseg, Irank, Idinc : 1, 30, 142
 Thata, Phi : 90.000000, 141.000000
 Maximun iteration: 300
 Number of recycle truncation: 30
 Final matrix dimension:  36708
 Residual error:0.001000
 0  6.859427e-01
 1  3.493942e-01
 2  2.112772e-01
 3  1.437370e-01
 4  1.038734e-01
 5  7.769661e-02
 6  5.997460e-02
 7  4.707737e-02
 8  3.867713e-02
 9  3.293819e-02
 10  2.794423e-02
 11  2.396939e-02
 12  2.054363e-02
 13  1.752480e-02
 14  1.472112e-02
 15  1.255104e-02
 16  1.079329e-02
 17  9.242182e-03
 18  7.898790e-03
 19  6.976554e-03
 20  6.227373e-03
 21  5.667514e-03
 22  5.257771e-03
 23  4.954389e-03
 24  4.729848e-03
 25  4.552484e-03
 26  4.381591e-03
 27  4.182664e-03
 28  4.002139e-03
 29  3.791779e-03
 30  3.530199e-03
 31  3.162990e-03
 32  2.798590e-03
 33  2.358626e-03
 34  2.006452e-03
 35  1.654318e-03
 36  1.336733e-03
 37  1.052313e-03
 38  8.146840e-04
 Iteration CPU time: 9 s
 CFIE residual: 0.000814684

 Iseg, Irank, Idinc : 1, 31, 58
 Thata, Phi : 90.000000, 57.000000
 Maximun iteration: 300
 Number of recycle truncation: 30
 Final matrix dimension:  36708
 Residual error:0.001000
 0  6.590729e-01
 1  3.482436e-01
 2  2.123420e-01
 3  1.333994e-01
 4  9.631283e-02
 5  7.280819e-02
 6  5.602483e-02
 7  4.413774e-02
 8  3.402127e-02
 9  2.723287e-02
 10  2.158724e-02
 11  1.710928e-02
 12  1.379268e-02
 13  1.124554e-02
 14  9.734088e-03
 15  8.704430e-03
 16  7.929749e-03
 17  7.307041e-03
 18  6.832432e-03
 19  6.435716e-03
 20  6.199007e-03
 21  6.027302e-03
 22  5.805273e-03
 23  5.508874e-03
 24  5.072987e-03
 25  4.563545e-03
 26  4.121490e-03
 27  3.613035e-03
 28  3.061337e-03
 29  2.545220e-03
 30  2.125055e-03
 31  1.737405e-03
 32  1.392898e-03
 33  1.119436e-03
 34  9.082022e-04
 Iteration CPU time: 8 s
 CFIE residual: 0.000908202

 Iseg, Irank, Idinc : 1, 32, 179
 Thata, Phi : 90.000000, 178.000000
 Maximun iteration: 300
 Number of recycle truncation: 30
 Final matrix dimension:  36708
 Residual error:0.001000
 0  5.879234e-01
 1  2.961510e-01
 2  1.835273e-01
 3  1.298494e-01
 4  9.956729e-02
 5  7.965420e-02
 6  6.472769e-02
 7  5.406577e-02
 8  4.514233e-02
 9  3.728539e-02
 10  3.073152e-02
 11  2.528663e-02
 12  2.082303e-02
 13  1.686629e-02
 14  1.413207e-02
 15  1.159633e-02
 16  9.587862e-03
 17  7.929778e-03
 18  6.709310e-03
 19  5.583912e-03
 20  4.762453e-03
 21  4.088328e-03
 22  3.467620e-03
 23  2.982539e-03
 24  2.654616e-03
 25  2.366545e-03
 26  2.133301e-03
 27  1.945152e-03
 28  1.805184e-03
 29  1.678992e-03
 30  1.581757e-03
 31  1.519000e-03
 32  1.464954e-03
 33  1.400799e-03
 34  1.327950e-03
 35  1.228766e-03
 36  1.109778e-03
 37  9.896513e-04
 Iteration CPU time: 8 s
 CFIE residual: 0.000989651

 Iseg, Irank, Idinc : 1, 33, 119
 Thata, Phi : 90.000000, 118.000000
 Maximun iteration: 300
 Number of recycle truncation: 30
 Final matrix dimension:  36708
 Residual error:0.001000
 0  6.466206e-01
 1  3.450055e-01
 2  2.165341e-01
 3  1.516982e-01
 4  1.089284e-01
 5  8.091305e-02
 6  6.346414e-02
 7  4.965904e-02
 8  3.930667e-02
 9  3.191923e-02
 10  2.586483e-02
 11  2.069340e-02
 12  1.675430e-02
 13  1.368026e-02
 14  1.152524e-02
 15  9.747080e-03
 16  8.443272e-03
 17  7.563444e-03
 18  6.601386e-03
 19  5.887853e-03
 20  5.479528e-03
 21  5.109908e-03
 22  4.889077e-03
 23  4.702369e-03
 24  4.543602e-03
 25  4.385287e-03
 26  4.209538e-03
 27  4.000537e-03
 28  3.819648e-03
 29  3.604208e-03
 30  3.349824e-03
 31  2.981293e-03
 32  2.616624e-03
 33  2.157402e-03
 34  1.798616e-03
 35  1.478660e-03
 36  1.185711e-03
 37  9.437053e-04
 Iteration CPU time: 9 s
 CFIE residual: 0.000943705

 Iseg, Irank, Idinc : 1, 34, 3
 Thata, Phi : 90.000000, 2.000000
 Maximun iteration: 300
 Number of recycle truncation: 30
 Final matrix dimension:  36708
 Residual error:0.001000
 0  5.223506e-01
 1  2.731277e-01
 2  1.770288e-01
 3  1.213272e-01
 4  8.801644e-02
 5  6.691446e-02
 6  5.114352e-02
 7  3.799463e-02
 8  2.919383e-02
 9  2.338929e-02
 10  1.907467e-02
 11  1.509677e-02
 12  1.165526e-02
 13  9.634245e-03
 14  7.974740e-03
 15  6.589344e-03
 16  5.570552e-03
 17  4.799481e-03
 18  4.033814e-03
 19  3.487045e-03
 20  3.003185e-03
 21  2.607815e-03
 22  2.261944e-03
 23  1.931843e-03
 24  1.686600e-03
 25  1.473942e-03
 26  1.274622e-03
 27  1.117395e-03
 28  9.977147e-04
 Iteration CPU time: 6 s
 CFIE residual: 0.000997715

 Iseg, Irank, Idinc : 1, 35, 37
 Thata, Phi : 90.000000, 36.000000
 Maximun iteration: 300
 Number of recycle truncation: 30
 Final matrix dimension:  36708
 Residual error:0.001000
 0  6.227163e-01
 1  3.125768e-01
 2  1.914149e-01
 3  1.211055e-01
 4  8.377001e-02
 5  6.104815e-02
 6  4.590333e-02
 7  3.499199e-02
 8  2.713849e-02
 9  2.136718e-02
 10  1.659254e-02
 11  1.348487e-02
 12  1.092464e-02
 13  9.146990e-03
 14  7.603479e-03
 15  6.448426e-03
 16  5.562622e-03
 17  4.841626e-03
 18  4.253581e-03
 19  3.819492e-03
 20  3.561225e-03
 21  3.339693e-03
 22  3.197634e-03
 23  3.082826e-03
 24  2.978097e-03
 25  2.862540e-03
 26  2.747726e-03
 27  2.587467e-03
 28  2.388510e-03
 29  2.154808e-03
 30  1.938906e-03
 31  1.710043e-03
 32  1.485553e-03
 33  1.275663e-03
 34  1.079832e-03
 35  8.912702e-04
 Iteration CPU time: 8 s
 CFIE residual: 0.00089127

 Iseg, Irank, Idinc : 1, 36, 163
 Thata, Phi : 90.000000, 162.000000
 Maximun iteration: 300
 Number of recycle truncation: 30
 Final matrix dimension:  36708
 Residual error:0.001000
 0  6.064565e-01
 1  3.059492e-01
 2  1.866469e-01
 3  1.292430e-01
 4  9.760849e-02
 5  7.838908e-02
 6  6.311739e-02
 7  5.204623e-02
 8  4.375072e-02
 9  3.812740e-02
 10  3.292817e-02
 11  2.833730e-02
 12  2.447194e-02
 13  2.122821e-02
 14  1.798495e-02
 15  1.541195e-02
 16  1.314763e-02
 17  1.095092e-02
 18  9.337426e-03
 19  7.879083e-03
 20  6.664675e-03
 21  5.644389e-03
 22  4.895177e-03
 23  4.293000e-03
 24  3.790766e-03
 25  3.419175e-03
 26  3.154763e-03
 27  2.934784e-03
 28  2.796153e-03
 29  2.670365e-03
 30  2.546625e-03
 31  2.416544e-03
 32  2.283845e-03
 33  2.126110e-03
 34  1.941775e-03
 35  1.695786e-03
 36  1.429696e-03
 37  1.157656e-03
 38  9.238038e-04
 Iteration CPU time: 9 s
 CFIE residual: 0.000923804

 Iseg, Irank, Idinc : 1, 37, 68
 Thata, Phi : 90.000000, 67.000000
 Maximun iteration: 300
 Number of recycle truncation: 30
 Final matrix dimension:  36708
 Residual error:0.001000
 0  6.474118e-01
 1  3.673967e-01
 2  2.345912e-01
 3  1.498188e-01
 4  1.064556e-01
 5  8.309349e-02
 6  6.304453e-02
 7  5.006024e-02
 8  3.966375e-02
 9  3.227478e-02
 10  2.516083e-02
 11  2.060609e-02
 12  1.670594e-02
 13  1.391891e-02
 14  1.215622e-02
 15  1.081972e-02
 16  9.876272e-03
 17  9.124159e-03
 18  8.590771e-03
 19  8.174414e-03
 20  7.906165e-03
 21  7.699488e-03
 22  7.395737e-03
 23  7.002703e-03
 24  6.433290e-03
 25  5.852231e-03
 26  5.267771e-03
 27  4.660170e-03
 28  4.046849e-03
 29  3.359881e-03
 30  2.724351e-03
 31  2.205274e-03
 32  1.832691e-03
 33  1.455242e-03
 34  1.193335e-03
 35  9.765008e-04
 Iteration CPU time: 8 s
 CFIE residual: 0.000976501

 Iseg, Irank, Idinc : 1, 38, 12
 Thata, Phi : 90.000000, 11.000000
 Maximun iteration: 300
 Number of recycle truncation: 30
 Final matrix dimension:  36708
 Residual error:0.001000
 0  5.643289e-01
 1  2.813204e-01
 2  1.770714e-01
 3  1.234792e-01
 4  8.974813e-02
 5  6.697263e-02
 6  5.077733e-02
 7  3.962939e-02
 8  3.096784e-02
 9  2.437734e-02
 10  1.940459e-02
 11  1.525713e-02
 12  1.216399e-02
 13  9.939629e-03
 14  8.236298e-03
 15  6.619648e-03
 16  5.673650e-03
 17  4.831477e-03
 18  4.160443e-03
 19  3.570892e-03
 20  3.128316e-03
 21  2.759131e-03
 22  2.397532e-03
 23  2.132559e-03
 24  1.918542e-03
 25  1.764591e-03
 26  1.610147e-03
 27  1.483210e-03
 28  1.393979e-03
 29  1.319428e-03
 30  1.261058e-03
 31  1.218328e-03
 32  1.169831e-03
 33  1.108251e-03
 34  1.041663e-03
 35  9.595806e-04
 Iteration CPU time: 8 s
 CFIE residual: 0.000959581

 Iseg, Irank, Idinc : 1, 39, 104
 Thata, Phi : 90.000000, 103.000000
 Maximun iteration: 300
 Number of recycle truncation: 30
 Final matrix dimension:  36708
 Residual error:0.001000
 0  6.105536e-01
 1  3.462285e-01
 2  2.145078e-01
 3  1.474593e-01
 4  1.056069e-01
 5  7.944893e-02
 6  6.081061e-02
 7  4.821326e-02
 8  3.865383e-02
 9  3.167580e-02
 10  2.584658e-02
 11  2.163590e-02
 12  1.766260e-02
 13  1.486049e-02
 14  1.272404e-02
 15  1.088978e-02
 16  9.580297e-03
 17  8.560241e-03
 18  7.633841e-03
 19  6.853279e-03
 20  6.261755e-03
 21  5.830458e-03
 22  5.588618e-03
 23  5.397600e-03
 24  5.242804e-03
 25  5.032655e-03
 26  4.828028e-03
 27  4.507913e-03
 28  4.151150e-03
 29  3.726309e-03
 30  3.255403e-03
 31  2.767983e-03
 32  2.331596e-03
 33  1.907278e-03
 34  1.567850e-03
 35  1.267018e-03
 36  1.026396e-03
 37  8.287539e-04
 Iteration CPU time: 8 s
 CFIE residual: 0.000828754

 Iseg, Irank, Idinc : 1, 40, 180
 Thata, Phi : 90.000000, 179.000000
 Maximun iteration: 300
 Number of recycle truncation: 30
 Final matrix dimension:  36708
 Residual error:0.001000
 0  5.878968e-01
 1  2.961113e-01
 2  1.834286e-01
 3  1.296914e-01
 4  9.929355e-02
 5  7.938734e-02
 6  6.451159e-02
 7  5.385665e-02
 8  4.500166e-02
 9  3.707230e-02
 10  3.042632e-02
 11  2.489450e-02
 12  2.028700e-02
 13  1.646236e-02
 14  1.365661e-02
 15  1.123382e-02
 16  9.285521e-03
 17  7.629994e-03
 18  6.432442e-03
 19  5.371181e-03
 20  4.545801e-03
 21  3.888747e-03
 22  3.301990e-03
 23  2.838796e-03
 24  2.518476e-03
 25  2.251304e-03
 26  2.034982e-03
 27  1.857945e-03
 28  1.727301e-03
 29  1.601025e-03
 30  1.501468e-03
 31  1.435162e-03
 32  1.377061e-03
 33  1.304721e-03
 34  1.218205e-03
 35  1.102270e-03
 36  9.644622e-04
 Iteration CPU time: 8 s
 CFIE residual: 0.000964462
 Last Built End in Sep 21 2025 00:06:12
 Total CPU time: 345 s
 Finished.
