 Last Built Begin in Sep 21 2025 00:06:12
 Pre-Type( Input ):            8
 Skl-Tol ( Input ):    1.0000000000000000E-002
 Wavelength in freespace: 0.335821

 ################################################
 ##         Generating Required Mesh          ##
 ##         Waiting.....                      ##
 ################################################
 Subd No.      Subd Name
    1    sphere1                                                           
 isub,  nnode, npatch,  nedge:
    1       604      1204      1806
 Scale Factor         >>   9.99999978E-03
 ################################################

 START TIME: 20250922   002955.802


 Informaton for IE geometry:
 number of subdomains     : 1
 maxnode,maxpatch,maxedge : 604  1204  1806
 
 Index of Mat-Reg: 1
 Mat-Reg Number via MatFlg: 1
 Edge Number of Mat-Reg: 1, 1806

 Number of Edge on PEC: 0
 Mat-Reg: No Dim(m) Lmax:
    1 0.298    1
 Totlmax, add1, add2:           1           2           3
 rlengmax of Global MLFMA >>   0.29777764891911773     
 Lmax of Global MLFMA >>            1
 Wavenum of Mat-Reg:
    1 1.000

 total area in sq m           =      0.1254
 total area in sq lambda      =      1.1115
 maxnode, maxpatch, maxedge           =      604     1204     1806
 longest  edge in lambda              =      0.0649
 shortest edge in lambda              =      0.0283
 average  edge in lambda              =      0.0463
 largest  patch area in sq lambda     =      0.0015
 smallest patch area in sq lambda     =      0.0004
 ave    surface area in sq lambda     =      0.0009
 size range of the object in sq lambda =      0.5956

 #### MLFMA Info For Each Region ####
 Mat-Region =            1
 Array dimension parameters:
 maxrule=          14   maxgrid  =          64
 lmax   =           1   ncmax    =           9
 lsmax  =           1   lsmin    =           1
 kpm    =           1   kp0      =           1
 ntlm   =           1   nsm      =           1
 nkpm   =           1   niplm    =          16
 ngnearm=          64   ngsndm   =           1
 nearm  =        1807   mfinestm =         244
 ###############################

 CFIE Alpha:  0.50000000000000000     

 Fill MLFMA NI for Mat-Reg:           1
 Begin fill sparser part of Nearfield
 Begin fill denser part of Nearfield
 End fill
 Filling Amn                 Delta_CPU=         42.49 Memory(MB)=        200.07


 Now testing preconditioner with
 ipretype =            8
 method = cfie_solve_nfpre_pardiso

  
 NBP>>Begin fill sparser part of Nearfield
 NBP>>Begin fill denser part of Nearfield

212.5000%
225.0000%
237.5000%
250.0000%
262.5000%
275.0000%
287.5000%
300.0000%
 Begin MLFMA Box-Matrix Based Prec Constructor
 --- Intel MKL PARDISO --- 
  >> Solver Initialized
  >> Proceed to ngrp_box loop
  >> Loop 0 Initialized
 Memory for iGRP: 1 0 MB
 Total Memory For NFB Pre: 0 MB
 --- PARDISO PRECONDITIONER INITIALIZED --- 
 Constructing preconditioner CPU time: 0 s
 
 108360
 Memory for Iteration:: 1.65344 MB

 Iseg, Ninc_S : 1, 181, 0

 Iseg, Skeleton Angles: 1, 8
 Iseg, Skel-Pk Mem(MB): 1, 30.96

 Iseg, Irank, Idinc : 1, 1, 128
 Thata, Phi : 90.000000, 127.000000
 Maximun iteration: 300
 Number of recycle truncation: 30
 Final matrix dimension:  3612
 Residual error:0.010000
 0  1.598736e-01
 1  6.884559e-02
 2  2.250627e-02
 3  9.192585e-03
 Iteration CPU time: 1 s
 CFIE residual: 0.00919259

 Iseg, Irank, Idinc : 1, 2, 41
 Thata, Phi : 90.000000, 40.000000
 Maximun iteration: 300
 Number of recycle truncation: 30
 Final matrix dimension:  3612
 Residual error:0.010000
 0  1.620403e-01
 1  7.173644e-02
 2  2.494283e-02
 3  1.039293e-02
 4  4.196545e-03
 Iteration CPU time: 0 s
 CFIE residual: 0.00419655

 Iseg, Irank, Idinc : 1, 3, 1
 Thata, Phi : 90.000000, 0.000000
 Maximun iteration: 300
 Number of recycle truncation: 30
 Final matrix dimension:  3612
 Residual error:0.010000
 0  1.729664e-01
 1  7.352214e-02
 2  2.351065e-02
 3  9.392860e-03
 Iteration CPU time: 0 s
 CFIE residual: 0.00939286

 Iseg, Irank, Idinc : 1, 4, 181
 Thata, Phi : 90.000000, 180.000000
 Maximun iteration: 300
 Number of recycle truncation: 30
 Final matrix dimension:  3612
 Residual error:0.010000
 0  1.716012e-01
 1  7.293443e-02
 2  2.367961e-02
 3  9.161972e-03
 Iteration CPU time: 0 s
 CFIE residual: 0.00916197

 Iseg, Irank, Idinc : 1, 5, 85
 Thata, Phi : 90.000000, 84.000000
 Maximun iteration: 300
 Number of recycle truncation: 30
 Final matrix dimension:  3612
 Residual error:0.010000
 0  1.698214e-01
 1  7.312030e-02
 2  2.354022e-02
 3  9.293015e-03
 Iteration CPU time: 0 s
 CFIE residual: 0.00929302

 Iseg, Irank, Idinc : 1, 6, 158
 Thata, Phi : 90.000000, 157.000000
 Maximun iteration: 300
 Number of recycle truncation: 30
 Final matrix dimension:  3612
 Residual error:0.010000
 0  1.656272e-01
 1  7.128437e-02
 2  2.355820e-02
 3  9.303658e-03
 Iteration CPU time: 0 s
 CFIE residual: 0.00930366

 Iseg, Irank, Idinc : 1, 7, 19
 Thata, Phi : 90.000000, 18.000000
 Maximun iteration: 300
 Number of recycle truncation: 30
 Final matrix dimension:  3612
 Residual error:0.010000
 0  1.687865e-01
 1  7.301887e-02
 2  2.405161e-02
 3  9.825750e-03
 Iteration CPU time: 0 s
 CFIE residual: 0.00982575

 Iseg, Irank, Idinc : 1, 8, 106
 Thata, Phi : 90.000000, 105.000000
 Maximun iteration: 300
 Number of recycle truncation: 30
 Final matrix dimension:  3612
 Residual error:0.010000
 0  1.669716e-01
 1  7.165000e-02
 2  2.290122e-02
 3  9.184963e-03
 Iteration CPU time: 0 s
 CFIE residual: 0.00918496
 Last Built End in Sep 21 2025 00:06:12
 Total CPU time: 6 s
 Finished.
