 Last Built Begin in Sep 21 2025 00:06:12
 Pre-Type( Input ):            8
 Skl-Tol ( Input ):    1.0000000000000000E-002
 Wavelength in freespace: 0.310345

 ################################################
 ##         Generating Required Mesh          ##
 ##         Waiting.....                      ##
 ################################################
 Subd No.      Subd Name
    1    sphere1                                                           
 isub,  nnode, npatch,  nedge:
    1       604      1204      1806
 Scale Factor         >>   9.99999978E-03
 ################################################

 START TIME: 20250922   003028.700


 Informaton for IE geometry:
 number of subdomains     : 1
 maxnode,maxpatch,maxedge : 604  1204  1806
 
 Index of Mat-Reg: 1
 Mat-Reg Number via MatFlg: 1
 Edge Number of Mat-Reg: 1, 1806

 Number of Edge on PEC: 0
 Mat-Reg: No Dim(m) Lmax:
    1 0.161    2
 Totlmax, add1, add2:           2           3           4
 rlengmax of Global MLFMA >>   0.16111115706444112     
 Lmax of Global MLFMA >>            2
 Wavenum of Mat-Reg:
    1 1.000

 total area in sq m           =      0.1254
 total area in sq lambda      =      1.3015
 maxnode, maxpatch, maxedge           =      604     1204     1806
 longest  edge in lambda              =      0.0702
 shortest edge in lambda              =      0.0306
 average  edge in lambda              =      0.0501
 largest  patch area in sq lambda     =      0.0018
 smallest patch area in sq lambda     =      0.0005
 ave    surface area in sq lambda     =      0.0011
 size range of the object in sq lambda =      0.6444

 #### MLFMA Info For Each Region ####
 Mat-Region =            1
 Array dimension parameters:
 maxrule=          14   maxgrid  =          64
 lmax   =           2   ncmax    =          65
 lsmax  =           5   lsmin    =           5
 kpm    =          54   kp0      =          54
 ntlm   =       17064   nsm      =        3024
 nkpm   =          54   niplm    =        3456
 ngnearm=         632   ngsndm   =        2504
 nearm  =         413   mfinestm =          43
 ###############################

 CFIE Alpha:  0.50000000000000000     

 Fill MLFMA FI for Mat-Reg:           1
 Begin filltl.f
 fill translation matrix
 Level:            2
 fill shifting matrix
 translator time(s):   2.50000004E-02
 fill interpolation matrix
 Filling TL                  Delta_CPU=          0.10 Memory(MB)=         60.05
 Filling sndgrp              Delta_CPU=          0.00 Memory(MB)=         60.05
 Filling VFS                 Delta_CPU=          0.17 Memory(MB)=         60.05

 Fill MLFMA NI for Mat-Reg:           1
 Begin fill sparser part of Nearfield
 Begin fill denser part of Nearfield
 End fill
 Filling Amn                 Delta_CPU=         13.03 Memory(MB)=         60.05


 Now testing preconditioner with
 ipretype =            8
 method = cfie_solve_nfpre_pardiso

  
 NBP>>Begin fill sparser part of Nearfield
 NBP>>Begin fill denser part of Nearfield

201.7857%
 Begin MLFMA Box-Matrix Based Prec Constructor
 --- Intel MKL PARDISO --- 
  >> Solver Initialized
  >> Proceed to ngrp_box loop
  >> Loop 0 Initialized
 Memory for iGRP: 1 0 MB
 Total Memory For NFB Pre: 0 MB
 --- PARDISO PRECONDITIONER INITIALIZED --- 
 Constructing preconditioner CPU time: 0 s
 
 108360
 Memory for Iteration:: 1.65344 MB

 Iseg, Ninc_S : 1, 181, 0

 Iseg, Skeleton Angles: 1, 8
 Iseg, Skel-Pk Mem(MB): 1, 30.96

 Iseg, Irank, Idinc : 1, 1, 133
 Thata, Phi : 90.000000, 132.000000
 Maximun iteration: 300
 Number of recycle truncation: 30
 Final matrix dimension:  3612
 Residual error:0.010000
 0  2.243458e-01
 1  1.241401e-01
 2  5.351329e-02
 3  2.545970e-02
 4  1.237293e-02
 5  6.003509e-03
 Iteration CPU time: 0 s
 CFIE residual: 0.00600351

 Iseg, Irank, Idinc : 1, 2, 40
 Thata, Phi : 90.000000, 39.000000
 Maximun iteration: 300
 Number of recycle truncation: 30
 Final matrix dimension:  3612
 Residual error:0.010000
 0  2.241391e-01
 1  1.236800e-01
 2  5.402789e-02
 3  2.621535e-02
 4  1.268480e-02
 5  6.332361e-03
 Iteration CPU time: 0 s
 CFIE residual: 0.00633236

 Iseg, Irank, Idinc : 1, 3, 1
 Thata, Phi : 90.000000, 0.000000
 Maximun iteration: 300
 Number of recycle truncation: 30
 Final matrix dimension:  3612
 Residual error:0.010000
 0  2.177243e-01
 1  1.196430e-01
 2  5.440947e-02
 3  2.698810e-02
 4  1.333121e-02
 5  6.331231e-03
 Iteration CPU time: 0 s
 CFIE residual: 0.00633123

 Iseg, Irank, Idinc : 1, 4, 181
 Thata, Phi : 90.000000, 180.000000
 Maximun iteration: 300
 Number of recycle truncation: 30
 Final matrix dimension:  3612
 Residual error:0.010000
 0  2.158831e-01
 1  1.175321e-01
 2  5.307128e-02
 3  2.588260e-02
 4  1.264731e-02
 5  6.009160e-03
 Iteration CPU time: 0 s
 CFIE residual: 0.00600916

 Iseg, Irank, Idinc : 1, 5, 87
 Thata, Phi : 90.000000, 86.000000
 Maximun iteration: 300
 Number of recycle truncation: 30
 Final matrix dimension:  3612
 Residual error:0.010000
 0  2.249046e-01
 1  1.250324e-01
 2  5.549392e-02
 3  2.784218e-02
 4  1.402585e-02
 5  6.772545e-03
 Iteration CPU time: 0 s
 CFIE residual: 0.00677255

 Iseg, Irank, Idinc : 1, 6, 160
 Thata, Phi : 90.000000, 159.000000
 Maximun iteration: 300
 Number of recycle truncation: 30
 Final matrix dimension:  3612
 Residual error:0.010000
 0  2.193178e-01
 1  1.202906e-01
 2  5.319216e-02
 3  2.547636e-02
 4  1.250809e-02
 5  6.044181e-03
 Iteration CPU time: 0 s
 CFIE residual: 0.00604418

 Iseg, Irank, Idinc : 1, 7, 63
 Thata, Phi : 90.000000, 62.000000
 Maximun iteration: 300
 Number of recycle truncation: 30
 Final matrix dimension:  3612
 Residual error:0.010000
 0  2.261652e-01
 1  1.250817e-01
 2  5.429963e-02
 3  2.664586e-02
 4  1.315116e-02
 5  6.557441e-03
 Iteration CPU time: 0 s
 CFIE residual: 0.00655744

 Iseg, Irank, Idinc : 1, 8, 15
 Thata, Phi : 90.000000, 14.000000
 Maximun iteration: 300
 Number of recycle truncation: 30
 Final matrix dimension:  3612
 Residual error:0.010000
 0  2.194115e-01
 1  1.208788e-01
 2  5.456126e-02
 3  2.697058e-02
 4  1.323037e-02
 5  6.396781e-03
 Iteration CPU time: 0 s
 CFIE residual: 0.00639678
 Last Built End in Sep 21 2025 00:06:12
 Total CPU time: 2 s
 Finished.
