 Last Built Begin in Sep 21 2025 00:06:12
 Pre-Type( Input ):           10
 Skl-Tol ( Input ):    1.0000000000000001E-005
 Wavelength in freespace: 0.0288462

 ################################################
 ##         Generating Required Mesh          ##
 ##         Waiting.....                      ##
 ################################################
 Subd No.      Subd Name
    1    Open-Duct_PRIME_model_meshAA1                                     
 isub,  nnode, npatch,  nedge:
    1      6118     12236     18354
 Scale Factor         >>   1.54999997E-02
 ################################################

 START TIME: 20250922   084046.329


 Informaton for IE geometry:
 number of subdomains     : 1
 maxnode,maxpatch,maxedge : 6118  12236  18354
 
 Index of Mat-Reg: 1
 Mat-Reg Number via MatFlg: 1
 Edge Number of Mat-Reg: 1, 18354

 Number of Edge on PEC: 18354
 Mat-Reg: No Dim(m) Lmax:
    1 0.249    5
 Totlmax, add1, add2:           5           6           7
 rlengmax of Global MLFMA >>   0.24856266751983336     
 Lmax of Global MLFMA >>            5
 Wavenum of Mat-Reg:
    1 1.000

 total area in sq m           =      0.0510
 total area in sq lambda      =     61.2545
 maxnode, maxpatch, maxedge           =     6118    12236    18354
 longest  edge in lambda              =      0.1618
 shortest edge in lambda              =      0.0077
 average  edge in lambda              =      0.1080
 largest  patch area in sq lambda     =      0.0089
 smallest patch area in sq lambda     =      0.0000
 ave    surface area in sq lambda     =      0.0050
 size range of the object in sq lambda =      7.9540

 #### MLFMA Info For Each Region ####
 Mat-Region =            1
 Array dimension parameters:
 maxrule=          14   maxgrid  =          64
 lmax   =           5   ncmax    =        1250
 lsmax  =          27   lsmin    =           7
 kpm    =        1462   kp0      =         102
 ntlm   =      225016   nsm      =      235590
 nkpm   =        2350   niplm    =      150400
 ngnearm=       14257   ngsndm   =       64634
 nearm  =         333   mfinestm =         119
 ###############################

 CFIE Alpha:  0.50000000000000000     

 Fill MLFMA FI for Mat-Reg:           1
 Begin filltl.f
 fill translation matrix
 Level:            2
 fill shifting matrix
 Level:            3
 fill shifting matrix
 Level:            4
 fill shifting matrix
 Level:            5
 fill shifting matrix
 translator time(s):  0.125000000    
 fill interpolation matrix
 ThetaOrder            8
 PhiOrder            8
 lsl            7
 Filling TL                  Delta_CPU=          0.56 Memory(MB)=        654.36
 Filling sndgrp              Delta_CPU=          0.00 Memory(MB)=        654.36
 Filling VFS                 Delta_CPU=          3.23 Memory(MB)=        654.36

 Fill MLFMA NI for Mat-Reg:           1
 Begin fill sparser part of Nearfield
 Begin fill denser part of Nearfield
 End fill
 Filling Amn                 Delta_CPU=         89.98 Memory(MB)=        654.36


 Now testing preconditioner with
 ipretype =           10
 method = cfie_solve_nfrasspspre_pardiso

  
 NBP>>Begin fill sparser part of Nearfield

116.4412% NBP>>Begin fill denser part of Nearfield

200.1041%
 Begin MLFMA Box-Matrix Based Spar-RAS Prec Constructor
 --- Intel MKL PARDISO --- 
 Memory for iGroup: 1 0 MB
 Total Memory For SparRAS Pre: 0 MB
 --- PARDISO PRECONDITIONER INITIALIZED --- 
 Constructing preconditioner CPU time: 4 s
 
 1101240
 Memory for Iteration:: 16.8036 MB

 Iseg, Ninc_S : 1, 181, 0

 Iseg, Skeleton Angles: 1, 40
 Iseg, Skel-Pk Mem(MB): 1, 314.35

 Iseg, Irank, Idinc : 1, 1, 42
 Thata, Phi : 90.000000, 41.000000
 Maximun iteration: 300
 Number of recycle truncation: 30
 Final matrix dimension:  36708
 Residual error:0.001000
 0  6.326108e-01
 1  3.155234e-01
 2  1.989563e-01
 3  1.277147e-01
 4  8.913170e-02
 5  6.526223e-02
 6  4.969692e-02
 7  3.809359e-02
 8  2.905088e-02
 9  2.294223e-02
 10  1.715296e-02
 11  1.400783e-02
 12  1.177046e-02
 13  9.937039e-03
 14  8.828869e-03
 15  7.786441e-03
 16  6.948669e-03
 17  6.337420e-03
 18  5.823529e-03
 19  5.510888e-03
 20  5.276175e-03
 21  5.033867e-03
 22  4.801081e-03
 23  4.563064e-03
 24  4.257424e-03
 25  3.871004e-03
 26  3.472214e-03
 27  3.078089e-03
 28  2.614585e-03
 29  2.215801e-03
 30  1.884659e-03
 31  1.572897e-03
 32  1.308438e-03
 33  1.060593e-03
 34  8.821600e-04
 Iteration CPU time: 8 s
 CFIE residual: 0.00088216

 Iseg, Irank, Idinc : 1, 2, 63
 Thata, Phi : 90.000000, 62.000000
 Maximun iteration: 300
 Number of recycle truncation: 30
 Final matrix dimension:  36708
 Residual error:0.001000
 0  6.546216e-01
 1  3.583343e-01
 2  2.235069e-01
 3  1.432930e-01
 4  1.014222e-01
 5  7.802016e-02
 6  5.936708e-02
 7  4.764452e-02
 8  3.811538e-02
 9  3.064254e-02
 10  2.389845e-02
 11  1.960900e-02
 12  1.636839e-02
 13  1.415510e-02
 14  1.274245e-02
 15  1.176943e-02
 16  1.104625e-02
 17  1.047307e-02
 18  1.010239e-02
 19  9.597624e-03
 20  9.066502e-03
 21  8.657766e-03
 22  8.039497e-03
 23  7.351713e-03
 24  6.493435e-03
 25  5.583435e-03
 26  4.785379e-03
 27  4.050331e-03
 28  3.371111e-03
 29  2.768183e-03
 30  2.266150e-03
 31  1.820678e-03
 32  1.468042e-03
 33  1.181185e-03
 34  9.511042e-04
 Iteration CPU time: 8 s
 CFIE residual: 0.000951104

 Iseg, Irank, Idinc : 1, 3, 108
 Thata, Phi : 90.000000, 107.000000
 Maximun iteration: 300
 Number of recycle truncation: 30
 Final matrix dimension:  36708
 Residual error:0.001000
 0  6.161911e-01
 1  3.477933e-01
 2  2.156231e-01
 3  1.464161e-01
 4  1.041591e-01
 5  7.767154e-02
 6  5.999562e-02
 7  4.688617e-02
 8  3.804648e-02
 9  3.136295e-02
 10  2.536017e-02
 11  2.098851e-02
 12  1.759614e-02
 13  1.491380e-02
 14  1.300519e-02
 15  1.142565e-02
 16  1.024676e-02
 17  9.445876e-03
 18  8.624718e-03
 19  8.055230e-03
 20  7.582041e-03
 21  7.204663e-03
 22  6.908398e-03
 23  6.650165e-03
 24  6.389132e-03
 25  6.050613e-03
 26  5.543024e-03
 27  4.953231e-03
 28  4.338123e-03
 29  3.700473e-03
 30  3.049183e-03
 31  2.453646e-03
 32  1.920275e-03
 33  1.563967e-03
 34  1.261302e-03
 35  1.014770e-03
 36  8.026771e-04
 Iteration CPU time: 8 s
 CFIE residual: 0.000802677

 Iseg, Irank, Idinc : 1, 4, 147
 Thata, Phi : 90.000000, 146.000000
 Maximun iteration: 300
 Number of recycle truncation: 30
 Final matrix dimension:  36708
 Residual error:0.001000
 0  6.564051e-01
 1  3.459596e-01
 2  2.096441e-01
 3  1.411951e-01
 4  1.004145e-01
 5  7.689192e-02
 6  5.947198e-02
 7  4.754548e-02
 8  3.960796e-02
 9  3.376746e-02
 10  2.896094e-02
 11  2.534236e-02
 12  2.253640e-02
 13  1.935725e-02
 14  1.642660e-02
 15  1.430694e-02
 16  1.247555e-02
 17  1.060167e-02
 18  9.483418e-03
 19  8.417495e-03
 20  7.697359e-03
 21  7.055833e-03
 22  6.585568e-03
 23  6.228688e-03
 24  5.967420e-03
 25  5.744420e-03
 26  5.501603e-03
 27  5.209506e-03
 28  4.866941e-03
 29  4.458988e-03
 30  3.975633e-03
 31  3.510313e-03
 32  3.012990e-03
 33  2.505143e-03
 34  1.991487e-03
 35  1.605608e-03
 36  1.269271e-03
 37  9.885794e-04
 Iteration CPU time: 8 s
 CFIE residual: 0.000988579

 Iseg, Irank, Idinc : 1, 5, 22
 Thata, Phi : 90.000000, 21.000000
 Maximun iteration: 300
 Number of recycle truncation: 30
 Final matrix dimension:  36708
 Residual error:0.001000
 0  6.327856e-01
 1  2.967786e-01
 2  1.756521e-01
 3  1.162003e-01
 4  8.069058e-02
 5  5.941700e-02
 6  4.503435e-02
 7  3.531074e-02
 8  2.791007e-02
 9  2.249213e-02
 10  1.855905e-02
 11  1.506238e-02
 12  1.219899e-02
 13  1.022713e-02
 14  8.571190e-03
 15  7.337701e-03
 16  6.417217e-03
 17  5.491508e-03
 18  4.736031e-03
 19  4.173344e-03
 20  3.804327e-03
 21  3.438340e-03
 22  3.199766e-03
 23  2.989747e-03
 24  2.833417e-03
 25  2.718383e-03
 26  2.604436e-03
 27  2.481439e-03
 28  2.356258e-03
 29  2.217195e-03
 30  2.072544e-03
 31  1.912951e-03
 32  1.707920e-03
 33  1.483383e-03
 34  1.230637e-03
 35  1.033461e-03
 36  8.530304e-04
 Iteration CPU time: 8 s
 CFIE residual: 0.00085303

 Iseg, Irank, Idinc : 1, 6, 137
 Thata, Phi : 90.000000, 136.000000
 Maximun iteration: 300
 Number of recycle truncation: 30
 Final matrix dimension:  36708
 Residual error:0.001000
 0  6.962778e-01
 1  3.484173e-01
 2  2.154993e-01
 3  1.470882e-01
 4  1.055226e-01
 5  7.924375e-02
 6  5.997786e-02
 7  4.758638e-02
 8  3.896525e-02
 9  3.277263e-02
 10  2.738837e-02
 11  2.301627e-02
 12  1.971468e-02
 13  1.683230e-02
 14  1.422071e-02
 15  1.228917e-02
 16  1.095608e-02
 17  9.766620e-03
 18  8.850418e-03
 19  8.126115e-03
 20  7.640840e-03
 21  7.181734e-03
 22  6.849643e-03
 23  6.526750e-03
 24  6.229980e-03
 25  5.931336e-03
 26  5.514826e-03
 27  5.114605e-03
 28  4.655974e-03
 29  4.207975e-03
 30  3.700426e-03
 31  3.197616e-03
 32  2.726413e-03
 33  2.308442e-03
 34  1.926324e-03
 35  1.587772e-03
 36  1.328877e-03
 37  1.062940e-03
 38  8.232370e-04
 Iteration CPU time: 8 s
 CFIE residual: 0.000823237

 Iseg, Irank, Idinc : 1, 7, 83
 Thata, Phi : 90.000000, 82.000000
 Maximun iteration: 300
 Number of recycle truncation: 30
 Final matrix dimension:  36708
 Residual error:0.001000
 0  6.056383e-01
 1  3.474728e-01
 2  2.219904e-01
 3  1.495747e-01
 4  1.081956e-01
 5  8.309125e-02
 6  6.403333e-02
 7  5.066967e-02
 8  4.104783e-02
 9  3.254822e-02
 10  2.666542e-02
 11  2.246498e-02
 12  1.896651e-02
 13  1.665345e-02
 14  1.495695e-02
 15  1.364234e-02
 16  1.248647e-02
 17  1.176157e-02
 18  1.123406e-02
 19  1.073947e-02
 20  1.029798e-02
 21  9.855874e-03
 22  9.371447e-03
 23  8.738656e-03
 24  7.972594e-03
 25  7.073157e-03
 26  6.202281e-03
 27  5.410767e-03
 28  4.655341e-03
 29  3.871660e-03
 30  3.231004e-03
 31  2.663615e-03
 32  2.209645e-03
 33  1.758628e-03
 34  1.430916e-03
 35  1.133762e-03
 36  9.503772e-04
 Iteration CPU time: 8 s
 CFIE residual: 0.000950377

 Iseg, Irank, Idinc : 1, 8, 72
 Thata, Phi : 90.000000, 71.000000
 Maximun iteration: 300
 Number of recycle truncation: 30
 Final matrix dimension:  36708
 Residual error:0.001000
 0  6.321695e-01
 1  3.631841e-01
 2  2.343486e-01
 3  1.476348e-01
 4  1.045950e-01
 5  8.235916e-02
 6  6.364487e-02
 7  4.953430e-02
 8  4.002233e-02
 9  3.351122e-02
 10  2.672548e-02
 11  2.191024e-02
 12  1.819715e-02
 13  1.596186e-02
 14  1.448806e-02
 15  1.326989e-02
 16  1.250513e-02
 17  1.182487e-02
 18  1.126960e-02
 19  1.072545e-02
 20  1.025258e-02
 21  9.774689e-03
 22  9.215141e-03
 23  8.506518e-03
 24  7.580976e-03
 25  6.470057e-03
 26  5.649192e-03
 27  4.828138e-03
 28  4.069255e-03
 29  3.373782e-03
 30  2.791399e-03
 31  2.286666e-03
 32  1.838805e-03
 33  1.506828e-03
 34  1.194973e-03
 35  9.636886e-04
 Iteration CPU time: 8 s
 CFIE residual: 0.000963689

 Iseg, Irank, Idinc : 1, 9, 125
 Thata, Phi : 90.000000, 124.000000
 Maximun iteration: 300
 Number of recycle truncation: 30
 Final matrix dimension:  36708
 Residual error:0.001000
 0  6.569448e-01
 1  3.403939e-01
 2  2.202165e-01
 3  1.550090e-01
 4  1.124693e-01
 5  8.178876e-02
 6  6.483457e-02
 7  5.137635e-02
 8  4.192911e-02
 9  3.394121e-02
 10  2.703786e-02
 11  2.143727e-02
 12  1.730384e-02
 13  1.415943e-02
 14  1.195632e-02
 15  1.044409e-02
 16  9.161984e-03
 17  8.304522e-03
 18  7.519051e-03
 19  7.000613e-03
 20  6.623570e-03
 21  6.325461e-03
 22  6.061051e-03
 23  5.799168e-03
 24  5.538547e-03
 25  5.234872e-03
 26  4.877472e-03
 27  4.508964e-03
 28  4.128378e-03
 29  3.739292e-03
 30  3.316149e-03
 31  2.920538e-03
 32  2.532274e-03
 33  2.181893e-03
 34  1.818301e-03
 35  1.541277e-03
 36  1.238734e-03
 37  9.777313e-04
 Iteration CPU time: 8 s
 CFIE residual: 0.000977731

 Iseg, Irank, Idinc : 1, 10, 159
 Thata, Phi : 90.000000, 158.000000
 Maximun iteration: 300
 Number of recycle truncation: 30
 Final matrix dimension:  36708
 Residual error:0.001000
 0  6.217753e-01
 1  3.143803e-01
 2  1.914195e-01
 3  1.297768e-01
 4  9.633029e-02
 5  7.705132e-02
 6  6.158970e-02
 7  5.058778e-02
 8  4.275655e-02
 9  3.703510e-02
 10  3.214539e-02
 11  2.836690e-02
 12  2.486767e-02
 13  2.119720e-02
 14  1.795347e-02
 15  1.566900e-02
 16  1.380699e-02
 17  1.182587e-02
 18  1.032370e-02
 19  8.915038e-03
 20  7.817489e-03
 21  6.950663e-03
 22  6.236081e-03
 23  5.705745e-03
 24  5.309692e-03
 25  5.035594e-03
 26  4.767773e-03
 27  4.553463e-03
 28  4.332093e-03
 29  4.091445e-03
 30  3.769199e-03
 31  3.351975e-03
 32  2.896852e-03
 33  2.453740e-03
 34  2.031455e-03
 35  1.618011e-03
 36  1.310615e-03
 37  9.907003e-04
 Iteration CPU time: 9 s
 CFIE residual: 0.0009907

 Iseg, Irank, Idinc : 1, 11, 53
 Thata, Phi : 90.000000, 52.000000
 Maximun iteration: 300
 Number of recycle truncation: 30
 Final matrix dimension:  36708
 Residual error:0.001000
 0  6.537247e-01
 1  3.451734e-01
 2  2.119220e-01
 3  1.349938e-01
 4  9.785545e-02
 5  7.477771e-02
 6  5.827480e-02
 7  4.480189e-02
 8  3.496207e-02
 9  2.837250e-02
 10  2.215786e-02
 11  1.754871e-02
 12  1.425031e-02
 13  1.190891e-02
 14  1.062836e-02
 15  9.676552e-03
 16  8.894691e-03
 17  8.453929e-03
 18  7.868146e-03
 19  7.426403e-03
 20  7.090002e-03
 21  6.660528e-03
 22  6.211197e-03
 23  5.727745e-03
 24  5.083006e-03
 25  4.335536e-03
 26  3.686947e-03
 27  3.071977e-03
 28  2.524002e-03
 29  2.005248e-03
 30  1.667454e-03
 31  1.382794e-03
 32  1.134486e-03
 33  9.216429e-04
 Iteration CPU time: 7 s
 CFIE residual: 0.000921643

 Iseg, Irank, Idinc : 1, 12, 33
 Thata, Phi : 90.000000, 32.000000
 Maximun iteration: 300
 Number of recycle truncation: 30
 Final matrix dimension:  36708
 Residual error:0.001000
 0  6.284500e-01
 1  3.110625e-01
 2  1.857899e-01
 3  1.164458e-01
 4  8.126483e-02
 5  5.938161e-02
 6  4.443299e-02
 7  3.390531e-02
 8  2.671807e-02
 9  2.147643e-02
 10  1.689500e-02
 11  1.388183e-02
 12  1.138738e-02
 13  9.553209e-03
 14  8.223554e-03
 15  7.045019e-03
 16  6.157062e-03
 17  5.438413e-03
 18  4.823756e-03
 19  4.442932e-03
 20  4.187680e-03
 21  3.961927e-03
 22  3.794824e-03
 23  3.654402e-03
 24  3.487063e-03
 25  3.323537e-03
 26  3.109148e-03
 27  2.854777e-03
 28  2.542458e-03
 29  2.179792e-03
 30  1.850370e-03
 31  1.580606e-03
 32  1.352202e-03
 33  1.137294e-03
 34  9.371436e-04
 Iteration CPU time: 7 s
 CFIE residual: 0.000937144

 Iseg, Irank, Idinc : 1, 13, 176
 Thata, Phi : 90.000000, 175.000000
 Maximun iteration: 300
 Number of recycle truncation: 30
 Final matrix dimension:  36708
 Residual error:0.001000
 0  5.897073e-01
 1  2.947602e-01
 2  1.828017e-01
 3  1.300050e-01
 4  1.004059e-01
 5  8.058808e-02
 6  6.599208e-02
 7  5.507949e-02
 8  4.596957e-02
 9  3.872161e-02
 10  3.238183e-02
 11  2.710266e-02
 12  2.259436e-02
 13  1.862325e-02
 14  1.601426e-02
 15  1.336784e-02
 16  1.139038e-02
 17  9.690108e-03
 18  8.239570e-03
 19  6.945203e-03
 20  6.053417e-03
 21  5.227629e-03
 22  4.594425e-03
 23  4.051484e-03
 24  3.643508e-03
 25  3.350108e-03
 26  3.091670e-03
 27  2.904932e-03
 28  2.737088e-03
 29  2.590357e-03
 30  2.457085e-03
 31  2.336104e-03
 32  2.204139e-03
 33  2.050220e-03
 34  1.876825e-03
 35  1.662552e-03
 36  1.455143e-03
 37  1.241744e-03
 38  1.022934e-03
 39  8.164187e-04
 Iteration CPU time: 8 s
 CFIE residual: 0.000816419

 Iseg, Irank, Idinc : 1, 14, 91
 Thata, Phi : 90.000000, 90.000000
 Maximun iteration: 300
 Number of recycle truncation: 30
 Final matrix dimension:  36708
 Residual error:0.001000
 0  5.970726e-01
 1  3.432608e-01
 2  2.171975e-01
 3  1.491663e-01
 4  1.072666e-01
 5  8.168230e-02
 6  6.358891e-02
 7  4.972680e-02
 8  4.067523e-02
 9  3.296806e-02
 10  2.748323e-02
 11  2.288195e-02
 12  1.964666e-02
 13  1.715859e-02
 14  1.537003e-02
 15  1.384875e-02
 16  1.251855e-02
 17  1.163141e-02
 18  1.093386e-02
 19  1.036913e-02
 20  9.915405e-03
 21  9.466004e-03
 22  9.009778e-03
 23  8.470537e-03
 24  7.879236e-03
 25  7.309651e-03
 26  6.534758e-03
 27  5.707787e-03
 28  4.827114e-03
 29  4.124975e-03
 30  3.453755e-03
 31  2.904948e-03
 32  2.373829e-03
 33  1.938774e-03
 34  1.592513e-03
 35  1.257650e-03
 36  1.005927e-03
 37  8.199900e-04
 Iteration CPU time: 9 s
 CFIE residual: 0.00081999

 Iseg, Irank, Idinc : 1, 15, 9
 Thata, Phi : 90.000000, 8.000000
 Maximun iteration: 300
 Number of recycle truncation: 30
 Final matrix dimension:  36708
 Residual error:0.001000
 0  5.471723e-01
 1  2.790252e-01
 2  1.778889e-01
 3  1.241256e-01
 4  9.064412e-02
 5  6.767994e-02
 6  5.141277e-02
 7  3.996172e-02
 8  3.139993e-02
 9  2.451661e-02
 10  1.959781e-02
 11  1.568291e-02
 12  1.273658e-02
 13  1.021832e-02
 14  8.452330e-03
 15  7.070941e-03
 16  6.006530e-03
 17  5.201600e-03
 18  4.479959e-03
 19  3.887187e-03
 20  3.391590e-03
 21  3.041521e-03
 22  2.705563e-03
 23  2.413588e-03
 24  2.214578e-03
 25  2.059445e-03
 26  1.887666e-03
 27  1.754478e-03
 28  1.659239e-03
 29  1.567553e-03
 30  1.504115e-03
 31  1.439832e-03
 32  1.358567e-03
 33  1.266231e-03
 34  1.156145e-03
 35  1.035914e-03
 36  8.875980e-04
 Iteration CPU time: 8 s
 CFIE residual: 0.000887598

 Iseg, Irank, Idinc : 1, 16, 100
 Thata, Phi : 90.000000, 99.000000
 Maximun iteration: 300
 Number of recycle truncation: 30
 Final matrix dimension:  36708
 Residual error:0.001000
 0  6.055370e-01
 1  3.412761e-01
 2  2.135706e-01
 3  1.450361e-01
 4  1.045507e-01
 5  7.928955e-02
 6  6.165206e-02
 7  4.880101e-02
 8  3.915027e-02
 9  3.250023e-02
 10  2.662612e-02
 11  2.254681e-02
 12  1.906808e-02
 13  1.660452e-02
 14  1.453091e-02
 15  1.278982e-02
 16  1.150695e-02
 17  1.061873e-02
 18  9.828728e-03
 19  9.184298e-03
 20  8.647620e-03
 21  8.274583e-03
 22  7.930694e-03
 23  7.572134e-03
 24  7.162565e-03
 25  6.641315e-03
 26  6.089291e-03
 27  5.370756e-03
 28  4.731326e-03
 29  4.025343e-03
 30  3.434133e-03
 31  2.888375e-03
 32  2.366792e-03
 33  1.894776e-03
 34  1.513781e-03
 35  1.210627e-03
 36  9.834812e-04
 Iteration CPU time: 8 s
 CFIE residual: 0.000983481

 Iseg, Irank, Idinc : 1, 17, 116
 Thata, Phi : 90.000000, 115.000000
 Maximun iteration: 300
 Number of recycle truncation: 30
 Final matrix dimension:  36708
 Residual error:0.001000
 0  6.419937e-01
 1  3.465830e-01
 2  2.158434e-01
 3  1.501643e-01
 4  1.075441e-01
 5  7.927200e-02
 6  6.182003e-02
 7  4.849630e-02
 8  3.822198e-02
 9  3.096536e-02
 10  2.518391e-02
 11  2.056931e-02
 12  1.720458e-02
 13  1.458950e-02
 14  1.247431e-02
 15  1.076236e-02
 16  9.603210e-03
 17  8.813170e-03
 18  8.025927e-03
 19  7.451980e-03
 20  7.109620e-03
 21  6.789851e-03
 22  6.564812e-03
 23  6.288768e-03
 24  6.037131e-03
 25  5.737296e-03
 26  5.337710e-03
 27  4.836999e-03
 28  4.401476e-03
 29  3.879430e-03
 30  3.415508e-03
 31  2.906277e-03
 32  2.367345e-03
 33  1.882374e-03
 34  1.526945e-03
 35  1.194036e-03
 36  9.502334e-04
 Iteration CPU time: 9 s
 CFIE residual: 0.000950233

 Iseg, Irank, Idinc : 1, 18, 1
 Thata, Phi : 90.000000, 0.000000
 Maximun iteration: 300
 Number of recycle truncation: 30
 Final matrix dimension:  36708
 Residual error:0.001000
 0  5.223265e-01
 1  2.740790e-01
 2  1.777538e-01
 3  1.211169e-01
 4  8.827934e-02
 5  6.694790e-02
 6  5.098542e-02
 7  3.838105e-02
 8  2.953922e-02
 9  2.366471e-02
 10  1.931320e-02
 11  1.523615e-02
 12  1.173775e-02
 13  9.805991e-03
 14  8.024331e-03
 15  6.710864e-03
 16  5.648700e-03
 17  4.881089e-03
 18  4.179728e-03
 19  3.616045e-03
 20  3.093654e-03
 21  2.675862e-03
 22  2.339851e-03
 23  2.040030e-03
 24  1.799004e-03
 25  1.582422e-03
 26  1.410986e-03
 27  1.292673e-03
 28  1.191894e-03
 29  1.120775e-03
 30  1.060826e-03
 31  9.959217e-04
 Iteration CPU time: 7 s
 CFIE residual: 0.000995922

 Iseg, Irank, Idinc : 1, 19, 167
 Thata, Phi : 90.000000, 166.000000
 Maximun iteration: 300
 Number of recycle truncation: 30
 Final matrix dimension:  36708
 Residual error:0.001000
 0  5.965625e-01
 1  2.988116e-01
 2  1.840928e-01
 3  1.303335e-01
 4  9.991699e-02
 5  8.035021e-02
 6  6.475011e-02
 7  5.441656e-02
 8  4.581850e-02
 9  3.892917e-02
 10  3.277116e-02
 11  2.876517e-02
 12  2.516300e-02
 13  2.138023e-02
 14  1.840315e-02
 15  1.595387e-02
 16  1.389461e-02
 17  1.187967e-02
 18  9.989831e-03
 19  8.462365e-03
 20  7.419681e-03
 21  6.384062e-03
 22  5.725019e-03
 23  5.135505e-03
 24  4.664537e-03
 25  4.294341e-03
 26  4.027063e-03
 27  3.791499e-03
 28  3.614657e-03
 29  3.442276e-03
 30  3.243869e-03
 31  3.014019e-03
 32  2.792971e-03
 33  2.523154e-03
 34  2.208621e-03
 35  1.907284e-03
 36  1.606064e-03
 37  1.285535e-03
 38  1.005359e-03
 39  8.085062e-04
 Iteration CPU time: 9 s
 CFIE residual: 0.000808506

 Iseg, Irank, Idinc : 1, 20, 16
 Thata, Phi : 90.000000, 15.000000
 Maximun iteration: 300
 Number of recycle truncation: 30
 Final matrix dimension:  36708
 Residual error:0.001000
 0  5.943698e-01
 1  2.876589e-01
 2  1.766856e-01
 3  1.211446e-01
 4  8.671648e-02
 5  6.442980e-02
 6  4.887039e-02
 7  3.864691e-02
 8  3.032522e-02
 9  2.415195e-02
 10  1.938533e-02
 11  1.533431e-02
 12  1.233159e-02
 13  1.017936e-02
 14  8.582797e-03
 15  7.139880e-03
 16  6.138119e-03
 17  5.261009e-03
 18  4.548805e-03
 19  3.994145e-03
 20  3.574844e-03
 21  3.208644e-03
 22  2.906074e-03
 23  2.650760e-03
 24  2.478496e-03
 25  2.346065e-03
 26  2.217752e-03
 27  2.106931e-03
 28  2.008293e-03
 29  1.906316e-03
 30  1.829840e-03
 31  1.729687e-03
 32  1.603139e-03
 33  1.445905e-03
 34  1.257941e-03
 35  1.082370e-03
 36  8.986162e-04
 Iteration CPU time: 8 s
 CFIE residual: 0.000898616

 Iseg, Irank, Idinc : 1, 21, 181
 Thata, Phi : 90.000000, 180.000000
 Maximun iteration: 300
 Number of recycle truncation: 30
 Final matrix dimension:  36708
 Residual error:0.001000
 0  5.894655e-01
 1  2.943274e-01
 2  1.820004e-01
 3  1.287422e-01
 4  9.861285e-02
 5  7.900595e-02
 6  6.486540e-02
 7  5.401680e-02
 8  4.511696e-02
 9  3.750717e-02
 10  3.066110e-02
 11  2.506265e-02
 12  2.057207e-02
 13  1.662084e-02
 14  1.389979e-02
 15  1.159390e-02
 16  9.561786e-03
 17  7.906424e-03
 18  6.722429e-03
 19  5.766920e-03
 20  4.900290e-03
 21  4.236215e-03
 22  3.685006e-03
 23  3.205124e-03
 24  2.871344e-03
 25  2.675892e-03
 26  2.503001e-03
 27  2.345035e-03
 28  2.202063e-03
 29  2.048789e-03
 30  1.894872e-03
 31  1.750404e-03
 32  1.597949e-03
 33  1.408198e-03
 34  1.180349e-03
 35  9.704393e-04
 Iteration CPU time: 8 s
 CFIE residual: 0.000970439

 Iseg, Irank, Idinc : 1, 22, 153
 Thata, Phi : 90.000000, 152.000000
 Maximun iteration: 300
 Number of recycle truncation: 30
 Final matrix dimension:  36708
 Residual error:0.001000
 0  6.362975e-01
 1  3.292800e-01
 2  2.020001e-01
 3  1.346923e-01
 4  9.789529e-02
 5  7.677419e-02
 6  6.006032e-02
 7  4.895636e-02
 8  4.034634e-02
 9  3.450327e-02
 10  2.981384e-02
 11  2.639619e-02
 12  2.306046e-02
 13  1.950761e-02
 14  1.671807e-02
 15  1.472490e-02
 16  1.293927e-02
 17  1.117329e-02
 18  9.791034e-03
 19  8.564574e-03
 20  7.692892e-03
 21  6.971327e-03
 22  6.320443e-03
 23  5.863647e-03
 24  5.523060e-03
 25  5.278050e-03
 26  5.030030e-03
 27  4.805927e-03
 28  4.534526e-03
 29  4.223192e-03
 30  3.787366e-03
 31  3.333382e-03
 32  2.887526e-03
 33  2.475963e-03
 34  1.927582e-03
 35  1.535263e-03
 36  1.197386e-03
 37  9.350384e-04
 Iteration CPU time: 9 s
 CFIE residual: 0.000935038

 Iseg, Irank, Idinc : 1, 23, 77
 Thata, Phi : 90.000000, 76.000000
 Maximun iteration: 300
 Number of recycle truncation: 30
 Final matrix dimension:  36708
 Residual error:0.001000
 0  6.142462e-01
 1  3.538986e-01
 2  2.283618e-01
 3  1.473484e-01
 4  1.042556e-01
 5  8.002385e-02
 6  6.184005e-02
 7  4.834180e-02
 8  3.934050e-02
 9  3.157457e-02
 10  2.617569e-02
 11  2.199923e-02
 12  1.853430e-02
 13  1.647734e-02
 14  1.476689e-02
 15  1.344283e-02
 16  1.263090e-02
 17  1.196744e-02
 18  1.142033e-02
 19  1.088732e-02
 20  1.042539e-02
 21  9.976675e-03
 22  9.478140e-03
 23  8.866531e-03
 24  8.008933e-03
 25  7.004783e-03
 26  6.224579e-03
 27  5.405674e-03
 28  4.627116e-03
 29  3.848568e-03
 30  3.199578e-03
 31  2.612365e-03
 32  2.107760e-03
 33  1.716389e-03
 34  1.385984e-03
 35  1.083411e-03
 36  8.618816e-04
 Iteration CPU time: 8 s
 CFIE residual: 0.000861882

 Iseg, Irank, Idinc : 1, 24, 131
 Thata, Phi : 90.000000, 130.000000
 Maximun iteration: 300
 Number of recycle truncation: 30
 Final matrix dimension:  36708
 Residual error:0.001000
 0  6.754458e-01
 1  3.481541e-01
 2  2.202253e-01
 3  1.495829e-01
 4  1.077461e-01
 5  7.980350e-02
 6  6.236865e-02
 7  4.963003e-02
 8  3.977822e-02
 9  3.301119e-02
 10  2.698176e-02
 11  2.214472e-02
 12  1.800753e-02
 13  1.479350e-02
 14  1.252396e-02
 15  1.088762e-02
 16  9.490063e-03
 17  8.543500e-03
 18  7.770604e-03
 19  7.219263e-03
 20  6.834991e-03
 21  6.503192e-03
 22  6.236508e-03
 23  5.958432e-03
 24  5.678881e-03
 25  5.355224e-03
 26  4.967490e-03
 27  4.560528e-03
 28  4.143849e-03
 29  3.681794e-03
 30  3.184984e-03
 31  2.749941e-03
 32  2.356347e-03
 33  1.989189e-03
 34  1.651156e-03
 35  1.368140e-03
 36  1.133216e-03
 37  9.144350e-04
 Iteration CPU time: 8 s
 CFIE residual: 0.000914435

 Iseg, Irank, Idinc : 1, 25, 48
 Thata, Phi : 90.000000, 47.000000
 Maximun iteration: 300
 Number of recycle truncation: 30
 Final matrix dimension:  36708
 Residual error:0.001000
 0  6.417807e-01
 1  3.322587e-01
 2  2.061735e-01
 3  1.343421e-01
 4  9.734133e-02
 5  7.383850e-02
 6  5.677633e-02
 7  4.343753e-02
 8  3.338984e-02
 9  2.632027e-02
 10  2.025578e-02
 11  1.606592e-02
 12  1.339789e-02
 13  1.126779e-02
 14  9.922916e-03
 15  9.003616e-03
 16  8.189370e-03
 17  7.651815e-03
 18  7.093945e-03
 19  6.716393e-03
 20  6.457226e-03
 21  6.127088e-03
 22  5.731067e-03
 23  5.311990e-03
 24  4.855152e-03
 25  4.255945e-03
 26  3.742212e-03
 27  3.197648e-03
 28  2.689043e-03
 29  2.231408e-03
 30  1.857889e-03
 31  1.532500e-03
 32  1.243674e-03
 33  1.021074e-03
 34  8.321535e-04
 Iteration CPU time: 8 s
 CFIE residual: 0.000832154

 Iseg, Irank, Idinc : 1, 26, 5
 Thata, Phi : 90.000000, 4.000000
 Maximun iteration: 300
 Number of recycle truncation: 30
 Final matrix dimension:  36708
 Residual error:0.001000
 0  5.289942e-01
 1  2.755449e-01
 2  1.778461e-01
 3  1.225383e-01
 4  8.953745e-02
 5  6.727059e-02
 6  5.106897e-02
 7  3.887770e-02
 8  3.061845e-02
 9  2.418063e-02
 10  1.943166e-02
 11  1.544667e-02
 12  1.235497e-02
 13  1.028505e-02
 14  8.450863e-03
 15  7.003828e-03
 16  5.989766e-03
 17  5.155485e-03
 18  4.396290e-03
 19  3.829140e-03
 20  3.326141e-03
 21  2.927615e-03
 22  2.585402e-03
 23  2.267387e-03
 24  2.041141e-03
 25  1.853926e-03
 26  1.660182e-03
 27  1.504032e-03
 28  1.397748e-03
 29  1.314082e-03
 30  1.256461e-03
 31  1.202799e-03
 32  1.138623e-03
 33  1.069097e-03
 34  9.874268e-04
 Iteration CPU time: 8 s
 CFIE residual: 0.000987427

 Iseg, Irank, Idinc : 1, 27, 172
 Thata, Phi : 90.000000, 171.000000
 Maximun iteration: 300
 Number of recycle truncation: 30
 Final matrix dimension:  36708
 Residual error:0.001000
 0  5.907621e-01
 1  2.955718e-01
 2  1.837505e-01
 3  1.312319e-01
 4  1.015441e-01
 5  8.153015e-02
 6  6.645610e-02
 7  5.563360e-02
 8  4.644306e-02
 9  3.932212e-02
 10  3.360494e-02
 11  2.864629e-02
 12  2.421253e-02
 13  2.042288e-02
 14  1.763617e-02
 15  1.484863e-02
 16  1.282886e-02
 17  1.098296e-02
 18  9.273561e-03
 19  7.834910e-03
 20  6.838888e-03
 21  5.849527e-03
 22  5.205296e-03
 23  4.647607e-03
 24  4.196815e-03
 25  3.841430e-03
 26  3.561348e-03
 27  3.349554e-03
 28  3.171997e-03
 29  3.011589e-03
 30  2.853710e-03
 31  2.702638e-03
 32  2.532673e-03
 33  2.334941e-03
 34  2.113239e-03
 35  1.865629e-03
 36  1.598680e-03
 37  1.333911e-03
 38  1.067527e-03
 39  8.549715e-04
 Iteration CPU time: 9 s
 CFIE residual: 0.000854972

 Iseg, Irank, Idinc : 1, 28, 96
 Thata, Phi : 90.000000, 95.000000
 Maximun iteration: 300
 Number of recycle truncation: 30
 Final matrix dimension:  36708
 Residual error:0.001000
 0  5.991700e-01
 1  3.410426e-01
 2  2.149336e-01
 3  1.450935e-01
 4  1.037729e-01
 5  7.958908e-02
 6  6.296675e-02
 7  4.929949e-02
 8  3.966561e-02
 9  3.218321e-02
 10  2.688203e-02
 11  2.261173e-02
 12  1.933985e-02
 13  1.690743e-02
 14  1.493872e-02
 15  1.326489e-02
 16  1.190971e-02
 17  1.105918e-02
 18  1.031701e-02
 19  9.703904e-03
 20  9.188200e-03
 21  8.831008e-03
 22  8.422624e-03
 23  8.001083e-03
 24  7.548103e-03
 25  7.022934e-03
 26  6.310530e-03
 27  5.550435e-03
 28  4.773350e-03
 29  4.098777e-03
 30  3.424171e-03
 31  2.876790e-03
 32  2.403087e-03
 33  1.920282e-03
 34  1.533557e-03
 35  1.204413e-03
 36  9.812090e-04
 Iteration CPU time: 9 s
 CFIE residual: 0.000981209

 Iseg, Irank, Idinc : 1, 29, 28
 Thata, Phi : 90.000000, 27.000000
 Maximun iteration: 300
 Number of recycle truncation: 30
 Final matrix dimension:  36708
 Residual error:0.001000
 0  6.424458e-01
 1  3.046474e-01
 2  1.794200e-01
 3  1.139027e-01
 4  7.870288e-02
 5  5.745930e-02
 6  4.270479e-02
 7  3.321995e-02
 8  2.667955e-02
 9  2.186730e-02
 10  1.768218e-02
 11  1.447197e-02
 12  1.168611e-02
 13  9.813588e-03
 14  8.416551e-03
 15  7.232319e-03
 16  6.257457e-03
 17  5.386263e-03
 18  4.717024e-03
 19  4.278711e-03
 20  3.997584e-03
 21  3.717356e-03
 22  3.528462e-03
 23  3.355711e-03
 24  3.203382e-03
 25  3.086131e-03
 26  2.928553e-03
 27  2.756005e-03
 28  2.559981e-03
 29  2.302766e-03
 30  2.044071e-03
 31  1.833875e-03
 32  1.596834e-03
 33  1.349480e-03
 34  1.114659e-03
 35  9.173491e-04
 Iteration CPU time: 8 s
 CFIE residual: 0.000917349

 Iseg, Irank, Idinc : 1, 30, 120
 Thata, Phi : 90.000000, 119.000000
 Maximun iteration: 300
 Number of recycle truncation: 30
 Final matrix dimension:  36708
 Residual error:0.001000
 0  6.469394e-01
 1  3.436002e-01
 2  2.160616e-01
 3  1.513644e-01
 4  1.087900e-01
 5  8.111881e-02
 6  6.364756e-02
 7  4.979599e-02
 8  3.989601e-02
 9  3.247917e-02
 10  2.636369e-02
 11  2.125046e-02
 12  1.728840e-02
 13  1.426004e-02
 14  1.226164e-02
 15  1.061906e-02
 16  9.562557e-03
 17  8.709668e-03
 18  7.877549e-03
 19  7.320515e-03
 20  6.939329e-03
 21  6.632645e-03
 22  6.397968e-03
 23  6.142144e-03
 24  5.889040e-03
 25  5.568067e-03
 26  5.190696e-03
 27  4.796347e-03
 28  4.379365e-03
 29  3.973932e-03
 30  3.560414e-03
 31  3.111122e-03
 32  2.611630e-03
 33  2.170690e-03
 34  1.750290e-03
 35  1.440188e-03
 36  1.158702e-03
 37  9.060680e-04
 Iteration CPU time: 8 s
 CFIE residual: 0.000906068

 Iseg, Irank, Idinc : 1, 31, 58
 Thata, Phi : 90.000000, 57.000000
 Maximun iteration: 300
 Number of recycle truncation: 30
 Final matrix dimension:  36708
 Residual error:0.001000
 0  6.587252e-01
 1  3.487346e-01
 2  2.123940e-01
 3  1.335511e-01
 4  9.698433e-02
 5  7.327272e-02
 6  5.648448e-02
 7  4.465886e-02
 8  3.500216e-02
 9  2.833110e-02
 10  2.234701e-02
 11  1.793524e-02
 12  1.497705e-02
 13  1.265466e-02
 14  1.134266e-02
 15  1.041613e-02
 16  9.773267e-03
 17  9.257077e-03
 18  8.810937e-03
 19  8.301033e-03
 20  7.882966e-03
 21  7.477452e-03
 22  6.940588e-03
 23  6.406264e-03
 24  5.556768e-03
 25  4.740216e-03
 26  4.003288e-03
 27  3.364487e-03
 28  2.766532e-03
 29  2.265898e-03
 30  1.866801e-03
 31  1.510428e-03
 32  1.211986e-03
 33  9.644325e-04
 Iteration CPU time: 8 s
 CFIE residual: 0.000964432

 Iseg, Irank, Idinc : 1, 32, 179
 Thata, Phi : 90.000000, 178.000000
 Maximun iteration: 300
 Number of recycle truncation: 30
 Final matrix dimension:  36708
 Residual error:0.001000
 0  5.895092e-01
 1  2.944082e-01
 2  1.821471e-01
 3  1.289876e-01
 4  9.902165e-02
 5  7.939436e-02
 6  6.514745e-02
 7  5.428092e-02
 8  4.532589e-02
 9  3.782966e-02
 10  3.105995e-02
 11  2.567529e-02
 12  2.129144e-02
 13  1.716123e-02
 14  1.475867e-02
 15  1.227708e-02
 16  1.029441e-02
 17  8.554024e-03
 18  7.237413e-03
 19  6.136549e-03
 20  5.319214e-03
 21  4.629472e-03
 22  4.058398e-03
 23  3.541677e-03
 24  3.182098e-03
 25  2.933722e-03
 26  2.699975e-03
 27  2.539799e-03
 28  2.388636e-03
 29  2.230672e-03
 30  2.098297e-03
 31  1.980373e-03
 32  1.855568e-03
 33  1.700833e-03
 34  1.530213e-03
 35  1.348479e-03
 36  1.168663e-03
 37  1.008274e-03
 38  8.350898e-04
 Iteration CPU time: 9 s
 CFIE residual: 0.00083509

 Iseg, Irank, Idinc : 1, 33, 142
 Thata, Phi : 90.000000, 141.000000
 Maximun iteration: 300
 Number of recycle truncation: 30
 Final matrix dimension:  36708
 Residual error:0.001000
 0  6.861422e-01
 1  3.495717e-01
 2  2.108362e-01
 3  1.435805e-01
 4  1.031348e-01
 5  7.736702e-02
 6  5.972738e-02
 7  4.690162e-02
 8  3.843865e-02
 9  3.280744e-02
 10  2.817524e-02
 11  2.408626e-02
 12  2.095359e-02
 13  1.808801e-02
 14  1.533998e-02
 15  1.341891e-02
 16  1.182977e-02
 17  1.041696e-02
 18  9.321933e-03
 19  8.463409e-03
 20  7.848580e-03
 21  7.323347e-03
 22  6.940236e-03
 23  6.601588e-03
 24  6.333119e-03
 25  6.066745e-03
 26  5.752704e-03
 27  5.377503e-03
 28  4.964305e-03
 29  4.522485e-03
 30  3.988731e-03
 31  3.436449e-03
 32  2.890415e-03
 33  2.367518e-03
 34  1.902158e-03
 35  1.527100e-03
 36  1.226328e-03
 37  9.538230e-04
 Iteration CPU time: 8 s
 CFIE residual: 0.000953823

 Iseg, Irank, Idinc : 1, 34, 3
 Thata, Phi : 90.000000, 2.000000
 Maximun iteration: 300
 Number of recycle truncation: 30
 Final matrix dimension:  36708
 Residual error:0.001000
 0  5.240413e-01
 1  2.744733e-01
 2  1.777886e-01
 3  1.215504e-01
 4  8.869823e-02
 5  6.706323e-02
 6  5.100847e-02
 7  3.848631e-02
 8  2.986737e-02
 9  2.383310e-02
 10  1.933773e-02
 11  1.528278e-02
 12  1.189985e-02
 13  1.008304e-02
 14  8.381914e-03
 15  6.910349e-03
 16  5.879335e-03
 17  5.050101e-03
 18  4.302548e-03
 19  3.739743e-03
 20  3.238169e-03
 21  2.833557e-03
 22  2.498679e-03
 23  2.187329e-03
 24  1.956297e-03
 25  1.751784e-03
 26  1.554442e-03
 27  1.395846e-03
 28  1.277547e-03
 29  1.196719e-03
 30  1.139000e-03
 31  1.081368e-03
 32  1.019923e-03
 33  9.487629e-04
 Iteration CPU time: 8 s
 CFIE residual: 0.000948763

 Iseg, Irank, Idinc : 1, 35, 37
 Thata, Phi : 90.000000, 36.000000
 Maximun iteration: 300
 Number of recycle truncation: 30
 Final matrix dimension:  36708
 Residual error:0.001000
 0  6.233514e-01
 1  3.136412e-01
 2  1.920692e-01
 3  1.217448e-01
 4  8.426907e-02
 5  6.145929e-02
 6  4.673229e-02
 7  3.545753e-02
 8  2.748568e-02
 9  2.189137e-02
 10  1.684354e-02
 11  1.369353e-02
 12  1.134217e-02
 13  9.546508e-03
 14  8.295804e-03
 15  7.190812e-03
 16  6.309297e-03
 17  5.689062e-03
 18  5.106942e-03
 19  4.741910e-03
 20  4.496379e-03
 21  4.280307e-03
 22  4.110991e-03
 23  3.966979e-03
 24  3.758307e-03
 25  3.525508e-03
 26  3.266281e-03
 27  2.935022e-03
 28  2.558329e-03
 29  2.197687e-03
 30  1.874843e-03
 31  1.584809e-03
 32  1.339683e-03
 33  1.110732e-03
 34  9.361481e-04
 Iteration CPU time: 8 s
 CFIE residual: 0.000936148

 Iseg, Irank, Idinc : 1, 36, 163
 Thata, Phi : 90.000000, 162.000000
 Maximun iteration: 300
 Number of recycle truncation: 30
 Final matrix dimension:  36708
 Residual error:0.001000
 0  6.077656e-01
 1  3.052628e-01
 2  1.860235e-01
 3  1.288883e-01
 4  9.704588e-02
 5  7.813936e-02
 6  6.265131e-02
 7  5.191667e-02
 8  4.385829e-02
 9  3.813195e-02
 10  3.288424e-02
 11  2.837432e-02
 12  2.460012e-02
 13  2.152142e-02
 14  1.863599e-02
 15  1.613194e-02
 16  1.397359e-02
 17  1.191713e-02
 18  1.022622e-02
 19  8.772917e-03
 20  7.689635e-03
 21  6.696004e-03
 22  6.006763e-03
 23  5.417137e-03
 24  4.993235e-03
 25  4.659414e-03
 26  4.409948e-03
 27  4.188251e-03
 28  4.003447e-03
 29  3.799214e-03
 30  3.543181e-03
 31  3.239706e-03
 32  2.898036e-03
 33  2.553174e-03
 34  2.181220e-03
 35  1.817287e-03
 36  1.465612e-03
 37  1.141899e-03
 38  8.921358e-04
 Iteration CPU time: 9 s
 CFIE residual: 0.000892136

 Iseg, Irank, Idinc : 1, 37, 68
 Thata, Phi : 90.000000, 67.000000
 Maximun iteration: 300
 Number of recycle truncation: 30
 Final matrix dimension:  36708
 Residual error:0.001000
 0  6.456283e-01
 1  3.670541e-01
 2  2.348126e-01
 3  1.498817e-01
 4  1.062190e-01
 5  8.306769e-02
 6  6.340491e-02
 7  4.992026e-02
 8  4.020889e-02
 9  3.302973e-02
 10  2.596983e-02
 11  2.150517e-02
 12  1.790236e-02
 13  1.542175e-02
 14  1.400493e-02
 15  1.289600e-02
 16  1.213488e-02
 17  1.149407e-02
 18  1.097169e-02
 19  1.043412e-02
 20  9.927302e-03
 21  9.442862e-03
 22  8.781876e-03
 23  8.024074e-03
 24  7.030659e-03
 25  5.962006e-03
 26  5.129197e-03
 27  4.370308e-03
 28  3.645320e-03
 29  3.004755e-03
 30  2.442957e-03
 31  1.972835e-03
 32  1.623295e-03
 33  1.313585e-03
 34  1.046206e-03
 35  8.471964e-04
 Iteration CPU time: 8 s
 CFIE residual: 0.000847196

 Iseg, Irank, Idinc : 1, 38, 104
 Thata, Phi : 90.000000, 103.000000
 Maximun iteration: 300
 Number of recycle truncation: 30
 Final matrix dimension:  36708
 Residual error:0.001000
 0  6.096238e-01
 1  3.445247e-01
 2  2.132463e-01
 3  1.464526e-01
 4  1.051760e-01
 5  7.875019e-02
 6  6.047042e-02
 7  4.780007e-02
 8  3.867578e-02
 9  3.207872e-02
 10  2.610696e-02
 11  2.190689e-02
 12  1.832390e-02
 13  1.563494e-02
 14  1.373041e-02
 15  1.213622e-02
 16  1.091923e-02
 17  1.006380e-02
 18  9.248207e-03
 19  8.606154e-03
 20  8.073492e-03
 21  7.669537e-03
 22  7.390569e-03
 23  7.105541e-03
 24  6.788114e-03
 25  6.398046e-03
 26  5.844132e-03
 27  5.219205e-03
 28  4.529048e-03
 29  3.898804e-03
 30  3.263455e-03
 31  2.706407e-03
 32  2.183442e-03
 33  1.766498e-03
 34  1.422933e-03
 35  1.159793e-03
 36  9.245403e-04
 Iteration CPU time: 8 s
 CFIE residual: 0.00092454

 Iseg, Irank, Idinc : 1, 39, 13
 Thata, Phi : 90.000000, 12.000000
 Maximun iteration: 300
 Number of recycle truncation: 30
 Final matrix dimension:  36708
 Residual error:0.001000
 0  5.728539e-01
 1  2.835327e-01
 2  1.774089e-01
 3  1.232599e-01
 4  8.951506e-02
 5  6.680594e-02
 6  5.050344e-02
 7  3.959138e-02
 8  3.108082e-02
 9  2.449027e-02
 10  1.946768e-02
 11  1.529782e-02
 12  1.234398e-02
 13  1.010622e-02
 14  8.423178e-03
 15  6.972620e-03
 16  5.995930e-03
 17  5.132939e-03
 18  4.467370e-03
 19  3.927597e-03
 20  3.469609e-03
 21  3.119601e-03
 22  2.815575e-03
 23  2.542359e-03
 24  2.358971e-03
 25  2.220431e-03
 26  2.077133e-03
 27  1.961301e-03
 28  1.864247e-03
 29  1.767606e-03
 30  1.697586e-03
 31  1.617021e-03
 32  1.512554e-03
 33  1.390532e-03
 34  1.238617e-03
 35  1.090295e-03
 36  9.245786e-04
 Iteration CPU time: 9 s
 CFIE residual: 0.000924579

 Iseg, Irank, Idinc : 1, 40, 180
 Thata, Phi : 90.000000, 179.000000
 Maximun iteration: 300
 Number of recycle truncation: 30
 Final matrix dimension:  36708
 Residual error:0.001000
 0  5.894815e-01
 1  2.943488e-01
 2  1.820384e-01
 3  1.288061e-01
 4  9.872698e-02
 5  7.911549e-02
 6  6.494903e-02
 7  5.409576e-02
 8  4.517838e-02
 9  3.760214e-02
 10  3.076950e-02
 11  2.524222e-02
 12  2.082340e-02
 13  1.678806e-02
 14  1.429608e-02
 15  1.194677e-02
 16  9.978828e-03
 17  8.222208e-03
 18  6.943145e-03
 19  5.913083e-03
 20  5.077588e-03
 21  4.407464e-03
 22  3.861830e-03
 23  3.373098e-03
 24  3.035321e-03
 25  2.808025e-03
 26  2.593243e-03
 27  2.441711e-03
 28  2.296336e-03
 29  2.129896e-03
 30  1.984760e-03
 31  1.854037e-03
 32  1.707724e-03
 33  1.532636e-03
 34  1.347311e-03
 35  1.150001e-03
 36  9.612417e-04
 Iteration CPU time: 8 s
 CFIE residual: 0.000961242
 Last Built End in Sep 21 2025 00:06:12
 Total CPU time: 347 s
 Finished.
