 Last Built Begin in Sep 21 2025 00:06:12
 Pre-Type( Input ):            8
 Skl-Tol ( Input ):    1.0000000000000000E-002
 Wavelength in freespace: 0.346154

 ################################################
 ##         Generating Required Mesh          ##
 ##         Waiting.....                      ##
 ################################################
 Subd No.      Subd Name
    1    sphere1                                                           
 isub,  nnode, npatch,  nedge:
    1       604      1204      1806
 Scale Factor         >>   9.99999978E-03
 ################################################

 START TIME: 20250922   002931.921


 Informaton for IE geometry:
 number of subdomains     : 1
 maxnode,maxpatch,maxedge : 604  1204  1806
 
 Index of Mat-Reg: 1
 Mat-Reg Number via MatFlg: 1
 Edge Number of Mat-Reg: 1, 1806

 Number of Edge on PEC: 0
 Mat-Reg: No Dim(m) Lmax:
    1 0.289    1
 Totlmax, add1, add2:           1           2           3
 rlengmax of Global MLFMA >>   0.28888898278221564     
 Lmax of Global MLFMA >>            1
 Wavenum of Mat-Reg:
    1 1.000

 total area in sq m           =      0.1254
 total area in sq lambda      =      1.0461
 maxnode, maxpatch, maxedge           =      604     1204     1806
 longest  edge in lambda              =      0.0629
 shortest edge in lambda              =      0.0274
 average  edge in lambda              =      0.0449
 largest  patch area in sq lambda     =      0.0014
 smallest patch area in sq lambda     =      0.0004
 ave    surface area in sq lambda     =      0.0009
 size range of the object in sq lambda =      0.5778

 #### MLFMA Info For Each Region ####
 Mat-Region =            1
 Array dimension parameters:
 maxrule=          14   maxgrid  =          64
 lmax   =           1   ncmax    =           9
 lsmax  =           1   lsmin    =           1
 kpm    =           1   kp0      =           1
 ntlm   =           1   nsm      =           1
 nkpm   =           1   niplm    =          16
 ngnearm=          64   ngsndm   =           1
 nearm  =        1807   mfinestm =         244
 ###############################

 CFIE Alpha:  0.50000000000000000     

 Fill MLFMA NI for Mat-Reg:           1
 Begin fill sparser part of Nearfield
 Begin fill denser part of Nearfield
 End fill
 Filling Amn                 Delta_CPU=         42.71 Memory(MB)=        200.07


 Now testing preconditioner with
 ipretype =            8
 method = cfie_solve_nfpre_pardiso

  
 NBP>>Begin fill sparser part of Nearfield
 NBP>>Begin fill denser part of Nearfield

225.0000%
237.5000%
250.0000%
262.5000%
275.0000%
287.5000%
300.0000%
 Begin MLFMA Box-Matrix Based Prec Constructor
 --- Intel MKL PARDISO --- 
  >> Solver Initialized
  >> Proceed to ngrp_box loop
  >> Loop 0 Initialized
 Memory for iGRP: 1 0 MB
 Total Memory For NFB Pre: 0 MB
 --- PARDISO PRECONDITIONER INITIALIZED --- 
 Constructing preconditioner CPU time: 0 s
 
 108360
 Memory for Iteration:: 1.65344 MB

 Iseg, Ninc_S : 1, 181, 0

 Iseg, Skeleton Angles: 1, 8
 Iseg, Skel-Pk Mem(MB): 1, 30.96

 Iseg, Irank, Idinc : 1, 1, 126
 Thata, Phi : 90.000000, 125.000000
 Maximun iteration: 300
 Number of recycle truncation: 30
 Final matrix dimension:  3612
 Residual error:0.010000
 0  1.635530e-01
 1  7.198157e-02
 2  2.393114e-02
 3  9.856821e-03
 Iteration CPU time: 0 s
 CFIE residual: 0.00985682

 Iseg, Irank, Idinc : 1, 2, 40
 Thata, Phi : 90.000000, 39.000000
 Maximun iteration: 300
 Number of recycle truncation: 30
 Final matrix dimension:  3612
 Residual error:0.010000
 0  1.654211e-01
 1  7.446071e-02
 2  2.639065e-02
 3  1.111009e-02
 4  4.504667e-03
 Iteration CPU time: 0 s
 CFIE residual: 0.00450467

 Iseg, Irank, Idinc : 1, 3, 1
 Thata, Phi : 90.000000, 0.000000
 Maximun iteration: 300
 Number of recycle truncation: 30
 Final matrix dimension:  3612
 Residual error:0.010000
 0  1.772848e-01
 1  7.716412e-02
 2  2.526629e-02
 3  1.015942e-02
 4  4.116920e-03
 Iteration CPU time: 0 s
 CFIE residual: 0.00411692

 Iseg, Irank, Idinc : 1, 4, 181
 Thata, Phi : 90.000000, 180.000000
 Maximun iteration: 300
 Number of recycle truncation: 30
 Final matrix dimension:  3612
 Residual error:0.010000
 0  1.758692e-01
 1  7.659476e-02
 2  2.528346e-02
 3  9.795983e-03
 Iteration CPU time: 0 s
 CFIE residual: 0.00979598

 Iseg, Irank, Idinc : 1, 5, 84
 Thata, Phi : 90.000000, 83.000000
 Maximun iteration: 300
 Number of recycle truncation: 30
 Final matrix dimension:  3612
 Residual error:0.010000
 0  1.738522e-01
 1  7.702974e-02
 2  2.539565e-02
 3  1.008741e-02
 4  4.001605e-03
 Iteration CPU time: 0 s
 CFIE residual: 0.0040016

 Iseg, Irank, Idinc : 1, 6, 157
 Thata, Phi : 90.000000, 156.000000
 Maximun iteration: 300
 Number of recycle truncation: 30
 Final matrix dimension:  3612
 Residual error:0.010000
 0  1.688876e-01
 1  7.426673e-02
 2  2.499079e-02
 3  9.922010e-03
 Iteration CPU time: 0 s
 CFIE residual: 0.00992201

 Iseg, Irank, Idinc : 1, 7, 19
 Thata, Phi : 90.000000, 18.000000
 Maximun iteration: 300
 Number of recycle truncation: 30
 Final matrix dimension:  3612
 Residual error:0.010000
 0  1.726987e-01
 1  7.627670e-02
 2  2.568775e-02
 3  1.057188e-02
 4  4.295298e-03
 Iteration CPU time: 0 s
 CFIE residual: 0.0042953

 Iseg, Irank, Idinc : 1, 8, 105
 Thata, Phi : 90.000000, 104.000000
 Maximun iteration: 300
 Number of recycle truncation: 30
 Final matrix dimension:  3612
 Residual error:0.010000
 0  1.711890e-01
 1  7.545329e-02
 2  2.458404e-02
 3  9.895571e-03
 Iteration CPU time: 0 s
 CFIE residual: 0.00989557
 Last Built End in Sep 21 2025 00:06:12
 Total CPU time: 6 s
 Finished.
