 Last Built Begin in Sep 21 2025 00:06:12
 Pre-Type( Input ):           10
 Skl-Tol ( Input ):    1.0000000000000001E-005
 Wavelength in freespace: 0.0307062

 ################################################
 ##         Generating Required Mesh          ##
 ##         Waiting.....                      ##
 ################################################
 Subd No.      Subd Name
    1    Open-Duct_PRIME_model_meshAA1                                     
 isub,  nnode, npatch,  nedge:
    1      6118     12236     18354
 Scale Factor         >>   1.54999997E-02
 ################################################

 START TIME: 20250922   031811.033


 Informaton for IE geometry:
 number of subdomains     : 1
 maxnode,maxpatch,maxedge : 6118  12236  18354
 
 Index of Mat-Reg: 1
 Mat-Reg Number via MatFlg: 1
 Edge Number of Mat-Reg: 1, 18354

 Number of Edge on PEC: 18354
 Mat-Reg: No Dim(m) Lmax:
    1 0.234    5
 Totlmax, add1, add2:           5           6           7
 rlengmax of Global MLFMA >>   0.23350550592968961     
 Lmax of Global MLFMA >>            5
 Wavenum of Mat-Reg:
    1 1.000

 total area in sq m           =      0.0510
 total area in sq lambda      =     54.0581
 maxnode, maxpatch, maxedge           =     6118    12236    18354
 longest  edge in lambda              =      0.1520
 shortest edge in lambda              =      0.0072
 average  edge in lambda              =      0.1015
 largest  patch area in sq lambda     =      0.0078
 smallest patch area in sq lambda     =      0.0000
 ave    surface area in sq lambda     =      0.0044
 size range of the object in sq lambda =      7.4722

 #### MLFMA Info For Each Region ####
 Mat-Region =            1
 Array dimension parameters:
 maxrule=          14   maxgrid  =          64
 lmax   =           5   ncmax    =        1250
 lsmax  =          26   lsmin    =           7
 kpm    =        1356   kp0      =         102
 ntlm   =      212856   nsm      =      230886
 nkpm   =        2178   niplm    =      139392
 ngnearm=       14257   ngsndm   =       64634
 nearm  =         333   mfinestm =         119
 ###############################

 CFIE Alpha:  0.50000000000000000     

 Fill MLFMA FI for Mat-Reg:           1
 Begin filltl.f
 fill translation matrix
 Level:            2
 fill shifting matrix
 Level:            3
 fill shifting matrix
 Level:            4
 fill shifting matrix
 Level:            5
 fill shifting matrix
 translator time(s):  0.123000003    
 fill interpolation matrix
 ThetaOrder            8
 PhiOrder            8
 lsl            7
 Filling TL                  Delta_CPU=          0.54 Memory(MB)=        653.71
 Filling sndgrp              Delta_CPU=          0.00 Memory(MB)=        653.71
 Filling VFS                 Delta_CPU=          3.27 Memory(MB)=        653.71

 Fill MLFMA NI for Mat-Reg:           1
 Begin fill sparser part of Nearfield
 Begin fill denser part of Nearfield
 End fill
 Filling Amn                 Delta_CPU=         91.37 Memory(MB)=        653.71


 Now testing preconditioner with
 ipretype =           10
 method = cfie_solve_nfrasspspre_pardiso

  
 NBP>>Begin fill sparser part of Nearfield

114.0479% NBP>>Begin fill denser part of Nearfield

200.1041%
 Begin MLFMA Box-Matrix Based Spar-RAS Prec Constructor
 --- Intel MKL PARDISO --- 
 Memory for iGroup: 1 0 MB
 Total Memory For SparRAS Pre: 0 MB
 --- PARDISO PRECONDITIONER INITIALIZED --- 
 Constructing preconditioner CPU time: 4 s
 
 1101240
 Memory for Iteration:: 16.8036 MB

 Iseg, Ninc_S : 1, 181, 0

 Iseg, Skeleton Angles: 1, 39
 Iseg, Skel-Pk Mem(MB): 1, 314.35

 Iseg, Irank, Idinc : 1, 1, 22
 Thata, Phi : 90.000000, 21.000000
 Maximun iteration: 300
 Number of recycle truncation: 30
 Final matrix dimension:  36708
 Residual error:0.001000
 0  6.128804e-01
 1  2.915059e-01
 2  1.659225e-01
 3  1.136813e-01
 4  8.015633e-02
 5  5.923550e-02
 6  4.530815e-02
 7  3.535256e-02
 8  2.787141e-02
 9  2.232928e-02
 10  1.726719e-02
 11  1.382212e-02
 12  1.096713e-02
 13  8.934603e-03
 14  7.333882e-03
 15  6.243696e-03
 16  5.242546e-03
 17  4.422958e-03
 18  3.770647e-03
 19  3.200880e-03
 20  2.788403e-03
 21  2.453133e-03
 22  2.209534e-03
 23  2.023099e-03
 24  1.885281e-03
 25  1.740172e-03
 26  1.594941e-03
 27  1.461667e-03
 28  1.329042e-03
 29  1.204088e-03
 30  1.070553e-03
 31  9.350294e-04
 Iteration CPU time: 7 s
 CFIE residual: 0.000935029

 Iseg, Irank, Idinc : 1, 2, 42
 Thata, Phi : 90.000000, 41.000000
 Maximun iteration: 300
 Number of recycle truncation: 30
 Final matrix dimension:  36708
 Residual error:0.001000
 0  6.259757e-01
 1  3.155508e-01
 2  2.001833e-01
 3  1.303666e-01
 4  8.942821e-02
 5  6.518926e-02
 6  4.825110e-02
 7  3.652912e-02
 8  2.795730e-02
 9  2.150166e-02
 10  1.660444e-02
 11  1.311726e-02
 12  1.067754e-02
 13  8.761349e-03
 14  7.299346e-03
 15  6.207580e-03
 16  5.419090e-03
 17  4.773737e-03
 18  4.341906e-03
 19  3.944482e-03
 20  3.604585e-03
 21  3.304725e-03
 22  3.044263e-03
 23  2.711029e-03
 24  2.410428e-03
 25  2.122010e-03
 26  1.828627e-03
 27  1.523361e-03
 28  1.257139e-03
 29  1.014876e-03
 30  8.193491e-04
 Iteration CPU time: 7 s
 CFIE residual: 0.000819349

 Iseg, Irank, Idinc : 1, 3, 109
 Thata, Phi : 90.000000, 108.000000
 Maximun iteration: 300
 Number of recycle truncation: 30
 Final matrix dimension:  36708
 Residual error:0.001000
 0  6.309410e-01
 1  3.569960e-01
 2  2.244813e-01
 3  1.544413e-01
 4  1.083274e-01
 5  8.141359e-02
 6  6.300835e-02
 7  4.837245e-02
 8  3.785768e-02
 9  3.078754e-02
 10  2.406855e-02
 11  1.897595e-02
 12  1.534292e-02
 13  1.266905e-02
 14  1.043730e-02
 15  8.646361e-03
 16  7.260925e-03
 17  6.245498e-03
 18  5.454658e-03
 19  4.802311e-03
 20  4.269578e-03
 21  3.848782e-03
 22  3.494880e-03
 23  3.170924e-03
 24  2.918765e-03
 25  2.647512e-03
 26  2.390972e-03
 27  2.112158e-03
 28  1.809603e-03
 29  1.511011e-03
 30  1.250639e-03
 31  9.928280e-04
 Iteration CPU time: 8 s
 CFIE residual: 0.000992828

 Iseg, Irank, Idinc : 1, 4, 64
 Thata, Phi : 90.000000, 63.000000
 Maximun iteration: 300
 Number of recycle truncation: 30
 Final matrix dimension:  36708
 Residual error:0.001000
 0  6.644861e-01
 1  3.582389e-01
 2  2.234361e-01
 3  1.440615e-01
 4  1.038037e-01
 5  7.907870e-02
 6  6.031995e-02
 7  4.694268e-02
 8  3.742585e-02
 9  3.021402e-02
 10  2.369729e-02
 11  1.909642e-02
 12  1.513165e-02
 13  1.245630e-02
 14  1.054209e-02
 15  9.170177e-03
 16  8.246503e-03
 17  7.552027e-03
 18  6.898199e-03
 19  6.285424e-03
 20  5.762939e-03
 21  5.235248e-03
 22  4.720203e-03
 23  4.249954e-03
 24  3.693952e-03
 25  3.116251e-03
 26  2.631389e-03
 27  2.125464e-03
 28  1.686606e-03
 29  1.336260e-03
 30  1.025481e-03
 31  7.858084e-04
 Iteration CPU time: 7 s
 CFIE residual: 0.000785808

 Iseg, Irank, Idinc : 1, 5, 146
 Thata, Phi : 90.000000, 145.000000
 Maximun iteration: 300
 Number of recycle truncation: 30
 Final matrix dimension:  36708
 Residual error:0.001000
 0  6.546816e-01
 1  3.464131e-01
 2  2.088038e-01
 3  1.448185e-01
 4  1.048516e-01
 5  8.040035e-02
 6  6.308351e-02
 7  4.988747e-02
 8  4.180787e-02
 9  3.488440e-02
 10  2.926062e-02
 11  2.465874e-02
 12  2.022680e-02
 13  1.616276e-02
 14  1.295820e-02
 15  1.053518e-02
 16  8.411741e-03
 17  7.012661e-03
 18  5.791435e-03
 19  4.765619e-03
 20  4.023218e-03
 21  3.414057e-03
 22  2.979379e-03
 23  2.652865e-03
 24  2.366438e-03
 25  2.191397e-03
 26  2.028924e-03
 27  1.866197e-03
 28  1.683564e-03
 29  1.501714e-03
 30  1.324892e-03
 31  1.104677e-03
 32  9.011438e-04
 Iteration CPU time: 7 s
 CFIE residual: 0.000901144

 Iseg, Irank, Idinc : 1, 6, 74
 Thata, Phi : 90.000000, 73.000000
 Maximun iteration: 300
 Number of recycle truncation: 30
 Final matrix dimension:  36708
 Residual error:0.001000
 0  6.429918e-01
 1  3.682854e-01
 2  2.394536e-01
 3  1.509466e-01
 4  1.056214e-01
 5  8.034479e-02
 6  6.303897e-02
 7  5.000373e-02
 8  3.971772e-02
 9  3.300758e-02
 10  2.579190e-02
 11  2.065530e-02
 12  1.673949e-02
 13  1.422211e-02
 14  1.227763e-02
 15  1.075079e-02
 16  9.519826e-03
 17  8.625022e-03
 18  7.838610e-03
 19  7.141239e-03
 20  6.553729e-03
 21  6.000824e-03
 22  5.448003e-03
 23  4.918091e-03
 24  4.361560e-03
 25  3.821470e-03
 26  3.271893e-03
 27  2.733651e-03
 28  2.250202e-03
 29  1.816770e-03
 30  1.456513e-03
 31  1.142092e-03
 32  8.790527e-04
 Iteration CPU time: 7 s
 CFIE residual: 0.000879053

 Iseg, Irank, Idinc : 1, 7, 159
 Thata, Phi : 90.000000, 158.000000
 Maximun iteration: 300
 Number of recycle truncation: 30
 Final matrix dimension:  36708
 Residual error:0.001000
 0  6.091528e-01
 1  3.129321e-01
 2  1.908959e-01
 3  1.311256e-01
 4  1.000139e-01
 5  7.983927e-02
 6  6.427565e-02
 7  5.158406e-02
 8  4.416127e-02
 9  3.804906e-02
 10  3.181271e-02
 11  2.642463e-02
 12  2.137863e-02
 13  1.759354e-02
 14  1.423945e-02
 15  1.156894e-02
 16  9.324013e-03
 17  7.668602e-03
 18  6.213728e-03
 19  5.113572e-03
 20  4.201615e-03
 21  3.502376e-03
 22  3.013949e-03
 23  2.642999e-03
 24  2.342978e-03
 25  2.053314e-03
 26  1.863258e-03
 27  1.707982e-03
 28  1.576316e-03
 29  1.450697e-03
 30  1.330536e-03
 31  1.208717e-03
 32  1.061621e-03
 33  9.147406e-04
 Iteration CPU time: 8 s
 CFIE residual: 0.000914741

 Iseg, Irank, Idinc : 1, 8, 121
 Thata, Phi : 90.000000, 120.000000
 Maximun iteration: 300
 Number of recycle truncation: 30
 Final matrix dimension:  36708
 Residual error:0.001000
 0  6.516825e-01
 1  3.451845e-01
 2  2.249497e-01
 3  1.563861e-01
 4  1.106930e-01
 5  8.332037e-02
 6  6.405861e-02
 7  5.013107e-02
 8  3.864874e-02
 9  3.017233e-02
 10  2.364393e-02
 11  1.869199e-02
 12  1.525175e-02
 13  1.256513e-02
 14  1.028581e-02
 15  8.795168e-03
 16  7.457844e-03
 17  6.447858e-03
 18  5.677662e-03
 19  4.991322e-03
 20  4.413093e-03
 21  4.002185e-03
 22  3.624175e-03
 23  3.290978e-03
 24  2.988149e-03
 25  2.739535e-03
 26  2.486395e-03
 27  2.244014e-03
 28  2.028150e-03
 29  1.758236e-03
 30  1.493578e-03
 31  1.237856e-03
 32  9.741001e-04
 Iteration CPU time: 7 s
 CFIE residual: 0.0009741

 Iseg, Irank, Idinc : 1, 9, 131
 Thata, Phi : 90.000000, 130.000000
 Maximun iteration: 300
 Number of recycle truncation: 30
 Final matrix dimension:  36708
 Residual error:0.001000
 0  6.805028e-01
 1  3.581287e-01
 2  2.305619e-01
 3  1.566180e-01
 4  1.116442e-01
 5  8.605163e-02
 6  6.555258e-02
 7  5.071558e-02
 8  4.041557e-02
 9  3.178735e-02
 10  2.534661e-02
 11  2.020460e-02
 12  1.603884e-02
 13  1.312061e-02
 14  1.080612e-02
 15  8.915942e-03
 16  7.394284e-03
 17  6.245640e-03
 18  5.318283e-03
 19  4.667961e-03
 20  4.211476e-03
 21  3.821568e-03
 22  3.513654e-03
 23  3.206222e-03
 24  2.940895e-03
 25  2.702571e-03
 26  2.445763e-03
 27  2.232166e-03
 28  2.010683e-03
 29  1.800267e-03
 30  1.551359e-03
 31  1.317287e-03
 32  1.078547e-03
 33  8.842583e-04
 Iteration CPU time: 8 s
 CFIE residual: 0.000884258

 Iseg, Irank, Idinc : 1, 10, 89
 Thata, Phi : 90.000000, 88.000000
 Maximun iteration: 300
 Number of recycle truncation: 30
 Final matrix dimension:  36708
 Residual error:0.001000
 0  6.191428e-01
 1  3.543854e-01
 2  2.284509e-01
 3  1.550948e-01
 4  1.106116e-01
 5  8.633108e-02
 6  6.726483e-02
 7  5.320063e-02
 8  4.261860e-02
 9  3.503191e-02
 10  2.783755e-02
 11  2.166799e-02
 12  1.728958e-02
 13  1.405588e-02
 14  1.192567e-02
 15  1.021088e-02
 16  8.830396e-03
 17  7.810766e-03
 18  7.075985e-03
 19  6.442290e-03
 20  5.941130e-03
 21  5.479457e-03
 22  5.022976e-03
 23  4.548371e-03
 24  4.056548e-03
 25  3.573828e-03
 26  3.103706e-03
 27  2.679619e-03
 28  2.206758e-03
 29  1.751160e-03
 30  1.383748e-03
 31  1.086483e-03
 32  8.703221e-04
 Iteration CPU time: 7 s
 CFIE residual: 0.000870322

 Iseg, Irank, Idinc : 1, 11, 53
 Thata, Phi : 90.000000, 52.000000
 Maximun iteration: 300
 Number of recycle truncation: 30
 Final matrix dimension:  36708
 Residual error:0.001000
 0  6.479437e-01
 1  3.367917e-01
 2  2.083613e-01
 3  1.351011e-01
 4  9.656459e-02
 5  7.140972e-02
 6  5.476923e-02
 7  4.271234e-02
 8  3.293717e-02
 9  2.469782e-02
 10  1.962103e-02
 11  1.557529e-02
 12  1.257965e-02
 13  1.050572e-02
 14  8.934436e-03
 15  7.722915e-03
 16  6.918965e-03
 17  6.246783e-03
 18  5.657831e-03
 19  5.150282e-03
 20  4.677299e-03
 21  4.206444e-03
 22  3.851255e-03
 23  3.442114e-03
 24  2.968939e-03
 25  2.493619e-03
 26  2.099777e-03
 27  1.698430e-03
 28  1.390042e-03
 29  1.098350e-03
 30  8.503156e-04
 Iteration CPU time: 7 s
 CFIE residual: 0.000850316

 Iseg, Irank, Idinc : 1, 12, 32
 Thata, Phi : 90.000000, 31.000000
 Maximun iteration: 300
 Number of recycle truncation: 30
 Final matrix dimension:  36708
 Residual error:0.001000
 0  6.319192e-01
 1  3.061597e-01
 2  1.796370e-01
 3  1.136791e-01
 4  7.989914e-02
 5  5.909837e-02
 6  4.343730e-02
 7  3.281393e-02
 8  2.532248e-02
 9  2.028891e-02
 10  1.633867e-02
 11  1.298988e-02
 12  1.018183e-02
 13  8.519292e-03
 14  6.959117e-03
 15  5.890564e-03
 16  5.093528e-03
 17  4.366942e-03
 18  3.845098e-03
 19  3.361448e-03
 20  2.998781e-03
 21  2.705289e-03
 22  2.496618e-03
 23  2.327853e-03
 24  2.153652e-03
 25  1.959164e-03
 26  1.765796e-03
 27  1.587903e-03
 28  1.391968e-03
 29  1.189937e-03
 30  9.933917e-04
 Iteration CPU time: 7 s
 CFIE residual: 0.000993392

 Iseg, Irank, Idinc : 1, 13, 11
 Thata, Phi : 90.000000, 10.000000
 Maximun iteration: 300
 Number of recycle truncation: 30
 Final matrix dimension:  36708
 Residual error:0.001000
 0  5.418263e-01
 1  2.759513e-01
 2  1.727116e-01
 3  1.227981e-01
 4  8.795999e-02
 5  6.645867e-02
 6  5.114637e-02
 7  3.951175e-02
 8  3.060708e-02
 9  2.437443e-02
 10  1.907547e-02
 11  1.480539e-02
 12  1.151511e-02
 13  9.248323e-03
 14  7.541570e-03
 15  6.214278e-03
 16  5.226466e-03
 17  4.370680e-03
 18  3.750704e-03
 19  3.238720e-03
 20  2.821077e-03
 21  2.454970e-03
 22  2.176136e-03
 23  1.924950e-03
 24  1.771449e-03
 25  1.638313e-03
 26  1.521613e-03
 27  1.403250e-03
 28  1.307549e-03
 29  1.203964e-03
 30  1.093944e-03
 31  9.783008e-04
 Iteration CPU time: 7 s
 CFIE residual: 0.000978301

 Iseg, Irank, Idinc : 1, 14, 178
 Thata, Phi : 90.000000, 177.000000
 Maximun iteration: 300
 Number of recycle truncation: 30
 Final matrix dimension:  36708
 Residual error:0.001000
 0  5.592879e-01
 1  2.992706e-01
 2  1.910398e-01
 3  1.350706e-01
 4  1.059918e-01
 5  8.154049e-02
 6  6.643898e-02
 7  5.494736e-02
 8  4.494829e-02
 9  3.514034e-02
 10  2.779333e-02
 11  2.226463e-02
 12  1.772442e-02
 13  1.392527e-02
 14  1.112209e-02
 15  8.794737e-03
 16  6.949001e-03
 17  5.760307e-03
 18  4.674768e-03
 19  3.855932e-03
 20  3.109124e-03
 21  2.552991e-03
 22  2.194313e-03
 23  1.917148e-03
 24  1.650764e-03
 25  1.437513e-03
 26  1.275456e-03
 27  1.136043e-03
 28  1.037914e-03
 29  9.528835e-04
 Iteration CPU time: 7 s
 CFIE residual: 0.000952884

 Iseg, Irank, Idinc : 1, 15, 97
 Thata, Phi : 90.000000, 96.000000
 Maximun iteration: 300
 Number of recycle truncation: 30
 Final matrix dimension:  36708
 Residual error:0.001000
 0  6.171311e-01
 1  3.532000e-01
 2  2.231278e-01
 3  1.489163e-01
 4  1.066002e-01
 5  8.121300e-02
 6  6.264139e-02
 7  5.004257e-02
 8  3.970568e-02
 9  3.182021e-02
 10  2.550822e-02
 11  2.040573e-02
 12  1.651274e-02
 13  1.368113e-02
 14  1.154015e-02
 15  9.616614e-03
 16  8.185553e-03
 17  7.164019e-03
 18  6.385314e-03
 19  5.783146e-03
 20  5.292483e-03
 21  4.827156e-03
 22  4.397013e-03
 23  4.049920e-03
 24  3.693412e-03
 25  3.322359e-03
 26  2.971837e-03
 27  2.617948e-03
 28  2.218644e-03
 29  1.802578e-03
 30  1.426310e-03
 31  1.128657e-03
 32  8.580327e-04
 Iteration CPU time: 7 s
 CFIE residual: 0.000858033

 Iseg, Irank, Idinc : 1, 16, 81
 Thata, Phi : 90.000000, 80.000000
 Maximun iteration: 300
 Number of recycle truncation: 30
 Final matrix dimension:  36708
 Residual error:0.001000
 0  6.250019e-01
 1  3.576861e-01
 2  2.320913e-01
 3  1.522851e-01
 4  1.089147e-01
 5  8.497881e-02
 6  6.501051e-02
 7  5.222756e-02
 8  4.146672e-02
 9  3.345287e-02
 10  2.658651e-02
 11  2.081795e-02
 12  1.663239e-02
 13  1.379765e-02
 14  1.178761e-02
 15  1.028648e-02
 16  9.059508e-03
 17  8.065224e-03
 18  7.291133e-03
 19  6.667370e-03
 20  6.093663e-03
 21  5.638875e-03
 22  5.176039e-03
 23  4.701589e-03
 24  4.149489e-03
 25  3.657053e-03
 26  3.169278e-03
 27  2.712054e-03
 28  2.266486e-03
 29  1.832186e-03
 30  1.472483e-03
 31  1.175400e-03
 32  9.223948e-04
 Iteration CPU time: 8 s
 CFIE residual: 0.000922395

 Iseg, Irank, Idinc : 1, 17, 1
 Thata, Phi : 90.000000, 0.000000
 Maximun iteration: 300
 Number of recycle truncation: 30
 Final matrix dimension:  36708
 Residual error:0.001000
 0  5.075853e-01
 1  2.679207e-01
 2  1.735887e-01
 3  1.206602e-01
 4  8.567495e-02
 5  6.428869e-02
 6  4.957806e-02
 7  3.807192e-02
 8  2.916207e-02
 9  2.270971e-02
 10  1.728957e-02
 11  1.346961e-02
 12  1.116073e-02
 13  8.756170e-03
 14  7.145246e-03
 15  5.639554e-03
 16  4.603623e-03
 17  3.804701e-03
 18  3.261171e-03
 19  2.816460e-03
 20  2.460874e-03
 21  2.184457e-03
 22  1.937800e-03
 23  1.696978e-03
 24  1.530925e-03
 25  1.408190e-03
 26  1.311799e-03
 27  1.221651e-03
 28  1.118146e-03
 29  1.014756e-03
 30  8.754505e-04
 Iteration CPU time: 7 s
 CFIE residual: 0.000875451

 Iseg, Irank, Idinc : 1, 18, 167
 Thata, Phi : 90.000000, 166.000000
 Maximun iteration: 300
 Number of recycle truncation: 30
 Final matrix dimension:  36708
 Residual error:0.001000
 0  5.791851e-01
 1  3.017664e-01
 2  1.884320e-01
 3  1.338073e-01
 4  1.045018e-01
 5  8.306138e-02
 6  6.832014e-02
 7  5.546773e-02
 8  4.635845e-02
 9  3.870285e-02
 10  3.278631e-02
 11  2.712703e-02
 12  2.239915e-02
 13  1.792213e-02
 14  1.467492e-02
 15  1.203458e-02
 16  9.808692e-03
 17  8.022754e-03
 18  6.461895e-03
 19  5.188167e-03
 20  4.252834e-03
 21  3.481912e-03
 22  2.946172e-03
 23  2.496482e-03
 24  2.149531e-03
 25  1.836413e-03
 26  1.592903e-03
 27  1.435392e-03
 28  1.320461e-03
 29  1.224321e-03
 30  1.138885e-03
 31  1.052198e-03
 32  9.480527e-04
 Iteration CPU time: 7 s
 CFIE residual: 0.000948053

 Iseg, Irank, Idinc : 1, 19, 139
 Thata, Phi : 90.000000, 138.000000
 Maximun iteration: 300
 Number of recycle truncation: 30
 Final matrix dimension:  36708
 Residual error:0.001000
 0  6.935597e-01
 1  3.555444e-01
 2  2.191161e-01
 3  1.511395e-01
 4  1.100436e-01
 5  8.358182e-02
 6  6.335935e-02
 7  5.005830e-02
 8  4.135417e-02
 9  3.339120e-02
 10  2.715574e-02
 11  2.258966e-02
 12  1.832776e-02
 13  1.478489e-02
 14  1.172115e-02
 15  9.510665e-03
 16  7.771445e-03
 17  6.482658e-03
 18  5.405290e-03
 19  4.575949e-03
 20  3.999450e-03
 21  3.558327e-03
 22  3.243512e-03
 23  2.933056e-03
 24  2.691520e-03
 25  2.510000e-03
 26  2.308137e-03
 27  2.104511e-03
 28  1.891128e-03
 29  1.686630e-03
 30  1.479261e-03
 31  1.246235e-03
 32  1.031663e-03
 33  8.440518e-04
 Iteration CPU time: 8 s
 CFIE residual: 0.000844052

 Iseg, Irank, Idinc : 1, 20, 103
 Thata, Phi : 90.000000, 102.000000
 Maximun iteration: 300
 Number of recycle truncation: 30
 Final matrix dimension:  36708
 Residual error:0.001000
 0  6.173008e-01
 1  3.535245e-01
 2  2.226668e-01
 3  1.506524e-01
 4  1.051681e-01
 5  7.906122e-02
 6  6.151778e-02
 7  4.774098e-02
 8  3.749982e-02
 9  3.058969e-02
 10  2.480035e-02
 11  1.982467e-02
 12  1.589074e-02
 13  1.307177e-02
 14  1.081808e-02
 15  9.037481e-03
 16  7.579554e-03
 17  6.627395e-03
 18  5.840146e-03
 19  5.243930e-03
 20  4.740643e-03
 21  4.345350e-03
 22  3.931195e-03
 23  3.586636e-03
 24  3.283132e-03
 25  2.969063e-03
 26  2.666533e-03
 27  2.396660e-03
 28  2.070167e-03
 29  1.742109e-03
 30  1.435085e-03
 31  1.136862e-03
 32  8.802106e-04
 Iteration CPU time: 8 s
 CFIE residual: 0.000880211

 Iseg, Irank, Idinc : 1, 21, 153
 Thata, Phi : 90.000000, 152.000000
 Maximun iteration: 300
 Number of recycle truncation: 30
 Final matrix dimension:  36708
 Residual error:0.001000
 0  6.306654e-01
 1  3.292370e-01
 2  2.003772e-01
 3  1.369294e-01
 4  1.017604e-01
 5  7.964470e-02
 6  6.342253e-02
 7  5.041644e-02
 8  4.275866e-02
 9  3.583205e-02
 10  3.044595e-02
 11  2.551525e-02
 12  2.046703e-02
 13  1.636534e-02
 14  1.328471e-02
 15  1.086731e-02
 16  8.787198e-03
 17  7.220651e-03
 18  5.879712e-03
 19  4.835324e-03
 20  4.065007e-03
 21  3.384968e-03
 22  2.946803e-03
 23  2.598495e-03
 24  2.311591e-03
 25  2.085100e-03
 26  1.915689e-03
 27  1.747012e-03
 28  1.588406e-03
 29  1.453204e-03
 30  1.301816e-03
 31  1.126970e-03
 32  9.407075e-04
 Iteration CPU time: 7 s
 CFIE residual: 0.000940707

 Iseg, Irank, Idinc : 1, 22, 181
 Thata, Phi : 90.000000, 180.000000
 Maximun iteration: 300
 Number of recycle truncation: 30
 Final matrix dimension:  36708
 Residual error:0.001000
 0  5.581107e-01
 1  2.992470e-01
 2  1.910189e-01
 3  1.348959e-01
 4  1.056936e-01
 5  8.091160e-02
 6  6.584839e-02
 7  5.445104e-02
 8  4.432998e-02
 9  3.440664e-02
 10  2.701735e-02
 11  2.139611e-02
 12  1.628759e-02
 13  1.268936e-02
 14  9.894818e-03
 15  7.709605e-03
 16  5.938393e-03
 17  4.795750e-03
 18  3.884748e-03
 19  3.065607e-03
 20  2.549486e-03
 21  2.192667e-03
 22  1.884843e-03
 23  1.633526e-03
 24  1.425859e-03
 25  1.274285e-03
 26  1.163306e-03
 27  1.053331e-03
 28  9.691849e-04
 Iteration CPU time: 7 s
 CFIE residual: 0.000969185

 Iseg, Irank, Idinc : 1, 23, 6
 Thata, Phi : 90.000000, 5.000000
 Maximun iteration: 300
 Number of recycle truncation: 30
 Final matrix dimension:  36708
 Residual error:0.001000
 0  5.174990e-01
 1  2.703890e-01
 2  1.732241e-01
 3  1.215945e-01
 4  8.722914e-02
 5  6.601069e-02
 6  5.047605e-02
 7  3.813441e-02
 8  2.899650e-02
 9  2.326120e-02
 10  1.845959e-02
 11  1.454042e-02
 12  1.141283e-02
 13  9.115039e-03
 14  7.606568e-03
 15  6.178755e-03
 16  5.129499e-03
 17  4.279705e-03
 18  3.634907e-03
 19  3.151463e-03
 20  2.763729e-03
 21  2.412725e-03
 22  2.132967e-03
 23  1.867059e-03
 24  1.691568e-03
 25  1.549723e-03
 26  1.440632e-03
 27  1.336291e-03
 28  1.243683e-03
 29  1.134481e-03
 30  1.018975e-03
 31  9.028172e-04
 Iteration CPU time: 7 s
 CFIE residual: 0.000902817

 Iseg, Irank, Idinc : 1, 24, 59
 Thata, Phi : 90.000000, 58.000000
 Maximun iteration: 300
 Number of recycle truncation: 30
 Final matrix dimension:  36708
 Residual error:0.001000
 0  6.624097e-01
 1  3.468018e-01
 2  2.156429e-01
 3  1.368346e-01
 4  9.725020e-02
 5  7.196379e-02
 6  5.574328e-02
 7  4.397149e-02
 8  3.513865e-02
 9  2.711655e-02
 10  2.072023e-02
 11  1.662432e-02
 12  1.351692e-02
 13  1.120755e-02
 14  9.458139e-03
 15  8.161744e-03
 16  7.333222e-03
 17  6.671614e-03
 18  6.083513e-03
 19  5.555260e-03
 20  5.089400e-03
 21  4.635531e-03
 22  4.116902e-03
 23  3.676599e-03
 24  3.194053e-03
 25  2.708030e-03
 26  2.257327e-03
 27  1.847463e-03
 28  1.490701e-03
 29  1.187599e-03
 30  9.325512e-04
 Iteration CPU time: 7 s
 CFIE residual: 0.000932551

 Iseg, Irank, Idinc : 1, 25, 17
 Thata, Phi : 90.000000, 16.000000
 Maximun iteration: 300
 Number of recycle truncation: 30
 Final matrix dimension:  36708
 Residual error:0.001000
 0  5.805457e-01
 1  2.840822e-01
 2  1.698191e-01
 3  1.191834e-01
 4  8.448883e-02
 5  6.345860e-02
 6  4.929291e-02
 7  3.845534e-02
 8  3.005506e-02
 9  2.365801e-02
 10  1.843461e-02
 11  1.475237e-02
 12  1.144831e-02
 13  9.171047e-03
 14  7.436302e-03
 15  6.334393e-03
 16  5.318504e-03
 17  4.478807e-03
 18  3.807598e-03
 19  3.234762e-03
 20  2.826058e-03
 21  2.441816e-03
 22  2.186286e-03
 23  1.960867e-03
 24  1.815406e-03
 25  1.682280e-03
 26  1.556911e-03
 27  1.432600e-03
 28  1.323138e-03
 29  1.215869e-03
 30  1.094374e-03
 31  9.721085e-04
 Iteration CPU time: 7 s
 CFIE residual: 0.000972109

 Iseg, Irank, Idinc : 1, 26, 115
 Thata, Phi : 90.000000, 114.000000
 Maximun iteration: 300
 Number of recycle truncation: 30
 Final matrix dimension:  36708
 Residual error:0.001000
 0  6.455832e-01
 1  3.509149e-01
 2  2.218586e-01
 3  1.548240e-01
 4  1.095910e-01
 5  8.172683e-02
 6  6.227401e-02
 7  4.820873e-02
 8  3.793266e-02
 9  3.011488e-02
 10  2.338974e-02
 11  1.834798e-02
 12  1.511216e-02
 13  1.259102e-02
 14  1.036344e-02
 15  8.567193e-03
 16  7.276975e-03
 17  6.285967e-03
 18  5.451185e-03
 19  4.766936e-03
 20  4.290915e-03
 21  3.847068e-03
 22  3.506617e-03
 23  3.177180e-03
 24  2.925958e-03
 25  2.661089e-03
 26  2.426017e-03
 27  2.156636e-03
 28  1.901823e-03
 29  1.636198e-03
 30  1.358880e-03
 31  1.069751e-03
 32  8.232765e-04
 Iteration CPU time: 8 s
 CFIE residual: 0.000823277

 Iseg, Irank, Idinc : 1, 27, 173
 Thata, Phi : 90.000000, 172.000000
 Maximun iteration: 300
 Number of recycle truncation: 30
 Final matrix dimension:  36708
 Residual error:0.001000
 0  5.654828e-01
 1  2.995403e-01
 2  1.907270e-01
 3  1.355151e-01
 4  1.066723e-01
 5  8.325258e-02
 6  6.829722e-02
 7  5.607999e-02
 8  4.647284e-02
 9  3.750826e-02
 10  3.076156e-02
 11  2.532915e-02
 12  2.089458e-02
 13  1.670799e-02
 14  1.365730e-02
 15  1.114991e-02
 16  9.193378e-03
 17  7.448501e-03
 18  5.892752e-03
 19  4.797560e-03
 20  3.894156e-03
 21  3.151709e-03
 22  2.688562e-03
 23  2.301117e-03
 24  1.963026e-03
 25  1.681507e-03
 26  1.452422e-03
 27  1.289325e-03
 28  1.174631e-03
 29  1.082276e-03
 30  1.009809e-03
 31  9.312097e-04
 Iteration CPU time: 7 s
 CFIE residual: 0.00093121

 Iseg, Irank, Idinc : 1, 28, 37
 Thata, Phi : 90.000000, 36.000000
 Maximun iteration: 300
 Number of recycle truncation: 30
 Final matrix dimension:  36708
 Residual error:0.001000
 0  6.220682e-01
 1  3.126167e-01
 2  1.927555e-01
 3  1.225983e-01
 4  8.378641e-02
 5  6.158731e-02
 6  4.510041e-02
 7  3.398441e-02
 8  2.615740e-02
 9  2.035429e-02
 10  1.605490e-02
 11  1.284195e-02
 12  1.023500e-02
 13  8.468923e-03
 14  7.004289e-03
 15  5.959146e-03
 16  5.100484e-03
 17  4.433176e-03
 18  3.964593e-03
 19  3.534180e-03
 20  3.198072e-03
 21  2.926265e-03
 22  2.709836e-03
 23  2.474393e-03
 24  2.256168e-03
 25  2.039388e-03
 26  1.796352e-03
 27  1.557151e-03
 28  1.332231e-03
 29  1.113322e-03
 30  9.232975e-04
 Iteration CPU time: 7 s
 CFIE residual: 0.000923297

 Iseg, Irank, Idinc : 1, 29, 69
 Thata, Phi : 90.000000, 68.000000
 Maximun iteration: 300
 Number of recycle truncation: 30
 Final matrix dimension:  36708
 Residual error:0.001000
 0  6.566151e-01
 1  3.671517e-01
 2  2.337910e-01
 3  1.507948e-01
 4  1.085735e-01
 5  8.247743e-02
 6  6.343602e-02
 7  5.003835e-02
 8  4.043186e-02
 9  3.337286e-02
 10  2.622094e-02
 11  2.069004e-02
 12  1.660856e-02
 13  1.391642e-02
 14  1.189085e-02
 15  1.047945e-02
 16  9.393893e-03
 17  8.516552e-03
 18  7.767999e-03
 19  7.042412e-03
 20  6.472298e-03
 21  5.894621e-03
 22  5.375312e-03
 23  4.860903e-03
 24  4.264740e-03
 25  3.679255e-03
 26  3.113961e-03
 27  2.582903e-03
 28  2.080782e-03
 29  1.670975e-03
 30  1.311563e-03
 31  1.026223e-03
 32  7.910653e-04
 Iteration CPU time: 8 s
 CFIE residual: 0.000791065

 Iseg, Irank, Idinc : 1, 30, 126
 Thata, Phi : 90.000000, 125.000000
 Maximun iteration: 300
 Number of recycle truncation: 30
 Final matrix dimension:  36708
 Residual error:0.001000
 0  6.595313e-01
 1  3.474428e-01
 2  2.287925e-01
 3  1.576333e-01
 4  1.124485e-01
 5  8.583517e-02
 6  6.554671e-02
 7  5.099490e-02
 8  3.958808e-02
 9  3.073017e-02
 10  2.440434e-02
 11  1.946981e-02
 12  1.548789e-02
 13  1.267485e-02
 14  1.043074e-02
 15  8.958325e-03
 16  7.574409e-03
 17  6.492878e-03
 18  5.633775e-03
 19  4.942159e-03
 20  4.420498e-03
 21  4.002787e-03
 22  3.657907e-03
 23  3.359444e-03
 24  3.045465e-03
 25  2.786341e-03
 26  2.552492e-03
 27  2.340600e-03
 28  2.119195e-03
 29  1.904221e-03
 30  1.657068e-03
 31  1.404909e-03
 32  1.167650e-03
 33  9.535345e-04
 Iteration CPU time: 8 s
 CFIE residual: 0.000953535

 Iseg, Irank, Idinc : 1, 31, 3
 Thata, Phi : 90.000000, 2.000000
 Maximun iteration: 300
 Number of recycle truncation: 30
 Final matrix dimension:  36708
 Residual error:0.001000
 0  5.092722e-01
 1  2.683468e-01
 2  1.735089e-01
 3  1.207986e-01
 4  8.595143e-02
 5  6.464991e-02
 6  4.975004e-02
 7  3.797369e-02
 8  2.902138e-02
 9  2.271228e-02
 10  1.753558e-02
 11  1.394299e-02
 12  1.132109e-02
 13  8.898352e-03
 14  7.336125e-03
 15  5.946334e-03
 16  4.959599e-03
 17  4.136590e-03
 18  3.499990e-03
 19  3.034085e-03
 20  2.662880e-03
 21  2.355602e-03
 22  2.078272e-03
 23  1.811757e-03
 24  1.628119e-03
 25  1.487868e-03
 26  1.375005e-03
 27  1.277381e-03
 28  1.179131e-03
 29  1.074645e-03
 30  9.508468e-04
 Iteration CPU time: 7 s
 CFIE residual: 0.000950847

 Iseg, Irank, Idinc : 1, 32, 163
 Thata, Phi : 90.000000, 162.000000
 Maximun iteration: 300
 Number of recycle truncation: 30
 Final matrix dimension:  36708
 Residual error:0.001000
 0  5.929209e-01
 1  3.058118e-01
 2  1.876841e-01
 3  1.314849e-01
 4  1.016872e-01
 5  8.165237e-02
 6  6.648336e-02
 7  5.364638e-02
 8  4.526970e-02
 9  3.870970e-02
 10  3.278920e-02
 11  2.730717e-02
 12  2.248167e-02
 13  1.811710e-02
 14  1.470980e-02
 15  1.203063e-02
 16  9.775781e-03
 17  8.076298e-03
 18  6.545406e-03
 19  5.252127e-03
 20  4.334963e-03
 21  3.568282e-03
 22  3.030149e-03
 23  2.590606e-03
 24  2.250458e-03
 25  1.932764e-03
 26  1.727546e-03
 27  1.577371e-03
 28  1.459879e-03
 29  1.352641e-03
 30  1.249931e-03
 31  1.153212e-03
 32  1.030235e-03
 33  8.973929e-04
 Iteration CPU time: 7 s
 CFIE residual: 0.000897393

 Iseg, Irank, Idinc : 1, 33, 47
 Thata, Phi : 90.000000, 46.000000
 Maximun iteration: 300
 Number of recycle truncation: 30
 Final matrix dimension:  36708
 Residual error:0.001000
 0  6.348640e-01
 1  3.234272e-01
 2  2.038137e-01
 3  1.340332e-01
 4  9.495949e-02
 5  7.049659e-02
 6  5.289039e-02
 7  4.065737e-02
 8  3.105459e-02
 9  2.410237e-02
 10  1.871927e-02
 11  1.457771e-02
 12  1.173974e-02
 13  9.660414e-03
 14  8.077060e-03
 15  6.886654e-03
 16  6.122062e-03
 17  5.469921e-03
 18  4.987676e-03
 19  4.611126e-03
 20  4.200580e-03
 21  3.767446e-03
 22  3.444772e-03
 23  3.068039e-03
 24  2.674591e-03
 25  2.306105e-03
 26  1.972333e-03
 27  1.628560e-03
 28  1.348084e-03
 29  1.095470e-03
 30  8.684096e-04
 Iteration CPU time: 7 s
 CFIE residual: 0.00086841

 Iseg, Irank, Idinc : 1, 34, 27
 Thata, Phi : 90.000000, 26.000000
 Maximun iteration: 300
 Number of recycle truncation: 30
 Final matrix dimension:  36708
 Residual error:0.001000
 0  6.329344e-01
 1  2.988076e-01
 2  1.681908e-01
 3  1.100705e-01
 4  7.742228e-02
 5  5.698275e-02
 6  4.257502e-02
 7  3.236853e-02
 8  2.525127e-02
 9  2.057244e-02
 10  1.653448e-02
 11  1.302990e-02
 12  1.042050e-02
 13  8.687131e-03
 14  7.232302e-03
 15  6.067994e-03
 16  5.255104e-03
 17  4.431663e-03
 18  3.830529e-03
 19  3.281779e-03
 20  2.882987e-03
 21  2.555671e-03
 22  2.327270e-03
 23  2.162059e-03
 24  2.016434e-03
 25  1.846867e-03
 26  1.689553e-03
 27  1.532212e-03
 28  1.370865e-03
 29  1.222125e-03
 30  1.051463e-03
 31  8.878332e-04
 Iteration CPU time: 7 s
 CFIE residual: 0.000887833

 Iseg, Irank, Idinc : 1, 35, 180
 Thata, Phi : 90.000000, 179.000000
 Maximun iteration: 300
 Number of recycle truncation: 30
 Final matrix dimension:  36708
 Residual error:0.001000
 0  5.582566e-01
 1  2.992516e-01
 2  1.910242e-01
 3  1.349200e-01
 4  1.057328e-01
 5  8.099199e-02
 6  6.592310e-02
 7  5.452196e-02
 8  4.442091e-02
 9  3.450634e-02
 10  2.711946e-02
 11  2.151899e-02
 12  1.654863e-02
 13  1.291751e-02
 14  1.013883e-02
 15  7.931928e-03
 16  6.134082e-03
 17  5.030428e-03
 18  4.125475e-03
 19  3.357799e-03
 20  2.712140e-03
 21  2.278330e-03
 22  1.975928e-03
 23  1.735184e-03
 24  1.510949e-03
 25  1.331273e-03
 26  1.200520e-03
 27  1.077027e-03
 28  9.899840e-04
 Iteration CPU time: 6 s
 CFIE residual: 0.000989984

 Iseg, Irank, Idinc : 1, 36, 93
 Thata, Phi : 90.000000, 92.000000
 Maximun iteration: 300
 Number of recycle truncation: 30
 Final matrix dimension:  36708
 Residual error:0.001000
 0  6.183557e-01
 1  3.550990e-01
 2  2.260297e-01
 3  1.508440e-01
 4  1.081038e-01
 5  8.426083e-02
 6  6.598538e-02
 7  5.228695e-02
 8  4.184049e-02
 9  3.389763e-02
 10  2.682594e-02
 11  2.155285e-02
 12  1.739950e-02
 13  1.418843e-02
 14  1.202222e-02
 15  1.015869e-02
 16  8.697705e-03
 17  7.615679e-03
 18  6.837586e-03
 19  6.203069e-03
 20  5.697044e-03
 21  5.229579e-03
 22  4.790688e-03
 23  4.372237e-03
 24  3.936357e-03
 25  3.504605e-03
 26  3.100728e-03
 27  2.725415e-03
 28  2.260786e-03
 29  1.792692e-03
 30  1.390972e-03
 31  1.080840e-03
 32  8.431038e-04
 Iteration CPU time: 7 s
 CFIE residual: 0.000843104

 Iseg, Irank, Idinc : 1, 37, 143
 Thata, Phi : 90.000000, 142.000000
 Maximun iteration: 300
 Number of recycle truncation: 30
 Final matrix dimension:  36708
 Residual error:0.001000
 0  6.714229e-01
 1  3.507881e-01
 2  2.116485e-01
 3  1.467888e-01
 4  1.066373e-01
 5  8.141263e-02
 6  6.280829e-02
 7  4.986051e-02
 8  4.152982e-02
 9  3.436783e-02
 10  2.852630e-02
 11  2.389954e-02
 12  1.948296e-02
 13  1.579520e-02
 14  1.247933e-02
 15  1.022901e-02
 16  8.127388e-03
 17  6.793021e-03
 18  5.634366e-03
 19  4.641888e-03
 20  4.002180e-03
 21  3.467142e-03
 22  3.087504e-03
 23  2.765288e-03
 24  2.503872e-03
 25  2.335303e-03
 26  2.166077e-03
 27  1.997904e-03
 28  1.789450e-03
 29  1.596318e-03
 30  1.412030e-03
 31  1.196631e-03
 32  9.920042e-04
 Iteration CPU time: 8 s
 CFIE residual: 0.000992004

 Iseg, Irank, Idinc : 1, 38, 85
 Thata, Phi : 90.000000, 84.000000
 Maximun iteration: 300
 Number of recycle truncation: 30
 Final matrix dimension:  36708
 Residual error:0.001000
 0  6.206402e-01
 1  3.534694e-01
 2  2.293920e-01
 3  1.560849e-01
 4  1.118309e-01
 5  8.706884e-02
 6  6.716681e-02
 7  5.341271e-02
 8  4.258780e-02
 9  3.490581e-02
 10  2.754474e-02
 11  2.117166e-02
 12  1.675371e-02
 13  1.375575e-02
 14  1.163885e-02
 15  1.006385e-02
 16  8.857738e-03
 17  7.891808e-03
 18  7.149809e-03
 19  6.533074e-03
 20  6.033387e-03
 21  5.566971e-03
 22  5.106467e-03
 23  4.596487e-03
 24  4.061025e-03
 25  3.544447e-03
 26  3.082210e-03
 27  2.634446e-03
 28  2.203145e-03
 29  1.777166e-03
 30  1.424835e-03
 31  1.152289e-03
 32  9.083060e-04
 Iteration CPU time: 7 s
 CFIE residual: 0.000908306

 Iseg, Irank, Idinc : 1, 39, 175
 Thata, Phi : 90.000000, 174.000000
 Maximun iteration: 300
 Number of recycle truncation: 30
 Final matrix dimension:  36708
 Residual error:0.001000
 0  5.624566e-01
 1  2.993631e-01
 2  1.909752e-01
 3  1.354164e-01
 4  1.065402e-01
 5  8.270269e-02
 6  6.761806e-02
 7  5.572038e-02
 8  4.595255e-02
 9  3.655982e-02
 10  2.945743e-02
 11  2.399001e-02
 12  1.963579e-02
 13  1.554662e-02
 14  1.264780e-02
 15  1.028597e-02
 16  8.426995e-03
 17  6.839590e-03
 18  5.443963e-03
 19  4.469319e-03
 20  3.630368e-03
 21  2.943717e-03
 22  2.517798e-03
 23  2.173093e-03
 24  1.856120e-03
 25  1.597682e-03
 26  1.391018e-03
 27  1.232842e-03
 28  1.122245e-03
 29  1.032580e-03
 30  9.646379e-04
 Iteration CPU time: 7 s
 CFIE residual: 0.000964638
 Last Built End in Sep 21 2025 00:06:12
 Total CPU time: 304 s
 Finished.
