 Last Built Begin in Sep 21 2025 00:06:12
 Pre-Type( Input ):           10
 Skl-Tol ( Input ):    1.0000000000000001E-005
 Wavelength in freespace: 0.0287081

 ################################################
 ##         Generating Required Mesh          ##
 ##         Waiting.....                      ##
 ################################################
 Subd No.      Subd Name
    1    Open-Duct_PRIME_model_meshAA1                                     
 isub,  nnode, npatch,  nedge:
    1      6118     12236     18354
 Scale Factor         >>   1.54999997E-02
 ################################################

 START TIME: 20250922   012033.298


 Informaton for IE geometry:
 number of subdomains     : 1
 maxnode,maxpatch,maxedge : 6118  12236  18354
 
 Index of Mat-Reg: 1
 Mat-Reg Number via MatFlg: 1
 Edge Number of Mat-Reg: 1, 18354

 Number of Edge on PEC: 18354
 Mat-Reg: No Dim(m) Lmax:
    1 0.250    5
 Totlmax, add1, add2:           5           6           7
 rlengmax of Global MLFMA >>   0.24975768034444792     
 Lmax of Global MLFMA >>            5
 Wavenum of Mat-Reg:
    1 1.000

 total area in sq m           =      0.0510
 total area in sq lambda      =     61.8449
 maxnode, maxpatch, maxedge           =     6118    12236    18354
 longest  edge in lambda              =      0.1626
 shortest edge in lambda              =      0.0077
 average  edge in lambda              =      0.1085
 largest  patch area in sq lambda     =      0.0090
 smallest patch area in sq lambda     =      0.0001
 ave    surface area in sq lambda     =      0.0051
 size range of the object in sq lambda =      7.9922

 #### MLFMA Info For Each Region ####
 Mat-Region =            1
 Array dimension parameters:
 maxrule=          14   maxgrid  =          64
 lmax   =           5   ncmax    =        1250
 lsmax  =          28   lsmin    =           7
 kpm    =        1572   kp0      =         102
 ntlm   =      229416   nsm      =      236910
 nkpm   =        2460   niplm    =      157440
 ngnearm=       14257   ngsndm   =       64634
 nearm  =         333   mfinestm =         119
 ###############################

 CFIE Alpha:  0.50000000000000000     

 Fill MLFMA FI for Mat-Reg:           1
 Begin filltl.f
 fill translation matrix
 Level:            2
 fill shifting matrix
 Level:            3
 fill shifting matrix
 Level:            4
 fill shifting matrix
 Level:            5
 fill shifting matrix
 translator time(s):  0.115000002    
 fill interpolation matrix
 ThetaOrder            8
 PhiOrder            8
 lsl            7
 Filling TL                  Delta_CPU=          0.56 Memory(MB)=        654.65
 Filling sndgrp              Delta_CPU=          0.00 Memory(MB)=        654.65
 Filling VFS                 Delta_CPU=          3.18 Memory(MB)=        654.65

 Fill MLFMA NI for Mat-Reg:           1
 Begin fill sparser part of Nearfield
 Begin fill denser part of Nearfield
 End fill
 Filling Amn                 Delta_CPU=         90.76 Memory(MB)=        654.65


 Now testing preconditioner with
 ipretype =           10
 method = cfie_solve_nfrasspspre_pardiso

  
 NBP>>Begin fill sparser part of Nearfield

116.6493% NBP>>Begin fill denser part of Nearfield

200.1041%
 Begin MLFMA Box-Matrix Based Spar-RAS Prec Constructor
 --- Intel MKL PARDISO --- 
 Memory for iGroup: 1 0 MB
 Total Memory For SparRAS Pre: 0 MB
 --- PARDISO PRECONDITIONER INITIALIZED --- 
 Constructing preconditioner CPU time: 4 s
 
 1101240
 Memory for Iteration:: 16.8036 MB

 Iseg, Ninc_S : 1, 181, 0

 Iseg, Skeleton Angles: 1, 40
 Iseg, Skel-Pk Mem(MB): 1, 314.35

 Iseg, Irank, Idinc : 1, 1, 42
 Thata, Phi : 90.000000, 41.000000
 Maximun iteration: 300
 Number of recycle truncation: 30
 Final matrix dimension:  36708
 Residual error:0.001000
 0  6.325763e-01
 1  3.163147e-01
 2  1.991257e-01
 3  1.280356e-01
 4  8.962738e-02
 5  6.558629e-02
 6  5.012120e-02
 7  3.857067e-02
 8  2.939506e-02
 9  2.325804e-02
 10  1.748539e-02
 11  1.443259e-02
 12  1.227209e-02
 13  1.056351e-02
 14  9.441589e-03
 15  8.389094e-03
 16  7.605941e-03
 17  7.062481e-03
 18  6.543458e-03
 19  6.210248e-03
 20  5.934106e-03
 21  5.601120e-03
 22  5.274440e-03
 23  4.896365e-03
 24  4.459046e-03
 25  3.956402e-03
 26  3.462946e-03
 27  3.007613e-03
 28  2.502622e-03
 29  2.108186e-03
 30  1.744571e-03
 31  1.467176e-03
 32  1.203792e-03
 33  9.716473e-04
 Iteration CPU time: 7 s
 CFIE residual: 0.000971647

 Iseg, Irank, Idinc : 1, 2, 63
 Thata, Phi : 90.000000, 62.000000
 Maximun iteration: 300
 Number of recycle truncation: 30
 Final matrix dimension:  36708
 Residual error:0.001000
 0  6.537923e-01
 1  3.586273e-01
 2  2.238374e-01
 3  1.435258e-01
 4  1.018882e-01
 5  7.849158e-02
 6  6.015906e-02
 7  4.825504e-02
 8  3.901607e-02
 9  3.135901e-02
 10  2.464537e-02
 11  2.050246e-02
 12  1.741164e-02
 13  1.530502e-02
 14  1.397195e-02
 15  1.306526e-02
 16  1.238284e-02
 17  1.179225e-02
 18  1.129311e-02
 19  1.059587e-02
 20  9.810097e-03
 21  9.133283e-03
 22  8.284933e-03
 23  7.383584e-03
 24  6.421546e-03
 25  5.401192e-03
 26  4.524328e-03
 27  3.790961e-03
 28  3.155986e-03
 29  2.616293e-03
 30  2.123089e-03
 31  1.721161e-03
 32  1.382936e-03
 33  1.127674e-03
 34  8.901318e-04
 Iteration CPU time: 8 s
 CFIE residual: 0.000890132

 Iseg, Irank, Idinc : 1, 3, 108
 Thata, Phi : 90.000000, 107.000000
 Maximun iteration: 300
 Number of recycle truncation: 30
 Final matrix dimension:  36708
 Residual error:0.001000
 0  6.171096e-01
 1  3.477760e-01
 2  2.156741e-01
 3  1.464573e-01
 4  1.045411e-01
 5  7.776027e-02
 6  6.024988e-02
 7  4.712302e-02
 8  3.861049e-02
 9  3.180009e-02
 10  2.568858e-02
 11  2.129981e-02
 12  1.816913e-02
 13  1.547469e-02
 14  1.371046e-02
 15  1.225068e-02
 16  1.108446e-02
 17  1.034510e-02
 18  9.595676e-03
 19  9.046413e-03
 20  8.596704e-03
 21  8.186310e-03
 22  7.782850e-03
 23  7.419648e-03
 24  7.006773e-03
 25  6.501783e-03
 26  5.788994e-03
 27  5.054189e-03
 28  4.330514e-03
 29  3.628695e-03
 30  2.969168e-03
 31  2.361496e-03
 32  1.837679e-03
 33  1.481989e-03
 34  1.198354e-03
 35  9.615618e-04
 Iteration CPU time: 8 s
 CFIE residual: 0.000961562

 Iseg, Irank, Idinc : 1, 4, 147
 Thata, Phi : 90.000000, 146.000000
 Maximun iteration: 300
 Number of recycle truncation: 30
 Final matrix dimension:  36708
 Residual error:0.001000
 0  6.570149e-01
 1  3.462238e-01
 2  2.094732e-01
 3  1.412222e-01
 4  1.002562e-01
 5  7.684688e-02
 6  5.937888e-02
 7  4.758511e-02
 8  3.962591e-02
 9  3.375444e-02
 10  2.902793e-02
 11  2.552713e-02
 12  2.278952e-02
 13  1.964959e-02
 14  1.695063e-02
 15  1.491797e-02
 16  1.308150e-02
 17  1.139715e-02
 18  1.035320e-02
 19  9.322119e-03
 20  8.657792e-03
 21  8.065317e-03
 22  7.593804e-03
 23  7.234460e-03
 24  6.904568e-03
 25  6.639478e-03
 26  6.299895e-03
 27  5.910818e-03
 28  5.362229e-03
 29  4.789380e-03
 30  4.155670e-03
 31  3.597612e-03
 32  3.031296e-03
 33  2.489233e-03
 34  1.951574e-03
 35  1.550635e-03
 36  1.218556e-03
 37  9.565766e-04
 Iteration CPU time: 9 s
 CFIE residual: 0.000956577

 Iseg, Irank, Idinc : 1, 5, 22
 Thata, Phi : 90.000000, 21.000000
 Maximun iteration: 300
 Number of recycle truncation: 30
 Final matrix dimension:  36708
 Residual error:0.001000
 0  6.342881e-01
 1  2.975570e-01
 2  1.765793e-01
 3  1.168479e-01
 4  8.104336e-02
 5  5.976939e-02
 6  4.517643e-02
 7  3.542839e-02
 8  2.794250e-02
 9  2.268022e-02
 10  1.883373e-02
 11  1.533425e-02
 12  1.243175e-02
 13  1.033130e-02
 14  8.766184e-03
 15  7.606259e-03
 16  6.635720e-03
 17  5.718473e-03
 18  5.000515e-03
 19  4.493765e-03
 20  4.149226e-03
 21  3.808920e-03
 22  3.600486e-03
 23  3.401943e-03
 24  3.235104e-03
 25  3.103552e-03
 26  2.951499e-03
 27  2.795079e-03
 28  2.591784e-03
 29  2.406652e-03
 30  2.193398e-03
 31  1.978709e-03
 32  1.737424e-03
 33  1.478114e-03
 34  1.232219e-03
 35  1.004942e-03
 36  8.247419e-04
 Iteration CPU time: 8 s
 CFIE residual: 0.000824742

 Iseg, Irank, Idinc : 1, 6, 137
 Thata, Phi : 90.000000, 136.000000
 Maximun iteration: 300
 Number of recycle truncation: 30
 Final matrix dimension:  36708
 Residual error:0.001000
 0  6.960344e-01
 1  3.486097e-01
 2  2.152898e-01
 3  1.471859e-01
 4  1.052669e-01
 5  7.903096e-02
 6  5.986045e-02
 7  4.764812e-02
 8  3.922536e-02
 9  3.292360e-02
 10  2.782310e-02
 11  2.340129e-02
 12  2.039477e-02
 13  1.740508e-02
 14  1.478667e-02
 15  1.308089e-02
 16  1.178252e-02
 17  1.068913e-02
 18  9.815923e-03
 19  9.172509e-03
 20  8.650914e-03
 21  8.228500e-03
 22  7.818801e-03
 23  7.411960e-03
 24  6.994452e-03
 25  6.516866e-03
 26  5.919926e-03
 27  5.354325e-03
 28  4.718977e-03
 29  4.186169e-03
 30  3.617761e-03
 31  3.094498e-03
 32  2.631167e-03
 33  2.184402e-03
 34  1.821766e-03
 35  1.482424e-03
 36  1.231010e-03
 37  9.924989e-04
 Iteration CPU time: 8 s
 CFIE residual: 0.000992499

 Iseg, Irank, Idinc : 1, 7, 72
 Thata, Phi : 90.000000, 71.000000
 Maximun iteration: 300
 Number of recycle truncation: 30
 Final matrix dimension:  36708
 Residual error:0.001000
 0  6.309682e-01
 1  3.630324e-01
 2  2.344055e-01
 3  1.477832e-01
 4  1.055079e-01
 5  8.311586e-02
 6  6.423670e-02
 7  5.025278e-02
 8  4.115483e-02
 9  3.426734e-02
 10  2.745503e-02
 11  2.278253e-02
 12  1.933659e-02
 13  1.718548e-02
 14  1.582708e-02
 15  1.467265e-02
 16  1.394415e-02
 17  1.325611e-02
 18  1.258958e-02
 19  1.183659e-02
 20  1.109278e-02
 21  1.032822e-02
 22  9.554515e-03
 23  8.571095e-03
 24  7.485910e-03
 25  6.251951e-03
 26  5.372052e-03
 27  4.521518e-03
 28  3.768784e-03
 29  3.150952e-03
 30  2.595425e-03
 31  2.123997e-03
 32  1.698608e-03
 33  1.414697e-03
 34  1.124102e-03
 35  9.080991e-04
 Iteration CPU time: 8 s
 CFIE residual: 0.000908099

 Iseg, Irank, Idinc : 1, 8, 83
 Thata, Phi : 90.000000, 82.000000
 Maximun iteration: 300
 Number of recycle truncation: 30
 Final matrix dimension:  36708
 Residual error:0.001000
 0  6.051425e-01
 1  3.478148e-01
 2  2.220336e-01
 3  1.498425e-01
 4  1.083288e-01
 5  8.335811e-02
 6  6.435270e-02
 7  5.095984e-02
 8  4.147402e-02
 9  3.318570e-02
 10  2.739013e-02
 11  2.308961e-02
 12  1.981597e-02
 13  1.770201e-02
 14  1.616994e-02
 15  1.486345e-02
 16  1.386951e-02
 17  1.311320e-02
 18  1.255794e-02
 19  1.200038e-02
 20  1.137870e-02
 21  1.072382e-02
 22  1.000814e-02
 23  9.103667e-03
 24  8.056679e-03
 25  6.999888e-03
 26  5.977590e-03
 27  5.121516e-03
 28  4.353605e-03
 29  3.587610e-03
 30  3.028143e-03
 31  2.491571e-03
 32  2.054499e-03
 33  1.689887e-03
 34  1.343731e-03
 35  1.104348e-03
 36  8.953120e-04
 Iteration CPU time: 8 s
 CFIE residual: 0.000895312

 Iseg, Irank, Idinc : 1, 9, 125
 Thata, Phi : 90.000000, 124.000000
 Maximun iteration: 300
 Number of recycle truncation: 30
 Final matrix dimension:  36708
 Residual error:0.001000
 0  6.578826e-01
 1  3.408403e-01
 2  2.198603e-01
 3  1.547298e-01
 4  1.124883e-01
 5  8.171153e-02
 6  6.471475e-02
 7  5.165795e-02
 8  4.235809e-02
 9  3.423809e-02
 10  2.737873e-02
 11  2.182157e-02
 12  1.784915e-02
 13  1.463878e-02
 14  1.254461e-02
 15  1.100396e-02
 16  9.811853e-03
 17  8.997918e-03
 18  8.317621e-03
 19  7.837836e-03
 20  7.475911e-03
 21  7.154508e-03
 22  6.861027e-03
 23  6.512860e-03
 24  6.118391e-03
 25  5.653817e-03
 26  5.141472e-03
 27  4.637128e-03
 28  4.114517e-03
 29  3.665824e-03
 30  3.189230e-03
 31  2.761493e-03
 32  2.357150e-03
 33  2.017271e-03
 34  1.697744e-03
 35  1.414106e-03
 36  1.145119e-03
 37  9.081629e-04
 Iteration CPU time: 8 s
 CFIE residual: 0.000908163

 Iseg, Irank, Idinc : 1, 10, 159
 Thata, Phi : 90.000000, 158.000000
 Maximun iteration: 300
 Number of recycle truncation: 30
 Final matrix dimension:  36708
 Residual error:0.001000
 0  6.228279e-01
 1  3.144613e-01
 2  1.916507e-01
 3  1.299499e-01
 4  9.614014e-02
 5  7.702231e-02
 6  6.145020e-02
 7  5.053068e-02
 8  4.298610e-02
 9  3.711751e-02
 10  3.224052e-02
 11  2.851603e-02
 12  2.513217e-02
 13  2.150928e-02
 14  1.845977e-02
 15  1.622831e-02
 16  1.442365e-02
 17  1.256739e-02
 18  1.099965e-02
 19  9.662167e-03
 20  8.606523e-03
 21  7.774244e-03
 22  7.106484e-03
 23  6.608509e-03
 24  6.251487e-03
 25  5.971862e-03
 26  5.703565e-03
 27  5.424656e-03
 28  5.078882e-03
 29  4.668550e-03
 30  4.223777e-03
 31  3.615413e-03
 32  3.048688e-03
 33  2.533305e-03
 34  2.028387e-03
 35  1.602259e-03
 36  1.265745e-03
 37  9.854205e-04
 Iteration CPU time: 9 s
 CFIE residual: 0.000985421

 Iseg, Irank, Idinc : 1, 11, 53
 Thata, Phi : 90.000000, 52.000000
 Maximun iteration: 300
 Number of recycle truncation: 30
 Final matrix dimension:  36708
 Residual error:0.001000
 0  6.537673e-01
 1  3.451732e-01
 2  2.122194e-01
 3  1.351272e-01
 4  9.847587e-02
 5  7.534983e-02
 6  5.876667e-02
 7  4.523866e-02
 8  3.572115e-02
 9  2.917044e-02
 10  2.281575e-02
 11  1.820440e-02
 12  1.504705e-02
 13  1.277958e-02
 14  1.154568e-02
 15  1.066429e-02
 16  9.952461e-03
 17  9.474686e-03
 18  8.850181e-03
 19  8.317250e-03
 20  7.806730e-03
 21  7.153038e-03
 22  6.509130e-03
 23  5.816144e-03
 24  5.062749e-03
 25  4.218418e-03
 26  3.500982e-03
 27  2.897524e-03
 28  2.349778e-03
 29  1.878826e-03
 30  1.550702e-03
 31  1.286754e-03
 32  1.052278e-03
 33  8.518768e-04
 Iteration CPU time: 7 s
 CFIE residual: 0.000851877

 Iseg, Irank, Idinc : 1, 12, 33
 Thata, Phi : 90.000000, 32.000000
 Maximun iteration: 300
 Number of recycle truncation: 30
 Final matrix dimension:  36708
 Residual error:0.001000
 0  6.281380e-01
 1  3.124242e-01
 2  1.865980e-01
 3  1.172189e-01
 4  8.158179e-02
 5  5.958729e-02
 6  4.480936e-02
 7  3.424910e-02
 8  2.718317e-02
 9  2.181377e-02
 10  1.715346e-02
 11  1.418573e-02
 12  1.175862e-02
 13  9.890762e-03
 14  8.669028e-03
 15  7.459588e-03
 16  6.546695e-03
 17  5.879024e-03
 18  5.287043e-03
 19  4.933700e-03
 20  4.665111e-03
 21  4.434954e-03
 22  4.234738e-03
 23  4.063176e-03
 24  3.822432e-03
 25  3.564581e-03
 26  3.271004e-03
 27  2.915304e-03
 28  2.528441e-03
 29  2.128872e-03
 30  1.780158e-03
 31  1.506880e-03
 32  1.283890e-03
 33  1.069655e-03
 34  8.818469e-04
 Iteration CPU time: 8 s
 CFIE residual: 0.000881847

 Iseg, Irank, Idinc : 1, 13, 176
 Thata, Phi : 90.000000, 175.000000
 Maximun iteration: 300
 Number of recycle truncation: 30
 Final matrix dimension:  36708
 Residual error:0.001000
 0  5.910454e-01
 1  2.943354e-01
 2  1.822965e-01
 3  1.296743e-01
 4  1.002486e-01
 5  8.051788e-02
 6  6.636449e-02
 7  5.539755e-02
 8  4.619794e-02
 9  3.901945e-02
 10  3.262278e-02
 11  2.730637e-02
 12  2.269700e-02
 13  1.891127e-02
 14  1.635176e-02
 15  1.379951e-02
 16  1.187082e-02
 17  1.010649e-02
 18  8.611780e-03
 19  7.379350e-03
 20  6.432788e-03
 21  5.644908e-03
 22  5.036333e-03
 23  4.467524e-03
 24  4.051916e-03
 25  3.773072e-03
 26  3.525013e-03
 27  3.337896e-03
 28  3.154295e-03
 29  2.970624e-03
 30  2.809809e-03
 31  2.611573e-03
 32  2.419338e-03
 33  2.203312e-03
 34  1.965851e-03
 35  1.693406e-03
 36  1.447120e-03
 37  1.215775e-03
 38  9.787134e-04
 Iteration CPU time: 9 s
 CFIE residual: 0.000978713

 Iseg, Irank, Idinc : 1, 14, 91
 Thata, Phi : 90.000000, 90.000000
 Maximun iteration: 300
 Number of recycle truncation: 30
 Final matrix dimension:  36708
 Residual error:0.001000
 0  5.966936e-01
 1  3.436561e-01
 2  2.173270e-01
 3  1.491999e-01
 4  1.075693e-01
 5  8.208860e-02
 6  6.384650e-02
 7  4.997744e-02
 8  4.101516e-02
 9  3.343054e-02
 10  2.796816e-02
 11  2.333775e-02
 12  2.032315e-02
 13  1.797049e-02
 14  1.634716e-02
 15  1.494665e-02
 16  1.374028e-02
 17  1.287331e-02
 18  1.222177e-02
 19  1.166665e-02
 20  1.113852e-02
 21  1.056544e-02
 22  9.936723e-03
 23  9.145627e-03
 24  8.262559e-03
 25  7.470237e-03
 26  6.450029e-03
 27  5.513255e-03
 28  4.588469e-03
 29  3.879301e-03
 30  3.246702e-03
 31  2.718446e-03
 32  2.226290e-03
 33  1.818085e-03
 34  1.503969e-03
 35  1.196699e-03
 36  9.499696e-04
 Iteration CPU time: 8 s
 CFIE residual: 0.00094997

 Iseg, Irank, Idinc : 1, 15, 9
 Thata, Phi : 90.000000, 8.000000
 Maximun iteration: 300
 Number of recycle truncation: 30
 Final matrix dimension:  36708
 Residual error:0.001000
 0  5.478842e-01
 1  2.793156e-01
 2  1.783488e-01
 3  1.242896e-01
 4  9.062784e-02
 5  6.757648e-02
 6  5.140903e-02
 7  4.012021e-02
 8  3.146600e-02
 9  2.456518e-02
 10  1.967147e-02
 11  1.580819e-02
 12  1.283064e-02
 13  1.027623e-02
 14  8.579257e-03
 15  7.268829e-03
 16  6.154762e-03
 17  5.365577e-03
 18  4.657568e-03
 19  4.078937e-03
 20  3.582287e-03
 21  3.239955e-03
 22  2.913842e-03
 23  2.627544e-03
 24  2.446531e-03
 25  2.287164e-03
 26  2.125611e-03
 27  1.988238e-03
 28  1.875185e-03
 29  1.772347e-03
 30  1.688758e-03
 31  1.592277e-03
 32  1.477543e-03
 33  1.344253e-03
 34  1.202619e-03
 35  1.051789e-03
 36  8.797933e-04
 Iteration CPU time: 8 s
 CFIE residual: 0.000879793

 Iseg, Irank, Idinc : 1, 16, 100
 Thata, Phi : 90.000000, 99.000000
 Maximun iteration: 300
 Number of recycle truncation: 30
 Final matrix dimension:  36708
 Residual error:0.001000
 0  6.064788e-01
 1  3.416789e-01
 2  2.135814e-01
 3  1.452298e-01
 4  1.050961e-01
 5  7.984801e-02
 6  6.222843e-02
 7  4.924474e-02
 8  3.992589e-02
 9  3.315884e-02
 10  2.716314e-02
 11  2.314671e-02
 12  1.983180e-02
 13  1.747211e-02
 14  1.535543e-02
 15  1.373594e-02
 16  1.258269e-02
 17  1.171844e-02
 18  1.099367e-02
 19  1.034487e-02
 20  9.797439e-03
 21  9.387561e-03
 22  8.930968e-03
 23  8.416987e-03
 24  7.730767e-03
 25  7.072531e-03
 26  6.257169e-03
 27  5.417374e-03
 28  4.670163e-03
 29  3.907786e-03
 30  3.251689e-03
 31  2.716763e-03
 32  2.236529e-03
 33  1.803129e-03
 34  1.431926e-03
 35  1.168327e-03
 36  9.320353e-04
 Iteration CPU time: 8 s
 CFIE residual: 0.000932035

 Iseg, Irank, Idinc : 1, 17, 116
 Thata, Phi : 90.000000, 115.000000
 Maximun iteration: 300
 Number of recycle truncation: 30
 Final matrix dimension:  36708
 Residual error:0.001000
 0  6.425258e-01
 1  3.471548e-01
 2  2.160132e-01
 3  1.502639e-01
 4  1.076691e-01
 5  7.974305e-02
 6  6.201307e-02
 7  4.863415e-02
 8  3.851241e-02
 9  3.129449e-02
 10  2.564349e-02
 11  2.113061e-02
 12  1.770873e-02
 13  1.517590e-02
 14  1.311428e-02
 15  1.145685e-02
 16  1.042299e-02
 17  9.657740e-03
 18  8.952072e-03
 19  8.409711e-03
 20  8.030432e-03
 21  7.704908e-03
 22  7.392226e-03
 23  6.991806e-03
 24  6.580752e-03
 25  6.116063e-03
 26  5.546154e-03
 27  4.957995e-03
 28  4.360825e-03
 29  3.831291e-03
 30  3.324238e-03
 31  2.835781e-03
 32  2.274748e-03
 33  1.822011e-03
 34  1.456677e-03
 35  1.149990e-03
 36  9.104775e-04
 Iteration CPU time: 9 s
 CFIE residual: 0.000910478

 Iseg, Irank, Idinc : 1, 18, 1
 Thata, Phi : 90.000000, 0.000000
 Maximun iteration: 300
 Number of recycle truncation: 30
 Final matrix dimension:  36708
 Residual error:0.001000
 0  5.227049e-01
 1  2.740825e-01
 2  1.781161e-01
 3  1.210741e-01
 4  8.840170e-02
 5  6.685411e-02
 6  5.086349e-02
 7  3.861293e-02
 8  2.975815e-02
 9  2.376003e-02
 10  1.937154e-02
 11  1.532339e-02
 12  1.188060e-02
 13  9.942219e-03
 14  8.177695e-03
 15  6.853005e-03
 16  5.813763e-03
 17  5.021396e-03
 18  4.313752e-03
 19  3.738465e-03
 20  3.221305e-03
 21  2.803518e-03
 22  2.477458e-03
 23  2.196772e-03
 24  1.968152e-03
 25  1.756037e-03
 26  1.592199e-03
 27  1.466560e-03
 28  1.359071e-03
 29  1.282755e-03
 30  1.200972e-03
 31  1.111757e-03
 32  1.016158e-03
 33  8.957033e-04
 Iteration CPU time: 7 s
 CFIE residual: 0.000895703

 Iseg, Irank, Idinc : 1, 19, 168
 Thata, Phi : 90.000000, 167.000000
 Maximun iteration: 300
 Number of recycle truncation: 30
 Final matrix dimension:  36708
 Residual error:0.001000
 0  5.959977e-01
 1  2.976025e-01
 2  1.836700e-01
 3  1.307458e-01
 4  1.004716e-01
 5  8.082741e-02
 6  6.557804e-02
 7  5.498153e-02
 8  4.616481e-02
 9  3.903193e-02
 10  3.303874e-02
 11  2.913007e-02
 12  2.516267e-02
 13  2.144371e-02
 14  1.879128e-02
 15  1.633954e-02
 16  1.431370e-02
 17  1.224141e-02
 18  1.032570e-02
 19  8.909873e-03
 20  7.848701e-03
 21  6.862789e-03
 22  6.228810e-03
 23  5.645777e-03
 24  5.209766e-03
 25  4.866495e-03
 26  4.599083e-03
 27  4.364442e-03
 28  4.147336e-03
 29  3.918065e-03
 30  3.660435e-03
 31  3.352893e-03
 32  3.052569e-03
 33  2.689080e-03
 34  2.310251e-03
 35  1.941029e-03
 36  1.608252e-03
 37  1.286655e-03
 38  1.005193e-03
 39  8.090755e-04
 Iteration CPU time: 9 s
 CFIE residual: 0.000809075

 Iseg, Irank, Idinc : 1, 20, 16
 Thata, Phi : 90.000000, 15.000000
 Maximun iteration: 300
 Number of recycle truncation: 30
 Final matrix dimension:  36708
 Residual error:0.001000
 0  5.957423e-01
 1  2.882306e-01
 2  1.771178e-01
 3  1.215353e-01
 4  8.682906e-02
 5  6.451091e-02
 6  4.879239e-02
 7  3.879479e-02
 8  3.034137e-02
 9  2.400590e-02
 10  1.935786e-02
 11  1.545268e-02
 12  1.251175e-02
 13  1.029837e-02
 14  8.675504e-03
 15  7.321118e-03
 16  6.310993e-03
 17  5.423846e-03
 18  4.744050e-03
 19  4.247581e-03
 20  3.823604e-03
 21  3.473003e-03
 22  3.212083e-03
 23  2.961318e-03
 24  2.799929e-03
 25  2.661325e-03
 26  2.526659e-03
 27  2.406095e-03
 28  2.260950e-03
 29  2.135454e-03
 30  2.015762e-03
 31  1.871973e-03
 32  1.694367e-03
 33  1.497138e-03
 34  1.283456e-03
 35  1.071154e-03
 36  8.813155e-04
 Iteration CPU time: 8 s
 CFIE residual: 0.000881316

 Iseg, Irank, Idinc : 1, 21, 181
 Thata, Phi : 90.000000, 180.000000
 Maximun iteration: 300
 Number of recycle truncation: 30
 Final matrix dimension:  36708
 Residual error:0.001000
 0  5.908091e-01
 1  2.937788e-01
 2  1.814988e-01
 3  1.283504e-01
 4  9.847044e-02
 5  7.893067e-02
 6  6.524423e-02
 7  5.441287e-02
 8  4.524808e-02
 9  3.770498e-02
 10  3.073901e-02
 11  2.524109e-02
 12  2.087523e-02
 13  1.681647e-02
 14  1.432813e-02
 15  1.210052e-02
 16  1.002060e-02
 17  8.333658e-03
 18  7.100527e-03
 19  6.143999e-03
 20  5.262607e-03
 21  4.597042e-03
 22  4.065868e-03
 23  3.564669e-03
 24  3.236585e-03
 25  3.041228e-03
 26  2.862739e-03
 27  2.695263e-03
 28  2.524540e-03
 29  2.321968e-03
 30  2.116425e-03
 31  1.895154e-03
 32  1.670079e-03
 33  1.444647e-03
 34  1.170933e-03
 35  9.201282e-04
 Iteration CPU time: 8 s
 CFIE residual: 0.000920128

 Iseg, Irank, Idinc : 1, 22, 153
 Thata, Phi : 90.000000, 152.000000
 Maximun iteration: 300
 Number of recycle truncation: 30
 Final matrix dimension:  36708
 Residual error:0.001000
 0  6.369449e-01
 1  3.294182e-01
 2  2.019551e-01
 3  1.347888e-01
 4  9.772485e-02
 5  7.663596e-02
 6  6.003940e-02
 7  4.883922e-02
 8  4.032958e-02
 9  3.460549e-02
 10  3.011429e-02
 11  2.667734e-02
 12  2.335157e-02
 13  1.981595e-02
 14  1.736528e-02
 15  1.536673e-02
 16  1.358035e-02
 17  1.198076e-02
 18  1.054538e-02
 19  9.390451e-03
 20  8.556385e-03
 21  7.884507e-03
 22  7.282676e-03
 23  6.846978e-03
 24  6.504308e-03
 25  6.246043e-03
 26  5.964767e-03
 27  5.657916e-03
 28  5.239072e-03
 29  4.715845e-03
 30  4.140818e-03
 31  3.489504e-03
 32  2.995938e-03
 33  2.460864e-03
 34  1.924897e-03
 35  1.486822e-03
 36  1.144197e-03
 37  9.004400e-04
 Iteration CPU time: 8 s
 CFIE residual: 0.00090044

 Iseg, Irank, Idinc : 1, 23, 77
 Thata, Phi : 90.000000, 76.000000
 Maximun iteration: 300
 Number of recycle truncation: 30
 Final matrix dimension:  36708
 Residual error:0.001000
 0  6.132638e-01
 1  3.536027e-01
 2  2.279223e-01
 3  1.473623e-01
 4  1.045419e-01
 5  8.055505e-02
 6  6.208006e-02
 7  4.875676e-02
 8  3.979910e-02
 9  3.229534e-02
 10  2.698630e-02
 11  2.289811e-02
 12  1.958739e-02
 13  1.766401e-02
 14  1.600141e-02
 15  1.482151e-02
 16  1.404750e-02
 17  1.334390e-02
 18  1.274234e-02
 19  1.207173e-02
 20  1.135917e-02
 21  1.067869e-02
 22  9.964333e-03
 23  9.117760e-03
 24  8.029203e-03
 25  6.861362e-03
 26  5.988747e-03
 27  5.114574e-03
 28  4.320080e-03
 29  3.591448e-03
 30  2.968656e-03
 31  2.425481e-03
 32  1.975273e-03
 33  1.598922e-03
 34  1.282248e-03
 35  1.019847e-03
 36  8.150020e-04
 Iteration CPU time: 8 s
 CFIE residual: 0.000815002

 Iseg, Irank, Idinc : 1, 24, 131
 Thata, Phi : 90.000000, 130.000000
 Maximun iteration: 300
 Number of recycle truncation: 30
 Final matrix dimension:  36708
 Residual error:0.001000
 0  6.752906e-01
 1  3.479581e-01
 2  2.196627e-01
 3  1.492571e-01
 4  1.074572e-01
 5  7.954829e-02
 6  6.235835e-02
 7  4.970816e-02
 8  4.019540e-02
 9  3.330355e-02
 10  2.733168e-02
 11  2.265610e-02
 12  1.851993e-02
 13  1.535509e-02
 14  1.318204e-02
 15  1.148051e-02
 16  1.023263e-02
 17  9.366807e-03
 18  8.636247e-03
 19  8.130682e-03
 20  7.749770e-03
 21  7.403136e-03
 22  7.083831e-03
 23  6.734063e-03
 24  6.326269e-03
 25  5.823030e-03
 26  5.263910e-03
 27  4.718920e-03
 28  4.180561e-03
 29  3.630565e-03
 30  3.080287e-03
 31  2.625555e-03
 32  2.210703e-03
 33  1.882617e-03
 34  1.556827e-03
 35  1.293356e-03
 36  1.072275e-03
 37  8.685010e-04
 Iteration CPU time: 9 s
 CFIE residual: 0.000868501

 Iseg, Irank, Idinc : 1, 25, 48
 Thata, Phi : 90.000000, 47.000000
 Maximun iteration: 300
 Number of recycle truncation: 30
 Final matrix dimension:  36708
 Residual error:0.001000
 0  6.418005e-01
 1  3.323695e-01
 2  2.065809e-01
 3  1.347508e-01
 4  9.790623e-02
 5  7.422771e-02
 6  5.715725e-02
 7  4.391442e-02
 8  3.390969e-02
 9  2.690957e-02
 10  2.080231e-02
 11  1.663595e-02
 12  1.407011e-02
 13  1.197887e-02
 14  1.073611e-02
 15  9.875764e-03
 16  9.097241e-03
 17  8.576605e-03
 18  7.987888e-03
 19  7.544323e-03
 20  7.174307e-03
 21  6.659418e-03
 22  6.100656e-03
 23  5.499466e-03
 24  4.967204e-03
 25  4.222442e-03
 26  3.642998e-03
 27  3.092678e-03
 28  2.590902e-03
 29  2.120104e-03
 30  1.735944e-03
 31  1.435369e-03
 32  1.170966e-03
 33  9.551673e-04
 Iteration CPU time: 7 s
 CFIE residual: 0.000955167

 Iseg, Irank, Idinc : 1, 26, 5
 Thata, Phi : 90.000000, 4.000000
 Maximun iteration: 300
 Number of recycle truncation: 30
 Final matrix dimension:  36708
 Residual error:0.001000
 0  5.294632e-01
 1  2.756653e-01
 2  1.782907e-01
 3  1.226478e-01
 4  8.964856e-02
 5  6.718510e-02
 6  5.100144e-02
 7  3.913697e-02
 8  3.069950e-02
 9  2.422285e-02
 10  1.948600e-02
 11  1.552788e-02
 12  1.250365e-02
 13  1.036936e-02
 14  8.545317e-03
 15  7.163141e-03
 16  6.120400e-03
 17  5.286416e-03
 18  4.542858e-03
 19  3.984040e-03
 20  3.474999e-03
 21  3.084203e-03
 22  2.742719e-03
 23  2.435867e-03
 24  2.220660e-03
 25  2.036776e-03
 26  1.850811e-03
 27  1.697738e-03
 28  1.583628e-03
 29  1.492162e-03
 30  1.420633e-03
 31  1.339227e-03
 32  1.251721e-03
 33  1.145321e-03
 34  1.033380e-03
 35  9.073774e-04
 Iteration CPU time: 8 s
 CFIE residual: 0.000907377

 Iseg, Irank, Idinc : 1, 27, 96
 Thata, Phi : 90.000000, 95.000000
 Maximun iteration: 300
 Number of recycle truncation: 30
 Final matrix dimension:  36708
 Residual error:0.001000
 0  5.992960e-01
 1  3.414703e-01
 2  2.151920e-01
 3  1.455494e-01
 4  1.042893e-01
 5  8.016689e-02
 6  6.330663e-02
 7  4.960615e-02
 8  4.020860e-02
 9  3.280171e-02
 10  2.751527e-02
 11  2.335861e-02
 12  2.013300e-02
 13  1.774250e-02
 14  1.584276e-02
 15  1.428488e-02
 16  1.307726e-02
 17  1.230940e-02
 18  1.158020e-02
 19  1.098683e-02
 20  1.042092e-02
 21  1.000759e-02
 22  9.425210e-03
 23  8.778257e-03
 24  8.105632e-03
 25  7.347687e-03
 26  6.398255e-03
 27  5.443871e-03
 28  4.689993e-03
 29  3.933305e-03
 30  3.272828e-03
 31  2.746841e-03
 32  2.295267e-03
 33  1.829327e-03
 34  1.449239e-03
 35  1.151143e-03
 36  9.359930e-04
 Iteration CPU time: 8 s
 CFIE residual: 0.000935993

 Iseg, Irank, Idinc : 1, 28, 172
 Thata, Phi : 90.000000, 171.000000
 Maximun iteration: 300
 Number of recycle truncation: 30
 Final matrix dimension:  36708
 Residual error:0.001000
 0  5.921051e-01
 1  2.952860e-01
 2  1.832518e-01
 3  1.310436e-01
 4  1.014055e-01
 5  8.147274e-02
 6  6.682300e-02
 7  5.582717e-02
 8  4.664534e-02
 9  3.964314e-02
 10  3.387182e-02
 11  2.874524e-02
 12  2.428271e-02
 13  2.068148e-02
 14  1.796300e-02
 15  1.528933e-02
 16  1.331901e-02
 17  1.142219e-02
 18  9.686042e-03
 19  8.322166e-03
 20  7.269880e-03
 21  6.330556e-03
 22  5.703278e-03
 23  5.131713e-03
 24  4.695458e-03
 25  4.364620e-03
 26  4.096634e-03
 27  3.885382e-03
 28  3.686629e-03
 29  3.485420e-03
 30  3.287982e-03
 31  3.062072e-03
 32  2.817453e-03
 33  2.530813e-03
 34  2.227427e-03
 35  1.913478e-03
 36  1.663338e-03
 37  1.322637e-03
 38  1.038182e-03
 39  8.235345e-04
 Iteration CPU time: 9 s
 CFIE residual: 0.000823535

 Iseg, Irank, Idinc : 1, 29, 28
 Thata, Phi : 90.000000, 27.000000
 Maximun iteration: 300
 Number of recycle truncation: 30
 Final matrix dimension:  36708
 Residual error:0.001000
 0  6.429924e-01
 1  3.056776e-01
 2  1.806290e-01
 3  1.147019e-01
 4  7.909267e-02
 5  5.765971e-02
 6  4.296108e-02
 7  3.355226e-02
 8  2.712019e-02
 9  2.219783e-02
 10  1.785656e-02
 11  1.474370e-02
 12  1.199695e-02
 13  1.011238e-02
 14  8.751287e-03
 15  7.510750e-03
 16  6.530613e-03
 17  5.713764e-03
 18  5.070596e-03
 19  4.674524e-03
 20  4.406190e-03
 21  4.156078e-03
 22  3.963770e-03
 23  3.787417e-03
 24  3.598293e-03
 25  3.422200e-03
 26  3.195126e-03
 27  2.958845e-03
 28  2.673848e-03
 29  2.353011e-03
 30  2.044703e-03
 31  1.813207e-03
 32  1.561843e-03
 33  1.297007e-03
 34  1.072223e-03
 35  8.898646e-04
 Iteration CPU time: 8 s
 CFIE residual: 0.000889865

 Iseg, Irank, Idinc : 1, 30, 120
 Thata, Phi : 90.000000, 119.000000
 Maximun iteration: 300
 Number of recycle truncation: 30
 Final matrix dimension:  36708
 Residual error:0.001000
 0  6.477104e-01
 1  3.443394e-01
 2  2.158996e-01
 3  1.513549e-01
 4  1.090128e-01
 5  8.134840e-02
 6  6.362129e-02
 7  4.994369e-02
 8  4.023046e-02
 9  3.288893e-02
 10  2.672922e-02
 11  2.152200e-02
 12  1.770641e-02
 13  1.481464e-02
 14  1.285326e-02
 15  1.124087e-02
 16  1.029709e-02
 17  9.452002e-03
 18  8.719404e-03
 19  8.235773e-03
 20  7.841717e-03
 21  7.523157e-03
 22  7.203067e-03
 23  6.876947e-03
 24  6.464014e-03
 25  5.986890e-03
 26  5.448678e-03
 27  4.955067e-03
 28  4.386701e-03
 29  3.908951e-03
 30  3.467076e-03
 31  2.993969e-03
 32  2.499365e-03
 33  2.068419e-03
 34  1.669310e-03
 35  1.356500e-03
 36  1.090849e-03
 37  8.574042e-04
 Iteration CPU time: 9 s
 CFIE residual: 0.000857404

 Iseg, Irank, Idinc : 1, 31, 58
 Thata, Phi : 90.000000, 57.000000
 Maximun iteration: 300
 Number of recycle truncation: 30
 Final matrix dimension:  36708
 Residual error:0.001000
 0  6.582622e-01
 1  3.490948e-01
 2  2.121421e-01
 3  1.336675e-01
 4  9.750865e-02
 5  7.375006e-02
 6  5.704738e-02
 7  4.523326e-02
 8  3.594513e-02
 9  2.906821e-02
 10  2.296069e-02
 11  1.875690e-02
 12  1.593305e-02
 13  1.371780e-02
 14  1.246768e-02
 15  1.158915e-02
 16  1.095125e-02
 17  1.043170e-02
 18  9.906688e-03
 19  9.263465e-03
 20  8.613151e-03
 21  7.970734e-03
 22  7.206837e-03
 23  6.477506e-03
 24  5.516326e-03
 25  4.602323e-03
 26  3.791683e-03
 27  3.149741e-03
 28  2.586230e-03
 29  2.141693e-03
 30  1.747983e-03
 31  1.429720e-03
 32  1.137356e-03
 33  9.045168e-04
 Iteration CPU time: 7 s
 CFIE residual: 0.000904517

 Iseg, Irank, Idinc : 1, 32, 163
 Thata, Phi : 90.000000, 162.000000
 Maximun iteration: 300
 Number of recycle truncation: 30
 Final matrix dimension:  36708
 Residual error:0.001000
 0  6.088834e-01
 1  3.052290e-01
 2  1.861446e-01
 3  1.290380e-01
 4  9.698240e-02
 5  7.819509e-02
 6  6.260675e-02
 7  5.201886e-02
 8  4.401117e-02
 9  3.811086e-02
 10  3.282265e-02
 11  2.842650e-02
 12  2.477214e-02
 13  2.183913e-02
 14  1.910309e-02
 15  1.655486e-02
 16  1.440842e-02
 17  1.241644e-02
 18  1.073480e-02
 19  9.420589e-03
 20  8.351084e-03
 21  7.418882e-03
 22  6.755822e-03
 23  6.205654e-03
 24  5.809547e-03
 25  5.500757e-03
 26  5.241882e-03
 27  4.988954e-03
 28  4.704416e-03
 29  4.417495e-03
 30  4.068276e-03
 31  3.592843e-03
 32  3.138357e-03
 33  2.687783e-03
 34  2.242294e-03
 35  1.827524e-03
 36  1.466557e-03
 37  1.153117e-03
 38  8.894075e-04
 Iteration CPU time: 9 s
 CFIE residual: 0.000889408

 Iseg, Irank, Idinc : 1, 33, 3
 Thata, Phi : 90.000000, 2.000000
 Maximun iteration: 300
 Number of recycle truncation: 30
 Final matrix dimension:  36708
 Residual error:0.001000
 0  5.244442e-01
 1  2.745108e-01
 2  1.781778e-01
 3  1.215617e-01
 4  8.882826e-02
 5  6.697808e-02
 6  5.090636e-02
 7  3.873641e-02
 8  3.005048e-02
 9  2.390521e-02
 10  1.939196e-02
 11  1.534698e-02
 12  1.200834e-02
 13  1.020724e-02
 14  8.478013e-03
 15  7.051190e-03
 16  6.021962e-03
 17  5.174355e-03
 18  4.443719e-03
 19  3.872141e-03
 20  3.372552e-03
 21  2.974658e-03
 22  2.641713e-03
 23  2.341824e-03
 24  2.119322e-03
 25  1.920289e-03
 26  1.731234e-03
 27  1.574260e-03
 28  1.450667e-03
 29  1.363256e-03
 30  1.289145e-03
 31  1.204719e-03
 32  1.121093e-03
 33  1.016076e-03
 34  9.044352e-04
 Iteration CPU time: 8 s
 CFIE residual: 0.000904435

 Iseg, Irank, Idinc : 1, 34, 179
 Thata, Phi : 90.000000, 178.000000
 Maximun iteration: 300
 Number of recycle truncation: 30
 Final matrix dimension:  36708
 Residual error:0.001000
 0  5.908501e-01
 1  2.938826e-01
 2  1.816452e-01
 3  1.286035e-01
 4  9.887190e-02
 5  7.931495e-02
 6  6.551378e-02
 7  5.465651e-02
 8  4.548530e-02
 9  3.804642e-02
 10  3.119240e-02
 11  2.592704e-02
 12  2.147479e-02
 13  1.741516e-02
 14  1.513358e-02
 15  1.270969e-02
 16  1.076967e-02
 17  8.954890e-03
 18  7.587120e-03
 19  6.530328e-03
 20  5.674802e-03
 21  5.020201e-03
 22  4.474952e-03
 23  3.933200e-03
 24  3.566707e-03
 25  3.311072e-03
 26  3.082915e-03
 27  2.921438e-03
 28  2.748783e-03
 29  2.548556e-03
 30  2.374471e-03
 31  2.181654e-03
 32  1.990335e-03
 33  1.780691e-03
 34  1.556059e-03
 35  1.341420e-03
 36  1.134065e-03
 37  9.617714e-04
 Iteration CPU time: 8 s
 CFIE residual: 0.000961771

 Iseg, Irank, Idinc : 1, 35, 37
 Thata, Phi : 90.000000, 36.000000
 Maximun iteration: 300
 Number of recycle truncation: 30
 Final matrix dimension:  36708
 Residual error:0.001000
 0  6.230659e-01
 1  3.149467e-01
 2  1.925435e-01
 3  1.222776e-01
 4  8.467252e-02
 5  6.183009e-02
 6  4.727966e-02
 7  3.588574e-02
 8  2.793252e-02
 9  2.219378e-02
 10  1.711071e-02
 11  1.399911e-02
 12  1.171582e-02
 13  9.934030e-03
 14  8.786194e-03
 15  7.665851e-03
 16  6.794695e-03
 17  6.228105e-03
 18  5.657213e-03
 19  5.307742e-03
 20  5.037759e-03
 21  4.788889e-03
 22  4.563182e-03
 23  4.355801e-03
 24  4.039352e-03
 25  3.696877e-03
 26  3.346755e-03
 27  2.923554e-03
 28  2.493354e-03
 29  2.106248e-03
 30  1.760675e-03
 31  1.478107e-03
 32  1.248237e-03
 33  1.036189e-03
 34  8.609953e-04
 Iteration CPU time: 8 s
 CFIE residual: 0.000860995

 Iseg, Irank, Idinc : 1, 36, 142
 Thata, Phi : 90.000000, 141.000000
 Maximun iteration: 300
 Number of recycle truncation: 30
 Final matrix dimension:  36708
 Residual error:0.001000
 0  6.868177e-01
 1  3.498394e-01
 2  2.107982e-01
 3  1.437127e-01
 4  1.028589e-01
 5  7.723321e-02
 6  5.951286e-02
 7  4.687366e-02
 8  3.854539e-02
 9  3.281237e-02
 10  2.833984e-02
 11  2.438490e-02
 12  2.149287e-02
 13  1.856863e-02
 14  1.588441e-02
 15  1.415534e-02
 16  1.264493e-02
 17  1.127357e-02
 18  1.031552e-02
 19  9.460834e-03
 20  8.892445e-03
 21  8.390871e-03
 22  7.961514e-03
 23  7.557539e-03
 24  7.182774e-03
 25  6.788807e-03
 26  6.342813e-03
 27  5.837920e-03
 28  5.244482e-03
 29  4.654083e-03
 30  4.000108e-03
 31  3.423044e-03
 32  2.818973e-03
 33  2.294253e-03
 34  1.818758e-03
 35  1.461614e-03
 36  1.159227e-03
 37  9.155148e-04
 Iteration CPU time: 9 s
 CFIE residual: 0.000915515

 Iseg, Irank, Idinc : 1, 37, 87
 Thata, Phi : 90.000000, 86.000000
 Maximun iteration: 300
 Number of recycle truncation: 30
 Final matrix dimension:  36708
 Residual error:0.001000
 0  6.011264e-01
 1  3.456147e-01
 2  2.182124e-01
 3  1.491735e-01
 4  1.088635e-01
 5  8.347788e-02
 6  6.433237e-02
 7  5.051230e-02
 8  4.168969e-02
 9  3.398446e-02
 10  2.801805e-02
 11  2.352722e-02
 12  2.027076e-02
 13  1.798600e-02
 14  1.641433e-02
 15  1.500324e-02
 16  1.385927e-02
 17  1.300717e-02
 18  1.241472e-02
 19  1.190194e-02
 20  1.137272e-02
 21  1.076157e-02
 22  1.008183e-02
 23  9.240035e-03
 24  8.246500e-03
 25  7.354509e-03
 26  6.301780e-03
 27  5.386169e-03
 28  4.516580e-03
 29  3.784926e-03
 30  3.208326e-03
 31  2.644137e-03
 32  2.182527e-03
 33  1.777779e-03
 34  1.442514e-03
 35  1.153152e-03
 36  9.302411e-04
 Iteration CPU time: 8 s
 CFIE residual: 0.000930241

 Iseg, Irank, Idinc : 1, 38, 13
 Thata, Phi : 90.000000, 12.000000
 Maximun iteration: 300
 Number of recycle truncation: 30
 Final matrix dimension:  36708
 Residual error:0.001000
 0  5.739421e-01
 1  2.839653e-01
 2  1.777863e-01
 3  1.234851e-01
 4  8.948536e-02
 5  6.676461e-02
 6  5.049782e-02
 7  3.972574e-02
 8  3.116897e-02
 9  2.442413e-02
 10  1.948845e-02
 11  1.543542e-02
 12  1.253691e-02
 13  1.019099e-02
 14  8.533924e-03
 15  7.154807e-03
 16  6.113737e-03
 17  5.256394e-03
 18  4.624819e-03
 19  4.122244e-03
 20  3.643121e-03
 21  3.334376e-03
 22  3.070252e-03
 23  2.799523e-03
 24  2.633319e-03
 25  2.497674e-03
 26  2.354304e-03
 27  2.230719e-03
 28  2.103383e-03
 29  1.988261e-03
 30  1.882631e-03
 31  1.763967e-03
 32  1.617685e-03
 33  1.452328e-03
 34  1.270046e-03
 35  1.090767e-03
 36  8.984784e-04
 Iteration CPU time: 8 s
 CFIE residual: 0.000898478

 Iseg, Irank, Idinc : 1, 39, 68
 Thata, Phi : 90.000000, 67.000000
 Maximun iteration: 300
 Number of recycle truncation: 30
 Final matrix dimension:  36708
 Residual error:0.001000
 0  6.446334e-01
 1  3.671559e-01
 2  2.355359e-01
 3  1.502051e-01
 4  1.069174e-01
 5  8.371383e-02
 6  6.412260e-02
 7  5.039702e-02
 8  4.121618e-02
 9  3.379649e-02
 10  2.680304e-02
 11  2.231732e-02
 12  1.898071e-02
 13  1.665022e-02
 14  1.534783e-02
 15  1.431296e-02
 16  1.355548e-02
 17  1.291331e-02
 18  1.225386e-02
 19  1.149348e-02
 20  1.070742e-02
 21  9.903546e-03
 22  9.015597e-03
 23  7.986180e-03
 24  6.873483e-03
 25  5.696649e-03
 26  4.821511e-03
 27  4.037352e-03
 28  3.365848e-03
 29  2.813481e-03
 30  2.266160e-03
 31  1.844233e-03
 32  1.501941e-03
 33  1.241245e-03
 34  9.689159e-04
 Iteration CPU time: 8 s
 CFIE residual: 0.000968916

 Iseg, Irank, Idinc : 1, 40, 112
 Thata, Phi : 90.000000, 111.000000
 Maximun iteration: 300
 Number of recycle truncation: 30
 Final matrix dimension:  36708
 Residual error:0.001000
 0  6.303901e-01
 1  3.489828e-01
 2  2.177544e-01
 3  1.481791e-01
 4  1.052709e-01
 5  7.802249e-02
 6  6.062493e-02
 7  4.746810e-02
 8  3.814387e-02
 9  3.097600e-02
 10  2.493842e-02
 11  2.063095e-02
 12  1.743617e-02
 13  1.487966e-02
 14  1.307355e-02
 15  1.167117e-02
 16  1.059767e-02
 17  9.812363e-03
 18  9.086138e-03
 19  8.599002e-03
 20  8.197588e-03
 21  7.799949e-03
 22  7.450780e-03
 23  7.068990e-03
 24  6.676718e-03
 25  6.227824e-03
 26  5.689925e-03
 27  4.999042e-03
 28  4.385598e-03
 29  3.689370e-03
 30  3.113324e-03
 31  2.562678e-03
 32  2.049986e-03
 33  1.630170e-03
 34  1.266800e-03
 35  9.832500e-04
 Iteration CPU time: 8 s
 CFIE residual: 0.00098325
 Last Built End in Sep 21 2025 00:06:12
 Total CPU time: 343 s
 Finished.
