 Last Built Begin in Sep 21 2025 00:06:12
 Pre-Type( Input ):           10
 Skl-Tol ( Input ):    1.0000000000000001E-005
 Wavelength in freespace: 0.0314136

 ################################################
 ##         Generating Required Mesh          ##
 ##         Waiting.....                      ##
 ################################################
 Subd No.      Subd Name
    1    Open-Duct_PRIME_model_meshAA1                                     
 isub,  nnode, npatch,  nedge:
    1      6118     12236     18354
 Scale Factor         >>   1.54999997E-02
 ################################################

 START TIME: 20250922   014422.139


 Informaton for IE geometry:
 number of subdomains     : 1
 maxnode,maxpatch,maxedge : 6118  12236  18354
 
 Index of Mat-Reg: 1
 Mat-Reg Number via MatFlg: 1
 Edge Number of Mat-Reg: 1, 18354

 Number of Edge on PEC: 18354
 Mat-Reg: No Dim(m) Lmax:
    1 0.228    5
 Totlmax, add1, add2:           5           6           7
 rlengmax of Global MLFMA >>   0.22824744950138542     
 Lmax of Global MLFMA >>            5
 Wavenum of Mat-Reg:
    1 1.000

 total area in sq m           =      0.0510
 total area in sq lambda      =     51.6510
 maxnode, maxpatch, maxedge           =     6118    12236    18354
 longest  edge in lambda              =      0.1486
 shortest edge in lambda              =      0.0071
 average  edge in lambda              =      0.0992
 largest  patch area in sq lambda     =      0.0075
 smallest patch area in sq lambda     =      0.0000
 ave    surface area in sq lambda     =      0.0042
 size range of the object in sq lambda =      7.3039

 #### MLFMA Info For Each Region ####
 Mat-Region =            1
 Array dimension parameters:
 maxrule=          14   maxgrid  =          64
 lmax   =           5   ncmax    =        1250
 lsmax  =          26   lsmin    =           6
 kpm    =        1356   kp0      =          76
 ntlm   =      204640   nsm      =      205900
 nkpm   =        2152   niplm    =      137728
 ngnearm=       14257   ngsndm   =       64634
 nearm  =         333   mfinestm =         119
 ###############################

 CFIE Alpha:  0.50000000000000000     

 Fill MLFMA FI for Mat-Reg:           1
 Begin filltl.f
 fill translation matrix
 Level:            2
 fill shifting matrix
 Level:            3
 fill shifting matrix
 Level:            4
 fill shifting matrix
 Level:            5
 fill shifting matrix
 translator time(s):  0.117000006    
 fill interpolation matrix
 ThetaOrder            8
 PhiOrder            8
 lsl            6
 Filling TL                  Delta_CPU=          0.52 Memory(MB)=        586.87
 Filling sndgrp              Delta_CPU=          0.00 Memory(MB)=        586.87
 Filling VFS                 Delta_CPU=          2.31 Memory(MB)=        586.87

 Fill MLFMA NI for Mat-Reg:           1
 Begin fill sparser part of Nearfield
 Begin fill denser part of Nearfield
 End fill
 Filling Amn                 Delta_CPU=         91.96 Memory(MB)=        586.87


 Now testing preconditioner with
 ipretype =           10
 method = cfie_solve_nfrasspspre_pardiso

  
 NBP>>Begin fill sparser part of Nearfield

113.7357% NBP>>Begin fill denser part of Nearfield

200.1041%
 Begin MLFMA Box-Matrix Based Spar-RAS Prec Constructor
 --- Intel MKL PARDISO --- 
 Memory for iGroup: 1 0 MB
 Total Memory For SparRAS Pre: 0 MB
 --- PARDISO PRECONDITIONER INITIALIZED --- 
 Constructing preconditioner CPU time: 4 s
 
 1101240
 Memory for Iteration:: 16.8036 MB

 Iseg, Ninc_S : 1, 181, 0

 Iseg, Skeleton Angles: 1, 38
 Iseg, Skel-Pk Mem(MB): 1, 314.35

 Iseg, Irank, Idinc : 1, 1, 22
 Thata, Phi : 90.000000, 21.000000
 Maximun iteration: 300
 Number of recycle truncation: 30
 Final matrix dimension:  36708
 Residual error:0.001000
 0  6.041397e-01
 1  2.895689e-01
 2  1.655440e-01
 3  1.139160e-01
 4  8.128989e-02
 5  5.987910e-02
 6  4.580189e-02
 7  3.632858e-02
 8  2.860245e-02
 9  2.240326e-02
 10  1.758425e-02
 11  1.370586e-02
 12  1.136413e-02
 13  9.267900e-03
 14  7.787115e-03
 15  6.611818e-03
 16  5.597845e-03
 17  4.743046e-03
 18  4.107699e-03
 19  3.517973e-03
 20  3.017848e-03
 21  2.645857e-03
 22  2.347481e-03
 23  2.125531e-03
 24  1.862808e-03
 25  1.597489e-03
 26  1.365241e-03
 27  1.145569e-03
 28  9.504808e-04
 Iteration CPU time: 7 s
 CFIE residual: 0.000950481

 Iseg, Irank, Idinc : 1, 2, 42
 Thata, Phi : 90.000000, 41.000000
 Maximun iteration: 300
 Number of recycle truncation: 30
 Final matrix dimension:  36708
 Residual error:0.001000
 0  6.213914e-01
 1  3.154330e-01
 2  2.007619e-01
 3  1.320897e-01
 4  9.089898e-02
 5  6.624032e-02
 6  4.900757e-02
 7  3.704299e-02
 8  2.853441e-02
 9  2.216706e-02
 10  1.768649e-02
 11  1.434383e-02
 12  1.150789e-02
 13  9.922114e-03
 14  8.385749e-03
 15  7.259981e-03
 16  6.487991e-03
 17  5.722361e-03
 18  4.993909e-03
 19  4.393621e-03
 20  3.744129e-03
 21  3.157600e-03
 22  2.631808e-03
 23  2.159350e-03
 24  1.752193e-03
 25  1.385561e-03
 26  1.101621e-03
 27  8.654162e-04
 Iteration CPU time: 6 s
 CFIE residual: 0.000865416

 Iseg, Irank, Idinc : 1, 3, 63
 Thata, Phi : 90.000000, 62.000000
 Maximun iteration: 300
 Number of recycle truncation: 30
 Final matrix dimension:  36708
 Residual error:0.001000
 0  6.654201e-01
 1  3.546533e-01
 2  2.213651e-01
 3  1.431797e-01
 4  1.045896e-01
 5  7.910757e-02
 6  6.060606e-02
 7  4.869402e-02
 8  3.899929e-02
 9  3.055105e-02
 10  2.434278e-02
 11  1.943083e-02
 12  1.610448e-02
 13  1.379226e-02
 14  1.178100e-02
 15  1.032025e-02
 16  9.156558e-03
 17  8.013993e-03
 18  7.137471e-03
 19  6.132002e-03
 20  5.264947e-03
 21  4.449665e-03
 22  3.625250e-03
 23  2.913657e-03
 24  2.327080e-03
 25  1.786854e-03
 26  1.391453e-03
 27  1.048544e-03
 28  8.055293e-04
 Iteration CPU time: 7 s
 CFIE residual: 0.000805529

 Iseg, Irank, Idinc : 1, 4, 108
 Thata, Phi : 90.000000, 107.000000
 Maximun iteration: 300
 Number of recycle truncation: 30
 Final matrix dimension:  36708
 Residual error:0.001000
 0  6.305667e-01
 1  3.589222e-01
 2  2.273133e-01
 3  1.547506e-01
 4  1.093116e-01
 5  8.213797e-02
 6  6.366028e-02
 7  4.962439e-02
 8  3.877986e-02
 9  3.047059e-02
 10  2.428510e-02
 11  1.929746e-02
 12  1.577370e-02
 13  1.279418e-02
 14  1.082721e-02
 15  9.105790e-03
 16  7.725542e-03
 17  6.687307e-03
 18  5.912497e-03
 19  5.155128e-03
 20  4.528253e-03
 21  4.034374e-03
 22  3.502889e-03
 23  3.041644e-03
 24  2.634364e-03
 25  2.215849e-03
 26  1.800352e-03
 27  1.451704e-03
 28  1.181365e-03
 29  9.213524e-04
 Iteration CPU time: 6 s
 CFIE residual: 0.000921352

 Iseg, Irank, Idinc : 1, 5, 74
 Thata, Phi : 90.000000, 73.000000
 Maximun iteration: 300
 Number of recycle truncation: 30
 Final matrix dimension:  36708
 Residual error:0.001000
 0  6.466566e-01
 1  3.696185e-01
 2  2.389579e-01
 3  1.520182e-01
 4  1.074697e-01
 5  8.317732e-02
 6  6.466999e-02
 7  5.318516e-02
 8  4.267090e-02
 9  3.467929e-02
 10  2.810762e-02
 11  2.279004e-02
 12  1.866797e-02
 13  1.597335e-02
 14  1.373689e-02
 15  1.208383e-02
 16  1.092877e-02
 17  9.605671e-03
 18  8.448742e-03
 19  7.412139e-03
 20  6.499722e-03
 21  5.592397e-03
 22  4.743088e-03
 23  3.902779e-03
 24  3.133851e-03
 25  2.499085e-03
 26  1.974028e-03
 27  1.598224e-03
 28  1.268629e-03
 29  1.000990e-03
 30  7.616637e-04
 Iteration CPU time: 6 s
 CFIE residual: 0.000761664

 Iseg, Irank, Idinc : 1, 6, 146
 Thata, Phi : 90.000000, 145.000000
 Maximun iteration: 300
 Number of recycle truncation: 30
 Final matrix dimension:  36708
 Residual error:0.001000
 0  6.447134e-01
 1  3.432236e-01
 2  2.075853e-01
 3  1.464069e-01
 4  1.058889e-01
 5  8.265090e-02
 6  6.391025e-02
 7  5.175967e-02
 8  4.305145e-02
 9  3.575796e-02
 10  2.970771e-02
 11  2.439110e-02
 12  2.020051e-02
 13  1.609224e-02
 14  1.262792e-02
 15  1.015379e-02
 16  8.191329e-03
 17  6.800397e-03
 18  5.717978e-03
 19  4.725681e-03
 20  3.998701e-03
 21  3.458855e-03
 22  3.038704e-03
 23  2.675662e-03
 24  2.367574e-03
 25  2.089027e-03
 26  1.815567e-03
 27  1.569777e-03
 28  1.303241e-03
 29  1.079935e-03
 30  8.657035e-04
 Iteration CPU time: 6 s
 CFIE residual: 0.000865704

 Iseg, Irank, Idinc : 1, 7, 159
 Thata, Phi : 90.000000, 158.000000
 Maximun iteration: 300
 Number of recycle truncation: 30
 Final matrix dimension:  36708
 Residual error:0.001000
 0  6.008959e-01
 1  3.120654e-01
 2  1.881065e-01
 3  1.330943e-01
 4  1.012748e-01
 5  8.091537e-02
 6  6.458151e-02
 7  5.295887e-02
 8  4.495402e-02
 9  3.807288e-02
 10  3.243214e-02
 11  2.675752e-02
 12  2.178926e-02
 13  1.724079e-02
 14  1.409584e-02
 15  1.119999e-02
 16  8.782585e-03
 17  7.121746e-03
 18  5.806771e-03
 19  4.849703e-03
 20  3.992160e-03
 21  3.342258e-03
 22  2.897610e-03
 23  2.510463e-03
 24  2.203441e-03
 25  1.956149e-03
 26  1.734556e-03
 27  1.517091e-03
 28  1.301541e-03
 29  1.103879e-03
 30  9.251501e-04
 Iteration CPU time: 6 s
 CFIE residual: 0.00092515

 Iseg, Irank, Idinc : 1, 8, 132
 Thata, Phi : 90.000000, 131.000000
 Maximun iteration: 300
 Number of recycle truncation: 30
 Final matrix dimension:  36708
 Residual error:0.001000
 0  6.834722e-01
 1  3.597230e-01
 2  2.316535e-01
 3  1.584480e-01
 4  1.136047e-01
 5  8.745453e-02
 6  6.661549e-02
 7  5.241435e-02
 8  4.166208e-02
 9  3.312713e-02
 10  2.651454e-02
 11  2.096374e-02
 12  1.702030e-02
 13  1.407527e-02
 14  1.157522e-02
 15  9.565946e-03
 16  7.939143e-03
 17  6.784142e-03
 18  5.857229e-03
 19  5.149006e-03
 20  4.527877e-03
 21  4.040833e-03
 22  3.562400e-03
 23  3.188348e-03
 24  2.757006e-03
 25  2.307486e-03
 26  1.955748e-03
 27  1.613866e-03
 28  1.362370e-03
 29  1.132812e-03
 30  9.189633e-04
 Iteration CPU time: 7 s
 CFIE residual: 0.000918963

 Iseg, Irank, Idinc : 1, 9, 122
 Thata, Phi : 90.000000, 121.000000
 Maximun iteration: 300
 Number of recycle truncation: 30
 Final matrix dimension:  36708
 Residual error:0.001000
 0  6.528904e-01
 1  3.467020e-01
 2  2.282344e-01
 3  1.578642e-01
 4  1.117951e-01
 5  8.521566e-02
 6  6.518198e-02
 7  5.110524e-02
 8  3.875649e-02
 9  3.064494e-02
 10  2.421236e-02
 11  1.906238e-02
 12  1.528842e-02
 13  1.290196e-02
 14  1.098525e-02
 15  9.373930e-03
 16  8.044977e-03
 17  6.933248e-03
 18  6.061734e-03
 19  5.257400e-03
 20  4.573773e-03
 21  3.998801e-03
 22  3.516530e-03
 23  3.037221e-03
 24  2.615044e-03
 25  2.197837e-03
 26  1.845630e-03
 27  1.549426e-03
 28  1.276937e-03
 29  1.020271e-03
 30  8.188720e-04
 Iteration CPU time: 7 s
 CFIE residual: 0.000818872

 Iseg, Irank, Idinc : 1, 10, 89
 Thata, Phi : 90.000000, 88.000000
 Maximun iteration: 300
 Number of recycle truncation: 30
 Final matrix dimension:  36708
 Residual error:0.001000
 0  6.241306e-01
 1  3.581027e-01
 2  2.307956e-01
 3  1.567581e-01
 4  1.133701e-01
 5  8.915755e-02
 6  6.969633e-02
 7  5.549560e-02
 8  4.561895e-02
 9  3.625558e-02
 10  2.858317e-02
 11  2.277068e-02
 12  1.856039e-02
 13  1.529801e-02
 14  1.294307e-02
 15  1.123342e-02
 16  9.804478e-03
 17  8.728267e-03
 18  7.750044e-03
 19  6.828944e-03
 20  6.025784e-03
 21  5.207020e-03
 22  4.295089e-03
 23  3.547225e-03
 24  2.916038e-03
 25  2.369231e-03
 26  1.857256e-03
 27  1.458422e-03
 28  1.151320e-03
 29  8.991939e-04
 Iteration CPU time: 6 s
 CFIE residual: 0.000899194

 Iseg, Irank, Idinc : 1, 11, 32
 Thata, Phi : 90.000000, 31.000000
 Maximun iteration: 300
 Number of recycle truncation: 30
 Final matrix dimension:  36708
 Residual error:0.001000
 0  6.301900e-01
 1  3.052479e-01
 2  1.794088e-01
 3  1.139089e-01
 4  8.059992e-02
 5  6.016914e-02
 6  4.434304e-02
 7  3.424493e-02
 8  2.606359e-02
 9  2.028024e-02
 10  1.656120e-02
 11  1.325621e-02
 12  1.087507e-02
 13  9.176405e-03
 14  7.603939e-03
 15  6.460194e-03
 16  5.676046e-03
 17  4.917835e-03
 18  4.293490e-03
 19  3.791911e-03
 20  3.276906e-03
 21  2.840853e-03
 22  2.505026e-03
 23  2.185876e-03
 24  1.875438e-03
 25  1.557093e-03
 26  1.281920e-03
 27  1.032232e-03
 28  8.507436e-04
 Iteration CPU time: 7 s
 CFIE residual: 0.000850744

 Iseg, Irank, Idinc : 1, 12, 53
 Thata, Phi : 90.000000, 52.000000
 Maximun iteration: 300
 Number of recycle truncation: 30
 Final matrix dimension:  36708
 Residual error:0.001000
 0  6.424758e-01
 1  3.329020e-01
 2  2.070099e-01
 3  1.356038e-01
 4  9.637496e-02
 5  7.189376e-02
 6  5.542279e-02
 7  4.288115e-02
 8  3.364367e-02
 9  2.590598e-02
 10  2.051982e-02
 11  1.691580e-02
 12  1.401648e-02
 13  1.211622e-02
 14  1.047465e-02
 15  9.096926e-03
 16  8.091969e-03
 17  7.160032e-03
 18  6.208752e-03
 19  5.241434e-03
 20  4.436988e-03
 21  3.729339e-03
 22  3.035680e-03
 23  2.433703e-03
 24  1.931194e-03
 25  1.485688e-03
 26  1.149934e-03
 27  9.301690e-04
 Iteration CPU time: 6 s
 CFIE residual: 0.000930169

 Iseg, Irank, Idinc : 1, 13, 11
 Thata, Phi : 90.000000, 10.000000
 Maximun iteration: 300
 Number of recycle truncation: 30
 Final matrix dimension:  36708
 Residual error:0.001000
 0  5.335430e-01
 1  2.742792e-01
 2  1.715965e-01
 3  1.227703e-01
 4  8.841749e-02
 5  6.715239e-02
 6  5.120191e-02
 7  3.999824e-02
 8  3.091045e-02
 9  2.406088e-02
 10  1.914825e-02
 11  1.509386e-02
 12  1.178745e-02
 13  9.555406e-03
 14  7.842223e-03
 15  6.549014e-03
 16  5.632844e-03
 17  4.739373e-03
 18  4.124054e-03
 19  3.610565e-03
 20  3.110786e-03
 21  2.686305e-03
 22  2.374441e-03
 23  2.130539e-03
 24  1.854230e-03
 25  1.607976e-03
 26  1.413595e-03
 27  1.238006e-03
 28  1.056804e-03
 29  8.759332e-04
 Iteration CPU time: 7 s
 CFIE residual: 0.000875933

 Iseg, Irank, Idinc : 1, 14, 97
 Thata, Phi : 90.000000, 96.000000
 Maximun iteration: 300
 Number of recycle truncation: 30
 Final matrix dimension:  36708
 Residual error:0.001000
 0  6.216558e-01
 1  3.569961e-01
 2  2.254229e-01
 3  1.508149e-01
 4  1.081204e-01
 5  8.249651e-02
 6  6.484279e-02
 7  5.211724e-02
 8  4.167127e-02
 9  3.316826e-02
 10  2.621446e-02
 11  2.081200e-02
 12  1.704542e-02
 13  1.413923e-02
 14  1.175313e-02
 15  1.025653e-02
 16  8.887083e-03
 17  7.861789e-03
 18  7.041826e-03
 19  6.238054e-03
 20  5.571766e-03
 21  4.952008e-03
 22  4.218680e-03
 23  3.561623e-03
 24  2.992898e-03
 25  2.457109e-03
 26  1.990880e-03
 27  1.584206e-03
 28  1.256014e-03
 29  9.588075e-04
 Iteration CPU time: 7 s
 CFIE residual: 0.000958807

 Iseg, Irank, Idinc : 1, 15, 178
 Thata, Phi : 90.000000, 177.000000
 Maximun iteration: 300
 Number of recycle truncation: 30
 Final matrix dimension:  36708
 Residual error:0.001000
 0  5.497848e-01
 1  3.002859e-01
 2  1.911805e-01
 3  1.375301e-01
 4  1.069521e-01
 5  8.355076e-02
 6  6.842981e-02
 7  5.584070e-02
 8  4.451351e-02
 9  3.601821e-02
 10  2.846021e-02
 11  2.242737e-02
 12  1.761273e-02
 13  1.384778e-02
 14  1.089543e-02
 15  8.501423e-03
 16  6.914594e-03
 17  5.667197e-03
 18  4.655272e-03
 19  3.828651e-03
 20  3.172487e-03
 21  2.714651e-03
 22  2.382631e-03
 23  2.092019e-03
 24  1.849168e-03
 25  1.606237e-03
 26  1.427953e-03
 27  1.275305e-03
 28  1.102843e-03
 29  9.431185e-04
 Iteration CPU time: 7 s
 CFIE residual: 0.000943119

 Iseg, Irank, Idinc : 1, 16, 81
 Thata, Phi : 90.000000, 80.000000
 Maximun iteration: 300
 Number of recycle truncation: 30
 Final matrix dimension:  36708
 Residual error:0.001000
 0  6.302042e-01
 1  3.608211e-01
 2  2.341048e-01
 3  1.544770e-01
 4  1.107622e-01
 5  8.724309e-02
 6  6.737244e-02
 7  5.418002e-02
 8  4.479109e-02
 9  3.471248e-02
 10  2.753483e-02
 11  2.199882e-02
 12  1.825031e-02
 13  1.531109e-02
 14  1.321336e-02
 15  1.153855e-02
 16  1.017849e-02
 17  8.969201e-03
 18  8.003075e-03
 19  6.963641e-03
 20  6.122277e-03
 21  5.260654e-03
 22  4.414264e-03
 23  3.653036e-03
 24  3.009757e-03
 25  2.422280e-03
 26  1.953366e-03
 27  1.567138e-03
 28  1.248737e-03
 29  9.830817e-04
 Iteration CPU time: 6 s
 CFIE residual: 0.000983082

 Iseg, Irank, Idinc : 1, 17, 115
 Thata, Phi : 90.000000, 114.000000
 Maximun iteration: 300
 Number of recycle truncation: 30
 Final matrix dimension:  36708
 Residual error:0.001000
 0  6.452462e-01
 1  3.520261e-01
 2  2.248895e-01
 3  1.554067e-01
 4  1.098128e-01
 5  8.279963e-02
 6  6.385109e-02
 7  4.911366e-02
 8  3.780074e-02
 9  2.998817e-02
 10  2.374897e-02
 11  1.896446e-02
 12  1.531312e-02
 13  1.282770e-02
 14  1.080135e-02
 15  9.122871e-03
 16  7.739968e-03
 17  6.668392e-03
 18  5.726166e-03
 19  5.031986e-03
 20  4.407338e-03
 21  3.874595e-03
 22  3.370811e-03
 23  2.936158e-03
 24  2.485157e-03
 25  2.096887e-03
 26  1.746993e-03
 27  1.443813e-03
 28  1.163908e-03
 29  9.068681e-04
 Iteration CPU time: 7 s
 CFIE residual: 0.000906868

 Iseg, Irank, Idinc : 1, 18, 1
 Thata, Phi : 90.000000, 0.000000
 Maximun iteration: 300
 Number of recycle truncation: 30
 Final matrix dimension:  36708
 Residual error:0.001000
 0  5.016837e-01
 1  2.658522e-01
 2  1.729260e-01
 3  1.202546e-01
 4  8.633662e-02
 5  6.430633e-02
 6  4.925007e-02
 7  3.749646e-02
 8  2.980578e-02
 9  2.225974e-02
 10  1.714877e-02
 11  1.363727e-02
 12  1.082220e-02
 13  8.815447e-03
 14  7.184978e-03
 15  5.799153e-03
 16  4.846998e-03
 17  4.118673e-03
 18  3.567825e-03
 19  3.069228e-03
 20  2.684692e-03
 21  2.430738e-03
 22  2.121919e-03
 23  1.844230e-03
 24  1.607177e-03
 25  1.395592e-03
 26  1.232524e-03
 27  1.043432e-03
 28  8.714787e-04
 Iteration CPU time: 7 s
 CFIE residual: 0.000871479

 Iseg, Irank, Idinc : 1, 19, 167
 Thata, Phi : 90.000000, 166.000000
 Maximun iteration: 300
 Number of recycle truncation: 30
 Final matrix dimension:  36708
 Residual error:0.001000
 0  5.717470e-01
 1  3.020856e-01
 2  1.869827e-01
 3  1.359207e-01
 4  1.051988e-01
 5  8.477348e-02
 6  6.888122e-02
 7  5.640911e-02
 8  4.710522e-02
 9  3.969174e-02
 10  3.330155e-02
 11  2.742801e-02
 12  2.226795e-02
 13  1.779056e-02
 14  1.435771e-02
 15  1.155819e-02
 16  9.199414e-03
 17  7.602245e-03
 18  6.159400e-03
 19  5.000855e-03
 20  4.063712e-03
 21  3.382505e-03
 22  2.878323e-03
 23  2.487392e-03
 24  2.163290e-03
 25  1.873072e-03
 26  1.660140e-03
 27  1.462158e-03
 28  1.303755e-03
 29  1.141742e-03
 30  9.873864e-04
 Iteration CPU time: 7 s
 CFIE residual: 0.000987386

 Iseg, Irank, Idinc : 1, 20, 152
 Thata, Phi : 90.000000, 151.000000
 Maximun iteration: 300
 Number of recycle truncation: 30
 Final matrix dimension:  36708
 Residual error:0.001000
 0  6.256822e-01
 1  3.305926e-01
 2  1.991080e-01
 3  1.407719e-01
 4  1.036832e-01
 5  8.158474e-02
 6  6.452452e-02
 7  5.247173e-02
 8  4.440501e-02
 9  3.746371e-02
 10  3.122912e-02
 11  2.552971e-02
 12  2.062235e-02
 13  1.633565e-02
 14  1.287077e-02
 15  1.026152e-02
 16  7.992348e-03
 17  6.655065e-03
 18  5.512197e-03
 19  4.571984e-03
 20  3.843154e-03
 21  3.243958e-03
 22  2.810967e-03
 23  2.474494e-03
 24  2.204227e-03
 25  1.929400e-03
 26  1.673452e-03
 27  1.453447e-03
 28  1.200818e-03
 29  9.847471e-04
 Iteration CPU time: 6 s
 CFIE residual: 0.000984747

 Iseg, Irank, Idinc : 1, 21, 181
 Thata, Phi : 90.000000, 180.000000
 Maximun iteration: 300
 Number of recycle truncation: 30
 Final matrix dimension:  36708
 Residual error:0.001000
 0  5.483288e-01
 1  3.003220e-01
 2  1.912421e-01
 3  1.374555e-01
 4  1.067504e-01
 5  8.305735e-02
 6  6.795742e-02
 7  5.547746e-02
 8  4.405083e-02
 9  3.548494e-02
 10  2.762934e-02
 11  2.126777e-02
 12  1.618064e-02
 13  1.229679e-02
 14  9.449239e-03
 15  7.247938e-03
 16  5.753986e-03
 17  4.764243e-03
 18  3.859387e-03
 19  3.225542e-03
 20  2.765467e-03
 21  2.391050e-03
 22  2.107869e-03
 23  1.863467e-03
 24  1.674007e-03
 25  1.471239e-03
 26  1.314412e-03
 27  1.144606e-03
 28  9.622044e-04
 Iteration CPU time: 6 s
 CFIE residual: 0.000962204

 Iseg, Irank, Idinc : 1, 22, 16
 Thata, Phi : 90.000000, 15.000000
 Maximun iteration: 300
 Number of recycle truncation: 30
 Final matrix dimension:  36708
 Residual error:0.001000
 0  5.643053e-01
 1  2.809548e-01
 2  1.693503e-01
 3  1.204100e-01
 4  8.637953e-02
 5  6.493392e-02
 6  4.978781e-02
 7  3.958656e-02
 8  3.080269e-02
 9  2.389372e-02
 10  1.876248e-02
 11  1.490698e-02
 12  1.184737e-02
 13  9.505132e-03
 14  7.937708e-03
 15  6.648723e-03
 16  5.649314e-03
 17  4.816984e-03
 18  4.198608e-03
 19  3.611023e-03
 20  3.083462e-03
 21  2.706513e-03
 22  2.384321e-03
 23  2.179625e-03
 24  1.895544e-03
 25  1.632764e-03
 26  1.423943e-03
 27  1.221684e-03
 28  1.027799e-03
 29  8.558860e-04
 Iteration CPU time: 7 s
 CFIE residual: 0.000855886

 Iseg, Irank, Idinc : 1, 23, 139
 Thata, Phi : 90.000000, 138.000000
 Maximun iteration: 300
 Number of recycle truncation: 30
 Final matrix dimension:  36708
 Residual error:0.001000
 0  6.852407e-01
 1  3.544631e-01
 2  2.216974e-01
 3  1.538671e-01
 4  1.119820e-01
 5  8.550036e-02
 6  6.415836e-02
 7  5.133232e-02
 8  4.253620e-02
 9  3.427974e-02
 10  2.791805e-02
 11  2.251718e-02
 12  1.888883e-02
 13  1.507580e-02
 14  1.205227e-02
 15  9.687048e-03
 16  8.093968e-03
 17  6.703793e-03
 18  5.706375e-03
 19  4.914628e-03
 20  4.288482e-03
 21  3.822848e-03
 22  3.383035e-03
 23  2.971781e-03
 24  2.605110e-03
 25  2.225005e-03
 26  1.897332e-03
 27  1.577009e-03
 28  1.284693e-03
 29  1.046675e-03
 30  8.397216e-04
 Iteration CPU time: 7 s
 CFIE residual: 0.000839722

 Iseg, Irank, Idinc : 1, 24, 68
 Thata, Phi : 90.000000, 67.000000
 Maximun iteration: 300
 Number of recycle truncation: 30
 Final matrix dimension:  36708
 Residual error:0.001000
 0  6.611972e-01
 1  3.645596e-01
 2  2.301012e-01
 3  1.504976e-01
 4  1.104594e-01
 5  8.377270e-02
 6  6.439429e-02
 7  5.215510e-02
 8  4.218550e-02
 9  3.366225e-02
 10  2.737139e-02
 11  2.216967e-02
 12  1.811286e-02
 13  1.537528e-02
 14  1.309790e-02
 15  1.157920e-02
 16  1.032594e-02
 17  9.155126e-03
 18  8.059989e-03
 19  6.987193e-03
 20  6.066850e-03
 21  5.211131e-03
 22  4.383881e-03
 23  3.612906e-03
 24  2.886374e-03
 25  2.241919e-03
 26  1.781766e-03
 27  1.393291e-03
 28  1.084846e-03
 29  8.290489e-04
 Iteration CPU time: 7 s
 CFIE residual: 0.000829049

 Iseg, Irank, Idinc : 1, 25, 5
 Thata, Phi : 90.000000, 4.000000
 Maximun iteration: 300
 Number of recycle truncation: 30
 Final matrix dimension:  36708
 Residual error:0.001000
 0  5.077233e-01
 1  2.675666e-01
 2  1.725859e-01
 3  1.210912e-01
 4  8.749976e-02
 5  6.590408e-02
 6  5.039422e-02
 7  3.800485e-02
 8  2.969876e-02
 9  2.261485e-02
 10  1.783025e-02
 11  1.450657e-02
 12  1.151651e-02
 13  9.245551e-03
 14  7.611803e-03
 15  6.339551e-03
 16  5.381089e-03
 17  4.549580e-03
 18  3.914335e-03
 19  3.455066e-03
 20  3.009455e-03
 21  2.604154e-03
 22  2.294776e-03
 23  2.054549e-03
 24  1.775974e-03
 25  1.540543e-03
 26  1.354115e-03
 27  1.195791e-03
 28  1.019513e-03
 29  8.426631e-04
 Iteration CPU time: 6 s
 CFIE residual: 0.000842663

 Iseg, Irank, Idinc : 1, 26, 173
 Thata, Phi : 90.000000, 172.000000
 Maximun iteration: 300
 Number of recycle truncation: 30
 Final matrix dimension:  36708
 Residual error:0.001000
 0  5.572555e-01
 1  3.003706e-01
 2  1.903650e-01
 3  1.376873e-01
 4  1.073902e-01
 5  8.526000e-02
 6  6.983381e-02
 7  5.690957e-02
 8  4.630480e-02
 9  3.837757e-02
 10  3.146461e-02
 11  2.564776e-02
 12  2.071414e-02
 13  1.645270e-02
 14  1.345075e-02
 15  1.077942e-02
 16  8.673375e-03
 17  7.060445e-03
 18  5.686486e-03
 19  4.629736e-03
 20  3.782243e-03
 21  3.162224e-03
 22  2.714189e-03
 23  2.349799e-03
 24  2.032710e-03
 25  1.756072e-03
 26  1.552050e-03
 27  1.372295e-03
 28  1.215940e-03
 29  1.064775e-03
 30  9.257625e-04
 Iteration CPU time: 7 s
 CFIE residual: 0.000925763

 Iseg, Irank, Idinc : 1, 27, 102
 Thata, Phi : 90.000000, 101.000000
 Maximun iteration: 300
 Number of recycle truncation: 30
 Final matrix dimension:  36708
 Residual error:0.001000
 0  6.198452e-01
 1  3.559335e-01
 2  2.250344e-01
 3  1.517419e-01
 4  1.059878e-01
 5  8.030189e-02
 6  6.235127e-02
 7  4.916899e-02
 8  3.886238e-02
 9  3.023055e-02
 10  2.477774e-02
 11  1.956376e-02
 12  1.604725e-02
 13  1.325799e-02
 14  1.115804e-02
 15  9.424063e-03
 16  8.220650e-03
 17  7.200685e-03
 18  6.435455e-03
 19  5.694966e-03
 20  5.056462e-03
 21  4.455008e-03
 22  3.853543e-03
 23  3.312305e-03
 24  2.805464e-03
 25  2.327423e-03
 26  1.902879e-03
 27  1.539383e-03
 28  1.230398e-03
 29  9.762993e-04
 Iteration CPU time: 7 s
 CFIE residual: 0.000976299

 Iseg, Irank, Idinc : 1, 28, 47
 Thata, Phi : 90.000000, 46.000000
 Maximun iteration: 300
 Number of recycle truncation: 30
 Final matrix dimension:  36708
 Residual error:0.001000
 0  6.300718e-01
 1  3.212007e-01
 2  2.037395e-01
 3  1.355260e-01
 4  9.511097e-02
 5  6.998904e-02
 6  5.273079e-02
 7  4.045794e-02
 8  3.145937e-02
 9  2.450664e-02
 10  1.944551e-02
 11  1.576048e-02
 12  1.277258e-02
 13  1.093967e-02
 14  9.358796e-03
 15  8.119444e-03
 16  7.232378e-03
 17  6.397057e-03
 18  5.582304e-03
 19  4.705822e-03
 20  3.953204e-03
 21  3.317268e-03
 22  2.769695e-03
 23  2.228073e-03
 24  1.783909e-03
 25  1.433147e-03
 26  1.114981e-03
 27  8.838628e-04
 Iteration CPU time: 6 s
 CFIE residual: 0.000883863

 Iseg, Irank, Idinc : 1, 29, 27
 Thata, Phi : 90.000000, 26.000000
 Maximun iteration: 300
 Number of recycle truncation: 30
 Final matrix dimension:  36708
 Residual error:0.001000
 0  6.272823e-01
 1  2.973420e-01
 2  1.682772e-01
 3  1.100708e-01
 4  7.831255e-02
 5  5.809108e-02
 6  4.348797e-02
 7  3.386201e-02
 8  2.630482e-02
 9  2.059682e-02
 10  1.649978e-02
 11  1.306134e-02
 12  1.074676e-02
 13  8.916783e-03
 14  7.461240e-03
 15  6.432496e-03
 16  5.489721e-03
 17  4.669705e-03
 18  4.059262e-03
 19  3.547963e-03
 20  3.071498e-03
 21  2.685642e-03
 22  2.401782e-03
 23  2.146636e-03
 24  1.865993e-03
 25  1.574815e-03
 26  1.324836e-03
 27  1.096698e-03
 28  9.018415e-04
 Iteration CPU time: 6 s
 CFIE residual: 0.000901842

 Iseg, Irank, Idinc : 1, 30, 127
 Thata, Phi : 90.000000, 126.000000
 Maximun iteration: 300
 Number of recycle truncation: 30
 Final matrix dimension:  36708
 Residual error:0.001000
 0  6.608456e-01
 1  3.514127e-01
 2  2.299708e-01
 3  1.573853e-01
 4  1.125776e-01
 5  8.720528e-02
 6  6.635849e-02
 7  5.193836e-02
 8  4.009145e-02
 9  3.209053e-02
 10  2.502922e-02
 11  1.965145e-02
 12  1.605959e-02
 13  1.336350e-02
 14  1.111876e-02
 15  9.431940e-03
 16  7.988741e-03
 17  6.900380e-03
 18  6.114486e-03
 19  5.232836e-03
 20  4.587095e-03
 21  4.047441e-03
 22  3.575557e-03
 23  3.126422e-03
 24  2.708785e-03
 25  2.278732e-03
 26  1.945874e-03
 27  1.629296e-03
 28  1.410455e-03
 29  1.180587e-03
 30  9.428888e-04
 Iteration CPU time: 7 s
 CFIE residual: 0.000942889

 Iseg, Irank, Idinc : 1, 31, 163
 Thata, Phi : 90.000000, 162.000000
 Maximun iteration: 300
 Number of recycle truncation: 30
 Final matrix dimension:  36708
 Residual error:0.001000
 0  5.850015e-01
 1  3.053292e-01
 2  1.854459e-01
 3  1.333208e-01
 4  1.026020e-01
 5  8.269222e-02
 6  6.647365e-02
 7  5.461916e-02
 8  4.597226e-02
 9  3.901950e-02
 10  3.294924e-02
 11  2.731165e-02
 12  2.238506e-02
 13  1.789277e-02
 14  1.454335e-02
 15  1.160376e-02
 16  9.154780e-03
 17  7.593445e-03
 18  6.177736e-03
 19  5.003808e-03
 20  4.104701e-03
 21  3.442973e-03
 22  2.926603e-03
 23  2.524511e-03
 24  2.203940e-03
 25  1.924282e-03
 26  1.712930e-03
 27  1.508926e-03
 28  1.325093e-03
 29  1.145700e-03
 30  9.786769e-04
 Iteration CPU time: 7 s
 CFIE residual: 0.000978677

 Iseg, Irank, Idinc : 1, 32, 3
 Thata, Phi : 90.000000, 2.000000
 Maximun iteration: 300
 Number of recycle truncation: 30
 Final matrix dimension:  36708
 Residual error:0.001000
 0  5.032593e-01
 1  2.662979e-01
 2  1.728245e-01
 3  1.204626e-01
 4  8.665198e-02
 5  6.477758e-02
 6  4.960128e-02
 7  3.755599e-02
 8  2.971956e-02
 9  2.229201e-02
 10  1.725205e-02
 11  1.399155e-02
 12  1.124192e-02
 13  9.050709e-03
 14  7.430060e-03
 15  6.134721e-03
 16  5.184075e-03
 17  4.419562e-03
 18  3.817730e-03
 19  3.350040e-03
 20  2.931516e-03
 21  2.554098e-03
 22  2.254132e-03
 23  2.007240e-03
 24  1.737642e-03
 25  1.504109e-03
 26  1.329742e-03
 27  1.155656e-03
 28  9.824717e-04
 Iteration CPU time: 7 s
 CFIE residual: 0.000982472

 Iseg, Irank, Idinc : 1, 33, 85
 Thata, Phi : 90.000000, 84.000000
 Maximun iteration: 300
 Number of recycle truncation: 30
 Final matrix dimension:  36708
 Residual error:0.001000
 0  6.251923e-01
 1  3.569953e-01
 2  2.316913e-01
 3  1.585891e-01
 4  1.138787e-01
 5  8.955944e-02
 6  6.967445e-02
 7  5.550032e-02
 8  4.563121e-02
 9  3.568840e-02
 10  2.824502e-02
 11  2.243398e-02
 12  1.824879e-02
 13  1.510420e-02
 14  1.290409e-02
 15  1.127083e-02
 16  9.862021e-03
 17  8.715196e-03
 18  7.832172e-03
 19  6.854834e-03
 20  5.998551e-03
 21  5.179233e-03
 22  4.302951e-03
 23  3.552658e-03
 24  2.918111e-03
 25  2.356305e-03
 26  1.875644e-03
 27  1.502338e-03
 28  1.206251e-03
 29  9.545426e-04
 Iteration CPU time: 6 s
 CFIE residual: 0.000954543

 Iseg, Irank, Idinc : 1, 34, 37
 Thata, Phi : 90.000000, 36.000000
 Maximun iteration: 300
 Number of recycle truncation: 30
 Final matrix dimension:  36708
 Residual error:0.001000
 0  6.204133e-01
 1  3.121904e-01
 2  1.931076e-01
 3  1.234459e-01
 4  8.505357e-02
 5  6.257691e-02
 6  4.605771e-02
 7  3.528308e-02
 8  2.685830e-02
 9  2.065216e-02
 10  1.662686e-02
 11  1.346827e-02
 12  1.103844e-02
 13  9.464797e-03
 14  7.870760e-03
 15  6.738223e-03
 16  6.004500e-03
 17  5.224196e-03
 18  4.554391e-03
 19  4.013223e-03
 20  3.450499e-03
 21  2.952362e-03
 22  2.524168e-03
 23  2.137848e-03
 24  1.802364e-03
 25  1.476591e-03
 26  1.197724e-03
 27  9.491761e-04
 Iteration CPU time: 6 s
 CFIE residual: 0.000949176

 Iseg, Irank, Idinc : 1, 35, 180
 Thata, Phi : 90.000000, 179.000000
 Maximun iteration: 300
 Number of recycle truncation: 30
 Final matrix dimension:  36708
 Residual error:0.001000
 0  5.485101e-01
 1  3.003209e-01
 2  1.912397e-01
 3  1.374658e-01
 4  1.067749e-01
 5  8.311553e-02
 6  6.801585e-02
 7  5.552498e-02
 8  4.411050e-02
 9  3.555209e-02
 10  2.773705e-02
 11  2.143079e-02
 12  1.643541e-02
 13  1.263206e-02
 14  9.773491e-03
 15  7.504962e-03
 16  6.023226e-03
 17  5.043428e-03
 18  4.151254e-03
 19  3.447626e-03
 20  2.921095e-03
 21  2.521482e-03
 22  2.236235e-03
 23  1.977914e-03
 24  1.756315e-03
 25  1.531312e-03
 26  1.363698e-03
 27  1.210379e-03
 28  1.023155e-03
 29  8.523066e-04
 Iteration CPU time: 7 s
 CFIE residual: 0.000852307

 Iseg, Irank, Idinc : 1, 36, 58
 Thata, Phi : 90.000000, 57.000000
 Maximun iteration: 300
 Number of recycle truncation: 30
 Final matrix dimension:  36708
 Residual error:0.001000
 0  6.579120e-01
 1  3.424362e-01
 2  2.139256e-01
 3  1.370697e-01
 4  9.803468e-02
 5  7.208304e-02
 6  5.659138e-02
 7  4.543253e-02
 8  3.618505e-02
 9  2.794109e-02
 10  2.205843e-02
 11  1.804770e-02
 12  1.492306e-02
 13  1.277032e-02
 14  1.100110e-02
 15  9.563064e-03
 16  8.467618e-03
 17  7.432746e-03
 18  6.566353e-03
 19  5.540518e-03
 20  4.694495e-03
 21  3.933503e-03
 22  3.274457e-03
 23  2.587967e-03
 24  2.053442e-03
 25  1.576618e-03
 26  1.218443e-03
 27  9.399138e-04
 Iteration CPU time: 6 s
 CFIE residual: 0.000939914

 Iseg, Irank, Idinc : 1, 37, 142
 Thata, Phi : 90.000000, 141.000000
 Maximun iteration: 300
 Number of recycle truncation: 30
 Final matrix dimension:  36708
 Residual error:0.001000
 0  6.671309e-01
 1  3.496223e-01
 2  2.143538e-01
 3  1.498191e-01
 4  1.089684e-01
 5  8.409686e-02
 6  6.360782e-02
 7  5.111345e-02
 8  4.221033e-02
 9  3.442999e-02
 10  2.866063e-02
 11  2.339607e-02
 12  1.953999e-02
 13  1.540849e-02
 14  1.206610e-02
 15  9.797358e-03
 16  8.159534e-03
 17  6.766487e-03
 18  5.669880e-03
 19  4.843856e-03
 20  4.153463e-03
 21  3.673742e-03
 22  3.256356e-03
 23  2.856477e-03
 24  2.522221e-03
 25  2.194885e-03
 26  1.905166e-03
 27  1.593169e-03
 28  1.300895e-03
 29  1.066589e-03
 30  8.589744e-04
 Iteration CPU time: 7 s
 CFIE residual: 0.000858974

 Iseg, Irank, Idinc : 1, 38, 112
 Thata, Phi : 90.000000, 111.000000
 Maximun iteration: 300
 Number of recycle truncation: 30
 Final matrix dimension:  36708
 Residual error:0.001000
 0  6.402910e-01
 1  3.559836e-01
 2  2.258670e-01
 3  1.554355e-01
 4  1.102780e-01
 5  8.270316e-02
 6  6.384231e-02
 7  4.923137e-02
 8  3.817277e-02
 9  3.021384e-02
 10  2.383378e-02
 11  1.898576e-02
 12  1.547921e-02
 13  1.271397e-02
 14  1.078523e-02
 15  9.116664e-03
 16  7.635131e-03
 17  6.601643e-03
 18  5.745626e-03
 19  4.985937e-03
 20  4.370959e-03
 21  3.880070e-03
 22  3.364293e-03
 23  2.933126e-03
 24  2.516499e-03
 25  2.137801e-03
 26  1.739486e-03
 27  1.413100e-03
 28  1.146311e-03
 29  8.795702e-04
 Iteration CPU time: 7 s
 CFIE residual: 0.00087957
 Last Built End in Sep 21 2025 00:06:12
 Total CPU time: 273 s
 Finished.
