 Last Built Begin in Sep 21 2025 00:06:12
 Pre-Type( Input ):            8
 Skl-Tol ( Input ):    1.0000000000000000E-002
 Wavelength in freespace: 0.441176

 ################################################
 ##         Generating Required Mesh          ##
 ##         Waiting.....                      ##
 ################################################
 Subd No.      Subd Name
    1    sphere1                                                           
 isub,  nnode, npatch,  nedge:
    1       604      1204      1806
 Scale Factor         >>   9.99999978E-03
 ################################################

 START TIME: 20250922   001726.727


 Informaton for IE geometry:
 number of subdomains     : 1
 maxnode,maxpatch,maxedge : 604  1204  1806
 
 Index of Mat-Reg: 1
 Mat-Reg Number via MatFlg: 1
 Edge Number of Mat-Reg: 1, 1806

 Number of Edge on PEC: 0
 Mat-Reg: No Dim(m) Lmax:
    1 0.227    1
 Totlmax, add1, add2:           1           2           3
 rlengmax of Global MLFMA >>   0.22666665315733336     
 Lmax of Global MLFMA >>            1
 Wavenum of Mat-Reg:
    1 1.000

 total area in sq m           =      0.1254
 total area in sq lambda      =      0.6440
 maxnode, maxpatch, maxedge           =      604     1204     1806
 longest  edge in lambda              =      0.0494
 shortest edge in lambda              =      0.0215
 average  edge in lambda              =      0.0352
 largest  patch area in sq lambda     =      0.0009
 smallest patch area in sq lambda     =      0.0003
 ave    surface area in sq lambda     =      0.0005
 size range of the object in sq lambda =      0.4533

 #### MLFMA Info For Each Region ####
 Mat-Region =            1
 Array dimension parameters:
 maxrule=          14   maxgrid  =          64
 lmax   =           1   ncmax    =           9
 lsmax  =           1   lsmin    =           1
 kpm    =           1   kp0      =           1
 ntlm   =           1   nsm      =           1
 nkpm   =           1   niplm    =          16
 ngnearm=          64   ngsndm   =           1
 nearm  =        1807   mfinestm =         244
 ###############################

 CFIE Alpha:  0.50000000000000000     

 Fill MLFMA NI for Mat-Reg:           1
 Begin fill sparser part of Nearfield
 Begin fill denser part of Nearfield
 End fill
 Filling Amn                 Delta_CPU=         47.00 Memory(MB)=        200.07


 Now testing preconditioner with
 ipretype =            8
 method = cfie_solve_nfpre_pardiso

  
 NBP>>Begin fill sparser part of Nearfield
 NBP>>Begin fill denser part of Nearfield

212.5000%
225.0000%
237.5000%
250.0000%
262.5000%
275.0000%
287.5000%
300.0000%
 Begin MLFMA Box-Matrix Based Prec Constructor
 --- Intel MKL PARDISO --- 
  >> Solver Initialized
  >> Proceed to ngrp_box loop
  >> Loop 0 Initialized
 Memory for iGRP: 1 0 MB
 Total Memory For NFB Pre: 0 MB
 --- PARDISO PRECONDITIONER INITIALIZED --- 
 Constructing preconditioner CPU time: 0 s
 
 108360
 Memory for Iteration:: 1.65344 MB

 Iseg, Ninc_S : 1, 181, 0

 Iseg, Skeleton Angles: 1, 7
 Iseg, Skel-Pk Mem(MB): 1, 30.95

 Iseg, Irank, Idinc : 1, 1, 70
 Thata, Phi : 90.000000, 69.000000
 Maximun iteration: 300
 Number of recycle truncation: 30
 Final matrix dimension:  3612
 Residual error:0.010000
 0  2.060338e-01
 1  9.367936e-02
 2  4.048445e-02
 3  1.852696e-02
 4  7.807032e-03
 Iteration CPU time: 0 s
 CFIE residual: 0.00780703

 Iseg, Irank, Idinc : 1, 2, 145
 Thata, Phi : 90.000000, 144.000000
 Maximun iteration: 300
 Number of recycle truncation: 30
 Final matrix dimension:  3612
 Residual error:0.010000
 0  2.000914e-01
 1  8.616381e-02
 2  3.667655e-02
 3  1.629468e-02
 4  7.253761e-03
 Iteration CPU time: 0 s
 CFIE residual: 0.00725376

 Iseg, Irank, Idinc : 1, 3, 1
 Thata, Phi : 90.000000, 0.000000
 Maximun iteration: 300
 Number of recycle truncation: 30
 Final matrix dimension:  3612
 Residual error:0.010000
 0  2.140784e-01
 1  9.428701e-02
 2  4.047203e-02
 3  1.818994e-02
 4  7.576863e-03
 Iteration CPU time: 0 s
 CFIE residual: 0.00757686

 Iseg, Irank, Idinc : 1, 4, 181
 Thata, Phi : 90.000000, 180.000000
 Maximun iteration: 300
 Number of recycle truncation: 30
 Final matrix dimension:  3612
 Residual error:0.010000
 0  2.107904e-01
 1  9.363569e-02
 2  3.916828e-02
 3  1.651661e-02
 4  7.190653e-03
 Iteration CPU time: 0 s
 CFIE residual: 0.00719065

 Iseg, Irank, Idinc : 1, 5, 33
 Thata, Phi : 90.000000, 32.000000
 Maximun iteration: 300
 Number of recycle truncation: 30
 Final matrix dimension:  3612
 Residual error:0.010000
 0  2.036451e-01
 1  8.848172e-02
 2  3.896951e-02
 3  1.823075e-02
 4  7.723154e-03
 Iteration CPU time: 0 s
 CFIE residual: 0.00772315

 Iseg, Irank, Idinc : 1, 6, 110
 Thata, Phi : 90.000000, 109.000000
 Maximun iteration: 300
 Number of recycle truncation: 30
 Final matrix dimension:  3612
 Residual error:0.010000
 0  2.049094e-01
 1  9.238925e-02
 2  3.894298e-02
 3  1.753414e-02
 4  7.657494e-03
 Iteration CPU time: 1 s
 CFIE residual: 0.00765749

 Iseg, Irank, Idinc : 1, 7, 167
 Thata, Phi : 90.000000, 166.000000
 Maximun iteration: 300
 Number of recycle truncation: 30
 Final matrix dimension:  3612
 Residual error:0.010000
 0  2.083080e-01
 1  9.172070e-02
 2  3.870072e-02
 3  1.646657e-02
 4  7.202754e-03
 Iteration CPU time: 0 s
 CFIE residual: 0.00720275
 Last Built End in Sep 21 2025 00:06:12
 Total CPU time: 7 s
 Finished.
