 Last Built Begin in Sep 21 2025 00:06:12
 Pre-Type( Input ):           10
 Skl-Tol ( Input ):    1.0000000000000001E-005
 Wavelength in freespace: 0.0306122

 ################################################
 ##         Generating Required Mesh          ##
 ##         Waiting.....                      ##
 ################################################
 Subd No.      Subd Name
    1    Open-Duct_PRIME_model_meshAA1                                     
 isub,  nnode, npatch,  nedge:
    1      6118     12236     18354
 Scale Factor         >>   1.54999997E-02
 ################################################

 START TIME: 20250922   033332.294


 Informaton for IE geometry:
 number of subdomains     : 1
 maxnode,maxpatch,maxedge : 6118  12236  18354
 
 Index of Mat-Reg: 1
 Mat-Reg Number via MatFlg: 1
 Edge Number of Mat-Reg: 1, 18354

 Number of Edge on PEC: 18354
 Mat-Reg: No Dim(m) Lmax:
    1 0.234    5
 Totlmax, add1, add2:           5           6           7
 rlengmax of Global MLFMA >>   0.23422251362445837     
 Lmax of Global MLFMA >>            5
 Wavenum of Mat-Reg:
    1 1.000

 total area in sq m           =      0.0510
 total area in sq lambda      =     54.3906
 maxnode, maxpatch, maxedge           =     6118    12236    18354
 longest  edge in lambda              =      0.1525
 shortest edge in lambda              =      0.0072
 average  edge in lambda              =      0.1018
 largest  patch area in sq lambda     =      0.0079
 smallest patch area in sq lambda     =      0.0000
 ave    surface area in sq lambda     =      0.0044
 size range of the object in sq lambda =      7.4951

 #### MLFMA Info For Each Region ####
 Mat-Region =            1
 Array dimension parameters:
 maxrule=          14   maxgrid  =          64
 lmax   =           5   ncmax    =        1250
 lsmax  =          26   lsmin    =           7
 kpm    =        1356   kp0      =         102
 ntlm   =      212856   nsm      =      230886
 nkpm   =        2178   niplm    =      139392
 ngnearm=       14257   ngsndm   =       64634
 nearm  =         333   mfinestm =         119
 ###############################

 CFIE Alpha:  0.50000000000000000     

 Fill MLFMA FI for Mat-Reg:           1
 Begin filltl.f
 fill translation matrix
 Level:            2
 fill shifting matrix
 Level:            3
 fill shifting matrix
 Level:            4
 fill shifting matrix
 Level:            5
 fill shifting matrix
 translator time(s):  0.126000002    
 fill interpolation matrix
 ThetaOrder            8
 PhiOrder            8
 lsl            7
 Filling TL                  Delta_CPU=          0.55 Memory(MB)=        653.71
 Filling sndgrp              Delta_CPU=          0.00 Memory(MB)=        653.71
 Filling VFS                 Delta_CPU=          3.15 Memory(MB)=        653.71

 Fill MLFMA NI for Mat-Reg:           1
 Begin fill sparser part of Nearfield
 Begin fill denser part of Nearfield
 End fill
 Filling Amn                 Delta_CPU=         91.29 Memory(MB)=        653.71


 Now testing preconditioner with
 ipretype =           10
 method = cfie_solve_nfrasspspre_pardiso

  
 NBP>>Begin fill sparser part of Nearfield

113.9438% NBP>>Begin fill denser part of Nearfield

200.1041%
 Begin MLFMA Box-Matrix Based Spar-RAS Prec Constructor
 --- Intel MKL PARDISO --- 
 Memory for iGroup: 1 0 MB
 Total Memory For SparRAS Pre: 0 MB
 --- PARDISO PRECONDITIONER INITIALIZED --- 
 Constructing preconditioner CPU time: 4 s
 
 1101240
 Memory for Iteration:: 16.8036 MB

 Iseg, Ninc_S : 1, 181, 0

 Iseg, Skeleton Angles: 1, 40
 Iseg, Skel-Pk Mem(MB): 1, 314.35

 Iseg, Irank, Idinc : 1, 1, 22
 Thata, Phi : 90.000000, 21.000000
 Maximun iteration: 300
 Number of recycle truncation: 30
 Final matrix dimension:  36708
 Residual error:0.001000
 0  6.134942e-01
 1  2.914170e-01
 2  1.659064e-01
 3  1.136568e-01
 4  8.011065e-02
 5  5.935669e-02
 6  4.539622e-02
 7  3.533345e-02
 8  2.785029e-02
 9  2.233390e-02
 10  1.732022e-02
 11  1.386691e-02
 12  1.090805e-02
 13  8.920409e-03
 14  7.299868e-03
 15  6.182135e-03
 16  5.181638e-03
 17  4.366318e-03
 18  3.695820e-03
 19  3.138462e-03
 20  2.737017e-03
 21  2.386387e-03
 22  2.147826e-03
 23  1.963465e-03
 24  1.832343e-03
 25  1.698840e-03
 26  1.570926e-03
 27  1.454039e-03
 28  1.341506e-03
 29  1.233331e-03
 30  1.118911e-03
 31  9.891063e-04
 Iteration CPU time: 8 s
 CFIE residual: 0.000989106

 Iseg, Irank, Idinc : 1, 2, 42
 Thata, Phi : 90.000000, 41.000000
 Maximun iteration: 300
 Number of recycle truncation: 30
 Final matrix dimension:  36708
 Residual error:0.001000
 0  6.264840e-01
 1  3.155447e-01
 2  2.001845e-01
 3  1.302464e-01
 4  8.931712e-02
 5  6.511189e-02
 6  4.811311e-02
 7  3.652941e-02
 8  2.798846e-02
 9  2.140222e-02
 10  1.645431e-02
 11  1.297340e-02
 12  1.056053e-02
 13  8.655351e-03
 14  7.169233e-03
 15  6.031116e-03
 16  5.219880e-03
 17  4.584036e-03
 18  4.157564e-03
 19  3.781219e-03
 20  3.469883e-03
 21  3.209322e-03
 22  2.972425e-03
 23  2.683988e-03
 24  2.445070e-03
 25  2.193580e-03
 26  1.930073e-03
 27  1.636509e-03
 28  1.384260e-03
 29  1.131964e-03
 30  9.174278e-04
 Iteration CPU time: 7 s
 CFIE residual: 0.000917428

 Iseg, Irank, Idinc : 1, 3, 63
 Thata, Phi : 90.000000, 62.000000
 Maximun iteration: 300
 Number of recycle truncation: 30
 Final matrix dimension:  36708
 Residual error:0.001000
 0  6.645430e-01
 1  3.561579e-01
 2  2.215521e-01
 3  1.424026e-01
 4  1.021267e-01
 5  7.769915e-02
 6  5.933991e-02
 7  4.581976e-02
 8  3.654132e-02
 9  2.926130e-02
 10  2.284913e-02
 11  1.840077e-02
 12  1.450777e-02
 13  1.188705e-02
 14  1.000812e-02
 15  8.588640e-03
 16  7.710605e-03
 17  7.070209e-03
 18  6.462101e-03
 19  5.912086e-03
 20  5.462756e-03
 21  4.995283e-03
 22  4.559242e-03
 23  4.166370e-03
 24  3.700516e-03
 25  3.177884e-03
 26  2.723355e-03
 27  2.235697e-03
 28  1.798467e-03
 29  1.439168e-03
 30  1.110063e-03
 31  8.597086e-04
 Iteration CPU time: 7 s
 CFIE residual: 0.000859709

 Iseg, Irank, Idinc : 1, 4, 109
 Thata, Phi : 90.000000, 108.000000
 Maximun iteration: 300
 Number of recycle truncation: 30
 Final matrix dimension:  36708
 Residual error:0.001000
 0  6.302793e-01
 1  3.563940e-01
 2  2.239063e-01
 3  1.540570e-01
 4  1.080302e-01
 5  8.125929e-02
 6  6.276796e-02
 7  4.815626e-02
 8  3.795477e-02
 9  3.088412e-02
 10  2.401011e-02
 11  1.887744e-02
 12  1.532394e-02
 13  1.268231e-02
 14  1.039794e-02
 15  8.570447e-03
 16  7.189643e-03
 17  6.148396e-03
 18  5.350470e-03
 19  4.686097e-03
 20  4.166534e-03
 21  3.745502e-03
 22  3.402246e-03
 23  3.104839e-03
 24  2.879083e-03
 25  2.637539e-03
 26  2.411557e-03
 27  2.167656e-03
 28  1.890503e-03
 29  1.610308e-03
 30  1.353769e-03
 31  1.090153e-03
 32  8.440681e-04
 Iteration CPU time: 7 s
 CFIE residual: 0.000844068

 Iseg, Irank, Idinc : 1, 5, 147
 Thata, Phi : 90.000000, 146.000000
 Maximun iteration: 300
 Number of recycle truncation: 30
 Final matrix dimension:  36708
 Residual error:0.001000
 0  6.508238e-01
 1  3.448513e-01
 2  2.082840e-01
 3  1.438540e-01
 4  1.043184e-01
 5  7.989660e-02
 6  6.299157e-02
 7  4.957683e-02
 8  4.156874e-02
 9  3.484825e-02
 10  2.937355e-02
 11  2.478368e-02
 12  2.032906e-02
 13  1.616433e-02
 14  1.306459e-02
 15  1.055044e-02
 16  8.487022e-03
 17  7.080484e-03
 18  5.828734e-03
 19  4.812169e-03
 20  4.009352e-03
 21  3.363564e-03
 22  2.915643e-03
 23  2.577639e-03
 24  2.298617e-03
 25  2.115370e-03
 26  1.961403e-03
 27  1.815966e-03
 28  1.663536e-03
 29  1.512224e-03
 30  1.351169e-03
 31  1.157627e-03
 32  9.568897e-04
 Iteration CPU time: 8 s
 CFIE residual: 0.00095689

 Iseg, Irank, Idinc : 1, 6, 73
 Thata, Phi : 90.000000, 72.000000
 Maximun iteration: 300
 Number of recycle truncation: 30
 Final matrix dimension:  36708
 Residual error:0.001000
 0  6.448065e-01
 1  3.680567e-01
 2  2.386329e-01
 3  1.508844e-01
 4  1.061407e-01
 5  8.088791e-02
 6  6.319579e-02
 7  4.965582e-02
 8  3.999146e-02
 9  3.317315e-02
 10  2.592010e-02
 11  2.055394e-02
 12  1.660572e-02
 13  1.405304e-02
 14  1.203971e-02
 15  1.046255e-02
 16  9.228387e-03
 17  8.353698e-03
 18  7.602399e-03
 19  6.936958e-03
 20  6.384222e-03
 21  5.874484e-03
 22  5.398463e-03
 23  4.950902e-03
 24  4.456494e-03
 25  3.965885e-03
 26  3.429095e-03
 27  2.898149e-03
 28  2.414615e-03
 29  1.972791e-03
 30  1.571847e-03
 31  1.243227e-03
 32  9.640049e-04
 Iteration CPU time: 7 s
 CFIE residual: 0.000964005

 Iseg, Irank, Idinc : 1, 7, 84
 Thata, Phi : 90.000000, 83.000000
 Maximun iteration: 300
 Number of recycle truncation: 30
 Final matrix dimension:  36708
 Residual error:0.001000
 0  6.199958e-01
 1  3.533410e-01
 2  2.290043e-01
 3  1.547866e-01
 4  1.112797e-01
 5  8.652167e-02
 6  6.651379e-02
 7  5.296236e-02
 8  4.218267e-02
 9  3.466618e-02
 10  2.723334e-02
 11  2.090079e-02
 12  1.652081e-02
 13  1.361945e-02
 14  1.147234e-02
 15  9.902979e-03
 16  8.688988e-03
 17  7.693658e-03
 18  6.946405e-03
 19  6.348874e-03
 20  5.881453e-03
 21  5.463860e-03
 22  5.049447e-03
 23  4.634045e-03
 24  4.158581e-03
 25  3.705707e-03
 26  3.273790e-03
 27  2.840895e-03
 28  2.410708e-03
 29  1.970161e-03
 30  1.603719e-03
 31  1.311192e-03
 32  1.043356e-03
 33  8.219385e-04
 Iteration CPU time: 8 s
 CFIE residual: 0.000821938

 Iseg, Irank, Idinc : 1, 8, 159
 Thata, Phi : 90.000000, 158.000000
 Maximun iteration: 300
 Number of recycle truncation: 30
 Final matrix dimension:  36708
 Residual error:0.001000
 0  6.097680e-01
 1  3.131369e-01
 2  1.911049e-01
 3  1.308398e-01
 4  9.986651e-02
 5  7.963051e-02
 6  6.415001e-02
 7  5.142641e-02
 8  4.404799e-02
 9  3.793798e-02
 10  3.172471e-02
 11  2.627374e-02
 12  2.143540e-02
 13  1.756958e-02
 14  1.419943e-02
 15  1.158147e-02
 16  9.381510e-03
 17  7.730551e-03
 18  6.221626e-03
 19  5.174179e-03
 20  4.203782e-03
 21  3.516723e-03
 22  3.012270e-03
 23  2.633112e-03
 24  2.320758e-03
 25  2.033963e-03
 26  1.845044e-03
 27  1.692427e-03
 28  1.569937e-03
 29  1.458252e-03
 30  1.356469e-03
 31  1.250857e-03
 32  1.115989e-03
 33  9.744352e-04
 Iteration CPU time: 8 s
 CFIE residual: 0.000974435

 Iseg, Irank, Idinc : 1, 9, 121
 Thata, Phi : 90.000000, 120.000000
 Maximun iteration: 300
 Number of recycle truncation: 30
 Final matrix dimension:  36708
 Residual error:0.001000
 0  6.515685e-01
 1  3.448950e-01
 2  2.244318e-01
 3  1.561701e-01
 4  1.106438e-01
 5  8.304648e-02
 6  6.392893e-02
 7  5.001453e-02
 8  3.870912e-02
 9  3.011477e-02
 10  2.362560e-02
 11  1.873220e-02
 12  1.528342e-02
 13  1.251581e-02
 14  1.020520e-02
 15  8.715797e-03
 16  7.351052e-03
 17  6.348253e-03
 18  5.563185e-03
 19  4.883010e-03
 20  4.336117e-03
 21  3.922519e-03
 22  3.549578e-03
 23  3.234074e-03
 24  2.960734e-03
 25  2.737240e-03
 26  2.503766e-03
 27  2.299821e-03
 28  2.099049e-03
 29  1.855811e-03
 30  1.607994e-03
 31  1.352569e-03
 32  1.089081e-03
 33  8.359069e-04
 Iteration CPU time: 7 s
 CFIE residual: 0.000835907

 Iseg, Irank, Idinc : 1, 10, 132
 Thata, Phi : 90.000000, 131.000000
 Maximun iteration: 300
 Number of recycle truncation: 30
 Final matrix dimension:  36708
 Residual error:0.001000
 0  6.857591e-01
 1  3.593482e-01
 2  2.300730e-01
 3  1.560887e-01
 4  1.114182e-01
 5  8.548417e-02
 6  6.514676e-02
 7  5.039929e-02
 8  4.026857e-02
 9  3.163740e-02
 10  2.528236e-02
 11  2.020063e-02
 12  1.606317e-02
 13  1.310657e-02
 14  1.079556e-02
 15  8.849362e-03
 16  7.323711e-03
 17  6.108599e-03
 18  5.169791e-03
 19  4.542429e-03
 20  4.060364e-03
 21  3.673026e-03
 22  3.376878e-03
 23  3.078337e-03
 24  2.855703e-03
 25  2.645750e-03
 26  2.421626e-03
 27  2.228482e-03
 28  2.027635e-03
 29  1.834604e-03
 30  1.603545e-03
 31  1.375085e-03
 32  1.136447e-03
 33  9.258667e-04
 Iteration CPU time: 8 s
 CFIE residual: 0.000925867

 Iseg, Irank, Idinc : 1, 11, 52
 Thata, Phi : 90.000000, 51.000000
 Maximun iteration: 300
 Number of recycle truncation: 30
 Final matrix dimension:  36708
 Residual error:0.001000
 0  6.455636e-01
 1  3.356615e-01
 2  2.074995e-01
 3  1.352051e-01
 4  9.665026e-02
 5  7.173809e-02
 6  5.467502e-02
 7  4.253701e-02
 8  3.268519e-02
 9  2.475927e-02
 10  1.970953e-02
 11  1.541118e-02
 12  1.243301e-02
 13  1.028620e-02
 14  8.679934e-03
 15  7.459752e-03
 16  6.617878e-03
 17  5.919416e-03
 18  5.371885e-03
 19  4.942619e-03
 20  4.472006e-03
 21  4.064727e-03
 22  3.764981e-03
 23  3.429790e-03
 24  3.020832e-03
 25  2.607864e-03
 26  2.246992e-03
 27  1.842463e-03
 28  1.543241e-03
 29  1.225620e-03
 30  9.534471e-04
 Iteration CPU time: 7 s
 CFIE residual: 0.000953447

 Iseg, Irank, Idinc : 1, 12, 32
 Thata, Phi : 90.000000, 31.000000
 Maximun iteration: 300
 Number of recycle truncation: 30
 Final matrix dimension:  36708
 Residual error:0.001000
 0  6.319069e-01
 1  3.059576e-01
 2  1.797927e-01
 3  1.138214e-01
 4  8.007574e-02
 5  5.912033e-02
 6  4.338060e-02
 7  3.270577e-02
 8  2.537914e-02
 9  2.031220e-02
 10  1.627354e-02
 11  1.298230e-02
 12  1.014492e-02
 13  8.529542e-03
 14  6.888802e-03
 15  5.829613e-03
 16  4.982521e-03
 17  4.280923e-03
 18  3.724195e-03
 19  3.254803e-03
 20  2.905534e-03
 21  2.618149e-03
 22  2.418012e-03
 23  2.262570e-03
 24  2.110902e-03
 25  1.942297e-03
 26  1.779991e-03
 27  1.621904e-03
 28  1.453383e-03
 29  1.258652e-03
 30  1.072420e-03
 31  8.976558e-04
 Iteration CPU time: 7 s
 CFIE residual: 0.000897656

 Iseg, Irank, Idinc : 1, 13, 92
 Thata, Phi : 90.000000, 91.000000
 Maximun iteration: 300
 Number of recycle truncation: 30
 Final matrix dimension:  36708
 Residual error:0.001000
 0  6.171319e-01
 1  3.543446e-01
 2  2.261017e-01
 3  1.514406e-01
 4  1.082247e-01
 5  8.454365e-02
 6  6.600941e-02
 7  5.223528e-02
 8  4.199072e-02
 9  3.417964e-02
 10  2.710968e-02
 11  2.154405e-02
 12  1.734399e-02
 13  1.417371e-02
 14  1.193984e-02
 15  1.011210e-02
 16  8.582956e-03
 17  7.501520e-03
 18  6.714347e-03
 19  6.088044e-03
 20  5.596874e-03
 21  5.171673e-03
 22  4.765897e-03
 23  4.406081e-03
 24  4.000469e-03
 25  3.616672e-03
 26  3.254161e-03
 27  2.899701e-03
 28  2.436336e-03
 29  1.963841e-03
 30  1.549709e-03
 31  1.232871e-03
 32  9.739102e-04
 Iteration CPU time: 8 s
 CFIE residual: 0.00097391

 Iseg, Irank, Idinc : 1, 14, 11
 Thata, Phi : 90.000000, 10.000000
 Maximun iteration: 300
 Number of recycle truncation: 30
 Final matrix dimension:  36708
 Residual error:0.001000
 0  5.426193e-01
 1  2.760512e-01
 2  1.728933e-01
 3  1.229400e-01
 4  8.810428e-02
 5  6.645995e-02
 6  5.118776e-02
 7  3.951300e-02
 8  3.064405e-02
 9  2.435853e-02
 10  1.905818e-02
 11  1.479158e-02
 12  1.149587e-02
 13  9.268970e-03
 14  7.552096e-03
 15  6.196005e-03
 16  5.164476e-03
 17  4.320238e-03
 18  3.698790e-03
 19  3.191148e-03
 20  2.765297e-03
 21  2.415110e-03
 22  2.122912e-03
 23  1.875908e-03
 24  1.727066e-03
 25  1.596679e-03
 26  1.487720e-03
 27  1.378825e-03
 28  1.296031e-03
 29  1.203524e-03
 30  1.110702e-03
 31  1.002230e-03
 32  8.987072e-04
 Iteration CPU time: 7 s
 CFIE residual: 0.000898707

 Iseg, Irank, Idinc : 1, 15, 178
 Thata, Phi : 90.000000, 177.000000
 Maximun iteration: 300
 Number of recycle truncation: 30
 Final matrix dimension:  36708
 Residual error:0.001000
 0  5.606321e-01
 1  2.991404e-01
 2  1.908870e-01
 3  1.347366e-01
 4  1.057599e-01
 5  8.132903e-02
 6  6.612914e-02
 7  5.487735e-02
 8  4.494114e-02
 9  3.511972e-02
 10  2.773214e-02
 11  2.225365e-02
 12  1.779854e-02
 13  1.397027e-02
 14  1.124746e-02
 15  8.871981e-03
 16  7.034414e-03
 17  5.796006e-03
 18  4.704068e-03
 19  3.867690e-03
 20  3.093297e-03
 21  2.551687e-03
 22  2.186618e-03
 23  1.900210e-03
 24  1.637019e-03
 25  1.419411e-03
 26  1.248794e-03
 27  1.106278e-03
 28  1.010332e-03
 29  9.322182e-04
 Iteration CPU time: 7 s
 CFIE residual: 0.000932218

 Iseg, Irank, Idinc : 1, 16, 101
 Thata, Phi : 90.000000, 100.000000
 Maximun iteration: 300
 Number of recycle truncation: 30
 Final matrix dimension:  36708
 Residual error:0.001000
 0  6.152594e-01
 1  3.518059e-01
 2  2.213766e-01
 3  1.491127e-01
 4  1.048923e-01
 5  7.876027e-02
 6  6.072804e-02
 7  4.764446e-02
 8  3.747397e-02
 9  3.020111e-02
 10  2.452552e-02
 11  1.992402e-02
 12  1.587598e-02
 13  1.300588e-02
 14  1.093573e-02
 15  9.071616e-03
 16  7.644694e-03
 17  6.625524e-03
 18  5.843749e-03
 19  5.256560e-03
 20  4.790511e-03
 21  4.376738e-03
 22  3.965356e-03
 23  3.672096e-03
 24  3.381373e-03
 25  3.082743e-03
 26  2.819164e-03
 27  2.561644e-03
 28  2.244579e-03
 29  1.913072e-03
 30  1.594820e-03
 31  1.280215e-03
 32  9.898543e-04
 Iteration CPU time: 8 s
 CFIE residual: 0.000989854

 Iseg, Irank, Idinc : 1, 17, 1
 Thata, Phi : 90.000000, 0.000000
 Maximun iteration: 300
 Number of recycle truncation: 30
 Final matrix dimension:  36708
 Residual error:0.001000
 0  5.082747e-01
 1  2.680522e-01
 2  1.736766e-01
 3  1.207677e-01
 4  8.572759e-02
 5  6.438377e-02
 6  4.974789e-02
 7  3.805457e-02
 8  2.901931e-02
 9  2.274625e-02
 10  1.730625e-02
 11  1.354115e-02
 12  1.121083e-02
 13  8.744132e-03
 14  7.098579e-03
 15  5.619292e-03
 16  4.581210e-03
 17  3.784218e-03
 18  3.241929e-03
 19  2.795869e-03
 20  2.429041e-03
 21  2.149091e-03
 22  1.900036e-03
 23  1.663701e-03
 24  1.491023e-03
 25  1.364691e-03
 26  1.271131e-03
 27  1.191621e-03
 28  1.106393e-03
 29  1.017922e-03
 30  9.019384e-04
 Iteration CPU time: 7 s
 CFIE residual: 0.000901938

 Iseg, Irank, Idinc : 1, 18, 168
 Thata, Phi : 90.000000, 167.000000
 Maximun iteration: 300
 Number of recycle truncation: 30
 Final matrix dimension:  36708
 Residual error:0.001000
 0  5.770623e-01
 1  3.009447e-01
 2  1.888151e-01
 3  1.339837e-01
 4  1.049561e-01
 5  8.290124e-02
 6  6.828279e-02
 7  5.557185e-02
 8  4.637686e-02
 9  3.846896e-02
 10  3.257931e-02
 11  2.701586e-02
 12  2.236553e-02
 13  1.793612e-02
 14  1.469121e-02
 15  1.207158e-02
 16  9.823270e-03
 17  8.036883e-03
 18  6.369521e-03
 19  5.161694e-03
 20  4.226350e-03
 21  3.442560e-03
 22  2.926910e-03
 23  2.480607e-03
 24  2.114738e-03
 25  1.796155e-03
 26  1.547672e-03
 27  1.385008e-03
 28  1.270104e-03
 29  1.179840e-03
 30  1.106035e-03
 31  1.032850e-03
 32  9.446105e-04
 Iteration CPU time: 7 s
 CFIE residual: 0.000944611

 Iseg, Irank, Idinc : 1, 19, 140
 Thata, Phi : 90.000000, 139.000000
 Maximun iteration: 300
 Number of recycle truncation: 30
 Final matrix dimension:  36708
 Residual error:0.001000
 0  6.899440e-01
 1  3.545077e-01
 2  2.166598e-01
 3  1.496074e-01
 4  1.091059e-01
 5  8.273184e-02
 6  6.301616e-02
 7  4.986667e-02
 8  4.117238e-02
 9  3.354747e-02
 10  2.747517e-02
 11  2.287892e-02
 12  1.851703e-02
 13  1.506127e-02
 14  1.184113e-02
 15  9.702394e-03
 16  7.837002e-03
 17  6.539338e-03
 18  5.418641e-03
 19  4.533665e-03
 20  3.919265e-03
 21  3.458826e-03
 22  3.118988e-03
 23  2.817019e-03
 24  2.592855e-03
 25  2.427677e-03
 26  2.259160e-03
 27  2.094993e-03
 28  1.913050e-03
 29  1.737934e-03
 30  1.553207e-03
 31  1.331838e-03
 32  1.129769e-03
 33  9.451892e-04
 Iteration CPU time: 8 s
 CFIE residual: 0.000945189

 Iseg, Irank, Idinc : 1, 20, 115
 Thata, Phi : 90.000000, 114.000000
 Maximun iteration: 300
 Number of recycle truncation: 30
 Final matrix dimension:  36708
 Residual error:0.001000
 0  6.455290e-01
 1  3.506816e-01
 2  2.213176e-01
 3  1.545368e-01
 4  1.095686e-01
 5  8.145484e-02
 6  6.194092e-02
 7  4.798041e-02
 8  3.810377e-02
 9  3.006914e-02
 10  2.325865e-02
 11  1.820148e-02
 12  1.507688e-02
 13  1.254817e-02
 14  1.026686e-02
 15  8.466755e-03
 16  7.183499e-03
 17  6.169977e-03
 18  5.334343e-03
 19  4.657943e-03
 20  4.196865e-03
 21  3.758050e-03
 22  3.425886e-03
 23  3.116203e-03
 24  2.888201e-03
 25  2.654717e-03
 26  2.439956e-03
 27  2.205068e-03
 28  1.983314e-03
 29  1.731636e-03
 30  1.470565e-03
 31  1.175676e-03
 32  9.175924e-04
 Iteration CPU time: 8 s
 CFIE residual: 0.000917592

 Iseg, Irank, Idinc : 1, 21, 78
 Thata, Phi : 90.000000, 77.000000
 Maximun iteration: 300
 Number of recycle truncation: 30
 Final matrix dimension:  36708
 Residual error:0.001000
 0  6.302718e-01
 1  3.620002e-01
 2  2.357249e-01
 3  1.498391e-01
 4  1.055756e-01
 5  8.076010e-02
 6  6.240800e-02
 7  5.058739e-02
 8  3.956090e-02
 9  3.159583e-02
 10  2.539556e-02
 11  2.025243e-02
 12  1.634911e-02
 13  1.373116e-02
 14  1.183228e-02
 15  1.031380e-02
 16  9.087029e-03
 17  8.075114e-03
 18  7.277767e-03
 19  6.673148e-03
 20  6.098088e-03
 21  5.657513e-03
 22  5.208593e-03
 23  4.819011e-03
 24  4.348005e-03
 25  3.907744e-03
 26  3.428181e-03
 27  2.947299e-03
 28  2.492141e-03
 29  2.071906e-03
 30  1.685134e-03
 31  1.343160e-03
 32  1.045011e-03
 33  7.853323e-04
 Iteration CPU time: 7 s
 CFIE residual: 0.000785332

 Iseg, Irank, Idinc : 1, 22, 6
 Thata, Phi : 90.000000, 5.000000
 Maximun iteration: 300
 Number of recycle truncation: 30
 Final matrix dimension:  36708
 Residual error:0.001000
 0  5.181836e-01
 1  2.705335e-01
 2  1.733793e-01
 3  1.217906e-01
 4  8.737480e-02
 5  6.607549e-02
 6  5.050723e-02
 7  3.814282e-02
 8  2.901636e-02
 9  2.332684e-02
 10  1.846919e-02
 11  1.454256e-02
 12  1.138909e-02
 13  9.155659e-03
 14  7.629096e-03
 15  6.147740e-03
 16  5.077083e-03
 17  4.235726e-03
 18  3.592990e-03
 19  3.106429e-03
 20  2.722711e-03
 21  2.381084e-03
 22  2.090567e-03
 23  1.829215e-03
 24  1.653649e-03
 25  1.512888e-03
 26  1.402686e-03
 27  1.307526e-03
 28  1.223251e-03
 29  1.128855e-03
 30  1.029425e-03
 31  9.259024e-04
 Iteration CPU time: 8 s
 CFIE residual: 0.000925902

 Iseg, Irank, Idinc : 1, 23, 181
 Thata, Phi : 90.000000, 180.000000
 Maximun iteration: 300
 Number of recycle truncation: 30
 Final matrix dimension:  36708
 Residual error:0.001000
 0  5.595196e-01
 1  2.991193e-01
 2  1.908550e-01
 3  1.345463e-01
 4  1.054505e-01
 5  8.069446e-02
 6  6.554599e-02
 7  5.440361e-02
 8  4.437309e-02
 9  3.439061e-02
 10  2.694853e-02
 11  2.137293e-02
 12  1.631756e-02
 13  1.276277e-02
 14  1.000144e-02
 15  7.805581e-03
 16  5.971715e-03
 17  4.812809e-03
 18  3.906546e-03
 19  3.078658e-03
 20  2.554413e-03
 21  2.185191e-03
 22  1.871966e-03
 23  1.610134e-03
 24  1.397433e-03
 25  1.246446e-03
 26  1.127879e-03
 27  1.019134e-03
 28  9.411456e-04
 Iteration CPU time: 6 s
 CFIE residual: 0.000941146

 Iseg, Irank, Idinc : 1, 24, 154
 Thata, Phi : 90.000000, 153.000000
 Maximun iteration: 300
 Number of recycle truncation: 30
 Final matrix dimension:  36708
 Residual error:0.001000
 0  6.280485e-01
 1  3.263547e-01
 2  1.990459e-01
 3  1.352273e-01
 4  1.011312e-01
 5  7.926134e-02
 6  6.320852e-02
 7  5.025808e-02
 8  4.271000e-02
 9  3.607130e-02
 10  3.060681e-02
 11  2.549860e-02
 12  2.042854e-02
 13  1.670639e-02
 14  1.350496e-02
 15  1.095732e-02
 16  8.803430e-03
 17  7.261190e-03
 18  5.858042e-03
 19  4.874648e-03
 20  4.055008e-03
 21  3.383295e-03
 22  2.952489e-03
 23  2.593626e-03
 24  2.305232e-03
 25  2.067643e-03
 26  1.902942e-03
 27  1.743196e-03
 28  1.601335e-03
 29  1.484102e-03
 30  1.351658e-03
 31  1.212068e-03
 32  1.040015e-03
 33  8.864647e-04
 Iteration CPU time: 8 s
 CFIE residual: 0.000886465

 Iseg, Irank, Idinc : 1, 25, 17
 Thata, Phi : 90.000000, 16.000000
 Maximun iteration: 300
 Number of recycle truncation: 30
 Final matrix dimension:  36708
 Residual error:0.001000
 0  5.813364e-01
 1  2.840486e-01
 2  1.698547e-01
 3  1.191668e-01
 4  8.448980e-02
 5  6.350744e-02
 6  4.942144e-02
 7  3.841969e-02
 8  3.002378e-02
 9  2.362081e-02
 10  1.843460e-02
 11  1.476360e-02
 12  1.141567e-02
 13  9.150060e-03
 14  7.413532e-03
 15  6.307406e-03
 16  5.258616e-03
 17  4.422658e-03
 18  3.741398e-03
 19  3.179045e-03
 20  2.765292e-03
 21  2.386659e-03
 22  2.122515e-03
 23  1.900805e-03
 24  1.761695e-03
 25  1.637871e-03
 26  1.523992e-03
 27  1.411761e-03
 28  1.321268e-03
 29  1.227486e-03
 30  1.121801e-03
 31  1.011816e-03
 32  8.938061e-04
 Iteration CPU time: 7 s
 CFIE residual: 0.000893806

 Iseg, Irank, Idinc : 1, 26, 57
 Thata, Phi : 90.000000, 56.000000
 Maximun iteration: 300
 Number of recycle truncation: 30
 Final matrix dimension:  36708
 Residual error:0.001000
 0  6.591009e-01
 1  3.430882e-01
 2  2.127128e-01
 3  1.351309e-01
 4  9.644756e-02
 5  7.042453e-02
 6  5.442063e-02
 7  4.313688e-02
 8  3.452842e-02
 9  2.646639e-02
 10  2.006565e-02
 11  1.598913e-02
 12  1.309724e-02
 13  1.074494e-02
 14  9.004045e-03
 15  7.683201e-03
 16  6.901021e-03
 17  6.219606e-03
 18  5.630640e-03
 19  5.162928e-03
 20  4.752258e-03
 21  4.348403e-03
 22  3.930583e-03
 23  3.571672e-03
 24  3.155116e-03
 25  2.747354e-03
 26  2.332166e-03
 27  1.942937e-03
 28  1.579822e-03
 29  1.255069e-03
 30  9.846776e-04
 Iteration CPU time: 7 s
 CFIE residual: 0.000984678

 Iseg, Irank, Idinc : 1, 27, 173
 Thata, Phi : 90.000000, 172.000000
 Maximun iteration: 300
 Number of recycle truncation: 30
 Final matrix dimension:  36708
 Residual error:0.001000
 0  5.665146e-01
 1  2.993641e-01
 2  1.906093e-01
 3  1.352128e-01
 4  1.064657e-01
 5  8.296621e-02
 6  6.794129e-02
 7  5.594776e-02
 8  4.637730e-02
 9  3.743636e-02
 10  3.067682e-02
 11  2.529081e-02
 12  2.093911e-02
 13  1.679987e-02
 14  1.378517e-02
 15  1.120448e-02
 16  9.259348e-03
 17  7.512691e-03
 18  5.917112e-03
 19  4.833136e-03
 20  3.896891e-03
 21  3.156805e-03
 22  2.686716e-03
 23  2.300353e-03
 24  1.953727e-03
 25  1.667396e-03
 26  1.434860e-03
 27  1.266300e-03
 28  1.151435e-03
 29  1.064188e-03
 30  1.000340e-03
 31  9.303143e-04
 Iteration CPU time: 8 s
 CFIE residual: 0.000930314

 Iseg, Irank, Idinc : 1, 28, 127
 Thata, Phi : 90.000000, 126.000000
 Maximun iteration: 300
 Number of recycle truncation: 30
 Final matrix dimension:  36708
 Residual error:0.001000
 0  6.623900e-01
 1  3.491759e-01
 2  2.291160e-01
 3  1.574618e-01
 4  1.124704e-01
 5  8.586874e-02
 6  6.542485e-02
 7  5.086934e-02
 8  3.976982e-02
 9  3.104652e-02
 10  2.470154e-02
 11  1.961019e-02
 12  1.544984e-02
 13  1.263928e-02
 14  1.045610e-02
 15  8.855933e-03
 16  7.445538e-03
 17  6.342857e-03
 18  5.432211e-03
 19  4.765693e-03
 20  4.297937e-03
 21  3.882753e-03
 22  3.549750e-03
 23  3.272620e-03
 24  3.000270e-03
 25  2.765028e-03
 26  2.551191e-03
 27  2.365193e-03
 28  2.166687e-03
 29  1.980775e-03
 30  1.754645e-03
 31  1.515491e-03
 32  1.270862e-03
 33  1.045584e-03
 34  8.570915e-04
 Iteration CPU time: 8 s
 CFIE residual: 0.000857092

 Iseg, Irank, Idinc : 1, 29, 37
 Thata, Phi : 90.000000, 36.000000
 Maximun iteration: 300
 Number of recycle truncation: 30
 Final matrix dimension:  36708
 Residual error:0.001000
 0  6.221967e-01
 1  3.124242e-01
 2  1.927588e-01
 3  1.225777e-01
 4  8.381174e-02
 5  6.159526e-02
 6  4.496108e-02
 7  3.387465e-02
 8  2.616280e-02
 9  2.034213e-02
 10  1.597252e-02
 11  1.278599e-02
 12  1.017626e-02
 13  8.426411e-03
 14  6.933732e-03
 15  5.841891e-03
 16  4.944823e-03
 17  4.305897e-03
 18  3.814157e-03
 19  3.395563e-03
 20  3.080352e-03
 21  2.829703e-03
 22  2.630592e-03
 23  2.420585e-03
 24  2.245714e-03
 25  2.059011e-03
 26  1.846753e-03
 27  1.628159e-03
 28  1.427742e-03
 29  1.205265e-03
 30  1.001799e-03
 31  8.260016e-04
 Iteration CPU time: 7 s
 CFIE residual: 0.000826002

 Iseg, Irank, Idinc : 1, 30, 96
 Thata, Phi : 90.000000, 95.000000
 Maximun iteration: 300
 Number of recycle truncation: 30
 Final matrix dimension:  36708
 Residual error:0.001000
 0  6.162770e-01
 1  3.528202e-01
 2  2.231620e-01
 3  1.484765e-01
 4  1.065715e-01
 5  8.175022e-02
 6  6.327925e-02
 7  5.054272e-02
 8  4.024362e-02
 9  3.240245e-02
 10  2.589653e-02
 11  2.067297e-02
 12  1.676017e-02
 13  1.387319e-02
 14  1.161192e-02
 15  9.664486e-03
 16  8.193564e-03
 17  7.149549e-03
 18  6.340486e-03
 19  5.726998e-03
 20  5.240485e-03
 21  4.799409e-03
 22  4.391892e-03
 23  4.089560e-03
 24  3.741276e-03
 25  3.414394e-03
 26  3.110395e-03
 27  2.785547e-03
 28  2.400400e-03
 29  1.969686e-03
 30  1.562212e-03
 31  1.246692e-03
 32  9.582367e-04
 Iteration CPU time: 7 s
 CFIE residual: 0.000958237

 Iseg, Irank, Idinc : 1, 31, 3
 Thata, Phi : 90.000000, 2.000000
 Maximun iteration: 300
 Number of recycle truncation: 30
 Final matrix dimension:  36708
 Residual error:0.001000
 0  5.099553e-01
 1  2.684834e-01
 2  1.736136e-01
 3  1.209358e-01
 4  8.604138e-02
 5  6.476461e-02
 6  4.990204e-02
 7  3.797401e-02
 8  2.890050e-02
 9  2.276303e-02
 10  1.757005e-02
 11  1.398003e-02
 12  1.130714e-02
 13  8.890809e-03
 14  7.312430e-03
 15  5.914155e-03
 16  4.910014e-03
 17  4.092078e-03
 18  3.458381e-03
 19  2.994241e-03
 20  2.628900e-03
 21  2.326115e-03
 22  2.039604e-03
 23  1.774895e-03
 24  1.592885e-03
 25  1.450624e-03
 26  1.333381e-03
 27  1.243792e-03
 28  1.158023e-03
 29  1.069966e-03
 30  9.664789e-04
 Iteration CPU time: 7 s
 CFIE residual: 0.000966479

 Iseg, Irank, Idinc : 1, 32, 164
 Thata, Phi : 90.000000, 163.000000
 Maximun iteration: 300
 Number of recycle truncation: 30
 Final matrix dimension:  36708
 Residual error:0.001000
 0  5.897973e-01
 1  3.045566e-01
 2  1.875949e-01
 3  1.316803e-01
 4  1.022335e-01
 5  8.177024e-02
 6  6.688888e-02
 7  5.400369e-02
 8  4.547970e-02
 9  3.868489e-02
 10  3.282262e-02
 11  2.720109e-02
 12  2.255958e-02
 13  1.822655e-02
 14  1.477814e-02
 15  1.213672e-02
 16  9.879794e-03
 17  8.155259e-03
 18  6.547755e-03
 19  5.289704e-03
 20  4.339115e-03
 21  3.549354e-03
 22  3.007794e-03
 23  2.545042e-03
 24  2.193085e-03
 25  1.878304e-03
 26  1.664904e-03
 27  1.508638e-03
 28  1.396992e-03
 29  1.305077e-03
 30  1.221023e-03
 31  1.141435e-03
 32  1.037498e-03
 33  9.222396e-04
 Iteration CPU time: 7 s
 CFIE residual: 0.00092224

 Iseg, Irank, Idinc : 1, 33, 68
 Thata, Phi : 90.000000, 67.000000
 Maximun iteration: 300
 Number of recycle truncation: 30
 Final matrix dimension:  36708
 Residual error:0.001000
 0  6.581565e-01
 1  3.656435e-01
 2  2.315117e-01
 3  1.497870e-01
 4  1.082481e-01
 5  8.192315e-02
 6  6.280222e-02
 7  4.930598e-02
 8  4.006362e-02
 9  3.273661e-02
 10  2.566708e-02
 11  2.021898e-02
 12  1.616444e-02
 13  1.348031e-02
 14  1.147498e-02
 15  9.977459e-03
 16  8.948408e-03
 17  8.097548e-03
 18  7.387804e-03
 19  6.725314e-03
 20  6.182116e-03
 21  5.656357e-03
 22  5.220633e-03
 23  4.800120e-03
 24  4.289152e-03
 25  3.754226e-03
 26  3.220035e-03
 27  2.697726e-03
 28  2.201692e-03
 29  1.774104e-03
 30  1.389543e-03
 31  1.087669e-03
 32  8.497807e-04
 Iteration CPU time: 8 s
 CFIE residual: 0.000849781

 Iseg, Irank, Idinc : 1, 34, 27
 Thata, Phi : 90.000000, 26.000000
 Maximun iteration: 300
 Number of recycle truncation: 30
 Final matrix dimension:  36708
 Residual error:0.001000
 0  6.332608e-01
 1  2.986381e-01
 2  1.682686e-01
 3  1.101883e-01
 4  7.753364e-02
 5  5.709393e-02
 6  4.258863e-02
 7  3.230937e-02
 8  2.525977e-02
 9  2.065792e-02
 10  1.658049e-02
 11  1.313620e-02
 12  1.041077e-02
 13  8.785684e-03
 14  7.214697e-03
 15  6.054814e-03
 16  5.209755e-03
 17  4.387094e-03
 18  3.755734e-03
 19  3.223977e-03
 20  2.823637e-03
 21  2.484878e-03
 22  2.260394e-03
 23  2.097757e-03
 24  1.963102e-03
 25  1.812307e-03
 26  1.675905e-03
 27  1.540846e-03
 28  1.400282e-03
 29  1.263878e-03
 30  1.108369e-03
 31  9.585175e-04
 Iteration CPU time: 7 s
 CFIE residual: 0.000958518

 Iseg, Irank, Idinc : 1, 35, 180
 Thata, Phi : 90.000000, 179.000000
 Maximun iteration: 300
 Number of recycle truncation: 30
 Final matrix dimension:  36708
 Residual error:0.001000
 0  5.596578e-01
 1  2.991236e-01
 2  1.908615e-01
 3  1.345725e-01
 4  1.054917e-01
 5  8.077740e-02
 6  6.562141e-02
 7  5.447287e-02
 8  4.445749e-02
 9  3.449093e-02
 10  2.705136e-02
 11  2.149711e-02
 12  1.659025e-02
 13  1.298515e-02
 14  1.026259e-02
 15  8.026773e-03
 16  6.196733e-03
 17  5.058542e-03
 18  4.152287e-03
 19  3.377454e-03
 20  2.710735e-03
 21  2.269563e-03
 22  1.959042e-03
 23  1.707919e-03
 24  1.487329e-03
 25  1.305798e-03
 26  1.166433e-03
 27  1.042664e-03
 28  9.603035e-04
 Iteration CPU time: 6 s
 CFIE residual: 0.000960304

 Iseg, Irank, Idinc : 1, 36, 136
 Thata, Phi : 90.000000, 135.000000
 Maximun iteration: 300
 Number of recycle truncation: 30
 Final matrix dimension:  36708
 Residual error:0.001000
 0  6.993859e-01
 1  3.588885e-01
 2  2.253495e-01
 3  1.539461e-01
 4  1.112128e-01
 5  8.423976e-02
 6  6.412081e-02
 7  5.019347e-02
 8  4.077625e-02
 9  3.212979e-02
 10  2.576182e-02
 11  2.130257e-02
 12  1.712024e-02
 13  1.372655e-02
 14  1.113120e-02
 15  9.044588e-03
 16  7.485323e-03
 17  6.259870e-03
 18  5.207322e-03
 19  4.515658e-03
 20  3.958879e-03
 21  3.545527e-03
 22  3.259291e-03
 23  2.954850e-03
 24  2.740408e-03
 25  2.555231e-03
 26  2.352036e-03
 27  2.160015e-03
 28  1.963715e-03
 29  1.775254e-03
 30  1.547618e-03
 31  1.306688e-03
 32  1.081616e-03
 33  8.858046e-04
 Iteration CPU time: 7 s
 CFIE residual: 0.000885805

 Iseg, Irank, Idinc : 1, 37, 47
 Thata, Phi : 90.000000, 46.000000
 Maximun iteration: 300
 Number of recycle truncation: 30
 Final matrix dimension:  36708
 Residual error:0.001000
 0  6.353285e-01
 1  3.239632e-01
 2  2.038329e-01
 3  1.339950e-01
 4  9.486181e-02
 5  7.055125e-02
 6  5.284678e-02
 7  4.066008e-02
 8  3.112567e-02
 9  2.407068e-02
 10  1.863339e-02
 11  1.443623e-02
 12  1.159129e-02
 13  9.493310e-03
 14  7.910944e-03
 15  6.689378e-03
 16  5.905409e-03
 17  5.259701e-03
 18  4.803717e-03
 19  4.456183e-03
 20  4.047979e-03
 21  3.678799e-03
 22  3.394429e-03
 23  3.078749e-03
 24  2.749523e-03
 25  2.424521e-03
 26  2.120717e-03
 27  1.770976e-03
 28  1.489644e-03
 29  1.215451e-03
 30  9.722658e-04
 Iteration CPU time: 7 s
 CFIE residual: 0.000972266

 Iseg, Irank, Idinc : 1, 38, 105
 Thata, Phi : 90.000000, 104.000000
 Maximun iteration: 300
 Number of recycle truncation: 30
 Final matrix dimension:  36708
 Residual error:0.001000
 0  6.195260e-01
 1  3.543703e-01
 2  2.230079e-01
 3  1.515686e-01
 4  1.057008e-01
 5  7.960233e-02
 6  6.203638e-02
 7  4.783439e-02
 8  3.759917e-02
 9  3.089472e-02
 10  2.468738e-02
 11  1.958760e-02
 12  1.572431e-02
 13  1.294963e-02
 14  1.067003e-02
 15  8.794103e-03
 16  7.378898e-03
 17  6.385881e-03
 18  5.558495e-03
 19  4.949613e-03
 20  4.446801e-03
 21  4.044102e-03
 22  3.661935e-03
 23  3.358587e-03
 24  3.103515e-03
 25  2.846268e-03
 26  2.601355e-03
 27  2.376324e-03
 28  2.079727e-03
 29  1.790293e-03
 30  1.487264e-03
 31  1.215900e-03
 32  9.641254e-04
 Iteration CPU time: 8 s
 CFIE residual: 0.000964125

 Iseg, Irank, Idinc : 1, 39, 8
 Thata, Phi : 90.000000, 7.000000
 Maximun iteration: 300
 Number of recycle truncation: 30
 Final matrix dimension:  36708
 Residual error:0.001000
 0  5.267025e-01
 1  2.725397e-01
 2  1.732343e-01
 3  1.225349e-01
 4  8.813548e-02
 5  6.662248e-02
 6  5.090617e-02
 7  3.873823e-02
 8  2.987518e-02
 9  2.399897e-02
 10  1.874391e-02
 11  1.469269e-02
 12  1.148045e-02
 13  9.302150e-03
 14  7.635985e-03
 15  6.132872e-03
 16  5.108391e-03
 17  4.272574e-03
 18  3.640230e-03
 19  3.142123e-03
 20  2.752304e-03
 21  2.401337e-03
 22  2.108273e-03
 23  1.853977e-03
 24  1.689719e-03
 25  1.552133e-03
 26  1.445204e-03
 27  1.343768e-03
 28  1.260933e-03
 29  1.165813e-03
 30  1.068744e-03
 31  9.660673e-04
 Iteration CPU time: 7 s
 CFIE residual: 0.000966067

 Iseg, Irank, Idinc : 1, 40, 175
 Thata, Phi : 90.000000, 174.000000
 Maximun iteration: 300
 Number of recycle truncation: 30
 Final matrix dimension:  36708
 Residual error:0.001000
 0  5.636324e-01
 1  2.992133e-01
 2  1.908455e-01
 3  1.351069e-01
 4  1.063203e-01
 5  8.245571e-02
 6  6.727188e-02
 7  5.560973e-02
 8  4.588398e-02
 9  3.651718e-02
 10  2.939742e-02
 11  2.398163e-02
 12  1.971338e-02
 13  1.563024e-02
 14  1.282063e-02
 15  1.037034e-02
 16  8.528219e-03
 17  6.928945e-03
 18  5.496136e-03
 19  4.510303e-03
 20  3.631263e-03
 21  2.949424e-03
 22  2.515605e-03
 23  2.168289e-03
 24  1.846829e-03
 25  1.583749e-03
 26  1.371670e-03
 27  1.208419e-03
 28  1.098066e-03
 29  1.013819e-03
 30  9.513016e-04
 Iteration CPU time: 7 s
 CFIE residual: 0.000951302
 Last Built End in Sep 21 2025 00:06:12
 Total CPU time: 311 s
 Finished.
