 Last Built Begin in Sep 21 2025 00:06:12
 Pre-Type( Input ):           10
 Skl-Tol ( Input ):    1.0000000000000001E-005
 Wavelength in freespace: 0.0292113

 ################################################
 ##         Generating Required Mesh          ##
 ##         Waiting.....                      ##
 ################################################
 Subd No.      Subd Name
    1    Open-Duct_PRIME_model_meshAA1                                     
 isub,  nnode, npatch,  nedge:
    1      6118     12236     18354
 Scale Factor         >>   1.54999997E-02
 ################################################

 START TIME: 20250922   072553.237


 Informaton for IE geometry:
 number of subdomains     : 1
 maxnode,maxpatch,maxedge : 6118  12236  18354
 
 Index of Mat-Reg: 1
 Mat-Reg Number via MatFlg: 1
 Edge Number of Mat-Reg: 1, 18354

 Number of Edge on PEC: 18354
 Mat-Reg: No Dim(m) Lmax:
    1 0.245    5
 Totlmax, add1, add2:           5           6           7
 rlengmax of Global MLFMA >>   0.24545563417583541     
 Lmax of Global MLFMA >>            5
 Wavenum of Mat-Reg:
    1 1.000

 total area in sq m           =      0.0510
 total area in sq lambda      =     59.7328
 maxnode, maxpatch, maxedge           =     6118    12236    18354
 longest  edge in lambda              =      0.1598
 shortest edge in lambda              =      0.0076
 average  edge in lambda              =      0.1067
 largest  patch area in sq lambda     =      0.0086
 smallest patch area in sq lambda     =      0.0000
 ave    surface area in sq lambda     =      0.0049
 size range of the object in sq lambda =      7.8546

 #### MLFMA Info For Each Region ####
 Mat-Region =            1
 Array dimension parameters:
 maxrule=          14   maxgrid  =          64
 lmax   =           5   ncmax    =        1250
 lsmax  =          27   lsmin    =           7
 kpm    =        1462   kp0      =         102
 ntlm   =      217096   nsm      =      232158
 nkpm   =        2284   niplm    =      146176
 ngnearm=       14257   ngsndm   =       64634
 nearm  =         333   mfinestm =         119
 ###############################

 CFIE Alpha:  0.50000000000000000     

 Fill MLFMA FI for Mat-Reg:           1
 Begin filltl.f
 fill translation matrix
 Level:            2
 fill shifting matrix
 Level:            3
 fill shifting matrix
 Level:            4
 fill shifting matrix
 Level:            5
 fill shifting matrix
 translator time(s):  0.130000010    
 fill interpolation matrix
 ThetaOrder            8
 PhiOrder            8
 lsl            7
 Filling TL                  Delta_CPU=          0.54 Memory(MB)=        653.98
 Filling sndgrp              Delta_CPU=          0.00 Memory(MB)=        653.98
 Filling VFS                 Delta_CPU=          2.96 Memory(MB)=        653.98

 Fill MLFMA NI for Mat-Reg:           1
 Begin fill sparser part of Nearfield
 Begin fill denser part of Nearfield
 End fill
 Filling Amn                 Delta_CPU=         89.53 Memory(MB)=        653.98


 Now testing preconditioner with
 ipretype =           10
 method = cfie_solve_nfrasspspre_pardiso

  
 NBP>>Begin fill sparser part of Nearfield

118.9386% NBP>>Begin fill denser part of Nearfield

200.1041%
 Begin MLFMA Box-Matrix Based Spar-RAS Prec Constructor
 --- Intel MKL PARDISO --- 
 Memory for iGroup: 1 0 MB
 Total Memory For SparRAS Pre: 0 MB
 --- PARDISO PRECONDITIONER INITIALIZED --- 
 Constructing preconditioner CPU time: 4 s
 
 1101240
 Memory for Iteration:: 16.8036 MB

 Iseg, Ninc_S : 1, 181, 0

 Iseg, Skeleton Angles: 1, 40
 Iseg, Skel-Pk Mem(MB): 1, 314.35

 Iseg, Irank, Idinc : 1, 1, 42
 Thata, Phi : 90.000000, 41.000000
 Maximun iteration: 300
 Number of recycle truncation: 30
 Final matrix dimension:  36708
 Residual error:0.001000
 0  6.313230e-01
 1  3.150679e-01
 2  1.991986e-01
 3  1.275349e-01
 4  8.831785e-02
 5  6.497749e-02
 6  4.902717e-02
 7  3.742147e-02
 8  2.840430e-02
 9  2.192388e-02
 10  1.633006e-02
 11  1.321384e-02
 12  1.066827e-02
 13  8.742725e-03
 14  7.363156e-03
 15  6.243858e-03
 16  5.403453e-03
 17  4.561031e-03
 18  3.991255e-03
 19  3.576109e-03
 20  3.323262e-03
 21  3.107226e-03
 22  2.983149e-03
 23  2.876115e-03
 24  2.783971e-03
 25  2.684393e-03
 26  2.588519e-03
 27  2.467080e-03
 28  2.320214e-03
 29  2.156052e-03
 30  1.975927e-03
 31  1.769742e-03
 32  1.552307e-03
 33  1.294909e-03
 34  1.080452e-03
 35  8.904575e-04
 Iteration CPU time: 8 s
 CFIE residual: 0.000890457

 Iseg, Irank, Idinc : 1, 2, 63
 Thata, Phi : 90.000000, 62.000000
 Maximun iteration: 300
 Number of recycle truncation: 30
 Final matrix dimension:  36708
 Residual error:0.001000
 0  6.565893e-01
 1  3.580210e-01
 2  2.230628e-01
 3  1.426713e-01
 4  1.012323e-01
 5  7.794728e-02
 6  5.860257e-02
 7  4.688792e-02
 8  3.702584e-02
 9  2.958419e-02
 10  2.286156e-02
 11  1.797677e-02
 12  1.455175e-02
 13  1.187471e-02
 14  1.007961e-02
 15  8.856912e-03
 16  7.713142e-03
 17  6.974388e-03
 18  6.452788e-03
 19  6.089715e-03
 20  5.855412e-03
 21  5.674089e-03
 22  5.481719e-03
 23  5.246600e-03
 24  4.988089e-03
 25  4.703641e-03
 26  4.449875e-03
 27  4.113704e-03
 28  3.691514e-03
 29  3.215685e-03
 30  2.677908e-03
 31  2.239132e-03
 32  1.834636e-03
 33  1.487690e-03
 34  1.223629e-03
 35  9.882997e-04
 Iteration CPU time: 8 s
 CFIE residual: 0.0009883

 Iseg, Irank, Idinc : 1, 3, 109
 Thata, Phi : 90.000000, 108.000000
 Maximun iteration: 300
 Number of recycle truncation: 30
 Final matrix dimension:  36708
 Residual error:0.001000
 0  6.208480e-01
 1  3.505099e-01
 2  2.179363e-01
 3  1.487001e-01
 4  1.050479e-01
 5  7.905896e-02
 6  6.096201e-02
 7  4.752730e-02
 8  3.792398e-02
 9  3.040156e-02
 10  2.457364e-02
 11  2.024040e-02
 12  1.641615e-02
 13  1.371047e-02
 14  1.148194e-02
 15  9.528567e-03
 16  8.307803e-03
 17  7.218254e-03
 18  6.286795e-03
 19  5.532673e-03
 20  4.947038e-03
 21  4.452359e-03
 22  4.159414e-03
 23  3.951859e-03
 24  3.796528e-03
 25  3.676935e-03
 26  3.558521e-03
 27  3.426986e-03
 28  3.268318e-03
 29  3.073653e-03
 30  2.783816e-03
 31  2.411631e-03
 32  2.069956e-03
 33  1.726229e-03
 34  1.444555e-03
 35  1.205592e-03
 36  9.685823e-04
 Iteration CPU time: 8 s
 CFIE residual: 0.000968582

 Iseg, Irank, Idinc : 1, 4, 22
 Thata, Phi : 90.000000, 21.000000
 Maximun iteration: 300
 Number of recycle truncation: 30
 Final matrix dimension:  36708
 Residual error:0.001000
 0  6.299504e-01
 1  2.955217e-01
 2  1.740008e-01
 3  1.152621e-01
 4  8.028372e-02
 5  5.935470e-02
 6  4.503119e-02
 7  3.505177e-02
 8  2.804842e-02
 9  2.249172e-02
 10  1.815381e-02
 11  1.459979e-02
 12  1.181498e-02
 13  9.876814e-03
 14  8.215980e-03
 15  6.697281e-03
 16  5.706436e-03
 17  4.915746e-03
 18  4.101341e-03
 19  3.499392e-03
 20  2.975519e-03
 21  2.572999e-03
 22  2.217483e-03
 23  1.987828e-03
 24  1.796949e-03
 25  1.664233e-03
 26  1.539315e-03
 27  1.440413e-03
 28  1.377035e-03
 29  1.327617e-03
 30  1.278323e-03
 31  1.234462e-03
 32  1.184925e-03
 33  1.118860e-03
 34  1.042147e-03
 35  9.514601e-04
 Iteration CPU time: 8 s
 CFIE residual: 0.00095146

 Iseg, Irank, Idinc : 1, 5, 147
 Thata, Phi : 90.000000, 146.000000
 Maximun iteration: 300
 Number of recycle truncation: 30
 Final matrix dimension:  36708
 Residual error:0.001000
 0  6.567192e-01
 1  3.458226e-01
 2  2.103966e-01
 3  1.412901e-01
 4  1.012343e-01
 5  7.712141e-02
 6  6.004199e-02
 7  4.740412e-02
 8  3.947835e-02
 9  3.378197e-02
 10  2.865434e-02
 11  2.483006e-02
 12  2.164067e-02
 13  1.841545e-02
 14  1.523754e-02
 15  1.290658e-02
 16  1.097206e-02
 17  9.089745e-03
 18  7.500247e-03
 19  6.472544e-03
 20  5.487658e-03
 21  4.761624e-03
 22  4.230162e-03
 23  3.800843e-03
 24  3.492717e-03
 25  3.239879e-03
 26  3.037410e-03
 27  2.877672e-03
 28  2.766977e-03
 29  2.674560e-03
 30  2.572314e-03
 31  2.461563e-03
 32  2.328968e-03
 33  2.118946e-03
 34  1.898989e-03
 35  1.649395e-03
 36  1.380808e-03
 37  1.128359e-03
 38  8.927483e-04
 Iteration CPU time: 9 s
 CFIE residual: 0.000892748

 Iseg, Irank, Idinc : 1, 6, 136
 Thata, Phi : 90.000000, 135.000000
 Maximun iteration: 300
 Number of recycle truncation: 30
 Final matrix dimension:  36708
 Residual error:0.001000
 0  6.971226e-01
 1  3.508171e-01
 2  2.185399e-01
 3  1.480530e-01
 4  1.068488e-01
 5  8.021824e-02
 6  6.054605e-02
 7  4.795202e-02
 8  3.840231e-02
 9  3.239131e-02
 10  2.620634e-02
 11  2.175605e-02
 12  1.781613e-02
 13  1.500547e-02
 14  1.258259e-02
 15  1.040053e-02
 16  8.852641e-03
 17  7.495036e-03
 18  6.496684e-03
 19  5.659822e-03
 20  5.009619e-03
 21  4.600670e-03
 22  4.196077e-03
 23  3.930329e-03
 24  3.712780e-03
 25  3.560269e-03
 26  3.434484e-03
 27  3.313166e-03
 28  3.202409e-03
 29  3.090587e-03
 30  2.932216e-03
 31  2.744995e-03
 32  2.565020e-03
 33  2.335281e-03
 34  2.052648e-03
 35  1.804420e-03
 36  1.539997e-03
 37  1.275482e-03
 38  1.015748e-03
 39  7.920756e-04
 Iteration CPU time: 9 s
 CFIE residual: 0.000792076

 Iseg, Irank, Idinc : 1, 7, 83
 Thata, Phi : 90.000000, 82.000000
 Maximun iteration: 300
 Number of recycle truncation: 30
 Final matrix dimension:  36708
 Residual error:0.001000
 0  6.087284e-01
 1  3.486869e-01
 2  2.228178e-01
 3  1.497061e-01
 4  1.090338e-01
 5  8.344191e-02
 6  6.401425e-02
 7  5.067991e-02
 8  4.090364e-02
 9  3.185016e-02
 10  2.549290e-02
 11  2.111011e-02
 12  1.739545e-02
 13  1.443673e-02
 14  1.231526e-02
 15  1.063967e-02
 16  9.202801e-03
 17  8.205832e-03
 18  7.511951e-03
 19  6.890620e-03
 20  6.429010e-03
 21  6.120553e-03
 22  5.867398e-03
 23  5.662488e-03
 24  5.481591e-03
 25  5.303713e-03
 26  5.095540e-03
 27  4.824062e-03
 28  4.493247e-03
 29  4.108537e-03
 30  3.568498e-03
 31  3.103781e-03
 32  2.657931e-03
 33  2.199428e-03
 34  1.763526e-03
 35  1.439078e-03
 36  1.172303e-03
 37  9.519438e-04
 Iteration CPU time: 8 s
 CFIE residual: 0.000951944

 Iseg, Irank, Idinc : 1, 8, 72
 Thata, Phi : 90.000000, 71.000000
 Maximun iteration: 300
 Number of recycle truncation: 30
 Final matrix dimension:  36708
 Residual error:0.001000
 0  6.354503e-01
 1  3.646763e-01
 2  2.350869e-01
 3  1.479857e-01
 4  1.042496e-01
 5  8.203852e-02
 6  6.317459e-02
 7  4.891844e-02
 8  3.874735e-02
 9  3.193765e-02
 10  2.563451e-02
 11  2.052551e-02
 12  1.633913e-02
 13  1.357859e-02
 14  1.158989e-02
 15  1.004333e-02
 16  8.921051e-03
 17  8.028660e-03
 18  7.367975e-03
 19  6.908828e-03
 20  6.616182e-03
 21  6.363369e-03
 22  6.145025e-03
 23  5.916198e-03
 24  5.623807e-03
 25  5.385117e-03
 26  5.072610e-03
 27  4.742948e-03
 28  4.330619e-03
 29  3.861402e-03
 30  3.258789e-03
 31  2.750851e-03
 32  2.309581e-03
 33  1.875732e-03
 34  1.524973e-03
 35  1.215205e-03
 36  1.005289e-03
 37  8.021002e-04
 Iteration CPU time: 9 s
 CFIE residual: 0.0008021

 Iseg, Irank, Idinc : 1, 9, 159
 Thata, Phi : 90.000000, 158.000000
 Maximun iteration: 300
 Number of recycle truncation: 30
 Final matrix dimension:  36708
 Residual error:0.001000
 0  6.201358e-01
 1  3.145429e-01
 2  1.918421e-01
 3  1.298128e-01
 4  9.714913e-02
 5  7.738873e-02
 6  6.211485e-02
 7  5.097575e-02
 8  4.267407e-02
 9  3.676491e-02
 10  3.165449e-02
 11  2.771254e-02
 12  2.401299e-02
 13  2.043921e-02
 14  1.683938e-02
 15  1.440640e-02
 16  1.229326e-02
 17  1.012833e-02
 18  8.570084e-03
 19  7.249701e-03
 20  6.051773e-03
 21  5.094833e-03
 22  4.333198e-03
 23  3.730252e-03
 24  3.238707e-03
 25  2.848898e-03
 26  2.553352e-03
 27  2.340649e-03
 28  2.211696e-03
 29  2.105384e-03
 30  2.024414e-03
 31  1.937006e-03
 32  1.849764e-03
 33  1.743228e-03
 34  1.624694e-03
 35  1.467227e-03
 36  1.250284e-03
 37  1.012451e-03
 38  8.202417e-04
 Iteration CPU time: 9 s
 CFIE residual: 0.000820242

 Iseg, Irank, Idinc : 1, 10, 124
 Thata, Phi : 90.000000, 123.000000
 Maximun iteration: 300
 Number of recycle truncation: 30
 Final matrix dimension:  36708
 Residual error:0.001000
 0  6.541575e-01
 1  3.409487e-01
 2  2.211948e-01
 3  1.560429e-01
 4  1.124730e-01
 5  8.248427e-02
 6  6.545843e-02
 7  5.112683e-02
 8  4.111756e-02
 9  3.326193e-02
 10  2.611795e-02
 11  2.090362e-02
 12  1.627357e-02
 13  1.314720e-02
 14  1.079753e-02
 15  9.115207e-03
 16  7.816254e-03
 17  6.777908e-03
 18  5.769670e-03
 19  5.072717e-03
 20  4.593446e-03
 21  4.155492e-03
 22  3.845851e-03
 23  3.603152e-03
 24  3.395901e-03
 25  3.233997e-03
 26  3.104853e-03
 27  2.989805e-03
 28  2.886306e-03
 29  2.799231e-03
 30  2.676086e-03
 31  2.541253e-03
 32  2.399353e-03
 33  2.204809e-03
 34  2.002621e-03
 35  1.780701e-03
 36  1.529124e-03
 37  1.268066e-03
 38  1.020136e-03
 39  7.904659e-04
 Iteration CPU time: 9 s
 CFIE residual: 0.000790466

 Iseg, Irank, Idinc : 1, 11, 53
 Thata, Phi : 90.000000, 52.000000
 Maximun iteration: 300
 Number of recycle truncation: 30
 Final matrix dimension:  36708
 Residual error:0.001000
 0  6.528539e-01
 1  3.442547e-01
 2  2.108798e-01
 3  1.350926e-01
 4  9.676636e-02
 5  7.379444e-02
 6  5.740518e-02
 7  4.420368e-02
 8  3.383753e-02
 9  2.638952e-02
 10  2.053922e-02
 11  1.617362e-02
 12  1.271843e-02
 13  1.013252e-02
 14  8.643344e-03
 15  7.431241e-03
 16  6.431245e-03
 17  5.681983e-03
 18  5.128178e-03
 19  4.654212e-03
 20  4.411033e-03
 21  4.276575e-03
 22  4.141621e-03
 23  3.992380e-03
 24  3.814855e-03
 25  3.621568e-03
 26  3.387609e-03
 27  3.115332e-03
 28  2.794605e-03
 29  2.441245e-03
 30  2.067870e-03
 31  1.746469e-03
 32  1.467444e-03
 33  1.205930e-03
 34  9.952392e-04
 Iteration CPU time: 7 s
 CFIE residual: 0.000995239

 Iseg, Irank, Idinc : 1, 12, 176
 Thata, Phi : 90.000000, 175.000000
 Maximun iteration: 300
 Number of recycle truncation: 30
 Final matrix dimension:  36708
 Residual error:0.001000
 0  5.864806e-01
 1  2.975248e-01
 2  1.853756e-01
 3  1.314120e-01
 4  1.013538e-01
 5  8.099134e-02
 6  6.545607e-02
 7  5.501714e-02
 8  4.572739e-02
 9  3.773778e-02
 10  3.171947e-02
 11  2.634179e-02
 12  2.186893e-02
 13  1.812399e-02
 14  1.516415e-02
 15  1.238484e-02
 16  1.029473e-02
 17  8.574528e-03
 18  7.201323e-03
 19  5.970276e-03
 20  5.013120e-03
 21  4.284642e-03
 22  3.595993e-03
 23  3.102206e-03
 24  2.720344e-03
 25  2.377609e-03
 26  2.096163e-03
 27  1.875443e-03
 28  1.710097e-03
 29  1.569750e-03
 30  1.474010e-03
 31  1.394062e-03
 32  1.338106e-03
 33  1.291819e-03
 34  1.244528e-03
 35  1.190005e-03
 36  1.123211e-03
 37  1.047357e-03
 38  9.389147e-04
 Iteration CPU time: 8 s
 CFIE residual: 0.000938915

 Iseg, Irank, Idinc : 1, 13, 91
 Thata, Phi : 90.000000, 90.000000
 Maximun iteration: 300
 Number of recycle truncation: 30
 Final matrix dimension:  36708
 Residual error:0.001000
 0  6.008655e-01
 1  3.453419e-01
 2  2.186067e-01
 3  1.496176e-01
 4  1.073472e-01
 5  8.200122e-02
 6  6.390190e-02
 7  4.997735e-02
 8  4.052000e-02
 9  3.240257e-02
 10  2.647259e-02
 11  2.194490e-02
 12  1.823746e-02
 13  1.559224e-02
 14  1.330477e-02
 15  1.119208e-02
 16  9.621236e-03
 17  8.453740e-03
 18  7.545629e-03
 19  6.813802e-03
 20  6.243982e-03
 21  5.827562e-03
 22  5.525058e-03
 23  5.299566e-03
 24  5.143391e-03
 25  4.992400e-03
 26  4.835511e-03
 27  4.625234e-03
 28  4.326705e-03
 29  3.975601e-03
 30  3.562239e-03
 31  3.134965e-03
 32  2.720874e-03
 33  2.306905e-03
 34  1.912290e-03
 35  1.592115e-03
 36  1.291681e-03
 37  1.035731e-03
 38  8.119533e-04
 Iteration CPU time: 9 s
 CFIE residual: 0.000811953

 Iseg, Irank, Idinc : 1, 14, 32
 Thata, Phi : 90.000000, 31.000000
 Maximun iteration: 300
 Number of recycle truncation: 30
 Final matrix dimension:  36708
 Residual error:0.001000
 0  6.317102e-01
 1  3.081423e-01
 2  1.827108e-01
 3  1.140866e-01
 4  8.014895e-02
 5  5.884384e-02
 6  4.338460e-02
 7  3.316319e-02
 8  2.600877e-02
 9  2.072794e-02
 10  1.667207e-02
 11  1.367436e-02
 12  1.080810e-02
 13  9.062777e-03
 14  7.439768e-03
 15  6.127615e-03
 16  5.189952e-03
 17  4.420554e-03
 18  3.733078e-03
 19  3.285722e-03
 20  2.918905e-03
 21  2.631642e-03
 22  2.394870e-03
 23  2.240116e-03
 24  2.109642e-03
 25  2.015923e-03
 26  1.935675e-03
 27  1.848317e-03
 28  1.778191e-03
 29  1.691246e-03
 30  1.596030e-03
 31  1.499204e-03
 32  1.387645e-03
 33  1.261019e-03
 34  1.106072e-03
 35  9.543561e-04
 Iteration CPU time: 8 s
 CFIE residual: 0.000954356

 Iseg, Irank, Idinc : 1, 15, 9
 Thata, Phi : 90.000000, 8.000000
 Maximun iteration: 300
 Number of recycle truncation: 30
 Final matrix dimension:  36708
 Residual error:0.001000
 0  5.452695e-01
 1  2.781785e-01
 2  1.773565e-01
 3  1.239160e-01
 4  9.031694e-02
 5  6.754490e-02
 6  5.135454e-02
 7  3.967748e-02
 8  3.116291e-02
 9  2.437127e-02
 10  1.935908e-02
 11  1.536690e-02
 12  1.239270e-02
 13  1.011142e-02
 14  8.225655e-03
 15  6.552946e-03
 16  5.595477e-03
 17  4.734526e-03
 18  4.011258e-03
 19  3.404720e-03
 20  2.941869e-03
 21  2.567462e-03
 22  2.178297e-03
 23  1.900998e-03
 24  1.671814e-03
 25  1.484141e-03
 26  1.314654e-03
 27  1.170762e-03
 28  1.062994e-03
 29  9.848706e-04
 Iteration CPU time: 7 s
 CFIE residual: 0.000984871

 Iseg, Irank, Idinc : 1, 16, 100
 Thata, Phi : 90.000000, 99.000000
 Maximun iteration: 300
 Number of recycle truncation: 30
 Final matrix dimension:  36708
 Residual error:0.001000
 0  6.064644e-01
 1  3.430272e-01
 2  2.148390e-01
 3  1.457297e-01
 4  1.048086e-01
 5  7.916017e-02
 6  6.112903e-02
 7  4.871017e-02
 8  3.857130e-02
 9  3.164054e-02
 10  2.585115e-02
 11  2.140572e-02
 12  1.775380e-02
 13  1.484363e-02
 14  1.269641e-02
 15  1.075557e-02
 16  9.212818e-03
 17  8.081187e-03
 18  7.065357e-03
 19  6.219014e-03
 20  5.584904e-03
 21  5.107766e-03
 22  4.799249e-03
 23  4.597151e-03
 24  4.411680e-03
 25  4.280737e-03
 26  4.151475e-03
 27  3.980358e-03
 28  3.787290e-03
 29  3.535852e-03
 30  3.251942e-03
 31  2.927715e-03
 32  2.541688e-03
 33  2.144665e-03
 34  1.751596e-03
 35  1.451039e-03
 36  1.182048e-03
 37  9.604627e-04
 Iteration CPU time: 8 s
 CFIE residual: 0.000960463

 Iseg, Irank, Idinc : 1, 17, 116
 Thata, Phi : 90.000000, 115.000000
 Maximun iteration: 300
 Number of recycle truncation: 30
 Final matrix dimension:  36708
 Residual error:0.001000
 0  6.426154e-01
 1  3.467591e-01
 2  2.164526e-01
 3  1.509770e-01
 4  1.080381e-01
 5  7.911463e-02
 6  6.149295e-02
 7  4.828410e-02
 8  3.793992e-02
 9  3.045970e-02
 10  2.454393e-02
 11  1.949639e-02
 12  1.587819e-02
 13  1.318633e-02
 14  1.103449e-02
 15  9.274811e-03
 16  7.818267e-03
 17  6.763526e-03
 18  5.821925e-03
 19  5.102007e-03
 20  4.644569e-03
 21  4.262586e-03
 22  3.971608e-03
 23  3.777499e-03
 24  3.636718e-03
 25  3.504654e-03
 26  3.380949e-03
 27  3.276899e-03
 28  3.159790e-03
 29  3.031225e-03
 30  2.853995e-03
 31  2.638425e-03
 32  2.332105e-03
 33  2.009607e-03
 34  1.655272e-03
 35  1.387907e-03
 36  1.116782e-03
 37  8.809666e-04
 Iteration CPU time: 9 s
 CFIE residual: 0.000880967

 Iseg, Irank, Idinc : 1, 18, 1
 Thata, Phi : 90.000000, 0.000000
 Maximun iteration: 300
 Number of recycle truncation: 30
 Final matrix dimension:  36708
 Residual error:0.001000
 0  5.203457e-01
 1  2.730889e-01
 2  1.773092e-01
 3  1.214582e-01
 4  8.745128e-02
 5  6.671679e-02
 6  5.148936e-02
 7  3.810175e-02
 8  2.897109e-02
 9  2.324994e-02
 10  1.911843e-02
 11  1.516299e-02
 12  1.150801e-02
 13  9.408530e-03
 14  7.618901e-03
 15  6.341188e-03
 16  5.226784e-03
 17  4.503950e-03
 18  3.804913e-03
 19  3.283911e-03
 20  2.789942e-03
 21  2.367434e-03
 22  2.001635e-03
 23  1.670977e-03
 24  1.403476e-03
 25  1.188689e-03
 26  9.966392e-04
 Iteration CPU time: 6 s
 CFIE residual: 0.000996639

 Iseg, Irank, Idinc : 1, 19, 167
 Thata, Phi : 90.000000, 166.000000
 Maximun iteration: 300
 Number of recycle truncation: 30
 Final matrix dimension:  36708
 Residual error:0.001000
 0  5.941160e-01
 1  3.001891e-01
 2  1.856586e-01
 3  1.309877e-01
 4  1.008050e-01
 5  8.058572e-02
 6  6.480280e-02
 7  5.455260e-02
 8  4.568179e-02
 9  3.880248e-02
 10  3.257042e-02
 11  2.790070e-02
 12  2.452920e-02
 13  2.103654e-02
 14  1.744417e-02
 15  1.471278e-02
 16  1.265229e-02
 17  1.052561e-02
 18  8.796236e-03
 19  7.301573e-03
 20  6.038593e-03
 21  5.092796e-03
 22  4.307896e-03
 23  3.732443e-03
 24  3.170647e-03
 25  2.751937e-03
 26  2.432523e-03
 27  2.185930e-03
 28  2.003417e-03
 29  1.870094e-03
 30  1.765357e-03
 31  1.678256e-03
 32  1.605860e-03
 33  1.544155e-03
 34  1.473939e-03
 35  1.389665e-03
 36  1.265687e-03
 37  1.115179e-03
 38  9.747202e-04
 Iteration CPU time: 9 s
 CFIE residual: 0.00097472

 Iseg, Irank, Idinc : 1, 20, 16
 Thata, Phi : 90.000000, 15.000000
 Maximun iteration: 300
 Number of recycle truncation: 30
 Final matrix dimension:  36708
 Residual error:0.001000
 0  5.920023e-01
 1  2.867964e-01
 2  1.762584e-01
 3  1.208589e-01
 4  8.644299e-02
 5  6.422383e-02
 6  4.931361e-02
 7  3.841081e-02
 8  3.029474e-02
 9  2.437607e-02
 10  1.946760e-02
 11  1.527991e-02
 12  1.214876e-02
 13  9.909312e-03
 14  8.335136e-03
 15  6.687387e-03
 16  5.606663e-03
 17  4.815219e-03
 18  4.086546e-03
 19  3.473669e-03
 20  2.969615e-03
 21  2.568578e-03
 22  2.190111e-03
 23  1.923199e-03
 24  1.724265e-03
 25  1.561220e-03
 26  1.418517e-03
 27  1.292435e-03
 28  1.205448e-03
 29  1.143470e-03
 30  1.085556e-03
 31  1.046138e-03
 32  1.008807e-03
 33  9.595095e-04
 Iteration CPU time: 7 s
 CFIE residual: 0.00095951

 Iseg, Irank, Idinc : 1, 21, 181
 Thata, Phi : 90.000000, 180.000000
 Maximun iteration: 300
 Number of recycle truncation: 30
 Final matrix dimension:  36708
 Residual error:0.001000
 0  5.861057e-01
 1  2.974030e-01
 2  1.847197e-01
 3  1.303830e-01
 4  9.966514e-02
 5  7.936186e-02
 6  6.417720e-02
 7  5.375408e-02
 8  4.483514e-02
 9  3.662085e-02
 10  2.980433e-02
 11  2.434967e-02
 12  1.954859e-02
 13  1.598320e-02
 14  1.284726e-02
 15  1.032146e-02
 16  8.368027e-03
 17  6.859435e-03
 18  5.782080e-03
 19  4.848960e-03
 20  4.043674e-03
 21  3.442685e-03
 22  2.861542e-03
 23  2.423856e-03
 24  2.095410e-03
 25  1.848840e-03
 26  1.644710e-03
 27  1.471651e-03
 28  1.335238e-03
 29  1.235244e-03
 30  1.157189e-03
 31  1.102214e-03
 32  1.060796e-03
 33  1.016783e-03
 34  9.565258e-04
 Iteration CPU time: 8 s
 CFIE residual: 0.000956526

 Iseg, Irank, Idinc : 1, 22, 153
 Thata, Phi : 90.000000, 152.000000
 Maximun iteration: 300
 Number of recycle truncation: 30
 Final matrix dimension:  36708
 Residual error:0.001000
 0  6.363100e-01
 1  3.296480e-01
 2  2.026243e-01
 3  1.345954e-01
 4  9.855210e-02
 5  7.718337e-02
 6  6.027246e-02
 7  4.892997e-02
 8  4.044696e-02
 9  3.439280e-02
 10  2.928943e-02
 11  2.548699e-02
 12  2.218528e-02
 13  1.894575e-02
 14  1.555840e-02
 15  1.316996e-02
 16  1.133787e-02
 17  9.431655e-03
 18  7.971010e-03
 19  6.816512e-03
 20  5.816390e-03
 21  4.935759e-03
 22  4.205732e-03
 23  3.636306e-03
 24  3.214426e-03
 25  2.897450e-03
 26  2.640160e-03
 27  2.449918e-03
 28  2.332593e-03
 29  2.236591e-03
 30  2.160287e-03
 31  2.073173e-03
 32  1.970800e-03
 33  1.841446e-03
 34  1.679820e-03
 35  1.467682e-03
 36  1.271552e-03
 37  1.047320e-03
 38  8.605260e-04
 Iteration CPU time: 9 s
 CFIE residual: 0.000860526

 Iseg, Irank, Idinc : 1, 23, 77
 Thata, Phi : 90.000000, 76.000000
 Maximun iteration: 300
 Number of recycle truncation: 30
 Final matrix dimension:  36708
 Residual error:0.001000
 0  6.177867e-01
 1  3.558365e-01
 2  2.296630e-01
 3  1.468534e-01
 4  1.039492e-01
 5  7.905759e-02
 6  6.187226e-02
 7  4.807363e-02
 8  3.854157e-02
 9  3.055596e-02
 10  2.482994e-02
 11  2.024695e-02
 12  1.651516e-02
 13  1.382674e-02
 14  1.196991e-02
 15  1.032346e-02
 16  9.175455e-03
 17  8.309567e-03
 18  7.599722e-03
 19  7.037991e-03
 20  6.676792e-03
 21  6.378882e-03
 22  6.130609e-03
 23  5.897365e-03
 24  5.649233e-03
 25  5.439147e-03
 26  5.191059e-03
 27  4.914545e-03
 28  4.579409e-03
 29  4.178699e-03
 30  3.636382e-03
 31  3.114514e-03
 32  2.590641e-03
 33  2.155247e-03
 34  1.737410e-03
 35  1.389959e-03
 36  1.134559e-03
 37  9.059090e-04
 Iteration CPU time: 8 s
 CFIE residual: 0.000905909

 Iseg, Irank, Idinc : 1, 24, 130
 Thata, Phi : 90.000000, 129.000000
 Maximun iteration: 300
 Number of recycle truncation: 30
 Final matrix dimension:  36708
 Residual error:0.001000
 0  6.737737e-01
 1  3.496149e-01
 2  2.230292e-01
 3  1.528596e-01
 4  1.103194e-01
 5  8.152361e-02
 6  6.368711e-02
 7  5.034660e-02
 8  3.983753e-02
 9  3.282143e-02
 10  2.651984e-02
 11  2.116574e-02
 12  1.672403e-02
 13  1.352704e-02
 14  1.104549e-02
 15  9.349010e-03
 16  7.781657e-03
 17  6.563804e-03
 18  5.689800e-03
 19  5.013765e-03
 20  4.473219e-03
 21  4.106494e-03
 22  3.783713e-03
 23  3.544953e-03
 24  3.335122e-03
 25  3.208115e-03
 26  3.095062e-03
 27  2.991752e-03
 28  2.897226e-03
 29  2.782341e-03
 30  2.633181e-03
 31  2.468795e-03
 32  2.281557e-03
 33  2.074767e-03
 34  1.832082e-03
 35  1.592882e-03
 36  1.328666e-03
 37  1.090744e-03
 38  8.591115e-04
 Iteration CPU time: 9 s
 CFIE residual: 0.000859112

 Iseg, Irank, Idinc : 1, 25, 48
 Thata, Phi : 90.000000, 47.000000
 Maximun iteration: 300
 Number of recycle truncation: 30
 Final matrix dimension:  36708
 Residual error:0.001000
 0  6.409734e-01
 1  3.318111e-01
 2  2.055546e-01
 3  1.340584e-01
 4  9.625780e-02
 5  7.358759e-02
 6  5.622553e-02
 7  4.278711e-02
 8  3.280689e-02
 9  2.521875e-02
 10  1.920803e-02
 11  1.513165e-02
 12  1.203978e-02
 13  9.885840e-03
 14  8.267762e-03
 15  7.036524e-03
 16  6.068693e-03
 17  5.259390e-03
 18  4.692050e-03
 19  4.248550e-03
 20  3.995878e-03
 21  3.831692e-03
 22  3.705403e-03
 23  3.567452e-03
 24  3.428842e-03
 25  3.303074e-03
 26  3.134444e-03
 27  2.952924e-03
 28  2.671013e-03
 29  2.395182e-03
 30  2.115526e-03
 31  1.825534e-03
 32  1.545047e-03
 33  1.264815e-03
 34  1.058972e-03
 35  8.682070e-04
 Iteration CPU time: 8 s
 CFIE residual: 0.000868207

 Iseg, Irank, Idinc : 1, 26, 5
 Thata, Phi : 90.000000, 4.000000
 Maximun iteration: 300
 Number of recycle truncation: 30
 Final matrix dimension:  36708
 Residual error:0.001000
 0  5.270406e-01
 1  2.745924e-01
 2  1.773107e-01
 3  1.225390e-01
 4  8.884241e-02
 5  6.716026e-02
 6  5.133568e-02
 7  3.838165e-02
 8  2.991947e-02
 9  2.381952e-02
 10  1.911404e-02
 11  1.523137e-02
 12  1.210213e-02
 13  9.981151e-03
 14  8.180558e-03
 15  6.573001e-03
 16  5.567364e-03
 17  4.760358e-03
 18  3.979155e-03
 19  3.396927e-03
 20  2.938513e-03
 21  2.549633e-03
 22  2.178322e-03
 23  1.847265e-03
 24  1.597686e-03
 25  1.386964e-03
 26  1.207295e-03
 27  1.041283e-03
 28  9.206640e-04
 Iteration CPU time: 7 s
 CFIE residual: 0.000920664

 Iseg, Irank, Idinc : 1, 27, 172
 Thata, Phi : 90.000000, 171.000000
 Maximun iteration: 300
 Number of recycle truncation: 30
 Final matrix dimension:  36708
 Residual error:0.001000
 0  5.877715e-01
 1  2.977907e-01
 2  1.860357e-01
 3  1.322978e-01
 4  1.024809e-01
 5  8.200988e-02
 6  6.613973e-02
 7  5.581048e-02
 8  4.639830e-02
 9  3.864509e-02
 10  3.295604e-02
 11  2.802605e-02
 12  2.362939e-02
 13  1.991837e-02
 14  1.685614e-02
 15  1.392850e-02
 16  1.174162e-02
 17  9.778717e-03
 18  8.126743e-03
 19  6.779720e-03
 20  5.656441e-03
 21  4.792291e-03
 22  4.056489e-03
 23  3.524696e-03
 24  3.034378e-03
 25  2.642180e-03
 26  2.330234e-03
 27  2.089813e-03
 28  1.902822e-03
 29  1.754891e-03
 30  1.645036e-03
 31  1.558309e-03
 32  1.489144e-03
 33  1.433335e-03
 34  1.374102e-03
 35  1.308487e-03
 36  1.225401e-03
 37  1.110029e-03
 38  9.925240e-04
 Iteration CPU time: 8 s
 CFIE residual: 0.000992524

 Iseg, Irank, Idinc : 1, 28, 96
 Thata, Phi : 90.000000, 95.000000
 Maximun iteration: 300
 Number of recycle truncation: 30
 Final matrix dimension:  36708
 Residual error:0.001000
 0  6.020387e-01
 1  3.431295e-01
 2  2.161934e-01
 3  1.451921e-01
 4  1.040511e-01
 5  7.949214e-02
 6  6.285696e-02
 7  4.953382e-02
 8  3.930365e-02
 9  3.132644e-02
 10  2.578537e-02
 11  2.113501e-02
 12  1.754441e-02
 13  1.502170e-02
 14  1.286623e-02
 15  1.091075e-02
 16  9.353082e-03
 17  8.166659e-03
 18  7.320158e-03
 19  6.453814e-03
 20  5.842424e-03
 21  5.397329e-03
 22  5.114677e-03
 23  4.895737e-03
 24  4.740757e-03
 25  4.604289e-03
 26  4.457198e-03
 27  4.282396e-03
 28  4.027649e-03
 29  3.735134e-03
 30  3.387031e-03
 31  3.020500e-03
 32  2.581983e-03
 33  2.201992e-03
 34  1.832159e-03
 35  1.502879e-03
 36  1.232918e-03
 37  1.007909e-03
 38  8.023343e-04
 Iteration CPU time: 9 s
 CFIE residual: 0.000802334

 Iseg, Irank, Idinc : 1, 29, 27
 Thata, Phi : 90.000000, 26.000000
 Maximun iteration: 300
 Number of recycle truncation: 30
 Final matrix dimension:  36708
 Residual error:0.001000
 0  6.421218e-01
 1  3.018873e-01
 2  1.758002e-01
 3  1.123908e-01
 4  7.811354e-02
 5  5.753171e-02
 6  4.267442e-02
 7  3.286482e-02
 8  2.626999e-02
 9  2.135960e-02
 10  1.767972e-02
 11  1.432359e-02
 12  1.128667e-02
 13  9.453500e-03
 14  7.912335e-03
 15  6.506815e-03
 16  5.579014e-03
 17  4.690350e-03
 18  3.913411e-03
 19  3.444509e-03
 20  2.966890e-03
 21  2.607788e-03
 22  2.293915e-03
 23  2.097160e-03
 24  1.924185e-03
 25  1.816168e-03
 26  1.720421e-03
 27  1.638952e-03
 28  1.585613e-03
 29  1.533965e-03
 30  1.485014e-03
 31  1.423472e-03
 32  1.346306e-03
 33  1.251344e-03
 34  1.139233e-03
 35  1.013908e-03
 36  8.955021e-04
 Iteration CPU time: 8 s
 CFIE residual: 0.000895502

 Iseg, Irank, Idinc : 1, 30, 142
 Thata, Phi : 90.000000, 141.000000
 Maximun iteration: 300
 Number of recycle truncation: 30
 Final matrix dimension:  36708
 Residual error:0.001000
 0  6.861370e-01
 1  3.496378e-01
 2  2.117490e-01
 3  1.438580e-01
 4  1.043436e-01
 5  7.799704e-02
 6  6.027194e-02
 7  4.725426e-02
 8  3.866198e-02
 9  3.290935e-02
 10  2.771644e-02
 11  2.371602e-02
 12  2.006819e-02
 13  1.700308e-02
 14  1.427812e-02
 15  1.190840e-02
 16  1.008156e-02
 17  8.547442e-03
 18  7.191327e-03
 19  6.187338e-03
 20  5.355668e-03
 21  4.773980e-03
 22  4.328657e-03
 23  4.006497e-03
 24  3.768299e-03
 25  3.578458e-03
 26  3.420476e-03
 27  3.291136e-03
 28  3.168306e-03
 29  3.066097e-03
 30  2.924029e-03
 31  2.740403e-03
 32  2.533856e-03
 33  2.241040e-03
 34  1.962978e-03
 35  1.697832e-03
 36  1.404092e-03
 37  1.147555e-03
 38  8.965894e-04
 Iteration CPU time: 9 s
 CFIE residual: 0.000896589

 Iseg, Irank, Idinc : 1, 31, 58
 Thata, Phi : 90.000000, 57.000000
 Maximun iteration: 300
 Number of recycle truncation: 30
 Final matrix dimension:  36708
 Residual error:0.001000
 0  6.591402e-01
 1  3.477280e-01
 2  2.125047e-01
 3  1.333203e-01
 4  9.598157e-02
 5  7.245564e-02
 6  5.565893e-02
 7  4.375200e-02
 8  3.366777e-02
 9  2.669978e-02
 10  2.107712e-02
 11  1.658399e-02
 12  1.314574e-02
 13  1.053056e-02
 14  8.903315e-03
 15  7.748357e-03
 16  6.868200e-03
 17  6.177782e-03
 18  5.605319e-03
 19  5.237443e-03
 20  4.989451e-03
 21  4.846231e-03
 22  4.706662e-03
 23  4.514906e-03
 24  4.293273e-03
 25  4.021323e-03
 26  3.791680e-03
 27  3.480985e-03
 28  3.090686e-03
 29  2.689233e-03
 30  2.304058e-03
 31  1.924973e-03
 32  1.550027e-03
 33  1.265486e-03
 34  1.038160e-03
 35  8.431301e-04
 Iteration CPU time: 8 s
 CFIE residual: 0.00084313

 Iseg, Irank, Idinc : 1, 32, 179
 Thata, Phi : 90.000000, 178.000000
 Maximun iteration: 300
 Number of recycle truncation: 30
 Final matrix dimension:  36708
 Residual error:0.001000
 0  5.861764e-01
 1  2.974313e-01
 2  1.848404e-01
 3  1.305849e-01
 4  1.000433e-01
 5  7.975556e-02
 6  6.450381e-02
 7  5.407198e-02
 8  4.503853e-02
 9  3.688455e-02
 10  3.024864e-02
 11  2.484270e-02
 12  2.036454e-02
 13  1.667405e-02
 14  1.366279e-02
 15  1.113786e-02
 16  9.156117e-03
 17  7.507922e-03
 18  6.332495e-03
 19  5.248325e-03
 20  4.398895e-03
 21  3.756349e-03
 22  3.144003e-03
 23  2.689505e-03
 24  2.362797e-03
 25  2.059252e-03
 26  1.820170e-03
 27  1.626988e-03
 28  1.482881e-03
 29  1.357604e-03
 30  1.272688e-03
 31  1.213131e-03
 32  1.173967e-03
 33  1.138151e-03
 34  1.100028e-03
 35  1.044903e-03
 36  9.765245e-04
 Iteration CPU time: 8 s
 CFIE residual: 0.000976524

 Iseg, Irank, Idinc : 1, 33, 3
 Thata, Phi : 90.000000, 2.000000
 Maximun iteration: 300
 Number of recycle truncation: 30
 Final matrix dimension:  36708
 Residual error:0.001000
 0  5.220633e-01
 1  2.734933e-01
 2  1.773164e-01
 3  1.217824e-01
 4  8.789621e-02
 5  6.688035e-02
 6  5.144091e-02
 7  3.813205e-02
 8  2.918199e-02
 9  2.341805e-02
 10  1.912299e-02
 11  1.520448e-02
 12  1.177136e-02
 13  9.595407e-03
 14  7.925094e-03
 15  6.509440e-03
 16  5.445102e-03
 17  4.682427e-03
 18  3.910211e-03
 19  3.356506e-03
 20  2.888678e-03
 21  2.496302e-03
 22  2.137465e-03
 23  1.801393e-03
 24  1.542257e-03
 25  1.318199e-03
 26  1.127796e-03
 27  9.688118e-04
 Iteration CPU time: 6 s
 CFIE residual: 0.000968812

 Iseg, Irank, Idinc : 1, 34, 105
 Thata, Phi : 90.000000, 104.000000
 Maximun iteration: 300
 Number of recycle truncation: 30
 Final matrix dimension:  36708
 Residual error:0.001000
 0  6.111900e-01
 1  3.471784e-01
 2  2.153518e-01
 3  1.476793e-01
 4  1.049317e-01
 5  7.914541e-02
 6  6.065136e-02
 7  4.789094e-02
 8  3.835308e-02
 9  3.108144e-02
 10  2.530299e-02
 11  2.106599e-02
 12  1.699667e-02
 13  1.421709e-02
 14  1.199396e-02
 15  1.002635e-02
 16  8.682544e-03
 17  7.586555e-03
 18  6.639435e-03
 19  5.804977e-03
 20  5.154772e-03
 21  4.689960e-03
 22  4.406136e-03
 23  4.210966e-03
 24  4.055168e-03
 25  3.920593e-03
 26  3.799188e-03
 27  3.634714e-03
 28  3.464080e-03
 29  3.235548e-03
 30  2.947406e-03
 31  2.611901e-03
 32  2.288581e-03
 33  1.948001e-03
 34  1.640670e-03
 35  1.358609e-03
 36  1.108866e-03
 37  8.917939e-04
 Iteration CPU time: 8 s
 CFIE residual: 0.000891794

 Iseg, Irank, Idinc : 1, 35, 37
 Thata, Phi : 90.000000, 36.000000
 Maximun iteration: 300
 Number of recycle truncation: 30
 Final matrix dimension:  36708
 Residual error:0.001000
 0  6.227584e-01
 1  3.123209e-01
 2  1.916583e-01
 3  1.210169e-01
 4  8.359045e-02
 5  6.105129e-02
 6  4.551410e-02
 7  3.469976e-02
 8  2.689198e-02
 9  2.101795e-02
 10  1.635969e-02
 11  1.332966e-02
 12  1.065084e-02
 13  8.888230e-03
 14  7.256007e-03
 15  6.004887e-03
 16  5.133721e-03
 17  4.362439e-03
 18  3.766198e-03
 19  3.298529e-03
 20  2.997860e-03
 21  2.750564e-03
 22  2.580123e-03
 23  2.460095e-03
 24  2.364417e-03
 25  2.275444e-03
 26  2.200172e-03
 27  2.110934e-03
 28  2.016655e-03
 29  1.897887e-03
 30  1.775263e-03
 31  1.627963e-03
 32  1.476915e-03
 33  1.300452e-03
 34  1.126310e-03
 35  9.539669e-04
 Iteration CPU time: 8 s
 CFIE residual: 0.000953967

 Iseg, Irank, Idinc : 1, 36, 163
 Thata, Phi : 90.000000, 162.000000
 Maximun iteration: 300
 Number of recycle truncation: 30
 Final matrix dimension:  36708
 Residual error:0.001000
 0  6.057172e-01
 1  3.059471e-01
 2  1.868232e-01
 3  1.292974e-01
 4  9.800021e-02
 5  7.842136e-02
 6  6.338485e-02
 7  5.212532e-02
 8  4.373461e-02
 9  3.796601e-02
 10  3.282568e-02
 11  2.814486e-02
 12  2.421972e-02
 13  2.092779e-02
 14  1.758823e-02
 15  1.500772e-02
 16  1.261830e-02
 17  1.041477e-02
 18  8.779930e-03
 19  7.392268e-03
 20  6.107105e-03
 21  5.120600e-03
 22  4.339339e-03
 23  3.735212e-03
 24  3.183782e-03
 25  2.790888e-03
 26  2.481096e-03
 27  2.261072e-03
 28  2.101663e-03
 29  1.983484e-03
 30  1.888727e-03
 31  1.801698e-03
 32  1.738127e-03
 33  1.659945e-03
 34  1.567665e-03
 35  1.453975e-03
 36  1.284612e-03
 37  1.087743e-03
 38  9.139177e-04
 Iteration CPU time: 9 s
 CFIE residual: 0.000913918

 Iseg, Irank, Idinc : 1, 37, 68
 Thata, Phi : 90.000000, 67.000000
 Maximun iteration: 300
 Number of recycle truncation: 30
 Final matrix dimension:  36708
 Residual error:0.001000
 0  6.482940e-01
 1  3.674347e-01
 2  2.341328e-01
 3  1.496285e-01
 4  1.062998e-01
 5  8.272488e-02
 6  6.250386e-02
 7  4.972819e-02
 8  3.931235e-02
 9  3.178243e-02
 10  2.471173e-02
 11  2.003637e-02
 12  1.607756e-02
 13  1.314579e-02
 14  1.117425e-02
 15  9.691940e-03
 16  8.579948e-03
 17  7.759946e-03
 18  7.131791e-03
 19  6.679959e-03
 20  6.407348e-03
 21  6.206431e-03
 22  6.004586e-03
 23  5.754280e-03
 24  5.448947e-03
 25  5.174988e-03
 26  4.874171e-03
 27  4.484541e-03
 28  4.062293e-03
 29  3.523819e-03
 30  2.908562e-03
 31  2.425176e-03
 32  2.016638e-03
 33  1.643905e-03
 34  1.342022e-03
 35  1.109403e-03
 36  9.115601e-04
 Iteration CPU time: 8 s
 CFIE residual: 0.00091156

 Iseg, Irank, Idinc : 1, 38, 120
 Thata, Phi : 90.000000, 119.000000
 Maximun iteration: 300
 Number of recycle truncation: 30
 Final matrix dimension:  36708
 Residual error:0.001000
 0  6.468568e-01
 1  3.431362e-01
 2  2.174449e-01
 3  1.523423e-01
 4  1.088666e-01
 5  8.085917e-02
 6  6.382573e-02
 7  4.973264e-02
 8  3.948854e-02
 9  3.176641e-02
 10  2.565968e-02
 11  2.050762e-02
 12  1.633798e-02
 13  1.318505e-02
 14  1.099206e-02
 15  9.245199e-03
 16  7.854119e-03
 17  6.876750e-03
 18  5.916711e-03
 19  5.124675e-03
 20  4.638199e-03
 21  4.218718e-03
 22  3.930245e-03
 23  3.715874e-03
 24  3.545587e-03
 25  3.387973e-03
 26  3.261370e-03
 27  3.149925e-03
 28  3.047500e-03
 29  2.961373e-03
 30  2.833573e-03
 31  2.649796e-03
 32  2.458011e-03
 33  2.158688e-03
 34  1.888780e-03
 35  1.610122e-03
 36  1.354263e-03
 37  1.077957e-03
 38  8.332240e-04
 Iteration CPU time: 9 s
 CFIE residual: 0.000833224

 Iseg, Irank, Idinc : 1, 39, 12
 Thata, Phi : 90.000000, 11.000000
 Maximun iteration: 300
 Number of recycle truncation: 30
 Final matrix dimension:  36708
 Residual error:0.001000
 0  5.639892e-01
 1  2.815389e-01
 2  1.772148e-01
 3  1.235742e-01
 4  8.989567e-02
 5  6.703118e-02
 6  5.094465e-02
 7  3.967365e-02
 8  3.109324e-02
 9  2.456747e-02
 10  1.943945e-02
 11  1.522842e-02
 12  1.212165e-02
 13  9.992932e-03
 14  8.260496e-03
 15  6.528665e-03
 16  5.529998e-03
 17  4.724762e-03
 18  4.032025e-03
 19  3.426010e-03
 20  2.970080e-03
 21  2.574423e-03
 22  2.187777e-03
 23  1.920931e-03
 24  1.704625e-03
 25  1.531111e-03
 26  1.375722e-03
 27  1.237837e-03
 28  1.137065e-03
 29  1.065607e-03
 30  1.002138e-03
 31  9.580410e-04
 Iteration CPU time: 7 s
 CFIE residual: 0.000958041

 Iseg, Irank, Idinc : 1, 40, 180
 Thata, Phi : 90.000000, 179.000000
 Maximun iteration: 300
 Number of recycle truncation: 30
 Final matrix dimension:  36708
 Residual error:0.001000
 0  5.861299e-01
 1  2.974118e-01
 2  1.847511e-01
 3  1.304361e-01
 4  9.977078e-02
 5  7.947285e-02
 6  6.427549e-02
 7  5.385046e-02
 8  4.489471e-02
 9  3.669825e-02
 10  2.993105e-02
 11  2.449201e-02
 12  1.983561e-02
 13  1.624065e-02
 14  1.321083e-02
 15  1.074163e-02
 16  8.817438e-03
 17  7.207501e-03
 18  6.059920e-03
 19  5.032815e-03
 20  4.199667e-03
 21  3.569809e-03
 22  2.989733e-03
 23  2.551580e-03
 24  2.232903e-03
 25  1.945803e-03
 26  1.722083e-03
 27  1.542632e-03
 28  1.407362e-03
 29  1.287085e-03
 30  1.203366e-03
 31  1.147042e-03
 32  1.107631e-03
 33  1.071148e-03
 34  1.029361e-03
 35  9.676773e-04
 Iteration CPU time: 8 s
 CFIE residual: 0.000967677
 Last Built End in Sep 21 2025 00:06:12
 Total CPU time: 344 s
 Finished.
