 Last Built Begin in Sep 21 2025 00:06:12
 Pre-Type( Input ):           10
 Skl-Tol ( Input ):    1.0000000000000001E-005
 Wavelength in freespace: 0.0314795

 ################################################
 ##         Generating Required Mesh          ##
 ##         Waiting.....                      ##
 ################################################
 Subd No.      Subd Name
    1    Open-Duct_PRIME_model_meshAA1                                     
 isub,  nnode, npatch,  nedge:
    1      6118     12236     18354
 Scale Factor         >>   1.54999997E-02
 ################################################

 START TIME: 20250922   013520.469


 Informaton for IE geometry:
 number of subdomains     : 1
 maxnode,maxpatch,maxedge : 6118  12236  18354
 
 Index of Mat-Reg: 1
 Mat-Reg Number via MatFlg: 1
 Edge Number of Mat-Reg: 1, 18354

 Number of Edge on PEC: 18354
 Mat-Reg: No Dim(m) Lmax:
    1 0.228    5
 Totlmax, add1, add2:           5           6           7
 rlengmax of Global MLFMA >>   0.22776944437153954     
 Lmax of Global MLFMA >>            5
 Wavenum of Mat-Reg:
    1 1.000

 total area in sq m           =      0.0510
 total area in sq lambda      =     51.4348
 maxnode, maxpatch, maxedge           =     6118    12236    18354
 longest  edge in lambda              =      0.1483
 shortest edge in lambda              =      0.0070
 average  edge in lambda              =      0.0990
 largest  patch area in sq lambda     =      0.0074
 smallest patch area in sq lambda     =      0.0000
 ave    surface area in sq lambda     =      0.0042
 size range of the object in sq lambda =      7.2886

 #### MLFMA Info For Each Region ####
 Mat-Region =            1
 Array dimension parameters:
 maxrule=          14   maxgrid  =          64
 lmax   =           5   ncmax    =        1250
 lsmax  =          26   lsmin    =           6
 kpm    =        1356   kp0      =          76
 ntlm   =      204640   nsm      =      205900
 nkpm   =        2152   niplm    =      137728
 ngnearm=       14257   ngsndm   =       64634
 nearm  =         333   mfinestm =         119
 ###############################

 CFIE Alpha:  0.50000000000000000     

 Fill MLFMA FI for Mat-Reg:           1
 Begin filltl.f
 fill translation matrix
 Level:            2
 fill shifting matrix
 Level:            3
 fill shifting matrix
 Level:            4
 fill shifting matrix
 Level:            5
 fill shifting matrix
 translator time(s):  0.107000008    
 fill interpolation matrix
 ThetaOrder            8
 PhiOrder            8
 lsl            6
 Filling TL                  Delta_CPU=          0.51 Memory(MB)=        586.87
 Filling sndgrp              Delta_CPU=          0.01 Memory(MB)=        586.87
 Filling VFS                 Delta_CPU=          2.33 Memory(MB)=        586.87

 Fill MLFMA NI for Mat-Reg:           1
 Begin fill sparser part of Nearfield
 Begin fill denser part of Nearfield
 End fill
 Filling Amn                 Delta_CPU=         92.22 Memory(MB)=        586.87


 Now testing preconditioner with
 ipretype =           10
 method = cfie_solve_nfrasspspre_pardiso

  
 NBP>>Begin fill sparser part of Nearfield

113.7357% NBP>>Begin fill denser part of Nearfield

200.1041%
 Begin MLFMA Box-Matrix Based Spar-RAS Prec Constructor
 --- Intel MKL PARDISO --- 
 Memory for iGroup: 1 0 MB
 Total Memory For SparRAS Pre: 0 MB
 --- PARDISO PRECONDITIONER INITIALIZED --- 
 Constructing preconditioner CPU time: 5 s
 
 1101240
 Memory for Iteration:: 16.8036 MB

 Iseg, Ninc_S : 1, 181, 0

 Iseg, Skeleton Angles: 1, 38
 Iseg, Skel-Pk Mem(MB): 1, 314.35

 Iseg, Irank, Idinc : 1, 1, 22
 Thata, Phi : 90.000000, 21.000000
 Maximun iteration: 300
 Number of recycle truncation: 30
 Final matrix dimension:  36708
 Residual error:0.001000
 0  6.037039e-01
 1  2.896514e-01
 2  1.657892e-01
 3  1.140728e-01
 4  8.151637e-02
 5  6.006008e-02
 6  4.598784e-02
 7  3.651582e-02
 8  2.871533e-02
 9  2.248084e-02
 10  1.764983e-02
 11  1.373682e-02
 12  1.138752e-02
 13  9.318692e-03
 14  7.841991e-03
 15  6.657602e-03
 16  5.619278e-03
 17  4.761955e-03
 18  4.112395e-03
 19  3.514927e-03
 20  3.024685e-03
 21  2.634369e-03
 22  2.327405e-03
 23  2.094731e-03
 24  1.829223e-03
 25  1.553161e-03
 26  1.322205e-03
 27  1.103251e-03
 28  9.120053e-04
 Iteration CPU time: 6 s
 CFIE residual: 0.000912005

 Iseg, Irank, Idinc : 1, 2, 42
 Thata, Phi : 90.000000, 41.000000
 Maximun iteration: 300
 Number of recycle truncation: 30
 Final matrix dimension:  36708
 Residual error:0.001000
 0  6.206326e-01
 1  3.152685e-01
 2  2.008243e-01
 3  1.322125e-01
 4  9.099635e-02
 5  6.636023e-02
 6  4.912585e-02
 7  3.712587e-02
 8  2.865755e-02
 9  2.225782e-02
 10  1.777509e-02
 11  1.445293e-02
 12  1.158554e-02
 13  1.000600e-02
 14  8.455030e-03
 15  7.308900e-03
 16  6.522207e-03
 17  5.750421e-03
 18  4.979591e-03
 19  4.365931e-03
 20  3.711994e-03
 21  3.111842e-03
 22  2.573132e-03
 23  2.091397e-03
 24  1.699282e-03
 25  1.333433e-03
 26  1.054906e-03
 27  8.250544e-04
 Iteration CPU time: 7 s
 CFIE residual: 0.000825054

 Iseg, Irank, Idinc : 1, 3, 63
 Thata, Phi : 90.000000, 62.000000
 Maximun iteration: 300
 Number of recycle truncation: 30
 Final matrix dimension:  36708
 Residual error:0.001000
 0  6.650925e-01
 1  3.543075e-01
 2  2.214158e-01
 3  1.434370e-01
 4  1.049376e-01
 5  7.938915e-02
 6  6.084548e-02
 7  4.893694e-02
 8  3.932107e-02
 9  3.071246e-02
 10  2.453283e-02
 11  1.953294e-02
 12  1.616476e-02
 13  1.386085e-02
 14  1.186199e-02
 15  1.036415e-02
 16  9.170852e-03
 17  7.988043e-03
 18  7.054033e-03
 19  6.012483e-03
 20  5.133957e-03
 21  4.314851e-03
 22  3.499402e-03
 23  2.806232e-03
 24  2.232889e-03
 25  1.702052e-03
 26  1.322988e-03
 27  1.000384e-03
 28  7.638536e-04
 Iteration CPU time: 6 s
 CFIE residual: 0.000763854

 Iseg, Irank, Idinc : 1, 4, 108
 Thata, Phi : 90.000000, 107.000000
 Maximun iteration: 300
 Number of recycle truncation: 30
 Final matrix dimension:  36708
 Residual error:0.001000
 0  6.309596e-01
 1  3.592836e-01
 2  2.276989e-01
 3  1.549485e-01
 4  1.095253e-01
 5  8.235494e-02
 6  6.380136e-02
 7  4.984136e-02
 8  3.898798e-02
 9  3.054862e-02
 10  2.433706e-02
 11  1.933603e-02
 12  1.585909e-02
 13  1.286783e-02
 14  1.085813e-02
 15  9.110189e-03
 16  7.746736e-03
 17  6.682888e-03
 18  5.901112e-03
 19  5.130553e-03
 20  4.488729e-03
 21  3.982641e-03
 22  3.445371e-03
 23  2.987445e-03
 24  2.582253e-03
 25  2.156053e-03
 26  1.740720e-03
 27  1.395538e-03
 28  1.136886e-03
 29  8.860137e-04
 Iteration CPU time: 7 s
 CFIE residual: 0.000886014

 Iseg, Irank, Idinc : 1, 5, 75
 Thata, Phi : 90.000000, 74.000000
 Maximun iteration: 300
 Number of recycle truncation: 30
 Final matrix dimension:  36708
 Residual error:0.001000
 0  6.443508e-01
 1  3.691376e-01
 2  2.392190e-01
 3  1.518208e-01
 4  1.069015e-01
 5  8.290064e-02
 6  6.438641e-02
 7  5.343884e-02
 8  4.270731e-02
 9  3.437502e-02
 10  2.797667e-02
 11  2.254831e-02
 12  1.859970e-02
 13  1.599995e-02
 14  1.380242e-02
 15  1.206191e-02
 16  1.089307e-02
 17  9.539412e-03
 18  8.383768e-03
 19  7.319890e-03
 20  6.385107e-03
 21  5.473293e-03
 22  4.618024e-03
 23  3.769425e-03
 24  3.026035e-03
 25  2.419789e-03
 26  1.897471e-03
 27  1.548769e-03
 28  1.227128e-03
 29  9.751724e-04
 Iteration CPU time: 7 s
 CFIE residual: 0.000975172

 Iseg, Irank, Idinc : 1, 6, 146
 Thata, Phi : 90.000000, 145.000000
 Maximun iteration: 300
 Number of recycle truncation: 30
 Final matrix dimension:  36708
 Residual error:0.001000
 0  6.440007e-01
 1  3.431357e-01
 2  2.078488e-01
 3  1.466498e-01
 4  1.061980e-01
 5  8.296629e-02
 6  6.414416e-02
 7  5.211327e-02
 8  4.325263e-02
 9  3.596095e-02
 10  2.987849e-02
 11  2.439615e-02
 12  2.014269e-02
 13  1.611247e-02
 14  1.267515e-02
 15  1.010883e-02
 16  8.167554e-03
 17  6.780668e-03
 18  5.682661e-03
 19  4.722522e-03
 20  3.970166e-03
 21  3.435606e-03
 22  3.007737e-03
 23  2.640467e-03
 24  2.332365e-03
 25  2.048153e-03
 26  1.772994e-03
 27  1.517487e-03
 28  1.254945e-03
 29  1.036053e-03
 30  8.284706e-04
 Iteration CPU time: 7 s
 CFIE residual: 0.000828471

 Iseg, Irank, Idinc : 1, 7, 159
 Thata, Phi : 90.000000, 158.000000
 Maximun iteration: 300
 Number of recycle truncation: 30
 Final matrix dimension:  36708
 Residual error:0.001000
 0  6.000686e-01
 1  3.119418e-01
 2  1.878623e-01
 3  1.333692e-01
 4  1.015214e-01
 5  8.106357e-02
 6  6.471157e-02
 7  5.319567e-02
 8  4.513487e-02
 9  3.820223e-02
 10  3.252046e-02
 11  2.680886e-02
 12  2.176529e-02
 13  1.723339e-02
 14  1.407357e-02
 15  1.119918e-02
 16  8.739224e-03
 17  7.099792e-03
 18  5.750258e-03
 19  4.782711e-03
 20  3.960771e-03
 21  3.300940e-03
 22  2.852366e-03
 23  2.461781e-03
 24  2.156687e-03
 25  1.907658e-03
 26  1.693601e-03
 27  1.474869e-03
 28  1.252710e-03
 29  1.059528e-03
 30  8.818051e-04
 Iteration CPU time: 7 s
 CFIE residual: 0.000881805

 Iseg, Irank, Idinc : 1, 8, 132
 Thata, Phi : 90.000000, 131.000000
 Maximun iteration: 300
 Number of recycle truncation: 30
 Final matrix dimension:  36708
 Residual error:0.001000
 0  6.836094e-01
 1  3.602993e-01
 2  2.321533e-01
 3  1.589976e-01
 4  1.140511e-01
 5  8.777229e-02
 6  6.688247e-02
 7  5.282236e-02
 8  4.196581e-02
 9  3.339851e-02
 10  2.678289e-02
 11  2.116062e-02
 12  1.718044e-02
 13  1.418992e-02
 14  1.166740e-02
 15  9.648587e-03
 16  7.987912e-03
 17  6.805379e-03
 18  5.870449e-03
 19  5.166134e-03
 20  4.520473e-03
 21  4.011927e-03
 22  3.528660e-03
 23  3.140942e-03
 24  2.708540e-03
 25  2.258871e-03
 26  1.901473e-03
 27  1.565796e-03
 28  1.314831e-03
 29  1.092070e-03
 30  8.781879e-04
 Iteration CPU time: 7 s
 CFIE residual: 0.000878188

 Iseg, Irank, Idinc : 1, 9, 122
 Thata, Phi : 90.000000, 121.000000
 Maximun iteration: 300
 Number of recycle truncation: 30
 Final matrix dimension:  36708
 Residual error:0.001000
 0  6.528028e-01
 1  3.470440e-01
 2  2.287579e-01
 3  1.581941e-01
 4  1.119498e-01
 5  8.543160e-02
 6  6.543214e-02
 7  5.130540e-02
 8  3.889063e-02
 9  3.067798e-02
 10  2.434237e-02
 11  1.918765e-02
 12  1.531784e-02
 13  1.296735e-02
 14  1.103929e-02
 15  9.426412e-03
 16  8.061723e-03
 17  6.926927e-03
 18  6.039174e-03
 19  5.229564e-03
 20  4.533419e-03
 21  3.956474e-03
 22  3.454323e-03
 23  2.973715e-03
 24  2.556433e-03
 25  2.139349e-03
 26  1.786668e-03
 27  1.486186e-03
 28  1.222083e-03
 29  9.722833e-04
 Iteration CPU time: 6 s
 CFIE residual: 0.000972283

 Iseg, Irank, Idinc : 1, 10, 89
 Thata, Phi : 90.000000, 88.000000
 Maximun iteration: 300
 Number of recycle truncation: 30
 Final matrix dimension:  36708
 Residual error:0.001000
 0  6.245698e-01
 1  3.584050e-01
 2  2.310529e-01
 3  1.570270e-01
 4  1.137915e-01
 5  8.956573e-02
 6  7.006820e-02
 7  5.583820e-02
 8  4.601259e-02
 9  3.647677e-02
 10  2.867392e-02
 11  2.285177e-02
 12  1.869965e-02
 13  1.543998e-02
 14  1.304884e-02
 15  1.129607e-02
 16  9.838659e-03
 17  8.734432e-03
 18  7.725368e-03
 19  6.780916e-03
 20  5.942033e-03
 21  5.101685e-03
 22  4.177256e-03
 23  3.445640e-03
 24  2.811133e-03
 25  2.278668e-03
 26  1.772222e-03
 27  1.389598e-03
 28  1.087237e-03
 29  8.518041e-04
 Iteration CPU time: 7 s
 CFIE residual: 0.000851804

 Iseg, Irank, Idinc : 1, 11, 32
 Thata, Phi : 90.000000, 31.000000
 Maximun iteration: 300
 Number of recycle truncation: 30
 Final matrix dimension:  36708
 Residual error:0.001000
 0  6.300567e-01
 1  3.053190e-01
 2  1.794666e-01
 3  1.139602e-01
 4  8.072566e-02
 5  6.024445e-02
 6  4.443658e-02
 7  3.438388e-02
 8  2.617283e-02
 9  2.029102e-02
 10  1.654635e-02
 11  1.328315e-02
 12  1.092685e-02
 13  9.231707e-03
 14  7.652386e-03
 15  6.499269e-03
 16  5.689033e-03
 17  4.933312e-03
 18  4.284907e-03
 19  3.774167e-03
 20  3.266700e-03
 21  2.817792e-03
 22  2.466341e-03
 23  2.140606e-03
 24  1.832945e-03
 25  1.509167e-03
 26  1.240466e-03
 27  9.921187e-04
 Iteration CPU time: 7 s
 CFIE residual: 0.000992119

 Iseg, Irank, Idinc : 1, 12, 53
 Thata, Phi : 90.000000, 52.000000
 Maximun iteration: 300
 Number of recycle truncation: 30
 Final matrix dimension:  36708
 Residual error:0.001000
 0  6.415314e-01
 1  3.323506e-01
 2  2.069716e-01
 3  1.358075e-01
 4  9.645219e-02
 5  7.207090e-02
 6  5.553516e-02
 7  4.290315e-02
 8  3.376784e-02
 9  2.607223e-02
 10  2.062176e-02
 11  1.701272e-02
 12  1.411106e-02
 13  1.223658e-02
 14  1.057790e-02
 15  9.177747e-03
 16  8.131203e-03
 17  7.162265e-03
 18  6.177847e-03
 19  5.191060e-03
 20  4.351176e-03
 21  3.638132e-03
 22  2.934803e-03
 23  2.343760e-03
 24  1.847167e-03
 25  1.422308e-03
 26  1.097589e-03
 27  8.887243e-04
 Iteration CPU time: 6 s
 CFIE residual: 0.000888724

 Iseg, Irank, Idinc : 1, 13, 11
 Thata, Phi : 90.000000, 10.000000
 Maximun iteration: 300
 Number of recycle truncation: 30
 Final matrix dimension:  36708
 Residual error:0.001000
 0  5.331025e-01
 1  2.745362e-01
 2  1.718557e-01
 3  1.230003e-01
 4  8.860802e-02
 5  6.724235e-02
 6  5.124907e-02
 7  4.010504e-02
 8  3.101568e-02
 9  2.403488e-02
 10  1.911626e-02
 11  1.514505e-02
 12  1.184393e-02
 13  9.622170e-03
 14  7.906505e-03
 15  6.609589e-03
 16  5.668706e-03
 17  4.782444e-03
 18  4.150802e-03
 19  3.634667e-03
 20  3.128966e-03
 21  2.695869e-03
 22  2.371313e-03
 23  2.122624e-03
 24  1.843342e-03
 25  1.583667e-03
 26  1.383930e-03
 27  1.201297e-03
 28  1.023647e-03
 29  8.446160e-04
 Iteration CPU time: 7 s
 CFIE residual: 0.000844616

 Iseg, Irank, Idinc : 1, 14, 178
 Thata, Phi : 90.000000, 177.000000
 Maximun iteration: 300
 Number of recycle truncation: 30
 Final matrix dimension:  36708
 Residual error:0.001000
 0  5.488982e-01
 1  3.000914e-01
 2  1.910495e-01
 3  1.378653e-01
 4  1.071169e-01
 5  8.392049e-02
 6  6.873782e-02
 7  5.603175e-02
 8  4.452273e-02
 9  3.620963e-02
 10  2.856319e-02
 11  2.245162e-02
 12  1.758743e-02
 13  1.380410e-02
 14  1.092796e-02
 15  8.545240e-03
 16  6.903151e-03
 17  5.643253e-03
 18  4.665249e-03
 19  3.835622e-03
 20  3.165113e-03
 21  2.719202e-03
 22  2.378540e-03
 23  2.082052e-03
 24  1.841308e-03
 25  1.597652e-03
 26  1.413769e-03
 27  1.257349e-03
 28  1.083200e-03
 29  9.217851e-04
 Iteration CPU time: 6 s
 CFIE residual: 0.000921785

 Iseg, Irank, Idinc : 1, 15, 97
 Thata, Phi : 90.000000, 96.000000
 Maximun iteration: 300
 Number of recycle truncation: 30
 Final matrix dimension:  36708
 Residual error:0.001000
 0  6.221365e-01
 1  3.573419e-01
 2  2.257219e-01
 3  1.510877e-01
 4  1.084213e-01
 5  8.279426e-02
 6  6.518645e-02
 7  5.247729e-02
 8  4.199551e-02
 9  3.336902e-02
 10  2.637844e-02
 11  2.090992e-02
 12  1.711119e-02
 13  1.419882e-02
 14  1.179617e-02
 15  1.027041e-02
 16  8.927482e-03
 17  7.858091e-03
 18  7.005676e-03
 19  6.197847e-03
 20  5.503225e-03
 21  4.871842e-03
 22  4.131451e-03
 23  3.479915e-03
 24  2.902378e-03
 25  2.369717e-03
 26  1.912152e-03
 27  1.512109e-03
 28  1.195988e-03
 29  9.092129e-04
 Iteration CPU time: 6 s
 CFIE residual: 0.000909213

 Iseg, Irank, Idinc : 1, 16, 82
 Thata, Phi : 90.000000, 81.000000
 Maximun iteration: 300
 Number of recycle truncation: 30
 Final matrix dimension:  36708
 Residual error:0.001000
 0  6.289764e-01
 1  3.596543e-01
 2  2.334930e-01
 3  1.561824e-01
 4  1.122735e-01
 5  8.847213e-02
 6  6.856449e-02
 7  5.489119e-02
 8  4.542981e-02
 9  3.524783e-02
 10  2.784703e-02
 11  2.216850e-02
 12  1.839463e-02
 13  1.537997e-02
 14  1.323239e-02
 15  1.152243e-02
 16  1.012541e-02
 17  8.873882e-03
 18  7.892999e-03
 19  6.847727e-03
 20  5.992213e-03
 21  5.121260e-03
 22  4.268009e-03
 23  3.512870e-03
 24  2.886185e-03
 25  2.319072e-03
 26  1.854709e-03
 27  1.482036e-03
 28  1.175345e-03
 29  9.281983e-04
 Iteration CPU time: 7 s
 CFIE residual: 0.000928198

 Iseg, Irank, Idinc : 1, 17, 115
 Thata, Phi : 90.000000, 114.000000
 Maximun iteration: 300
 Number of recycle truncation: 30
 Final matrix dimension:  36708
 Residual error:0.001000
 0  6.451877e-01
 1  3.522946e-01
 2  2.252446e-01
 3  1.554829e-01
 4  1.099444e-01
 5  8.299534e-02
 6  6.411237e-02
 7  4.933660e-02
 8  3.799280e-02
 9  3.002784e-02
 10  2.382093e-02
 11  1.906849e-02
 12  1.541590e-02
 13  1.289193e-02
 14  1.084149e-02
 15  9.174117e-03
 16  7.762052e-03
 17  6.667910e-03
 18  5.717718e-03
 19  5.004136e-03
 20  4.370951e-03
 21  3.832487e-03
 22  3.311145e-03
 23  2.875000e-03
 24  2.424634e-03
 25  2.033768e-03
 26  1.686669e-03
 27  1.381501e-03
 28  1.112762e-03
 29  8.642370e-04
 Iteration CPU time: 7 s
 CFIE residual: 0.000864237

 Iseg, Irank, Idinc : 1, 18, 1
 Thata, Phi : 90.000000, 0.000000
 Maximun iteration: 300
 Number of recycle truncation: 30
 Final matrix dimension:  36708
 Residual error:0.001000
 0  5.010473e-01
 1  2.660025e-01
 2  1.731349e-01
 3  1.203695e-01
 4  8.651390e-02
 5  6.445324e-02
 6  4.931576e-02
 7  3.755174e-02
 8  2.988372e-02
 9  2.229929e-02
 10  1.720483e-02
 11  1.366649e-02
 12  1.079873e-02
 13  8.792835e-03
 14  7.172518e-03
 15  5.818837e-03
 16  4.871038e-03
 17  4.157568e-03
 18  3.610541e-03
 19  3.098454e-03
 20  2.693324e-03
 21  2.432130e-03
 22  2.115841e-03
 23  1.832679e-03
 24  1.588637e-03
 25  1.368957e-03
 26  1.199751e-03
 27  1.011511e-03
 28  8.409142e-04
 Iteration CPU time: 6 s
 CFIE residual: 0.000840914

 Iseg, Irank, Idinc : 1, 19, 167
 Thata, Phi : 90.000000, 166.000000
 Maximun iteration: 300
 Number of recycle truncation: 30
 Final matrix dimension:  36708
 Residual error:0.001000
 0  5.708916e-01
 1  3.018125e-01
 2  1.867244e-01
 3  1.361885e-01
 4  1.053697e-01
 5  8.498340e-02
 6  6.903637e-02
 7  5.659593e-02
 8  4.733855e-02
 9  3.985405e-02
 10  3.343130e-02
 11  2.753211e-02
 12  2.229069e-02
 13  1.783796e-02
 14  1.433229e-02
 15  1.156834e-02
 16  9.152596e-03
 17  7.560893e-03
 18  6.119386e-03
 19  4.968150e-03
 20  4.032027e-03
 21  3.352201e-03
 22  2.853703e-03
 23  2.459196e-03
 24  2.140281e-03
 25  1.848985e-03
 26  1.642877e-03
 27  1.440137e-03
 28  1.275539e-03
 29  1.113108e-03
 30  9.583818e-04
 Iteration CPU time: 7 s
 CFIE residual: 0.000958382

 Iseg, Irank, Idinc : 1, 20, 152
 Thata, Phi : 90.000000, 151.000000
 Maximun iteration: 300
 Number of recycle truncation: 30
 Final matrix dimension:  36708
 Residual error:0.001000
 0  6.249534e-01
 1  3.305598e-01
 2  1.990475e-01
 3  1.410739e-01
 4  1.039808e-01
 5  8.190252e-02
 6  6.475129e-02
 7  5.283375e-02
 8  4.470160e-02
 9  3.776195e-02
 10  3.139838e-02
 11  2.563474e-02
 12  2.063568e-02
 13  1.643573e-02
 14  1.287095e-02
 15  1.020292e-02
 16  7.956099e-03
 17  6.590206e-03
 18  5.426787e-03
 19  4.485380e-03
 20  3.785073e-03
 21  3.189232e-03
 22  2.771772e-03
 23  2.424967e-03
 24  2.147112e-03
 25  1.882920e-03
 26  1.622461e-03
 27  1.402253e-03
 28  1.153656e-03
 29  9.417671e-04
 Iteration CPU time: 7 s
 CFIE residual: 0.000941767

 Iseg, Irank, Idinc : 1, 21, 181
 Thata, Phi : 90.000000, 180.000000
 Maximun iteration: 300
 Number of recycle truncation: 30
 Final matrix dimension:  36708
 Residual error:0.001000
 0  5.474351e-01
 1  3.001341e-01
 2  1.911197e-01
 3  1.377955e-01
 4  1.069233e-01
 5  8.344284e-02
 6  6.828125e-02
 7  5.568510e-02
 8  4.407437e-02
 9  3.565938e-02
 10  2.772616e-02
 11  2.129445e-02
 12  1.621144e-02
 13  1.231233e-02
 14  9.445876e-03
 15  7.257488e-03
 16  5.767421e-03
 17  4.775872e-03
 18  3.870484e-03
 19  3.231905e-03
 20  2.764314e-03
 21  2.393873e-03
 22  2.105730e-03
 23  1.856382e-03
 24  1.664704e-03
 25  1.458174e-03
 26  1.295324e-03
 27  1.123969e-03
 28  9.379946e-04
 Iteration CPU time: 7 s
 CFIE residual: 0.000937995

 Iseg, Irank, Idinc : 1, 22, 16
 Thata, Phi : 90.000000, 15.000000
 Maximun iteration: 300
 Number of recycle truncation: 30
 Final matrix dimension:  36708
 Residual error:0.001000
 0  5.639209e-01
 1  2.811712e-01
 2  1.696315e-01
 3  1.206474e-01
 4  8.666346e-02
 5  6.511315e-02
 6  4.992726e-02
 7  3.974283e-02
 8  3.086036e-02
 9  2.394356e-02
 10  1.881295e-02
 11  1.493338e-02
 12  1.188011e-02
 13  9.550347e-03
 14  8.005225e-03
 15  6.719307e-03
 16  5.679007e-03
 17  4.844968e-03
 18  4.221217e-03
 19  3.621834e-03
 20  3.093250e-03
 21  2.714028e-03
 22  2.378306e-03
 23  2.160415e-03
 24  1.878775e-03
 25  1.602063e-03
 26  1.389429e-03
 27  1.181304e-03
 28  9.914441e-04
 Iteration CPU time: 6 s
 CFIE residual: 0.000991444

 Iseg, Irank, Idinc : 1, 23, 69
 Thata, Phi : 90.000000, 68.000000
 Maximun iteration: 300
 Number of recycle truncation: 30
 Final matrix dimension:  36708
 Residual error:0.001000
 0  6.590673e-01
 1  3.658066e-01
 2  2.319262e-01
 3  1.516679e-01
 4  1.109734e-01
 5  8.450309e-02
 6  6.510279e-02
 7  5.282548e-02
 8  4.294043e-02
 9  3.417711e-02
 10  2.788389e-02
 11  2.262940e-02
 12  1.849164e-02
 13  1.571043e-02
 14  1.341750e-02
 15  1.182524e-02
 16  1.050463e-02
 17  9.304331e-03
 18  8.137850e-03
 19  7.040144e-03
 20  6.098803e-03
 21  5.212728e-03
 22  4.370326e-03
 23  3.593795e-03
 24  2.862428e-03
 25  2.220000e-03
 26  1.762339e-03
 27  1.381237e-03
 28  1.078965e-03
 29  8.240285e-04
 Iteration CPU time: 7 s
 CFIE residual: 0.000824029

 Iseg, Irank, Idinc : 1, 24, 139
 Thata, Phi : 90.000000, 138.000000
 Maximun iteration: 300
 Number of recycle truncation: 30
 Final matrix dimension:  36708
 Residual error:0.001000
 0  6.848397e-01
 1  3.547890e-01
 2  2.224141e-01
 3  1.544498e-01
 4  1.124449e-01
 5  8.579333e-02
 6  6.442835e-02
 7  5.171287e-02
 8  4.290427e-02
 9  3.462045e-02
 10  2.816598e-02
 11  2.269459e-02
 12  1.897893e-02
 13  1.520733e-02
 14  1.214811e-02
 15  9.753032e-03
 16  8.113269e-03
 17  6.727614e-03
 18  5.703803e-03
 19  4.922012e-03
 20  4.280040e-03
 21  3.799141e-03
 22  3.353062e-03
 23  2.930485e-03
 24  2.556876e-03
 25  2.171756e-03
 26  1.838060e-03
 27  1.520377e-03
 28  1.228731e-03
 29  9.958536e-04
 Iteration CPU time: 7 s
 CFIE residual: 0.000995854

 Iseg, Irank, Idinc : 1, 25, 5
 Thata, Phi : 90.000000, 4.000000
 Maximun iteration: 300
 Number of recycle truncation: 30
 Final matrix dimension:  36708
 Residual error:0.001000
 0  5.071338e-01
 1  2.677509e-01
 2  1.728122e-01
 3  1.212857e-01
 4  8.770934e-02
 5  6.602077e-02
 6  5.044473e-02
 7  3.811715e-02
 8  2.993059e-02
 9  2.268735e-02
 10  1.781021e-02
 11  1.449457e-02
 12  1.151507e-02
 13  9.272540e-03
 14  7.666481e-03
 15  6.362735e-03
 16  5.393244e-03
 17  4.577722e-03
 18  3.945807e-03
 19  3.479347e-03
 20  3.030716e-03
 21  2.621312e-03
 22  2.295328e-03
 23  2.053765e-03
 24  1.766753e-03
 25  1.524099e-03
 26  1.325459e-03
 27  1.166665e-03
 28  9.854395e-04
 Iteration CPU time: 6 s
 CFIE residual: 0.00098544

 Iseg, Irank, Idinc : 1, 26, 173
 Thata, Phi : 90.000000, 172.000000
 Maximun iteration: 300
 Number of recycle truncation: 30
 Final matrix dimension:  36708
 Residual error:0.001000
 0  5.563937e-01
 1  3.001333e-01
 2  1.901792e-01
 3  1.379971e-01
 4  1.075291e-01
 5  8.557052e-02
 6  7.006258e-02
 7  5.707368e-02
 8  4.639481e-02
 9  3.856734e-02
 10  3.164688e-02
 11  2.578867e-02
 12  2.082041e-02
 13  1.651513e-02
 14  1.345294e-02
 15  1.080223e-02
 16  8.648465e-03
 17  7.056040e-03
 18  5.669354e-03
 19  4.617131e-03
 20  3.762372e-03
 21  3.148851e-03
 22  2.697645e-03
 23  2.332030e-03
 24  2.018003e-03
 25  1.736598e-03
 26  1.537776e-03
 27  1.353347e-03
 28  1.192682e-03
 29  1.041197e-03
 30  8.990413e-04
 Iteration CPU time: 6 s
 CFIE residual: 0.000899041

 Iseg, Irank, Idinc : 1, 27, 47
 Thata, Phi : 90.000000, 46.000000
 Maximun iteration: 300
 Number of recycle truncation: 30
 Final matrix dimension:  36708
 Residual error:0.001000
 0  6.291948e-01
 1  3.207942e-01
 2  2.037020e-01
 3  1.357480e-01
 4  9.514824e-02
 5  7.001630e-02
 6  5.274899e-02
 7  4.043497e-02
 8  3.157096e-02
 9  2.460470e-02
 10  1.955291e-02
 11  1.587823e-02
 12  1.285212e-02
 13  1.104700e-02
 14  9.462010e-03
 15  8.185895e-03
 16  7.277213e-03
 17  6.408370e-03
 18  5.580827e-03
 19  4.666351e-03
 20  3.901206e-03
 21  3.248583e-03
 22  2.672736e-03
 23  2.130445e-03
 24  1.694834e-03
 25  1.340738e-03
 26  1.052224e-03
 27  8.362886e-04
 Iteration CPU time: 7 s
 CFIE residual: 0.000836289

 Iseg, Irank, Idinc : 1, 28, 102
 Thata, Phi : 90.000000, 101.000000
 Maximun iteration: 300
 Number of recycle truncation: 30
 Final matrix dimension:  36708
 Residual error:0.001000
 0  6.202654e-01
 1  3.561753e-01
 2  2.253513e-01
 3  1.520057e-01
 4  1.062115e-01
 5  8.056508e-02
 6  6.257837e-02
 7  4.943672e-02
 8  3.903274e-02
 9  3.027607e-02
 10  2.482741e-02
 11  1.958488e-02
 12  1.605060e-02
 13  1.328384e-02
 14  1.117698e-02
 15  9.424507e-03
 16  8.240899e-03
 17  7.202328e-03
 18  6.431505e-03
 19  5.681091e-03
 20  5.027497e-03
 21  4.406764e-03
 22  3.791743e-03
 23  3.242785e-03
 24  2.736044e-03
 25  2.259901e-03
 26  1.839367e-03
 27  1.480546e-03
 28  1.178349e-03
 29  9.272619e-04
 Iteration CPU time: 7 s
 CFIE residual: 0.000927262

 Iseg, Irank, Idinc : 1, 29, 27
 Thata, Phi : 90.000000, 26.000000
 Maximun iteration: 300
 Number of recycle truncation: 30
 Final matrix dimension:  36708
 Residual error:0.001000
 0  6.269605e-01
 1  2.974092e-01
 2  1.684619e-01
 3  1.101885e-01
 4  7.850605e-02
 5  5.823802e-02
 6  4.366204e-02
 7  3.409502e-02
 8  2.645989e-02
 9  2.069208e-02
 10  1.652165e-02
 11  1.312272e-02
 12  1.079724e-02
 13  8.954137e-03
 14  7.496205e-03
 15  6.468342e-03
 16  5.500883e-03
 17  4.680323e-03
 18  4.059681e-03
 19  3.536116e-03
 20  3.064698e-03
 21  2.665537e-03
 22  2.372815e-03
 23  2.109979e-03
 24  1.827097e-03
 25  1.526204e-03
 26  1.281052e-03
 27  1.054016e-03
 28  8.648628e-04
 Iteration CPU time: 6 s
 CFIE residual: 0.000864863

 Iseg, Irank, Idinc : 1, 30, 127
 Thata, Phi : 90.000000, 126.000000
 Maximun iteration: 300
 Number of recycle truncation: 30
 Final matrix dimension:  36708
 Residual error:0.001000
 0  6.609133e-01
 1  3.520005e-01
 2  2.304263e-01
 3  1.577380e-01
 4  1.128030e-01
 5  8.744906e-02
 6  6.656187e-02
 7  5.221656e-02
 8  4.021974e-02
 9  3.223721e-02
 10  2.521743e-02
 11  1.977012e-02
 12  1.613756e-02
 13  1.345325e-02
 14  1.121850e-02
 15  9.480285e-03
 16  8.026449e-03
 17  6.900941e-03
 18  6.124077e-03
 19  5.223717e-03
 20  4.569387e-03
 21  4.004993e-03
 22  3.524665e-03
 23  3.061076e-03
 24  2.647804e-03
 25  2.215980e-03
 26  1.879616e-03
 27  1.569249e-03
 28  1.346008e-03
 29  1.129355e-03
 30  8.943475e-04
 Iteration CPU time: 7 s
 CFIE residual: 0.000894347

 Iseg, Irank, Idinc : 1, 31, 163
 Thata, Phi : 90.000000, 162.000000
 Maximun iteration: 300
 Number of recycle truncation: 30
 Final matrix dimension:  36708
 Residual error:0.001000
 0  5.841462e-01
 1  3.050930e-01
 2  1.851689e-01
 3  1.335501e-01
 4  1.027895e-01
 5  8.280718e-02
 6  6.655420e-02
 7  5.479688e-02
 8  4.616299e-02
 9  3.912815e-02
 10  3.305710e-02
 11  2.734474e-02
 12  2.235551e-02
 13  1.791245e-02
 14  1.450691e-02
 15  1.161246e-02
 16  9.125031e-03
 17  7.534282e-03
 18  6.108161e-03
 19  4.952522e-03
 20  4.067030e-03
 21  3.396075e-03
 22  2.891753e-03
 23  2.485183e-03
 24  2.169252e-03
 25  1.893232e-03
 26  1.685001e-03
 27  1.476878e-03
 28  1.287356e-03
 29  1.109319e-03
 30  9.422986e-04
 Iteration CPU time: 7 s
 CFIE residual: 0.000942299

 Iseg, Irank, Idinc : 1, 32, 3
 Thata, Phi : 90.000000, 2.000000
 Maximun iteration: 300
 Number of recycle truncation: 30
 Final matrix dimension:  36708
 Residual error:0.001000
 0  5.026349e-01
 1  2.664567e-01
 2  1.730378e-01
 3  1.206028e-01
 4  8.684492e-02
 5  6.492140e-02
 6  4.966954e-02
 7  3.764296e-02
 8  2.986313e-02
 9  2.236336e-02
 10  1.731612e-02
 11  1.400616e-02
 12  1.121708e-02
 13  9.042515e-03
 14  7.460678e-03
 15  6.161828e-03
 16  5.189950e-03
 17  4.437594e-03
 18  3.845792e-03
 19  3.371790e-03
 20  2.947811e-03
 21  2.569727e-03
 22  2.255667e-03
 23  2.005004e-03
 24  1.729092e-03
 25  1.486944e-03
 26  1.300859e-03
 27  1.127353e-03
 28  9.496361e-04
 Iteration CPU time: 7 s
 CFIE residual: 0.000949636

 Iseg, Irank, Idinc : 1, 33, 58
 Thata, Phi : 90.000000, 57.000000
 Maximun iteration: 300
 Number of recycle truncation: 30
 Final matrix dimension:  36708
 Residual error:0.001000
 0  6.572649e-01
 1  3.419867e-01
 2  2.140065e-01
 3  1.372641e-01
 4  9.823181e-02
 5  7.238830e-02
 6  5.687629e-02
 7  4.560929e-02
 8  3.629352e-02
 9  2.807995e-02
 10  2.226575e-02
 11  1.819373e-02
 12  1.504825e-02
 13  1.288812e-02
 14  1.111542e-02
 15  9.632517e-03
 16  8.501170e-03
 17  7.432602e-03
 18  6.515613e-03
 19  5.471673e-03
 20  4.597031e-03
 21  3.817903e-03
 22  3.161393e-03
 23  2.499190e-03
 24  1.969360e-03
 25  1.511631e-03
 26  1.163159e-03
 27  9.048395e-04
 Iteration CPU time: 6 s
 CFIE residual: 0.00090484

 Iseg, Irank, Idinc : 1, 34, 180
 Thata, Phi : 90.000000, 179.000000
 Maximun iteration: 300
 Number of recycle truncation: 30
 Final matrix dimension:  36708
 Residual error:0.001000
 0  5.476176e-01
 1  3.001327e-01
 2  1.911163e-01
 3  1.378051e-01
 4  1.069469e-01
 5  8.349973e-02
 6  6.833864e-02
 7  5.573146e-02
 8  4.413202e-02
 9  3.572915e-02
 10  2.783272e-02
 11  2.145269e-02
 12  1.644169e-02
 13  1.261207e-02
 14  9.767876e-03
 15  7.510670e-03
 16  6.008032e-03
 17  5.015253e-03
 18  4.155739e-03
 19  3.454070e-03
 20  2.915157e-03
 21  2.520191e-03
 22  2.233623e-03
 23  1.971394e-03
 24  1.750875e-03
 25  1.522703e-03
 26  1.346769e-03
 27  1.192315e-03
 28  1.002929e-03
 29  8.300859e-04
 Iteration CPU time: 7 s
 CFIE residual: 0.000830086

 Iseg, Irank, Idinc : 1, 35, 37
 Thata, Phi : 90.000000, 36.000000
 Maximun iteration: 300
 Number of recycle truncation: 30
 Final matrix dimension:  36708
 Residual error:0.001000
 0  6.200850e-01
 1  3.121603e-01
 2  1.931461e-01
 3  1.234555e-01
 4  8.513928e-02
 5  6.267328e-02
 6  4.616430e-02
 7  3.539795e-02
 8  2.698143e-02
 9  2.070961e-02
 10  1.665922e-02
 11  1.351586e-02
 12  1.111859e-02
 13  9.538160e-03
 14  7.938213e-03
 15  6.777797e-03
 16  6.027494e-03
 17  5.252836e-03
 18  4.548451e-03
 19  3.993095e-03
 20  3.431425e-03
 21  2.919655e-03
 22  2.474797e-03
 23  2.078069e-03
 24  1.751244e-03
 25  1.427870e-03
 26  1.154891e-03
 27  9.100032e-04
 Iteration CPU time: 6 s
 CFIE residual: 0.000910003

 Iseg, Irank, Idinc : 1, 36, 93
 Thata, Phi : 90.000000, 92.000000
 Maximun iteration: 300
 Number of recycle truncation: 30
 Final matrix dimension:  36708
 Residual error:0.001000
 0  6.244513e-01
 1  3.592149e-01
 2  2.286863e-01
 3  1.526514e-01
 4  1.116209e-01
 5  8.716825e-02
 6  6.880883e-02
 7  5.495512e-02
 8  4.467072e-02
 9  3.592856e-02
 10  2.806133e-02
 11  2.228765e-02
 12  1.827647e-02
 13  1.519542e-02
 14  1.277716e-02
 15  1.105159e-02
 16  9.528567e-03
 17  8.458932e-03
 18  7.499293e-03
 19  6.580670e-03
 20  5.810125e-03
 21  5.060423e-03
 22  4.193368e-03
 23  3.492807e-03
 24  2.902071e-03
 25  2.360755e-03
 26  1.850611e-03
 27  1.442296e-03
 28  1.107609e-03
 29  8.387763e-04
 Iteration CPU time: 7 s
 CFIE residual: 0.000838776

 Iseg, Irank, Idinc : 1, 37, 142
 Thata, Phi : 90.000000, 141.000000
 Maximun iteration: 300
 Number of recycle truncation: 30
 Final matrix dimension:  36708
 Residual error:0.001000
 0  6.665146e-01
 1  3.497285e-01
 2  2.149409e-01
 3  1.502523e-01
 4  1.093764e-01
 5  8.438441e-02
 6  6.386345e-02
 7  5.145686e-02
 8  4.247040e-02
 9  3.467906e-02
 10  2.882934e-02
 11  2.344537e-02
 12  1.949828e-02
 13  1.545720e-02
 14  1.206166e-02
 15  9.771597e-03
 16  8.154431e-03
 17  6.771882e-03
 18  5.651218e-03
 19  4.843291e-03
 20  4.140627e-03
 21  3.648499e-03
 22  3.226291e-03
 23  2.815659e-03
 24  2.479908e-03
 25  2.145913e-03
 26  1.851698e-03
 27  1.535672e-03
 28  1.242988e-03
 29  1.015141e-03
 30  8.128084e-04
 Iteration CPU time: 7 s
 CFIE residual: 0.000812808

 Iseg, Irank, Idinc : 1, 38, 8
 Thata, Phi : 90.000000, 7.000000
 Maximun iteration: 300
 Number of recycle truncation: 30
 Final matrix dimension:  36708
 Residual error:0.001000
 0  5.182354e-01
 1  2.708038e-01
 2  1.724131e-01
 3  1.225926e-01
 4  8.880367e-02
 5  6.729577e-02
 6  5.122928e-02
 7  3.919395e-02
 8  3.041930e-02
 9  2.353033e-02
 10  1.873555e-02
 11  1.488813e-02
 12  1.168425e-02
 13  9.430006e-03
 14  7.820355e-03
 15  6.541583e-03
 16  5.564361e-03
 17  4.691182e-03
 18  4.049792e-03
 19  3.570079e-03
 20  3.090193e-03
 21  2.667404e-03
 22  2.334889e-03
 23  2.090048e-03
 24  1.799367e-03
 25  1.557433e-03
 26  1.352223e-03
 27  1.193194e-03
 28  1.011192e-03
 29  8.393419e-04
 Iteration CPU time: 6 s
 CFIE residual: 0.000839342
 Last Built End in Sep 21 2025 00:06:12
 Total CPU time: 272 s
 Finished.
