 Last Built Begin in Sep 21 2025 00:06:12
 Pre-Type( Input ):           10
 Skl-Tol ( Input ):    1.0000000000000001E-005
 Wavelength in freespace: 0.0294985

 ################################################
 ##         Generating Required Mesh          ##
 ##         Waiting.....                      ##
 ################################################
 Subd No.      Subd Name
    1    Open-Duct_PRIME_model_meshAA1                                     
 isub,  nnode, npatch,  nedge:
    1      6118     12236     18354
 Scale Factor         >>   1.54999997E-02
 ################################################

 START TIME: 20250922   063606.042


 Informaton for IE geometry:
 number of subdomains     : 1
 maxnode,maxpatch,maxedge : 6118  12236  18354
 
 Index of Mat-Reg: 1
 Mat-Reg Number via MatFlg: 1
 Edge Number of Mat-Reg: 1, 18354

 Number of Edge on PEC: 18354
 Mat-Reg: No Dim(m) Lmax:
    1 0.243    5
 Totlmax, add1, add2:           5           6           7
 rlengmax of Global MLFMA >>   0.24306560852660622     
 Lmax of Global MLFMA >>            5
 Wavenum of Mat-Reg:
    1 1.000

 total area in sq m           =      0.0510
 total area in sq lambda      =     58.5752
 maxnode, maxpatch, maxedge           =     6118    12236    18354
 longest  edge in lambda              =      0.1582
 shortest edge in lambda              =      0.0075
 average  edge in lambda              =      0.1056
 largest  patch area in sq lambda     =      0.0085
 smallest patch area in sq lambda     =      0.0000
 ave    surface area in sq lambda     =      0.0048
 size range of the object in sq lambda =      7.7781

 #### MLFMA Info For Each Region ####
 Mat-Region =            1
 Array dimension parameters:
 maxrule=          14   maxgrid  =          64
 lmax   =           5   ncmax    =        1250
 lsmax  =          27   lsmin    =           7
 kpm    =        1462   kp0      =         102
 ntlm   =      217096   nsm      =      232158
 nkpm   =        2284   niplm    =      146176
 ngnearm=       14257   ngsndm   =       64634
 nearm  =         333   mfinestm =         119
 ###############################

 CFIE Alpha:  0.50000000000000000     

 Fill MLFMA FI for Mat-Reg:           1
 Begin filltl.f
 fill translation matrix
 Level:            2
 fill shifting matrix
 Level:            3
 fill shifting matrix
 Level:            4
 fill shifting matrix
 Level:            5
 fill shifting matrix
 translator time(s):  0.122000009    
 fill interpolation matrix
 ThetaOrder            8
 PhiOrder            8
 lsl            7
 Filling TL                  Delta_CPU=          0.55 Memory(MB)=        653.98
 Filling sndgrp              Delta_CPU=          0.00 Memory(MB)=        653.98
 Filling VFS                 Delta_CPU=          3.25 Memory(MB)=        653.98

 Fill MLFMA NI for Mat-Reg:           1
 Begin fill sparser part of Nearfield
 Begin fill denser part of Nearfield
 End fill
 Filling Amn                 Delta_CPU=         89.79 Memory(MB)=        653.98


 Now testing preconditioner with
 ipretype =           10
 method = cfie_solve_nfrasspspre_pardiso

  
 NBP>>Begin fill sparser part of Nearfield

116.7534% NBP>>Begin fill denser part of Nearfield

200.1041%
 Begin MLFMA Box-Matrix Based Spar-RAS Prec Constructor
 --- Intel MKL PARDISO --- 
 Memory for iGroup: 1 0 MB
 Total Memory For SparRAS Pre: 0 MB
 --- PARDISO PRECONDITIONER INITIALIZED --- 
 Constructing preconditioner CPU time: 4 s
 
 1101240
 Memory for Iteration:: 16.8036 MB

 Iseg, Ninc_S : 1, 181, 0

 Iseg, Skeleton Angles: 1, 41
 Iseg, Skel-Pk Mem(MB): 1, 314.36

 Iseg, Irank, Idinc : 1, 1, 42
 Thata, Phi : 90.000000, 41.000000
 Maximun iteration: 300
 Number of recycle truncation: 30
 Final matrix dimension:  36708
 Residual error:0.001000
 0  6.322164e-01
 1  3.155519e-01
 2  1.989351e-01
 3  1.275062e-01
 4  8.795564e-02
 5  6.488957e-02
 6  4.866094e-02
 7  3.740190e-02
 8  2.852420e-02
 9  2.145194e-02
 10  1.603004e-02
 11  1.295615e-02
 12  1.026151e-02
 13  8.250395e-03
 14  6.733292e-03
 15  5.386487e-03
 16  4.509859e-03
 17  3.673190e-03
 18  3.009255e-03
 19  2.502352e-03
 20  2.118526e-03
 21  1.805691e-03
 22  1.599426e-03
 23  1.444305e-03
 24  1.322859e-03
 25  1.231583e-03
 26  1.163502e-03
 27  1.114148e-03
 28  1.079401e-03
 29  1.057157e-03
 30  1.038357e-03
 31  1.016594e-03
 32  9.934505e-04
 Iteration CPU time: 7 s
 CFIE residual: 0.000993451

 Iseg, Irank, Idinc : 1, 2, 22
 Thata, Phi : 90.000000, 21.000000
 Maximun iteration: 300
 Number of recycle truncation: 30
 Final matrix dimension:  36708
 Residual error:0.001000
 0  6.268962e-01
 1  2.939249e-01
 2  1.713246e-01
 3  1.142650e-01
 4  7.975940e-02
 5  5.904357e-02
 6  4.480672e-02
 7  3.460327e-02
 8  2.781381e-02
 9  2.231827e-02
 10  1.775551e-02
 11  1.408806e-02
 12  1.156816e-02
 13  9.457149e-03
 14  7.994308e-03
 15  6.399618e-03
 16  5.271186e-03
 17  4.470614e-03
 18  3.725802e-03
 19  3.150027e-03
 20  2.602830e-03
 21  2.087844e-03
 22  1.718273e-03
 23  1.453605e-03
 24  1.228939e-03
 25  1.048867e-03
 26  9.020025e-04
 Iteration CPU time: 7 s
 CFIE residual: 0.000902003

 Iseg, Irank, Idinc : 1, 3, 109
 Thata, Phi : 90.000000, 108.000000
 Maximun iteration: 300
 Number of recycle truncation: 30
 Final matrix dimension:  36708
 Residual error:0.001000
 0  6.242640e-01
 1  3.530291e-01
 2  2.198206e-01
 3  1.504368e-01
 4  1.056888e-01
 5  7.946768e-02
 6  6.100742e-02
 7  4.766435e-02
 8  3.814110e-02
 9  3.015448e-02
 10  2.408550e-02
 11  1.964347e-02
 12  1.583728e-02
 13  1.310401e-02
 14  1.081488e-02
 15  8.751324e-03
 16  7.392864e-03
 17  6.112737e-03
 18  5.058874e-03
 19  4.285905e-03
 20  3.576927e-03
 21  2.968357e-03
 22  2.548278e-03
 23  2.227480e-03
 24  2.009743e-03
 25  1.825294e-03
 26  1.711077e-03
 27  1.621207e-03
 28  1.564059e-03
 29  1.506581e-03
 30  1.457602e-03
 31  1.413518e-03
 32  1.367283e-03
 33  1.303615e-03
 34  1.222624e-03
 35  1.134765e-03
 36  1.033610e-03
 37  9.020844e-04
 Iteration CPU time: 8 s
 CFIE residual: 0.000902084

 Iseg, Irank, Idinc : 1, 4, 63
 Thata, Phi : 90.000000, 62.000000
 Maximun iteration: 300
 Number of recycle truncation: 30
 Final matrix dimension:  36708
 Residual error:0.001000
 0  6.597030e-01
 1  3.574340e-01
 2  2.222380e-01
 3  1.423892e-01
 4  1.011126e-01
 5  7.756084e-02
 6  5.820615e-02
 7  4.611891e-02
 8  3.657849e-02
 9  2.885879e-02
 10  2.223189e-02
 11  1.711802e-02
 12  1.367654e-02
 13  1.082636e-02
 14  8.809480e-03
 15  7.356287e-03
 16  5.941154e-03
 17  5.041504e-03
 18  4.237037e-03
 19  3.690016e-03
 20  3.348281e-03
 21  3.037067e-03
 22  2.764459e-03
 23  2.563304e-03
 24  2.425680e-03
 25  2.336385e-03
 26  2.260031e-03
 27  2.198023e-03
 28  2.152886e-03
 29  2.099390e-03
 30  2.015896e-03
 31  1.929033e-03
 32  1.787784e-03
 33  1.641617e-03
 34  1.464898e-03
 35  1.272404e-03
 36  1.105224e-03
 37  9.402283e-04
 Iteration CPU time: 9 s
 CFIE residual: 0.000940228

 Iseg, Irank, Idinc : 1, 5, 147
 Thata, Phi : 90.000000, 146.000000
 Maximun iteration: 300
 Number of recycle truncation: 30
 Final matrix dimension:  36708
 Residual error:0.001000
 0  6.557821e-01
 1  3.456197e-01
 2  2.105720e-01
 3  1.413626e-01
 4  1.019461e-01
 5  7.742049e-02
 6  6.065096e-02
 7  4.754079e-02
 8  3.952925e-02
 9  3.397605e-02
 10  2.876304e-02
 11  2.465072e-02
 12  2.107277e-02
 13  1.758663e-02
 14  1.459122e-02
 15  1.219028e-02
 16  1.002491e-02
 17  8.270536e-03
 18  6.660730e-03
 19  5.464072e-03
 20  4.409652e-03
 21  3.610905e-03
 22  3.046936e-03
 23  2.567167e-03
 24  2.183335e-03
 25  1.809666e-03
 26  1.552422e-03
 27  1.356142e-03
 28  1.221532e-03
 29  1.129558e-03
 30  1.068408e-03
 31  1.032983e-03
 32  1.002739e-03
 33  9.799065e-04
 Iteration CPU time: 7 s
 CFIE residual: 0.000979906

 Iseg, Irank, Idinc : 1, 6, 136
 Thata, Phi : 90.000000, 135.000000
 Maximun iteration: 300
 Number of recycle truncation: 30
 Final matrix dimension:  36708
 Residual error:0.001000
 0  6.993151e-01
 1  3.525239e-01
 2  2.196747e-01
 3  1.487663e-01
 4  1.078789e-01
 5  8.105407e-02
 6  6.131679e-02
 7  4.839623e-02
 8  3.862735e-02
 9  3.233228e-02
 10  2.605856e-02
 11  2.121273e-02
 12  1.730966e-02
 13  1.431886e-02
 14  1.172682e-02
 15  9.572023e-03
 16  7.827102e-03
 17  6.488166e-03
 18  5.346931e-03
 19  4.438918e-03
 20  3.680890e-03
 21  3.182414e-03
 22  2.753634e-03
 23  2.410820e-03
 24  2.145233e-03
 25  1.946905e-03
 26  1.787258e-03
 27  1.668407e-03
 28  1.579348e-03
 29  1.504589e-03
 30  1.439992e-03
 31  1.397633e-03
 32  1.360882e-03
 33  1.325947e-03
 34  1.290286e-03
 35  1.235036e-03
 36  1.166770e-03
 37  1.090996e-03
 38  9.998193e-04
 Iteration CPU time: 9 s
 CFIE residual: 0.000999819

 Iseg, Irank, Idinc : 1, 7, 72
 Thata, Phi : 90.000000, 71.000000
 Maximun iteration: 300
 Number of recycle truncation: 30
 Final matrix dimension:  36708
 Residual error:0.001000
 0  6.391041e-01
 1  3.644130e-01
 2  2.357128e-01
 3  1.481806e-01
 4  1.038128e-01
 5  8.104302e-02
 6  6.234400e-02
 7  4.812364e-02
 8  3.839174e-02
 9  3.092984e-02
 10  2.484955e-02
 11  1.970197e-02
 12  1.555404e-02
 13  1.256849e-02
 14  1.026382e-02
 15  8.454486e-03
 16  7.033359e-03
 17  5.956632e-03
 18  5.050501e-03
 19  4.434236e-03
 20  3.950777e-03
 21  3.505687e-03
 22  3.192716e-03
 23  2.924198e-03
 24  2.752182e-03
 25  2.641009e-03
 26  2.561227e-03
 27  2.503933e-03
 28  2.446927e-03
 29  2.375476e-03
 30  2.293464e-03
 31  2.190028e-03
 32  2.050799e-03
 33  1.890253e-03
 34  1.696490e-03
 35  1.502255e-03
 36  1.307131e-03
 37  1.124674e-03
 38  9.292868e-04
 Iteration CPU time: 9 s
 CFIE residual: 0.000929287

 Iseg, Irank, Idinc : 1, 8, 85
 Thata, Phi : 90.000000, 84.000000
 Maximun iteration: 300
 Number of recycle truncation: 30
 Final matrix dimension:  36708
 Residual error:0.001000
 0  6.118067e-01
 1  3.482442e-01
 2  2.228450e-01
 3  1.512382e-01
 4  1.102647e-01
 5  8.391631e-02
 6  6.427109e-02
 7  5.079170e-02
 8  4.110971e-02
 9  3.212376e-02
 10  2.532574e-02
 11  2.052335e-02
 12  1.689560e-02
 13  1.368764e-02
 14  1.130904e-02
 15  9.094520e-03
 16  7.542389e-03
 17  6.346705e-03
 18  5.345293e-03
 19  4.559059e-03
 20  3.927737e-03
 21  3.455864e-03
 22  3.102303e-03
 23  2.868226e-03
 24  2.679094e-03
 25  2.559979e-03
 26  2.448985e-03
 27  2.365163e-03
 28  2.294418e-03
 29  2.230731e-03
 30  2.168824e-03
 31  2.094370e-03
 32  2.020879e-03
 33  1.896265e-03
 34  1.733046e-03
 35  1.529378e-03
 36  1.361359e-03
 37  1.205610e-03
 38  1.047100e-03
 39  8.795327e-04
 Iteration CPU time: 9 s
 CFIE residual: 0.000879533

 Iseg, Irank, Idinc : 1, 9, 159
 Thata, Phi : 90.000000, 158.000000
 Maximun iteration: 300
 Number of recycle truncation: 30
 Final matrix dimension:  36708
 Residual error:0.001000
 0  6.184935e-01
 1  3.146606e-01
 2  1.918260e-01
 3  1.296932e-01
 4  9.786540e-02
 5  7.770785e-02
 6  6.244311e-02
 7  5.104383e-02
 8  4.282038e-02
 9  3.666148e-02
 10  3.139054e-02
 11  2.701779e-02
 12  2.313236e-02
 13  1.965108e-02
 14  1.604195e-02
 15  1.358860e-02
 16  1.128517e-02
 17  9.250652e-03
 18  7.620112e-03
 19  6.282565e-03
 20  5.150736e-03
 21  4.172633e-03
 22  3.408109e-03
 23  2.820498e-03
 24  2.279065e-03
 25  1.873825e-03
 26  1.484710e-03
 27  1.248084e-03
 28  1.035218e-03
 29  8.939208e-04
 Iteration CPU time: 7 s
 CFIE residual: 0.000893921

 Iseg, Irank, Idinc : 1, 10, 124
 Thata, Phi : 90.000000, 123.000000
 Maximun iteration: 300
 Number of recycle truncation: 30
 Final matrix dimension:  36708
 Residual error:0.001000
 0  6.555149e-01
 1  3.416867e-01
 2  2.225720e-01
 3  1.567122e-01
 4  1.124293e-01
 5  8.268035e-02
 6  6.528092e-02
 7  5.096470e-02
 8  4.035872e-02
 9  3.253692e-02
 10  2.531461e-02
 11  2.046167e-02
 12  1.585776e-02
 13  1.262676e-02
 14  1.027937e-02
 15  8.493882e-03
 16  7.236197e-03
 17  6.059060e-03
 18  4.888431e-03
 19  4.150591e-03
 20  3.566311e-03
 21  2.996650e-03
 22  2.630713e-03
 23  2.298339e-03
 24  2.016113e-03
 25  1.757023e-03
 26  1.592533e-03
 27  1.446054e-03
 28  1.329414e-03
 29  1.240363e-03
 30  1.166662e-03
 31  1.117931e-03
 32  1.079161e-03
 33  1.050934e-03
 34  1.024805e-03
 35  9.918365e-04
 Iteration CPU time: 8 s
 CFIE residual: 0.000991837

 Iseg, Irank, Idinc : 1, 11, 53
 Thata, Phi : 90.000000, 52.000000
 Maximun iteration: 300
 Number of recycle truncation: 30
 Final matrix dimension:  36708
 Residual error:0.001000
 0  6.535510e-01
 1  3.426905e-01
 2  2.100715e-01
 3  1.347592e-01
 4  9.631509e-02
 5  7.291593e-02
 6  5.621123e-02
 7  4.349213e-02
 8  3.318206e-02
 9  2.537226e-02
 10  1.949218e-02
 11  1.513045e-02
 12  1.182752e-02
 13  9.336975e-03
 14  7.641130e-03
 15  6.209042e-03
 16  5.048275e-03
 17  4.014240e-03
 18  3.355973e-03
 19  2.839358e-03
 20  2.472305e-03
 21  2.241198e-03
 22  2.061572e-03
 23  1.919739e-03
 24  1.814628e-03
 25  1.743794e-03
 26  1.701091e-03
 27  1.660847e-03
 28  1.628305e-03
 29  1.591827e-03
 30  1.552329e-03
 31  1.469374e-03
 32  1.371553e-03
 33  1.280166e-03
 34  1.171077e-03
 35  1.039321e-03
 36  9.056252e-04
 Iteration CPU time: 8 s
 CFIE residual: 0.000905625

 Iseg, Irank, Idinc : 1, 12, 177
 Thata, Phi : 90.000000, 176.000000
 Maximun iteration: 300
 Number of recycle truncation: 30
 Final matrix dimension:  36708
 Residual error:0.001000
 0  5.831452e-01
 1  2.991819e-01
 2  1.869958e-01
 3  1.321281e-01
 4  1.020855e-01
 5  8.087979e-02
 6  6.494581e-02
 7  5.478227e-02
 8  4.527373e-02
 9  3.657196e-02
 10  3.011644e-02
 11  2.498856e-02
 12  2.035548e-02
 13  1.722515e-02
 14  1.392864e-02
 15  1.130743e-02
 16  9.224446e-03
 17  7.505633e-03
 18  6.133744e-03
 19  5.085536e-03
 20  4.172684e-03
 21  3.529303e-03
 22  2.943239e-03
 23  2.482185e-03
 24  2.106001e-03
 25  1.776978e-03
 26  1.498203e-03
 27  1.280789e-03
 28  1.093956e-03
 29  9.429071e-04
 Iteration CPU time: 7 s
 CFIE residual: 0.000942907

 Iseg, Irank, Idinc : 1, 13, 32
 Thata, Phi : 90.000000, 31.000000
 Maximun iteration: 300
 Number of recycle truncation: 30
 Final matrix dimension:  36708
 Residual error:0.001000
 0  6.336113e-01
 1  3.068983e-01
 2  1.814628e-01
 3  1.136052e-01
 4  8.013482e-02
 5  5.882614e-02
 6  4.314869e-02
 7  3.294114e-02
 8  2.595887e-02
 9  2.033446e-02
 10  1.633925e-02
 11  1.346922e-02
 12  1.057744e-02
 13  8.610115e-03
 14  7.128411e-03
 15  5.697792e-03
 16  4.694334e-03
 17  3.876367e-03
 18  3.214001e-03
 19  2.755922e-03
 20  2.297096e-03
 21  1.920476e-03
 22  1.601613e-03
 23  1.388653e-03
 24  1.193698e-03
 25  1.048335e-03
 26  9.276186e-04
 Iteration CPU time: 6 s
 CFIE residual: 0.000927619

 Iseg, Irank, Idinc : 1, 14, 9
 Thata, Phi : 90.000000, 8.000000
 Maximun iteration: 300
 Number of recycle truncation: 30
 Final matrix dimension:  36708
 Residual error:0.001000
 0  5.425884e-01
 1  2.768876e-01
 2  1.758649e-01
 3  1.234870e-01
 4  8.964740e-02
 5  6.686972e-02
 6  5.096997e-02
 7  3.937658e-02
 8  3.099960e-02
 9  2.412400e-02
 10  1.885651e-02
 11  1.503231e-02
 12  1.221018e-02
 13  9.970958e-03
 14  8.002587e-03
 15  6.302450e-03
 16  5.246248e-03
 17  4.407037e-03
 18  3.705955e-03
 19  3.155944e-03
 20  2.712473e-03
 21  2.297307e-03
 22  1.911573e-03
 23  1.608039e-03
 24  1.383653e-03
 25  1.164188e-03
 26  1.009001e-03
 27  8.481629e-04
 Iteration CPU time: 6 s
 CFIE residual: 0.000848163

 Iseg, Irank, Idinc : 1, 15, 93
 Thata, Phi : 90.000000, 92.000000
 Maximun iteration: 300
 Number of recycle truncation: 30
 Final matrix dimension:  36708
 Residual error:0.001000
 0  6.054489e-01
 1  3.467575e-01
 2  2.196310e-01
 3  1.483603e-01
 4  1.057393e-01
 5  8.116042e-02
 6  6.362625e-02
 7  4.993123e-02
 8  4.011564e-02
 9  3.178819e-02
 10  2.550974e-02
 11  2.077000e-02
 12  1.711781e-02
 13  1.464732e-02
 14  1.232285e-02
 15  9.857269e-03
 16  8.193018e-03
 17  6.783952e-03
 18  5.698441e-03
 19  4.789813e-03
 20  4.063478e-03
 21  3.488423e-03
 22  3.078867e-03
 23  2.796713e-03
 24  2.583306e-03
 25  2.417692e-03
 26  2.281320e-03
 27  2.184181e-03
 28  2.115415e-03
 29  2.047283e-03
 30  1.991324e-03
 31  1.922045e-03
 32  1.854983e-03
 33  1.767678e-03
 34  1.658673e-03
 35  1.541039e-03
 36  1.404666e-03
 37  1.256420e-03
 38  1.086552e-03
 39  8.840619e-04
 Iteration CPU time: 8 s
 CFIE residual: 0.000884062

 Iseg, Irank, Idinc : 1, 16, 101
 Thata, Phi : 90.000000, 100.000000
 Maximun iteration: 300
 Number of recycle truncation: 30
 Final matrix dimension:  36708
 Residual error:0.001000
 0  6.102387e-01
 1  3.460951e-01
 2  2.168984e-01
 3  1.473383e-01
 4  1.050265e-01
 5  7.879142e-02
 6  6.026333e-02
 7  4.798313e-02
 8  3.795396e-02
 9  3.080485e-02
 10  2.525119e-02
 11  2.061977e-02
 12  1.675208e-02
 13  1.379532e-02
 14  1.150862e-02
 15  9.670220e-03
 16  8.058479e-03
 17  6.737288e-03
 18  5.555882e-03
 19  4.635692e-03
 20  3.861575e-03
 21  3.258429e-03
 22  2.854689e-03
 23  2.538604e-03
 24  2.286484e-03
 25  2.131202e-03
 26  1.997277e-03
 27  1.902652e-03
 28  1.824768e-03
 29  1.772743e-03
 30  1.730489e-03
 31  1.690817e-03
 32  1.630166e-03
 33  1.560889e-03
 34  1.468787e-03
 35  1.361280e-03
 36  1.243650e-03
 37  1.099445e-03
 38  9.506871e-04
 Iteration CPU time: 9 s
 CFIE residual: 0.000950687

 Iseg, Irank, Idinc : 1, 17, 116
 Thata, Phi : 90.000000, 115.000000
 Maximun iteration: 300
 Number of recycle truncation: 30
 Final matrix dimension:  36708
 Residual error:0.001000
 0  6.453732e-01
 1  3.485843e-01
 2  2.176879e-01
 3  1.518956e-01
 4  1.086768e-01
 5  7.935425e-02
 6  6.150134e-02
 7  4.812306e-02
 8  3.801677e-02
 9  3.017722e-02
 10  2.406249e-02
 11  1.892661e-02
 12  1.518602e-02
 13  1.247505e-02
 14  1.019796e-02
 15  8.439659e-03
 16  7.004987e-03
 17  5.766223e-03
 18  4.726117e-03
 19  4.027008e-03
 20  3.404639e-03
 21  2.871541e-03
 22  2.508516e-03
 23  2.168594e-03
 24  1.931401e-03
 25  1.707371e-03
 26  1.578946e-03
 27  1.469481e-03
 28  1.394605e-03
 29  1.332068e-03
 30  1.289916e-03
 31  1.249981e-03
 32  1.218530e-03
 33  1.187229e-03
 34  1.139647e-03
 35  1.070942e-03
 36  9.914130e-04
 Iteration CPU time: 8 s
 CFIE residual: 0.000991413

 Iseg, Irank, Idinc : 1, 18, 78
 Thata, Phi : 90.000000, 77.000000
 Maximun iteration: 300
 Number of recycle truncation: 30
 Final matrix dimension:  36708
 Residual error:0.001000
 0  6.200065e-01
 1  3.555431e-01
 2  2.299154e-01
 3  1.475597e-01
 4  1.051188e-01
 5  7.962286e-02
 6  6.224951e-02
 7  4.854817e-02
 8  3.877771e-02
 9  3.071570e-02
 10  2.449846e-02
 11  1.922179e-02
 12  1.557099e-02
 13  1.277524e-02
 14  1.076952e-02
 15  8.925532e-03
 16  7.467198e-03
 17  6.231363e-03
 18  5.355668e-03
 19  4.677054e-03
 20  4.097662e-03
 21  3.614746e-03
 22  3.271067e-03
 23  2.973567e-03
 24  2.770376e-03
 25  2.647149e-03
 26  2.553028e-03
 27  2.483819e-03
 28  2.421487e-03
 29  2.355630e-03
 30  2.284720e-03
 31  2.182535e-03
 32  2.072534e-03
 33  1.950324e-03
 34  1.789811e-03
 35  1.601756e-03
 36  1.417868e-03
 37  1.242863e-03
 38  1.048336e-03
 39  8.796681e-04
 Iteration CPU time: 9 s
 CFIE residual: 0.000879668

 Iseg, Irank, Idinc : 1, 19, 1
 Thata, Phi : 90.000000, 0.000000
 Maximun iteration: 300
 Number of recycle truncation: 30
 Final matrix dimension:  36708
 Residual error:0.001000
 0  5.178454e-01
 1  2.718309e-01
 2  1.758602e-01
 3  1.212703e-01
 4  8.661764e-02
 5  6.623475e-02
 6  5.136549e-02
 7  3.787379e-02
 8  2.874162e-02
 9  2.290250e-02
 10  1.857518e-02
 11  1.490165e-02
 12  1.128396e-02
 13  9.092723e-03
 14  7.317778e-03
 15  6.003807e-03
 16  4.904308e-03
 17  4.144706e-03
 18  3.496052e-03
 19  3.005580e-03
 20  2.560077e-03
 21  2.157581e-03
 22  1.795608e-03
 23  1.464385e-03
 24  1.165707e-03
 25  9.418906e-04
 Iteration CPU time: 6 s
 CFIE residual: 0.000941891

 Iseg, Irank, Idinc : 1, 20, 167
 Thata, Phi : 90.000000, 166.000000
 Maximun iteration: 300
 Number of recycle truncation: 30
 Final matrix dimension:  36708
 Residual error:0.001000
 0  5.920979e-01
 1  3.013391e-01
 2  1.865648e-01
 3  1.312957e-01
 4  1.016558e-01
 5  8.073020e-02
 6  6.536697e-02
 7  5.458978e-02
 8  4.553726e-02
 9  3.855490e-02
 10  3.258554e-02
 11  2.750341e-02
 12  2.381530e-02
 13  2.045675e-02
 14  1.689616e-02
 15  1.406872e-02
 16  1.168291e-02
 17  9.729940e-03
 18  8.016560e-03
 19  6.542203e-03
 20  5.251209e-03
 21  4.322131e-03
 22  3.593221e-03
 23  2.986967e-03
 24  2.456743e-03
 25  2.017767e-03
 26  1.646871e-03
 27  1.381350e-03
 28  1.164462e-03
 29  1.001862e-03
 30  8.805363e-04
 Iteration CPU time: 7 s
 CFIE residual: 0.000880536

 Iseg, Irank, Idinc : 1, 21, 15
 Thata, Phi : 90.000000, 14.000000
 Maximun iteration: 300
 Number of recycle truncation: 30
 Final matrix dimension:  36708
 Residual error:0.001000
 0  5.814821e-01
 1  2.840268e-01
 2  1.749358e-01
 3  1.211907e-01
 4  8.690714e-02
 5  6.454203e-02
 6  5.002815e-02
 7  3.863827e-02
 8  3.039528e-02
 9  2.441475e-02
 10  1.926807e-02
 11  1.508508e-02
 12  1.198340e-02
 13  9.677262e-03
 14  8.062836e-03
 15  6.415520e-03
 16  5.264620e-03
 17  4.454508e-03
 18  3.764948e-03
 19  3.205396e-03
 20  2.657420e-03
 21  2.191025e-03
 22  1.829763e-03
 23  1.535470e-03
 24  1.320094e-03
 25  1.118713e-03
 26  9.682683e-04
 Iteration CPU time: 6 s
 CFIE residual: 0.000968268

 Iseg, Irank, Idinc : 1, 22, 153
 Thata, Phi : 90.000000, 152.000000
 Maximun iteration: 300
 Number of recycle truncation: 30
 Final matrix dimension:  36708
 Residual error:0.001000
 0  6.354501e-01
 1  3.296092e-01
 2  2.027393e-01
 3  1.344812e-01
 4  9.913327e-02
 5  7.738058e-02
 6  6.065995e-02
 7  4.878506e-02
 8  4.056000e-02
 9  3.440818e-02
 10  2.923900e-02
 11  2.490048e-02
 12  2.146453e-02
 13  1.819928e-02
 14  1.478745e-02
 15  1.231722e-02
 16  1.024008e-02
 17  8.484339e-03
 18  6.983470e-03
 19  5.853526e-03
 20  4.805660e-03
 21  3.931741e-03
 22  3.163881e-03
 23  2.656277e-03
 24  2.124939e-03
 25  1.735480e-03
 26  1.411399e-03
 27  1.199415e-03
 28  1.023576e-03
 29  9.019798e-04
 Iteration CPU time: 6 s
 CFIE residual: 0.00090198

 Iseg, Irank, Idinc : 1, 23, 181
 Thata, Phi : 90.000000, 180.000000
 Maximun iteration: 300
 Number of recycle truncation: 30
 Final matrix dimension:  36708
 Residual error:0.001000
 0  5.827218e-01
 1  2.991769e-01
 2  1.866672e-01
 3  1.315587e-01
 4  1.010564e-01
 5  7.965047e-02
 6  6.399555e-02
 7  5.387855e-02
 8  4.453927e-02
 9  3.575030e-02
 10  2.858351e-02
 11  2.327532e-02
 12  1.882965e-02
 13  1.530684e-02
 14  1.216056e-02
 15  9.524443e-03
 16  7.515720e-03
 17  6.094471e-03
 18  5.077982e-03
 19  4.184459e-03
 20  3.488368e-03
 21  2.923582e-03
 22  2.428821e-03
 23  2.009535e-03
 24  1.687678e-03
 25  1.403426e-03
 26  1.177738e-03
 27  9.954928e-04
 Iteration CPU time: 7 s
 CFIE residual: 0.000995493

 Iseg, Irank, Idinc : 1, 24, 130
 Thata, Phi : 90.000000, 129.000000
 Maximun iteration: 300
 Number of recycle truncation: 30
 Final matrix dimension:  36708
 Residual error:0.001000
 0  6.756139e-01
 1  3.516108e-01
 2  2.247021e-01
 3  1.538365e-01
 4  1.108397e-01
 5  8.241182e-02
 6  6.383031e-02
 7  5.024809e-02
 8  3.962277e-02
 9  3.215190e-02
 10  2.588520e-02
 11  2.056399e-02
 12  1.606578e-02
 13  1.291151e-02
 14  1.047978e-02
 15  8.481923e-03
 16  7.089019e-03
 17  5.747554e-03
 18  4.719119e-03
 19  4.023630e-03
 20  3.352314e-03
 21  2.840419e-03
 22  2.477062e-03
 23  2.155017e-03
 24  1.907325e-03
 25  1.708336e-03
 26  1.570939e-03
 27  1.467309e-03
 28  1.378752e-03
 29  1.300118e-03
 30  1.243173e-03
 31  1.205954e-03
 32  1.178313e-03
 33  1.146706e-03
 34  1.115043e-03
 35  1.070137e-03
 36  1.014240e-03
 37  9.501239e-04
 Iteration CPU time: 8 s
 CFIE residual: 0.000950124

 Iseg, Irank, Idinc : 1, 25, 48
 Thata, Phi : 90.000000, 47.000000
 Maximun iteration: 300
 Number of recycle truncation: 30
 Final matrix dimension:  36708
 Residual error:0.001000
 0  6.417333e-01
 1  3.308376e-01
 2  2.048329e-01
 3  1.337405e-01
 4  9.563082e-02
 5  7.290445e-02
 6  5.516024e-02
 7  4.219704e-02
 8  3.242112e-02
 9  2.457275e-02
 10  1.849457e-02
 11  1.445365e-02
 12  1.138466e-02
 13  9.211315e-03
 14  7.534611e-03
 15  6.130369e-03
 16  4.966633e-03
 17  4.038790e-03
 18  3.294836e-03
 19  2.739288e-03
 20  2.343080e-03
 21  2.072280e-03
 22  1.888261e-03
 23  1.727546e-03
 24  1.613543e-03
 25  1.524280e-03
 26  1.472219e-03
 27  1.433516e-03
 28  1.405495e-03
 29  1.382125e-03
 30  1.353163e-03
 31  1.303409e-03
 32  1.252130e-03
 33  1.187999e-03
 34  1.093354e-03
 35  9.802099e-04
 Iteration CPU time: 8 s
 CFIE residual: 0.00098021

 Iseg, Irank, Idinc : 1, 26, 172
 Thata, Phi : 90.000000, 171.000000
 Maximun iteration: 300
 Number of recycle truncation: 30
 Final matrix dimension:  36708
 Residual error:0.001000
 0  5.851442e-01
 1  2.993168e-01
 2  1.874906e-01
 3  1.329269e-01
 4  1.033739e-01
 5  8.219347e-02
 6  6.609699e-02
 7  5.589672e-02
 8  4.636264e-02
 9  3.828904e-02
 10  3.219525e-02
 11  2.728016e-02
 12  2.284110e-02
 13  1.946162e-02
 14  1.616779e-02
 15  1.342879e-02
 16  1.109014e-02
 17  9.061862e-03
 18  7.397224e-03
 19  6.100245e-03
 20  4.932963e-03
 21  4.111347e-03
 22  3.465485e-03
 23  2.917501e-03
 24  2.427374e-03
 25  2.017401e-03
 26  1.688664e-03
 27  1.432315e-03
 28  1.217475e-03
 29  1.052206e-03
 30  9.305223e-04
 Iteration CPU time: 7 s
 CFIE residual: 0.000930522

 Iseg, Irank, Idinc : 1, 27, 4
 Thata, Phi : 90.000000, 3.000000
 Maximun iteration: 300
 Number of recycle truncation: 30
 Final matrix dimension:  36708
 Residual error:0.001000
 0  5.216533e-01
 1  2.726914e-01
 2  1.758337e-01
 3  1.218046e-01
 4  8.744579e-02
 5  6.645365e-02
 6  5.110339e-02
 7  3.782574e-02
 8  2.897431e-02
 9  2.322077e-02
 10  1.868791e-02
 11  1.494735e-02
 12  1.168084e-02
 13  9.425582e-03
 14  7.693321e-03
 15  6.227508e-03
 16  5.151675e-03
 17  4.377839e-03
 18  3.659022e-03
 19  3.130233e-03
 20  2.694716e-03
 21  2.320044e-03
 22  1.944740e-03
 23  1.595695e-03
 24  1.328755e-03
 25  1.102978e-03
 26  9.146758e-04
 Iteration CPU time: 6 s
 CFIE residual: 0.000914676

 Iseg, Irank, Idinc : 1, 28, 27
 Thata, Phi : 90.000000, 26.000000
 Maximun iteration: 300
 Number of recycle truncation: 30
 Final matrix dimension:  36708
 Residual error:0.001000
 0  6.413561e-01
 1  3.002022e-01
 2  1.730904e-01
 3  1.113320e-01
 4  7.758099e-02
 5  5.721121e-02
 6  4.232108e-02
 7  3.231473e-02
 8  2.602403e-02
 9  2.095116e-02
 10  1.734929e-02
 11  1.407501e-02
 12  1.114350e-02
 13  9.200200e-03
 14  7.712876e-03
 15  6.170134e-03
 16  5.135505e-03
 17  4.261414e-03
 18  3.538605e-03
 19  3.038313e-03
 20  2.514273e-03
 21  2.026879e-03
 22  1.677093e-03
 23  1.431337e-03
 24  1.203966e-03
 25  1.034286e-03
 26  8.930963e-04
 Iteration CPU time: 6 s
 CFIE residual: 0.000893096

 Iseg, Irank, Idinc : 1, 29, 97
 Thata, Phi : 90.000000, 96.000000
 Maximun iteration: 300
 Number of recycle truncation: 30
 Final matrix dimension:  36708
 Residual error:0.001000
 0  6.073936e-01
 1  3.453353e-01
 2  2.177528e-01
 3  1.456527e-01
 4  1.042546e-01
 5  7.911811e-02
 6  6.210223e-02
 7  4.930361e-02
 8  3.885248e-02
 9  3.088585e-02
 10  2.529864e-02
 11  2.061100e-02
 12  1.685370e-02
 13  1.412864e-02
 14  1.180658e-02
 15  9.762817e-03
 16  8.135886e-03
 17  6.804454e-03
 18  5.711309e-03
 19  4.722398e-03
 20  3.939327e-03
 21  3.329808e-03
 22  2.921637e-03
 23  2.620201e-03
 24  2.396066e-03
 25  2.243978e-03
 26  2.112271e-03
 27  2.021239e-03
 28  1.958134e-03
 29  1.907981e-03
 30  1.857203e-03
 31  1.795950e-03
 32  1.734909e-03
 33  1.648888e-03
 34  1.537601e-03
 35  1.425754e-03
 36  1.300747e-03
 37  1.142518e-03
 38  9.872785e-04
 Iteration CPU time: 9 s
 CFIE residual: 0.000987279

 Iseg, Irank, Idinc : 1, 30, 142
 Thata, Phi : 90.000000, 141.000000
 Maximun iteration: 300
 Number of recycle truncation: 30
 Final matrix dimension:  36708
 Residual error:0.001000
 0  6.856143e-01
 1  3.501263e-01
 2  2.120544e-01
 3  1.440675e-01
 4  1.052080e-01
 5  7.864284e-02
 6  6.083911e-02
 7  4.766111e-02
 8  3.897092e-02
 9  3.322728e-02
 10  2.772440e-02
 11  2.351190e-02
 12  1.974946e-02
 13  1.638363e-02
 14  1.364826e-02
 15  1.110920e-02
 16  9.154638e-03
 17  7.558964e-03
 18  6.252346e-03
 19  5.050624e-03
 20  4.072740e-03
 21  3.398894e-03
 22  2.907226e-03
 23  2.518230e-03
 24  2.221461e-03
 25  1.946120e-03
 26  1.740657e-03
 27  1.595295e-03
 28  1.488683e-03
 29  1.410329e-03
 30  1.352440e-03
 31  1.320182e-03
 32  1.288292e-03
 33  1.256408e-03
 34  1.216730e-03
 35  1.163605e-03
 36  1.100116e-03
 37  1.019898e-03
 38  9.258458e-04
 Iteration CPU time: 8 s
 CFIE residual: 0.000925846

 Iseg, Irank, Idinc : 1, 31, 59
 Thata, Phi : 90.000000, 58.000000
 Maximun iteration: 300
 Number of recycle truncation: 30
 Final matrix dimension:  36708
 Residual error:0.001000
 0  6.615456e-01
 1  3.485011e-01
 2  2.139253e-01
 3  1.345811e-01
 4  9.635706e-02
 5  7.278353e-02
 6  5.518101e-02
 7  4.315246e-02
 8  3.370017e-02
 9  2.652044e-02
 10  2.059153e-02
 11  1.575374e-02
 12  1.227990e-02
 13  9.592005e-03
 14  7.845920e-03
 15  6.449648e-03
 16  5.339418e-03
 17  4.522343e-03
 18  3.717418e-03
 19  3.274834e-03
 20  2.940670e-03
 21  2.656318e-03
 22  2.445041e-03
 23  2.279708e-03
 24  2.151129e-03
 25  2.077081e-03
 26  2.013711e-03
 27  1.954310e-03
 28  1.903767e-03
 29  1.857265e-03
 30  1.795739e-03
 31  1.718521e-03
 32  1.591671e-03
 33  1.460397e-03
 34  1.319239e-03
 35  1.151102e-03
 36  9.863629e-04
 Iteration CPU time: 8 s
 CFIE residual: 0.000986363

 Iseg, Irank, Idinc : 1, 32, 179
 Thata, Phi : 90.000000, 178.000000
 Maximun iteration: 300
 Number of recycle truncation: 30
 Final matrix dimension:  36708
 Residual error:0.001000
 0  5.828393e-01
 1  2.991805e-01
 2  1.867561e-01
 3  1.317207e-01
 4  1.013729e-01
 5  8.005441e-02
 6  6.432296e-02
 7  5.419042e-02
 8  4.477925e-02
 9  3.598866e-02
 10  2.910599e-02
 11  2.392115e-02
 12  1.940147e-02
 13  1.625687e-02
 14  1.291663e-02
 15  1.036846e-02
 16  8.411609e-03
 17  6.774881e-03
 18  5.583966e-03
 19  4.634260e-03
 20  3.799360e-03
 21  3.215540e-03
 22  2.665137e-03
 23  2.238866e-03
 24  1.896277e-03
 25  1.586548e-03
 26  1.330641e-03
 27  1.141419e-03
 28  9.654108e-04
 Iteration CPU time: 7 s
 CFIE residual: 0.000965411

 Iseg, Irank, Idinc : 1, 33, 37
 Thata, Phi : 90.000000, 36.000000
 Maximun iteration: 300
 Number of recycle truncation: 30
 Final matrix dimension:  36708
 Residual error:0.001000
 0  6.246284e-01
 1  3.122606e-01
 2  1.914001e-01
 3  1.208974e-01
 4  8.369019e-02
 5  6.127390e-02
 6  4.514053e-02
 7  3.455404e-02
 8  2.688233e-02
 9  2.065370e-02
 10  1.596905e-02
 11  1.308361e-02
 12  1.033965e-02
 13  8.418292e-03
 14  6.811857e-03
 15  5.412640e-03
 16  4.499323e-03
 17  3.684381e-03
 18  3.037671e-03
 19  2.570583e-03
 20  2.150586e-03
 21  1.819523e-03
 22  1.545685e-03
 23  1.366838e-03
 24  1.213443e-03
 25  1.097666e-03
 26  1.004691e-03
 27  9.342075e-04
 Iteration CPU time: 6 s
 CFIE residual: 0.000934207

 Iseg, Irank, Idinc : 1, 34, 6
 Thata, Phi : 90.000000, 5.000000
 Maximun iteration: 300
 Number of recycle truncation: 30
 Final matrix dimension:  36708
 Residual error:0.001000
 0  5.281226e-01
 1  2.740662e-01
 2  1.758105e-01
 3  1.225399e-01
 4  8.846168e-02
 5  6.664747e-02
 6  5.088512e-02
 7  3.817778e-02
 8  2.990517e-02
 9  2.368660e-02
 10  1.867676e-02
 11  1.492585e-02
 12  1.203223e-02
 13  9.889037e-03
 14  7.963315e-03
 15  6.296162e-03
 16  5.236946e-03
 17  4.424152e-03
 18  3.698104e-03
 19  3.152713e-03
 20  2.712406e-03
 21  2.328520e-03
 22  1.944805e-03
 23  1.600968e-03
 24  1.360936e-03
 25  1.140999e-03
 26  9.566944e-04
 Iteration CPU time: 6 s
 CFIE residual: 0.000956694

 Iseg, Irank, Idinc : 1, 35, 163
 Thata, Phi : 90.000000, 162.000000
 Maximun iteration: 300
 Number of recycle truncation: 30
 Final matrix dimension:  36708
 Residual error:0.001000
 0  6.039065e-01
 1  3.065354e-01
 2  1.871412e-01
 3  1.294151e-01
 4  9.895765e-02
 5  7.885036e-02
 6  6.418808e-02
 7  5.245260e-02
 8  4.396867e-02
 9  3.792483e-02
 10  3.266252e-02
 11  2.772714e-02
 12  2.357675e-02
 13  2.035297e-02
 14  1.697424e-02
 15  1.424433e-02
 16  1.169757e-02
 17  9.592373e-03
 18  7.920571e-03
 19  6.542821e-03
 20  5.271242e-03
 21  4.275548e-03
 22  3.520162e-03
 23  2.918172e-03
 24  2.373251e-03
 25  1.943175e-03
 26  1.568936e-03
 27  1.314780e-03
 28  1.102150e-03
 29  9.417863e-04
 Iteration CPU time: 7 s
 CFIE residual: 0.000941786

 Iseg, Irank, Idinc : 1, 36, 89
 Thata, Phi : 90.000000, 88.000000
 Maximun iteration: 300
 Number of recycle truncation: 30
 Final matrix dimension:  36708
 Residual error:0.001000
 0  6.080547e-01
 1  3.474259e-01
 2  2.214278e-01
 3  1.516242e-01
 4  1.090863e-01
 5  8.321772e-02
 6  6.415154e-02
 7  5.053244e-02
 8  4.109483e-02
 9  3.263167e-02
 10  2.604509e-02
 11  2.120830e-02
 12  1.757318e-02
 13  1.458845e-02
 14  1.206381e-02
 15  9.641740e-03
 16  7.968698e-03
 17  6.624208e-03
 18  5.533291e-03
 19  4.706238e-03
 20  4.051752e-03
 21  3.519481e-03
 22  3.143968e-03
 23  2.886195e-03
 24  2.667622e-03
 25  2.509733e-03
 26  2.384184e-03
 27  2.290449e-03
 28  2.219380e-03
 29  2.146478e-03
 30  2.090191e-03
 31  2.020996e-03
 32  1.953246e-03
 33  1.845415e-03
 34  1.711358e-03
 35  1.552447e-03
 36  1.396434e-03
 37  1.225074e-03
 38  1.050840e-03
 39  8.730527e-04
 Iteration CPU time: 9 s
 CFIE residual: 0.000873053

 Iseg, Irank, Idinc : 1, 37, 120
 Thata, Phi : 90.000000, 119.000000
 Maximun iteration: 300
 Number of recycle truncation: 30
 Final matrix dimension:  36708
 Residual error:0.001000
 0  6.490642e-01
 1  3.439839e-01
 2  2.187791e-01
 3  1.531052e-01
 4  1.091398e-01
 5  8.077554e-02
 6  6.376115e-02
 7  4.953747e-02
 8  3.899745e-02
 9  3.115064e-02
 10  2.510868e-02
 11  1.987881e-02
 12  1.575922e-02
 13  1.269075e-02
 14  1.048712e-02
 15  8.546055e-03
 16  7.142999e-03
 17  5.947482e-03
 18  4.920959e-03
 19  4.124506e-03
 20  3.465908e-03
 21  2.936979e-03
 22  2.542664e-03
 23  2.214659e-03
 24  1.972886e-03
 25  1.719447e-03
 26  1.555552e-03
 27  1.428232e-03
 28  1.332936e-03
 29  1.256280e-03
 30  1.199981e-03
 31  1.162003e-03
 32  1.130387e-03
 33  1.103831e-03
 34  1.074647e-03
 35  1.032490e-03
 36  9.830070e-04
 Iteration CPU time: 8 s
 CFIE residual: 0.000983007

 Iseg, Irank, Idinc : 1, 38, 68
 Thata, Phi : 90.000000, 67.000000
 Maximun iteration: 300
 Number of recycle truncation: 30
 Final matrix dimension:  36708
 Residual error:0.001000
 0  6.511957e-01
 1  3.661727e-01
 2  2.330727e-01
 3  1.491326e-01
 4  1.059261e-01
 5  8.190913e-02
 6  6.167601e-02
 7  4.907792e-02
 8  3.912182e-02
 9  3.100215e-02
 10  2.407209e-02
 11  1.916330e-02
 12  1.524079e-02
 13  1.217215e-02
 14  9.920978e-03
 15  8.137406e-03
 16  6.699827e-03
 17  5.716071e-03
 18  4.803848e-03
 19  4.171531e-03
 20  3.726850e-03
 21  3.346520e-03
 22  3.063266e-03
 23  2.823831e-03
 24  2.668195e-03
 25  2.568287e-03
 26  2.490788e-03
 27  2.435244e-03
 28  2.387277e-03
 29  2.322169e-03
 30  2.219836e-03
 31  2.108819e-03
 32  1.956629e-03
 33  1.788148e-03
 34  1.599762e-03
 35  1.414505e-03
 36  1.225517e-03
 37  1.053063e-03
 38  8.805947e-04
 Iteration CPU time: 9 s
 CFIE residual: 0.000880595

 Iseg, Irank, Idinc : 1, 39, 2
 Thata, Phi : 90.000000, 1.000000
 Maximun iteration: 300
 Number of recycle truncation: 30
 Final matrix dimension:  36708
 Residual error:0.001000
 0  5.182836e-01
 1  2.719350e-01
 2  1.758631e-01
 3  1.213425e-01
 4  8.672822e-02
 5  6.627273e-02
 6  5.133347e-02
 7  3.786157e-02
 8  2.875403e-02
 9  2.294654e-02
 10  1.860733e-02
 11  1.491670e-02
 12  1.136113e-02
 13  9.136350e-03
 14  7.373928e-03
 15  6.044083e-03
 16  4.923038e-03
 17  4.161067e-03
 18  3.478288e-03
 19  2.994647e-03
 20  2.544849e-03
 21  2.149777e-03
 22  1.789039e-03
 23  1.485568e-03
 24  1.235604e-03
 25  1.027826e-03
 26  8.386508e-04
 Iteration CPU time: 6 s
 CFIE residual: 0.000838651

 Iseg, Irank, Idinc : 1, 40, 18
 Thata, Phi : 90.000000, 17.000000
 Maximun iteration: 300
 Number of recycle truncation: 30
 Final matrix dimension:  36708
 Residual error:0.001000
 0  6.024365e-01
 1  2.882444e-01
 2  1.733654e-01
 3  1.181307e-01
 4  8.339257e-02
 5  6.187331e-02
 6  4.796698e-02
 7  3.702086e-02
 8  2.921161e-02
 9  2.353448e-02
 10  1.876517e-02
 11  1.476748e-02
 12  1.185895e-02
 13  9.618059e-03
 14  8.054722e-03
 15  6.439644e-03
 16  5.320083e-03
 17  4.499180e-03
 18  3.766282e-03
 19  3.174781e-03
 20  2.615223e-03
 21  2.130753e-03
 22  1.774109e-03
 23  1.489022e-03
 24  1.270047e-03
 25  1.076946e-03
 26  9.307940e-04
 Iteration CPU time: 6 s
 CFIE residual: 0.000930794

 Iseg, Irank, Idinc : 1, 41, 175
 Thata, Phi : 90.000000, 174.000000
 Maximun iteration: 300
 Number of recycle truncation: 30
 Final matrix dimension:  36708
 Residual error:0.001000
 0  5.836669e-01
 1  2.991846e-01
 2  1.872934e-01
 3  1.326002e-01
 4  1.028265e-01
 5  8.165009e-02
 6  6.555486e-02
 7  5.537916e-02
 8  4.581818e-02
 9  3.732100e-02
 10  3.116934e-02
 11  2.606722e-02
 12  2.143098e-02
 13  1.821032e-02
 14  1.499141e-02
 15  1.225039e-02
 16  1.004980e-02
 17  8.219728e-03
 18  6.695663e-03
 19  5.544677e-03
 20  4.524725e-03
 21  3.802585e-03
 22  3.198745e-03
 23  2.698556e-03
 24  2.277518e-03
 25  1.914002e-03
 26  1.612792e-03
 27  1.374733e-03
 28  1.175197e-03
 29  1.014493e-03
 30  9.032950e-04
 Iteration CPU time: 7 s
 CFIE residual: 0.000903295
 Last Built End in Sep 21 2025 00:06:12
 Total CPU time: 325 s
 Finished.
