 Last Built Begin in Sep 21 2025 00:06:12
 Pre-Type( Input ):           10
 Skl-Tol ( Input ):    1.0000000000000001E-005
 Wavelength in freespace: 0.030581

 ################################################
 ##         Generating Required Mesh          ##
 ##         Waiting.....                      ##
 ################################################
 Subd No.      Subd Name
    1    Open-Duct_PRIME_model_meshAA1                                     
 isub,  nnode, npatch,  nedge:
    1      6118     12236     18354
 Scale Factor         >>   1.54999997E-02
 ################################################

 START TIME: 20250922   033844.013


 Informaton for IE geometry:
 number of subdomains     : 1
 maxnode,maxpatch,maxedge : 6118  12236  18354
 
 Index of Mat-Reg: 1
 Mat-Reg Number via MatFlg: 1
 Edge Number of Mat-Reg: 1, 18354

 Number of Edge on PEC: 18354
 Mat-Reg: No Dim(m) Lmax:
    1 0.234    5
 Totlmax, add1, add2:           5           6           7
 rlengmax of Global MLFMA >>   0.23446151618938127     
 Lmax of Global MLFMA >>            5
 Wavenum of Mat-Reg:
    1 1.000

 total area in sq m           =      0.0510
 total area in sq lambda      =     54.5016
 maxnode, maxpatch, maxedge           =     6118    12236    18354
 longest  edge in lambda              =      0.1526
 shortest edge in lambda              =      0.0073
 average  edge in lambda              =      0.1019
 largest  patch area in sq lambda     =      0.0079
 smallest patch area in sq lambda     =      0.0000
 ave    surface area in sq lambda     =      0.0045
 size range of the object in sq lambda =      7.5028

 #### MLFMA Info For Each Region ####
 Mat-Region =            1
 Array dimension parameters:
 maxrule=          14   maxgrid  =          64
 lmax   =           5   ncmax    =        1250
 lsmax  =          26   lsmin    =           7
 kpm    =        1356   kp0      =         102
 ntlm   =      212856   nsm      =      230886
 nkpm   =        2178   niplm    =      139392
 ngnearm=       14257   ngsndm   =       64634
 nearm  =         333   mfinestm =         119
 ###############################

 CFIE Alpha:  0.50000000000000000     

 Fill MLFMA FI for Mat-Reg:           1
 Begin filltl.f
 fill translation matrix
 Level:            2
 fill shifting matrix
 Level:            3
 fill shifting matrix
 Level:            4
 fill shifting matrix
 Level:            5
 fill shifting matrix
 translator time(s):  0.122000009    
 fill interpolation matrix
 ThetaOrder            8
 PhiOrder            8
 lsl            7
 Filling TL                  Delta_CPU=          0.54 Memory(MB)=        653.71
 Filling sndgrp              Delta_CPU=          0.00 Memory(MB)=        653.71
 Filling VFS                 Delta_CPU=          3.18 Memory(MB)=        653.71

 Fill MLFMA NI for Mat-Reg:           1
 Begin fill sparser part of Nearfield
 Begin fill denser part of Nearfield
 End fill
 Filling Amn                 Delta_CPU=         91.14 Memory(MB)=        653.71


 Now testing preconditioner with
 ipretype =           10
 method = cfie_solve_nfrasspspre_pardiso

  
 NBP>>Begin fill sparser part of Nearfield

113.8398% NBP>>Begin fill denser part of Nearfield

200.1041%
 Begin MLFMA Box-Matrix Based Spar-RAS Prec Constructor
 --- Intel MKL PARDISO --- 
 Memory for iGroup: 1 0 MB
 Total Memory For SparRAS Pre: 0 MB
 --- PARDISO PRECONDITIONER INITIALIZED --- 
 Constructing preconditioner CPU time: 4 s
 
 1101240
 Memory for Iteration:: 16.8036 MB

 Iseg, Ninc_S : 1, 181, 0

 Iseg, Skeleton Angles: 1, 40
 Iseg, Skel-Pk Mem(MB): 1, 314.35

 Iseg, Irank, Idinc : 1, 1, 22
 Thata, Phi : 90.000000, 21.000000
 Maximun iteration: 300
 Number of recycle truncation: 30
 Final matrix dimension:  36708
 Residual error:0.001000
 0  6.134966e-01
 1  2.913960e-01
 2  1.659584e-01
 3  1.136800e-01
 4  8.005208e-02
 5  5.930294e-02
 6  4.533378e-02
 7  3.527566e-02
 8  2.781177e-02
 9  2.231611e-02
 10  1.731050e-02
 11  1.385051e-02
 12  1.087701e-02
 13  8.895232e-03
 14  7.278692e-03
 15  6.155808e-03
 16  5.149442e-03
 17  4.337710e-03
 18  3.663171e-03
 19  3.113072e-03
 20  2.715310e-03
 21  2.360668e-03
 22  2.120546e-03
 23  1.935805e-03
 24  1.807621e-03
 25  1.677174e-03
 26  1.554428e-03
 27  1.443573e-03
 28  1.338273e-03
 29  1.235774e-03
 30  1.125691e-03
 31  1.002647e-03
 32  8.805856e-04
 Iteration CPU time: 8 s
 CFIE residual: 0.000880586

 Iseg, Irank, Idinc : 1, 2, 42
 Thata, Phi : 90.000000, 41.000000
 Maximun iteration: 300
 Number of recycle truncation: 30
 Final matrix dimension:  36708
 Residual error:0.001000
 0  6.262894e-01
 1  3.153974e-01
 2  2.001114e-01
 3  1.301461e-01
 4  8.923360e-02
 5  6.507677e-02
 6  4.805295e-02
 7  3.654320e-02
 8  2.801329e-02
 9  2.138858e-02
 10  1.641917e-02
 11  1.293999e-02
 12  1.052167e-02
 13  8.620413e-03
 14  7.127253e-03
 15  5.972592e-03
 16  5.147850e-03
 17  4.512001e-03
 18  4.083180e-03
 19  3.713169e-03
 20  3.411467e-03
 21  3.163304e-03
 22  2.933267e-03
 23  2.660017e-03
 24  2.439423e-03
 25  2.201295e-03
 26  1.949592e-03
 27  1.664387e-03
 28  1.420342e-03
 29  1.167747e-03
 30  9.493776e-04
 Iteration CPU time: 7 s
 CFIE residual: 0.000949378

 Iseg, Irank, Idinc : 1, 3, 63
 Thata, Phi : 90.000000, 62.000000
 Maximun iteration: 300
 Number of recycle truncation: 30
 Final matrix dimension:  36708
 Residual error:0.001000
 0  6.641094e-01
 1  3.560218e-01
 2  2.213603e-01
 3  1.423332e-01
 4  1.020235e-01
 5  7.762463e-02
 6  5.927487e-02
 7  4.570299e-02
 8  3.648115e-02
 9  2.919174e-02
 10  2.279071e-02
 11  1.832102e-02
 12  1.441646e-02
 13  1.179103e-02
 14  9.914487e-03
 15  8.482105e-03
 16  7.613039e-03
 17  6.977210e-03
 18  6.372848e-03
 19  5.836556e-03
 20  5.392680e-03
 21  4.939589e-03
 22  4.535309e-03
 23  4.165426e-03
 24  3.723704e-03
 25  3.222948e-03
 26  2.778829e-03
 27  2.296295e-03
 28  1.860383e-03
 29  1.494782e-03
 30  1.156931e-03
 31  8.975467e-04
 Iteration CPU time: 7 s
 CFIE residual: 0.000897547

 Iseg, Irank, Idinc : 1, 4, 109
 Thata, Phi : 90.000000, 108.000000
 Maximun iteration: 300
 Number of recycle truncation: 30
 Final matrix dimension:  36708
 Residual error:0.001000
 0  6.295079e-01
 1  3.559735e-01
 2  2.235788e-01
 3  1.538336e-01
 4  1.078464e-01
 5  8.114105e-02
 6  6.266642e-02
 7  4.807641e-02
 8  3.798004e-02
 9  3.088931e-02
 10  2.397332e-02
 11  1.884243e-02
 12  1.532229e-02
 13  1.268095e-02
 14  1.037801e-02
 15  8.545040e-03
 16  7.167734e-03
 17  6.114811e-03
 18  5.309924e-03
 19  4.642312e-03
 20  4.124349e-03
 21  3.701576e-03
 22  3.362196e-03
 23  3.072481e-03
 24  2.853880e-03
 25  2.623806e-03
 26  2.408758e-03
 27  2.178043e-03
 28  1.912811e-03
 29  1.644092e-03
 30  1.389455e-03
 31  1.125935e-03
 32  8.732493e-04
 Iteration CPU time: 8 s
 CFIE residual: 0.000873249

 Iseg, Irank, Idinc : 1, 5, 147
 Thata, Phi : 90.000000, 146.000000
 Maximun iteration: 300
 Number of recycle truncation: 30
 Final matrix dimension:  36708
 Residual error:0.001000
 0  6.508135e-01
 1  3.445311e-01
 2  2.081454e-01
 3  1.436204e-01
 4  1.041954e-01
 5  7.970573e-02
 6  6.284045e-02
 7  4.940020e-02
 8  4.139538e-02
 9  3.471841e-02
 10  2.928189e-02
 11  2.470812e-02
 12  2.027663e-02
 13  1.614749e-02
 14  1.304880e-02
 15  1.052397e-02
 16  8.477392e-03
 17  7.070842e-03
 18  5.819032e-03
 19  4.808253e-03
 20  3.993868e-03
 21  3.343660e-03
 22  2.895897e-03
 23  2.554571e-03
 24  2.280056e-03
 25  2.094387e-03
 26  1.942211e-03
 27  1.801946e-03
 28  1.657877e-03
 29  1.515092e-03
 30  1.360363e-03
 31  1.174686e-03
 32  9.815710e-04
 Iteration CPU time: 7 s
 CFIE residual: 0.000981571

 Iseg, Irank, Idinc : 1, 6, 73
 Thata, Phi : 90.000000, 72.000000
 Maximun iteration: 300
 Number of recycle truncation: 30
 Final matrix dimension:  36708
 Residual error:0.001000
 0  6.441543e-01
 1  3.675315e-01
 2  2.382665e-01
 3  1.506559e-01
 4  1.060261e-01
 5  8.075814e-02
 6  6.308535e-02
 7  4.946269e-02
 8  3.993181e-02
 9  3.302488e-02
 10  2.579066e-02
 11  2.043001e-02
 12  1.653950e-02
 13  1.397940e-02
 14  1.195039e-02
 15  1.033766e-02
 16  9.095661e-03
 17  8.226784e-03
 18  7.482915e-03
 19  6.831308e-03
 20  6.287031e-03
 21  5.797562e-03
 22  5.348479e-03
 23  4.930303e-03
 24  4.465442e-03
 25  4.000662e-03
 26  3.476568e-03
 27  2.954877e-03
 28  2.476088e-03
 29  2.038064e-03
 30  1.629242e-03
 31  1.291771e-03
 32  1.002940e-03
 33  7.680461e-04
 Iteration CPU time: 8 s
 CFIE residual: 0.000768046

 Iseg, Irank, Idinc : 1, 7, 84
 Thata, Phi : 90.000000, 83.000000
 Maximun iteration: 300
 Number of recycle truncation: 30
 Final matrix dimension:  36708
 Residual error:0.001000
 0  6.192588e-01
 1  3.528623e-01
 2  2.285454e-01
 3  1.544767e-01
 4  1.112322e-01
 5  8.639362e-02
 6  6.639372e-02
 7  5.283991e-02
 8  4.208662e-02
 9  3.462124e-02
 10  2.714453e-02
 11  2.081126e-02
 12  1.644430e-02
 13  1.356207e-02
 14  1.140351e-02
 15  9.831674e-03
 16  8.608654e-03
 17  7.606024e-03
 18  6.856505e-03
 19  6.261816e-03
 20  5.803608e-03
 21  5.399545e-03
 22  5.003883e-03
 23  4.614913e-03
 24  4.165585e-03
 25  3.735919e-03
 26  3.316691e-03
 27  2.892322e-03
 28  2.469253e-03
 29  2.031652e-03
 30  1.665377e-03
 31  1.364799e-03
 32  1.089644e-03
 33  8.567941e-04
 Iteration CPU time: 8 s
 CFIE residual: 0.000856794

 Iseg, Irank, Idinc : 1, 8, 159
 Thata, Phi : 90.000000, 158.000000
 Maximun iteration: 300
 Number of recycle truncation: 30
 Final matrix dimension:  36708
 Residual error:0.001000
 0  6.100249e-01
 1  3.130551e-01
 2  1.910184e-01
 3  1.306551e-01
 4  9.976486e-02
 5  7.949929e-02
 6  6.403688e-02
 7  5.129714e-02
 8  4.392911e-02
 9  3.782548e-02
 10  3.163834e-02
 11  2.615998e-02
 12  2.139749e-02
 13  1.751055e-02
 14  1.416308e-02
 15  1.156730e-02
 16  9.396986e-03
 17  7.739256e-03
 18  6.220466e-03
 19  5.191675e-03
 20  4.199219e-03
 21  3.518182e-03
 22  3.006032e-03
 23  2.623592e-03
 24  2.307287e-03
 25  2.021692e-03
 26  1.831703e-03
 27  1.680721e-03
 28  1.560198e-03
 29  1.453349e-03
 30  1.359630e-03
 31  1.257785e-03
 32  1.128239e-03
 33  9.907764e-04
 Iteration CPU time: 8 s
 CFIE residual: 0.000990776

 Iseg, Irank, Idinc : 1, 9, 121
 Thata, Phi : 90.000000, 120.000000
 Maximun iteration: 300
 Number of recycle truncation: 30
 Final matrix dimension:  36708
 Residual error:0.001000
 0  6.510059e-01
 1  3.445009e-01
 2  2.241104e-01
 3  1.559003e-01
 4  1.104550e-01
 5  8.288518e-02
 6  6.384068e-02
 7  4.992432e-02
 8  3.867490e-02
 9  3.005995e-02
 10  2.361003e-02
 11  1.873339e-02
 12  1.525974e-02
 13  1.246930e-02
 14  1.015550e-02
 15  8.673595e-03
 16  7.306678e-03
 17  6.299612e-03
 18  5.511967e-03
 19  4.834001e-03
 20  4.296355e-03
 21  3.882324e-03
 22  3.515246e-03
 23  3.203440e-03
 24  2.940943e-03
 25  2.725113e-03
 26  2.498981e-03
 27  2.306858e-03
 28  2.113371e-03
 29  1.881240e-03
 30  1.642764e-03
 31  1.389387e-03
 32  1.125357e-03
 33  8.680698e-04
 Iteration CPU time: 7 s
 CFIE residual: 0.00086807

 Iseg, Irank, Idinc : 1, 10, 132
 Thata, Phi : 90.000000, 131.000000
 Maximun iteration: 300
 Number of recycle truncation: 30
 Final matrix dimension:  36708
 Residual error:0.001000
 0  6.851617e-01
 1  3.588370e-01
 2  2.297194e-01
 3  1.557998e-01
 4  1.111925e-01
 5  8.529649e-02
 6  6.499706e-02
 7  5.026111e-02
 8  4.014140e-02
 9  3.152389e-02
 10  2.520171e-02
 11  2.014452e-02
 12  1.601500e-02
 13  1.306220e-02
 14  1.075665e-02
 15  8.817233e-03
 16  7.290272e-03
 17  6.063584e-03
 18  5.124459e-03
 19  4.501583e-03
 20  4.013643e-03
 21  3.628459e-03
 22  3.332069e-03
 23  3.038410e-03
 24  2.825954e-03
 25  2.622973e-03
 26  2.411490e-03
 27  2.225999e-03
 28  2.034509e-03
 29  1.849938e-03
 30  1.626816e-03
 31  1.403652e-03
 32  1.169147e-03
 33  9.549809e-04
 Iteration CPU time: 8 s
 CFIE residual: 0.000954981

 Iseg, Irank, Idinc : 1, 11, 52
 Thata, Phi : 90.000000, 51.000000
 Maximun iteration: 300
 Number of recycle truncation: 30
 Final matrix dimension:  36708
 Residual error:0.001000
 0  6.454251e-01
 1  3.356849e-01
 2  2.074184e-01
 3  1.351580e-01
 4  9.664986e-02
 5  7.173796e-02
 6  5.463988e-02
 7  4.251072e-02
 8  3.265164e-02
 9  2.472858e-02
 10  1.966332e-02
 11  1.533932e-02
 12  1.236262e-02
 13  1.019937e-02
 14  8.599131e-03
 15  7.389905e-03
 16  6.532134e-03
 17  5.822477e-03
 18  5.279718e-03
 19  4.863674e-03
 20  4.402005e-03
 21  4.017118e-03
 22  3.733177e-03
 23  3.420824e-03
 24  3.033148e-03
 25  2.641160e-03
 26  2.286495e-03
 27  1.884610e-03
 28  1.587457e-03
 29  1.262426e-03
 30  9.845508e-04
 Iteration CPU time: 7 s
 CFIE residual: 0.000984551

 Iseg, Irank, Idinc : 1, 12, 32
 Thata, Phi : 90.000000, 31.000000
 Maximun iteration: 300
 Number of recycle truncation: 30
 Final matrix dimension:  36708
 Residual error:0.001000
 0  6.316998e-01
 1  3.058060e-01
 2  1.797958e-01
 3  1.137833e-01
 4  7.998736e-02
 5  5.902593e-02
 6  4.330086e-02
 7  3.264646e-02
 8  2.535773e-02
 9  2.029742e-02
 10  1.624142e-02
 11  1.296021e-02
 12  1.011927e-02
 13  8.515926e-03
 14  6.856012e-03
 15  5.797422e-03
 16  4.933448e-03
 17  4.237893e-03
 18  3.669518e-03
 19  3.206766e-03
 20  2.862321e-03
 21  2.578505e-03
 22  2.379714e-03
 23  2.227724e-03
 24  2.083794e-03
 25  1.923463e-03
 26  1.771538e-03
 27  1.621808e-03
 28  1.463494e-03
 29  1.273932e-03
 30  1.091361e-03
 31  9.200860e-04
 Iteration CPU time: 8 s
 CFIE residual: 0.000920086

 Iseg, Irank, Idinc : 1, 13, 92
 Thata, Phi : 90.000000, 91.000000
 Maximun iteration: 300
 Number of recycle truncation: 30
 Final matrix dimension:  36708
 Residual error:0.001000
 0  6.161957e-01
 1  3.538055e-01
 2  2.256790e-01
 3  1.511875e-01
 4  1.080980e-01
 5  8.444080e-02
 6  6.588881e-02
 7  5.213214e-02
 8  4.194019e-02
 9  3.411821e-02
 10  2.705399e-02
 11  2.146575e-02
 12  1.729734e-02
 13  1.415510e-02
 14  1.190555e-02
 15  1.007830e-02
 16  8.521512e-03
 17  7.434476e-03
 18  6.636355e-03
 19  6.011312e-03
 20  5.518725e-03
 21  5.106688e-03
 22  4.712636e-03
 23  4.375286e-03
 24  3.984150e-03
 25  3.624328e-03
 26  3.284543e-03
 27  2.941378e-03
 28  2.490993e-03
 29  2.023600e-03
 30  1.602824e-03
 31  1.286772e-03
 32  1.008772e-03
 33  7.761991e-04
 Iteration CPU time: 7 s
 CFIE residual: 0.000776199

 Iseg, Irank, Idinc : 1, 14, 11
 Thata, Phi : 90.000000, 10.000000
 Maximun iteration: 300
 Number of recycle truncation: 30
 Final matrix dimension:  36708
 Residual error:0.001000
 0  5.424810e-01
 1  2.759419e-01
 2  1.729207e-01
 3  1.229607e-01
 4  8.810021e-02
 5  6.644160e-02
 6  5.120718e-02
 7  3.949547e-02
 8  3.066014e-02
 9  2.436662e-02
 10  1.904803e-02
 11  1.479224e-02
 12  1.148865e-02
 13  9.275748e-03
 14  7.550776e-03
 15  6.180832e-03
 16  5.135219e-03
 17  4.293197e-03
 18  3.670419e-03
 19  3.164375e-03
 20  2.736379e-03
 21  2.394106e-03
 22  2.097406e-03
 23  1.854549e-03
 24  1.706858e-03
 25  1.577162e-03
 26  1.469731e-03
 27  1.363845e-03
 28  1.284240e-03
 29  1.196011e-03
 30  1.107977e-03
 31  1.004403e-03
 32  9.100118e-04
 Iteration CPU time: 8 s
 CFIE residual: 0.000910012

 Iseg, Irank, Idinc : 1, 15, 178
 Thata, Phi : 90.000000, 177.000000
 Maximun iteration: 300
 Number of recycle truncation: 30
 Final matrix dimension:  36708
 Residual error:0.001000
 0  5.610234e-01
 1  2.989046e-01
 2  1.906983e-01
 3  1.345058e-01
 4  1.055578e-01
 5  8.116094e-02
 6  6.592890e-02
 7  5.476321e-02
 8  4.483572e-02
 9  3.500836e-02
 10  2.760603e-02
 11  2.214955e-02
 12  1.773831e-02
 13  1.390917e-02
 14  1.123539e-02
 15  8.863215e-03
 16  7.028556e-03
 17  5.786212e-03
 18  4.707223e-03
 19  3.867374e-03
 20  3.083202e-03
 21  2.549152e-03
 22  2.182797e-03
 23  1.892795e-03
 24  1.628612e-03
 25  1.409722e-03
 26  1.236828e-03
 27  1.093585e-03
 28  9.981797e-04
 Iteration CPU time: 7 s
 CFIE residual: 0.00099818

 Iseg, Irank, Idinc : 1, 16, 101
 Thata, Phi : 90.000000, 100.000000
 Maximun iteration: 300
 Number of recycle truncation: 30
 Final matrix dimension:  36708
 Residual error:0.001000
 0  6.143786e-01
 1  3.512299e-01
 2  2.209663e-01
 3  1.487806e-01
 4  1.046890e-01
 5  7.861523e-02
 6  6.061882e-02
 7  4.754782e-02
 8  3.740305e-02
 9  3.025084e-02
 10  2.459022e-02
 11  1.992243e-02
 12  1.585946e-02
 13  1.302392e-02
 14  1.097704e-02
 15  9.041558e-03
 16  7.613202e-03
 17  6.583233e-03
 18  5.793733e-03
 19  5.206721e-03
 20  4.740349e-03
 21  4.323619e-03
 22  3.915758e-03
 23  3.634170e-03
 24  3.351946e-03
 25  3.071068e-03
 26  2.823886e-03
 27  2.580483e-03
 28  2.275242e-03
 29  1.953253e-03
 30  1.636407e-03
 31  1.321257e-03
 32  1.026710e-03
 33  8.137240e-04
 Iteration CPU time: 8 s
 CFIE residual: 0.000813724

 Iseg, Irank, Idinc : 1, 17, 1
 Thata, Phi : 90.000000, 0.000000
 Maximun iteration: 300
 Number of recycle truncation: 30
 Final matrix dimension:  36708
 Residual error:0.001000
 0  5.080350e-01
 1  2.678467e-01
 2  1.736197e-01
 3  1.207911e-01
 4  8.569810e-02
 5  6.444608e-02
 6  4.986841e-02
 7  3.808859e-02
 8  2.900562e-02
 9  2.280258e-02
 10  1.731840e-02
 11  1.356887e-02
 12  1.122213e-02
 13  8.746877e-03
 14  7.091183e-03
 15  5.610249e-03
 16  4.563814e-03
 17  3.768297e-03
 18  3.224355e-03
 19  2.778594e-03
 20  2.408784e-03
 21  2.128461e-03
 22  1.879081e-03
 23  1.645700e-03
 24  1.472093e-03
 25  1.345115e-03
 26  1.251878e-03
 27  1.174969e-03
 28  1.094325e-03
 29  1.010342e-03
 30  9.032415e-04
 Iteration CPU time: 7 s
 CFIE residual: 0.000903242

 Iseg, Irank, Idinc : 1, 18, 168
 Thata, Phi : 90.000000, 167.000000
 Maximun iteration: 300
 Number of recycle truncation: 30
 Final matrix dimension:  36708
 Residual error:0.001000
 0  5.773877e-01
 1  3.007602e-01
 2  1.886507e-01
 3  1.337559e-01
 4  1.048205e-01
 5  8.271303e-02
 6  6.810072e-02
 7  5.541302e-02
 8  4.622623e-02
 9  3.831860e-02
 10  3.246118e-02
 11  2.691958e-02
 12  2.230116e-02
 13  1.789192e-02
 14  1.466716e-02
 15  1.206848e-02
 16  9.830655e-03
 17  8.053194e-03
 18  6.362594e-03
 19  5.175325e-03
 20  4.236709e-03
 21  3.442403e-03
 22  2.923043e-03
 23  2.476386e-03
 24  2.104500e-03
 25  1.785202e-03
 26  1.536492e-03
 27  1.372979e-03
 28  1.257761e-03
 29  1.169366e-03
 30  1.098733e-03
 31  1.029123e-03
 32  9.454049e-04
 Iteration CPU time: 7 s
 CFIE residual: 0.000945405

 Iseg, Irank, Idinc : 1, 19, 140
 Thata, Phi : 90.000000, 139.000000
 Maximun iteration: 300
 Number of recycle truncation: 30
 Final matrix dimension:  36708
 Residual error:0.001000
 0  6.897656e-01
 1  3.540628e-01
 2  2.162676e-01
 3  1.492396e-01
 4  1.089129e-01
 5  8.251390e-02
 6  6.287634e-02
 7  4.972209e-02
 8  4.099795e-02
 9  3.341683e-02
 10  2.736942e-02
 11  2.278186e-02
 12  1.844242e-02
 13  1.502260e-02
 14  1.179801e-02
 15  9.670313e-03
 16  7.810451e-03
 17  6.511648e-03
 18  5.389076e-03
 19  4.507241e-03
 20  3.883752e-03
 21  3.421349e-03
 22  3.079441e-03
 23  2.781805e-03
 24  2.562327e-03
 25  2.400045e-03
 26  2.237905e-03
 27  2.081433e-03
 28  1.912095e-03
 29  1.747617e-03
 30  1.570229e-03
 31  1.353997e-03
 32  1.157057e-03
 33  9.753689e-04
 Iteration CPU time: 8 s
 CFIE residual: 0.000975369

 Iseg, Irank, Idinc : 1, 20, 115
 Thata, Phi : 90.000000, 114.000000
 Maximun iteration: 300
 Number of recycle truncation: 30
 Final matrix dimension:  36708
 Residual error:0.001000
 0  6.449840e-01
 1  3.503167e-01
 2  2.210285e-01
 3  1.542794e-01
 4  1.094101e-01
 5  8.128942e-02
 6  6.182854e-02
 7  4.786533e-02
 8  3.808073e-02
 9  3.001890e-02
 10  2.321127e-02
 11  1.815174e-02
 12  1.504310e-02
 13  1.251307e-02
 14  1.023202e-02
 15  8.439261e-03
 16  7.152765e-03
 17  6.133754e-03
 18  5.296234e-03
 19  4.620115e-03
 20  4.162921e-03
 21  3.722624e-03
 22  3.390952e-03
 23  3.088352e-03
 24  2.866343e-03
 25  2.642361e-03
 26  2.434472e-03
 27  2.212922e-03
 28  2.003179e-03
 29  1.760992e-03
 30  1.506178e-03
 31  1.212405e-03
 32  9.502446e-04
 Iteration CPU time: 8 s
 CFIE residual: 0.000950245

 Iseg, Irank, Idinc : 1, 21, 78
 Thata, Phi : 90.000000, 77.000000
 Maximun iteration: 300
 Number of recycle truncation: 30
 Final matrix dimension:  36708
 Residual error:0.001000
 0  6.295434e-01
 1  3.614583e-01
 2  2.353167e-01
 3  1.496190e-01
 4  1.055272e-01
 5  8.071235e-02
 6  6.240293e-02
 7  5.048634e-02
 8  3.945794e-02
 9  3.160304e-02
 10  2.537953e-02
 11  2.020784e-02
 12  1.628948e-02
 13  1.368999e-02
 14  1.175711e-02
 15  1.023196e-02
 16  8.992728e-03
 17  7.968694e-03
 18  7.173808e-03
 19  6.579645e-03
 20  6.016286e-03
 21  5.589387e-03
 22  5.164144e-03
 23  4.796981e-03
 24  4.351909e-03
 25  3.935349e-03
 26  3.476285e-03
 27  3.001217e-03
 28  2.552388e-03
 29  2.138922e-03
 30  1.745034e-03
 31  1.397418e-03
 32  1.085563e-03
 33  8.235854e-04
 Iteration CPU time: 7 s
 CFIE residual: 0.000823585

 Iseg, Irank, Idinc : 1, 22, 6
 Thata, Phi : 90.000000, 5.000000
 Maximun iteration: 300
 Number of recycle truncation: 30
 Final matrix dimension:  36708
 Residual error:0.001000
 0  5.179675e-01
 1  2.703631e-01
 2  1.733516e-01
 3  1.218206e-01
 4  8.734302e-02
 5  6.606632e-02
 6  5.051665e-02
 7  3.813592e-02
 8  2.901101e-02
 9  2.336872e-02
 10  1.846109e-02
 11  1.454700e-02
 12  1.137978e-02
 13  9.168510e-03
 14  7.633966e-03
 15  6.131082e-03
 16  5.049534e-03
 17  4.210243e-03
 18  3.567177e-03
 19  3.082525e-03
 20  2.699123e-03
 21  2.361110e-03
 22  2.067721e-03
 23  1.810325e-03
 24  1.634790e-03
 25  1.494966e-03
 26  1.384096e-03
 27  1.291661e-03
 28  1.209517e-03
 29  1.119915e-03
 30  1.025504e-03
 31  9.278617e-04
 Iteration CPU time: 8 s
 CFIE residual: 0.000927862

 Iseg, Irank, Idinc : 1, 23, 181
 Thata, Phi : 90.000000, 180.000000
 Maximun iteration: 300
 Number of recycle truncation: 30
 Final matrix dimension:  36708
 Residual error:0.001000
 0  5.599295e-01
 1  2.988834e-01
 2  1.906665e-01
 3  1.343127e-01
 4  1.052363e-01
 5  8.050582e-02
 6  6.532775e-02
 7  5.428212e-02
 8  4.425440e-02
 9  3.428488e-02
 10  2.684240e-02
 11  2.128292e-02
 12  1.629866e-02
 13  1.276097e-02
 14  1.002239e-02
 15  7.833480e-03
 16  5.981979e-03
 17  4.820740e-03
 18  3.912022e-03
 19  3.082276e-03
 20  2.554862e-03
 21  2.183293e-03
 22  1.867469e-03
 23  1.600700e-03
 24  1.386104e-03
 25  1.234322e-03
 26  1.113054e-03
 27  1.004356e-03
 28  9.282058e-04
 Iteration CPU time: 6 s
 CFIE residual: 0.000928206

 Iseg, Irank, Idinc : 1, 24, 154
 Thata, Phi : 90.000000, 153.000000
 Maximun iteration: 300
 Number of recycle truncation: 30
 Final matrix dimension:  36708
 Residual error:0.001000
 0  6.281912e-01
 1  3.261496e-01
 2  1.989652e-01
 3  1.349960e-01
 4  1.009974e-01
 5  7.910609e-02
 6  6.305628e-02
 7  5.009422e-02
 8  4.253256e-02
 9  3.596578e-02
 10  3.053108e-02
 11  2.539118e-02
 12  2.034995e-02
 13  1.668348e-02
 14  1.349269e-02
 15  1.096697e-02
 16  8.817035e-03
 17  7.274344e-03
 18  5.857178e-03
 19  4.891829e-03
 20  4.054375e-03
 21  3.383128e-03
 22  2.946766e-03
 23  2.584027e-03
 24  2.292685e-03
 25  2.054381e-03
 26  1.890881e-03
 27  1.733405e-03
 28  1.597539e-03
 29  1.485550e-03
 30  1.360560e-03
 31  1.228726e-03
 32  1.064537e-03
 33  9.068543e-04
 Iteration CPU time: 8 s
 CFIE residual: 0.000906854

 Iseg, Irank, Idinc : 1, 25, 17
 Thata, Phi : 90.000000, 16.000000
 Maximun iteration: 300
 Number of recycle truncation: 30
 Final matrix dimension:  36708
 Residual error:0.001000
 0  5.812789e-01
 1  2.839964e-01
 2  1.698967e-01
 3  1.191690e-01
 4  8.444375e-02
 5  6.345849e-02
 6  4.941144e-02
 7  3.837769e-02
 8  2.999590e-02
 9  2.360533e-02
 10  1.844616e-02
 11  1.477702e-02
 12  1.140500e-02
 13  9.135918e-03
 14  7.403714e-03
 15  6.292806e-03
 16  5.231628e-03
 17  4.394564e-03
 18  3.710263e-03
 19  3.152446e-03
 20  2.736282e-03
 21  2.362872e-03
 22  2.094870e-03
 23  1.875656e-03
 24  1.738529e-03
 25  1.616871e-03
 26  1.505567e-03
 27  1.397966e-03
 28  1.313204e-03
 29  1.223874e-03
 30  1.123707e-03
 31  1.019495e-03
 32  9.068916e-04
 Iteration CPU time: 8 s
 CFIE residual: 0.000906892

 Iseg, Irank, Idinc : 1, 26, 57
 Thata, Phi : 90.000000, 56.000000
 Maximun iteration: 300
 Number of recycle truncation: 30
 Final matrix dimension:  36708
 Residual error:0.001000
 0  6.589046e-01
 1  3.430438e-01
 2  2.125485e-01
 3  1.350337e-01
 4  9.639505e-02
 5  7.038796e-02
 6  5.437983e-02
 7  4.309775e-02
 8  3.449369e-02
 9  2.645868e-02
 10  2.001983e-02
 11  1.591792e-02
 12  1.302677e-02
 13  1.064337e-02
 14  8.903214e-03
 15  7.583337e-03
 16  6.801375e-03
 17  6.115351e-03
 18  5.534686e-03
 19  5.092722e-03
 20  4.690180e-03
 21  4.295652e-03
 22  3.917016e-03
 23  3.586355e-03
 24  3.191186e-03
 25  2.802139e-03
 26  2.392350e-03
 27  1.998452e-03
 28  1.630201e-03
 29  1.297828e-03
 30  1.024289e-03
 31  8.258312e-04
 Iteration CPU time: 7 s
 CFIE residual: 0.000825831

 Iseg, Irank, Idinc : 1, 27, 173
 Thata, Phi : 90.000000, 172.000000
 Maximun iteration: 300
 Number of recycle truncation: 30
 Final matrix dimension:  36708
 Residual error:0.001000
 0  5.668486e-01
 1  2.991416e-01
 2  1.904249e-01
 3  1.349822e-01
 4  1.062971e-01
 5  8.280271e-02
 6  6.775345e-02
 7  5.582268e-02
 8  4.626049e-02
 9  3.731284e-02
 10  3.056122e-02
 11  2.520283e-02
 12  2.089201e-02
 13  1.677323e-02
 14  1.377806e-02
 15  1.118989e-02
 16  9.269484e-03
 17  7.521413e-03
 18  5.916536e-03
 19  4.835744e-03
 20  3.890478e-03
 21  3.153327e-03
 22  2.680797e-03
 23  2.296192e-03
 24  1.945943e-03
 25  1.658311e-03
 26  1.425110e-03
 27  1.255400e-03
 28  1.140108e-03
 29  1.054497e-03
 30  9.925159e-04
 Iteration CPU time: 7 s
 CFIE residual: 0.000992516

 Iseg, Irank, Idinc : 1, 28, 127
 Thata, Phi : 90.000000, 126.000000
 Maximun iteration: 300
 Number of recycle truncation: 30
 Final matrix dimension:  36708
 Residual error:0.001000
 0  6.617525e-01
 1  3.486389e-01
 2  2.288333e-01
 3  1.572860e-01
 4  1.123431e-01
 5  8.571851e-02
 6  6.531827e-02
 7  5.079166e-02
 8  3.970759e-02
 9  3.101964e-02
 10  2.469182e-02
 11  1.957180e-02
 12  1.540355e-02
 13  1.260038e-02
 14  1.043859e-02
 15  8.806007e-03
 16  7.400623e-03
 17  6.292747e-03
 18  5.380578e-03
 19  4.718426e-03
 20  4.256759e-03
 21  3.839570e-03
 22  3.510331e-03
 23  3.237373e-03
 24  2.976038e-03
 25  2.748258e-03
 26  2.542918e-03
 27  2.364371e-03
 28  2.174965e-03
 29  1.997313e-03
 30  1.780131e-03
 31  1.545676e-03
 32  1.327243e-03
 33  1.096055e-03
 34  8.995405e-04
 Iteration CPU time: 8 s
 CFIE residual: 0.00089954

 Iseg, Irank, Idinc : 1, 29, 37
 Thata, Phi : 90.000000, 36.000000
 Maximun iteration: 300
 Number of recycle truncation: 30
 Final matrix dimension:  36708
 Residual error:0.001000
 0  6.219327e-01
 1  3.121878e-01
 2  1.926908e-01
 3  1.224847e-01
 4  8.370074e-02
 5  6.151709e-02
 6  4.487339e-02
 7  3.383972e-02
 8  2.615608e-02
 9  2.034047e-02
 10  1.595314e-02
 11  1.276176e-02
 12  1.014960e-02
 13  8.409750e-03
 14  6.907025e-03
 15  5.795853e-03
 16  4.884558e-03
 17  4.251615e-03
 18  3.751586e-03
 19  3.337082e-03
 20  3.028446e-03
 21  2.785739e-03
 22  2.591553e-03
 23  2.390076e-03
 24  2.228284e-03
 25  2.051321e-03
 26  1.851179e-03
 27  1.641749e-03
 28  1.451542e-03
 29  1.231171e-03
 30  1.029248e-03
 31  8.513665e-04
 Iteration CPU time: 7 s
 CFIE residual: 0.000851366

 Iseg, Irank, Idinc : 1, 30, 96
 Thata, Phi : 90.000000, 95.000000
 Maximun iteration: 300
 Number of recycle truncation: 30
 Final matrix dimension:  36708
 Residual error:0.001000
 0  6.153285e-01
 1  3.522767e-01
 2  2.228064e-01
 3  1.481876e-01
 4  1.063883e-01
 5  8.164254e-02
 6  6.319156e-02
 7  5.045641e-02
 8  4.019121e-02
 9  3.234346e-02
 10  2.585043e-02
 11  2.063332e-02
 12  1.673812e-02
 13  1.385820e-02
 14  1.157436e-02
 15  9.635732e-03
 16  8.146255e-03
 17  7.092498e-03
 18  6.274607e-03
 19  5.657344e-03
 20  5.168359e-03
 21  4.736345e-03
 22  4.339297e-03
 23  4.054077e-03
 24  3.714509e-03
 25  3.410973e-03
 26  3.126693e-03
 27  2.816485e-03
 28  2.448060e-03
 29  2.023133e-03
 30  1.629955e-03
 31  1.299436e-03
 32  9.892143e-04
 Iteration CPU time: 8 s
 CFIE residual: 0.000989214

 Iseg, Irank, Idinc : 1, 31, 3
 Thata, Phi : 90.000000, 2.000000
 Maximun iteration: 300
 Number of recycle truncation: 30
 Final matrix dimension:  36708
 Residual error:0.001000
 0  5.097187e-01
 1  2.682845e-01
 2  1.735618e-01
 3  1.209613e-01
 4  8.601000e-02
 5  6.480601e-02
 6  4.999117e-02
 7  3.800635e-02
 8  2.889434e-02
 9  2.282499e-02
 10  1.758066e-02
 11  1.398958e-02
 12  1.130195e-02
 13  8.897239e-03
 14  7.311762e-03
 15  5.900411e-03
 16  4.884202e-03
 17  4.066944e-03
 18  3.434007e-03
 19  2.974358e-03
 20  2.610027e-03
 21  2.307172e-03
 22  2.017861e-03
 23  1.755952e-03
 24  1.575199e-03
 25  1.432901e-03
 26  1.314391e-03
 27  1.226751e-03
 28  1.144273e-03
 29  1.060823e-03
 30  9.621522e-04
 Iteration CPU time: 7 s
 CFIE residual: 0.000962152

 Iseg, Irank, Idinc : 1, 32, 164
 Thata, Phi : 90.000000, 163.000000
 Maximun iteration: 300
 Number of recycle truncation: 30
 Final matrix dimension:  36708
 Residual error:0.001000
 0  5.901154e-01
 1  3.044263e-01
 2  1.874594e-01
 3  1.314802e-01
 4  1.021281e-01
 5  8.160624e-02
 6  6.674353e-02
 7  5.384195e-02
 8  4.532971e-02
 9  3.856138e-02
 10  3.272829e-02
 11  2.710368e-02
 12  2.250817e-02
 13  1.818082e-02
 14  1.476616e-02
 15  1.214284e-02
 16  9.901751e-03
 17  8.166617e-03
 18  6.533663e-03
 19  5.303780e-03
 20  4.340593e-03
 21  3.541634e-03
 22  3.004582e-03
 23  2.537598e-03
 24  2.181784e-03
 25  1.867825e-03
 26  1.653544e-03
 27  1.497076e-03
 28  1.386477e-03
 29  1.296654e-03
 30  1.217213e-03
 31  1.141322e-03
 32  1.042872e-03
 33  9.322034e-04
 Iteration CPU time: 8 s
 CFIE residual: 0.000932203

 Iseg, Irank, Idinc : 1, 33, 68
 Thata, Phi : 90.000000, 67.000000
 Maximun iteration: 300
 Number of recycle truncation: 30
 Final matrix dimension:  36708
 Residual error:0.001000
 0  6.575958e-01
 1  3.653474e-01
 2  2.312759e-01
 3  1.496660e-01
 4  1.081605e-01
 5  8.181640e-02
 6  6.269631e-02
 7  4.914678e-02
 8  4.001040e-02
 9  3.263379e-02
 10  2.556167e-02
 11  2.010823e-02
 12  1.606615e-02
 13  1.339435e-02
 14  1.139575e-02
 15  9.864851e-03
 16  8.827224e-03
 17  7.977211e-03
 18  7.276054e-03
 19  6.623164e-03
 20  6.089613e-03
 21  5.585328e-03
 22  5.176006e-03
 23  4.782327e-03
 24  4.302738e-03
 25  3.790146e-03
 26  3.269472e-03
 27  2.756618e-03
 28  2.265440e-03
 29  1.834084e-03
 30  1.437412e-03
 31  1.129042e-03
 32  8.862089e-04
 Iteration CPU time: 7 s
 CFIE residual: 0.000886209

 Iseg, Irank, Idinc : 1, 34, 27
 Thata, Phi : 90.000000, 26.000000
 Maximun iteration: 300
 Number of recycle truncation: 30
 Final matrix dimension:  36708
 Residual error:0.001000
 0  6.332297e-01
 1  2.985869e-01
 2  1.683169e-01
 3  1.102130e-01
 4  7.747163e-02
 5  5.701691e-02
 6  4.251262e-02
 7  3.223248e-02
 8  2.521230e-02
 9  2.065154e-02
 10  1.655611e-02
 11  1.311848e-02
 12  1.037667e-02
 13  8.778986e-03
 14  7.186666e-03
 15  6.027745e-03
 16  5.169248e-03
 17  4.350104e-03
 18  3.712904e-03
 19  3.191268e-03
 20  2.790374e-03
 21  2.451766e-03
 22  2.227849e-03
 23  2.065518e-03
 24  1.935303e-03
 25  1.790960e-03
 26  1.661114e-03
 27  1.534927e-03
 28  1.403193e-03
 29  1.271275e-03
 30  1.122573e-03
 31  9.779108e-04
 Iteration CPU time: 8 s
 CFIE residual: 0.000977911

 Iseg, Irank, Idinc : 1, 35, 180
 Thata, Phi : 90.000000, 179.000000
 Maximun iteration: 300
 Number of recycle truncation: 30
 Final matrix dimension:  36708
 Residual error:0.001000
 0  5.600655e-01
 1  2.988877e-01
 2  1.906731e-01
 3  1.343395e-01
 4  1.052793e-01
 5  8.059272e-02
 6  6.540681e-02
 7  5.435398e-02
 8  4.434281e-02
 9  3.438514e-02
 10  2.694119e-02
 11  2.140364e-02
 12  1.655805e-02
 13  1.296498e-02
 14  1.027634e-02
 15  8.037719e-03
 16  6.196472e-03
 17  5.052997e-03
 18  4.151299e-03
 19  3.374869e-03
 20  2.706977e-03
 21  2.266105e-03
 22  1.954109e-03
 23  1.698935e-03
 24  1.476761e-03
 25  1.293863e-03
 26  1.151967e-03
 27  1.028005e-03
 28  9.470107e-04
 Iteration CPU time: 6 s
 CFIE residual: 0.000947011

 Iseg, Irank, Idinc : 1, 36, 136
 Thata, Phi : 90.000000, 135.000000
 Maximun iteration: 300
 Number of recycle truncation: 30
 Final matrix dimension:  36708
 Residual error:0.001000
 0  6.989826e-01
 1  3.583928e-01
 2  2.249156e-01
 3  1.535646e-01
 4  1.109728e-01
 5  8.402203e-02
 6  6.394259e-02
 7  5.002924e-02
 8  4.061030e-02
 9  3.198102e-02
 10  2.565444e-02
 11  2.121879e-02
 12  1.705209e-02
 13  1.368438e-02
 14  1.108381e-02
 15  8.996663e-03
 16  7.463215e-03
 17  6.228621e-03
 18  5.175798e-03
 19  4.484430e-03
 20  3.914483e-03
 21  3.505451e-03
 22  3.216094e-03
 23  2.915990e-03
 24  2.708539e-03
 25  2.530574e-03
 26  2.337222e-03
 27  2.153684e-03
 28  1.970800e-03
 29  1.790861e-03
 30  1.570163e-03
 31  1.336641e-03
 32  1.108468e-03
 33  9.145739e-04
 Iteration CPU time: 8 s
 CFIE residual: 0.000914574

 Iseg, Irank, Idinc : 1, 37, 47
 Thata, Phi : 90.000000, 46.000000
 Maximun iteration: 300
 Number of recycle truncation: 30
 Final matrix dimension:  36708
 Residual error:0.001000
 0  6.351145e-01
 1  3.239806e-01
 2  2.037495e-01
 3  1.339318e-01
 4  9.484824e-02
 5  7.060494e-02
 6  5.283425e-02
 7  4.065584e-02
 8  3.115079e-02
 9  2.407347e-02
 10  1.860249e-02
 11  1.438834e-02
 12  1.153716e-02
 13  9.429554e-03
 14  7.850572e-03
 15  6.624609e-03
 16  5.827070e-03
 17  5.176101e-03
 18  4.724765e-03
 19  4.382185e-03
 20  3.979618e-03
 21  3.633438e-03
 22  3.361653e-03
 23  3.064601e-03
 24  2.756492e-03
 25  2.448186e-03
 26  2.153168e-03
 27  1.808628e-03
 28  1.530890e-03
 29  1.251911e-03
 30  1.009609e-03
 31  8.109210e-04
 Iteration CPU time: 7 s
 CFIE residual: 0.000810921

 Iseg, Irank, Idinc : 1, 38, 105
 Thata, Phi : 90.000000, 104.000000
 Maximun iteration: 300
 Number of recycle truncation: 30
 Final matrix dimension:  36708
 Residual error:0.001000
 0  6.186649e-01
 1  3.538554e-01
 2  2.225985e-01
 3  1.512963e-01
 4  1.055041e-01
 5  7.947458e-02
 6  6.193959e-02
 7  4.776454e-02
 8  3.762964e-02
 9  3.095366e-02
 10  2.467717e-02
 11  1.956323e-02
 12  1.572723e-02
 13  1.296351e-02
 14  1.066522e-02
 15  8.762171e-03
 16  7.354871e-03
 17  6.349039e-03
 18  5.512670e-03
 19  4.904472e-03
 20  4.399935e-03
 21  3.995093e-03
 22  3.616294e-03
 23  3.322413e-03
 24  3.075871e-03
 25  2.830672e-03
 26  2.600770e-03
 27  2.386570e-03
 28  2.101702e-03
 29  1.824305e-03
 30  1.519642e-03
 31  1.256956e-03
 32  9.977876e-04
 Iteration CPU time: 7 s
 CFIE residual: 0.000997788

 Iseg, Irank, Idinc : 1, 39, 8
 Thata, Phi : 90.000000, 7.000000
 Maximun iteration: 300
 Number of recycle truncation: 30
 Final matrix dimension:  36708
 Residual error:0.001000
 0  5.265127e-01
 1  2.723944e-01
 2  1.732293e-01
 3  1.225625e-01
 4  8.811203e-02
 5  6.660101e-02
 6  5.090338e-02
 7  3.872487e-02
 8  2.989324e-02
 9  2.401695e-02
 10  1.872670e-02
 11  1.469271e-02
 12  1.147247e-02
 13  9.317573e-03
 14  7.634220e-03
 15  6.111263e-03
 16  5.077856e-03
 17  4.246130e-03
 18  3.612416e-03
 19  3.115100e-03
 20  2.725006e-03
 21  2.380720e-03
 22  2.083972e-03
 23  1.834846e-03
 24  1.670279e-03
 25  1.533844e-03
 26  1.426842e-03
 27  1.328599e-03
 28  1.247716e-03
 29  1.157438e-03
 30  1.064680e-03
 31  9.673051e-04
 Iteration CPU time: 7 s
 CFIE residual: 0.000967305

 Iseg, Irank, Idinc : 1, 40, 175
 Thata, Phi : 90.000000, 174.000000
 Maximun iteration: 300
 Number of recycle truncation: 30
 Final matrix dimension:  36708
 Residual error:0.001000
 0  5.639858e-01
 1  2.989822e-01
 2  1.906573e-01
 3  1.348775e-01
 4  1.061385e-01
 5  8.229791e-02
 6  6.708198e-02
 7  5.549068e-02
 8  4.577370e-02
 9  3.639698e-02
 10  2.927663e-02
 11  2.389243e-02
 12  1.966717e-02
 13  1.558743e-02
 14  1.280965e-02
 15  1.036393e-02
 16  8.544039e-03
 17  6.933233e-03
 18  5.495136e-03
 19  4.506304e-03
 20  3.622419e-03
 21  2.947404e-03
 22  2.511094e-03
 23  2.163386e-03
 24  1.839198e-03
 25  1.574916e-03
 26  1.361639e-03
 27  1.197412e-03
 28  1.086804e-03
 29  1.004237e-03
 30  9.413341e-04
 Iteration CPU time: 7 s
 CFIE residual: 0.000941334
 Last Built End in Sep 21 2025 00:06:12
 Total CPU time: 316 s
 Finished.
