 Last Built Begin in Sep 21 2025 00:06:12
 Pre-Type( Input ):            8
 Skl-Tol ( Input ):    1.0000000000000000E-002
 Wavelength in freespace: 0.394737

 ################################################
 ##         Generating Required Mesh          ##
 ##         Waiting.....                      ##
 ################################################
 Subd No.      Subd Name
    1    sphere1                                                           
 isub,  nnode, npatch,  nedge:
    1       604      1204      1806
 Scale Factor         >>   9.99999978E-03
 ################################################

 START TIME: 20250922   002522.232


 Informaton for IE geometry:
 number of subdomains     : 1
 maxnode,maxpatch,maxedge : 604  1204  1806
 
 Index of Mat-Reg: 1
 Mat-Reg Number via MatFlg: 1
 Edge Number of Mat-Reg: 1, 1806

 Number of Edge on PEC: 0
 Mat-Reg: No Dim(m) Lmax:
    1 0.253    1
 Totlmax, add1, add2:           1           2           3
 rlengmax of Global MLFMA >>   0.25333331823466665     
 Lmax of Global MLFMA >>            1
 Wavenum of Mat-Reg:
    1 1.000

 total area in sq m           =      0.1254
 total area in sq lambda      =      0.8045
 maxnode, maxpatch, maxedge           =      604     1204     1806
 longest  edge in lambda              =      0.0552
 shortest edge in lambda              =      0.0241
 average  edge in lambda              =      0.0394
 largest  patch area in sq lambda     =      0.0011
 smallest patch area in sq lambda     =      0.0003
 ave    surface area in sq lambda     =      0.0007
 size range of the object in sq lambda =      0.5067

 #### MLFMA Info For Each Region ####
 Mat-Region =            1
 Array dimension parameters:
 maxrule=          14   maxgrid  =          64
 lmax   =           1   ncmax    =           9
 lsmax  =           1   lsmin    =           1
 kpm    =           1   kp0      =           1
 ntlm   =           1   nsm      =           1
 nkpm   =           1   niplm    =          16
 ngnearm=          64   ngsndm   =           1
 nearm  =        1807   mfinestm =         244
 ###############################

 CFIE Alpha:  0.50000000000000000     

 Fill MLFMA NI for Mat-Reg:           1
 Begin fill sparser part of Nearfield
 Begin fill denser part of Nearfield
 End fill
 Filling Amn                 Delta_CPU=         44.44 Memory(MB)=        200.07


 Now testing preconditioner with
 ipretype =            8
 method = cfie_solve_nfpre_pardiso

  
 NBP>>Begin fill sparser part of Nearfield
 NBP>>Begin fill denser part of Nearfield

212.5000%
225.0000%
237.5000%
250.0000%
262.5000%
275.0000%
287.5000%
300.0000%
 Begin MLFMA Box-Matrix Based Prec Constructor
 --- Intel MKL PARDISO --- 
  >> Solver Initialized
  >> Proceed to ngrp_box loop
  >> Loop 0 Initialized
 Memory for iGRP: 1 0 MB
 Total Memory For NFB Pre: 0 MB
 --- PARDISO PRECONDITIONER INITIALIZED --- 
 Constructing preconditioner CPU time: 0 s
 
 108360
 Memory for Iteration:: 1.65344 MB

 Iseg, Ninc_S : 1, 181, 0

 Iseg, Skeleton Angles: 1, 7
 Iseg, Skel-Pk Mem(MB): 1, 30.95

 Iseg, Irank, Idinc : 1, 1, 128
 Thata, Phi : 90.000000, 127.000000
 Maximun iteration: 300
 Number of recycle truncation: 30
 Final matrix dimension:  3612
 Residual error:0.010000
 0  1.800198e-01
 1  8.120114e-02
 2  3.078038e-02
 3  1.324637e-02
 4  5.696473e-03
 Iteration CPU time: 0 s
 CFIE residual: 0.00569647

 Iseg, Irank, Idinc : 1, 2, 47
 Thata, Phi : 90.000000, 46.000000
 Maximun iteration: 300
 Number of recycle truncation: 30
 Final matrix dimension:  3612
 Residual error:0.010000
 0  1.816570e-01
 1  8.289572e-02
 2  3.333013e-02
 3  1.479814e-02
 4  6.094331e-03
 Iteration CPU time: 0 s
 CFIE residual: 0.00609433

 Iseg, Irank, Idinc : 1, 3, 1
 Thata, Phi : 90.000000, 0.000000
 Maximun iteration: 300
 Number of recycle truncation: 30
 Final matrix dimension:  3612
 Residual error:0.010000
 0  1.957952e-01
 1  8.870234e-02
 2  3.363291e-02
 3  1.418448e-02
 4  5.775718e-03
 Iteration CPU time: 0 s
 CFIE residual: 0.00577572

 Iseg, Irank, Idinc : 1, 4, 181
 Thata, Phi : 90.000000, 180.000000
 Maximun iteration: 300
 Number of recycle truncation: 30
 Final matrix dimension:  3612
 Residual error:0.010000
 0  1.937853e-01
 1  8.827456e-02
 2  3.288520e-02
 3  1.311853e-02
 4  5.472378e-03
 Iteration CPU time: 0 s
 CFIE residual: 0.00547238

 Iseg, Irank, Idinc : 1, 5, 87
 Thata, Phi : 90.000000, 86.000000
 Maximun iteration: 300
 Number of recycle truncation: 30
 Final matrix dimension:  3612
 Residual error:0.010000
 0  1.919356e-01
 1  9.002953e-02
 2  3.386752e-02
 3  1.413385e-02
 4  5.717742e-03
 Iteration CPU time: 1 s
 CFIE residual: 0.00571774

 Iseg, Irank, Idinc : 1, 6, 159
 Thata, Phi : 90.000000, 158.000000
 Maximun iteration: 300
 Number of recycle truncation: 30
 Final matrix dimension:  3612
 Residual error:0.010000
 0  1.871599e-01
 1  8.462650e-02
 2  3.213271e-02
 3  1.312773e-02
 4  5.563442e-03
 Iteration CPU time: 0 s
 CFIE residual: 0.00556344

 Iseg, Irank, Idinc : 1, 7, 21
 Thata, Phi : 90.000000, 20.000000
 Maximun iteration: 300
 Number of recycle truncation: 30
 Final matrix dimension:  3612
 Residual error:0.010000
 0  1.896362e-01
 1  8.599810e-02
 2  3.344404e-02
 3  1.449840e-02
 4  5.939646e-03
 Iteration CPU time: 0 s
 CFIE residual: 0.00593965
 Last Built End in Sep 21 2025 00:06:12
 Total CPU time: 6 s
 Finished.
