 Last Built Begin in Sep 21 2025 00:06:12
 Pre-Type( Input ):            8
 Skl-Tol ( Input ):    1.0000000000000000E-002
 Wavelength in freespace: 0.252809

 ################################################
 ##         Generating Required Mesh          ##
 ##         Waiting.....                      ##
 ################################################
 Subd No.      Subd Name
    1    sphere1                                                           
 isub,  nnode, npatch,  nedge:
    1       604      1204      1806
 Scale Factor         >>   9.99999978E-03
 ################################################

 START TIME: 20250922   002712.449


 Informaton for IE geometry:
 number of subdomains     : 1
 maxnode,maxpatch,maxedge : 604  1204  1806
 
 Index of Mat-Reg: 1
 Mat-Reg Number via MatFlg: 1
 Edge Number of Mat-Reg: 1, 1806

 Number of Edge on PEC: 0
 Mat-Reg: No Dim(m) Lmax:
    1 0.198    2
 Totlmax, add1, add2:           2           3           4
 rlengmax of Global MLFMA >>   0.19777782154577445     
 Lmax of Global MLFMA >>            2
 Wavenum of Mat-Reg:
    1 1.000

 total area in sq m           =      0.1254
 total area in sq lambda      =      1.9613
 maxnode, maxpatch, maxedge           =      604     1204     1806
 longest  edge in lambda              =      0.0862
 shortest edge in lambda              =      0.0376
 average  edge in lambda              =      0.0615
 largest  patch area in sq lambda     =      0.0027
 smallest patch area in sq lambda     =      0.0008
 ave    surface area in sq lambda     =      0.0016
 size range of the object in sq lambda =      0.7911

 #### MLFMA Info For Each Region ####
 Mat-Region =            1
 Array dimension parameters:
 maxrule=          14   maxgrid  =          64
 lmax   =           2   ncmax    =          65
 lsmax  =           6   lsmin    =           6
 kpm    =          76   kp0      =          76
 ntlm   =       24016   nsm      =        4256
 nkpm   =          76   niplm    =        4864
 ngnearm=         632   ngsndm   =        2504
 nearm  =         413   mfinestm =          43
 ###############################

 CFIE Alpha:  0.50000000000000000     

 Fill MLFMA FI for Mat-Reg:           1
 Begin filltl.f
 fill translation matrix
 Level:            2
 fill shifting matrix
 translator time(s):   2.90000010E-02
 fill interpolation matrix
 Filling TL                  Delta_CPU=          0.12 Memory(MB)=         65.70
 Filling sndgrp              Delta_CPU=          0.00 Memory(MB)=         65.70
 Filling VFS                 Delta_CPU=          0.24 Memory(MB)=         65.70

 Fill MLFMA NI for Mat-Reg:           1
 Begin fill sparser part of Nearfield
 Begin fill denser part of Nearfield
 End fill
 Filling Amn                 Delta_CPU=         11.26 Memory(MB)=         65.70


 Now testing preconditioner with
 ipretype =            8
 method = cfie_solve_nfpre_pardiso

  
 NBP>>Begin fill sparser part of Nearfield
 NBP>>Begin fill denser part of Nearfield

201.7857%
 Begin MLFMA Box-Matrix Based Prec Constructor
 --- Intel MKL PARDISO --- 
  >> Solver Initialized
  >> Proceed to ngrp_box loop
  >> Loop 0 Initialized
 Memory for iGRP: 1 0 MB
 Total Memory For NFB Pre: 0 MB
 --- PARDISO PRECONDITIONER INITIALIZED --- 
 Constructing preconditioner CPU time: 0 s
 
 108360
 Memory for Iteration:: 1.65344 MB

 Iseg, Ninc_S : 1, 181, 0

 Iseg, Skeleton Angles: 1, 8
 Iseg, Skel-Pk Mem(MB): 1, 30.96

 Iseg, Irank, Idinc : 1, 1, 27
 Thata, Phi : 90.000000, 26.000000
 Maximun iteration: 300
 Number of recycle truncation: 30
 Final matrix dimension:  3612
 Residual error:0.010000
 0  1.967986e-01
 1  9.184870e-02
 2  4.217475e-02
 3  2.021947e-02
 4  8.962550e-03
 Iteration CPU time: 0 s
 CFIE residual: 0.00896255

 Iseg, Irank, Idinc : 1, 2, 141
 Thata, Phi : 90.000000, 140.000000
 Maximun iteration: 300
 Number of recycle truncation: 30
 Final matrix dimension:  3612
 Residual error:0.010000
 0  1.979965e-01
 1  9.013715e-02
 2  4.047731e-02
 3  2.007364e-02
 4  8.450005e-03
 Iteration CPU time: 1 s
 CFIE residual: 0.00845001

 Iseg, Irank, Idinc : 1, 3, 79
 Thata, Phi : 90.000000, 78.000000
 Maximun iteration: 300
 Number of recycle truncation: 30
 Final matrix dimension:  3612
 Residual error:0.010000
 0  2.004236e-01
 1  9.419097e-02
 2  4.482161e-02
 3  2.154373e-02
 4  8.926910e-03
 Iteration CPU time: 0 s
 CFIE residual: 0.00892691

 Iseg, Irank, Idinc : 1, 4, 1
 Thata, Phi : 90.000000, 0.000000
 Maximun iteration: 300
 Number of recycle truncation: 30
 Final matrix dimension:  3612
 Residual error:0.010000
 0  1.938980e-01
 1  9.180115e-02
 2  4.285523e-02
 3  2.017704e-02
 4  8.550637e-03
 Iteration CPU time: 0 s
 CFIE residual: 0.00855064

 Iseg, Irank, Idinc : 1, 5, 181
 Thata, Phi : 90.000000, 180.000000
 Maximun iteration: 300
 Number of recycle truncation: 30
 Final matrix dimension:  3612
 Residual error:0.010000
 0  1.930475e-01
 1  8.941413e-02
 2  4.271926e-02
 3  2.007471e-02
 4  7.821694e-03
 Iteration CPU time: 0 s
 CFIE residual: 0.00782169

 Iseg, Irank, Idinc : 1, 6, 110
 Thata, Phi : 90.000000, 109.000000
 Maximun iteration: 300
 Number of recycle truncation: 30
 Final matrix dimension:  3612
 Residual error:0.010000
 0  2.002494e-01
 1  9.472050e-02
 2  4.484308e-02
 3  2.175588e-02
 4  8.901252e-03
 Iteration CPU time: 0 s
 CFIE residual: 0.00890125

 Iseg, Irank, Idinc : 1, 7, 165
 Thata, Phi : 90.000000, 164.000000
 Maximun iteration: 300
 Number of recycle truncation: 30
 Final matrix dimension:  3612
 Residual error:0.010000
 0  1.945738e-01
 1  8.964461e-02
 2  4.204692e-02
 3  2.027356e-02
 4  8.151302e-03
 Iteration CPU time: 0 s
 CFIE residual: 0.0081513

 Iseg, Irank, Idinc : 1, 8, 50
 Thata, Phi : 90.000000, 49.000000
 Maximun iteration: 300
 Number of recycle truncation: 30
 Final matrix dimension:  3612
 Residual error:0.010000
 0  1.996381e-01
 1  9.158015e-02
 2  4.143278e-02
 3  2.005605e-02
 4  8.867971e-03
 Iteration CPU time: 0 s
 CFIE residual: 0.00886797
 Last Built End in Sep 21 2025 00:06:12
 Total CPU time: 2 s
 Finished.
