 Last Built Begin in Sep 21 2025 00:06:12
 Pre-Type( Input ):           10
 Skl-Tol ( Input ):    1.0000000000000001E-005
 Wavelength in freespace: 0.0315789

 ################################################
 ##         Generating Required Mesh          ##
 ##         Waiting.....                      ##
 ################################################
 Subd No.      Subd Name
    1    Open-Duct_PRIME_model_meshAA1                                     
 isub,  nnode, npatch,  nedge:
    1      6118     12236     18354
 Scale Factor         >>   1.54999997E-02
 ################################################

 START TIME: 20250922   011604.155


 Informaton for IE geometry:
 number of subdomains     : 1
 maxnode,maxpatch,maxedge : 6118  12236  18354
 
 Index of Mat-Reg: 1
 Mat-Reg Number via MatFlg: 1
 Edge Number of Mat-Reg: 1, 18354

 Number of Edge on PEC: 18354
 Mat-Reg: No Dim(m) Lmax:
    1 0.227    5
 Totlmax, add1, add2:           5           6           7
 rlengmax of Global MLFMA >>   0.22705243667677080     
 Lmax of Global MLFMA >>            5
 Wavenum of Mat-Reg:
    1 1.000

 total area in sq m           =      0.0510
 total area in sq lambda      =     51.1115
 maxnode, maxpatch, maxedge           =     6118    12236    18354
 longest  edge in lambda              =      0.1478
 shortest edge in lambda              =      0.0070
 average  edge in lambda              =      0.0987
 largest  patch area in sq lambda     =      0.0074
 smallest patch area in sq lambda     =      0.0000
 ave    surface area in sq lambda     =      0.0042
 size range of the object in sq lambda =      7.2657

 #### MLFMA Info For Each Region ####
 Mat-Region =            1
 Array dimension parameters:
 maxrule=          14   maxgrid  =          64
 lmax   =           5   ncmax    =        1250
 lsmax  =          25   lsmin    =           6
 kpm    =        1254   kp0      =          76
 ntlm   =      200560   nsm      =      204676
 nkpm   =        2050   niplm    =      131200
 ngnearm=       14257   ngsndm   =       64634
 nearm  =         333   mfinestm =         119
 ###############################

 CFIE Alpha:  0.50000000000000000     

 Fill MLFMA FI for Mat-Reg:           1
 Begin filltl.f
 fill translation matrix
 Level:            2
 fill shifting matrix
 Level:            3
 fill shifting matrix
 Level:            4
 fill shifting matrix
 Level:            5
 fill shifting matrix
 translator time(s):  0.115000002    
 fill interpolation matrix
 ThetaOrder            8
 PhiOrder            8
 lsl            6
 Filling TL                  Delta_CPU=          0.52 Memory(MB)=        586.60
 Filling sndgrp              Delta_CPU=          0.00 Memory(MB)=        586.60
 Filling VFS                 Delta_CPU=          2.39 Memory(MB)=        586.60

 Fill MLFMA NI for Mat-Reg:           1
 Begin fill sparser part of Nearfield
 Begin fill denser part of Nearfield
 End fill
 Filling Amn                 Delta_CPU=         93.04 Memory(MB)=        586.60


 Now testing preconditioner with
 ipretype =           10
 method = cfie_solve_nfrasspspre_pardiso

  
 NBP>>Begin fill sparser part of Nearfield

110.4058% NBP>>Begin fill denser part of Nearfield

200.1041%
 Begin MLFMA Box-Matrix Based Spar-RAS Prec Constructor
 --- Intel MKL PARDISO --- 
 Memory for iGroup: 1 0 MB
 Total Memory For SparRAS Pre: 0 MB
 --- PARDISO PRECONDITIONER INITIALIZED --- 
 Constructing preconditioner CPU time: 4 s
 
 1101240
 Memory for Iteration:: 16.8036 MB

 Iseg, Ninc_S : 1, 181, 0

 Iseg, Skeleton Angles: 1, 38
 Iseg, Skel-Pk Mem(MB): 1, 314.35

 Iseg, Irank, Idinc : 1, 1, 22
 Thata, Phi : 90.000000, 21.000000
 Maximun iteration: 300
 Number of recycle truncation: 30
 Final matrix dimension:  36708
 Residual error:0.001000
 0  6.028973e-01
 1  2.897996e-01
 2  1.660276e-01
 3  1.142647e-01
 4  8.181245e-02
 5  6.044578e-02
 6  4.633694e-02
 7  3.682839e-02
 8  2.893521e-02
 9  2.262606e-02
 10  1.775700e-02
 11  1.384376e-02
 12  1.146123e-02
 13  9.393946e-03
 14  7.908523e-03
 15  6.715207e-03
 16  5.648529e-03
 17  4.787385e-03
 18  4.118370e-03
 19  3.507683e-03
 20  3.029350e-03
 21  2.618112e-03
 22  2.301093e-03
 23  2.051279e-03
 24  1.781455e-03
 25  1.493232e-03
 26  1.265652e-03
 27  1.047186e-03
 28  8.592495e-04
 Iteration CPU time: 6 s
 CFIE residual: 0.000859249

 Iseg, Irank, Idinc : 1, 2, 42
 Thata, Phi : 90.000000, 41.000000
 Maximun iteration: 300
 Number of recycle truncation: 30
 Final matrix dimension:  36708
 Residual error:0.001000
 0  6.197873e-01
 1  3.151627e-01
 2  2.011413e-01
 3  1.326378e-01
 4  9.149145e-02
 5  6.683478e-02
 6  4.940885e-02
 7  3.728392e-02
 8  2.886396e-02
 9  2.245455e-02
 10  1.797669e-02
 11  1.466572e-02
 12  1.176854e-02
 13  1.017008e-02
 14  8.577986e-03
 15  7.389661e-03
 16  6.563294e-03
 17  5.769924e-03
 18  4.950545e-03
 19  4.316242e-03
 20  3.659188e-03
 21  3.045649e-03
 22  2.498342e-03
 23  2.008231e-03
 24  1.631505e-03
 25  1.267863e-03
 26  9.969181e-04
 Iteration CPU time: 6 s
 CFIE residual: 0.000996918

 Iseg, Irank, Idinc : 1, 3, 63
 Thata, Phi : 90.000000, 62.000000
 Maximun iteration: 300
 Number of recycle truncation: 30
 Final matrix dimension:  36708
 Residual error:0.001000
 0  6.653866e-01
 1  3.541776e-01
 2  2.216559e-01
 3  1.438646e-01
 4  1.053682e-01
 5  7.988598e-02
 6  6.124007e-02
 7  4.935317e-02
 8  3.973030e-02
 9  3.096956e-02
 10  2.478288e-02
 11  1.968847e-02
 12  1.628035e-02
 13  1.396275e-02
 14  1.193609e-02
 15  1.039213e-02
 16  9.142211e-03
 17  7.923991e-03
 18  6.937525e-03
 19  5.866297e-03
 20  4.977742e-03
 21  4.149851e-03
 22  3.344093e-03
 23  2.676327e-03
 24  2.117500e-03
 25  1.596345e-03
 26  1.239778e-03
 27  9.395664e-04
 Iteration CPU time: 7 s
 CFIE residual: 0.000939566

 Iseg, Irank, Idinc : 1, 4, 108
 Thata, Phi : 90.000000, 107.000000
 Maximun iteration: 300
 Number of recycle truncation: 30
 Final matrix dimension:  36708
 Residual error:0.001000
 0  6.317316e-01
 1  3.596736e-01
 2  2.283892e-01
 3  1.551740e-01
 4  1.098210e-01
 5  8.263079e-02
 6  6.398028e-02
 7  5.010811e-02
 8  3.914713e-02
 9  3.063952e-02
 10  2.437038e-02
 11  1.936223e-02
 12  1.591725e-02
 13  1.293352e-02
 14  1.088291e-02
 15  9.105492e-03
 16  7.750139e-03
 17  6.657514e-03
 18  5.864734e-03
 19  5.075381e-03
 20  4.412666e-03
 21  3.890509e-03
 22  3.345437e-03
 23  2.886521e-03
 24  2.486277e-03
 25  2.057875e-03
 26  1.647050e-03
 27  1.311287e-03
 28  1.064264e-03
 29  8.305190e-04
 Iteration CPU time: 6 s
 CFIE residual: 0.000830519

 Iseg, Irank, Idinc : 1, 5, 75
 Thata, Phi : 90.000000, 74.000000
 Maximun iteration: 300
 Number of recycle truncation: 30
 Final matrix dimension:  36708
 Residual error:0.001000
 0  6.455582e-01
 1  3.699490e-01
 2  2.395040e-01
 3  1.524860e-01
 4  1.074442e-01
 5  8.366826e-02
 6  6.500297e-02
 7  5.405200e-02
 8  4.322040e-02
 9  3.469549e-02
 10  2.833810e-02
 11  2.281160e-02
 12  1.885675e-02
 13  1.617798e-02
 14  1.393843e-02
 15  1.212929e-02
 16  1.087986e-02
 17  9.481335e-03
 18  8.287612e-03
 19  7.193818e-03
 20  6.227436e-03
 21  5.311721e-03
 22  4.450583e-03
 23  3.613220e-03
 24  2.890913e-03
 25  2.306457e-03
 26  1.790175e-03
 27  1.462187e-03
 28  1.154021e-03
 29  9.175929e-04
 Iteration CPU time: 7 s
 CFIE residual: 0.000917593

 Iseg, Irank, Idinc : 1, 6, 146
 Thata, Phi : 90.000000, 145.000000
 Maximun iteration: 300
 Number of recycle truncation: 30
 Final matrix dimension:  36708
 Residual error:0.001000
 0  6.432810e-01
 1  3.429160e-01
 2  2.082676e-01
 3  1.470320e-01
 4  1.066018e-01
 5  8.326400e-02
 6  6.435755e-02
 7  5.248837e-02
 8  4.347310e-02
 9  3.621031e-02
 10  3.005571e-02
 11  2.437438e-02
 12  2.002592e-02
 13  1.605422e-02
 14  1.265515e-02
 15  1.003127e-02
 16  8.107642e-03
 17  6.722326e-03
 18  5.609487e-03
 19  4.691692e-03
 20  3.922884e-03
 21  3.394462e-03
 22  2.962735e-03
 23  2.586754e-03
 24  2.279288e-03
 25  1.988901e-03
 26  1.713597e-03
 27  1.440149e-03
 28  1.183350e-03
 29  9.717544e-04
 Iteration CPU time: 7 s
 CFIE residual: 0.000971754

 Iseg, Irank, Idinc : 1, 7, 159
 Thata, Phi : 90.000000, 158.000000
 Maximun iteration: 300
 Number of recycle truncation: 30
 Final matrix dimension:  36708
 Residual error:0.001000
 0  5.997911e-01
 1  3.122762e-01
 2  1.876456e-01
 3  1.338594e-01
 4  1.018321e-01
 5  8.121786e-02
 6  6.484109e-02
 7  5.349760e-02
 8  4.527182e-02
 9  3.828871e-02
 10  3.263587e-02
 11  2.681943e-02
 12  2.167917e-02
 13  1.717138e-02
 14  1.394815e-02
 15  1.109694e-02
 16  8.615206e-03
 17  7.014806e-03
 18  5.643395e-03
 19  4.662574e-03
 20  3.893842e-03
 21  3.230551e-03
 22  2.787414e-03
 23  2.397074e-03
 24  2.094934e-03
 25  1.842182e-03
 26  1.633063e-03
 27  1.414025e-03
 28  1.186296e-03
 29  9.977396e-04
 Iteration CPU time: 6 s
 CFIE residual: 0.00099774

 Iseg, Irank, Idinc : 1, 8, 132
 Thata, Phi : 90.000000, 131.000000
 Maximun iteration: 300
 Number of recycle truncation: 30
 Final matrix dimension:  36708
 Residual error:0.001000
 0  6.836939e-01
 1  3.608823e-01
 2  2.327026e-01
 3  1.595720e-01
 4  1.145427e-01
 5  8.801957e-02
 6  6.705045e-02
 7  5.304480e-02
 8  4.209715e-02
 9  3.353534e-02
 10  2.691427e-02
 11  2.126302e-02
 12  1.726630e-02
 13  1.424672e-02
 14  1.171385e-02
 15  9.689772e-03
 16  8.010281e-03
 17  6.817694e-03
 18  5.867991e-03
 19  5.160545e-03
 20  4.492739e-03
 21  3.954034e-03
 22  3.467555e-03
 23  3.059207e-03
 24  2.623403e-03
 25  2.181450e-03
 26  1.821099e-03
 27  1.493967e-03
 28  1.245057e-03
 29  1.030815e-03
 30  8.186177e-04
 Iteration CPU time: 7 s
 CFIE residual: 0.000818618

 Iseg, Irank, Idinc : 1, 9, 122
 Thata, Phi : 90.000000, 121.000000
 Maximun iteration: 300
 Number of recycle truncation: 30
 Final matrix dimension:  36708
 Residual error:0.001000
 0  6.532182e-01
 1  3.474441e-01
 2  2.295623e-01
 3  1.585622e-01
 4  1.121596e-01
 5  8.557432e-02
 6  6.560344e-02
 7  5.137093e-02
 8  3.884458e-02
 9  3.055366e-02
 10  2.434251e-02
 11  1.923317e-02
 12  1.535019e-02
 13  1.301449e-02
 14  1.108326e-02
 15  9.470522e-03
 16  8.062380e-03
 17  6.898890e-03
 18  5.988348e-03
 19  5.168857e-03
 20  4.453534e-03
 21  3.879879e-03
 22  3.355210e-03
 23  2.868169e-03
 24  2.457432e-03
 25  2.044602e-03
 26  1.695704e-03
 27  1.395439e-03
 28  1.138368e-03
 29  9.084263e-04
 Iteration CPU time: 7 s
 CFIE residual: 0.000908426

 Iseg, Irank, Idinc : 1, 10, 89
 Thata, Phi : 90.000000, 88.000000
 Maximun iteration: 300
 Number of recycle truncation: 30
 Final matrix dimension:  36708
 Residual error:0.001000
 0  6.260751e-01
 1  3.594159e-01
 2  2.318757e-01
 3  1.577506e-01
 4  1.145189e-01
 5  9.024020e-02
 6  7.069524e-02
 7  5.637268e-02
 8  4.653758e-02
 9  3.684586e-02
 10  2.884664e-02
 11  2.297183e-02
 12  1.884352e-02
 13  1.558256e-02
 14  1.315217e-02
 15  1.133437e-02
 16  9.836484e-03
 17  8.696122e-03
 18  7.639211e-03
 19  6.661774e-03
 20  5.776216e-03
 21  4.921219e-03
 22  3.997376e-03
 23  3.292927e-03
 24  2.664885e-03
 25  2.147288e-03
 26  1.659357e-03
 27  1.294747e-03
 28  1.006885e-03
 29  7.885824e-04
 Iteration CPU time: 7 s
 CFIE residual: 0.000788582

 Iseg, Irank, Idinc : 1, 11, 32
 Thata, Phi : 90.000000, 31.000000
 Maximun iteration: 300
 Number of recycle truncation: 30
 Final matrix dimension:  36708
 Residual error:0.001000
 0  6.298117e-01
 1  3.051223e-01
 2  1.793872e-01
 3  1.140846e-01
 4  8.103648e-02
 5  6.058417e-02
 6  4.473656e-02
 7  3.466412e-02
 8  2.638856e-02
 9  2.044367e-02
 10  1.663006e-02
 11  1.339631e-02
 12  1.106006e-02
 13  9.361500e-03
 14  7.751719e-03
 15  6.583676e-03
 16  5.730805e-03
 17  4.962578e-03
 18  4.279088e-03
 19  3.746996e-03
 20  3.244462e-03
 21  2.780748e-03
 22  2.413245e-03
 23  2.083864e-03
 24  1.773202e-03
 25  1.444082e-03
 26  1.183600e-03
 27  9.380960e-04
 Iteration CPU time: 6 s
 CFIE residual: 0.000938096

 Iseg, Irank, Idinc : 1, 12, 53
 Thata, Phi : 90.000000, 52.000000
 Maximun iteration: 300
 Number of recycle truncation: 30
 Final matrix dimension:  36708
 Residual error:0.001000
 0  6.407684e-01
 1  3.318468e-01
 2  2.068070e-01
 3  1.360723e-01
 4  9.655725e-02
 5  7.220155e-02
 6  5.569887e-02
 7  4.303295e-02
 8  3.394440e-02
 9  2.626714e-02
 10  2.075719e-02
 11  1.717472e-02
 12  1.426992e-02
 13  1.239533e-02
 14  1.069287e-02
 15  9.238959e-03
 16  8.154841e-03
 17  7.130570e-03
 18  6.087551e-03
 19  5.073744e-03
 20  4.224283e-03
 21  3.505828e-03
 22  2.801099e-03
 23  2.230475e-03
 24  1.748181e-03
 25  1.346654e-03
 26  1.037820e-03
 27  8.368594e-04
 Iteration CPU time: 6 s
 CFIE residual: 0.000836859

 Iseg, Irank, Idinc : 1, 13, 12
 Thata, Phi : 90.000000, 11.000000
 Maximun iteration: 300
 Number of recycle truncation: 30
 Final matrix dimension:  36708
 Residual error:0.001000
 0  5.377522e-01
 1  2.761486e-01
 2  1.717438e-01
 3  1.230199e-01
 4  8.859762e-02
 5  6.725324e-02
 6  5.138328e-02
 7  4.052115e-02
 8  3.135994e-02
 9  2.415500e-02
 10  1.911416e-02
 11  1.527848e-02
 12  1.201211e-02
 13  9.733067e-03
 14  7.983172e-03
 15  6.688567e-03
 16  5.720641e-03
 17  4.833898e-03
 18  4.199301e-03
 19  3.663750e-03
 20  3.149842e-03
 21  2.699888e-03
 22  2.369851e-03
 23  2.109452e-03
 24  1.834875e-03
 25  1.555546e-03
 26  1.350154e-03
 27  1.146903e-03
 28  9.689243e-04
 Iteration CPU time: 7 s
 CFIE residual: 0.000968924

 Iseg, Irank, Idinc : 1, 14, 178
 Thata, Phi : 90.000000, 177.000000
 Maximun iteration: 300
 Number of recycle truncation: 30
 Final matrix dimension:  36708
 Residual error:0.001000
 0  5.484334e-01
 1  3.006134e-01
 2  1.909376e-01
 3  1.382207e-01
 4  1.071562e-01
 5  8.414249e-02
 6  6.884137e-02
 7  5.601861e-02
 8  4.435348e-02
 9  3.616600e-02
 10  2.848250e-02
 11  2.235623e-02
 12  1.747772e-02
 13  1.369228e-02
 14  1.090265e-02
 15  8.563395e-03
 16  6.881242e-03
 17  5.652427e-03
 18  4.684957e-03
 19  3.862879e-03
 20  3.180281e-03
 21  2.730224e-03
 22  2.377427e-03
 23  2.078857e-03
 24  1.838397e-03
 25  1.592436e-03
 26  1.402205e-03
 27  1.238649e-03
 28  1.060335e-03
 29  8.950798e-04
 Iteration CPU time: 6 s
 CFIE residual: 0.00089508

 Iseg, Irank, Idinc : 1, 15, 97
 Thata, Phi : 90.000000, 96.000000
 Maximun iteration: 300
 Number of recycle truncation: 30
 Final matrix dimension:  36708
 Residual error:0.001000
 0  6.234234e-01
 1  3.583410e-01
 2  2.265508e-01
 3  1.518926e-01
 4  1.090367e-01
 5  8.333268e-02
 6  6.578955e-02
 7  5.303574e-02
 8  4.246911e-02
 9  3.365363e-02
 10  2.656081e-02
 11  2.103981e-02
 12  1.718404e-02
 13  1.423942e-02
 14  1.180906e-02
 15  1.023271e-02
 16  8.920685e-03
 17  7.794216e-03
 18  6.883965e-03
 19  6.078357e-03
 20  5.339203e-03
 21  4.691491e-03
 22  3.963152e-03
 23  3.332022e-03
 24  2.757045e-03
 25  2.238634e-03
 26  1.801550e-03
 27  1.417698e-03
 28  1.117834e-03
 29  8.496704e-04
 Iteration CPU time: 6 s
 CFIE residual: 0.00084967

 Iseg, Irank, Idinc : 1, 16, 82
 Thata, Phi : 90.000000, 81.000000
 Maximun iteration: 300
 Number of recycle truncation: 30
 Final matrix dimension:  36708
 Residual error:0.001000
 0  6.304236e-01
 1  3.608316e-01
 2  2.344532e-01
 3  1.571296e-01
 4  1.130059e-01
 5  8.910395e-02
 6  6.927285e-02
 7  5.541730e-02
 8  4.593257e-02
 9  3.569933e-02
 10  2.812096e-02
 11  2.232890e-02
 12  1.856886e-02
 13  1.555246e-02
 14  1.334842e-02
 15  1.157396e-02
 16  1.015239e-02
 17  8.829381e-03
 18  7.792618e-03
 19  6.730422e-03
 20  5.844586e-03
 21  4.960476e-03
 22  4.111731e-03
 23  3.369541e-03
 24  2.758020e-03
 25  2.210145e-03
 26  1.750453e-03
 27  1.396298e-03
 28  1.096591e-03
 29  8.695908e-04
 Iteration CPU time: 7 s
 CFIE residual: 0.000869591

 Iseg, Irank, Idinc : 1, 17, 1
 Thata, Phi : 90.000000, 0.000000
 Maximun iteration: 300
 Number of recycle truncation: 30
 Final matrix dimension:  36708
 Residual error:0.001000
 0  5.001786e-01
 1  2.659902e-01
 2  1.732443e-01
 3  1.205412e-01
 4  8.669618e-02
 5  6.462032e-02
 6  4.938063e-02
 7  3.742730e-02
 8  2.987559e-02
 9  2.229868e-02
 10  1.721464e-02
 11  1.372385e-02
 12  1.084185e-02
 13  8.814335e-03
 14  7.153702e-03
 15  5.836216e-03
 16  4.887549e-03
 17  4.189798e-03
 18  3.648984e-03
 19  3.122166e-03
 20  2.694288e-03
 21  2.424108e-03
 22  2.102661e-03
 23  1.817164e-03
 24  1.557725e-03
 25  1.326835e-03
 26  1.148419e-03
 27  9.606641e-04
 Iteration CPU time: 6 s
 CFIE residual: 0.000960664

 Iseg, Irank, Idinc : 1, 18, 115
 Thata, Phi : 90.000000, 114.000000
 Maximun iteration: 300
 Number of recycle truncation: 30
 Final matrix dimension:  36708
 Residual error:0.001000
 0  6.455571e-01
 1  3.527749e-01
 2  2.260519e-01
 3  1.557347e-01
 4  1.101862e-01
 5  8.316272e-02
 6  6.429344e-02
 7  4.952553e-02
 8  3.810481e-02
 9  3.006838e-02
 10  2.381563e-02
 11  1.910543e-02
 12  1.549492e-02
 13  1.295029e-02
 14  1.086200e-02
 15  9.191407e-03
 16  7.755275e-03
 17  6.629862e-03
 18  5.671490e-03
 19  4.937164e-03
 20  4.296560e-03
 21  3.752644e-03
 22  3.215488e-03
 23  2.773158e-03
 24  2.324439e-03
 25  1.934660e-03
 26  1.591565e-03
 27  1.288710e-03
 28  1.034503e-03
 29  8.006005e-04
 Iteration CPU time: 7 s
 CFIE residual: 0.000800601

 Iseg, Irank, Idinc : 1, 19, 167
 Thata, Phi : 90.000000, 166.000000
 Maximun iteration: 300
 Number of recycle truncation: 30
 Final matrix dimension:  36708
 Residual error:0.001000
 0  5.707025e-01
 1  3.021299e-01
 2  1.864527e-01
 3  1.364816e-01
 4  1.055077e-01
 5  8.512236e-02
 6  6.905305e-02
 7  5.668465e-02
 8  4.745743e-02
 9  3.987968e-02
 10  3.344532e-02
 11  2.753581e-02
 12  2.219980e-02
 13  1.779428e-02
 14  1.424357e-02
 15  1.151167e-02
 16  9.046698e-03
 17  7.453340e-03
 18  6.043916e-03
 19  4.897754e-03
 20  3.974734e-03
 21  3.301038e-03
 22  2.811225e-03
 23  2.418337e-03
 24  2.109832e-03
 25  1.818449e-03
 26  1.616755e-03
 27  1.410352e-03
 28  1.238085e-03
 29  1.075589e-03
 30  9.158582e-04
 Iteration CPU time: 7 s
 CFIE residual: 0.000915858

 Iseg, Irank, Idinc : 1, 20, 152
 Thata, Phi : 90.000000, 151.000000
 Maximun iteration: 300
 Number of recycle truncation: 30
 Final matrix dimension:  36708
 Residual error:0.001000
 0  6.244191e-01
 1  3.303817e-01
 2  1.989450e-01
 3  1.415899e-01
 4  1.043462e-01
 5  8.216607e-02
 6  6.493345e-02
 7  5.324478e-02
 8  4.496616e-02
 9  3.796080e-02
 10  3.152384e-02
 11  2.566762e-02
 12  2.058709e-02
 13  1.637937e-02
 14  1.278379e-02
 15  1.006141e-02
 16  7.859880e-03
 17  6.485877e-03
 18  5.334761e-03
 19  4.387319e-03
 20  3.713411e-03
 21  3.123419e-03
 22  2.714609e-03
 23  2.364186e-03
 24  2.081861e-03
 25  1.820509e-03
 26  1.553432e-03
 27  1.331501e-03
 28  1.090213e-03
 29  8.821546e-04
 Iteration CPU time: 6 s
 CFIE residual: 0.000882155

 Iseg, Irank, Idinc : 1, 21, 181
 Thata, Phi : 90.000000, 180.000000
 Maximun iteration: 300
 Number of recycle truncation: 30
 Final matrix dimension:  36708
 Residual error:0.001000
 0  5.469593e-01
 1  3.006871e-01
 2  1.910304e-01
 3  1.381609e-01
 4  1.069815e-01
 5  8.369298e-02
 6  6.841869e-02
 7  5.569670e-02
 8  4.390639e-02
 9  3.559456e-02
 10  2.763412e-02
 11  2.120794e-02
 12  1.611591e-02
 13  1.227520e-02
 14  9.380749e-03
 15  7.238667e-03
 16  5.772386e-03
 17  4.783431e-03
 18  3.885048e-03
 19  3.250387e-03
 20  2.770110e-03
 21  2.406597e-03
 22  2.113629e-03
 23  1.854758e-03
 24  1.656281e-03
 25  1.446341e-03
 26  1.272258e-03
 27  1.097929e-03
 28  9.039271e-04
 Iteration CPU time: 7 s
 CFIE residual: 0.000903927

 Iseg, Irank, Idinc : 1, 22, 6
 Thata, Phi : 90.000000, 5.000000
 Maximun iteration: 300
 Number of recycle truncation: 30
 Final matrix dimension:  36708
 Residual error:0.001000
 0  5.094011e-01
 1  2.687679e-01
 2  1.728601e-01
 3  1.220166e-01
 4  8.842008e-02
 5  6.674978e-02
 6  5.100422e-02
 7  3.870166e-02
 8  3.034497e-02
 9  2.309880e-02
 10  1.826289e-02
 11  1.477956e-02
 12  1.166797e-02
 13  9.457831e-03
 14  7.835753e-03
 15  6.488450e-03
 16  5.493456e-03
 17  4.654686e-03
 18  4.018564e-03
 19  3.534727e-03
 20  3.071043e-03
 21  2.648228e-03
 22  2.299105e-03
 23  2.051787e-03
 24  1.754379e-03
 25  1.504988e-03
 26  1.289368e-03
 27  1.128772e-03
 28  9.412527e-04
 Iteration CPU time: 6 s
 CFIE residual: 0.000941253

 Iseg, Irank, Idinc : 1, 23, 69
 Thata, Phi : 90.000000, 68.000000
 Maximun iteration: 300
 Number of recycle truncation: 30
 Final matrix dimension:  36708
 Residual error:0.001000
 0  6.599300e-01
 1  3.659865e-01
 2  2.320171e-01
 3  1.521866e-01
 4  1.113562e-01
 5  8.501713e-02
 6  6.559306e-02
 7  5.329398e-02
 8  4.342651e-02
 9  3.442751e-02
 10  2.809452e-02
 11  2.281445e-02
 12  1.866897e-02
 13  1.582806e-02
 14  1.352306e-02
 15  1.184055e-02
 16  1.044238e-02
 17  9.211324e-03
 18  8.020384e-03
 19  6.862657e-03
 20  5.913367e-03
 21  5.015001e-03
 22  4.168014e-03
 23  3.412934e-03
 24  2.712264e-03
 25  2.089045e-03
 26  1.657116e-03
 27  1.293110e-03
 28  1.006598e-03
 29  7.654345e-04
 Iteration CPU time: 7 s
 CFIE residual: 0.000765435

 Iseg, Irank, Idinc : 1, 24, 139
 Thata, Phi : 90.000000, 138.000000
 Maximun iteration: 300
 Number of recycle truncation: 30
 Final matrix dimension:  36708
 Residual error:0.001000
 0  6.844033e-01
 1  3.552296e-01
 2  2.233489e-01
 3  1.551424e-01
 4  1.130145e-01
 5  8.603344e-02
 6  6.462768e-02
 7  5.197498e-02
 8  4.314891e-02
 9  3.491191e-02
 10  2.838995e-02
 11  2.280422e-02
 12  1.896287e-02
 13  1.526793e-02
 14  1.218182e-02
 15  9.777330e-03
 16  8.104400e-03
 17  6.735571e-03
 18  5.685438e-03
 19  4.910184e-03
 20  4.258796e-03
 21  3.748457e-03
 22  3.302230e-03
 23  2.862313e-03
 24  2.472871e-03
 25  2.088073e-03
 26  1.747351e-03
 27  1.431438e-03
 28  1.146657e-03
 29  9.239560e-04
 Iteration CPU time: 7 s
 CFIE residual: 0.000923956

 Iseg, Irank, Idinc : 1, 25, 27
 Thata, Phi : 90.000000, 26.000000
 Maximun iteration: 300
 Number of recycle truncation: 30
 Final matrix dimension:  36708
 Residual error:0.001000
 0  6.264504e-01
 1  2.974156e-01
 2  1.685912e-01
 3  1.104350e-01
 4  7.886881e-02
 5  5.865123e-02
 6  4.406474e-02
 7  3.450410e-02
 8  2.675072e-02
 9  2.091502e-02
 10  1.662407e-02
 11  1.326096e-02
 12  1.092039e-02
 13  9.048908e-03
 14  7.583849e-03
 15  6.537590e-03
 16  5.531308e-03
 17  4.697471e-03
 18  4.048520e-03
 19  3.509872e-03
 20  3.049337e-03
 21  2.630299e-03
 22  2.325564e-03
 23  2.054246e-03
 24  1.767758e-03
 25  1.455439e-03
 26  1.217875e-03
 27  9.966493e-04
 Iteration CPU time: 6 s
 CFIE residual: 0.000996649

 Iseg, Irank, Idinc : 1, 26, 173
 Thata, Phi : 90.000000, 172.000000
 Maximun iteration: 300
 Number of recycle truncation: 30
 Final matrix dimension:  36708
 Residual error:0.001000
 0  5.560270e-01
 1  3.005099e-01
 2  1.899516e-01
 3  1.383159e-01
 4  1.075431e-01
 5  8.574308e-02
 6  7.007637e-02
 7  5.705848e-02
 8  4.634974e-02
 9  3.853417e-02
 10  3.162512e-02
 11  2.577063e-02
 12  2.077565e-02
 13  1.647494e-02
 14  1.337434e-02
 15  1.076421e-02
 16  8.550268e-03
 17  6.996146e-03
 18  5.622696e-03
 19  4.580448e-03
 20  3.721514e-03
 21  3.118056e-03
 22  2.666252e-03
 23  2.305958e-03
 24  2.000837e-03
 25  1.716766e-03
 26  1.522597e-03
 27  1.332856e-03
 28  1.166497e-03
 29  1.013017e-03
 30  8.646195e-04
 Iteration CPU time: 7 s
 CFIE residual: 0.000864619

 Iseg, Irank, Idinc : 1, 27, 102
 Thata, Phi : 90.000000, 101.000000
 Maximun iteration: 300
 Number of recycle truncation: 30
 Final matrix dimension:  36708
 Residual error:0.001000
 0  6.213582e-01
 1  3.569301e-01
 2  2.261382e-01
 3  1.525225e-01
 4  1.066132e-01
 5  8.096238e-02
 6  6.289883e-02
 7  4.983529e-02
 8  3.926408e-02
 9  3.037488e-02
 10  2.486514e-02
 11  1.960220e-02
 12  1.605660e-02
 13  1.329252e-02
 14  1.116589e-02
 15  9.413949e-03
 16  8.238845e-03
 17  7.183757e-03
 18  6.399279e-03
 19  5.628853e-03
 20  4.944644e-03
 21  4.296322e-03
 22  3.671054e-03
 23  3.117582e-03
 24  2.625280e-03
 25  2.152153e-03
 26  1.738991e-03
 27  1.393498e-03
 28  1.102046e-03
 29  8.590627e-04
 Iteration CPU time: 7 s
 CFIE residual: 0.000859063

 Iseg, Irank, Idinc : 1, 28, 48
 Thata, Phi : 90.000000, 47.000000
 Maximun iteration: 300
 Number of recycle truncation: 30
 Final matrix dimension:  36708
 Residual error:0.001000
 0  6.300344e-01
 1  3.223775e-01
 2  2.041408e-01
 3  1.363598e-01
 4  9.584483e-02
 5  7.085196e-02
 6  5.354821e-02
 7  4.112543e-02
 8  3.230840e-02
 9  2.519147e-02
 10  2.004633e-02
 11  1.635878e-02
 12  1.328621e-02
 13  1.143049e-02
 14  9.813304e-03
 15  8.448810e-03
 16  7.513539e-03
 17  6.552052e-03
 18  5.661857e-03
 19  4.712636e-03
 20  3.902209e-03
 21  3.217188e-03
 22  2.661049e-03
 23  2.113200e-03
 24  1.659960e-03
 25  1.292325e-03
 26  1.009259e-03
 27  7.931393e-04
 Iteration CPU time: 6 s
 CFIE residual: 0.000793139

 Iseg, Irank, Idinc : 1, 29, 16
 Thata, Phi : 90.000000, 15.000000
 Maximun iteration: 300
 Number of recycle truncation: 30
 Final matrix dimension:  36708
 Residual error:0.001000
 0  5.629751e-01
 1  2.814578e-01
 2  1.697515e-01
 3  1.208036e-01
 4  8.698556e-02
 5  6.546170e-02
 6  5.019598e-02
 7  3.998017e-02
 8  3.101206e-02
 9  2.403567e-02
 10  1.889094e-02
 11  1.501354e-02
 12  1.198265e-02
 13  9.638439e-03
 14  8.084115e-03
 15  6.807344e-03
 16  5.718001e-03
 17  4.882508e-03
 18  4.249542e-03
 19  3.628879e-03
 20  3.103109e-03
 21  2.714579e-03
 22  2.367444e-03
 23  2.126889e-03
 24  1.850353e-03
 25  1.557847e-03
 26  1.340803e-03
 27  1.123874e-03
 28  9.367000e-04
 Iteration CPU time: 6 s
 CFIE residual: 0.0009367

 Iseg, Irank, Idinc : 1, 30, 127
 Thata, Phi : 90.000000, 126.000000
 Maximun iteration: 300
 Number of recycle truncation: 30
 Final matrix dimension:  36708
 Residual error:0.001000
 0  6.610638e-01
 1  3.525344e-01
 2  2.309917e-01
 3  1.580526e-01
 4  1.129499e-01
 5  8.757058e-02
 6  6.664223e-02
 7  5.235768e-02
 8  4.016468e-02
 9  3.218211e-02
 10  2.531591e-02
 11  1.981278e-02
 12  1.620618e-02
 13  1.350106e-02
 14  1.128314e-02
 15  9.509056e-03
 16  8.048928e-03
 17  6.886734e-03
 18  6.102243e-03
 19  5.189241e-03
 20  4.516247e-03
 21  3.928714e-03
 22  3.434856e-03
 23  2.960311e-03
 24  2.546717e-03
 25  2.118985e-03
 26  1.783045e-03
 27  1.484929e-03
 28  1.254282e-03
 29  1.055051e-03
 30  8.275133e-04
 Iteration CPU time: 7 s
 CFIE residual: 0.000827513

 Iseg, Irank, Idinc : 1, 31, 3
 Thata, Phi : 90.000000, 2.000000
 Maximun iteration: 300
 Number of recycle truncation: 30
 Final matrix dimension:  36708
 Residual error:0.001000
 0  5.017564e-01
 1  2.664693e-01
 2  1.731627e-01
 3  1.208082e-01
 4  8.706087e-02
 5  6.511166e-02
 6  4.979908e-02
 7  3.763332e-02
 8  2.992203e-02
 9  2.240590e-02
 10  1.737433e-02
 11  1.410446e-02
 12  1.128303e-02
 13  9.094810e-03
 14  7.527141e-03
 15  6.201098e-03
 16  5.223896e-03
 17  4.467090e-03
 18  3.884348e-03
 19  3.401993e-03
 20  2.967705e-03
 21  2.580695e-03
 22  2.243897e-03
 23  1.985998e-03
 24  1.702600e-03
 25  1.452734e-03
 26  1.250365e-03
 27  1.079294e-03
 28  8.953687e-04
 Iteration CPU time: 7 s
 CFIE residual: 0.000895369

 Iseg, Irank, Idinc : 1, 32, 163
 Thata, Phi : 90.000000, 162.000000
 Maximun iteration: 300
 Number of recycle truncation: 30
 Final matrix dimension:  36708
 Residual error:0.001000
 0  5.839695e-01
 1  3.054728e-01
 2  1.849470e-01
 3  1.338822e-01
 4  1.030011e-01
 5  8.289645e-02
 6  6.659322e-02
 7  5.497197e-02
 8  4.627405e-02
 9  3.914899e-02
 10  3.309768e-02
 11  2.730556e-02
 12  2.223140e-02
 13  1.784846e-02
 14  1.436684e-02
 15  1.152987e-02
 16  9.021031e-03
 17  7.414006e-03
 18  5.997190e-03
 19  4.856029e-03
 20  4.001805e-03
 21  3.328824e-03
 22  2.839273e-03
 23  2.432943e-03
 24  2.123287e-03
 25  1.848908e-03
 26  1.642420e-03
 27  1.431691e-03
 28  1.234906e-03
 29  1.058415e-03
 30  8.906316e-04
 Iteration CPU time: 7 s
 CFIE residual: 0.000890632

 Iseg, Irank, Idinc : 1, 33, 58
 Thata, Phi : 90.000000, 57.000000
 Maximun iteration: 300
 Number of recycle truncation: 30
 Final matrix dimension:  36708
 Residual error:0.001000
 0  6.569065e-01
 1  3.416425e-01
 2  2.139936e-01
 3  1.375647e-01
 4  9.843031e-02
 5  7.265690e-02
 6  5.706829e-02
 7  4.588419e-02
 8  3.647030e-02
 9  2.821908e-02
 10  2.242016e-02
 11  1.831538e-02
 12  1.518755e-02
 13  1.303862e-02
 14  1.121697e-02
 15  9.678511e-03
 16  8.505616e-03
 17  7.399460e-03
 18  6.420870e-03
 19  5.362849e-03
 20  4.460697e-03
 21  3.673032e-03
 22  3.009836e-03
 23  2.375253e-03
 24  1.858511e-03
 25  1.422049e-03
 26  1.091214e-03
 27  8.577972e-04
 Iteration CPU time: 6 s
 CFIE residual: 0.000857797

 Iseg, Irank, Idinc : 1, 34, 180
 Thata, Phi : 90.000000, 179.000000
 Maximun iteration: 300
 Number of recycle truncation: 30
 Final matrix dimension:  36708
 Residual error:0.001000
 0  5.471433e-01
 1  3.006825e-01
 2  1.910249e-01
 3  1.381691e-01
 4  1.070027e-01
 5  8.374618e-02
 6  6.847175e-02
 7  5.573976e-02
 8  4.396305e-02
 9  3.566775e-02
 10  2.774139e-02
 11  2.136285e-02
 12  1.633376e-02
 13  1.253724e-02
 14  9.697064e-03
 15  7.491403e-03
 16  5.987521e-03
 17  4.984245e-03
 18  4.164893e-03
 19  3.475706e-03
 20  2.926355e-03
 21  2.534096e-03
 22  2.237889e-03
 23  1.970858e-03
 24  1.749944e-03
 25  1.517342e-03
 26  1.330566e-03
 27  1.171008e-03
 28  9.766332e-04
 Iteration CPU time: 6 s
 CFIE residual: 0.000976633

 Iseg, Irank, Idinc : 1, 35, 37
 Thata, Phi : 90.000000, 36.000000
 Maximun iteration: 300
 Number of recycle truncation: 30
 Final matrix dimension:  36708
 Residual error:0.001000
 0  6.196307e-01
 1  3.118836e-01
 2  1.932153e-01
 3  1.235909e-01
 4  8.553777e-02
 5  6.309272e-02
 6  4.641961e-02
 7  3.559003e-02
 8  2.717383e-02
 9  2.087229e-02
 10  1.681457e-02
 11  1.368141e-02
 12  1.129520e-02
 13  9.688568e-03
 14  8.058126e-03
 15  6.867321e-03
 16  6.079028e-03
 17  5.288988e-03
 18  4.539781e-03
 19  3.958395e-03
 20  3.397712e-03
 21  2.872217e-03
 22  2.409509e-03
 23  2.005523e-03
 24  1.683705e-03
 25  1.364503e-03
 26  1.099892e-03
 27  8.595741e-04
 Iteration CPU time: 7 s
 CFIE residual: 0.000859574

 Iseg, Irank, Idinc : 1, 36, 93
 Thata, Phi : 90.000000, 92.000000
 Maximun iteration: 300
 Number of recycle truncation: 30
 Final matrix dimension:  36708
 Residual error:0.001000
 0  6.259223e-01
 1  3.601730e-01
 2  2.294747e-01
 3  1.533728e-01
 4  1.123499e-01
 5  8.782316e-02
 6  6.940660e-02
 7  5.548287e-02
 8  4.514559e-02
 9  3.625802e-02
 10  2.824259e-02
 11  2.240693e-02
 12  1.833441e-02
 13  1.528657e-02
 14  1.283916e-02
 15  1.106519e-02
 16  9.526956e-03
 17  8.419990e-03
 18  7.429635e-03
 19  6.483915e-03
 20  5.659508e-03
 21  4.888532e-03
 22  4.020371e-03
 23  3.341036e-03
 24  2.743891e-03
 25  2.218542e-03
 26  1.720396e-03
 27  1.337060e-03
 28  1.016010e-03
 29  7.720054e-04
 Iteration CPU time: 6 s
 CFIE residual: 0.000772005

 Iseg, Irank, Idinc : 1, 37, 142
 Thata, Phi : 90.000000, 141.000000
 Maximun iteration: 300
 Number of recycle truncation: 30
 Final matrix dimension:  36708
 Residual error:0.001000
 0  6.658489e-01
 1  3.498886e-01
 2  2.158091e-01
 3  1.508179e-01
 4  1.098830e-01
 5  8.462640e-02
 6  6.410302e-02
 7  5.179062e-02
 8  4.265984e-02
 9  3.489795e-02
 10  2.899877e-02
 11  2.346998e-02
 12  1.932660e-02
 13  1.542757e-02
 14  1.200743e-02
 15  9.677939e-03
 16  8.097821e-03
 17  6.761797e-03
 18  5.623402e-03
 19  4.817607e-03
 20  4.112396e-03
 21  3.601129e-03
 22  3.174305e-03
 23  2.751289e-03
 24  2.407214e-03
 25  2.068786e-03
 26  1.771696e-03
 27  1.445007e-03
 28  1.154294e-03
 29  9.375327e-04
 Iteration CPU time: 6 s
 CFIE residual: 0.000937533

 Iseg, Irank, Idinc : 1, 38, 9
 Thata, Phi : 90.000000, 8.000000
 Maximun iteration: 300
 Number of recycle truncation: 30
 Final matrix dimension:  36708
 Residual error:0.001000
 0  5.218672e-01
 1  2.722376e-01
 2  1.724579e-01
 3  1.231344e-01
 4  8.912236e-02
 5  6.763139e-02
 6  5.157287e-02
 7  3.985773e-02
 8  3.092942e-02
 9  2.387047e-02
 10  1.903516e-02
 11  1.508144e-02
 12  1.181179e-02
 13  9.578601e-03
 14  7.922558e-03
 15  6.623839e-03
 16  5.629221e-03
 17  4.755345e-03
 18  4.113312e-03
 19  3.609998e-03
 20  3.116921e-03
 21  2.682080e-03
 22  2.335053e-03
 23  2.079292e-03
 24  1.788792e-03
 25  1.531468e-03
 26  1.318529e-03
 27  1.144789e-03
 28  9.629193e-04
 Iteration CPU time: 7 s
 CFIE residual: 0.000962919
 Last Built End in Sep 21 2025 00:06:12
 Total CPU time: 267 s
 Finished.
