 Last Built Begin in Sep 21 2025 00:06:12
 Pre-Type( Input ):            8
 Skl-Tol ( Input ):    1.0000000000000000E-002
 Wavelength in freespace: 0.340909

 ################################################
 ##         Generating Required Mesh          ##
 ##         Waiting.....                      ##
 ################################################
 Subd No.      Subd Name
    1    sphere1                                                           
 isub,  nnode, npatch,  nedge:
    1       604      1204      1806
 Scale Factor         >>   9.99999978E-03
 ################################################

 START TIME: 20250922   002943.836


 Informaton for IE geometry:
 number of subdomains     : 1
 maxnode,maxpatch,maxedge : 604  1204  1806
 
 Index of Mat-Reg: 1
 Mat-Reg Number via MatFlg: 1
 Edge Number of Mat-Reg: 1, 1806

 Number of Edge on PEC: 0
 Mat-Reg: No Dim(m) Lmax:
    1 0.293    1
 Totlmax, add1, add2:           1           2           3
 rlengmax of Global MLFMA >>   0.29333331585066669     
 Lmax of Global MLFMA >>            1
 Wavenum of Mat-Reg:
    1 1.000

 total area in sq m           =      0.1254
 total area in sq lambda      =      1.0786
 maxnode, maxpatch, maxedge           =      604     1204     1806
 longest  edge in lambda              =      0.0639
 shortest edge in lambda              =      0.0279
 average  edge in lambda              =      0.0456
 largest  patch area in sq lambda     =      0.0015
 smallest patch area in sq lambda     =      0.0004
 ave    surface area in sq lambda     =      0.0009
 size range of the object in sq lambda =      0.5867

 #### MLFMA Info For Each Region ####
 Mat-Region =            1
 Array dimension parameters:
 maxrule=          14   maxgrid  =          64
 lmax   =           1   ncmax    =           9
 lsmax  =           1   lsmin    =           1
 kpm    =           1   kp0      =           1
 ntlm   =           1   nsm      =           1
 nkpm   =           1   niplm    =          16
 ngnearm=          64   ngsndm   =           1
 nearm  =        1807   mfinestm =         244
 ###############################

 CFIE Alpha:  0.50000000000000000     

 Fill MLFMA NI for Mat-Reg:           1
 Begin fill sparser part of Nearfield
 Begin fill denser part of Nearfield
 End fill
 Filling Amn                 Delta_CPU=         43.27 Memory(MB)=        200.07


 Now testing preconditioner with
 ipretype =            8
 method = cfie_solve_nfpre_pardiso

  
 NBP>>Begin fill sparser part of Nearfield
 NBP>>Begin fill denser part of Nearfield

212.5000%
225.0000%
237.5000%
250.0000%
262.5000%
275.0000%
287.5000%
 Begin MLFMA Box-Matrix Based Prec Constructor
 --- Intel MKL PARDISO --- 
  >> Solver Initialized
  >> Proceed to ngrp_box loop
  >> Loop 0 Initialized
 Memory for iGRP: 1 0 MB
 Total Memory For NFB Pre: 0 MB
 --- PARDISO PRECONDITIONER INITIALIZED --- 
 Constructing preconditioner CPU time: 0 s
 
 108360
 Memory for Iteration:: 1.65344 MB

 Iseg, Ninc_S : 1, 181, 0

 Iseg, Skeleton Angles: 1, 8
 Iseg, Skel-Pk Mem(MB): 1, 30.96

 Iseg, Irank, Idinc : 1, 1, 127
 Thata, Phi : 90.000000, 126.000000
 Maximun iteration: 300
 Number of recycle truncation: 30
 Final matrix dimension:  3612
 Residual error:0.010000
 0  1.616606e-01
 1  7.041828e-02
 2  2.319443e-02
 3  9.514571e-03
 Iteration CPU time: 0 s
 CFIE residual: 0.00951457

 Iseg, Irank, Idinc : 1, 2, 40
 Thata, Phi : 90.000000, 39.000000
 Maximun iteration: 300
 Number of recycle truncation: 30
 Final matrix dimension:  3612
 Residual error:0.010000
 0  1.637704e-01
 1  7.314000e-02
 2  2.564073e-02
 3  1.073814e-02
 4  4.345764e-03
 Iteration CPU time: 0 s
 CFIE residual: 0.00434576

 Iseg, Irank, Idinc : 1, 3, 1
 Thata, Phi : 90.000000, 0.000000
 Maximun iteration: 300
 Number of recycle truncation: 30
 Final matrix dimension:  3612
 Residual error:0.010000
 0  1.751279e-01
 1  7.536818e-02
 2  2.436905e-02
 3  9.765364e-03
 Iteration CPU time: 0 s
 CFIE residual: 0.00976536

 Iseg, Irank, Idinc : 1, 4, 181
 Thata, Phi : 90.000000, 180.000000
 Maximun iteration: 300
 Number of recycle truncation: 30
 Final matrix dimension:  3612
 Residual error:0.010000
 0  1.737403e-01
 1  7.478743e-02
 2  2.446443e-02
 3  9.470438e-03
 Iteration CPU time: 0 s
 CFIE residual: 0.00947044

 Iseg, Irank, Idinc : 1, 5, 84
 Thata, Phi : 90.000000, 83.000000
 Maximun iteration: 300
 Number of recycle truncation: 30
 Final matrix dimension:  3612
 Residual error:0.010000
 0  1.717900e-01
 1  7.510253e-02
 2  2.447590e-02
 3  9.692977e-03
 Iteration CPU time: 0 s
 CFIE residual: 0.00969298

 Iseg, Irank, Idinc : 1, 6, 158
 Thata, Phi : 90.000000, 157.000000
 Maximun iteration: 300
 Number of recycle truncation: 30
 Final matrix dimension:  3612
 Residual error:0.010000
 0  1.674667e-01
 1  7.288594e-02
 2  2.427725e-02
 3  9.602001e-03
 Iteration CPU time: 0 s
 CFIE residual: 0.009602

 Iseg, Irank, Idinc : 1, 7, 19
 Thata, Phi : 90.000000, 18.000000
 Maximun iteration: 300
 Number of recycle truncation: 30
 Final matrix dimension:  3612
 Residual error:0.010000
 0  1.707327e-01
 1  7.467417e-02
 2  2.485130e-02
 3  1.018868e-02
 4  4.135695e-03
 Iteration CPU time: 0 s
 CFIE residual: 0.00413569

 Iseg, Irank, Idinc : 1, 8, 105
 Thata, Phi : 90.000000, 104.000000
 Maximun iteration: 300
 Number of recycle truncation: 30
 Final matrix dimension:  3612
 Residual error:0.010000
 0  1.692327e-01
 1  7.363027e-02
 2  2.372841e-02
 3  9.525308e-03
 Iteration CPU time: 0 s
 CFIE residual: 0.00952531
 Last Built End in Sep 21 2025 00:06:12
 Total CPU time: 6 s
 Finished.
