 Last Built Begin in Sep 21 2025 00:06:12
 Pre-Type( Input ):           10
 Skl-Tol ( Input ):    1.0000000000000001E-005
 Wavelength in freespace: 0.0289575

 ################################################
 ##         Generating Required Mesh          ##
 ##         Waiting.....                      ##
 ################################################
 Subd No.      Subd Name
    1    Open-Duct_PRIME_model_meshAA1                                     
 isub,  nnode, npatch,  nedge:
    1      6118     12236     18354
 Scale Factor         >>   1.54999997E-02
 ################################################

 START TIME: 20250922   081737.915


 Informaton for IE geometry:
 number of subdomains     : 1
 maxnode,maxpatch,maxedge : 6118  12236  18354
 
 Index of Mat-Reg: 1
 Mat-Reg Number via MatFlg: 1
 Edge Number of Mat-Reg: 1, 18354

 Number of Edge on PEC: 18354
 Mat-Reg: No Dim(m) Lmax:
    1 0.248    5
 Totlmax, add1, add2:           5           6           7
 rlengmax of Global MLFMA >>   0.24760665726014164     
 Lmax of Global MLFMA >>            5
 Wavenum of Mat-Reg:
    1 1.000

 total area in sq m           =      0.0510
 total area in sq lambda      =     60.7843
 maxnode, maxpatch, maxedge           =     6118    12236    18354
 longest  edge in lambda              =      0.1612
 shortest edge in lambda              =      0.0077
 average  edge in lambda              =      0.1076
 largest  patch area in sq lambda     =      0.0088
 smallest patch area in sq lambda     =      0.0000
 ave    surface area in sq lambda     =      0.0050
 size range of the object in sq lambda =      7.9234

 #### MLFMA Info For Each Region ####
 Mat-Region =            1
 Array dimension parameters:
 maxrule=          14   maxgrid  =          64
 lmax   =           5   ncmax    =        1250
 lsmax  =          27   lsmin    =           7
 kpm    =        1462   kp0      =         102
 ntlm   =      225016   nsm      =      235590
 nkpm   =        2350   niplm    =      150400
 ngnearm=       14257   ngsndm   =       64634
 nearm  =         333   mfinestm =         119
 ###############################

 CFIE Alpha:  0.50000000000000000     

 Fill MLFMA FI for Mat-Reg:           1
 Begin filltl.f
 fill translation matrix
 Level:            2
 fill shifting matrix
 Level:            3
 fill shifting matrix
 Level:            4
 fill shifting matrix
 Level:            5
 fill shifting matrix
 translator time(s):  0.127000004    
 fill interpolation matrix
 ThetaOrder            8
 PhiOrder            8
 lsl            7
 Filling TL                  Delta_CPU=          0.55 Memory(MB)=        654.36
 Filling sndgrp              Delta_CPU=          0.00 Memory(MB)=        654.36
 Filling VFS                 Delta_CPU=          3.20 Memory(MB)=        654.36

 Fill MLFMA NI for Mat-Reg:           1
 Begin fill sparser part of Nearfield
 Begin fill denser part of Nearfield
 End fill
 Filling Amn                 Delta_CPU=         89.79 Memory(MB)=        654.36


 Now testing preconditioner with
 ipretype =           10
 method = cfie_solve_nfrasspspre_pardiso

  
 NBP>>Begin fill sparser part of Nearfield

116.8574% NBP>>Begin fill denser part of Nearfield

200.1041%
 Begin MLFMA Box-Matrix Based Spar-RAS Prec Constructor
 --- Intel MKL PARDISO --- 
 Memory for iGroup: 1 0 MB
 Total Memory For SparRAS Pre: 0 MB
 --- PARDISO PRECONDITIONER INITIALIZED --- 
 Constructing preconditioner CPU time: 3 s
 
 1101240
 Memory for Iteration:: 16.8036 MB

 Iseg, Ninc_S : 1, 181, 0

 Iseg, Skeleton Angles: 1, 40
 Iseg, Skel-Pk Mem(MB): 1, 314.35

 Iseg, Irank, Idinc : 1, 1, 42
 Thata, Phi : 90.000000, 41.000000
 Maximun iteration: 300
 Number of recycle truncation: 30
 Final matrix dimension:  36708
 Residual error:0.001000
 0  6.317070e-01
 1  3.150934e-01
 2  1.989818e-01
 3  1.275989e-01
 4  8.875286e-02
 5  6.507804e-02
 6  4.942444e-02
 7  3.783838e-02
 8  2.883527e-02
 9  2.273274e-02
 10  1.701010e-02
 11  1.384760e-02
 12  1.146435e-02
 13  9.525371e-03
 14  8.348512e-03
 15  7.320995e-03
 16  6.450942e-03
 17  5.744500e-03
 18  5.217653e-03
 19  4.886893e-03
 20  4.659640e-03
 21  4.457791e-03
 22  4.284827e-03
 23  4.127624e-03
 24  3.917345e-03
 25  3.645704e-03
 26  3.356724e-03
 27  3.040353e-03
 28  2.649902e-03
 29  2.285079e-03
 30  1.987302e-03
 31  1.673555e-03
 32  1.400404e-03
 33  1.134977e-03
 34  9.450742e-04
 Iteration CPU time: 8 s
 CFIE residual: 0.000945074

 Iseg, Irank, Idinc : 1, 2, 63
 Thata, Phi : 90.000000, 62.000000
 Maximun iteration: 300
 Number of recycle truncation: 30
 Final matrix dimension:  36708
 Residual error:0.001000
 0  6.550451e-01
 1  3.582772e-01
 2  2.234651e-01
 3  1.432383e-01
 4  1.014810e-01
 5  7.819761e-02
 6  5.920019e-02
 7  4.757598e-02
 8  3.784710e-02
 9  3.041083e-02
 10  2.361925e-02
 11  1.912265e-02
 12  1.576839e-02
 13  1.338394e-02
 14  1.184577e-02
 15  1.079749e-02
 16  9.958949e-03
 17  9.336674e-03
 18  8.978799e-03
 19  8.572871e-03
 20  8.205885e-03
 21  7.940386e-03
 22  7.519240e-03
 23  7.011919e-03
 24  6.322129e-03
 25  5.571350e-03
 26  4.906858e-03
 27  4.226508e-03
 28  3.552472e-03
 29  2.911739e-03
 30  2.380584e-03
 31  1.922016e-03
 32  1.559499e-03
 33  1.245219e-03
 34  1.015948e-03
 35  8.310043e-04
 Iteration CPU time: 8 s
 CFIE residual: 0.000831004

 Iseg, Irank, Idinc : 1, 3, 108
 Thata, Phi : 90.000000, 107.000000
 Maximun iteration: 300
 Number of recycle truncation: 30
 Final matrix dimension:  36708
 Residual error:0.001000
 0  6.165514e-01
 1  3.486328e-01
 2  2.161574e-01
 3  1.470779e-01
 4  1.045607e-01
 5  7.843606e-02
 6  6.053168e-02
 7  4.729818e-02
 8  3.811669e-02
 9  3.127402e-02
 10  2.531918e-02
 11  2.096188e-02
 12  1.727098e-02
 13  1.458884e-02
 14  1.255145e-02
 15  1.082202e-02
 16  9.640355e-03
 17  8.747522e-03
 18  7.881136e-03
 19  7.248888e-03
 20  6.732282e-03
 21  6.335666e-03
 22  6.087590e-03
 23  5.877124e-03
 24  5.692340e-03
 25  5.464438e-03
 26  5.132925e-03
 27  4.703426e-03
 28  4.221317e-03
 29  3.700739e-03
 30  3.104305e-03
 31  2.529344e-03
 32  1.998823e-03
 33  1.631993e-03
 34  1.325927e-03
 35  1.080757e-03
 36  8.527514e-04
 Iteration CPU time: 8 s
 CFIE residual: 0.000852751

 Iseg, Irank, Idinc : 1, 4, 147
 Thata, Phi : 90.000000, 146.000000
 Maximun iteration: 300
 Number of recycle truncation: 30
 Final matrix dimension:  36708
 Residual error:0.001000
 0  6.562234e-01
 1  3.459475e-01
 2  2.100375e-01
 3  1.413386e-01
 4  1.007028e-01
 5  7.705048e-02
 6  5.961559e-02
 7  4.762326e-02
 8  3.976127e-02
 9  3.388264e-02
 10  2.897771e-02
 11  2.533006e-02
 12  2.234640e-02
 13  1.913676e-02
 14  1.606452e-02
 15  1.388587e-02
 16  1.204761e-02
 17  1.008170e-02
 18  8.812186e-03
 19  7.770715e-03
 20  6.962847e-03
 21  6.279015e-03
 22  5.791189e-03
 23  5.416403e-03
 24  5.169969e-03
 25  4.953018e-03
 26  4.754500e-03
 27  4.521706e-03
 28  4.312401e-03
 29  4.035663e-03
 30  3.708458e-03
 31  3.349803e-03
 32  2.942251e-03
 33  2.510550e-03
 34  2.032580e-03
 35  1.670184e-03
 36  1.356498e-03
 37  1.043619e-03
 38  8.108263e-04
 Iteration CPU time: 9 s
 CFIE residual: 0.000810826

 Iseg, Irank, Idinc : 1, 5, 22
 Thata, Phi : 90.000000, 21.000000
 Maximun iteration: 300
 Number of recycle truncation: 30
 Final matrix dimension:  36708
 Residual error:0.001000
 0  6.317632e-01
 1  2.962603e-01
 2  1.750917e-01
 3  1.158876e-01
 4  8.045187e-02
 5  5.916431e-02
 6  4.486841e-02
 7  3.519249e-02
 8  2.797354e-02
 9  2.247845e-02
 10  1.843288e-02
 11  1.493443e-02
 12  1.204492e-02
 13  1.015088e-02
 14  8.448739e-03
 15  7.126614e-03
 16  6.221912e-03
 17  5.309164e-03
 18  4.521185e-03
 19  3.927955e-03
 20  3.514301e-03
 21  3.145411e-03
 22  2.865591e-03
 23  2.649325e-03
 24  2.491832e-03
 25  2.376591e-03
 26  2.275574e-03
 27  2.166977e-03
 28  2.085265e-03
 29  1.986076e-03
 30  1.889238e-03
 31  1.772225e-03
 32  1.622054e-03
 33  1.441221e-03
 34  1.223872e-03
 35  1.045944e-03
 36  8.832448e-04
 Iteration CPU time: 8 s
 CFIE residual: 0.000883245

 Iseg, Irank, Idinc : 1, 6, 137
 Thata, Phi : 90.000000, 136.000000
 Maximun iteration: 300
 Number of recycle truncation: 30
 Final matrix dimension:  36708
 Residual error:0.001000
 0  6.961668e-01
 1  3.482738e-01
 2  2.156004e-01
 3  1.469934e-01
 4  1.057678e-01
 5  7.944686e-02
 6  6.016770e-02
 7  4.768575e-02
 8  3.884093e-02
 9  3.273403e-02
 10  2.710779e-02
 11  2.280531e-02
 12  1.921075e-02
 13  1.636247e-02
 14  1.383976e-02
 15  1.178189e-02
 16  1.035323e-02
 17  9.086287e-03
 18  8.123486e-03
 19  7.327885e-03
 20  6.814964e-03
 21  6.349885e-03
 22  6.016538e-03
 23  5.735480e-03
 24  5.489372e-03
 25  5.272169e-03
 26  4.997684e-03
 27  4.709877e-03
 28  4.407490e-03
 29  4.063019e-03
 30  3.660117e-03
 31  3.211172e-03
 32  2.788445e-03
 33  2.388188e-03
 34  2.003435e-03
 35  1.694199e-03
 36  1.400209e-03
 37  1.143712e-03
 38  9.112109e-04
 Iteration CPU time: 9 s
 CFIE residual: 0.000911211

 Iseg, Irank, Idinc : 1, 7, 83
 Thata, Phi : 90.000000, 82.000000
 Maximun iteration: 300
 Number of recycle truncation: 30
 Final matrix dimension:  36708
 Residual error:0.001000
 0  6.064090e-01
 1  3.477762e-01
 2  2.222818e-01
 3  1.496235e-01
 4  1.086038e-01
 5  8.340610e-02
 6  6.422480e-02
 7  5.089476e-02
 8  4.118143e-02
 9  3.242647e-02
 10  2.637651e-02
 11  2.214806e-02
 12  1.847301e-02
 13  1.593495e-02
 14  1.409511e-02
 15  1.272085e-02
 16  1.142550e-02
 17  1.064332e-02
 18  1.008851e-02
 19  9.575969e-03
 20  9.179797e-03
 21  8.844241e-03
 22  8.486825e-03
 23  8.056516e-03
 24  7.543798e-03
 25  6.896204e-03
 26  6.215128e-03
 27  5.550832e-03
 28  4.837580e-03
 29  4.114855e-03
 30  3.417732e-03
 31  2.839212e-03
 32  2.375377e-03
 33  1.876141e-03
 34  1.542669e-03
 35  1.201345e-03
 36  1.001401e-03
 37  7.932282e-04
 Iteration CPU time: 8 s
 CFIE residual: 0.000793228

 Iseg, Irank, Idinc : 1, 8, 72
 Thata, Phi : 90.000000, 71.000000
 Maximun iteration: 300
 Number of recycle truncation: 30
 Final matrix dimension:  36708
 Residual error:0.001000
 0  6.329883e-01
 1  3.637977e-01
 2  2.346879e-01
 3  1.480041e-01
 4  1.046226e-01
 5  8.253006e-02
 6  6.375218e-02
 7  4.954799e-02
 8  3.960230e-02
 9  3.319485e-02
 10  2.647253e-02
 11  2.150816e-02
 12  1.755448e-02
 13  1.518097e-02
 14  1.353468e-02
 15  1.221189e-02
 16  1.135091e-02
 17  1.061924e-02
 18  1.007244e-02
 19  9.613554e-03
 20  9.278673e-03
 21  8.961955e-03
 22  8.557767e-03
 23  8.075061e-03
 24  7.353428e-03
 25  6.503755e-03
 26  5.765687e-03
 27  5.034576e-03
 28  4.320858e-03
 29  3.602959e-03
 30  2.977964e-03
 31  2.435361e-03
 32  1.989600e-03
 33  1.607239e-03
 34  1.280889e-03
 35  1.021748e-03
 36  8.291898e-04
 Iteration CPU time: 8 s
 CFIE residual: 0.00082919

 Iseg, Irank, Idinc : 1, 9, 159
 Thata, Phi : 90.000000, 158.000000
 Maximun iteration: 300
 Number of recycle truncation: 30
 Final matrix dimension:  36708
 Residual error:0.001000
 0  6.216192e-01
 1  3.148188e-01
 2  1.918205e-01
 3  1.300369e-01
 4  9.672211e-02
 5  7.727654e-02
 6  6.195008e-02
 7  5.089140e-02
 8  4.279687e-02
 9  3.701268e-02
 10  3.209458e-02
 11  2.834321e-02
 12  2.472227e-02
 13  2.100429e-02
 14  1.760746e-02
 15  1.528319e-02
 16  1.333070e-02
 17  1.124343e-02
 18  9.759616e-03
 19  8.355941e-03
 20  7.212487e-03
 21  6.313082e-03
 22  5.569732e-03
 23  5.010205e-03
 24  4.583586e-03
 25  4.281371e-03
 26  4.021840e-03
 27  3.819972e-03
 28  3.661830e-03
 29  3.511177e-03
 30  3.292444e-03
 31  3.036428e-03
 32  2.700071e-03
 33  2.359158e-03
 34  2.021367e-03
 35  1.666095e-03
 36  1.331386e-03
 37  1.018263e-03
 38  7.809628e-04
 Iteration CPU time: 9 s
 CFIE residual: 0.000780963

 Iseg, Irank, Idinc : 1, 10, 125
 Thata, Phi : 90.000000, 124.000000
 Maximun iteration: 300
 Number of recycle truncation: 30
 Final matrix dimension:  36708
 Residual error:0.001000
 0  6.566416e-01
 1  3.405415e-01
 2  2.206907e-01
 3  1.556001e-01
 4  1.127857e-01
 5  8.238327e-02
 6  6.542590e-02
 7  5.152423e-02
 8  4.192090e-02
 9  3.404537e-02
 10  2.703845e-02
 11  2.138787e-02
 12  1.700038e-02
 13  1.386181e-02
 14  1.156787e-02
 15  1.003034e-02
 16  8.693545e-03
 17  7.772639e-03
 18  6.905977e-03
 19  6.334057e-03
 20  5.928544e-03
 21  5.618478e-03
 22  5.346122e-03
 23  5.121639e-03
 24  4.912629e-03
 25  4.705386e-03
 26  4.457051e-03
 27  4.197643e-03
 28  3.942132e-03
 29  3.646862e-03
 30  3.304676e-03
 31  2.978459e-03
 32  2.626525e-03
 33  2.293521e-03
 34  1.929616e-03
 35  1.647452e-03
 36  1.343474e-03
 37  1.070986e-03
 38  8.218034e-04
 Iteration CPU time: 8 s
 CFIE residual: 0.000821803

 Iseg, Irank, Idinc : 1, 11, 53
 Thata, Phi : 90.000000, 52.000000
 Maximun iteration: 300
 Number of recycle truncation: 30
 Final matrix dimension:  36708
 Residual error:0.001000
 0  6.531693e-01
 1  3.451549e-01
 2  2.117964e-01
 3  1.350852e-01
 4  9.750187e-02
 5  7.468867e-02
 6  5.830100e-02
 7  4.476831e-02
 8  3.465772e-02
 9  2.786656e-02
 10  2.174383e-02
 11  1.721106e-02
 12  1.377311e-02
 13  1.132816e-02
 14  9.986326e-03
 15  8.937598e-03
 16  8.067981e-03
 17  7.578315e-03
 18  7.000738e-03
 19  6.572869e-03
 20  6.319350e-03
 21  6.055000e-03
 22  5.732511e-03
 23  5.415170e-03
 24  4.925951e-03
 25  4.330021e-03
 26  3.764143e-03
 27  3.206093e-03
 28  2.676358e-03
 29  2.147508e-03
 30  1.787114e-03
 31  1.477739e-03
 32  1.216085e-03
 33  9.911384e-04
 Iteration CPU time: 8 s
 CFIE residual: 0.000991138

 Iseg, Irank, Idinc : 1, 12, 176
 Thata, Phi : 90.000000, 175.000000
 Maximun iteration: 300
 Number of recycle truncation: 30
 Final matrix dimension:  36708
 Residual error:0.001000
 0  5.899407e-01
 1  2.958678e-01
 2  1.835272e-01
 3  1.304062e-01
 4  1.006727e-01
 5  8.076094e-02
 6  6.590439e-02
 7  5.507524e-02
 8  4.593123e-02
 9  3.856080e-02
 10  3.238099e-02
 11  2.697547e-02
 12  2.246157e-02
 13  1.847969e-02
 14  1.578287e-02
 15  1.307090e-02
 16  1.104541e-02
 17  9.355722e-03
 18  7.950274e-03
 19  6.631747e-03
 20  5.746991e-03
 21  4.930532e-03
 22  4.252834e-03
 23  3.723238e-03
 24  3.333455e-03
 25  3.016247e-03
 26  2.751272e-03
 27  2.552570e-03
 28  2.388056e-03
 29  2.254347e-03
 30  2.138118e-03
 31  2.052767e-03
 32  1.957000e-03
 33  1.849887e-03
 34  1.737922e-03
 35  1.577865e-03
 36  1.411001e-03
 37  1.228989e-03
 38  1.018939e-03
 39  8.271366e-04
 Iteration CPU time: 9 s
 CFIE residual: 0.000827137

 Iseg, Irank, Idinc : 1, 13, 33
 Thata, Phi : 90.000000, 32.000000
 Maximun iteration: 300
 Number of recycle truncation: 30
 Final matrix dimension:  36708
 Residual error:0.001000
 0  6.283678e-01
 1  3.105467e-01
 2  1.856169e-01
 3  1.162680e-01
 4  8.130518e-02
 5  5.950240e-02
 6  4.439772e-02
 7  3.387534e-02
 8  2.657571e-02
 9  2.130938e-02
 10  1.684833e-02
 11  1.379085e-02
 12  1.120953e-02
 13  9.405266e-03
 14  7.925559e-03
 15  6.737720e-03
 16  5.842298e-03
 17  5.082122e-03
 18  4.445575e-03
 19  4.033614e-03
 20  3.768351e-03
 21  3.533919e-03
 22  3.372525e-03
 23  3.236592e-03
 24  3.109748e-03
 25  2.992410e-03
 26  2.846229e-03
 27  2.663884e-03
 28  2.439309e-03
 29  2.155397e-03
 30  1.879699e-03
 31  1.635518e-03
 32  1.419484e-03
 33  1.211044e-03
 34  1.008180e-03
 35  8.356746e-04
 Iteration CPU time: 8 s
 CFIE residual: 0.000835675

 Iseg, Irank, Idinc : 1, 14, 91
 Thata, Phi : 90.000000, 90.000000
 Maximun iteration: 300
 Number of recycle truncation: 30
 Final matrix dimension:  36708
 Residual error:0.001000
 0  5.979168e-01
 1  3.438119e-01
 2  2.175673e-01
 3  1.494941e-01
 4  1.075612e-01
 5  8.202832e-02
 6  6.404274e-02
 7  5.006497e-02
 8  4.087809e-02
 9  3.294660e-02
 10  2.728921e-02
 11  2.274287e-02
 12  1.925725e-02
 13  1.665583e-02
 14  1.470546e-02
 15  1.301767e-02
 16  1.158358e-02
 17  1.063772e-02
 18  9.878603e-03
 19  9.264849e-03
 20  8.789787e-03
 21  8.397839e-03
 22  8.032571e-03
 23  7.652324e-03
 24  7.288327e-03
 25  6.890879e-03
 26  6.367424e-03
 27  5.710496e-03
 28  4.957328e-03
 29  4.291587e-03
 30  3.630708e-03
 31  3.066859e-03
 32  2.524495e-03
 33  2.068608e-03
 34  1.690387e-03
 35  1.359001e-03
 36  1.081750e-03
 37  8.861671e-04
 Iteration CPU time: 9 s
 CFIE residual: 0.000886167

 Iseg, Irank, Idinc : 1, 15, 9
 Thata, Phi : 90.000000, 8.000000
 Maximun iteration: 300
 Number of recycle truncation: 30
 Final matrix dimension:  36708
 Residual error:0.001000
 0  5.463502e-01
 1  2.784770e-01
 2  1.776250e-01
 3  1.240353e-01
 4  9.054469e-02
 5  6.764358e-02
 6  5.139574e-02
 7  3.986270e-02
 8  3.125232e-02
 9  2.440074e-02
 10  1.951054e-02
 11  1.553668e-02
 12  1.258139e-02
 13  1.014638e-02
 14  8.345404e-03
 15  6.874654e-03
 16  5.867911e-03
 17  5.039508e-03
 18  4.318341e-03
 19  3.713285e-03
 20  3.228260e-03
 21  2.876187e-03
 22  2.525762e-03
 23  2.242278e-03
 24  2.028798e-03
 25  1.872703e-03
 26  1.697759e-03
 27  1.564617e-03
 28  1.473312e-03
 29  1.388627e-03
 30  1.331832e-03
 31  1.283450e-03
 32  1.224643e-03
 33  1.157069e-03
 34  1.079334e-03
 35  9.896586e-04
 Iteration CPU time: 8 s
 CFIE residual: 0.000989659

 Iseg, Irank, Idinc : 1, 16, 100
 Thata, Phi : 90.000000, 99.000000
 Maximun iteration: 300
 Number of recycle truncation: 30
 Final matrix dimension:  36708
 Residual error:0.001000
 0  6.057454e-01
 1  3.417894e-01
 2  2.139913e-01
 3  1.454134e-01
 4  1.048133e-01
 5  7.944643e-02
 6  6.170212e-02
 7  4.891041e-02
 8  3.907182e-02
 9  3.240343e-02
 10  2.642450e-02
 11  2.225614e-02
 12  1.869172e-02
 13  1.607839e-02
 14  1.398987e-02
 15  1.213736e-02
 16  1.073486e-02
 17  9.776349e-03
 18  8.913076e-03
 19  8.220494e-03
 20  7.666972e-03
 21  7.283923e-03
 22  6.989440e-03
 23  6.725675e-03
 24  6.476772e-03
 25  6.103307e-03
 26  5.743268e-03
 27  5.203371e-03
 28  4.693299e-03
 29  4.096417e-03
 30  3.533970e-03
 31  2.987269e-03
 32  2.473345e-03
 33  1.986383e-03
 34  1.598386e-03
 35  1.283958e-03
 36  1.044530e-03
 37  8.355455e-04
 Iteration CPU time: 8 s
 CFIE residual: 0.000835545

 Iseg, Irank, Idinc : 1, 17, 116
 Thata, Phi : 90.000000, 115.000000
 Maximun iteration: 300
 Number of recycle truncation: 30
 Final matrix dimension:  36708
 Residual error:0.001000
 0  6.421047e-01
 1  3.470512e-01
 2  2.161791e-01
 3  1.507441e-01
 4  1.080177e-01
 5  7.933166e-02
 6  6.190612e-02
 7  4.866845e-02
 8  3.825284e-02
 9  3.092757e-02
 10  2.501289e-02
 11  2.023093e-02
 12  1.682075e-02
 13  1.416661e-02
 14  1.203409e-02
 15  1.028795e-02
 16  9.002016e-03
 17  8.150015e-03
 18  7.294589e-03
 19  6.664533e-03
 20  6.312471e-03
 21  5.987099e-03
 22  5.768962e-03
 23  5.566326e-03
 24  5.386033e-03
 25  5.198018e-03
 26  4.924744e-03
 27  4.556031e-03
 28  4.247946e-03
 29  3.820222e-03
 30  3.434531e-03
 31  2.948348e-03
 32  2.442859e-03
 33  1.958563e-03
 34  1.567743e-03
 35  1.264624e-03
 36  9.968903e-04
 Iteration CPU time: 9 s
 CFIE residual: 0.00099689

 Iseg, Irank, Idinc : 1, 18, 1
 Thata, Phi : 90.000000, 0.000000
 Maximun iteration: 300
 Number of recycle truncation: 30
 Final matrix dimension:  36708
 Residual error:0.001000
 0  5.217223e-01
 1  2.733352e-01
 2  1.772822e-01
 3  1.209238e-01
 4  8.790966e-02
 5  6.672689e-02
 6  5.094860e-02
 7  3.801027e-02
 8  2.917031e-02
 9  2.342985e-02
 10  1.916664e-02
 11  1.510482e-02
 12  1.157144e-02
 13  9.625123e-03
 14  7.850567e-03
 15  6.564095e-03
 16  5.480865e-03
 17  4.745967e-03
 18  4.044252e-03
 19  3.503693e-03
 20  2.991013e-03
 21  2.573631e-03
 22  2.229173e-03
 23  1.916803e-03
 24  1.672510e-03
 25  1.455111e-03
 26  1.274217e-03
 27  1.154576e-03
 28  1.058111e-03
 29  9.878524e-04
 Iteration CPU time: 7 s
 CFIE residual: 0.000987852

 Iseg, Irank, Idinc : 1, 19, 167
 Thata, Phi : 90.000000, 166.000000
 Maximun iteration: 300
 Number of recycle truncation: 30
 Final matrix dimension:  36708
 Residual error:0.001000
 0  5.964206e-01
 1  2.994985e-01
 2  1.846214e-01
 3  1.305887e-01
 4  1.002000e-01
 5  8.052702e-02
 6  6.475064e-02
 7  5.450024e-02
 8  4.586791e-02
 9  3.905376e-02
 10  3.281211e-02
 11  2.859825e-02
 12  2.504946e-02
 13  2.132659e-02
 14  1.810082e-02
 15  1.559267e-02
 16  1.352595e-02
 17  1.145080e-02
 18  9.648312e-03
 19  8.085875e-03
 20  6.983500e-03
 21  5.944055e-03
 22  5.235030e-03
 23  4.645874e-03
 24  4.144201e-03
 25  3.755827e-03
 26  3.477240e-03
 27  3.238712e-03
 28  3.073744e-03
 29  2.932572e-03
 30  2.785018e-03
 31  2.622803e-03
 32  2.471744e-03
 33  2.296293e-03
 34  2.073170e-03
 35  1.824821e-03
 36  1.552043e-03
 37  1.268272e-03
 38  1.007066e-03
 39  8.280932e-04
 Iteration CPU time: 8 s
 CFIE residual: 0.000828093

 Iseg, Irank, Idinc : 1, 20, 16
 Thata, Phi : 90.000000, 15.000000
 Maximun iteration: 300
 Number of recycle truncation: 30
 Final matrix dimension:  36708
 Residual error:0.001000
 0  5.935014e-01
 1  2.871913e-01
 2  1.764659e-01
 3  1.210466e-01
 4  8.662407e-02
 5  6.433162e-02
 6  4.891701e-02
 7  3.854407e-02
 8  3.034616e-02
 9  2.426069e-02
 10  1.944797e-02
 11  1.532631e-02
 12  1.225936e-02
 13  1.009677e-02
 14  8.524495e-03
 15  6.995673e-03
 16  5.985038e-03
 17  5.121376e-03
 18  4.388479e-03
 19  3.796070e-03
 20  3.362621e-03
 21  2.996600e-03
 22  2.659357e-03
 23  2.403375e-03
 24  2.220553e-03
 25  2.086038e-03
 26  1.956861e-03
 27  1.844597e-03
 28  1.766350e-03
 29  1.684004e-03
 30  1.621650e-03
 31  1.553884e-03
 32  1.464102e-03
 33  1.349391e-03
 34  1.206901e-03
 35  1.056375e-03
 36  9.043078e-04
 Iteration CPU time: 8 s
 CFIE residual: 0.000904308

 Iseg, Irank, Idinc : 1, 21, 181
 Thata, Phi : 90.000000, 180.000000
 Maximun iteration: 300
 Number of recycle truncation: 30
 Final matrix dimension:  36708
 Residual error:0.001000
 0  5.897380e-01
 1  2.954482e-01
 2  1.827102e-01
 3  1.291415e-01
 4  9.885212e-02
 5  7.915098e-02
 6  6.475848e-02
 7  5.396262e-02
 8  4.509423e-02
 9  3.737160e-02
 10  3.057228e-02
 11  2.493917e-02
 12  2.029891e-02
 13  1.644296e-02
 14  1.357879e-02
 15  1.121456e-02
 16  9.234104e-03
 17  7.597779e-03
 18  6.455161e-03
 19  5.504906e-03
 20  4.650567e-03
 21  3.993872e-03
 22  3.418795e-03
 23  2.947547e-03
 24  2.609996e-03
 25  2.399215e-03
 26  2.218708e-03
 27  2.052650e-03
 28  1.917152e-03
 29  1.790724e-03
 30  1.674251e-03
 31  1.576379e-03
 32  1.476270e-03
 33  1.340888e-03
 34  1.173949e-03
 35  9.864075e-04
 Iteration CPU time: 8 s
 CFIE residual: 0.000986408

 Iseg, Irank, Idinc : 1, 22, 153
 Thata, Phi : 90.000000, 152.000000
 Maximun iteration: 300
 Number of recycle truncation: 30
 Final matrix dimension:  36708
 Residual error:0.001000
 0  6.364110e-01
 1  3.297285e-01
 2  2.025099e-01
 3  1.347903e-01
 4  9.808362e-02
 5  7.692656e-02
 6  6.014685e-02
 7  4.910158e-02
 8  4.048168e-02
 9  3.451618e-02
 10  2.963472e-02
 11  2.616542e-02
 12  2.287023e-02
 13  1.941117e-02
 14  1.634436e-02
 15  1.422482e-02
 16  1.250551e-02
 17  1.061196e-02
 18  9.224190e-03
 19  7.988134e-03
 20  7.067850e-03
 21  6.276933e-03
 22  5.591603e-03
 23  5.091337e-03
 24  4.750119e-03
 25  4.482927e-03
 26  4.255588e-03
 27  4.049034e-03
 28  3.870526e-03
 29  3.681729e-03
 30  3.394171e-03
 31  3.088981e-03
 32  2.742333e-03
 33  2.409037e-03
 34  1.929614e-03
 35  1.564660e-03
 36  1.249939e-03
 37  9.755095e-04
 Iteration CPU time: 8 s
 CFIE residual: 0.00097551

 Iseg, Irank, Idinc : 1, 23, 77
 Thata, Phi : 90.000000, 76.000000
 Maximun iteration: 300
 Number of recycle truncation: 30
 Final matrix dimension:  36708
 Residual error:0.001000
 0  6.151361e-01
 1  3.544216e-01
 2  2.288051e-01
 3  1.473432e-01
 4  1.042571e-01
 5  7.992244e-02
 6  6.223708e-02
 7  4.859353e-02
 8  3.928679e-02
 9  3.130678e-02
 10  2.587129e-02
 11  2.156327e-02
 12  1.791791e-02
 13  1.563655e-02
 14  1.387581e-02
 15  1.243119e-02
 16  1.152247e-02
 17  1.081119e-02
 18  1.024488e-02
 19  9.743486e-03
 20  9.385136e-03
 21  9.057910e-03
 22  8.696395e-03
 23  8.262393e-03
 24  7.649443e-03
 25  6.902614e-03
 26  6.252348e-03
 27  5.542546e-03
 28  4.836151e-03
 29  4.084095e-03
 30  3.406473e-03
 31  2.800042e-03
 32  2.259223e-03
 33  1.834571e-03
 34  1.487964e-03
 35  1.162008e-03
 36  9.269471e-04
 Iteration CPU time: 9 s
 CFIE residual: 0.000926947

 Iseg, Irank, Idinc : 1, 24, 131
 Thata, Phi : 90.000000, 130.000000
 Maximun iteration: 300
 Number of recycle truncation: 30
 Final matrix dimension:  36708
 Residual error:0.001000
 0  6.755550e-01
 1  3.483497e-01
 2  2.205189e-01
 3  1.501212e-01
 4  1.082627e-01
 5  8.038857e-02
 6  6.269247e-02
 7  4.982931e-02
 8  3.985387e-02
 9  3.312331e-02
 10  2.698619e-02
 11  2.190861e-02
 12  1.768012e-02
 13  1.446025e-02
 14  1.212126e-02
 15  1.042544e-02
 16  8.942578e-03
 17  7.929131e-03
 18  7.095100e-03
 19  6.506479e-03
 20  6.085916e-03
 21  5.752243e-03
 22  5.480393e-03
 23  5.239649e-03
 24  5.013956e-03
 25  4.796673e-03
 26  4.532276e-03
 27  4.250876e-03
 28  3.955945e-03
 29  3.599841e-03
 30  3.202090e-03
 31  2.795832e-03
 32  2.437399e-03
 33  2.075403e-03
 34  1.738863e-03
 35  1.458487e-03
 36  1.197966e-03
 37  9.735772e-04
 Iteration CPU time: 8 s
 CFIE residual: 0.000973577

 Iseg, Irank, Idinc : 1, 25, 48
 Thata, Phi : 90.000000, 47.000000
 Maximun iteration: 300
 Number of recycle truncation: 30
 Final matrix dimension:  36708
 Residual error:0.001000
 0  6.408900e-01
 1  3.322631e-01
 2  2.060900e-01
 3  1.342794e-01
 4  9.699764e-02
 5  7.395820e-02
 6  5.685148e-02
 7  4.336175e-02
 8  3.328178e-02
 9  2.607201e-02
 10  2.000438e-02
 11  1.584953e-02
 12  1.297529e-02
 13  1.081615e-02
 14  9.367067e-03
 15  8.351900e-03
 16  7.488924e-03
 17  6.871177e-03
 18  6.319422e-03
 19  5.943120e-03
 20  5.717963e-03
 21  5.495650e-03
 22  5.227484e-03
 23  4.954225e-03
 24  4.586266e-03
 25  4.153845e-03
 26  3.723569e-03
 27  3.244062e-03
 28  2.744944e-03
 29  2.307764e-03
 30  1.954769e-03
 31  1.629868e-03
 32  1.328251e-03
 33  1.087663e-03
 34  9.010439e-04
 Iteration CPU time: 8 s
 CFIE residual: 0.000901044

 Iseg, Irank, Idinc : 1, 26, 5
 Thata, Phi : 90.000000, 4.000000
 Maximun iteration: 300
 Number of recycle truncation: 30
 Final matrix dimension:  36708
 Residual error:0.001000
 0  5.282924e-01
 1  2.748721e-01
 2  1.774339e-01
 3  1.223695e-01
 4  8.928858e-02
 5  6.718144e-02
 6  5.108149e-02
 7  3.859570e-02
 8  3.031488e-02
 9  2.394887e-02
 10  1.926004e-02
 11  1.531028e-02
 12  1.218811e-02
 13  1.016688e-02
 14  8.328331e-03
 15  6.834583e-03
 16  5.855562e-03
 17  5.020501e-03
 18  4.245097e-03
 19  3.672482e-03
 20  3.182246e-03
 21  2.786236e-03
 22  2.444401e-03
 23  2.123663e-03
 24  1.892343e-03
 25  1.701932e-03
 26  1.509616e-03
 27  1.350086e-03
 28  1.244482e-03
 29  1.166149e-03
 30  1.109511e-03
 31  1.064377e-03
 32  1.020854e-03
 33  9.694480e-04
 Iteration CPU time: 8 s
 CFIE residual: 0.000969448

 Iseg, Irank, Idinc : 1, 27, 172
 Thata, Phi : 90.000000, 171.000000
 Maximun iteration: 300
 Number of recycle truncation: 30
 Final matrix dimension:  36708
 Residual error:0.001000
 0  5.908287e-01
 1  2.965412e-01
 2  1.844521e-01
 3  1.315843e-01
 4  1.018401e-01
 5  8.175634e-02
 6  6.639044e-02
 7  5.571853e-02
 8  4.646615e-02
 9  3.915906e-02
 10  3.351457e-02
 11  2.854631e-02
 12  2.410927e-02
 13  2.026210e-02
 14  1.740294e-02
 15  1.455587e-02
 16  1.249053e-02
 17  1.061325e-02
 18  8.944127e-03
 19  7.489185e-03
 20  6.486134e-03
 21  5.501401e-03
 22  4.812643e-03
 23  4.265973e-03
 24  3.804167e-03
 25  3.431894e-03
 26  3.138533e-03
 27  2.916968e-03
 28  2.744693e-03
 29  2.598195e-03
 30  2.468160e-03
 31  2.353471e-03
 32  2.237156e-03
 33  2.105953e-03
 34  1.957204e-03
 35  1.773323e-03
 36  1.555435e-03
 37  1.324738e-03
 38  1.081770e-03
 39  8.776467e-04
 Iteration CPU time: 9 s
 CFIE residual: 0.000877647

 Iseg, Irank, Idinc : 1, 28, 96
 Thata, Phi : 90.000000, 95.000000
 Maximun iteration: 300
 Number of recycle truncation: 30
 Final matrix dimension:  36708
 Residual error:0.001000
 0  5.998794e-01
 1  3.415545e-01
 2  2.152949e-01
 3  1.452012e-01
 4  1.039693e-01
 5  7.976273e-02
 6  6.330491e-02
 7  4.965769e-02
 8  3.975257e-02
 9  3.212544e-02
 10  2.663904e-02
 11  2.220025e-02
 12  1.883638e-02
 13  1.640177e-02
 14  1.436647e-02
 15  1.256049e-02
 16  1.109220e-02
 17  1.012074e-02
 18  9.345129e-03
 19  8.667824e-03
 20  8.146393e-03
 21  7.776324e-03
 22  7.463091e-03
 23  7.167719e-03
 24  6.865456e-03
 25  6.520125e-03
 26  6.038708e-03
 27  5.476696e-03
 28  4.784141e-03
 29  4.190300e-03
 30  3.568828e-03
 31  3.042984e-03
 32  2.518106e-03
 33  2.036892e-03
 34  1.632707e-03
 35  1.275839e-03
 36  1.041284e-03
 37  8.555356e-04
 Iteration CPU time: 8 s
 CFIE residual: 0.000855536

 Iseg, Irank, Idinc : 1, 29, 28
 Thata, Phi : 90.000000, 27.000000
 Maximun iteration: 300
 Number of recycle truncation: 30
 Final matrix dimension:  36708
 Residual error:0.001000
 0  6.419546e-01
 1  3.042364e-01
 2  1.788405e-01
 3  1.135409e-01
 4  7.865728e-02
 5  5.755370e-02
 6  4.272297e-02
 7  3.311312e-02
 8  2.645783e-02
 9  2.169607e-02
 10  1.769021e-02
 11  1.439840e-02
 12  1.152503e-02
 13  9.653522e-03
 14  8.194566e-03
 15  7.020256e-03
 16  6.032607e-03
 17  5.131415e-03
 18  4.425287e-03
 19  3.964941e-03
 20  3.645817e-03
 21  3.351701e-03
 22  3.134591e-03
 23  2.959757e-03
 24  2.821705e-03
 25  2.719845e-03
 26  2.610974e-03
 27  2.476437e-03
 28  2.352242e-03
 29  2.173645e-03
 30  1.984667e-03
 31  1.814855e-03
 32  1.607440e-03
 33  1.395759e-03
 34  1.156954e-03
 35  9.768314e-04
 Iteration CPU time: 8 s
 CFIE residual: 0.000976831

 Iseg, Irank, Idinc : 1, 30, 120
 Thata, Phi : 90.000000, 119.000000
 Maximun iteration: 300
 Number of recycle truncation: 30
 Final matrix dimension:  36708
 Residual error:0.001000
 0  6.468190e-01
 1  3.438002e-01
 2  2.165138e-01
 3  1.518313e-01
 4  1.090829e-01
 5  8.136961e-02
 6  6.400958e-02
 7  5.002634e-02
 8  3.992913e-02
 9  3.247417e-02
 10  2.630839e-02
 11  2.114271e-02
 12  1.707967e-02
 13  1.395175e-02
 14  1.186932e-02
 15  1.019394e-02
 16  8.995634e-03
 17  8.133748e-03
 18  7.224707e-03
 19  6.582720e-03
 20  6.186339e-03
 21  5.856768e-03
 22  5.643695e-03
 23  5.422178e-03
 24  5.238949e-03
 25  5.018836e-03
 26  4.762555e-03
 27  4.459620e-03
 28  4.182072e-03
 29  3.874179e-03
 30  3.529093e-03
 31  3.134208e-03
 32  2.696417e-03
 33  2.253594e-03
 34  1.866137e-03
 35  1.535415e-03
 36  1.223356e-03
 37  9.786530e-04
 Iteration CPU time: 9 s
 CFIE residual: 0.000978653

 Iseg, Irank, Idinc : 1, 31, 58
 Thata, Phi : 90.000000, 57.000000
 Maximun iteration: 300
 Number of recycle truncation: 30
 Final matrix dimension:  36708
 Residual error:0.001000
 0  6.587744e-01
 1  3.484581e-01
 2  2.125785e-01
 3  1.335506e-01
 4  9.665961e-02
 5  7.311607e-02
 6  5.634411e-02
 7  4.446227e-02
 8  3.447362e-02
 9  2.782089e-02
 10  2.200549e-02
 11  1.749765e-02
 12  1.437593e-02
 13  1.192826e-02
 14  1.051417e-02
 15  9.536940e-03
 16  8.827654e-03
 17  8.268123e-03
 18  7.818116e-03
 19  7.373667e-03
 20  7.081323e-03
 21  6.817702e-03
 22  6.465393e-03
 23  6.068462e-03
 24  5.419055e-03
 25  4.735028e-03
 26  4.120720e-03
 27  3.518391e-03
 28  2.915375e-03
 29  2.387722e-03
 30  1.981945e-03
 31  1.610167e-03
 32  1.294774e-03
 33  1.033123e-03
 34  8.245232e-04
 Iteration CPU time: 8 s
 CFIE residual: 0.000824523

 Iseg, Irank, Idinc : 1, 32, 179
 Thata, Phi : 90.000000, 178.000000
 Maximun iteration: 300
 Number of recycle truncation: 30
 Final matrix dimension:  36708
 Residual error:0.001000
 0  5.897799e-01
 1  2.955326e-01
 2  1.828613e-01
 3  1.293904e-01
 4  9.926815e-02
 5  7.954526e-02
 6  6.504840e-02
 7  5.423712e-02
 8  4.529598e-02
 9  3.769051e-02
 10  3.100002e-02
 11  2.552499e-02
 12  2.110317e-02
 13  1.704143e-02
 14  1.450207e-02
 15  1.197771e-02
 16  9.952884e-03
 17  8.259502e-03
 18  6.993091e-03
 19  5.864926e-03
 20  5.056434e-03
 21  4.365831e-03
 22  3.751220e-03
 23  3.248210e-03
 24  2.905856e-03
 25  2.637987e-03
 26  2.405453e-03
 27  2.230201e-03
 28  2.084816e-03
 29  1.950065e-03
 30  1.839465e-03
 31  1.757494e-03
 32  1.674854e-03
 33  1.576376e-03
 34  1.461261e-03
 35  1.316339e-03
 36  1.164132e-03
 37  1.007537e-03
 38  8.516583e-04
 Iteration CPU time: 9 s
 CFIE residual: 0.000851658

 Iseg, Irank, Idinc : 1, 33, 142
 Thata, Phi : 90.000000, 141.000000
 Maximun iteration: 300
 Number of recycle truncation: 30
 Final matrix dimension:  36708
 Residual error:0.001000
 0  6.854573e-01
 1  3.492720e-01
 2  2.109957e-01
 3  1.436134e-01
 4  1.034560e-01
 5  7.749838e-02
 6  5.990150e-02
 7  4.700027e-02
 8  3.857751e-02
 9  3.289052e-02
 10  2.804899e-02
 11  2.402288e-02
 12  2.072844e-02
 13  1.783120e-02
 14  1.502462e-02
 15  1.299409e-02
 16  1.131158e-02
 17  9.826146e-03
 18  8.579972e-03
 19  7.701567e-03
 20  7.030251e-03
 21  6.472371e-03
 22  6.082935e-03
 23  5.774488e-03
 24  5.539702e-03
 25  5.332261e-03
 26  5.109915e-03
 27  4.830536e-03
 28  4.545053e-03
 29  4.225968e-03
 30  3.843250e-03
 31  3.351708e-03
 32  2.873742e-03
 33  2.399827e-03
 34  1.991228e-03
 35  1.595253e-03
 36  1.295392e-03
 37  1.012334e-03
 38  7.893460e-04
 Iteration CPU time: 8 s
 CFIE residual: 0.000789346

 Iseg, Irank, Idinc : 1, 34, 3
 Thata, Phi : 90.000000, 2.000000
 Maximun iteration: 300
 Number of recycle truncation: 30
 Final matrix dimension:  36708
 Residual error:0.001000
 0  5.234078e-01
 1  2.737501e-01
 2  1.773327e-01
 3  1.213638e-01
 4  8.836852e-02
 5  6.689055e-02
 6  5.098970e-02
 7  3.814348e-02
 8  2.952269e-02
 9  2.360394e-02
 10  1.917941e-02
 11  1.516290e-02
 12  1.178487e-02
 13  9.907985e-03
 14  8.211369e-03
 15  6.756968e-03
 16  5.743429e-03
 17  4.934018e-03
 18  4.163910e-03
 19  3.610854e-03
 20  3.113135e-03
 21  2.709968e-03
 22  2.374258e-03
 23  2.055443e-03
 24  1.819179e-03
 25  1.611388e-03
 26  1.413167e-03
 27  1.256422e-03
 28  1.138572e-03
 29  1.060136e-03
 30  1.005513e-03
 31  9.578699e-04
 Iteration CPU time: 8 s
 CFIE residual: 0.00095787

 Iseg, Irank, Idinc : 1, 35, 37
 Thata, Phi : 90.000000, 36.000000
 Maximun iteration: 300
 Number of recycle truncation: 30
 Final matrix dimension:  36708
 Residual error:0.001000
 0  6.229375e-01
 1  3.130665e-01
 2  1.920296e-01
 3  1.216188e-01
 4  8.411839e-02
 5  6.137094e-02
 6  4.646915e-02
 7  3.531611e-02
 8  2.733721e-02
 9  2.171133e-02
 10  1.678850e-02
 11  1.361820e-02
 12  1.115619e-02
 13  9.349997e-03
 14  7.938612e-03
 15  6.822986e-03
 16  5.928739e-03
 17  5.245127e-03
 18  4.657383e-03
 19  4.256226e-03
 20  4.009646e-03
 21  3.798674e-03
 22  3.655377e-03
 23  3.533511e-03
 24  3.393036e-03
 25  3.231904e-03
 26  3.055725e-03
 27  2.815537e-03
 28  2.521314e-03
 29  2.214419e-03
 30  1.935181e-03
 31  1.661239e-03
 32  1.421701e-03
 33  1.188848e-03
 34  1.001767e-03
 35  8.281441e-04
 Iteration CPU time: 8 s
 CFIE residual: 0.000828144

 Iseg, Irank, Idinc : 1, 36, 163
 Thata, Phi : 90.000000, 162.000000
 Maximun iteration: 300
 Number of recycle truncation: 30
 Final matrix dimension:  36708
 Residual error:0.001000
 0  6.075916e-01
 1  3.057962e-01
 2  1.863996e-01
 3  1.291597e-01
 4  9.740182e-02
 5  7.835116e-02
 6  6.295052e-02
 7  5.200668e-02
 8  4.386994e-02
 9  3.832444e-02
 10  3.306544e-02
 11  2.856292e-02
 12  2.473673e-02
 13  2.147064e-02
 14  1.832600e-02
 15  1.576523e-02
 16  1.360690e-02
 17  1.145604e-02
 18  9.818158e-03
 19  8.339211e-03
 20  7.176219e-03
 21  6.163448e-03
 22  5.437045e-03
 23  4.830726e-03
 24  4.362251e-03
 25  4.009400e-03
 26  3.756189e-03
 27  3.537654e-03
 28  3.390659e-03
 29  3.238861e-03
 30  3.064805e-03
 31  2.873215e-03
 32  2.644248e-03
 33  2.405261e-03
 34  2.131186e-03
 35  1.797512e-03
 36  1.483050e-03
 37  1.177031e-03
 38  9.176780e-04
 Iteration CPU time: 8 s
 CFIE residual: 0.000917678

 Iseg, Irank, Idinc : 1, 37, 68
 Thata, Phi : 90.000000, 67.000000
 Maximun iteration: 300
 Number of recycle truncation: 30
 Final matrix dimension:  36708
 Residual error:0.001000
 0  6.462523e-01
 1  3.674240e-01
 2  2.347742e-01
 3  1.501023e-01
 4  1.064722e-01
 5  8.327694e-02
 6  6.335786e-02
 7  5.013259e-02
 8  3.995351e-02
 9  3.273382e-02
 10  2.563333e-02
 11  2.109504e-02
 12  1.728919e-02
 13  1.464503e-02
 14  1.305114e-02
 15  1.183100e-02
 16  1.099205e-02
 17  1.029577e-02
 18  9.794698e-03
 19  9.345879e-03
 20  8.997784e-03
 21  8.697234e-03
 22  8.237037e-03
 23  7.693628e-03
 24  6.899774e-03
 25  6.053070e-03
 26  5.303524e-03
 27  4.605328e-03
 28  3.901954e-03
 29  3.208772e-03
 30  2.608285e-03
 31  2.103642e-03
 32  1.744196e-03
 33  1.393672e-03
 34  1.127403e-03
 35  9.136968e-04
 Iteration CPU time: 8 s
 CFIE residual: 0.000913697

 Iseg, Irank, Idinc : 1, 38, 104
 Thata, Phi : 90.000000, 103.000000
 Maximun iteration: 300
 Number of recycle truncation: 30
 Final matrix dimension:  36708
 Residual error:0.001000
 0  6.096407e-01
 1  3.451254e-01
 2  2.137502e-01
 3  1.469516e-01
 4  1.054476e-01
 5  7.916167e-02
 6  6.069225e-02
 7  4.803461e-02
 8  3.864886e-02
 9  3.193891e-02
 10  2.603726e-02
 11  2.181253e-02
 12  1.800237e-02
 13  1.523187e-02
 14  1.322189e-02
 15  1.150523e-02
 16  1.024364e-02
 17  9.307007e-03
 18  8.424271e-03
 19  7.710279e-03
 20  7.150521e-03
 21  6.740910e-03
 22  6.504504e-03
 23  6.279300e-03
 24  6.074312e-03
 25  5.777027e-03
 26  5.438914e-03
 27  4.964809e-03
 28  4.435300e-03
 29  3.889060e-03
 30  3.316510e-03
 31  2.771096e-03
 32  2.269034e-03
 33  1.852193e-03
 34  1.502036e-03
 35  1.210811e-03
 36  9.796642e-04
 Iteration CPU time: 8 s
 CFIE residual: 0.000979664

 Iseg, Irank, Idinc : 1, 39, 13
 Thata, Phi : 90.000000, 12.000000
 Maximun iteration: 300
 Number of recycle truncation: 30
 Final matrix dimension:  36708
 Residual error:0.001000
 0  5.720178e-01
 1  2.830725e-01
 2  1.772569e-01
 3  1.232341e-01
 4  8.947313e-02
 5  6.673201e-02
 6  5.050384e-02
 7  3.955935e-02
 8  3.102825e-02
 9  2.452290e-02
 10  1.949472e-02
 11  1.527108e-02
 12  1.223714e-02
 13  1.004805e-02
 14  8.377380e-03
 15  6.814020e-03
 16  5.864602e-03
 17  5.004652e-03
 18  4.320967e-03
 19  3.742028e-03
 20  3.300964e-03
 21  2.939977e-03
 22  2.600880e-03
 23  2.334664e-03
 24  2.135949e-03
 25  1.995210e-03
 26  1.849590e-03
 27  1.731645e-03
 28  1.646920e-03
 29  1.564775e-03
 30  1.503803e-03
 31  1.447317e-03
 32  1.374198e-03
 33  1.282844e-03
 34  1.171997e-03
 35  1.048966e-03
 36  9.087424e-04
 Iteration CPU time: 8 s
 CFIE residual: 0.000908742

 Iseg, Irank, Idinc : 1, 40, 180
 Thata, Phi : 90.000000, 179.000000
 Maximun iteration: 300
 Number of recycle truncation: 30
 Final matrix dimension:  36708
 Residual error:0.001000
 0  5.897542e-01
 1  2.954713e-01
 2  1.827495e-01
 3  1.292067e-01
 4  9.896857e-02
 5  7.926245e-02
 6  6.484525e-02
 7  5.404500e-02
 8  4.515371e-02
 9  3.746648e-02
 10  3.069138e-02
 11  2.511213e-02
 12  2.059147e-02
 13  1.665045e-02
 14  1.404214e-02
 15  1.164656e-02
 16  9.662133e-03
 17  7.951131e-03
 18  6.711099e-03
 19  5.655806e-03
 20  4.828310e-03
 21  4.156383e-03
 22  3.574785e-03
 23  3.094367e-03
 24  2.764300e-03
 25  2.517060e-03
 26  2.302932e-03
 27  2.136836e-03
 28  2.000606e-03
 29  1.861622e-03
 30  1.744222e-03
 31  1.654946e-03
 32  1.561852e-03
 33  1.444293e-03
 34  1.305946e-03
 35  1.152549e-03
 36  9.808366e-04
 Iteration CPU time: 8 s
 CFIE residual: 0.000980837
 Last Built End in Sep 21 2025 00:06:12
 Total CPU time: 350 s
 Finished.
