 Last Built Begin in Sep 21 2025 00:06:12
 Pre-Type( Input ):            8
 Skl-Tol ( Input ):    1.0000000000000000E-002
 Wavelength in freespace: 0.553429

 ################################################
 ##         Generating Required Mesh          ##
 ##         Waiting.....                      ##
 ################################################
 Subd No.      Subd Name
    1    sphere1                                                           
 isub,  nnode, npatch,  nedge:
    1       604      1204      1806
 Scale Factor         >>   9.99999978E-03
 ################################################

 START TIME: 20250922   001403.362


 Informaton for IE geometry:
 number of subdomains     : 1
 maxnode,maxpatch,maxedge : 604  1204  1806
 
 Index of Mat-Reg: 1
 Mat-Reg Number via MatFlg: 1
 Edge Number of Mat-Reg: 1, 1806

 Number of Edge on PEC: 0
 Mat-Reg: No Dim(m) Lmax:
    1 0.181    1
 Totlmax, add1, add2:           1           2           3
 rlengmax of Global MLFMA >>   0.18069165589744338     
 Lmax of Global MLFMA >>            1
 Wavenum of Mat-Reg:
    1 1.000

 total area in sq m           =      0.1254
 total area in sq lambda      =      0.4093
 maxnode, maxpatch, maxedge           =      604     1204     1806
 longest  edge in lambda              =      0.0394
 shortest edge in lambda              =      0.0172
 average  edge in lambda              =      0.0281
 largest  patch area in sq lambda     =      0.0006
 smallest patch area in sq lambda     =      0.0002
 ave    surface area in sq lambda     =      0.0003
 size range of the object in sq lambda =      0.3614

 #### MLFMA Info For Each Region ####
 Mat-Region =            1
 Array dimension parameters:
 maxrule=          14   maxgrid  =          64
 lmax   =           1   ncmax    =           9
 lsmax  =           1   lsmin    =           1
 kpm    =           1   kp0      =           1
 ntlm   =           1   nsm      =           1
 nkpm   =           1   niplm    =          16
 ngnearm=          64   ngsndm   =           1
 nearm  =        1807   mfinestm =         244
 ###############################

 CFIE Alpha:  0.50000000000000000     

 Fill MLFMA NI for Mat-Reg:           1
 Begin fill sparser part of Nearfield
 Begin fill denser part of Nearfield
 End fill
 Filling Amn                 Delta_CPU=         50.55 Memory(MB)=        200.07


 Now testing preconditioner with
 ipretype =            8
 method = cfie_solve_nfpre_pardiso

  
 NBP>>Begin fill sparser part of Nearfield
 NBP>>Begin fill denser part of Nearfield

212.5000%
225.0000%
237.5000%
250.0000%
262.5000%
275.0000%
287.5000%
300.0000%
 Begin MLFMA Box-Matrix Based Prec Constructor
 --- Intel MKL PARDISO --- 
  >> Solver Initialized
  >> Proceed to ngrp_box loop
  >> Loop 0 Initialized
 Memory for iGRP: 1 0 MB
 Total Memory For NFB Pre: 0 MB
 --- PARDISO PRECONDITIONER INITIALIZED --- 
 Constructing preconditioner CPU time: 0 s
 
 108360
 Memory for Iteration:: 1.65344 MB

 Iseg, Ninc_S : 1, 181, 0

 Iseg, Skeleton Angles: 1, 6
 Iseg, Skel-Pk Mem(MB): 1, 30.95

 Iseg, Irank, Idinc : 1, 1, 80
 Thata, Phi : 90.000000, 79.000000
 Maximun iteration: 300
 Number of recycle truncation: 30
 Final matrix dimension:  3612
 Residual error:0.010000
 0  2.578025e-01
 1  1.102296e-01
 2  5.257991e-02
 3  2.688634e-02
 4  1.288150e-02
 5  6.194191e-03
 Iteration CPU time: 0 s
 CFIE residual: 0.00619419

 Iseg, Irank, Idinc : 1, 2, 1
 Thata, Phi : 90.000000, 0.000000
 Maximun iteration: 300
 Number of recycle truncation: 30
 Final matrix dimension:  3612
 Residual error:0.010000
 0  2.649658e-01
 1  1.086765e-01
 2  5.250805e-02
 3  2.621096e-02
 4  1.218750e-02
 5  5.893593e-03
 Iteration CPU time: 0 s
 CFIE residual: 0.00589359

 Iseg, Irank, Idinc : 1, 3, 152
 Thata, Phi : 90.000000, 151.000000
 Maximun iteration: 300
 Number of recycle truncation: 30
 Final matrix dimension:  3612
 Residual error:0.010000
 0  2.527552e-01
 1  1.004266e-01
 2  4.837790e-02
 3  2.342538e-02
 4  1.137639e-02
 5  5.481543e-03
 Iteration CPU time: 0 s
 CFIE residual: 0.00548154

 Iseg, Irank, Idinc : 1, 4, 181
 Thata, Phi : 90.000000, 180.000000
 Maximun iteration: 300
 Number of recycle truncation: 30
 Final matrix dimension:  3612
 Residual error:0.010000
 0  2.555530e-01
 1  1.044524e-01
 2  5.032014e-02
 3  2.394826e-02
 4  1.158564e-02
 5  5.577321e-03
 Iteration CPU time: 0 s
 CFIE residual: 0.00557732

 Iseg, Irank, Idinc : 1, 5, 36
 Thata, Phi : 90.000000, 35.000000
 Maximun iteration: 300
 Number of recycle truncation: 30
 Final matrix dimension:  3612
 Residual error:0.010000
 0  2.580603e-01
 1  1.043119e-01
 2  5.007769e-02
 3  2.522036e-02
 4  1.190980e-02
 5  5.756282e-03
 Iteration CPU time: 1 s
 CFIE residual: 0.00575628

 Iseg, Irank, Idinc : 1, 6, 116
 Thata, Phi : 90.000000, 115.000000
 Maximun iteration: 300
 Number of recycle truncation: 30
 Final matrix dimension:  3612
 Residual error:0.010000
 0  2.535494e-01
 1  1.045679e-01
 2  4.986983e-02
 3  2.506032e-02
 4  1.224924e-02
 5  5.951516e-03
 Iteration CPU time: 0 s
 CFIE residual: 0.00595152
 Last Built End in Sep 21 2025 00:06:12
 Total CPU time: 7 s
 Finished.
