 Last Built Begin in Sep 21 2025 00:06:12
 Pre-Type( Input ):           10
 Skl-Tol ( Input ):    1.0000000000000001E-005
 Wavelength in freespace: 0.0298805

 ################################################
 ##         Generating Required Mesh          ##
 ##         Waiting.....                      ##
 ################################################
 Subd No.      Subd Name
    1    Open-Duct_PRIME_model_meshAA1                                     
 isub,  nnode, npatch,  nedge:
    1      6118     12236     18354
 Scale Factor         >>   1.54999997E-02
 ################################################

 START TIME: 20250922   053358.461


 Informaton for IE geometry:
 number of subdomains     : 1
 maxnode,maxpatch,maxedge : 6118  12236  18354
 
 Index of Mat-Reg: 1
 Mat-Reg Number via MatFlg: 1
 Edge Number of Mat-Reg: 1, 18354

 Number of Edge on PEC: 18354
 Mat-Reg: No Dim(m) Lmax:
    1 0.240    5
 Totlmax, add1, add2:           5           6           7
 rlengmax of Global MLFMA >>   0.23995857518260832     
 Lmax of Global MLFMA >>            5
 Wavenum of Mat-Reg:
    1 1.000

 total area in sq m           =      0.0510
 total area in sq lambda      =     57.0872
 maxnode, maxpatch, maxedge           =     6118    12236    18354
 longest  edge in lambda              =      0.1562
 shortest edge in lambda              =      0.0074
 average  edge in lambda              =      0.1043
 largest  patch area in sq lambda     =      0.0083
 smallest patch area in sq lambda     =      0.0000
 ave    surface area in sq lambda     =      0.0047
 size range of the object in sq lambda =      7.6787

 #### MLFMA Info For Each Region ####
 Mat-Region =            1
 Array dimension parameters:
 maxrule=          14   maxgrid  =          64
 lmax   =           5   ncmax    =        1250
 lsmax  =          27   lsmin    =           7
 kpm    =        1462   kp0      =         102
 ntlm   =      217096   nsm      =      232158
 nkpm   =        2284   niplm    =      146176
 ngnearm=       14257   ngsndm   =       64634
 nearm  =         333   mfinestm =         119
 ###############################

 CFIE Alpha:  0.50000000000000000     

 Fill MLFMA FI for Mat-Reg:           1
 Begin filltl.f
 fill translation matrix
 Level:            2
 fill shifting matrix
 Level:            3
 fill shifting matrix
 Level:            4
 fill shifting matrix
 Level:            5
 fill shifting matrix
 translator time(s):  0.118000008    
 fill interpolation matrix
 ThetaOrder            8
 PhiOrder            8
 lsl            7
 Filling TL                  Delta_CPU=          0.55 Memory(MB)=        653.98
 Filling sndgrp              Delta_CPU=          0.00 Memory(MB)=        653.98
 Filling VFS                 Delta_CPU=          3.22 Memory(MB)=        653.98

 Fill MLFMA NI for Mat-Reg:           1
 Begin fill sparser part of Nearfield
 Begin fill denser part of Nearfield
 End fill
 Filling Amn                 Delta_CPU=         90.59 Memory(MB)=        653.98


 Now testing preconditioner with
 ipretype =           10
 method = cfie_solve_nfrasspspre_pardiso

  
 NBP>>Begin fill sparser part of Nearfield

116.1290% NBP>>Begin fill denser part of Nearfield

200.1041%
 Begin MLFMA Box-Matrix Based Spar-RAS Prec Constructor
 --- Intel MKL PARDISO --- 
 Memory for iGroup: 1 0 MB
 Total Memory For SparRAS Pre: 0 MB
 --- PARDISO PRECONDITIONER INITIALIZED --- 
 Constructing preconditioner CPU time: 4 s
 
 1101240
 Memory for Iteration:: 16.8036 MB

 Iseg, Ninc_S : 1, 181, 0

 Iseg, Skeleton Angles: 1, 40
 Iseg, Skel-Pk Mem(MB): 1, 314.35

 Iseg, Irank, Idinc : 1, 1, 42
 Thata, Phi : 90.000000, 41.000000
 Maximun iteration: 300
 Number of recycle truncation: 30
 Final matrix dimension:  36708
 Residual error:0.001000
 0  6.307324e-01
 1  3.153323e-01
 2  1.994160e-01
 3  1.284830e-01
 4  8.793112e-02
 5  6.479241e-02
 6  4.798349e-02
 7  3.689800e-02
 8  2.808195e-02
 9  2.097714e-02
 10  1.592767e-02
 11  1.242783e-02
 12  9.854933e-03
 13  8.011432e-03
 14  6.484744e-03
 15  5.051886e-03
 16  4.040001e-03
 17  3.317843e-03
 18  2.721960e-03
 19  2.272049e-03
 20  1.857934e-03
 21  1.532121e-03
 22  1.309909e-03
 23  1.150640e-03
 24  1.027193e-03
 25  9.426412e-04
 Iteration CPU time: 6 s
 CFIE residual: 0.000942641

 Iseg, Irank, Idinc : 1, 2, 22
 Thata, Phi : 90.000000, 21.000000
 Maximun iteration: 300
 Number of recycle truncation: 30
 Final matrix dimension:  36708
 Residual error:0.001000
 0  6.228606e-01
 1  2.933397e-01
 2  1.698141e-01
 3  1.143971e-01
 4  7.981290e-02
 5  5.929760e-02
 6  4.520040e-02
 7  3.488156e-02
 8  2.790274e-02
 9  2.235396e-02
 10  1.775121e-02
 11  1.387024e-02
 12  1.125994e-02
 13  9.029066e-03
 14  7.669674e-03
 15  6.226580e-03
 16  5.047648e-03
 17  4.168028e-03
 18  3.461986e-03
 19  2.945420e-03
 20  2.423708e-03
 21  1.954791e-03
 22  1.586861e-03
 23  1.340736e-03
 24  1.134839e-03
 25  9.791168e-04
 Iteration CPU time: 6 s
 CFIE residual: 0.000979117

 Iseg, Irank, Idinc : 1, 3, 109
 Thata, Phi : 90.000000, 108.000000
 Maximun iteration: 300
 Number of recycle truncation: 30
 Final matrix dimension:  36708
 Residual error:0.001000
 0  6.244263e-01
 1  3.529710e-01
 2  2.202642e-01
 3  1.514981e-01
 4  1.060359e-01
 5  7.997664e-02
 6  6.123517e-02
 7  4.755532e-02
 8  3.835962e-02
 9  3.024893e-02
 10  2.355865e-02
 11  1.877197e-02
 12  1.551629e-02
 13  1.261671e-02
 14  1.028309e-02
 15  8.319005e-03
 16  6.815298e-03
 17  5.588137e-03
 18  4.478456e-03
 19  3.707672e-03
 20  3.076374e-03
 21  2.467847e-03
 22  2.015384e-03
 23  1.705671e-03
 24  1.426378e-03
 25  1.241991e-03
 26  1.097150e-03
 27  1.002739e-03
 28  9.348973e-04
 Iteration CPU time: 7 s
 CFIE residual: 0.000934897

 Iseg, Irank, Idinc : 1, 4, 64
 Thata, Phi : 90.000000, 63.000000
 Maximun iteration: 300
 Number of recycle truncation: 30
 Final matrix dimension:  36708
 Residual error:0.001000
 0  6.597445e-01
 1  3.584938e-01
 2  2.236869e-01
 3  1.438260e-01
 4  1.026370e-01
 5  7.849686e-02
 6  5.893848e-02
 7  4.598133e-02
 8  3.728079e-02
 9  2.907679e-02
 10  2.251106e-02
 11  1.724372e-02
 12  1.359227e-02
 13  1.086168e-02
 14  8.686043e-03
 15  6.983682e-03
 16  5.659847e-03
 17  4.744919e-03
 18  3.903257e-03
 19  3.249546e-03
 20  2.738476e-03
 21  2.363465e-03
 22  2.031320e-03
 23  1.843984e-03
 24  1.709495e-03
 25  1.612182e-03
 26  1.522743e-03
 27  1.469296e-03
 28  1.420827e-03
 29  1.376426e-03
 30  1.331121e-03
 31  1.284199e-03
 32  1.234590e-03
 33  1.189700e-03
 34  1.128221e-03
 35  1.048520e-03
 36  9.546683e-04
 Iteration CPU time: 8 s
 CFIE residual: 0.000954668

 Iseg, Irank, Idinc : 1, 5, 147
 Thata, Phi : 90.000000, 146.000000
 Maximun iteration: 300
 Number of recycle truncation: 30
 Final matrix dimension:  36708
 Residual error:0.001000
 0  6.539054e-01
 1  3.443936e-01
 2  2.095733e-01
 3  1.413535e-01
 4  1.025975e-01
 5  7.772587e-02
 6  6.134597e-02
 7  4.765378e-02
 8  3.969073e-02
 9  3.416946e-02
 10  2.881451e-02
 11  2.434706e-02
 12  2.027675e-02
 13  1.657479e-02
 14  1.349979e-02
 15  1.090946e-02
 16  8.931427e-03
 17  7.135608e-03
 18  5.674253e-03
 19  4.743990e-03
 20  3.737169e-03
 21  3.029540e-03
 22  2.476421e-03
 23  2.041287e-03
 24  1.674464e-03
 25  1.337859e-03
 26  1.079131e-03
 27  8.950803e-04
 Iteration CPU time: 7 s
 CFIE residual: 0.00089508

 Iseg, Irank, Idinc : 1, 6, 136
 Thata, Phi : 90.000000, 135.000000
 Maximun iteration: 300
 Number of recycle truncation: 30
 Final matrix dimension:  36708
 Residual error:0.001000
 0  6.991702e-01
 1  3.540691e-01
 2  2.208973e-01
 3  1.496765e-01
 4  1.087012e-01
 5  8.168839e-02
 6  6.210944e-02
 7  4.890124e-02
 8  3.899847e-02
 9  3.155217e-02
 10  2.579741e-02
 11  2.059347e-02
 12  1.680391e-02
 13  1.368713e-02
 14  1.089723e-02
 15  8.932409e-03
 16  7.190025e-03
 17  5.776104e-03
 18  4.753451e-03
 19  3.799272e-03
 20  3.139392e-03
 21  2.572500e-03
 22  2.158084e-03
 23  1.833228e-03
 24  1.568928e-03
 25  1.373678e-03
 26  1.189561e-03
 27  1.053064e-03
 28  9.505474e-04
 Iteration CPU time: 6 s
 CFIE residual: 0.000950547

 Iseg, Irank, Idinc : 1, 7, 88
 Thata, Phi : 90.000000, 87.000000
 Maximun iteration: 300
 Number of recycle truncation: 30
 Final matrix dimension:  36708
 Residual error:0.001000
 0  6.110958e-01
 1  3.476865e-01
 2  2.227812e-01
 3  1.524935e-01
 4  1.096423e-01
 5  8.400979e-02
 6  6.447965e-02
 7  5.091560e-02
 8  4.137873e-02
 9  3.312051e-02
 10  2.592115e-02
 11  2.017756e-02
 12  1.669524e-02
 13  1.371802e-02
 14  1.111734e-02
 15  8.838760e-03
 16  7.121106e-03
 17  5.807414e-03
 18  4.782222e-03
 19  3.953318e-03
 20  3.398121e-03
 21  2.906114e-03
 22  2.556945e-03
 23  2.261217e-03
 24  2.046374e-03
 25  1.882649e-03
 26  1.755234e-03
 27  1.653905e-03
 28  1.597962e-03
 29  1.540647e-03
 30  1.495946e-03
 31  1.453181e-03
 32  1.410413e-03
 33  1.376085e-03
 34  1.324388e-03
 35  1.272690e-03
 36  1.197839e-03
 37  1.104672e-03
 38  9.946884e-04
 Iteration CPU time: 9 s
 CFIE residual: 0.000994688

 Iseg, Irank, Idinc : 1, 8, 74
 Thata, Phi : 90.000000, 73.000000
 Maximun iteration: 300
 Number of recycle truncation: 30
 Final matrix dimension:  36708
 Residual error:0.001000
 0  6.347300e-01
 1  3.626768e-01
 2  2.356192e-01
 3  1.475256e-01
 4  1.030380e-01
 5  7.860171e-02
 6  6.169082e-02
 7  4.713929e-02
 8  3.788927e-02
 9  3.016527e-02
 10  2.397853e-02
 11  1.910659e-02
 12  1.543084e-02
 13  1.241114e-02
 14  1.015100e-02
 15  8.187774e-03
 16  6.645541e-03
 17  5.552464e-03
 18  4.617483e-03
 19  3.940565e-03
 20  3.325131e-03
 21  2.836362e-03
 22  2.465722e-03
 23  2.198980e-03
 24  2.011870e-03
 25  1.886968e-03
 26  1.777210e-03
 27  1.692290e-03
 28  1.630497e-03
 29  1.587191e-03
 30  1.548066e-03
 31  1.509006e-03
 32  1.465637e-03
 33  1.413792e-03
 34  1.345277e-03
 35  1.269855e-03
 36  1.157562e-03
 37  1.020551e-03
 38  8.933080e-04
 Iteration CPU time: 9 s
 CFIE residual: 0.000893308

 Iseg, Irank, Idinc : 1, 9, 159
 Thata, Phi : 90.000000, 158.000000
 Maximun iteration: 300
 Number of recycle truncation: 30
 Final matrix dimension:  36708
 Residual error:0.001000
 0  6.148382e-01
 1  3.137100e-01
 2  1.913447e-01
 3  1.293058e-01
 4  9.840312e-02
 5  7.797671e-02
 6  6.281622e-02
 7  5.091052e-02
 8  4.327209e-02
 9  3.697462e-02
 10  3.129124e-02
 11  2.611304e-02
 12  2.241276e-02
 13  1.854655e-02
 14  1.508270e-02
 15  1.240948e-02
 16  1.014667e-02
 17  8.289436e-03
 18  6.893985e-03
 19  5.410892e-03
 20  4.419815e-03
 21  3.568007e-03
 22  2.955403e-03
 23  2.378484e-03
 24  1.945943e-03
 25  1.558289e-03
 26  1.295897e-03
 27  1.058131e-03
 28  9.020330e-04
 Iteration CPU time: 6 s
 CFIE residual: 0.000902033

 Iseg, Irank, Idinc : 1, 10, 123
 Thata, Phi : 90.000000, 122.000000
 Maximun iteration: 300
 Number of recycle truncation: 30
 Final matrix dimension:  36708
 Residual error:0.001000
 0  6.520266e-01
 1  3.412784e-01
 2  2.225028e-01
 3  1.559292e-01
 4  1.113793e-01
 5  8.258308e-02
 6  6.490119e-02
 7  5.049795e-02
 8  3.917935e-02
 9  3.096524e-02
 10  2.470255e-02
 11  1.955969e-02
 12  1.541569e-02
 13  1.221481e-02
 14  1.001261e-02
 15  8.253114e-03
 16  6.962447e-03
 17  5.776840e-03
 18  4.618331e-03
 19  3.976151e-03
 20  3.325745e-03
 21  2.787078e-03
 22  2.360450e-03
 23  2.083315e-03
 24  1.801706e-03
 25  1.583658e-03
 26  1.390816e-03
 27  1.267346e-03
 28  1.169882e-03
 29  1.090834e-03
 30  1.036201e-03
 31  9.871310e-04
 Iteration CPU time: 8 s
 CFIE residual: 0.000987131

 Iseg, Irank, Idinc : 1, 11, 53
 Thata, Phi : 90.000000, 52.000000
 Maximun iteration: 300
 Number of recycle truncation: 30
 Final matrix dimension:  36708
 Residual error:0.001000
 0  6.518284e-01
 1  3.411812e-01
 2  2.093238e-01
 3  1.348243e-01
 4  9.630064e-02
 5  7.216874e-02
 6  5.511404e-02
 7  4.294818e-02
 8  3.277668e-02
 9  2.467934e-02
 10  1.899118e-02
 11  1.456158e-02
 12  1.141064e-02
 13  9.028696e-03
 14  7.453663e-03
 15  6.040399e-03
 16  4.828387e-03
 17  3.816772e-03
 18  3.065067e-03
 19  2.491828e-03
 20  2.092142e-03
 21  1.774605e-03
 22  1.548726e-03
 23  1.391762e-03
 24  1.298286e-03
 25  1.221239e-03
 26  1.159016e-03
 27  1.104545e-03
 28  1.063278e-03
 29  1.033698e-03
 30  1.009734e-03
 31  9.808661e-04
 Iteration CPU time: 7 s
 CFIE residual: 0.000980866

 Iseg, Irank, Idinc : 1, 12, 32
 Thata, Phi : 90.000000, 31.000000
 Maximun iteration: 300
 Number of recycle truncation: 30
 Final matrix dimension:  36708
 Residual error:0.001000
 0  6.334074e-01
 1  3.065100e-01
 2  1.810488e-01
 3  1.136223e-01
 4  7.993426e-02
 5  5.883811e-02
 6  4.287761e-02
 7  3.243569e-02
 8  2.563456e-02
 9  2.018416e-02
 10  1.610429e-02
 11  1.300352e-02
 12  1.051280e-02
 13  8.321774e-03
 14  6.860952e-03
 15  5.441061e-03
 16  4.461721e-03
 17  3.619173e-03
 18  3.012712e-03
 19  2.556058e-03
 20  2.123694e-03
 21  1.726788e-03
 22  1.441902e-03
 23  1.221432e-03
 24  1.052028e-03
 25  9.061819e-04
 Iteration CPU time: 6 s
 CFIE residual: 0.000906182

 Iseg, Irank, Idinc : 1, 13, 10
 Thata, Phi : 90.000000, 9.000000
 Maximun iteration: 300
 Number of recycle truncation: 30
 Final matrix dimension:  36708
 Residual error:0.001000
 0  5.449926e-01
 1  2.766740e-01
 2  1.752754e-01
 3  1.238017e-01
 4  8.922262e-02
 5  6.655109e-02
 6  5.137919e-02
 7  3.975051e-02
 8  3.117616e-02
 9  2.433032e-02
 10  1.871249e-02
 11  1.487605e-02
 12  1.201674e-02
 13  9.858956e-03
 14  7.844216e-03
 15  6.163331e-03
 16  5.017879e-03
 17  4.236612e-03
 18  3.535511e-03
 19  3.036171e-03
 20  2.561884e-03
 21  2.153177e-03
 22  1.792178e-03
 23  1.530238e-03
 24  1.301423e-03
 25  1.116461e-03
 26  9.668154e-04
 Iteration CPU time: 6 s
 CFIE residual: 0.000966815

 Iseg, Irank, Idinc : 1, 14, 178
 Thata, Phi : 90.000000, 177.000000
 Maximun iteration: 300
 Number of recycle truncation: 30
 Final matrix dimension:  36708
 Residual error:0.001000
 0  5.735212e-01
 1  2.987776e-01
 2  1.885448e-01
 3  1.325828e-01
 4  1.030979e-01
 5  8.025803e-02
 6  6.428089e-02
 7  5.456818e-02
 8  4.483821e-02
 9  3.552456e-02
 10  2.819735e-02
 11  2.300026e-02
 12  1.876242e-02
 13  1.548624e-02
 14  1.243887e-02
 15  9.801966e-03
 16  7.882601e-03
 17  6.342193e-03
 18  5.156825e-03
 19  4.202201e-03
 20  3.468528e-03
 21  2.861553e-03
 22  2.356454e-03
 23  1.964327e-03
 24  1.661980e-03
 25  1.379395e-03
 26  1.112852e-03
 27  9.042406e-04
 Iteration CPU time: 7 s
 CFIE residual: 0.000904241

 Iseg, Irank, Idinc : 1, 15, 97
 Thata, Phi : 90.000000, 96.000000
 Maximun iteration: 300
 Number of recycle truncation: 30
 Final matrix dimension:  36708
 Residual error:0.001000
 0  6.085163e-01
 1  3.460002e-01
 2  2.179337e-01
 3  1.455171e-01
 4  1.042728e-01
 5  7.918217e-02
 6  6.119752e-02
 7  4.903550e-02
 8  3.863342e-02
 9  3.041530e-02
 10  2.477132e-02
 11  2.008249e-02
 12  1.642829e-02
 13  1.347994e-02
 14  1.081489e-02
 15  8.897496e-03
 16  7.352507e-03
 17  6.132968e-03
 18  5.000858e-03
 19  4.070344e-03
 20  3.352609e-03
 21  2.765490e-03
 22  2.349172e-03
 23  2.001375e-03
 24  1.789787e-03
 25  1.609892e-03
 26  1.484900e-03
 27  1.400447e-03
 28  1.338412e-03
 29  1.291386e-03
 30  1.245718e-03
 31  1.208162e-03
 32  1.179028e-03
 33  1.139362e-03
 34  1.103020e-03
 35  1.053455e-03
 36  1.006543e-03
 37  9.410290e-04
 Iteration CPU time: 8 s
 CFIE residual: 0.000941029

 Iseg, Irank, Idinc : 1, 16, 81
 Thata, Phi : 90.000000, 80.000000
 Maximun iteration: 300
 Number of recycle truncation: 30
 Final matrix dimension:  36708
 Residual error:0.001000
 0  6.164092e-01
 1  3.521547e-01
 2  2.269472e-01
 3  1.489895e-01
 4  1.081488e-01
 5  8.254770e-02
 6  6.351961e-02
 7  4.997518e-02
 8  4.019857e-02
 9  3.219903e-02
 10  2.486604e-02
 11  1.906484e-02
 12  1.548463e-02
 13  1.266710e-02
 14  1.040006e-02
 15  8.456815e-03
 16  6.989400e-03
 17  5.733821e-03
 18  4.703417e-03
 19  3.913561e-03
 20  3.310619e-03
 21  2.844400e-03
 22  2.497725e-03
 23  2.258292e-03
 24  2.065234e-03
 25  1.923070e-03
 26  1.793403e-03
 27  1.705358e-03
 28  1.644326e-03
 29  1.594092e-03
 30  1.550794e-03
 31  1.507371e-03
 32  1.469256e-03
 33  1.422536e-03
 34  1.369181e-03
 35  1.302490e-03
 36  1.224839e-03
 37  1.129867e-03
 38  1.024260e-03
 39  9.005063e-04
 Iteration CPU time: 9 s
 CFIE residual: 0.000900506

 Iseg, Irank, Idinc : 1, 17, 116
 Thata, Phi : 90.000000, 115.000000
 Maximun iteration: 300
 Number of recycle truncation: 30
 Final matrix dimension:  36708
 Residual error:0.001000
 0  6.444564e-01
 1  3.479141e-01
 2  2.176574e-01
 3  1.522252e-01
 4  1.087442e-01
 5  7.959528e-02
 6  6.118012e-02
 7  4.767838e-02
 8  3.826566e-02
 9  2.979403e-02
 10  2.346790e-02
 11  1.845329e-02
 12  1.476717e-02
 13  1.215108e-02
 14  9.748399e-03
 15  7.959380e-03
 16  6.601891e-03
 17  5.387591e-03
 18  4.353743e-03
 19  3.734930e-03
 20  3.079037e-03
 21  2.548840e-03
 22  2.139439e-03
 23  1.828521e-03
 24  1.537871e-03
 25  1.329909e-03
 26  1.184095e-03
 27  1.074204e-03
 28  9.949154e-04
 Iteration CPU time: 7 s
 CFIE residual: 0.000994915

 Iseg, Irank, Idinc : 1, 18, 1
 Thata, Phi : 90.000000, 0.000000
 Maximun iteration: 300
 Number of recycle truncation: 30
 Final matrix dimension:  36708
 Residual error:0.001000
 0  5.152260e-01
 1  2.702719e-01
 2  1.754495e-01
 3  1.218309e-01
 4  8.634191e-02
 5  6.569266e-02
 6  5.147488e-02
 7  3.837913e-02
 8  2.913423e-02
 9  2.323390e-02
 10  1.801472e-02
 11  1.474945e-02
 12  1.143603e-02
 13  9.041333e-03
 14  7.210627e-03
 15  5.769312e-03
 16  4.710162e-03
 17  3.906523e-03
 18  3.255757e-03
 19  2.784061e-03
 20  2.373218e-03
 21  2.019446e-03
 22  1.708310e-03
 23  1.399820e-03
 24  1.111450e-03
 25  8.968812e-04
 Iteration CPU time: 6 s
 CFIE residual: 0.000896881

 Iseg, Irank, Idinc : 1, 19, 167
 Thata, Phi : 90.000000, 166.000000
 Maximun iteration: 300
 Number of recycle truncation: 30
 Final matrix dimension:  36708
 Residual error:0.001000
 0  5.868240e-01
 1  3.011943e-01
 2  1.872410e-01
 3  1.314197e-01
 4  1.025750e-01
 5  8.078097e-02
 6  6.617824e-02
 7  5.452437e-02
 8  4.536696e-02
 9  3.807138e-02
 10  3.234148e-02
 11  2.730348e-02
 12  2.313749e-02
 13  1.918280e-02
 14  1.609161e-02
 15  1.317004e-02
 16  1.076493e-02
 17  8.766124e-03
 18  7.139058e-03
 19  5.791647e-03
 20  4.683745e-03
 21  3.744780e-03
 22  3.088829e-03
 23  2.528219e-03
 24  2.048829e-03
 25  1.637248e-03
 26  1.328503e-03
 27  1.056237e-03
 28  8.703392e-04
 Iteration CPU time: 7 s
 CFIE residual: 0.000870339

 Iseg, Irank, Idinc : 1, 20, 103
 Thata, Phi : 90.000000, 102.000000
 Maximun iteration: 300
 Number of recycle truncation: 30
 Final matrix dimension:  36708
 Residual error:0.001000
 0  6.111170e-01
 1  3.478161e-01
 2  2.175481e-01
 3  1.483982e-01
 4  1.042667e-01
 5  7.848651e-02
 6  6.011751e-02
 7  4.722876e-02
 8  3.775903e-02
 9  3.067031e-02
 10  2.481541e-02
 11  1.996869e-02
 12  1.622173e-02
 13  1.332590e-02
 14  1.080213e-02
 15  8.724708e-03
 16  7.159055e-03
 17  5.895254e-03
 18  4.761564e-03
 19  3.907910e-03
 20  3.259263e-03
 21  2.653468e-03
 22  2.225407e-03
 23  1.877547e-03
 24  1.623066e-03
 25  1.441672e-03
 26  1.294989e-03
 27  1.201462e-03
 28  1.137981e-03
 29  1.086762e-03
 30  1.044846e-03
 31  1.007313e-03
 32  9.814993e-04
 Iteration CPU time: 7 s
 CFIE residual: 0.000981499

 Iseg, Irank, Idinc : 1, 21, 153
 Thata, Phi : 90.000000, 152.000000
 Maximun iteration: 300
 Number of recycle truncation: 30
 Final matrix dimension:  36708
 Residual error:0.001000
 0  6.337431e-01
 1  3.287001e-01
 2  2.019228e-01
 3  1.342489e-01
 4  9.972362e-02
 5  7.759791e-02
 6  6.127982e-02
 7  4.865277e-02
 8  4.086506e-02
 9  3.489291e-02
 10  2.957587e-02
 11  2.438419e-02
 12  2.074713e-02
 13  1.718787e-02
 14  1.393392e-02
 15  1.130255e-02
 16  9.246838e-03
 17  7.547780e-03
 18  6.251019e-03
 19  4.971542e-03
 20  4.034166e-03
 21  3.268339e-03
 22  2.698067e-03
 23  2.207910e-03
 24  1.815163e-03
 25  1.440058e-03
 26  1.207591e-03
 27  9.904244e-04
 Iteration CPU time: 6 s
 CFIE residual: 0.000990424

 Iseg, Irank, Idinc : 1, 22, 16
 Thata, Phi : 90.000000, 15.000000
 Maximun iteration: 300
 Number of recycle truncation: 30
 Final matrix dimension:  36708
 Residual error:0.001000
 0  5.842942e-01
 1  2.846237e-01
 2  1.738062e-01
 3  1.206202e-01
 4  8.547199e-02
 5  6.385215e-02
 6  5.029052e-02
 7  3.866459e-02
 8  3.025486e-02
 9  2.422291e-02
 10  1.933757e-02
 11  1.512558e-02
 12  1.180456e-02
 13  9.458218e-03
 14  7.836607e-03
 15  6.313642e-03
 16  5.159156e-03
 17  4.277992e-03
 18  3.569039e-03
 19  3.029201e-03
 20  2.496713e-03
 21  2.033042e-03
 22  1.675192e-03
 23  1.426986e-03
 24  1.211657e-03
 25  1.048593e-03
 26  9.077277e-04
 Iteration CPU time: 7 s
 CFIE residual: 0.000907728

 Iseg, Irank, Idinc : 1, 23, 173
 Thata, Phi : 90.000000, 172.000000
 Maximun iteration: 300
 Number of recycle truncation: 30
 Final matrix dimension:  36708
 Residual error:0.001000
 0  5.768086e-01
 1  2.989552e-01
 2  1.888377e-01
 3  1.333084e-01
 4  1.043383e-01
 5  8.194877e-02
 6  6.599253e-02
 7  5.580561e-02
 8  4.615491e-02
 9  3.759917e-02
 10  3.087808e-02
 11  2.612918e-02
 12  2.160117e-02
 13  1.828516e-02
 14  1.492199e-02
 15  1.237454e-02
 16  1.015418e-02
 17  8.110315e-03
 18  6.567063e-03
 19  5.253337e-03
 20  4.244045e-03
 21  3.455482e-03
 22  2.879763e-03
 23  2.423712e-03
 24  2.005363e-03
 25  1.616403e-03
 26  1.322886e-03
 27  1.063945e-03
 28  8.736662e-04
 Iteration CPU time: 6 s
 CFIE residual: 0.000873666

 Iseg, Irank, Idinc : 1, 24, 59
 Thata, Phi : 90.000000, 58.000000
 Maximun iteration: 300
 Number of recycle truncation: 30
 Final matrix dimension:  36708
 Residual error:0.001000
 0  6.613311e-01
 1  3.474161e-01
 2  2.143746e-01
 3  1.347610e-01
 4  9.609688e-02
 5  7.211236e-02
 6  5.497084e-02
 7  4.265263e-02
 8  3.385493e-02
 9  2.608648e-02
 10  1.992682e-02
 11  1.539041e-02
 12  1.206990e-02
 13  9.322995e-03
 14  7.501243e-03
 15  5.924708e-03
 16  4.856208e-03
 17  3.946675e-03
 18  3.226035e-03
 19  2.724880e-03
 20  2.358998e-03
 21  2.050052e-03
 22  1.785864e-03
 23  1.608110e-03
 24  1.484506e-03
 25  1.398996e-03
 26  1.321176e-03
 27  1.269638e-03
 28  1.230410e-03
 29  1.195078e-03
 30  1.159510e-03
 31  1.119510e-03
 32  1.072733e-03
 33  1.038625e-03
 34  9.894262e-04
 Iteration CPU time: 8 s
 CFIE residual: 0.000989426

 Iseg, Irank, Idinc : 1, 25, 130
 Thata, Phi : 90.000000, 129.000000
 Maximun iteration: 300
 Number of recycle truncation: 30
 Final matrix dimension:  36708
 Residual error:0.001000
 0  6.745430e-01
 1  3.526092e-01
 2  2.261949e-01
 3  1.544650e-01
 4  1.109893e-01
 5  8.355022e-02
 6  6.406133e-02
 7  5.008603e-02
 8  3.934773e-02
 9  3.178739e-02
 10  2.535316e-02
 11  1.974607e-02
 12  1.543047e-02
 13  1.261264e-02
 14  1.041405e-02
 15  8.404514e-03
 16  6.678180e-03
 17  5.368139e-03
 18  4.450322e-03
 19  3.701454e-03
 20  3.054305e-03
 21  2.540940e-03
 22  2.159857e-03
 23  1.863107e-03
 24  1.635782e-03
 25  1.465307e-03
 26  1.286039e-03
 27  1.164427e-03
 28  1.076005e-03
 29  1.009329e-03
 30  9.536272e-04
 Iteration CPU time: 7 s
 CFIE residual: 0.000953627

 Iseg, Irank, Idinc : 1, 26, 5
 Thata, Phi : 90.000000, 4.000000
 Maximun iteration: 300
 Number of recycle truncation: 30
 Final matrix dimension:  36708
 Residual error:0.001000
 0  5.217743e-01
 1  2.717614e-01
 2  1.752841e-01
 3  1.224239e-01
 4  8.748292e-02
 5  6.611940e-02
 6  5.101002e-02
 7  3.821754e-02
 8  2.920153e-02
 9  2.355075e-02
 10  1.863609e-02
 11  1.494329e-02
 12  1.176608e-02
 13  9.604314e-03
 14  7.727104e-03
 15  6.173945e-03
 16  5.040298e-03
 17  4.207179e-03
 18  3.504570e-03
 19  3.016468e-03
 20  2.579559e-03
 21  2.212461e-03
 22  1.846314e-03
 23  1.550974e-03
 24  1.297989e-03
 25  1.084939e-03
 26  9.062806e-04
 Iteration CPU time: 6 s
 CFIE residual: 0.000906281

 Iseg, Irank, Idinc : 1, 27, 181
 Thata, Phi : 90.000000, 180.000000
 Maximun iteration: 300
 Number of recycle truncation: 30
 Final matrix dimension:  36708
 Residual error:0.001000
 0  5.729235e-01
 1  2.987524e-01
 2  1.884043e-01
 3  1.323030e-01
 4  1.025978e-01
 5  7.942142e-02
 6  6.357750e-02
 7  5.395625e-02
 8  4.423874e-02
 9  3.495791e-02
 10  2.748913e-02
 11  2.162494e-02
 12  1.794468e-02
 13  1.405828e-02
 14  1.140494e-02
 15  8.733651e-03
 16  6.710251e-03
 17  5.449905e-03
 18  4.458367e-03
 19  3.613184e-03
 20  2.985320e-03
 21  2.462580e-03
 22  2.029803e-03
 23  1.660110e-03
 24  1.384336e-03
 25  1.123034e-03
 26  9.090020e-04
 Iteration CPU time: 7 s
 CFIE residual: 0.000909002

 Iseg, Irank, Idinc : 1, 28, 37
 Thata, Phi : 90.000000, 36.000000
 Maximun iteration: 300
 Number of recycle truncation: 30
 Final matrix dimension:  36708
 Residual error:0.001000
 0  6.241589e-01
 1  3.121586e-01
 2  1.920496e-01
 3  1.214244e-01
 4  8.325324e-02
 5  6.125472e-02
 6  4.447136e-02
 7  3.399312e-02
 8  2.635327e-02
 9  2.030387e-02
 10  1.579319e-02
 11  1.257936e-02
 12  1.013983e-02
 13  8.150911e-03
 14  6.628905e-03
 15  5.124186e-03
 16  4.190022e-03
 17  3.407214e-03
 18  2.799561e-03
 19  2.336992e-03
 20  1.937578e-03
 21  1.593369e-03
 22  1.343818e-03
 23  1.156172e-03
 24  1.011501e-03
 25  8.948090e-04
 Iteration CPU time: 6 s
 CFIE residual: 0.000894809

 Iseg, Irank, Idinc : 1, 29, 69
 Thata, Phi : 90.000000, 68.000000
 Maximun iteration: 300
 Number of recycle truncation: 30
 Final matrix dimension:  36708
 Residual error:0.001000
 0  6.500458e-01
 1  3.658650e-01
 2  2.335175e-01
 3  1.494668e-01
 4  1.065614e-01
 5  8.164787e-02
 6  6.174582e-02
 7  4.859486e-02
 8  3.985366e-02
 9  3.110832e-02
 10  2.431814e-02
 11  1.881631e-02
 12  1.507073e-02
 13  1.213396e-02
 14  9.817761e-03
 15  7.868357e-03
 16  6.318825e-03
 17  5.339699e-03
 18  4.410851e-03
 19  3.701560e-03
 20  3.094533e-03
 21  2.656366e-03
 22  2.297527e-03
 23  2.079030e-03
 24  1.911006e-03
 25  1.804473e-03
 26  1.709670e-03
 27  1.637984e-03
 28  1.578000e-03
 29  1.530268e-03
 30  1.486648e-03
 31  1.447185e-03
 32  1.398095e-03
 33  1.347443e-03
 34  1.279046e-03
 35  1.190915e-03
 36  1.095019e-03
 37  9.897052e-04
 Iteration CPU time: 8 s
 CFIE residual: 0.000989705

 Iseg, Irank, Idinc : 1, 30, 142
 Thata, Phi : 90.000000, 141.000000
 Maximun iteration: 300
 Number of recycle truncation: 30
 Final matrix dimension:  36708
 Residual error:0.001000
 0  6.828371e-01
 1  3.497343e-01
 2  2.118287e-01
 3  1.443453e-01
 4  1.056842e-01
 5  7.902401e-02
 6  6.131228e-02
 7  4.807293e-02
 8  3.947906e-02
 9  3.346155e-02
 10  2.766091e-02
 11  2.306840e-02
 12  1.950682e-02
 13  1.586394e-02
 14  1.288493e-02
 15  1.034724e-02
 16  8.315671e-03
 17  6.800820e-03
 18  5.541802e-03
 19  4.371654e-03
 20  3.463145e-03
 21  2.757307e-03
 22  2.272802e-03
 23  1.897264e-03
 24  1.572474e-03
 25  1.308898e-03
 26  1.080140e-03
 27  9.224215e-04
 Iteration CPU time: 7 s
 CFIE residual: 0.000922422

 Iseg, Irank, Idinc : 1, 31, 27
 Thata, Phi : 90.000000, 26.000000
 Maximun iteration: 300
 Number of recycle truncation: 30
 Final matrix dimension:  36708
 Residual error:0.001000
 0  6.390433e-01
 1  2.997700e-01
 2  1.714326e-01
 3  1.110648e-01
 4  7.740722e-02
 5  5.709546e-02
 6  4.218125e-02
 7  3.182229e-02
 8  2.563040e-02
 9  2.080281e-02
 10  1.682556e-02
 11  1.346009e-02
 12  1.103143e-02
 13  8.967720e-03
 14  7.393895e-03
 15  5.993206e-03
 16  4.876241e-03
 17  3.996177e-03
 18  3.371145e-03
 19  2.862573e-03
 20  2.350128e-03
 21  1.889826e-03
 22  1.542341e-03
 23  1.292837e-03
 24  1.101619e-03
 25  9.383382e-04
 Iteration CPU time: 6 s
 CFIE residual: 0.000938338

 Iseg, Irank, Idinc : 1, 32, 92
 Thata, Phi : 90.000000, 91.000000
 Maximun iteration: 300
 Number of recycle truncation: 30
 Final matrix dimension:  36708
 Residual error:0.001000
 0  6.084029e-01
 1  3.477132e-01
 2  2.209576e-01
 3  1.493008e-01
 4  1.062397e-01
 5  8.217628e-02
 6  6.371702e-02
 7  5.031810e-02
 8  4.076399e-02
 9  3.260736e-02
 10  2.582942e-02
 11  2.026375e-02
 12  1.692999e-02
 13  1.407225e-02
 14  1.157819e-02
 15  9.278160e-03
 16  7.490816e-03
 17  6.055643e-03
 18  4.978943e-03
 19  4.078112e-03
 20  3.444284e-03
 21  2.920552e-03
 22  2.528035e-03
 23  2.201278e-03
 24  1.995771e-03
 25  1.807824e-03
 26  1.669862e-03
 27  1.576653e-03
 28  1.516719e-03
 29  1.467262e-03
 30  1.417661e-03
 31  1.374899e-03
 32  1.340147e-03
 33  1.300798e-03
 34  1.264635e-03
 35  1.217325e-03
 36  1.147982e-03
 37  1.073284e-03
 38  9.752714e-04
 Iteration CPU time: 8 s
 CFIE residual: 0.000975271

 Iseg, Irank, Idinc : 1, 33, 163
 Thata, Phi : 90.000000, 162.000000
 Maximun iteration: 300
 Number of recycle truncation: 30
 Final matrix dimension:  36708
 Residual error:0.001000
 0  5.995261e-01
 1  3.060836e-01
 2  1.871717e-01
 3  1.293073e-01
 4  9.985748e-02
 5  7.926350e-02
 6  6.490557e-02
 7  5.253642e-02
 8  4.422690e-02
 9  3.797094e-02
 10  3.244513e-02
 11  2.717922e-02
 12  2.305137e-02
 13  1.908757e-02
 14  1.608529e-02
 15  1.312506e-02
 16  1.070730e-02
 17  8.696989e-03
 18  7.110459e-03
 19  5.712144e-03
 20  4.607301e-03
 21  3.699290e-03
 22  3.019861e-03
 23  2.441422e-03
 24  2.010937e-03
 25  1.609503e-03
 26  1.317928e-03
 27  1.060648e-03
 28  8.915837e-04
 Iteration CPU time: 7 s
 CFIE residual: 0.000891584

 Iseg, Irank, Idinc : 1, 34, 3
 Thata, Phi : 90.000000, 2.000000
 Maximun iteration: 300
 Number of recycle truncation: 30
 Final matrix dimension:  36708
 Residual error:0.001000
 0  5.169079e-01
 1  2.706633e-01
 2  1.754020e-01
 3  1.219836e-01
 4  8.665993e-02
 5  6.583078e-02
 6  5.132315e-02
 7  3.828846e-02
 8  2.906203e-02
 9  2.332368e-02
 10  1.830619e-02
 11  1.487113e-02
 12  1.161365e-02
 13  9.339155e-03
 14  7.470297e-03
 15  6.017983e-03
 16  4.959241e-03
 17  4.129471e-03
 18  3.442825e-03
 19  2.949659e-03
 20  2.537084e-03
 21  2.180818e-03
 22  1.830587e-03
 23  1.530669e-03
 24  1.269672e-03
 25  1.049164e-03
 26  8.614115e-04
 Iteration CPU time: 6 s
 CFIE residual: 0.000861412

 Iseg, Irank, Idinc : 1, 35, 48
 Thata, Phi : 90.000000, 47.000000
 Maximun iteration: 300
 Number of recycle truncation: 30
 Final matrix dimension:  36708
 Residual error:0.001000
 0  6.402009e-01
 1  3.297349e-01
 2  2.045267e-01
 3  1.340191e-01
 4  9.549880e-02
 5  7.258109e-02
 6  5.425686e-02
 7  4.161434e-02
 8  3.198725e-02
 9  2.430433e-02
 10  1.839806e-02
 11  1.405447e-02
 12  1.095130e-02
 13  8.749787e-03
 14  7.238656e-03
 15  5.815540e-03
 16  4.559114e-03
 17  3.700011e-03
 18  2.962528e-03
 19  2.402437e-03
 20  1.985269e-03
 21  1.675577e-03
 22  1.449724e-03
 23  1.288692e-03
 24  1.186090e-03
 25  1.109464e-03
 26  1.049634e-03
 27  9.954560e-04
 Iteration CPU time: 7 s
 CFIE residual: 0.000995456

 Iseg, Irank, Idinc : 1, 36, 180
 Thata, Phi : 90.000000, 179.000000
 Maximun iteration: 300
 Number of recycle truncation: 30
 Final matrix dimension:  36708
 Residual error:0.001000
 0  5.730016e-01
 1  2.987580e-01
 2  1.884221e-01
 3  1.323400e-01
 4  1.026665e-01
 5  7.954203e-02
 6  6.368457e-02
 7  5.405895e-02
 8  4.434088e-02
 9  3.503387e-02
 10  2.758619e-02
 11  2.185778e-02
 12  1.806967e-02
 13  1.442214e-02
 14  1.166672e-02
 15  8.974332e-03
 16  6.990544e-03
 17  5.597117e-03
 18  4.561612e-03
 19  3.668169e-03
 20  3.052167e-03
 21  2.531110e-03
 22  2.082553e-03
 23  1.704610e-03
 24  1.427441e-03
 25  1.196053e-03
 26  9.615278e-04
 Iteration CPU time: 6 s
 CFIE residual: 0.000961528

 Iseg, Irank, Idinc : 1, 37, 120
 Thata, Phi : 90.000000, 119.000000
 Maximun iteration: 300
 Number of recycle truncation: 30
 Final matrix dimension:  36708
 Residual error:0.001000
 0  6.481606e-01
 1  3.434452e-01
 2  2.194208e-01
 3  1.534086e-01
 4  1.092403e-01
 5  8.084619e-02
 6  6.355122e-02
 7  4.933077e-02
 8  3.874973e-02
 9  3.032257e-02
 10  2.437386e-02
 11  1.930760e-02
 12  1.528164e-02
 13  1.227177e-02
 14  1.009469e-02
 15  8.166580e-03
 16  6.840253e-03
 17  5.620187e-03
 18  4.541213e-03
 19  3.872646e-03
 20  3.201723e-03
 21  2.667200e-03
 22  2.238995e-03
 23  1.967271e-03
 24  1.672788e-03
 25  1.469259e-03
 26  1.291654e-03
 27  1.180576e-03
 28  1.090162e-03
 29  1.020167e-03
 30  9.738602e-04
 Iteration CPU time: 7 s
 CFIE residual: 0.00097386

 Iseg, Irank, Idinc : 1, 38, 13
 Thata, Phi : 90.000000, 12.000000
 Maximun iteration: 300
 Number of recycle truncation: 30
 Final matrix dimension:  36708
 Residual error:0.001000
 0  5.637697e-01
 1  2.804440e-01
 2  1.750100e-01
 3  1.230526e-01
 4  8.820951e-02
 5  6.574436e-02
 6  5.140624e-02
 7  3.954799e-02
 8  3.099623e-02
 9  2.456343e-02
 10  1.918744e-02
 11  1.502376e-02
 12  1.180099e-02
 13  9.602740e-03
 14  7.859836e-03
 15  6.286359e-03
 16  5.091990e-03
 17  4.240389e-03
 18  3.559879e-03
 19  3.043920e-03
 20  2.532402e-03
 21  2.090594e-03
 22  1.733628e-03
 23  1.482011e-03
 24  1.260112e-03
 25  1.089691e-03
 26  9.444416e-04
 Iteration CPU time: 6 s
 CFIE residual: 0.000944442

 Iseg, Irank, Idinc : 1, 39, 170
 Thata, Phi : 90.000000, 169.000000
 Maximun iteration: 300
 Number of recycle truncation: 30
 Final matrix dimension:  36708
 Residual error:0.001000
 0  5.806098e-01
 1  2.995326e-01
 2  1.883013e-01
 3  1.328551e-01
 4  1.040410e-01
 5  8.181363e-02
 6  6.643809e-02
 7  5.569279e-02
 8  4.625159e-02
 9  3.835102e-02
 10  3.194086e-02
 11  2.701054e-02
 12  2.281440e-02
 13  1.919026e-02
 14  1.575864e-02
 15  1.294681e-02
 16  1.073675e-02
 17  8.603848e-03
 18  6.949615e-03
 19  5.614095e-03
 20  4.520573e-03
 21  3.659136e-03
 22  3.044876e-03
 23  2.529325e-03
 24  2.062922e-03
 25  1.648489e-03
 26  1.343267e-03
 27  1.070716e-03
 28  8.775969e-04
 Iteration CPU time: 7 s
 CFIE residual: 0.000877597

 Iseg, Irank, Idinc : 1, 40, 78
 Thata, Phi : 90.000000, 77.000000
 Maximun iteration: 300
 Number of recycle truncation: 30
 Final matrix dimension:  36708
 Residual error:0.001000
 0  6.223452e-01
 1  3.566523e-01
 2  2.311805e-01
 3  1.472792e-01
 4  1.049527e-01
 5  7.939456e-02
 6  6.200851e-02
 7  4.842280e-02
 8  3.789881e-02
 9  3.103936e-02
 10  2.441431e-02
 11  1.889597e-02
 12  1.517838e-02
 13  1.252150e-02
 14  1.032397e-02
 15  8.464612e-03
 16  7.007449e-03
 17  5.667491e-03
 18  4.709223e-03
 19  4.016790e-03
 20  3.381133e-03
 21  2.902690e-03
 22  2.539509e-03
 23  2.251725e-03
 24  2.058633e-03
 25  1.924231e-03
 26  1.795929e-03
 27  1.709088e-03
 28  1.643698e-03
 29  1.596555e-03
 30  1.556485e-03
 31  1.516469e-03
 32  1.480550e-03
 33  1.432422e-03
 34  1.376033e-03
 35  1.304052e-03
 36  1.202592e-03
 37  1.100598e-03
 38  9.816378e-04
 Iteration CPU time: 8 s
 CFIE residual: 0.000981638
 Last Built End in Sep 21 2025 00:06:12
 Total CPU time: 295 s
 Finished.
