 Last Built Begin in Sep 21 2025 00:06:12
 Pre-Type( Input ):           10
 Skl-Tol ( Input ):    1.0000000000000001E-005
 Wavelength in freespace: 0.0291829

 ################################################
 ##         Generating Required Mesh          ##
 ##         Waiting.....                      ##
 ################################################
 Subd No.      Subd Name
    1    Open-Duct_PRIME_model_meshAA1                                     
 isub,  nnode, npatch,  nedge:
    1      6118     12236     18354
 Scale Factor         >>   1.54999997E-02
 ################################################

 START TIME: 20250922   073137.404


 Informaton for IE geometry:
 number of subdomains     : 1
 maxnode,maxpatch,maxedge : 6118  12236  18354
 
 Index of Mat-Reg: 1
 Mat-Reg Number via MatFlg: 1
 Edge Number of Mat-Reg: 1, 18354

 Number of Edge on PEC: 18354
 Mat-Reg: No Dim(m) Lmax:
    1 0.246    5
 Totlmax, add1, add2:           5           6           7
 rlengmax of Global MLFMA >>   0.24569463674075831     
 Lmax of Global MLFMA >>            5
 Wavenum of Mat-Reg:
    1 1.000

 total area in sq m           =      0.0510
 total area in sq lambda      =     59.8491
 maxnode, maxpatch, maxedge           =     6118    12236    18354
 longest  edge in lambda              =      0.1600
 shortest edge in lambda              =      0.0076
 average  edge in lambda              =      0.1068
 largest  patch area in sq lambda     =      0.0087
 smallest patch area in sq lambda     =      0.0000
 ave    surface area in sq lambda     =      0.0049
 size range of the object in sq lambda =      7.8622

 #### MLFMA Info For Each Region ####
 Mat-Region =            1
 Array dimension parameters:
 maxrule=          14   maxgrid  =          64
 lmax   =           5   ncmax    =        1250
 lsmax  =          27   lsmin    =           7
 kpm    =        1462   kp0      =         102
 ntlm   =      217096   nsm      =      232158
 nkpm   =        2284   niplm    =      146176
 ngnearm=       14257   ngsndm   =       64634
 nearm  =         333   mfinestm =         119
 ###############################

 CFIE Alpha:  0.50000000000000000     

 Fill MLFMA FI for Mat-Reg:           1
 Begin filltl.f
 fill translation matrix
 Level:            2
 fill shifting matrix
 Level:            3
 fill shifting matrix
 Level:            4
 fill shifting matrix
 Level:            5
 fill shifting matrix
 translator time(s):  0.121000007    
 fill interpolation matrix
 ThetaOrder            8
 PhiOrder            8
 lsl            7
 Filling TL                  Delta_CPU=          0.54 Memory(MB)=        653.98
 Filling sndgrp              Delta_CPU=          0.00 Memory(MB)=        653.98
 Filling VFS                 Delta_CPU=          3.15 Memory(MB)=        653.98

 Fill MLFMA NI for Mat-Reg:           1
 Begin fill sparser part of Nearfield
 Begin fill denser part of Nearfield
 End fill
 Filling Amn                 Delta_CPU=         90.11 Memory(MB)=        653.98


 Now testing preconditioner with
 ipretype =           10
 method = cfie_solve_nfrasspspre_pardiso

  
 NBP>>Begin fill sparser part of Nearfield

116.3371% NBP>>Begin fill denser part of Nearfield

200.1041%
 Begin MLFMA Box-Matrix Based Spar-RAS Prec Constructor
 --- Intel MKL PARDISO --- 
 Memory for iGroup: 1 0 MB
 Total Memory For SparRAS Pre: 0 MB
 --- PARDISO PRECONDITIONER INITIALIZED --- 
 Constructing preconditioner CPU time: 4 s
 
 1101240
 Memory for Iteration:: 16.8036 MB

 Iseg, Ninc_S : 1, 181, 0

 Iseg, Skeleton Angles: 1, 40
 Iseg, Skel-Pk Mem(MB): 1, 314.35

 Iseg, Irank, Idinc : 1, 1, 42
 Thata, Phi : 90.000000, 41.000000
 Maximun iteration: 300
 Number of recycle truncation: 30
 Final matrix dimension:  36708
 Residual error:0.001000
 0  6.315006e-01
 1  3.150520e-01
 2  1.989996e-01
 3  1.274822e-01
 4  8.832992e-02
 5  6.494039e-02
 6  4.901204e-02
 7  3.742237e-02
 8  2.840817e-02
 9  2.196876e-02
 10  1.637641e-02
 11  1.327610e-02
 12  1.074890e-02
 13  8.812984e-03
 14  7.449994e-03
 15  6.353889e-03
 16  5.513340e-03
 17  4.680553e-03
 18  4.119613e-03
 19  3.717137e-03
 20  3.469361e-03
 21  3.260754e-03
 22  3.135973e-03
 23  3.031207e-03
 24  2.932576e-03
 25  2.823384e-03
 26  2.712904e-03
 27  2.573249e-03
 28  2.400197e-03
 29  2.209174e-03
 30  2.008791e-03
 31  1.782014e-03
 32  1.539841e-03
 33  1.282258e-03
 34  1.070614e-03
 35  8.745543e-04
 Iteration CPU time: 8 s
 CFIE residual: 0.000874554

 Iseg, Irank, Idinc : 1, 2, 63
 Thata, Phi : 90.000000, 62.000000
 Maximun iteration: 300
 Number of recycle truncation: 30
 Final matrix dimension:  36708
 Residual error:0.001000
 0  6.563261e-01
 1  3.578029e-01
 2  2.230213e-01
 3  1.427053e-01
 4  1.012680e-01
 5  7.794240e-02
 6  5.862599e-02
 7  4.694450e-02
 8  3.707651e-02
 9  2.963709e-02
 10  2.292143e-02
 11  1.807866e-02
 12  1.465830e-02
 13  1.201329e-02
 14  1.024678e-02
 15  9.052634e-03
 16  7.949403e-03
 17  7.222737e-03
 18  6.730077e-03
 19  6.373629e-03
 20  6.135046e-03
 21  5.958773e-03
 22  5.759894e-03
 23  5.505464e-03
 24  5.209421e-03
 25  4.876913e-03
 26  4.579281e-03
 27  4.192942e-03
 28  3.722022e-03
 29  3.203429e-03
 30  2.651442e-03
 31  2.203808e-03
 32  1.803440e-03
 33  1.464893e-03
 34  1.197245e-03
 35  9.652403e-04
 Iteration CPU time: 8 s
 CFIE residual: 0.00096524

 Iseg, Irank, Idinc : 1, 3, 109
 Thata, Phi : 90.000000, 108.000000
 Maximun iteration: 300
 Number of recycle truncation: 30
 Final matrix dimension:  36708
 Residual error:0.001000
 0  6.209678e-01
 1  3.504439e-01
 2  2.178803e-01
 3  1.486315e-01
 4  1.050645e-01
 5  7.899407e-02
 6  6.091831e-02
 7  4.750725e-02
 8  3.790912e-02
 9  3.045421e-02
 10  2.463352e-02
 11  2.031603e-02
 12  1.649832e-02
 13  1.378583e-02
 14  1.156510e-02
 15  9.633259e-03
 16  8.426106e-03
 17  7.354545e-03
 18  6.431696e-03
 19  5.690374e-03
 20  5.117742e-03
 21  4.637046e-03
 22  4.356726e-03
 23  4.156857e-03
 24  4.003452e-03
 25  3.883686e-03
 26  3.753351e-03
 27  3.603833e-03
 28  3.416309e-03
 29  3.190446e-03
 30  2.862327e-03
 31  2.449180e-03
 32  2.072531e-03
 33  1.707621e-03
 34  1.428629e-03
 35  1.183717e-03
 36  9.373731e-04
 Iteration CPU time: 8 s
 CFIE residual: 0.000937373

 Iseg, Irank, Idinc : 1, 4, 22
 Thata, Phi : 90.000000, 21.000000
 Maximun iteration: 300
 Number of recycle truncation: 30
 Final matrix dimension:  36708
 Residual error:0.001000
 0  6.302870e-01
 1  2.953345e-01
 2  1.738187e-01
 3  1.151373e-01
 4  8.018630e-02
 5  5.926648e-02
 6  4.491420e-02
 7  3.497780e-02
 8  2.797458e-02
 9  2.246447e-02
 10  1.816740e-02
 11  1.464847e-02
 12  1.184857e-02
 13  9.935558e-03
 14  8.249881e-03
 15  6.738631e-03
 16  5.765453e-03
 17  4.957843e-03
 18  4.140090e-03
 19  3.537626e-03
 20  3.024501e-03
 21  2.631495e-03
 22  2.281781e-03
 23  2.054946e-03
 24  1.870010e-03
 25  1.740395e-03
 26  1.619380e-03
 27  1.521490e-03
 28  1.459316e-03
 29  1.407719e-03
 30  1.356394e-03
 31  1.308291e-03
 32  1.251574e-03
 33  1.174421e-03
 34  1.082467e-03
 35  9.771341e-04
 Iteration CPU time: 8 s
 CFIE residual: 0.000977134

 Iseg, Irank, Idinc : 1, 5, 147
 Thata, Phi : 90.000000, 146.000000
 Maximun iteration: 300
 Number of recycle truncation: 30
 Final matrix dimension:  36708
 Residual error:0.001000
 0  6.566552e-01
 1  3.459707e-01
 2  2.104314e-01
 3  1.412498e-01
 4  1.011439e-01
 5  7.710896e-02
 6  5.995979e-02
 7  4.739683e-02
 8  3.948100e-02
 9  3.377628e-02
 10  2.867335e-02
 11  2.487897e-02
 12  2.171144e-02
 13  1.849249e-02
 14  1.532044e-02
 15  1.301118e-02
 16  1.108504e-02
 17  9.176113e-03
 18  7.614861e-03
 19  6.585834e-03
 20  5.617927e-03
 21  4.900855e-03
 22  4.375419e-03
 23  3.952982e-03
 24  3.656214e-03
 25  3.411324e-03
 26  3.212874e-03
 27  3.050601e-03
 28  2.938911e-03
 29  2.836162e-03
 30  2.719984e-03
 31  2.588700e-03
 32  2.432262e-03
 33  2.192118e-03
 34  1.941342e-03
 35  1.668032e-03
 36  1.379465e-03
 37  1.110015e-03
 38  8.812305e-04
 Iteration CPU time: 9 s
 CFIE residual: 0.000881231

 Iseg, Irank, Idinc : 1, 6, 137
 Thata, Phi : 90.000000, 136.000000
 Maximun iteration: 300
 Number of recycle truncation: 30
 Final matrix dimension:  36708
 Residual error:0.001000
 0  6.987011e-01
 1  3.499390e-01
 2  2.170051e-01
 3  1.476277e-01
 4  1.067511e-01
 5  8.002668e-02
 6  6.056091e-02
 7  4.794252e-02
 8  3.867477e-02
 9  3.260562e-02
 10  2.657784e-02
 11  2.228562e-02
 12  1.841255e-02
 13  1.545665e-02
 14  1.299122e-02
 15  1.082745e-02
 16  9.227586e-03
 17  7.838556e-03
 18  6.788888e-03
 19  5.902620e-03
 20  5.244054e-03
 21  4.825141e-03
 22  4.427349e-03
 23  4.162872e-03
 24  3.942266e-03
 25  3.785936e-03
 26  3.652935e-03
 27  3.518000e-03
 28  3.395854e-03
 29  3.267480e-03
 30  3.088945e-03
 31  2.867997e-03
 32  2.661223e-03
 33  2.413974e-03
 34  2.104995e-03
 35  1.822591e-03
 36  1.541086e-03
 37  1.280112e-03
 38  1.028229e-03
 39  7.960716e-04
 Iteration CPU time: 9 s
 CFIE residual: 0.000796072

 Iseg, Irank, Idinc : 1, 7, 83
 Thata, Phi : 90.000000, 82.000000
 Maximun iteration: 300
 Number of recycle truncation: 30
 Final matrix dimension:  36708
 Residual error:0.001000
 0  6.086305e-01
 1  3.485329e-01
 2  2.228744e-01
 3  1.498000e-01
 4  1.090279e-01
 5  8.345649e-02
 6  6.404342e-02
 7  5.071265e-02
 8  4.093448e-02
 9  3.188592e-02
 10  2.558442e-02
 11  2.124315e-02
 12  1.750039e-02
 13  1.457733e-02
 14  1.247658e-02
 15  1.085528e-02
 16  9.423259e-03
 17  8.450956e-03
 18  7.781004e-03
 19  7.175135e-03
 20  6.724991e-03
 21  6.427724e-03
 22  6.174603e-03
 23  5.960789e-03
 24  5.760237e-03
 25  5.553636e-03
 26  5.303665e-03
 27  4.989458e-03
 28  4.606318e-03
 29  4.175704e-03
 30  3.587260e-03
 31  3.095160e-03
 32  2.636977e-03
 33  2.161405e-03
 34  1.737798e-03
 35  1.411200e-03
 36  1.146252e-03
 37  9.283549e-04
 Iteration CPU time: 8 s
 CFIE residual: 0.000928355

 Iseg, Irank, Idinc : 1, 8, 72
 Thata, Phi : 90.000000, 71.000000
 Maximun iteration: 300
 Number of recycle truncation: 30
 Final matrix dimension:  36708
 Residual error:0.001000
 0  6.352524e-01
 1  3.644092e-01
 2  2.350953e-01
 3  1.479970e-01
 4  1.042499e-01
 5  8.206829e-02
 6  6.325682e-02
 7  4.895933e-02
 8  3.877499e-02
 9  3.203757e-02
 10  2.572482e-02
 11  2.061563e-02
 12  1.644118e-02
 13  1.371689e-02
 14  1.177142e-02
 15  1.025737e-02
 16  9.166320e-03
 17  8.296655e-03
 18  7.653923e-03
 19  7.203933e-03
 20  6.921687e-03
 21  6.679621e-03
 22  6.457225e-03
 23  6.217271e-03
 24  5.887886e-03
 25  5.601127e-03
 26  5.232501e-03
 27  4.849996e-03
 28  4.391885e-03
 29  3.875625e-03
 30  3.243739e-03
 31  2.723488e-03
 32  2.275441e-03
 33  1.842124e-03
 34  1.489976e-03
 35  1.192605e-03
 36  9.749963e-04
 Iteration CPU time: 9 s
 CFIE residual: 0.000974996

 Iseg, Irank, Idinc : 1, 9, 159
 Thata, Phi : 90.000000, 158.000000
 Maximun iteration: 300
 Number of recycle truncation: 30
 Final matrix dimension:  36708
 Residual error:0.001000
 0  6.202808e-01
 1  3.147255e-01
 2  1.919042e-01
 3  1.298429e-01
 4  9.709049e-02
 5  7.735365e-02
 6  6.207934e-02
 7  5.094656e-02
 8  4.267470e-02
 9  3.678631e-02
 10  3.169574e-02
 11  2.779398e-02
 12  2.411484e-02
 13  2.050253e-02
 14  1.690434e-02
 15  1.447908e-02
 16  1.238350e-02
 17  1.021098e-02
 18  8.678927e-03
 19  7.344307e-03
 20  6.152730e-03
 21  5.203323e-03
 22  4.445531e-03
 23  3.844957e-03
 24  3.363440e-03
 25  2.980164e-03
 26  2.694673e-03
 27  2.482668e-03
 28  2.357055e-03
 29  2.251418e-03
 30  2.163377e-03
 31  2.067952e-03
 32  1.960686e-03
 33  1.835916e-03
 34  1.693097e-03
 35  1.510859e-03
 36  1.273237e-03
 37  1.019759e-03
 38  8.154739e-04
 Iteration CPU time: 8 s
 CFIE residual: 0.000815474

 Iseg, Irank, Idinc : 1, 10, 124
 Thata, Phi : 90.000000, 123.000000
 Maximun iteration: 300
 Number of recycle truncation: 30
 Final matrix dimension:  36708
 Residual error:0.001000
 0  6.547197e-01
 1  3.411544e-01
 2  2.210982e-01
 3  1.560200e-01
 4  1.125054e-01
 5  8.251402e-02
 6  6.549892e-02
 7  5.117660e-02
 8  4.120351e-02
 9  3.336033e-02
 10  2.621122e-02
 11  2.094947e-02
 12  1.633487e-02
 13  1.323101e-02
 14  1.088219e-02
 15  9.222643e-03
 16  7.895328e-03
 17  6.877141e-03
 18  5.888014e-03
 19  5.199958e-03
 20  4.729759e-03
 21  4.311416e-03
 22  4.006096e-03
 23  3.771207e-03
 24  3.567672e-03
 25  3.410664e-03
 26  3.275703e-03
 27  3.155076e-03
 28  3.045001e-03
 29  2.945719e-03
 30  2.803525e-03
 31  2.648656e-03
 32  2.480496e-03
 33  2.258869e-03
 34  2.036367e-03
 35  1.789208e-03
 36  1.542115e-03
 37  1.246046e-03
 38  9.838578e-04
 Iteration CPU time: 9 s
 CFIE residual: 0.000983858

 Iseg, Irank, Idinc : 1, 11, 53
 Thata, Phi : 90.000000, 52.000000
 Maximun iteration: 300
 Number of recycle truncation: 30
 Final matrix dimension:  36708
 Residual error:0.001000
 0  6.527955e-01
 1  3.440740e-01
 2  2.108904e-01
 3  1.350737e-01
 4  9.682079e-02
 5  7.387754e-02
 6  5.746849e-02
 7  4.423467e-02
 8  3.390054e-02
 9  2.651872e-02
 10  2.063049e-02
 11  1.626032e-02
 12  1.281077e-02
 13  1.024696e-02
 14  8.776911e-03
 15  7.587026e-03
 16  6.596258e-03
 17  5.881666e-03
 18  5.330880e-03
 19  4.866707e-03
 20  4.634022e-03
 21  4.499316e-03
 22  4.351931e-03
 23  4.195663e-03
 24  3.994224e-03
 25  3.762390e-03
 26  3.487660e-03
 27  3.180369e-03
 28  2.820528e-03
 29  2.431738e-03
 30  2.041006e-03
 31  1.720525e-03
 32  1.446287e-03
 33  1.179387e-03
 34  9.732704e-04
 Iteration CPU time: 8 s
 CFIE residual: 0.00097327

 Iseg, Irank, Idinc : 1, 12, 176
 Thata, Phi : 90.000000, 175.000000
 Maximun iteration: 300
 Number of recycle truncation: 30
 Final matrix dimension:  36708
 Residual error:0.001000
 0  5.870413e-01
 1  2.973135e-01
 2  1.850347e-01
 3  1.312423e-01
 4  1.012651e-01
 5  8.096693e-02
 6  6.547658e-02
 7  5.498751e-02
 8  4.573532e-02
 9  3.782516e-02
 10  3.180380e-02
 11  2.642845e-02
 12  2.194944e-02
 13  1.814598e-02
 14  1.523063e-02
 15  1.245056e-02
 16  1.035925e-02
 17  8.641804e-03
 18  7.278633e-03
 19  6.033540e-03
 20  5.085832e-03
 21  4.348790e-03
 22  3.657468e-03
 23  3.159728e-03
 24  2.782163e-03
 25  2.440287e-03
 26  2.160124e-03
 27  1.940552e-03
 28  1.778013e-03
 29  1.639082e-03
 30  1.542691e-03
 31  1.463874e-03
 32  1.408050e-03
 33  1.358248e-03
 34  1.307903e-03
 35  1.241837e-03
 36  1.159399e-03
 37  1.065428e-03
 38  9.427925e-04
 Iteration CPU time: 8 s
 CFIE residual: 0.000942792

 Iseg, Irank, Idinc : 1, 13, 91
 Thata, Phi : 90.000000, 90.000000
 Maximun iteration: 300
 Number of recycle truncation: 30
 Final matrix dimension:  36708
 Residual error:0.001000
 0  6.008635e-01
 1  3.452587e-01
 2  2.186128e-01
 3  1.497446e-01
 4  1.074445e-01
 5  8.202878e-02
 6  6.393801e-02
 7  5.002149e-02
 8  4.057985e-02
 9  3.246883e-02
 10  2.657625e-02
 11  2.205341e-02
 12  1.834010e-02
 13  1.568455e-02
 14  1.342670e-02
 15  1.137001e-02
 16  9.809669e-03
 17  8.674298e-03
 18  7.789266e-03
 19  7.067714e-03
 20  6.509600e-03
 21  6.104999e-03
 22  5.804392e-03
 23  5.573325e-03
 24  5.411577e-03
 25  5.246894e-03
 26  5.069297e-03
 27  4.820884e-03
 28  4.474519e-03
 29  4.076884e-03
 30  3.621488e-03
 31  3.163125e-03
 32  2.720893e-03
 33  2.290785e-03
 34  1.891270e-03
 35  1.564547e-03
 36  1.266135e-03
 37  1.015377e-03
 38  7.950328e-04
 Iteration CPU time: 8 s
 CFIE residual: 0.000795033

 Iseg, Irank, Idinc : 1, 14, 32
 Thata, Phi : 90.000000, 31.000000
 Maximun iteration: 300
 Number of recycle truncation: 30
 Final matrix dimension:  36708
 Residual error:0.001000
 0  6.318988e-01
 1  3.082659e-01
 2  1.825988e-01
 3  1.140676e-01
 4  8.018145e-02
 5  5.886529e-02
 6  4.342576e-02
 7  3.320575e-02
 8  2.605208e-02
 9  2.077331e-02
 10  1.667782e-02
 11  1.367502e-02
 12  1.083586e-02
 13  9.101830e-03
 14  7.471946e-03
 15  6.179253e-03
 16  5.252598e-03
 17  4.480314e-03
 18  3.796788e-03
 19  3.354122e-03
 20  3.002435e-03
 21  2.720771e-03
 22  2.493372e-03
 23  2.341911e-03
 24  2.216839e-03
 25  2.124089e-03
 26  2.042630e-03
 27  1.950152e-03
 28  1.872224e-03
 29  1.768354e-03
 30  1.656789e-03
 31  1.541635e-03
 32  1.412222e-03
 33  1.274444e-03
 34  1.102678e-03
 35  9.458145e-04
 Iteration CPU time: 8 s
 CFIE residual: 0.000945814

 Iseg, Irank, Idinc : 1, 15, 9
 Thata, Phi : 90.000000, 8.000000
 Maximun iteration: 300
 Number of recycle truncation: 30
 Final matrix dimension:  36708
 Residual error:0.001000
 0  5.452904e-01
 1  2.779121e-01
 2  1.770968e-01
 3  1.237341e-01
 4  9.018926e-02
 5  6.743358e-02
 6  5.125478e-02
 7  3.960506e-02
 8  3.102296e-02
 9  2.424026e-02
 10  1.929541e-02
 11  1.533248e-02
 12  1.234820e-02
 13  1.006518e-02
 14  8.203986e-03
 15  6.570102e-03
 16  5.625826e-03
 17  4.765881e-03
 18  4.048217e-03
 19  3.442808e-03
 20  2.975876e-03
 21  2.604814e-03
 22  2.216321e-03
 23  1.940046e-03
 24  1.711592e-03
 25  1.527883e-03
 26  1.355680e-03
 27  1.213225e-03
 28  1.107383e-03
 29  1.029852e-03
 30  9.702850e-04
 Iteration CPU time: 7 s
 CFIE residual: 0.000970285

 Iseg, Irank, Idinc : 1, 16, 100
 Thata, Phi : 90.000000, 99.000000
 Maximun iteration: 300
 Number of recycle truncation: 30
 Final matrix dimension:  36708
 Residual error:0.001000
 0  6.066847e-01
 1  3.430813e-01
 2  2.148769e-01
 3  1.458024e-01
 4  1.048737e-01
 5  7.921185e-02
 6  6.120021e-02
 7  4.877799e-02
 8  3.865870e-02
 9  3.174869e-02
 10  2.590786e-02
 11  2.148938e-02
 12  1.785479e-02
 13  1.497121e-02
 14  1.282263e-02
 15  1.088272e-02
 16  9.349803e-03
 17  8.238941e-03
 18  7.244395e-03
 19  6.412475e-03
 20  5.790279e-03
 21  5.330928e-03
 22  5.032505e-03
 23  4.835093e-03
 24  4.653762e-03
 25  4.508951e-03
 26  4.367161e-03
 27  4.168626e-03
 28  3.945260e-03
 29  3.653006e-03
 30  3.332829e-03
 31  2.967998e-03
 32  2.557735e-03
 33  2.138166e-03
 34  1.736260e-03
 35  1.430235e-03
 36  1.155462e-03
 37  9.378060e-04
 Iteration CPU time: 9 s
 CFIE residual: 0.000937806

 Iseg, Irank, Idinc : 1, 17, 116
 Thata, Phi : 90.000000, 115.000000
 Maximun iteration: 300
 Number of recycle truncation: 30
 Final matrix dimension:  36708
 Residual error:0.001000
 0  6.430080e-01
 1  3.470324e-01
 2  2.165766e-01
 3  1.511333e-01
 4  1.081761e-01
 5  7.920999e-02
 6  6.159821e-02
 7  4.837945e-02
 8  3.799655e-02
 9  3.056801e-02
 10  2.463130e-02
 11  1.960048e-02
 12  1.600610e-02
 13  1.331044e-02
 14  1.115337e-02
 15  9.381412e-03
 16  7.933420e-03
 17  6.903993e-03
 18  5.966349e-03
 19  5.251469e-03
 20  4.812506e-03
 21  4.442613e-03
 22  4.160403e-03
 23  3.976546e-03
 24  3.835305e-03
 25  3.707952e-03
 26  3.576625e-03
 27  3.457493e-03
 28  3.326019e-03
 29  3.171698e-03
 30  2.967831e-03
 31  2.716477e-03
 32  2.379897e-03
 33  2.027279e-03
 34  1.650063e-03
 35  1.379844e-03
 36  1.099777e-03
 37  8.687435e-04
 Iteration CPU time: 8 s
 CFIE residual: 0.000868744

 Iseg, Irank, Idinc : 1, 18, 1
 Thata, Phi : 90.000000, 0.000000
 Maximun iteration: 300
 Number of recycle truncation: 30
 Final matrix dimension:  36708
 Residual error:0.001000
 0  5.203051e-01
 1  2.727472e-01
 2  1.770170e-01
 3  1.211836e-01
 4  8.736753e-02
 5  6.662324e-02
 6  5.135534e-02
 7  3.797711e-02
 8  2.884924e-02
 9  2.316882e-02
 10  1.906168e-02
 11  1.510912e-02
 12  1.147975e-02
 13  9.397134e-03
 14  7.626746e-03
 15  6.360094e-03
 16  5.246257e-03
 17  4.528056e-03
 18  3.831745e-03
 19  3.312379e-03
 20  2.816287e-03
 21  2.394106e-03
 22  2.030087e-03
 23  1.698352e-03
 24  1.434904e-03
 25  1.219083e-03
 26  1.026927e-03
 27  8.929920e-04
 Iteration CPU time: 6 s
 CFIE residual: 0.000892992

 Iseg, Irank, Idinc : 1, 19, 167
 Thata, Phi : 90.000000, 166.000000
 Maximun iteration: 300
 Number of recycle truncation: 30
 Final matrix dimension:  36708
 Residual error:0.001000
 0  5.944054e-01
 1  3.001320e-01
 2  1.854619e-01
 3  1.309172e-01
 4  1.007386e-01
 5  8.060676e-02
 6  6.481351e-02
 7  5.459150e-02
 8  4.572321e-02
 9  3.885992e-02
 10  3.261390e-02
 11  2.798964e-02
 12  2.457456e-02
 13  2.106913e-02
 14  1.749756e-02
 15  1.478543e-02
 16  1.274516e-02
 17  1.059479e-02
 18  8.870406e-03
 19  7.370729e-03
 20  6.125106e-03
 21  5.165965e-03
 22  4.388741e-03
 23  3.817071e-03
 24  3.258514e-03
 25  2.844506e-03
 26  2.531887e-03
 27  2.285919e-03
 28  2.107744e-03
 29  1.975999e-03
 30  1.870881e-03
 31  1.778972e-03
 32  1.702375e-03
 33  1.634758e-03
 34  1.554084e-03
 35  1.454574e-03
 36  1.315732e-03
 37  1.145039e-03
 38  9.820473e-04
 Iteration CPU time: 9 s
 CFIE residual: 0.000982047

 Iseg, Irank, Idinc : 1, 20, 16
 Thata, Phi : 90.000000, 15.000000
 Maximun iteration: 300
 Number of recycle truncation: 30
 Final matrix dimension:  36708
 Residual error:0.001000
 0  5.921658e-01
 1  2.865608e-01
 2  1.759842e-01
 3  1.206906e-01
 4  8.629816e-02
 5  6.410926e-02
 6  4.913986e-02
 7  3.831630e-02
 8  3.016897e-02
 9  2.425377e-02
 10  1.940085e-02
 11  1.524956e-02
 12  1.213484e-02
 13  9.908217e-03
 14  8.346020e-03
 15  6.716522e-03
 16  5.646525e-03
 17  4.850498e-03
 18  4.120859e-03
 19  3.506063e-03
 20  3.008309e-03
 21  2.614709e-03
 22  2.237507e-03
 23  1.973327e-03
 24  1.776995e-03
 25  1.618549e-03
 26  1.477376e-03
 27  1.353495e-03
 28  1.268925e-03
 29  1.207037e-03
 30  1.149387e-03
 31  1.110303e-03
 32  1.070155e-03
 33  1.014874e-03
 34  9.619579e-04
 Iteration CPU time: 8 s
 CFIE residual: 0.000961958

 Iseg, Irank, Idinc : 1, 21, 181
 Thata, Phi : 90.000000, 180.000000
 Maximun iteration: 300
 Number of recycle truncation: 30
 Final matrix dimension:  36708
 Residual error:0.001000
 0  5.867341e-01
 1  2.971564e-01
 2  1.843482e-01
 3  1.301884e-01
 4  9.956303e-02
 5  7.934558e-02
 6  6.418011e-02
 7  5.370721e-02
 8  4.483532e-02
 9  3.666993e-02
 10  2.988161e-02
 11  2.441105e-02
 12  1.962622e-02
 13  1.603042e-02
 14  1.291887e-02
 15  1.040742e-02
 16  8.455730e-03
 17  6.926931e-03
 18  5.840609e-03
 19  4.907149e-03
 20  4.099700e-03
 21  3.494423e-03
 22  2.913363e-03
 23  2.472866e-03
 24  2.143785e-03
 25  1.903171e-03
 26  1.701064e-03
 27  1.527383e-03
 28  1.393025e-03
 29  1.292634e-03
 30  1.213594e-03
 31  1.156442e-03
 32  1.112134e-03
 33  1.060635e-03
 34  9.909499e-04
 Iteration CPU time: 8 s
 CFIE residual: 0.00099095

 Iseg, Irank, Idinc : 1, 22, 153
 Thata, Phi : 90.000000, 152.000000
 Maximun iteration: 300
 Number of recycle truncation: 30
 Final matrix dimension:  36708
 Residual error:0.001000
 0  6.362596e-01
 1  3.298377e-01
 2  2.027499e-01
 3  1.345819e-01
 4  9.846944e-02
 5  7.712896e-02
 6  6.023376e-02
 7  4.896975e-02
 8  4.045700e-02
 9  3.438081e-02
 10  2.928217e-02
 11  2.554009e-02
 12  2.224753e-02
 13  1.896649e-02
 14  1.559950e-02
 15  1.324798e-02
 16  1.144492e-02
 17  9.514699e-03
 18  8.081062e-03
 19  6.912858e-03
 20  5.928471e-03
 21  5.054593e-03
 22  4.333681e-03
 23  3.763588e-03
 24  3.360272e-03
 25  3.047172e-03
 26  2.800253e-03
 27  2.606745e-03
 28  2.491926e-03
 29  2.392863e-03
 30  2.304189e-03
 31  2.205853e-03
 32  2.080978e-03
 33  1.932386e-03
 34  1.736290e-03
 35  1.502022e-03
 36  1.284644e-03
 37  1.036890e-03
 38  8.407695e-04
 Iteration CPU time: 8 s
 CFIE residual: 0.000840769

 Iseg, Irank, Idinc : 1, 23, 77
 Thata, Phi : 90.000000, 76.000000
 Maximun iteration: 300
 Number of recycle truncation: 30
 Final matrix dimension:  36708
 Residual error:0.001000
 0  6.175922e-01
 1  3.555247e-01
 2  2.296417e-01
 3  1.469805e-01
 4  1.040489e-01
 5  7.921125e-02
 6  6.195120e-02
 7  4.811047e-02
 8  3.861823e-02
 9  3.064011e-02
 10  2.494559e-02
 11  2.039360e-02
 12  1.665742e-02
 13  1.400396e-02
 14  1.215727e-02
 15  1.053276e-02
 16  9.414777e-03
 17  8.568988e-03
 18  7.877307e-03
 19  7.327479e-03
 20  6.978924e-03
 21  6.691815e-03
 22  6.445315e-03
 23  6.205245e-03
 24  5.932688e-03
 25  5.684760e-03
 26  5.393287e-03
 27  5.066566e-03
 28  4.682242e-03
 29  4.227696e-03
 30  3.641537e-03
 31  3.100719e-03
 32  2.560600e-03
 33  2.116951e-03
 34  1.706575e-03
 35  1.359721e-03
 36  1.107583e-03
 37  8.791329e-04
 Iteration CPU time: 9 s
 CFIE residual: 0.000879133

 Iseg, Irank, Idinc : 1, 24, 130
 Thata, Phi : 90.000000, 129.000000
 Maximun iteration: 300
 Number of recycle truncation: 30
 Final matrix dimension:  36708
 Residual error:0.001000
 0  6.740247e-01
 1  3.494381e-01
 2  2.228242e-01
 3  1.527708e-01
 4  1.102723e-01
 5  8.147804e-02
 6  6.371049e-02
 7  5.039554e-02
 8  3.992488e-02
 9  3.292969e-02
 10  2.661290e-02
 11  2.125654e-02
 12  1.682657e-02
 13  1.362672e-02
 14  1.114396e-02
 15  9.462927e-03
 16  7.880437e-03
 17  6.690303e-03
 18  5.822421e-03
 19  5.154708e-03
 20  4.627601e-03
 21  4.272232e-03
 22  3.950380e-03
 23  3.719042e-03
 24  3.510523e-03
 25  3.383875e-03
 26  3.263176e-03
 27  3.151431e-03
 28  3.045629e-03
 29  2.911859e-03
 30  2.742634e-03
 31  2.539581e-03
 32  2.333711e-03
 33  2.097214e-03
 34  1.838057e-03
 35  1.576677e-03
 36  1.317993e-03
 37  1.079945e-03
 38  8.577733e-04
 Iteration CPU time: 8 s
 CFIE residual: 0.000857773

 Iseg, Irank, Idinc : 1, 25, 48
 Thata, Phi : 90.000000, 47.000000
 Maximun iteration: 300
 Number of recycle truncation: 30
 Final matrix dimension:  36708
 Residual error:0.001000
 0  6.408683e-01
 1  3.315921e-01
 2  2.054990e-01
 3  1.340324e-01
 4  9.627858e-02
 5  7.360524e-02
 6  5.622942e-02
 7  4.278917e-02
 8  3.282776e-02
 9  2.527044e-02
 10  1.925854e-02
 11  1.518038e-02
 12  1.211901e-02
 13  9.971380e-03
 14  8.369581e-03
 15  7.166407e-03
 16  6.216079e-03
 17  5.420647e-03
 18  4.864857e-03
 19  4.434510e-03
 20  4.191925e-03
 21  4.031915e-03
 22  3.898412e-03
 23  3.756631e-03
 24  3.601098e-03
 25  3.455481e-03
 26  3.254794e-03
 27  3.043556e-03
 28  2.721570e-03
 29  2.414229e-03
 30  2.116867e-03
 31  1.817561e-03
 32  1.524812e-03
 33  1.242548e-03
 34  1.041919e-03
 35  8.527655e-04
 Iteration CPU time: 8 s
 CFIE residual: 0.000852766

 Iseg, Irank, Idinc : 1, 26, 5
 Thata, Phi : 90.000000, 4.000000
 Maximun iteration: 300
 Number of recycle truncation: 30
 Final matrix dimension:  36708
 Residual error:0.001000
 0  5.270213e-01
 1  2.742758e-01
 2  1.770323e-01
 3  1.223056e-01
 4  8.874439e-02
 5  6.703857e-02
 6  5.119819e-02
 7  3.826918e-02
 8  2.981289e-02
 9  2.369902e-02
 10  1.902600e-02
 11  1.516768e-02
 12  1.203185e-02
 13  9.964307e-03
 14  8.188641e-03
 15  6.586861e-03
 16  5.591391e-03
 17  4.787974e-03
 18  4.008929e-03
 19  3.430079e-03
 20  2.967847e-03
 21  2.577306e-03
 22  2.208522e-03
 23  1.879313e-03
 24  1.631834e-03
 25  1.423559e-03
 26  1.240271e-03
 27  1.073459e-03
 28  9.554194e-04
 Iteration CPU time: 7 s
 CFIE residual: 0.000955419

 Iseg, Irank, Idinc : 1, 27, 172
 Thata, Phi : 90.000000, 171.000000
 Maximun iteration: 300
 Number of recycle truncation: 30
 Final matrix dimension:  36708
 Residual error:0.001000
 0  5.882255e-01
 1  2.976353e-01
 2  1.857481e-01
 3  1.321779e-01
 4  1.024056e-01
 5  8.200029e-02
 6  6.618028e-02
 7  5.579283e-02
 8  4.639999e-02
 9  3.871406e-02
 10  3.303888e-02
 11  2.810494e-02
 12  2.369212e-02
 13  1.994161e-02
 14  1.691231e-02
 15  1.398314e-02
 16  1.180371e-02
 17  9.844930e-03
 18  8.200741e-03
 19  6.838393e-03
 20  5.731975e-03
 21  4.856617e-03
 22  4.123293e-03
 23  3.592057e-03
 24  3.105553e-03
 25  2.717381e-03
 26  2.407753e-03
 27  2.169500e-03
 28  1.985894e-03
 29  1.839437e-03
 30  1.729372e-03
 31  1.639368e-03
 32  1.570857e-03
 33  1.515420e-03
 34  1.448668e-03
 35  1.371696e-03
 36  1.273736e-03
 37  1.144734e-03
 38  1.014489e-03
 39  8.702357e-04
 Iteration CPU time: 9 s
 CFIE residual: 0.000870236

 Iseg, Irank, Idinc : 1, 28, 96
 Thata, Phi : 90.000000, 95.000000
 Maximun iteration: 300
 Number of recycle truncation: 30
 Final matrix dimension:  36708
 Residual error:0.001000
 0  6.021235e-01
 1  3.430969e-01
 2  2.162177e-01
 3  1.453158e-01
 4  1.041043e-01
 5  7.955983e-02
 6  6.294533e-02
 7  4.960842e-02
 8  3.939338e-02
 9  3.144451e-02
 10  2.586646e-02
 11  2.120998e-02
 12  1.764784e-02
 13  1.515937e-02
 14  1.303396e-02
 15  1.108330e-02
 16  9.528789e-03
 17  8.357220e-03
 18  7.524511e-03
 19  6.680245e-03
 20  6.082881e-03
 21  5.649580e-03
 22  5.373789e-03
 23  5.156357e-03
 24  4.997185e-03
 25  4.849336e-03
 26  4.684665e-03
 27  4.481116e-03
 28  4.177652e-03
 29  3.842907e-03
 30  3.457391e-03
 31  3.056453e-03
 32  2.596465e-03
 33  2.194142e-03
 34  1.807980e-03
 35  1.468189e-03
 36  1.194497e-03
 37  9.771283e-04
 Iteration CPU time: 8 s
 CFIE residual: 0.000977128

 Iseg, Irank, Idinc : 1, 29, 27
 Thata, Phi : 90.000000, 26.000000
 Maximun iteration: 300
 Number of recycle truncation: 30
 Final matrix dimension:  36708
 Residual error:0.001000
 0  6.423988e-01
 1  3.017973e-01
 2  1.756807e-01
 3  1.123467e-01
 4  7.809555e-02
 5  5.750156e-02
 6  4.262861e-02
 7  3.283780e-02
 8  2.624587e-02
 9  2.135963e-02
 10  1.767538e-02
 11  1.433077e-02
 12  1.129864e-02
 13  9.452819e-03
 14  7.932038e-03
 15  6.568987e-03
 16  5.637546e-03
 17  4.732741e-03
 18  3.959572e-03
 19  3.492594e-03
 20  3.030956e-03
 21  2.682641e-03
 22  2.374965e-03
 23  2.181338e-03
 24  2.015600e-03
 25  1.909212e-03
 26  1.816472e-03
 27  1.732672e-03
 28  1.678368e-03
 29  1.619735e-03
 30  1.563006e-03
 31  1.490952e-03
 32  1.403379e-03
 33  1.296364e-03
 34  1.158177e-03
 35  1.014646e-03
 36  8.930147e-04
 Iteration CPU time: 8 s
 CFIE residual: 0.000893015

 Iseg, Irank, Idinc : 1, 30, 142
 Thata, Phi : 90.000000, 141.000000
 Maximun iteration: 300
 Number of recycle truncation: 30
 Final matrix dimension:  36708
 Residual error:0.001000
 0  6.862113e-01
 1  3.495960e-01
 2  2.116775e-01
 3  1.438520e-01
 4  1.042652e-01
 5  7.794399e-02
 6  6.021955e-02
 7  4.721606e-02
 8  3.867927e-02
 9  3.293528e-02
 10  2.777060e-02
 11  2.376373e-02
 12  2.015738e-02
 13  1.713113e-02
 14  1.437814e-02
 15  1.204149e-02
 16  1.022347e-02
 17  8.680415e-03
 18  7.321014e-03
 19  6.330968e-03
 20  5.520646e-03
 21  4.941552e-03
 22  4.501533e-03
 23  4.186116e-03
 24  3.952294e-03
 25  3.766831e-03
 26  3.609442e-03
 27  3.472268e-03
 28  3.341971e-03
 29  3.222932e-03
 30  3.064042e-03
 31  2.848707e-03
 32  2.618705e-03
 33  2.304604e-03
 34  2.004430e-03
 35  1.695645e-03
 36  1.413373e-03
 37  1.142142e-03
 38  8.816635e-04
 Iteration CPU time: 9 s
 CFIE residual: 0.000881664

 Iseg, Irank, Idinc : 1, 31, 58
 Thata, Phi : 90.000000, 57.000000
 Maximun iteration: 300
 Number of recycle truncation: 30
 Final matrix dimension:  36708
 Residual error:0.001000
 0  6.590081e-01
 1  3.475888e-01
 2  2.123706e-01
 3  1.333142e-01
 4  9.605081e-02
 5  7.252303e-02
 6  5.572093e-02
 7  4.383177e-02
 8  3.374687e-02
 9  2.681612e-02
 10  2.121361e-02
 11  1.671059e-02
 12  1.328220e-02
 13  1.067552e-02
 14  9.067251e-03
 15  7.942345e-03
 16  7.080147e-03
 17  6.402457e-03
 18  5.850558e-03
 19  5.478878e-03
 20  5.237104e-03
 21  5.094547e-03
 22  4.946711e-03
 23  4.739308e-03
 24  4.484873e-03
 25  4.166986e-03
 26  3.898388e-03
 27  3.544196e-03
 28  3.111072e-03
 29  2.674744e-03
 30  2.275030e-03
 31  1.888386e-03
 32  1.517151e-03
 33  1.232853e-03
 34  1.007349e-03
 35  8.162698e-04
 Iteration CPU time: 8 s
 CFIE residual: 0.00081627

 Iseg, Irank, Idinc : 1, 32, 179
 Thata, Phi : 90.000000, 178.000000
 Maximun iteration: 300
 Number of recycle truncation: 30
 Final matrix dimension:  36708
 Residual error:0.001000
 0  5.867912e-01
 1  2.971904e-01
 2  1.844739e-01
 3  1.303939e-01
 4  9.994418e-02
 5  7.973544e-02
 6  6.450740e-02
 7  5.402710e-02
 8  4.504012e-02
 9  3.694430e-02
 10  3.031896e-02
 11  2.491323e-02
 12  2.045559e-02
 13  1.669882e-02
 14  1.374687e-02
 15  1.122055e-02
 16  9.229132e-03
 17  7.578760e-03
 18  6.400867e-03
 19  5.307924e-03
 20  4.461637e-03
 21  3.814133e-03
 22  3.201855e-03
 23  2.740721e-03
 24  2.417453e-03
 25  2.117073e-03
 26  1.878220e-03
 27  1.684069e-03
 28  1.543160e-03
 29  1.418159e-03
 30  1.330947e-03
 31  1.272068e-03
 32  1.231794e-03
 33  1.191656e-03
 34  1.149448e-03
 35  1.085373e-03
 36  1.005569e-03
 37  9.235057e-04
 Iteration CPU time: 9 s
 CFIE residual: 0.000923506

 Iseg, Irank, Idinc : 1, 33, 3
 Thata, Phi : 90.000000, 2.000000
 Maximun iteration: 300
 Number of recycle truncation: 30
 Final matrix dimension:  36708
 Residual error:0.001000
 0  5.220301e-01
 1  2.731581e-01
 2  1.770277e-01
 3  1.215200e-01
 4  8.780910e-02
 5  6.677608e-02
 6  5.130420e-02
 7  3.800736e-02
 8  2.906193e-02
 9  2.331616e-02
 10  1.904865e-02
 11  1.514365e-02
 12  1.172151e-02
 13  9.574278e-03
 14  7.931421e-03
 15  6.524702e-03
 16  5.466897e-03
 17  4.706746e-03
 18  3.935327e-03
 19  3.387414e-03
 20  2.916025e-03
 21  2.521247e-03
 22  2.164389e-03
 23  1.830415e-03
 24  1.574005e-03
 25  1.351758e-03
 26  1.159568e-03
 27  9.997366e-04
 Iteration CPU time: 6 s
 CFIE residual: 0.000999737

 Iseg, Irank, Idinc : 1, 34, 105
 Thata, Phi : 90.000000, 104.000000
 Maximun iteration: 300
 Number of recycle truncation: 30
 Final matrix dimension:  36708
 Residual error:0.001000
 0  6.114424e-01
 1  3.472274e-01
 2  2.153112e-01
 3  1.477087e-01
 4  1.050475e-01
 5  7.915501e-02
 6  6.063519e-02
 7  4.789499e-02
 8  3.835935e-02
 9  3.113872e-02
 10  2.535913e-02
 11  2.112718e-02
 12  1.706620e-02
 13  1.429362e-02
 14  1.208452e-02
 15  1.014031e-02
 16  8.815132e-03
 17  7.736055e-03
 18  6.796857e-03
 19  5.977469e-03
 20  5.340346e-03
 21  4.886037e-03
 22  4.616177e-03
 23  4.427910e-03
 24  4.274899e-03
 25  4.133561e-03
 26  4.002024e-03
 27  3.814662e-03
 28  3.612308e-03
 29  3.348364e-03
 30  3.019592e-03
 31  2.646406e-03
 32  2.291696e-03
 33  1.932696e-03
 34  1.618276e-03
 35  1.333658e-03
 36  1.083662e-03
 37  8.719021e-04
 Iteration CPU time: 9 s
 CFIE residual: 0.000871902

 Iseg, Irank, Idinc : 1, 35, 37
 Thata, Phi : 90.000000, 36.000000
 Maximun iteration: 300
 Number of recycle truncation: 30
 Final matrix dimension:  36708
 Residual error:0.001000
 0  6.230222e-01
 1  3.125090e-01
 2  1.914914e-01
 3  1.209754e-01
 4  8.369339e-02
 5  6.114302e-02
 6  4.567854e-02
 7  3.477842e-02
 8  2.694958e-02
 9  2.108367e-02
 10  1.640995e-02
 11  1.335292e-02
 12  1.068481e-02
 13  8.930292e-03
 14  7.310127e-03
 15  6.081716e-03
 16  5.210904e-03
 17  4.448617e-03
 18  3.855890e-03
 19  3.394123e-03
 20  3.105367e-03
 21  2.863532e-03
 22  2.701712e-03
 23  2.584496e-03
 24  2.489812e-03
 25  2.398643e-03
 26  2.319087e-03
 27  2.219313e-03
 28  2.108004e-03
 29  1.966930e-03
 30  1.825693e-03
 31  1.658735e-03
 32  1.488952e-03
 33  1.302006e-03
 34  1.119673e-03
 35  9.431341e-04
 Iteration CPU time: 7 s
 CFIE residual: 0.000943134

 Iseg, Irank, Idinc : 1, 36, 163
 Thata, Phi : 90.000000, 162.000000
 Maximun iteration: 300
 Number of recycle truncation: 30
 Final matrix dimension:  36708
 Residual error:0.001000
 0  6.059160e-01
 1  3.060184e-01
 2  1.867477e-01
 3  1.292649e-01
 4  9.791835e-02
 5  7.840229e-02
 6  6.330410e-02
 7  5.208710e-02
 8  4.370241e-02
 9  3.796344e-02
 10  3.285779e-02
 11  2.818977e-02
 12  2.422760e-02
 13  2.095294e-02
 14  1.765778e-02
 15  1.508189e-02
 16  1.269759e-02
 17  1.049586e-02
 18  8.875641e-03
 19  7.475428e-03
 20  6.212228e-03
 21  5.214452e-03
 22  4.436641e-03
 23  3.837293e-03
 24  3.289837e-03
 25  2.896816e-03
 26  2.599062e-03
 27  2.380253e-03
 28  2.226449e-03
 29  2.109451e-03
 30  2.010715e-03
 31  1.918669e-03
 32  1.845951e-03
 33  1.755678e-03
 34  1.649532e-03
 35  1.511154e-03
 36  1.323527e-03
 37  1.105311e-03
 38  9.171875e-04
 Iteration CPU time: 8 s
 CFIE residual: 0.000917187

 Iseg, Irank, Idinc : 1, 37, 68
 Thata, Phi : 90.000000, 67.000000
 Maximun iteration: 300
 Number of recycle truncation: 30
 Final matrix dimension:  36708
 Residual error:0.001000
 0  6.480830e-01
 1  3.672129e-01
 2  2.342191e-01
 3  1.496487e-01
 4  1.062738e-01
 5  8.276842e-02
 6  6.259247e-02
 7  4.975346e-02
 8  3.931581e-02
 9  3.183183e-02
 10  2.477703e-02
 11  2.012917e-02
 12  1.618227e-02
 13  1.327551e-02
 14  1.134467e-02
 15  9.903894e-03
 16  8.825932e-03
 17  8.020241e-03
 18  7.416790e-03
 19  6.975163e-03
 20  6.710526e-03
 21  6.516909e-03
 22  6.306386e-03
 23  6.037541e-03
 24  5.688067e-03
 25  5.361454e-03
 26  5.003925e-03
 27  4.559205e-03
 28  4.094356e-03
 29  3.515339e-03
 30  2.887998e-03
 31  2.376872e-03
 32  1.986193e-03
 33  1.610076e-03
 34  1.307797e-03
 35  1.089830e-03
 36  8.929910e-04
 Iteration CPU time: 8 s
 CFIE residual: 0.000892991

 Iseg, Irank, Idinc : 1, 38, 120
 Thata, Phi : 90.000000, 119.000000
 Maximun iteration: 300
 Number of recycle truncation: 30
 Final matrix dimension:  36708
 Residual error:0.001000
 0  6.474319e-01
 1  3.435759e-01
 2  2.174646e-01
 3  1.524411e-01
 4  1.090263e-01
 5  8.103552e-02
 6  6.390980e-02
 7  4.981497e-02
 8  3.955932e-02
 9  3.189415e-02
 10  2.575930e-02
 11  2.059058e-02
 12  1.643296e-02
 13  1.327848e-02
 14  1.109356e-02
 15  9.350296e-03
 16  7.969054e-03
 17  7.007695e-03
 18  6.043966e-03
 19  5.266286e-03
 20  4.795394e-03
 21  4.386928e-03
 22  4.111508e-03
 23  3.902524e-03
 24  3.733978e-03
 25  3.581176e-03
 26  3.449171e-03
 27  3.325987e-03
 28  3.215106e-03
 29  3.112122e-03
 30  2.965767e-03
 31  2.747461e-03
 32  2.531554e-03
 33  2.192760e-03
 34  1.905050e-03
 35  1.606310e-03
 36  1.339250e-03
 37  1.063004e-03
 38  8.180220e-04
 Iteration CPU time: 9 s
 CFIE residual: 0.000818022

 Iseg, Irank, Idinc : 1, 39, 12
 Thata, Phi : 90.000000, 11.000000
 Maximun iteration: 300
 Number of recycle truncation: 30
 Final matrix dimension:  36708
 Residual error:0.001000
 0  5.640535e-01
 1  2.812916e-01
 2  1.769420e-01
 3  1.234028e-01
 4  8.975162e-02
 5  6.692343e-02
 6  5.081229e-02
 7  3.957528e-02
 8  3.093522e-02
 9  2.441670e-02
 10  1.936575e-02
 11  1.518637e-02
 12  1.208213e-02
 13  9.950090e-03
 14  8.238072e-03
 15  6.536063e-03
 16  5.555106e-03
 17  4.750079e-03
 18  4.063018e-03
 19  3.457612e-03
 20  3.005751e-03
 21  2.615606e-03
 22  2.230001e-03
 23  1.965423e-03
 24  1.749395e-03
 25  1.580128e-03
 26  1.424197e-03
 27  1.288727e-03
 28  1.190120e-03
 29  1.119030e-03
 30  1.056419e-03
 31  1.013314e-03
 32  9.746512e-04
 Iteration CPU time: 8 s
 CFIE residual: 0.000974651

 Iseg, Irank, Idinc : 1, 40, 180
 Thata, Phi : 90.000000, 179.000000
 Maximun iteration: 300
 Number of recycle truncation: 30
 Final matrix dimension:  36708
 Residual error:0.001000
 0  5.867542e-01
 1  2.971665e-01
 2  1.843807e-01
 3  1.302422e-01
 4  9.966937e-02
 5  7.945520e-02
 6  6.427804e-02
 7  5.380354e-02
 8  4.489488e-02
 9  3.675009e-02
 10  3.000475e-02
 11  2.455401e-02
 12  1.991660e-02
 13  1.627237e-02
 14  1.328322e-02
 15  1.082374e-02
 16  8.898523e-03
 17  7.281658e-03
 18  6.127044e-03
 19  5.092472e-03
 20  4.258380e-03
 21  3.623876e-03
 22  3.044217e-03
 23  2.600809e-03
 24  2.284862e-03
 25  2.002708e-03
 26  1.779893e-03
 27  1.598591e-03
 28  1.466824e-03
 29  1.346100e-03
 30  1.258735e-03
 31  1.202530e-03
 32  1.161592e-03
 33  1.120034e-03
 34  1.073129e-03
 35  9.992769e-04
 Iteration CPU time: 7 s
 CFIE residual: 0.000999277
 Last Built End in Sep 21 2025 00:06:12
 Total CPU time: 343 s
 Finished.
