 Last Built Begin in Sep 21 2025 00:06:12
 Pre-Type( Input ):           10
 Skl-Tol ( Input ):    1.0000000000000001E-005
 Wavelength in freespace: 0.0314097

 ################################################
 ##         Generating Required Mesh          ##
 ##         Waiting.....                      ##
 ################################################
 Subd No.      Subd Name
    1    Open-Duct_PRIME_model_meshAA1                                     
 isub,  nnode, npatch,  nedge:
    1      6118     12236     18354
 Scale Factor         >>   1.54999997E-02
 ################################################

 START TIME: 20250922   003436.922


 Informaton for IE geometry:
 number of subdomains     : 1
 maxnode,maxpatch,maxedge : 6118  12236  18354
 
 Index of Mat-Reg: 1
 Mat-Reg Number via MatFlg: 1
 Edge Number of Mat-Reg: 1, 18354

 Number of Edge on PEC: 18354
 Mat-Reg: No Dim(m) Lmax:
    1 0.228    5
 Totlmax, add1, add2:           5           6           7
 rlengmax of Global MLFMA >>   0.22827605810840665     
 Lmax of Global MLFMA >>            5
 Wavenum of Mat-Reg:
    1 1.000

 total area in sq m           =      0.0510
 total area in sq lambda      =     51.6639
 maxnode, maxpatch, maxedge           =     6118    12236    18354
 longest  edge in lambda              =      0.1486
 shortest edge in lambda              =      0.0071
 average  edge in lambda              =      0.0992
 largest  patch area in sq lambda     =      0.0075
 smallest patch area in sq lambda     =      0.0000
 ave    surface area in sq lambda     =      0.0042
 size range of the object in sq lambda =      7.3048

 #### MLFMA Info For Each Region ####
 Mat-Region =            1
 Array dimension parameters:
 maxrule=          14   maxgrid  =          64
 lmax   =           5   ncmax    =        1250
 lsmax  =          26   lsmin    =           6
 kpm    =        1356   kp0      =          76
 ntlm   =      204640   nsm      =      205900
 nkpm   =        2152   niplm    =      137728
 ngnearm=       14257   ngsndm   =       64634
 nearm  =         333   mfinestm =         119
 ###############################

 CFIE Alpha:  0.50000000000000000     

 Fill MLFMA FI for Mat-Reg:           1
 Begin filltl.f
 fill translation matrix
 Level:            2
 fill shifting matrix
 Level:            3
 fill shifting matrix
 Level:            4
 fill shifting matrix
 Level:            5
 fill shifting matrix
 translator time(s):  0.120000005    
 fill interpolation matrix
 ThetaOrder            8
 PhiOrder            8
 lsl            6
 Filling TL                  Delta_CPU=          0.54 Memory(MB)=        586.87
 Filling sndgrp              Delta_CPU=          0.01 Memory(MB)=        586.87
 Filling VFS                 Delta_CPU=          2.40 Memory(MB)=        586.87

 Fill MLFMA NI for Mat-Reg:           1
 Begin fill sparser part of Nearfield
 Begin fill denser part of Nearfield
 End fill
 Filling Amn                 Delta_CPU=         91.52 Memory(MB)=        586.87


 Now testing preconditioner with
 ipretype =           10
 method = cfie_solve_nfrasspspre_pardiso

  
 NBP>>Begin fill sparser part of Nearfield

113.7357% NBP>>Begin fill denser part of Nearfield

200.1041%
 Begin MLFMA Box-Matrix Based Spar-RAS Prec Constructor
 --- Intel MKL PARDISO --- 
 Memory for iGroup: 1 0 MB
 Total Memory For SparRAS Pre: 0 MB
 --- PARDISO PRECONDITIONER INITIALIZED --- 
 Constructing preconditioner CPU time: 5 s
 
 1101240
 Memory for Iteration:: 16.8036 MB

 Iseg, Ninc_S : 1, 181, 0

 Iseg, Skeleton Angles: 1, 38
 Iseg, Skel-Pk Mem(MB): 1, 314.35

 Iseg, Irank, Idinc : 1, 1, 22
 Thata, Phi : 90.000000, 21.000000
 Maximun iteration: 300
 Number of recycle truncation: 30
 Final matrix dimension:  36708
 Residual error:0.001000
 0  6.043008e-01
 1  2.896614e-01
 2  1.656727e-01
 3  1.139876e-01
 4  8.132360e-02
 5  5.990514e-02
 6  4.581851e-02
 7  3.632777e-02
 8  2.860253e-02
 9  2.240118e-02
 10  1.758569e-02
 11  1.370521e-02
 12  1.135935e-02
 13  9.263415e-03
 14  7.781541e-03
 15  6.607850e-03
 16  5.598398e-03
 17  4.743402e-03
 18  4.107785e-03
 19  3.518925e-03
 20  3.018675e-03
 21  2.646960e-03
 22  2.348065e-03
 23  2.127068e-03
 24  1.864784e-03
 25  1.599938e-03
 26  1.367459e-03
 27  1.147772e-03
 28  9.524696e-04
 Iteration CPU time: 7 s
 CFIE residual: 0.00095247

 Iseg, Irank, Idinc : 1, 2, 42
 Thata, Phi : 90.000000, 41.000000
 Maximun iteration: 300
 Number of recycle truncation: 30
 Final matrix dimension:  36708
 Residual error:0.001000
 0  6.213748e-01
 1  3.154551e-01
 2  2.008048e-01
 3  1.321114e-01
 4  9.092654e-02
 5  6.626999e-02
 6  4.902825e-02
 7  3.704592e-02
 8  2.854349e-02
 9  2.217433e-02
 10  1.769088e-02
 11  1.434500e-02
 12  1.150836e-02
 13  9.922247e-03
 14  8.384938e-03
 15  7.258875e-03
 16  6.487182e-03
 17  5.723380e-03
 18  4.996254e-03
 19  4.396770e-03
 20  3.747106e-03
 21  3.160109e-03
 22  2.633856e-03
 23  2.160831e-03
 24  1.752917e-03
 25  1.385473e-03
 26  1.101264e-03
 27  8.652612e-04
 Iteration CPU time: 6 s
 CFIE residual: 0.000865261

 Iseg, Irank, Idinc : 1, 3, 63
 Thata, Phi : 90.000000, 62.000000
 Maximun iteration: 300
 Number of recycle truncation: 30
 Final matrix dimension:  36708
 Residual error:0.001000
 0  6.654372e-01
 1  3.546724e-01
 2  2.213826e-01
 3  1.432199e-01
 4  1.046222e-01
 5  7.913169e-02
 6  6.062460e-02
 7  4.871086e-02
 8  3.901019e-02
 9  3.056382e-02
 10  2.434885e-02
 11  1.943755e-02
 12  1.610854e-02
 13  1.379418e-02
 14  1.178355e-02
 15  1.032155e-02
 16  9.157108e-03
 17  8.015815e-03
 18  7.141987e-03
 19  6.137623e-03
 20  5.271237e-03
 21  4.457309e-03
 22  3.632374e-03
 23  2.919997e-03
 24  2.331983e-03
 25  1.791003e-03
 26  1.395686e-03
 27  1.051733e-03
 28  8.082214e-04
 Iteration CPU time: 6 s
 CFIE residual: 0.000808221

 Iseg, Irank, Idinc : 1, 4, 108
 Thata, Phi : 90.000000, 107.000000
 Maximun iteration: 300
 Number of recycle truncation: 30
 Final matrix dimension:  36708
 Residual error:0.001000
 0  6.306050e-01
 1  3.590004e-01
 2  2.273637e-01
 3  1.547872e-01
 4  1.093424e-01
 5  8.216038e-02
 6  6.367593e-02
 7  4.962690e-02
 8  3.878362e-02
 9  3.047978e-02
 10  2.429420e-02
 11  1.930129e-02
 12  1.577221e-02
 13  1.278956e-02
 14  1.082241e-02
 15  9.101484e-03
 16  7.720582e-03
 17  6.684236e-03
 18  5.909904e-03
 19  5.153691e-03
 20  4.527117e-03
 21  4.034053e-03
 22  3.503629e-03
 23  3.043511e-03
 24  2.636517e-03
 25  2.218436e-03
 26  1.803690e-03
 27  1.454946e-03
 28  1.184504e-03
 29  9.238779e-04
 Iteration CPU time: 7 s
 CFIE residual: 0.000923878

 Iseg, Irank, Idinc : 1, 5, 74
 Thata, Phi : 90.000000, 73.000000
 Maximun iteration: 300
 Number of recycle truncation: 30
 Final matrix dimension:  36708
 Residual error:0.001000
 0  6.466831e-01
 1  3.696836e-01
 2  2.390294e-01
 3  1.520884e-01
 4  1.075178e-01
 5  8.320537e-02
 6  6.468171e-02
 7  5.319593e-02
 8  4.267869e-02
 9  3.469151e-02
 10  2.811597e-02
 11  2.279229e-02
 12  1.866901e-02
 13  1.597191e-02
 14  1.373767e-02
 15  1.208481e-02
 16  1.092980e-02
 17  9.608951e-03
 18  8.453188e-03
 19  7.417594e-03
 20  6.507698e-03
 21  5.600611e-03
 22  4.751683e-03
 23  3.911155e-03
 24  3.143152e-03
 25  2.508095e-03
 26  1.982098e-03
 27  1.605327e-03
 28  1.275088e-03
 29  1.006117e-03
 30  7.654605e-04
 Iteration CPU time: 7 s
 CFIE residual: 0.00076546

 Iseg, Irank, Idinc : 1, 6, 146
 Thata, Phi : 90.000000, 145.000000
 Maximun iteration: 300
 Number of recycle truncation: 30
 Final matrix dimension:  36708
 Residual error:0.001000
 0  6.446866e-01
 1  3.432282e-01
 2  2.075599e-01
 3  1.463860e-01
 4  1.058779e-01
 5  8.264986e-02
 6  6.391989e-02
 7  5.175438e-02
 8  4.304491e-02
 9  3.575050e-02
 10  2.970940e-02
 11  2.440859e-02
 12  2.021289e-02
 13  1.609325e-02
 14  1.262806e-02
 15  1.016066e-02
 16  8.195022e-03
 17  6.802557e-03
 18  5.719636e-03
 19  4.726380e-03
 20  4.000078e-03
 21  3.459722e-03
 22  3.039795e-03
 23  2.676872e-03
 24  2.368985e-03
 25  2.090817e-03
 26  1.817768e-03
 27  1.572707e-03
 28  1.306465e-03
 29  1.083335e-03
 30  8.694555e-04
 Iteration CPU time: 7 s
 CFIE residual: 0.000869455

 Iseg, Irank, Idinc : 1, 7, 159
 Thata, Phi : 90.000000, 158.000000
 Maximun iteration: 300
 Number of recycle truncation: 30
 Final matrix dimension:  36708
 Residual error:0.001000
 0  6.008506e-01
 1  3.120040e-01
 2  1.881067e-01
 3  1.330799e-01
 4  1.012798e-01
 5  8.092383e-02
 6  6.458824e-02
 7  5.295299e-02
 8  4.495475e-02
 9  3.808177e-02
 10  3.242598e-02
 11  2.675246e-02
 12  2.179155e-02
 13  1.724941e-02
 14  1.410426e-02
 15  1.120468e-02
 16  8.787482e-03
 17  7.123309e-03
 18  5.809982e-03
 19  4.852185e-03
 20  3.993078e-03
 21  3.343265e-03
 22  2.898829e-03
 23  2.511548e-03
 24  2.204096e-03
 25  1.957143e-03
 26  1.735625e-03
 27  1.518513e-03
 28  1.303389e-03
 29  1.106047e-03
 30  9.274149e-04
 Iteration CPU time: 7 s
 CFIE residual: 0.000927415

 Iseg, Irank, Idinc : 1, 8, 132
 Thata, Phi : 90.000000, 131.000000
 Maximun iteration: 300
 Number of recycle truncation: 30
 Final matrix dimension:  36708
 Residual error:0.001000
 0  6.834844e-01
 1  3.597078e-01
 2  2.316386e-01
 3  1.584398e-01
 4  1.136106e-01
 5  8.745880e-02
 6  6.662093e-02
 7  5.239928e-02
 8  4.165288e-02
 9  3.312025e-02
 10  2.650378e-02
 11  2.096013e-02
 12  1.701700e-02
 13  1.407248e-02
 14  1.157020e-02
 15  9.560264e-03
 16  7.934915e-03
 17  6.779753e-03
 18  5.853168e-03
 19  5.145592e-03
 20  4.525079e-03
 21  4.038661e-03
 22  3.561086e-03
 23  3.188285e-03
 24  2.757725e-03
 25  2.308231e-03
 26  1.957327e-03
 27  1.616106e-03
 28  1.364982e-03
 29  1.135252e-03
 30  9.213932e-04
 Iteration CPU time: 6 s
 CFIE residual: 0.000921393

 Iseg, Irank, Idinc : 1, 9, 122
 Thata, Phi : 90.000000, 121.000000
 Maximun iteration: 300
 Number of recycle truncation: 30
 Final matrix dimension:  36708
 Residual error:0.001000
 0  6.529041e-01
 1  3.467242e-01
 2  2.282490e-01
 3  1.578792e-01
 4  1.118165e-01
 5  8.522597e-02
 6  6.518669e-02
 7  5.110885e-02
 8  3.876234e-02
 9  3.065394e-02
 10  2.421261e-02
 11  1.906123e-02
 12  1.528964e-02
 13  1.289758e-02
 14  1.098207e-02
 15  9.369336e-03
 16  8.041820e-03
 17  6.931436e-03
 18  6.061200e-03
 19  5.257235e-03
 20  4.574102e-03
 21  3.999027e-03
 22  3.517866e-03
 23  3.039206e-03
 24  2.617430e-03
 25  2.200543e-03
 26  1.848284e-03
 27  1.553266e-03
 28  1.280427e-03
 29  1.023870e-03
 30  8.222378e-04
 Iteration CPU time: 6 s
 CFIE residual: 0.000822238

 Iseg, Irank, Idinc : 1, 10, 89
 Thata, Phi : 90.000000, 88.000000
 Maximun iteration: 300
 Number of recycle truncation: 30
 Final matrix dimension:  36708
 Residual error:0.001000
 0  6.241430e-01
 1  3.581385e-01
 2  2.308570e-01
 3  1.568080e-01
 4  1.134036e-01
 5  8.918233e-02
 6  6.971039e-02
 7  5.549963e-02
 8  4.562395e-02
 9  3.626556e-02
 10  2.859606e-02
 11  2.277939e-02
 12  1.856309e-02
 13  1.529846e-02
 14  1.294237e-02
 15  1.123180e-02
 16  9.802054e-03
 17  8.727378e-03
 18  7.750330e-03
 19  6.830668e-03
 20  6.029694e-03
 21  5.213305e-03
 22  4.302097e-03
 23  3.554345e-03
 24  2.923983e-03
 25  2.376438e-03
 26  1.863943e-03
 27  1.463648e-03
 28  1.156044e-03
 29  9.025728e-04
 Iteration CPU time: 7 s
 CFIE residual: 0.000902573

 Iseg, Irank, Idinc : 1, 11, 32
 Thata, Phi : 90.000000, 31.000000
 Maximun iteration: 300
 Number of recycle truncation: 30
 Final matrix dimension:  36708
 Residual error:0.001000
 0  6.302574e-01
 1  3.052959e-01
 2  1.794814e-01
 3  1.139236e-01
 4  8.062132e-02
 5  6.018900e-02
 6  4.435271e-02
 7  3.424664e-02
 8  2.607280e-02
 9  2.028811e-02
 10  1.656785e-02
 11  1.325728e-02
 12  1.087240e-02
 13  9.175635e-03
 14  7.601818e-03
 15  6.458705e-03
 16  5.676594e-03
 17  4.919080e-03
 18  4.295427e-03
 19  3.794537e-03
 20  3.278961e-03
 21  2.842991e-03
 22  2.506924e-03
 23  2.188309e-03
 24  1.877637e-03
 25  1.559873e-03
 26  1.284330e-03
 27  1.034522e-03
 28  8.531590e-04
 Iteration CPU time: 6 s
 CFIE residual: 0.000853159

 Iseg, Irank, Idinc : 1, 12, 53
 Thata, Phi : 90.000000, 52.000000
 Maximun iteration: 300
 Number of recycle truncation: 30
 Final matrix dimension:  36708
 Residual error:0.001000
 0  6.424625e-01
 1  3.329159e-01
 2  2.070603e-01
 3  1.356483e-01
 4  9.642374e-02
 5  7.192681e-02
 6  5.544416e-02
 7  4.290342e-02
 8  3.366345e-02
 9  2.592211e-02
 10  2.053002e-02
 11  1.692424e-02
 12  1.401926e-02
 13  1.211627e-02
 14  1.047602e-02
 15  9.096788e-03
 16  8.093093e-03
 17  7.163820e-03
 18  6.215162e-03
 19  5.248952e-03
 20  4.444931e-03
 21  3.736250e-03
 22  3.042712e-03
 23  2.440092e-03
 24  1.937226e-03
 25  1.490274e-03
 26  1.153286e-03
 27  9.327866e-04
 Iteration CPU time: 6 s
 CFIE residual: 0.000932787

 Iseg, Irank, Idinc : 1, 13, 11
 Thata, Phi : 90.000000, 10.000000
 Maximun iteration: 300
 Number of recycle truncation: 30
 Final matrix dimension:  36708
 Residual error:0.001000
 0  5.337046e-01
 1  2.743615e-01
 2  1.716795e-01
 3  1.228201e-01
 4  8.846034e-02
 5  6.718495e-02
 6  5.122849e-02
 7  4.001480e-02
 8  3.092177e-02
 9  2.407631e-02
 10  1.916440e-02
 11  1.509627e-02
 12  1.178565e-02
 13  9.552679e-03
 14  7.839038e-03
 15  6.546382e-03
 16  5.631376e-03
 17  4.738271e-03
 18  4.123737e-03
 19  3.610030e-03
 20  3.109798e-03
 21  2.685511e-03
 22  2.374132e-03
 23  2.130543e-03
 24  1.854644e-03
 25  1.609388e-03
 26  1.415553e-03
 27  1.240227e-03
 28  1.059582e-03
 29  8.785861e-04
 Iteration CPU time: 6 s
 CFIE residual: 0.000878586

 Iseg, Irank, Idinc : 1, 14, 97
 Thata, Phi : 90.000000, 96.000000
 Maximun iteration: 300
 Number of recycle truncation: 30
 Final matrix dimension:  36708
 Residual error:0.001000
 0  6.216804e-01
 1  3.570361e-01
 2  2.254804e-01
 3  1.508687e-01
 4  1.081577e-01
 5  8.251496e-02
 6  6.484421e-02
 7  5.211569e-02
 8  4.167843e-02
 9  3.317946e-02
 10  2.622163e-02
 11  2.081713e-02
 12  1.704619e-02
 13  1.413948e-02
 14  1.175275e-02
 15  1.025454e-02
 16  8.882791e-03
 17  7.858939e-03
 18  7.040753e-03
 19  6.238159e-03
 20  5.572786e-03
 21  4.954570e-03
 22  4.223337e-03
 23  3.566847e-03
 24  2.998729e-03
 25  2.463149e-03
 26  1.996860e-03
 27  1.590383e-03
 28  1.261353e-03
 29  9.633564e-04
 Iteration CPU time: 7 s
 CFIE residual: 0.000963356

 Iseg, Irank, Idinc : 1, 15, 178
 Thata, Phi : 90.000000, 177.000000
 Maximun iteration: 300
 Number of recycle truncation: 30
 Final matrix dimension:  36708
 Residual error:0.001000
 0  5.496589e-01
 1  3.001961e-01
 2  1.911713e-01
 3  1.375129e-01
 4  1.069511e-01
 5  8.352968e-02
 6  6.840127e-02
 7  5.582317e-02
 8  4.450664e-02
 9  3.601334e-02
 10  2.846549e-02
 11  2.243585e-02
 12  1.761427e-02
 13  1.385082e-02
 14  1.090001e-02
 15  8.504597e-03
 16  6.915442e-03
 17  5.664280e-03
 18  4.651648e-03
 19  3.826584e-03
 20  3.171685e-03
 21  2.714644e-03
 22  2.383212e-03
 23  2.092595e-03
 24  1.849490e-03
 25  1.606783e-03
 26  1.428525e-03
 27  1.275869e-03
 28  1.103583e-03
 29  9.441719e-04
 Iteration CPU time: 7 s
 CFIE residual: 0.000944172

 Iseg, Irank, Idinc : 1, 16, 81
 Thata, Phi : 90.000000, 80.000000
 Maximun iteration: 300
 Number of recycle truncation: 30
 Final matrix dimension:  36708
 Residual error:0.001000
 0  6.302527e-01
 1  3.608665e-01
 2  2.341351e-01
 3  1.545316e-01
 4  1.108089e-01
 5  8.727988e-02
 6  6.738963e-02
 7  5.418857e-02
 8  4.479408e-02
 9  3.472518e-02
 10  2.755129e-02
 11  2.201401e-02
 12  1.825881e-02
 13  1.531377e-02
 14  1.321811e-02
 15  1.154015e-02
 16  1.017751e-02
 17  8.970317e-03
 18  8.006163e-03
 19  6.968212e-03
 20  6.127969e-03
 21  5.268588e-03
 22  4.422743e-03
 23  3.661299e-03
 24  3.019194e-03
 25  2.430792e-03
 26  1.960989e-03
 27  1.573784e-03
 28  1.254625e-03
 29  9.880992e-04
 Iteration CPU time: 6 s
 CFIE residual: 0.000988099

 Iseg, Irank, Idinc : 1, 17, 115
 Thata, Phi : 90.000000, 114.000000
 Maximun iteration: 300
 Number of recycle truncation: 30
 Final matrix dimension:  36708
 Residual error:0.001000
 0  6.453017e-01
 1  3.520862e-01
 2  2.249242e-01
 3  1.554485e-01
 4  1.098489e-01
 5  8.282729e-02
 6  6.387250e-02
 7  4.912962e-02
 8  3.781958e-02
 9  3.000558e-02
 10  2.376125e-02
 11  1.896862e-02
 12  1.531108e-02
 13  1.282591e-02
 14  1.079723e-02
 15  9.118462e-03
 16  7.737047e-03
 17  6.665548e-03
 18  5.723878e-03
 19  5.031054e-03
 20  4.406662e-03
 21  3.874517e-03
 22  3.371640e-03
 23  2.938238e-03
 24  2.487313e-03
 25  2.099791e-03
 26  1.750113e-03
 27  1.447707e-03
 28  1.167777e-03
 29  9.101174e-04
 Iteration CPU time: 7 s
 CFIE residual: 0.000910117

 Iseg, Irank, Idinc : 1, 18, 1
 Thata, Phi : 90.000000, 0.000000
 Maximun iteration: 300
 Number of recycle truncation: 30
 Final matrix dimension:  36708
 Residual error:0.001000
 0  5.017995e-01
 1  2.659104e-01
 2  1.730006e-01
 3  1.202830e-01
 4  8.635393e-02
 5  6.430216e-02
 6  4.925327e-02
 7  3.749944e-02
 8  2.981375e-02
 9  2.226952e-02
 10  1.715170e-02
 11  1.363535e-02
 12  1.082136e-02
 13  8.818052e-03
 14  7.185070e-03
 15  5.798583e-03
 16  4.846525e-03
 17  4.118151e-03
 18  3.567341e-03
 19  3.068508e-03
 20  2.684356e-03
 21  2.430562e-03
 22  2.122050e-03
 23  1.845056e-03
 24  1.608275e-03
 25  1.397611e-03
 26  1.235002e-03
 27  1.046250e-03
 28  8.743207e-04
 Iteration CPU time: 6 s
 CFIE residual: 0.000874321

 Iseg, Irank, Idinc : 1, 19, 167
 Thata, Phi : 90.000000, 166.000000
 Maximun iteration: 300
 Number of recycle truncation: 30
 Final matrix dimension:  36708
 Residual error:0.001000
 0  5.716666e-01
 1  3.020187e-01
 2  1.869969e-01
 3  1.359196e-01
 4  1.052102e-01
 5  8.477633e-02
 6  6.887906e-02
 7  5.640369e-02
 8  4.710330e-02
 9  3.969431e-02
 10  3.329641e-02
 11  2.742163e-02
 12  2.226562e-02
 13  1.779108e-02
 14  1.436134e-02
 15  1.155798e-02
 16  9.201430e-03
 17  7.604264e-03
 18  6.161488e-03
 19  5.003039e-03
 20  4.065067e-03
 21  3.383414e-03
 22  2.879247e-03
 23  2.488508e-03
 24  2.163860e-03
 25  1.873729e-03
 26  1.660496e-03
 27  1.462621e-03
 28  1.304353e-03
 29  1.142935e-03
 30  9.888261e-04
 Iteration CPU time: 6 s
 CFIE residual: 0.000988826

 Iseg, Irank, Idinc : 1, 20, 152
 Thata, Phi : 90.000000, 151.000000
 Maximun iteration: 300
 Number of recycle truncation: 30
 Final matrix dimension:  36708
 Residual error:0.001000
 0  6.256443e-01
 1  3.305755e-01
 2  1.990920e-01
 3  1.407531e-01
 4  1.036705e-01
 5  8.157572e-02
 6  6.452438e-02
 7  5.245723e-02
 8  4.439237e-02
 9  3.745488e-02
 10  3.122079e-02
 11  2.552227e-02
 12  2.061427e-02
 13  1.633244e-02
 14  1.286936e-02
 15  1.026346e-02
 16  7.994389e-03
 17  6.655746e-03
 18  5.511832e-03
 19  4.572615e-03
 20  3.844543e-03
 21  3.244951e-03
 22  2.812746e-03
 23  2.475821e-03
 24  2.205309e-03
 25  1.930860e-03
 26  1.675385e-03
 27  1.455917e-03
 28  1.204013e-03
 29  9.883971e-04
 Iteration CPU time: 7 s
 CFIE residual: 0.000988397

 Iseg, Irank, Idinc : 1, 21, 181
 Thata, Phi : 90.000000, 180.000000
 Maximun iteration: 300
 Number of recycle truncation: 30
 Final matrix dimension:  36708
 Residual error:0.001000
 0  5.481974e-01
 1  3.002287e-01
 2  1.912304e-01
 3  1.374369e-01
 4  1.067508e-01
 5  8.303887e-02
 6  6.792943e-02
 7  5.546169e-02
 8  4.404710e-02
 9  3.548204e-02
 10  2.763229e-02
 11  2.127681e-02
 12  1.618482e-02
 13  1.230185e-02
 14  9.457626e-03
 15  7.252653e-03
 16  5.756779e-03
 17  4.766596e-03
 18  3.860844e-03
 19  3.226828e-03
 20  2.767005e-03
 21  2.392120e-03
 22  2.108895e-03
 23  1.864275e-03
 24  1.674645e-03
 25  1.471976e-03
 26  1.315338e-03
 27  1.145990e-03
 28  9.637857e-04
 Iteration CPU time: 6 s
 CFIE residual: 0.000963786

 Iseg, Irank, Idinc : 1, 22, 16
 Thata, Phi : 90.000000, 15.000000
 Maximun iteration: 300
 Number of recycle truncation: 30
 Final matrix dimension:  36708
 Residual error:0.001000
 0  5.644783e-01
 1  2.810442e-01
 2  1.694490e-01
 3  1.204717e-01
 4  8.641594e-02
 5  6.495955e-02
 6  4.980509e-02
 7  3.959690e-02
 8  3.081489e-02
 9  2.389969e-02
 10  1.876677e-02
 11  1.490827e-02
 12  1.184600e-02
 13  9.502898e-03
 14  7.933525e-03
 15  6.644891e-03
 16  5.648870e-03
 17  4.816967e-03
 18  4.198294e-03
 19  3.611049e-03
 20  3.083359e-03
 21  2.705754e-03
 22  2.384243e-03
 23  2.180487e-03
 24  1.896575e-03
 25  1.634552e-03
 26  1.425840e-03
 27  1.223920e-03
 28  1.030213e-03
 29  8.580766e-04
 Iteration CPU time: 7 s
 CFIE residual: 0.000858077

 Iseg, Irank, Idinc : 1, 23, 139
 Thata, Phi : 90.000000, 138.000000
 Maximun iteration: 300
 Number of recycle truncation: 30
 Final matrix dimension:  36708
 Residual error:0.001000
 0  6.852446e-01
 1  3.544217e-01
 2  2.216533e-01
 3  1.538385e-01
 4  1.119731e-01
 5  8.549668e-02
 6  6.416658e-02
 7  5.133261e-02
 8  4.253612e-02
 9  3.428356e-02
 10  2.792336e-02
 11  2.253438e-02
 12  1.890170e-02
 13  1.507637e-02
 14  1.205641e-02
 15  9.692352e-03
 16  8.096117e-03
 17  6.701219e-03
 18  5.704237e-03
 19  4.912533e-03
 20  4.286761e-03
 21  3.821766e-03
 22  3.382364e-03
 23  2.971846e-03
 24  2.606447e-03
 25  2.226526e-03
 26  1.899779e-03
 27  1.580209e-03
 28  1.288906e-03
 29  1.050382e-03
 30  8.430528e-04
 Iteration CPU time: 7 s
 CFIE residual: 0.000843053

 Iseg, Irank, Idinc : 1, 24, 68
 Thata, Phi : 90.000000, 67.000000
 Maximun iteration: 300
 Number of recycle truncation: 30
 Final matrix dimension:  36708
 Residual error:0.001000
 0  6.612150e-01
 1  3.646050e-01
 2  2.301574e-01
 3  1.505688e-01
 4  1.105045e-01
 5  8.380293e-02
 6  6.441934e-02
 7  5.217467e-02
 8  4.219984e-02
 9  3.367921e-02
 10  2.738351e-02
 11  2.217362e-02
 12  1.811281e-02
 13  1.537548e-02
 14  1.309804e-02
 15  1.157986e-02
 16  1.032625e-02
 17  9.156870e-03
 18  8.064211e-03
 19  6.992629e-03
 20  6.074264e-03
 21  5.219700e-03
 22  4.391176e-03
 23  3.621450e-03
 24  2.894012e-03
 25  2.248647e-03
 26  1.788512e-03
 27  1.399133e-03
 28  1.090162e-03
 29  8.332670e-04
 Iteration CPU time: 7 s
 CFIE residual: 0.000833267

 Iseg, Irank, Idinc : 1, 25, 5
 Thata, Phi : 90.000000, 4.000000
 Maximun iteration: 300
 Number of recycle truncation: 30
 Final matrix dimension:  36708
 Residual error:0.001000
 0  5.078496e-01
 1  2.676326e-01
 2  1.726606e-01
 3  1.211232e-01
 4  8.752529e-02
 5  6.591895e-02
 6  5.041361e-02
 7  3.801507e-02
 8  2.969537e-02
 9  2.262086e-02
 10  1.784473e-02
 11  1.451719e-02
 12  1.152108e-02
 13  9.246415e-03
 14  7.610327e-03
 15  6.338155e-03
 16  5.380345e-03
 17  4.548827e-03
 18  3.913714e-03
 19  3.454321e-03
 20  3.008547e-03
 21  2.603106e-03
 22  2.294256e-03
 23  2.054247e-03
 24  1.775998e-03
 25  1.541332e-03
 26  1.355919e-03
 27  1.198108e-03
 28  1.022321e-03
 29  8.455490e-04
 Iteration CPU time: 6 s
 CFIE residual: 0.000845549

 Iseg, Irank, Idinc : 1, 26, 173
 Thata, Phi : 90.000000, 172.000000
 Maximun iteration: 300
 Number of recycle truncation: 30
 Final matrix dimension:  36708
 Residual error:0.001000
 0  5.571465e-01
 1  3.002918e-01
 2  1.903660e-01
 3  1.376769e-01
 4  1.073893e-01
 5  8.524088e-02
 6  6.981250e-02
 7  5.689660e-02
 8  4.629949e-02
 9  3.837236e-02
 10  3.146838e-02
 11  2.564997e-02
 12  2.071563e-02
 13  1.645325e-02
 14  1.345138e-02
 15  1.077880e-02
 16  8.675210e-03
 17  7.060938e-03
 18  5.687723e-03
 19  4.631180e-03
 20  3.784154e-03
 21  3.163845e-03
 22  2.715672e-03
 23  2.350903e-03
 24  2.033221e-03
 25  1.757097e-03
 26  1.552637e-03
 27  1.372696e-03
 28  1.216479e-03
 29  1.065844e-03
 30  9.271206e-04
 Iteration CPU time: 7 s
 CFIE residual: 0.000927121

 Iseg, Irank, Idinc : 1, 27, 102
 Thata, Phi : 90.000000, 101.000000
 Maximun iteration: 300
 Number of recycle truncation: 30
 Final matrix dimension:  36708
 Residual error:0.001000
 0  6.198764e-01
 1  3.559857e-01
 2  2.250841e-01
 3  1.517989e-01
 4  1.060416e-01
 5  8.033160e-02
 6  6.236705e-02
 7  4.917969e-02
 8  3.887484e-02
 9  3.024084e-02
 10  2.478838e-02
 11  1.957434e-02
 12  1.605300e-02
 13  1.325762e-02
 14  1.115620e-02
 15  9.423513e-03
 16  8.218992e-03
 17  7.198495e-03
 18  6.433619e-03
 19  5.693857e-03
 20  5.056680e-03
 21  4.456118e-03
 22  3.855796e-03
 23  3.316088e-03
 24  2.810391e-03
 25  2.332358e-03
 26  1.907301e-03
 27  1.543423e-03
 28  1.234112e-03
 29  9.799624e-04
 Iteration CPU time: 7 s
 CFIE residual: 0.000979962

 Iseg, Irank, Idinc : 1, 28, 47
 Thata, Phi : 90.000000, 46.000000
 Maximun iteration: 300
 Number of recycle truncation: 30
 Final matrix dimension:  36708
 Residual error:0.001000
 0  6.300504e-01
 1  3.212344e-01
 2  2.037796e-01
 3  1.355654e-01
 4  9.515528e-02
 5  7.003002e-02
 6  5.275519e-02
 7  4.047637e-02
 8  3.147649e-02
 9  2.451813e-02
 10  1.945368e-02
 11  1.576562e-02
 12  1.277497e-02
 13  1.093914e-02
 14  9.358478e-03
 15  8.118432e-03
 16  7.231910e-03
 17  6.399570e-03
 18  5.584464e-03
 19  4.709846e-03
 20  3.957653e-03
 21  3.321509e-03
 22  2.773283e-03
 23  2.232146e-03
 24  1.785747e-03
 25  1.434374e-03
 26  1.115225e-03
 27  8.829415e-04
 Iteration CPU time: 6 s
 CFIE residual: 0.000882941

 Iseg, Irank, Idinc : 1, 29, 27
 Thata, Phi : 90.000000, 26.000000
 Maximun iteration: 300
 Number of recycle truncation: 30
 Final matrix dimension:  36708
 Residual error:0.001000
 0  6.274098e-01
 1  2.974148e-01
 2  1.683902e-01
 3  1.101177e-01
 4  7.834243e-02
 5  5.811450e-02
 6  4.349861e-02
 7  3.385540e-02
 8  2.630163e-02
 9  2.059636e-02
 10  1.650680e-02
 11  1.306026e-02
 12  1.074337e-02
 13  8.917414e-03
 14  7.459090e-03
 15  6.431782e-03
 16  5.492525e-03
 17  4.671844e-03
 18  4.059963e-03
 19  3.549437e-03
 20  3.072983e-03
 21  2.687458e-03
 22  2.402796e-03
 23  2.148108e-03
 24  1.868060e-03
 25  1.577173e-03
 26  1.326764e-03
 27  1.098700e-03
 28  9.038452e-04
 Iteration CPU time: 7 s
 CFIE residual: 0.000903845

 Iseg, Irank, Idinc : 1, 30, 127
 Thata, Phi : 90.000000, 126.000000
 Maximun iteration: 300
 Number of recycle truncation: 30
 Final matrix dimension:  36708
 Residual error:0.001000
 0  6.608494e-01
 1  3.514110e-01
 2  2.299669e-01
 3  1.573926e-01
 4  1.125889e-01
 5  8.720624e-02
 6  6.635995e-02
 7  5.192860e-02
 8  4.008712e-02
 9  3.208614e-02
 10  2.502252e-02
 11  1.965080e-02
 12  1.605922e-02
 13  1.335845e-02
 14  1.111326e-02
 15  9.426914e-03
 16  7.984739e-03
 17  6.898437e-03
 18  6.110668e-03
 19  5.230651e-03
 20  4.586101e-03
 21  4.046158e-03
 22  3.575102e-03
 23  3.127965e-03
 24  2.709973e-03
 25  2.280138e-03
 26  1.947839e-03
 27  1.631599e-03
 28  1.413115e-03
 29  1.183309e-03
 30  9.458309e-04
 Iteration CPU time: 6 s
 CFIE residual: 0.000945831

 Iseg, Irank, Idinc : 1, 31, 163
 Thata, Phi : 90.000000, 162.000000
 Maximun iteration: 300
 Number of recycle truncation: 30
 Final matrix dimension:  36708
 Residual error:0.001000
 0  5.849422e-01
 1  3.052649e-01
 2  1.854585e-01
 3  1.333166e-01
 4  1.026144e-01
 5  8.270475e-02
 6  6.648302e-02
 7  5.462002e-02
 8  4.597984e-02
 9  3.903199e-02
 10  3.294979e-02
 11  2.731270e-02
 12  2.239092e-02
 13  1.789820e-02
 14  1.455110e-02
 15  1.160650e-02
 16  9.157442e-03
 17  7.597173e-03
 18  6.181183e-03
 19  5.006130e-03
 20  4.105871e-03
 21  3.444070e-03
 22  2.927205e-03
 23  2.525201e-03
 24  2.204493e-03
 25  1.924378e-03
 26  1.712960e-03
 27  1.509480e-03
 28  1.325840e-03
 29  1.146776e-03
 30  9.799680e-04
 Iteration CPU time: 6 s
 CFIE residual: 0.000979968

 Iseg, Irank, Idinc : 1, 32, 3
 Thata, Phi : 90.000000, 2.000000
 Maximun iteration: 300
 Number of recycle truncation: 30
 Final matrix dimension:  36708
 Residual error:0.001000
 0  5.033774e-01
 1  2.663583e-01
 2  1.728992e-01
 3  1.204920e-01
 4  8.667161e-02
 5  6.477968e-02
 6  4.961059e-02
 7  3.755884e-02
 8  2.971931e-02
 9  2.229603e-02
 10  1.725131e-02
 11  1.399364e-02
 12  1.124852e-02
 13  9.055363e-03
 14  7.430649e-03
 15  6.133340e-03
 16  5.183571e-03
 17  4.419477e-03
 18  3.817548e-03
 19  3.349326e-03
 20  2.930692e-03
 21  2.553130e-03
 22  2.253725e-03
 23  2.007182e-03
 24  1.737924e-03
 25  1.505232e-03
 26  1.331801e-03
 27  1.158237e-03
 28  9.854549e-04
 Iteration CPU time: 7 s
 CFIE residual: 0.000985455

 Iseg, Irank, Idinc : 1, 33, 85
 Thata, Phi : 90.000000, 84.000000
 Maximun iteration: 300
 Number of recycle truncation: 30
 Final matrix dimension:  36708
 Residual error:0.001000
 0  6.252297e-01
 1  3.570345e-01
 2  2.317340e-01
 3  1.586454e-01
 4  1.139257e-01
 5  8.959299e-02
 6  6.969292e-02
 7  5.551011e-02
 8  4.563828e-02
 9  3.570413e-02
 10  2.826426e-02
 11  2.244753e-02
 12  1.825277e-02
 13  1.510488e-02
 14  1.290513e-02
 15  1.127010e-02
 16  9.860103e-03
 17  8.715356e-03
 18  7.832719e-03
 19  6.857545e-03
 20  6.003051e-03
 21  5.185904e-03
 22  4.310084e-03
 23  3.559932e-03
 24  2.926391e-03
 25  2.363801e-03
 26  1.881852e-03
 27  1.507561e-03
 28  1.210855e-03
 29  9.581686e-04
 Iteration CPU time: 6 s
 CFIE residual: 0.000958169

 Iseg, Irank, Idinc : 1, 34, 37
 Thata, Phi : 90.000000, 36.000000
 Maximun iteration: 300
 Number of recycle truncation: 30
 Final matrix dimension:  36708
 Residual error:0.001000
 0  6.204215e-01
 1  3.122254e-01
 2  1.931646e-01
 3  1.234585e-01
 4  8.507740e-02
 5  6.260400e-02
 6  4.607459e-02
 7  3.528339e-02
 8  2.686683e-02
 9  2.066097e-02
 10  1.663257e-02
 11  1.347199e-02
 12  1.103903e-02
 13  9.464229e-03
 14  7.869296e-03
 15  6.736935e-03
 16  6.004524e-03
 17  5.225168e-03
 18  4.556513e-03
 19  4.016988e-03
 20  3.453488e-03
 21  2.955081e-03
 22  2.526800e-03
 23  2.140504e-03
 24  1.804140e-03
 25  1.478085e-03
 26  1.199011e-03
 27  9.506534e-04
 Iteration CPU time: 6 s
 CFIE residual: 0.000950653

 Iseg, Irank, Idinc : 1, 35, 180
 Thata, Phi : 90.000000, 179.000000
 Maximun iteration: 300
 Number of recycle truncation: 30
 Final matrix dimension:  36708
 Residual error:0.001000
 0  5.483800e-01
 1  3.002283e-01
 2  1.912284e-01
 3  1.374476e-01
 4  1.067752e-01
 5  8.309673e-02
 6  6.798779e-02
 7  5.550880e-02
 8  4.410611e-02
 9  3.554896e-02
 10  2.774051e-02
 11  2.144004e-02
 12  1.643921e-02
 13  1.263697e-02
 14  9.780599e-03
 15  7.508896e-03
 16  6.026226e-03
 17  5.044827e-03
 18  4.151159e-03
 19  3.447896e-03
 20  2.921535e-03
 21  2.522369e-03
 22  2.237216e-03
 23  1.978478e-03
 24  1.756792e-03
 25  1.531873e-03
 26  1.364367e-03
 27  1.211290e-03
 28  1.024246e-03
 29  8.535871e-04
 Iteration CPU time: 6 s
 CFIE residual: 0.000853587

 Iseg, Irank, Idinc : 1, 36, 58
 Thata, Phi : 90.000000, 57.000000
 Maximun iteration: 300
 Number of recycle truncation: 30
 Final matrix dimension:  36708
 Residual error:0.001000
 0  6.579174e-01
 1  3.424426e-01
 2  2.139570e-01
 3  1.371105e-01
 4  9.806618e-02
 5  7.210187e-02
 6  5.660159e-02
 7  4.544396e-02
 8  3.620067e-02
 9  2.795362e-02
 10  2.206341e-02
 11  1.805326e-02
 12  1.492328e-02
 13  1.277073e-02
 14  1.100317e-02
 15  9.564192e-03
 16  8.469459e-03
 17  7.435571e-03
 18  6.570706e-03
 19  5.545594e-03
 20  4.699910e-03
 21  3.940053e-03
 22  3.281188e-03
 23  2.593427e-03
 24  2.057829e-03
 25  1.580395e-03
 26  1.221757e-03
 27  9.424587e-04
 Iteration CPU time: 7 s
 CFIE residual: 0.000942459

 Iseg, Irank, Idinc : 1, 37, 142
 Thata, Phi : 90.000000, 141.000000
 Maximun iteration: 300
 Number of recycle truncation: 30
 Final matrix dimension:  36708
 Residual error:0.001000
 0  6.671212e-01
 1  3.496008e-01
 2  2.143140e-01
 3  1.497911e-01
 4  1.089580e-01
 5  8.409922e-02
 6  6.362211e-02
 7  5.112208e-02
 8  4.221698e-02
 9  3.443278e-02
 10  2.866918e-02
 11  2.342347e-02
 12  1.957259e-02
 13  1.541772e-02
 14  1.208448e-02
 15  9.814895e-03
 16  8.162475e-03
 17  6.764514e-03
 18  5.669043e-03
 19  4.843698e-03
 20  4.153681e-03
 21  3.674059e-03
 22  3.256379e-03
 23  2.857240e-03
 24  2.523583e-03
 25  2.196759e-03
 26  1.907730e-03
 27  1.596417e-03
 28  1.304939e-03
 29  1.070635e-03
 30  8.627925e-04
 Iteration CPU time: 6 s
 CFIE residual: 0.000862793

 Iseg, Irank, Idinc : 1, 38, 112
 Thata, Phi : 90.000000, 111.000000
 Maximun iteration: 300
 Number of recycle truncation: 30
 Final matrix dimension:  36708
 Residual error:0.001000
 0  6.403478e-01
 1  3.560573e-01
 2  2.259104e-01
 3  1.554753e-01
 4  1.103077e-01
 5  8.272669e-02
 6  6.386178e-02
 7  4.923925e-02
 8  3.818135e-02
 9  3.022775e-02
 10  2.384551e-02
 11  1.898990e-02
 12  1.547532e-02
 13  1.271009e-02
 14  1.077988e-02
 15  9.111031e-03
 16  7.630397e-03
 17  6.599402e-03
 18  5.742852e-03
 19  4.984916e-03
 20  4.369941e-03
 21  3.879369e-03
 22  3.364895e-03
 23  2.934778e-03
 24  2.518342e-03
 25  2.140203e-03
 26  1.742256e-03
 27  1.416387e-03
 28  1.148972e-03
 29  8.821724e-04
 Iteration CPU time: 6 s
 CFIE residual: 0.000882172
 Last Built End in Sep 21 2025 00:06:12
 Total CPU time: 270 s
 Finished.
