 Last Built Begin in Sep 21 2025 00:06:12
 Pre-Type( Input ):           10
 Skl-Tol ( Input ):    1.0000000000000001E-005
 Wavelength in freespace: 0.0295858

 ################################################
 ##         Generating Required Mesh          ##
 ##         Waiting.....                      ##
 ################################################
 Subd No.      Subd Name
    1    Open-Duct_PRIME_model_meshAA1                                     
 isub,  nnode, npatch,  nedge:
    1      6118     12236     18354
 Scale Factor         >>   1.54999997E-02
 ################################################

 START TIME: 20250922   062044.147


 Informaton for IE geometry:
 number of subdomains     : 1
 maxnode,maxpatch,maxedge : 6118  12236  18354
 
 Index of Mat-Reg: 1
 Mat-Reg Number via MatFlg: 1
 Edge Number of Mat-Reg: 1, 18354

 Number of Edge on PEC: 18354
 Mat-Reg: No Dim(m) Lmax:
    1 0.242    5
 Totlmax, add1, add2:           5           6           7
 rlengmax of Global MLFMA >>   0.24234860083183751     
 Lmax of Global MLFMA >>            5
 Wavenum of Mat-Reg:
    1 1.000

 total area in sq m           =      0.0510
 total area in sq lambda      =     58.2301
 maxnode, maxpatch, maxedge           =     6118    12236    18354
 longest  edge in lambda              =      0.1578
 shortest edge in lambda              =      0.0075
 average  edge in lambda              =      0.1053
 largest  patch area in sq lambda     =      0.0084
 smallest patch area in sq lambda     =      0.0000
 ave    surface area in sq lambda     =      0.0048
 size range of the object in sq lambda =      7.7552

 #### MLFMA Info For Each Region ####
 Mat-Region =            1
 Array dimension parameters:
 maxrule=          14   maxgrid  =          64
 lmax   =           5   ncmax    =        1250
 lsmax  =          27   lsmin    =           7
 kpm    =        1462   kp0      =         102
 ntlm   =      217096   nsm      =      232158
 nkpm   =        2284   niplm    =      146176
 ngnearm=       14257   ngsndm   =       64634
 nearm  =         333   mfinestm =         119
 ###############################

 CFIE Alpha:  0.50000000000000000     

 Fill MLFMA FI for Mat-Reg:           1
 Begin filltl.f
 fill translation matrix
 Level:            2
 fill shifting matrix
 Level:            3
 fill shifting matrix
 Level:            4
 fill shifting matrix
 Level:            5
 fill shifting matrix
 translator time(s):  0.119000003    
 fill interpolation matrix
 ThetaOrder            8
 PhiOrder            8
 lsl            7
 Filling TL                  Delta_CPU=          0.55 Memory(MB)=        653.98
 Filling sndgrp              Delta_CPU=          0.01 Memory(MB)=        653.98
 Filling VFS                 Delta_CPU=          3.22 Memory(MB)=        653.98

 Fill MLFMA NI for Mat-Reg:           1
 Begin fill sparser part of Nearfield
 Begin fill denser part of Nearfield
 End fill
 Filling Amn                 Delta_CPU=         90.66 Memory(MB)=        653.98


 Now testing preconditioner with
 ipretype =           10
 method = cfie_solve_nfrasspspre_pardiso

  
 NBP>>Begin fill sparser part of Nearfield

116.6493% NBP>>Begin fill denser part of Nearfield

200.1041%
 Begin MLFMA Box-Matrix Based Spar-RAS Prec Constructor
 --- Intel MKL PARDISO --- 
 Memory for iGroup: 1 0 MB
 Total Memory For SparRAS Pre: 0 MB
 --- PARDISO PRECONDITIONER INITIALIZED --- 
 Constructing preconditioner CPU time: 4 s
 
 1101240
 Memory for Iteration:: 16.8036 MB

 Iseg, Ninc_S : 1, 181, 0

 Iseg, Skeleton Angles: 1, 41
 Iseg, Skel-Pk Mem(MB): 1, 314.36

 Iseg, Irank, Idinc : 1, 1, 42
 Thata, Phi : 90.000000, 41.000000
 Maximun iteration: 300
 Number of recycle truncation: 30
 Final matrix dimension:  36708
 Residual error:0.001000
 0  6.312203e-01
 1  3.148053e-01
 2  1.982247e-01
 3  1.271918e-01
 4  8.755408e-02
 5  6.465028e-02
 6  4.835699e-02
 7  3.704226e-02
 8  2.817980e-02
 9  2.117457e-02
 10  1.586298e-02
 11  1.269996e-02
 12  1.002511e-02
 13  8.062096e-03
 14  6.573962e-03
 15  5.198657e-03
 16  4.268798e-03
 17  3.480071e-03
 18  2.798607e-03
 19  2.285914e-03
 20  1.866773e-03
 21  1.538919e-03
 22  1.294472e-03
 23  1.125874e-03
 24  9.762827e-04
 Iteration CPU time: 5 s
 CFIE residual: 0.000976283

 Iseg, Irank, Idinc : 1, 2, 22
 Thata, Phi : 90.000000, 21.000000
 Maximun iteration: 300
 Number of recycle truncation: 30
 Final matrix dimension:  36708
 Residual error:0.001000
 0  6.256840e-01
 1  2.933791e-01
 2  1.706237e-01
 3  1.140607e-01
 4  7.940615e-02
 5  5.876296e-02
 6  4.467223e-02
 7  3.441812e-02
 8  2.764342e-02
 9  2.216346e-02
 10  1.762517e-02
 11  1.392980e-02
 12  1.143751e-02
 13  9.271085e-03
 14  7.846018e-03
 15  6.283017e-03
 16  5.160016e-03
 17  4.336437e-03
 18  3.619958e-03
 19  3.050143e-03
 20  2.511731e-03
 21  1.984584e-03
 22  1.618450e-03
 23  1.350753e-03
 24  1.127080e-03
 25  9.393928e-04
 Iteration CPU time: 6 s
 CFIE residual: 0.000939393

 Iseg, Irank, Idinc : 1, 3, 109
 Thata, Phi : 90.000000, 108.000000
 Maximun iteration: 300
 Number of recycle truncation: 30
 Final matrix dimension:  36708
 Residual error:0.001000
 0  6.236764e-01
 1  3.523316e-01
 2  2.194946e-01
 3  1.504302e-01
 4  1.056450e-01
 5  7.944908e-02
 6  6.088444e-02
 7  4.757825e-02
 8  3.815895e-02
 9  3.005050e-02
 10  2.391475e-02
 11  1.937567e-02
 12  1.563221e-02
 13  1.286744e-02
 14  1.058747e-02
 15  8.548780e-03
 16  7.151604e-03
 17  5.862875e-03
 18  4.778316e-03
 19  4.021993e-03
 20  3.300640e-03
 21  2.673640e-03
 22  2.224310e-03
 23  1.875545e-03
 24  1.627998e-03
 25  1.417993e-03
 26  1.276842e-03
 27  1.176089e-03
 28  1.108007e-03
 29  1.049029e-03
 30  1.008886e-03
 31  9.828390e-04
 Iteration CPU time: 7 s
 CFIE residual: 0.000982839

 Iseg, Irank, Idinc : 1, 4, 63
 Thata, Phi : 90.000000, 62.000000
 Maximun iteration: 300
 Number of recycle truncation: 30
 Final matrix dimension:  36708
 Residual error:0.001000
 0  6.595152e-01
 1  3.569853e-01
 2  2.219902e-01
 3  1.421909e-01
 4  1.008185e-01
 5  7.739698e-02
 6  5.802299e-02
 7  4.584418e-02
 8  3.642821e-02
 9  2.862624e-02
 10  2.202836e-02
 11  1.685420e-02
 12  1.342993e-02
 13  1.061015e-02
 14  8.545202e-03
 15  7.056678e-03
 16  5.621951e-03
 17  4.692941e-03
 18  3.832921e-03
 19  3.230771e-03
 20  2.824533e-03
 21  2.461843e-03
 22  2.131580e-03
 23  1.900732e-03
 24  1.744975e-03
 25  1.641769e-03
 26  1.556847e-03
 27  1.496356e-03
 28  1.464325e-03
 29  1.436871e-03
 30  1.405744e-03
 31  1.376300e-03
 32  1.330697e-03
 33  1.276357e-03
 34  1.209914e-03
 35  1.123057e-03
 36  1.035667e-03
 37  9.437063e-04
 Iteration CPU time: 8 s
 CFIE residual: 0.000943706

 Iseg, Irank, Idinc : 1, 5, 147
 Thata, Phi : 90.000000, 146.000000
 Maximun iteration: 300
 Number of recycle truncation: 30
 Final matrix dimension:  36708
 Residual error:0.001000
 0  6.543748e-01
 1  3.448109e-01
 2  2.099917e-01
 3  1.410605e-01
 4  1.018616e-01
 5  7.733205e-02
 6  6.064911e-02
 7  4.740795e-02
 8  3.946396e-02
 9  3.393291e-02
 10  2.869781e-02
 11  2.451736e-02
 12  2.083796e-02
 13  1.732492e-02
 14  1.436758e-02
 15  1.189666e-02
 16  9.713567e-03
 17  7.977128e-03
 18  6.440687e-03
 19  5.227100e-03
 20  4.177190e-03
 21  3.371593e-03
 22  2.803955e-03
 23  2.322666e-03
 24  1.930115e-03
 25  1.535402e-03
 26  1.259431e-03
 27  1.038277e-03
 28  8.871968e-04
 Iteration CPU time: 7 s
 CFIE residual: 0.000887197

 Iseg, Irank, Idinc : 1, 6, 136
 Thata, Phi : 90.000000, 135.000000
 Maximun iteration: 300
 Number of recycle truncation: 30
 Final matrix dimension:  36708
 Residual error:0.001000
 0  6.977526e-01
 1  3.516170e-01
 2  2.191493e-01
 3  1.484550e-01
 4  1.077368e-01
 5  8.101904e-02
 6  6.140569e-02
 7  4.846756e-02
 8  3.855977e-02
 9  3.211224e-02
 10  2.587809e-02
 11  2.096378e-02
 12  1.715161e-02
 13  1.408775e-02
 14  1.143334e-02
 15  9.314286e-03
 16  7.557526e-03
 17  6.239538e-03
 18  5.093861e-03
 19  4.166733e-03
 20  3.419326e-03
 21  2.884205e-03
 22  2.456946e-03
 23  2.097397e-03
 24  1.820993e-03
 25  1.607945e-03
 26  1.426024e-03
 27  1.287471e-03
 28  1.186234e-03
 29  1.095287e-03
 30  1.030575e-03
 31  9.855348e-04
 Iteration CPU time: 7 s
 CFIE residual: 0.000985535

 Iseg, Irank, Idinc : 1, 7, 73
 Thata, Phi : 90.000000, 72.000000
 Maximun iteration: 300
 Number of recycle truncation: 30
 Final matrix dimension:  36708
 Residual error:0.001000
 0  6.359047e-01
 1  3.629024e-01
 2  2.353206e-01
 3  1.475015e-01
 4  1.030278e-01
 5  7.998896e-02
 6  6.190259e-02
 7  4.748201e-02
 8  3.787576e-02
 9  3.036179e-02
 10  2.447958e-02
 11  1.942563e-02
 12  1.540375e-02
 13  1.241340e-02
 14  1.009942e-02
 15  8.241829e-03
 16  6.731230e-03
 17  5.638765e-03
 18  4.665113e-03
 19  4.012933e-03
 20  3.455209e-03
 21  2.948941e-03
 22  2.562670e-03
 23  2.251529e-03
 24  2.042605e-03
 25  1.909110e-03
 26  1.813597e-03
 27  1.748881e-03
 28  1.698679e-03
 29  1.652521e-03
 30  1.617243e-03
 31  1.573835e-03
 32  1.526614e-03
 33  1.461152e-03
 34  1.377497e-03
 35  1.294005e-03
 36  1.195233e-03
 37  1.097904e-03
 38  9.804214e-04
 Iteration CPU time: 9 s
 CFIE residual: 0.000980421

 Iseg, Irank, Idinc : 1, 8, 86
 Thata, Phi : 90.000000, 85.000000
 Maximun iteration: 300
 Number of recycle truncation: 30
 Final matrix dimension:  36708
 Residual error:0.001000
 0  6.106674e-01
 1  3.471271e-01
 2  2.221532e-01
 3  1.514370e-01
 4  1.100684e-01
 5  8.375300e-02
 6  6.418950e-02
 7  5.070517e-02
 8  4.108954e-02
 9  3.217311e-02
 10  2.532257e-02
 11  2.037300e-02
 12  1.680945e-02
 13  1.363131e-02
 14  1.116951e-02
 15  8.856963e-03
 16  7.254060e-03
 17  6.001913e-03
 18  4.946737e-03
 19  4.127049e-03
 20  3.479321e-03
 21  2.954020e-03
 22  2.571994e-03
 23  2.296734e-03
 24  2.071789e-03
 25  1.914964e-03
 26  1.779004e-03
 27  1.685157e-03
 28  1.608262e-03
 29  1.556170e-03
 30  1.515429e-03
 31  1.483205e-03
 32  1.447303e-03
 33  1.393403e-03
 34  1.324095e-03
 35  1.245209e-03
 36  1.168616e-03
 37  1.097137e-03
 38  1.004865e-03
 39  8.979596e-04
 Iteration CPU time: 9 s
 CFIE residual: 0.00089796

 Iseg, Irank, Idinc : 1, 9, 159
 Thata, Phi : 90.000000, 158.000000
 Maximun iteration: 300
 Number of recycle truncation: 30
 Final matrix dimension:  36708
 Residual error:0.001000
 0  6.170898e-01
 1  3.141675e-01
 2  1.913649e-01
 3  1.294054e-01
 4  9.783153e-02
 5  7.756321e-02
 6  6.238895e-02
 7  5.093778e-02
 8  4.277739e-02
 9  3.650495e-02
 10  3.122479e-02
 11  2.678297e-02
 12  2.288657e-02
 13  1.929635e-02
 14  1.572378e-02
 15  1.325713e-02
 16  1.093958e-02
 17  8.973207e-03
 18  7.370629e-03
 19  6.020983e-03
 20  4.925798e-03
 21  3.966033e-03
 22  3.225037e-03
 23  2.635831e-03
 24  2.104355e-03
 25  1.697715e-03
 26  1.314923e-03
 27  1.067125e-03
 28  8.374791e-04
 Iteration CPU time: 6 s
 CFIE residual: 0.000837479

 Iseg, Irank, Idinc : 1, 10, 124
 Thata, Phi : 90.000000, 123.000000
 Maximun iteration: 300
 Number of recycle truncation: 30
 Final matrix dimension:  36708
 Residual error:0.001000
 0  6.540574e-01
 1  3.406537e-01
 2  2.221596e-01
 3  1.562354e-01
 4  1.121251e-01
 5  8.272358e-02
 6  6.518435e-02
 7  5.080668e-02
 8  4.008042e-02
 9  3.239768e-02
 10  2.497164e-02
 11  2.003852e-02
 12  1.561254e-02
 13  1.243632e-02
 14  1.009364e-02
 15  8.302245e-03
 16  6.884224e-03
 17  5.830448e-03
 18  4.682298e-03
 19  3.921487e-03
 20  3.351592e-03
 21  2.808639e-03
 22  2.404126e-03
 23  2.074181e-03
 24  1.776189e-03
 25  1.498317e-03
 26  1.303908e-03
 27  1.138221e-03
 28  1.006690e-03
 29  8.957284e-04
 Iteration CPU time: 7 s
 CFIE residual: 0.000895728

 Iseg, Irank, Idinc : 1, 11, 53
 Thata, Phi : 90.000000, 52.000000
 Maximun iteration: 300
 Number of recycle truncation: 30
 Final matrix dimension:  36708
 Residual error:0.001000
 0  6.522335e-01
 1  3.418100e-01
 2  2.095744e-01
 3  1.342885e-01
 4  9.586781e-02
 5  7.252439e-02
 6  5.578150e-02
 7  4.312581e-02
 8  3.282305e-02
 9  2.503963e-02
 10  1.933128e-02
 11  1.491921e-02
 12  1.162484e-02
 13  9.138478e-03
 14  7.553637e-03
 15  6.091586e-03
 16  4.892392e-03
 17  3.903641e-03
 18  3.096780e-03
 19  2.522912e-03
 20  2.101685e-03
 21  1.803674e-03
 22  1.571070e-03
 23  1.406278e-03
 24  1.281470e-03
 25  1.195133e-03
 26  1.142487e-03
 27  1.108209e-03
 28  1.081872e-03
 29  1.062605e-03
 30  1.045587e-03
 31  1.019967e-03
 32  9.893067e-04
 Iteration CPU time: 8 s
 CFIE residual: 0.000989307

 Iseg, Irank, Idinc : 1, 12, 32
 Thata, Phi : 90.000000, 31.000000
 Maximun iteration: 300
 Number of recycle truncation: 30
 Final matrix dimension:  36708
 Residual error:0.001000
 0  6.336292e-01
 1  3.062255e-01
 2  1.810308e-01
 3  1.134564e-01
 4  7.983787e-02
 5  5.850406e-02
 6  4.289831e-02
 7  3.276216e-02
 8  2.575192e-02
 9  2.009768e-02
 10  1.612701e-02
 11  1.328458e-02
 12  1.049257e-02
 13  8.433500e-03
 14  6.998222e-03
 15  5.553553e-03
 16  4.566987e-03
 17  3.733202e-03
 18  3.092447e-03
 19  2.631350e-03
 20  2.170008e-03
 21  1.771872e-03
 22  1.450777e-03
 23  1.224130e-03
 24  1.018945e-03
 25  8.516310e-04
 Iteration CPU time: 6 s
 CFIE residual: 0.000851631

 Iseg, Irank, Idinc : 1, 13, 177
 Thata, Phi : 90.000000, 176.000000
 Maximun iteration: 300
 Number of recycle truncation: 30
 Final matrix dimension:  36708
 Residual error:0.001000
 0  5.809670e-01
 1  2.986888e-01
 2  1.871076e-01
 3  1.321304e-01
 4  1.022642e-01
 5  8.080084e-02
 6  6.492300e-02
 7  5.483527e-02
 8  4.521310e-02
 9  3.634946e-02
 10  2.983730e-02
 11  2.467867e-02
 12  1.995119e-02
 13  1.693522e-02
 14  1.357077e-02
 15  1.101202e-02
 16  8.968538e-03
 17  7.266909e-03
 18  5.905832e-03
 19  4.868722e-03
 20  3.982644e-03
 21  3.345962e-03
 22  2.793996e-03
 23  2.347847e-03
 24  1.981110e-03
 25  1.656991e-03
 26  1.378520e-03
 27  1.160384e-03
 28  9.728040e-04
 Iteration CPU time: 6 s
 CFIE residual: 0.000972804

 Iseg, Irank, Idinc : 1, 14, 9
 Thata, Phi : 90.000000, 8.000000
 Maximun iteration: 300
 Number of recycle truncation: 30
 Final matrix dimension:  36708
 Residual error:0.001000
 0  5.415769e-01
 1  2.759111e-01
 2  1.753630e-01
 3  1.233318e-01
 4  8.939737e-02
 5  6.669857e-02
 6  5.087428e-02
 7  3.925813e-02
 8  3.084244e-02
 9  2.398366e-02
 10  1.867052e-02
 11  1.490784e-02
 12  1.213762e-02
 13  9.856646e-03
 14  7.898206e-03
 15  6.209593e-03
 16  5.145767e-03
 17  4.302661e-03
 18  3.600195e-03
 19  3.073548e-03
 20  2.635839e-03
 21  2.220329e-03
 22  1.845283e-03
 23  1.548444e-03
 24  1.317608e-03
 25  1.102497e-03
 26  9.499653e-04
 Iteration CPU time: 6 s
 CFIE residual: 0.000949965

 Iseg, Irank, Idinc : 1, 15, 94
 Thata, Phi : 90.000000, 93.000000
 Maximun iteration: 300
 Number of recycle truncation: 30
 Final matrix dimension:  36708
 Residual error:0.001000
 0  6.054320e-01
 1  3.457217e-01
 2  2.186913e-01
 3  1.469808e-01
 4  1.047664e-01
 5  8.043385e-02
 6  6.312136e-02
 7  4.968709e-02
 8  3.973529e-02
 9  3.135494e-02
 10  2.508845e-02
 11  2.041811e-02
 12  1.674830e-02
 13  1.412874e-02
 14  1.179454e-02
 15  9.489288e-03
 16  7.817468e-03
 17  6.431102e-03
 18  5.302238e-03
 19  4.375596e-03
 20  3.637996e-03
 21  3.043249e-03
 22  2.589947e-03
 23  2.273104e-03
 24  2.037556e-03
 25  1.842173e-03
 26  1.680772e-03
 27  1.575670e-03
 28  1.509161e-03
 29  1.449459e-03
 30  1.407353e-03
 31  1.366808e-03
 32  1.336224e-03
 33  1.295031e-03
 34  1.247164e-03
 35  1.196330e-03
 36  1.147234e-03
 37  1.075329e-03
 38  9.829248e-04
 Iteration CPU time: 8 s
 CFIE residual: 0.000982925

 Iseg, Irank, Idinc : 1, 16, 102
 Thata, Phi : 90.000000, 101.000000
 Maximun iteration: 300
 Number of recycle truncation: 30
 Final matrix dimension:  36708
 Residual error:0.001000
 0  6.101590e-01
 1  3.461961e-01
 2  2.164213e-01
 3  1.475249e-01
 4  1.046904e-01
 5  7.855163e-02
 6  5.992650e-02
 7  4.760298e-02
 8  3.775095e-02
 9  3.058178e-02
 10  2.502025e-02
 11  2.042754e-02
 12  1.645417e-02
 13  1.352341e-02
 14  1.118027e-02
 15  9.313851e-03
 16  7.681836e-03
 17  6.366983e-03
 18  5.189307e-03
 19  4.283055e-03
 20  3.497100e-03
 21  2.889073e-03
 22  2.469609e-03
 23  2.108728e-03
 24  1.842616e-03
 25  1.652055e-03
 26  1.488648e-03
 27  1.386238e-03
 28  1.306334e-03
 29  1.253340e-03
 30  1.216666e-03
 31  1.185794e-03
 32  1.152790e-03
 33  1.120872e-03
 34  1.082161e-03
 35  1.042675e-03
 36  9.983123e-04
 Iteration CPU time: 9 s
 CFIE residual: 0.000998312

 Iseg, Irank, Idinc : 1, 17, 79
 Thata, Phi : 90.000000, 78.000000
 Maximun iteration: 300
 Number of recycle truncation: 30
 Final matrix dimension:  36708
 Residual error:0.001000
 0  6.177851e-01
 1  3.538151e-01
 2  2.286828e-01
 3  1.478529e-01
 4  1.059380e-01
 5  8.049539e-02
 6  6.269527e-02
 7  4.904160e-02
 8  3.932450e-02
 9  3.096887e-02
 10  2.444914e-02
 11  1.899205e-02
 12  1.553427e-02
 13  1.274179e-02
 14  1.062008e-02
 15  8.739845e-03
 16  7.218794e-03
 17  5.899093e-03
 18  4.931994e-03
 19  4.185187e-03
 20  3.560171e-03
 21  3.038538e-03
 22  2.656462e-03
 23  2.335631e-03
 24  2.104196e-03
 25  1.957432e-03
 26  1.838432e-03
 27  1.762089e-03
 28  1.691145e-03
 29  1.636121e-03
 30  1.594203e-03
 31  1.543549e-03
 32  1.502666e-03
 33  1.451503e-03
 34  1.385215e-03
 35  1.303393e-03
 36  1.224065e-03
 37  1.139138e-03
 38  1.039681e-03
 39  9.150668e-04
 Iteration CPU time: 9 s
 CFIE residual: 0.000915067

 Iseg, Irank, Idinc : 1, 18, 117
 Thata, Phi : 90.000000, 116.000000
 Maximun iteration: 300
 Number of recycle truncation: 30
 Final matrix dimension:  36708
 Residual error:0.001000
 0  6.457547e-01
 1  3.467421e-01
 2  2.170673e-01
 3  1.516712e-01
 4  1.086760e-01
 5  7.950907e-02
 6  6.182866e-02
 7  4.829647e-02
 8  3.803039e-02
 9  3.021338e-02
 10  2.416458e-02
 11  1.899427e-02
 12  1.519490e-02
 13  1.242587e-02
 14  1.020398e-02
 15  8.322219e-03
 16  6.851985e-03
 17  5.598022e-03
 18  4.552210e-03
 19  3.845846e-03
 20  3.169430e-03
 21  2.616816e-03
 22  2.236428e-03
 23  1.867063e-03
 24  1.601219e-03
 25  1.339362e-03
 26  1.180518e-03
 27  1.037429e-03
 28  9.389143e-04
 Iteration CPU time: 6 s
 CFIE residual: 0.000938914

 Iseg, Irank, Idinc : 1, 19, 1
 Thata, Phi : 90.000000, 0.000000
 Maximun iteration: 300
 Number of recycle truncation: 30
 Final matrix dimension:  36708
 Residual error:0.001000
 0  5.167990e-01
 1  2.706860e-01
 2  1.752643e-01
 3  1.211120e-01
 4  8.624752e-02
 5  6.580275e-02
 6  5.110348e-02
 7  3.764131e-02
 8  2.846440e-02
 9  2.266863e-02
 10  1.828188e-02
 11  1.475268e-02
 12  1.120537e-02
 13  8.984862e-03
 14  7.214327e-03
 15  5.893176e-03
 16  4.810886e-03
 17  4.035234e-03
 18  3.401929e-03
 19  2.923589e-03
 20  2.491846e-03
 21  2.097635e-03
 22  1.745621e-03
 23  1.419719e-03
 24  1.117837e-03
 25  8.929489e-04
 Iteration CPU time: 6 s
 CFIE residual: 0.000892949

 Iseg, Irank, Idinc : 1, 20, 167
 Thata, Phi : 90.000000, 166.000000
 Maximun iteration: 300
 Number of recycle truncation: 30
 Final matrix dimension:  36708
 Residual error:0.001000
 0  5.904387e-01
 1  3.010307e-01
 2  1.864063e-01
 3  1.311452e-01
 4  1.017761e-01
 5  8.062293e-02
 6  6.536312e-02
 7  5.452718e-02
 8  4.546894e-02
 9  3.839075e-02
 10  3.242641e-02
 11  2.734081e-02
 12  2.353339e-02
 13  2.006878e-02
 14  1.657942e-02
 15  1.373156e-02
 16  1.129290e-02
 17  9.411101e-03
 18  7.739915e-03
 19  6.305465e-03
 20  5.065951e-03
 21  4.123486e-03
 22  3.417939e-03
 23  2.804559e-03
 24  2.290723e-03
 25  1.860072e-03
 26  1.494689e-03
 27  1.217319e-03
 28  1.001336e-03
 29  8.343970e-04
 Iteration CPU time: 7 s
 CFIE residual: 0.000834397

 Iseg, Irank, Idinc : 1, 21, 15
 Thata, Phi : 90.000000, 14.000000
 Maximun iteration: 300
 Number of recycle truncation: 30
 Final matrix dimension:  36708
 Residual error:0.001000
 0  5.802813e-01
 1  2.833027e-01
 2  1.744932e-01
 3  1.210474e-01
 4  8.658372e-02
 5  6.431382e-02
 6  4.997765e-02
 7  3.850075e-02
 8  3.027788e-02
 9  2.426858e-02
 10  1.910798e-02
 11  1.493249e-02
 12  1.185523e-02
 13  9.561023e-03
 14  7.942441e-03
 15  6.319365e-03
 16  5.181268e-03
 17  4.345230e-03
 18  3.660768e-03
 19  3.117639e-03
 20  2.575522e-03
 21  2.099670e-03
 22  1.746430e-03
 23  1.457885e-03
 24  1.241143e-03
 25  1.040653e-03
 26  8.893758e-04
 Iteration CPU time: 6 s
 CFIE residual: 0.000889376

 Iseg, Irank, Idinc : 1, 22, 153
 Thata, Phi : 90.000000, 152.000000
 Maximun iteration: 300
 Number of recycle truncation: 30
 Final matrix dimension:  36708
 Residual error:0.001000
 0  6.343274e-01
 1  3.291784e-01
 2  2.023513e-01
 3  1.341481e-01
 4  9.902458e-02
 5  7.723974e-02
 6  6.064643e-02
 7  4.871233e-02
 8  4.055870e-02
 9  3.439442e-02
 10  2.916693e-02
 11  2.468722e-02
 12  2.122544e-02
 13  1.784541e-02
 14  1.446455e-02
 15  1.197935e-02
 16  9.850070e-03
 17  8.162839e-03
 18  6.720907e-03
 19  5.582929e-03
 20  4.550390e-03
 21  3.695819e-03
 22  2.960037e-03
 23  2.459816e-03
 24  1.941328e-03
 25  1.527496e-03
 26  1.214058e-03
 27  9.753936e-04
 Iteration CPU time: 7 s
 CFIE residual: 0.000975394

 Iseg, Irank, Idinc : 1, 23, 181
 Thata, Phi : 90.000000, 180.000000
 Maximun iteration: 300
 Number of recycle truncation: 30
 Final matrix dimension:  36708
 Residual error:0.001000
 0  5.804133e-01
 1  2.986059e-01
 2  1.867569e-01
 3  1.315459e-01
 4  1.012625e-01
 5  7.954311e-02
 6  6.394127e-02
 7  5.397113e-02
 8  4.449032e-02
 9  3.551103e-02
 10  2.831211e-02
 11  2.288666e-02
 12  1.857866e-02
 13  1.497490e-02
 14  1.191951e-02
 15  9.266560e-03
 16  7.269538e-03
 17  5.880841e-03
 18  4.891274e-03
 19  4.020888e-03
 20  3.346812e-03
 21  2.775923e-03
 22  2.299479e-03
 23  1.893497e-03
 24  1.583408e-03
 25  1.298368e-03
 26  1.075093e-03
 27  8.934851e-04
 Iteration CPU time: 6 s
 CFIE residual: 0.000893485

 Iseg, Irank, Idinc : 1, 24, 130
 Thata, Phi : 90.000000, 129.000000
 Maximun iteration: 300
 Number of recycle truncation: 30
 Final matrix dimension:  36708
 Residual error:0.001000
 0  6.738884e-01
 1  3.506225e-01
 2  2.241595e-01
 3  1.534451e-01
 4  1.105888e-01
 5  8.265832e-02
 6  6.369621e-02
 7  5.000730e-02
 8  3.940768e-02
 9  3.229711e-02
 10  2.567616e-02
 11  2.023033e-02
 12  1.577916e-02
 13  1.287540e-02
 14  1.050895e-02
 15  8.437423e-03
 16  6.781905e-03
 17  5.591949e-03
 18  4.647136e-03
 19  3.826936e-03
 20  3.142060e-03
 21  2.631669e-03
 22  2.239377e-03
 23  1.896242e-03
 24  1.648950e-03
 25  1.430123e-03
 26  1.265318e-03
 27  1.140601e-03
 28  1.042659e-03
 29  9.458692e-04
 Iteration CPU time: 7 s
 CFIE residual: 0.000945869

 Iseg, Irank, Idinc : 1, 25, 48
 Thata, Phi : 90.000000, 47.000000
 Maximun iteration: 300
 Number of recycle truncation: 30
 Final matrix dimension:  36708
 Residual error:0.001000
 0  6.405075e-01
 1  3.301669e-01
 2  2.043142e-01
 3  1.334260e-01
 4  9.525495e-02
 5  7.280755e-02
 6  5.488177e-02
 7  4.186748e-02
 8  3.211792e-02
 9  2.437516e-02
 10  1.839023e-02
 11  1.429303e-02
 12  1.115858e-02
 13  9.004297e-03
 14  7.381856e-03
 15  5.942042e-03
 16  4.724181e-03
 17  3.792180e-03
 18  3.010088e-03
 19  2.436749e-03
 20  1.998735e-03
 21  1.697800e-03
 22  1.467667e-03
 23  1.287724e-03
 24  1.147734e-03
 25  1.045877e-03
 26  9.744116e-04
 Iteration CPU time: 6 s
 CFIE residual: 0.000974412

 Iseg, Irank, Idinc : 1, 26, 172
 Thata, Phi : 90.000000, 171.000000
 Maximun iteration: 300
 Number of recycle truncation: 30
 Final matrix dimension:  36708
 Residual error:0.001000
 0  5.832571e-01
 1  2.989675e-01
 2  1.875773e-01
 3  1.329119e-01
 4  1.035173e-01
 5  8.213659e-02
 6  6.615552e-02
 7  5.594586e-02
 8  4.633115e-02
 9  3.819395e-02
 10  3.216158e-02
 11  2.716988e-02
 12  2.257174e-02
 13  1.923104e-02
 14  1.589491e-02
 15  1.322594e-02
 16  1.086326e-02
 17  8.810039e-03
 18  7.171329e-03
 19  5.869049e-03
 20  4.736321e-03
 21  3.913202e-03
 22  3.299161e-03
 23  2.759745e-03
 24  2.278322e-03
 25  1.873477e-03
 26  1.546600e-03
 27  1.283793e-03
 28  1.068656e-03
 29  9.070808e-04
 Iteration CPU time: 7 s
 CFIE residual: 0.000907081

 Iseg, Irank, Idinc : 1, 27, 4
 Thata, Phi : 90.000000, 3.000000
 Maximun iteration: 300
 Number of recycle truncation: 30
 Final matrix dimension:  36708
 Residual error:0.001000
 0  5.206307e-01
 1  2.715756e-01
 2  1.752420e-01
 3  1.216191e-01
 4  8.711772e-02
 5  6.614295e-02
 6  5.089652e-02
 7  3.765705e-02
 8  2.877205e-02
 9  2.309435e-02
 10  1.852409e-02
 11  1.484298e-02
 12  1.174806e-02
 13  9.482407e-03
 14  7.692217e-03
 15  6.184926e-03
 16  5.095764e-03
 17  4.305389e-03
 18  3.589380e-03
 19  3.058835e-03
 20  2.633326e-03
 21  2.260454e-03
 22  1.888063e-03
 23  1.552752e-03
 24  1.279854e-03
 25  1.052987e-03
 26  8.681241e-04
 Iteration CPU time: 6 s
 CFIE residual: 0.000868124

 Iseg, Irank, Idinc : 1, 28, 68
 Thata, Phi : 90.000000, 67.000000
 Maximun iteration: 300
 Number of recycle truncation: 30
 Final matrix dimension:  36708
 Residual error:0.001000
 0  6.513843e-01
 1  3.659029e-01
 2  2.325730e-01
 3  1.491087e-01
 4  1.059463e-01
 5  8.173600e-02
 6  6.146258e-02
 7  4.894759e-02
 8  3.912995e-02
 9  3.078651e-02
 10  2.386793e-02
 11  1.889840e-02
 12  1.504451e-02
 13  1.198253e-02
 14  9.690150e-03
 15  7.860399e-03
 16  6.355686e-03
 17  5.339074e-03
 18  4.371257e-03
 19  3.681494e-03
 20  3.166601e-03
 21  2.727549e-03
 22  2.384994e-03
 23  2.113685e-03
 24  1.937039e-03
 25  1.819506e-03
 26  1.733476e-03
 27  1.672185e-03
 28  1.635292e-03
 29  1.604724e-03
 30  1.564007e-03
 31  1.524343e-03
 32  1.469833e-03
 33  1.402526e-03
 34  1.333561e-03
 35  1.245229e-03
 36  1.151998e-03
 37  1.044499e-03
 38  9.204590e-04
 Iteration CPU time: 9 s
 CFIE residual: 0.000920459

 Iseg, Irank, Idinc : 1, 29, 27
 Thata, Phi : 90.000000, 26.000000
 Maximun iteration: 300
 Number of recycle truncation: 30
 Final matrix dimension:  36708
 Residual error:0.001000
 0  6.407586e-01
 1  2.996803e-01
 2  1.724287e-01
 3  1.110681e-01
 4  7.722377e-02
 5  5.681798e-02
 6  4.203310e-02
 7  3.207911e-02
 8  2.584802e-02
 9  2.072675e-02
 10  1.708926e-02
 11  1.390311e-02
 12  1.109131e-02
 13  9.081746e-03
 14  7.587684e-03
 15  6.049742e-03
 16  5.009849e-03
 17  4.134986e-03
 18  3.445262e-03
 19  2.933570e-03
 20  2.418141e-03
 21  1.908742e-03
 22  1.558932e-03
 23  1.304283e-03
 24  1.076414e-03
 25  8.882639e-04
 Iteration CPU time: 6 s
 CFIE residual: 0.000888264

 Iseg, Irank, Idinc : 1, 30, 142
 Thata, Phi : 90.000000, 141.000000
 Maximun iteration: 300
 Number of recycle truncation: 30
 Final matrix dimension:  36708
 Residual error:0.001000
 0  6.837367e-01
 1  3.489162e-01
 2  2.112245e-01
 3  1.436666e-01
 4  1.049658e-01
 5  7.842182e-02
 6  6.072063e-02
 7  4.748256e-02
 8  3.892840e-02
 9  3.318784e-02
 10  2.760742e-02
 11  2.336643e-02
 12  1.964115e-02
 13  1.621962e-02
 14  1.344322e-02
 15  1.084702e-02
 16  8.879979e-03
 17  7.302245e-03
 18  6.011965e-03
 19  4.800310e-03
 20  3.813812e-03
 21  3.124106e-03
 22  2.624418e-03
 23  2.222280e-03
 24  1.902977e-03
 25  1.606350e-03
 26  1.380239e-03
 27  1.208895e-03
 28  1.089412e-03
 29  9.949655e-04
 Iteration CPU time: 7 s
 CFIE residual: 0.000994966

 Iseg, Irank, Idinc : 1, 31, 98
 Thata, Phi : 90.000000, 97.000000
 Maximun iteration: 300
 Number of recycle truncation: 30
 Final matrix dimension:  36708
 Residual error:0.001000
 0  6.077363e-01
 1  3.446033e-01
 2  2.168899e-01
 3  1.453739e-01
 4  1.040974e-01
 5  7.868334e-02
 6  6.128709e-02
 7  4.885945e-02
 8  3.842136e-02
 9  3.070676e-02
 10  2.520009e-02
 11  2.046989e-02
 12  1.671518e-02
 13  1.394636e-02
 14  1.157999e-02
 15  9.517419e-03
 16  7.870074e-03
 17  6.512556e-03
 18  5.343532e-03
 19  4.390644e-03
 20  3.586189e-03
 21  2.940166e-03
 22  2.495920e-03
 23  2.150152e-03
 24  1.894525e-03
 25  1.712539e-03
 26  1.565987e-03
 27  1.466932e-03
 28  1.394415e-03
 29  1.347335e-03
 30  1.313684e-03
 31  1.280689e-03
 32  1.249963e-03
 33  1.213338e-03
 34  1.170092e-03
 35  1.123413e-03
 36  1.073897e-03
 37  1.003436e-03
 38  9.233273e-04
 Iteration CPU time: 8 s
 CFIE residual: 0.000923327

 Iseg, Irank, Idinc : 1, 32, 37
 Thata, Phi : 90.000000, 36.000000
 Maximun iteration: 300
 Number of recycle truncation: 30
 Final matrix dimension:  36708
 Residual error:0.001000
 0  6.243003e-01
 1  3.115588e-01
 2  1.908677e-01
 3  1.206564e-01
 4  8.325695e-02
 5  6.094289e-02
 6  4.475571e-02
 7  3.424468e-02
 8  2.657424e-02
 9  2.036630e-02
 10  1.574946e-02
 11  1.286609e-02
 12  1.020662e-02
 13  8.242772e-03
 14  6.686240e-03
 15  5.256109e-03
 16  4.332168e-03
 17  3.523563e-03
 18  2.874324e-03
 19  2.410867e-03
 20  1.978782e-03
 21  1.630418e-03
 22  1.339469e-03
 23  1.141412e-03
 24  9.689107e-04
 Iteration CPU time: 5 s
 CFIE residual: 0.000968911

 Iseg, Irank, Idinc : 1, 33, 179
 Thata, Phi : 90.000000, 178.000000
 Maximun iteration: 300
 Number of recycle truncation: 30
 Final matrix dimension:  36708
 Residual error:0.001000
 0  5.805685e-01
 1  2.986326e-01
 2  1.868530e-01
 3  1.317138e-01
 4  1.015710e-01
 5  7.995927e-02
 6  6.427737e-02
 7  5.426544e-02
 8  4.472653e-02
 9  3.575199e-02
 10  2.881495e-02
 11  2.354098e-02
 12  1.901878e-02
 13  1.589525e-02
 14  1.252895e-02
 15  9.938168e-03
 16  8.040609e-03
 17  6.495629e-03
 18  5.335839e-03
 19  4.413233e-03
 20  3.610437e-03
 21  3.038381e-03
 22  2.521740e-03
 23  2.108741e-03
 24  1.777163e-03
 25  1.474138e-03
 26  1.220883e-03
 27  1.032472e-03
 28  8.555898e-04
 Iteration CPU time: 7 s
 CFIE residual: 0.00085559

 Iseg, Irank, Idinc : 1, 34, 6
 Thata, Phi : 90.000000, 5.000000
 Maximun iteration: 300
 Number of recycle truncation: 30
 Final matrix dimension:  36708
 Residual error:0.001000
 0  5.271239e-01
 1  2.729948e-01
 2  1.752402e-01
 3  1.223490e-01
 4  8.819712e-02
 5  6.646062e-02
 6  5.075868e-02
 7  3.810345e-02
 8  2.976741e-02
 9  2.357478e-02
 10  1.851572e-02
 11  1.481945e-02
 12  1.200667e-02
 13  9.800185e-03
 14  7.861779e-03
 15  6.207116e-03
 16  5.139404e-03
 17  4.328185e-03
 18  3.607704e-03
 19  3.073161e-03
 20  2.649071e-03
 21  2.262355e-03
 22  1.883539e-03
 23  1.556765e-03
 24  1.298727e-03
 25  1.085973e-03
 26  9.091503e-04
 Iteration CPU time: 6 s
 CFIE residual: 0.00090915

 Iseg, Irank, Idinc : 1, 35, 163
 Thata, Phi : 90.000000, 162.000000
 Maximun iteration: 300
 Number of recycle truncation: 30
 Final matrix dimension:  36708
 Residual error:0.001000
 0  6.023783e-01
 1  3.061706e-01
 2  1.867400e-01
 3  1.291621e-01
 4  9.905686e-02
 5  7.875110e-02
 6  6.414439e-02
 7  5.225127e-02
 8  4.380140e-02
 9  3.769018e-02
 10  3.243816e-02
 11  2.745333e-02
 12  2.324865e-02
 13  1.996145e-02
 14  1.668272e-02
 15  1.389989e-02
 16  1.135118e-02
 17  9.302594e-03
 18  7.659433e-03
 19  6.288443e-03
 20  5.062783e-03
 21  4.079832e-03
 22  3.335105e-03
 23  2.726354e-03
 24  2.214446e-03
 25  1.776099e-03
 26  1.412175e-03
 27  1.141849e-03
 28  9.284997e-04
 Iteration CPU time: 7 s
 CFIE residual: 0.0009285

 Iseg, Irank, Idinc : 1, 36, 58
 Thata, Phi : 90.000000, 57.000000
 Maximun iteration: 300
 Number of recycle truncation: 30
 Final matrix dimension:  36708
 Residual error:0.001000
 0  6.604154e-01
 1  3.461141e-01
 2  2.127462e-01
 3  1.332221e-01
 4  9.530517e-02
 5  7.155867e-02
 6  5.472403e-02
 7  4.260808e-02
 8  3.309569e-02
 9  2.589468e-02
 10  1.996994e-02
 11  1.541418e-02
 12  1.194791e-02
 13  9.225788e-03
 14  7.522083e-03
 15  6.052917e-03
 16  4.916035e-03
 17  4.077151e-03
 18  3.218124e-03
 19  2.750917e-03
 20  2.394000e-03
 21  2.062374e-03
 22  1.809868e-03
 23  1.626243e-03
 24  1.484514e-03
 25  1.403472e-03
 26  1.335847e-03
 27  1.285051e-03
 28  1.251110e-03
 29  1.226352e-03
 30  1.201600e-03
 31  1.177612e-03
 32  1.137096e-03
 33  1.092366e-03
 34  1.041018e-03
 35  9.733145e-04
 Iteration CPU time: 8 s
 CFIE residual: 0.000973315

 Iseg, Irank, Idinc : 1, 37, 113
 Thata, Phi : 90.000000, 112.000000
 Maximun iteration: 300
 Number of recycle truncation: 30
 Final matrix dimension:  36708
 Residual error:0.001000
 0  6.378111e-01
 1  3.513255e-01
 2  2.186252e-01
 3  1.515051e-01
 4  1.076852e-01
 5  7.942702e-02
 6  6.102225e-02
 7  4.761569e-02
 8  3.804656e-02
 9  2.954929e-02
 10  2.356173e-02
 11  1.878816e-02
 12  1.525565e-02
 13  1.262881e-02
 14  1.034838e-02
 15  8.386506e-03
 16  6.927066e-03
 17  5.676808e-03
 18  4.635862e-03
 19  3.922562e-03
 20  3.234397e-03
 21  2.649191e-03
 22  2.209351e-03
 23  1.835507e-03
 24  1.566253e-03
 25  1.335625e-03
 26  1.190150e-03
 27  1.083511e-03
 28  1.005035e-03
 29  9.432977e-04
 Iteration CPU time: 6 s
 CFIE residual: 0.000943298

 Iseg, Irank, Idinc : 1, 38, 18
 Thata, Phi : 90.000000, 17.000000
 Maximun iteration: 300
 Number of recycle truncation: 30
 Final matrix dimension:  36708
 Residual error:0.001000
 0  6.011579e-01
 1  2.876155e-01
 2  1.728254e-01
 3  1.179676e-01
 4  8.309436e-02
 5  6.171304e-02
 6  4.793369e-02
 7  3.685926e-02
 8  2.903808e-02
 9  2.338316e-02
 10  1.865449e-02
 11  1.461823e-02
 12  1.171569e-02
 13  9.480137e-03
 14  7.936052e-03
 15  6.336671e-03
 16  5.221004e-03
 17  4.377841e-03
 18  3.660035e-03
 19  3.091163e-03
 20  2.536966e-03
 21  2.038629e-03
 22  1.686849e-03
 23  1.406284e-03
 24  1.184562e-03
 25  9.898261e-04
 Iteration CPU time: 5 s
 CFIE residual: 0.000989826

 Iseg, Irank, Idinc : 1, 39, 90
 Thata, Phi : 90.000000, 89.000000
 Maximun iteration: 300
 Number of recycle truncation: 30
 Final matrix dimension:  36708
 Residual error:0.001000
 0  6.069101e-01
 1  3.466295e-01
 2  2.207957e-01
 3  1.508259e-01
 4  1.079643e-01
 5  8.252310e-02
 6  6.380947e-02
 7  5.030665e-02
 8  4.090946e-02
 9  3.242676e-02
 10  2.579240e-02
 11  2.084910e-02
 12  1.735004e-02
 13  1.447332e-02
 14  1.192164e-02
 15  9.420559e-03
 16  7.736361e-03
 17  6.315146e-03
 18  5.186957e-03
 19  4.316202e-03
 20  3.628442e-03
 21  3.057806e-03
 22  2.653481e-03
 23  2.352614e-03
 24  2.103799e-03
 25  1.905955e-03
 26  1.750957e-03
 27  1.645335e-03
 28  1.574248e-03
 29  1.511881e-03
 30  1.471471e-03
 31  1.436367e-03
 32  1.402896e-03
 33  1.352207e-03
 34  1.297129e-03
 35  1.232851e-03
 36  1.163282e-03
 37  1.084213e-03
 38  9.895642e-04
 Iteration CPU time: 8 s
 CFIE residual: 0.000989564

 Iseg, Irank, Idinc : 1, 40, 2
 Thata, Phi : 90.000000, 1.000000
 Maximun iteration: 300
 Number of recycle truncation: 30
 Final matrix dimension:  36708
 Residual error:0.001000
 0  5.172395e-01
 1  2.707938e-01
 2  1.752674e-01
 3  1.211796e-01
 4  8.636114e-02
 5  6.585537e-02
 6  5.107669e-02
 7  3.763431e-02
 8  2.847920e-02
 9  2.272203e-02
 10  1.833646e-02
 11  1.477440e-02
 12  1.131485e-02
 13  9.080143e-03
 14  7.339586e-03
 15  6.011109e-03
 16  4.930107e-03
 17  4.178677e-03
 18  3.489481e-03
 19  2.980889e-03
 20  2.546692e-03
 21  2.175453e-03
 22  1.830103e-03
 23  1.504592e-03
 24  1.220704e-03
 25  9.898890e-04
 Iteration CPU time: 6 s
 CFIE residual: 0.000989889

 Iseg, Irank, Idinc : 1, 41, 175
 Thata, Phi : 90.000000, 174.000000
 Maximun iteration: 300
 Number of recycle truncation: 30
 Final matrix dimension:  36708
 Residual error:0.001000
 0  5.816073e-01
 1  2.987573e-01
 2  1.874154e-01
 3  1.326069e-01
 4  1.029861e-01
 5  8.158295e-02
 6  6.556812e-02
 7  5.542521e-02
 8  4.576189e-02
 9  3.715031e-02
 10  3.099167e-02
 11  2.586132e-02
 12  2.109100e-02
 13  1.796258e-02
 14  1.468489e-02
 15  1.202652e-02
 16  9.815021e-03
 17  7.982421e-03
 18  6.477766e-03
 19  5.320795e-03
 20  4.333344e-03
 21  3.612489e-03
 22  3.040508e-03
 23  2.554919e-03
 24  2.142571e-03
 25  1.783095e-03
 26  1.482817e-03
 27  1.241569e-03
 28  1.041343e-03
 29  8.855623e-04
 Iteration CPU time: 7 s
 CFIE residual: 0.000885562
 Last Built End in Sep 21 2025 00:06:12
 Total CPU time: 304 s
 Finished.
