 Last Built Begin in Sep 21 2025 00:06:12
 Pre-Type( Input ):            8
 Skl-Tol ( Input ):    1.0000000000000000E-002
 Wavelength in freespace: 0.323741

 ################################################
 ##         Generating Required Mesh          ##
 ##         Waiting.....                      ##
 ################################################
 Subd No.      Subd Name
    1    sphere1                                                           
 isub,  nnode, npatch,  nedge:
    1       604      1204      1806
 Scale Factor         >>   9.99999978E-03
 ################################################

 START TIME: 20250922   003014.722


 Informaton for IE geometry:
 number of subdomains     : 1
 maxnode,maxpatch,maxedge : 604  1204  1806
 
 Index of Mat-Reg: 1
 Mat-Reg Number via MatFlg: 1
 Edge Number of Mat-Reg: 1, 1806

 Number of Edge on PEC: 0
 Mat-Reg: No Dim(m) Lmax:
    1 0.154    2
 Totlmax, add1, add2:           2           3           4
 rlengmax of Global MLFMA >>   0.15444449079510778     
 Lmax of Global MLFMA >>            2
 Wavenum of Mat-Reg:
    1 1.000

 total area in sq m           =      0.1254
 total area in sq lambda      =      1.1960
 maxnode, maxpatch, maxedge           =      604     1204     1806
 longest  edge in lambda              =      0.0673
 shortest edge in lambda              =      0.0293
 average  edge in lambda              =      0.0480
 largest  patch area in sq lambda     =      0.0016
 smallest patch area in sq lambda     =      0.0005
 ave    surface area in sq lambda     =      0.0010
 size range of the object in sq lambda =      0.6178

 #### MLFMA Info For Each Region ####
 Mat-Region =            1
 Array dimension parameters:
 maxrule=          14   maxgrid  =          64
 lmax   =           2   ncmax    =          65
 lsmax  =           5   lsmin    =           5
 kpm    =          54   kp0      =          54
 ntlm   =       17064   nsm      =        3024
 nkpm   =          54   niplm    =        3456
 ngnearm=         632   ngsndm   =        2504
 nearm  =         413   mfinestm =          43
 ###############################

 CFIE Alpha:  0.50000000000000000     

 Fill MLFMA FI for Mat-Reg:           1
 Begin filltl.f
 fill translation matrix
 Level:            2
 fill shifting matrix
 translator time(s):   2.40000002E-02
 fill interpolation matrix
 Filling TL                  Delta_CPU=          0.10 Memory(MB)=         60.05
 Filling sndgrp              Delta_CPU=          0.00 Memory(MB)=         60.05
 Filling VFS                 Delta_CPU=          0.18 Memory(MB)=         60.05

 Fill MLFMA NI for Mat-Reg:           1
 Begin fill sparser part of Nearfield
 Begin fill denser part of Nearfield
 End fill
 Filling Amn                 Delta_CPU=         13.15 Memory(MB)=         60.05


 Now testing preconditioner with
 ipretype =            8
 method = cfie_solve_nfpre_pardiso

  
 NBP>>Begin fill sparser part of Nearfield
 NBP>>Begin fill denser part of Nearfield

201.7857%
 Begin MLFMA Box-Matrix Based Prec Constructor
 --- Intel MKL PARDISO --- 
  >> Solver Initialized
  >> Proceed to ngrp_box loop
  >> Loop 0 Initialized
 Memory for iGRP: 1 0 MB
 Total Memory For NFB Pre: 0 MB
 --- PARDISO PRECONDITIONER INITIALIZED --- 
 Constructing preconditioner CPU time: 0 s
 
 108360
 Memory for Iteration:: 1.65344 MB

 Iseg, Ninc_S : 1, 181, 0

 Iseg, Skeleton Angles: 1, 8
 Iseg, Skel-Pk Mem(MB): 1, 30.96

 Iseg, Irank, Idinc : 1, 1, 131
 Thata, Phi : 90.000000, 130.000000
 Maximun iteration: 300
 Number of recycle truncation: 30
 Final matrix dimension:  3612
 Residual error:0.010000
 0  2.297939e-01
 1  1.310035e-01
 2  5.797149e-02
 3  2.723483e-02
 4  1.320405e-02
 5  6.495814e-03
 Iteration CPU time: 0 s
 CFIE residual: 0.00649581

 Iseg, Irank, Idinc : 1, 2, 41
 Thata, Phi : 90.000000, 40.000000
 Maximun iteration: 300
 Number of recycle truncation: 30
 Final matrix dimension:  3612
 Residual error:0.010000
 0  2.297024e-01
 1  1.304504e-01
 2  5.849375e-02
 3  2.817506e-02
 4  1.339550e-02
 5  6.781918e-03
 Iteration CPU time: 0 s
 CFIE residual: 0.00678192

 Iseg, Irank, Idinc : 1, 3, 1
 Thata, Phi : 90.000000, 0.000000
 Maximun iteration: 300
 Number of recycle truncation: 30
 Final matrix dimension:  3612
 Residual error:0.010000
 0  2.231974e-01
 1  1.255451e-01
 2  5.827750e-02
 3  2.866337e-02
 4  1.406762e-02
 5  6.895278e-03
 Iteration CPU time: 0 s
 CFIE residual: 0.00689528

 Iseg, Irank, Idinc : 1, 4, 181
 Thata, Phi : 90.000000, 180.000000
 Maximun iteration: 300
 Number of recycle truncation: 30
 Final matrix dimension:  3612
 Residual error:0.010000
 0  2.213043e-01
 1  1.236622e-01
 2  5.653415e-02
 3  2.715215e-02
 4  1.344044e-02
 5  6.560489e-03
 Iteration CPU time: 0 s
 CFIE residual: 0.00656049

 Iseg, Irank, Idinc : 1, 5, 86
 Thata, Phi : 90.000000, 85.000000
 Maximun iteration: 300
 Number of recycle truncation: 30
 Final matrix dimension:  3612
 Residual error:0.010000
 0  2.305019e-01
 1  1.315143e-01
 2  5.920324e-02
 3  2.920346e-02
 4  1.477309e-02
 5  7.351244e-03
 Iteration CPU time: 0 s
 CFIE residual: 0.00735124

 Iseg, Irank, Idinc : 1, 6, 159
 Thata, Phi : 90.000000, 158.000000
 Maximun iteration: 300
 Number of recycle truncation: 30
 Final matrix dimension:  3612
 Residual error:0.010000
 0  2.248781e-01
 1  1.268594e-01
 2  5.715628e-02
 3  2.689986e-02
 4  1.323398e-02
 5  6.509156e-03
 Iteration CPU time: 0 s
 CFIE residual: 0.00650916

 Iseg, Irank, Idinc : 1, 7, 19
 Thata, Phi : 90.000000, 18.000000
 Maximun iteration: 300
 Number of recycle truncation: 30
 Final matrix dimension:  3612
 Residual error:0.010000
 0  2.255457e-01
 1  1.274461e-01
 2  5.862137e-02
 3  2.866617e-02
 4  1.385078e-02
 5  6.903699e-03
 Iteration CPU time: 0 s
 CFIE residual: 0.0069037

 Iseg, Irank, Idinc : 1, 8, 108
 Thata, Phi : 90.000000, 107.000000
 Maximun iteration: 300
 Number of recycle truncation: 30
 Final matrix dimension:  3612
 Residual error:0.010000
 0  2.299537e-01
 1  1.315155e-01
 2  5.921320e-02
 3  2.891893e-02
 4  1.449841e-02
 5  7.160287e-03
 Iteration CPU time: 1 s
 CFIE residual: 0.00716029
 Last Built End in Sep 21 2025 00:06:12
 Total CPU time: 3 s
 Finished.
