 Last Built Begin in Sep 21 2025 00:06:12
 Pre-Type( Input ):            8
 Skl-Tol ( Input ):    1.0000000000000000E-002
 Wavelength in freespace: 0.5625

 ################################################
 ##         Generating Required Mesh          ##
 ##         Waiting.....                      ##
 ################################################
 Subd No.      Subd Name
    1    sphere1                                                           
 isub,  nnode, npatch,  nedge:
    1       604      1204      1806
 Scale Factor         >>   9.99999978E-03
 ################################################

 START TIME: 20250922   001458.693


 Informaton for IE geometry:
 number of subdomains     : 1
 maxnode,maxpatch,maxedge : 604  1204  1806
 
 Index of Mat-Reg: 1
 Mat-Reg Number via MatFlg: 1
 Edge Number of Mat-Reg: 1, 1806

 Number of Edge on PEC: 0
 Mat-Reg: No Dim(m) Lmax:
    1 0.178    1
 Totlmax, add1, add2:           1           2           3
 rlengmax of Global MLFMA >>   0.17777765607111773     
 Lmax of Global MLFMA >>            1
 Wavenum of Mat-Reg:
    1 1.000

 total area in sq m           =      0.1254
 total area in sq lambda      =      0.3962
 maxnode, maxpatch, maxedge           =      604     1204     1806
 longest  edge in lambda              =      0.0387
 shortest edge in lambda              =      0.0169
 average  edge in lambda              =      0.0276
 largest  patch area in sq lambda     =      0.0005
 smallest patch area in sq lambda     =      0.0002
 ave    surface area in sq lambda     =      0.0003
 size range of the object in sq lambda =      0.3556

 #### MLFMA Info For Each Region ####
 Mat-Region =            1
 Array dimension parameters:
 maxrule=          14   maxgrid  =          64
 lmax   =           1   ncmax    =           9
 lsmax  =           1   lsmin    =           1
 kpm    =           1   kp0      =           1
 ntlm   =           1   nsm      =           1
 nkpm   =           1   niplm    =          16
 ngnearm=          64   ngsndm   =           1
 nearm  =        1807   mfinestm =         244
 ###############################

 CFIE Alpha:  0.50000000000000000     

 Fill MLFMA NI for Mat-Reg:           1
 Begin fill sparser part of Nearfield
 Begin fill denser part of Nearfield
 End fill
 Filling Amn                 Delta_CPU=         51.51 Memory(MB)=        200.07


 Now testing preconditioner with
 ipretype =            8
 method = cfie_solve_nfpre_pardiso

  
 NBP>>Begin fill sparser part of Nearfield
 NBP>>Begin fill denser part of Nearfield

212.5000%
225.0000%
237.5000%
250.0000%
262.5000%
275.0000%
287.5000%
300.0000%
 Begin MLFMA Box-Matrix Based Prec Constructor
 --- Intel MKL PARDISO --- 
  >> Solver Initialized
  >> Proceed to ngrp_box loop
  >> Loop 0 Initialized
 Memory for iGRP: 1 0 MB
 Total Memory For NFB Pre: 0 MB
 --- PARDISO PRECONDITIONER INITIALIZED --- 
 Constructing preconditioner CPU time: 0 s
 
 108360
 Memory for Iteration:: 1.65344 MB

 Iseg, Ninc_S : 1, 181, 0

 Iseg, Skeleton Angles: 1, 6
 Iseg, Skel-Pk Mem(MB): 1, 30.95

 Iseg, Irank, Idinc : 1, 1, 81
 Thata, Phi : 90.000000, 80.000000
 Maximun iteration: 300
 Number of recycle truncation: 30
 Final matrix dimension:  3612
 Residual error:0.010000
 0  2.620331e-01
 1  1.117879e-01
 2  5.349344e-02
 3  2.749325e-02
 4  1.329755e-02
 5  6.432352e-03
 Iteration CPU time: 0 s
 CFIE residual: 0.00643235

 Iseg, Irank, Idinc : 1, 2, 1
 Thata, Phi : 90.000000, 0.000000
 Maximun iteration: 300
 Number of recycle truncation: 30
 Final matrix dimension:  3612
 Residual error:0.010000
 0  2.693644e-01
 1  1.102919e-01
 2  5.345113e-02
 3  2.678996e-02
 4  1.256358e-02
 5  6.100365e-03
 Iteration CPU time: 1 s
 CFIE residual: 0.00610036

 Iseg, Irank, Idinc : 1, 3, 153
 Thata, Phi : 90.000000, 152.000000
 Maximun iteration: 300
 Number of recycle truncation: 30
 Final matrix dimension:  3612
 Residual error:0.010000
 0  2.570427e-01
 1  1.019039e-01
 2  4.934236e-02
 3  2.399302e-02
 4  1.172119e-02
 5  5.671809e-03
 Iteration CPU time: 0 s
 CFIE residual: 0.00567181

 Iseg, Irank, Idinc : 1, 4, 181
 Thata, Phi : 90.000000, 180.000000
 Maximun iteration: 300
 Number of recycle truncation: 30
 Final matrix dimension:  3612
 Residual error:0.010000
 0  2.592911e-01
 1  1.055894e-01
 2  5.115201e-02
 3  2.450298e-02
 4  1.192952e-02
 5  5.774016e-03
 Iteration CPU time: 0 s
 CFIE residual: 0.00577402

 Iseg, Irank, Idinc : 1, 5, 37
 Thata, Phi : 90.000000, 36.000000
 Maximun iteration: 300
 Number of recycle truncation: 30
 Final matrix dimension:  3612
 Residual error:0.010000
 0  2.625860e-01
 1  1.060473e-01
 2  5.100048e-02
 3  2.574355e-02
 4  1.226089e-02
 5  5.945482e-03
 Iteration CPU time: 0 s
 CFIE residual: 0.00594548

 Iseg, Irank, Idinc : 1, 6, 117
 Thata, Phi : 90.000000, 116.000000
 Maximun iteration: 300
 Number of recycle truncation: 30
 Final matrix dimension:  3612
 Residual error:0.010000
 0  2.576157e-01
 1  1.057062e-01
 2  5.062451e-02
 3  2.553886e-02
 4  1.257130e-02
 5  6.139352e-03
 Iteration CPU time: 0 s
 CFIE residual: 0.00613935
 Last Built End in Sep 21 2025 00:06:12
 Total CPU time: 7 s
 Finished.
