 Last Built Begin in Sep 21 2025 00:06:12
 Pre-Type( Input ):            8
 Skl-Tol ( Input ):    1.0000000000000000E-002
 Wavelength in freespace: 0.401786

 ################################################
 ##         Generating Required Mesh          ##
 ##         Waiting.....                      ##
 ################################################
 Subd No.      Subd Name
    1    sphere1                                                           
 isub,  nnode, npatch,  nedge:
    1       604      1204      1806
 Scale Factor         >>   9.99999978E-03
 ################################################

 START TIME: 20250922   002510.211


 Informaton for IE geometry:
 number of subdomains     : 1
 maxnode,maxpatch,maxedge : 604  1204  1806
 
 Index of Mat-Reg: 1
 Mat-Reg Number via MatFlg: 1
 Edge Number of Mat-Reg: 1, 1806

 Number of Edge on PEC: 0
 Mat-Reg: No Dim(m) Lmax:
    1 0.249    1
 Totlmax, add1, add2:           1           2           3
 rlengmax of Global MLFMA >>   0.24888898516621563     
 Lmax of Global MLFMA >>            1
 Wavenum of Mat-Reg:
    1 1.000

 total area in sq m           =      0.1254
 total area in sq lambda      =      0.7765
 maxnode, maxpatch, maxedge           =      604     1204     1806
 longest  edge in lambda              =      0.0542
 shortest edge in lambda              =      0.0236
 average  edge in lambda              =      0.0387
 largest  patch area in sq lambda     =      0.0011
 smallest patch area in sq lambda     =      0.0003
 ave    surface area in sq lambda     =      0.0006
 size range of the object in sq lambda =      0.4978

 #### MLFMA Info For Each Region ####
 Mat-Region =            1
 Array dimension parameters:
 maxrule=          14   maxgrid  =          64
 lmax   =           1   ncmax    =           9
 lsmax  =           1   lsmin    =           1
 kpm    =           1   kp0      =           1
 ntlm   =           1   nsm      =           1
 nkpm   =           1   niplm    =          16
 ngnearm=          64   ngsndm   =           1
 nearm  =        1807   mfinestm =         244
 ###############################

 CFIE Alpha:  0.50000000000000000     

 Fill MLFMA NI for Mat-Reg:           1
 Begin fill sparser part of Nearfield
 Begin fill denser part of Nearfield
 End fill
 Filling Amn                 Delta_CPU=         43.80 Memory(MB)=        200.07


 Now testing preconditioner with
 ipretype =            8
 method = cfie_solve_nfpre_pardiso

  
 NBP>>Begin fill sparser part of Nearfield
 NBP>>Begin fill denser part of Nearfield

212.5000%
225.0000%
237.5000%
250.0000%
262.5000%
275.0000%
287.5000%
300.0000%
 Begin MLFMA Box-Matrix Based Prec Constructor
 --- Intel MKL PARDISO --- 
  >> Solver Initialized
  >> Proceed to ngrp_box loop
  >> Loop 0 Initialized
 Memory for iGRP: 1 0 MB
 Total Memory For NFB Pre: 0 MB
 --- PARDISO PRECONDITIONER INITIALIZED --- 
 Constructing preconditioner CPU time: 0 s
 
 108360
 Memory for Iteration:: 1.65344 MB

 Iseg, Ninc_S : 1, 181, 0

 Iseg, Skeleton Angles: 1, 7
 Iseg, Skel-Pk Mem(MB): 1, 30.95

 Iseg, Irank, Idinc : 1, 1, 127
 Thata, Phi : 90.000000, 126.000000
 Maximun iteration: 300
 Number of recycle truncation: 30
 Final matrix dimension:  3612
 Residual error:0.010000
 0  1.829740e-01
 1  8.234492e-02
 2  3.180658e-02
 3  1.378897e-02
 4  5.958708e-03
 Iteration CPU time: 0 s
 CFIE residual: 0.00595871

 Iseg, Irank, Idinc : 1, 2, 46
 Thata, Phi : 90.000000, 45.000000
 Maximun iteration: 300
 Number of recycle truncation: 30
 Final matrix dimension:  3612
 Residual error:0.010000
 0  1.844027e-01
 1  8.366808e-02
 2  3.422029e-02
 3  1.533797e-02
 4  6.341543e-03
 Iteration CPU time: 0 s
 CFIE residual: 0.00634154

 Iseg, Irank, Idinc : 1, 3, 1
 Thata, Phi : 90.000000, 0.000000
 Maximun iteration: 300
 Number of recycle truncation: 30
 Final matrix dimension:  3612
 Residual error:0.010000
 0  1.984702e-01
 1  8.975546e-02
 2  3.477505e-02
 3  1.480028e-02
 4  6.037876e-03
 Iteration CPU time: 0 s
 CFIE residual: 0.00603788

 Iseg, Irank, Idinc : 1, 4, 181
 Thata, Phi : 90.000000, 180.000000
 Maximun iteration: 300
 Number of recycle truncation: 30
 Final matrix dimension:  3612
 Residual error:0.010000
 0  1.963141e-01
 1  8.932892e-02
 2  3.392500e-02
 3  1.363175e-02
 4  5.718258e-03
 Iteration CPU time: 0 s
 CFIE residual: 0.00571826

 Iseg, Irank, Idinc : 1, 5, 87
 Thata, Phi : 90.000000, 86.000000
 Maximun iteration: 300
 Number of recycle truncation: 30
 Final matrix dimension:  3612
 Residual error:0.010000
 0  1.945106e-01
 1  9.127637e-02
 2  3.504175e-02
 3  1.477389e-02
 4  6.006277e-03
 Iteration CPU time: 0 s
 CFIE residual: 0.00600628

 Iseg, Irank, Idinc : 1, 6, 158
 Thata, Phi : 90.000000, 157.000000
 Maximun iteration: 300
 Number of recycle truncation: 30
 Final matrix dimension:  3612
 Residual error:0.010000
 0  1.893099e-01
 1  8.526837e-02
 2  3.302356e-02
 3  1.362406e-02
 4  5.809046e-03
 Iteration CPU time: 1 s
 CFIE residual: 0.00580905

 Iseg, Irank, Idinc : 1, 7, 20
 Thata, Phi : 90.000000, 19.000000
 Maximun iteration: 300
 Number of recycle truncation: 30
 Final matrix dimension:  3612
 Residual error:0.010000
 0  1.928063e-01
 1  8.713854e-02
 2  3.450616e-02
 3  1.506260e-02
 4  6.180517e-03
 Iteration CPU time: 0 s
 CFIE residual: 0.00618052
 Last Built End in Sep 21 2025 00:06:12
 Total CPU time: 6 s
 Finished.
