 Last Built Begin in Sep 21 2025 00:06:12
 Pre-Type( Input ):            8
 Skl-Tol ( Input ):    1.0000000000000000E-002
 Wavelength in freespace: 0.328467

 ################################################
 ##         Generating Required Mesh          ##
 ##         Waiting.....                      ##
 ################################################
 Subd No.      Subd Name
    1    sphere1                                                           
 isub,  nnode, npatch,  nedge:
    1       604      1204      1806
 Scale Factor         >>   9.99999978E-03
 ################################################

 START TIME: 20250922   003010.045


 Informaton for IE geometry:
 number of subdomains     : 1
 maxnode,maxpatch,maxedge : 604  1204  1806
 
 Index of Mat-Reg: 1
 Mat-Reg Number via MatFlg: 1
 Edge Number of Mat-Reg: 1, 1806

 Number of Edge on PEC: 0
 Mat-Reg: No Dim(m) Lmax:
    1 0.152    2
 Totlmax, add1, add2:           2           3           4
 rlengmax of Global MLFMA >>   0.15222215759422555     
 Lmax of Global MLFMA >>            2
 Wavenum of Mat-Reg:
    1 1.000

 total area in sq m           =      0.1254
 total area in sq lambda      =      1.1618
 maxnode, maxpatch, maxedge           =      604     1204     1806
 longest  edge in lambda              =      0.0663
 shortest edge in lambda              =      0.0289
 average  edge in lambda              =      0.0473
 largest  patch area in sq lambda     =      0.0016
 smallest patch area in sq lambda     =      0.0005
 ave    surface area in sq lambda     =      0.0010
 size range of the object in sq lambda =      0.6089

 #### MLFMA Info For Each Region ####
 Mat-Region =            1
 Array dimension parameters:
 maxrule=          14   maxgrid  =          64
 lmax   =           2   ncmax    =          65
 lsmax  =           5   lsmin    =           5
 kpm    =          54   kp0      =          54
 ntlm   =       17064   nsm      =        3024
 nkpm   =          54   niplm    =        3456
 ngnearm=         632   ngsndm   =        2504
 nearm  =         413   mfinestm =          43
 ###############################

 CFIE Alpha:  0.50000000000000000     

 Fill MLFMA FI for Mat-Reg:           1
 Begin filltl.f
 fill translation matrix
 Level:            2
 fill shifting matrix
 translator time(s):   2.30000019E-02
 fill interpolation matrix
 Filling TL                  Delta_CPU=          0.10 Memory(MB)=         60.05
 Filling sndgrp              Delta_CPU=          0.00 Memory(MB)=         60.05
 Filling VFS                 Delta_CPU=          0.17 Memory(MB)=         60.05

 Fill MLFMA NI for Mat-Reg:           1
 Begin fill sparser part of Nearfield
 Begin fill denser part of Nearfield
 End fill
 Filling Amn                 Delta_CPU=         13.57 Memory(MB)=         60.05


 Now testing preconditioner with
 ipretype =            8
 method = cfie_solve_nfpre_pardiso

  
 NBP>>Begin fill sparser part of Nearfield
 NBP>>Begin fill denser part of Nearfield

201.7857%
 Begin MLFMA Box-Matrix Based Prec Constructor
 --- Intel MKL PARDISO --- 
  >> Solver Initialized
  >> Proceed to ngrp_box loop
  >> Loop 0 Initialized
 Memory for iGRP: 1 0 MB
 Total Memory For NFB Pre: 0 MB
 --- PARDISO PRECONDITIONER INITIALIZED --- 
 Constructing preconditioner CPU time: 0 s
 
 108360
 Memory for Iteration:: 1.65344 MB

 Iseg, Ninc_S : 1, 181, 0

 Iseg, Skeleton Angles: 1, 8
 Iseg, Skel-Pk Mem(MB): 1, 30.96

 Iseg, Irank, Idinc : 1, 1, 130
 Thata, Phi : 90.000000, 129.000000
 Maximun iteration: 300
 Number of recycle truncation: 30
 Final matrix dimension:  3612
 Residual error:0.010000
 0  2.317452e-01
 1  1.332401e-01
 2  5.962334e-02
 3  2.795444e-02
 4  1.352776e-02
 5  6.676496e-03
 Iteration CPU time: 0 s
 CFIE residual: 0.0066765

 Iseg, Irank, Idinc : 1, 2, 41
 Thata, Phi : 90.000000, 40.000000
 Maximun iteration: 300
 Number of recycle truncation: 30
 Final matrix dimension:  3612
 Residual error:0.010000
 0  2.316248e-01
 1  1.326265e-01
 2  6.014604e-02
 3  2.894990e-02
 4  1.367435e-02
 5  6.933608e-03
 Iteration CPU time: 0 s
 CFIE residual: 0.00693361

 Iseg, Irank, Idinc : 1, 3, 1
 Thata, Phi : 90.000000, 0.000000
 Maximun iteration: 300
 Number of recycle truncation: 30
 Final matrix dimension:  3612
 Residual error:0.010000
 0  2.251689e-01
 1  1.274980e-01
 2  5.970966e-02
 3  2.931419e-02
 4  1.432528e-02
 5  7.078513e-03
 Iteration CPU time: 0 s
 CFIE residual: 0.00707851

 Iseg, Irank, Idinc : 1, 4, 181
 Thata, Phi : 90.000000, 180.000000
 Maximun iteration: 300
 Number of recycle truncation: 30
 Final matrix dimension:  3612
 Residual error:0.010000
 0  2.232609e-01
 1  1.256991e-01
 2  5.783438e-02
 3  2.765716e-02
 4  1.370685e-02
 5  6.735492e-03
 Iteration CPU time: 1 s
 CFIE residual: 0.00673549

 Iseg, Irank, Idinc : 1, 5, 86
 Thata, Phi : 90.000000, 85.000000
 Maximun iteration: 300
 Number of recycle truncation: 30
 Final matrix dimension:  3612
 Residual error:0.010000
 0  2.324821e-01
 1  1.336490e-01
 2  6.062942e-02
 3  2.976879e-02
 4  1.503336e-02
 5  7.534807e-03
 Iteration CPU time: 0 s
 CFIE residual: 0.00753481

 Iseg, Irank, Idinc : 1, 6, 159
 Thata, Phi : 90.000000, 158.000000
 Maximun iteration: 300
 Number of recycle truncation: 30
 Final matrix dimension:  3612
 Residual error:0.010000
 0  2.267842e-01
 1  1.289513e-01
 2  5.863167e-02
 3  2.748814e-02
 4  1.350333e-02
 5  6.664995e-03
 Iteration CPU time: 0 s
 CFIE residual: 0.006665

 Iseg, Irank, Idinc : 1, 7, 19
 Thata, Phi : 90.000000, 18.000000
 Maximun iteration: 300
 Number of recycle truncation: 30
 Final matrix dimension:  3612
 Residual error:0.010000
 0  2.274989e-01
 1  1.294659e-01
 2  6.014328e-02
 3  2.937020e-02
 4  1.411183e-02
 5  7.070002e-03
 Iteration CPU time: 0 s
 CFIE residual: 0.00707

 Iseg, Irank, Idinc : 1, 8, 107
 Thata, Phi : 90.000000, 106.000000
 Maximun iteration: 300
 Number of recycle truncation: 30
 Final matrix dimension:  3612
 Residual error:0.010000
 0  2.318954e-01
 1  1.335977e-01
 2  6.067289e-02
 3  2.951845e-02
 4  1.479841e-02
 5  7.359481e-03
 Iteration CPU time: 0 s
 CFIE residual: 0.00735948
 Last Built End in Sep 21 2025 00:06:12
 Total CPU time: 2 s
 Finished.
