 Last Built Begin in Sep 21 2025 00:06:12
 Pre-Type( Input ):            8
 Skl-Tol ( Input ):    1.0000000000000000E-002
 Wavelength in freespace: 0.391304

 ################################################
 ##         Generating Required Mesh          ##
 ##         Waiting.....                      ##
 ################################################
 Subd No.      Subd Name
    1    sphere1                                                           
 isub,  nnode, npatch,  nedge:
    1       604      1204      1806
 Scale Factor         >>   9.99999978E-03
 ################################################

 START TIME: 20250922   002528.307


 Informaton for IE geometry:
 number of subdomains     : 1
 maxnode,maxpatch,maxedge : 604  1204  1806
 
 Index of Mat-Reg: 1
 Mat-Reg Number via MatFlg: 1
 Edge Number of Mat-Reg: 1, 1806

 Number of Edge on PEC: 0
 Mat-Reg: No Dim(m) Lmax:
    1 0.256    1
 Totlmax, add1, add2:           1           2           3
 rlengmax of Global MLFMA >>   0.25555565143554893     
 Lmax of Global MLFMA >>            1
 Wavenum of Mat-Reg:
    1 1.000

 total area in sq m           =      0.1254
 total area in sq lambda      =      0.8187
 maxnode, maxpatch, maxedge           =      604     1204     1806
 longest  edge in lambda              =      0.0557
 shortest edge in lambda              =      0.0243
 average  edge in lambda              =      0.0397
 largest  patch area in sq lambda     =      0.0011
 smallest patch area in sq lambda     =      0.0003
 ave    surface area in sq lambda     =      0.0007
 size range of the object in sq lambda =      0.5111

 #### MLFMA Info For Each Region ####
 Mat-Region =            1
 Array dimension parameters:
 maxrule=          14   maxgrid  =          64
 lmax   =           1   ncmax    =           9
 lsmax  =           1   lsmin    =           1
 kpm    =           1   kp0      =           1
 ntlm   =           1   nsm      =           1
 nkpm   =           1   niplm    =          16
 ngnearm=          64   ngsndm   =           1
 nearm  =        1807   mfinestm =         244
 ###############################

 CFIE Alpha:  0.50000000000000000     

 Fill MLFMA NI for Mat-Reg:           1
 Begin fill sparser part of Nearfield
 Begin fill denser part of Nearfield
 End fill
 Filling Amn                 Delta_CPU=         43.33 Memory(MB)=        200.07


 Now testing preconditioner with
 ipretype =            8
 method = cfie_solve_nfpre_pardiso

  
 NBP>>Begin fill sparser part of Nearfield
 NBP>>Begin fill denser part of Nearfield

212.5000%
225.0000%
237.5000%
250.0000%
262.5000%
275.0000%
287.5000%
300.0000%
 Begin MLFMA Box-Matrix Based Prec Constructor
 --- Intel MKL PARDISO --- 
  >> Solver Initialized
  >> Proceed to ngrp_box loop
  >> Loop 0 Initialized
 Memory for iGRP: 1 0 MB
 Total Memory For NFB Pre: 0 MB
 --- PARDISO PRECONDITIONER INITIALIZED --- 
 Constructing preconditioner CPU time: 0 s
 
 108360
 Memory for Iteration:: 1.65344 MB

 Iseg, Ninc_S : 1, 181, 0

 Iseg, Skeleton Angles: 1, 7
 Iseg, Skel-Pk Mem(MB): 1, 30.95

 Iseg, Irank, Idinc : 1, 1, 128
 Thata, Phi : 90.000000, 127.000000
 Maximun iteration: 300
 Number of recycle truncation: 30
 Final matrix dimension:  3612
 Residual error:0.010000
 0  1.787128e-01
 1  8.071430e-02
 2  3.030319e-02
 3  1.299524e-02
 4  5.573620e-03
 Iteration CPU time: 0 s
 CFIE residual: 0.00557362

 Iseg, Irank, Idinc : 1, 2, 47
 Thata, Phi : 90.000000, 46.000000
 Maximun iteration: 300
 Number of recycle truncation: 30
 Final matrix dimension:  3612
 Residual error:0.010000
 0  1.803503e-01
 1  8.246282e-02
 2  3.287490e-02
 3  1.453326e-02
 4  5.975474e-03
 Iteration CPU time: 0 s
 CFIE residual: 0.00597547

 Iseg, Irank, Idinc : 1, 3, 1
 Thata, Phi : 90.000000, 0.000000
 Maximun iteration: 300
 Number of recycle truncation: 30
 Final matrix dimension:  3612
 Residual error:0.010000
 0  1.945012e-01
 1  8.814657e-02
 2  3.306544e-02
 3  1.388560e-02
 4  5.649843e-03
 Iteration CPU time: 1 s
 CFIE residual: 0.00564984

 Iseg, Irank, Idinc : 1, 4, 181
 Thata, Phi : 90.000000, 180.000000
 Maximun iteration: 300
 Number of recycle truncation: 30
 Final matrix dimension:  3612
 Residual error:0.010000
 0  1.925567e-01
 1  8.771488e-02
 2  3.236936e-02
 3  1.287026e-02
 4  5.355051e-03
 Iteration CPU time: 0 s
 CFIE residual: 0.00535505

 Iseg, Irank, Idinc : 1, 5, 87
 Thata, Phi : 90.000000, 86.000000
 Maximun iteration: 300
 Number of recycle truncation: 30
 Final matrix dimension:  3612
 Residual error:0.010000
 0  1.906895e-01
 1  8.937542e-02
 2  3.328358e-02
 3  1.382384e-02
 4  5.580052e-03
 Iteration CPU time: 0 s
 CFIE residual: 0.00558005

 Iseg, Irank, Idinc : 1, 6, 159
 Thata, Phi : 90.000000, 158.000000
 Maximun iteration: 300
 Number of recycle truncation: 30
 Final matrix dimension:  3612
 Residual error:0.010000
 0  1.858940e-01
 1  8.414167e-02
 2  3.165188e-02
 3  1.288734e-02
 4  5.448923e-03
 Iteration CPU time: 0 s
 CFIE residual: 0.00544892

 Iseg, Irank, Idinc : 1, 7, 21
 Thata, Phi : 90.000000, 20.000000
 Maximun iteration: 300
 Number of recycle truncation: 30
 Final matrix dimension:  3612
 Residual error:0.010000
 0  1.883366e-01
 1  8.551914e-02
 2  3.292650e-02
 3  1.421472e-02
 4  5.818082e-03
 Iteration CPU time: 0 s
 CFIE residual: 0.00581808
 Last Built End in Sep 21 2025 00:06:12
 Total CPU time: 6 s
 Finished.
