 Last Built Begin in Sep 21 2025 00:06:12
 Pre-Type( Input ):           10
 Skl-Tol ( Input ):    1.0000000000000001E-005
 Wavelength in freespace: 0.030896

 ################################################
 ##         Generating Required Mesh          ##
 ##         Waiting.....                      ##
 ################################################
 Subd No.      Subd Name
    1    Open-Duct_PRIME_model_meshAA1                                     
 isub,  nnode, npatch,  nedge:
    1      6118     12236     18354
 Scale Factor         >>   1.54999997E-02
 ################################################

 START TIME: 20250922   025340.852


 Informaton for IE geometry:
 number of subdomains     : 1
 maxnode,maxpatch,maxedge : 6118  12236  18354
 
 Index of Mat-Reg: 1
 Mat-Reg Number via MatFlg: 1
 Edge Number of Mat-Reg: 1, 18354

 Number of Edge on PEC: 18354
 Mat-Reg: No Dim(m) Lmax:
    1 0.232    5
 Totlmax, add1, add2:           5           6           7
 rlengmax of Global MLFMA >>   0.23207149054015214     
 Lmax of Global MLFMA >>            5
 Wavenum of Mat-Reg:
    1 1.000

 total area in sq m           =      0.0510
 total area in sq lambda      =     53.3962
 maxnode, maxpatch, maxedge           =     6118    12236    18354
 longest  edge in lambda              =      0.1511
 shortest edge in lambda              =      0.0072
 average  edge in lambda              =      0.1009
 largest  patch area in sq lambda     =      0.0077
 smallest patch area in sq lambda     =      0.0000
 ave    surface area in sq lambda     =      0.0044
 size range of the object in sq lambda =      7.4263

 #### MLFMA Info For Each Region ####
 Mat-Region =            1
 Array dimension parameters:
 maxrule=          14   maxgrid  =          64
 lmax   =           5   ncmax    =        1250
 lsmax  =          26   lsmin    =           6
 kpm    =        1356   kp0      =          76
 ntlm   =      204640   nsm      =      205900
 nkpm   =        2152   niplm    =      137728
 ngnearm=       14257   ngsndm   =       64634
 nearm  =         333   mfinestm =         119
 ###############################

 CFIE Alpha:  0.50000000000000000     

 Fill MLFMA FI for Mat-Reg:           1
 Begin filltl.f
 fill translation matrix
 Level:            2
 fill shifting matrix
 Level:            3
 fill shifting matrix
 Level:            4
 fill shifting matrix
 Level:            5
 fill shifting matrix
 translator time(s):  0.111000009    
 fill interpolation matrix
 ThetaOrder            8
 PhiOrder            8
 lsl            6
 Filling TL                  Delta_CPU=          0.52 Memory(MB)=        586.87
 Filling sndgrp              Delta_CPU=          0.01 Memory(MB)=        586.87
 Filling VFS                 Delta_CPU=          2.15 Memory(MB)=        586.87

 Fill MLFMA NI for Mat-Reg:           1
 Begin fill sparser part of Nearfield
 Begin fill denser part of Nearfield
 End fill
 Filling Amn                 Delta_CPU=         91.59 Memory(MB)=        586.87


 Now testing preconditioner with
 ipretype =           10
 method = cfie_solve_nfrasspspre_pardiso

  
 NBP>>Begin fill sparser part of Nearfield

113.7357% NBP>>Begin fill denser part of Nearfield

200.1041%
 Begin MLFMA Box-Matrix Based Spar-RAS Prec Constructor
 --- Intel MKL PARDISO --- 
 Memory for iGroup: 1 0 MB
 Total Memory For SparRAS Pre: 0 MB
 --- PARDISO PRECONDITIONER INITIALIZED --- 
 Constructing preconditioner CPU time: 4 s
 
 1101240
 Memory for Iteration:: 16.8036 MB

 Iseg, Ninc_S : 1, 181, 0

 Iseg, Skeleton Angles: 1, 38
 Iseg, Skel-Pk Mem(MB): 1, 314.35

 Iseg, Irank, Idinc : 1, 1, 22
 Thata, Phi : 90.000000, 21.000000
 Maximun iteration: 300
 Number of recycle truncation: 30
 Final matrix dimension:  36708
 Residual error:0.001000
 0  6.109880e-01
 1  2.912797e-01
 2  1.661295e-01
 3  1.140795e-01
 4  8.063533e-02
 5  5.950205e-02
 6  4.558424e-02
 7  3.573570e-02
 8  2.811092e-02
 9  2.239852e-02
 10  1.733636e-02
 11  1.381193e-02
 12  1.105808e-02
 13  8.957409e-03
 14  7.386453e-03
 15  6.313594e-03
 16  5.332527e-03
 17  4.500037e-03
 18  3.879002e-03
 19  3.315156e-03
 20  2.874546e-03
 21  2.560478e-03
 22  2.315842e-03
 23  2.129320e-03
 24  1.964658e-03
 25  1.788149e-03
 26  1.603488e-03
 27  1.431115e-03
 28  1.256081e-03
 29  1.100004e-03
 30  9.469746e-04
 Iteration CPU time: 7 s
 CFIE residual: 0.000946975

 Iseg, Irank, Idinc : 1, 2, 42
 Thata, Phi : 90.000000, 41.000000
 Maximun iteration: 300
 Number of recycle truncation: 30
 Final matrix dimension:  36708
 Residual error:0.001000
 0  6.260127e-01
 1  3.156646e-01
 2  2.005340e-01
 3  1.311293e-01
 4  9.005808e-02
 5  6.542178e-02
 6  4.837492e-02
 7  3.656736e-02
 8  2.805692e-02
 9  2.163827e-02
 10  1.680471e-02
 11  1.335992e-02
 12  1.087833e-02
 13  8.999519e-03
 14  7.544756e-03
 15  6.507477e-03
 16  5.744321e-03
 17  5.075406e-03
 18  4.625215e-03
 19  4.175066e-03
 20  3.747527e-03
 21  3.358320e-03
 22  3.033873e-03
 23  2.638803e-03
 24  2.233839e-03
 25  1.894553e-03
 26  1.581049e-03
 27  1.288387e-03
 28  1.025114e-03
 29  8.078166e-04
 Iteration CPU time: 7 s
 CFIE residual: 0.000807817

 Iseg, Irank, Idinc : 1, 3, 109
 Thata, Phi : 90.000000, 108.000000
 Maximun iteration: 300
 Number of recycle truncation: 30
 Final matrix dimension:  36708
 Residual error:0.001000
 0  6.331198e-01
 1  3.584224e-01
 2  2.257205e-01
 3  1.549766e-01
 4  1.088419e-01
 5  8.174610e-02
 6  6.338160e-02
 7  4.872894e-02
 8  3.800046e-02
 9  3.073485e-02
 10  2.412271e-02
 11  1.905945e-02
 12  1.533446e-02
 13  1.264486e-02
 14  1.052114e-02
 15  8.760057e-03
 16  7.366348e-03
 17  6.410734e-03
 18  5.632003e-03
 19  4.986819e-03
 20  4.445191e-03
 21  4.019563e-03
 22  3.621212e-03
 23  3.245586e-03
 24  2.921578e-03
 25  2.587838e-03
 26  2.271868e-03
 27  1.936885e-03
 28  1.603558e-03
 29  1.293421e-03
 30  1.039118e-03
 31  8.198631e-04
 Iteration CPU time: 7 s
 CFIE residual: 0.000819863

 Iseg, Irank, Idinc : 1, 4, 64
 Thata, Phi : 90.000000, 63.000000
 Maximun iteration: 300
 Number of recycle truncation: 30
 Final matrix dimension:  36708
 Residual error:0.001000
 0  6.659508e-01
 1  3.586458e-01
 2  2.235099e-01
 3  1.444683e-01
 4  1.045877e-01
 5  7.928733e-02
 6  6.054186e-02
 7  4.759534e-02
 8  3.777595e-02
 9  3.040536e-02
 10  2.394352e-02
 11  1.940019e-02
 12  1.557962e-02
 13  1.291628e-02
 14  1.093254e-02
 15  9.636292e-03
 16  8.661294e-03
 17  7.876543e-03
 18  7.193715e-03
 19  6.472817e-03
 20  5.831554e-03
 21  5.224038e-03
 22  4.564668e-03
 23  3.956882e-03
 24  3.318043e-03
 25  2.717854e-03
 26  2.214257e-03
 27  1.743282e-03
 28  1.359227e-03
 29  1.064942e-03
 30  8.171697e-04
 Iteration CPU time: 7 s
 CFIE residual: 0.00081717

 Iseg, Irank, Idinc : 1, 5, 146
 Thata, Phi : 90.000000, 145.000000
 Maximun iteration: 300
 Number of recycle truncation: 30
 Final matrix dimension:  36708
 Residual error:0.001000
 0  6.544877e-01
 1  3.469146e-01
 2  2.088444e-01
 3  1.456119e-01
 4  1.052675e-01
 5  8.112491e-02
 6  6.337655e-02
 7  5.030672e-02
 8  4.211661e-02
 9  3.498229e-02
 10  2.922739e-02
 11  2.455761e-02
 12  2.011483e-02
 13  1.598743e-02
 14  1.271379e-02
 15  1.041022e-02
 16  8.255734e-03
 17  6.890988e-03
 18  5.751787e-03
 19  4.717355e-03
 20  4.028184e-03
 21  3.450196e-03
 22  3.032533e-03
 23  2.705841e-03
 24  2.410283e-03
 25  2.216459e-03
 26  2.033662e-03
 27  1.835278e-03
 28  1.610350e-03
 29  1.381914e-03
 30  1.182829e-03
 31  9.546881e-04
 Iteration CPU time: 7 s
 CFIE residual: 0.000954688

 Iseg, Irank, Idinc : 1, 6, 74
 Thata, Phi : 90.000000, 73.000000
 Maximun iteration: 300
 Number of recycle truncation: 30
 Final matrix dimension:  36708
 Residual error:0.001000
 0  6.451402e-01
 1  3.696627e-01
 2  2.399538e-01
 3  1.515772e-01
 4  1.063978e-01
 5  8.095420e-02
 6  6.337930e-02
 7  5.093688e-02
 8  4.038137e-02
 9  3.357332e-02
 10  2.642636e-02
 11  2.123652e-02
 12  1.722574e-02
 13  1.466817e-02
 14  1.267828e-02
 15  1.124769e-02
 16  1.004900e-02
 17  9.075910e-03
 18  8.235787e-03
 19  7.434995e-03
 20  6.784124e-03
 21  6.109835e-03
 22  5.428260e-03
 23  4.729079e-03
 24  4.069821e-03
 25  3.413242e-03
 26  2.872084e-03
 27  2.350628e-03
 28  1.915373e-03
 29  1.493516e-03
 30  1.197777e-03
 31  9.229030e-04
 Iteration CPU time: 7 s
 CFIE residual: 0.000922903

 Iseg, Irank, Idinc : 1, 7, 159
 Thata, Phi : 90.000000, 158.000000
 Maximun iteration: 300
 Number of recycle truncation: 30
 Final matrix dimension:  36708
 Residual error:0.001000
 0  6.086973e-01
 1  3.134846e-01
 2  1.906091e-01
 3  1.318558e-01
 4  1.004886e-01
 5  8.025620e-02
 6  6.444563e-02
 7  5.185354e-02
 8  4.431820e-02
 9  3.809588e-02
 10  3.179642e-02
 11  2.642810e-02
 12  2.120770e-02
 13  1.744682e-02
 14  1.413207e-02
 15  1.131918e-02
 16  9.077642e-03
 17  7.416154e-03
 18  6.122027e-03
 19  4.981522e-03
 20  4.140231e-03
 21  3.478197e-03
 22  3.014865e-03
 23  2.655770e-03
 24  2.368532e-03
 25  2.098712e-03
 26  1.890171e-03
 27  1.724200e-03
 28  1.567631e-03
 29  1.403630e-03
 30  1.249716e-03
 31  1.086792e-03
 32  9.353859e-04
 Iteration CPU time: 7 s
 CFIE residual: 0.000935386

 Iseg, Irank, Idinc : 1, 8, 120
 Thata, Phi : 90.000000, 119.000000
 Maximun iteration: 300
 Number of recycle truncation: 30
 Final matrix dimension:  36708
 Residual error:0.001000
 0  6.523763e-01
 1  3.466433e-01
 2  2.250093e-01
 3  1.563336e-01
 4  1.104432e-01
 5  8.330583e-02
 6  6.381713e-02
 7  4.981664e-02
 8  3.854421e-02
 9  3.034611e-02
 10  2.360950e-02
 11  1.856244e-02
 12  1.514524e-02
 13  1.257005e-02
 14  1.042964e-02
 15  8.847888e-03
 16  7.550934e-03
 17  6.571108e-03
 18  5.823835e-03
 19  5.131097e-03
 20  4.521144e-03
 21  4.087699e-03
 22  3.693769e-03
 23  3.318830e-03
 24  2.959414e-03
 25  2.639858e-03
 26  2.357828e-03
 27  2.056424e-03
 28  1.786746e-03
 29  1.508104e-03
 30  1.216644e-03
 31  9.746150e-04
 Iteration CPU time: 7 s
 CFIE residual: 0.000974615

 Iseg, Irank, Idinc : 1, 9, 130
 Thata, Phi : 90.000000, 129.000000
 Maximun iteration: 300
 Number of recycle truncation: 30
 Final matrix dimension:  36708
 Residual error:0.001000
 0  6.766008e-01
 1  3.571821e-01
 2  2.311854e-01
 3  1.573211e-01
 4  1.121196e-01
 5  8.665456e-02
 6  6.588694e-02
 7  5.107583e-02
 8  4.063080e-02
 9  3.203980e-02
 10  2.527254e-02
 11  2.012256e-02
 12  1.598751e-02
 13  1.312120e-02
 14  1.081326e-02
 15  9.012217e-03
 16  7.480062e-03
 17  6.450115e-03
 18  5.560090e-03
 19  4.881672e-03
 20  4.406962e-03
 21  4.004255e-03
 22  3.659856e-03
 23  3.332555e-03
 24  2.984956e-03
 25  2.690408e-03
 26  2.380906e-03
 27  2.118778e-03
 28  1.875003e-03
 29  1.635953e-03
 30  1.375412e-03
 31  1.140660e-03
 32  9.169447e-04
 Iteration CPU time: 7 s
 CFIE residual: 0.000916945

 Iseg, Irank, Idinc : 1, 10, 89
 Thata, Phi : 90.000000, 88.000000
 Maximun iteration: 300
 Number of recycle truncation: 30
 Final matrix dimension:  36708
 Residual error:0.001000
 0  6.220016e-01
 1  3.567437e-01
 2  2.298493e-01
 3  1.559938e-01
 4  1.117126e-01
 5  8.731033e-02
 6  6.806548e-02
 7  5.401063e-02
 8  4.339396e-02
 9  3.537913e-02
 10  2.817198e-02
 11  2.203141e-02
 12  1.761054e-02
 13  1.429691e-02
 14  1.216005e-02
 15  1.050528e-02
 16  9.206957e-03
 17  8.206453e-03
 18  7.472325e-03
 19  6.775582e-03
 20  6.198423e-03
 21  5.631087e-03
 22  5.038210e-03
 23  4.394135e-03
 24  3.810078e-03
 25  3.236163e-03
 26  2.710259e-03
 27  2.253641e-03
 28  1.843014e-03
 29  1.418826e-03
 30  1.094225e-03
 31  8.473710e-04
 Iteration CPU time: 7 s
 CFIE residual: 0.000847371

 Iseg, Irank, Idinc : 1, 11, 53
 Thata, Phi : 90.000000, 52.000000
 Maximun iteration: 300
 Number of recycle truncation: 30
 Final matrix dimension:  36708
 Residual error:0.001000
 0  6.472008e-01
 1  3.361281e-01
 2  2.081793e-01
 3  1.352585e-01
 4  9.667069e-02
 5  7.150853e-02
 6  5.485787e-02
 7  4.273861e-02
 8  3.301126e-02
 9  2.488834e-02
 10  1.985321e-02
 11  1.593442e-02
 12  1.299130e-02
 13  1.092848e-02
 14  9.376724e-03
 15  8.113220e-03
 16  7.308626e-03
 17  6.627440e-03
 18  5.979598e-03
 19  5.360664e-03
 20  4.807131e-03
 21  4.205725e-03
 22  3.734149e-03
 23  3.209167e-03
 24  2.674550e-03
 25  2.157584e-03
 26  1.746072e-03
 27  1.397065e-03
 28  1.120311e-03
 29  8.824778e-04
 Iteration CPU time: 7 s
 CFIE residual: 0.000882478

 Iseg, Irank, Idinc : 1, 12, 32
 Thata, Phi : 90.000000, 31.000000
 Maximun iteration: 300
 Number of recycle truncation: 30
 Final matrix dimension:  36708
 Residual error:0.001000
 0  6.325863e-01
 1  3.059316e-01
 2  1.800870e-01
 3  1.140668e-01
 4  8.034225e-02
 5  5.943242e-02
 6  4.374082e-02
 7  3.327051e-02
 8  2.555499e-02
 9  2.023851e-02
 10  1.639392e-02
 11  1.301989e-02
 12  1.031816e-02
 13  8.577026e-03
 14  7.086330e-03
 15  6.002944e-03
 16  5.270848e-03
 17  4.513521e-03
 18  4.022019e-03
 19  3.533798e-03
 20  3.131215e-03
 21  2.816909e-03
 22  2.578750e-03
 23  2.369152e-03
 24  2.145473e-03
 25  1.904173e-03
 26  1.652456e-03
 27  1.445710e-03
 28  1.216355e-03
 29  1.019786e-03
 30  8.291420e-04
 Iteration CPU time: 7 s
 CFIE residual: 0.000829142

 Iseg, Irank, Idinc : 1, 13, 11
 Thata, Phi : 90.000000, 10.000000
 Maximun iteration: 300
 Number of recycle truncation: 30
 Final matrix dimension:  36708
 Residual error:0.001000
 0  5.404279e-01
 1  2.760204e-01
 2  1.729160e-01
 3  1.231513e-01
 4  8.824996e-02
 5  6.682673e-02
 6  5.128355e-02
 7  3.972698e-02
 8  3.072836e-02
 9  2.451462e-02
 10  1.921434e-02
 11  1.485223e-02
 12  1.154760e-02
 13  9.253619e-03
 14  7.548161e-03
 15  6.277513e-03
 16  5.337190e-03
 17  4.455294e-03
 18  3.848285e-03
 19  3.341866e-03
 20  2.926652e-03
 21  2.543239e-03
 22  2.282218e-03
 23  2.031519e-03
 24  1.853879e-03
 25  1.705602e-03
 26  1.564724e-03
 27  1.425413e-03
 28  1.288917e-03
 29  1.158234e-03
 30  1.021088e-03
 31  8.912645e-04
 Iteration CPU time: 7 s
 CFIE residual: 0.000891264

 Iseg, Irank, Idinc : 1, 14, 178
 Thata, Phi : 90.000000, 177.000000
 Maximun iteration: 300
 Number of recycle truncation: 30
 Final matrix dimension:  36708
 Residual error:0.001000
 0  5.576223e-01
 1  3.004242e-01
 2  1.914084e-01
 3  1.358749e-01
 4  1.064993e-01
 5  8.218749e-02
 6  6.710128e-02
 7  5.517262e-02
 8  4.496686e-02
 9  3.523687e-02
 10  2.782998e-02
 11  2.216985e-02
 12  1.750603e-02
 13  1.377923e-02
 14  1.087205e-02
 15  8.562065e-03
 16  6.814632e-03
 17  5.652296e-03
 18  4.595157e-03
 19  3.800621e-03
 20  3.141668e-03
 21  2.603133e-03
 22  2.256325e-03
 23  1.996808e-03
 24  1.743909e-03
 25  1.540819e-03
 26  1.389787e-03
 27  1.252988e-03
 28  1.135022e-03
 29  1.023246e-03
 30  9.252840e-04
 Iteration CPU time: 7 s
 CFIE residual: 0.000925284

 Iseg, Irank, Idinc : 1, 15, 98
 Thata, Phi : 90.000000, 97.000000
 Maximun iteration: 300
 Number of recycle truncation: 30
 Final matrix dimension:  36708
 Residual error:0.001000
 0  6.192969e-01
 1  3.549805e-01
 2  2.237902e-01
 3  1.498132e-01
 4  1.066439e-01
 5  8.084954e-02
 6  6.224774e-02
 7  4.964484e-02
 8  3.933776e-02
 9  3.150281e-02
 10  2.517941e-02
 11  2.016566e-02
 12  1.626620e-02
 13  1.353577e-02
 14  1.143804e-02
 15  9.639391e-03
 16  8.259969e-03
 17  7.309116e-03
 18  6.559955e-03
 19  5.948244e-03
 20  5.433452e-03
 21  4.927493e-03
 22  4.429726e-03
 23  3.970359e-03
 24  3.562780e-03
 25  3.106557e-03
 26  2.684208e-03
 27  2.294692e-03
 28  1.890363e-03
 29  1.521435e-03
 30  1.201013e-03
 31  9.356342e-04
 Iteration CPU time: 7 s
 CFIE residual: 0.000935634

 Iseg, Irank, Idinc : 1, 16, 81
 Thata, Phi : 90.000000, 80.000000
 Maximun iteration: 300
 Number of recycle truncation: 30
 Final matrix dimension:  36708
 Residual error:0.001000
 0  6.275728e-01
 1  3.597261e-01
 2  2.330856e-01
 3  1.532284e-01
 4  1.095846e-01
 5  8.582572e-02
 6  6.554209e-02
 7  5.280352e-02
 8  4.234616e-02
 9  3.364987e-02
 10  2.689950e-02
 11  2.122910e-02
 12  1.709264e-02
 13  1.415742e-02
 14  1.221694e-02
 15  1.069504e-02
 16  9.444827e-03
 17  8.469251e-03
 18  7.692958e-03
 19  6.977195e-03
 20  6.303588e-03
 21  5.740569e-03
 22  5.132727e-03
 23  4.519278e-03
 24  3.867924e-03
 25  3.293953e-03
 26  2.785178e-03
 27  2.323162e-03
 28  1.912672e-03
 29  1.505108e-03
 30  1.202679e-03
 31  9.338442e-04
 Iteration CPU time: 7 s
 CFIE residual: 0.000933844

 Iseg, Irank, Idinc : 1, 17, 138
 Thata, Phi : 90.000000, 137.000000
 Maximun iteration: 300
 Number of recycle truncation: 30
 Final matrix dimension:  36708
 Residual error:0.001000
 0  6.972272e-01
 1  3.576765e-01
 2  2.225258e-01
 3  1.533619e-01
 4  1.112555e-01
 5  8.453936e-02
 6  6.394035e-02
 7  5.054467e-02
 8  4.155220e-02
 9  3.318690e-02
 10  2.679226e-02
 11  2.220191e-02
 12  1.813692e-02
 13  1.442952e-02
 14  1.157005e-02
 15  9.390805e-03
 16  7.736645e-03
 17  6.470824e-03
 18  5.477532e-03
 19  4.676109e-03
 20  4.164843e-03
 21  3.723711e-03
 22  3.406116e-03
 23  3.079873e-03
 24  2.790511e-03
 25  2.541787e-03
 26  2.279588e-03
 27  2.012194e-03
 28  1.740748e-03
 29  1.503486e-03
 30  1.264828e-03
 31  1.041952e-03
 32  8.206869e-04
 Iteration CPU time: 7 s
 CFIE residual: 0.000820687

 Iseg, Irank, Idinc : 1, 18, 1
 Thata, Phi : 90.000000, 0.000000
 Maximun iteration: 300
 Number of recycle truncation: 30
 Final matrix dimension:  36708
 Residual error:0.001000
 0  5.072693e-01
 1  2.680725e-01
 2  1.739005e-01
 3  1.207250e-01
 4  8.591414e-02
 5  6.434424e-02
 6  4.941174e-02
 7  3.792284e-02
 8  2.927891e-02
 9  2.256029e-02
 10  1.726169e-02
 11  1.350718e-02
 12  1.105380e-02
 13  8.753318e-03
 14  7.185363e-03
 15  5.679669e-03
 16  4.654837e-03
 17  3.854274e-03
 18  3.311817e-03
 19  2.874506e-03
 20  2.541457e-03
 21  2.270873e-03
 22  2.027870e-03
 23  1.784934e-03
 24  1.614183e-03
 25  1.485695e-03
 26  1.370677e-03
 27  1.249967e-03
 28  1.107651e-03
 29  9.730287e-04
 Iteration CPU time: 6 s
 CFIE residual: 0.000973029

 Iseg, Irank, Idinc : 1, 19, 168
 Thata, Phi : 90.000000, 167.000000
 Maximun iteration: 300
 Number of recycle truncation: 30
 Final matrix dimension:  36708
 Residual error:0.001000
 0  5.756324e-01
 1  3.021308e-01
 2  1.889822e-01
 3  1.350197e-01
 4  1.054405e-01
 5  8.392161e-02
 6  6.896474e-02
 7  5.600999e-02
 8  4.662161e-02
 9  3.894524e-02
 10  3.275078e-02
 11  2.693774e-02
 12  2.210965e-02
 13  1.763478e-02
 14  1.448434e-02
 15  1.167205e-02
 16  9.538490e-03
 17  7.739127e-03
 18  6.305001e-03
 19  5.050050e-03
 20  4.138915e-03
 21  3.425158e-03
 22  2.918555e-03
 23  2.503504e-03
 24  2.171885e-03
 25  1.885285e-03
 26  1.645723e-03
 27  1.491350e-03
 28  1.366259e-03
 29  1.249438e-03
 30  1.137927e-03
 31  1.017713e-03
 32  8.836815e-04
 Iteration CPU time: 7 s
 CFIE residual: 0.000883682

 Iseg, Irank, Idinc : 1, 20, 153
 Thata, Phi : 90.000000, 152.000000
 Maximun iteration: 300
 Number of recycle truncation: 30
 Final matrix dimension:  36708
 Residual error:0.001000
 0  6.308150e-01
 1  3.300139e-01
 2  2.000484e-01
 3  1.378418e-01
 4  1.023033e-01
 5  8.019001e-02
 6  6.377898e-02
 7  5.083724e-02
 8  4.310815e-02
 9  3.608474e-02
 10  3.054765e-02
 11  2.548053e-02
 12  2.052193e-02
 13  1.609178e-02
 14  1.315169e-02
 15  1.062400e-02
 16  8.571417e-03
 17  7.027241e-03
 18  5.814745e-03
 19  4.772528e-03
 20  3.993145e-03
 21  3.379429e-03
 22  2.933811e-03
 23  2.618085e-03
 24  2.327735e-03
 25  2.097852e-03
 26  1.907877e-03
 27  1.711790e-03
 28  1.525593e-03
 29  1.344800e-03
 30  1.173658e-03
 31  9.664987e-04
 Iteration CPU time: 7 s
 CFIE residual: 0.000966499

 Iseg, Irank, Idinc : 1, 21, 104
 Thata, Phi : 90.000000, 103.000000
 Maximun iteration: 300
 Number of recycle truncation: 30
 Final matrix dimension:  36708
 Residual error:0.001000
 0  6.208790e-01
 1  3.561338e-01
 2  2.245977e-01
 3  1.520506e-01
 4  1.061231e-01
 5  7.986185e-02
 6  6.223008e-02
 7  4.829467e-02
 8  3.786578e-02
 9  3.067555e-02
 10  2.484820e-02
 11  1.978341e-02
 12  1.584971e-02
 13  1.304966e-02
 14  1.079618e-02
 15  9.104539e-03
 16  7.659471e-03
 17  6.748408e-03
 18  5.987262e-03
 19  5.371915e-03
 20  4.860136e-03
 21  4.445687e-03
 22  3.992850e-03
 23  3.577140e-03
 24  3.205585e-03
 25  2.824985e-03
 26  2.471546e-03
 27  2.133256e-03
 28  1.800050e-03
 29  1.456068e-03
 30  1.173997e-03
 31  9.254694e-04
 Iteration CPU time: 8 s
 CFIE residual: 0.000925469

 Iseg, Irank, Idinc : 1, 22, 181
 Thata, Phi : 90.000000, 180.000000
 Maximun iteration: 300
 Number of recycle truncation: 30
 Final matrix dimension:  36708
 Residual error:0.001000
 0  5.563291e-01
 1  3.004077e-01
 2  1.914104e-01
 3  1.357358e-01
 4  1.062252e-01
 5  8.160345e-02
 6  6.652419e-02
 7  5.471089e-02
 8  4.443350e-02
 9  3.457417e-02
 10  2.699816e-02
 11  2.122917e-02
 12  1.608785e-02
 13  1.236853e-02
 14  9.595571e-03
 15  7.383701e-03
 16  5.755005e-03
 17  4.682620e-03
 18  3.801394e-03
 19  3.059318e-03
 20  2.581140e-03
 21  2.252686e-03
 22  1.968455e-03
 23  1.744995e-03
 24  1.556045e-03
 25  1.404194e-03
 26  1.293353e-03
 27  1.169665e-03
 28  1.051643e-03
 29  9.283933e-04
 Iteration CPU time: 6 s
 CFIE residual: 0.000928393

 Iseg, Irank, Idinc : 1, 23, 6
 Thata, Phi : 90.000000, 5.000000
 Maximun iteration: 300
 Number of recycle truncation: 30
 Final matrix dimension:  36708
 Residual error:0.001000
 0  5.168720e-01
 1  2.705200e-01
 2  1.735354e-01
 3  1.218620e-01
 4  8.760712e-02
 5  6.634735e-02
 6  5.068616e-02
 7  3.827947e-02
 8  2.921002e-02
 9  2.336449e-02
 10  1.854314e-02
 11  1.457648e-02
 12  1.146624e-02
 13  9.129769e-03
 14  7.588375e-03
 15  6.242990e-03
 16  5.221885e-03
 17  4.358572e-03
 18  3.714327e-03
 19  3.245742e-03
 20  2.847608e-03
 21  2.488198e-03
 22  2.230193e-03
 23  1.963610e-03
 24  1.775224e-03
 25  1.620699e-03
 26  1.500979e-03
 27  1.371856e-03
 28  1.254048e-03
 29  1.109308e-03
 30  9.697554e-04
 Iteration CPU time: 7 s
 CFIE residual: 0.000969755

 Iseg, Irank, Idinc : 1, 24, 59
 Thata, Phi : 90.000000, 58.000000
 Maximun iteration: 300
 Number of recycle truncation: 30
 Final matrix dimension:  36708
 Residual error:0.001000
 0  6.628998e-01
 1  3.467616e-01
 2  2.159140e-01
 3  1.373374e-01
 4  9.783725e-02
 5  7.207888e-02
 6  5.599255e-02
 7  4.447159e-02
 8  3.545044e-02
 9  2.736893e-02
 10  2.102787e-02
 11  1.703008e-02
 12  1.391739e-02
 13  1.162926e-02
 14  9.874495e-03
 15  8.619581e-03
 16  7.747428e-03
 17  7.025098e-03
 18  6.409028e-03
 19  5.748433e-03
 20  5.163305e-03
 21  4.615436e-03
 22  3.981238e-03
 23  3.403513e-03
 24  2.870367e-03
 25  2.329252e-03
 26  1.875422e-03
 27  1.496742e-03
 28  1.188848e-03
 29  9.438574e-04
 Iteration CPU time: 7 s
 CFIE residual: 0.000943857

 Iseg, Irank, Idinc : 1, 25, 17
 Thata, Phi : 90.000000, 16.000000
 Maximun iteration: 300
 Number of recycle truncation: 30
 Final matrix dimension:  36708
 Residual error:0.001000
 0  5.784736e-01
 1  2.839768e-01
 2  1.698893e-01
 3  1.196600e-01
 4  8.499990e-02
 5  6.381937e-02
 6  4.944216e-02
 7  3.877284e-02
 8  3.030570e-02
 9  2.380049e-02
 10  1.848179e-02
 11  1.473800e-02
 12  1.149467e-02
 13  9.187629e-03
 14  7.488665e-03
 15  6.372434e-03
 16  5.403209e-03
 17  4.563305e-03
 18  3.916742e-03
 19  3.346474e-03
 20  2.932156e-03
 21  2.552304e-03
 22  2.302507e-03
 23  2.081081e-03
 24  1.908711e-03
 25  1.747617e-03
 26  1.590402e-03
 27  1.436728e-03
 28  1.279666e-03
 29  1.141159e-03
 30  9.972043e-04
 Iteration CPU time: 7 s
 CFIE residual: 0.000997204

 Iseg, Irank, Idinc : 1, 26, 173
 Thata, Phi : 90.000000, 172.000000
 Maximun iteration: 300
 Number of recycle truncation: 30
 Final matrix dimension:  36708
 Residual error:0.001000
 0  5.643355e-01
 1  3.006566e-01
 2  1.909688e-01
 3  1.362068e-01
 4  1.070888e-01
 5  8.389138e-02
 6  6.890789e-02
 7  5.628059e-02
 8  4.642419e-02
 9  3.760224e-02
 10  3.081658e-02
 11  2.519018e-02
 12  2.057798e-02
 13  1.641260e-02
 14  1.338060e-02
 15  1.086859e-02
 16  8.919201e-03
 17  7.193268e-03
 18  5.793517e-03
 19  4.697105e-03
 20  3.847846e-03
 21  3.161597e-03
 22  2.710451e-03
 23  2.335696e-03
 24  2.020650e-03
 25  1.756382e-03
 26  1.538270e-03
 27  1.384431e-03
 28  1.260261e-03
 29  1.147914e-03
 30  1.052041e-03
 31  9.407862e-04
 Iteration CPU time: 7 s
 CFIE residual: 0.000940786

 Iseg, Irank, Idinc : 1, 27, 115
 Thata, Phi : 90.000000, 114.000000
 Maximun iteration: 300
 Number of recycle truncation: 30
 Final matrix dimension:  36708
 Residual error:0.001000
 0  6.470346e-01
 1  3.517405e-01
 2  2.229597e-01
 3  1.553000e-01
 4  1.096645e-01
 5  8.206650e-02
 6  6.271709e-02
 7  4.850608e-02
 8  3.784122e-02
 9  3.011355e-02
 10  2.340408e-02
 11  1.845389e-02
 12  1.510475e-02
 13  1.259575e-02
 14  1.045419e-02
 15  8.674201e-03
 16  7.410559e-03
 17  6.431071e-03
 18  5.598337e-03
 19  4.931347e-03
 20  4.418652e-03
 21  3.958664e-03
 22  3.600035e-03
 23  3.223928e-03
 24  2.907345e-03
 25  2.578455e-03
 26  2.290411e-03
 27  1.987070e-03
 28  1.678146e-03
 29  1.400540e-03
 30  1.112109e-03
 31  8.629165e-04
 Iteration CPU time: 7 s
 CFIE residual: 0.000862917

 Iseg, Irank, Idinc : 1, 28, 37
 Thata, Phi : 90.000000, 36.000000
 Maximun iteration: 300
 Number of recycle truncation: 30
 Final matrix dimension:  36708
 Residual error:0.001000
 0  6.229772e-01
 1  3.125461e-01
 2  1.932545e-01
 3  1.231795e-01
 4  8.427795e-02
 5  6.180097e-02
 6  4.537526e-02
 7  3.431332e-02
 8  2.632772e-02
 9  2.035555e-02
 10  1.612454e-02
 11  1.297744e-02
 12  1.042238e-02
 13  8.636061e-03
 14  7.166821e-03
 15  6.165414e-03
 16  5.368371e-03
 17  4.656335e-03
 18  4.195906e-03
 19  3.746742e-03
 20  3.346236e-03
 21  3.018693e-03
 22  2.752080e-03
 23  2.472449e-03
 24  2.173751e-03
 25  1.900804e-03
 26  1.620967e-03
 27  1.368926e-03
 28  1.124079e-03
 29  9.276002e-04
 Iteration CPU time: 6 s
 CFIE residual: 0.0009276

 Iseg, Irank, Idinc : 1, 29, 70
 Thata, Phi : 90.000000, 69.000000
 Maximun iteration: 300
 Number of recycle truncation: 30
 Final matrix dimension:  36708
 Residual error:0.001000
 0  6.560571e-01
 1  3.689326e-01
 2  2.356883e-01
 3  1.518797e-01
 4  1.093824e-01
 5  8.293016e-02
 6  6.402120e-02
 7  5.105253e-02
 8  4.102542e-02
 9  3.396558e-02
 10  2.690726e-02
 11  2.136102e-02
 12  1.726658e-02
 13  1.453158e-02
 14  1.241810e-02
 15  1.111111e-02
 16  9.989822e-03
 17  9.038379e-03
 18  8.202515e-03
 19  7.380987e-03
 20  6.744733e-03
 21  6.051943e-03
 22  5.389229e-03
 23  4.705443e-03
 24  4.011151e-03
 25  3.336941e-03
 26  2.766319e-03
 27  2.255250e-03
 28  1.787386e-03
 29  1.417993e-03
 30  1.104224e-03
 31  8.542809e-04
 Iteration CPU time: 7 s
 CFIE residual: 0.000854281

 Iseg, Irank, Idinc : 1, 30, 163
 Thata, Phi : 90.000000, 162.000000
 Maximun iteration: 300
 Number of recycle truncation: 30
 Final matrix dimension:  36708
 Residual error:0.001000
 0  5.922972e-01
 1  3.064763e-01
 2  1.875644e-01
 3  1.322025e-01
 4  1.020781e-01
 5  8.210591e-02
 6  6.664054e-02
 7  5.386445e-02
 8  4.537819e-02
 9  3.879065e-02
 10  3.274049e-02
 11  2.725401e-02
 12  2.227844e-02
 13  1.788765e-02
 14  1.458119e-02
 15  1.170752e-02
 16  9.473403e-03
 17  7.853783e-03
 18  6.450496e-03
 19  5.125104e-03
 20  4.255627e-03
 21  3.560728e-03
 22  3.015599e-03
 23  2.612656e-03
 24  2.286067e-03
 25  1.988362e-03
 26  1.781302e-03
 27  1.631012e-03
 28  1.494071e-03
 29  1.356543e-03
 30  1.219603e-03
 31  1.086122e-03
 32  9.358049e-04
 Iteration CPU time: 7 s
 CFIE residual: 0.000935805

 Iseg, Irank, Idinc : 1, 31, 3
 Thata, Phi : 90.000000, 2.000000
 Maximun iteration: 300
 Number of recycle truncation: 30
 Final matrix dimension:  36708
 Residual error:0.001000
 0  5.089062e-01
 1  2.684965e-01
 2  1.738233e-01
 3  1.209079e-01
 4  8.623369e-02
 5  6.479320e-02
 6  4.970280e-02
 7  3.787542e-02
 8  2.912413e-02
 9  2.258457e-02
 10  1.752413e-02
 11  1.398492e-02
 12  1.129728e-02
 13  8.897066e-03
 14  7.344412e-03
 15  6.012719e-03
 16  5.040242e-03
 17  4.206481e-03
 18  3.580950e-03
 19  3.122558e-03
 20  2.742525e-03
 21  2.427576e-03
 22  2.172268e-03
 23  1.908157e-03
 24  1.710306e-03
 25  1.563669e-03
 26  1.444521e-03
 27  1.320362e-03
 28  1.192626e-03
 29  1.049277e-03
 30  8.979722e-04
 Iteration CPU time: 7 s
 CFIE residual: 0.000897972

 Iseg, Irank, Idinc : 1, 32, 126
 Thata, Phi : 90.000000, 125.000000
 Maximun iteration: 300
 Number of recycle truncation: 30
 Final matrix dimension:  36708
 Residual error:0.001000
 0  6.609633e-01
 1  3.484087e-01
 2  2.293111e-01
 3  1.576260e-01
 4  1.123842e-01
 5  8.621804e-02
 6  6.579066e-02
 7  5.110061e-02
 8  3.970698e-02
 9  3.116286e-02
 10  2.438365e-02
 11  1.944997e-02
 12  1.553822e-02
 13  1.273982e-02
 14  1.052829e-02
 15  9.054738e-03
 16  7.670847e-03
 17  6.639776e-03
 18  5.821929e-03
 19  5.108913e-03
 20  4.538190e-03
 21  4.110274e-03
 22  3.743133e-03
 23  3.403941e-03
 24  3.027578e-03
 25  2.717219e-03
 26  2.435580e-03
 27  2.175302e-03
 28  1.931252e-03
 29  1.684062e-03
 30  1.414476e-03
 31  1.173720e-03
 32  9.437804e-04
 Iteration CPU time: 7 s
 CFIE residual: 0.00094378

 Iseg, Irank, Idinc : 1, 33, 47
 Thata, Phi : 90.000000, 46.000000
 Maximun iteration: 300
 Number of recycle truncation: 30
 Final matrix dimension:  36708
 Residual error:0.001000
 0  6.344666e-01
 1  3.231343e-01
 2  2.039548e-01
 3  1.344984e-01
 4  9.513308e-02
 5  7.024811e-02
 6  5.275315e-02
 7  4.060285e-02
 8  3.106076e-02
 9  2.416704e-02
 10  1.884035e-02
 11  1.483871e-02
 12  1.202288e-02
 13  9.977745e-03
 14  8.405364e-03
 15  7.253610e-03
 16  6.492555e-03
 17  5.815513e-03
 18  5.262467e-03
 19  4.795508e-03
 20  4.341265e-03
 21  3.789730e-03
 22  3.380918e-03
 23  2.904581e-03
 24  2.417205e-03
 25  2.013304e-03
 26  1.642027e-03
 27  1.340281e-03
 28  1.082621e-03
 29  8.668659e-04
 Iteration CPU time: 7 s
 CFIE residual: 0.000866866

 Iseg, Irank, Idinc : 1, 34, 93
 Thata, Phi : 90.000000, 92.000000
 Maximun iteration: 300
 Number of recycle truncation: 30
 Final matrix dimension:  36708
 Residual error:0.001000
 0  6.215210e-01
 1  3.574664e-01
 2  2.274037e-01
 3  1.516844e-01
 4  1.091628e-01
 5  8.511893e-02
 6  6.685575e-02
 7  5.302683e-02
 8  4.246842e-02
 9  3.433004e-02
 10  2.709191e-02
 11  2.180907e-02
 12  1.762748e-02
 13  1.433539e-02
 14  1.220417e-02
 15  1.037575e-02
 16  8.994940e-03
 17  7.956789e-03
 18  7.194211e-03
 19  6.519820e-03
 20  5.985346e-03
 21  5.429738e-03
 22  4.868276e-03
 23  4.297299e-03
 24  3.785672e-03
 25  3.259174e-03
 26  2.761848e-03
 27  2.333403e-03
 28  1.890237e-03
 29  1.452685e-03
 30  1.107425e-03
 31  8.389625e-04
 Iteration CPU time: 7 s
 CFIE residual: 0.000838962

 Iseg, Irank, Idinc : 1, 35, 180
 Thata, Phi : 90.000000, 179.000000
 Maximun iteration: 300
 Number of recycle truncation: 30
 Final matrix dimension:  36708
 Residual error:0.001000
 0  5.564909e-01
 1  3.004130e-01
 2  1.914138e-01
 3  1.357553e-01
 4  1.062607e-01
 5  8.167679e-02
 6  6.659692e-02
 7  5.477530e-02
 8  4.450915e-02
 9  3.466158e-02
 10  2.710998e-02
 11  2.136460e-02
 12  1.634788e-02
 13  1.265154e-02
 14  9.845718e-03
 15  7.642596e-03
 16  5.973546e-03
 17  4.930605e-03
 18  4.051016e-03
 19  3.337338e-03
 20  2.759358e-03
 21  2.356573e-03
 22  2.060909e-03
 23  1.844958e-03
 24  1.629329e-03
 25  1.453940e-03
 26  1.330204e-03
 27  1.198582e-03
 28  1.082340e-03
 29  9.616535e-04
 Iteration CPU time: 6 s
 CFIE residual: 0.000961653

 Iseg, Irank, Idinc : 1, 36, 26
 Thata, Phi : 90.000000, 25.000000
 Maximun iteration: 300
 Number of recycle truncation: 30
 Final matrix dimension:  36708
 Residual error:0.001000
 0  6.294234e-01
 1  2.971622e-01
 2  1.673761e-01
 3  1.106124e-01
 4  7.800511e-02
 5  5.734883e-02
 6  4.312240e-02
 7  3.320780e-02
 8  2.595271e-02
 9  2.076031e-02
 10  1.646640e-02
 11  1.291069e-02
 12  1.054869e-02
 13  8.614483e-03
 14  7.192419e-03
 15  6.130092e-03
 16  5.305428e-03
 17  4.474562e-03
 18  3.904279e-03
 19  3.361012e-03
 20  2.937579e-03
 21  2.617622e-03
 22  2.385611e-03
 23  2.210171e-03
 24  2.036950e-03
 25  1.833816e-03
 26  1.639155e-03
 27  1.449301e-03
 28  1.255102e-03
 29  1.090431e-03
 30  9.120514e-04
 Iteration CPU time: 6 s
 CFIE residual: 0.000912051

 Iseg, Irank, Idinc : 1, 37, 142
 Thata, Phi : 90.000000, 141.000000
 Maximun iteration: 300
 Number of recycle truncation: 30
 Final matrix dimension:  36708
 Residual error:0.001000
 0  6.771533e-01
 1  3.526148e-01
 2  2.136583e-01
 3  1.485964e-01
 4  1.079079e-01
 5  8.265132e-02
 6  6.306169e-02
 7  5.020379e-02
 8  4.169983e-02
 9  3.415159e-02
 10  2.821592e-02
 11  2.357498e-02
 12  1.924224e-02
 13  1.538708e-02
 14  1.215081e-02
 15  9.963594e-03
 16  7.990984e-03
 17  6.680416e-03
 18  5.625138e-03
 19  4.652683e-03
 20  4.071524e-03
 21  3.582035e-03
 22  3.232087e-03
 23  2.893746e-03
 24  2.614920e-03
 25  2.410888e-03
 26  2.198470e-03
 27  1.978609e-03
 28  1.703268e-03
 29  1.463209e-03
 30  1.252244e-03
 31  1.035813e-03
 32  8.361316e-04
 Iteration CPU time: 8 s
 CFIE residual: 0.000836132

 Iseg, Irank, Idinc : 1, 38, 85
 Thata, Phi : 90.000000, 84.000000
 Maximun iteration: 300
 Number of recycle truncation: 30
 Final matrix dimension:  36708
 Residual error:0.001000
 0  6.231401e-01
 1  3.556833e-01
 2  2.305935e-01
 3  1.571810e-01
 4  1.126996e-01
 5  8.799394e-02
 6  6.789290e-02
 7  5.418485e-02
 8  4.341507e-02
 9  3.512914e-02
 10  2.789185e-02
 11  2.156080e-02
 12  1.714451e-02
 13  1.408123e-02
 14  1.195866e-02
 15  1.043721e-02
 16  9.228165e-03
 17  8.284580e-03
 18  7.536317e-03
 19  6.845284e-03
 20  6.257505e-03
 21  5.675863e-03
 22  5.075565e-03
 23  4.411423e-03
 24  3.783442e-03
 25  3.202114e-03
 26  2.691810e-03
 27  2.241350e-03
 28  1.850057e-03
 29  1.464052e-03
 30  1.151387e-03
 31  9.100221e-04
 Iteration CPU time: 7 s
 CFIE residual: 0.000910022
 Last Built End in Sep 21 2025 00:06:12
 Total CPU time: 283 s
 Finished.
