 Last Built Begin in Sep 21 2025 00:06:12
 Pre-Type( Input ):           10
 Skl-Tol ( Input ):    1.0000000000000001E-005
 Wavelength in freespace: 0.0290135

 ################################################
 ##         Generating Required Mesh          ##
 ##         Waiting.....                      ##
 ################################################
 Subd No.      Subd Name
    1    Open-Duct_PRIME_model_meshAA1                                     
 isub,  nnode, npatch,  nedge:
    1      6118     12236     18354
 Scale Factor         >>   1.54999997E-02
 ################################################

 START TIME: 20250922   080601.867


 Informaton for IE geometry:
 number of subdomains     : 1
 maxnode,maxpatch,maxedge : 6118  12236  18354
 
 Index of Mat-Reg: 1
 Mat-Reg Number via MatFlg: 1
 Edge Number of Mat-Reg: 1, 18354

 Number of Edge on PEC: 18354
 Mat-Reg: No Dim(m) Lmax:
    1 0.247    5
 Totlmax, add1, add2:           5           6           7
 rlengmax of Global MLFMA >>   0.24712865213029583     
 Lmax of Global MLFMA >>            5
 Wavenum of Mat-Reg:
    1 1.000

 total area in sq m           =      0.0510
 total area in sq lambda      =     60.5498
 maxnode, maxpatch, maxedge           =     6118    12236    18354
 longest  edge in lambda              =      0.1609
 shortest edge in lambda              =      0.0076
 average  edge in lambda              =      0.1074
 largest  patch area in sq lambda     =      0.0088
 smallest patch area in sq lambda     =      0.0000
 ave    surface area in sq lambda     =      0.0049
 size range of the object in sq lambda =      7.9081

 #### MLFMA Info For Each Region ####
 Mat-Region =            1
 Array dimension parameters:
 maxrule=          14   maxgrid  =          64
 lmax   =           5   ncmax    =        1250
 lsmax  =          27   lsmin    =           7
 kpm    =        1462   kp0      =         102
 ntlm   =      225016   nsm      =      235590
 nkpm   =        2350   niplm    =      150400
 ngnearm=       14257   ngsndm   =       64634
 nearm  =         333   mfinestm =         119
 ###############################

 CFIE Alpha:  0.50000000000000000     

 Fill MLFMA FI for Mat-Reg:           1
 Begin filltl.f
 fill translation matrix
 Level:            2
 fill shifting matrix
 Level:            3
 fill shifting matrix
 Level:            4
 fill shifting matrix
 Level:            5
 fill shifting matrix
 translator time(s):  0.137000009    
 fill interpolation matrix
 ThetaOrder            8
 PhiOrder            8
 lsl            7
 Filling TL                  Delta_CPU=          0.58 Memory(MB)=        654.36
 Filling sndgrp              Delta_CPU=          0.00 Memory(MB)=        654.36
 Filling VFS                 Delta_CPU=          3.01 Memory(MB)=        654.36

 Fill MLFMA NI for Mat-Reg:           1
 Begin fill sparser part of Nearfield
 Begin fill denser part of Nearfield
 End fill
 Filling Amn                 Delta_CPU=         89.51 Memory(MB)=        654.36


 Now testing preconditioner with
 ipretype =           10
 method = cfie_solve_nfrasspspre_pardiso

  
 NBP>>Begin fill sparser part of Nearfield

116.8574% NBP>>Begin fill denser part of Nearfield

200.1041%
 Begin MLFMA Box-Matrix Based Spar-RAS Prec Constructor
 --- Intel MKL PARDISO --- 
 Memory for iGroup: 1 0 MB
 Total Memory For SparRAS Pre: 0 MB
 --- PARDISO PRECONDITIONER INITIALIZED --- 
 Constructing preconditioner CPU time: 4 s
 
 1101240
 Memory for Iteration:: 16.8036 MB

 Iseg, Ninc_S : 1, 181, 0

 Iseg, Skeleton Angles: 1, 40
 Iseg, Skel-Pk Mem(MB): 1, 314.35

 Iseg, Irank, Idinc : 1, 1, 42
 Thata, Phi : 90.000000, 41.000000
 Maximun iteration: 300
 Number of recycle truncation: 30
 Final matrix dimension:  36708
 Residual error:0.001000
 0  6.315981e-01
 1  3.149732e-01
 2  1.989037e-01
 3  1.274197e-01
 4  8.859100e-02
 5  6.502493e-02
 6  4.934453e-02
 7  3.776987e-02
 8  2.871989e-02
 9  2.248597e-02
 10  1.681734e-02
 11  1.369730e-02
 12  1.128009e-02
 13  9.338487e-03
 14  8.113476e-03
 15  7.080090e-03
 16  6.207454e-03
 17  5.465538e-03
 18  4.936369e-03
 19  4.590402e-03
 20  4.361816e-03
 21  4.167161e-03
 22  4.014394e-03
 23  3.882825e-03
 24  3.709584e-03
 25  3.488222e-03
 26  3.248382e-03
 27  2.975166e-03
 28  2.635266e-03
 29  2.297575e-03
 30  2.007928e-03
 31  1.707874e-03
 32  1.433296e-03
 33  1.168109e-03
 34  9.747005e-04
 Iteration CPU time: 8 s
 CFIE residual: 0.000974701

 Iseg, Irank, Idinc : 1, 2, 63
 Thata, Phi : 90.000000, 62.000000
 Maximun iteration: 300
 Number of recycle truncation: 30
 Final matrix dimension:  36708
 Residual error:0.001000
 0  6.553724e-01
 1  3.581754e-01
 2  2.231835e-01
 3  1.431307e-01
 4  1.015676e-01
 5  7.816508e-02
 6  5.907071e-02
 7  4.753329e-02
 8  3.773077e-02
 9  3.023426e-02
 10  2.340772e-02
 11  1.884878e-02
 12  1.549538e-02
 13  1.300446e-02
 14  1.141878e-02
 15  1.033203e-02
 16  9.425591e-03
 17  8.783262e-03
 18  8.399059e-03
 19  8.033437e-03
 20  7.728011e-03
 21  7.505511e-03
 22  7.163605e-03
 23  6.729472e-03
 24  6.140388e-03
 25  5.485773e-03
 26  4.908488e-03
 27  4.280056e-03
 28  3.630876e-03
 29  2.985108e-03
 30  2.433118e-03
 31  1.967267e-03
 32  1.605660e-03
 33  1.274405e-03
 34  1.046208e-03
 35  8.557099e-04
 Iteration CPU time: 8 s
 CFIE residual: 0.00085571

 Iseg, Irank, Idinc : 1, 3, 108
 Thata, Phi : 90.000000, 107.000000
 Maximun iteration: 300
 Number of recycle truncation: 30
 Final matrix dimension:  36708
 Residual error:0.001000
 0  6.171687e-01
 1  3.492091e-01
 2  2.165034e-01
 3  1.474539e-01
 4  1.047323e-01
 5  7.863704e-02
 6  6.069448e-02
 7  4.741778e-02
 8  3.808086e-02
 9  3.103816e-02
 10  2.520205e-02
 11  2.090628e-02
 12  1.710563e-02
 13  1.441900e-02
 14  1.231003e-02
 15  1.052226e-02
 16  9.343345e-03
 17  8.395186e-03
 18  7.510945e-03
 19  6.850009e-03
 20  6.314426e-03
 21  5.898350e-03
 22  5.657197e-03
 23  5.461645e-03
 24  5.293746e-03
 25  5.106375e-03
 26  4.843242e-03
 27  4.493184e-03
 28  4.083771e-03
 29  3.629021e-03
 30  3.083587e-03
 31  2.526455e-03
 32  2.022462e-03
 33  1.647450e-03
 34  1.345279e-03
 35  1.105052e-03
 36  8.674703e-04
 Iteration CPU time: 8 s
 CFIE residual: 0.00086747

 Iseg, Irank, Idinc : 1, 4, 22
 Thata, Phi : 90.000000, 21.000000
 Maximun iteration: 300
 Number of recycle truncation: 30
 Final matrix dimension:  36708
 Residual error:0.001000
 0  6.310735e-01
 1  2.955726e-01
 2  1.743376e-01
 3  1.155537e-01
 4  8.026845e-02
 5  5.911794e-02
 6  4.481961e-02
 7  3.505688e-02
 8  2.798187e-02
 9  2.249549e-02
 10  1.835162e-02
 11  1.485947e-02
 12  1.201475e-02
 13  1.013783e-02
 14  8.393105e-03
 15  6.999480e-03
 16  6.102983e-03
 17  5.223802e-03
 18  4.422934e-03
 19  3.822324e-03
 20  3.379550e-03
 21  3.010904e-03
 22  2.711425e-03
 23  2.495132e-03
 24  2.333589e-03
 25  2.215950e-03
 26  2.112165e-03
 27  2.008817e-03
 28  1.940273e-03
 29  1.856410e-03
 30  1.775105e-03
 31  1.680411e-03
 32  1.560919e-03
 33  1.412385e-03
 34  1.224717e-03
 35  1.047209e-03
 36  8.949889e-04
 Iteration CPU time: 8 s
 CFIE residual: 0.000894989

 Iseg, Irank, Idinc : 1, 5, 147
 Thata, Phi : 90.000000, 146.000000
 Maximun iteration: 300
 Number of recycle truncation: 30
 Final matrix dimension:  36708
 Residual error:0.001000
 0  6.562039e-01
 1  3.455244e-01
 2  2.098675e-01
 3  1.412221e-01
 4  1.007577e-01
 5  7.700632e-02
 6  5.968192e-02
 7  4.759560e-02
 8  3.970974e-02
 9  3.381901e-02
 10  2.886311e-02
 11  2.525241e-02
 12  2.222838e-02
 13  1.897795e-02
 14  1.586518e-02
 15  1.367278e-02
 16  1.181293e-02
 17  9.822360e-03
 18  8.476552e-03
 19  7.438608e-03
 20  6.584131e-03
 21  5.900666e-03
 22  5.408800e-03
 23  5.021280e-03
 24  4.773270e-03
 25  4.556164e-03
 26  4.364543e-03
 27  4.154154e-03
 28  3.993305e-03
 29  3.770546e-03
 30  3.505928e-03
 31  3.208687e-03
 32  2.867806e-03
 33  2.454346e-03
 34  2.035084e-03
 35  1.676821e-03
 36  1.356200e-03
 37  1.038187e-03
 38  8.202945e-04
 Iteration CPU time: 8 s
 CFIE residual: 0.000820294

 Iseg, Irank, Idinc : 1, 6, 136
 Thata, Phi : 90.000000, 135.000000
 Maximun iteration: 300
 Number of recycle truncation: 30
 Final matrix dimension:  36708
 Residual error:0.001000
 0  6.950058e-01
 1  3.491739e-01
 2  2.171648e-01
 3  1.474246e-01
 4  1.059765e-01
 5  7.975550e-02
 6  6.020954e-02
 7  4.772790e-02
 8  3.865303e-02
 9  3.273585e-02
 10  2.675956e-02
 11  2.232731e-02
 12  1.862677e-02
 13  1.588049e-02
 14  1.338684e-02
 15  1.128470e-02
 16  9.857672e-03
 17  8.567396e-03
 18  7.651341e-03
 19  6.835538e-03
 20  6.319506e-03
 21  5.873647e-03
 22  5.531546e-03
 23  5.273755e-03
 24  5.044447e-03
 25  4.851972e-03
 26  4.630352e-03
 27  4.390983e-03
 28  4.147481e-03
 29  3.865320e-03
 30  3.521306e-03
 31  3.122016e-03
 32  2.754596e-03
 33  2.372542e-03
 34  2.010211e-03
 35  1.708378e-03
 36  1.422078e-03
 37  1.153110e-03
 38  9.040874e-04
 Iteration CPU time: 9 s
 CFIE residual: 0.000904087

 Iseg, Irank, Idinc : 1, 7, 83
 Thata, Phi : 90.000000, 82.000000
 Maximun iteration: 300
 Number of recycle truncation: 30
 Final matrix dimension:  36708
 Residual error:0.001000
 0  6.071131e-01
 1  3.479616e-01
 2  2.223600e-01
 3  1.496285e-01
 4  1.088573e-01
 5  8.347308e-02
 6  6.416922e-02
 7  5.094533e-02
 8  4.121107e-02
 9  3.229806e-02
 10  2.616401e-02
 11  2.193119e-02
 12  1.822282e-02
 13  1.556053e-02
 14  1.363747e-02
 15  1.221440e-02
 16  1.086988e-02
 17  1.005095e-02
 18  9.481695e-03
 19  8.954993e-03
 20  8.563892e-03
 21  8.258268e-03
 22  7.942417e-03
 23  7.588247e-03
 24  7.178438e-03
 25  6.670112e-03
 26  6.094880e-03
 27  5.503437e-03
 28  4.839008e-03
 29  4.175634e-03
 30  3.464042e-03
 31  2.897147e-03
 32  2.442282e-03
 33  1.933085e-03
 34  1.583918e-03
 35  1.234970e-03
 36  1.020884e-03
 37  8.125514e-04
 Iteration CPU time: 8 s
 CFIE residual: 0.000812551

 Iseg, Irank, Idinc : 1, 8, 72
 Thata, Phi : 90.000000, 71.000000
 Maximun iteration: 300
 Number of recycle truncation: 30
 Final matrix dimension:  36708
 Residual error:0.001000
 0  6.337604e-01
 1  3.639335e-01
 2  2.346695e-01
 3  1.478691e-01
 4  1.044033e-01
 5  8.229652e-02
 6  6.357235e-02
 7  4.938784e-02
 8  3.932141e-02
 9  3.287369e-02
 10  2.623843e-02
 11  2.124427e-02
 12  1.723017e-02
 13  1.479378e-02
 14  1.306700e-02
 15  1.169095e-02
 16  1.077852e-02
 17  1.000877e-02
 18  9.451608e-03
 19  9.019254e-03
 20  8.724485e-03
 21  8.454325e-03
 22  8.111861e-03
 23  7.707649e-03
 24  7.091382e-03
 25  6.400587e-03
 26  5.726149e-03
 27  5.065808e-03
 28  4.391015e-03
 29  3.696844e-03
 30  3.043978e-03
 31  2.499916e-03
 32  2.047829e-03
 33  1.645906e-03
 34  1.312408e-03
 35  1.045514e-03
 36  8.480164e-04
 Iteration CPU time: 8 s
 CFIE residual: 0.000848016

 Iseg, Irank, Idinc : 1, 9, 159
 Thata, Phi : 90.000000, 158.000000
 Maximun iteration: 300
 Number of recycle truncation: 30
 Final matrix dimension:  36708
 Residual error:0.001000
 0  6.210220e-01
 1  3.149258e-01
 2  1.919702e-01
 3  1.301036e-01
 4  9.686558e-02
 5  7.739224e-02
 6  6.208200e-02
 7  5.099215e-02
 8  4.280059e-02
 9  3.697707e-02
 10  3.202686e-02
 11  2.827338e-02
 12  2.462186e-02
 13  2.089114e-02
 14  1.743712e-02
 15  1.511185e-02
 16  1.311033e-02
 17  1.096680e-02
 18  9.480360e-03
 19  8.083680e-03
 20  6.922425e-03
 21  6.011488e-03
 22  5.257073e-03
 23  4.685247e-03
 24  4.249085e-03
 25  3.924978e-03
 26  3.668576e-03
 27  3.466926e-03
 28  3.326613e-03
 29  3.198570e-03
 30  3.028107e-03
 31  2.834080e-03
 32  2.554418e-03
 33  2.273717e-03
 34  1.966503e-03
 35  1.638429e-03
 36  1.313526e-03
 37  1.019246e-03
 38  7.766700e-04
 Iteration CPU time: 8 s
 CFIE residual: 0.00077667

 Iseg, Irank, Idinc : 1, 10, 124
 Thata, Phi : 90.000000, 123.000000
 Maximun iteration: 300
 Number of recycle truncation: 30
 Final matrix dimension:  36708
 Residual error:0.001000
 0  6.545578e-01
 1  3.410228e-01
 2  2.203619e-01
 3  1.554308e-01
 4  1.124672e-01
 5  8.243120e-02
 6  6.544923e-02
 7  5.131251e-02
 8  4.164123e-02
 9  3.380581e-02
 10  2.673522e-02
 11  2.124621e-02
 12  1.675760e-02
 13  1.370061e-02
 14  1.143921e-02
 15  9.842561e-03
 16  8.499195e-03
 17  7.604135e-03
 18  6.698564e-03
 19  6.070298e-03
 20  5.646051e-03
 21  5.321511e-03
 22  5.035084e-03
 23  4.821588e-03
 24  4.624405e-03
 25  4.444088e-03
 26  4.238557e-03
 27  4.022339e-03
 28  3.824558e-03
 29  3.589236e-03
 30  3.298341e-03
 31  3.003008e-03
 32  2.688080e-03
 33  2.340381e-03
 34  2.005291e-03
 35  1.705329e-03
 36  1.417163e-03
 37  1.133462e-03
 38  8.733336e-04
 Iteration CPU time: 8 s
 CFIE residual: 0.000873334

 Iseg, Irank, Idinc : 1, 11, 53
 Thata, Phi : 90.000000, 52.000000
 Maximun iteration: 300
 Number of recycle truncation: 30
 Final matrix dimension:  36708
 Residual error:0.001000
 0  6.532852e-01
 1  3.449896e-01
 2  2.116348e-01
 3  1.351647e-01
 4  9.748248e-02
 5  7.455437e-02
 6  5.814854e-02
 7  4.463816e-02
 8  3.447364e-02
 9  2.754181e-02
 10  2.147982e-02
 11  1.700548e-02
 12  1.353594e-02
 13  1.104963e-02
 14  9.680731e-03
 15  8.583778e-03
 16  7.682569e-03
 17  7.146002e-03
 18  6.581639e-03
 19  6.151323e-03
 20  5.919050e-03
 21  5.711921e-03
 22  5.438595e-03
 23  5.181034e-03
 24  4.773711e-03
 25  4.269997e-03
 26  3.760937e-03
 27  3.250214e-03
 28  2.745443e-03
 29  2.230651e-03
 30  1.851891e-03
 31  1.539627e-03
 32  1.275750e-03
 33  1.029031e-03
 34  8.437879e-04
 Iteration CPU time: 8 s
 CFIE residual: 0.000843788

 Iseg, Irank, Idinc : 1, 12, 176
 Thata, Phi : 90.000000, 175.000000
 Maximun iteration: 300
 Number of recycle truncation: 30
 Final matrix dimension:  36708
 Residual error:0.001000
 0  5.888615e-01
 1  2.959727e-01
 2  1.837545e-01
 3  1.305308e-01
 4  1.007508e-01
 5  8.082114e-02
 6  6.582683e-02
 7  5.507227e-02
 8  4.590639e-02
 9  3.841212e-02
 10  3.232553e-02
 11  2.690146e-02
 12  2.237907e-02
 13  1.842002e-02
 14  1.567454e-02
 15  1.291105e-02
 16  1.088207e-02
 17  9.188836e-03
 18  7.800911e-03
 19  6.483740e-03
 20  5.588730e-03
 21  4.783645e-03
 22  4.094620e-03
 23  3.572542e-03
 24  3.187354e-03
 25  2.859494e-03
 26  2.591122e-03
 27  2.383934e-03
 28  2.221953e-03
 29  2.090595e-03
 30  1.981939e-03
 31  1.904267e-03
 32  1.823350e-03
 33  1.734769e-03
 34  1.643464e-03
 35  1.512690e-03
 36  1.359962e-03
 37  1.198132e-03
 38  1.010739e-03
 39  8.261653e-04
 Iteration CPU time: 9 s
 CFIE residual: 0.000826165

 Iseg, Irank, Idinc : 1, 13, 32
 Thata, Phi : 90.000000, 31.000000
 Maximun iteration: 300
 Number of recycle truncation: 30
 Final matrix dimension:  36708
 Residual error:0.001000
 0  6.312830e-01
 1  3.085728e-01
 2  1.833233e-01
 3  1.149036e-01
 4  8.037639e-02
 5  5.886068e-02
 6  4.370227e-02
 7  3.351484e-02
 8  2.638043e-02
 9  2.119961e-02
 10  1.689972e-02
 11  1.384081e-02
 12  1.116806e-02
 13  9.383606e-03
 14  7.839349e-03
 15  6.629163e-03
 16  5.714549e-03
 17  4.923244e-03
 18  4.261236e-03
 19  3.830376e-03
 20  3.545235e-03
 21  3.292066e-03
 22  3.112136e-03
 23  2.967590e-03
 24  2.849462e-03
 25  2.748154e-03
 26  2.630587e-03
 27  2.483933e-03
 28  2.320333e-03
 29  2.096065e-03
 30  1.865772e-03
 31  1.662316e-03
 32  1.458818e-03
 33  1.265561e-03
 34  1.058266e-03
 35  8.874850e-04
 Iteration CPU time: 8 s
 CFIE residual: 0.000887485

 Iseg, Irank, Idinc : 1, 14, 91
 Thata, Phi : 90.000000, 90.000000
 Maximun iteration: 300
 Number of recycle truncation: 30
 Final matrix dimension:  36708
 Residual error:0.001000
 0  5.987326e-01
 1  3.441544e-01
 2  2.178001e-01
 3  1.495896e-01
 4  1.075719e-01
 5  8.202600e-02
 6  6.402606e-02
 7  5.007502e-02
 8  4.081238e-02
 9  3.274970e-02
 10  2.701566e-02
 11  2.256557e-02
 12  1.904529e-02
 13  1.641049e-02
 14  1.435091e-02
 15  1.255594e-02
 16  1.108699e-02
 17  1.010450e-02
 18  9.316818e-03
 19  8.688644e-03
 20  8.201511e-03
 21  7.820691e-03
 22  7.485726e-03
 23  7.162392e-03
 24  6.874212e-03
 25  6.550639e-03
 26  6.141447e-03
 27  5.588630e-03
 28  4.918147e-03
 29  4.294944e-03
 30  3.658627e-03
 31  3.088665e-03
 32  2.575790e-03
 33  2.110159e-03
 34  1.726973e-03
 35  1.390822e-03
 36  1.118246e-03
 37  9.048483e-04
 Iteration CPU time: 8 s
 CFIE residual: 0.000904848

 Iseg, Irank, Idinc : 1, 15, 9
 Thata, Phi : 90.000000, 8.000000
 Maximun iteration: 300
 Number of recycle truncation: 30
 Final matrix dimension:  36708
 Residual error:0.001000
 0  5.457523e-01
 1  2.780114e-01
 2  1.772953e-01
 3  1.239018e-01
 4  9.036483e-02
 5  6.752194e-02
 6  5.130543e-02
 7  3.972967e-02
 8  3.116503e-02
 9  2.433513e-02
 10  1.942860e-02
 11  1.545936e-02
 12  1.250892e-02
 13  1.010608e-02
 14  8.298042e-03
 15  6.795380e-03
 16  5.805850e-03
 17  4.964478e-03
 18  4.248788e-03
 19  3.635830e-03
 20  3.159452e-03
 21  2.804225e-03
 22  2.443432e-03
 23  2.163751e-03
 24  1.943720e-03
 25  1.784252e-03
 26  1.608524e-03
 27  1.474982e-03
 28  1.380355e-03
 29  1.298883e-03
 30  1.243020e-03
 31  1.198999e-03
 32  1.149701e-03
 33  1.092295e-03
 34  1.026072e-03
 35  9.489907e-04
 Iteration CPU time: 8 s
 CFIE residual: 0.000948991

 Iseg, Irank, Idinc : 1, 16, 100
 Thata, Phi : 90.000000, 99.000000
 Maximun iteration: 300
 Number of recycle truncation: 30
 Final matrix dimension:  36708
 Residual error:0.001000
 0  6.062002e-01
 1  3.422111e-01
 2  2.142731e-01
 3  1.456196e-01
 4  1.049703e-01
 5  7.944771e-02
 6  6.159502e-02
 7  4.893237e-02
 8  3.899821e-02
 9  3.225058e-02
 10  2.629619e-02
 11  2.207422e-02
 12  1.846912e-02
 13  1.577218e-02
 14  1.369025e-02
 15  1.180770e-02
 16  1.036753e-02
 17  9.368427e-03
 18  8.463905e-03
 19  7.749973e-03
 20  7.182361e-03
 21  6.775739e-03
 22  6.494500e-03
 23  6.260358e-03
 24  6.050820e-03
 25  5.746439e-03
 26  5.463320e-03
 27  5.027018e-03
 28  4.584741e-03
 29  4.046456e-03
 30  3.534230e-03
 31  2.990574e-03
 32  2.482233e-03
 33  2.004209e-03
 34  1.616185e-03
 35  1.303635e-03
 36  1.053984e-03
 37  8.521494e-04
 Iteration CPU time: 9 s
 CFIE residual: 0.000852149

 Iseg, Irank, Idinc : 1, 17, 115
 Thata, Phi : 90.000000, 114.000000
 Maximun iteration: 300
 Number of recycle truncation: 30
 Final matrix dimension:  36708
 Residual error:0.001000
 0  6.406875e-01
 1  3.482172e-01
 2  2.168564e-01
 3  1.506294e-01
 4  1.076732e-01
 5  7.897821e-02
 6  6.150442e-02
 7  4.831692e-02
 8  3.807883e-02
 9  3.072142e-02
 10  2.466975e-02
 11  1.986098e-02
 12  1.643917e-02
 13  1.384156e-02
 14  1.175552e-02
 15  1.005972e-02
 16  8.730833e-03
 17  7.786972e-03
 18  6.938314e-03
 19  6.312370e-03
 20  5.934111e-03
 21  5.615119e-03
 22  5.371615e-03
 23  5.184282e-03
 24  5.021062e-03
 25  4.879706e-03
 26  4.659425e-03
 27  4.368421e-03
 28  4.095124e-03
 29  3.719057e-03
 30  3.331037e-03
 31  2.893975e-03
 32  2.395796e-03
 33  1.936990e-03
 34  1.536356e-03
 35  1.261263e-03
 36  9.751068e-04
 Iteration CPU time: 8 s
 CFIE residual: 0.000975107

 Iseg, Irank, Idinc : 1, 18, 1
 Thata, Phi : 90.000000, 0.000000
 Maximun iteration: 300
 Number of recycle truncation: 30
 Final matrix dimension:  36708
 Residual error:0.001000
 0  5.210391e-01
 1  2.728216e-01
 2  1.769788e-01
 3  1.208864e-01
 4  8.772877e-02
 5  6.667535e-02
 6  5.088267e-02
 7  3.785611e-02
 8  2.905261e-02
 9  2.334179e-02
 10  1.909153e-02
 11  1.505013e-02
 12  1.152203e-02
 13  9.550938e-03
 14  7.793226e-03
 15  6.506826e-03
 16  5.412962e-03
 17  4.685153e-03
 18  3.984539e-03
 19  3.455696e-03
 20  2.945438e-03
 21  2.526172e-03
 22  2.175941e-03
 23  1.857774e-03
 24  1.609933e-03
 25  1.393915e-03
 26  1.209012e-03
 27  1.087141e-03
 28  9.924613e-04
 Iteration CPU time: 7 s
 CFIE residual: 0.000992461

 Iseg, Irank, Idinc : 1, 19, 167
 Thata, Phi : 90.000000, 166.000000
 Maximun iteration: 300
 Number of recycle truncation: 30
 Final matrix dimension:  36708
 Residual error:0.001000
 0  5.955941e-01
 1  2.996061e-01
 2  1.847367e-01
 3  1.306440e-01
 4  1.002858e-01
 5  8.055551e-02
 6  6.472493e-02
 7  5.447509e-02
 8  4.582446e-02
 9  3.899627e-02
 10  3.274113e-02
 11  2.838963e-02
 12  2.491112e-02
 13  2.123692e-02
 14  1.790146e-02
 15  1.536588e-02
 16  1.335352e-02
 17  1.123068e-02
 18  9.464038e-03
 19  7.895347e-03
 20  6.749746e-03
 21  5.729971e-03
 22  5.000498e-03
 23  4.416628e-03
 24  3.899748e-03
 25  3.506946e-03
 26  3.219698e-03
 27  2.979457e-03
 28  2.814401e-03
 29  2.680187e-03
 30  2.552210e-03
 31  2.414237e-03
 32  2.285383e-03
 33  2.151852e-03
 34  1.972471e-03
 35  1.757753e-03
 36  1.518161e-03
 37  1.249634e-03
 38  1.015786e-03
 39  8.268918e-04
 Iteration CPU time: 9 s
 CFIE residual: 0.000826892

 Iseg, Irank, Idinc : 1, 20, 181
 Thata, Phi : 90.000000, 180.000000
 Maximun iteration: 300
 Number of recycle truncation: 30
 Final matrix dimension:  36708
 Residual error:0.001000
 0  5.886635e-01
 1  2.955997e-01
 2  1.830011e-01
 3  1.293414e-01
 4  9.900433e-02
 5  7.925307e-02
 6  6.465715e-02
 7  5.392914e-02
 8  4.506496e-02
 9  3.720167e-02
 10  3.053172e-02
 11  2.489601e-02
 12  2.016603e-02
 13  1.637713e-02
 14  1.341667e-02
 15  1.100928e-02
 16  9.054666e-03
 17  7.437121e-03
 18  6.307762e-03
 19  5.354407e-03
 20  4.515878e-03
 21  3.869764e-03
 22  3.284603e-03
 23  2.821837e-03
 24  2.483819e-03
 25  2.266226e-03
 26  2.081436e-03
 27  1.913044e-03
 28  1.778461e-03
 29  1.662164e-03
 30  1.557586e-03
 31  1.475041e-03
 32  1.397286e-03
 33  1.284719e-03
 34  1.143300e-03
 35  9.743143e-04
 Iteration CPU time: 8 s
 CFIE residual: 0.000974314

 Iseg, Irank, Idinc : 1, 21, 16
 Thata, Phi : 90.000000, 15.000000
 Maximun iteration: 300
 Number of recycle truncation: 30
 Final matrix dimension:  36708
 Residual error:0.001000
 0  5.928449e-01
 1  2.866161e-01
 2  1.759616e-01
 3  1.207846e-01
 4  8.643171e-02
 5  6.416906e-02
 6  4.885902e-02
 7  3.839193e-02
 8  3.026977e-02
 9  2.423623e-02
 10  1.941051e-02
 11  1.527192e-02
 12  1.218854e-02
 13  1.004193e-02
 14  8.473965e-03
 15  6.905060e-03
 16  5.893859e-03
 17  5.053725e-03
 18  4.321140e-03
 19  3.715862e-03
 20  3.267124e-03
 21  2.895654e-03
 22  2.546700e-03
 23  2.292627e-03
 24  2.105263e-03
 25  1.966638e-03
 26  1.834407e-03
 27  1.719532e-03
 28  1.644566e-03
 29  1.570535e-03
 30  1.510689e-03
 31  1.454587e-03
 32  1.381632e-03
 33  1.283337e-03
 34  1.166898e-03
 35  1.033077e-03
 36  8.980303e-04
 Iteration CPU time: 8 s
 CFIE residual: 0.00089803

 Iseg, Irank, Idinc : 1, 22, 153
 Thata, Phi : 90.000000, 152.000000
 Maximun iteration: 300
 Number of recycle truncation: 30
 Final matrix dimension:  36708
 Residual error:0.001000
 0  6.361615e-01
 1  3.295964e-01
 2  2.025509e-01
 3  1.347489e-01
 4  9.818227e-02
 5  7.703297e-02
 6  6.024686e-02
 7  4.916622e-02
 8  4.051590e-02
 9  3.450038e-02
 10  2.955014e-02
 11  2.604032e-02
 12  2.273271e-02
 13  1.928453e-02
 14  1.612969e-02
 15  1.397798e-02
 16  1.225262e-02
 17  1.031772e-02
 18  8.921641e-03
 19  7.694948e-03
 20  6.760187e-03
 21  5.941754e-03
 22  5.252070e-03
 23  4.724269e-03
 24  4.379778e-03
 25  4.100415e-03
 26  3.879032e-03
 27  3.674734e-03
 28  3.524917e-03
 29  3.374284e-03
 30  3.150355e-03
 31  2.912782e-03
 32  2.616706e-03
 33  2.327660e-03
 34  1.906024e-03
 35  1.562093e-03
 36  1.273663e-03
 37  9.928937e-04
 Iteration CPU time: 9 s
 CFIE residual: 0.000992894

 Iseg, Irank, Idinc : 1, 23, 77
 Thata, Phi : 90.000000, 76.000000
 Maximun iteration: 300
 Number of recycle truncation: 30
 Final matrix dimension:  36708
 Residual error:0.001000
 0  6.159489e-01
 1  3.547852e-01
 2  2.288494e-01
 3  1.471079e-01
 4  1.042557e-01
 5  7.983644e-02
 6  6.218098e-02
 7  4.850759e-02
 8  3.924408e-02
 9  3.112768e-02
 10  2.560078e-02
 11  2.122994e-02
 12  1.762134e-02
 13  1.523878e-02
 14  1.344247e-02
 15  1.192384e-02
 16  1.093711e-02
 17  1.020353e-02
 18  9.629295e-03
 19  9.131885e-03
 20  8.797823e-03
 21  8.505863e-03
 22  8.189648e-03
 23  7.815738e-03
 24  7.313268e-03
 25  6.711557e-03
 26  6.144454e-03
 27  5.516449e-03
 28  4.872126e-03
 29  4.165256e-03
 30  3.473510e-03
 31  2.872519e-03
 32  2.324076e-03
 33  1.894251e-03
 34  1.528188e-03
 35  1.196614e-03
 36  9.600898e-04
 Iteration CPU time: 8 s
 CFIE residual: 0.00096009

 Iseg, Irank, Idinc : 1, 24, 130
 Thata, Phi : 90.000000, 129.000000
 Maximun iteration: 300
 Number of recycle truncation: 30
 Final matrix dimension:  36708
 Residual error:0.001000
 0  6.725458e-01
 1  3.478467e-01
 2  2.215219e-01
 3  1.519847e-01
 4  1.099335e-01
 5  8.117684e-02
 6  6.377652e-02
 7  5.058236e-02
 8  4.035598e-02
 9  3.339347e-02
 10  2.712085e-02
 11  2.175012e-02
 12  1.738271e-02
 13  1.411624e-02
 14  1.168076e-02
 15  1.011582e-02
 16  8.571623e-03
 17  7.496970e-03
 18  6.666550e-03
 19  6.064366e-03
 20  5.624485e-03
 21  5.304853e-03
 22  5.025209e-03
 23  4.798645e-03
 24  4.586677e-03
 25  4.412345e-03
 26  4.200176e-03
 27  3.979500e-03
 28  3.745368e-03
 29  3.451865e-03
 30  3.117883e-03
 31  2.751842e-03
 32  2.429979e-03
 33  2.087575e-03
 34  1.784784e-03
 35  1.490025e-03
 36  1.236589e-03
 37  9.943180e-04
 Iteration CPU time: 8 s
 CFIE residual: 0.000994318

 Iseg, Irank, Idinc : 1, 25, 48
 Thata, Phi : 90.000000, 47.000000
 Maximun iteration: 300
 Number of recycle truncation: 30
 Final matrix dimension:  36708
 Residual error:0.001000
 0  6.409938e-01
 1  3.322129e-01
 2  2.059634e-01
 3  1.341893e-01
 4  9.690427e-02
 5  7.392406e-02
 6  5.674312e-02
 7  4.326174e-02
 8  3.322066e-02
 9  2.590853e-02
 10  1.984673e-02
 11  1.570703e-02
 12  1.279279e-02
 13  1.061360e-02
 14  9.119809e-03
 15  8.047538e-03
 16  7.166390e-03
 17  6.502193e-03
 18  5.952474e-03
 19  5.569679e-03
 20  5.347693e-03
 21  5.157591e-03
 22  4.934191e-03
 23  4.713210e-03
 24  4.402230e-03
 25  4.058553e-03
 26  3.673676e-03
 27  3.248727e-03
 28  2.773439e-03
 29  2.351254e-03
 30  1.999627e-03
 31  1.687388e-03
 32  1.363024e-03
 33  1.115855e-03
 34  9.383362e-04
 Iteration CPU time: 8 s
 CFIE residual: 0.000938336

 Iseg, Irank, Idinc : 1, 26, 5
 Thata, Phi : 90.000000, 4.000000
 Maximun iteration: 300
 Number of recycle truncation: 30
 Final matrix dimension:  36708
 Residual error:0.001000
 0  5.276369e-01
 1  2.743859e-01
 2  1.771313e-01
 3  1.223119e-01
 4  8.910921e-02
 5  6.711206e-02
 6  5.103118e-02
 7  3.845744e-02
 8  3.019965e-02
 9  2.385640e-02
 10  1.916642e-02
 11  1.523802e-02
 12  1.215797e-02
 13  1.012609e-02
 14  8.285394e-03
 15  6.772628e-03
 16  5.796216e-03
 17  4.956256e-03
 18  4.181510e-03
 19  3.604413e-03
 20  3.122722e-03
 21  2.728724e-03
 22  2.378327e-03
 23  2.054204e-03
 24  1.820954e-03
 25  1.629373e-03
 26  1.435105e-03
 27  1.275021e-03
 28  1.168964e-03
 29  1.091175e-03
 30  1.036339e-03
 31  9.936785e-04
 Iteration CPU time: 7 s
 CFIE residual: 0.000993678

 Iseg, Irank, Idinc : 1, 27, 172
 Thata, Phi : 90.000000, 171.000000
 Maximun iteration: 300
 Number of recycle truncation: 30
 Final matrix dimension:  36708
 Residual error:0.001000
 0  5.898256e-01
 1  2.966077e-01
 2  1.846008e-01
 3  1.316574e-01
 4  1.019137e-01
 5  8.182455e-02
 6  6.636677e-02
 7  5.576398e-02
 8  4.649290e-02
 9  3.910712e-02
 10  3.348460e-02
 11  2.847805e-02
 12  2.402308e-02
 13  2.020497e-02
 14  1.731272e-02
 15  1.441001e-02
 16  1.230985e-02
 17  1.041368e-02
 18  8.766548e-03
 19  7.316180e-03
 20  6.288630e-03
 21  5.331049e-03
 22  4.623141e-03
 23  4.079582e-03
 24  3.612732e-03
 25  3.239077e-03
 26  2.939328e-03
 27  2.712134e-03
 28  2.538458e-03
 29  2.395918e-03
 30  2.274319e-03
 31  2.168149e-03
 32  2.073842e-03
 33  1.968812e-03
 34  1.849214e-03
 35  1.695578e-03
 36  1.511400e-03
 37  1.304706e-03
 38  1.077028e-03
 39  8.760203e-04
 Iteration CPU time: 9 s
 CFIE residual: 0.00087602

 Iseg, Irank, Idinc : 1, 28, 96
 Thata, Phi : 90.000000, 95.000000
 Maximun iteration: 300
 Number of recycle truncation: 30
 Final matrix dimension:  36708
 Residual error:0.001000
 0  6.005710e-01
 1  3.419675e-01
 2  2.154931e-01
 3  1.452618e-01
 4  1.040602e-01
 5  7.968885e-02
 6  6.319353e-02
 7  4.965117e-02
 8  3.969086e-02
 9  3.201537e-02
 10  2.646697e-02
 11  2.193921e-02
 12  1.855105e-02
 13  1.608584e-02
 14  1.400632e-02
 15  1.213931e-02
 16  1.064808e-02
 17  9.632747e-03
 18  8.828266e-03
 19  8.130600e-03
 20  7.608910e-03
 21  7.228443e-03
 22  6.936694e-03
 23  6.680002e-03
 24  6.423402e-03
 25  6.137340e-03
 26  5.752967e-03
 27  5.309177e-03
 28  4.683074e-03
 29  4.125962e-03
 30  3.563176e-03
 31  3.011036e-03
 32  2.520823e-03
 33  2.055413e-03
 34  1.656720e-03
 35  1.304833e-03
 36  1.070597e-03
 37  8.744329e-04
 Iteration CPU time: 8 s
 CFIE residual: 0.000874433

 Iseg, Irank, Idinc : 1, 29, 27
 Thata, Phi : 90.000000, 26.000000
 Maximun iteration: 300
 Number of recycle truncation: 30
 Final matrix dimension:  36708
 Residual error:0.001000
 0  6.425435e-01
 1  3.021744e-01
 2  1.768427e-01
 3  1.132123e-01
 4  7.841010e-02
 5  5.749475e-02
 6  4.278943e-02
 7  3.315598e-02
 8  2.654406e-02
 9  2.169315e-02
 10  1.784180e-02
 11  1.446911e-02
 12  1.145716e-02
 13  9.562908e-03
 14  8.130169e-03
 15  6.967315e-03
 16  5.972101e-03
 17  5.043714e-03
 18  4.304382e-03
 19  3.831899e-03
 20  3.466931e-03
 21  3.157550e-03
 22  2.904385e-03
 23  2.721630e-03
 24  2.580389e-03
 25  2.478778e-03
 26  2.387134e-03
 27  2.273011e-03
 28  2.185387e-03
 29  2.059288e-03
 30  1.925626e-03
 31  1.781199e-03
 32  1.609024e-03
 33  1.418643e-03
 34  1.199108e-03
 35  1.014210e-03
 36  8.554319e-04
 Iteration CPU time: 8 s
 CFIE residual: 0.000855432

 Iseg, Irank, Idinc : 1, 30, 142
 Thata, Phi : 90.000000, 141.000000
 Maximun iteration: 300
 Number of recycle truncation: 30
 Final matrix dimension:  36708
 Residual error:0.001000
 0  6.856761e-01
 1  3.491186e-01
 2  2.110406e-01
 3  1.436885e-01
 4  1.037095e-01
 5  7.758510e-02
 6  5.995553e-02
 7  4.710566e-02
 8  3.871317e-02
 9  3.293215e-02
 10  2.801171e-02
 11  2.405182e-02
 12  2.069417e-02
 13  1.770961e-02
 14  1.489381e-02
 15  1.279264e-02
 16  1.105655e-02
 17  9.525317e-03
 18  8.221129e-03
 19  7.327623e-03
 20  6.619329e-03
 21  6.061774e-03
 22  5.665959e-03
 23  5.361418e-03
 24  5.133867e-03
 25  4.944690e-03
 26  4.749984e-03
 27  4.509454e-03
 28  4.285731e-03
 29  4.018548e-03
 30  3.694713e-03
 31  3.258628e-03
 32  2.846521e-03
 33  2.376117e-03
 34  1.960315e-03
 35  1.613320e-03
 36  1.301033e-03
 37  1.029973e-03
 38  7.917452e-04
 Iteration CPU time: 8 s
 CFIE residual: 0.000791745

 Iseg, Irank, Idinc : 1, 31, 58
 Thata, Phi : 90.000000, 57.000000
 Maximun iteration: 300
 Number of recycle truncation: 30
 Final matrix dimension:  36708
 Residual error:0.001000
 0  6.589892e-01
 1  3.483926e-01
 2  2.124959e-01
 3  1.336107e-01
 4  9.660371e-02
 5  7.297573e-02
 6  5.621343e-02
 7  4.433872e-02
 8  3.427141e-02
 9  2.752580e-02
 10  2.184053e-02
 11  1.735228e-02
 12  1.409781e-02
 13  1.158707e-02
 14  1.011861e-02
 15  9.118296e-03
 16  8.378648e-03
 17  7.780168e-03
 18  7.325600e-03
 19  6.908361e-03
 20  6.650728e-03
 21  6.440563e-03
 22  6.157889e-03
 23  5.810893e-03
 24  5.270640e-03
 25  4.669933e-03
 26  4.143181e-03
 27  3.581364e-03
 28  2.997576e-03
 29  2.467132e-03
 30  2.052557e-03
 31  1.670493e-03
 32  1.346368e-03
 33  1.071438e-03
 34  8.652113e-04
 Iteration CPU time: 8 s
 CFIE residual: 0.000865211

 Iseg, Irank, Idinc : 1, 32, 179
 Thata, Phi : 90.000000, 178.000000
 Maximun iteration: 300
 Number of recycle truncation: 30
 Final matrix dimension:  36708
 Residual error:0.001000
 0  5.887016e-01
 1  2.956738e-01
 2  1.831400e-01
 3  1.295722e-01
 4  9.939818e-02
 5  7.963096e-02
 6  6.495005e-02
 7  5.420702e-02
 8  4.525812e-02
 9  3.751075e-02
 10  3.093021e-02
 11  2.543600e-02
 12  2.097771e-02
 13  1.695770e-02
 14  1.430208e-02
 15  1.176508e-02
 16  9.783336e-03
 17  8.113755e-03
 18  6.868072e-03
 19  5.730384e-03
 20  4.913816e-03
 21  4.229343e-03
 22  3.608803e-03
 23  3.114610e-03
 24  2.776746e-03
 25  2.496520e-03
 26  2.264208e-03
 27  2.081349e-03
 28  1.937534e-03
 29  1.808937e-03
 30  1.705776e-03
 31  1.634834e-03
 32  1.567943e-03
 33  1.489453e-03
 34  1.398457e-03
 35  1.274118e-03
 36  1.137049e-03
 37  1.002634e-03
 38  8.572125e-04
 Iteration CPU time: 9 s
 CFIE residual: 0.000857212

 Iseg, Irank, Idinc : 1, 33, 119
 Thata, Phi : 90.000000, 118.000000
 Maximun iteration: 300
 Number of recycle truncation: 30
 Final matrix dimension:  36708
 Residual error:0.001000
 0  6.463369e-01
 1  3.449412e-01
 2  2.163494e-01
 3  1.516316e-01
 4  1.089732e-01
 5  8.101686e-02
 6  6.348479e-02
 7  4.965080e-02
 8  3.934088e-02
 9  3.203669e-02
 10  2.598220e-02
 11  2.082603e-02
 12  1.692825e-02
 13  1.387623e-02
 14  1.174444e-02
 15  9.975014e-03
 16  8.715676e-03
 17  7.858062e-03
 18  6.917071e-03
 19  6.238870e-03
 20  5.847007e-03
 21  5.492797e-03
 22  5.285660e-03
 23  5.090935e-03
 24  4.921455e-03
 25  4.739560e-03
 26  4.527564e-03
 27  4.260014e-03
 28  4.031057e-03
 29  3.762203e-03
 30  3.457801e-03
 31  3.041223e-03
 32  2.622405e-03
 33  2.152677e-03
 34  1.777810e-03
 35  1.443479e-03
 36  1.153351e-03
 37  9.225486e-04
 Iteration CPU time: 8 s
 CFIE residual: 0.000922549

 Iseg, Irank, Idinc : 1, 34, 3
 Thata, Phi : 90.000000, 2.000000
 Maximun iteration: 300
 Number of recycle truncation: 30
 Final matrix dimension:  36708
 Residual error:0.001000
 0  5.227313e-01
 1  2.732450e-01
 2  1.770307e-01
 3  1.213239e-01
 4  8.818884e-02
 5  6.683441e-02
 6  5.093196e-02
 7  3.799998e-02
 8  2.941545e-02
 9  2.352201e-02
 10  1.910142e-02
 11  1.510982e-02
 12  1.177431e-02
 13  9.850807e-03
 14  8.155116e-03
 15  6.698506e-03
 16  5.679674e-03
 17  4.874490e-03
 18  4.102811e-03
 19  3.552749e-03
 20  3.062618e-03
 21  2.658581e-03
 22  2.315939e-03
 23  1.990533e-03
 24  1.750742e-03
 25  1.542829e-03
 26  1.343456e-03
 27  1.187454e-03
 28  1.069994e-03
 29  9.913086e-04
 Iteration CPU time: 7 s
 CFIE residual: 0.000991309

 Iseg, Irank, Idinc : 1, 35, 37
 Thata, Phi : 90.000000, 36.000000
 Maximun iteration: 300
 Number of recycle truncation: 30
 Final matrix dimension:  36708
 Residual error:0.001000
 0  6.228042e-01
 1  3.124555e-01
 2  1.915069e-01
 3  1.212515e-01
 4  8.383593e-02
 5  6.113785e-02
 6  4.613999e-02
 7  3.514918e-02
 8  2.723257e-02
 9  2.153790e-02
 10  1.668469e-02
 11  1.355285e-02
 12  1.104971e-02
 13  9.249651e-03
 14  7.774575e-03
 15  6.643178e-03
 16  5.748245e-03
 17  5.042764e-03
 18  4.456259e-03
 19  4.033244e-03
 20  3.780912e-03
 21  3.563630e-03
 22  3.423718e-03
 23  3.307097e-03
 24  3.188799e-03
 25  3.053208e-03
 26  2.907708e-03
 27  2.709170e-03
 28  2.462322e-03
 29  2.187799e-03
 30  1.936683e-03
 31  1.679239e-03
 32  1.447809e-03
 33  1.226664e-03
 34  1.029630e-03
 35  8.509300e-04
 Iteration CPU time: 8 s
 CFIE residual: 0.00085093

 Iseg, Irank, Idinc : 1, 36, 163
 Thata, Phi : 90.000000, 162.000000
 Maximun iteration: 300
 Number of recycle truncation: 30
 Final matrix dimension:  36708
 Residual error:0.001000
 0  6.068661e-01
 1  3.059394e-01
 2  1.865424e-01
 3  1.292584e-01
 4  9.753403e-02
 5  7.842114e-02
 6  6.307774e-02
 7  5.205954e-02
 8  4.384497e-02
 9  3.827706e-02
 10  3.304030e-02
 11  2.847968e-02
 12  2.465833e-02
 13  2.139253e-02
 14  1.817733e-02
 15  1.562727e-02
 16  1.339474e-02
 17  1.121899e-02
 18  9.598803e-03
 19  8.114161e-03
 20  6.916292e-03
 21  5.899365e-03
 22  5.157455e-03
 23  4.551467e-03
 24  4.069202e-03
 25  3.709259e-03
 26  3.447304e-03
 27  3.227375e-03
 28  3.086351e-03
 29  2.949068e-03
 30  2.803485e-03
 31  2.651295e-03
 32  2.467592e-03
 33  2.271299e-03
 34  2.037878e-03
 35  1.750320e-03
 36  1.452298e-03
 37  1.165874e-03
 38  9.109835e-04
 Iteration CPU time: 9 s
 CFIE residual: 0.000910983

 Iseg, Irank, Idinc : 1, 37, 68
 Thata, Phi : 90.000000, 67.000000
 Maximun iteration: 300
 Number of recycle truncation: 30
 Final matrix dimension:  36708
 Residual error:0.001000
 0  6.467716e-01
 1  3.672853e-01
 2  2.344920e-01
 3  1.499161e-01
 4  1.064690e-01
 5  8.309370e-02
 6  6.313995e-02
 7  5.010440e-02
 8  3.982122e-02
 9  3.250886e-02
 10  2.538244e-02
 11  2.085034e-02
 12  1.699017e-02
 13  1.428013e-02
 14  1.260614e-02
 15  1.131398e-02
 16  1.043366e-02
 17  9.706360e-03
 18  9.189912e-03
 19  8.768754e-03
 20  8.469714e-03
 21  8.226004e-03
 22  7.849738e-03
 23  7.385605e-03
 24  6.710483e-03
 25  5.997956e-03
 26  5.314657e-03
 27  4.656861e-03
 28  3.989595e-03
 29  3.291120e-03
 30  2.664971e-03
 31  2.149573e-03
 32  1.785435e-03
 33  1.420060e-03
 34  1.152892e-03
 35  9.387980e-04
 Iteration CPU time: 8 s
 CFIE residual: 0.000938798

 Iseg, Irank, Idinc : 1, 38, 12
 Thata, Phi : 90.000000, 11.000000
 Maximun iteration: 300
 Number of recycle truncation: 30
 Final matrix dimension:  36708
 Residual error:0.001000
 0  5.645495e-01
 1  2.813448e-01
 2  1.770464e-01
 3  1.235032e-01
 4  8.985631e-02
 5  6.702125e-02
 6  5.078093e-02
 7  3.965573e-02
 8  3.107801e-02
 9  2.445005e-02
 10  1.942394e-02
 11  1.526176e-02
 12  1.224812e-02
 13  1.001796e-02
 14  8.294943e-03
 15  6.717895e-03
 16  5.770707e-03
 17  4.925759e-03
 18  4.250683e-03
 19  3.652860e-03
 20  3.201425e-03
 21  2.839563e-03
 22  2.490217e-03
 23  2.223162e-03
 24  2.014101e-03
 25  1.867605e-03
 26  1.713544e-03
 27  1.590344e-03
 28  1.502927e-03
 29  1.425558e-03
 30  1.365583e-03
 31  1.318335e-03
 32  1.261899e-03
 33  1.190370e-03
 34  1.106846e-03
 35  1.004107e-03
 36  8.888948e-04
 Iteration CPU time: 8 s
 CFIE residual: 0.000888895

 Iseg, Irank, Idinc : 1, 39, 104
 Thata, Phi : 90.000000, 103.000000
 Maximun iteration: 300
 Number of recycle truncation: 30
 Final matrix dimension:  36708
 Residual error:0.001000
 0  6.100228e-01
 1  3.455917e-01
 2  2.141107e-01
 3  1.472048e-01
 4  1.055484e-01
 5  7.926360e-02
 6  6.074001e-02
 7  4.813811e-02
 8  3.865947e-02
 9  3.175838e-02
 10  2.593266e-02
 11  2.174409e-02
 12  1.783965e-02
 13  1.507153e-02
 14  1.296999e-02
 15  1.118613e-02
 16  9.904868e-03
 17  8.922621e-03
 18  8.016917e-03
 19  7.273534e-03
 20  6.696538e-03
 21  6.275149e-03
 22  6.042715e-03
 23  5.836248e-03
 24  5.662598e-03
 25  5.412206e-03
 26  5.150775e-03
 27  4.753850e-03
 28  4.314005e-03
 29  3.822253e-03
 30  3.295043e-03
 31  2.775871e-03
 32  2.303088e-03
 33  1.872296e-03
 34  1.524154e-03
 35  1.234307e-03
 36  1.001623e-03
 37  8.054079e-04
 Iteration CPU time: 9 s
 CFIE residual: 0.000805408

 Iseg, Irank, Idinc : 1, 40, 180
 Thata, Phi : 90.000000, 179.000000
 Maximun iteration: 300
 Number of recycle truncation: 30
 Final matrix dimension:  36708
 Residual error:0.001000
 0  5.886786e-01
 1  2.956200e-01
 2  1.830371e-01
 3  1.294016e-01
 4  9.911445e-02
 5  7.935964e-02
 6  6.474482e-02
 7  5.401200e-02
 8  4.512108e-02
 9  3.729282e-02
 10  3.064149e-02
 11  2.505048e-02
 12  2.045119e-02
 13  1.656676e-02
 14  1.381813e-02
 15  1.140249e-02
 16  9.474668e-03
 17  7.802117e-03
 18  6.583480e-03
 19  5.516455e-03
 20  4.689256e-03
 21  4.023562e-03
 22  3.436313e-03
 23  2.964652e-03
 24  2.637483e-03
 25  2.378259e-03
 26  2.164330e-03
 27  1.991909e-03
 28  1.857316e-03
 29  1.726309e-03
 30  1.618882e-03
 31  1.542688e-03
 32  1.469685e-03
 33  1.379299e-03
 34  1.271997e-03
 35  1.128043e-03
 36  9.789007e-04
 Iteration CPU time: 8 s
 CFIE residual: 0.000978901
 Last Built End in Sep 21 2025 00:06:12
 Total CPU time: 346 s
 Finished.
