 Last Built Begin in Sep 21 2025 00:06:12
 Pre-Type( Input ):           10
 Skl-Tol ( Input ):    1.0000000000000001E-005
 Wavelength in freespace: 0.0289004

 ################################################
 ##         Generating Required Mesh          ##
 ##         Waiting.....                      ##
 ################################################
 Subd No.      Subd Name
    1    Open-Duct_PRIME_model_meshAA1                                     
 isub,  nnode, npatch,  nedge:
    1      6118     12236     18354
 Scale Factor         >>   1.54999997E-02
 ################################################

 START TIME: 20250922   004358.197


 Informaton for IE geometry:
 number of subdomains     : 1
 maxnode,maxpatch,maxedge : 6118  12236  18354
 
 Index of Mat-Reg: 1
 Mat-Reg Number via MatFlg: 1
 Edge Number of Mat-Reg: 1, 18354

 Number of Edge on PEC: 18354
 Mat-Reg: No Dim(m) Lmax:
    1 0.248    5
 Totlmax, add1, add2:           5           6           7
 rlengmax of Global MLFMA >>   0.24809618231361680     
 Lmax of Global MLFMA >>            5
 Wavenum of Mat-Reg:
    1 1.000

 total area in sq m           =      0.0510
 total area in sq lambda      =     61.0248
 maxnode, maxpatch, maxedge           =     6118    12236    18354
 longest  edge in lambda              =      0.1615
 shortest edge in lambda              =      0.0077
 average  edge in lambda              =      0.1078
 largest  patch area in sq lambda     =      0.0088
 smallest patch area in sq lambda     =      0.0000
 ave    surface area in sq lambda     =      0.0050
 size range of the object in sq lambda =      7.9391

 #### MLFMA Info For Each Region ####
 Mat-Region =            1
 Array dimension parameters:
 maxrule=          14   maxgrid  =          64
 lmax   =           5   ncmax    =        1250
 lsmax  =          27   lsmin    =           7
 kpm    =        1462   kp0      =         102
 ntlm   =      225016   nsm      =      235590
 nkpm   =        2350   niplm    =      150400
 ngnearm=       14257   ngsndm   =       64634
 nearm  =         333   mfinestm =         119
 ###############################

 CFIE Alpha:  0.50000000000000000     

 Fill MLFMA FI for Mat-Reg:           1
 Begin filltl.f
 fill translation matrix
 Level:            2
 fill shifting matrix
 Level:            3
 fill shifting matrix
 Level:            4
 fill shifting matrix
 Level:            5
 fill shifting matrix
 translator time(s):  0.152000010    
 fill interpolation matrix
 ThetaOrder            8
 PhiOrder            8
 lsl            7
 Filling TL                  Delta_CPU=          0.59 Memory(MB)=        654.36
 Filling sndgrp              Delta_CPU=          0.00 Memory(MB)=        654.36
 Filling VFS                 Delta_CPU=          3.23 Memory(MB)=        654.36

 Fill MLFMA NI for Mat-Reg:           1
 Begin fill sparser part of Nearfield
 Begin fill denser part of Nearfield
 End fill
 Filling Amn                 Delta_CPU=         90.71 Memory(MB)=        654.36


 Now testing preconditioner with
 ipretype =           10
 method = cfie_solve_nfrasspspre_pardiso

  
 NBP>>Begin fill sparser part of Nearfield

114.0479% NBP>>Begin fill denser part of Nearfield

200.1041%
 Begin MLFMA Box-Matrix Based Spar-RAS Prec Constructor
 --- Intel MKL PARDISO --- 
 Memory for iGroup: 1 0 MB
 Total Memory For SparRAS Pre: 0 MB
 --- PARDISO PRECONDITIONER INITIALIZED --- 
 Constructing preconditioner CPU time: 3 s
 
 1101240
 Memory for Iteration:: 16.8036 MB

 Iseg, Ninc_S : 1, 181, 0

 Iseg, Skeleton Angles: 1, 40
 Iseg, Skel-Pk Mem(MB): 1, 314.35

 Iseg, Irank, Idinc : 1, 1, 42
 Thata, Phi : 90.000000, 41.000000
 Maximun iteration: 300
 Number of recycle truncation: 30
 Final matrix dimension:  36708
 Residual error:0.001000
 0  6.325312e-01
 1  3.155352e-01
 2  1.990726e-01
 3  1.278434e-01
 4  8.907681e-02
 5  6.526508e-02
 6  4.966488e-02
 7  3.805282e-02
 8  2.907545e-02
 9  2.293914e-02
 10  1.714249e-02
 11  1.396907e-02
 12  1.164301e-02
 13  9.743082e-03
 14  8.603628e-03
 15  7.564218e-03
 16  6.709579e-03
 17  6.055258e-03
 18  5.531791e-03
 19  5.212385e-03
 20  4.982294e-03
 21  4.762024e-03
 22  4.561989e-03
 23  4.369907e-03
 24  4.113695e-03
 25  3.786436e-03
 26  3.440259e-03
 27  3.082327e-03
 28  2.650940e-03
 29  2.262279e-03
 30  1.946296e-03
 31  1.629170e-03
 32  1.356318e-03
 33  1.093109e-03
 34  9.114714e-04
 Iteration CPU time: 7 s
 CFIE residual: 0.000911471

 Iseg, Irank, Idinc : 1, 2, 63
 Thata, Phi : 90.000000, 62.000000
 Maximun iteration: 300
 Number of recycle truncation: 30
 Final matrix dimension:  36708
 Residual error:0.001000
 0  6.549952e-01
 1  3.583498e-01
 2  2.235812e-01
 3  1.433447e-01
 4  1.013541e-01
 5  7.803773e-02
 6  5.924887e-02
 7  4.757933e-02
 8  3.794694e-02
 9  3.051735e-02
 10  2.375164e-02
 11  1.935281e-02
 12  1.605949e-02
 13  1.376872e-02
 14  1.229354e-02
 15  1.128832e-02
 16  1.051530e-02
 17  9.923052e-03
 18  9.568375e-03
 19  9.115320e-03
 20  8.670142e-03
 21  8.343829e-03
 22  7.829681e-03
 23  7.235619e-03
 24  6.453564e-03
 25  5.613927e-03
 26  4.870876e-03
 27  4.157582e-03
 28  3.475565e-03
 29  2.849377e-03
 30  2.334696e-03
 31  1.874563e-03
 32  1.517029e-03
 33  1.217020e-03
 34  9.838558e-04
 Iteration CPU time: 8 s
 CFIE residual: 0.000983856

 Iseg, Irank, Idinc : 1, 3, 108
 Thata, Phi : 90.000000, 107.000000
 Maximun iteration: 300
 Number of recycle truncation: 30
 Final matrix dimension:  36708
 Residual error:0.001000
 0  6.161843e-01
 1  3.478968e-01
 2  2.157939e-01
 3  1.466133e-01
 4  1.042196e-01
 5  7.796472e-02
 6  6.022089e-02
 7  4.704523e-02
 8  3.805166e-02
 9  3.132592e-02
 10  2.534457e-02
 11  2.098226e-02
 12  1.745027e-02
 13  1.475559e-02
 14  1.277976e-02
 15  1.112810e-02
 16  9.939914e-03
 17  9.099094e-03
 18  8.252916e-03
 19  7.658879e-03
 20  7.167241e-03
 21  6.783667e-03
 22  6.513281e-03
 23  6.282034e-03
 24  6.063713e-03
 25  5.784708e-03
 26  5.367791e-03
 27  4.857498e-03
 28  4.307978e-03
 29  3.719055e-03
 30  3.086777e-03
 31  2.494648e-03
 32  1.958668e-03
 33  1.596316e-03
 34  1.294381e-03
 35  1.042477e-03
 36  8.231840e-04
 Iteration CPU time: 8 s
 CFIE residual: 0.000823184

 Iseg, Irank, Idinc : 1, 4, 147
 Thata, Phi : 90.000000, 146.000000
 Maximun iteration: 300
 Number of recycle truncation: 30
 Final matrix dimension:  36708
 Residual error:0.001000
 0  6.561628e-01
 1  3.457376e-01
 2  2.097646e-01
 3  1.412528e-01
 4  1.005507e-01
 5  7.692618e-02
 6  5.950847e-02
 7  4.757624e-02
 8  3.970510e-02
 9  3.385065e-02
 10  2.900318e-02
 11  2.534900e-02
 12  2.248687e-02
 13  1.929019e-02
 14  1.627702e-02
 15  1.411927e-02
 16  1.228420e-02
 17  1.035514e-02
 18  9.172888e-03
 19  8.108472e-03
 20  7.348883e-03
 21  6.681977e-03
 22  6.200420e-03
 23  5.835113e-03
 24  5.584489e-03
 25  5.363061e-03
 26  5.145213e-03
 27  4.884992e-03
 28  4.612837e-03
 29  4.271995e-03
 30  3.869051e-03
 31  3.442376e-03
 32  3.002360e-03
 33  2.510852e-03
 34  2.018579e-03
 35  1.636740e-03
 36  1.302288e-03
 37  9.996969e-04
 Iteration CPU time: 9 s
 CFIE residual: 0.000999697

 Iseg, Irank, Idinc : 1, 5, 22
 Thata, Phi : 90.000000, 21.000000
 Maximun iteration: 300
 Number of recycle truncation: 30
 Final matrix dimension:  36708
 Residual error:0.001000
 0  6.324714e-01
 1  2.968196e-01
 2  1.755554e-01
 3  1.162093e-01
 4  8.076441e-02
 5  5.946602e-02
 6  4.515256e-02
 7  3.549050e-02
 8  2.809871e-02
 9  2.260257e-02
 10  1.858708e-02
 11  1.505843e-02
 12  1.216400e-02
 13  1.022763e-02
 14  8.540493e-03
 15  7.278378e-03
 16  6.356255e-03
 17  5.420674e-03
 18  4.646043e-03
 19  4.063912e-03
 20  3.674181e-03
 21  3.300697e-03
 22  3.042893e-03
 23  2.828096e-03
 24  2.672595e-03
 25  2.558016e-03
 26  2.452134e-03
 27  2.336596e-03
 28  2.235738e-03
 29  2.118004e-03
 30  1.997286e-03
 31  1.858905e-03
 32  1.678736e-03
 33  1.473004e-03
 34  1.234521e-03
 35  1.043495e-03
 36  8.682181e-04
 Iteration CPU time: 8 s
 CFIE residual: 0.000868218

 Iseg, Irank, Idinc : 1, 6, 137
 Thata, Phi : 90.000000, 136.000000
 Maximun iteration: 300
 Number of recycle truncation: 30
 Final matrix dimension:  36708
 Residual error:0.001000
 0  6.960156e-01
 1  3.482154e-01
 2  2.155043e-01
 3  1.470076e-01
 4  1.056363e-01
 5  7.934469e-02
 6  6.010345e-02
 7  4.766432e-02
 8  3.897344e-02
 9  3.277906e-02
 10  2.729421e-02
 11  2.293931e-02
 12  1.950771e-02
 13  1.664024e-02
 14  1.404726e-02
 15  1.204209e-02
 16  1.066439e-02
 17  9.435568e-03
 18  8.494414e-03
 19  7.733707e-03
 20  7.236741e-03
 21  6.770469e-03
 22  6.445113e-03
 23  6.143706e-03
 24  5.877899e-03
 25  5.624368e-03
 26  5.279049e-03
 27  4.937472e-03
 28  4.557137e-03
 29  4.159222e-03
 30  3.699334e-03
 31  3.224810e-03
 32  2.762021e-03
 33  2.352638e-03
 34  1.963770e-03
 35  1.644680e-03
 36  1.362431e-03
 37  1.105167e-03
 38  8.511996e-04
 Iteration CPU time: 9 s
 CFIE residual: 0.0008512

 Iseg, Irank, Idinc : 1, 7, 83
 Thata, Phi : 90.000000, 82.000000
 Maximun iteration: 300
 Number of recycle truncation: 30
 Final matrix dimension:  36708
 Residual error:0.001000
 0  6.060126e-01
 1  3.474927e-01
 2  2.221776e-01
 3  1.496586e-01
 4  1.083775e-01
 5  8.320054e-02
 6  6.410226e-02
 7  5.076346e-02
 8  4.111498e-02
 9  3.250408e-02
 10  2.654827e-02
 11  2.230600e-02
 12  1.871029e-02
 13  1.629455e-02
 14  1.453169e-02
 15  1.318955e-02
 16  1.196828e-02
 17  1.121882e-02
 18  1.068079e-02
 19  1.018102e-02
 20  9.774327e-03
 21  9.391590e-03
 22  8.976397e-03
 23  8.448504e-03
 24  7.809143e-03
 25  7.025289e-03
 26  6.240969e-03
 27  5.510577e-03
 28  4.767304e-03
 29  4.001575e-03
 30  3.333019e-03
 31  2.756433e-03
 32  2.294590e-03
 33  1.817508e-03
 34  1.491810e-03
 35  1.171385e-03
 36  9.793060e-04
 Iteration CPU time: 8 s
 CFIE residual: 0.000979306

 Iseg, Irank, Idinc : 1, 8, 72
 Thata, Phi : 90.000000, 71.000000
 Maximun iteration: 300
 Number of recycle truncation: 30
 Final matrix dimension:  36708
 Residual error:0.001000
 0  6.327028e-01
 1  3.634918e-01
 2  2.345088e-01
 3  1.478712e-01
 4  1.045735e-01
 5  8.233212e-02
 6  6.364057e-02
 7  4.948177e-02
 8  3.983133e-02
 9  3.339205e-02
 10  2.657379e-02
 11  2.167825e-02
 12  1.787171e-02
 13  1.556740e-02
 14  1.401849e-02
 15  1.274693e-02
 16  1.194220e-02
 17  1.123832e-02
 18  1.069616e-02
 19  1.020145e-02
 20  9.803531e-03
 21  9.415995e-03
 22  8.940837e-03
 23  8.348981e-03
 24  7.527600e-03
 25  6.524905e-03
 26  5.740224e-03
 27  4.956001e-03
 28  4.211560e-03
 29  3.497457e-03
 30  2.894954e-03
 31  2.367775e-03
 32  1.918856e-03
 33  1.567153e-03
 34  1.247036e-03
 35  9.939228e-04
 Iteration CPU time: 8 s
 CFIE residual: 0.000993923

 Iseg, Irank, Idinc : 1, 9, 159
 Thata, Phi : 90.000000, 158.000000
 Maximun iteration: 300
 Number of recycle truncation: 30
 Final matrix dimension:  36708
 Residual error:0.001000
 0  6.216641e-01
 1  3.143918e-01
 2  1.915316e-01
 3  1.299018e-01
 4  9.650876e-02
 5  7.714167e-02
 6  6.177998e-02
 7  5.073108e-02
 8  4.276605e-02
 9  3.704272e-02
 10  3.215338e-02
 11  2.837447e-02
 12  2.481303e-02
 13  2.112402e-02
 14  1.779742e-02
 15  1.550107e-02
 16  1.359780e-02
 17  1.156180e-02
 18  1.006304e-02
 19  8.642752e-03
 20  7.520031e-03
 21  6.638054e-03
 22  5.904629e-03
 23  5.358528e-03
 24  4.950514e-03
 25  4.665343e-03
 26  4.398069e-03
 27  4.192169e-03
 28  4.003640e-03
 29  3.812540e-03
 30  3.542153e-03
 31  3.204981e-03
 32  2.809980e-03
 33  2.408354e-03
 34  2.022554e-03
 35  1.628144e-03
 36  1.316721e-03
 37  1.022574e-03
 38  7.655080e-04
 Iteration CPU time: 8 s
 CFIE residual: 0.000765508

 Iseg, Irank, Idinc : 1, 10, 125
 Thata, Phi : 90.000000, 124.000000
 Maximun iteration: 300
 Number of recycle truncation: 30
 Final matrix dimension:  36708
 Residual error:0.001000
 0  6.563967e-01
 1  3.402926e-01
 2  2.203699e-01
 3  1.552542e-01
 4  1.126337e-01
 5  8.204579e-02
 6  6.511666e-02
 7  5.144487e-02
 8  4.195204e-02
 9  3.402835e-02
 10  2.707030e-02
 11  2.142863e-02
 12  1.718462e-02
 13  1.402533e-02
 14  1.178512e-02
 15  1.025242e-02
 16  8.940024e-03
 17  8.051934e-03
 18  7.220329e-03
 19  6.677243e-03
 20  6.284324e-03
 21  5.981639e-03
 22  5.716164e-03
 23  5.475043e-03
 24  5.247569e-03
 25  4.994739e-03
 26  4.693301e-03
 27  4.380411e-03
 28  4.065141e-03
 29  3.717826e-03
 30  3.330821e-03
 31  2.969846e-03
 32  2.595938e-03
 33  2.249639e-03
 34  1.876950e-03
 35  1.592661e-03
 36  1.290481e-03
 37  1.034373e-03
 38  7.972126e-04
 Iteration CPU time: 8 s
 CFIE residual: 0.000797213

 Iseg, Irank, Idinc : 1, 11, 53
 Thata, Phi : 90.000000, 52.000000
 Maximun iteration: 300
 Number of recycle truncation: 30
 Final matrix dimension:  36708
 Residual error:0.001000
 0  6.537935e-01
 1  3.453809e-01
 2  2.119430e-01
 3  1.350926e-01
 4  9.775049e-02
 5  7.482418e-02
 6  5.830846e-02
 7  4.479684e-02
 8  3.483476e-02
 9  2.817912e-02
 10  2.197082e-02
 11  1.736918e-02
 12  1.400581e-02
 13  1.162991e-02
 14  1.031088e-02
 15  9.314621e-03
 16  8.493084e-03
 17  8.034242e-03
 18  7.452341e-03
 19  7.021894e-03
 20  6.732027e-03
 21  6.390979e-03
 22  6.008264e-03
 23  5.612859e-03
 24  5.044691e-03
 25  4.366052e-03
 26  3.754319e-03
 27  3.159662e-03
 28  2.616771e-03
 29  2.087712e-03
 30  1.739590e-03
 31  1.441255e-03
 32  1.182517e-03
 33  9.618454e-04
 Iteration CPU time: 8 s
 CFIE residual: 0.000961845

 Iseg, Irank, Idinc : 1, 12, 176
 Thata, Phi : 90.000000, 175.000000
 Maximun iteration: 300
 Number of recycle truncation: 30
 Final matrix dimension:  36708
 Residual error:0.001000
 0  5.902645e-01
 1  2.955556e-01
 2  1.832290e-01
 3  1.301759e-01
 4  1.004892e-01
 5  8.061222e-02
 6  6.588850e-02
 7  5.503574e-02
 8  4.595328e-02
 9  3.865711e-02
 10  3.235405e-02
 11  2.704546e-02
 12  2.256274e-02
 13  1.855659e-02
 14  1.591612e-02
 15  1.323633e-02
 16  1.123529e-02
 17  9.536896e-03
 18  8.102081e-03
 19  6.792611e-03
 20  5.903866e-03
 21  5.076152e-03
 22  4.427785e-03
 23  3.891325e-03
 24  3.489595e-03
 25  3.185994e-03
 26  2.923014e-03
 27  2.732700e-03
 28  2.567654e-03
 29  2.428185e-03
 30  2.304510e-03
 31  2.202955e-03
 32  2.090470e-03
 33  1.960813e-03
 34  1.820324e-03
 35  1.630008e-03
 36  1.438778e-03
 37  1.240471e-03
 38  1.024800e-03
 39  8.218141e-04
 Iteration CPU time: 9 s
 CFIE residual: 0.000821814

 Iseg, Irank, Idinc : 1, 13, 33
 Thata, Phi : 90.000000, 32.000000
 Maximun iteration: 300
 Number of recycle truncation: 30
 Final matrix dimension:  36708
 Residual error:0.001000
 0  6.287745e-01
 1  3.111676e-01
 2  1.859282e-01
 3  1.165306e-01
 4  8.139414e-02
 5  5.951782e-02
 6  4.452229e-02
 7  3.399640e-02
 8  2.676029e-02
 9  2.146261e-02
 10  1.690791e-02
 11  1.387442e-02
 12  1.134630e-02
 13  9.506033e-03
 14  8.100100e-03
 15  6.918698e-03
 16  6.021298e-03
 17  5.278572e-03
 18  4.647318e-03
 19  4.250137e-03
 20  3.991443e-03
 21  3.759750e-03
 22  3.596334e-03
 23  3.459460e-03
 24  3.314740e-03
 25  3.178469e-03
 26  2.998027e-03
 27  2.781737e-03
 28  2.511311e-03
 29  2.184182e-03
 30  1.874178e-03
 31  1.615103e-03
 32  1.388494e-03
 33  1.175138e-03
 34  9.735608e-04
 Iteration CPU time: 8 s
 CFIE residual: 0.000973561

 Iseg, Irank, Idinc : 1, 14, 91
 Thata, Phi : 90.000000, 90.000000
 Maximun iteration: 300
 Number of recycle truncation: 30
 Final matrix dimension:  36708
 Residual error:0.001000
 0  5.976121e-01
 1  3.433467e-01
 2  2.172968e-01
 3  1.493139e-01
 4  1.073539e-01
 5  8.181289e-02
 6  6.380511e-02
 7  4.985344e-02
 8  4.076175e-02
 9  3.299117e-02
 10  2.742998e-02
 11  2.282324e-02
 12  1.946971e-02
 13  1.691489e-02
 14  1.505660e-02
 15  1.346008e-02
 16  1.207475e-02
 17  1.115500e-02
 18  1.042185e-02
 19  9.833737e-03
 20  9.376552e-03
 21  8.961168e-03
 22  8.555677e-03
 23  8.102852e-03
 24  7.628632e-03
 25  7.148908e-03
 26  6.495432e-03
 27  5.744894e-03
 28  4.918133e-03
 29  4.226254e-03
 30  3.557545e-03
 31  2.980749e-03
 32  2.454857e-03
 33  1.999640e-03
 34  1.640001e-03
 35  1.301324e-03
 36  1.045635e-03
 37  8.567169e-04
 Iteration CPU time: 8 s
 CFIE residual: 0.000856717

 Iseg, Irank, Idinc : 1, 15, 9
 Thata, Phi : 90.000000, 8.000000
 Maximun iteration: 300
 Number of recycle truncation: 30
 Final matrix dimension:  36708
 Residual error:0.001000
 0  5.470364e-01
 1  2.789900e-01
 2  1.780253e-01
 3  1.243002e-01
 4  9.075127e-02
 5  6.779383e-02
 6  5.158184e-02
 7  4.008743e-02
 8  3.146313e-02
 9  2.460473e-02
 10  1.966532e-02
 11  1.571026e-02
 12  1.273920e-02
 13  1.020447e-02
 14  8.425160e-03
 15  7.010656e-03
 16  5.955890e-03
 17  5.142574e-03
 18  4.418604e-03
 19  3.815452e-03
 20  3.322265e-03
 21  2.968843e-03
 22  2.626495e-03
 23  2.337342e-03
 24  2.131436e-03
 25  1.974000e-03
 26  1.800447e-03
 27  1.666811e-03
 28  1.575070e-03
 29  1.486395e-03
 30  1.426837e-03
 31  1.374365e-03
 32  1.301718e-03
 33  1.225285e-03
 34  1.129002e-03
 35  1.021244e-03
 36  8.870023e-04
 Iteration CPU time: 8 s
 CFIE residual: 0.000887002

 Iseg, Irank, Idinc : 1, 16, 100
 Thata, Phi : 90.000000, 99.000000
 Maximun iteration: 300
 Number of recycle truncation: 30
 Final matrix dimension:  36708
 Residual error:0.001000
 0  6.055450e-01
 1  3.412282e-01
 2  2.135903e-01
 3  1.450989e-01
 4  1.045540e-01
 5  7.929599e-02
 6  6.165471e-02
 7  4.882174e-02
 8  3.910904e-02
 9  3.244304e-02
 10  2.652178e-02
 11  2.242046e-02
 12  1.888456e-02
 13  1.633641e-02
 14  1.425389e-02
 15  1.246020e-02
 16  1.111843e-02
 17  1.020050e-02
 18  9.376840e-03
 19  8.717281e-03
 20  8.175809e-03
 21  7.797857e-03
 22  7.481233e-03
 23  7.177113e-03
 24  6.858407e-03
 25  6.411686e-03
 26  5.964837e-03
 27  5.338083e-03
 28  4.760861e-03
 29  4.096818e-03
 30  3.507400e-03
 31  2.948996e-03
 32  2.429202e-03
 33  1.938680e-03
 34  1.546158e-03
 35  1.242732e-03
 36  1.015007e-03
 37  8.155499e-04
 Iteration CPU time: 8 s
 CFIE residual: 0.00081555

 Iseg, Irank, Idinc : 1, 17, 116
 Thata, Phi : 90.000000, 115.000000
 Maximun iteration: 300
 Number of recycle truncation: 30
 Final matrix dimension:  36708
 Residual error:0.001000
 0  6.416167e-01
 1  3.464304e-01
 2  2.158210e-01
 3  1.503001e-01
 4  1.077085e-01
 5  7.929180e-02
 6  6.186247e-02
 7  4.855075e-02
 8  3.822247e-02
 9  3.099463e-02
 10  2.510907e-02
 11  2.042506e-02
 12  1.704939e-02
 13  1.441049e-02
 14  1.226519e-02
 15  1.051804e-02
 16  9.302645e-03
 17  8.487528e-03
 18  7.663582e-03
 19  7.064323e-03
 20  6.719129e-03
 21  6.396856e-03
 22  6.181195e-03
 23  5.944114e-03
 24  5.735135e-03
 25  5.496328e-03
 26  5.164614e-03
 27  4.725856e-03
 28  4.352991e-03
 29  3.870200e-03
 30  3.440015e-03
 31  2.938371e-03
 32  2.411141e-03
 33  1.917131e-03
 34  1.555232e-03
 35  1.230672e-03
 36  9.765538e-04
 Iteration CPU time: 8 s
 CFIE residual: 0.000976554

 Iseg, Irank, Idinc : 1, 18, 1
 Thata, Phi : 90.000000, 0.000000
 Maximun iteration: 300
 Number of recycle truncation: 30
 Final matrix dimension:  36708
 Residual error:0.001000
 0  5.224080e-01
 1  2.740324e-01
 2  1.778552e-01
 3  1.212616e-01
 4  8.826590e-02
 5  6.697817e-02
 6  5.109269e-02
 7  3.835321e-02
 8  2.954169e-02
 9  2.369440e-02
 10  1.935480e-02
 11  1.526925e-02
 12  1.173007e-02
 13  9.772039e-03
 14  7.978903e-03
 15  6.662596e-03
 16  5.585480e-03
 17  4.829863e-03
 18  4.125607e-03
 19  3.571309e-03
 20  3.049518e-03
 21  2.631138e-03
 22  2.290829e-03
 23  1.984806e-03
 24  1.742591e-03
 25  1.523895e-03
 26  1.346917e-03
 27  1.228995e-03
 28  1.130504e-03
 29  1.059544e-03
 30  1.004841e-03
 31  9.483727e-04
 Iteration CPU time: 7 s
 CFIE residual: 0.000948373

 Iseg, Irank, Idinc : 1, 19, 167
 Thata, Phi : 90.000000, 166.000000
 Maximun iteration: 300
 Number of recycle truncation: 30
 Final matrix dimension:  36708
 Residual error:0.001000
 0  5.967230e-01
 1  2.992223e-01
 2  1.843705e-01
 3  1.304436e-01
 4  1.000496e-01
 5  8.041652e-02
 6  6.471844e-02
 7  5.442517e-02
 8  4.584509e-02
 9  3.898540e-02
 10  3.279144e-02
 11  2.875096e-02
 12  2.516650e-02
 13  2.135279e-02
 14  1.828673e-02
 15  1.580624e-02
 16  1.374654e-02
 17  1.170877e-02
 18  9.835332e-03
 19  8.285292e-03
 20  7.215954e-03
 21  6.171903e-03
 22  5.488966e-03
 23  4.896788e-03
 24  4.412716e-03
 25  4.030287e-03
 26  3.754406e-03
 27  3.517761e-03
 28  3.348798e-03
 29  3.192781e-03
 30  3.020920e-03
 31  2.827370e-03
 32  2.644426e-03
 33  2.416258e-03
 34  2.153503e-03
 35  1.870382e-03
 36  1.576734e-03
 37  1.267276e-03
 38  1.007479e-03
 39  8.252097e-04
 Iteration CPU time: 9 s
 CFIE residual: 0.00082521

 Iseg, Irank, Idinc : 1, 20, 16
 Thata, Phi : 90.000000, 15.000000
 Maximun iteration: 300
 Number of recycle truncation: 30
 Final matrix dimension:  36708
 Residual error:0.001000
 0  5.940701e-01
 1  2.876862e-01
 2  1.767961e-01
 3  1.212716e-01
 4  8.682672e-02
 5  6.453784e-02
 6  4.907492e-02
 7  3.876470e-02
 8  3.046287e-02
 9  2.434339e-02
 10  1.950499e-02
 11  1.538952e-02
 12  1.233460e-02
 13  1.017995e-02
 14  8.586693e-03
 15  7.097058e-03
 16  6.090873e-03
 17  5.216566e-03
 18  4.491803e-03
 19  3.913109e-03
 20  3.486795e-03
 21  3.115749e-03
 22  2.795361e-03
 23  2.537820e-03
 24  2.359708e-03
 25  2.225587e-03
 26  2.097102e-03
 27  1.986017e-03
 28  1.899755e-03
 29  1.807403e-03
 30  1.738518e-03
 31  1.655138e-03
 32  1.546648e-03
 33  1.412344e-03
 34  1.244334e-03
 35  1.078104e-03
 36  9.070335e-04
 Iteration CPU time: 8 s
 CFIE residual: 0.000907033

 Iseg, Irank, Idinc : 1, 21, 181
 Thata, Phi : 90.000000, 180.000000
 Maximun iteration: 300
 Number of recycle truncation: 30
 Final matrix dimension:  36708
 Residual error:0.001000
 0  5.900764e-01
 1  2.951722e-01
 2  1.824147e-01
 3  1.289094e-01
 4  9.867421e-02
 5  7.901320e-02
 6  6.475303e-02
 7  5.394658e-02
 8  4.511832e-02
 9  3.748468e-02
 10  3.065904e-02
 11  2.501874e-02
 12  2.047059e-02
 13  1.654867e-02
 14  1.376179e-02
 15  1.142609e-02
 16  9.400428e-03
 17  7.748711e-03
 18  6.581439e-03
 19  5.632782e-03
 20  4.769711e-03
 21  4.107428e-03
 22  3.547743e-03
 23  3.071722e-03
 24  2.737300e-03
 25  2.535456e-03
 26  2.361027e-03
 27  2.200841e-03
 28  2.062725e-03
 29  1.923047e-03
 30  1.790367e-03
 31  1.671223e-03
 32  1.545464e-03
 33  1.381451e-03
 34  1.186035e-03
 35  9.814721e-04
 Iteration CPU time: 8 s
 CFIE residual: 0.000981472

 Iseg, Irank, Idinc : 1, 22, 153
 Thata, Phi : 90.000000, 152.000000
 Maximun iteration: 300
 Number of recycle truncation: 30
 Final matrix dimension:  36708
 Residual error:0.001000
 0  6.362177e-01
 1  3.291941e-01
 2  2.021559e-01
 3  1.347820e-01
 4  9.799071e-02
 5  7.683182e-02
 6  6.012358e-02
 7  4.907496e-02
 8  4.042581e-02
 9  3.451972e-02
 10  2.976314e-02
 11  2.633210e-02
 12  2.300502e-02
 13  1.947173e-02
 14  1.654776e-02
 15  1.451888e-02
 16  1.274730e-02
 17  1.092200e-02
 18  9.528948e-03
 19  8.283516e-03
 20  7.392896e-03
 21  6.639131e-03
 22  5.967462e-03
 23  5.488477e-03
 24  5.144685e-03
 25  4.888992e-03
 26  4.652043e-03
 27  4.440155e-03
 28  4.216770e-03
 29  3.974100e-03
 30  3.612704e-03
 31  3.232966e-03
 32  2.827314e-03
 33  2.456545e-03
 34  1.937189e-03
 35  1.557817e-03
 36  1.218441e-03
 37  9.546585e-04
 Iteration CPU time: 9 s
 CFIE residual: 0.000954659

 Iseg, Irank, Idinc : 1, 23, 77
 Thata, Phi : 90.000000, 76.000000
 Maximun iteration: 300
 Number of recycle truncation: 30
 Final matrix dimension:  36708
 Residual error:0.001000
 0  6.146944e-01
 1  3.540993e-01
 2  2.285670e-01
 3  1.473707e-01
 4  1.042158e-01
 5  7.988770e-02
 6  6.192888e-02
 7  4.838563e-02
 8  3.928680e-02
 9  3.141738e-02
 10  2.599582e-02
 11  2.175418e-02
 12  1.820381e-02
 13  1.605424e-02
 14  1.431498e-02
 15  1.293229e-02
 16  1.208787e-02
 17  1.140504e-02
 18  1.085353e-02
 19  1.034214e-02
 20  9.941429e-03
 21  9.561596e-03
 22  9.135757e-03
 23  8.619704e-03
 24  7.882313e-03
 25  6.995848e-03
 26  6.271048e-03
 27  5.502009e-03
 28  4.750761e-03
 29  3.976793e-03
 30  3.314665e-03
 31  2.711214e-03
 32  2.194573e-03
 33  1.779251e-03
 34  1.438987e-03
 35  1.127984e-03
 36  8.997557e-04
 Iteration CPU time: 8 s
 CFIE residual: 0.000899756

 Iseg, Irank, Idinc : 1, 24, 131
 Thata, Phi : 90.000000, 130.000000
 Maximun iteration: 300
 Number of recycle truncation: 30
 Final matrix dimension:  36708
 Residual error:0.001000
 0  6.752423e-01
 1  3.480789e-01
 2  2.202978e-01
 3  1.498068e-01
 4  1.079679e-01
 5  8.005717e-02
 6  6.255735e-02
 7  4.974040e-02
 8  3.982567e-02
 9  3.307939e-02
 10  2.702725e-02
 11  2.206105e-02
 12  1.787450e-02
 13  1.462539e-02
 14  1.230958e-02
 15  1.068428e-02
 16  9.223512e-03
 17  8.239816e-03
 18  7.441224e-03
 19  6.869689e-03
 20  6.467606e-03
 21  6.136919e-03
 22  5.871319e-03
 23  5.613374e-03
 24  5.367001e-03
 25  5.098063e-03
 26  4.772915e-03
 27  4.429081e-03
 28  4.075065e-03
 29  3.663087e-03
 30  3.208002e-03
 31  2.788194e-03
 32  2.404431e-03
 33  2.038008e-03
 34  1.694549e-03
 35  1.411082e-03
 36  1.158672e-03
 37  9.425504e-04
 Iteration CPU time: 8 s
 CFIE residual: 0.00094255

 Iseg, Irank, Idinc : 1, 25, 48
 Thata, Phi : 90.000000, 47.000000
 Maximun iteration: 300
 Number of recycle truncation: 30
 Final matrix dimension:  36708
 Residual error:0.001000
 0  6.416046e-01
 1  3.324557e-01
 2  2.062253e-01
 3  1.343874e-01
 4  9.726357e-02
 5  7.397073e-02
 6  5.685818e-02
 7  4.340690e-02
 8  3.334429e-02
 9  2.622322e-02
 10  2.013058e-02
 11  1.595660e-02
 12  1.320109e-02
 13  1.104080e-02
 14  9.650374e-03
 15  8.687808e-03
 16  7.849607e-03
 17  7.279727e-03
 18  6.721142e-03
 19  6.348635e-03
 20  6.111022e-03
 21  5.840465e-03
 22  5.513131e-03
 23  5.171573e-03
 24  4.754356e-03
 25  4.232331e-03
 26  3.762828e-03
 27  3.240109e-03
 28  2.733396e-03
 29  2.286569e-03
 30  1.919238e-03
 31  1.591584e-03
 32  1.302101e-03
 33  1.063922e-03
 34  8.745938e-04
 Iteration CPU time: 8 s
 CFIE residual: 0.000874594

 Iseg, Irank, Idinc : 1, 26, 5
 Thata, Phi : 90.000000, 4.000000
 Maximun iteration: 300
 Number of recycle truncation: 30
 Final matrix dimension:  36708
 Residual error:0.001000
 0  5.290022e-01
 1  2.754938e-01
 2  1.779476e-01
 3  1.226708e-01
 4  8.955739e-02
 5  6.733356e-02
 6  5.120393e-02
 7  3.891927e-02
 8  3.067323e-02
 9  2.423510e-02
 10  1.947614e-02
 11  1.548745e-02
 12  1.234896e-02
 13  1.026985e-02
 14  8.417008e-03
 15  6.946854e-03
 16  5.942537e-03
 17  5.102156e-03
 18  4.336788e-03
 19  3.768206e-03
 20  3.266161e-03
 21  2.867121e-03
 22  2.524910e-03
 23  2.206901e-03
 24  1.976689e-03
 25  1.787086e-03
 26  1.592959e-03
 27  1.434167e-03
 28  1.329032e-03
 29  1.247404e-03
 30  1.190990e-03
 31  1.142706e-03
 32  1.089663e-03
 33  1.029135e-03
 34  9.591690e-04
 Iteration CPU time: 8 s
 CFIE residual: 0.000959169

 Iseg, Irank, Idinc : 1, 27, 172
 Thata, Phi : 90.000000, 171.000000
 Maximun iteration: 300
 Number of recycle truncation: 30
 Final matrix dimension:  36708
 Residual error:0.001000
 0  5.911691e-01
 1  2.962458e-01
 2  1.841649e-01
 3  1.313829e-01
 4  1.016569e-01
 5  8.159662e-02
 6  6.638419e-02
 7  5.564803e-02
 8  4.645629e-02
 9  3.928141e-02
 10  3.360196e-02
 11  2.864388e-02
 12  2.420727e-02
 13  2.037239e-02
 14  1.755285e-02
 15  1.472199e-02
 16  1.268579e-02
 17  1.082308e-02
 18  9.124838e-03
 19  7.673789e-03
 20  6.675031e-03
 21  5.679671e-03
 22  5.018104e-03
 23  4.464367e-03
 24  4.008311e-03
 25  3.642240e-03
 26  3.352717e-03
 27  3.137561e-03
 28  2.963409e-03
 29  2.810095e-03
 30  2.666416e-03
 31  2.537299e-03
 32  2.397322e-03
 33  2.229187e-03
 34  2.046250e-03
 35  1.819479e-03
 36  1.586990e-03
 37  1.336895e-03
 38  1.078452e-03
 39  8.628844e-04
 Iteration CPU time: 9 s
 CFIE residual: 0.000862884

 Iseg, Irank, Idinc : 1, 28, 96
 Thata, Phi : 90.000000, 95.000000
 Maximun iteration: 300
 Number of recycle truncation: 30
 Final matrix dimension:  36708
 Residual error:0.001000
 0  5.995878e-01
 1  3.410428e-01
 2  2.149965e-01
 3  1.451201e-01
 4  1.037667e-01
 5  7.962197e-02
 6  6.315382e-02
 7  4.947136e-02
 8  3.970956e-02
 9  3.215961e-02
 10  2.679205e-02
 11  2.243740e-02
 12  1.911416e-02
 13  1.665873e-02
 14  1.466244e-02
 15  1.293306e-02
 16  1.151958e-02
 17  1.061474e-02
 18  9.854648e-03
 19  9.211744e-03
 20  8.701494e-03
 21  8.335765e-03
 22  7.976397e-03
 23  7.625711e-03
 24  7.253668e-03
 25  6.822698e-03
 26  6.232232e-03
 27  5.557742e-03
 28  4.814112e-03
 29  4.170414e-03
 30  3.514211e-03
 31  2.983577e-03
 32  2.508067e-03
 33  1.987104e-03
 34  1.581001e-03
 35  1.236757e-03
 36  1.008570e-03
 37  8.261968e-04
 Iteration CPU time: 8 s
 CFIE residual: 0.000826197

 Iseg, Irank, Idinc : 1, 29, 28
 Thata, Phi : 90.000000, 27.000000
 Maximun iteration: 300
 Number of recycle truncation: 30
 Final matrix dimension:  36708
 Residual error:0.001000
 0  6.424590e-01
 1  3.047293e-01
 2  1.793015e-01
 3  1.138916e-01
 4  7.878261e-02
 5  5.756966e-02
 6  4.282804e-02
 7  3.328762e-02
 8  2.665167e-02
 9  2.185493e-02
 10  1.772803e-02
 11  1.445925e-02
 12  1.162315e-02
 13  9.741973e-03
 14  8.326764e-03
 15  7.165524e-03
 16  6.167682e-03
 17  5.276691e-03
 18  4.585859e-03
 19  4.133404e-03
 20  3.836401e-03
 21  3.546337e-03
 22  3.344047e-03
 23  3.168957e-03
 24  3.025622e-03
 25  2.918940e-03
 26  2.786480e-03
 27  2.634465e-03
 28  2.475679e-03
 29  2.258794e-03
 30  2.030809e-03
 31  1.840861e-03
 32  1.611249e-03
 33  1.382588e-03
 34  1.146885e-03
 35  9.673754e-04
 Iteration CPU time: 8 s
 CFIE residual: 0.000967375

 Iseg, Irank, Idinc : 1, 30, 120
 Thata, Phi : 90.000000, 119.000000
 Maximun iteration: 300
 Number of recycle truncation: 30
 Final matrix dimension:  36708
 Residual error:0.001000
 0  6.463937e-01
 1  3.434272e-01
 2  2.161473e-01
 3  1.514706e-01
 4  1.088727e-01
 5  8.122581e-02
 6  6.380507e-02
 7  4.986830e-02
 8  3.988334e-02
 9  3.249950e-02
 10  2.636265e-02
 11  2.121905e-02
 12  1.720887e-02
 13  1.412366e-02
 14  1.209802e-02
 15  1.041584e-02
 16  9.295232e-03
 17  8.432682e-03
 18  7.556978e-03
 19  6.961380e-03
 20  6.572038e-03
 21  6.255169e-03
 22  6.035127e-03
 23  5.797975e-03
 24  5.587060e-03
 25  5.321073e-03
 26  5.006030e-03
 27  4.657285e-03
 28  4.309566e-03
 29  3.948158e-03
 30  3.553477e-03
 31  3.132753e-03
 32  2.661481e-03
 33  2.214384e-03
 34  1.798605e-03
 35  1.475260e-03
 36  1.188551e-03
 37  9.363978e-04
 Iteration CPU time: 8 s
 CFIE residual: 0.000936398

 Iseg, Irank, Idinc : 1, 31, 58
 Thata, Phi : 90.000000, 57.000000
 Maximun iteration: 300
 Number of recycle truncation: 30
 Final matrix dimension:  36708
 Residual error:0.001000
 0  6.590404e-01
 1  3.487627e-01
 2  2.126458e-01
 3  1.336719e-01
 4  9.686224e-02
 5  7.327754e-02
 6  5.645177e-02
 7  4.456596e-02
 8  3.473186e-02
 9  2.810698e-02
 10  2.217815e-02
 11  1.769155e-02
 12  1.467341e-02
 13  1.229159e-02
 14  1.093255e-02
 15  9.984000e-03
 16  9.311372e-03
 17  8.776368e-03
 18  8.335951e-03
 19  7.859690e-03
 20  7.509505e-03
 21  7.181750e-03
 22  6.739278e-03
 23  6.276958e-03
 24  5.518781e-03
 25  4.761351e-03
 26  4.075864e-03
 27  3.451513e-03
 28  2.849553e-03
 29  2.333619e-03
 30  1.930251e-03
 31  1.566095e-03
 32  1.258805e-03
 33  9.986051e-04
 Iteration CPU time: 7 s
 CFIE residual: 0.000998605

 Iseg, Irank, Idinc : 1, 32, 179
 Thata, Phi : 90.000000, 178.000000
 Maximun iteration: 300
 Number of recycle truncation: 30
 Final matrix dimension:  36708
 Residual error:0.001000
 0  5.901129e-01
 1  2.952458e-01
 2  1.825643e-01
 3  1.291573e-01
 4  9.908852e-02
 5  7.940560e-02
 6  6.503742e-02
 7  5.421478e-02
 8  4.532098e-02
 9  3.779179e-02
 10  3.103805e-02
 11  2.558274e-02
 12  2.120598e-02
 13  1.708725e-02
 14  1.463175e-02
 15  1.213987e-02
 16  1.013119e-02
 17  8.405828e-03
 18  7.109668e-03
 19  5.995473e-03
 20  5.181872e-03
 21  4.489043e-03
 22  3.902542e-03
 23  3.393308e-03
 24  3.040796e-03
 25  2.785584e-03
 26  2.552488e-03
 27  2.387256e-03
 28  2.239547e-03
 29  2.094899e-03
 30  1.975124e-03
 31  1.876165e-03
 32  1.775633e-03
 33  1.649372e-03
 34  1.510656e-03
 35  1.339910e-03
 36  1.176470e-03
 37  1.014801e-03
 38  8.475642e-04
 Iteration CPU time: 9 s
 CFIE residual: 0.000847564

 Iseg, Irank, Idinc : 1, 33, 142
 Thata, Phi : 90.000000, 141.000000
 Maximun iteration: 300
 Number of recycle truncation: 30
 Final matrix dimension:  36708
 Residual error:0.001000
 0  6.856406e-01
 1  3.493319e-01
 2  2.109043e-01
 3  1.435389e-01
 4  1.032868e-01
 5  7.741554e-02
 6  5.984731e-02
 7  4.697486e-02
 8  3.849461e-02
 9  3.284685e-02
 10  2.813936e-02
 11  2.404997e-02
 12  2.080165e-02
 13  1.794579e-02
 14  1.516711e-02
 15  1.319744e-02
 16  1.155998e-02
 17  1.011843e-02
 18  8.957562e-03
 19  8.089315e-03
 20  7.447450e-03
 21  6.903408e-03
 22  6.520401e-03
 23  6.199971e-03
 24  5.950898e-03
 25  5.717753e-03
 26  5.451554e-03
 27  5.121852e-03
 28  4.773013e-03
 29  4.396088e-03
 30  3.933450e-03
 31  3.399381e-03
 32  2.869997e-03
 33  2.383380e-03
 34  1.921098e-03
 35  1.565133e-03
 36  1.264227e-03
 37  9.879197e-04
 Iteration CPU time: 8 s
 CFIE residual: 0.00098792

 Iseg, Irank, Idinc : 1, 34, 3
 Thata, Phi : 90.000000, 2.000000
 Maximun iteration: 300
 Number of recycle truncation: 30
 Final matrix dimension:  36708
 Residual error:0.001000
 0  5.241033e-01
 1  2.744256e-01
 2  1.778896e-01
 3  1.216893e-01
 4  8.869272e-02
 5  6.710200e-02
 6  5.112066e-02
 7  3.847554e-02
 8  2.988775e-02
 9  2.386990e-02
 10  1.937384e-02
 11  1.532043e-02
 12  1.191482e-02
 13  1.006915e-02
 14  8.357431e-03
 15  6.866125e-03
 16  5.834138e-03
 17  5.005615e-03
 18  4.247539e-03
 19  3.688790e-03
 20  3.184562e-03
 21  2.779222e-03
 22  2.443241e-03
 23  2.131001e-03
 24  1.896741e-03
 25  1.690120e-03
 26  1.491949e-03
 27  1.331984e-03
 28  1.214647e-03
 29  1.135011e-03
 30  1.078200e-03
 31  1.024625e-03
 32  9.740926e-04
 Iteration CPU time: 8 s
 CFIE residual: 0.000974093

 Iseg, Irank, Idinc : 1, 35, 37
 Thata, Phi : 90.000000, 36.000000
 Maximun iteration: 300
 Number of recycle truncation: 30
 Final matrix dimension:  36708
 Residual error:0.001000
 0  6.235906e-01
 1  3.137023e-01
 2  1.922416e-01
 3  1.218869e-01
 4  8.438437e-02
 5  6.158628e-02
 6  4.675955e-02
 7  3.548241e-02
 8  2.751428e-02
 9  2.186539e-02
 10  1.684589e-02
 11  1.368142e-02
 12  1.128011e-02
 13  9.466932e-03
 14  8.137997e-03
 15  7.024539e-03
 16  6.133167e-03
 17  5.481701e-03
 18  4.891956e-03
 19  4.510504e-03
 20  4.264634e-03
 21  4.050941e-03
 22  3.896386e-03
 23  3.766804e-03
 24  3.595245e-03
 25  3.402318e-03
 26  3.183471e-03
 27  2.897827e-03
 28  2.558107e-03
 29  2.217788e-03
 30  1.909320e-03
 31  1.624904e-03
 32  1.382821e-03
 33  1.152095e-03
 34  9.693946e-04
 Iteration CPU time: 7 s
 CFIE residual: 0.000969395

 Iseg, Irank, Idinc : 1, 36, 163
 Thata, Phi : 90.000000, 162.000000
 Maximun iteration: 300
 Number of recycle truncation: 30
 Final matrix dimension:  36708
 Residual error:0.001000
 0  6.077657e-01
 1  3.054442e-01
 2  1.861630e-01
 3  1.290037e-01
 4  9.721402e-02
 5  7.821910e-02
 6  6.276609e-02
 7  5.192114e-02
 8  4.383375e-02
 9  3.821561e-02
 10  3.297596e-02
 11  2.846003e-02
 12  2.468400e-02
 13  2.150256e-02
 14  1.851166e-02
 15  1.599798e-02
 16  1.383141e-02
 17  1.172977e-02
 18  1.005226e-02
 19  8.563405e-03
 20  7.441251e-03
 21  6.438917e-03
 22  5.728490e-03
 23  5.126286e-03
 24  4.685800e-03
 25  4.341021e-03
 26  4.086558e-03
 27  3.868944e-03
 28  3.704564e-03
 29  3.529173e-03
 30  3.316619e-03
 31  3.072141e-03
 32  2.794835e-03
 33  2.499070e-03
 34  2.170269e-03
 35  1.809031e-03
 36  1.503729e-03
 37  1.174973e-03
 38  9.250909e-04
 Iteration CPU time: 9 s
 CFIE residual: 0.000925091

 Iseg, Irank, Idinc : 1, 37, 68
 Thata, Phi : 90.000000, 67.000000
 Maximun iteration: 300
 Number of recycle truncation: 30
 Final matrix dimension:  36708
 Residual error:0.001000
 0  6.460759e-01
 1  3.672240e-01
 2  2.347835e-01
 3  1.500446e-01
 4  1.062361e-01
 5  8.305586e-02
 6  6.333802e-02
 7  4.997701e-02
 8  4.007048e-02
 9  3.291326e-02
 10  2.579637e-02
 11  2.128804e-02
 12  1.758960e-02
 13  1.502537e-02
 14  1.352990e-02
 15  1.236903e-02
 16  1.157747e-02
 17  1.091257e-02
 18  1.040774e-02
 19  9.923555e-03
 20  9.502591e-03
 21  9.120277e-03
 22  8.567439e-03
 23  7.925343e-03
 24  7.029789e-03
 25  6.054090e-03
 26  5.250638e-03
 27  4.516844e-03
 28  3.789006e-03
 29  3.119518e-03
 30  2.538640e-03
 31  2.044144e-03
 32  1.682411e-03
 33  1.357888e-03
 34  1.084313e-03
 35  8.809317e-04
 Iteration CPU time: 8 s
 CFIE residual: 0.000880932

 Iseg, Irank, Idinc : 1, 38, 104
 Thata, Phi : 90.000000, 103.000000
 Maximun iteration: 300
 Number of recycle truncation: 30
 Final matrix dimension:  36708
 Residual error:0.001000
 0  6.094574e-01
 1  3.445257e-01
 2  2.133462e-01
 3  1.465383e-01
 4  1.051655e-01
 5  7.886666e-02
 6  6.052196e-02
 7  4.786576e-02
 8  3.863560e-02
 9  3.200528e-02
 10  2.606782e-02
 11  2.186500e-02
 12  1.816786e-02
 13  1.543908e-02
 14  1.348303e-02
 15  1.182531e-02
 16  1.058535e-02
 17  9.693490e-03
 18  8.842783e-03
 19  8.168531e-03
 20  7.624477e-03
 21  7.219997e-03
 22  6.965861e-03
 23  6.713924e-03
 24  6.458506e-03
 25  6.120669e-03
 26  5.679253e-03
 27  5.127833e-03
 28  4.509997e-03
 29  3.918146e-03
 30  3.302387e-03
 31  2.752633e-03
 32  2.231980e-03
 33  1.807056e-03
 34  1.459176e-03
 35  1.173340e-03
 36  9.459941e-04
 Iteration CPU time: 8 s
 CFIE residual: 0.000945994

 Iseg, Irank, Idinc : 1, 39, 13
 Thata, Phi : 90.000000, 12.000000
 Maximun iteration: 300
 Number of recycle truncation: 30
 Final matrix dimension:  36708
 Residual error:0.001000
 0  5.726052e-01
 1  2.835430e-01
 2  1.775764e-01
 3  1.234570e-01
 4  8.966179e-02
 5  6.692345e-02
 6  5.067024e-02
 7  3.972068e-02
 8  3.117397e-02
 9  2.463813e-02
 10  1.956366e-02
 11  1.533884e-02
 12  1.233259e-02
 13  1.010714e-02
 14  8.428113e-03
 15  6.919480e-03
 16  5.956944e-03
 17  5.090098e-03
 18  4.414246e-03
 19  3.851458e-03
 20  3.400616e-03
 21  3.041084e-03
 22  2.720198e-03
 23  2.448695e-03
 24  2.257585e-03
 25  2.116731e-03
 26  1.972119e-03
 27  1.855882e-03
 28  1.766534e-03
 29  1.676810e-03
 30  1.612326e-03
 31  1.544099e-03
 32  1.456364e-03
 33  1.348606e-03
 34  1.218283e-03
 35  1.074745e-03
 36  9.237295e-04
 Iteration CPU time: 8 s
 CFIE residual: 0.00092373

 Iseg, Irank, Idinc : 1, 40, 180
 Thata, Phi : 90.000000, 179.000000
 Maximun iteration: 300
 Number of recycle truncation: 30
 Final matrix dimension:  36708
 Residual error:0.001000
 0  5.900906e-01
 1  2.951919e-01
 2  1.824534e-01
 3  1.289742e-01
 4  9.879007e-02
 5  7.912423e-02
 6  6.483795e-02
 7  5.402709e-02
 8  4.517803e-02
 9  3.757565e-02
 10  3.076317e-02
 11  2.518130e-02
 12  2.072519e-02
 13  1.671770e-02
 14  1.416419e-02
 15  1.180216e-02
 16  9.819963e-03
 17  8.078941e-03
 18  6.818503e-03
 19  5.778927e-03
 20  4.944668e-03
 21  4.272663e-03
 22  3.713587e-03
 23  3.228778e-03
 24  2.895506e-03
 25  2.660920e-03
 26  2.447706e-03
 27  2.291014e-03
 28  2.151002e-03
 29  1.999984e-03
 30  1.870590e-03
 31  1.761973e-03
 32  1.643767e-03
 33  1.498572e-03
 34  1.333044e-03
 35  1.159167e-03
 36  9.763009e-04
 Iteration CPU time: 8 s
 CFIE residual: 0.000976301
 Last Built End in Sep 21 2025 00:06:12
 Total CPU time: 344 s
 Finished.
