 Last Built Begin in Sep 21 2025 00:06:12
 Pre-Type( Input ):           10
 Skl-Tol ( Input ):    1.0000000000000001E-005
 Wavelength in freespace: 0.029383

 ################################################
 ##         Generating Required Mesh          ##
 ##         Waiting.....                      ##
 ################################################
 Subd No.      Subd Name
    1    Open-Duct_PRIME_model_meshAA1                                     
 isub,  nnode, npatch,  nedge:
    1      6118     12236     18354
 Scale Factor         >>   1.54999997E-02
 ################################################

 START TIME: 20250922   065216.691


 Informaton for IE geometry:
 number of subdomains     : 1
 maxnode,maxpatch,maxedge : 6118  12236  18354
 
 Index of Mat-Reg: 1
 Mat-Reg Number via MatFlg: 1
 Edge Number of Mat-Reg: 1, 18354

 Number of Edge on PEC: 18354
 Mat-Reg: No Dim(m) Lmax:
    1 0.244    5
 Totlmax, add1, add2:           5           6           7
 rlengmax of Global MLFMA >>   0.24402161878629794     
 Lmax of Global MLFMA >>            5
 Wavenum of Mat-Reg:
    1 1.000

 total area in sq m           =      0.0510
 total area in sq lambda      =     59.0368
 maxnode, maxpatch, maxedge           =     6118    12236    18354
 longest  edge in lambda              =      0.1589
 shortest edge in lambda              =      0.0075
 average  edge in lambda              =      0.1061
 largest  patch area in sq lambda     =      0.0085
 smallest patch area in sq lambda     =      0.0000
 ave    surface area in sq lambda     =      0.0048
 size range of the object in sq lambda =      7.8087

 #### MLFMA Info For Each Region ####
 Mat-Region =            1
 Array dimension parameters:
 maxrule=          14   maxgrid  =          64
 lmax   =           5   ncmax    =        1250
 lsmax  =          27   lsmin    =           7
 kpm    =        1462   kp0      =         102
 ntlm   =      217096   nsm      =      232158
 nkpm   =        2284   niplm    =      146176
 ngnearm=       14257   ngsndm   =       64634
 nearm  =         333   mfinestm =         119
 ###############################

 CFIE Alpha:  0.50000000000000000     

 Fill MLFMA FI for Mat-Reg:           1
 Begin filltl.f
 fill translation matrix
 Level:            2
 fill shifting matrix
 Level:            3
 fill shifting matrix
 Level:            4
 fill shifting matrix
 Level:            5
 fill shifting matrix
 translator time(s):  0.124000005    
 fill interpolation matrix
 ThetaOrder            8
 PhiOrder            8
 lsl            7
 Filling TL                  Delta_CPU=          0.55 Memory(MB)=        653.98
 Filling sndgrp              Delta_CPU=          0.00 Memory(MB)=        653.98
 Filling VFS                 Delta_CPU=          3.09 Memory(MB)=        653.98

 Fill MLFMA NI for Mat-Reg:           1
 Begin fill sparser part of Nearfield
 Begin fill denser part of Nearfield
 End fill
 Filling Amn                 Delta_CPU=         90.13 Memory(MB)=        653.98


 Now testing preconditioner with
 ipretype =           10
 method = cfie_solve_nfrasspspre_pardiso

  
 NBP>>Begin fill sparser part of Nearfield

116.6493% NBP>>Begin fill denser part of Nearfield

200.1041%
 Begin MLFMA Box-Matrix Based Spar-RAS Prec Constructor
 --- Intel MKL PARDISO --- 
 Memory for iGroup: 1 0 MB
 Total Memory For SparRAS Pre: 0 MB
 --- PARDISO PRECONDITIONER INITIALIZED --- 
 Constructing preconditioner CPU time: 4 s
 
 1101240
 Memory for Iteration:: 16.8036 MB

 Iseg, Ninc_S : 1, 181, 0

 Iseg, Skeleton Angles: 1, 40
 Iseg, Skel-Pk Mem(MB): 1, 314.35

 Iseg, Irank, Idinc : 1, 1, 42
 Thata, Phi : 90.000000, 41.000000
 Maximun iteration: 300
 Number of recycle truncation: 30
 Final matrix dimension:  36708
 Residual error:0.001000
 0  6.318782e-01
 1  3.152163e-01
 2  1.992592e-01
 3  1.275925e-01
 4  8.790037e-02
 5  6.483237e-02
 6  4.874662e-02
 7  3.730166e-02
 8  2.844775e-02
 9  2.164683e-02
 10  1.613592e-02
 11  1.299998e-02
 12  1.039513e-02
 13  8.426071e-03
 14  6.953365e-03
 15  5.699276e-03
 16  4.842331e-03
 17  3.971784e-03
 18  3.345165e-03
 19  2.857585e-03
 20  2.538155e-03
 21  2.265887e-03
 22  2.107150e-03
 23  1.975343e-03
 24  1.881989e-03
 25  1.801469e-03
 26  1.746197e-03
 27  1.692519e-03
 28  1.647462e-03
 29  1.602876e-03
 30  1.553077e-03
 31  1.483458e-03
 32  1.401161e-03
 33  1.277229e-03
 34  1.117266e-03
 35  9.684300e-04
 Iteration CPU time: 8 s
 CFIE residual: 0.00096843

 Iseg, Irank, Idinc : 1, 2, 22
 Thata, Phi : 90.000000, 21.000000
 Maximun iteration: 300
 Number of recycle truncation: 30
 Final matrix dimension:  36708
 Residual error:0.001000
 0  6.278407e-01
 1  2.943084e-01
 2  1.721991e-01
 3  1.145887e-01
 4  7.990896e-02
 5  5.914209e-02
 6  4.496561e-02
 7  3.484952e-02
 8  2.795727e-02
 9  2.240676e-02
 10  1.791690e-02
 11  1.426703e-02
 12  1.162535e-02
 13  9.574949e-03
 14  8.060657e-03
 15  6.496292e-03
 16  5.413212e-03
 17  4.636899e-03
 18  3.859416e-03
 19  3.265714e-03
 20  2.717013e-03
 21  2.246437e-03
 22  1.873956e-03
 23  1.624651e-03
 24  1.414984e-03
 25  1.254699e-03
 26  1.115624e-03
 27  9.959738e-04
 Iteration CPU time: 7 s
 CFIE residual: 0.000995974

 Iseg, Irank, Idinc : 1, 3, 109
 Thata, Phi : 90.000000, 108.000000
 Maximun iteration: 300
 Number of recycle truncation: 30
 Final matrix dimension:  36708
 Residual error:0.001000
 0  6.229524e-01
 1  3.521711e-01
 2  2.189920e-01
 3  1.496225e-01
 4  1.053833e-01
 5  7.928065e-02
 6  6.095737e-02
 7  4.757281e-02
 8  3.797683e-02
 9  3.016996e-02
 10  2.422513e-02
 11  1.985498e-02
 12  1.601317e-02
 13  1.330142e-02
 14  1.102643e-02
 15  8.992248e-03
 16  7.691177e-03
 17  6.482044e-03
 18  5.490532e-03
 19  4.709503e-03
 20  4.041349e-03
 21  3.475706e-03
 22  3.109918e-03
 23  2.839581e-03
 24  2.659284e-03
 25  2.511269e-03
 26  2.415559e-03
 27  2.331009e-03
 28  2.267127e-03
 29  2.188755e-03
 30  2.090780e-03
 31  1.970068e-03
 32  1.834768e-03
 33  1.647313e-03
 34  1.472526e-03
 35  1.275484e-03
 36  1.086652e-03
 37  8.868794e-04
 Iteration CPU time: 8 s
 CFIE residual: 0.000886879

 Iseg, Irank, Idinc : 1, 4, 63
 Thata, Phi : 90.000000, 62.000000
 Maximun iteration: 300
 Number of recycle truncation: 30
 Final matrix dimension:  36708
 Residual error:0.001000
 0  6.584298e-01
 1  3.578486e-01
 2  2.228463e-01
 3  1.428070e-01
 4  1.011387e-01
 5  7.763974e-02
 6  5.829800e-02
 7  4.639721e-02
 8  3.666330e-02
 9  2.910261e-02
 10  2.245873e-02
 11  1.737604e-02
 12  1.389554e-02
 13  1.111620e-02
 14  9.191177e-03
 15  7.842527e-03
 16  6.525263e-03
 17  5.678377e-03
 18  4.985941e-03
 19  4.536309e-03
 20  4.255671e-03
 21  4.008448e-03
 22  3.799635e-03
 23  3.614691e-03
 24  3.472778e-03
 25  3.364866e-03
 26  3.267773e-03
 27  3.159013e-03
 28  3.023571e-03
 29  2.851547e-03
 30  2.591626e-03
 31  2.329450e-03
 32  2.003739e-03
 33  1.717760e-03
 34  1.438689e-03
 35  1.191337e-03
 36  9.867183e-04
 Iteration CPU time: 8 s
 CFIE residual: 0.000986718

 Iseg, Irank, Idinc : 1, 5, 147
 Thata, Phi : 90.000000, 146.000000
 Maximun iteration: 300
 Number of recycle truncation: 30
 Final matrix dimension:  36708
 Residual error:0.001000
 0  6.563390e-01
 1  3.456385e-01
 2  2.105755e-01
 3  1.412931e-01
 4  1.016264e-01
 5  7.721343e-02
 6  6.033827e-02
 7  4.734721e-02
 8  3.935946e-02
 9  3.380249e-02
 10  2.861664e-02
 11  2.461425e-02
 12  2.124575e-02
 13  1.791956e-02
 14  1.478739e-02
 15  1.238484e-02
 16  1.034517e-02
 17  8.568607e-03
 18  6.914682e-03
 19  5.806279e-03
 20  4.767872e-03
 21  4.001832e-03
 22  3.453835e-03
 23  2.982269e-03
 24  2.619264e-03
 25  2.294910e-03
 26  2.061212e-03
 27  1.894633e-03
 28  1.775931e-03
 29  1.700527e-03
 30  1.641446e-03
 31  1.597448e-03
 32  1.559044e-03
 33  1.501349e-03
 34  1.433085e-03
 35  1.334502e-03
 36  1.197721e-03
 37  1.053064e-03
 38  8.947463e-04
 Iteration CPU time: 8 s
 CFIE residual: 0.000894746

 Iseg, Irank, Idinc : 1, 6, 136
 Thata, Phi : 90.000000, 135.000000
 Maximun iteration: 300
 Number of recycle truncation: 30
 Final matrix dimension:  36708
 Residual error:0.001000
 0  6.984895e-01
 1  3.517786e-01
 2  2.191486e-01
 3  1.483193e-01
 4  1.073743e-01
 5  8.064660e-02
 6  6.088756e-02
 7  4.808313e-02
 8  3.836453e-02
 9  3.224292e-02
 10  2.602062e-02
 11  2.132152e-02
 12  1.738244e-02
 13  1.450902e-02
 14  1.201691e-02
 15  9.822579e-03
 16  8.157582e-03
 17  6.807126e-03
 18  5.715140e-03
 19  4.848986e-03
 20  4.111128e-03
 21  3.669092e-03
 22  3.245733e-03
 23  2.934355e-03
 24  2.691213e-03
 25  2.521963e-03
 26  2.388619e-03
 27  2.287363e-03
 28  2.204047e-03
 29  2.137318e-03
 30  2.056381e-03
 31  1.992845e-03
 32  1.926302e-03
 33  1.851858e-03
 34  1.746708e-03
 35  1.621220e-03
 36  1.483614e-03
 37  1.304126e-03
 38  1.103615e-03
 39  8.988588e-04
 Iteration CPU time: 9 s
 CFIE residual: 0.000898859

 Iseg, Irank, Idinc : 1, 7, 83
 Thata, Phi : 90.000000, 82.000000
 Maximun iteration: 300
 Number of recycle truncation: 30
 Final matrix dimension:  36708
 Residual error:0.001000
 0  6.112885e-01
 1  3.493951e-01
 2  2.236616e-01
 3  1.499708e-01
 4  1.090957e-01
 5  8.329195e-02
 6  6.388430e-02
 7  5.050401e-02
 8  4.078579e-02
 9  3.167648e-02
 10  2.505596e-02
 11  2.042494e-02
 12  1.680025e-02
 13  1.370603e-02
 14  1.149583e-02
 15  9.532518e-03
 16  8.059737e-03
 17  6.928624e-03
 18  6.065450e-03
 19  5.349818e-03
 20  4.790217e-03
 21  4.402703e-03
 22  4.117753e-03
 23  3.908088e-03
 24  3.766443e-03
 25  3.660499e-03
 26  3.567484e-03
 27  3.458829e-03
 28  3.360165e-03
 29  3.223188e-03
 30  3.025820e-03
 31  2.805932e-03
 32  2.563994e-03
 33  2.273566e-03
 34  1.918110e-03
 35  1.627546e-03
 36  1.356363e-03
 37  1.140947e-03
 38  9.410912e-04
 Iteration CPU time: 9 s
 CFIE residual: 0.000941091

 Iseg, Irank, Idinc : 1, 8, 72
 Thata, Phi : 90.000000, 71.000000
 Maximun iteration: 300
 Number of recycle truncation: 30
 Final matrix dimension:  36708
 Residual error:0.001000
 0  6.376758e-01
 1  3.648134e-01
 2  2.357121e-01
 3  1.482055e-01
 4  1.039758e-01
 5  8.142120e-02
 6  6.272071e-02
 7  4.847640e-02
 8  3.845447e-02
 9  3.128151e-02
 10  2.514268e-02
 11  1.997779e-02
 12  1.579303e-02
 13  1.283288e-02
 14  1.064473e-02
 15  8.944929e-03
 16  7.631128e-03
 17  6.632924e-03
 18  5.828068e-03
 19  5.280119e-03
 20  4.888599e-03
 21  4.536196e-03
 22  4.288475e-03
 23  4.066266e-03
 24  3.898632e-03
 25  3.787742e-03
 26  3.683832e-03
 27  3.584144e-03
 28  3.446255e-03
 29  3.264756e-03
 30  3.002432e-03
 31  2.700351e-03
 32  2.377158e-03
 33  2.050271e-03
 34  1.724832e-03
 35  1.439618e-03
 36  1.204101e-03
 37  9.869475e-04
 Iteration CPU time: 8 s
 CFIE residual: 0.000986947

 Iseg, Irank, Idinc : 1, 9, 159
 Thata, Phi : 90.000000, 158.000000
 Maximun iteration: 300
 Number of recycle truncation: 30
 Final matrix dimension:  36708
 Residual error:0.001000
 0  6.192411e-01
 1  3.148656e-01
 2  1.918471e-01
 3  1.296461e-01
 4  9.749836e-02
 5  7.754422e-02
 6  6.221239e-02
 7  5.089408e-02
 8  4.262053e-02
 9  3.659340e-02
 10  3.141232e-02
 11  2.723074e-02
 12  2.341279e-02
 13  1.993956e-02
 14  1.633145e-02
 15  1.386844e-02
 16  1.164194e-02
 17  9.540027e-03
 18  7.918734e-03
 19  6.629078e-03
 20  5.461090e-03
 21  4.487875e-03
 22  3.716443e-03
 23  3.121897e-03
 24  2.587485e-03
 25  2.181859e-03
 26  1.819667e-03
 27  1.596326e-03
 28  1.423941e-03
 29  1.304169e-03
 30  1.224668e-03
 31  1.159683e-03
 32  1.120866e-03
 33  1.083636e-03
 34  1.049356e-03
 35  1.010404e-03
 36  9.442630e-04
 Iteration CPU time: 8 s
 CFIE residual: 0.000944263

 Iseg, Irank, Idinc : 1, 10, 124
 Thata, Phi : 90.000000, 123.000000
 Maximun iteration: 300
 Number of recycle truncation: 30
 Final matrix dimension:  36708
 Residual error:0.001000
 0  6.550296e-01
 1  3.414341e-01
 2  2.219877e-01
 3  1.564783e-01
 4  1.124846e-01
 5  8.264656e-02
 6  6.535310e-02
 7  5.099216e-02
 8  4.066184e-02
 9  3.286808e-02
 10  2.556268e-02
 11  2.057788e-02
 12  1.594067e-02
 13  1.277382e-02
 14  1.040360e-02
 15  8.633546e-03
 16  7.362689e-03
 17  6.267347e-03
 18  5.154429e-03
 19  4.424459e-03
 20  3.893533e-03
 21  3.368827e-03
 22  3.030097e-03
 23  2.727737e-03
 24  2.479575e-03
 25  2.265228e-03
 26  2.133674e-03
 27  2.012714e-03
 28  1.914004e-03
 29  1.844640e-03
 30  1.777106e-03
 31  1.719774e-03
 32  1.671274e-03
 33  1.617701e-03
 34  1.547282e-03
 35  1.467587e-03
 36  1.361705e-03
 37  1.203686e-03
 38  1.031551e-03
 39  8.659166e-04
 Iteration CPU time: 9 s
 CFIE residual: 0.000865917

 Iseg, Irank, Idinc : 1, 11, 53
 Thata, Phi : 90.000000, 52.000000
 Maximun iteration: 300
 Number of recycle truncation: 30
 Final matrix dimension:  36708
 Residual error:0.001000
 0  6.531292e-01
 1  3.435597e-01
 2  2.105270e-01
 3  1.349300e-01
 4  9.637397e-02
 5  7.315216e-02
 6  5.674290e-02
 7  4.383926e-02
 8  3.346398e-02
 9  2.579171e-02
 10  1.999375e-02
 11  1.558122e-02
 12  1.218143e-02
 13  9.590543e-03
 14  7.984455e-03
 15  6.658777e-03
 16  5.556509e-03
 17  4.663166e-03
 18  4.019159e-03
 19  3.496321e-03
 20  3.173061e-03
 21  2.990650e-03
 22  2.865499e-03
 23  2.729704e-03
 24  2.625922e-03
 25  2.550409e-03
 26  2.484359e-03
 27  2.392170e-03
 28  2.298240e-03
 29  2.175036e-03
 30  2.005327e-03
 31  1.788452e-03
 32  1.564272e-03
 33  1.359729e-03
 34  1.164105e-03
 35  9.846802e-04
 Iteration CPU time: 8 s
 CFIE residual: 0.00098468

 Iseg, Irank, Idinc : 1, 12, 176
 Thata, Phi : 90.000000, 175.000000
 Maximun iteration: 300
 Number of recycle truncation: 30
 Final matrix dimension:  36708
 Residual error:0.001000
 0  5.847551e-01
 1  2.986052e-01
 2  1.862607e-01
 3  1.318577e-01
 4  1.019794e-01
 5  8.121102e-02
 6  6.525837e-02
 7  5.502514e-02
 8  4.560858e-02
 9  3.722281e-02
 10  3.112383e-02
 11  2.589576e-02
 12  2.132049e-02
 13  1.789946e-02
 14  1.477478e-02
 15  1.200255e-02
 16  9.859396e-03
 17  8.123615e-03
 18  6.704852e-03
 19  5.569872e-03
 20  4.597182e-03
 21  3.910018e-03
 22  3.264140e-03
 23  2.779450e-03
 24  2.384257e-03
 25  2.040440e-03
 26  1.753426e-03
 27  1.526952e-03
 28  1.342646e-03
 29  1.190183e-03
 30  1.091491e-03
 31  1.006416e-03
 32  9.415597e-04
 Iteration CPU time: 7 s
 CFIE residual: 0.00094156

 Iseg, Irank, Idinc : 1, 13, 91
 Thata, Phi : 90.000000, 90.000000
 Maximun iteration: 300
 Number of recycle truncation: 30
 Final matrix dimension:  36708
 Residual error:0.001000
 0  6.038973e-01
 1  3.464204e-01
 2  2.199434e-01
 3  1.500240e-01
 4  1.072600e-01
 5  8.194189e-02
 6  6.372184e-02
 7  4.997485e-02
 8  4.042979e-02
 9  3.223990e-02
 10  2.606545e-02
 11  2.136312e-02
 12  1.769907e-02
 13  1.505142e-02
 14  1.262731e-02
 15  1.027904e-02
 16  8.639799e-03
 17  7.308967e-03
 18  6.278374e-03
 19  5.465737e-03
 20  4.819051e-03
 21  4.324440e-03
 22  3.984707e-03
 23  3.747447e-03
 24  3.570325e-03
 25  3.439196e-03
 26  3.324180e-03
 27  3.221355e-03
 28  3.115943e-03
 29  2.991770e-03
 30  2.845836e-03
 31  2.665324e-03
 32  2.474304e-03
 33  2.244093e-03
 34  1.962093e-03
 35  1.717118e-03
 36  1.456505e-03
 37  1.193834e-03
 38  9.706422e-04
 Iteration CPU time: 9 s
 CFIE residual: 0.000970642

 Iseg, Irank, Idinc : 1, 14, 32
 Thata, Phi : 90.000000, 31.000000
 Maximun iteration: 300
 Number of recycle truncation: 30
 Final matrix dimension:  36708
 Residual error:0.001000
 0  6.324525e-01
 1  3.073084e-01
 2  1.820545e-01
 3  1.137170e-01
 4  8.003404e-02
 5  5.885469e-02
 6  4.325981e-02
 7  3.293041e-02
 8  2.586448e-02
 9  2.045417e-02
 10  1.644163e-02
 11  1.351597e-02
 12  1.061808e-02
 13  8.772538e-03
 14  7.230626e-03
 15  5.837199e-03
 16  4.845637e-03
 17  4.069803e-03
 18  3.384351e-03
 19  2.926597e-03
 20  2.494573e-03
 21  2.158222e-03
 22  1.864487e-03
 23  1.678373e-03
 24  1.508113e-03
 25  1.393931e-03
 26  1.298681e-03
 27  1.222257e-03
 28  1.166996e-03
 29  1.129076e-03
 30  1.096246e-03
 31  1.061895e-03
 32  1.027455e-03
 33  9.869397e-04
 Iteration CPU time: 7 s
 CFIE residual: 0.00098694

 Iseg, Irank, Idinc : 1, 15, 10
 Thata, Phi : 90.000000, 9.000000
 Maximun iteration: 300
 Number of recycle truncation: 30
 Final matrix dimension:  36708
 Residual error:0.001000
 0  5.491057e-01
 1  2.782378e-01
 2  1.763704e-01
 3  1.237925e-01
 4  9.006309e-02
 5  6.706660e-02
 6  5.108951e-02
 7  3.960259e-02
 8  3.111936e-02
 9  2.431231e-02
 10  1.914417e-02
 11  1.516918e-02
 12  1.220762e-02
 13  9.993572e-03
 14  8.076631e-03
 15  6.379003e-03
 16  5.357106e-03
 17  4.517869e-03
 18  3.824307e-03
 19  3.246831e-03
 20  2.799079e-03
 21  2.387305e-03
 22  1.996471e-03
 23  1.702441e-03
 24  1.482477e-03
 25  1.278059e-03
 26  1.122480e-03
 27  9.679359e-04
 Iteration CPU time: 7 s
 CFIE residual: 0.000967936

 Iseg, Irank, Idinc : 1, 16, 100
 Thata, Phi : 90.000000, 99.000000
 Maximun iteration: 300
 Number of recycle truncation: 30
 Final matrix dimension:  36708
 Residual error:0.001000
 0  6.083356e-01
 1  3.445367e-01
 2  2.162863e-01
 3  1.464119e-01
 4  1.048245e-01
 5  7.891565e-02
 6  6.068934e-02
 7  4.834941e-02
 8  3.826055e-02
 9  3.121642e-02
 10  2.544827e-02
 11  2.086237e-02
 12  1.715846e-02
 13  1.421612e-02
 14  1.202030e-02
 15  1.005330e-02
 16  8.470124e-03
 17  7.221505e-03
 18  6.096318e-03
 19  5.190925e-03
 20  4.464343e-03
 21  3.907491e-03
 22  3.543335e-03
 23  3.292645e-03
 24  3.069969e-03
 25  2.951734e-03
 26  2.844030e-03
 27  2.748279e-03
 28  2.657488e-03
 29  2.576891e-03
 30  2.480911e-03
 31  2.369396e-03
 32  2.207824e-03
 33  2.012298e-03
 34  1.777631e-03
 35  1.539383e-03
 36  1.317150e-03
 37  1.096947e-03
 38  8.958123e-04
 Iteration CPU time: 8 s
 CFIE residual: 0.000895812

 Iseg, Irank, Idinc : 1, 17, 116
 Thata, Phi : 90.000000, 115.000000
 Maximun iteration: 300
 Number of recycle truncation: 30
 Final matrix dimension:  36708
 Residual error:0.001000
 0  6.443416e-01
 1  3.481069e-01
 2  2.172958e-01
 3  1.516150e-01
 4  1.083795e-01
 5  7.915525e-02
 6  6.137202e-02
 7  4.807760e-02
 8  3.784149e-02
 9  3.014386e-02
 10  2.422225e-02
 11  1.911573e-02
 12  1.536854e-02
 13  1.266153e-02
 14  1.048357e-02
 15  8.742552e-03
 16  7.282228e-03
 17  6.085185e-03
 18  5.082134e-03
 19  4.360170e-03
 20  3.794375e-03
 21  3.334347e-03
 22  2.998497e-03
 23  2.716430e-03
 24  2.538240e-03
 25  2.360692e-03
 26  2.247963e-03
 27  2.164475e-03
 28  2.094146e-03
 29  2.035458e-03
 30  1.975429e-03
 31  1.908660e-03
 32  1.814206e-03
 33  1.699976e-03
 34  1.537533e-03
 35  1.358535e-03
 36  1.179889e-03
 37  9.797776e-04
 Iteration CPU time: 9 s
 CFIE residual: 0.000979778

 Iseg, Irank, Idinc : 1, 18, 1
 Thata, Phi : 90.000000, 0.000000
 Maximun iteration: 300
 Number of recycle truncation: 30
 Final matrix dimension:  36708
 Residual error:0.001000
 0  5.186247e-01
 1  2.724034e-01
 2  1.764571e-01
 3  1.214016e-01
 4  8.716748e-02
 5  6.686919e-02
 6  5.183451e-02
 7  3.826724e-02
 8  2.909206e-02
 9  2.312622e-02
 10  1.889951e-02
 11  1.504580e-02
 12  1.134031e-02
 13  9.221224e-03
 14  7.423032e-03
 15  6.135237e-03
 16  5.028441e-03
 17  4.286972e-03
 18  3.619316e-03
 19  3.112810e-03
 20  2.649766e-03
 21  2.235150e-03
 22  1.868116e-03
 23  1.534292e-03
 24  1.245591e-03
 25  1.026100e-03
 26  8.302395e-04
 Iteration CPU time: 6 s
 CFIE residual: 0.00083024

 Iseg, Irank, Idinc : 1, 19, 167
 Thata, Phi : 90.000000, 166.000000
 Maximun iteration: 300
 Number of recycle truncation: 30
 Final matrix dimension:  36708
 Residual error:0.001000
 0  5.929105e-01
 1  3.010822e-01
 2  1.860776e-01
 3  1.310251e-01
 4  1.011990e-01
 5  8.058442e-02
 6  6.498362e-02
 7  5.437052e-02
 8  4.542102e-02
 9  3.849822e-02
 10  3.245164e-02
 11  2.749838e-02
 12  2.403002e-02
 13  2.069874e-02
 14  1.708011e-02
 15  1.425310e-02
 16  1.199801e-02
 17  1.001665e-02
 18  8.288919e-03
 19  6.822842e-03
 20  5.519921e-03
 21  4.605342e-03
 22  3.847871e-03
 23  3.253523e-03
 24  2.699371e-03
 25  2.261021e-03
 26  1.907286e-03
 27  1.653784e-03
 28  1.446999e-03
 29  1.297258e-03
 30  1.182981e-03
 31  1.102926e-03
 32  1.040542e-03
 33  9.919020e-04
 Iteration CPU time: 8 s
 CFIE residual: 0.000991902

 Iseg, Irank, Idinc : 1, 20, 181
 Thata, Phi : 90.000000, 180.000000
 Maximun iteration: 300
 Number of recycle truncation: 30
 Final matrix dimension:  36708
 Residual error:0.001000
 0  5.843440e-01
 1  2.986210e-01
 2  1.857591e-01
 3  1.310140e-01
 4  1.004922e-01
 5  7.963803e-02
 6  6.409521e-02
 7  5.392418e-02
 8  4.474039e-02
 9  3.617518e-02
 10  2.911960e-02
 11  2.379290e-02
 12  1.911230e-02
 13  1.562487e-02
 14  1.240448e-02
 15  9.815236e-03
 16  7.814609e-03
 17  6.381082e-03
 18  5.343431e-03
 19  4.442215e-03
 20  3.696998e-03
 21  3.116326e-03
 22  2.578756e-03
 23  2.153442e-03
 24  1.829146e-03
 25  1.557435e-03
 26  1.335328e-03
 27  1.158464e-03
 28  1.009119e-03
 29  9.058581e-04
 Iteration CPU time: 6 s
 CFIE residual: 0.000905858

 Iseg, Irank, Idinc : 1, 21, 153
 Thata, Phi : 90.000000, 152.000000
 Maximun iteration: 300
 Number of recycle truncation: 30
 Final matrix dimension:  36708
 Residual error:0.001000
 0  6.359765e-01
 1  3.298384e-01
 2  2.028791e-01
 3  1.345402e-01
 4  9.892967e-02
 5  7.737471e-02
 6  6.052786e-02
 7  4.882387e-02
 8  4.045068e-02
 9  3.433023e-02
 10  2.922069e-02
 11  2.509149e-02
 12  2.173626e-02
 13  1.855112e-02
 14  1.510501e-02
 15  1.262111e-02
 16  1.062294e-02
 17  8.801896e-03
 18  7.313824e-03
 19  6.194700e-03
 20  5.160179e-03
 21  4.282478e-03
 22  3.512742e-03
 23  2.974168e-03
 24  2.469458e-03
 25  2.109778e-03
 26  1.801193e-03
 27  1.617888e-03
 28  1.466227e-03
 29  1.367458e-03
 30  1.308336e-03
 31  1.252880e-03
 32  1.211118e-03
 33  1.166928e-03
 34  1.129906e-03
 35  1.070664e-03
 36  9.925805e-04
 Iteration CPU time: 9 s
 CFIE residual: 0.000992581

 Iseg, Irank, Idinc : 1, 22, 78
 Thata, Phi : 90.000000, 77.000000
 Maximun iteration: 300
 Number of recycle truncation: 30
 Final matrix dimension:  36708
 Residual error:0.001000
 0  6.180624e-01
 1  3.552332e-01
 2  2.295640e-01
 3  1.477596e-01
 4  1.049713e-01
 5  7.961731e-02
 6  6.224299e-02
 7  4.854799e-02
 8  3.887007e-02
 9  3.067731e-02
 10  2.460687e-02
 11  1.954058e-02
 12  1.593216e-02
 13  1.315083e-02
 14  1.121459e-02
 15  9.410750e-03
 16  8.013644e-03
 17  6.915736e-03
 18  6.122796e-03
 19  5.483714e-03
 20  4.991323e-03
 21  4.592760e-03
 22  4.300768e-03
 23  4.052927e-03
 24  3.871331e-03
 25  3.759174e-03
 26  3.659555e-03
 27  3.565916e-03
 28  3.465192e-03
 29  3.327720e-03
 30  3.120200e-03
 31  2.859119e-03
 32  2.556316e-03
 33  2.278442e-03
 34  1.920740e-03
 35  1.618557e-03
 36  1.360173e-03
 37  1.130743e-03
 38  9.020760e-04
 Iteration CPU time: 8 s
 CFIE residual: 0.000902076

 Iseg, Irank, Idinc : 1, 23, 16
 Thata, Phi : 90.000000, 15.000000
 Maximun iteration: 300
 Number of recycle truncation: 30
 Final matrix dimension:  36708
 Residual error:0.001000
 0  5.896672e-01
 1  2.857201e-01
 2  1.750907e-01
 3  1.204328e-01
 4  8.596968e-02
 5  6.385962e-02
 6  4.947524e-02
 7  3.830626e-02
 8  3.015267e-02
 9  2.430187e-02
 10  1.935243e-02
 11  1.517264e-02
 12  1.203851e-02
 13  9.742653e-03
 14  8.156538e-03
 15  6.516598e-03
 16  5.386363e-03
 17  4.590114e-03
 18  3.879785e-03
 19  3.288716e-03
 20  2.749398e-03
 21  2.301238e-03
 22  1.930619e-03
 23  1.647109e-03
 24  1.441296e-03
 25  1.254900e-03
 26  1.108710e-03
 27  9.689391e-04
 Iteration CPU time: 7 s
 CFIE residual: 0.000968939

 Iseg, Irank, Idinc : 1, 24, 130
 Thata, Phi : 90.000000, 129.000000
 Maximun iteration: 300
 Number of recycle truncation: 30
 Final matrix dimension:  36708
 Residual error:0.001000
 0  6.749009e-01
 1  3.508817e-01
 2  2.239884e-01
 3  1.534507e-01
 4  1.105971e-01
 5  8.207084e-02
 6  6.378716e-02
 7  5.030339e-02
 8  3.964795e-02
 9  3.241504e-02
 10  2.614203e-02
 11  2.075777e-02
 12  1.626329e-02
 13  1.311811e-02
 14  1.064586e-02
 15  8.798816e-03
 16  7.280275e-03
 17  5.963931e-03
 18  5.033834e-03
 19  4.328166e-03
 20  3.702534e-03
 21  3.253085e-03
 22  2.916777e-03
 23  2.620744e-03
 24  2.393026e-03
 25  2.233041e-03
 26  2.124117e-03
 27  2.035618e-03
 28  1.957067e-03
 29  1.891726e-03
 30  1.821679e-03
 31  1.767798e-03
 32  1.715474e-03
 33  1.646655e-03
 34  1.554483e-03
 35  1.441190e-03
 36  1.292060e-03
 37  1.125543e-03
 38  9.444049e-04
 Iteration CPU time: 8 s
 CFIE residual: 0.000944405

 Iseg, Irank, Idinc : 1, 25, 48
 Thata, Phi : 90.000000, 47.000000
 Maximun iteration: 300
 Number of recycle truncation: 30
 Final matrix dimension:  36708
 Residual error:0.001000
 0  6.413284e-01
 1  3.313611e-01
 2  2.052202e-01
 3  1.338717e-01
 4  9.571254e-02
 5  7.313121e-02
 6  5.564448e-02
 7  4.245162e-02
 8  3.256322e-02
 9  2.481568e-02
 10  1.881839e-02
 11  1.471042e-02
 12  1.158829e-02
 13  9.435721e-03
 14  7.751344e-03
 15  6.417883e-03
 16  5.331936e-03
 17  4.427690e-03
 18  3.772331e-03
 19  3.254262e-03
 20  2.926302e-03
 21  2.710094e-03
 22  2.572528e-03
 23  2.429430e-03
 24  2.334863e-03
 25  2.253695e-03
 26  2.198123e-03
 27  2.139826e-03
 28  2.064507e-03
 29  1.985802e-03
 30  1.881053e-03
 31  1.730208e-03
 32  1.586960e-03
 33  1.389635e-03
 34  1.193169e-03
 35  1.003524e-03
 36  8.177999e-04
 Iteration CPU time: 8 s
 CFIE residual: 0.0008178

 Iseg, Irank, Idinc : 1, 26, 5
 Thata, Phi : 90.000000, 4.000000
 Maximun iteration: 300
 Number of recycle truncation: 30
 Final matrix dimension:  36708
 Residual error:0.001000
 0  5.252188e-01
 1  2.737581e-01
 2  1.763678e-01
 3  1.223549e-01
 4  8.846567e-02
 5  6.699148e-02
 6  5.129410e-02
 7  3.813225e-02
 8  2.949661e-02
 9  2.354351e-02
 10  1.893189e-02
 11  1.507003e-02
 12  1.176799e-02
 13  9.564231e-03
 14  7.858978e-03
 15  6.358126e-03
 16  5.318304e-03
 17  4.540853e-03
 18  3.788143e-03
 19  3.239137e-03
 20  2.795424e-03
 21  2.417682e-03
 22  2.040531e-03
 23  1.689563e-03
 24  1.433166e-03
 25  1.222404e-03
 26  1.038391e-03
 27  8.622974e-04
 Iteration CPU time: 7 s
 CFIE residual: 0.000862297

 Iseg, Irank, Idinc : 1, 27, 172
 Thata, Phi : 90.000000, 171.000000
 Maximun iteration: 300
 Number of recycle truncation: 30
 Final matrix dimension:  36708
 Residual error:0.001000
 0  5.862150e-01
 1  2.988092e-01
 2  1.867087e-01
 3  1.324975e-01
 4  1.029222e-01
 5  8.207244e-02
 6  6.593219e-02
 7  5.572981e-02
 8  4.626948e-02
 9  3.829790e-02
 10  3.230551e-02
 11  2.747397e-02
 12  2.314063e-02
 13  1.962189e-02
 14  1.642060e-02
 15  1.357723e-02
 16  1.129640e-02
 17  9.318032e-03
 18  7.641598e-03
 19  6.357363e-03
 20  5.193222e-03
 21  4.373118e-03
 22  3.680306e-03
 23  3.134112e-03
 24  2.641564e-03
 25  2.235189e-03
 26  1.913547e-03
 27  1.663292e-03
 28  1.457889e-03
 29  1.296416e-03
 30  1.179938e-03
 31  1.089002e-03
 32  1.020741e-03
 33  9.682245e-04
 Iteration CPU time: 7 s
 CFIE residual: 0.000968225

 Iseg, Irank, Idinc : 1, 28, 96
 Thata, Phi : 90.000000, 95.000000
 Maximun iteration: 300
 Number of recycle truncation: 30
 Final matrix dimension:  36708
 Residual error:0.001000
 0  6.046676e-01
 1  3.445048e-01
 2  2.173886e-01
 3  1.455132e-01
 4  1.040419e-01
 5  7.938660e-02
 6  6.257903e-02
 7  4.941776e-02
 8  3.915029e-02
 9  3.106627e-02
 10  2.532006e-02
 11  2.074746e-02
 12  1.703141e-02
 13  1.442344e-02
 14  1.214810e-02
 15  1.012730e-02
 16  8.552464e-03
 17  7.268419e-03
 18  6.264137e-03
 19  5.305949e-03
 20  4.593224e-03
 21  4.060446e-03
 22  3.715110e-03
 23  3.462719e-03
 24  3.286871e-03
 25  3.165041e-03
 26  3.046431e-03
 27  2.949803e-03
 28  2.867357e-03
 29  2.767183e-03
 30  2.633556e-03
 31  2.477785e-03
 32  2.289019e-03
 33  2.083769e-03
 34  1.844260e-03
 35  1.632908e-03
 36  1.387599e-03
 37  1.171090e-03
 38  9.692079e-04
 Iteration CPU time: 9 s
 CFIE residual: 0.000969208

 Iseg, Irank, Idinc : 1, 29, 27
 Thata, Phi : 90.000000, 26.000000
 Maximun iteration: 300
 Number of recycle truncation: 30
 Final matrix dimension:  36708
 Residual error:0.001000
 0  6.412322e-01
 1  3.006418e-01
 2  1.740313e-01
 3  1.116983e-01
 4  7.773807e-02
 5  5.737200e-02
 6  4.257067e-02
 7  3.254560e-02
 8  2.607169e-02
 9  2.110857e-02
 10  1.748878e-02
 11  1.415178e-02
 12  1.116299e-02
 13  9.278806e-03
 14  7.784194e-03
 15  6.264171e-03
 16  5.282248e-03
 17  4.425030e-03
 18  3.660484e-03
 19  3.180558e-03
 20  2.655898e-03
 21  2.220126e-03
 22  1.873550e-03
 23  1.649457e-03
 24  1.440844e-03
 25  1.304032e-03
 26  1.183978e-03
 27  1.095539e-03
 28  1.032112e-03
 29  9.923767e-04
 Iteration CPU time: 7 s
 CFIE residual: 0.000992377

 Iseg, Irank, Idinc : 1, 30, 142
 Thata, Phi : 90.000000, 141.000000
 Maximun iteration: 300
 Number of recycle truncation: 30
 Final matrix dimension:  36708
 Residual error:0.001000
 0  6.860275e-01
 1  3.497202e-01
 2  2.117588e-01
 3  1.437831e-01
 4  1.047462e-01
 5  7.822872e-02
 6  6.047218e-02
 7  4.734784e-02
 8  3.867726e-02
 9  3.300048e-02
 10  2.762610e-02
 11  2.350920e-02
 12  1.974073e-02
 13  1.652800e-02
 14  1.381911e-02
 15  1.133056e-02
 16  9.443411e-03
 17  7.863909e-03
 18  6.544684e-03
 19  5.411446e-03
 20  4.486094e-03
 21  3.858563e-03
 22  3.386377e-03
 23  3.026849e-03
 24  2.755663e-03
 25  2.517682e-03
 26  2.338214e-03
 27  2.219729e-03
 28  2.117671e-03
 29  2.049366e-03
 30  1.983959e-03
 31  1.931542e-03
 32  1.866304e-03
 33  1.780954e-03
 34  1.672016e-03
 35  1.527398e-03
 36  1.376656e-03
 37  1.177957e-03
 38  9.943351e-04
 Iteration CPU time: 8 s
 CFIE residual: 0.000994335

 Iseg, Irank, Idinc : 1, 31, 59
 Thata, Phi : 90.000000, 58.000000
 Maximun iteration: 300
 Number of recycle truncation: 30
 Final matrix dimension:  36708
 Residual error:0.001000
 0  6.604172e-01
 1  3.486936e-01
 2  2.140607e-01
 3  1.346276e-01
 4  9.632577e-02
 5  7.277831e-02
 6  5.523317e-02
 7  4.340690e-02
 8  3.377225e-02
 9  2.669176e-02
 10  2.087464e-02
 11  1.608382e-02
 12  1.260403e-02
 13  9.947712e-03
 14  8.245002e-03
 15  6.938282e-03
 16  5.899398e-03
 17  5.136086e-03
 18  4.425447e-03
 19  4.034111e-03
 20  3.734825e-03
 21  3.522611e-03
 22  3.366519e-03
 23  3.213806e-03
 24  3.084960e-03
 25  2.986503e-03
 26  2.902628e-03
 27  2.796764e-03
 28  2.661987e-03
 29  2.511044e-03
 30  2.314885e-03
 31  2.082157e-03
 32  1.784103e-03
 33  1.521419e-03
 34  1.292297e-03
 35  1.064282e-03
 36  8.745299e-04
 Iteration CPU time: 9 s
 CFIE residual: 0.00087453

 Iseg, Irank, Idinc : 1, 32, 179
 Thata, Phi : 90.000000, 178.000000
 Maximun iteration: 300
 Number of recycle truncation: 30
 Final matrix dimension:  36708
 Residual error:0.001000
 0  5.844177e-01
 1  2.986186e-01
 2  1.858504e-01
 3  1.311810e-01
 4  1.008247e-01
 5  8.002031e-02
 6  6.439384e-02
 7  5.419962e-02
 8  4.494001e-02
 9  3.639675e-02
 10  2.966587e-02
 11  2.443086e-02
 12  1.988889e-02
 13  1.655502e-02
 14  1.332330e-02
 15  1.074160e-02
 16  8.707225e-03
 17  7.046602e-03
 18  5.878119e-03
 19  4.874753e-03
 20  4.023400e-03
 21  3.419792e-03
 22  2.837188e-03
 23  2.400943e-03
 24  2.060814e-03
 25  1.753735e-03
 26  1.505615e-03
 27  1.313590e-03
 28  1.149009e-03
 29  1.017791e-03
 30  9.386109e-04
 Iteration CPU time: 6 s
 CFIE residual: 0.000938611

 Iseg, Irank, Idinc : 1, 33, 3
 Thata, Phi : 90.000000, 2.000000
 Maximun iteration: 300
 Number of recycle truncation: 30
 Final matrix dimension:  36708
 Residual error:0.001000
 0  5.203134e-01
 1  2.727606e-01
 2  1.764347e-01
 3  1.216807e-01
 4  8.757881e-02
 5  6.694495e-02
 6  5.167681e-02
 7  3.819666e-02
 8  2.914895e-02
 9  2.327964e-02
 10  1.896574e-02
 11  1.510017e-02
 12  1.159590e-02
 13  9.365684e-03
 14  7.640936e-03
 15  6.269295e-03
 16  5.152818e-03
 17  4.455042e-03
 18  3.751950e-03
 19  3.216034e-03
 20  2.759328e-03
 21  2.369059e-03
 22  2.000796e-03
 23  1.659477e-03
 24  1.388750e-03
 25  1.166354e-03
 26  9.761026e-04
 Iteration CPU time: 6 s
 CFIE residual: 0.000976103

 Iseg, Irank, Idinc : 1, 34, 105
 Thata, Phi : 90.000000, 104.000000
 Maximun iteration: 300
 Number of recycle truncation: 30
 Final matrix dimension:  36708
 Residual error:0.001000
 0  6.129031e-01
 1  3.486114e-01
 2  2.167377e-01
 3  1.484395e-01
 4  1.049198e-01
 5  7.905478e-02
 6  6.044099e-02
 7  4.766318e-02
 8  3.821104e-02
 9  3.081241e-02
 10  2.495153e-02
 11  2.064827e-02
 12  1.656653e-02
 13  1.373631e-02
 14  1.142872e-02
 15  9.408677e-03
 16  7.971030e-03
 17  6.769677e-03
 18  5.761751e-03
 19  4.890947e-03
 20  4.160492e-03
 21  3.639297e-03
 22  3.280880e-03
 23  3.035342e-03
 24  2.844152e-03
 25  2.706453e-03
 26  2.594737e-03
 27  2.504170e-03
 28  2.426060e-03
 29  2.344778e-03
 30  2.247396e-03
 31  2.129182e-03
 32  2.001313e-03
 33  1.825229e-03
 34  1.643544e-03
 35  1.429820e-03
 36  1.236956e-03
 37  1.026328e-03
 38  8.465603e-04
 Iteration CPU time: 8 s
 CFIE residual: 0.00084656

 Iseg, Irank, Idinc : 1, 35, 37
 Thata, Phi : 90.000000, 36.000000
 Maximun iteration: 300
 Number of recycle truncation: 30
 Final matrix dimension:  36708
 Residual error:0.001000
 0  6.237545e-01
 1  3.122613e-01
 2  1.917588e-01
 3  1.209967e-01
 4  8.344920e-02
 5  6.113799e-02
 6  4.527885e-02
 7  3.448933e-02
 8  2.679360e-02
 9  2.077723e-02
 10  1.611068e-02
 11  1.314538e-02
 12  1.043806e-02
 13  8.600271e-03
 14  6.968838e-03
 15  5.618413e-03
 16  4.715020e-03
 17  3.916970e-03
 18  3.287926e-03
 19  2.802427e-03
 20  2.430572e-03
 21  2.135921e-03
 22  1.906808e-03
 23  1.757763e-03
 24  1.632573e-03
 25  1.539091e-03
 26  1.464481e-03
 27  1.403230e-03
 28  1.361705e-03
 29  1.321469e-03
 30  1.279728e-03
 31  1.237124e-03
 32  1.193031e-03
 33  1.126464e-03
 34  1.044027e-03
 35  9.383997e-04
 Iteration CPU time: 8 s
 CFIE residual: 0.0009384

 Iseg, Irank, Idinc : 1, 36, 163
 Thata, Phi : 90.000000, 162.000000
 Maximun iteration: 300
 Number of recycle truncation: 30
 Final matrix dimension:  36708
 Residual error:0.001000
 0  6.046470e-01
 1  3.065038e-01
 2  1.869507e-01
 3  1.292529e-01
 4  9.845455e-02
 5  7.860029e-02
 6  6.376703e-02
 7  5.219381e-02
 8  4.375020e-02
 9  3.780467e-02
 10  3.263666e-02
 11  2.782711e-02
 12  2.379921e-02
 13  2.053455e-02
 14  1.716882e-02
 15  1.452814e-02
 16  1.204223e-02
 17  9.874846e-03
 18  8.203742e-03
 19  6.865145e-03
 20  5.560933e-03
 21  4.574493e-03
 22  3.812335e-03
 23  3.204221e-03
 24  2.634105e-03
 25  2.219224e-03
 26  1.861316e-03
 27  1.625339e-03
 28  1.430521e-03
 29  1.294020e-03
 30  1.193409e-03
 31  1.121962e-03
 32  1.072542e-03
 33  1.034563e-03
 34  1.001697e-03
 35  9.686085e-04
 Iteration CPU time: 8 s
 CFIE residual: 0.000968609

 Iseg, Irank, Idinc : 1, 37, 68
 Thata, Phi : 90.000000, 67.000000
 Maximun iteration: 300
 Number of recycle truncation: 30
 Final matrix dimension:  36708
 Residual error:0.001000
 0  6.500552e-01
 1  3.670586e-01
 2  2.337378e-01
 3  1.495068e-01
 4  1.060306e-01
 5  8.216443e-02
 6  6.196845e-02
 7  4.933704e-02
 8  3.909209e-02
 9  3.126230e-02
 10  2.427564e-02
 11  1.945447e-02
 12  1.549461e-02
 13  1.243506e-02
 14  1.027920e-02
 15  8.617963e-03
 16  7.296029e-03
 17  6.377368e-03
 18  5.587494e-03
 19  5.037568e-03
 20  4.677578e-03
 21  4.387603e-03
 22  4.169628e-03
 23  3.961005e-03
 24  3.799289e-03
 25  3.689709e-03
 26  3.588638e-03
 27  3.482736e-03
 28  3.343248e-03
 29  3.133655e-03
 30  2.824550e-03
 31  2.518835e-03
 32  2.182685e-03
 33  1.861460e-03
 34  1.549006e-03
 35  1.315677e-03
 36  1.097778e-03
 37  9.046175e-04
 Iteration CPU time: 9 s
 CFIE residual: 0.000904617

 Iseg, Irank, Idinc : 1, 38, 120
 Thata, Phi : 90.000000, 119.000000
 Maximun iteration: 300
 Number of recycle truncation: 30
 Final matrix dimension:  36708
 Residual error:0.001000
 0  6.482004e-01
 1  3.437520e-01
 2  2.182680e-01
 3  1.528786e-01
 4  1.089904e-01
 5  8.073737e-02
 6  6.376492e-02
 7  4.957632e-02
 8  3.918507e-02
 9  3.136463e-02
 10  2.527822e-02
 11  2.009050e-02
 12  1.591283e-02
 13  1.280176e-02
 14  1.059521e-02
 15  8.762938e-03
 16  7.345526e-03
 17  6.229333e-03
 18  5.247050e-03
 19  4.433908e-03
 20  3.841459e-03
 21  3.356653e-03
 22  3.000708e-03
 23  2.719795e-03
 24  2.517473e-03
 25  2.310933e-03
 26  2.177802e-03
 27  2.078886e-03
 28  1.995137e-03
 29  1.940646e-03
 30  1.876669e-03
 31  1.825413e-03
 32  1.757955e-03
 33  1.679769e-03
 34  1.568726e-03
 35  1.449003e-03
 36  1.305740e-03
 37  1.104915e-03
 38  9.022543e-04
 Iteration CPU time: 9 s
 CFIE residual: 0.000902254

 Iseg, Irank, Idinc : 1, 39, 13
 Thata, Phi : 90.000000, 12.000000
 Maximun iteration: 300
 Number of recycle truncation: 30
 Final matrix dimension:  36708
 Residual error:0.001000
 0  5.685998e-01
 1  2.817213e-01
 2  1.760836e-01
 3  1.229006e-01
 4  8.901256e-02
 5  6.619826e-02
 6  5.068968e-02
 7  3.929745e-02
 8  3.084271e-02
 9  2.451240e-02
 10  1.932931e-02
 11  1.510847e-02
 12  1.195059e-02
 13  9.799904e-03
 14  8.140087e-03
 15  6.437208e-03
 16  5.304835e-03
 17  4.541575e-03
 18  3.855599e-03
 19  3.277653e-03
 20  2.780154e-03
 21  2.347646e-03
 22  1.967203e-03
 23  1.681594e-03
 24  1.470461e-03
 25  1.275373e-03
 26  1.124974e-03
 27  9.760970e-04
 Iteration CPU time: 6 s
 CFIE residual: 0.000976097

 Iseg, Irank, Idinc : 1, 40, 180
 Thata, Phi : 90.000000, 179.000000
 Maximun iteration: 300
 Number of recycle truncation: 30
 Final matrix dimension:  36708
 Residual error:0.001000
 0  5.843686e-01
 1  2.986214e-01
 2  1.857826e-01
 3  1.310582e-01
 4  1.005852e-01
 5  7.974569e-02
 6  6.418528e-02
 7  5.400795e-02
 8  4.479901e-02
 9  3.623862e-02
 10  2.928142e-02
 11  2.399821e-02
 12  1.940701e-02
 13  1.605878e-02
 14  1.288615e-02
 15  1.036549e-02
 16  8.377912e-03
 17  6.763797e-03
 18  5.633584e-03
 19  4.670440e-03
 20  3.848872e-03
 21  3.248651e-03
 22  2.696221e-03
 23  2.269855e-03
 24  1.942690e-03
 25  1.643996e-03
 26  1.407469e-03
 27  1.230675e-03
 28  1.073328e-03
 29  9.508810e-04
 Iteration CPU time: 7 s
 CFIE residual: 0.000950881
 Last Built End in Sep 21 2025 00:06:12
 Total CPU time: 329 s
 Finished.
