 Last Built Begin in Sep 21 2025 00:06:12
 Pre-Type( Input ):           10
 Skl-Tol ( Input ):    1.0000000000000001E-005
 Wavelength in freespace: 0.0289855

 ################################################
 ##         Generating Required Mesh          ##
 ##         Waiting.....                      ##
 ################################################
 Subd No.      Subd Name
    1    Open-Duct_PRIME_model_meshAA1                                     
 isub,  nnode, npatch,  nedge:
    1      6118     12236     18354
 Scale Factor         >>   1.54999997E-02
 ################################################

 START TIME: 20250922   081147.969


 Informaton for IE geometry:
 number of subdomains     : 1
 maxnode,maxpatch,maxedge : 6118  12236  18354
 
 Index of Mat-Reg: 1
 Mat-Reg Number via MatFlg: 1
 Edge Number of Mat-Reg: 1, 18354

 Number of Edge on PEC: 18354
 Mat-Reg: No Dim(m) Lmax:
    1 0.247    5
 Totlmax, add1, add2:           5           6           7
 rlengmax of Global MLFMA >>   0.24736765469521874     
 Lmax of Global MLFMA >>            5
 Wavenum of Mat-Reg:
    1 1.000

 total area in sq m           =      0.0510
 total area in sq lambda      =     60.6670
 maxnode, maxpatch, maxedge           =     6118    12236    18354
 longest  edge in lambda              =      0.1610
 shortest edge in lambda              =      0.0077
 average  edge in lambda              =      0.1075
 largest  patch area in sq lambda     =      0.0088
 smallest patch area in sq lambda     =      0.0000
 ave    surface area in sq lambda     =      0.0050
 size range of the object in sq lambda =      7.9158

 #### MLFMA Info For Each Region ####
 Mat-Region =            1
 Array dimension parameters:
 maxrule=          14   maxgrid  =          64
 lmax   =           5   ncmax    =        1250
 lsmax  =          27   lsmin    =           7
 kpm    =        1462   kp0      =         102
 ntlm   =      225016   nsm      =      235590
 nkpm   =        2350   niplm    =      150400
 ngnearm=       14257   ngsndm   =       64634
 nearm  =         333   mfinestm =         119
 ###############################

 CFIE Alpha:  0.50000000000000000     

 Fill MLFMA FI for Mat-Reg:           1
 Begin filltl.f
 fill translation matrix
 Level:            2
 fill shifting matrix
 Level:            3
 fill shifting matrix
 Level:            4
 fill shifting matrix
 Level:            5
 fill shifting matrix
 translator time(s):  0.165000007    
 fill interpolation matrix
 ThetaOrder            8
 PhiOrder            8
 lsl            7
 Filling TL                  Delta_CPU=          0.60 Memory(MB)=        654.36
 Filling sndgrp              Delta_CPU=          0.00 Memory(MB)=        654.36
 Filling VFS                 Delta_CPU=          3.09 Memory(MB)=        654.36

 Fill MLFMA NI for Mat-Reg:           1
 Begin fill sparser part of Nearfield
 Begin fill denser part of Nearfield
 End fill
 Filling Amn                 Delta_CPU=         89.58 Memory(MB)=        654.36


 Now testing preconditioner with
 ipretype =           10
 method = cfie_solve_nfrasspspre_pardiso

  
 NBP>>Begin fill sparser part of Nearfield

116.6493% NBP>>Begin fill denser part of Nearfield

200.1041%
 Begin MLFMA Box-Matrix Based Spar-RAS Prec Constructor
 --- Intel MKL PARDISO --- 
 Memory for iGroup: 1 0 MB
 Total Memory For SparRAS Pre: 0 MB
 --- PARDISO PRECONDITIONER INITIALIZED --- 
 Constructing preconditioner CPU time: 3 s
 
 1101240
 Memory for Iteration:: 16.8036 MB

 Iseg, Ninc_S : 1, 181, 0

 Iseg, Skeleton Angles: 1, 40
 Iseg, Skel-Pk Mem(MB): 1, 314.35

 Iseg, Irank, Idinc : 1, 1, 42
 Thata, Phi : 90.000000, 41.000000
 Maximun iteration: 300
 Number of recycle truncation: 30
 Final matrix dimension:  36708
 Residual error:0.001000
 0  6.319646e-01
 1  3.150942e-01
 2  1.990122e-01
 3  1.275071e-01
 4  8.870577e-02
 5  6.516358e-02
 6  4.946417e-02
 7  3.781296e-02
 8  2.873332e-02
 9  2.262553e-02
 10  1.691000e-02
 11  1.374175e-02
 12  1.135454e-02
 13  9.424214e-03
 14  8.234669e-03
 15  7.198021e-03
 16  6.322880e-03
 17  5.601505e-03
 18  5.074010e-03
 19  4.737376e-03
 20  4.510012e-03
 21  4.312290e-03
 22  4.149454e-03
 23  4.006685e-03
 24  3.816665e-03
 25  3.571841e-03
 26  3.308370e-03
 27  3.014305e-03
 28  2.649405e-03
 29  2.295601e-03
 30  1.997879e-03
 31  1.692633e-03
 32  1.416670e-03
 33  1.150089e-03
 34  9.621165e-04
 Iteration CPU time: 8 s
 CFIE residual: 0.000962116

 Iseg, Irank, Idinc : 1, 2, 63
 Thata, Phi : 90.000000, 62.000000
 Maximun iteration: 300
 Number of recycle truncation: 30
 Final matrix dimension:  36708
 Residual error:0.001000
 0  6.554666e-01
 1  3.583345e-01
 2  2.234415e-01
 3  1.432734e-01
 4  1.015077e-01
 5  7.821852e-02
 6  5.915529e-02
 7  4.756749e-02
 8  3.778520e-02
 9  3.032572e-02
 10  2.350136e-02
 11  1.898800e-02
 12  1.562703e-02
 13  1.318465e-02
 14  1.162829e-02
 15  1.055690e-02
 16  9.684476e-03
 17  9.052536e-03
 18  8.683440e-03
 19  8.299855e-03
 20  7.965120e-03
 21  7.724385e-03
 22  7.344118e-03
 23  6.872426e-03
 24  6.233114e-03
 25  5.530286e-03
 26  4.912019e-03
 27  4.258313e-03
 28  3.594179e-03
 29  2.946315e-03
 30  2.405775e-03
 31  1.943715e-03
 32  1.581384e-03
 33  1.260702e-03
 34  1.030819e-03
 35  8.470836e-04
 Iteration CPU time: 8 s
 CFIE residual: 0.000847084

 Iseg, Irank, Idinc : 1, 3, 108
 Thata, Phi : 90.000000, 107.000000
 Maximun iteration: 300
 Number of recycle truncation: 30
 Final matrix dimension:  36708
 Residual error:0.001000
 0  6.168605e-01
 1  3.488836e-01
 2  2.163800e-01
 3  1.472757e-01
 4  1.046192e-01
 5  7.846336e-02
 6  6.054640e-02
 7  4.730003e-02
 8  3.802653e-02
 9  3.107987e-02
 10  2.521834e-02
 11  2.089746e-02
 12  1.716167e-02
 13  1.447806e-02
 14  1.240397e-02
 15  1.065767e-02
 16  9.479685e-03
 17  8.563999e-03
 18  7.686868e-03
 19  7.045209e-03
 20  6.520613e-03
 21  6.114944e-03
 22  5.870674e-03
 23  5.669118e-03
 24  5.493710e-03
 25  5.287926e-03
 26  4.990847e-03
 27  4.603197e-03
 28  4.156497e-03
 29  3.668062e-03
 30  3.096302e-03
 31  2.527983e-03
 32  2.010164e-03
 33  1.639858e-03
 34  1.335993e-03
 35  1.095732e-03
 36  8.608603e-04
 Iteration CPU time: 8 s
 CFIE residual: 0.00086086

 Iseg, Irank, Idinc : 1, 4, 22
 Thata, Phi : 90.000000, 21.000000
 Maximun iteration: 300
 Number of recycle truncation: 30
 Final matrix dimension:  36708
 Residual error:0.001000
 0  6.314750e-01
 1  2.958153e-01
 2  1.746735e-01
 3  1.156076e-01
 4  8.025689e-02
 5  5.904455e-02
 6  4.476115e-02
 7  3.501440e-02
 8  2.789133e-02
 9  2.240911e-02
 10  1.832932e-02
 11  1.484800e-02
 12  1.199015e-02
 13  1.011979e-02
 14  8.406217e-03
 15  7.053470e-03
 16  6.157711e-03
 17  5.261735e-03
 18  4.466685e-03
 19  3.869250e-03
 20  3.440361e-03
 21  3.071323e-03
 22  2.784613e-03
 23  2.569538e-03
 24  2.410870e-03
 25  2.294744e-03
 26  2.192906e-03
 27  2.086443e-03
 28  2.012206e-03
 29  1.921476e-03
 30  1.832049e-03
 31  1.728360e-03
 32  1.589889e-03
 33  1.423727e-03
 34  1.224431e-03
 35  1.048392e-03
 36  8.916570e-04
 Iteration CPU time: 8 s
 CFIE residual: 0.000891657

 Iseg, Irank, Idinc : 1, 5, 147
 Thata, Phi : 90.000000, 146.000000
 Maximun iteration: 300
 Number of recycle truncation: 30
 Final matrix dimension:  36708
 Residual error:0.001000
 0  6.563242e-01
 1  3.457734e-01
 2  2.099649e-01
 3  1.413185e-01
 4  1.007850e-01
 5  7.706598e-02
 6  5.967883e-02
 7  4.762407e-02
 8  3.972377e-02
 9  3.383740e-02
 10  2.891181e-02
 11  2.528905e-02
 12  2.228295e-02
 13  1.904588e-02
 14  1.595591e-02
 15  1.377668e-02
 16  1.192741e-02
 17  9.944465e-03
 18  8.645319e-03
 19  7.597455e-03
 20  6.771962e-03
 21  6.088270e-03
 22  5.599846e-03
 23  5.216986e-03
 24  4.971314e-03
 25  4.755215e-03
 26  4.560617e-03
 27  4.338997e-03
 28  4.155597e-03
 29  3.908232e-03
 30  3.609548e-03
 31  3.283925e-03
 32  2.911636e-03
 33  2.493520e-03
 34  2.027585e-03
 35  1.673052e-03
 36  1.344836e-03
 37  1.036963e-03
 38  8.204382e-04
 Iteration CPU time: 9 s
 CFIE residual: 0.000820438

 Iseg, Irank, Idinc : 1, 6, 137
 Thata, Phi : 90.000000, 136.000000
 Maximun iteration: 300
 Number of recycle truncation: 30
 Final matrix dimension:  36708
 Residual error:0.001000
 0  6.967422e-01
 1  3.487141e-01
 2  2.159204e-01
 3  1.471855e-01
 4  1.059673e-01
 5  7.955682e-02
 6  6.021493e-02
 7  4.772329e-02
 8  3.883957e-02
 9  3.274828e-02
 10  2.705639e-02
 11  2.277614e-02
 12  1.914225e-02
 13  1.627562e-02
 14  1.375018e-02
 15  1.167308e-02
 16  1.022020e-02
 17  8.927372e-03
 18  7.953056e-03
 19  7.131453e-03
 20  6.607542e-03
 21  6.147446e-03
 22  5.806262e-03
 23  5.533899e-03
 24  5.297358e-03
 25  5.092430e-03
 26  4.846791e-03
 27  4.582953e-03
 28  4.313104e-03
 29  3.998069e-03
 30  3.623306e-03
 31  3.197738e-03
 32  2.795793e-03
 33  2.388319e-03
 34  2.017990e-03
 35  1.706136e-03
 36  1.415462e-03
 37  1.145286e-03
 38  8.916392e-04
 Iteration CPU time: 9 s
 CFIE residual: 0.000891639

 Iseg, Irank, Idinc : 1, 7, 83
 Thata, Phi : 90.000000, 82.000000
 Maximun iteration: 300
 Number of recycle truncation: 30
 Final matrix dimension:  36708
 Residual error:0.001000
 0  6.068925e-01
 1  3.479378e-01
 2  2.224042e-01
 3  1.496517e-01
 4  1.086763e-01
 5  8.341453e-02
 6  6.417844e-02
 7  5.086225e-02
 8  4.113868e-02
 9  3.232961e-02
 10  2.625013e-02
 11  2.202320e-02
 12  1.832820e-02
 13  1.573604e-02
 14  1.385687e-02
 15  1.245997e-02
 16  1.114109e-02
 17  1.034155e-02
 18  9.779164e-03
 19  9.259546e-03
 20  8.869193e-03
 21  8.551240e-03
 22  8.217550e-03
 23  7.825452e-03
 24  7.364559e-03
 25  6.784894e-03
 26  6.156239e-03
 27  5.530006e-03
 28  4.841137e-03
 29  4.143182e-03
 30  3.436641e-03
 31  2.861259e-03
 32  2.402752e-03
 33  1.894964e-03
 34  1.558575e-03
 35  1.216026e-03
 36  1.012252e-03
 37  8.015475e-04
 Iteration CPU time: 8 s
 CFIE residual: 0.000801548

 Iseg, Irank, Idinc : 1, 8, 72
 Thata, Phi : 90.000000, 71.000000
 Maximun iteration: 300
 Number of recycle truncation: 30
 Final matrix dimension:  36708
 Residual error:0.001000
 0  6.336529e-01
 1  3.640512e-01
 2  2.347451e-01
 3  1.480180e-01
 4  1.045104e-01
 5  8.236506e-02
 6  6.363503e-02
 7  4.944856e-02
 8  3.944225e-02
 9  3.302270e-02
 10  2.633247e-02
 11  2.135252e-02
 12  1.737021e-02
 13  1.497171e-02
 14  1.328973e-02
 15  1.194235e-02
 16  1.106233e-02
 17  1.030738e-02
 18  9.757124e-03
 19  9.312413e-03
 20  8.999411e-03
 21  8.710185e-03
 22  8.340764e-03
 23  7.899935e-03
 24  7.230642e-03
 25  6.456004e-03
 26  5.750212e-03
 27  5.050630e-03
 28  4.357405e-03
 29  3.649958e-03
 30  3.014112e-03
 31  2.478301e-03
 32  2.020105e-03
 33  1.626109e-03
 34  1.294254e-03
 35  1.037111e-03
 36  8.344349e-04
 Iteration CPU time: 9 s
 CFIE residual: 0.000834435

 Iseg, Irank, Idinc : 1, 9, 159
 Thata, Phi : 90.000000, 158.000000
 Maximun iteration: 300
 Number of recycle truncation: 30
 Final matrix dimension:  36708
 Residual error:0.001000
 0  6.214301e-01
 1  3.148810e-01
 2  1.919553e-01
 3  1.301299e-01
 4  9.684278e-02
 5  7.738018e-02
 6  6.205182e-02
 7  5.095430e-02
 8  4.279091e-02
 9  3.699742e-02
 10  3.206930e-02
 11  2.831756e-02
 12  2.466873e-02
 13  2.093544e-02
 14  1.751770e-02
 15  1.519626e-02
 16  1.322555e-02
 17  1.110777e-02
 18  9.616094e-03
 19  8.208663e-03
 20  7.058732e-03
 21  6.152884e-03
 22  5.405168e-03
 23  4.839295e-03
 24  4.408768e-03
 25  4.096189e-03
 26  3.837731e-03
 27  3.637052e-03
 28  3.488087e-03
 29  3.350387e-03
 30  3.161379e-03
 31  2.939628e-03
 32  2.627796e-03
 33  2.318712e-03
 34  1.988622e-03
 35  1.643608e-03
 36  1.314432e-03
 37  1.032356e-03
 38  7.845762e-04
 Iteration CPU time: 8 s
 CFIE residual: 0.000784576

 Iseg, Irank, Idinc : 1, 10, 125
 Thata, Phi : 90.000000, 124.000000
 Maximun iteration: 300
 Number of recycle truncation: 30
 Final matrix dimension:  36708
 Residual error:0.001000
 0  6.569345e-01
 1  3.408516e-01
 2  2.209485e-01
 3  1.558359e-01
 4  1.128781e-01
 5  8.243428e-02
 6  6.546741e-02
 7  5.148058e-02
 8  4.180978e-02
 9  3.397715e-02
 10  2.697952e-02
 11  2.133174e-02
 12  1.689771e-02
 13  1.377404e-02
 14  1.147927e-02
 15  9.921101e-03
 16  8.576778e-03
 17  7.638158e-03
 18  6.754578e-03
 19  6.173524e-03
 20  5.758812e-03
 21  5.440240e-03
 22  5.163542e-03
 23  4.942032e-03
 24  4.737921e-03
 25  4.549260e-03
 26  4.322517e-03
 27  4.089504e-03
 28  3.861935e-03
 29  3.595362e-03
 30  3.275287e-03
 31  2.961974e-03
 32  2.624654e-03
 33  2.290830e-03
 34  1.953646e-03
 35  1.655531e-03
 36  1.362410e-03
 37  1.094526e-03
 38  8.322663e-04
 Iteration CPU time: 8 s
 CFIE residual: 0.000832266

 Iseg, Irank, Idinc : 1, 11, 53
 Thata, Phi : 90.000000, 52.000000
 Maximun iteration: 300
 Number of recycle truncation: 30
 Final matrix dimension:  36708
 Residual error:0.001000
 0  6.534788e-01
 1  3.452614e-01
 2  2.117534e-01
 3  1.350787e-01
 4  9.740316e-02
 5  7.458908e-02
 6  5.822971e-02
 7  4.470086e-02
 8  3.455685e-02
 9  2.770065e-02
 10  2.160226e-02
 11  1.707365e-02
 12  1.363050e-02
 13  1.117717e-02
 14  9.817952e-03
 15  8.747752e-03
 16  7.868432e-03
 17  7.359359e-03
 18  6.786194e-03
 19  6.357984e-03
 20  6.115794e-03
 21  5.884673e-03
 22  5.585201e-03
 23  5.300536e-03
 24  4.854231e-03
 25  4.307565e-03
 26  3.771497e-03
 27  3.234732e-03
 28  2.716685e-03
 29  2.193679e-03
 30  1.821780e-03
 31  1.505135e-03
 32  1.238597e-03
 33  1.007556e-03
 34  8.277770e-04
 Iteration CPU time: 8 s
 CFIE residual: 0.000827777

 Iseg, Irank, Idinc : 1, 12, 176
 Thata, Phi : 90.000000, 175.000000
 Maximun iteration: 300
 Number of recycle truncation: 30
 Final matrix dimension:  36708
 Residual error:0.001000
 0  5.894662e-01
 1  2.959762e-01
 2  1.837202e-01
 3  1.305089e-01
 4  1.007345e-01
 5  8.081370e-02
 6  6.589966e-02
 7  5.508866e-02
 8  4.591951e-02
 9  3.851609e-02
 10  3.237193e-02
 11  2.695318e-02
 12  2.242642e-02
 13  1.845677e-02
 14  1.573473e-02
 15  1.298714e-02
 16  1.096225e-02
 17  9.273509e-03
 18  7.870764e-03
 19  6.553218e-03
 20  5.664655e-03
 21  4.849740e-03
 22  4.166975e-03
 23  3.641307e-03
 24  3.251682e-03
 25  2.928821e-03
 26  2.662030e-03
 27  2.459521e-03
 28  2.296150e-03
 29  2.163796e-03
 30  2.051248e-03
 31  1.969909e-03
 32  1.882397e-03
 33  1.786030e-03
 34  1.686588e-03
 35  1.542635e-03
 36  1.384216e-03
 37  1.213640e-03
 38  1.011982e-03
 39  8.245993e-04
 Iteration CPU time: 9 s
 CFIE residual: 0.000824599

 Iseg, Irank, Idinc : 1, 13, 33
 Thata, Phi : 90.000000, 32.000000
 Maximun iteration: 300
 Number of recycle truncation: 30
 Final matrix dimension:  36708
 Residual error:0.001000
 0  6.286131e-01
 1  3.101583e-01
 2  1.852585e-01
 3  1.160439e-01
 4  8.118249e-02
 5  5.942572e-02
 6  4.428594e-02
 7  3.379547e-02
 8  2.648969e-02
 9  2.122604e-02
 10  1.679021e-02
 11  1.374195e-02
 12  1.114457e-02
 13  9.359696e-03
 14  7.854255e-03
 15  6.663675e-03
 16  5.769007e-03
 17  5.005963e-03
 18  4.362505e-03
 19  3.942083e-03
 20  3.671559e-03
 21  3.432263e-03
 22  3.268185e-03
 23  3.131153e-03
 24  3.010007e-03
 25  2.900443e-03
 26  2.766813e-03
 27  2.597741e-03
 28  2.396018e-03
 29  2.133113e-03
 30  1.872120e-03
 31  1.638569e-03
 32  1.423685e-03
 33  1.221475e-03
 34  1.018852e-03
 35  8.457386e-04
 Iteration CPU time: 8 s
 CFIE residual: 0.000845739

 Iseg, Irank, Idinc : 1, 14, 91
 Thata, Phi : 90.000000, 90.000000
 Maximun iteration: 300
 Number of recycle truncation: 30
 Final matrix dimension:  36708
 Residual error:0.001000
 0  5.983801e-01
 1  3.439186e-01
 2  2.176627e-01
 3  1.495140e-01
 4  1.074936e-01
 5  8.195604e-02
 6  6.396326e-02
 7  5.000924e-02
 8  4.075580e-02
 9  3.277408e-02
 10  2.711440e-02
 11  2.261710e-02
 12  1.911923e-02
 13  1.652215e-02
 14  1.452157e-02
 15  1.278256e-02
 16  1.132906e-02
 17  1.036821e-02
 18  9.593135e-03
 19  8.972729e-03
 20  8.492713e-03
 21  8.109007e-03
 22  7.759209e-03
 23  7.408418e-03
 24  7.082818e-03
 25  6.723670e-03
 26  6.258217e-03
 27  5.653542e-03
 28  4.939153e-03
 29  4.294468e-03
 30  3.644152e-03
 31  3.074259e-03
 32  2.543395e-03
 33  2.087231e-03
 34  1.705702e-03
 35  1.373819e-03
 36  1.097291e-03
 37  8.984666e-04
 Iteration CPU time: 9 s
 CFIE residual: 0.000898467

 Iseg, Irank, Idinc : 1, 15, 9
 Thata, Phi : 90.000000, 8.000000
 Maximun iteration: 300
 Number of recycle truncation: 30
 Final matrix dimension:  36708
 Residual error:0.001000
 0  5.460093e-01
 1  2.782449e-01
 2  1.774451e-01
 3  1.239382e-01
 4  9.043674e-02
 5  6.761727e-02
 6  5.139709e-02
 7  3.976980e-02
 8  3.120851e-02
 9  2.437802e-02
 10  1.945530e-02
 11  1.545184e-02
 12  1.246792e-02
 13  1.010616e-02
 14  8.306430e-03
 15  6.807291e-03
 16  5.828414e-03
 17  4.989638e-03
 18  4.275220e-03
 19  3.670459e-03
 20  3.190022e-03
 21  2.833956e-03
 22  2.478801e-03
 23  2.198550e-03
 24  1.981703e-03
 25  1.824023e-03
 26  1.649006e-03
 27  1.515756e-03
 28  1.422701e-03
 29  1.339790e-03
 30  1.283841e-03
 31  1.238039e-03
 32  1.184526e-03
 33  1.122653e-03
 34  1.053708e-03
 35  9.705752e-04
 Iteration CPU time: 8 s
 CFIE residual: 0.000970575

 Iseg, Irank, Idinc : 1, 16, 100
 Thata, Phi : 90.000000, 99.000000
 Maximun iteration: 300
 Number of recycle truncation: 30
 Final matrix dimension:  36708
 Residual error:0.001000
 0  6.059840e-01
 1  3.419584e-01
 2  2.142057e-01
 3  1.455505e-01
 4  1.049297e-01
 5  7.945706e-02
 6  6.162511e-02
 7  4.892500e-02
 8  3.901837e-02
 9  3.230903e-02
 10  2.634981e-02
 11  2.216111e-02
 12  1.856786e-02
 13  1.590196e-02
 14  1.383116e-02
 15  1.197086e-02
 16  1.054969e-02
 17  9.567404e-03
 18  8.682475e-03
 19  7.983035e-03
 20  7.422139e-03
 21  7.026947e-03
 22  6.740988e-03
 23  6.491906e-03
 24  6.264315e-03
 25  5.925769e-03
 26  5.606477e-03
 27  5.120666e-03
 28  4.646844e-03
 29  4.077065e-03
 30  3.545534e-03
 31  2.987250e-03
 32  2.474909e-03
 33  1.992021e-03
 34  1.601316e-03
 35  1.290646e-03
 36  1.052756e-03
 37  8.484115e-04
 Iteration CPU time: 8 s
 CFIE residual: 0.000848411

 Iseg, Irank, Idinc : 1, 17, 116
 Thata, Phi : 90.000000, 115.000000
 Maximun iteration: 300
 Number of recycle truncation: 30
 Final matrix dimension:  36708
 Residual error:0.001000
 0  6.425160e-01
 1  3.472340e-01
 2  2.163423e-01
 3  1.508842e-01
 4  1.081127e-01
 5  7.939086e-02
 6  6.188231e-02
 7  4.861509e-02
 8  3.823479e-02
 9  3.092215e-02
 10  2.499624e-02
 11  2.015819e-02
 12  1.672406e-02
 13  1.406389e-02
 14  1.191657e-02
 15  1.015559e-02
 16  8.841258e-03
 17  7.979561e-03
 18  7.107302e-03
 19  6.461225e-03
 20  6.109266e-03
 21  5.778961e-03
 22  5.554732e-03
 23  5.367680e-03
 24  5.196861e-03
 25  5.027494e-03
 26  4.782591e-03
 27  4.450882e-03
 28  4.170827e-03
 29  3.776267e-03
 30  3.403347e-03
 31  2.934266e-03
 32  2.444536e-03
 33  1.956065e-03
 34  1.573397e-03
 35  1.278617e-03
 36  1.007637e-03
 37  7.961615e-04
 Iteration CPU time: 8 s
 CFIE residual: 0.000796162

 Iseg, Irank, Idinc : 1, 18, 1
 Thata, Phi : 90.000000, 0.000000
 Maximun iteration: 300
 Number of recycle truncation: 30
 Final matrix dimension:  36708
 Residual error:0.001000
 0  5.212388e-01
 1  2.729665e-01
 2  1.770156e-01
 3  1.208870e-01
 4  8.780388e-02
 5  6.662908e-02
 6  5.080662e-02
 7  3.786182e-02
 8  2.909796e-02
 9  2.336022e-02
 10  1.909267e-02
 11  1.503140e-02
 12  1.151696e-02
 13  9.571615e-03
 14  7.813608e-03
 15  6.520693e-03
 16  5.432966e-03
 17  4.702317e-03
 18  4.001907e-03
 19  3.469293e-03
 20  2.960381e-03
 21  2.542612e-03
 22  2.196211e-03
 23  1.881482e-03
 24  1.636738e-03
 25  1.419607e-03
 26  1.236756e-03
 27  1.116557e-03
 28  1.021496e-03
 29  9.510092e-04
 Iteration CPU time: 7 s
 CFIE residual: 0.000951009

 Iseg, Irank, Idinc : 1, 19, 167
 Thata, Phi : 90.000000, 166.000000
 Maximun iteration: 300
 Number of recycle truncation: 30
 Final matrix dimension:  36708
 Residual error:0.001000
 0  5.960877e-01
 1  2.995751e-01
 2  1.847760e-01
 3  1.306734e-01
 4  1.002633e-01
 5  8.055399e-02
 6  6.474775e-02
 7  5.447058e-02
 8  4.583292e-02
 9  3.901432e-02
 10  3.276968e-02
 11  2.850404e-02
 12  2.498127e-02
 13  2.126453e-02
 14  1.798410e-02
 15  1.547606e-02
 16  1.343780e-02
 17  1.133849e-02
 18  9.550348e-03
 19  7.981648e-03
 20  6.857528e-03
 21  5.826985e-03
 22  5.111607e-03
 23  4.522197e-03
 24  4.014622e-03
 25  3.622510e-03
 26  3.339902e-03
 27  3.100384e-03
 28  2.935696e-03
 29  2.798760e-03
 30  2.663087e-03
 31  2.513898e-03
 32  2.372148e-03
 33  2.221529e-03
 34  2.019841e-03
 35  1.789380e-03
 36  1.531476e-03
 37  1.255816e-03
 38  1.006536e-03
 39  8.241206e-04
 Iteration CPU time: 9 s
 CFIE residual: 0.000824121

 Iseg, Irank, Idinc : 1, 20, 16
 Thata, Phi : 90.000000, 15.000000
 Maximun iteration: 300
 Number of recycle truncation: 30
 Final matrix dimension:  36708
 Residual error:0.001000
 0  5.932025e-01
 1  2.867840e-01
 2  1.761629e-01
 3  1.208225e-01
 4  8.646932e-02
 5  6.418040e-02
 6  4.879015e-02
 7  3.840825e-02
 8  3.026300e-02
 9  2.418545e-02
 10  1.939077e-02
 11  1.526415e-02
 12  1.219021e-02
 13  1.004950e-02
 14  8.485553e-03
 15  6.942754e-03
 16  5.939389e-03
 17  5.086060e-03
 18  4.353529e-03
 19  3.753871e-03
 20  3.312233e-03
 21  2.942437e-03
 22  2.599932e-03
 23  2.345736e-03
 24  2.160485e-03
 25  2.023769e-03
 26  1.892956e-03
 27  1.778999e-03
 28  1.703237e-03
 29  1.625452e-03
 30  1.564965e-03
 31  1.503237e-03
 32  1.422107e-03
 33  1.316413e-03
 34  1.188622e-03
 35  1.047404e-03
 36  9.031948e-04
 Iteration CPU time: 8 s
 CFIE residual: 0.000903195

 Iseg, Irank, Idinc : 1, 21, 181
 Thata, Phi : 90.000000, 180.000000
 Maximun iteration: 300
 Number of recycle truncation: 30
 Final matrix dimension:  36708
 Residual error:0.001000
 0  5.892530e-01
 1  2.955845e-01
 2  1.829492e-01
 3  1.292877e-01
 4  9.895997e-02
 5  7.924715e-02
 6  6.475650e-02
 7  5.398764e-02
 8  4.509066e-02
 9  3.731348e-02
 10  3.056758e-02
 11  2.492516e-02
 12  2.023660e-02
 13  1.641502e-02
 14  1.349170e-02
 15  1.110642e-02
 16  9.138162e-03
 17  7.513971e-03
 18  6.376192e-03
 19  5.420058e-03
 20  4.573939e-03
 21  3.924236e-03
 22  3.344114e-03
 23  2.877295e-03
 24  2.538384e-03
 25  2.324552e-03
 26  2.141203e-03
 27  1.974235e-03
 28  1.840030e-03
 29  1.719046e-03
 30  1.608060e-03
 31  1.518594e-03
 32  1.431778e-03
 33  1.308328e-03
 34  1.154973e-03
 35  9.783662e-04
 Iteration CPU time: 8 s
 CFIE residual: 0.000978366

 Iseg, Irank, Idinc : 1, 22, 153
 Thata, Phi : 90.000000, 152.000000
 Maximun iteration: 300
 Number of recycle truncation: 30
 Final matrix dimension:  36708
 Residual error:0.001000
 0  6.364362e-01
 1  3.296501e-01
 2  2.025032e-01
 3  1.348185e-01
 4  9.820296e-02
 5  7.705090e-02
 6  6.026010e-02
 7  4.917321e-02
 8  4.051190e-02
 9  3.452836e-02
 10  2.961584e-02
 11  2.612411e-02
 12  2.280303e-02
 13  1.934460e-02
 14  1.623439e-02
 15  1.410542e-02
 16  1.237541e-02
 17  1.046816e-02
 18  9.072600e-03
 19  7.837900e-03
 20  6.909911e-03
 21  6.106696e-03
 22  5.419765e-03
 23  4.903968e-03
 24  4.562279e-03
 25  4.289307e-03
 26  4.065728e-03
 27  3.860345e-03
 28  3.695670e-03
 29  3.529238e-03
 30  3.274596e-03
 31  3.006018e-03
 32  2.684988e-03
 33  2.375446e-03
 34  1.925108e-03
 35  1.568859e-03
 36  1.265759e-03
 37  9.865252e-04
 Iteration CPU time: 8 s
 CFIE residual: 0.000986525

 Iseg, Irank, Idinc : 1, 23, 77
 Thata, Phi : 90.000000, 76.000000
 Maximun iteration: 300
 Number of recycle truncation: 30
 Final matrix dimension:  36708
 Residual error:0.001000
 0  6.157554e-01
 1  3.548029e-01
 2  2.289279e-01
 3  1.472802e-01
 4  1.042772e-01
 5  7.990438e-02
 6  6.221546e-02
 7  4.852687e-02
 8  3.922233e-02
 9  3.118504e-02
 10  2.572318e-02
 11  2.140498e-02
 12  1.777378e-02
 13  1.544131e-02
 14  1.365560e-02
 15  1.217250e-02
 16  1.122529e-02
 17  1.050243e-02
 18  9.932402e-03
 19  9.433540e-03
 20  9.087725e-03
 21  8.782242e-03
 22  8.446621e-03
 23  8.043671e-03
 24  7.486770e-03
 25  6.808439e-03
 26  6.200798e-03
 27  5.532632e-03
 28  4.857816e-03
 29  4.124698e-03
 30  3.438373e-03
 31  2.834133e-03
 32  2.286587e-03
 33  1.859362e-03
 34  1.505571e-03
 35  1.179310e-03
 36  9.402847e-04
 Iteration CPU time: 8 s
 CFIE residual: 0.000940285

 Iseg, Irank, Idinc : 1, 24, 131
 Thata, Phi : 90.000000, 130.000000
 Maximun iteration: 300
 Number of recycle truncation: 30
 Final matrix dimension:  36708
 Residual error:0.001000
 0  6.760793e-01
 1  3.489217e-01
 2  2.209413e-01
 3  1.504397e-01
 4  1.084680e-01
 5  8.050830e-02
 6  6.277326e-02
 7  4.983809e-02
 8  3.973564e-02
 9  3.304964e-02
 10  2.691351e-02
 11  2.180653e-02
 12  1.756105e-02
 13  1.436968e-02
 14  1.203496e-02
 15  1.033093e-02
 16  8.819466e-03
 17  7.784368e-03
 18  6.942589e-03
 19  6.328963e-03
 20  5.900283e-03
 21  5.565929e-03
 22  5.287621e-03
 23  5.052122e-03
 24  4.832130e-03
 25  4.636413e-03
 26  4.397364e-03
 27  4.144450e-03
 28  3.881154e-03
 29  3.555113e-03
 30  3.185720e-03
 31  2.793136e-03
 32  2.450706e-03
 33  2.098545e-03
 34  1.756898e-03
 35  1.460055e-03
 36  1.211011e-03
 37  9.836160e-04
 Iteration CPU time: 9 s
 CFIE residual: 0.000983616

 Iseg, Irank, Idinc : 1, 25, 48
 Thata, Phi : 90.000000, 47.000000
 Maximun iteration: 300
 Number of recycle truncation: 30
 Final matrix dimension:  36708
 Residual error:0.001000
 0  6.412616e-01
 1  3.324083e-01
 2  2.060920e-01
 3  1.342366e-01
 4  9.695244e-02
 5  7.403068e-02
 6  5.691202e-02
 7  4.335041e-02
 8  3.324507e-02
 9  2.601150e-02
 10  1.994258e-02
 11  1.579054e-02
 12  1.288834e-02
 13  1.070737e-02
 14  9.240725e-03
 15  8.197909e-03
 16  7.326368e-03
 17  6.690383e-03
 18  6.134407e-03
 19  5.756360e-03
 20  5.532514e-03
 21  5.328036e-03
 22  5.083734e-03
 23  4.838763e-03
 24  4.500534e-03
 25  4.113166e-03
 26  3.707030e-03
 27  3.249992e-03
 28  2.757761e-03
 29  2.323858e-03
 30  1.972021e-03
 31  1.648711e-03
 32  1.346886e-03
 33  1.097760e-03
 34  9.184792e-04
 Iteration CPU time: 8 s
 CFIE residual: 0.000918479

 Iseg, Irank, Idinc : 1, 26, 5
 Thata, Phi : 90.000000, 4.000000
 Maximun iteration: 300
 Number of recycle truncation: 30
 Final matrix dimension:  36708
 Residual error:0.001000
 0  5.278580e-01
 1  2.745867e-01
 2  1.772215e-01
 3  1.223505e-01
 4  8.920243e-02
 5  6.717202e-02
 6  5.111159e-02
 7  3.860147e-02
 8  3.031586e-02
 9  2.394077e-02
 10  1.923447e-02
 11  1.529386e-02
 12  1.218287e-02
 13  1.013434e-02
 14  8.292556e-03
 15  6.787684e-03
 16  5.815170e-03
 17  4.976940e-03
 18  4.203462e-03
 19  3.628637e-03
 20  3.143270e-03
 21  2.745049e-03
 22  2.399213e-03
 23  2.076615e-03
 24  1.847095e-03
 25  1.656812e-03
 26  1.464226e-03
 27  1.305907e-03
 28  1.201173e-03
 29  1.123491e-03
 30  1.067664e-03
 31  1.024599e-03
 32  9.837822e-04
 Iteration CPU time: 7 s
 CFIE residual: 0.000983782

 Iseg, Irank, Idinc : 1, 27, 172
 Thata, Phi : 90.000000, 171.000000
 Maximun iteration: 300
 Number of recycle truncation: 30
 Final matrix dimension:  36708
 Residual error:0.001000
 0  5.904156e-01
 1  2.966185e-01
 2  1.845952e-01
 3  1.316595e-01
 4  1.018953e-01
 5  8.180112e-02
 6  6.639488e-02
 7  5.574161e-02
 8  4.647534e-02
 9  3.913799e-02
 10  3.348650e-02
 11  2.850983e-02
 12  2.406265e-02
 13  2.022714e-02
 14  1.735244e-02
 15  1.448277e-02
 16  1.240070e-02
 17  1.051526e-02
 18  8.851425e-03
 19  7.396034e-03
 20  6.382952e-03
 21  5.407680e-03
 22  4.710362e-03
 23  4.164915e-03
 24  3.700777e-03
 25  3.326861e-03
 26  3.030332e-03
 27  2.805477e-03
 28  2.632858e-03
 29  2.488495e-03
 30  2.363950e-03
 31  2.254109e-03
 32  2.148690e-03
 33  2.031582e-03
 34  1.898583e-03
 35  1.732598e-03
 36  1.528611e-03
 37  1.308609e-03
 38  1.078650e-03
 39  8.779518e-04
 Iteration CPU time: 9 s
 CFIE residual: 0.000877952

 Iseg, Irank, Idinc : 1, 28, 96
 Thata, Phi : 90.000000, 95.000000
 Maximun iteration: 300
 Number of recycle truncation: 30
 Final matrix dimension:  36708
 Residual error:0.001000
 0  6.002052e-01
 1  3.417106e-01
 2  2.154111e-01
 3  1.452056e-01
 4  1.039874e-01
 5  7.967716e-02
 6  6.316101e-02
 7  4.959245e-02
 8  3.967207e-02
 9  3.204815e-02
 10  2.651719e-02
 11  2.203593e-02
 12  1.867305e-02
 13  1.625332e-02
 14  1.419781e-02
 15  1.235212e-02
 16  1.087190e-02
 17  9.878654e-03
 18  9.081082e-03
 19  8.400177e-03
 20  7.880209e-03
 21  7.504271e-03
 22  7.200633e-03
 23  6.924094e-03
 24  6.643568e-03
 25  6.330980e-03
 26  5.899786e-03
 27  5.394826e-03
 28  4.734716e-03
 29  4.161737e-03
 30  3.564197e-03
 31  3.042586e-03
 32  2.517191e-03
 33  2.047292e-03
 34  1.640820e-03
 35  1.286902e-03
 36  1.057244e-03
 37  8.623653e-04
 Iteration CPU time: 9 s
 CFIE residual: 0.000862365

 Iseg, Irank, Idinc : 1, 29, 28
 Thata, Phi : 90.000000, 27.000000
 Maximun iteration: 300
 Number of recycle truncation: 30
 Final matrix dimension:  36708
 Residual error:0.001000
 0  6.420043e-01
 1  3.038580e-01
 2  1.783737e-01
 3  1.132446e-01
 4  7.849030e-02
 5  5.749039e-02
 6  4.265856e-02
 7  3.303452e-02
 8  2.637445e-02
 9  2.160895e-02
 10  1.763961e-02
 11  1.434889e-02
 12  1.146931e-02
 13  9.622186e-03
 14  8.139096e-03
 15  6.953740e-03
 16  5.970984e-03
 17  5.068315e-03
 18  4.355850e-03
 19  3.890605e-03
 20  3.558498e-03
 21  3.262953e-03
 22  3.037666e-03
 23  2.861486e-03
 24  2.724870e-03
 25  2.624990e-03
 26  2.523093e-03
 27  2.395043e-03
 28  2.284724e-03
 29  2.124026e-03
 30  1.950779e-03
 31  1.790382e-03
 32  1.594681e-03
 33  1.393229e-03
 34  1.163651e-03
 35  9.892563e-04
 Iteration CPU time: 8 s
 CFIE residual: 0.000989256

 Iseg, Irank, Idinc : 1, 30, 120
 Thata, Phi : 90.000000, 119.000000
 Maximun iteration: 300
 Number of recycle truncation: 30
 Final matrix dimension:  36708
 Residual error:0.001000
 0  6.471485e-01
 1  3.439423e-01
 2  2.167847e-01
 3  1.520519e-01
 4  1.091591e-01
 5  8.137925e-02
 6  6.398270e-02
 7  4.996064e-02
 8  3.990081e-02
 9  3.243938e-02
 10  2.623038e-02
 11  2.104595e-02
 12  1.696581e-02
 13  1.385052e-02
 14  1.177138e-02
 15  1.006699e-02
 16  8.846873e-03
 17  7.983568e-03
 18  7.058974e-03
 19  6.399768e-03
 20  5.998197e-03
 21  5.659611e-03
 22  5.443435e-03
 23  5.230741e-03
 24  5.054013e-03
 25  4.853334e-03
 26  4.622753e-03
 27  4.346362e-03
 28  4.098206e-03
 29  3.818582e-03
 30  3.496365e-03
 31  3.114409e-03
 32  2.701501e-03
 33  2.256204e-03
 34  1.873111e-03
 35  1.550238e-03
 36  1.237807e-03
 37  9.879556e-04
 Iteration CPU time: 8 s
 CFIE residual: 0.000987956

 Iseg, Irank, Idinc : 1, 31, 58
 Thata, Phi : 90.000000, 57.000000
 Maximun iteration: 300
 Number of recycle truncation: 30
 Final matrix dimension:  36708
 Residual error:0.001000
 0  6.591166e-01
 1  3.485681e-01
 2  2.126757e-01
 3  1.336365e-01
 4  9.659012e-02
 5  7.303197e-02
 6  5.625321e-02
 7  4.439397e-02
 8  3.436970e-02
 9  2.763770e-02
 10  2.187734e-02
 11  1.737071e-02
 12  1.420466e-02
 13  1.174270e-02
 14  1.030264e-02
 15  9.313813e-03
 16  8.594538e-03
 17  8.016622e-03
 18  7.566515e-03
 19  7.137223e-03
 20  6.862730e-03
 21  6.629083e-03
 22  6.311320e-03
 23  5.940262e-03
 24  5.347288e-03
 25  4.707449e-03
 26  4.137170e-03
 27  3.553709e-03
 28  2.958883e-03
 29  2.428112e-03
 30  2.017453e-03
 31  1.638516e-03
 32  1.319459e-03
 33  1.048497e-03
 34  8.431577e-04
 Iteration CPU time: 7 s
 CFIE residual: 0.000843158

 Iseg, Irank, Idinc : 1, 32, 179
 Thata, Phi : 90.000000, 178.000000
 Maximun iteration: 300
 Number of recycle truncation: 30
 Final matrix dimension:  36708
 Residual error:0.001000
 0  5.892948e-01
 1  2.956626e-01
 2  1.830916e-01
 3  1.295259e-01
 4  9.936156e-02
 5  7.962548e-02
 6  6.504423e-02
 7  5.425658e-02
 8  4.528560e-02
 9  3.763164e-02
 10  3.098475e-02
 11  2.550755e-02
 12  2.106256e-02
 13  1.701437e-02
 14  1.442315e-02
 15  1.187310e-02
 16  9.862934e-03
 17  8.183863e-03
 18  6.923033e-03
 19  5.789353e-03
 20  4.979785e-03
 21  4.291891e-03
 22  3.673988e-03
 23  3.174792e-03
 24  2.831956e-03
 25  2.558262e-03
 26  2.325498e-03
 27  2.147137e-03
 28  2.002044e-03
 29  1.870957e-03
 30  1.764467e-03
 31  1.688906e-03
 32  1.615091e-03
 33  1.527657e-03
 34  1.425400e-03
 35  1.292204e-03
 36  1.149741e-03
 37  1.002116e-03
 38  8.518442e-04
 Iteration CPU time: 9 s
 CFIE residual: 0.000851844

 Iseg, Irank, Idinc : 1, 33, 142
 Thata, Phi : 90.000000, 141.000000
 Maximun iteration: 300
 Number of recycle truncation: 30
 Final matrix dimension:  36708
 Residual error:0.001000
 0  6.857467e-01
 1  3.493584e-01
 2  2.111176e-01
 3  1.437072e-01
 4  1.036436e-01
 5  7.756706e-02
 6  5.994655e-02
 7  4.707513e-02
 8  3.864854e-02
 9  3.290101e-02
 10  2.802964e-02
 11  2.404812e-02
 12  2.072003e-02
 13  1.776450e-02
 14  1.495125e-02
 15  1.288977e-02
 16  1.118085e-02
 17  9.670876e-03
 18  8.391130e-03
 19  7.506861e-03
 20  6.823249e-03
 21  6.264580e-03
 22  5.873749e-03
 23  5.568004e-03
 24  5.337230e-03
 25  5.138420e-03
 26  4.930935e-03
 27  4.668183e-03
 28  4.414608e-03
 29  4.118580e-03
 30  3.763554e-03
 31  3.297669e-03
 32  2.856845e-03
 33  2.383290e-03
 34  1.956423e-03
 35  1.611311e-03
 36  1.295720e-03
 37  1.020673e-03
 38  7.833540e-04
 Iteration CPU time: 9 s
 CFIE residual: 0.000783354

 Iseg, Irank, Idinc : 1, 34, 3
 Thata, Phi : 90.000000, 2.000000
 Maximun iteration: 300
 Number of recycle truncation: 30
 Final matrix dimension:  36708
 Residual error:0.001000
 0  5.229382e-01
 1  2.734081e-01
 2  1.770839e-01
 3  1.213387e-01
 4  8.827038e-02
 5  6.682360e-02
 6  5.091065e-02
 7  3.806633e-02
 8  2.952670e-02
 9  2.359510e-02
 10  1.913946e-02
 11  1.514131e-02
 12  1.184413e-02
 13  9.933166e-03
 14  8.199164e-03
 15  6.725378e-03
 16  5.709037e-03
 17  4.896371e-03
 18  4.127342e-03
 19  3.576164e-03
 20  3.082180e-03
 21  2.675196e-03
 22  2.335267e-03
 23  2.010383e-03
 24  1.774459e-03
 25  1.566610e-03
 26  1.367345e-03
 27  1.214520e-03
 28  1.098392e-03
 29  1.020646e-03
 30  9.664813e-04
 Iteration CPU time: 7 s
 CFIE residual: 0.000966481

 Iseg, Irank, Idinc : 1, 35, 37
 Thata, Phi : 90.000000, 36.000000
 Maximun iteration: 300
 Number of recycle truncation: 30
 Final matrix dimension:  36708
 Residual error:0.001000
 0  6.231495e-01
 1  3.128001e-01
 2  1.918126e-01
 3  1.213951e-01
 4  8.394119e-02
 5  6.124655e-02
 6  4.626690e-02
 7  3.518577e-02
 8  2.722358e-02
 9  2.161128e-02
 10  1.670300e-02
 11  1.354875e-02
 12  1.108199e-02
 13  9.276000e-03
 14  7.847392e-03
 15  6.732262e-03
 16  5.837502e-03
 17  5.144226e-03
 18  4.555642e-03
 19  4.144948e-03
 20  3.895959e-03
 21  3.681262e-03
 22  3.539380e-03
 23  3.420563e-03
 24  3.292323e-03
 25  3.145598e-03
 26  2.985854e-03
 27  2.766696e-03
 28  2.497459e-03
 29  2.205459e-03
 30  1.938184e-03
 31  1.670758e-03
 32  1.434793e-03
 33  1.203668e-03
 34  1.014325e-03
 35  8.350428e-04
 Iteration CPU time: 8 s
 CFIE residual: 0.000835043

 Iseg, Irank, Idinc : 1, 36, 163
 Thata, Phi : 90.000000, 162.000000
 Maximun iteration: 300
 Number of recycle truncation: 30
 Final matrix dimension:  36708
 Residual error:0.001000
 0  6.072965e-01
 1  3.058701e-01
 2  1.865859e-01
 3  1.292881e-01
 4  9.750670e-02
 5  7.841375e-02
 6  6.303747e-02
 7  5.203111e-02
 8  4.384236e-02
 9  3.827485e-02
 10  3.304078e-02
 11  2.851773e-02
 12  2.469163e-02
 13  2.140840e-02
 14  1.823824e-02
 15  1.569170e-02
 16  1.349867e-02
 17  1.133549e-02
 18  9.705614e-03
 19  8.216856e-03
 20  7.034950e-03
 21  6.020232e-03
 22  5.289985e-03
 23  4.681517e-03
 24  4.210847e-03
 25  3.853921e-03
 26  3.594868e-03
 27  3.375738e-03
 28  3.231917e-03
 29  3.088119e-03
 30  2.929800e-03
 31  2.761395e-03
 32  2.556905e-03
 33  2.338775e-03
 34  2.091948e-03
 35  1.775438e-03
 36  1.463440e-03
 37  1.163991e-03
 38  9.161746e-04
 Iteration CPU time: 9 s
 CFIE residual: 0.000916175

 Iseg, Irank, Idinc : 1, 37, 68
 Thata, Phi : 90.000000, 67.000000
 Maximun iteration: 300
 Number of recycle truncation: 30
 Final matrix dimension:  36708
 Residual error:0.001000
 0  6.467942e-01
 1  3.674886e-01
 2  2.347077e-01
 3  1.500934e-01
 4  1.064316e-01
 5  8.316866e-02
 6  6.324089e-02
 7  5.011390e-02
 8  3.988106e-02
 9  3.262967e-02
 10  2.551061e-02
 11  2.097243e-02
 12  1.712800e-02
 13  1.445092e-02
 14  1.282065e-02
 15  1.156292e-02
 16  1.071089e-02
 17  9.996086e-03
 18  9.487699e-03
 19  9.054900e-03
 20  8.733690e-03
 21  8.465422e-03
 22  8.050187e-03
 23  7.548032e-03
 24  6.813266e-03
 25  6.029366e-03
 26  5.313444e-03
 27  4.634839e-03
 28  3.948713e-03
 29  3.250385e-03
 30  2.640300e-03
 31  2.136582e-03
 32  1.767526e-03
 33  1.407862e-03
 34  1.153215e-03
 35  9.259295e-04
 Iteration CPU time: 8 s
 CFIE residual: 0.00092593

 Iseg, Irank, Idinc : 1, 38, 104
 Thata, Phi : 90.000000, 103.000000
 Maximun iteration: 300
 Number of recycle truncation: 30
 Final matrix dimension:  36708
 Residual error:0.001000
 0  6.098584e-01
 1  3.453211e-01
 2  2.140070e-01
 3  1.471061e-01
 4  1.055089e-01
 5  7.918454e-02
 6  6.068540e-02
 7  4.807192e-02
 8  3.863524e-02
 9  3.180692e-02
 10  2.594677e-02
 11  2.175498e-02
 12  1.790669e-02
 13  1.514403e-02
 14  1.308343e-02
 15  1.133702e-02
 16  1.006627e-02
 17  9.109454e-03
 18  8.215461e-03
 19  7.488517e-03
 20  6.919611e-03
 21  6.506231e-03
 22  6.273243e-03
 23  6.057382e-03
 24  5.869799e-03
 25  5.597827e-03
 26  5.299079e-03
 27  4.865124e-03
 28  4.380108e-03
 29  3.861111e-03
 30  3.309723e-03
 31  2.775145e-03
 32  2.283369e-03
 33  1.864184e-03
 34  1.516612e-03
 35  1.224734e-03
 36  9.917163e-04
 Iteration CPU time: 8 s
 CFIE residual: 0.000991716

 Iseg, Irank, Idinc : 1, 39, 13
 Thata, Phi : 90.000000, 12.000000
 Maximun iteration: 300
 Number of recycle truncation: 30
 Final matrix dimension:  36708
 Residual error:0.001000
 0  5.717307e-01
 1  2.827582e-01
 2  1.770238e-01
 3  1.230442e-01
 4  8.932417e-02
 5  6.661036e-02
 6  5.043137e-02
 7  3.947679e-02
 8  3.098148e-02
 9  2.448752e-02
 10  1.945227e-02
 11  1.522901e-02
 12  1.218576e-02
 13  1.002045e-02
 14  8.358414e-03
 15  6.769930e-03
 16  5.823811e-03
 17  4.974678e-03
 18  4.290713e-03
 19  3.700125e-03
 20  3.257759e-03
 21  2.893126e-03
 22  2.547059e-03
 23  2.283639e-03
 24  2.081891e-03
 25  1.939465e-03
 26  1.792622e-03
 27  1.672928e-03
 28  1.589092e-03
 29  1.510361e-03
 30  1.449914e-03
 31  1.397802e-03
 32  1.332224e-03
 33  1.249087e-03
 34  1.150969e-03
 35  1.033438e-03
 36  9.040715e-04
 Iteration CPU time: 9 s
 CFIE residual: 0.000904071

 Iseg, Irank, Idinc : 1, 40, 180
 Thata, Phi : 90.000000, 179.000000
 Maximun iteration: 300
 Number of recycle truncation: 30
 Final matrix dimension:  36708
 Residual error:0.001000
 0  5.892691e-01
 1  2.956057e-01
 2  1.829863e-01
 3  1.293500e-01
 4  9.907227e-02
 5  7.935382e-02
 6  6.484266e-02
 7  5.406811e-02
 8  4.514782e-02
 9  3.740778e-02
 10  3.068245e-02
 11  2.509558e-02
 12  2.053563e-02
 13  1.661928e-02
 14  1.394885e-02
 15  1.153314e-02
 16  9.567460e-03
 17  7.874322e-03
 18  6.639678e-03
 19  5.575909e-03
 20  4.751983e-03
 21  4.084229e-03
 22  3.499339e-03
 23  3.023242e-03
 24  2.692379e-03
 25  2.439164e-03
 26  2.224459e-03
 27  2.055603e-03
 28  1.919678e-03
 29  1.785436e-03
 30  1.673587e-03
 31  1.591400e-03
 32  1.509667e-03
 33  1.407424e-03
 34  1.281771e-03
 35  1.137892e-03
 36  9.790991e-04
 Iteration CPU time: 8 s
 CFIE residual: 0.000979099
 Last Built End in Sep 21 2025 00:06:12
 Total CPU time: 350 s
 Finished.
