 Last Built Begin in Sep 21 2025 00:06:12
 Pre-Type( Input ):           10
 Skl-Tol ( Input ):    1.0000000000000001E-005
 Wavelength in freespace: 0.0306748

 ################################################
 ##         Generating Required Mesh          ##
 ##         Waiting.....                      ##
 ################################################
 Subd No.      Subd Name
    1    Open-Duct_PRIME_model_meshAA1                                     
 isub,  nnode, npatch,  nedge:
    1      6118     12236     18354
 Scale Factor         >>   1.54999997E-02
 ################################################

 START TIME: 20250922   032314.149


 Informaton for IE geometry:
 number of subdomains     : 1
 maxnode,maxpatch,maxedge : 6118  12236  18354
 
 Index of Mat-Reg: 1
 Mat-Reg Number via MatFlg: 1
 Edge Number of Mat-Reg: 1, 18354

 Number of Edge on PEC: 18354
 Mat-Reg: No Dim(m) Lmax:
    1 0.234    5
 Totlmax, add1, add2:           5           6           7
 rlengmax of Global MLFMA >>   0.23374450849461251     
 Lmax of Global MLFMA >>            5
 Wavenum of Mat-Reg:
    1 1.000

 total area in sq m           =      0.0510
 total area in sq lambda      =     54.1688
 maxnode, maxpatch, maxedge           =     6118    12236    18354
 longest  edge in lambda              =      0.1522
 shortest edge in lambda              =      0.0072
 average  edge in lambda              =      0.1016
 largest  patch area in sq lambda     =      0.0078
 smallest patch area in sq lambda     =      0.0000
 ave    surface area in sq lambda     =      0.0044
 size range of the object in sq lambda =      7.4798

 #### MLFMA Info For Each Region ####
 Mat-Region =            1
 Array dimension parameters:
 maxrule=          14   maxgrid  =          64
 lmax   =           5   ncmax    =        1250
 lsmax  =          26   lsmin    =           7
 kpm    =        1356   kp0      =         102
 ntlm   =      212856   nsm      =      230886
 nkpm   =        2178   niplm    =      139392
 ngnearm=       14257   ngsndm   =       64634
 nearm  =         333   mfinestm =         119
 ###############################

 CFIE Alpha:  0.50000000000000000     

 Fill MLFMA FI for Mat-Reg:           1
 Begin filltl.f
 fill translation matrix
 Level:            2
 fill shifting matrix
 Level:            3
 fill shifting matrix
 Level:            4
 fill shifting matrix
 Level:            5
 fill shifting matrix
 translator time(s):  0.114000008    
 fill interpolation matrix
 ThetaOrder            8
 PhiOrder            8
 lsl            7
 Filling TL                  Delta_CPU=          0.54 Memory(MB)=        653.71
 Filling sndgrp              Delta_CPU=          0.01 Memory(MB)=        653.71
 Filling VFS                 Delta_CPU=          3.21 Memory(MB)=        653.71

 Fill MLFMA NI for Mat-Reg:           1
 Begin fill sparser part of Nearfield
 Begin fill denser part of Nearfield
 End fill
 Filling Amn                 Delta_CPU=         91.16 Memory(MB)=        653.71


 Now testing preconditioner with
 ipretype =           10
 method = cfie_solve_nfrasspspre_pardiso

  
 NBP>>Begin fill sparser part of Nearfield

114.1519% NBP>>Begin fill denser part of Nearfield

200.1041%
 Begin MLFMA Box-Matrix Based Spar-RAS Prec Constructor
 --- Intel MKL PARDISO --- 
 Memory for iGroup: 1 0 MB
 Total Memory For SparRAS Pre: 0 MB
 --- PARDISO PRECONDITIONER INITIALIZED --- 
 Constructing preconditioner CPU time: 4 s
 
 1101240
 Memory for Iteration:: 16.8036 MB

 Iseg, Ninc_S : 1, 181, 0

 Iseg, Skeleton Angles: 1, 39
 Iseg, Skel-Pk Mem(MB): 1, 314.35

 Iseg, Irank, Idinc : 1, 1, 22
 Thata, Phi : 90.000000, 21.000000
 Maximun iteration: 300
 Number of recycle truncation: 30
 Final matrix dimension:  36708
 Residual error:0.001000
 0  6.128371e-01
 1  2.913180e-01
 2  1.658637e-01
 3  1.136807e-01
 4  8.014332e-02
 5  5.925325e-02
 6  4.533962e-02
 7  3.534469e-02
 8  2.786472e-02
 9  2.233379e-02
 10  1.729559e-02
 11  1.387070e-02
 12  1.095903e-02
 13  8.946511e-03
 14  7.342219e-03
 15  6.234614e-03
 16  5.232935e-03
 17  4.413885e-03
 18  3.749031e-03
 19  3.182137e-03
 20  2.774651e-03
 21  2.431909e-03
 22  2.190724e-03
 23  2.004439e-03
 24  1.869111e-03
 25  1.728067e-03
 26  1.589219e-03
 27  1.461375e-03
 28  1.335931e-03
 29  1.216754e-03
 30  1.088116e-03
 31  9.565130e-04
 Iteration CPU time: 8 s
 CFIE residual: 0.000956513

 Iseg, Irank, Idinc : 1, 2, 42
 Thata, Phi : 90.000000, 41.000000
 Maximun iteration: 300
 Number of recycle truncation: 30
 Final matrix dimension:  36708
 Residual error:0.001000
 0  6.261053e-01
 1  3.154098e-01
 2  2.001450e-01
 3  1.303525e-01
 4  8.947192e-02
 5  6.523218e-02
 6  4.824644e-02
 7  3.660216e-02
 8  2.803775e-02
 9  2.147634e-02
 10  1.654882e-02
 11  1.306543e-02
 12  1.064871e-02
 13  8.728086e-03
 14  7.250774e-03
 15  6.144002e-03
 16  5.348946e-03
 17  4.708311e-03
 18  4.279741e-03
 19  3.889851e-03
 20  3.560331e-03
 21  3.274917e-03
 22  3.022938e-03
 23  2.704367e-03
 24  2.426881e-03
 25  2.150205e-03
 26  1.867824e-03
 27  1.565374e-03
 28  1.302085e-03
 29  1.055432e-03
 30  8.522686e-04
 Iteration CPU time: 7 s
 CFIE residual: 0.000852269

 Iseg, Irank, Idinc : 1, 3, 109
 Thata, Phi : 90.000000, 108.000000
 Maximun iteration: 300
 Number of recycle truncation: 30
 Final matrix dimension:  36708
 Residual error:0.001000
 0  6.307171e-01
 1  3.568521e-01
 2  2.243612e-01
 3  1.544193e-01
 4  1.083133e-01
 5  8.147582e-02
 6  6.299162e-02
 7  4.832955e-02
 8  3.797373e-02
 9  3.089735e-02
 10  2.408631e-02
 11  1.896897e-02
 12  1.535743e-02
 13  1.269829e-02
 14  1.043978e-02
 15  8.624494e-03
 16  7.242011e-03
 17  6.217310e-03
 18  5.422643e-03
 19  4.765051e-03
 20  4.238240e-03
 21  3.816468e-03
 22  3.467139e-03
 23  3.152244e-03
 24  2.909527e-03
 25  2.646838e-03
 26  2.399951e-03
 27  2.134224e-03
 28  1.839468e-03
 29  1.545666e-03
 30  1.286491e-03
 31  1.026239e-03
 32  7.889167e-04
 Iteration CPU time: 8 s
 CFIE residual: 0.000788917

 Iseg, Irank, Idinc : 1, 4, 64
 Thata, Phi : 90.000000, 63.000000
 Maximun iteration: 300
 Number of recycle truncation: 30
 Final matrix dimension:  36708
 Residual error:0.001000
 0  6.643655e-01
 1  3.583042e-01
 2  2.235505e-01
 3  1.441748e-01
 4  1.038492e-01
 5  7.908880e-02
 6  6.030014e-02
 7  4.686815e-02
 8  3.743909e-02
 9  3.020240e-02
 10  2.368026e-02
 11  1.905080e-02
 12  1.506284e-02
 13  1.238746e-02
 14  1.048121e-02
 15  9.069707e-03
 16  8.160820e-03
 17  7.477685e-03
 18  6.822102e-03
 19  6.224757e-03
 20  5.722919e-03
 21  5.207685e-03
 22  4.720904e-03
 23  4.277673e-03
 24  3.749101e-03
 25  3.181745e-03
 26  2.702656e-03
 27  2.196353e-03
 28  1.753021e-03
 29  1.392000e-03
 30  1.070171e-03
 31  8.246263e-04
 Iteration CPU time: 7 s
 CFIE residual: 0.000824626

 Iseg, Irank, Idinc : 1, 5, 146
 Thata, Phi : 90.000000, 145.000000
 Maximun iteration: 300
 Number of recycle truncation: 30
 Final matrix dimension:  36708
 Residual error:0.001000
 0  6.550496e-01
 1  3.466688e-01
 2  2.090272e-01
 3  1.448693e-01
 4  1.049761e-01
 5  8.038528e-02
 6  6.314022e-02
 7  4.986977e-02
 8  4.178739e-02
 9  3.489904e-02
 10  2.929262e-02
 11  2.470883e-02
 12  2.027034e-02
 13  1.620373e-02
 14  1.300419e-02
 15  1.054808e-02
 16  8.444631e-03
 17  7.035290e-03
 18  5.796344e-03
 19  4.779074e-03
 20  4.022758e-03
 21  3.403577e-03
 22  2.969073e-03
 23  2.640546e-03
 24  2.355794e-03
 25  2.180228e-03
 26  2.020399e-03
 27  1.864120e-03
 28  1.691199e-03
 29  1.518349e-03
 30  1.346272e-03
 31  1.132048e-03
 32  9.288392e-04
 Iteration CPU time: 7 s
 CFIE residual: 0.000928839

 Iseg, Irank, Idinc : 1, 6, 74
 Thata, Phi : 90.000000, 73.000000
 Maximun iteration: 300
 Number of recycle truncation: 30
 Final matrix dimension:  36708
 Residual error:0.001000
 0  6.426391e-01
 1  3.679795e-01
 2  2.393755e-01
 3  1.509229e-01
 4  1.056739e-01
 5  8.030531e-02
 6  6.302807e-02
 7  4.991136e-02
 8  3.977364e-02
 9  3.297870e-02
 10  2.573527e-02
 11  2.059058e-02
 12  1.671199e-02
 13  1.417913e-02
 14  1.221512e-02
 15  1.066613e-02
 16  9.426137e-03
 17  8.534358e-03
 18  7.755045e-03
 19  7.074067e-03
 20  6.492139e-03
 21  5.959094e-03
 22  5.430912e-03
 23  4.931864e-03
 24  4.400630e-03
 25  3.887060e-03
 26  3.340473e-03
 27  2.803538e-03
 28  2.313215e-03
 29  1.886369e-03
 30  1.511396e-03
 31  1.190209e-03
 32  9.166326e-04
 Iteration CPU time: 8 s
 CFIE residual: 0.000916633

 Iseg, Irank, Idinc : 1, 7, 159
 Thata, Phi : 90.000000, 158.000000
 Maximun iteration: 300
 Number of recycle truncation: 30
 Final matrix dimension:  36708
 Residual error:0.001000
 0  6.095244e-01
 1  3.131819e-01
 2  1.910793e-01
 3  1.311416e-01
 4  1.000794e-01
 5  7.988405e-02
 6  6.432683e-02
 7  5.160938e-02
 8  4.421469e-02
 9  3.810996e-02
 10  3.186185e-02
 11  2.643700e-02
 12  2.145283e-02
 13  1.764915e-02
 14  1.427148e-02
 15  1.161603e-02
 16  9.376834e-03
 17  7.714490e-03
 18  6.238452e-03
 19  5.156786e-03
 20  4.213448e-03
 21  3.518711e-03
 22  3.022210e-03
 23  2.645788e-03
 24  2.341969e-03
 25  2.050553e-03
 26  1.860840e-03
 27  1.705859e-03
 28  1.577419e-03
 29  1.456458e-03
 30  1.342262e-03
 31  1.226295e-03
 32  1.082592e-03
 33  9.375556e-04
 Iteration CPU time: 8 s
 CFIE residual: 0.000937556

 Iseg, Irank, Idinc : 1, 8, 121
 Thata, Phi : 90.000000, 120.000000
 Maximun iteration: 300
 Number of recycle truncation: 30
 Final matrix dimension:  36708
 Residual error:0.001000
 0  6.516435e-01
 1  3.451626e-01
 2  2.248950e-01
 3  1.564355e-01
 4  1.108349e-01
 5  8.336357e-02
 6  6.412760e-02
 7  5.017202e-02
 8  3.877115e-02
 9  3.022790e-02
 10  2.369306e-02
 11  1.876146e-02
 12  1.531177e-02
 13  1.257934e-02
 14  1.027875e-02
 15  8.785668e-03
 16  7.434803e-03
 17  6.430251e-03
 18  5.650283e-03
 19  4.963753e-03
 20  4.397000e-03
 21  3.984490e-03
 22  3.606199e-03
 23  3.277199e-03
 24  2.983308e-03
 25  2.744675e-03
 26  2.495786e-03
 27  2.267934e-03
 28  2.056263e-03
 29  1.794117e-03
 30  1.536459e-03
 31  1.278915e-03
 32  1.015356e-03
 33  7.768475e-04
 Iteration CPU time: 7 s
 CFIE residual: 0.000776847

 Iseg, Irank, Idinc : 1, 9, 131
 Thata, Phi : 90.000000, 130.000000
 Maximun iteration: 300
 Number of recycle truncation: 30
 Final matrix dimension:  36708
 Residual error:0.001000
 0  6.804062e-01
 1  3.581174e-01
 2  2.305924e-01
 3  1.567304e-01
 4  1.117850e-01
 5  8.609166e-02
 6  6.554753e-02
 7  5.071418e-02
 8  4.044482e-02
 9  3.181915e-02
 10  2.539210e-02
 11  2.023693e-02
 12  1.603598e-02
 13  1.311493e-02
 14  1.080151e-02
 15  8.917877e-03
 16  7.388146e-03
 17  6.210176e-03
 18  5.283123e-03
 19  4.643301e-03
 20  4.179587e-03
 21  3.792335e-03
 22  3.488087e-03
 23  3.181195e-03
 24  2.928515e-03
 25  2.697033e-03
 26  2.452281e-03
 27  2.244908e-03
 28  2.030972e-03
 29  1.827058e-03
 30  1.584273e-03
 31  1.351754e-03
 32  1.118624e-03
 33  9.083329e-04
 Iteration CPU time: 7 s
 CFIE residual: 0.000908333

 Iseg, Irank, Idinc : 1, 10, 89
 Thata, Phi : 90.000000, 88.000000
 Maximun iteration: 300
 Number of recycle truncation: 30
 Final matrix dimension:  36708
 Residual error:0.001000
 0  6.187405e-01
 1  3.541558e-01
 2  2.283495e-01
 3  1.550564e-01
 4  1.106592e-01
 5  8.626290e-02
 6  6.719058e-02
 7  5.315459e-02
 8  4.264005e-02
 9  3.509344e-02
 10  2.786598e-02
 11  2.166726e-02
 12  1.728660e-02
 13  1.407497e-02
 14  1.192103e-02
 15  1.018566e-02
 16  8.777381e-03
 17  7.758362e-03
 18  7.009701e-03
 19  6.382233e-03
 20  5.890557e-03
 21  5.443490e-03
 22  5.000866e-03
 23  4.559864e-03
 24  4.083339e-03
 25  3.623224e-03
 26  3.169274e-03
 27  2.754903e-03
 28  2.276564e-03
 29  1.818304e-03
 30  1.445754e-03
 31  1.142333e-03
 32  9.111296e-04
 Iteration CPU time: 8 s
 CFIE residual: 0.00091113

 Iseg, Irank, Idinc : 1, 11, 53
 Thata, Phi : 90.000000, 52.000000
 Maximun iteration: 300
 Number of recycle truncation: 30
 Final matrix dimension:  36708
 Residual error:0.001000
 0  6.479135e-01
 1  3.368212e-01
 2  2.083580e-01
 3  1.350909e-01
 4  9.660411e-02
 5  7.140966e-02
 6  5.471519e-02
 7  4.271508e-02
 8  3.296767e-02
 9  2.473135e-02
 10  1.960097e-02
 11  1.554493e-02
 12  1.255801e-02
 13  1.045560e-02
 14  8.874711e-03
 15  7.655880e-03
 16  6.847136e-03
 17  6.170867e-03
 18  5.590757e-03
 19  5.106672e-03
 20  4.636587e-03
 21  4.186281e-03
 22  3.848083e-03
 23  3.463517e-03
 24  3.006596e-03
 25  2.545177e-03
 26  2.157565e-03
 27  1.749838e-03
 28  1.441224e-03
 29  1.139491e-03
 30  8.829320e-04
 Iteration CPU time: 7 s
 CFIE residual: 0.000882932

 Iseg, Irank, Idinc : 1, 12, 32
 Thata, Phi : 90.000000, 31.000000
 Maximun iteration: 300
 Number of recycle truncation: 30
 Final matrix dimension:  36708
 Residual error:0.001000
 0  6.317563e-01
 1  3.058962e-01
 2  1.795890e-01
 3  1.137065e-01
 4  7.998417e-02
 5  5.910371e-02
 6  4.340836e-02
 7  3.277310e-02
 8  2.535523e-02
 9  2.028127e-02
 10  1.630555e-02
 11  1.299142e-02
 12  1.017065e-02
 13  8.527703e-03
 14  6.939097e-03
 15  5.877201e-03
 16  5.059613e-03
 17  4.343296e-03
 18  3.807374e-03
 19  3.328054e-03
 20  2.969863e-03
 21  2.677866e-03
 22  2.472546e-03
 23  2.308352e-03
 24  2.142448e-03
 25  1.956411e-03
 26  1.774466e-03
 27  1.602332e-03
 28  1.415325e-03
 29  1.213521e-03
 30  1.019860e-03
 31  8.442431e-04
 Iteration CPU time: 7 s
 CFIE residual: 0.000844243

 Iseg, Irank, Idinc : 1, 13, 11
 Thata, Phi : 90.000000, 10.000000
 Maximun iteration: 300
 Number of recycle truncation: 30
 Final matrix dimension:  36708
 Residual error:0.001000
 0  5.420530e-01
 1  2.759475e-01
 2  1.727953e-01
 3  1.228359e-01
 4  8.800810e-02
 5  6.644097e-02
 6  5.114432e-02
 7  3.948162e-02
 8  3.060740e-02
 9  2.437675e-02
 10  1.906904e-02
 11  1.480863e-02
 12  1.151615e-02
 13  9.270611e-03
 14  7.555986e-03
 15  6.217088e-03
 16  5.210428e-03
 17  4.358911e-03
 18  3.736917e-03
 19  3.226213e-03
 20  2.803279e-03
 21  2.443054e-03
 22  2.158201e-03
 23  1.907225e-03
 24  1.755622e-03
 25  1.623235e-03
 26  1.509301e-03
 27  1.394223e-03
 28  1.304150e-03
 29  1.204395e-03
 30  1.100987e-03
 31  9.879416e-04
 Iteration CPU time: 7 s
 CFIE residual: 0.000987942

 Iseg, Irank, Idinc : 1, 14, 178
 Thata, Phi : 90.000000, 177.000000
 Maximun iteration: 300
 Number of recycle truncation: 30
 Final matrix dimension:  36708
 Residual error:0.001000
 0  5.595630e-01
 1  2.991478e-01
 2  1.909626e-01
 3  1.350297e-01
 4  1.060055e-01
 5  8.158053e-02
 6  6.641735e-02
 7  5.496739e-02
 8  4.501889e-02
 9  3.520244e-02
 10  2.783176e-02
 11  2.232533e-02
 12  1.779790e-02
 13  1.395075e-02
 14  1.117728e-02
 15  8.825930e-03
 16  6.979666e-03
 17  5.778994e-03
 18  4.695414e-03
 19  3.867737e-03
 20  3.105162e-03
 21  2.555251e-03
 22  2.196028e-03
 23  1.914662e-03
 24  1.648439e-03
 25  1.433810e-03
 26  1.267738e-03
 27  1.127286e-03
 28  1.029789e-03
 29  9.470902e-04
 Iteration CPU time: 6 s
 CFIE residual: 0.00094709

 Iseg, Irank, Idinc : 1, 15, 97
 Thata, Phi : 90.000000, 96.000000
 Maximun iteration: 300
 Number of recycle truncation: 30
 Final matrix dimension:  36708
 Residual error:0.001000
 0  6.168051e-01
 1  3.530828e-01
 2  2.231007e-01
 3  1.487962e-01
 4  1.065664e-01
 5  8.124729e-02
 6  6.261823e-02
 7  5.005555e-02
 8  3.975399e-02
 9  3.191070e-02
 10  2.561346e-02
 11  2.045173e-02
 12  1.654919e-02
 13  1.373238e-02
 14  1.154392e-02
 15  9.578776e-03
 16  8.143705e-03
 17  7.120773e-03
 18  6.326369e-03
 19  5.724936e-03
 20  5.244279e-03
 21  4.782797e-03
 22  4.356329e-03
 23  4.034105e-03
 24  3.687869e-03
 25  3.337957e-03
 26  3.006657e-03
 27  2.664222e-03
 28  2.276356e-03
 29  1.859194e-03
 30  1.476614e-03
 31  1.173276e-03
 32  8.953397e-04
 Iteration CPU time: 8 s
 CFIE residual: 0.00089534

 Iseg, Irank, Idinc : 1, 16, 81
 Thata, Phi : 90.000000, 80.000000
 Maximun iteration: 300
 Number of recycle truncation: 30
 Final matrix dimension:  36708
 Residual error:0.001000
 0  6.246603e-01
 1  3.575054e-01
 2  2.320443e-01
 3  1.522058e-01
 4  1.089528e-01
 5  8.493288e-02
 6  6.503185e-02
 7  5.221940e-02
 8  4.140925e-02
 9  3.353868e-02
 10  2.661370e-02
 11  2.080403e-02
 12  1.659706e-02
 13  1.377197e-02
 14  1.172873e-02
 15  1.022645e-02
 16  8.993884e-03
 17  7.995188e-03
 18  7.223985e-03
 19  6.601093e-03
 20  6.045597e-03
 21  5.609645e-03
 22  5.163624e-03
 23  4.718495e-03
 24  4.189719e-03
 25  3.717575e-03
 26  3.236084e-03
 27  2.781839e-03
 28  2.336025e-03
 29  1.900891e-03
 30  1.532125e-03
 31  1.228834e-03
 32  9.651402e-04
 Iteration CPU time: 8 s
 CFIE residual: 0.00096514

 Iseg, Irank, Idinc : 1, 17, 1
 Thata, Phi : 90.000000, 0.000000
 Maximun iteration: 300
 Number of recycle truncation: 30
 Final matrix dimension:  36708
 Residual error:0.001000
 0  5.078270e-01
 1  2.680228e-01
 2  1.736495e-01
 3  1.206671e-01
 4  8.567014e-02
 5  6.428838e-02
 6  4.960391e-02
 7  3.808036e-02
 8  2.912453e-02
 9  2.269829e-02
 10  1.726742e-02
 11  1.348587e-02
 12  1.117979e-02
 13  8.756106e-03
 14  7.133235e-03
 15  5.633103e-03
 16  4.594320e-03
 17  3.797178e-03
 18  3.254828e-03
 19  2.810394e-03
 20  2.451191e-03
 21  2.174442e-03
 22  1.926161e-03
 23  1.685366e-03
 24  1.516396e-03
 25  1.392041e-03
 26  1.296867e-03
 27  1.210815e-03
 28  1.114674e-03
 29  1.016791e-03
 30  8.865866e-04
 Iteration CPU time: 7 s
 CFIE residual: 0.000886587

 Iseg, Irank, Idinc : 1, 18, 167
 Thata, Phi : 90.000000, 166.000000
 Maximun iteration: 300
 Number of recycle truncation: 30
 Final matrix dimension:  36708
 Residual error:0.001000
 0  5.794402e-01
 1  3.018522e-01
 2  1.884668e-01
 3  1.337953e-01
 4  1.045646e-01
 5  8.306518e-02
 6  6.839215e-02
 7  5.550272e-02
 8  4.641093e-02
 9  3.876145e-02
 10  3.285171e-02
 11  2.715395e-02
 12  2.243008e-02
 13  1.799041e-02
 14  1.473266e-02
 15  1.209159e-02
 16  9.844337e-03
 17  8.062349e-03
 18  6.466034e-03
 19  5.207231e-03
 20  4.269935e-03
 21  3.491271e-03
 22  2.957391e-03
 23  2.504605e-03
 24  2.152938e-03
 25  1.834171e-03
 26  1.588881e-03
 27  1.429543e-03
 28  1.314958e-03
 29  1.220275e-03
 30  1.138630e-03
 31  1.055257e-03
 32  9.564144e-04
 Iteration CPU time: 7 s
 CFIE residual: 0.000956414

 Iseg, Irank, Idinc : 1, 19, 139
 Thata, Phi : 90.000000, 138.000000
 Maximun iteration: 300
 Number of recycle truncation: 30
 Final matrix dimension:  36708
 Residual error:0.001000
 0  6.938223e-01
 1  3.556479e-01
 2  2.191470e-01
 3  1.511752e-01
 4  1.101465e-01
 5  8.357136e-02
 6  6.342259e-02
 7  5.013489e-02
 8  4.136963e-02
 9  3.339827e-02
 10  2.720880e-02
 11  2.265862e-02
 12  1.833175e-02
 13  1.480515e-02
 14  1.172565e-02
 15  9.540284e-03
 16  7.773833e-03
 17  6.483964e-03
 18  5.395888e-03
 19  4.566884e-03
 20  3.978245e-03
 21  3.538745e-03
 22  3.219788e-03
 23  2.911737e-03
 24  2.678214e-03
 25  2.501729e-03
 26  2.307558e-03
 27  2.115423e-03
 28  1.913203e-03
 29  1.717134e-03
 30  1.514850e-03
 31  1.280434e-03
 32  1.064477e-03
 33  8.759368e-04
 Iteration CPU time: 8 s
 CFIE residual: 0.000875937

 Iseg, Irank, Idinc : 1, 20, 103
 Thata, Phi : 90.000000, 102.000000
 Maximun iteration: 300
 Number of recycle truncation: 30
 Final matrix dimension:  36708
 Residual error:0.001000
 0  6.171053e-01
 1  3.533906e-01
 2  2.226328e-01
 3  1.506533e-01
 4  1.052348e-01
 5  7.913805e-02
 6  6.153408e-02
 7  4.772739e-02
 8  3.752066e-02
 9  3.068674e-02
 10  2.486434e-02
 11  1.987476e-02
 12  1.591404e-02
 13  1.309813e-02
 14  1.085737e-02
 15  9.020365e-03
 16  7.562904e-03
 17  6.598882e-03
 18  5.800484e-03
 19  5.205317e-03
 20  4.705828e-03
 21  4.307306e-03
 22  3.899442e-03
 23  3.569463e-03
 24  3.275464e-03
 25  2.974141e-03
 26  2.685363e-03
 27  2.430369e-03
 28  2.107872e-03
 29  1.786131e-03
 30  1.474407e-03
 31  1.179617e-03
 32  9.140279e-04
 Iteration CPU time: 7 s
 CFIE residual: 0.000914028

 Iseg, Irank, Idinc : 1, 21, 153
 Thata, Phi : 90.000000, 152.000000
 Maximun iteration: 300
 Number of recycle truncation: 30
 Final matrix dimension:  36708
 Residual error:0.001000
 0  6.309544e-01
 1  3.293947e-01
 2  2.005735e-01
 3  1.369318e-01
 4  1.018422e-01
 5  7.967790e-02
 6  6.343995e-02
 7  5.038439e-02
 8  4.274602e-02
 9  3.586586e-02
 10  3.051178e-02
 11  2.556291e-02
 12  2.048605e-02
 13  1.644446e-02
 14  1.335547e-02
 15  1.092185e-02
 16  8.829323e-03
 17  7.255589e-03
 18  5.886392e-03
 19  4.859954e-03
 20  4.073073e-03
 21  3.386512e-03
 22  2.950252e-03
 23  2.594519e-03
 24  2.308008e-03
 25  2.080606e-03
 26  1.913618e-03
 27  1.748205e-03
 28  1.594841e-03
 29  1.466783e-03
 30  1.313983e-03
 31  1.153667e-03
 32  9.701356e-04
 Iteration CPU time: 7 s
 CFIE residual: 0.000970136

 Iseg, Irank, Idinc : 1, 22, 181
 Thata, Phi : 90.000000, 180.000000
 Maximun iteration: 300
 Number of recycle truncation: 30
 Final matrix dimension:  36708
 Residual error:0.001000
 0  5.583964e-01
 1  2.991116e-01
 2  1.909370e-01
 3  1.348466e-01
 4  1.056997e-01
 5  8.095513e-02
 6  6.583313e-02
 7  5.448133e-02
 8  4.443369e-02
 9  3.447795e-02
 10  2.704454e-02
 11  2.146023e-02
 12  1.636092e-02
 13  1.274096e-02
 14  9.958607e-03
 15  7.756151e-03
 16  5.962565e-03
 17  4.813221e-03
 18  3.900274e-03
 19  3.077398e-03
 20  2.555037e-03
 21  2.192460e-03
 22  1.882270e-03
 23  1.627500e-03
 24  1.416823e-03
 25  1.265690e-03
 26  1.152403e-03
 27  1.042915e-03
 28  9.609166e-04
 Iteration CPU time: 7 s
 CFIE residual: 0.000960917

 Iseg, Irank, Idinc : 1, 23, 6
 Thata, Phi : 90.000000, 5.000000
 Maximun iteration: 300
 Number of recycle truncation: 30
 Final matrix dimension:  36708
 Residual error:0.001000
 0  5.177330e-01
 1  2.704615e-01
 2  1.733002e-01
 3  1.216350e-01
 4  8.727884e-02
 5  6.602906e-02
 6  5.047602e-02
 7  3.813859e-02
 8  2.901245e-02
 9  2.330001e-02
 10  1.846810e-02
 11  1.454609e-02
 12  1.140156e-02
 13  9.141939e-03
 14  7.629397e-03
 15  6.182338e-03
 16  5.116926e-03
 17  4.268042e-03
 18  3.624407e-03
 19  3.140094e-03
 20  2.751718e-03
 21  2.404135e-03
 22  2.120003e-03
 23  1.854873e-03
 24  1.678537e-03
 25  1.536642e-03
 26  1.426394e-03
 27  1.326249e-03
 28  1.236912e-03
 29  1.133261e-03
 30  1.026010e-03
 31  9.120547e-04
 Iteration CPU time: 7 s
 CFIE residual: 0.000912055

 Iseg, Irank, Idinc : 1, 24, 59
 Thata, Phi : 90.000000, 58.000000
 Maximun iteration: 300
 Number of recycle truncation: 30
 Final matrix dimension:  36708
 Residual error:0.001000
 0  6.623842e-01
 1  3.468245e-01
 2  2.156565e-01
 3  1.368674e-01
 4  9.725391e-02
 5  7.199384e-02
 6  5.571126e-02
 7  4.389698e-02
 8  3.509300e-02
 9  2.708000e-02
 10  2.066852e-02
 11  1.656029e-02
 12  1.346069e-02
 13  1.112743e-02
 14  9.382785e-03
 15  8.067559e-03
 16  7.245519e-03
 17  6.588435e-03
 18  5.998436e-03
 19  5.489850e-03
 20  5.041620e-03
 21  4.605594e-03
 22  4.109570e-03
 23  3.694777e-03
 24  3.232586e-03
 25  2.766186e-03
 26  2.322226e-03
 27  1.912587e-03
 28  1.548968e-03
 29  1.236166e-03
 30  9.711898e-04
 Iteration CPU time: 7 s
 CFIE residual: 0.00097119

 Iseg, Irank, Idinc : 1, 25, 17
 Thata, Phi : 90.000000, 16.000000
 Maximun iteration: 300
 Number of recycle truncation: 30
 Final matrix dimension:  36708
 Residual error:0.001000
 0  5.806555e-01
 1  2.839602e-01
 2  1.698157e-01
 3  1.191829e-01
 4  8.449367e-02
 5  6.344619e-02
 6  4.931827e-02
 7  3.841309e-02
 8  3.003211e-02
 9  2.363974e-02
 10  1.843211e-02
 11  1.476516e-02
 12  1.144213e-02
 13  9.176915e-03
 14  7.443502e-03
 15  6.338227e-03
 16  5.308936e-03
 17  4.468539e-03
 18  3.788256e-03
 19  3.218125e-03
 20  2.809685e-03
 21  2.425270e-03
 22  2.166473e-03
 23  1.940826e-03
 24  1.797609e-03
 25  1.667780e-03
 26  1.546364e-03
 27  1.426181e-03
 28  1.324446e-03
 29  1.222036e-03
 30  1.106260e-03
 31  9.861535e-04
 Iteration CPU time: 7 s
 CFIE residual: 0.000986153

 Iseg, Irank, Idinc : 1, 26, 115
 Thata, Phi : 90.000000, 114.000000
 Maximun iteration: 300
 Number of recycle truncation: 30
 Final matrix dimension:  36708
 Residual error:0.001000
 0  6.455312e-01
 1  3.509417e-01
 2  2.217603e-01
 3  1.548910e-01
 4  1.097572e-01
 5  8.174942e-02
 6  6.220783e-02
 7  4.817903e-02
 8  3.808242e-02
 9  3.015923e-02
 10  2.337598e-02
 11  1.831691e-02
 12  1.513232e-02
 13  1.260280e-02
 14  1.034407e-02
 15  8.540286e-03
 16  7.253065e-03
 17  6.253234e-03
 18  5.420005e-03
 19  4.736898e-03
 20  4.262533e-03
 21  3.819989e-03
 22  3.484259e-03
 23  3.159387e-03
 24  2.916113e-03
 25  2.662398e-03
 26  2.434093e-03
 27  2.176038e-03
 28  1.932246e-03
 29  1.669658e-03
 30  1.398437e-03
 31  1.105074e-03
 32  8.542297e-04
 Iteration CPU time: 8 s
 CFIE residual: 0.00085423

 Iseg, Irank, Idinc : 1, 27, 173
 Thata, Phi : 90.000000, 172.000000
 Maximun iteration: 300
 Number of recycle truncation: 30
 Final matrix dimension:  36708
 Residual error:0.001000
 0  5.657156e-01
 1  2.994705e-01
 2  1.906734e-01
 3  1.354982e-01
 4  1.067099e-01
 5  8.326547e-02
 6  6.827895e-02
 7  5.609253e-02
 8  4.650774e-02
 9  3.755376e-02
 10  3.081113e-02
 11  2.537236e-02
 12  2.095099e-02
 13  1.677528e-02
 14  1.373255e-02
 15  1.119180e-02
 16  9.235328e-03
 17  7.487894e-03
 18  5.909160e-03
 19  4.821001e-03
 20  3.905531e-03
 21  3.161545e-03
 22  2.695563e-03
 23  2.306807e-03
 24  1.964519e-03
 25  1.680053e-03
 26  1.448516e-03
 27  1.283352e-03
 28  1.168268e-03
 29  1.077493e-03
 30  1.007171e-03
 31  9.318944e-04
 Iteration CPU time: 7 s
 CFIE residual: 0.000931894

 Iseg, Irank, Idinc : 1, 28, 37
 Thata, Phi : 90.000000, 36.000000
 Maximun iteration: 300
 Number of recycle truncation: 30
 Final matrix dimension:  36708
 Residual error:0.001000
 0  6.220390e-01
 1  3.123485e-01
 2  1.926690e-01
 3  1.225805e-01
 4  8.382035e-02
 5  6.160552e-02
 6  4.505408e-02
 7  3.395057e-02
 8  2.617288e-02
 9  2.033874e-02
 10  1.601168e-02
 11  1.282406e-02
 12  1.021933e-02
 13  8.452606e-03
 14  6.982746e-03
 15  5.923534e-03
 16  5.049188e-03
 17  4.394114e-03
 18  3.915511e-03
 19  3.489641e-03
 20  3.161511e-03
 21  2.896172e-03
 22  2.686366e-03
 23  2.459041e-03
 24  2.257531e-03
 25  2.050493e-03
 26  1.818551e-03
 27  1.585454e-03
 28  1.368303e-03
 29  1.145692e-03
 30  9.443622e-04
 Iteration CPU time: 7 s
 CFIE residual: 0.000944362

 Iseg, Irank, Idinc : 1, 29, 69
 Thata, Phi : 90.000000, 68.000000
 Maximun iteration: 300
 Number of recycle truncation: 30
 Final matrix dimension:  36708
 Residual error:0.001000
 0  6.562957e-01
 1  3.670086e-01
 2  2.338304e-01
 3  1.508546e-01
 4  1.086391e-01
 5  8.242001e-02
 6  6.337378e-02
 7  4.993936e-02
 8  4.049202e-02
 9  3.335140e-02
 10  2.617664e-02
 11  2.061939e-02
 12  1.654425e-02
 13  1.385590e-02
 14  1.183371e-02
 15  1.038456e-02
 16  9.301482e-03
 17  8.426445e-03
 18  7.690053e-03
 19  6.979072e-03
 20  6.414927e-03
 21  5.854081e-03
 22  5.362032e-03
 23  4.878382e-03
 24  4.311037e-03
 25  3.743560e-03
 26  3.181585e-03
 27  2.652669e-03
 28  2.147254e-03
 29  1.729688e-03
 30  1.359450e-03
 31  1.063390e-03
 32  8.243093e-04
 Iteration CPU time: 8 s
 CFIE residual: 0.000824309

 Iseg, Irank, Idinc : 1, 30, 126
 Thata, Phi : 90.000000, 125.000000
 Maximun iteration: 300
 Number of recycle truncation: 30
 Final matrix dimension:  36708
 Residual error:0.001000
 0  6.595079e-01
 1  3.473538e-01
 2  2.288807e-01
 3  1.578121e-01
 4  1.126353e-01
 5  8.590297e-02
 6  6.560659e-02
 7  5.106265e-02
 8  3.966798e-02
 9  3.078400e-02
 10  2.450806e-02
 11  1.953483e-02
 12  1.550061e-02
 13  1.267691e-02
 14  1.045243e-02
 15  8.950218e-03
 16  7.564938e-03
 17  6.473535e-03
 18  5.601011e-03
 19  4.912350e-03
 20  4.401319e-03
 21  3.978667e-03
 22  3.637623e-03
 23  3.343241e-03
 24  3.039394e-03
 25  2.788036e-03
 26  2.560788e-03
 27  2.356057e-03
 28  2.141897e-03
 29  1.935471e-03
 30  1.695566e-03
 31  1.451899e-03
 32  1.210775e-03
 33  9.913102e-04
 Iteration CPU time: 8 s
 CFIE residual: 0.00099131

 Iseg, Irank, Idinc : 1, 31, 3
 Thata, Phi : 90.000000, 2.000000
 Maximun iteration: 300
 Number of recycle truncation: 30
 Final matrix dimension:  36708
 Residual error:0.001000
 0  5.095110e-01
 1  2.684445e-01
 2  1.735736e-01
 3  1.208155e-01
 4  8.596365e-02
 5  6.466435e-02
 6  4.977716e-02
 7  3.798772e-02
 8  2.899638e-02
 9  2.271499e-02
 10  1.754071e-02
 11  1.397503e-02
 12  1.131949e-02
 13  8.909149e-03
 14  7.344041e-03
 15  5.956221e-03
 16  4.953778e-03
 17  4.125034e-03
 18  3.489728e-03
 19  3.024554e-03
 20  2.653449e-03
 21  2.347665e-03
 22  2.066923e-03
 23  1.800069e-03
 24  1.616373e-03
 25  1.474558e-03
 26  1.359281e-03
 27  1.265271e-03
 28  1.171757e-03
 29  1.073517e-03
 30  9.584602e-04
 Iteration CPU time: 7 s
 CFIE residual: 0.00095846

 Iseg, Irank, Idinc : 1, 32, 163
 Thata, Phi : 90.000000, 162.000000
 Maximun iteration: 300
 Number of recycle truncation: 30
 Final matrix dimension:  36708
 Residual error:0.001000
 0  5.932544e-01
 1  3.060349e-01
 2  1.878138e-01
 3  1.314851e-01
 4  1.017461e-01
 5  8.167732e-02
 6  6.657293e-02
 7  5.369258e-02
 8  4.535914e-02
 9  3.880147e-02
 10  3.286297e-02
 11  2.734142e-02
 12  2.254404e-02
 13  1.818612e-02
 14  1.474854e-02
 15  1.207803e-02
 16  9.820299e-03
 17  8.111155e-03
 18  6.549503e-03
 19  5.280456e-03
 20  4.351717e-03
 21  3.576301e-03
 22  3.041344e-03
 23  2.594453e-03
 24  2.251563e-03
 25  1.931914e-03
 26  1.724958e-03
 27  1.572557e-03
 28  1.456867e-03
 29  1.352245e-03
 30  1.254811e-03
 31  1.162626e-03
 32  1.043880e-03
 33  9.141887e-04
 Iteration CPU time: 7 s
 CFIE residual: 0.000914189

 Iseg, Irank, Idinc : 1, 33, 47
 Thata, Phi : 90.000000, 46.000000
 Maximun iteration: 300
 Number of recycle truncation: 30
 Final matrix dimension:  36708
 Residual error:0.001000
 0  6.348965e-01
 1  3.235344e-01
 2  2.037742e-01
 3  1.340149e-01
 4  9.496517e-02
 5  7.057115e-02
 6  5.290824e-02
 7  4.070658e-02
 8  3.112956e-02
 9  2.411966e-02
 10  1.871059e-02
 11  1.454256e-02
 12  1.170059e-02
 13  9.608314e-03
 14  8.026402e-03
 15  6.824057e-03
 16  6.052244e-03
 17  5.404719e-03
 18  4.933860e-03
 19  4.566478e-03
 20  4.152928e-03
 21  3.739747e-03
 22  3.427115e-03
 23  3.072040e-03
 24  2.702953e-03
 25  2.349375e-03
 26  2.028229e-03
 27  1.679420e-03
 28  1.397177e-03
 29  1.136482e-03
 30  9.036826e-04
 Iteration CPU time: 8 s
 CFIE residual: 0.000903683

 Iseg, Irank, Idinc : 1, 34, 27
 Thata, Phi : 90.000000, 26.000000
 Maximun iteration: 300
 Number of recycle truncation: 30
 Final matrix dimension:  36708
 Residual error:0.001000
 0  6.327960e-01
 1  2.985662e-01
 2  1.681318e-01
 3  1.100885e-01
 4  7.748021e-02
 5  5.700802e-02
 6  4.257401e-02
 7  3.236018e-02
 8  2.526540e-02
 9  2.059586e-02
 10  1.654115e-02
 11  1.308027e-02
 12  1.042921e-02
 13  8.735979e-03
 14  7.237675e-03
 15  6.072568e-03
 16  5.249012e-03
 17  4.426640e-03
 18  3.811426e-03
 19  3.266912e-03
 20  2.867521e-03
 21  2.534573e-03
 22  2.307600e-03
 23  2.142792e-03
 24  2.001041e-03
 25  1.838149e-03
 26  1.688557e-03
 27  1.537635e-03
 28  1.382831e-03
 29  1.238448e-03
 30  1.070095e-03
 31  9.131247e-04
 Iteration CPU time: 7 s
 CFIE residual: 0.000913125

 Iseg, Irank, Idinc : 1, 35, 180
 Thata, Phi : 90.000000, 179.000000
 Maximun iteration: 300
 Number of recycle truncation: 30
 Final matrix dimension:  36708
 Residual error:0.001000
 0  5.585411e-01
 1  2.991179e-01
 2  1.909430e-01
 3  1.348718e-01
 4  1.057401e-01
 5  8.103564e-02
 6  6.590719e-02
 7  5.455092e-02
 8  4.451940e-02
 9  3.457662e-02
 10  2.714851e-02
 11  2.158217e-02
 12  1.662097e-02
 13  1.295997e-02
 14  1.020347e-02
 15  7.971777e-03
 16  6.160774e-03
 17  5.043315e-03
 18  4.138707e-03
 19  3.366409e-03
 20  2.712561e-03
 21  2.275489e-03
 22  1.973044e-03
 23  1.728120e-03
 24  1.504693e-03
 25  1.324049e-03
 26  1.189874e-03
 27  1.066609e-03
 28  9.811911e-04
 Iteration CPU time: 6 s
 CFIE residual: 0.000981191

 Iseg, Irank, Idinc : 1, 36, 93
 Thata, Phi : 90.000000, 92.000000
 Maximun iteration: 300
 Number of recycle truncation: 30
 Final matrix dimension:  36708
 Residual error:0.001000
 0  6.179353e-01
 1  3.548936e-01
 2  2.259330e-01
 3  1.507637e-01
 4  1.080554e-01
 5  8.425917e-02
 6  6.590026e-02
 7  5.223533e-02
 8  4.189680e-02
 9  3.397405e-02
 10  2.689081e-02
 11  2.157193e-02
 12  1.740363e-02
 13  1.421709e-02
 14  1.201205e-02
 15  1.013701e-02
 16  8.653287e-03
 17  7.570893e-03
 18  6.778916e-03
 19  6.146239e-03
 20  5.644085e-03
 21  5.189452e-03
 22  4.760387e-03
 23  4.371374e-03
 24  3.947313e-03
 25  3.537400e-03
 26  3.153471e-03
 27  2.789261e-03
 28  2.328757e-03
 29  1.860805e-03
 30  1.450245e-03
 31  1.136276e-03
 32  8.843929e-04
 Iteration CPU time: 7 s
 CFIE residual: 0.000884393

 Iseg, Irank, Idinc : 1, 37, 143
 Thata, Phi : 90.000000, 142.000000
 Maximun iteration: 300
 Number of recycle truncation: 30
 Final matrix dimension:  36708
 Residual error:0.001000
 0  6.718324e-01
 1  3.510177e-01
 2  2.118223e-01
 3  1.468504e-01
 4  1.067659e-01
 5  8.138650e-02
 6  6.286989e-02
 7  4.988725e-02
 8  4.152896e-02
 9  3.439617e-02
 10  2.856679e-02
 11  2.393972e-02
 12  1.951913e-02
 13  1.585396e-02
 14  1.252360e-02
 15  1.026046e-02
 16  8.153052e-03
 17  6.814673e-03
 18  5.636394e-03
 19  4.647743e-03
 20  3.997536e-03
 21  3.453278e-03
 22  3.070294e-03
 23  2.749765e-03
 24  2.490424e-03
 25  2.323443e-03
 26  2.158607e-03
 27  1.997451e-03
 28  1.802475e-03
 29  1.620403e-03
 30  1.439521e-03
 31  1.225355e-03
 32  1.031320e-03
 33  8.550399e-04
 Iteration CPU time: 8 s
 CFIE residual: 0.00085504

 Iseg, Irank, Idinc : 1, 38, 85
 Thata, Phi : 90.000000, 84.000000
 Maximun iteration: 300
 Number of recycle truncation: 30
 Final matrix dimension:  36708
 Residual error:0.001000
 0  6.202730e-01
 1  3.532957e-01
 2  2.293261e-01
 3  1.560085e-01
 4  1.118928e-01
 5  8.699457e-02
 6  6.712498e-02
 7  5.337322e-02
 8  4.257391e-02
 9  3.498013e-02
 10  2.755883e-02
 11  2.116451e-02
 12  1.673628e-02
 13  1.375141e-02
 14  1.161956e-02
 15  1.002551e-02
 16  8.807669e-03
 17  7.833021e-03
 18  7.085895e-03
 19  6.475119e-03
 20  5.988458e-03
 21  5.537740e-03
 22  5.091640e-03
 23  4.615305e-03
 24  4.098721e-03
 25  3.596998e-03
 26  3.148696e-03
 27  2.708864e-03
 28  2.272758e-03
 29  1.841211e-03
 30  1.484271e-03
 31  1.203999e-03
 32  9.521959e-04
 Iteration CPU time: 7 s
 CFIE residual: 0.000952196

 Iseg, Irank, Idinc : 1, 39, 175
 Thata, Phi : 90.000000, 174.000000
 Maximun iteration: 300
 Number of recycle truncation: 30
 Final matrix dimension:  36708
 Residual error:0.001000
 0  5.627063e-01
 1  2.992684e-01
 2  1.909095e-01
 3  1.353908e-01
 4  1.065665e-01
 5  8.272547e-02
 6  6.758939e-02
 7  5.573181e-02
 8  4.599432e-02
 9  3.661240e-02
 10  2.950866e-02
 11  2.404766e-02
 12  1.971007e-02
 13  1.560426e-02
 14  1.273155e-02
 15  1.033198e-02
 16  8.479998e-03
 17  6.886091e-03
 18  5.468837e-03
 19  4.491969e-03
 20  3.640189e-03
 21  2.952699e-03
 22  2.524024e-03
 23  2.176907e-03
 24  1.856647e-03
 25  1.596121e-03
 26  1.386246e-03
 27  1.226200e-03
 28  1.115426e-03
 29  1.027530e-03
 30  9.615703e-04
 Iteration CPU time: 7 s
 CFIE residual: 0.00096157
 Last Built End in Sep 21 2025 00:06:12
 Total CPU time: 305 s
 Finished.
