 Last Built Begin in Sep 21 2025 00:06:12
 Pre-Type( Input ):            8
 Skl-Tol ( Input ):    1.0000000000000000E-002
 Wavelength in freespace: 0.56962

 ################################################
 ##         Generating Required Mesh          ##
 ##         Waiting.....                      ##
 ################################################
 Subd No.      Subd Name
    1    sphere1                                                           
 isub,  nnode, npatch,  nedge:
    1       604      1204      1806
 Scale Factor         >>   9.99999978E-03
 ################################################

 START TIME: 20250922   002318.415


 Informaton for IE geometry:
 number of subdomains     : 1
 maxnode,maxpatch,maxedge : 604  1204  1806
 
 Index of Mat-Reg: 1
 Mat-Reg Number via MatFlg: 1
 Edge Number of Mat-Reg: 1, 1806

 Number of Edge on PEC: 0
 Mat-Reg: No Dim(m) Lmax:
    1 0.176    1
 Totlmax, add1, add2:           1           2           3
 rlengmax of Global MLFMA >>   0.17555565620354896     
 Lmax of Global MLFMA >>            1
 Wavenum of Mat-Reg:
    1 1.000

 total area in sq m           =      0.1254
 total area in sq lambda      =      0.3863
 maxnode, maxpatch, maxedge           =      604     1204     1806
 longest  edge in lambda              =      0.0382
 shortest edge in lambda              =      0.0167
 average  edge in lambda              =      0.0273
 largest  patch area in sq lambda     =      0.0005
 smallest patch area in sq lambda     =      0.0002
 ave    surface area in sq lambda     =      0.0003
 size range of the object in sq lambda =      0.3511

 #### MLFMA Info For Each Region ####
 Mat-Region =            1
 Array dimension parameters:
 maxrule=          14   maxgrid  =          64
 lmax   =           1   ncmax    =           9
 lsmax  =           1   lsmin    =           1
 kpm    =           1   kp0      =           1
 ntlm   =           1   nsm      =           1
 nkpm   =           1   niplm    =          16
 ngnearm=          64   ngsndm   =           1
 nearm  =        1807   mfinestm =         244
 ###############################

 CFIE Alpha:  0.50000000000000000     

 Fill MLFMA NI for Mat-Reg:           1
 Begin fill sparser part of Nearfield
 Begin fill denser part of Nearfield
 End fill
 Filling Amn                 Delta_CPU=         50.70 Memory(MB)=        200.07


 Now testing preconditioner with
 ipretype =            8
 method = cfie_solve_nfpre_pardiso

  
 NBP>>Begin fill sparser part of Nearfield
 NBP>>Begin fill denser part of Nearfield

212.5000%
225.0000%
237.5000%
250.0000%
262.5000%
275.0000%
287.5000%
300.0000%
 Begin MLFMA Box-Matrix Based Prec Constructor
 --- Intel MKL PARDISO --- 
  >> Solver Initialized
  >> Proceed to ngrp_box loop
  >> Loop 0 Initialized
 Memory for iGRP: 1 0 MB
 Total Memory For NFB Pre: 0 MB
 --- PARDISO PRECONDITIONER INITIALIZED --- 
 Constructing preconditioner CPU time: 0 s
 
 108360
 Memory for Iteration:: 1.65344 MB

 Iseg, Ninc_S : 1, 181, 0

 Iseg, Skeleton Angles: 1, 6
 Iseg, Skel-Pk Mem(MB): 1, 30.95

 Iseg, Irank, Idinc : 1, 1, 81
 Thata, Phi : 90.000000, 80.000000
 Maximun iteration: 300
 Number of recycle truncation: 30
 Final matrix dimension:  3612
 Residual error:0.010000
 0  2.653469e-01
 1  1.129808e-01
 2  5.418944e-02
 3  2.795216e-02
 4  1.361337e-02
 5  6.615396e-03
 Iteration CPU time: 0 s
 CFIE residual: 0.0066154

 Iseg, Irank, Idinc : 1, 2, 1
 Thata, Phi : 90.000000, 0.000000
 Maximun iteration: 300
 Number of recycle truncation: 30
 Final matrix dimension:  3612
 Residual error:0.010000
 0  2.728326e-01
 1  1.116098e-01
 2  5.420238e-02
 3  2.724437e-02
 4  1.285999e-02
 5  6.262684e-03
 Iteration CPU time: 0 s
 CFIE residual: 0.00626268

 Iseg, Irank, Idinc : 1, 3, 154
 Thata, Phi : 90.000000, 153.000000
 Maximun iteration: 300
 Number of recycle truncation: 30
 Final matrix dimension:  3612
 Residual error:0.010000
 0  2.604086e-01
 1  1.031176e-01
 2  5.012237e-02
 3  2.444572e-02
 4  1.199620e-02
 5  5.823724e-03
 Iteration CPU time: 0 s
 CFIE residual: 0.00582372

 Iseg, Irank, Idinc : 1, 4, 181
 Thata, Phi : 90.000000, 180.000000
 Maximun iteration: 300
 Number of recycle truncation: 30
 Final matrix dimension:  3612
 Residual error:0.010000
 0  2.622269e-01
 1  1.065143e-01
 2  5.180857e-02
 3  2.493700e-02
 4  1.219841e-02
 5  5.928551e-03
 Iteration CPU time: 0 s
 CFIE residual: 0.00592855

 Iseg, Irank, Idinc : 1, 5, 37
 Thata, Phi : 90.000000, 36.000000
 Maximun iteration: 300
 Number of recycle truncation: 30
 Final matrix dimension:  3612
 Residual error:0.010000
 0  2.662904e-01
 1  1.074932e-01
 2  5.176931e-02
 3  2.616745e-02
 4  1.253942e-02
 5  6.094029e-03
 Iteration CPU time: 0 s
 CFIE residual: 0.00609403

 Iseg, Irank, Idinc : 1, 6, 117
 Thata, Phi : 90.000000, 116.000000
 Maximun iteration: 300
 Number of recycle truncation: 30
 Final matrix dimension:  3612
 Residual error:0.010000
 0  2.609534e-01
 1  1.068795e-01
 2  5.133801e-02
 3  2.598932e-02
 4  1.285887e-02
 5  6.302924e-03
 Iteration CPU time: 1 s
 CFIE residual: 0.00630292
 Last Built End in Sep 21 2025 00:06:12
 Total CPU time: 7 s
 Finished.
