 Last Built Begin in Sep 21 2025 00:06:12
 Pre-Type( Input ):            8
 Skl-Tol ( Input ):    1.0000000000000000E-002
 Wavelength in freespace: 0.319149

 ################################################
 ##         Generating Required Mesh          ##
 ##         Waiting.....                      ##
 ################################################
 Subd No.      Subd Name
    1    sphere1                                                           
 isub,  nnode, npatch,  nedge:
    1       604      1204      1806
 Scale Factor         >>   9.99999978E-03
 ################################################

 START TIME: 20250922   003019.457


 Informaton for IE geometry:
 number of subdomains     : 1
 maxnode,maxpatch,maxedge : 604  1204  1806
 
 Index of Mat-Reg: 1
 Mat-Reg Number via MatFlg: 1
 Edge Number of Mat-Reg: 1, 1806

 Number of Edge on PEC: 0
 Mat-Reg: No Dim(m) Lmax:
    1 0.157    2
 Totlmax, add1, add2:           2           3           4
 rlengmax of Global MLFMA >>   0.15666665732933333     
 Lmax of Global MLFMA >>            2
 Wavenum of Mat-Reg:
    1 1.000

 total area in sq m           =      0.1254
 total area in sq lambda      =      1.2307
 maxnode, maxpatch, maxedge           =      604     1204     1806
 longest  edge in lambda              =      0.0682
 shortest edge in lambda              =      0.0298
 average  edge in lambda              =      0.0487
 largest  patch area in sq lambda     =      0.0017
 smallest patch area in sq lambda     =      0.0005
 ave    surface area in sq lambda     =      0.0010
 size range of the object in sq lambda =      0.6267

 #### MLFMA Info For Each Region ####
 Mat-Region =            1
 Array dimension parameters:
 maxrule=          14   maxgrid  =          64
 lmax   =           2   ncmax    =          65
 lsmax  =           5   lsmin    =           5
 kpm    =          54   kp0      =          54
 ntlm   =       17064   nsm      =        3024
 nkpm   =          54   niplm    =        3456
 ngnearm=         632   ngsndm   =        2504
 nearm  =         413   mfinestm =          43
 ###############################

 CFIE Alpha:  0.50000000000000000     

 Fill MLFMA FI for Mat-Reg:           1
 Begin filltl.f
 fill translation matrix
 Level:            2
 fill shifting matrix
 translator time(s):   2.40000002E-02
 fill interpolation matrix
 Filling TL                  Delta_CPU=          0.10 Memory(MB)=         60.05
 Filling sndgrp              Delta_CPU=          0.00 Memory(MB)=         60.05
 Filling VFS                 Delta_CPU=          0.18 Memory(MB)=         60.05

 Fill MLFMA NI for Mat-Reg:           1
 Begin fill sparser part of Nearfield
 Begin fill denser part of Nearfield
 End fill
 Filling Amn                 Delta_CPU=         13.25 Memory(MB)=         60.05


 Now testing preconditioner with
 ipretype =            8
 method = cfie_solve_nfpre_pardiso

  
 NBP>>Begin fill sparser part of Nearfield
 NBP>>Begin fill denser part of Nearfield

201.7857%
 Begin MLFMA Box-Matrix Based Prec Constructor
 --- Intel MKL PARDISO --- 
  >> Solver Initialized
  >> Proceed to ngrp_box loop
  >> Loop 0 Initialized
 Memory for iGRP: 1 0 MB
 Total Memory For NFB Pre: 0 MB
 --- PARDISO PRECONDITIONER INITIALIZED --- 
 Constructing preconditioner CPU time: 0 s
 
 108360
 Memory for Iteration:: 1.65344 MB

 Iseg, Ninc_S : 1, 181, 0

 Iseg, Skeleton Angles: 1, 8
 Iseg, Skel-Pk Mem(MB): 1, 30.96

 Iseg, Irank, Idinc : 1, 1, 131
 Thata, Phi : 90.000000, 130.000000
 Maximun iteration: 300
 Number of recycle truncation: 30
 Final matrix dimension:  3612
 Residual error:0.010000
 0  2.279717e-01
 1  1.288003e-01
 2  5.645133e-02
 3  2.663950e-02
 4  1.294412e-02
 5  6.344953e-03
 Iteration CPU time: 0 s
 CFIE residual: 0.00634495

 Iseg, Irank, Idinc : 1, 2, 41
 Thata, Phi : 90.000000, 40.000000
 Maximun iteration: 300
 Number of recycle truncation: 30
 Final matrix dimension:  3612
 Residual error:0.010000
 0  2.278481e-01
 1  1.282453e-01
 2  5.691868e-02
 3  2.746082e-02
 4  1.313926e-02
 5  6.632205e-03
 Iteration CPU time: 0 s
 CFIE residual: 0.00663221

 Iseg, Irank, Idinc : 1, 3, 1
 Thata, Phi : 90.000000, 0.000000
 Maximun iteration: 300
 Number of recycle truncation: 30
 Final matrix dimension:  3612
 Residual error:0.010000
 0  2.213052e-01
 1  1.235811e-01
 2  5.691528e-02
 3  2.806170e-02
 4  1.381866e-02
 5  6.709817e-03
 Iteration CPU time: 0 s
 CFIE residual: 0.00670982

 Iseg, Irank, Idinc : 1, 4, 181
 Thata, Phi : 90.000000, 180.000000
 Maximun iteration: 300
 Number of recycle truncation: 30
 Final matrix dimension:  3612
 Residual error:0.010000
 0  2.194277e-01
 1  1.216175e-01
 2  5.530668e-02
 3  2.669164e-02
 4  1.317719e-02
 5  6.380957e-03
 Iteration CPU time: 0 s
 CFIE residual: 0.00638096

 Iseg, Irank, Idinc : 1, 5, 86
 Thata, Phi : 90.000000, 85.000000
 Maximun iteration: 300
 Number of recycle truncation: 30
 Final matrix dimension:  3612
 Residual error:0.010000
 0  2.285946e-01
 1  1.293618e-01
 2  5.786487e-02
 3  2.869280e-02
 4  1.451849e-02
 5  7.163065e-03
 Iteration CPU time: 0 s
 CFIE residual: 0.00716307

 Iseg, Irank, Idinc : 1, 6, 159
 Thata, Phi : 90.000000, 158.000000
 Maximun iteration: 300
 Number of recycle truncation: 30
 Final matrix dimension:  3612
 Residual error:0.010000
 0  2.230447e-01
 1  1.247416e-01
 2  5.575304e-02
 3  2.636384e-02
 4  1.297617e-02
 5  6.352605e-03
 Iteration CPU time: 0 s
 CFIE residual: 0.0063526

 Iseg, Irank, Idinc : 1, 7, 19
 Thata, Phi : 90.000000, 18.000000
 Maximun iteration: 300
 Number of recycle truncation: 30
 Final matrix dimension:  3612
 Residual error:0.010000
 0  2.236679e-01
 1  1.254079e-01
 2  5.717171e-02
 3  2.801616e-02
 4  1.360513e-02
 5  6.736883e-03
 Iteration CPU time: 0 s
 CFIE residual: 0.00673688

 Iseg, Irank, Idinc : 1, 8, 108
 Thata, Phi : 90.000000, 107.000000
 Maximun iteration: 300
 Number of recycle truncation: 30
 Final matrix dimension:  3612
 Residual error:0.010000
 0  2.280767e-01
 1  1.293987e-01
 2  5.786181e-02
 3  2.841950e-02
 4  1.424767e-02
 5  6.979889e-03
 Iteration CPU time: 0 s
 CFIE residual: 0.00697989
 Last Built End in Sep 21 2025 00:06:12
 Total CPU time: 2 s
 Finished.
