 Last Built Begin in Sep 21 2025 00:06:12
 Pre-Type( Input ):           10
 Skl-Tol ( Input ):    1.0000000000000001E-005
 Wavelength in freespace: 0.0290416

 ################################################
 ##         Generating Required Mesh          ##
 ##         Waiting.....                      ##
 ################################################
 Subd No.      Subd Name
    1    Open-Duct_PRIME_model_meshAA1                                     
 isub,  nnode, npatch,  nedge:
    1      6118     12236     18354
 Scale Factor         >>   1.54999997E-02
 ################################################

 START TIME: 20250922   080012.511


 Informaton for IE geometry:
 number of subdomains     : 1
 maxnode,maxpatch,maxedge : 6118  12236  18354
 
 Index of Mat-Reg: 1
 Mat-Reg Number via MatFlg: 1
 Edge Number of Mat-Reg: 1, 18354

 Number of Edge on PEC: 18354
 Mat-Reg: No Dim(m) Lmax:
    1 0.247    5
 Totlmax, add1, add2:           5           6           7
 rlengmax of Global MLFMA >>   0.24688964956537288     
 Lmax of Global MLFMA >>            5
 Wavenum of Mat-Reg:
    1 1.000

 total area in sq m           =      0.0510
 total area in sq lambda      =     60.4327
 maxnode, maxpatch, maxedge           =     6118    12236    18354
 longest  edge in lambda              =      0.1607
 shortest edge in lambda              =      0.0076
 average  edge in lambda              =      0.1073
 largest  patch area in sq lambda     =      0.0088
 smallest patch area in sq lambda     =      0.0000
 ave    surface area in sq lambda     =      0.0049
 size range of the object in sq lambda =      7.9005

 #### MLFMA Info For Each Region ####
 Mat-Region =            1
 Array dimension parameters:
 maxrule=          14   maxgrid  =          64
 lmax   =           5   ncmax    =        1250
 lsmax  =          27   lsmin    =           7
 kpm    =        1462   kp0      =         102
 ntlm   =      225016   nsm      =      235590
 nkpm   =        2350   niplm    =      150400
 ngnearm=       14257   ngsndm   =       64634
 nearm  =         333   mfinestm =         119
 ###############################

 CFIE Alpha:  0.50000000000000000     

 Fill MLFMA FI for Mat-Reg:           1
 Begin filltl.f
 fill translation matrix
 Level:            2
 fill shifting matrix
 Level:            3
 fill shifting matrix
 Level:            4
 fill shifting matrix
 Level:            5
 fill shifting matrix
 translator time(s):  0.120000005    
 fill interpolation matrix
 ThetaOrder            8
 PhiOrder            8
 lsl            7
 Filling TL                  Delta_CPU=          0.55 Memory(MB)=        654.36
 Filling sndgrp              Delta_CPU=          0.00 Memory(MB)=        654.36
 Filling VFS                 Delta_CPU=          3.23 Memory(MB)=        654.36

 Fill MLFMA NI for Mat-Reg:           1
 Begin fill sparser part of Nearfield
 Begin fill denser part of Nearfield
 End fill
 Filling Amn                 Delta_CPU=         89.47 Memory(MB)=        654.36


 Now testing preconditioner with
 ipretype =           10
 method = cfie_solve_nfrasspspre_pardiso

  
 NBP>>Begin fill sparser part of Nearfield

117.4818% NBP>>Begin fill denser part of Nearfield

200.1041%
 Begin MLFMA Box-Matrix Based Spar-RAS Prec Constructor
 --- Intel MKL PARDISO --- 
 Memory for iGroup: 1 0 MB
 Total Memory For SparRAS Pre: 0 MB
 --- PARDISO PRECONDITIONER INITIALIZED --- 
 Constructing preconditioner CPU time: 4 s
 
 1101240
 Memory for Iteration:: 16.8036 MB

 Iseg, Ninc_S : 1, 181, 0

 Iseg, Skeleton Angles: 1, 40
 Iseg, Skel-Pk Mem(MB): 1, 314.35

 Iseg, Irank, Idinc : 1, 1, 42
 Thata, Phi : 90.000000, 41.000000
 Maximun iteration: 300
 Number of recycle truncation: 30
 Final matrix dimension:  36708
 Residual error:0.001000
 0  6.314799e-01
 1  3.150401e-01
 2  1.989371e-01
 3  1.275452e-01
 4  8.856754e-02
 5  6.493842e-02
 6  4.921410e-02
 7  3.767867e-02
 8  2.860902e-02
 9  2.234869e-02
 10  1.671603e-02
 11  1.362903e-02
 12  1.118868e-02
 13  9.220868e-03
 14  7.968919e-03
 15  6.953347e-03
 16  6.094039e-03
 17  5.335046e-03
 18  4.799898e-03
 19  4.447373e-03
 20  4.217698e-03
 21  4.025165e-03
 22  3.881537e-03
 23  3.758932e-03
 24  3.601721e-03
 25  3.405239e-03
 26  3.190167e-03
 27  2.939004e-03
 28  2.624806e-03
 29  2.304850e-03
 30  2.029787e-03
 31  1.736473e-03
 32  1.460103e-03
 33  1.196455e-03
 34  1.008340e-03
 35  8.037304e-04
 Iteration CPU time: 8 s
 CFIE residual: 0.00080373

 Iseg, Irank, Idinc : 1, 2, 63
 Thata, Phi : 90.000000, 62.000000
 Maximun iteration: 300
 Number of recycle truncation: 30
 Final matrix dimension:  36708
 Residual error:0.001000
 0  6.553399e-01
 1  3.581003e-01
 2  2.230932e-01
 3  1.429804e-01
 4  1.014751e-01
 5  7.808086e-02
 6  5.894230e-02
 7  4.742123e-02
 8  3.758916e-02
 9  3.011667e-02
 10  2.331441e-02
 11  1.870654e-02
 12  1.534606e-02
 13  1.283395e-02
 14  1.121500e-02
 15  1.011338e-02
 16  9.176644e-03
 17  8.521639e-03
 18  8.127237e-03
 19  7.768205e-03
 20  7.484580e-03
 21  7.280227e-03
 22  6.973918e-03
 23  6.576631e-03
 24  6.040173e-03
 25  5.437568e-03
 26  4.903023e-03
 27  4.303281e-03
 28  3.672238e-03
 29  3.031698e-03
 30  2.472088e-03
 31  2.002868e-03
 32  1.636709e-03
 33  1.299616e-03
 34  1.065434e-03
 35  8.716320e-04
 Iteration CPU time: 9 s
 CFIE residual: 0.000871632

 Iseg, Irank, Idinc : 1, 3, 108
 Thata, Phi : 90.000000, 107.000000
 Maximun iteration: 300
 Number of recycle truncation: 30
 Final matrix dimension:  36708
 Residual error:0.001000
 0  6.172903e-01
 1  3.494274e-01
 2  2.167022e-01
 3  1.476270e-01
 4  1.047845e-01
 5  7.878729e-02
 6  6.078325e-02
 7  4.747483e-02
 8  3.809041e-02
 9  3.097122e-02
 10  2.513188e-02
 11  2.084020e-02
 12  1.699958e-02
 13  1.432017e-02
 14  1.219498e-02
 15  1.037277e-02
 16  9.189183e-03
 17  8.218675e-03
 18  7.331893e-03
 19  6.654726e-03
 20  6.107915e-03
 21  5.681853e-03
 22  5.439236e-03
 23  5.248608e-03
 24  5.087393e-03
 25  4.917360e-03
 26  4.684677e-03
 27  4.374229e-03
 28  4.000852e-03
 29  3.582871e-03
 30  3.069367e-03
 31  2.524973e-03
 32  2.033614e-03
 33  1.665883e-03
 34  1.368005e-03
 35  1.123142e-03
 36  8.845571e-04
 Iteration CPU time: 8 s
 CFIE residual: 0.000884557

 Iseg, Irank, Idinc : 1, 4, 22
 Thata, Phi : 90.000000, 21.000000
 Maximun iteration: 300
 Number of recycle truncation: 30
 Final matrix dimension:  36708
 Residual error:0.001000
 0  6.310803e-01
 1  2.954378e-01
 2  1.743844e-01
 3  1.154721e-01
 4  8.028149e-02
 5  5.918184e-02
 6  4.478438e-02
 7  3.498941e-02
 8  2.796717e-02
 9  2.250692e-02
 10  1.832793e-02
 11  1.484087e-02
 12  1.199648e-02
 13  1.011868e-02
 14  8.364601e-03
 15  6.941046e-03
 16  6.042956e-03
 17  5.177957e-03
 18  4.373369e-03
 19  3.771598e-03
 20  3.317077e-03
 21  2.945639e-03
 22  2.638939e-03
 23  2.419973e-03
 24  2.256147e-03
 25  2.136899e-03
 26  2.032300e-03
 27  1.931368e-03
 28  1.865887e-03
 29  1.789467e-03
 30  1.715147e-03
 31  1.630800e-03
 32  1.519852e-03
 33  1.377915e-03
 34  1.204133e-03
 35  1.046820e-03
 36  8.961666e-04
 Iteration CPU time: 8 s
 CFIE residual: 0.000896167

 Iseg, Irank, Idinc : 1, 5, 147
 Thata, Phi : 90.000000, 146.000000
 Maximun iteration: 300
 Number of recycle truncation: 30
 Final matrix dimension:  36708
 Residual error:0.001000
 0  6.562613e-01
 1  3.457278e-01
 2  2.099246e-01
 3  1.411306e-01
 4  1.007624e-01
 5  7.698721e-02
 6  5.968048e-02
 7  4.749568e-02
 8  3.961478e-02
 9  3.376737e-02
 10  2.879269e-02
 11  2.514214e-02
 12  2.208582e-02
 13  1.885610e-02
 14  1.574007e-02
 15  1.352829e-02
 16  1.166807e-02
 17  9.684298e-03
 18  8.301465e-03
 19  7.268423e-03
 20  6.398434e-03
 21  5.708662e-03
 22  5.213977e-03
 23  4.823186e-03
 24  4.571364e-03
 25  4.353794e-03
 26  4.167070e-03
 27  3.967843e-03
 28  3.821227e-03
 29  3.625045e-03
 30  3.391755e-03
 31  3.123927e-03
 32  2.811210e-03
 33  2.428792e-03
 34  2.021765e-03
 35  1.674330e-03
 36  1.354831e-03
 37  1.049741e-03
 38  8.282402e-04
 Iteration CPU time: 9 s
 CFIE residual: 0.00082824

 Iseg, Irank, Idinc : 1, 6, 136
 Thata, Phi : 90.000000, 135.000000
 Maximun iteration: 300
 Number of recycle truncation: 30
 Final matrix dimension:  36708
 Residual error:0.001000
 0  6.952242e-01
 1  3.493050e-01
 2  2.173492e-01
 3  1.475030e-01
 4  1.061031e-01
 5  7.979042e-02
 6  6.023957e-02
 7  4.772189e-02
 8  3.854317e-02
 9  3.265229e-02
 10  2.665792e-02
 11  2.224272e-02
 12  1.847675e-02
 13  1.574018e-02
 14  1.325486e-02
 15  1.113023e-02
 16  9.695175e-03
 17  8.392756e-03
 18  7.463899e-03
 19  6.639237e-03
 20  6.108333e-03
 21  5.666342e-03
 22  5.316145e-03
 23  5.062712e-03
 24  4.840554e-03
 25  4.659754e-03
 26  4.462310e-03
 27  4.246236e-03
 28  4.030755e-03
 29  3.778011e-03
 30  3.465988e-03
 31  3.091950e-03
 32  2.747438e-03
 33  2.378099e-03
 34  2.023674e-03
 35  1.728194e-03
 36  1.440255e-03
 37  1.172127e-03
 38  9.215445e-04
 Iteration CPU time: 9 s
 CFIE residual: 0.000921545

 Iseg, Irank, Idinc : 1, 7, 83
 Thata, Phi : 90.000000, 82.000000
 Maximun iteration: 300
 Number of recycle truncation: 30
 Final matrix dimension:  36708
 Residual error:0.001000
 0  6.071980e-01
 1  3.479493e-01
 2  2.223628e-01
 3  1.496002e-01
 4  1.088517e-01
 5  8.343652e-02
 6  6.415180e-02
 7  5.090445e-02
 8  4.113826e-02
 9  3.220938e-02
 10  2.605456e-02
 11  2.180988e-02
 12  1.808263e-02
 13  1.537210e-02
 14  1.341292e-02
 15  1.196784e-02
 16  1.060722e-02
 17  9.766821e-03
 18  9.187945e-03
 19  8.652755e-03
 20  8.256815e-03
 21  7.961809e-03
 22  7.664085e-03
 23  7.341701e-03
 24  6.977925e-03
 25  6.531144e-03
 26  6.014894e-03
 27  5.469235e-03
 28  4.841274e-03
 29  4.206168e-03
 30  3.502193e-03
 31  2.933975e-03
 32  2.479828e-03
 33  1.973206e-03
 34  1.595725e-03
 35  1.261254e-03
 36  1.044552e-03
 37  8.366514e-04
 Iteration CPU time: 8 s
 CFIE residual: 0.000836651

 Iseg, Irank, Idinc : 1, 8, 72
 Thata, Phi : 90.000000, 71.000000
 Maximun iteration: 300
 Number of recycle truncation: 30
 Final matrix dimension:  36708
 Residual error:0.001000
 0  6.339089e-01
 1  3.640060e-01
 2  2.347291e-01
 3  1.478846e-01
 4  1.044158e-01
 5  8.227921e-02
 6  6.351389e-02
 7  4.933045e-02
 8  3.922835e-02
 9  3.271225e-02
 10  2.612573e-02
 11  2.111348e-02
 12  1.707411e-02
 13  1.460107e-02
 14  1.283036e-02
 15  1.143457e-02
 16  1.049496e-02
 17  9.705457e-03
 18  9.141739e-03
 19  8.715890e-03
 20  8.434351e-03
 21  8.181156e-03
 22  7.867506e-03
 23  7.499652e-03
 24  6.936522e-03
 25  6.320959e-03
 26  5.689362e-03
 27  5.067860e-03
 28  4.421467e-03
 29  3.745533e-03
 30  3.086786e-03
 31  2.537720e-03
 32  2.086475e-03
 33  1.667462e-03
 34  1.340233e-03
 35  1.065194e-03
 36  8.668475e-04
 Iteration CPU time: 9 s
 CFIE residual: 0.000866848

 Iseg, Irank, Idinc : 1, 9, 159
 Thata, Phi : 90.000000, 158.000000
 Maximun iteration: 300
 Number of recycle truncation: 30
 Final matrix dimension:  36708
 Residual error:0.001000
 0  6.210167e-01
 1  3.149515e-01
 2  1.920041e-01
 3  1.300152e-01
 4  9.684799e-02
 5  7.732873e-02
 6  6.203535e-02
 7  5.094407e-02
 8  4.272517e-02
 9  3.689085e-02
 10  3.192752e-02
 11  2.816663e-02
 12  2.451404e-02
 13  2.079363e-02
 14  1.732082e-02
 15  1.498664e-02
 16  1.296971e-02
 17  1.080733e-02
 18  9.324935e-03
 19  7.936593e-03
 20  6.770519e-03
 21  5.858443e-03
 22  5.103841e-03
 23  4.527707e-03
 24  4.088148e-03
 25  3.754383e-03
 26  3.497581e-03
 27  3.295688e-03
 28  3.161863e-03
 29  3.042640e-03
 30  2.890162e-03
 31  2.719100e-03
 32  2.469628e-03
 33  2.213858e-03
 34  1.933584e-03
 35  1.628663e-03
 36  1.312763e-03
 37  1.025932e-03
 38  7.839569e-04
 Iteration CPU time: 8 s
 CFIE residual: 0.000783957

 Iseg, Irank, Idinc : 1, 10, 124
 Thata, Phi : 90.000000, 123.000000
 Maximun iteration: 300
 Number of recycle truncation: 30
 Final matrix dimension:  36708
 Residual error:0.001000
 0  6.544600e-01
 1  3.410346e-01
 2  2.204311e-01
 3  1.555166e-01
 4  1.124649e-01
 5  8.245805e-02
 6  6.548919e-02
 7  5.132079e-02
 8  4.160316e-02
 9  3.376095e-02
 10  2.667421e-02
 11  2.118181e-02
 12  1.667202e-02
 13  1.360985e-02
 14  1.133857e-02
 15  9.732037e-03
 16  8.376086e-03
 17  7.464125e-03
 18  6.547561e-03
 19  5.904691e-03
 20  5.472380e-03
 21  5.136034e-03
 22  4.845204e-03
 23  4.633386e-03
 24  4.438755e-03
 25  4.269473e-03
 26  4.081292e-03
 27  3.887767e-03
 28  3.711234e-03
 29  3.505920e-03
 30  3.241813e-03
 31  2.969108e-03
 32  2.678625e-03
 33  2.340996e-03
 34  2.029653e-03
 35  1.729804e-03
 36  1.434855e-03
 37  1.152370e-03
 38  8.931022e-04
 Iteration CPU time: 9 s
 CFIE residual: 0.000893102

 Iseg, Irank, Idinc : 1, 11, 53
 Thata, Phi : 90.000000, 52.000000
 Maximun iteration: 300
 Number of recycle truncation: 30
 Final matrix dimension:  36708
 Residual error:0.001000
 0  6.532369e-01
 1  3.449459e-01
 2  2.115178e-01
 3  1.352057e-01
 4  9.737605e-02
 5  7.442358e-02
 6  5.797418e-02
 7  4.450487e-02
 8  3.433799e-02
 9  2.735296e-02
 10  2.132665e-02
 11  1.689501e-02
 12  1.341025e-02
 13  1.091420e-02
 14  9.529605e-03
 15  8.410998e-03
 16  7.496312e-03
 17  6.937103e-03
 18  6.374637e-03
 19  5.943594e-03
 20  5.718692e-03
 21  5.535006e-03
 22  5.290673e-03
 23  5.058142e-03
 24  4.687892e-03
 25  4.230296e-03
 26  3.754677e-03
 27  3.272921e-03
 28  2.782515e-03
 29  2.278243e-03
 30  1.891154e-03
 31  1.577220e-03
 32  1.312940e-03
 33  1.060739e-03
 34  8.717081e-04
 Iteration CPU time: 8 s
 CFIE residual: 0.000871708

 Iseg, Irank, Idinc : 1, 12, 176
 Thata, Phi : 90.000000, 175.000000
 Maximun iteration: 300
 Number of recycle truncation: 30
 Final matrix dimension:  36708
 Residual error:0.001000
 0  5.887944e-01
 1  2.963231e-01
 2  1.840128e-01
 3  1.306657e-01
 4  1.008207e-01
 5  8.082004e-02
 6  6.573301e-02
 7  5.501140e-02
 8  4.585102e-02
 9  3.831194e-02
 10  3.224591e-02
 11  2.681572e-02
 12  2.228474e-02
 13  1.834678e-02
 14  1.557538e-02
 15  1.281710e-02
 16  1.077713e-02
 17  9.084387e-03
 18  7.707121e-03
 19  6.399146e-03
 20  5.495239e-03
 21  4.703429e-03
 22  4.015505e-03
 23  3.496557e-03
 24  3.117341e-03
 25  2.787749e-03
 26  2.519086e-03
 27  2.310285e-03
 28  2.150068e-03
 29  2.018168e-03
 30  1.912934e-03
 31  1.836556e-03
 32  1.761655e-03
 33  1.681206e-03
 34  1.599655e-03
 35  1.481243e-03
 36  1.344898e-03
 37  1.191448e-03
 38  1.007082e-03
 39  8.284468e-04
 Iteration CPU time: 9 s
 CFIE residual: 0.000828447

 Iseg, Irank, Idinc : 1, 13, 32
 Thata, Phi : 90.000000, 31.000000
 Maximun iteration: 300
 Number of recycle truncation: 30
 Final matrix dimension:  36708
 Residual error:0.001000
 0  6.314825e-01
 1  3.084538e-01
 2  1.832207e-01
 3  1.147527e-01
 4  8.033630e-02
 5  5.882571e-02
 6  4.362802e-02
 7  3.348154e-02
 8  2.632760e-02
 9  2.112166e-02
 10  1.686020e-02
 11  1.380678e-02
 12  1.111025e-02
 13  9.336102e-03
 14  7.771308e-03
 15  6.550385e-03
 16  5.636970e-03
 17  4.848067e-03
 18  4.185524e-03
 19  3.752701e-03
 20  3.459013e-03
 21  3.201365e-03
 22  3.016261e-03
 23  2.871428e-03
 24  2.754591e-03
 25  2.656245e-03
 26  2.549086e-03
 27  2.414011e-03
 28  2.267384e-03
 29  2.063368e-03
 30  1.852600e-03
 31  1.661723e-03
 32  1.466903e-03
 33  1.277866e-03
 34  1.068420e-03
 35  8.998502e-04
 Iteration CPU time: 8 s
 CFIE residual: 0.00089985

 Iseg, Irank, Idinc : 1, 14, 91
 Thata, Phi : 90.000000, 90.000000
 Maximun iteration: 300
 Number of recycle truncation: 30
 Final matrix dimension:  36708
 Residual error:0.001000
 0  5.988513e-01
 1  3.442442e-01
 2  2.177814e-01
 3  1.495118e-01
 4  1.075336e-01
 5  8.202546e-02
 6  6.401878e-02
 7  5.004017e-02
 8  4.075644e-02
 9  3.269052e-02
 10  2.693074e-02
 11  2.248062e-02
 12  1.891312e-02
 13  1.625952e-02
 14  1.416781e-02
 15  1.233628e-02
 16  1.085292e-02
 17  9.846780e-03
 18  9.046223e-03
 19  8.407894e-03
 20  7.911374e-03
 21  7.531292e-03
 22  7.208515e-03
 23  6.908971e-03
 24  6.653841e-03
 25  6.363994e-03
 26  6.005725e-03
 27  5.508724e-03
 28  4.890511e-03
 29  4.294117e-03
 30  3.677114e-03
 31  3.123573e-03
 32  2.609515e-03
 33  2.149366e-03
 34  1.751831e-03
 35  1.408112e-03
 36  1.136446e-03
 37  9.274524e-04
 Iteration CPU time: 9 s
 CFIE residual: 0.000927452

 Iseg, Irank, Idinc : 1, 15, 9
 Thata, Phi : 90.000000, 8.000000
 Maximun iteration: 300
 Number of recycle truncation: 30
 Final matrix dimension:  36708
 Residual error:0.001000
 0  5.456457e-01
 1  2.778241e-01
 2  1.772063e-01
 3  1.238254e-01
 4  9.030291e-02
 5  6.746395e-02
 6  5.128880e-02
 7  3.974035e-02
 8  3.113763e-02
 9  2.430903e-02
 10  1.940128e-02
 11  1.543476e-02
 12  1.247043e-02
 13  1.007288e-02
 14  8.263728e-03
 15  6.752795e-03
 16  5.769447e-03
 17  4.922433e-03
 18  4.206297e-03
 19  3.594463e-03
 20  3.120218e-03
 21  2.760170e-03
 22  2.397545e-03
 23  2.120536e-03
 24  1.897816e-03
 25  1.733664e-03
 26  1.559164e-03
 27  1.423828e-03
 28  1.328134e-03
 29  1.247640e-03
 30  1.193523e-03
 31  1.149579e-03
 32  1.105004e-03
 33  1.051540e-03
 34  9.934122e-04
 Iteration CPU time: 8 s
 CFIE residual: 0.000993412

 Iseg, Irank, Idinc : 1, 16, 100
 Thata, Phi : 90.000000, 99.000000
 Maximun iteration: 300
 Number of recycle truncation: 30
 Final matrix dimension:  36708
 Residual error:0.001000
 0  6.062660e-01
 1  3.423255e-01
 2  2.143724e-01
 3  1.456791e-01
 4  1.049952e-01
 5  7.943907e-02
 6  6.154009e-02
 7  4.891909e-02
 8  3.892294e-02
 9  3.215124e-02
 10  2.622202e-02
 11  2.196389e-02
 12  1.835291e-02
 13  1.561394e-02
 14  1.352878e-02
 15  1.164221e-02
 16  1.018317e-02
 17  9.165747e-03
 18  8.245656e-03
 19  7.511253e-03
 20  6.939411e-03
 21  6.524752e-03
 22  6.244079e-03
 23  6.022384e-03
 24  5.827345e-03
 25  5.556942e-03
 26  5.304793e-03
 27  4.915095e-03
 28  4.512032e-03
 29  4.011196e-03
 30  3.509734e-03
 31  2.992007e-03
 32  2.494362e-03
 33  2.025352e-03
 34  1.633634e-03
 35  1.325499e-03
 36  1.074274e-03
 37  8.642661e-04
 Iteration CPU time: 8 s
 CFIE residual: 0.000864266

 Iseg, Irank, Idinc : 1, 17, 115
 Thata, Phi : 90.000000, 114.000000
 Maximun iteration: 300
 Number of recycle truncation: 30
 Final matrix dimension:  36708
 Residual error:0.001000
 0  6.407887e-01
 1  3.482222e-01
 2  2.168625e-01
 3  1.506869e-01
 4  1.077279e-01
 5  7.895841e-02
 6  6.143106e-02
 7  4.827874e-02
 8  3.803158e-02
 9  3.063387e-02
 10  2.460217e-02
 11  1.977223e-02
 12  1.632548e-02
 13  1.371051e-02
 14  1.161058e-02
 15  9.922901e-03
 16  8.587615e-03
 17  7.619211e-03
 18  6.759642e-03
 19  6.125331e-03
 20  5.734725e-03
 21  5.412982e-03
 22  5.162553e-03
 23  4.979374e-03
 24  4.823978e-03
 25  4.693671e-03
 26  4.495435e-03
 27  4.242273e-03
 28  3.995140e-03
 29  3.658516e-03
 30  3.291539e-03
 31  2.881800e-03
 32  2.400448e-03
 33  1.964426e-03
 34  1.541834e-03
 35  1.269668e-03
 36  9.833651e-04
 Iteration CPU time: 9 s
 CFIE residual: 0.000983365

 Iseg, Irank, Idinc : 1, 18, 1
 Thata, Phi : 90.000000, 0.000000
 Maximun iteration: 300
 Number of recycle truncation: 30
 Final matrix dimension:  36708
 Residual error:0.001000
 0  5.207306e-01
 1  2.725511e-01
 2  1.768830e-01
 3  1.208273e-01
 4  8.762927e-02
 5  6.672231e-02
 6  5.100803e-02
 7  3.790675e-02
 8  2.903584e-02
 9  2.332703e-02
 10  1.909888e-02
 11  1.505791e-02
 12  1.150388e-02
 13  9.523072e-03
 14  7.755647e-03
 15  6.478997e-03
 16  5.378156e-03
 17  4.653751e-03
 18  3.953619e-03
 19  3.427626e-03
 20  2.918699e-03
 21  2.497045e-03
 22  2.144675e-03
 23  1.824501e-03
 24  1.575745e-03
 25  1.358434e-03
 26  1.171974e-03
 27  1.048718e-03
 28  9.538070e-04
 Iteration CPU time: 6 s
 CFIE residual: 0.000953807

 Iseg, Irank, Idinc : 1, 19, 167
 Thata, Phi : 90.000000, 166.000000
 Maximun iteration: 300
 Number of recycle truncation: 30
 Final matrix dimension:  36708
 Residual error:0.001000
 0  5.955655e-01
 1  2.997869e-01
 2  1.849496e-01
 3  1.306793e-01
 4  1.003425e-01
 5  8.052663e-02
 6  6.469821e-02
 7  5.448074e-02
 8  4.577596e-02
 9  3.893057e-02
 10  3.266263e-02
 11  2.826123e-02
 12  2.476872e-02
 13  2.114982e-02
 14  1.777373e-02
 15  1.522625e-02
 16  1.322954e-02
 17  1.109948e-02
 18  9.352982e-03
 19  7.785513e-03
 20  6.627155e-03
 21  5.622237e-03
 22  4.885684e-03
 23  4.306507e-03
 24  3.784216e-03
 25  3.389940e-03
 26  3.100883e-03
 27  2.861125e-03
 28  2.696219e-03
 29  2.565034e-03
 30  2.444309e-03
 31  2.315179e-03
 32  2.197545e-03
 33  2.078721e-03
 34  1.912259e-03
 35  1.720901e-03
 36  1.495739e-03
 37  1.249181e-03
 38  1.011284e-03
 39  8.335322e-04
 Iteration CPU time: 9 s
 CFIE residual: 0.000833532

 Iseg, Irank, Idinc : 1, 20, 181
 Thata, Phi : 90.000000, 180.000000
 Maximun iteration: 300
 Number of recycle truncation: 30
 Final matrix dimension:  36708
 Residual error:0.001000
 0  5.885974e-01
 1  2.960207e-01
 2  1.832762e-01
 3  1.295277e-01
 4  9.909073e-02
 5  7.925526e-02
 6  6.452903e-02
 7  5.382475e-02
 8  4.499202e-02
 9  3.708639e-02
 10  3.041654e-02
 11  2.480112e-02
 12  2.006123e-02
 13  1.629090e-02
 14  1.331732e-02
 15  1.089412e-02
 16  8.939560e-03
 17  7.340424e-03
 18  6.217890e-03
 19  5.264946e-03
 20  4.437045e-03
 21  3.801592e-03
 22  3.217152e-03
 23  2.759612e-03
 24  2.424448e-03
 25  2.206929e-03
 26  2.019953e-03
 27  1.849827e-03
 28  1.717790e-03
 29  1.605641e-03
 30  1.506645e-03
 31  1.429465e-03
 32  1.356912e-03
 33  1.259941e-03
 34  1.128685e-03
 35  9.681333e-04
 Iteration CPU time: 8 s
 CFIE residual: 0.000968133

 Iseg, Irank, Idinc : 1, 21, 16
 Thata, Phi : 90.000000, 15.000000
 Maximun iteration: 300
 Number of recycle truncation: 30
 Final matrix dimension:  36708
 Residual error:0.001000
 0  5.928333e-01
 1  2.864691e-01
 2  1.759862e-01
 3  1.207496e-01
 4  8.640367e-02
 5  6.418509e-02
 6  4.889958e-02
 7  3.840472e-02
 8  3.026182e-02
 9  2.425043e-02
 10  1.941957e-02
 11  1.527112e-02
 12  1.216435e-02
 13  1.000881e-02
 14  8.441803e-03
 15  6.857085e-03
 16  5.846813e-03
 17  5.011537e-03
 18  4.276469e-03
 19  3.668644e-03
 20  3.214214e-03
 21  2.841005e-03
 22  2.488451e-03
 23  2.233827e-03
 24  2.044792e-03
 25  1.903584e-03
 26  1.770801e-03
 27  1.655121e-03
 28  1.580306e-03
 29  1.509805e-03
 30  1.451549e-03
 31  1.400453e-03
 32  1.334536e-03
 33  1.244871e-03
 34  1.141332e-03
 35  1.016074e-03
 36  8.922182e-04
 Iteration CPU time: 8 s
 CFIE residual: 0.000892218

 Iseg, Irank, Idinc : 1, 22, 153
 Thata, Phi : 90.000000, 152.000000
 Maximun iteration: 300
 Number of recycle truncation: 30
 Final matrix dimension:  36708
 Residual error:0.001000
 0  6.361830e-01
 1  3.296995e-01
 2  2.025453e-01
 3  1.346596e-01
 4  9.817204e-02
 5  7.698445e-02
 6  6.014226e-02
 7  4.904504e-02
 8  4.044393e-02
 9  3.442380e-02
 10  2.945018e-02
 11  2.592725e-02
 12  2.262582e-02
 13  1.918518e-02
 14  1.600488e-02
 15  1.383064e-02
 16  1.210130e-02
 17  1.015107e-02
 18  8.755951e-03
 19  7.532889e-03
 20  6.592095e-03
 21  5.767911e-03
 22  5.076302e-03
 23  4.541668e-03
 24  4.194618e-03
 25  3.911841e-03
 26  3.690764e-03
 27  3.488387e-03
 28  3.350229e-03
 29  3.212878e-03
 30  3.018750e-03
 31  2.812799e-03
 32  2.546846e-03
 33  2.276931e-03
 34  1.898379e-03
 35  1.561660e-03
 36  1.283466e-03
 37  1.006878e-03
 38  7.826240e-04
 Iteration CPU time: 8 s
 CFIE residual: 0.000782624

 Iseg, Irank, Idinc : 1, 23, 77
 Thata, Phi : 90.000000, 76.000000
 Maximun iteration: 300
 Number of recycle truncation: 30
 Final matrix dimension:  36708
 Residual error:0.001000
 0  6.160463e-01
 1  3.548272e-01
 2  2.289488e-01
 3  1.469796e-01
 4  1.041681e-01
 5  7.968032e-02
 6  6.212409e-02
 7  4.843444e-02
 8  3.910015e-02
 9  3.099716e-02
 10  2.545657e-02
 11  2.105632e-02
 12  1.742539e-02
 13  1.500729e-02
 14  1.320387e-02
 15  1.166693e-02
 16  1.066300e-02
 17  9.913941e-03
 18  9.326204e-03
 19  8.826969e-03
 20  8.500762e-03
 21  8.219370e-03
 22  7.923247e-03
 23  7.581435e-03
 24  7.126897e-03
 25  6.596864e-03
 26  6.071608e-03
 27  5.488796e-03
 28  4.881157e-03
 29  4.204854e-03
 30  3.514648e-03
 31  2.916433e-03
 32  2.358295e-03
 33  1.926198e-03
 34  1.563319e-03
 35  1.223443e-03
 36  9.830752e-04
 Iteration CPU time: 9 s
 CFIE residual: 0.000983075

 Iseg, Irank, Idinc : 1, 24, 130
 Thata, Phi : 90.000000, 129.000000
 Maximun iteration: 300
 Number of recycle truncation: 30
 Final matrix dimension:  36708
 Residual error:0.001000
 0  6.726389e-01
 1  3.480732e-01
 2  2.216373e-01
 3  1.520569e-01
 4  1.099535e-01
 5  8.122964e-02
 6  6.379769e-02
 7  5.057592e-02
 8  4.030661e-02
 9  3.334333e-02
 10  2.703333e-02
 11  2.165050e-02
 12  1.726438e-02
 13  1.401702e-02
 14  1.158374e-02
 15  9.979809e-03
 16  8.426871e-03
 17  7.343962e-03
 18  6.502191e-03
 19  5.888639e-03
 20  5.435751e-03
 21  5.113767e-03
 22  4.824932e-03
 23  4.602463e-03
 24  4.395307e-03
 25  4.235323e-03
 26  4.045190e-03
 27  3.850129e-03
 28  3.644038e-03
 29  3.381657e-03
 30  3.079667e-03
 31  2.734083e-03
 32  2.434026e-03
 33  2.091142e-03
 34  1.767047e-03
 35  1.480585e-03
 36  1.222284e-03
 37  9.800979e-04
 Iteration CPU time: 8 s
 CFIE residual: 0.000980098

 Iseg, Irank, Idinc : 1, 25, 48
 Thata, Phi : 90.000000, 47.000000
 Maximun iteration: 300
 Number of recycle truncation: 30
 Final matrix dimension:  36708
 Residual error:0.001000
 0  6.408942e-01
 1  3.322011e-01
 2  2.059364e-01
 3  1.342683e-01
 4  9.677494e-02
 5  7.377588e-02
 6  5.655591e-02
 7  4.310020e-02
 8  3.307633e-02
 9  2.572946e-02
 10  1.970329e-02
 11  1.558925e-02
 12  1.265668e-02
 13  1.049101e-02
 14  8.975587e-03
 15  7.886070e-03
 16  6.999658e-03
 17  6.316225e-03
 18  5.769205e-03
 19  5.384520e-03
 20  5.163137e-03
 21  4.985969e-03
 22  4.786060e-03
 23  4.587213e-03
 24  4.302420e-03
 25  3.998298e-03
 26  3.639511e-03
 27  3.247820e-03
 28  2.788890e-03
 29  2.374357e-03
 30  2.025550e-03
 31  1.711915e-03
 32  1.380820e-03
 33  1.130420e-03
 34  9.487653e-04
 Iteration CPU time: 8 s
 CFIE residual: 0.000948765

 Iseg, Irank, Idinc : 1, 26, 5
 Thata, Phi : 90.000000, 4.000000
 Maximun iteration: 300
 Number of recycle truncation: 30
 Final matrix dimension:  36708
 Residual error:0.001000
 0  5.273941e-01
 1  2.741356e-01
 2  1.770221e-01
 3  1.222280e-01
 4  8.901265e-02
 5  6.708399e-02
 6  5.104874e-02
 7  3.840442e-02
 8  3.009626e-02
 9  2.378896e-02
 10  1.911586e-02
 11  1.519025e-02
 12  1.207887e-02
 13  1.008459e-02
 14  8.257431e-03
 15  6.733633e-03
 16  5.759501e-03
 17  4.919664e-03
 18  4.144323e-03
 19  3.567184e-03
 20  3.089569e-03
 21  2.697148e-03
 22  2.344619e-03
 23  2.018496e-03
 24  1.782459e-03
 25  1.587230e-03
 26  1.394952e-03
 27  1.234604e-03
 28  1.126668e-03
 29  1.048845e-03
 30  9.935367e-04
 Iteration CPU time: 7 s
 CFIE residual: 0.000993537

 Iseg, Irank, Idinc : 1, 27, 172
 Thata, Phi : 90.000000, 171.000000
 Maximun iteration: 300
 Number of recycle truncation: 30
 Final matrix dimension:  36708
 Residual error:0.001000
 0  5.897602e-01
 1  2.968717e-01
 2  1.848436e-01
 3  1.317403e-01
 4  1.019797e-01
 5  8.183010e-02
 6  6.630630e-02
 7  5.573021e-02
 8  4.644787e-02
 9  3.902838e-02
 10  3.340139e-02
 11  2.839179e-02
 12  2.392877e-02
 13  2.012502e-02
 14  1.721518e-02
 15  1.431799e-02
 16  1.220161e-02
 17  1.029832e-02
 18  8.662627e-03
 19  7.223111e-03
 20  6.185194e-03
 21  5.243650e-03
 22  4.530633e-03
 23  3.990623e-03
 24  3.522546e-03
 25  3.149033e-03
 26  2.849403e-03
 27  2.621089e-03
 28  2.447467e-03
 29  2.305534e-03
 30  2.187386e-03
 31  2.085500e-03
 32  1.997969e-03
 33  1.904008e-03
 34  1.789989e-03
 35  1.653903e-03
 36  1.484155e-03
 37  1.288261e-03
 38  1.074438e-03
 39  8.754215e-04
 Iteration CPU time: 9 s
 CFIE residual: 0.000875422

 Iseg, Irank, Idinc : 1, 28, 96
 Thata, Phi : 90.000000, 95.000000
 Maximun iteration: 300
 Number of recycle truncation: 30
 Final matrix dimension:  36708
 Residual error:0.001000
 0  6.006962e-01
 1  3.421076e-01
 2  2.156321e-01
 3  1.452636e-01
 4  1.040592e-01
 5  7.966036e-02
 6  6.314128e-02
 7  4.963605e-02
 8  3.959286e-02
 9  3.188761e-02
 10  2.635546e-02
 11  2.180193e-02
 12  1.838424e-02
 13  1.591468e-02
 14  1.383006e-02
 15  1.194432e-02
 16  1.043760e-02
 17  9.400087e-03
 18  8.590197e-03
 19  7.871896e-03
 20  7.342224e-03
 21  6.958062e-03
 22  6.674275e-03
 23  6.434337e-03
 24  6.202740e-03
 25  5.945479e-03
 26  5.610733e-03
 27  5.216829e-03
 28  4.642562e-03
 29  4.114994e-03
 30  3.574570e-03
 31  3.032621e-03
 32  2.537109e-03
 33  2.079718e-03
 34  1.679022e-03
 35  1.329748e-03
 36  1.089766e-03
 37  8.899969e-04
 Iteration CPU time: 9 s
 CFIE residual: 0.000889997

 Iseg, Irank, Idinc : 1, 29, 27
 Thata, Phi : 90.000000, 26.000000
 Maximun iteration: 300
 Number of recycle truncation: 30
 Final matrix dimension:  36708
 Residual error:0.001000
 0  6.426640e-01
 1  3.020524e-01
 2  1.767810e-01
 3  1.130652e-01
 4  7.840753e-02
 5  5.754182e-02
 6  4.274465e-02
 7  3.310498e-02
 8  2.650473e-02
 9  2.163699e-02
 10  1.781055e-02
 11  1.444205e-02
 12  1.142550e-02
 13  9.532375e-03
 14  8.084472e-03
 15  6.898585e-03
 16  5.914399e-03
 17  4.986834e-03
 18  4.243944e-03
 19  3.773119e-03
 20  3.393935e-03
 21  3.079726e-03
 22  2.818904e-03
 23  2.635000e-03
 24  2.491938e-03
 25  2.390257e-03
 26  2.301717e-03
 27  2.194226e-03
 28  2.114473e-03
 29  2.001738e-03
 30  1.883291e-03
 31  1.750214e-03
 32  1.591326e-03
 33  1.413025e-03
 34  1.203055e-03
 35  1.021631e-03
 36  8.667774e-04
 Iteration CPU time: 8 s
 CFIE residual: 0.000866777

 Iseg, Irank, Idinc : 1, 30, 142
 Thata, Phi : 90.000000, 141.000000
 Maximun iteration: 300
 Number of recycle truncation: 30
 Final matrix dimension:  36708
 Residual error:0.001000
 0  6.857374e-01
 1  3.492257e-01
 2  2.110953e-01
 3  1.436422e-01
 4  1.037888e-01
 5  7.763023e-02
 6  5.996592e-02
 7  4.708200e-02
 8  3.866069e-02
 9  3.290195e-02
 10  2.795566e-02
 11  2.400026e-02
 12  2.061169e-02
 13  1.760054e-02
 14  1.478219e-02
 15  1.264880e-02
 16  1.091059e-02
 17  9.373255e-03
 18  8.045226e-03
 19  7.139473e-03
 20  6.413329e-03
 21  5.852190e-03
 22  5.450470e-03
 23  5.148126e-03
 24  4.925062e-03
 25  4.741627e-03
 26  4.561022e-03
 27  4.342395e-03
 28  4.139946e-03
 29  3.899272e-03
 30  3.606926e-03
 31  3.206068e-03
 32  2.804577e-03
 33  2.337204e-03
 34  1.969662e-03
 35  1.621068e-03
 36  1.301014e-03
 37  1.029060e-03
 38  8.007975e-04
 Iteration CPU time: 9 s
 CFIE residual: 0.000800797

 Iseg, Irank, Idinc : 1, 31, 58
 Thata, Phi : 90.000000, 57.000000
 Maximun iteration: 300
 Number of recycle truncation: 30
 Final matrix dimension:  36708
 Residual error:0.001000
 0  6.589503e-01
 1  3.483047e-01
 2  2.124459e-01
 3  1.335590e-01
 4  9.649539e-02
 5  7.284984e-02
 6  5.605107e-02
 7  4.419563e-02
 8  3.412630e-02
 9  2.738424e-02
 10  2.173720e-02
 11  1.724001e-02
 12  1.395592e-02
 13  1.143178e-02
 14  9.932004e-03
 15  8.918987e-03
 16  8.163110e-03
 17  7.548318e-03
 18  7.085955e-03
 19  6.679236e-03
 20  6.432853e-03
 21  6.244343e-03
 22  5.995314e-03
 23  5.674789e-03
 24  5.184657e-03
 25  4.628768e-03
 26  4.142334e-03
 27  3.606280e-03
 28  3.037179e-03
 29  2.510575e-03
 30  2.091241e-03
 31  1.704539e-03
 32  1.371219e-03
 33  1.098547e-03
 34  8.929426e-04
 Iteration CPU time: 8 s
 CFIE residual: 0.000892943

 Iseg, Irank, Idinc : 1, 32, 179
 Thata, Phi : 90.000000, 178.000000
 Maximun iteration: 300
 Number of recycle truncation: 30
 Final matrix dimension:  36708
 Residual error:0.001000
 0  5.886355e-01
 1  2.960814e-01
 2  1.834110e-01
 3  1.297478e-01
 4  9.947936e-02
 5  7.962926e-02
 6  6.482945e-02
 7  5.411452e-02
 8  4.518866e-02
 9  3.739838e-02
 10  3.082756e-02
 11  2.534792e-02
 12  2.088485e-02
 13  1.689830e-02
 14  1.420632e-02
 15  1.166618e-02
 16  9.675181e-03
 17  8.015517e-03
 18  6.783470e-03
 19  5.649407e-03
 20  4.828736e-03
 21  4.152422e-03
 22  3.535478e-03
 23  3.045250e-03
 24  2.714715e-03
 25  2.431771e-03
 26  2.200117e-03
 27  2.015075e-03
 28  1.874371e-03
 29  1.747160e-03
 30  1.646912e-03
 31  1.581030e-03
 32  1.520856e-03
 33  1.448270e-03
 34  1.366566e-03
 35  1.256548e-03
 36  1.127834e-03
 37  9.983372e-04
 Iteration CPU time: 8 s
 CFIE residual: 0.000998337

 Iseg, Irank, Idinc : 1, 33, 119
 Thata, Phi : 90.000000, 118.000000
 Maximun iteration: 300
 Number of recycle truncation: 30
 Final matrix dimension:  36708
 Residual error:0.001000
 0  6.463462e-01
 1  3.449237e-01
 2  2.163878e-01
 3  1.516461e-01
 4  1.089107e-01
 5  8.092313e-02
 6  6.343090e-02
 7  4.963507e-02
 8  3.930137e-02
 9  3.194398e-02
 10  2.591129e-02
 11  2.074869e-02
 12  1.683725e-02
 13  1.376930e-02
 14  1.162404e-02
 15  9.852751e-03
 16  8.570193e-03
 17  7.701926e-03
 18  6.750501e-03
 19  6.053428e-03
 20  5.655324e-03
 21  5.293240e-03
 22  5.078797e-03
 23  4.889421e-03
 24  4.726137e-03
 25  4.558568e-03
 26  4.367143e-03
 27  4.129334e-03
 28  3.925524e-03
 29  3.685247e-03
 30  3.408753e-03
 31  3.014262e-03
 32  2.622008e-03
 33  2.154592e-03
 34  1.787062e-03
 35  1.456923e-03
 36  1.165198e-03
 37  9.323669e-04
 Iteration CPU time: 9 s
 CFIE residual: 0.000932367

 Iseg, Irank, Idinc : 1, 34, 3
 Thata, Phi : 90.000000, 2.000000
 Maximun iteration: 300
 Number of recycle truncation: 30
 Final matrix dimension:  36708
 Residual error:0.001000
 0  5.224404e-01
 1  2.729792e-01
 2  1.769302e-01
 3  1.212566e-01
 4  8.809030e-02
 5  6.685808e-02
 6  5.102189e-02
 7  3.801146e-02
 8  2.934275e-02
 9  2.347414e-02
 10  1.909009e-02
 11  1.509993e-02
 12  1.171549e-02
 13  9.760265e-03
 14  8.084047e-03
 15  6.652942e-03
 16  5.632431e-03
 17  4.836438e-03
 18  4.066528e-03
 19  3.518018e-03
 20  3.030645e-03
 21  2.629690e-03
 22  2.285629e-03
 23  1.957185e-03
 24  1.714250e-03
 25  1.503698e-03
 26  1.304871e-03
 27  1.149532e-03
 28  1.031397e-03
 29  9.518266e-04
 Iteration CPU time: 7 s
 CFIE residual: 0.000951827

 Iseg, Irank, Idinc : 1, 35, 37
 Thata, Phi : 90.000000, 36.000000
 Maximun iteration: 300
 Number of recycle truncation: 30
 Final matrix dimension:  36708
 Residual error:0.001000
 0  6.228564e-01
 1  3.124584e-01
 2  1.914965e-01
 3  1.212683e-01
 4  8.385541e-02
 5  6.111827e-02
 6  4.604695e-02
 7  3.510268e-02
 8  2.718088e-02
 9  2.143784e-02
 10  1.662242e-02
 11  1.350939e-02
 12  1.098920e-02
 13  9.190671e-03
 14  7.684374e-03
 15  6.548046e-03
 16  5.657663e-03
 17  4.943168e-03
 18  4.359147e-03
 19  3.930181e-03
 20  3.674027e-03
 21  3.453958e-03
 22  3.313740e-03
 23  3.197928e-03
 24  3.086957e-03
 25  2.961932e-03
 26  2.832803e-03
 27  2.653744e-03
 28  2.430316e-03
 29  2.174845e-03
 30  1.940182e-03
 31  1.691789e-03
 32  1.467734e-03
 33  1.239488e-03
 34  1.044082e-03
 35  8.672933e-04
 Iteration CPU time: 8 s
 CFIE residual: 0.000867293

 Iseg, Irank, Idinc : 1, 36, 163
 Thata, Phi : 90.000000, 162.000000
 Maximun iteration: 300
 Number of recycle truncation: 30
 Final matrix dimension:  36708
 Residual error:0.001000
 0  6.068658e-01
 1  3.060443e-01
 2  1.866798e-01
 3  1.292371e-01
 4  9.756158e-02
 5  7.836617e-02
 6  6.307710e-02
 7  5.205438e-02
 8  4.377711e-02
 9  3.815824e-02
 10  3.295494e-02
 11  2.837650e-02
 12  2.452400e-02
 13  2.128988e-02
 14  1.805694e-02
 15  1.549243e-02
 16  1.325147e-02
 17  1.106872e-02
 18  9.457560e-03
 19  7.981028e-03
 20  6.778375e-03
 21  5.762621e-03
 22  5.017356e-03
 23  4.417566e-03
 24  3.926263e-03
 25  3.560113e-03
 26  3.298212e-03
 27  3.079374e-03
 28  2.941364e-03
 29  2.810862e-03
 30  2.676487e-03
 31  2.538563e-03
 32  2.375061e-03
 33  2.203027e-03
 34  1.986278e-03
 35  1.729823e-03
 36  1.443026e-03
 37  1.160198e-03
 38  9.218651e-04
 Iteration CPU time: 9 s
 CFIE residual: 0.000921865

 Iseg, Irank, Idinc : 1, 37, 68
 Thata, Phi : 90.000000, 67.000000
 Maximun iteration: 300
 Number of recycle truncation: 30
 Final matrix dimension:  36708
 Residual error:0.001000
 0  6.468462e-01
 1  3.672540e-01
 2  2.343970e-01
 3  1.498193e-01
 4  1.064354e-01
 5  8.304373e-02
 6  6.304040e-02
 7  5.005770e-02
 8  3.971236e-02
 9  3.236522e-02
 10  2.526070e-02
 11  2.071329e-02
 12  1.683870e-02
 13  1.409935e-02
 14  1.237846e-02
 15  1.106408e-02
 16  1.015454e-02
 17  9.413380e-03
 18  8.889459e-03
 19  8.474191e-03
 20  8.192789e-03
 21  7.969592e-03
 22  7.631691e-03
 23  7.207595e-03
 24  6.591625e-03
 25  5.946183e-03
 26  5.308576e-03
 27  4.676856e-03
 28  4.033853e-03
 29  3.339496e-03
 30  2.705928e-03
 31  2.184869e-03
 32  1.814982e-03
 33  1.444109e-03
 34  1.175422e-03
 35  9.610478e-04
 Iteration CPU time: 8 s
 CFIE residual: 0.000961048

 Iseg, Irank, Idinc : 1, 38, 12
 Thata, Phi : 90.000000, 11.000000
 Maximun iteration: 300
 Number of recycle truncation: 30
 Final matrix dimension:  36708
 Residual error:0.001000
 0  5.645163e-01
 1  2.811956e-01
 2  1.770090e-01
 3  1.234620e-01
 4  8.982685e-02
 5  6.699944e-02
 6  5.078842e-02
 7  3.968863e-02
 8  3.105327e-02
 9  2.443413e-02
 10  1.941223e-02
 11  1.525047e-02
 12  1.220404e-02
 13  9.978393e-03
 14  8.265057e-03
 15  6.666369e-03
 16  5.724194e-03
 17  4.879256e-03
 18  4.203760e-03
 19  3.607725e-03
 20  3.158237e-03
 21  2.792040e-03
 22  2.439724e-03
 23  2.174432e-03
 24  1.962474e-03
 25  1.812306e-03
 26  1.658493e-03
 27  1.533604e-03
 28  1.446015e-03
 29  1.370550e-03
 30  1.311371e-03
 31  1.266493e-03
 32  1.215105e-03
 33  1.150048e-03
 34  1.075695e-03
 35  9.826250e-04
 Iteration CPU time: 8 s
 CFIE residual: 0.000982625

 Iseg, Irank, Idinc : 1, 39, 104
 Thata, Phi : 90.000000, 103.000000
 Maximun iteration: 300
 Number of recycle truncation: 30
 Final matrix dimension:  36708
 Residual error:0.001000
 0  6.100838e-01
 1  3.457467e-01
 2  2.142243e-01
 3  1.472823e-01
 4  1.055394e-01
 5  7.932909e-02
 6  6.076741e-02
 7  4.817149e-02
 8  3.865170e-02
 9  3.168736e-02
 10  2.586582e-02
 11  2.167926e-02
 12  1.774399e-02
 13  1.496182e-02
 14  1.283940e-02
 15  1.102800e-02
 16  9.730503e-03
 17  8.731995e-03
 18  7.816378e-03
 19  7.057246e-03
 20  6.473694e-03
 21  6.045350e-03
 22  5.808857e-03
 23  5.610120e-03
 24  5.447209e-03
 25  5.219439e-03
 26  4.988653e-03
 27  4.631836e-03
 28  4.235434e-03
 29  3.776630e-03
 30  3.274829e-03
 31  2.771574e-03
 32  2.319725e-03
 33  1.891238e-03
 34  1.542093e-03
 35  1.249903e-03
 36  1.014791e-03
 37  8.238700e-04
 Iteration CPU time: 8 s
 CFIE residual: 0.00082387

 Iseg, Irank, Idinc : 1, 40, 180
 Thata, Phi : 90.000000, 179.000000
 Maximun iteration: 300
 Number of recycle truncation: 30
 Final matrix dimension:  36708
 Residual error:0.001000
 0  5.886125e-01
 1  2.960376e-01
 2  1.833111e-01
 3  1.295850e-01
 4  9.919927e-02
 5  7.936033e-02
 6  6.461865e-02
 7  5.391107e-02
 8  4.504902e-02
 9  3.717829e-02
 10  3.053015e-02
 11  2.495856e-02
 12  2.035374e-02
 13  1.649751e-02
 14  1.373075e-02
 15  1.130462e-02
 16  9.367593e-03
 17  7.708284e-03
 18  6.500454e-03
 19  5.433717e-03
 20  4.608870e-03
 21  3.949807e-03
 22  3.365452e-03
 23  2.898536e-03
 24  2.577230e-03
 25  2.315321e-03
 26  2.101349e-03
 27  1.926464e-03
 28  1.795238e-03
 29  1.666879e-03
 30  1.563379e-03
 31  1.492846e-03
 32  1.427552e-03
 33  1.344858e-03
 34  1.252047e-03
 35  1.116735e-03
 36  9.735558e-04
 Iteration CPU time: 8 s
 CFIE residual: 0.000973556
 Last Built End in Sep 21 2025 00:06:12
 Total CPU time: 349 s
 Finished.
