 Last Built Begin in Sep 21 2025 00:06:12
 Pre-Type( Input ):            8
 Skl-Tol ( Input ):    1.0000000000000000E-002
 Wavelength in freespace: 0.517241

 ################################################
 ##         Generating Required Mesh          ##
 ##         Waiting.....                      ##
 ################################################
 Subd No.      Subd Name
    1    sphere1                                                           
 isub,  nnode, npatch,  nedge:
    1       604      1204      1806
 Scale Factor         >>   9.99999978E-03
 ################################################

 START TIME: 20250922   001547.387


 Informaton for IE geometry:
 number of subdomains     : 1
 maxnode,maxpatch,maxedge : 604  1204  1806
 
 Index of Mat-Reg: 1
 Mat-Reg Number via MatFlg: 1
 Edge Number of Mat-Reg: 1, 1806

 Number of Edge on PEC: 0
 Mat-Reg: No Dim(m) Lmax:
    1 0.193    1
 Totlmax, add1, add2:           1           2           3
 rlengmax of Global MLFMA >>   0.19333332181066665     
 Lmax of Global MLFMA >>            1
 Wavenum of Mat-Reg:
    1 1.000

 total area in sq m           =      0.1254
 total area in sq lambda      =      0.4685
 maxnode, maxpatch, maxedge           =      604     1204     1806
 longest  edge in lambda              =      0.0421
 shortest edge in lambda              =      0.0184
 average  edge in lambda              =      0.0300
 largest  patch area in sq lambda     =      0.0006
 smallest patch area in sq lambda     =      0.0002
 ave    surface area in sq lambda     =      0.0004
 size range of the object in sq lambda =      0.3867

 #### MLFMA Info For Each Region ####
 Mat-Region =            1
 Array dimension parameters:
 maxrule=          14   maxgrid  =          64
 lmax   =           1   ncmax    =           9
 lsmax  =           1   lsmin    =           1
 kpm    =           1   kp0      =           1
 ntlm   =           1   nsm      =           1
 nkpm   =           1   niplm    =          16
 ngnearm=          64   ngsndm   =           1
 nearm  =        1807   mfinestm =         244
 ###############################

 CFIE Alpha:  0.50000000000000000     

 Fill MLFMA NI for Mat-Reg:           1
 Begin fill sparser part of Nearfield
 Begin fill denser part of Nearfield
 End fill
 Filling Amn                 Delta_CPU=         49.70 Memory(MB)=        200.07


 Now testing preconditioner with
 ipretype =            8
 method = cfie_solve_nfpre_pardiso

  
 NBP>>Begin fill sparser part of Nearfield
 NBP>>Begin fill denser part of Nearfield

212.5000%
225.0000%
237.5000%
250.0000%
262.5000%
275.0000%
287.5000%
300.0000%
 Begin MLFMA Box-Matrix Based Prec Constructor
 --- Intel MKL PARDISO --- 
  >> Solver Initialized
  >> Proceed to ngrp_box loop
  >> Loop 0 Initialized
 Memory for iGRP: 1 0 MB
 Total Memory For NFB Pre: 0 MB
 --- PARDISO PRECONDITIONER INITIALIZED --- 
 Constructing preconditioner CPU time: 0 s
 
 108360
 Memory for Iteration:: 1.65344 MB

 Iseg, Ninc_S : 1, 181, 0

 Iseg, Skeleton Angles: 1, 6
 Iseg, Skel-Pk Mem(MB): 1, 30.95

 Iseg, Irank, Idinc : 1, 1, 77
 Thata, Phi : 90.000000, 76.000000
 Maximun iteration: 300
 Number of recycle truncation: 30
 Final matrix dimension:  3612
 Residual error:0.010000
 0  2.409330e-01
 1  1.044639e-01
 2  4.896690e-02
 3  2.439334e-02
 4  1.122160e-02
 5  5.263862e-03
 Iteration CPU time: 0 s
 CFIE residual: 0.00526386

 Iseg, Irank, Idinc : 1, 2, 1
 Thata, Phi : 90.000000, 0.000000
 Maximun iteration: 300
 Number of recycle truncation: 30
 Final matrix dimension:  3612
 Residual error:0.010000
 0  2.477300e-01
 1  1.029691e-01
 2  4.884785e-02
 3  2.385806e-02
 4  1.069604e-02
 5  5.070035e-03
 Iteration CPU time: 0 s
 CFIE residual: 0.00507004

 Iseg, Irank, Idinc : 1, 3, 148
 Thata, Phi : 90.000000, 147.000000
 Maximun iteration: 300
 Number of recycle truncation: 30
 Final matrix dimension:  3612
 Residual error:0.010000
 0  2.353553e-01
 1  9.492834e-02
 2  4.458065e-02
 3  2.117493e-02
 4  1.002574e-02
 5  4.745099e-03
 Iteration CPU time: 0 s
 CFIE residual: 0.0047451

 Iseg, Irank, Idinc : 1, 4, 181
 Thata, Phi : 90.000000, 180.000000
 Maximun iteration: 300
 Number of recycle truncation: 30
 Final matrix dimension:  3612
 Residual error:0.010000
 0  2.407301e-01
 1  1.003879e-01
 2  4.700879e-02
 3  2.169362e-02
 4  1.019391e-02
 5  4.795782e-03
 Iteration CPU time: 0 s
 CFIE residual: 0.00479578

 Iseg, Irank, Idinc : 1, 5, 35
 Thata, Phi : 90.000000, 34.000000
 Maximun iteration: 300
 Number of recycle truncation: 30
 Final matrix dimension:  3612
 Residual error:0.010000
 0  2.396937e-01
 1  9.797651e-02
 2  4.646593e-02
 3  2.310996e-02
 4  1.053968e-02
 5  5.018514e-03
 Iteration CPU time: 1 s
 CFIE residual: 0.00501851

 Iseg, Irank, Idinc : 1, 6, 113
 Thata, Phi : 90.000000, 112.000000
 Maximun iteration: 300
 Number of recycle truncation: 30
 Final matrix dimension:  3612
 Residual error:0.010000
 0  2.374058e-01
 1  1.002789e-01
 2  4.677705e-02
 3  2.297095e-02
 4  1.087015e-02
 5  5.158934e-03
 Iteration CPU time: 0 s
 CFIE residual: 0.00515893
 Last Built End in Sep 21 2025 00:06:12
 Total CPU time: 7 s
 Finished.
