 Last Built Begin in Sep 21 2025 00:06:12
 Pre-Type( Input ):           10
 Skl-Tol ( Input ):    1.0000000000000001E-005
 Wavelength in freespace: 0.0308008

 ################################################
 ##         Generating Required Mesh          ##
 ##         Waiting.....                      ##
 ################################################
 Subd No.      Subd Name
    1    Open-Duct_PRIME_model_meshAA1                                     
 isub,  nnode, npatch,  nedge:
    1      6118     12236     18354
 Scale Factor         >>   1.54999997E-02
 ################################################

 START TIME: 20250922   030304.670


 Informaton for IE geometry:
 number of subdomains     : 1
 maxnode,maxpatch,maxedge : 6118  12236  18354
 
 Index of Mat-Reg: 1
 Mat-Reg Number via MatFlg: 1
 Edge Number of Mat-Reg: 1, 18354

 Number of Edge on PEC: 18354
 Mat-Reg: No Dim(m) Lmax:
    1 0.233    5
 Totlmax, add1, add2:           5           6           7
 rlengmax of Global MLFMA >>   0.23278849823492084     
 Lmax of Global MLFMA >>            5
 Wavenum of Mat-Reg:
    1 1.000

 total area in sq m           =      0.0510
 total area in sq lambda      =     53.7266
 maxnode, maxpatch, maxedge           =     6118    12236    18354
 longest  edge in lambda              =      0.1515
 shortest edge in lambda              =      0.0072
 average  edge in lambda              =      0.1012
 largest  patch area in sq lambda     =      0.0078
 smallest patch area in sq lambda     =      0.0000
 ave    surface area in sq lambda     =      0.0044
 size range of the object in sq lambda =      7.4492

 #### MLFMA Info For Each Region ####
 Mat-Region =            1
 Array dimension parameters:
 maxrule=          14   maxgrid  =          64
 lmax   =           5   ncmax    =        1250
 lsmax  =          26   lsmin    =           7
 kpm    =        1356   kp0      =         102
 ntlm   =      212856   nsm      =      230886
 nkpm   =        2178   niplm    =      139392
 ngnearm=       14257   ngsndm   =       64634
 nearm  =         333   mfinestm =         119
 ###############################

 CFIE Alpha:  0.50000000000000000     

 Fill MLFMA FI for Mat-Reg:           1
 Begin filltl.f
 fill translation matrix
 Level:            2
 fill shifting matrix
 Level:            3
 fill shifting matrix
 Level:            4
 fill shifting matrix
 Level:            5
 fill shifting matrix
 translator time(s):  0.118000008    
 fill interpolation matrix
 ThetaOrder            8
 PhiOrder            8
 lsl            7
 Filling TL                  Delta_CPU=          0.54 Memory(MB)=        653.71
 Filling sndgrp              Delta_CPU=          0.00 Memory(MB)=        653.71
 Filling VFS                 Delta_CPU=          3.17 Memory(MB)=        653.71

 Fill MLFMA NI for Mat-Reg:           1
 Begin fill sparser part of Nearfield
 Begin fill denser part of Nearfield
 End fill
 Filling Amn                 Delta_CPU=         91.36 Memory(MB)=        653.71


 Now testing preconditioner with
 ipretype =           10
 method = cfie_solve_nfrasspspre_pardiso

  
 NBP>>Begin fill sparser part of Nearfield

113.5276% NBP>>Begin fill denser part of Nearfield

200.1041%
 Begin MLFMA Box-Matrix Based Spar-RAS Prec Constructor
 --- Intel MKL PARDISO --- 
 Memory for iGroup: 1 0 MB
 Total Memory For SparRAS Pre: 0 MB
 --- PARDISO PRECONDITIONER INITIALIZED --- 
 Constructing preconditioner CPU time: 5 s
 
 1101240
 Memory for Iteration:: 16.8036 MB

 Iseg, Ninc_S : 1, 181, 0

 Iseg, Skeleton Angles: 1, 39
 Iseg, Skel-Pk Mem(MB): 1, 314.35

 Iseg, Irank, Idinc : 1, 1, 22
 Thata, Phi : 90.000000, 21.000000
 Maximun iteration: 300
 Number of recycle truncation: 30
 Final matrix dimension:  36708
 Residual error:0.001000
 0  6.117167e-01
 1  2.912789e-01
 2  1.659405e-01
 3  1.138262e-01
 4  8.034769e-02
 5  5.935672e-02
 6  4.546730e-02
 7  3.554770e-02
 8  2.802235e-02
 9  2.240300e-02
 10  1.733991e-02
 11  1.387843e-02
 12  1.106605e-02
 13  8.999576e-03
 14  7.404497e-03
 15  6.318854e-03
 16  5.322372e-03
 17  4.487420e-03
 18  3.844624e-03
 19  3.270565e-03
 20  2.841631e-03
 21  2.514794e-03
 22  2.268732e-03
 23  2.080580e-03
 24  1.930448e-03
 25  1.772083e-03
 26  1.611093e-03
 27  1.460317e-03
 28  1.307513e-03
 29  1.167768e-03
 30  1.023206e-03
 31  8.786617e-04
 Iteration CPU time: 7 s
 CFIE residual: 0.000878662

 Iseg, Irank, Idinc : 1, 2, 42
 Thata, Phi : 90.000000, 41.000000
 Maximun iteration: 300
 Number of recycle truncation: 30
 Final matrix dimension:  36708
 Residual error:0.001000
 0  6.257988e-01
 1  3.156481e-01
 2  2.005621e-01
 3  1.307820e-01
 4  8.981182e-02
 5  6.541249e-02
 6  4.839878e-02
 7  3.662473e-02
 8  2.806428e-02
 9  2.162527e-02
 10  1.676066e-02
 11  1.328144e-02
 12  1.082659e-02
 13  8.918105e-03
 14  7.459693e-03
 15  6.393747e-03
 16  5.615028e-03
 17  4.958534e-03
 18  4.518657e-03
 19  4.094420e-03
 20  3.714177e-03
 21  3.370429e-03
 22  3.079883e-03
 23  2.712541e-03
 24  2.356979e-03
 25  2.038679e-03
 26  1.730887e-03
 27  1.426584e-03
 28  1.154321e-03
 29  9.219704e-04
 Iteration CPU time: 7 s
 CFIE residual: 0.00092197

 Iseg, Irank, Idinc : 1, 3, 109
 Thata, Phi : 90.000000, 108.000000
 Maximun iteration: 300
 Number of recycle truncation: 30
 Final matrix dimension:  36708
 Residual error:0.001000
 0  6.323175e-01
 1  3.581731e-01
 2  2.254288e-01
 3  1.549036e-01
 4  1.087659e-01
 5  8.169871e-02
 6  6.332549e-02
 7  4.865062e-02
 8  3.797111e-02
 9  3.080696e-02
 10  2.416782e-02
 11  1.909172e-02
 12  1.537943e-02
 13  1.268267e-02
 14  1.050691e-02
 15  8.732533e-03
 16  7.340325e-03
 17  6.346554e-03
 18  5.557607e-03
 19  4.905334e-03
 20  4.367672e-03
 21  3.946974e-03
 22  3.573375e-03
 23  3.222721e-03
 24  2.937214e-03
 25  2.635610e-03
 26  2.351080e-03
 27  2.042160e-03
 28  1.722941e-03
 29  1.413075e-03
 30  1.155588e-03
 31  9.121056e-04
 Iteration CPU time: 7 s
 CFIE residual: 0.000912106

 Iseg, Irank, Idinc : 1, 4, 64
 Thata, Phi : 90.000000, 63.000000
 Maximun iteration: 300
 Number of recycle truncation: 30
 Final matrix dimension:  36708
 Residual error:0.001000
 0  6.651798e-01
 1  3.586806e-01
 2  2.237594e-01
 3  1.444756e-01
 4  1.043472e-01
 5  7.933415e-02
 6  6.052409e-02
 7  4.735019e-02
 8  3.765674e-02
 9  3.039359e-02
 10  2.389700e-02
 11  1.932994e-02
 12  1.542868e-02
 13  1.274458e-02
 14  1.079739e-02
 15  9.463524e-03
 16  8.506434e-03
 17  7.775695e-03
 18  7.105985e-03
 19  6.443444e-03
 20  5.864622e-03
 21  5.291085e-03
 22  4.696980e-03
 23  4.149344e-03
 24  3.537269e-03
 25  2.939170e-03
 26  2.440689e-03
 27  1.948556e-03
 28  1.531508e-03
 29  1.206827e-03
 30  9.260068e-04
 Iteration CPU time: 7 s
 CFIE residual: 0.000926007

 Iseg, Irank, Idinc : 1, 5, 146
 Thata, Phi : 90.000000, 145.000000
 Maximun iteration: 300
 Number of recycle truncation: 30
 Final matrix dimension:  36708
 Residual error:0.001000
 0  6.544716e-01
 1  3.469710e-01
 2  2.090599e-01
 3  1.454188e-01
 4  1.051495e-01
 5  8.084561e-02
 6  6.335339e-02
 7  5.024323e-02
 8  4.210793e-02
 9  3.505185e-02
 10  2.935558e-02
 11  2.473918e-02
 12  2.027813e-02
 13  1.614814e-02
 14  1.290517e-02
 15  1.054074e-02
 16  8.386138e-03
 17  6.992527e-03
 18  5.809197e-03
 19  4.770306e-03
 20  4.050695e-03
 21  3.451901e-03
 22  3.020219e-03
 23  2.693024e-03
 24  2.399122e-03
 25  2.216388e-03
 26  2.046395e-03
 27  1.865741e-03
 28  1.661613e-03
 29  1.454573e-03
 30  1.266155e-03
 31  1.035799e-03
 32  8.318783e-04
 Iteration CPU time: 8 s
 CFIE residual: 0.000831878

 Iseg, Irank, Idinc : 1, 6, 74
 Thata, Phi : 90.000000, 73.000000
 Maximun iteration: 300
 Number of recycle truncation: 30
 Final matrix dimension:  36708
 Residual error:0.001000
 0  6.440161e-01
 1  3.694468e-01
 2  2.401525e-01
 3  1.515407e-01
 4  1.061760e-01
 5  8.075319e-02
 6  6.330146e-02
 7  5.057685e-02
 8  4.008466e-02
 9  3.336235e-02
 10  2.616810e-02
 11  2.101226e-02
 12  1.703338e-02
 13  1.450168e-02
 14  1.253867e-02
 15  1.105971e-02
 16  9.839239e-03
 17  8.906149e-03
 18  8.087996e-03
 19  7.337157e-03
 20  6.717253e-03
 21  6.108240e-03
 22  5.490766e-03
 23  4.873413e-03
 24  4.263175e-03
 25  3.656700e-03
 26  3.104823e-03
 27  2.565451e-03
 28  2.102895e-03
 29  1.665216e-03
 30  1.338405e-03
 31  1.050674e-03
 32  8.011977e-04
 Iteration CPU time: 7 s
 CFIE residual: 0.000801198

 Iseg, Irank, Idinc : 1, 7, 159
 Thata, Phi : 90.000000, 158.000000
 Maximun iteration: 300
 Number of recycle truncation: 30
 Final matrix dimension:  36708
 Residual error:0.001000
 0  6.088740e-01
 1  3.132815e-01
 2  1.908874e-01
 3  1.316115e-01
 4  1.003851e-01
 5  8.016236e-02
 6  6.449054e-02
 7  5.186350e-02
 8  4.437897e-02
 9  3.818581e-02
 10  3.191438e-02
 11  2.653002e-02
 12  2.134994e-02
 13  1.760040e-02
 14  1.425533e-02
 15  1.150537e-02
 16  9.243022e-03
 17  7.583107e-03
 18  6.203896e-03
 19  5.065404e-03
 20  4.189865e-03
 21  3.496287e-03
 22  3.017890e-03
 23  2.649618e-03
 24  2.358136e-03
 25  2.075144e-03
 26  1.877163e-03
 27  1.716767e-03
 28  1.574329e-03
 29  1.432981e-03
 30  1.297696e-03
 31  1.156219e-03
 32  1.007868e-03
 33  8.517953e-04
 Iteration CPU time: 8 s
 CFIE residual: 0.000851795

 Iseg, Irank, Idinc : 1, 8, 120
 Thata, Phi : 90.000000, 119.000000
 Maximun iteration: 300
 Number of recycle truncation: 30
 Final matrix dimension:  36708
 Residual error:0.001000
 0  6.520259e-01
 1  3.466631e-01
 2  2.248926e-01
 3  1.563831e-01
 4  1.104996e-01
 5  8.324995e-02
 6  6.389974e-02
 7  4.989622e-02
 8  3.865425e-02
 9  3.034716e-02
 10  2.368268e-02
 11  1.863929e-02
 12  1.522381e-02
 13  1.261635e-02
 14  1.038756e-02
 15  8.817830e-03
 16  7.504818e-03
 17  6.510079e-03
 18  5.759102e-03
 19  5.068974e-03
 20  4.468124e-03
 21  4.058531e-03
 22  3.672124e-03
 23  3.319077e-03
 24  2.989414e-03
 25  2.710972e-03
 26  2.441708e-03
 27  2.164077e-03
 28  1.920183e-03
 29  1.634863e-03
 30  1.351044e-03
 31  1.091501e-03
 32  8.363227e-04
 Iteration CPU time: 7 s
 CFIE residual: 0.000836323

 Iseg, Irank, Idinc : 1, 9, 130
 Thata, Phi : 90.000000, 129.000000
 Maximun iteration: 300
 Number of recycle truncation: 30
 Final matrix dimension:  36708
 Residual error:0.001000
 0  6.760904e-01
 1  3.570618e-01
 2  2.312013e-01
 3  1.572994e-01
 4  1.121348e-01
 5  8.661065e-02
 6  6.592917e-02
 7  5.111026e-02
 8  4.067918e-02
 9  3.201217e-02
 10  2.533741e-02
 11  2.021764e-02
 12  1.604718e-02
 13  1.317227e-02
 14  1.085162e-02
 15  9.024235e-03
 16  7.482394e-03
 17  6.401682e-03
 18  5.488488e-03
 19  4.817720e-03
 20  4.353589e-03
 21  3.956113e-03
 22  3.632391e-03
 23  3.311888e-03
 24  3.000124e-03
 25  2.734902e-03
 26  2.450467e-03
 27  2.216414e-03
 28  1.980701e-03
 29  1.756211e-03
 30  1.495109e-03
 31  1.255708e-03
 32  1.024659e-03
 33  8.207922e-04
 Iteration CPU time: 8 s
 CFIE residual: 0.000820792

 Iseg, Irank, Idinc : 1, 10, 89
 Thata, Phi : 90.000000, 88.000000
 Maximun iteration: 300
 Number of recycle truncation: 30
 Final matrix dimension:  36708
 Residual error:0.001000
 0  6.208378e-01
 1  3.563311e-01
 2  2.295621e-01
 3  1.558345e-01
 4  1.112951e-01
 5  8.696760e-02
 6  6.783586e-02
 7  5.373791e-02
 8  4.307682e-02
 9  3.528543e-02
 10  2.808667e-02
 11  2.191384e-02
 12  1.750927e-02
 13  1.422403e-02
 14  1.209973e-02
 15  1.039887e-02
 16  9.052442e-03
 17  8.026963e-03
 18  7.294470e-03
 19  6.628950e-03
 20  6.093924e-03
 21  5.583488e-03
 22  5.067688e-03
 23  4.509390e-03
 24  3.964534e-03
 25  3.432999e-03
 26  2.925087e-03
 27  2.482356e-03
 28  2.034345e-03
 29  1.590923e-03
 30  1.242422e-03
 31  9.628979e-04
 Iteration CPU time: 7 s
 CFIE residual: 0.000962898

 Iseg, Irank, Idinc : 1, 11, 53
 Thata, Phi : 90.000000, 52.000000
 Maximun iteration: 300
 Number of recycle truncation: 30
 Final matrix dimension:  36708
 Residual error:0.001000
 0  6.474635e-01
 1  3.363862e-01
 2  2.084369e-01
 3  1.352213e-01
 4  9.667284e-02
 5  7.155159e-02
 6  5.487888e-02
 7  4.280753e-02
 8  3.304888e-02
 9  2.485822e-02
 10  1.976866e-02
 11  1.577670e-02
 12  1.282393e-02
 13  1.076013e-02
 14  9.198805e-03
 15  7.946691e-03
 16  7.146763e-03
 17  6.476102e-03
 18  5.867676e-03
 19  5.295516e-03
 20  4.789636e-03
 21  4.255804e-03
 22  3.840445e-03
 23  3.365955e-03
 24  2.856577e-03
 25  2.354097e-03
 26  1.949614e-03
 27  1.571403e-03
 28  1.273949e-03
 29  1.006219e-03
 30  7.773696e-04
 Iteration CPU time: 7 s
 CFIE residual: 0.00077737

 Iseg, Irank, Idinc : 1, 12, 32
 Thata, Phi : 90.000000, 31.000000
 Maximun iteration: 300
 Number of recycle truncation: 30
 Final matrix dimension:  36708
 Residual error:0.001000
 0  6.321724e-01
 1  3.061472e-01
 2  1.800211e-01
 3  1.138988e-01
 4  8.017748e-02
 5  5.930152e-02
 6  4.364517e-02
 7  3.311390e-02
 8  2.549733e-02
 9  2.028812e-02
 10  1.640060e-02
 11  1.305891e-02
 12  1.028588e-02
 13  8.575895e-03
 14  7.054642e-03
 15  5.973066e-03
 16  5.206986e-03
 17  4.461949e-03
 18  3.956380e-03
 19  3.467198e-03
 20  3.085334e-03
 21  2.779402e-03
 22  2.558101e-03
 23  2.373066e-03
 24  2.176088e-03
 25  1.959022e-03
 26  1.737155e-03
 27  1.543419e-03
 28  1.328178e-03
 29  1.124585e-03
 30  9.255640e-04
 Iteration CPU time: 7 s
 CFIE residual: 0.000925564

 Iseg, Irank, Idinc : 1, 13, 11
 Thata, Phi : 90.000000, 10.000000
 Maximun iteration: 300
 Number of recycle truncation: 30
 Final matrix dimension:  36708
 Residual error:0.001000
 0  5.407849e-01
 1  2.758746e-01
 2  1.728002e-01
 3  1.228981e-01
 4  8.801871e-02
 5  6.655927e-02
 6  5.115941e-02
 7  3.959729e-02
 8  3.064972e-02
 9  2.441479e-02
 10  1.914660e-02
 11  1.486832e-02
 12  1.156817e-02
 13  9.278101e-03
 14  7.572782e-03
 15  6.275574e-03
 16  5.311609e-03
 17  4.440705e-03
 18  3.817793e-03
 19  3.302766e-03
 20  2.884302e-03
 21  2.506381e-03
 22  2.236340e-03
 23  1.982616e-03
 24  1.817406e-03
 25  1.677755e-03
 26  1.551684e-03
 27  1.423548e-03
 28  1.310416e-03
 29  1.194881e-03
 30  1.069684e-03
 31  9.473978e-04
 Iteration CPU time: 8 s
 CFIE residual: 0.000947398

 Iseg, Irank, Idinc : 1, 14, 178
 Thata, Phi : 90.000000, 177.000000
 Maximun iteration: 300
 Number of recycle truncation: 30
 Final matrix dimension:  36708
 Residual error:0.001000
 0  5.587993e-01
 1  2.999476e-01
 2  1.914055e-01
 3  1.356381e-01
 4  1.064274e-01
 5  8.199738e-02
 6  6.689888e-02
 7  5.513239e-02
 8  4.505706e-02
 9  3.527821e-02
 10  2.795203e-02
 11  2.237596e-02
 12  1.777283e-02
 13  1.398582e-02
 14  1.111360e-02
 15  8.780336e-03
 16  6.949950e-03
 17  5.751961e-03
 18  4.652452e-03
 19  3.839007e-03
 20  3.130224e-03
 21  2.566059e-03
 22  2.208708e-03
 23  1.938930e-03
 24  1.676076e-03
 25  1.466964e-03
 26  1.309986e-03
 27  1.174270e-03
 28  1.071179e-03
 29  9.773704e-04
 Iteration CPU time: 6 s
 CFIE residual: 0.00097737

 Iseg, Irank, Idinc : 1, 15, 98
 Thata, Phi : 90.000000, 97.000000
 Maximun iteration: 300
 Number of recycle truncation: 30
 Final matrix dimension:  36708
 Residual error:0.001000
 0  6.182648e-01
 1  3.543555e-01
 2  2.233987e-01
 3  1.495031e-01
 4  1.065309e-01
 5  8.073586e-02
 6  6.206857e-02
 7  4.949846e-02
 8  3.914583e-02
 9  3.131172e-02
 10  2.513555e-02
 11  2.015299e-02
 12  1.625394e-02
 13  1.350037e-02
 14  1.141836e-02
 15  9.577545e-03
 16  8.177053e-03
 17  7.187450e-03
 18  6.423073e-03
 19  5.827415e-03
 20  5.330429e-03
 21  4.850996e-03
 22  4.389758e-03
 23  3.998078e-03
 24  3.628537e-03
 25  3.218098e-03
 26  2.833626e-03
 27  2.461358e-03
 28  2.066969e-03
 29  1.682426e-03
 30  1.343355e-03
 31  1.051809e-03
 32  7.943331e-04
 Iteration CPU time: 7 s
 CFIE residual: 0.000794333

 Iseg, Irank, Idinc : 1, 16, 81
 Thata, Phi : 90.000000, 80.000000
 Maximun iteration: 300
 Number of recycle truncation: 30
 Final matrix dimension:  36708
 Residual error:0.001000
 0  6.264279e-01
 1  3.591754e-01
 2  2.329109e-01
 3  1.530350e-01
 4  1.094267e-01
 5  8.555752e-02
 6  6.541203e-02
 7  5.262897e-02
 8  4.197039e-02
 9  3.361347e-02
 10  2.681250e-02
 11  2.108084e-02
 12  1.691191e-02
 13  1.402870e-02
 14  1.205218e-02
 15  1.054639e-02
 16  9.295376e-03
 17  8.305663e-03
 18  7.529623e-03
 19  6.858371e-03
 20  6.237098e-03
 21  5.734081e-03
 22  5.196126e-03
 23  4.654338e-03
 24  4.043828e-03
 25  3.506285e-03
 26  3.002212e-03
 27  2.539633e-03
 28  2.105369e-03
 29  1.679104e-03
 30  1.344736e-03
 31  1.056873e-03
 32  8.254525e-04
 Iteration CPU time: 7 s
 CFIE residual: 0.000825453

 Iseg, Irank, Idinc : 1, 17, 138
 Thata, Phi : 90.000000, 137.000000
 Maximun iteration: 300
 Number of recycle truncation: 30
 Final matrix dimension:  36708
 Residual error:0.001000
 0  6.970841e-01
 1  3.574650e-01
 2  2.222567e-01
 3  1.530803e-01
 4  1.111653e-01
 5  8.446520e-02
 6  6.401943e-02
 7  5.058068e-02
 8  4.165792e-02
 9  3.332325e-02
 10  2.690377e-02
 11  2.236812e-02
 12  1.822697e-02
 13  1.458002e-02
 14  1.167160e-02
 15  9.455035e-03
 16  7.774770e-03
 17  6.502860e-03
 18  5.454577e-03
 19  4.658710e-03
 20  4.120392e-03
 21  3.671397e-03
 22  3.365729e-03
 23  3.044664e-03
 24  2.779705e-03
 25  2.563220e-03
 26  2.328142e-03
 27  2.089118e-03
 28  1.841373e-03
 29  1.616415e-03
 30  1.384538e-03
 31  1.151506e-03
 32  9.257494e-04
 Iteration CPU time: 8 s
 CFIE residual: 0.000925749

 Iseg, Irank, Idinc : 1, 18, 1
 Thata, Phi : 90.000000, 0.000000
 Maximun iteration: 300
 Number of recycle truncation: 30
 Final matrix dimension:  36708
 Residual error:0.001000
 0  5.068871e-01
 1  2.678930e-01
 2  1.737114e-01
 3  1.206078e-01
 4  8.572998e-02
 5  6.422511e-02
 6  4.947715e-02
 7  3.802631e-02
 8  2.925816e-02
 9  2.264857e-02
 10  1.727874e-02
 11  1.349703e-02
 12  1.113979e-02
 13  8.783720e-03
 14  7.189990e-03
 15  5.675737e-03
 16  4.644704e-03
 17  3.838694e-03
 18  3.295867e-03
 19  2.852690e-03
 20  2.507306e-03
 21  2.232981e-03
 22  1.989874e-03
 23  1.744261e-03
 24  1.576197e-03
 25  1.450665e-03
 26  1.347813e-03
 27  1.245050e-03
 28  1.122739e-03
 29  1.003119e-03
 30  8.433965e-04
 Iteration CPU time: 7 s
 CFIE residual: 0.000843396

 Iseg, Irank, Idinc : 1, 19, 168
 Thata, Phi : 90.000000, 167.000000
 Maximun iteration: 300
 Number of recycle truncation: 30
 Final matrix dimension:  36708
 Residual error:0.001000
 0  5.761700e-01
 1  3.015973e-01
 2  1.890387e-01
 3  1.348047e-01
 4  1.054472e-01
 5  8.369597e-02
 6  6.885005e-02
 7  5.599563e-02
 8  4.671188e-02
 9  3.890969e-02
 10  3.284795e-02
 11  2.716194e-02
 12  2.238333e-02
 13  1.786336e-02
 14  1.464652e-02
 15  1.191030e-02
 16  9.732364e-03
 17  7.916711e-03
 18  6.396634e-03
 19  5.124524e-03
 20  4.197593e-03
 21  3.445630e-03
 22  2.926838e-03
 23  2.486527e-03
 24  2.143775e-03
 25  1.839368e-03
 26  1.593437e-03
 27  1.436634e-03
 28  1.318596e-03
 29  1.215425e-03
 30  1.122138e-03
 31  1.023052e-03
 32  9.086668e-04
 Iteration CPU time: 7 s
 CFIE residual: 0.000908667

 Iseg, Irank, Idinc : 1, 20, 153
 Thata, Phi : 90.000000, 152.000000
 Maximun iteration: 300
 Number of recycle truncation: 30
 Final matrix dimension:  36708
 Residual error:0.001000
 0  6.306014e-01
 1  3.298435e-01
 2  2.004203e-01
 3  1.375400e-01
 4  1.021740e-01
 5  8.004180e-02
 6  6.371433e-02
 7  5.075320e-02
 8  4.307464e-02
 9  3.606880e-02
 10  3.057810e-02
 11  2.559448e-02
 12  2.056517e-02
 13  1.626580e-02
 14  1.324042e-02
 15  1.078743e-02
 16  8.729444e-03
 17  7.163671e-03
 18  5.889078e-03
 19  4.818481e-03
 20  4.049503e-03
 21  3.391578e-03
 22  2.947629e-03
 23  2.615211e-03
 24  2.325882e-03
 25  2.098359e-03
 26  1.917683e-03
 27  1.736881e-03
 28  1.564791e-03
 29  1.409556e-03
 30  1.247826e-03
 31  1.055276e-03
 32  8.670176e-04
 Iteration CPU time: 7 s
 CFIE residual: 0.000867018

 Iseg, Irank, Idinc : 1, 21, 104
 Thata, Phi : 90.000000, 103.000000
 Maximun iteration: 300
 Number of recycle truncation: 30
 Final matrix dimension:  36708
 Residual error:0.001000
 0  6.199589e-01
 1  3.557815e-01
 2  2.241849e-01
 3  1.519241e-01
 4  1.060178e-01
 5  7.975702e-02
 6  6.217315e-02
 7  4.819834e-02
 8  3.781649e-02
 9  3.077907e-02
 10  2.487306e-02
 11  1.981068e-02
 12  1.587521e-02
 13  1.304995e-02
 14  1.077928e-02
 15  9.059433e-03
 16  7.603537e-03
 17  6.664874e-03
 18  5.881641e-03
 19  5.272408e-03
 20  4.766036e-03
 21  4.365897e-03
 22  3.936374e-03
 23  3.559397e-03
 24  3.227132e-03
 25  2.888815e-03
 26  2.564641e-03
 27  2.264908e-03
 28  1.935950e-03
 29  1.596316e-03
 30  1.303344e-03
 31  1.034897e-03
 32  7.976035e-04
 Iteration CPU time: 7 s
 CFIE residual: 0.000797603

 Iseg, Irank, Idinc : 1, 22, 181
 Thata, Phi : 90.000000, 180.000000
 Maximun iteration: 300
 Number of recycle truncation: 30
 Final matrix dimension:  36708
 Residual error:0.001000
 0  5.575663e-01
 1  2.999333e-01
 2  1.913976e-01
 3  1.354817e-01
 4  1.061475e-01
 5  8.141723e-02
 6  6.634606e-02
 7  5.467507e-02
 8  4.450904e-02
 9  3.457627e-02
 10  2.710418e-02
 11  2.143760e-02
 12  1.631253e-02
 13  1.263307e-02
 14  9.823539e-03
 15  7.607954e-03
 16  5.894456e-03
 17  4.767983e-03
 18  3.863905e-03
 19  3.061801e-03
 20  2.550440e-03
 21  2.206890e-03
 22  1.904168e-03
 23  1.665847e-03
 24  1.464198e-03
 25  1.312595e-03
 26  1.205304e-03
 27  1.094110e-03
 28  9.996859e-04
 Iteration CPU time: 7 s
 CFIE residual: 0.000999686

 Iseg, Irank, Idinc : 1, 23, 6
 Thata, Phi : 90.000000, 5.000000
 Maximun iteration: 300
 Number of recycle truncation: 30
 Final matrix dimension:  36708
 Residual error:0.001000
 0  5.167126e-01
 1  2.703612e-01
 2  1.733713e-01
 3  1.216706e-01
 4  8.736686e-02
 5  6.611648e-02
 6  5.056512e-02
 7  3.823967e-02
 8  2.914102e-02
 9  2.330710e-02
 10  1.850619e-02
 11  1.459468e-02
 12  1.147266e-02
 13  9.145374e-03
 14  7.625429e-03
 15  6.238028e-03
 16  5.195705e-03
 17  4.340281e-03
 18  3.689669e-03
 19  3.206987e-03
 20  2.813801e-03
 21  2.457952e-03
 22  2.187583e-03
 23  1.918410e-03
 24  1.736502e-03
 25  1.589243e-03
 26  1.476863e-03
 27  1.362466e-03
 28  1.259388e-03
 29  1.133831e-03
 30  1.005672e-03
 31  8.787117e-04
 Iteration CPU time: 7 s
 CFIE residual: 0.000878712

 Iseg, Irank, Idinc : 1, 24, 59
 Thata, Phi : 90.000000, 58.000000
 Maximun iteration: 300
 Number of recycle truncation: 30
 Final matrix dimension:  36708
 Residual error:0.001000
 0  6.625891e-01
 1  3.468322e-01
 2  2.159911e-01
 3  1.372199e-01
 4  9.773514e-02
 5  7.218587e-02
 6  5.599405e-02
 7  4.432577e-02
 8  3.537780e-02
 9  2.730887e-02
 10  2.094312e-02
 11  1.688194e-02
 12  1.378135e-02
 13  1.146818e-02
 14  9.716969e-03
 15  8.444609e-03
 16  7.586039e-03
 17  6.902190e-03
 18  6.311546e-03
 19  5.719590e-03
 20  5.195094e-03
 21  4.689220e-03
 22  4.105784e-03
 23  3.595174e-03
 24  3.070240e-03
 25  2.545648e-03
 26  2.087804e-03
 27  1.688000e-03
 28  1.350422e-03
 29  1.072219e-03
 30  8.366287e-04
 Iteration CPU time: 7 s
 CFIE residual: 0.000836629

 Iseg, Irank, Idinc : 1, 25, 17
 Thata, Phi : 90.000000, 16.000000
 Maximun iteration: 300
 Number of recycle truncation: 30
 Final matrix dimension:  36708
 Residual error:0.001000
 0  5.792476e-01
 1  2.838663e-01
 2  1.697527e-01
 3  1.193592e-01
 4  8.470467e-02
 5  6.361786e-02
 6  4.934932e-02
 7  3.859009e-02
 8  3.020783e-02
 9  2.375264e-02
 10  1.845901e-02
 11  1.478030e-02
 12  1.152290e-02
 13  9.229894e-03
 14  7.502919e-03
 15  6.394626e-03
 16  5.395525e-03
 17  4.550517e-03
 18  3.880957e-03
 19  3.302236e-03
 20  2.891426e-03
 21  2.503155e-03
 22  2.250418e-03
 23  2.024824e-03
 24  1.867549e-03
 25  1.721880e-03
 26  1.583894e-03
 27  1.446339e-03
 28  1.315174e-03
 29  1.194501e-03
 30  1.060891e-03
 31  9.276357e-04
 Iteration CPU time: 8 s
 CFIE residual: 0.000927636

 Iseg, Irank, Idinc : 1, 26, 173
 Thata, Phi : 90.000000, 172.000000
 Maximun iteration: 300
 Number of recycle truncation: 30
 Final matrix dimension:  36708
 Residual error:0.001000
 0  5.652162e-01
 1  3.001494e-01
 2  1.910057e-01
 3  1.360209e-01
 4  1.070523e-01
 5  8.366269e-02
 6  6.868303e-02
 7  5.625256e-02
 8  4.655829e-02
 9  3.766290e-02
 10  3.093779e-02
 11  2.541881e-02
 12  2.088132e-02
 13  1.667181e-02
 14  1.360854e-02
 15  1.110501e-02
 16  9.133787e-03
 17  7.384932e-03
 18  5.890877e-03
 19  4.776600e-03
 20  3.892258e-03
 21  3.163253e-03
 22  2.699880e-03
 23  2.311361e-03
 24  1.981106e-03
 25  1.704066e-03
 26  1.477253e-03
 27  1.319077e-03
 28  1.202642e-03
 29  1.103648e-03
 30  1.022256e-03
 31  9.326535e-04
 Iteration CPU time: 7 s
 CFIE residual: 0.000932654

 Iseg, Irank, Idinc : 1, 27, 115
 Thata, Phi : 90.000000, 114.000000
 Maximun iteration: 300
 Number of recycle truncation: 30
 Final matrix dimension:  36708
 Residual error:0.001000
 0  6.467599e-01
 1  3.516802e-01
 2  2.227397e-01
 3  1.552599e-01
 4  1.097489e-01
 5  8.202490e-02
 6  6.260591e-02
 7  4.846003e-02
 8  3.792746e-02
 9  3.017820e-02
 10  2.349076e-02
 11  1.846873e-02
 12  1.515076e-02
 13  1.263382e-02
 14  1.045734e-02
 15  8.662516e-03
 16  7.379927e-03
 17  6.392511e-03
 18  5.551456e-03
 19  4.870966e-03
 20  4.374532e-03
 21  3.921798e-03
 22  3.573665e-03
 23  3.218735e-03
 24  2.937926e-03
 25  2.640375e-03
 26  2.381491e-03
 27  2.089637e-03
 28  1.807269e-03
 29  1.534264e-03
 30  1.245452e-03
 31  9.728844e-04
 Iteration CPU time: 7 s
 CFIE residual: 0.000972884

 Iseg, Irank, Idinc : 1, 28, 37
 Thata, Phi : 90.000000, 36.000000
 Maximun iteration: 300
 Number of recycle truncation: 30
 Final matrix dimension:  36708
 Residual error:0.001000
 0  6.223886e-01
 1  3.126941e-01
 2  1.932180e-01
 3  1.229433e-01
 4  8.408441e-02
 5  6.176293e-02
 6  4.531712e-02
 7  3.421706e-02
 8  2.629157e-02
 9  2.039770e-02
 10  1.613639e-02
 11  1.295894e-02
 12  1.036917e-02
 13  8.581868e-03
 14  7.117830e-03
 15  6.094979e-03
 16  5.263752e-03
 17  4.571179e-03
 18  4.107221e-03
 19  3.666079e-03
 20  3.301647e-03
 21  3.002355e-03
 22  2.763548e-03
 23  2.506795e-03
 24  2.248728e-03
 25  2.003686e-03
 26  1.738705e-03
 27  1.488922e-03
 28  1.248323e-03
 29  1.036471e-03
 30  8.546350e-04
 Iteration CPU time: 7 s
 CFIE residual: 0.000854635

 Iseg, Irank, Idinc : 1, 29, 70
 Thata, Phi : 90.000000, 69.000000
 Maximun iteration: 300
 Number of recycle truncation: 30
 Final matrix dimension:  36708
 Residual error:0.001000
 0  6.550211e-01
 1  3.689732e-01
 2  2.360631e-01
 3  1.518567e-01
 4  1.089900e-01
 5  8.286093e-02
 6  6.394856e-02
 7  5.073977e-02
 8  4.085857e-02
 9  3.389709e-02
 10  2.673651e-02
 11  2.115919e-02
 12  1.706637e-02
 13  1.435835e-02
 14  1.230103e-02
 15  1.093356e-02
 16  9.802948e-03
 17  8.887047e-03
 18  8.088029e-03
 19  7.305277e-03
 20  6.704088e-03
 21  6.070191e-03
 22  5.473410e-03
 23  4.864097e-03
 24  4.217028e-03
 25  3.579997e-03
 26  2.998913e-03
 27  2.467841e-03
 28  1.974109e-03
 29  1.578400e-03
 30  1.234824e-03
 31  9.691797e-04
 Iteration CPU time: 7 s
 CFIE residual: 0.00096918

 Iseg, Irank, Idinc : 1, 30, 163
 Thata, Phi : 90.000000, 162.000000
 Maximun iteration: 300
 Number of recycle truncation: 30
 Final matrix dimension:  36708
 Residual error:0.001000
 0  5.926527e-01
 1  3.061337e-01
 2  1.877116e-01
 3  1.319585e-01
 4  1.020263e-01
 5  8.200170e-02
 6  6.669287e-02
 7  5.390194e-02
 8  4.547699e-02
 9  3.888211e-02
 10  3.289198e-02
 11  2.740136e-02
 12  2.247204e-02
 13  1.810836e-02
 14  1.472535e-02
 15  1.193682e-02
 16  9.675807e-03
 17  8.007646e-03
 18  6.540807e-03
 19  5.207604e-03
 20  4.318183e-03
 21  3.577097e-03
 22  3.029354e-03
 23  2.601337e-03
 24  2.266504e-03
 25  1.954034e-03
 26  1.748361e-03
 27  1.598194e-03
 28  1.473302e-03
 29  1.354459e-03
 30  1.236940e-03
 31  1.125498e-03
 32  9.888170e-04
 Iteration CPU time: 8 s
 CFIE residual: 0.000988817

 Iseg, Irank, Idinc : 1, 31, 3
 Thata, Phi : 90.000000, 2.000000
 Maximun iteration: 300
 Number of recycle truncation: 30
 Final matrix dimension:  36708
 Residual error:0.001000
 0  5.085613e-01
 1  2.683201e-01
 2  1.736387e-01
 3  1.207775e-01
 4  8.603745e-02
 5  6.464496e-02
 6  4.971580e-02
 7  3.796346e-02
 8  2.913008e-02
 9  2.266680e-02
 10  1.753356e-02
 11  1.398879e-02
 12  1.134575e-02
 13  8.928116e-03
 14  7.371316e-03
 15  6.005730e-03
 16  5.019875e-03
 17  4.187023e-03
 18  3.552834e-03
 19  3.085362e-03
 20  2.709219e-03
 21  2.398068e-03
 22  2.130112e-03
 23  1.862294e-03
 24  1.671534e-03
 25  1.528463e-03
 26  1.414838e-03
 27  1.307098e-03
 28  1.195893e-03
 29  1.073106e-03
 30  9.328444e-04
 Iteration CPU time: 7 s
 CFIE residual: 0.000932844

 Iseg, Irank, Idinc : 1, 32, 126
 Thata, Phi : 90.000000, 125.000000
 Maximun iteration: 300
 Number of recycle truncation: 30
 Final matrix dimension:  36708
 Residual error:0.001000
 0  6.606030e-01
 1  3.482393e-01
 2  2.294135e-01
 3  1.578503e-01
 4  1.125863e-01
 5  8.619966e-02
 6  6.585013e-02
 7  5.121548e-02
 8  3.979102e-02
 9  3.106311e-02
 10  2.448483e-02
 11  1.956132e-02
 12  1.561314e-02
 13  1.279551e-02
 14  1.054990e-02
 15  9.058724e-03
 16  7.656689e-03
 17  6.595034e-03
 18  5.753710e-03
 19  5.050625e-03
 20  4.501627e-03
 21  4.078438e-03
 22  3.727274e-03
 23  3.409771e-03
 24  3.061291e-03
 25  2.777002e-03
 26  2.519678e-03
 27  2.283426e-03
 28  2.046672e-03
 29  1.814120e-03
 30  1.555677e-03
 31  1.299150e-03
 32  1.065712e-03
 33  8.628291e-04
 Iteration CPU time: 8 s
 CFIE residual: 0.000862829

 Iseg, Irank, Idinc : 1, 33, 47
 Thata, Phi : 90.000000, 46.000000
 Maximun iteration: 300
 Number of recycle truncation: 30
 Final matrix dimension:  36708
 Residual error:0.001000
 0  6.344821e-01
 1  3.232588e-01
 2  2.040583e-01
 3  1.342908e-01
 4  9.505102e-02
 5  7.044374e-02
 6  5.287137e-02
 7  4.071033e-02
 8  3.111778e-02
 9  2.420759e-02
 10  1.885767e-02
 11  1.475233e-02
 12  1.192516e-02
 13  9.855154e-03
 14  8.272170e-03
 15  7.094562e-03
 16  6.333758e-03
 17  5.674231e-03
 18  5.160207e-03
 19  4.739992e-03
 20  4.316718e-03
 21  3.822328e-03
 22  3.455526e-03
 23  3.022512e-03
 24  2.576256e-03
 25  2.183733e-03
 26  1.830369e-03
 27  1.505396e-03
 28  1.232035e-03
 29  9.963738e-04
 Iteration CPU time: 7 s
 CFIE residual: 0.000996374

 Iseg, Irank, Idinc : 1, 34, 93
 Thata, Phi : 90.000000, 92.000000
 Maximun iteration: 300
 Number of recycle truncation: 30
 Final matrix dimension:  36708
 Residual error:0.001000
 0  6.201834e-01
 1  3.569878e-01
 2  2.271079e-01
 3  1.514978e-01
 4  1.087661e-01
 5  8.482106e-02
 6  6.658146e-02
 7  5.276907e-02
 8  4.220500e-02
 9  3.415440e-02
 10  2.702285e-02
 11  2.176081e-02
 12  1.757926e-02
 13  1.431164e-02
 14  1.217637e-02
 15  1.031591e-02
 16  8.883670e-03
 17  7.806045e-03
 18  7.035176e-03
 19  6.379766e-03
 20  5.861688e-03
 21  5.352544e-03
 22  4.861378e-03
 23  4.370649e-03
 24  3.893673e-03
 25  3.412326e-03
 26  2.953228e-03
 27  2.548121e-03
 28  2.087052e-03
 29  1.631636e-03
 30  1.253097e-03
 31  9.594117e-04
 Iteration CPU time: 7 s
 CFIE residual: 0.000959412

 Iseg, Irank, Idinc : 1, 35, 180
 Thata, Phi : 90.000000, 179.000000
 Maximun iteration: 300
 Number of recycle truncation: 30
 Final matrix dimension:  36708
 Residual error:0.001000
 0  5.577190e-01
 1  2.999372e-01
 2  1.914017e-01
 3  1.355033e-01
 4  1.061838e-01
 5  8.148974e-02
 6  6.641486e-02
 7  5.473826e-02
 8  4.458622e-02
 9  3.466934e-02
 10  2.721863e-02
 11  2.157367e-02
 12  1.658402e-02
 13  1.290204e-02
 14  1.008492e-02
 15  7.871916e-03
 16  6.114552e-03
 17  5.021264e-03
 18  4.113414e-03
 19  3.356769e-03
 20  2.729863e-03
 21  2.300301e-03
 22  1.997529e-03
 23  1.766241e-03
 24  1.544124e-03
 25  1.367396e-03
 26  1.241603e-03
 27  1.118756e-03
 28  1.023490e-03
 29  9.265266e-04
 Iteration CPU time: 7 s
 CFIE residual: 0.000926527

 Iseg, Irank, Idinc : 1, 36, 26
 Thata, Phi : 90.000000, 25.000000
 Maximun iteration: 300
 Number of recycle truncation: 30
 Final matrix dimension:  36708
 Residual error:0.001000
 0  6.298165e-01
 1  2.972529e-01
 2  1.671606e-01
 3  1.104308e-01
 4  7.777776e-02
 5  5.719340e-02
 6  4.299915e-02
 7  3.301263e-02
 8  2.584420e-02
 9  2.080486e-02
 10  1.652000e-02
 11  1.302363e-02
 12  1.056269e-02
 13  8.667615e-03
 14  7.245351e-03
 15  6.132931e-03
 16  5.303154e-03
 17  4.468001e-03
 18  3.873285e-03
 19  3.314365e-03
 20  2.901559e-03
 21  2.577841e-03
 22  2.347554e-03
 23  2.178823e-03
 24  2.022300e-03
 25  1.842454e-03
 26  1.672951e-03
 27  1.501492e-03
 28  1.327420e-03
 29  1.174275e-03
 30  1.001421e-03
 31  8.370422e-04
 Iteration CPU time: 7 s
 CFIE residual: 0.000837042

 Iseg, Irank, Idinc : 1, 37, 142
 Thata, Phi : 90.000000, 141.000000
 Maximun iteration: 300
 Number of recycle truncation: 30
 Final matrix dimension:  36708
 Residual error:0.001000
 0  6.773157e-01
 1  3.525717e-01
 2  2.135912e-01
 3  1.483543e-01
 4  1.077858e-01
 5  8.241728e-02
 6  6.307052e-02
 7  5.020914e-02
 8  4.177176e-02
 9  3.430232e-02
 10  2.834992e-02
 11  2.372789e-02
 12  1.932056e-02
 13  1.557686e-02
 14  1.228083e-02
 15  1.008520e-02
 16  8.066020e-03
 17  6.735937e-03
 18  5.636985e-03
 19  4.656271e-03
 20  4.054082e-03
 21  3.552284e-03
 22  3.194068e-03
 23  2.862571e-03
 24  2.598261e-03
 25  2.413202e-03
 26  2.222762e-03
 27  2.027164e-03
 28  1.779033e-03
 29  1.559869e-03
 30  1.358192e-03
 31  1.139120e-03
 32  9.340777e-04
 Iteration CPU time: 7 s
 CFIE residual: 0.000934078

 Iseg, Irank, Idinc : 1, 38, 85
 Thata, Phi : 90.000000, 84.000000
 Maximun iteration: 300
 Number of recycle truncation: 30
 Final matrix dimension:  36708
 Residual error:0.001000
 0  6.221410e-01
 1  3.551671e-01
 2  2.303184e-01
 3  1.569082e-01
 4  1.124063e-01
 5  8.768413e-02
 6  6.769062e-02
 7  5.392007e-02
 8  4.307256e-02
 9  3.508989e-02
 10  2.779100e-02
 11  2.140859e-02
 12  1.699582e-02
 13  1.396439e-02
 14  1.184636e-02
 15  1.029451e-02
 16  9.083525e-03
 17  8.119289e-03
 18  7.368247e-03
 19  6.716002e-03
 20  6.175675e-03
 21  5.656910e-03
 22  5.133236e-03
 23  4.543676e-03
 24  3.951051e-03
 25  3.402182e-03
 26  2.910735e-03
 27  2.455201e-03
 28  2.039115e-03
 29  1.628268e-03
 30  1.292107e-03
 31  1.032301e-03
 32  8.082900e-04
 Iteration CPU time: 8 s
 CFIE residual: 0.00080829

 Iseg, Irank, Idinc : 1, 39, 175
 Thata, Phi : 90.000000, 174.000000
 Maximun iteration: 300
 Number of recycle truncation: 30
 Final matrix dimension:  36708
 Residual error:0.001000
 0  5.620991e-01
 1  3.000082e-01
 2  1.912989e-01
 3  1.359459e-01
 4  1.069442e-01
 5  8.311531e-02
 6  6.803431e-02
 7  5.588872e-02
 8  4.602994e-02
 9  3.669679e-02
 10  2.964329e-02
 11  2.410261e-02
 12  1.964133e-02
 13  1.558929e-02
 14  1.266166e-02
 15  1.026788e-02
 16  8.376789e-03
 17  6.800140e-03
 18  5.455438e-03
 19  4.471420e-03
 20  3.640759e-03
 21  2.955957e-03
 22  2.527685e-03
 23  2.184649e-03
 24  1.876035e-03
 25  1.621808e-03
 26  1.418064e-03
 27  1.264997e-03
 28  1.151983e-03
 29  1.055334e-03
 30  9.766023e-04
 Iteration CPU time: 7 s
 CFIE residual: 0.000976602
 Last Built End in Sep 21 2025 00:06:12
 Total CPU time: 300 s
 Finished.
