 Last Built Begin in Sep 21 2025 00:06:12
 Pre-Type( Input ):            8
 Skl-Tol ( Input ):    1.0000000000000000E-002
 Wavelength in freespace: 0.445545

 ################################################
 ##         Generating Required Mesh          ##
 ##         Waiting.....                      ##
 ################################################
 Subd No.      Subd Name
    1    sphere1                                                           
 isub,  nnode, npatch,  nedge:
    1       604      1204      1806
 Scale Factor         >>   9.99999978E-03
 ################################################

 START TIME: 20250922   001720.063


 Informaton for IE geometry:
 number of subdomains     : 1
 maxnode,maxpatch,maxedge : 604  1204  1806
 
 Index of Mat-Reg: 1
 Mat-Reg Number via MatFlg: 1
 Edge Number of Mat-Reg: 1, 1806

 Number of Edge on PEC: 0
 Mat-Reg: No Dim(m) Lmax:
    1 0.224    1
 Totlmax, add1, add2:           1           2           3
 rlengmax of Global MLFMA >>   0.22444431995645106     
 Lmax of Global MLFMA >>            1
 Wavenum of Mat-Reg:
    1 1.000

 total area in sq m           =      0.1254
 total area in sq lambda      =      0.6315
 maxnode, maxpatch, maxedge           =      604     1204     1806
 longest  edge in lambda              =      0.0489
 shortest edge in lambda              =      0.0213
 average  edge in lambda              =      0.0349
 largest  patch area in sq lambda     =      0.0009
 smallest patch area in sq lambda     =      0.0003
 ave    surface area in sq lambda     =      0.0005
 size range of the object in sq lambda =      0.4489

 #### MLFMA Info For Each Region ####
 Mat-Region =            1
 Array dimension parameters:
 maxrule=          14   maxgrid  =          64
 lmax   =           1   ncmax    =           9
 lsmax  =           1   lsmin    =           1
 kpm    =           1   kp0      =           1
 ntlm   =           1   nsm      =           1
 nkpm   =           1   niplm    =          16
 ngnearm=          64   ngsndm   =           1
 nearm  =        1807   mfinestm =         244
 ###############################

 CFIE Alpha:  0.50000000000000000     

 Fill MLFMA NI for Mat-Reg:           1
 Begin fill sparser part of Nearfield
 Begin fill denser part of Nearfield
 End fill
 Filling Amn                 Delta_CPU=         46.90 Memory(MB)=        200.07


 Now testing preconditioner with
 ipretype =            8
 method = cfie_solve_nfpre_pardiso

  
 NBP>>Begin fill sparser part of Nearfield
 NBP>>Begin fill denser part of Nearfield

225.0000%
237.5000%
250.0000%
262.5000%
275.0000%
287.5000%
300.0000%
 Begin MLFMA Box-Matrix Based Prec Constructor
 --- Intel MKL PARDISO --- 
  >> Solver Initialized
  >> Proceed to ngrp_box loop
  >> Loop 0 Initialized
 Memory for iGRP: 1 0 MB
 Total Memory For NFB Pre: 0 MB
 --- PARDISO PRECONDITIONER INITIALIZED --- 
 Constructing preconditioner CPU time: 0 s
 
 108360
 Memory for Iteration:: 1.65344 MB

 Iseg, Ninc_S : 1, 181, 0

 Iseg, Skeleton Angles: 1, 7
 Iseg, Skel-Pk Mem(MB): 1, 30.95

 Iseg, Irank, Idinc : 1, 1, 70
 Thata, Phi : 90.000000, 69.000000
 Maximun iteration: 300
 Number of recycle truncation: 30
 Final matrix dimension:  3612
 Residual error:0.010000
 0  2.078623e-01
 1  9.417022e-02
 2  4.100731e-02
 3  1.888456e-02
 4  7.993668e-03
 Iteration CPU time: 1 s
 CFIE residual: 0.00799367

 Iseg, Irank, Idinc : 1, 2, 146
 Thata, Phi : 90.000000, 145.000000
 Maximun iteration: 300
 Number of recycle truncation: 30
 Final matrix dimension:  3612
 Residual error:0.010000
 0  2.022711e-01
 1  8.675326e-02
 2  3.723476e-02
 3  1.659172e-02
 4  7.408518e-03
 Iteration CPU time: 0 s
 CFIE residual: 0.00740852

 Iseg, Irank, Idinc : 1, 3, 1
 Thata, Phi : 90.000000, 0.000000
 Maximun iteration: 300
 Number of recycle truncation: 30
 Final matrix dimension:  3612
 Residual error:0.010000
 0  2.158890e-01
 1  9.472421e-02
 2  4.103010e-02
 3  1.855130e-02
 4  7.753207e-03
 Iteration CPU time: 0 s
 CFIE residual: 0.00775321

 Iseg, Irank, Idinc : 1, 4, 181
 Thata, Phi : 90.000000, 180.000000
 Maximun iteration: 300
 Number of recycle truncation: 30
 Final matrix dimension:  3612
 Residual error:0.010000
 0  2.124419e-01
 1  9.401857e-02
 2  3.968855e-02
 3  1.683209e-02
 4  7.361232e-03
 Iteration CPU time: 0 s
 CFIE residual: 0.00736123

 Iseg, Irank, Idinc : 1, 5, 33
 Thata, Phi : 90.000000, 32.000000
 Maximun iteration: 300
 Number of recycle truncation: 30
 Final matrix dimension:  3612
 Residual error:0.010000
 0  2.056061e-01
 1  8.893226e-02
 2  3.944462e-02
 3  1.854276e-02
 4  7.883314e-03
 Iteration CPU time: 0 s
 CFIE residual: 0.00788331

 Iseg, Irank, Idinc : 1, 6, 110
 Thata, Phi : 90.000000, 109.000000
 Maximun iteration: 300
 Number of recycle truncation: 30
 Final matrix dimension:  3612
 Residual error:0.010000
 0  2.067201e-01
 1  9.287686e-02
 2  3.949249e-02
 3  1.788768e-02
 4  7.846062e-03
 Iteration CPU time: 0 s
 CFIE residual: 0.00784606

 Iseg, Irank, Idinc : 1, 7, 167
 Thata, Phi : 90.000000, 166.000000
 Maximun iteration: 300
 Number of recycle truncation: 30
 Final matrix dimension:  3612
 Residual error:0.010000
 0  2.100288e-01
 1  9.210074e-02
 2  3.920706e-02
 3  1.677861e-02
 4  7.371145e-03
 Iteration CPU time: 0 s
 CFIE residual: 0.00737115
 Last Built End in Sep 21 2025 00:06:12
 Total CPU time: 6 s
 Finished.
