 Last Built Begin in Sep 21 2025 00:06:12
 Pre-Type( Input ):            8
 Skl-Tol ( Input ):    1.0000000000000000E-002
 Wavelength in freespace: 0.3125

 ################################################
 ##         Generating Required Mesh          ##
 ##         Waiting.....                      ##
 ################################################
 Subd No.      Subd Name
    1    sphere1                                                           
 isub,  nnode, npatch,  nedge:
    1       604      1204      1806
 Scale Factor         >>   9.99999978E-03
 ################################################

 START TIME: 20250922   003026.391


 Informaton for IE geometry:
 number of subdomains     : 1
 maxnode,maxpatch,maxedge : 604  1204  1806
 
 Index of Mat-Reg: 1
 Mat-Reg Number via MatFlg: 1
 Edge Number of Mat-Reg: 1, 1806

 Number of Edge on PEC: 0
 Mat-Reg: No Dim(m) Lmax:
    1 0.160    2
 Totlmax, add1, add2:           2           3           4
 rlengmax of Global MLFMA >>   0.15999999046400001     
 Lmax of Global MLFMA >>            2
 Wavenum of Mat-Reg:
    1 1.000

 total area in sq m           =      0.1254
 total area in sq lambda      =      1.2836
 maxnode, maxpatch, maxedge           =      604     1204     1806
 longest  edge in lambda              =      0.0697
 shortest edge in lambda              =      0.0304
 average  edge in lambda              =      0.0497
 largest  patch area in sq lambda     =      0.0017
 smallest patch area in sq lambda     =      0.0005
 ave    surface area in sq lambda     =      0.0011
 size range of the object in sq lambda =      0.6400

 #### MLFMA Info For Each Region ####
 Mat-Region =            1
 Array dimension parameters:
 maxrule=          14   maxgrid  =          64
 lmax   =           2   ncmax    =          65
 lsmax  =           5   lsmin    =           5
 kpm    =          54   kp0      =          54
 ntlm   =       17064   nsm      =        3024
 nkpm   =          54   niplm    =        3456
 ngnearm=         632   ngsndm   =        2504
 nearm  =         413   mfinestm =          43
 ###############################

 CFIE Alpha:  0.50000000000000000     

 Fill MLFMA FI for Mat-Reg:           1
 Begin filltl.f
 fill translation matrix
 Level:            2
 fill shifting matrix
 translator time(s):   2.20000017E-02
 fill interpolation matrix
 Filling TL                  Delta_CPU=          0.10 Memory(MB)=         60.05
 Filling sndgrp              Delta_CPU=          0.00 Memory(MB)=         60.05
 Filling VFS                 Delta_CPU=          0.18 Memory(MB)=         60.05

 Fill MLFMA NI for Mat-Reg:           1
 Begin fill sparser part of Nearfield
 Begin fill denser part of Nearfield
 End fill
 Filling Amn                 Delta_CPU=         12.79 Memory(MB)=         60.05


 Now testing preconditioner with
 ipretype =            8
 method = cfie_solve_nfpre_pardiso

  
 NBP>>Begin fill sparser part of Nearfield
 NBP>>Begin fill denser part of Nearfield

201.7857%
 Begin MLFMA Box-Matrix Based Prec Constructor
 --- Intel MKL PARDISO --- 
  >> Solver Initialized
  >> Proceed to ngrp_box loop
  >> Loop 0 Initialized
 Memory for iGRP: 1 0 MB
 Total Memory For NFB Pre: 0 MB
 --- PARDISO PRECONDITIONER INITIALIZED --- 
 Constructing preconditioner CPU time: 1 s
 
 108360
 Memory for Iteration:: 1.65344 MB

 Iseg, Ninc_S : 1, 181, 0

 Iseg, Skeleton Angles: 1, 8
 Iseg, Skel-Pk Mem(MB): 1, 30.96

 Iseg, Irank, Idinc : 1, 1, 133
 Thata, Phi : 90.000000, 132.000000
 Maximun iteration: 300
 Number of recycle truncation: 30
 Final matrix dimension:  3612
 Residual error:0.010000
 0  2.251983e-01
 1  1.252701e-01
 2  5.418696e-02
 3  2.570226e-02
 4  1.249009e-02
 5  6.076797e-03
 Iteration CPU time: 0 s
 CFIE residual: 0.0060768

 Iseg, Irank, Idinc : 1, 2, 41
 Thata, Phi : 90.000000, 40.000000
 Maximun iteration: 300
 Number of recycle truncation: 30
 Final matrix dimension:  3612
 Residual error:0.010000
 0  2.251737e-01
 1  1.249009e-01
 2  5.470874e-02
 3  2.649595e-02
 4  1.278804e-02
 5  6.407806e-03
 Iteration CPU time: 0 s
 CFIE residual: 0.00640781

 Iseg, Irank, Idinc : 1, 3, 1
 Thata, Phi : 90.000000, 0.000000
 Maximun iteration: 300
 Number of recycle truncation: 30
 Final matrix dimension:  3612
 Residual error:0.010000
 0  2.185965e-01
 1  1.206269e-01
 2  5.500819e-02
 3  2.724176e-02
 4  1.345288e-02
 5  6.426803e-03
 Iteration CPU time: 0 s
 CFIE residual: 0.0064268

 Iseg, Irank, Idinc : 1, 4, 181
 Thata, Phi : 90.000000, 180.000000
 Maximun iteration: 300
 Number of recycle truncation: 30
 Final matrix dimension:  3612
 Residual error:0.010000
 0  2.167454e-01
 1  1.185507e-01
 2  5.360282e-02
 3  2.607260e-02
 4  1.278105e-02
 5  6.103525e-03
 Iteration CPU time: 0 s
 CFIE residual: 0.00610352

 Iseg, Irank, Idinc : 1, 5, 87
 Thata, Phi : 90.000000, 86.000000
 Maximun iteration: 300
 Number of recycle truncation: 30
 Final matrix dimension:  3612
 Residual error:0.010000
 0  2.257908e-01
 1  1.261113e-01
 2  5.606079e-02
 3  2.804539e-02
 4  1.415484e-02
 5  6.872171e-03
 Iteration CPU time: 0 s
 CFIE residual: 0.00687217

 Iseg, Irank, Idinc : 1, 6, 160
 Thata, Phi : 90.000000, 159.000000
 Maximun iteration: 300
 Number of recycle truncation: 30
 Final matrix dimension:  3612
 Residual error:0.010000
 0  2.201685e-01
 1  1.213601e-01
 2  5.380431e-02
 3  2.569139e-02
 4  1.263070e-02
 5  6.124997e-03
 Iteration CPU time: 0 s
 CFIE residual: 0.006125

 Iseg, Irank, Idinc : 1, 7, 63
 Thata, Phi : 90.000000, 62.000000
 Maximun iteration: 300
 Number of recycle truncation: 30
 Final matrix dimension:  3612
 Residual error:0.010000
 0  2.270419e-01
 1  1.262242e-01
 2  5.496093e-02
 3  2.691273e-02
 4  1.327057e-02
 5  6.641176e-03
 Iteration CPU time: 0 s
 CFIE residual: 0.00664118

 Iseg, Irank, Idinc : 1, 8, 16
 Thata, Phi : 90.000000, 15.000000
 Maximun iteration: 300
 Number of recycle truncation: 30
 Final matrix dimension:  3612
 Residual error:0.010000
 0  2.204478e-01
 1  1.219981e-01
 2  5.517848e-02
 3  2.721422e-02
 4  1.332510e-02
 5  6.485755e-03
 Iteration CPU time: 0 s
 CFIE residual: 0.00648576
 Last Built End in Sep 21 2025 00:06:12
 Total CPU time: 2 s
 Finished.
