 Last Built Begin in Sep 21 2025 00:06:12
 Pre-Type( Input ):           10
 Skl-Tol ( Input ):    1.0000000000000001E-005
 Wavelength in freespace: 0.0315126

 ################################################
 ##         Generating Required Mesh          ##
 ##         Waiting.....                      ##
 ################################################
 Subd No.      Subd Name
    1    Open-Duct_PRIME_model_meshAA1                                     
 isub,  nnode, npatch,  nedge:
    1      6118     12236     18354
 Scale Factor         >>   1.54999997E-02
 ################################################

 START TIME: 20250922   013048.800


 Informaton for IE geometry:
 number of subdomains     : 1
 maxnode,maxpatch,maxedge : 6118  12236  18354
 
 Index of Mat-Reg: 1
 Mat-Reg Number via MatFlg: 1
 Edge Number of Mat-Reg: 1, 18354

 Number of Edge on PEC: 18354
 Mat-Reg: No Dim(m) Lmax:
    1 0.228    5
 Totlmax, add1, add2:           5           6           7
 rlengmax of Global MLFMA >>   0.22753044180661666     
 Lmax of Global MLFMA >>            5
 Wavenum of Mat-Reg:
    1 1.000

 total area in sq m           =      0.0510
 total area in sq lambda      =     51.3270
 maxnode, maxpatch, maxedge           =     6118    12236    18354
 longest  edge in lambda              =      0.1481
 shortest edge in lambda              =      0.0070
 average  edge in lambda              =      0.0989
 largest  patch area in sq lambda     =      0.0074
 smallest patch area in sq lambda     =      0.0000
 ave    surface area in sq lambda     =      0.0042
 size range of the object in sq lambda =      7.2810

 #### MLFMA Info For Each Region ####
 Mat-Region =            1
 Array dimension parameters:
 maxrule=          14   maxgrid  =          64
 lmax   =           5   ncmax    =        1250
 lsmax  =          26   lsmin    =           6
 kpm    =        1356   kp0      =          76
 ntlm   =      204640   nsm      =      205900
 nkpm   =        2152   niplm    =      137728
 ngnearm=       14257   ngsndm   =       64634
 nearm  =         333   mfinestm =         119
 ###############################

 CFIE Alpha:  0.50000000000000000     

 Fill MLFMA FI for Mat-Reg:           1
 Begin filltl.f
 fill translation matrix
 Level:            2
 fill shifting matrix
 Level:            3
 fill shifting matrix
 Level:            4
 fill shifting matrix
 Level:            5
 fill shifting matrix
 translator time(s):  0.106000006    
 fill interpolation matrix
 ThetaOrder            8
 PhiOrder            8
 lsl            6
 Filling TL                  Delta_CPU=          0.50 Memory(MB)=        586.87
 Filling sndgrp              Delta_CPU=          0.00 Memory(MB)=        586.87
 Filling VFS                 Delta_CPU=          2.41 Memory(MB)=        586.87

 Fill MLFMA NI for Mat-Reg:           1
 Begin fill sparser part of Nearfield
 Begin fill denser part of Nearfield
 End fill
 Filling Amn                 Delta_CPU=         91.71 Memory(MB)=        586.87


 Now testing preconditioner with
 ipretype =           10
 method = cfie_solve_nfrasspspre_pardiso

  
 NBP>>Begin fill sparser part of Nearfield

113.9438% NBP>>Begin fill denser part of Nearfield

200.1041%
 Begin MLFMA Box-Matrix Based Spar-RAS Prec Constructor
 --- Intel MKL PARDISO --- 
 Memory for iGroup: 1 0 MB
 Total Memory For SparRAS Pre: 0 MB
 --- PARDISO PRECONDITIONER INITIALIZED --- 
 Constructing preconditioner CPU time: 4 s
 
 1101240
 Memory for Iteration:: 16.8036 MB

 Iseg, Ninc_S : 1, 181, 0

 Iseg, Skeleton Angles: 1, 38
 Iseg, Skel-Pk Mem(MB): 1, 314.35

 Iseg, Irank, Idinc : 1, 1, 22
 Thata, Phi : 90.000000, 21.000000
 Maximun iteration: 300
 Number of recycle truncation: 30
 Final matrix dimension:  36708
 Residual error:0.001000
 0  6.034063e-01
 1  2.897045e-01
 2  1.659210e-01
 3  1.142289e-01
 4  8.167498e-02
 5  6.022050e-02
 6  4.616069e-02
 7  3.669084e-02
 8  2.883032e-02
 9  2.255375e-02
 10  1.771724e-02
 11  1.380507e-02
 12  1.142422e-02
 13  9.355842e-03
 14  7.874785e-03
 15  6.686932e-03
 16  5.639350e-03
 17  4.777891e-03
 18  4.121296e-03
 19  3.518550e-03
 20  3.028644e-03
 21  2.630496e-03
 22  2.318925e-03
 23  2.080719e-03
 24  1.813379e-03
 25  1.535274e-03
 26  1.305774e-03
 27  1.087318e-03
 28  8.975503e-04
 Iteration CPU time: 7 s
 CFIE residual: 0.00089755

 Iseg, Irank, Idinc : 1, 2, 42
 Thata, Phi : 90.000000, 41.000000
 Maximun iteration: 300
 Number of recycle truncation: 30
 Final matrix dimension:  36708
 Residual error:0.001000
 0  6.202773e-01
 1  3.150932e-01
 2  2.009207e-01
 3  1.323730e-01
 4  9.118424e-02
 5  6.655259e-02
 6  4.925195e-02
 7  3.719356e-02
 8  2.874938e-02
 9  2.234201e-02
 10  1.785266e-02
 11  1.452659e-02
 12  1.164476e-02
 13  1.006200e-02
 14  8.501073e-03
 15  7.344224e-03
 16  6.542336e-03
 17  5.762400e-03
 18  4.972977e-03
 19  4.351949e-03
 20  3.695720e-03
 21  3.092306e-03
 22  2.549618e-03
 23  2.064257e-03
 24  1.679053e-03
 25  1.313093e-03
 26  1.036300e-03
 27  8.091517e-04
 Iteration CPU time: 6 s
 CFIE residual: 0.000809152

 Iseg, Irank, Idinc : 1, 3, 63
 Thata, Phi : 90.000000, 62.000000
 Maximun iteration: 300
 Number of recycle truncation: 30
 Final matrix dimension:  36708
 Residual error:0.001000
 0  6.651399e-01
 1  3.541895e-01
 2  2.214125e-01
 3  1.436086e-01
 4  1.051788e-01
 5  7.960777e-02
 6  6.098606e-02
 7  4.908031e-02
 8  3.949107e-02
 9  3.083583e-02
 10  2.461565e-02
 11  1.960430e-02
 12  1.622635e-02
 13  1.390822e-02
 14  1.190087e-02
 15  1.038287e-02
 16  9.172171e-03
 17  7.975423e-03
 18  7.025195e-03
 19  5.970970e-03
 20  5.087799e-03
 21  4.267316e-03
 22  3.453486e-03
 23  2.765858e-03
 24  2.197960e-03
 25  1.668329e-03
 26  1.298095e-03
 27  9.824777e-04
 Iteration CPU time: 7 s
 CFIE residual: 0.000982478

 Iseg, Irank, Idinc : 1, 4, 108
 Thata, Phi : 90.000000, 107.000000
 Maximun iteration: 300
 Number of recycle truncation: 30
 Final matrix dimension:  36708
 Residual error:0.001000
 0  6.310937e-01
 1  3.594034e-01
 2  2.279740e-01
 3  1.550606e-01
 4  1.096896e-01
 5  8.248985e-02
 6  6.390512e-02
 7  4.995525e-02
 8  3.908527e-02
 9  3.061027e-02
 10  2.436467e-02
 11  1.936912e-02
 12  1.591175e-02
 13  1.291480e-02
 14  1.088961e-02
 15  9.125774e-03
 16  7.760101e-03
 17  6.686619e-03
 18  5.898702e-03
 19  5.122336e-03
 20  4.473028e-03
 21  3.961408e-03
 22  3.419828e-03
 23  2.960467e-03
 24  2.556279e-03
 25  2.128866e-03
 26  1.713593e-03
 27  1.370117e-03
 28  1.116270e-03
 29  8.695440e-04
 Iteration CPU time: 6 s
 CFIE residual: 0.000869544

 Iseg, Irank, Idinc : 1, 5, 75
 Thata, Phi : 90.000000, 74.000000
 Maximun iteration: 300
 Number of recycle truncation: 30
 Final matrix dimension:  36708
 Residual error:0.001000
 0  6.447869e-01
 1  3.693831e-01
 2  2.392983e-01
 3  1.520885e-01
 4  1.070876e-01
 5  8.317976e-02
 6  6.459816e-02
 7  5.362592e-02
 8  4.287768e-02
 9  3.448576e-02
 10  2.813118e-02
 11  2.266424e-02
 12  1.870213e-02
 13  1.606862e-02
 14  1.385589e-02
 15  1.209497e-02
 16  1.090240e-02
 17  9.535034e-03
 18  8.371004e-03
 19  7.291693e-03
 20  6.344568e-03
 21  5.427674e-03
 22  4.569640e-03
 23  3.722943e-03
 24  2.985589e-03
 25  2.386049e-03
 26  1.865597e-03
 27  1.521971e-03
 28  1.204918e-03
 29  9.577481e-04
 Iteration CPU time: 7 s
 CFIE residual: 0.000957748

 Iseg, Irank, Idinc : 1, 6, 146
 Thata, Phi : 90.000000, 145.000000
 Maximun iteration: 300
 Number of recycle truncation: 30
 Final matrix dimension:  36708
 Residual error:0.001000
 0  6.437534e-01
 1  3.430874e-01
 2  2.079990e-01
 3  1.468220e-01
 4  1.063663e-01
 5  8.309755e-02
 6  6.424280e-02
 7  5.225694e-02
 8  4.337313e-02
 9  3.610257e-02
 10  2.996778e-02
 11  2.439640e-02
 12  2.012799e-02
 13  1.614141e-02
 14  1.272460e-02
 15  1.011061e-02
 16  8.158661e-03
 17  6.775547e-03
 18  5.672424e-03
 19  4.720946e-03
 20  3.960711e-03
 21  3.425668e-03
 22  2.995913e-03
 23  2.625852e-03
 24  2.318120e-03
 25  2.031095e-03
 26  1.754937e-03
 27  1.494098e-03
 28  1.234244e-03
 29  1.018240e-03
 30  8.139392e-04
 Iteration CPU time: 7 s
 CFIE residual: 0.000813939

 Iseg, Irank, Idinc : 1, 7, 159
 Thata, Phi : 90.000000, 158.000000
 Maximun iteration: 300
 Number of recycle truncation: 30
 Final matrix dimension:  36708
 Residual error:0.001000
 0  5.999879e-01
 1  3.120772e-01
 2  1.877553e-01
 3  1.335320e-01
 4  1.016239e-01
 5  8.112552e-02
 6  6.478821e-02
 7  5.333032e-02
 8  4.522338e-02
 9  3.827369e-02
 10  3.261355e-02
 11  2.686069e-02
 12  2.179286e-02
 13  1.726072e-02
 14  1.406469e-02
 15  1.119066e-02
 16  8.714469e-03
 17  7.083668e-03
 18  5.719012e-03
 19  4.748426e-03
 20  3.941607e-03
 21  3.278360e-03
 22  2.832084e-03
 23  2.440838e-03
 24  2.135346e-03
 25  1.884486e-03
 26  1.672085e-03
 27  1.453549e-03
 28  1.229094e-03
 29  1.037817e-03
 30  8.613846e-04
 Iteration CPU time: 7 s
 CFIE residual: 0.000861385

 Iseg, Irank, Idinc : 1, 8, 132
 Thata, Phi : 90.000000, 131.000000
 Maximun iteration: 300
 Number of recycle truncation: 30
 Final matrix dimension:  36708
 Residual error:0.001000
 0  6.836706e-01
 1  3.605472e-01
 2  2.323787e-01
 3  1.592360e-01
 4  1.142776e-01
 5  8.791334e-02
 6  6.698687e-02
 7  5.295646e-02
 8  4.208343e-02
 9  3.350983e-02
 10  2.687900e-02
 11  2.123897e-02
 12  1.725095e-02
 13  1.424848e-02
 14  1.171451e-02
 15  9.691608e-03
 16  8.020335e-03
 17  6.831911e-03
 18  5.887196e-03
 19  5.178884e-03
 20  4.523631e-03
 21  4.004898e-03
 22  3.518050e-03
 23  3.122217e-03
 24  2.687182e-03
 25  2.238362e-03
 26  1.879992e-03
 27  1.545870e-03
 28  1.294007e-03
 29  1.073445e-03
 30  8.595605e-04
 Iteration CPU time: 7 s
 CFIE residual: 0.000859561

 Iseg, Irank, Idinc : 1, 9, 122
 Thata, Phi : 90.000000, 121.000000
 Maximun iteration: 300
 Number of recycle truncation: 30
 Final matrix dimension:  36708
 Residual error:0.001000
 0  6.527948e-01
 1  3.470917e-01
 2  2.290672e-01
 3  1.583463e-01
 4  1.120842e-01
 5  8.555973e-02
 6  6.556140e-02
 7  5.139643e-02
 8  3.895191e-02
 9  3.072660e-02
 10  2.440120e-02
 11  1.924279e-02
 12  1.536057e-02
 13  1.301789e-02
 14  1.108326e-02
 15  9.465726e-03
 16  8.078541e-03
 17  6.931129e-03
 18  6.038163e-03
 19  5.219531e-03
 20  4.516296e-03
 21  3.939591e-03
 22  3.430182e-03
 23  2.945428e-03
 24  2.528718e-03
 25  2.111289e-03
 26  1.758951e-03
 27  1.457104e-03
 28  1.196148e-03
 29  9.516820e-04
 Iteration CPU time: 7 s
 CFIE residual: 0.000951682

 Iseg, Irank, Idinc : 1, 10, 89
 Thata, Phi : 90.000000, 88.000000
 Maximun iteration: 300
 Number of recycle truncation: 30
 Final matrix dimension:  36708
 Residual error:0.001000
 0  6.250038e-01
 1  3.586542e-01
 2  2.313117e-01
 3  1.572712e-01
 4  1.140512e-01
 5  8.978290e-02
 6  7.028899e-02
 7  5.603104e-02
 8  4.622358e-02
 9  3.660903e-02
 10  2.872622e-02
 11  2.289933e-02
 12  1.876572e-02
 13  1.549904e-02
 14  1.309023e-02
 15  1.131645e-02
 16  9.846382e-03
 17  8.732294e-03
 18  7.710951e-03
 19  6.755112e-03
 20  5.901620e-03
 21  5.054519e-03
 22  4.128088e-03
 23  3.403843e-03
 24  2.769067e-03
 25  2.239418e-03
 26  1.737237e-03
 27  1.359132e-03
 28  1.061891e-03
 29  8.316857e-04
 Iteration CPU time: 7 s
 CFIE residual: 0.000831686

 Iseg, Irank, Idinc : 1, 11, 32
 Thata, Phi : 90.000000, 31.000000
 Maximun iteration: 300
 Number of recycle truncation: 30
 Final matrix dimension:  36708
 Residual error:0.001000
 0  6.299710e-01
 1  3.052528e-01
 2  1.794663e-01
 3  1.140095e-01
 4  8.089664e-02
 5  6.042161e-02
 6  4.460181e-02
 7  3.454466e-02
 8  2.630750e-02
 9  2.037598e-02
 10  1.659144e-02
 11  1.333222e-02
 12  1.097731e-02
 13  9.284657e-03
 14  7.689971e-03
 15  6.532084e-03
 16  5.708131e-03
 17  4.948503e-03
 18  4.286305e-03
 19  3.767059e-03
 20  3.258046e-03
 21  2.805419e-03
 22  2.449357e-03
 23  2.121875e-03
 24  1.813179e-03
 25  1.487988e-03
 26  1.221908e-03
 27  9.745034e-04
 Iteration CPU time: 6 s
 CFIE residual: 0.000974503

 Iseg, Irank, Idinc : 1, 12, 53
 Thata, Phi : 90.000000, 52.000000
 Maximun iteration: 300
 Number of recycle truncation: 30
 Final matrix dimension:  36708
 Residual error:0.001000
 0  6.411817e-01
 1  3.320355e-01
 2  2.069284e-01
 3  1.359515e-01
 4  9.662156e-02
 5  7.224326e-02
 6  5.565993e-02
 7  4.296246e-02
 8  3.384910e-02
 9  2.616302e-02
 10  2.068092e-02
 11  1.707668e-02
 12  1.416713e-02
 13  1.229674e-02
 14  1.062931e-02
 15  9.211333e-03
 16  8.146408e-03
 17  7.161302e-03
 18  6.160002e-03
 19  5.165958e-03
 20  4.319237e-03
 21  3.604605e-03
 22  2.896125e-03
 23  2.309494e-03
 24  1.819647e-03
 25  1.402328e-03
 26  1.081272e-03
 27  8.755472e-04
 Iteration CPU time: 6 s
 CFIE residual: 0.000875547

 Iseg, Irank, Idinc : 1, 13, 12
 Thata, Phi : 90.000000, 11.000000
 Maximun iteration: 300
 Number of recycle truncation: 30
 Final matrix dimension:  36708
 Residual error:0.001000
 0  5.383049e-01
 1  2.759851e-01
 2  1.717083e-01
 3  1.229520e-01
 4  8.844536e-02
 5  6.704594e-02
 6  5.117081e-02
 7  4.034335e-02
 8  3.124853e-02
 9  2.410138e-02
 10  1.905635e-02
 11  1.524978e-02
 12  1.198501e-02
 13  9.707162e-03
 14  7.949276e-03
 15  6.653835e-03
 16  5.712697e-03
 17  4.822247e-03
 18  4.194333e-03
 19  3.658839e-03
 20  3.144751e-03
 21  2.702747e-03
 22  2.378095e-03
 23  2.126721e-03
 24  1.851523e-03
 25  1.581253e-03
 26  1.381668e-03
 27  1.186364e-03
 28  1.008390e-03
 29  8.312657e-04
 Iteration CPU time: 7 s
 CFIE residual: 0.000831266

 Iseg, Irank, Idinc : 1, 14, 178
 Thata, Phi : 90.000000, 177.000000
 Maximun iteration: 300
 Number of recycle truncation: 30
 Final matrix dimension:  36708
 Residual error:0.001000
 0  5.488619e-01
 1  3.003972e-01
 2  1.910554e-01
 3  1.380434e-01
 4  1.072058e-01
 5  8.410367e-02
 6  6.885057e-02
 7  5.610862e-02
 8  4.453696e-02
 9  3.627601e-02
 10  2.860895e-02
 11  2.249166e-02
 12  1.759342e-02
 13  1.377891e-02
 14  1.092761e-02
 15  8.577834e-03
 16  6.917774e-03
 17  5.631846e-03
 18  4.639285e-03
 19  3.828053e-03
 20  3.164685e-03
 21  2.719602e-03
 22  2.373510e-03
 23  2.075843e-03
 24  1.836784e-03
 25  1.592901e-03
 26  1.407282e-03
 27  1.248428e-03
 28  1.073460e-03
 29  9.107697e-04
 Iteration CPU time: 7 s
 CFIE residual: 0.00091077

 Iseg, Irank, Idinc : 1, 15, 97
 Thata, Phi : 90.000000, 96.000000
 Maximun iteration: 300
 Number of recycle truncation: 30
 Final matrix dimension:  36708
 Residual error:0.001000
 0  6.224318e-01
 1  3.576694e-01
 2  2.260255e-01
 3  1.513761e-01
 4  1.086589e-01
 5  8.298627e-02
 6  6.540076e-02
 7  5.267542e-02
 8  4.218622e-02
 9  3.347098e-02
 10  2.643955e-02
 11  2.095894e-02
 12  1.714691e-02
 13  1.421448e-02
 14  1.179712e-02
 15  1.025911e-02
 16  8.926715e-03
 17  7.838907e-03
 18  6.972462e-03
 19  6.166596e-03
 20  5.458134e-03
 21  4.821760e-03
 22  4.084288e-03
 23  3.437258e-03
 24  2.860740e-03
 25  2.331022e-03
 26  1.879372e-03
 27  1.484715e-03
 28  1.173959e-03
 29  8.926513e-04
 Iteration CPU time: 7 s
 CFIE residual: 0.000892651

 Iseg, Irank, Idinc : 1, 16, 82
 Thata, Phi : 90.000000, 81.000000
 Maximun iteration: 300
 Number of recycle truncation: 30
 Final matrix dimension:  36708
 Residual error:0.001000
 0  6.293770e-01
 1  3.599329e-01
 2  2.338016e-01
 3  1.565517e-01
 4  1.125793e-01
 5  8.867583e-02
 6  6.880649e-02
 7  5.506685e-02
 8  4.563229e-02
 9  3.540484e-02
 10  2.790774e-02
 11  2.220493e-02
 12  1.846201e-02
 13  1.544470e-02
 14  1.327735e-02
 15  1.155195e-02
 16  1.014346e-02
 17  8.872796e-03
 18  7.876932e-03
 19  6.820142e-03
 20  5.952587e-03
 21  5.074926e-03
 22  4.220559e-03
 23  3.468885e-03
 24  2.846785e-03
 25  2.284608e-03
 26  1.822170e-03
 27  1.455741e-03
 28  1.151468e-03
 29  9.111187e-04
 Iteration CPU time: 6 s
 CFIE residual: 0.000911119

 Iseg, Irank, Idinc : 1, 17, 115
 Thata, Phi : 90.000000, 114.000000
 Maximun iteration: 300
 Number of recycle truncation: 30
 Final matrix dimension:  36708
 Residual error:0.001000
 0  6.451530e-01
 1  3.524437e-01
 2  2.255315e-01
 3  1.555638e-01
 4  1.100437e-01
 5  8.310934e-02
 6  6.422414e-02
 7  4.943822e-02
 8  3.806063e-02
 9  3.007234e-02
 10  2.385475e-02
 11  1.911655e-02
 12  1.547258e-02
 13  1.294209e-02
 14  1.087743e-02
 15  9.204108e-03
 16  7.777620e-03
 17  6.671964e-03
 18  5.716767e-03
 19  4.996523e-03
 20  4.356020e-03
 21  3.812772e-03
 22  3.286407e-03
 23  2.846449e-03
 24  2.394719e-03
 25  2.003141e-03
 26  1.658021e-03
 27  1.352621e-03
 28  1.087686e-03
 29  8.436169e-04
 Iteration CPU time: 7 s
 CFIE residual: 0.000843617

 Iseg, Irank, Idinc : 1, 18, 1
 Thata, Phi : 90.000000, 0.000000
 Maximun iteration: 300
 Number of recycle truncation: 30
 Final matrix dimension:  36708
 Residual error:0.001000
 0  5.005911e-01
 1  2.660625e-01
 2  1.733020e-01
 3  1.204897e-01
 4  8.658541e-02
 5  6.447297e-02
 6  4.929315e-02
 7  3.746331e-02
 8  2.986356e-02
 9  2.229729e-02
 10  1.720352e-02
 11  1.368154e-02
 12  1.081556e-02
 13  8.818580e-03
 14  7.181273e-03
 15  5.831248e-03
 16  4.885160e-03
 17  4.175622e-03
 18  3.629733e-03
 19  3.111250e-03
 20  2.697509e-03
 21  2.431931e-03
 22  2.113785e-03
 23  1.831006e-03
 24  1.581589e-03
 25  1.357736e-03
 26  1.185618e-03
 27  9.966932e-04
 Iteration CPU time: 7 s
 CFIE residual: 0.000996693

 Iseg, Irank, Idinc : 1, 19, 167
 Thata, Phi : 90.000000, 166.000000
 Maximun iteration: 300
 Number of recycle truncation: 30
 Final matrix dimension:  36708
 Residual error:0.001000
 0  5.708632e-01
 1  3.019621e-01
 2  1.866088e-01
 3  1.363063e-01
 4  1.054442e-01
 5  8.506299e-02
 6  6.906576e-02
 7  5.665976e-02
 8  4.742724e-02
 9  3.992425e-02
 10  3.346337e-02
 11  2.756285e-02
 12  2.229409e-02
 13  1.785961e-02
 14  1.432768e-02
 15  1.156334e-02
 16  9.120532e-03
 17  7.532101e-03
 18  6.098373e-03
 19  4.946725e-03
 20  4.014930e-03
 21  3.335372e-03
 22  2.838405e-03
 23  2.444106e-03
 24  2.127778e-03
 25  1.835582e-03
 26  1.630780e-03
 27  1.426966e-03
 28  1.260450e-03
 29  1.098198e-03
 30  9.421390e-04
 Iteration CPU time: 6 s
 CFIE residual: 0.000942139

 Iseg, Irank, Idinc : 1, 20, 152
 Thata, Phi : 90.000000, 151.000000
 Maximun iteration: 300
 Number of recycle truncation: 30
 Final matrix dimension:  36708
 Residual error:0.001000
 0  6.247612e-01
 1  3.305454e-01
 2  1.989991e-01
 3  1.412518e-01
 4  1.041288e-01
 5  8.202713e-02
 6  6.485242e-02
 7  5.299845e-02
 8  4.483770e-02
 9  3.787811e-02
 10  3.148088e-02
 11  2.568956e-02
 12  2.066451e-02
 13  1.647083e-02
 14  1.287974e-02
 15  1.018662e-02
 16  7.944065e-03
 17  6.570565e-03
 18  5.406435e-03
 19  4.459696e-03
 20  3.766740e-03
 21  3.171293e-03
 22  2.758056e-03
 23  2.408522e-03
 24  2.125871e-03
 25  1.862644e-03
 26  1.600195e-03
 27  1.380306e-03
 28  1.133320e-03
 29  9.220210e-04
 Iteration CPU time: 6 s
 CFIE residual: 0.000922021

 Iseg, Irank, Idinc : 1, 21, 181
 Thata, Phi : 90.000000, 180.000000
 Maximun iteration: 300
 Number of recycle truncation: 30
 Final matrix dimension:  36708
 Residual error:0.001000
 0  5.473907e-01
 1  3.004556e-01
 2  1.911382e-01
 3  1.379836e-01
 4  1.070385e-01
 5  8.367221e-02
 6  6.843163e-02
 7  5.579579e-02
 8  4.411333e-02
 9  3.572066e-02
 10  2.776483e-02
 11  2.132757e-02
 12  1.621695e-02
 13  1.231501e-02
 14  9.443500e-03
 15  7.268463e-03
 16  5.780809e-03
 17  4.785913e-03
 18  3.876183e-03
 19  3.237335e-03
 20  2.764317e-03
 21  2.394777e-03
 22  2.104621e-03
 23  1.852833e-03
 24  1.660399e-03
 25  1.451694e-03
 26  1.286755e-03
 27  1.113776e-03
 28  9.257277e-04
 Iteration CPU time: 7 s
 CFIE residual: 0.000925728

 Iseg, Irank, Idinc : 1, 22, 6
 Thata, Phi : 90.000000, 5.000000
 Maximun iteration: 300
 Number of recycle truncation: 30
 Final matrix dimension:  36708
 Residual error:0.001000
 0  5.098714e-01
 1  2.687637e-01
 2  1.728644e-01
 3  1.219053e-01
 4  8.829296e-02
 5  6.662704e-02
 6  5.085310e-02
 7  3.854051e-02
 8  3.016743e-02
 9  2.300865e-02
 10  1.819829e-02
 11  1.472480e-02
 12  1.162969e-02
 13  9.396558e-03
 14  7.784802e-03
 15  6.469089e-03
 16  5.486268e-03
 17  4.642245e-03
 18  4.001379e-03
 19  3.525455e-03
 20  3.063873e-03
 21  2.643471e-03
 22  2.305650e-03
 23  2.063076e-03
 24  1.770505e-03
 25  1.528121e-03
 26  1.321392e-03
 27  1.163715e-03
 28  9.801964e-04
 Iteration CPU time: 7 s
 CFIE residual: 0.000980196

 Iseg, Irank, Idinc : 1, 23, 69
 Thata, Phi : 90.000000, 68.000000
 Maximun iteration: 300
 Number of recycle truncation: 30
 Final matrix dimension:  36708
 Residual error:0.001000
 0  6.593807e-01
 1  3.658397e-01
 2  2.318760e-01
 3  1.518851e-01
 4  1.111524e-01
 5  8.470976e-02
 6  6.529151e-02
 7  5.297890e-02
 8  4.312749e-02
 9  3.427965e-02
 10  2.797700e-02
 11  2.272402e-02
 12  1.857176e-02
 13  1.576956e-02
 14  1.346791e-02
 15  1.184027e-02
 16  1.049988e-02
 17  9.287889e-03
 18  8.110195e-03
 19  6.999383e-03
 20  6.050658e-03
 21  5.154834e-03
 22  4.310082e-03
 23  3.538187e-03
 24  2.816693e-03
 25  2.180086e-03
 26  1.731438e-03
 27  1.354943e-03
 28  1.058043e-03
 29  8.070559e-04
 Iteration CPU time: 6 s
 CFIE residual: 0.000807056

 Iseg, Irank, Idinc : 1, 24, 139
 Thata, Phi : 90.000000, 138.000000
 Maximun iteration: 300
 Number of recycle truncation: 30
 Final matrix dimension:  36708
 Residual error:0.001000
 0  6.847284e-01
 1  3.549631e-01
 2  2.227658e-01
 3  1.547306e-01
 4  1.126711e-01
 5  8.591784e-02
 6  6.451752e-02
 7  5.183875e-02
 8  4.304727e-02
 9  3.477182e-02
 10  2.828810e-02
 11  2.278967e-02
 12  1.903913e-02
 13  1.528149e-02
 14  1.219968e-02
 15  9.790348e-03
 16  8.137562e-03
 17  6.749020e-03
 18  5.712245e-03
 19  4.928906e-03
 20  4.281468e-03
 21  3.791809e-03
 22  3.343738e-03
 23  2.913975e-03
 24  2.534592e-03
 25  2.147585e-03
 26  1.811817e-03
 27  1.493598e-03
 28  1.203856e-03
 29  9.741229e-04
 Iteration CPU time: 7 s
 CFIE residual: 0.000974123

 Iseg, Irank, Idinc : 1, 25, 27
 Thata, Phi : 90.000000, 26.000000
 Maximun iteration: 300
 Number of recycle truncation: 30
 Final matrix dimension:  36708
 Residual error:0.001000
 0  6.267985e-01
 1  2.974397e-01
 2  1.685616e-01
 3  1.103258e-01
 4  7.872951e-02
 5  5.845240e-02
 6  4.385819e-02
 7  3.432722e-02
 8  2.660769e-02
 9  2.079438e-02
 10  1.657291e-02
 11  1.318292e-02
 12  1.084683e-02
 13  8.994972e-03
 14  7.535281e-03
 15  6.499457e-03
 16  5.517500e-03
 17  4.690956e-03
 18  4.060842e-03
 19  3.529624e-03
 20  3.058734e-03
 21  2.654410e-03
 22  2.357623e-03
 23  2.092522e-03
 24  1.808292e-03
 25  1.504855e-03
 26  1.262717e-03
 27  1.037129e-03
 28  8.498228e-04
 Iteration CPU time: 7 s
 CFIE residual: 0.000849823

 Iseg, Irank, Idinc : 1, 26, 173
 Thata, Phi : 90.000000, 172.000000
 Maximun iteration: 300
 Number of recycle truncation: 30
 Final matrix dimension:  36708
 Residual error:0.001000
 0  5.563775e-01
 1  3.003536e-01
 2  1.901156e-01
 3  1.381371e-01
 4  1.075561e-01
 5  8.564896e-02
 6  7.008161e-02
 7  5.710269e-02
 8  4.641665e-02
 9  3.861205e-02
 10  3.170771e-02
 11  2.585090e-02
 12  2.086687e-02
 13  1.654137e-02
 14  1.346289e-02
 15  1.082286e-02
 16  8.645264e-03
 17  7.059399e-03
 18  5.668610e-03
 19  4.615318e-03
 20  3.756164e-03
 21  3.142669e-03
 22  2.689100e-03
 23  2.323805e-03
 24  2.011098e-03
 25  1.728129e-03
 26  1.530045e-03
 27  1.343571e-03
 28  1.181457e-03
 29  1.029111e-03
 30  8.850553e-04
 Iteration CPU time: 7 s
 CFIE residual: 0.000885055

 Iseg, Irank, Idinc : 1, 27, 102
 Thata, Phi : 90.000000, 101.000000
 Maximun iteration: 300
 Number of recycle truncation: 30
 Final matrix dimension:  36708
 Residual error:0.001000
 0  6.204790e-01
 1  3.564341e-01
 2  2.256535e-01
 3  1.522262e-01
 4  1.064206e-01
 5  8.075336e-02
 6  6.272589e-02
 7  4.957684e-02
 8  3.914741e-02
 9  3.036395e-02
 10  2.487244e-02
 11  1.959550e-02
 12  1.606513e-02
 13  1.329088e-02
 14  1.120096e-02
 15  9.440015e-03
 16  8.241374e-03
 17  7.199917e-03
 18  6.427931e-03
 19  5.670588e-03
 20  5.008307e-03
 21  4.378774e-03
 22  3.760364e-03
 23  3.209157e-03
 24  2.706412e-03
 25  2.230436e-03
 26  1.810824e-03
 27  1.454861e-03
 28  1.155389e-03
 29  9.051984e-04
 Iteration CPU time: 6 s
 CFIE residual: 0.000905198

 Iseg, Irank, Idinc : 1, 28, 48
 Thata, Phi : 90.000000, 47.000000
 Maximun iteration: 300
 Number of recycle truncation: 30
 Final matrix dimension:  36708
 Residual error:0.001000
 0  6.304105e-01
 1  3.224052e-01
 2  2.040142e-01
 3  1.360568e-01
 4  9.572756e-02
 5  7.074390e-02
 6  5.344573e-02
 7  4.107554e-02
 8  3.223366e-02
 9  2.511126e-02
 10  1.995916e-02
 11  1.624686e-02
 12  1.319259e-02
 13  1.134195e-02
 14  9.737515e-03
 15  8.415648e-03
 16  7.486102e-03
 17  6.564898e-03
 18  5.691075e-03
 19  4.768168e-03
 20  3.979947e-03
 21  3.288503e-03
 22  2.735402e-03
 23  2.177711e-03
 24  1.707953e-03
 25  1.337527e-03
 26  1.040963e-03
 27  8.226570e-04
 Iteration CPU time: 7 s
 CFIE residual: 0.000822657

 Iseg, Irank, Idinc : 1, 29, 16
 Thata, Phi : 90.000000, 15.000000
 Maximun iteration: 300
 Number of recycle truncation: 30
 Final matrix dimension:  36708
 Residual error:0.001000
 0  5.635367e-01
 1  2.812615e-01
 2  1.697141e-01
 3  1.207811e-01
 4  8.683246e-02
 5  6.522534e-02
 6  5.001866e-02
 7  3.984291e-02
 8  3.094161e-02
 9  2.400301e-02
 10  1.886921e-02
 11  1.497686e-02
 12  1.192178e-02
 13  9.596387e-03
 14  8.045634e-03
 15  6.759856e-03
 16  5.704465e-03
 17  4.868161e-03
 18  4.237806e-03
 19  3.632395e-03
 20  3.099320e-03
 21  2.715633e-03
 22  2.374757e-03
 23  2.151621e-03
 24  1.869522e-03
 25  1.589148e-03
 26  1.376003e-03
 27  1.165424e-03
 28  9.769322e-04
 Iteration CPU time: 6 s
 CFIE residual: 0.000976932

 Iseg, Irank, Idinc : 1, 30, 127
 Thata, Phi : 90.000000, 126.000000
 Maximun iteration: 300
 Number of recycle truncation: 30
 Final matrix dimension:  36708
 Residual error:0.001000
 0  6.609022e-01
 1  3.521381e-01
 2  2.306585e-01
 3  1.578817e-01
 4  1.129155e-01
 5  8.755946e-02
 6  6.665558e-02
 7  5.233359e-02
 8  4.027824e-02
 9  3.229432e-02
 10  2.530672e-02
 11  1.983353e-02
 12  1.619874e-02
 13  1.350580e-02
 14  1.127501e-02
 15  9.519761e-03
 16  8.057220e-03
 17  6.916178e-03
 18  6.138117e-03
 19  5.227079e-03
 20  4.566466e-03
 21  3.991197e-03
 22  3.505811e-03
 23  3.036370e-03
 24  2.620636e-03
 25  2.188235e-03
 26  1.851194e-03
 27  1.543322e-03
 28  1.316936e-03
 29  1.105596e-03
 30  8.710970e-04
 Iteration CPU time: 7 s
 CFIE residual: 0.000871097

 Iseg, Irank, Idinc : 1, 31, 3
 Thata, Phi : 90.000000, 2.000000
 Maximun iteration: 300
 Number of recycle truncation: 30
 Final matrix dimension:  36708
 Residual error:0.001000
 0  5.021790e-01
 1  2.665274e-01
 2  1.732092e-01
 3  1.207377e-01
 4  8.693636e-02
 5  6.496381e-02
 6  4.968412e-02
 7  3.759911e-02
 8  2.986040e-02
 9  2.236761e-02
 10  1.732126e-02
 11  1.404020e-02
 12  1.125653e-02
 13  9.085000e-03
 14  7.500512e-03
 15  6.186523e-03
 16  5.208490e-03
 17  4.456138e-03
 18  3.864985e-03
 19  3.387246e-03
 20  2.958527e-03
 21  2.574871e-03
 22  2.252667e-03
 23  1.999866e-03
 24  1.721361e-03
 25  1.477759e-03
 26  1.286355e-03
 27  1.113332e-03
 28  9.332755e-04
 Iteration CPU time: 7 s
 CFIE residual: 0.000933275

 Iseg, Irank, Idinc : 1, 32, 163
 Thata, Phi : 90.000000, 162.000000
 Maximun iteration: 300
 Number of recycle truncation: 30
 Final matrix dimension:  36708
 Residual error:0.001000
 0  5.841007e-01
 1  3.052518e-01
 2  1.850654e-01
 3  1.336756e-01
 4  1.028794e-01
 5  8.287188e-02
 6  6.661081e-02
 7  5.490228e-02
 8  4.626121e-02
 9  3.921805e-02
 10  3.312241e-02
 11  2.737747e-02
 12  2.236778e-02
 13  1.794161e-02
 14  1.450098e-02
 15  1.161279e-02
 16  9.103767e-03
 17  7.504684e-03
 18  6.074812e-03
 19  4.923699e-03
 20  4.049102e-03
 21  3.373902e-03
 22  2.874245e-03
 23  2.467800e-03
 24  2.152110e-03
 25  1.876190e-03
 26  1.668886e-03
 27  1.459694e-03
 28  1.268130e-03
 29  1.091063e-03
 30  9.243951e-04
 Iteration CPU time: 7 s
 CFIE residual: 0.000924395

 Iseg, Irank, Idinc : 1, 33, 58
 Thata, Phi : 90.000000, 57.000000
 Maximun iteration: 300
 Number of recycle truncation: 30
 Final matrix dimension:  36708
 Residual error:0.001000
 0  6.570596e-01
 1  3.417786e-01
 2  2.140043e-01
 3  1.374083e-01
 4  9.843495e-02
 5  7.259761e-02
 6  5.702238e-02
 7  4.573435e-02
 8  3.640905e-02
 9  2.818686e-02
 10  2.236267e-02
 11  1.828524e-02
 12  1.512763e-02
 13  1.295523e-02
 14  1.116346e-02
 15  9.655387e-03
 16  8.508745e-03
 17  7.426373e-03
 18  6.493189e-03
 19  5.444542e-03
 20  4.563256e-03
 21  3.779913e-03
 22  3.122108e-03
 23  2.464349e-03
 24  1.937966e-03
 25  1.485837e-03
 26  1.142975e-03
 27  8.931741e-04
 Iteration CPU time: 6 s
 CFIE residual: 0.000893174

 Iseg, Irank, Idinc : 1, 34, 180
 Thata, Phi : 90.000000, 179.000000
 Maximun iteration: 300
 Number of recycle truncation: 30
 Final matrix dimension:  36708
 Residual error:0.001000
 0  5.475746e-01
 1  3.004525e-01
 2  1.911335e-01
 3  1.379920e-01
 4  1.070590e-01
 5  8.372344e-02
 6  6.848439e-02
 7  5.583763e-02
 8  4.416706e-02
 9  3.579151e-02
 10  2.787133e-02
 11  2.148462e-02
 12  1.644033e-02
 13  1.259923e-02
 14  9.758847e-03
 15  7.514233e-03
 16  6.011641e-03
 17  5.003247e-03
 18  4.146030e-03
 19  3.454654e-03
 20  2.911280e-03
 21  2.517142e-03
 22  2.230244e-03
 23  1.968184e-03
 24  1.747630e-03
 25  1.517435e-03
 26  1.339433e-03
 27  1.183123e-03
 28  9.925922e-04
 Iteration CPU time: 7 s
 CFIE residual: 0.000992592

 Iseg, Irank, Idinc : 1, 35, 37
 Thata, Phi : 90.000000, 36.000000
 Maximun iteration: 300
 Number of recycle truncation: 30
 Final matrix dimension:  36708
 Residual error:0.001000
 0  6.198895e-01
 1  3.119818e-01
 2  1.931766e-01
 3  1.235009e-01
 4  8.529482e-02
 5  6.285245e-02
 6  4.630067e-02
 7  3.549775e-02
 8  2.707697e-02
 9  2.078466e-02
 10  1.671955e-02
 11  1.357528e-02
 12  1.118093e-02
 13  9.590953e-03
 14  7.979560e-03
 15  6.813523e-03
 16  6.051549e-03
 17  5.271742e-03
 18  4.549050e-03
 19  3.983015e-03
 20  3.418488e-03
 21  2.902521e-03
 22  2.453206e-03
 23  2.054627e-03
 24  1.730450e-03
 25  1.408649e-03
 26  1.137790e-03
 27  8.948049e-04
 Iteration CPU time: 6 s
 CFIE residual: 0.000894805

 Iseg, Irank, Idinc : 1, 36, 93
 Thata, Phi : 90.000000, 92.000000
 Maximun iteration: 300
 Number of recycle truncation: 30
 Final matrix dimension:  36708
 Residual error:0.001000
 0  6.248521e-01
 1  3.594907e-01
 2  2.289491e-01
 3  1.528796e-01
 4  1.118666e-01
 5  8.738229e-02
 6  6.901396e-02
 7  5.513322e-02
 8  4.486196e-02
 9  3.605065e-02
 10  2.811882e-02
 11  2.233279e-02
 12  1.830497e-02
 13  1.523579e-02
 14  1.280020e-02
 15  1.106087e-02
 16  9.533509e-03
 17  8.455629e-03
 18  7.487483e-03
 19  6.559418e-03
 20  5.772403e-03
 21  5.013687e-03
 22  4.145711e-03
 23  3.449059e-03
 24  2.855769e-03
 25  2.318113e-03
 26  1.810426e-03
 27  1.408409e-03
 28  1.078550e-03
 29  8.178347e-04
 Iteration CPU time: 7 s
 CFIE residual: 0.000817835

 Iseg, Irank, Idinc : 1, 37, 142
 Thata, Phi : 90.000000, 141.000000
 Maximun iteration: 300
 Number of recycle truncation: 30
 Final matrix dimension:  36708
 Residual error:0.001000
 0  6.663116e-01
 1  3.497887e-01
 2  2.152555e-01
 3  1.504951e-01
 4  1.095815e-01
 5  8.451054e-02
 6  6.396010e-02
 7  5.157487e-02
 8  4.256825e-02
 9  3.481104e-02
 10  2.892682e-02
 11  2.347142e-02
 12  1.943913e-02
 13  1.546823e-02
 14  1.204624e-02
 15  9.736980e-03
 16  8.150713e-03
 17  6.788779e-03
 18  5.654089e-03
 19  4.841321e-03
 20  4.136442e-03
 21  3.638005e-03
 22  3.214099e-03
 23  2.798939e-03
 24  2.459615e-03
 25  2.123717e-03
 26  1.827804e-03
 27  1.508707e-03
 28  1.218043e-03
 29  9.942622e-04
 Iteration CPU time: 7 s
 CFIE residual: 0.000994262

 Iseg, Irank, Idinc : 1, 38, 9
 Thata, Phi : 90.000000, 8.000000
 Maximun iteration: 300
 Number of recycle truncation: 30
 Final matrix dimension:  36708
 Residual error:0.001000
 0  5.223895e-01
 1  2.721482e-01
 2  1.724311e-01
 3  1.230368e-01
 4  8.900251e-02
 5  6.749027e-02
 6  5.138827e-02
 7  3.967045e-02
 8  3.076427e-02
 9  2.380675e-02
 10  1.898400e-02
 11  1.504206e-02
 12  1.177089e-02
 13  9.540513e-03
 14  7.889361e-03
 15  6.595671e-03
 16  5.621043e-03
 17  4.743441e-03
 18  4.101042e-03
 19  3.602502e-03
 20  3.110797e-03
 21  2.681205e-03
 22  2.341952e-03
 23  2.092212e-03
 24  1.803456e-03
 25  1.554853e-03
 26  1.348278e-03
 27  1.181182e-03
 28  1.000421e-03
 29  8.267610e-04
 Iteration CPU time: 6 s
 CFIE residual: 0.000826761
 Last Built End in Sep 21 2025 00:06:12
 Total CPU time: 272 s
 Finished.
