 Last Built Begin in Sep 21 2025 00:06:12
 Pre-Type( Input ):           10
 Skl-Tol ( Input ):    1.0000000000000001E-005
 Wavelength in freespace: 0.0310881

 ################################################
 ##         Generating Required Mesh          ##
 ##         Waiting.....                      ##
 ################################################
 Subd No.      Subd Name
    1    Open-Duct_PRIME_model_meshAA1                                     
 isub,  nnode, npatch,  nedge:
    1      6118     12236     18354
 Scale Factor         >>   1.54999997E-02
 ################################################

 START TIME: 20250922   010033.162


 Informaton for IE geometry:
 number of subdomains     : 1
 maxnode,maxpatch,maxedge : 6118  12236  18354
 
 Index of Mat-Reg: 1
 Mat-Reg Number via MatFlg: 1
 Edge Number of Mat-Reg: 1, 18354

 Number of Edge on PEC: 18354
 Mat-Reg: No Dim(m) Lmax:
    1 0.231    5
 Totlmax, add1, add2:           5           6           7
 rlengmax of Global MLFMA >>   0.23063747515061456     
 Lmax of Global MLFMA >>            5
 Wavenum of Mat-Reg:
    1 1.000

 total area in sq m           =      0.0510
 total area in sq lambda      =     52.7383
 maxnode, maxpatch, maxedge           =     6118    12236    18354
 longest  edge in lambda              =      0.1501
 shortest edge in lambda              =      0.0071
 average  edge in lambda              =      0.1002
 largest  patch area in sq lambda     =      0.0076
 smallest patch area in sq lambda     =      0.0000
 ave    surface area in sq lambda     =      0.0043
 size range of the object in sq lambda =      7.3804

 #### MLFMA Info For Each Region ####
 Mat-Region =            1
 Array dimension parameters:
 maxrule=          14   maxgrid  =          64
 lmax   =           5   ncmax    =        1250
 lsmax  =          26   lsmin    =           6
 kpm    =        1356   kp0      =          76
 ntlm   =      204640   nsm      =      205900
 nkpm   =        2152   niplm    =      137728
 ngnearm=       14257   ngsndm   =       64634
 nearm  =         333   mfinestm =         119
 ###############################

 CFIE Alpha:  0.50000000000000000     

 Fill MLFMA FI for Mat-Reg:           1
 Begin filltl.f
 fill translation matrix
 Level:            2
 fill shifting matrix
 Level:            3
 fill shifting matrix
 Level:            4
 fill shifting matrix
 Level:            5
 fill shifting matrix
 translator time(s):  0.114000008    
 fill interpolation matrix
 ThetaOrder            8
 PhiOrder            8
 lsl            6
 Filling TL                  Delta_CPU=          0.52 Memory(MB)=        586.87
 Filling sndgrp              Delta_CPU=          0.00 Memory(MB)=        586.87
 Filling VFS                 Delta_CPU=          2.39 Memory(MB)=        586.87

 Fill MLFMA NI for Mat-Reg:           1
 Begin fill sparser part of Nearfield
 Begin fill denser part of Nearfield
 End fill
 Filling Amn                 Delta_CPU=         92.62 Memory(MB)=        586.87


 Now testing preconditioner with
 ipretype =           10
 method = cfie_solve_nfrasspspre_pardiso

  
 NBP>>Begin fill sparser part of Nearfield

111.0302% NBP>>Begin fill denser part of Nearfield

200.1041%
 Begin MLFMA Box-Matrix Based Spar-RAS Prec Constructor
 --- Intel MKL PARDISO --- 
 Memory for iGroup: 1 0 MB
 Total Memory For SparRAS Pre: 0 MB
 --- PARDISO PRECONDITIONER INITIALIZED --- 
 Constructing preconditioner CPU time: 4 s
 
 1101240
 Memory for Iteration:: 16.8036 MB

 Iseg, Ninc_S : 1, 181, 0

 Iseg, Skeleton Angles: 1, 38
 Iseg, Skel-Pk Mem(MB): 1, 314.35

 Iseg, Irank, Idinc : 1, 1, 22
 Thata, Phi : 90.000000, 21.000000
 Maximun iteration: 300
 Number of recycle truncation: 30
 Final matrix dimension:  36708
 Residual error:0.001000
 0  6.082141e-01
 1  2.903509e-01
 2  1.654918e-01
 3  1.136138e-01
 4  8.059452e-02
 5  5.931112e-02
 6  4.537274e-02
 7  3.581317e-02
 8  2.818206e-02
 9  2.228873e-02
 10  1.735449e-02
 11  1.371842e-02
 12  1.115776e-02
 13  9.001412e-03
 14  7.483834e-03
 15  6.397206e-03
 16  5.437994e-03
 17  4.596145e-03
 18  3.988674e-03
 19  3.421928e-03
 20  2.942111e-03
 21  2.625983e-03
 22  2.368506e-03
 23  2.175586e-03
 24  1.964997e-03
 25  1.754694e-03
 26  1.538413e-03
 27  1.341778e-03
 28  1.144543e-03
 29  9.786337e-04
 Iteration CPU time: 7 s
 CFIE residual: 0.000978634

 Iseg, Irank, Idinc : 1, 2, 42
 Thata, Phi : 90.000000, 41.000000
 Maximun iteration: 300
 Number of recycle truncation: 30
 Final matrix dimension:  36708
 Residual error:0.001000
 0  6.246097e-01
 1  3.151088e-01
 2  2.001347e-01
 3  1.313212e-01
 4  9.025533e-02
 5  6.550483e-02
 6  4.839512e-02
 7  3.655858e-02
 8  2.807384e-02
 9  2.172768e-02
 10  1.708224e-02
 11  1.370818e-02
 12  1.110498e-02
 13  9.358173e-03
 14  7.893481e-03
 15  6.852132e-03
 16  6.102317e-03
 17  5.386438e-03
 18  4.866521e-03
 19  4.359180e-03
 20  3.827392e-03
 21  3.347187e-03
 22  2.936933e-03
 23  2.512638e-03
 24  2.062811e-03
 25  1.695286e-03
 26  1.386903e-03
 27  1.113278e-03
 28  8.717886e-04
 Iteration CPU time: 6 s
 CFIE residual: 0.000871789

 Iseg, Irank, Idinc : 1, 3, 64
 Thata, Phi : 90.000000, 63.000000
 Maximun iteration: 300
 Number of recycle truncation: 30
 Final matrix dimension:  36708
 Residual error:0.001000
 0  6.656083e-01
 1  3.575869e-01
 2  2.225613e-01
 3  1.440184e-01
 4  1.050580e-01
 5  7.944459e-02
 6  6.070623e-02
 7  4.823161e-02
 8  3.830333e-02
 9  3.058972e-02
 10  2.420045e-02
 11  1.962216e-02
 12  1.601101e-02
 13  1.342769e-02
 14  1.138746e-02
 15  1.008805e-02
 16  9.045496e-03
 17  8.137282e-03
 18  7.394066e-03
 19  6.565677e-03
 20  5.787898e-03
 21  5.083972e-03
 22  4.322171e-03
 23  3.618863e-03
 24  2.968290e-03
 25  2.382016e-03
 26  1.887742e-03
 27  1.450876e-03
 28  1.124593e-03
 29  8.741502e-04
 Iteration CPU time: 7 s
 CFIE residual: 0.00087415

 Iseg, Irank, Idinc : 1, 4, 109
 Thata, Phi : 90.000000, 108.000000
 Maximun iteration: 300
 Number of recycle truncation: 30
 Final matrix dimension:  36708
 Residual error:0.001000
 0  6.324331e-01
 1  3.579218e-01
 2  2.256330e-01
 3  1.545820e-01
 4  1.089878e-01
 5  8.181734e-02
 6  6.341883e-02
 7  4.889509e-02
 8  3.813849e-02
 9  3.056076e-02
 10  2.411526e-02
 11  1.905492e-02
 12  1.535103e-02
 13  1.257706e-02
 14  1.058314e-02
 15  8.879575e-03
 16  7.452968e-03
 17  6.517482e-03
 18  5.745843e-03
 19  5.076808e-03
 20  4.513052e-03
 21  4.076946e-03
 22  3.622365e-03
 23  3.200673e-03
 24  2.816963e-03
 25  2.447453e-03
 26  2.081920e-03
 27  1.731388e-03
 28  1.398752e-03
 29  1.109953e-03
 30  8.711069e-04
 Iteration CPU time: 7 s
 CFIE residual: 0.000871107

 Iseg, Irank, Idinc : 1, 5, 75
 Thata, Phi : 90.000000, 74.000000
 Maximun iteration: 300
 Number of recycle truncation: 30
 Final matrix dimension:  36708
 Residual error:0.001000
 0  6.422835e-01
 1  3.683468e-01
 2  2.389833e-01
 3  1.508248e-01
 4  1.057587e-01
 5  8.071048e-02
 6  6.298687e-02
 7  5.171127e-02
 8  4.083703e-02
 9  3.335954e-02
 10  2.658566e-02
 11  2.144801e-02
 12  1.753130e-02
 13  1.505087e-02
 14  1.305860e-02
 15  1.157934e-02
 16  1.043166e-02
 17  9.333641e-03
 18  8.414004e-03
 19  7.504971e-03
 20  6.763285e-03
 21  5.995312e-03
 22  5.236265e-03
 23  4.429187e-03
 24  3.725543e-03
 25  3.039828e-03
 26  2.512167e-03
 27  2.029578e-03
 28  1.660030e-03
 29  1.287174e-03
 30  1.015770e-03
 31  7.850612e-04
 Iteration CPU time: 7 s
 CFIE residual: 0.000785061

 Iseg, Irank, Idinc : 1, 6, 146
 Thata, Phi : 90.000000, 145.000000
 Maximun iteration: 300
 Number of recycle truncation: 30
 Final matrix dimension:  36708
 Residual error:0.001000
 0  6.509505e-01
 1  3.453968e-01
 2  2.076760e-01
 3  1.454728e-01
 4  1.051021e-01
 5  8.150256e-02
 6  6.333361e-02
 7  5.060173e-02
 8  4.234248e-02
 9  3.511908e-02
 10  2.921448e-02
 11  2.436978e-02
 12  2.004856e-02
 13  1.585992e-02
 14  1.247034e-02
 15  1.026900e-02
 16  8.144864e-03
 17  6.779364e-03
 18  5.720576e-03
 19  4.679271e-03
 20  4.026032e-03
 21  3.468124e-03
 22  3.063840e-03
 23  2.723614e-03
 24  2.422037e-03
 25  2.194361e-03
 26  1.978901e-03
 27  1.763157e-03
 28  1.495010e-03
 29  1.247558e-03
 30  1.032819e-03
 31  8.278071e-04
 Iteration CPU time: 7 s
 CFIE residual: 0.000827807

 Iseg, Irank, Idinc : 1, 7, 159
 Thata, Phi : 90.000000, 158.000000
 Maximun iteration: 300
 Number of recycle truncation: 30
 Final matrix dimension:  36708
 Residual error:0.001000
 0  6.058742e-01
 1  3.130558e-01
 2  1.897533e-01
 3  1.321257e-01
 4  1.005615e-01
 5  8.043420e-02
 6  6.439493e-02
 7  5.209867e-02
 8  4.442206e-02
 9  3.802386e-02
 10  3.184330e-02
 11  2.637848e-02
 12  2.128077e-02
 13  1.722425e-02
 14  1.398428e-02
 15  1.107110e-02
 16  8.829135e-03
 17  7.152296e-03
 18  5.962531e-03
 19  4.878706e-03
 20  4.038498e-03
 21  3.423093e-03
 22  2.974856e-03
 23  2.623828e-03
 24  2.329837e-03
 25  2.085818e-03
 26  1.860365e-03
 27  1.671601e-03
 28  1.493201e-03
 29  1.298773e-03
 30  1.127612e-03
 31  9.438284e-04
 Iteration CPU time: 7 s
 CFIE residual: 0.000943828

 Iseg, Irank, Idinc : 1, 8, 132
 Thata, Phi : 90.000000, 131.000000
 Maximun iteration: 300
 Number of recycle truncation: 30
 Final matrix dimension:  36708
 Residual error:0.001000
 0  6.859061e-01
 1  3.595055e-01
 2  2.310023e-01
 3  1.573276e-01
 4  1.123852e-01
 5  8.649758e-02
 6  6.593353e-02
 7  5.132326e-02
 8  4.098143e-02
 9  3.245672e-02
 10  2.576037e-02
 11  2.041804e-02
 12  1.638746e-02
 13  1.348944e-02
 14  1.112174e-02
 15  9.146936e-03
 16  7.623829e-03
 17  6.539839e-03
 18  5.649989e-03
 19  4.940721e-03
 20  4.456337e-03
 21  4.039575e-03
 22  3.634504e-03
 23  3.308823e-03
 24  2.920216e-03
 25  2.540307e-03
 26  2.204790e-03
 27  1.876875e-03
 28  1.622282e-03
 29  1.373913e-03
 30  1.147317e-03
 31  9.162699e-04
 Iteration CPU time: 7 s
 CFIE residual: 0.00091627

 Iseg, Irank, Idinc : 1, 9, 122
 Thata, Phi : 90.000000, 121.000000
 Maximun iteration: 300
 Number of recycle truncation: 30
 Final matrix dimension:  36708
 Residual error:0.001000
 0  6.536951e-01
 1  3.457544e-01
 2  2.265317e-01
 3  1.570567e-01
 4  1.113287e-01
 5  8.455467e-02
 6  6.463796e-02
 7  5.061207e-02
 8  3.861259e-02
 9  3.049439e-02
 10  2.377701e-02
 11  1.872860e-02
 12  1.515494e-02
 13  1.257373e-02
 14  1.056926e-02
 15  9.032298e-03
 16  7.779655e-03
 17  6.754130e-03
 18  5.956112e-03
 19  5.240607e-03
 20  4.610425e-03
 21  4.101172e-03
 22  3.702451e-03
 23  3.266974e-03
 24  2.867372e-03
 25  2.486322e-03
 26  2.176950e-03
 27  1.872741e-03
 28  1.578013e-03
 29  1.330017e-03
 30  1.056661e-03
 31  8.395515e-04
 Iteration CPU time: 7 s
 CFIE residual: 0.000839551

 Iseg, Irank, Idinc : 1, 10, 89
 Thata, Phi : 90.000000, 88.000000
 Maximun iteration: 300
 Number of recycle truncation: 30
 Final matrix dimension:  36708
 Residual error:0.001000
 0  6.217341e-01
 1  3.560948e-01
 2  2.293419e-01
 3  1.554983e-01
 4  1.119084e-01
 5  8.770271e-02
 6  6.842127e-02
 7  5.440334e-02
 8  4.406627e-02
 9  3.557336e-02
 10  2.830242e-02
 11  2.227283e-02
 12  1.788042e-02
 13  1.458365e-02
 14  1.240650e-02
 15  1.079282e-02
 16  9.487892e-03
 17  8.479197e-03
 18  7.684018e-03
 19  6.919542e-03
 20  6.262020e-03
 21  5.588006e-03
 22  4.841086e-03
 23  4.079858e-03
 24  3.468302e-03
 25  2.867255e-03
 26  2.344371e-03
 27  1.881028e-03
 28  1.539793e-03
 29  1.174956e-03
 30  8.953509e-04
 Iteration CPU time: 7 s
 CFIE residual: 0.000895351

 Iseg, Irank, Idinc : 1, 11, 53
 Thata, Phi : 90.000000, 52.000000
 Maximun iteration: 300
 Number of recycle truncation: 30
 Final matrix dimension:  36708
 Residual error:0.001000
 0  6.453146e-01
 1  3.345005e-01
 2  2.072738e-01
 3  1.351238e-01
 4  9.652584e-02
 5  7.160557e-02
 6  5.498879e-02
 7  4.269416e-02
 8  3.309642e-02
 9  2.519201e-02
 10  2.007237e-02
 11  1.632084e-02
 12  1.340848e-02
 13  1.140881e-02
 14  9.842124e-03
 15  8.538880e-03
 16  7.690348e-03
 17  6.941610e-03
 18  6.190831e-03
 19  5.441158e-03
 20  4.806750e-03
 21  4.117459e-03
 22  3.547638e-03
 23  2.948812e-03
 24  2.411335e-03
 25  1.897859e-03
 26  1.491469e-03
 27  1.196359e-03
 28  9.456699e-04
 Iteration CPU time: 7 s
 CFIE residual: 0.00094567

 Iseg, Irank, Idinc : 1, 12, 32
 Thata, Phi : 90.000000, 31.000000
 Maximun iteration: 300
 Number of recycle truncation: 30
 Final matrix dimension:  36708
 Residual error:0.001000
 0  6.318569e-01
 1  3.056026e-01
 2  1.795186e-01
 3  1.139280e-01
 4  8.043139e-02
 5  5.956572e-02
 6  4.384268e-02
 7  3.362868e-02
 8  2.571887e-02
 9  2.018538e-02
 10  1.644098e-02
 11  1.307107e-02
 12  1.051927e-02
 13  8.764509e-03
 14  7.279849e-03
 15  6.164438e-03
 16  5.457436e-03
 17  4.683477e-03
 18  4.176589e-03
 19  3.691908e-03
 20  3.228477e-03
 21  2.877934e-03
 22  2.606301e-03
 23  2.341798e-03
 24  2.068873e-03
 25  1.793490e-03
 26  1.511241e-03
 27  1.283434e-03
 28  1.057020e-03
 29  8.768326e-04
 Iteration CPU time: 6 s
 CFIE residual: 0.000876833

 Iseg, Irank, Idinc : 1, 13, 11
 Thata, Phi : 90.000000, 10.000000
 Maximun iteration: 300
 Number of recycle truncation: 30
 Final matrix dimension:  36708
 Residual error:0.001000
 0  5.376846e-01
 1  2.748130e-01
 2  1.717028e-01
 3  1.224804e-01
 4  8.788973e-02
 5  6.674594e-02
 6  5.110610e-02
 7  3.964586e-02
 8  3.054906e-02
 9  2.425405e-02
 10  1.919413e-02
 11  1.486717e-02
 12  1.154551e-02
 13  9.276731e-03
 14  7.594524e-03
 15  6.343727e-03
 16  5.449448e-03
 17  4.543544e-03
 18  3.951945e-03
 19  3.455327e-03
 20  3.015693e-03
 21  2.615559e-03
 22  2.353013e-03
 23  2.110497e-03
 24  1.886567e-03
 25  1.707885e-03
 26  1.542030e-03
 27  1.393068e-03
 28  1.216475e-03
 29  1.060574e-03
 30  9.063991e-04
 Iteration CPU time: 6 s
 CFIE residual: 0.000906399

 Iseg, Irank, Idinc : 1, 14, 178
 Thata, Phi : 90.000000, 177.000000
 Maximun iteration: 300
 Number of recycle truncation: 30
 Final matrix dimension:  36708
 Residual error:0.001000
 0  5.549938e-01
 1  3.009545e-01
 2  1.916073e-01
 3  1.362315e-01
 4  1.064633e-01
 5  8.247972e-02
 6  6.748204e-02
 7  5.522868e-02
 8  4.464056e-02
 9  3.530068e-02
 10  2.787150e-02
 11  2.200382e-02
 12  1.729175e-02
 13  1.361409e-02
 14  1.069134e-02
 15  8.373611e-03
 16  6.735081e-03
 17  5.558097e-03
 18  4.551867e-03
 19  3.772631e-03
 20  3.163320e-03
 21  2.649460e-03
 22  2.313893e-03
 23  2.052989e-03
 24  1.809681e-03
 25  1.596303e-03
 26  1.437732e-03
 27  1.298944e-03
 28  1.154666e-03
 29  1.016826e-03
 30  9.003456e-04
 Iteration CPU time: 7 s
 CFIE residual: 0.000900346

 Iseg, Irank, Idinc : 1, 15, 97
 Thata, Phi : 90.000000, 96.000000
 Maximun iteration: 300
 Number of recycle truncation: 30
 Final matrix dimension:  36708
 Residual error:0.001000
 0  6.195136e-01
 1  3.547951e-01
 2  2.240168e-01
 3  1.495862e-01
 4  1.071642e-01
 5  8.167861e-02
 6  6.374760e-02
 7  5.094832e-02
 8  4.052285e-02
 9  3.247023e-02
 10  2.565815e-02
 11  2.049829e-02
 12  1.671387e-02
 13  1.383095e-02
 14  1.162343e-02
 15  1.003209e-02
 16  8.632010e-03
 17  7.687449e-03
 18  6.940813e-03
 19  6.254849e-03
 20  5.701435e-03
 21  5.132135e-03
 22  4.527876e-03
 23  3.932232e-03
 24  3.426939e-03
 25  2.906870e-03
 26  2.410927e-03
 27  1.994563e-03
 28  1.597862e-03
 29  1.252823e-03
 30  9.669564e-04
 Iteration CPU time: 7 s
 CFIE residual: 0.000966956

 Iseg, Irank, Idinc : 1, 16, 82
 Thata, Phi : 90.000000, 81.000000
 Maximun iteration: 300
 Number of recycle truncation: 30
 Final matrix dimension:  36708
 Residual error:0.001000
 0  6.260240e-01
 1  3.574427e-01
 2  2.314353e-01
 3  1.541311e-01
 4  1.107484e-01
 5  8.698977e-02
 6  6.667996e-02
 7  5.361765e-02
 8  4.360548e-02
 9  3.422726e-02
 10  2.729259e-02
 11  2.156759e-02
 12  1.748303e-02
 13  1.449795e-02
 14  1.253132e-02
 15  1.099740e-02
 16  9.691018e-03
 17  8.686488e-03
 18  7.882085e-03
 19  7.049571e-03
 20  6.307825e-03
 21  5.627000e-03
 22  4.894691e-03
 23  4.183047e-03
 24  3.505261e-03
 25  2.900501e-03
 26  2.408644e-03
 27  1.962473e-03
 28  1.601285e-03
 29  1.251678e-03
 30  9.938108e-04
 Iteration CPU time: 7 s
 CFIE residual: 0.000993811

 Iseg, Irank, Idinc : 1, 17, 1
 Thata, Phi : 90.000000, 0.000000
 Maximun iteration: 300
 Number of recycle truncation: 30
 Final matrix dimension:  36708
 Residual error:0.001000
 0  5.051828e-01
 1  2.665349e-01
 2  1.726963e-01
 3  1.198240e-01
 4  8.558353e-02
 5  6.404563e-02
 6  4.902708e-02
 7  3.718756e-02
 8  2.891770e-02
 9  2.208341e-02
 10  1.700287e-02
 11  1.342911e-02
 12  1.088650e-02
 13  8.713594e-03
 14  7.166520e-03
 15  5.699181e-03
 16  4.701783e-03
 17  3.928047e-03
 18  3.385171e-03
 19  2.939197e-03
 20  2.621592e-03
 21  2.370017e-03
 22  2.104387e-03
 23  1.846602e-03
 24  1.650439e-03
 25  1.499827e-03
 26  1.360596e-03
 27  1.205005e-03
 28  1.034441e-03
 29  8.807879e-04
 Iteration CPU time: 7 s
 CFIE residual: 0.000880788

 Iseg, Irank, Idinc : 1, 18, 167
 Thata, Phi : 90.000000, 166.000000
 Maximun iteration: 300
 Number of recycle truncation: 30
 Final matrix dimension:  36708
 Residual error:0.001000
 0  5.760354e-01
 1  3.026842e-01
 2  1.881334e-01
 3  1.349074e-01
 4  1.047609e-01
 5  8.398184e-02
 6  6.860088e-02
 7  5.579156e-02
 8  4.647518e-02
 9  3.917887e-02
 10  3.285113e-02
 11  2.694925e-02
 12  2.199892e-02
 13  1.749898e-02
 14  1.435115e-02
 15  1.145087e-02
 16  9.325207e-03
 17  7.623665e-03
 18  6.253990e-03
 19  5.030833e-03
 20  4.121356e-03
 21  3.440005e-03
 22  2.916451e-03
 23  2.528012e-03
 24  2.196020e-03
 25  1.922883e-03
 26  1.691643e-03
 27  1.525073e-03
 28  1.388785e-03
 29  1.246580e-03
 30  1.108155e-03
 31  9.595848e-04
 Iteration CPU time: 7 s
 CFIE residual: 0.000959585

 Iseg, Irank, Idinc : 1, 19, 115
 Thata, Phi : 90.000000, 114.000000
 Maximun iteration: 300
 Number of recycle truncation: 30
 Final matrix dimension:  36708
 Residual error:0.001000
 0  6.459869e-01
 1  3.515228e-01
 2  2.231947e-01
 3  1.549734e-01
 4  1.094032e-01
 5  8.216193e-02
 6  6.304066e-02
 7  4.860348e-02
 8  3.758714e-02
 9  2.999396e-02
 10  2.345790e-02
 11  1.856802e-02
 12  1.505487e-02
 13  1.257535e-02
 14  1.052369e-02
 15  8.787807e-03
 16  7.514084e-03
 17  6.531945e-03
 18  5.668873e-03
 19  5.015784e-03
 20  4.462570e-03
 21  3.980877e-03
 22  3.579691e-03
 23  3.167858e-03
 24  2.775157e-03
 25  2.406054e-03
 26  2.069996e-03
 27  1.773664e-03
 28  1.447524e-03
 29  1.170162e-03
 30  9.136556e-04
 Iteration CPU time: 7 s
 CFIE residual: 0.000913656

 Iseg, Irank, Idinc : 1, 20, 152
 Thata, Phi : 90.000000, 151.000000
 Maximun iteration: 300
 Number of recycle truncation: 30
 Final matrix dimension:  36708
 Residual error:0.001000
 0  6.309531e-01
 1  3.321182e-01
 2  2.003773e-01
 3  1.395261e-01
 4  1.028379e-01
 5  8.064316e-02
 6  6.392285e-02
 7  5.120368e-02
 8  4.332268e-02
 9  3.629367e-02
 10  3.052440e-02
 11  2.517954e-02
 12  2.041145e-02
 13  1.582938e-02
 14  1.277305e-02
 15  1.030705e-02
 16  8.173718e-03
 17  6.789273e-03
 18  5.691849e-03
 19  4.684030e-03
 20  3.884318e-03
 21  3.336936e-03
 22  2.885025e-03
 23  2.597884e-03
 24  2.310360e-03
 25  2.057062e-03
 26  1.853004e-03
 27  1.629555e-03
 28  1.409498e-03
 29  1.192001e-03
 30  1.001825e-03
 31  7.948697e-04
 Iteration CPU time: 7 s
 CFIE residual: 0.00079487

 Iseg, Irank, Idinc : 1, 21, 181
 Thata, Phi : 90.000000, 180.000000
 Maximun iteration: 300
 Number of recycle truncation: 30
 Final matrix dimension:  36708
 Residual error:0.001000
 0  5.536561e-01
 1  3.009674e-01
 2  1.916384e-01
 3  1.361083e-01
 4  1.062167e-01
 5  8.193761e-02
 6  6.695745e-02
 7  5.483330e-02
 8  4.417609e-02
 9  3.469721e-02
 10  2.699350e-02
 11  2.092865e-02
 12  1.588370e-02
 13  1.208230e-02
 14  9.311880e-03
 15  7.118022e-03
 16  5.606626e-03
 17  4.613736e-03
 18  3.766119e-03
 19  3.102356e-03
 20  2.645171e-03
 21  2.308556e-03
 22  2.042214e-03
 23  1.824082e-03
 24  1.639328e-03
 25  1.468024e-03
 26  1.339836e-03
 27  1.195915e-03
 28  1.043387e-03
 29  8.916319e-04
 Iteration CPU time: 7 s
 CFIE residual: 0.000891632

 Iseg, Irank, Idinc : 1, 22, 16
 Thata, Phi : 90.000000, 15.000000
 Maximun iteration: 300
 Number of recycle truncation: 30
 Final matrix dimension:  36708
 Residual error:0.001000
 0  5.686778e-01
 1  2.814685e-01
 2  1.695072e-01
 3  1.199881e-01
 4  8.552465e-02
 5  6.436814e-02
 6  4.964811e-02
 7  3.916635e-02
 8  3.048166e-02
 9  2.380212e-02
 10  1.862805e-02
 11  1.480844e-02
 12  1.158896e-02
 13  9.244606e-03
 14  7.593304e-03
 15  6.403247e-03
 16  5.491451e-03
 17  4.633705e-03
 18  4.020073e-03
 19  3.452077e-03
 20  3.012525e-03
 21  2.625123e-03
 22  2.368185e-03
 23  2.148813e-03
 24  1.929771e-03
 25  1.736235e-03
 26  1.554772e-03
 27  1.386589e-03
 28  1.197742e-03
 29  1.038236e-03
 30  8.862508e-04
 Iteration CPU time: 7 s
 CFIE residual: 0.000886251

 Iseg, Irank, Idinc : 1, 23, 59
 Thata, Phi : 90.000000, 58.000000
 Maximun iteration: 300
 Number of recycle truncation: 30
 Final matrix dimension:  36708
 Residual error:0.001000
 0  6.617983e-01
 1  3.456924e-01
 2  2.153192e-01
 3  1.374053e-01
 4  9.818479e-02
 5  7.229380e-02
 6  5.631267e-02
 7  4.511577e-02
 8  3.592674e-02
 9  2.772676e-02
 10  2.142125e-02
 11  1.752026e-02
 12  1.438649e-02
 13  1.213194e-02
 14  1.036517e-02
 15  9.091293e-03
 16  8.145768e-03
 17  7.306358e-03
 18  6.642705e-03
 19  5.836635e-03
 20  5.133530e-03
 21  4.482980e-03
 22  3.802080e-03
 23  3.123484e-03
 24  2.583759e-03
 25  2.037950e-03
 26  1.610326e-03
 27  1.253685e-03
 28  9.872337e-04
 Iteration CPU time: 6 s
 CFIE residual: 0.000987234

 Iseg, Irank, Idinc : 1, 24, 139
 Thata, Phi : 90.000000, 138.000000
 Maximun iteration: 300
 Number of recycle truncation: 30
 Final matrix dimension:  36708
 Residual error:0.001000
 0  6.908663e-01
 1  3.553599e-01
 2  2.200207e-01
 3  1.523244e-01
 4  1.106783e-01
 5  8.440615e-02
 6  6.344339e-02
 7  5.039282e-02
 8  4.171811e-02
 9  3.349891e-02
 10  2.720648e-02
 11  2.229499e-02
 12  1.855940e-02
 13  1.464926e-02
 14  1.170511e-02
 15  9.454434e-03
 16  7.873304e-03
 17  6.527669e-03
 18  5.599513e-03
 19  4.758666e-03
 20  4.227191e-03
 21  3.789651e-03
 22  3.424733e-03
 23  3.069577e-03
 24  2.743126e-03
 25  2.440549e-03
 26  2.151365e-03
 27  1.848660e-03
 28  1.546605e-03
 29  1.301579e-03
 30  1.072464e-03
 31  8.800943e-04
 Iteration CPU time: 7 s
 CFIE residual: 0.000880094

 Iseg, Irank, Idinc : 1, 25, 5
 Thata, Phi : 90.000000, 4.000000
 Maximun iteration: 300
 Number of recycle truncation: 30
 Final matrix dimension:  36708
 Residual error:0.001000
 0  5.113528e-01
 1  2.682440e-01
 2  1.724506e-01
 3  1.207005e-01
 4  8.684943e-02
 5  6.569796e-02
 6  5.023030e-02
 7  3.772750e-02
 8  2.887692e-02
 9  2.265859e-02
 10  1.805865e-02
 11  1.438788e-02
 12  1.136401e-02
 13  9.044171e-03
 14  7.482885e-03
 15  6.252592e-03
 16  5.257939e-03
 17  4.400962e-03
 18  3.757420e-03
 19  3.316356e-03
 20  2.902349e-03
 21  2.533028e-03
 22  2.282287e-03
 23  2.026381e-03
 24  1.803048e-03
 25  1.616316e-03
 26  1.479821e-03
 27  1.329714e-03
 28  1.186002e-03
 29  1.012136e-03
 30  8.539216e-04
 Iteration CPU time: 7 s
 CFIE residual: 0.000853922

 Iseg, Irank, Idinc : 1, 26, 103
 Thata, Phi : 90.000000, 102.000000
 Maximun iteration: 300
 Number of recycle truncation: 30
 Final matrix dimension:  36708
 Residual error:0.001000
 0  6.190750e-01
 1  3.548745e-01
 2  2.237943e-01
 3  1.510851e-01
 4  1.055382e-01
 5  7.958662e-02
 6  6.186349e-02
 7  4.827820e-02
 8  3.807840e-02
 9  3.042740e-02
 10  2.479007e-02
 11  1.968096e-02
 12  1.588689e-02
 13  1.310917e-02
 14  1.090318e-02
 15  9.250864e-03
 16  7.861986e-03
 17  6.946644e-03
 18  6.213682e-03
 19  5.563338e-03
 20  5.014728e-03
 21  4.560341e-03
 22  4.057864e-03
 23  3.569039e-03
 24  3.123456e-03
 25  2.671876e-03
 26  2.270557e-03
 27  1.893628e-03
 28  1.562564e-03
 29  1.257016e-03
 30  9.921412e-04
 Iteration CPU time: 7 s
 CFIE residual: 0.000992141

 Iseg, Irank, Idinc : 1, 27, 173
 Thata, Phi : 90.000000, 172.000000
 Maximun iteration: 300
 Number of recycle truncation: 30
 Final matrix dimension:  36708
 Residual error:0.001000
 0  5.619101e-01
 1  3.010350e-01
 2  1.909926e-01
 3  1.365367e-01
 4  1.069735e-01
 5  8.418135e-02
 6  6.911781e-02
 7  5.629497e-02
 8  4.614557e-02
 9  3.773482e-02
 10  3.091890e-02
 11  2.513291e-02
 12  2.037012e-02
 13  1.621468e-02
 14  1.328136e-02
 15  1.065415e-02
 16  8.717942e-03
 17  7.024546e-03
 18  5.720974e-03
 19  4.633762e-03
 20  3.811010e-03
 21  3.164904e-03
 22  2.717132e-03
 23  2.352201e-03
 24  2.040797e-03
 25  1.785166e-03
 26  1.567823e-03
 27  1.412103e-03
 28  1.275193e-03
 29  1.141558e-03
 30  1.024869e-03
 31  8.913185e-04
 Iteration CPU time: 7 s
 CFIE residual: 0.000891319

 Iseg, Irank, Idinc : 1, 28, 37
 Thata, Phi : 90.000000, 36.000000
 Maximun iteration: 300
 Number of recycle truncation: 30
 Final matrix dimension:  36708
 Residual error:0.001000
 0  6.222530e-01
 1  3.120612e-01
 2  1.927623e-01
 3  1.231528e-01
 4  8.444028e-02
 5  6.187131e-02
 6  4.550672e-02
 7  3.462789e-02
 8  2.645306e-02
 9  2.035502e-02
 10  1.626934e-02
 11  1.314448e-02
 12  1.065450e-02
 13  8.951926e-03
 14  7.442157e-03
 15  6.414384e-03
 16  5.665757e-03
 17  4.903615e-03
 18  4.397583e-03
 19  3.927529e-03
 20  3.447839e-03
 21  3.052293e-03
 22  2.724053e-03
 23  2.401850e-03
 24  2.059095e-03
 25  1.744722e-03
 26  1.453980e-03
 27  1.197171e-03
 28  9.643807e-04
 Iteration CPU time: 7 s
 CFIE residual: 0.000964381

 Iseg, Irank, Idinc : 1, 29, 70
 Thata, Phi : 90.000000, 69.000000
 Maximun iteration: 300
 Number of recycle truncation: 30
 Final matrix dimension:  36708
 Residual error:0.001000
 0  6.558985e-01
 1  3.679348e-01
 2  2.342834e-01
 3  1.514054e-01
 4  1.097330e-01
 5  8.327168e-02
 6  6.431478e-02
 7  5.169100e-02
 8  4.150520e-02
 9  3.404979e-02
 10  2.731081e-02
 11  2.183414e-02
 12  1.772150e-02
 13  1.501680e-02
 14  1.284555e-02
 15  1.154194e-02
 16  1.040975e-02
 17  9.353160e-03
 18  8.383413e-03
 19  7.481895e-03
 20  6.729046e-03
 21  5.955530e-03
 22  5.188646e-03
 23  4.408314e-03
 24  3.665317e-03
 25  2.954691e-03
 26  2.395261e-03
 27  1.926330e-03
 28  1.511818e-03
 29  1.180853e-03
 30  9.225055e-04
 Iteration CPU time: 7 s
 CFIE residual: 0.000922505

 Iseg, Irank, Idinc : 1, 30, 127
 Thata, Phi : 90.000000, 126.000000
 Maximun iteration: 300
 Number of recycle truncation: 30
 Final matrix dimension:  36708
 Residual error:0.001000
 0  6.625282e-01
 1  3.503329e-01
 2  2.292410e-01
 3  1.570839e-01
 4  1.121988e-01
 5  8.655955e-02
 6  6.592490e-02
 7  5.119121e-02
 8  4.000444e-02
 9  3.170964e-02
 10  2.456098e-02
 11  1.950470e-02
 12  1.568314e-02
 13  1.291165e-02
 14  1.067452e-02
 15  9.144650e-03
 16  7.721565e-03
 17  6.715563e-03
 18  5.909958e-03
 19  5.149457e-03
 20  4.574508e-03
 21  4.133624e-03
 22  3.728991e-03
 23  3.359681e-03
 24  2.937530e-03
 25  2.572385e-03
 26  2.260763e-03
 27  1.956210e-03
 28  1.729403e-03
 29  1.468440e-03
 30  1.206708e-03
 31  9.674641e-04
 Iteration CPU time: 7 s
 CFIE residual: 0.000967464

 Iseg, Irank, Idinc : 1, 31, 3
 Thata, Phi : 90.000000, 2.000000
 Maximun iteration: 300
 Number of recycle truncation: 30
 Final matrix dimension:  36708
 Residual error:0.001000
 0  5.067900e-01
 1  2.669833e-01
 2  1.726236e-01
 3  1.200480e-01
 4  8.593293e-02
 5  6.455864e-02
 6  4.942774e-02
 7  3.727071e-02
 8  2.877512e-02
 9  2.213484e-02
 10  1.728570e-02
 11  1.390111e-02
 12  1.118577e-02
 13  8.872101e-03
 14  7.311569e-03
 15  6.036794e-03
 16  5.097095e-03
 17  4.281004e-03
 18  3.660364e-03
 19  3.217118e-03
 20  2.824772e-03
 21  2.487964e-03
 22  2.240577e-03
 23  1.985714e-03
 24  1.758347e-03
 25  1.581260e-03
 26  1.447536e-03
 27  1.293054e-03
 28  1.142181e-03
 29  9.684962e-04
 Iteration CPU time: 6 s
 CFIE residual: 0.000968496

 Iseg, Irank, Idinc : 1, 32, 163
 Thata, Phi : 90.000000, 162.000000
 Maximun iteration: 300
 Number of recycle truncation: 30
 Final matrix dimension:  36708
 Residual error:0.001000
 0  5.895828e-01
 1  3.061257e-01
 2  1.869529e-01
 3  1.325007e-01
 4  1.020782e-01
 5  8.226447e-02
 6  6.646299e-02
 7  5.399414e-02
 8  4.545482e-02
 9  3.878188e-02
 10  3.265683e-02
 11  2.715162e-02
 12  2.221517e-02
 13  1.766843e-02
 14  1.446137e-02
 15  1.147068e-02
 16  9.216545e-03
 17  7.671294e-03
 18  6.322121e-03
 19  5.036310e-03
 20  4.159125e-03
 21  3.525717e-03
 22  2.978901e-03
 23  2.596109e-03
 24  2.273548e-03
 25  1.991398e-03
 26  1.779627e-03
 27  1.613759e-03
 28  1.460951e-03
 29  1.295042e-03
 30  1.137141e-03
 31  9.711610e-04
 Iteration CPU time: 7 s
 CFIE residual: 0.000971161

 Iseg, Irank, Idinc : 1, 33, 47
 Thata, Phi : 90.000000, 46.000000
 Maximun iteration: 300
 Number of recycle truncation: 30
 Final matrix dimension:  36708
 Residual error:0.001000
 0  6.331080e-01
 1  3.219257e-01
 2  2.034559e-01
 3  1.347166e-01
 4  9.514962e-02
 5  6.999165e-02
 6  5.253545e-02
 7  4.038456e-02
 8  3.105902e-02
 9  2.418655e-02
 10  1.895218e-02
 11  1.514971e-02
 12  1.233458e-02
 13  1.035607e-02
 14  8.790128e-03
 15  7.634266e-03
 16  6.849440e-03
 17  6.123451e-03
 18  5.470832e-03
 19  4.847339e-03
 20  4.312517e-03
 21  3.712820e-03
 22  3.250711e-03
 23  2.719465e-03
 24  2.204503e-03
 25  1.802158e-03
 26  1.420867e-03
 27  1.148391e-03
 28  9.158826e-04
 Iteration CPU time: 6 s
 CFIE residual: 0.000915883

 Iseg, Irank, Idinc : 1, 34, 26
 Thata, Phi : 90.000000, 25.000000
 Maximun iteration: 300
 Number of recycle truncation: 30
 Final matrix dimension:  36708
 Residual error:0.001000
 0  6.273260e-01
 1  2.965788e-01
 2  1.670164e-01
 3  1.102380e-01
 4  7.802077e-02
 5  5.741046e-02
 6  4.312742e-02
 7  3.343033e-02
 8  2.613598e-02
 9  2.067833e-02
 10  1.646005e-02
 11  1.285505e-02
 12  1.061135e-02
 13  8.676458e-03
 14  7.237801e-03
 15  6.220067e-03
 16  5.365717e-03
 17  4.535805e-03
 18  3.976582e-03
 19  3.456617e-03
 20  2.999646e-03
 21  2.670662e-03
 22  2.423395e-03
 23  2.224448e-03
 24  2.008275e-03
 25  1.770179e-03
 26  1.543826e-03
 27  1.335711e-03
 28  1.124056e-03
 29  9.554388e-04
 Iteration CPU time: 7 s
 CFIE residual: 0.000955439

 Iseg, Irank, Idinc : 1, 35, 180
 Thata, Phi : 90.000000, 179.000000
 Maximun iteration: 300
 Number of recycle truncation: 30
 Final matrix dimension:  36708
 Residual error:0.001000
 0  5.538225e-01
 1  3.009691e-01
 2  1.916387e-01
 3  1.361254e-01
 4  1.062483e-01
 5  8.200398e-02
 6  6.702293e-02
 7  5.488638e-02
 8  4.423868e-02
 9  3.477349e-02
 10  2.710944e-02
 11  2.108224e-02
 12  1.613835e-02
 13  1.240445e-02
 14  9.585245e-03
 15  7.389981e-03
 16  5.859543e-03
 17  4.870959e-03
 18  4.007166e-03
 19  3.338970e-03
 20  2.819838e-03
 21  2.426806e-03
 22  2.141811e-03
 23  1.924009e-03
 24  1.710381e-03
 25  1.518097e-03
 26  1.381978e-03
 27  1.238881e-03
 28  1.088395e-03
 29  9.396890e-04
 Iteration CPU time: 6 s
 CFIE residual: 0.000939689

 Iseg, Irank, Idinc : 1, 36, 93
 Thata, Phi : 90.000000, 92.000000
 Maximun iteration: 300
 Number of recycle truncation: 30
 Final matrix dimension:  36708
 Residual error:0.001000
 0  6.213740e-01
 1  3.567573e-01
 2  2.270484e-01
 3  1.512111e-01
 4  1.095706e-01
 5  8.543667e-02
 6  6.730255e-02
 7  5.346493e-02
 8  4.298021e-02
 9  3.469992e-02
 10  2.730276e-02
 11  2.188985e-02
 12  1.779930e-02
 13  1.451632e-02
 14  1.235196e-02
 15  1.061140e-02
 16  9.227373e-03
 17  8.209872e-03
 18  7.410307e-03
 19  6.668371e-03
 20  6.082136e-03
 21  5.449731e-03
 22  4.747674e-03
 23  4.056877e-03
 24  3.514059e-03
 25  2.944862e-03
 26  2.419138e-03
 27  1.956889e-03
 28  1.570797e-03
 29  1.183858e-03
 30  8.966521e-04
 Iteration CPU time: 6 s
 CFIE residual: 0.000896652

 Iseg, Irank, Idinc : 1, 37, 143
 Thata, Phi : 90.000000, 142.000000
 Maximun iteration: 300
 Number of recycle truncation: 30
 Final matrix dimension:  36708
 Residual error:0.001000
 0  6.673689e-01
 1  3.498843e-01
 2  2.113776e-01
 3  1.475637e-01
 4  1.069752e-01
 5  8.248044e-02
 6  6.292589e-02
 7  5.026283e-02
 8  4.179425e-02
 9  3.425327e-02
 10  2.843340e-02
 11  2.364096e-02
 12  1.952784e-02
 13  1.536797e-02
 14  1.211154e-02
 15  9.951561e-03
 16  8.024089e-03
 17  6.675379e-03
 18  5.664661e-03
 19  4.693091e-03
 20  4.095240e-03
 21  3.603169e-03
 22  3.236106e-03
 23  2.877314e-03
 24  2.570092e-03
 25  2.327543e-03
 26  2.087150e-03
 27  1.842514e-03
 28  1.538802e-03
 29  1.277177e-03
 30  1.054779e-03
 31  8.602620e-04
 Iteration CPU time: 7 s
 CFIE residual: 0.000860262

 Iseg, Irank, Idinc : 1, 38, 8
 Thata, Phi : 90.000000, 7.000000
 Maximun iteration: 300
 Number of recycle truncation: 30
 Final matrix dimension:  36708
 Residual error:0.001000
 0  5.226245e-01
 1  2.711955e-01
 2  1.721591e-01
 3  1.220168e-01
 4  8.806479e-02
 5  6.689923e-02
 6  5.104341e-02
 7  3.878812e-02
 8  2.979793e-02
 9  2.382213e-02
 10  1.882327e-02
 11  1.469493e-02
 12  1.151547e-02
 13  9.214945e-03
 14  7.584745e-03
 15  6.315094e-03
 16  5.376569e-03
 17  4.480928e-03
 18  3.856673e-03
 19  3.403328e-03
 20  2.976481e-03
 21  2.581619e-03
 22  2.324232e-03
 23  2.069350e-03
 24  1.849341e-03
 25  1.667145e-03
 26  1.518149e-03
 27  1.369490e-03
 28  1.215085e-03
 29  1.051961e-03
 30  8.959923e-04
 Iteration CPU time: 6 s
 CFIE residual: 0.000895992
 Last Built End in Sep 21 2025 00:06:12
 Total CPU time: 278 s
 Finished.
