 Last Built Begin in Sep 21 2025 00:06:12
 Pre-Type( Input ):            8
 Skl-Tol ( Input ):    1.0000000000000000E-002
 Wavelength in freespace: 0.384615

 ################################################
 ##         Generating Required Mesh          ##
 ##         Waiting.....                      ##
 ################################################
 Subd No.      Subd Name
    1    sphere1                                                           
 isub,  nnode, npatch,  nedge:
    1       604      1204      1806
 Scale Factor         >>   9.99999978E-03
 ################################################

 START TIME: 20250922   002534.689


 Informaton for IE geometry:
 number of subdomains     : 1
 maxnode,maxpatch,maxedge : 604  1204  1806
 
 Index of Mat-Reg: 1
 Mat-Reg Number via MatFlg: 1
 Edge Number of Mat-Reg: 1, 1806

 Number of Edge on PEC: 0
 Mat-Reg: No Dim(m) Lmax:
    1 0.260    1
 Totlmax, add1, add2:           1           2           3
 rlengmax of Global MLFMA >>   0.25999998450400003     
 Lmax of Global MLFMA >>            1
 Wavenum of Mat-Reg:
    1 1.000

 total area in sq m           =      0.1254
 total area in sq lambda      =      0.8474
 maxnode, maxpatch, maxedge           =      604     1204     1806
 longest  edge in lambda              =      0.0566
 shortest edge in lambda              =      0.0247
 average  edge in lambda              =      0.0404
 largest  patch area in sq lambda     =      0.0012
 smallest patch area in sq lambda     =      0.0003
 ave    surface area in sq lambda     =      0.0007
 size range of the object in sq lambda =      0.5200

 #### MLFMA Info For Each Region ####
 Mat-Region =            1
 Array dimension parameters:
 maxrule=          14   maxgrid  =          64
 lmax   =           1   ncmax    =           9
 lsmax  =           1   lsmin    =           1
 kpm    =           1   kp0      =           1
 ntlm   =           1   nsm      =           1
 nkpm   =           1   niplm    =          16
 ngnearm=          64   ngsndm   =           1
 nearm  =        1807   mfinestm =         244
 ###############################

 CFIE Alpha:  0.50000000000000000     

 Fill MLFMA NI for Mat-Reg:           1
 Begin fill sparser part of Nearfield
 Begin fill denser part of Nearfield
 End fill
 Filling Amn                 Delta_CPU=         44.13 Memory(MB)=        200.07


 Now testing preconditioner with
 ipretype =            8
 method = cfie_solve_nfpre_pardiso

  
 NBP>>Begin fill sparser part of Nearfield
 NBP>>Begin fill denser part of Nearfield

212.5000%
225.0000%
237.5000%
250.0000%
262.5000%
275.0000%
287.5000%
300.0000%
 Begin MLFMA Box-Matrix Based Prec Constructor
 --- Intel MKL PARDISO --- 
  >> Solver Initialized
  >> Proceed to ngrp_box loop
  >> Loop 0 Initialized
 Memory for iGRP: 1 0 MB
 Total Memory For NFB Pre: 0 MB
 --- PARDISO PRECONDITIONER INITIALIZED --- 
 Constructing preconditioner CPU time: 0 s
 
 108360
 Memory for Iteration:: 1.65344 MB

 Iseg, Ninc_S : 1, 181, 0

 Iseg, Skeleton Angles: 1, 7
 Iseg, Skel-Pk Mem(MB): 1, 30.95

 Iseg, Irank, Idinc : 1, 1, 118
 Thata, Phi : 90.000000, 117.000000
 Maximun iteration: 300
 Number of recycle truncation: 30
 Final matrix dimension:  3612
 Residual error:0.010000
 0  1.794893e-01
 1  8.207893e-02
 2  3.002887e-02
 3  1.270549e-02
 4  5.363592e-03
 Iteration CPU time: 0 s
 CFIE residual: 0.00536359

 Iseg, Irank, Idinc : 1, 2, 35
 Thata, Phi : 90.000000, 34.000000
 Maximun iteration: 300
 Number of recycle truncation: 30
 Final matrix dimension:  3612
 Residual error:0.010000
 0  1.797927e-01
 1  8.196882e-02
 2  3.185598e-02
 3  1.394363e-02
 4  5.726469e-03
 Iteration CPU time: 0 s
 CFIE residual: 0.00572647

 Iseg, Irank, Idinc : 1, 3, 1
 Thata, Phi : 90.000000, 0.000000
 Maximun iteration: 300
 Number of recycle truncation: 30
 Final matrix dimension:  3612
 Residual error:0.010000
 0  1.919916e-01
 1  8.697163e-02
 2  3.194119e-02
 3  1.330657e-02
 4  5.408114e-03
 Iteration CPU time: 0 s
 CFIE residual: 0.00540811

 Iseg, Irank, Idinc : 1, 4, 181
 Thata, Phi : 90.000000, 180.000000
 Maximun iteration: 300
 Number of recycle truncation: 30
 Final matrix dimension:  3612
 Residual error:0.010000
 0  1.901632e-01
 1  8.652708e-02
 2  3.134847e-02
 3  1.239052e-02
 4  5.131201e-03
 Iteration CPU time: 0 s
 CFIE residual: 0.0051312

 Iseg, Irank, Idinc : 1, 5, 78
 Thata, Phi : 90.000000, 77.000000
 Maximun iteration: 300
 Number of recycle truncation: 30
 Final matrix dimension:  3612
 Residual error:0.010000
 0  1.867289e-01
 1  8.731869e-02
 2  3.242126e-02
 3  1.347487e-02
 4  5.417934e-03
 Iteration CPU time: 0 s
 CFIE residual: 0.00541793

 Iseg, Irank, Idinc : 1, 6, 155
 Thata, Phi : 90.000000, 154.000000
 Maximun iteration: 300
 Number of recycle truncation: 30
 Final matrix dimension:  3612
 Residual error:0.010000
 0  1.814867e-01
 1  8.207482e-02
 2  3.041785e-02
 3  1.242874e-02
 4  5.254251e-03
 Iteration CPU time: 0 s
 CFIE residual: 0.00525425

 Iseg, Irank, Idinc : 1, 7, 57
 Thata, Phi : 90.000000, 56.000000
 Maximun iteration: 300
 Number of recycle truncation: 30
 Final matrix dimension:  3612
 Residual error:0.010000
 0  1.794485e-01
 1  8.297972e-02
 2  3.225598e-02
 3  1.396576e-02
 4  5.695534e-03
 Iteration CPU time: 0 s
 CFIE residual: 0.00569553
 Last Built End in Sep 21 2025 00:06:12
 Total CPU time: 6 s
 Finished.
