 Last Built Begin in Sep 21 2025 00:06:12
 Pre-Type( Input ):           10
 Skl-Tol ( Input ):    1.0000000000000001E-005
 Wavelength in freespace: 0.0287356

 ################################################
 ##         Generating Required Mesh          ##
 ##         Waiting.....                      ##
 ################################################
 Subd No.      Subd Name
    1    Open-Duct_PRIME_model_meshAA1                                     
 isub,  nnode, npatch,  nedge:
    1      6118     12236     18354
 Scale Factor         >>   1.54999997E-02
 ################################################

 START TIME: 20250922   090400.598


 Informaton for IE geometry:
 number of subdomains     : 1
 maxnode,maxpatch,maxedge : 6118  12236  18354
 
 Index of Mat-Reg: 1
 Mat-Reg Number via MatFlg: 1
 Edge Number of Mat-Reg: 1, 18354

 Number of Edge on PEC: 18354
 Mat-Reg: No Dim(m) Lmax:
    1 0.250    5
 Totlmax, add1, add2:           5           6           7
 rlengmax of Global MLFMA >>   0.24951867777952497     
 Lmax of Global MLFMA >>            5
 Wavenum of Mat-Reg:
    1 1.000

 total area in sq m           =      0.0510
 total area in sq lambda      =     61.7266
 maxnode, maxpatch, maxedge           =     6118    12236    18354
 longest  edge in lambda              =      0.1624
 shortest edge in lambda              =      0.0077
 average  edge in lambda              =      0.1084
 largest  patch area in sq lambda     =      0.0089
 smallest patch area in sq lambda     =      0.0001
 ave    surface area in sq lambda     =      0.0050
 size range of the object in sq lambda =      7.9846

 #### MLFMA Info For Each Region ####
 Mat-Region =            1
 Array dimension parameters:
 maxrule=          14   maxgrid  =          64
 lmax   =           5   ncmax    =        1250
 lsmax  =          27   lsmin    =           7
 kpm    =        1462   kp0      =         102
 ntlm   =      225016   nsm      =      235590
 nkpm   =        2350   niplm    =      150400
 ngnearm=       14257   ngsndm   =       64634
 nearm  =         333   mfinestm =         119
 ###############################

 CFIE Alpha:  0.50000000000000000     

 Fill MLFMA FI for Mat-Reg:           1
 Begin filltl.f
 fill translation matrix
 Level:            2
 fill shifting matrix
 Level:            3
 fill shifting matrix
 Level:            4
 fill shifting matrix
 Level:            5
 fill shifting matrix
 translator time(s):  0.118000008    
 fill interpolation matrix
 ThetaOrder            8
 PhiOrder            8
 lsl            7
 Filling TL                  Delta_CPU=          0.55 Memory(MB)=        654.36
 Filling sndgrp              Delta_CPU=          0.00 Memory(MB)=        654.36
 Filling VFS                 Delta_CPU=          3.22 Memory(MB)=        654.36

 Fill MLFMA NI for Mat-Reg:           1
 Begin fill sparser part of Nearfield
 Begin fill denser part of Nearfield
 End fill
 Filling Amn                 Delta_CPU=         90.58 Memory(MB)=        654.36


 Now testing preconditioner with
 ipretype =           10
 method = cfie_solve_nfrasspspre_pardiso

  
 NBP>>Begin fill sparser part of Nearfield

117.3777% NBP>>Begin fill denser part of Nearfield

200.1041%
 Begin MLFMA Box-Matrix Based Spar-RAS Prec Constructor
 --- Intel MKL PARDISO --- 
 Memory for iGroup: 1 0 MB
 Total Memory For SparRAS Pre: 0 MB
 --- PARDISO PRECONDITIONER INITIALIZED --- 
 Constructing preconditioner CPU time: 4 s
 
 1101240
 Memory for Iteration:: 16.8036 MB

 Iseg, Ninc_S : 1, 181, 0

 Iseg, Skeleton Angles: 1, 40
 Iseg, Skel-Pk Mem(MB): 1, 314.35

 Iseg, Irank, Idinc : 1, 1, 42
 Thata, Phi : 90.000000, 41.000000
 Maximun iteration: 300
 Number of recycle truncation: 30
 Final matrix dimension:  36708
 Residual error:0.001000
 0  6.326737e-01
 1  3.162115e-01
 2  1.991615e-01
 3  1.279785e-01
 4  8.957172e-02
 5  6.561238e-02
 6  5.014953e-02
 7  3.856379e-02
 8  2.940934e-02
 9  2.322844e-02
 10  1.744227e-02
 11  1.437259e-02
 12  1.219132e-02
 13  1.044493e-02
 14  9.324832e-03
 15  8.276180e-03
 16  7.480803e-03
 17  6.931949e-03
 18  6.411738e-03
 19  6.086935e-03
 20  5.822980e-03
 21  5.508224e-03
 22  5.202492e-03
 23  4.854332e-03
 24  4.444547e-03
 25  3.960062e-03
 26  3.481146e-03
 27  3.032353e-03
 28  2.531972e-03
 29  2.135428e-03
 30  1.775950e-03
 31  1.485632e-03
 32  1.218945e-03
 33  9.913559e-04
 Iteration CPU time: 8 s
 CFIE residual: 0.000991356

 Iseg, Irank, Idinc : 1, 2, 63
 Thata, Phi : 90.000000, 62.000000
 Maximun iteration: 300
 Number of recycle truncation: 30
 Final matrix dimension:  36708
 Residual error:0.001000
 0  6.541542e-01
 1  3.586222e-01
 2  2.237629e-01
 3  1.435243e-01
 4  1.018166e-01
 5  7.838086e-02
 6  6.001262e-02
 7  4.816184e-02
 8  3.889673e-02
 9  3.124925e-02
 10  2.451350e-02
 11  2.034268e-02
 12  1.723051e-02
 13  1.508174e-02
 14  1.373302e-02
 15  1.281640e-02
 16  1.212857e-02
 17  1.155069e-02
 18  1.109174e-02
 19  1.043232e-02
 20  9.692549e-03
 21  9.075740e-03
 22  8.267632e-03
 23  7.404897e-03
 24  6.466282e-03
 25  5.459060e-03
 26  4.589918e-03
 27  3.851395e-03
 28  3.201723e-03
 29  2.648692e-03
 30  2.154603e-03
 31  1.745598e-03
 32  1.398211e-03
 33  1.135403e-03
 34  9.013979e-04
 Iteration CPU time: 8 s
 CFIE residual: 0.000901398

 Iseg, Irank, Idinc : 1, 3, 108
 Thata, Phi : 90.000000, 107.000000
 Maximun iteration: 300
 Number of recycle truncation: 30
 Final matrix dimension:  36708
 Residual error:0.001000
 0  6.169919e-01
 1  3.479147e-01
 2  2.157077e-01
 3  1.463720e-01
 4  1.044725e-01
 5  7.774646e-02
 6  6.024749e-02
 7  4.712108e-02
 8  3.852724e-02
 9  3.174371e-02
 10  2.565793e-02
 11  2.132187e-02
 12  1.810318e-02
 13  1.537782e-02
 14  1.358173e-02
 15  1.210212e-02
 16  1.092909e-02
 17  1.018090e-02
 18  9.413464e-03
 19  8.866439e-03
 20  8.415255e-03
 21  8.014666e-03
 22  7.633274e-03
 23  7.298336e-03
 24  6.917445e-03
 25  6.447354e-03
 26  5.774100e-03
 27  5.066008e-03
 28  4.355993e-03
 29  3.663926e-03
 30  2.997615e-03
 31  2.392825e-03
 32  1.856888e-03
 33  1.499993e-03
 34  1.213348e-03
 35  9.771203e-04
 Iteration CPU time: 8 s
 CFIE residual: 0.00097712

 Iseg, Irank, Idinc : 1, 4, 147
 Thata, Phi : 90.000000, 146.000000
 Maximun iteration: 300
 Number of recycle truncation: 30
 Final matrix dimension:  36708
 Residual error:0.001000
 0  6.569254e-01
 1  3.458975e-01
 2  2.093598e-01
 3  1.411598e-01
 4  1.002598e-01
 5  7.684920e-02
 6  5.941227e-02
 7  4.758440e-02
 8  3.960497e-02
 9  3.374404e-02
 10  2.902194e-02
 11  2.550925e-02
 12  2.276234e-02
 13  1.961993e-02
 14  1.687240e-02
 15  1.481965e-02
 16  1.297279e-02
 17  1.122786e-02
 18  1.018352e-02
 19  9.134496e-03
 20  8.456805e-03
 21  7.863181e-03
 22  7.393461e-03
 23  7.035642e-03
 24  6.721944e-03
 25  6.473008e-03
 26  6.153562e-03
 27  5.785695e-03
 28  5.280048e-03
 29  4.743646e-03
 30  4.131878e-03
 31  3.586465e-03
 32  3.029505e-03
 33  2.500930e-03
 34  1.964658e-03
 35  1.569664e-03
 36  1.234796e-03
 37  9.679543e-04
 Iteration CPU time: 8 s
 CFIE residual: 0.000967954

 Iseg, Irank, Idinc : 1, 5, 22
 Thata, Phi : 90.000000, 21.000000
 Maximun iteration: 300
 Number of recycle truncation: 30
 Final matrix dimension:  36708
 Residual error:0.001000
 0  6.337262e-01
 1  2.974147e-01
 2  1.763235e-01
 3  1.168055e-01
 4  8.106799e-02
 5  5.981533e-02
 6  4.525080e-02
 7  3.547716e-02
 8  2.797801e-02
 9  2.269768e-02
 10  1.881444e-02
 11  1.531578e-02
 12  1.243586e-02
 13  1.033328e-02
 14  8.733887e-03
 15  7.559578e-03
 16  6.604960e-03
 17  5.686723e-03
 18  4.959250e-03
 19  4.435087e-03
 20  4.086148e-03
 21  3.738266e-03
 22  3.526097e-03
 23  3.326601e-03
 24  3.161417e-03
 25  3.036566e-03
 26  2.892853e-03
 27  2.743833e-03
 28  2.558424e-03
 29  2.386478e-03
 30  2.183211e-03
 31  1.978382e-03
 32  1.738943e-03
 33  1.492660e-03
 34  1.230546e-03
 35  1.015711e-03
 36  8.298080e-04
 Iteration CPU time: 8 s
 CFIE residual: 0.000829808

 Iseg, Irank, Idinc : 1, 6, 137
 Thata, Phi : 90.000000, 136.000000
 Maximun iteration: 300
 Number of recycle truncation: 30
 Final matrix dimension:  36708
 Residual error:0.001000
 0  6.961484e-01
 1  3.484111e-01
 2  2.151775e-01
 3  1.471115e-01
 4  1.052974e-01
 5  7.903599e-02
 6  5.989008e-02
 7  4.767750e-02
 8  3.917074e-02
 9  3.288541e-02
 10  2.774463e-02
 11  2.334797e-02
 12  2.028912e-02
 13  1.731107e-02
 14  1.469479e-02
 15  1.294631e-02
 16  1.162333e-02
 17  1.050824e-02
 18  9.626254e-03
 19  8.969144e-03
 20  8.460493e-03
 21  8.028808e-03
 22  7.637163e-03
 23  7.248091e-03
 24  6.860935e-03
 25  6.426666e-03
 26  5.862578e-03
 27  5.333008e-03
 28  4.726170e-03
 29  4.205644e-03
 30  3.646783e-03
 31  3.125312e-03
 32  2.644005e-03
 33  2.210260e-03
 34  1.842614e-03
 35  1.508795e-03
 36  1.249710e-03
 37  1.015843e-03
 38  7.890829e-04
 Iteration CPU time: 9 s
 CFIE residual: 0.000789083

 Iseg, Irank, Idinc : 1, 7, 83
 Thata, Phi : 90.000000, 82.000000
 Maximun iteration: 300
 Number of recycle truncation: 30
 Final matrix dimension:  36708
 Residual error:0.001000
 0  6.053240e-01
 1  3.477206e-01
 2  2.220266e-01
 3  1.498118e-01
 4  1.083471e-01
 5  8.330489e-02
 6  6.428717e-02
 7  5.094080e-02
 8  4.142353e-02
 9  3.308277e-02
 10  2.726955e-02
 11  2.298341e-02
 12  1.966421e-02
 13  1.750911e-02
 14  1.595028e-02
 15  1.464415e-02
 16  1.361301e-02
 17  1.287190e-02
 18  1.232627e-02
 19  1.178558e-02
 20  1.121244e-02
 21  1.060944e-02
 22  9.943049e-03
 23  9.101413e-03
 24  8.103924e-03
 25  7.067476e-03
 26  6.060294e-03
 27  5.209269e-03
 28  4.441723e-03
 29  3.659990e-03
 30  3.085107e-03
 31  2.541879e-03
 32  2.110131e-03
 33  1.707463e-03
 34  1.368921e-03
 35  1.121393e-03
 36  9.085955e-04
 Iteration CPU time: 8 s
 CFIE residual: 0.000908595

 Iseg, Irank, Idinc : 1, 8, 72
 Thata, Phi : 90.000000, 71.000000
 Maximun iteration: 300
 Number of recycle truncation: 30
 Final matrix dimension:  36708
 Residual error:0.001000
 0  6.313846e-01
 1  3.631009e-01
 2  2.344865e-01
 3  1.478105e-01
 4  1.054310e-01
 5  8.304283e-02
 6  6.413707e-02
 7  5.012636e-02
 8  4.101796e-02
 9  3.417553e-02
 10  2.731849e-02
 11  2.260451e-02
 12  1.910760e-02
 13  1.694145e-02
 14  1.556505e-02
 15  1.439977e-02
 16  1.367479e-02
 17  1.299520e-02
 18  1.236169e-02
 19  1.165839e-02
 20  1.097326e-02
 21  1.026543e-02
 22  9.535279e-03
 23  8.600342e-03
 24  7.546348e-03
 25  6.327383e-03
 26  5.448258e-03
 27  4.596599e-03
 28  3.834954e-03
 29  3.202384e-03
 30  2.638139e-03
 31  2.159826e-03
 32  1.734455e-03
 33  1.440428e-03
 34  1.146485e-03
 35  9.266424e-04
 Iteration CPU time: 8 s
 CFIE residual: 0.000926642

 Iseg, Irank, Idinc : 1, 9, 125
 Thata, Phi : 90.000000, 124.000000
 Maximun iteration: 300
 Number of recycle truncation: 30
 Final matrix dimension:  36708
 Residual error:0.001000
 0  6.578199e-01
 1  3.406369e-01
 2  2.198269e-01
 3  1.547584e-01
 4  1.124974e-01
 5  8.175977e-02
 6  6.479994e-02
 7  5.160981e-02
 8  4.228858e-02
 9  3.421667e-02
 10  2.737382e-02
 11  2.179122e-02
 12  1.777069e-02
 13  1.455767e-02
 14  1.244178e-02
 15  1.090482e-02
 16  9.691719e-03
 17  8.868584e-03
 18  8.166097e-03
 19  7.682079e-03
 20  7.319835e-03
 21  7.005552e-03
 22  6.721705e-03
 23  6.390441e-03
 24  6.027224e-03
 25  5.599501e-03
 26  5.113523e-03
 27  4.636080e-03
 28  4.141288e-03
 29  3.698325e-03
 30  3.231170e-03
 31  2.800393e-03
 32  2.391351e-03
 33  2.057648e-03
 34  1.733068e-03
 35  1.444323e-03
 36  1.164238e-03
 37  9.220856e-04
 Iteration CPU time: 9 s
 CFIE residual: 0.000922086

 Iseg, Irank, Idinc : 1, 10, 159
 Thata, Phi : 90.000000, 158.000000
 Maximun iteration: 300
 Number of recycle truncation: 30
 Final matrix dimension:  36708
 Residual error:0.001000
 0  6.227690e-01
 1  3.144260e-01
 2  1.915395e-01
 3  1.298976e-01
 4  9.619621e-02
 5  7.708189e-02
 6  6.159520e-02
 7  5.064338e-02
 8  4.299493e-02
 9  3.711941e-02
 10  3.225506e-02
 11  2.855795e-02
 12  2.513702e-02
 13  2.147019e-02
 14  1.838096e-02
 15  1.614862e-02
 16  1.431537e-02
 17  1.243468e-02
 18  1.088012e-02
 19  9.512382e-03
 20  8.447666e-03
 21  7.614686e-03
 22  6.934645e-03
 23  6.428664e-03
 24  6.065971e-03
 25  5.792270e-03
 26  5.521868e-03
 27  5.260940e-03
 28  4.943071e-03
 29  4.567726e-03
 30  4.151352e-03
 31  3.579652e-03
 32  3.028345e-03
 33  2.525185e-03
 34  2.034668e-03
 35  1.611440e-03
 36  1.274289e-03
 37  9.914373e-04
 Iteration CPU time: 8 s
 CFIE residual: 0.000991437

 Iseg, Irank, Idinc : 1, 11, 53
 Thata, Phi : 90.000000, 52.000000
 Maximun iteration: 300
 Number of recycle truncation: 30
 Final matrix dimension:  36708
 Residual error:0.001000
 0  6.539132e-01
 1  3.452850e-01
 2  2.123008e-01
 3  1.352259e-01
 4  9.841931e-02
 5  7.526348e-02
 6  5.873655e-02
 7  4.518890e-02
 8  3.560355e-02
 9  2.903826e-02
 10  2.269368e-02
 11  1.806828e-02
 12  1.490585e-02
 13  1.259859e-02
 14  1.136178e-02
 15  1.046749e-02
 16  9.749067e-03
 17  9.287386e-03
 18  8.676765e-03
 19  8.164207e-03
 20  7.695428e-03
 21  7.082062e-03
 22  6.477075e-03
 23  5.825144e-03
 24  5.093819e-03
 25  4.263792e-03
 26  3.556101e-03
 27  2.944152e-03
 28  2.395971e-03
 29  1.912624e-03
 30  1.580489e-03
 31  1.310461e-03
 32  1.076731e-03
 33  8.697814e-04
 Iteration CPU time: 8 s
 CFIE residual: 0.000869781

 Iseg, Irank, Idinc : 1, 12, 33
 Thata, Phi : 90.000000, 32.000000
 Maximun iteration: 300
 Number of recycle truncation: 30
 Final matrix dimension:  36708
 Residual error:0.001000
 0  6.281716e-01
 1  3.121793e-01
 2  1.864329e-01
 3  1.171679e-01
 4  8.166099e-02
 5  5.963091e-02
 6  4.478479e-02
 7  3.423769e-02
 8  2.716971e-02
 9  2.178165e-02
 10  1.712288e-02
 11  1.414807e-02
 12  1.170480e-02
 13  9.821486e-03
 14  8.579005e-03
 15  7.379818e-03
 16  6.478223e-03
 17  5.800436e-03
 18  5.200808e-03
 19  4.840208e-03
 20  4.575142e-03
 21  4.348234e-03
 22  4.155454e-03
 23  3.993098e-03
 24  3.770068e-03
 25  3.533863e-03
 26  3.253013e-03
 27  2.918104e-03
 28  2.546344e-03
 29  2.150914e-03
 30  1.799922e-03
 31  1.524919e-03
 32  1.302181e-03
 33  1.086587e-03
 34  8.954262e-04
 Iteration CPU time: 7 s
 CFIE residual: 0.000895426

 Iseg, Irank, Idinc : 1, 13, 176
 Thata, Phi : 90.000000, 175.000000
 Maximun iteration: 300
 Number of recycle truncation: 30
 Final matrix dimension:  36708
 Residual error:0.001000
 0  5.910256e-01
 1  2.945835e-01
 2  1.824095e-01
 3  1.296716e-01
 4  1.002057e-01
 5  8.048173e-02
 6  6.627490e-02
 7  5.532426e-02
 8  4.614942e-02
 9  3.898739e-02
 10  3.259670e-02
 11  2.728913e-02
 12  2.270570e-02
 13  1.887826e-02
 14  1.629481e-02
 15  1.372030e-02
 16  1.179136e-02
 17  1.003460e-02
 18  8.545454e-03
 19  7.299714e-03
 20  6.363056e-03
 21  5.565302e-03
 22  4.955251e-03
 23  4.390760e-03
 24  3.976829e-03
 25  3.696758e-03
 26  3.444052e-03
 27  3.257727e-03
 28  3.077568e-03
 29  2.901631e-03
 30  2.749059e-03
 31  2.567337e-03
 32  2.386077e-03
 33  2.184079e-03
 34  1.962363e-03
 35  1.695872e-03
 36  1.457819e-03
 37  1.228341e-03
 38  9.873965e-04
 Iteration CPU time: 9 s
 CFIE residual: 0.000987396

 Iseg, Irank, Idinc : 1, 14, 91
 Thata, Phi : 90.000000, 90.000000
 Maximun iteration: 300
 Number of recycle truncation: 30
 Final matrix dimension:  36708
 Residual error:0.001000
 0  5.967273e-01
 1  3.435726e-01
 2  2.174111e-01
 3  1.492128e-01
 4  1.075563e-01
 5  8.204474e-02
 6  6.385386e-02
 7  4.995939e-02
 8  4.098641e-02
 9  3.337998e-02
 10  2.788232e-02
 11  2.326170e-02
 12  2.024233e-02
 13  1.783258e-02
 14  1.617782e-02
 15  1.475694e-02
 16  1.351764e-02
 17  1.265214e-02
 18  1.198996e-02
 19  1.143296e-02
 20  1.093297e-02
 21  1.038726e-02
 22  9.797890e-03
 23  9.066708e-03
 24  8.237532e-03
 25  7.487620e-03
 26  6.507815e-03
 27  5.589232e-03
 28  4.665887e-03
 29  3.954015e-03
 30  3.303595e-03
 31  2.767628e-03
 32  2.261617e-03
 33  1.844852e-03
 34  1.514865e-03
 35  1.202639e-03
 36  9.612373e-04
 Iteration CPU time: 8 s
 CFIE residual: 0.000961237

 Iseg, Irank, Idinc : 1, 15, 9
 Thata, Phi : 90.000000, 8.000000
 Maximun iteration: 300
 Number of recycle truncation: 30
 Final matrix dimension:  36708
 Residual error:0.001000
 0  5.478433e-01
 1  2.793305e-01
 2  1.781999e-01
 3  1.242318e-01
 4  9.064611e-02
 5  6.760988e-02
 6  5.143938e-02
 7  4.010380e-02
 8  3.146673e-02
 9  2.458100e-02
 10  1.967194e-02
 11  1.579971e-02
 12  1.282115e-02
 13  1.026543e-02
 14  8.559776e-03
 15  7.241062e-03
 16  6.132047e-03
 17  5.342073e-03
 18  4.631687e-03
 19  4.049161e-03
 20  3.553943e-03
 21  3.209997e-03
 22  2.882923e-03
 23  2.594625e-03
 24  2.411029e-03
 25  2.252723e-03
 26  2.087928e-03
 27  1.951689e-03
 28  1.842414e-03
 29  1.741164e-03
 30  1.661773e-03
 31  1.571907e-03
 32  1.464537e-03
 33  1.339476e-03
 34  1.200087e-03
 35  1.055939e-03
 36  8.922475e-04
 Iteration CPU time: 8 s
 CFIE residual: 0.000892247

 Iseg, Irank, Idinc : 1, 16, 100
 Thata, Phi : 90.000000, 99.000000
 Maximun iteration: 300
 Number of recycle truncation: 30
 Final matrix dimension:  36708
 Residual error:0.001000
 0  6.062823e-01
 1  3.416493e-01
 2  2.136870e-01
 3  1.452038e-01
 4  1.050151e-01
 5  7.972996e-02
 6  6.211538e-02
 7  4.918354e-02
 8  3.985561e-02
 9  3.308304e-02
 10  2.708857e-02
 11  2.306897e-02
 12  1.973236e-02
 13  1.734744e-02
 14  1.521287e-02
 15  1.356364e-02
 16  1.238895e-02
 17  1.151220e-02
 18  1.077702e-02
 19  1.013430e-02
 20  9.586590e-03
 21  9.193719e-03
 22  8.764202e-03
 23  8.284737e-03
 24  7.652528e-03
 25  7.025679e-03
 26  6.261062e-03
 27  5.436099e-03
 28  4.699295e-03
 29  3.938014e-03
 30  3.277968e-03
 31  2.747991e-03
 32  2.261076e-03
 33  1.827352e-03
 34  1.441916e-03
 35  1.182040e-03
 36  9.530268e-04
 Iteration CPU time: 8 s
 CFIE residual: 0.000953027

 Iseg, Irank, Idinc : 1, 17, 116
 Thata, Phi : 90.000000, 115.000000
 Maximun iteration: 300
 Number of recycle truncation: 30
 Final matrix dimension:  36708
 Residual error:0.001000
 0  6.426459e-01
 1  3.472310e-01
 2  2.160349e-01
 3  1.502726e-01
 4  1.076774e-01
 5  7.968222e-02
 6  6.197626e-02
 7  4.861358e-02
 8  3.849996e-02
 9  3.129800e-02
 10  2.555371e-02
 11  2.102623e-02
 12  1.763157e-02
 13  1.510357e-02
 14  1.301413e-02
 15  1.132694e-02
 16  1.026926e-02
 17  9.501261e-03
 18  8.777356e-03
 19  8.236982e-03
 20  7.868913e-03
 21  7.542844e-03
 22  7.252586e-03
 23  6.877079e-03
 24  6.503128e-03
 25  6.070424e-03
 26  5.533029e-03
 27  4.958470e-03
 28  4.386940e-03
 29  3.858317e-03
 30  3.351084e-03
 31  2.857948e-03
 32  2.294766e-03
 33  1.833857e-03
 34  1.474290e-03
 35  1.160508e-03
 36  9.232994e-04
 Iteration CPU time: 8 s
 CFIE residual: 0.000923299

 Iseg, Irank, Idinc : 1, 18, 1
 Thata, Phi : 90.000000, 0.000000
 Maximun iteration: 300
 Number of recycle truncation: 30
 Final matrix dimension:  36708
 Residual error:0.001000
 0  5.227258e-01
 1  2.741213e-01
 2  1.780164e-01
 3  1.211091e-01
 4  8.841588e-02
 5  6.686037e-02
 6  5.083958e-02
 7  3.854336e-02
 8  2.972423e-02
 9  2.375114e-02
 10  1.935966e-02
 11  1.530238e-02
 12  1.185276e-02
 13  9.929223e-03
 14  8.159091e-03
 15  6.829231e-03
 16  5.792655e-03
 17  5.005021e-03
 18  4.299736e-03
 19  3.729848e-03
 20  3.208458e-03
 21  2.790156e-03
 22  2.461734e-03
 23  2.175440e-03
 24  1.944238e-03
 25  1.728953e-03
 26  1.562237e-03
 27  1.439033e-03
 28  1.333191e-03
 29  1.257186e-03
 30  1.180292e-03
 31  1.096712e-03
 32  1.007153e-03
 33  8.918844e-04
 Iteration CPU time: 8 s
 CFIE residual: 0.000891884

 Iseg, Irank, Idinc : 1, 19, 168
 Thata, Phi : 90.000000, 167.000000
 Maximun iteration: 300
 Number of recycle truncation: 30
 Final matrix dimension:  36708
 Residual error:0.001000
 0  5.958573e-01
 1  2.976955e-01
 2  1.836889e-01
 3  1.306847e-01
 4  1.004270e-01
 5  8.080990e-02
 6  6.550763e-02
 7  5.497576e-02
 8  4.618043e-02
 9  3.906439e-02
 10  3.303603e-02
 11  2.915362e-02
 12  2.519384e-02
 13  2.144439e-02
 14  1.873608e-02
 15  1.626073e-02
 16  1.422839e-02
 17  1.216658e-02
 18  1.025084e-02
 19  8.815258e-03
 20  7.751188e-03
 21  6.748731e-03
 22  6.115142e-03
 23  5.533645e-03
 24  5.092344e-03
 25  4.743134e-03
 26  4.473396e-03
 27  4.237385e-03
 28  4.029808e-03
 29  3.815759e-03
 30  3.573688e-03
 31  3.284727e-03
 32  3.003327e-03
 33  2.660060e-03
 34  2.298444e-03
 35  1.943453e-03
 36  1.619740e-03
 37  1.296247e-03
 38  1.007962e-03
 39  8.065374e-04
 Iteration CPU time: 9 s
 CFIE residual: 0.000806537

 Iseg, Irank, Idinc : 1, 20, 16
 Thata, Phi : 90.000000, 15.000000
 Maximun iteration: 300
 Number of recycle truncation: 30
 Final matrix dimension:  36708
 Residual error:0.001000
 0  5.953177e-01
 1  2.881857e-01
 2  1.769306e-01
 3  1.214774e-01
 4  8.682119e-02
 5  6.447258e-02
 6  4.879684e-02
 7  3.876647e-02
 8  3.034012e-02
 9  2.403002e-02
 10  1.937083e-02
 11  1.544869e-02
 12  1.248142e-02
 13  1.026828e-02
 14  8.658698e-03
 15  7.294783e-03
 16  6.287746e-03
 17  5.401419e-03
 18  4.715624e-03
 19  4.205656e-03
 20  3.782659e-03
 21  3.425395e-03
 22  3.158748e-03
 23  2.907250e-03
 24  2.743864e-03
 25  2.607357e-03
 26  2.474013e-03
 27  2.356167e-03
 28  2.221143e-03
 29  2.101257e-03
 30  1.990664e-03
 31  1.855506e-03
 32  1.687344e-03
 33  1.500179e-03
 34  1.284261e-03
 35  1.076418e-03
 36  8.861585e-04
 Iteration CPU time: 8 s
 CFIE residual: 0.000886158

 Iseg, Irank, Idinc : 1, 21, 181
 Thata, Phi : 90.000000, 180.000000
 Maximun iteration: 300
 Number of recycle truncation: 30
 Final matrix dimension:  36708
 Residual error:0.001000
 0  5.908389e-01
 1  2.940876e-01
 2  1.816356e-01
 3  1.283681e-01
 4  9.842617e-02
 5  7.889008e-02
 6  6.513123e-02
 7  5.429032e-02
 8  4.519626e-02
 9  3.767558e-02
 10  3.074336e-02
 11  2.523301e-02
 12  2.084717e-02
 13  1.678131e-02
 14  1.424334e-02
 15  1.200801e-02
 16  9.945964e-03
 17  8.259836e-03
 18  7.038161e-03
 19  6.080030e-03
 20  5.203144e-03
 21  4.533599e-03
 22  3.998110e-03
 23  3.497919e-03
 24  3.168585e-03
 25  2.974695e-03
 26  2.796898e-03
 27  2.631985e-03
 28  2.468635e-03
 29  2.275878e-03
 30  2.081132e-03
 31  1.874463e-03
 32  1.665387e-03
 33  1.449332e-03
 34  1.181126e-03
 35  9.335656e-04
 Iteration CPU time: 7 s
 CFIE residual: 0.000933566

 Iseg, Irank, Idinc : 1, 22, 153
 Thata, Phi : 90.000000, 152.000000
 Maximun iteration: 300
 Number of recycle truncation: 30
 Final matrix dimension:  36708
 Residual error:0.001000
 0  6.368690e-01
 1  3.292393e-01
 2  2.018540e-01
 3  1.347414e-01
 4  9.774322e-02
 5  7.665806e-02
 6  6.007141e-02
 7  4.889363e-02
 8  4.032725e-02
 9  3.457024e-02
 10  3.004343e-02
 11  2.662929e-02
 12  2.331158e-02
 13  1.975950e-02
 14  1.724478e-02
 15  1.525666e-02
 16  1.347176e-02
 17  1.184173e-02
 18  1.039898e-02
 19  9.224264e-03
 20  8.384900e-03
 21  7.701142e-03
 22  7.087773e-03
 23  6.653459e-03
 24  6.308228e-03
 25  6.059366e-03
 26  5.786982e-03
 27  5.501152e-03
 28  5.115650e-03
 29  4.636890e-03
 30  4.088936e-03
 31  3.487669e-03
 32  2.973787e-03
 33  2.463364e-03
 34  1.918319e-03
 35  1.489055e-03
 36  1.156426e-03
 37  9.120602e-04
 Iteration CPU time: 8 s
 CFIE residual: 0.00091206

 Iseg, Irank, Idinc : 1, 23, 77
 Thata, Phi : 90.000000, 76.000000
 Maximun iteration: 300
 Number of recycle truncation: 30
 Final matrix dimension:  36708
 Residual error:0.001000
 0  6.135937e-01
 1  3.536703e-01
 2  2.280620e-01
 3  1.473491e-01
 4  1.044525e-01
 5  8.043848e-02
 6  6.196870e-02
 7  4.860113e-02
 8  3.970382e-02
 9  3.212344e-02
 10  2.678313e-02
 11  2.269155e-02
 12  1.935405e-02
 13  1.742854e-02
 14  1.575551e-02
 15  1.455159e-02
 16  1.378740e-02
 17  1.309817e-02
 18  1.251605e-02
 19  1.188059e-02
 20  1.122251e-02
 21  1.059324e-02
 22  9.926093e-03
 23  9.123829e-03
 24  8.069427e-03
 25  6.927821e-03
 26  6.060103e-03
 27  5.197516e-03
 28  4.396269e-03
 29  3.654197e-03
 30  3.024402e-03
 31  2.465182e-03
 32  2.014598e-03
 33  1.632591e-03
 34  1.307562e-03
 35  1.040846e-03
 36  8.290730e-04
 Iteration CPU time: 8 s
 CFIE residual: 0.000829073

 Iseg, Irank, Idinc : 1, 24, 131
 Thata, Phi : 90.000000, 130.000000
 Maximun iteration: 300
 Number of recycle truncation: 30
 Final matrix dimension:  36708
 Residual error:0.001000
 0  6.754613e-01
 1  3.478615e-01
 2  2.196330e-01
 3  1.492898e-01
 4  1.075264e-01
 5  7.959228e-02
 6  6.239083e-02
 7  4.970559e-02
 8  4.010104e-02
 9  3.326297e-02
 10  2.730821e-02
 11  2.259065e-02
 12  1.845994e-02
 13  1.526284e-02
 14  1.306481e-02
 15  1.138535e-02
 16  1.009753e-02
 17  9.215219e-03
 18  8.476329e-03
 19  7.958876e-03
 20  7.579473e-03
 21  7.239734e-03
 22  6.932014e-03
 23  6.596445e-03
 24  6.223904e-03
 25  5.756627e-03
 26  5.228125e-03
 27  4.709610e-03
 28  4.193630e-03
 29  3.658423e-03
 30  3.110827e-03
 31  2.661468e-03
 32  2.247301e-03
 33  1.910834e-03
 34  1.582381e-03
 35  1.311564e-03
 36  1.085927e-03
 37  8.739142e-04
 Iteration CPU time: 9 s
 CFIE residual: 0.000873914

 Iseg, Irank, Idinc : 1, 25, 48
 Thata, Phi : 90.000000, 47.000000
 Maximun iteration: 300
 Number of recycle truncation: 30
 Final matrix dimension:  36708
 Residual error:0.001000
 0  6.420071e-01
 1  3.324867e-01
 2  2.065890e-01
 3  1.347278e-01
 4  9.785991e-02
 5  7.424644e-02
 6  5.718980e-02
 7  4.389345e-02
 8  3.386213e-02
 9  2.684460e-02
 10  2.070880e-02
 11  1.654244e-02
 12  1.398128e-02
 13  1.184687e-02
 14  1.059005e-02
 15  9.715282e-03
 16  8.929220e-03
 17  8.415158e-03
 18  7.831708e-03
 19  7.403194e-03
 20  7.063977e-03
 21  6.586081e-03
 22  6.065365e-03
 23  5.490127e-03
 24  4.968526e-03
 25  4.242575e-03
 26  3.678599e-03
 27  3.119876e-03
 28  2.614779e-03
 29  2.147439e-03
 30  1.765101e-03
 31  1.463127e-03
 32  1.195797e-03
 33  9.727806e-04
 Iteration CPU time: 7 s
 CFIE residual: 0.000972781

 Iseg, Irank, Idinc : 1, 26, 5
 Thata, Phi : 90.000000, 4.000000
 Maximun iteration: 300
 Number of recycle truncation: 30
 Final matrix dimension:  36708
 Residual error:0.001000
 0  5.294911e-01
 1  2.756896e-01
 2  1.781642e-01
 3  1.226210e-01
 4  8.965049e-02
 5  6.721107e-02
 6  5.103952e-02
 7  3.915397e-02
 8  3.076298e-02
 9  2.428316e-02
 10  1.952731e-02
 11  1.558004e-02
 12  1.253793e-02
 13  1.035885e-02
 14  8.526812e-03
 15  7.142110e-03
 16  6.103140e-03
 17  5.265856e-03
 18  4.521236e-03
 19  3.962179e-03
 20  3.452924e-03
 21  3.061699e-03
 22  2.721669e-03
 23  2.410919e-03
 24  2.195732e-03
 25  2.012190e-03
 26  1.821834e-03
 27  1.667022e-03
 28  1.555948e-03
 29  1.464956e-03
 30  1.395707e-03
 31  1.319639e-03
 32  1.236305e-03
 33  1.137142e-03
 34  1.031970e-03
 35  9.079540e-04
 Iteration CPU time: 8 s
 CFIE residual: 0.000907954

 Iseg, Irank, Idinc : 1, 27, 96
 Thata, Phi : 90.000000, 95.000000
 Maximun iteration: 300
 Number of recycle truncation: 30
 Final matrix dimension:  36708
 Residual error:0.001000
 0  5.992579e-01
 1  3.413893e-01
 2  2.152011e-01
 3  1.454442e-01
 4  1.042303e-01
 5  8.008663e-02
 6  6.332522e-02
 7  4.963827e-02
 8  4.019854e-02
 9  3.275305e-02
 10  2.744227e-02
 11  2.325617e-02
 12  2.003218e-02
 13  1.761845e-02
 14  1.568986e-02
 15  1.410032e-02
 16  1.287131e-02
 17  1.209297e-02
 18  1.135302e-02
 19  1.076014e-02
 20  1.020976e-02
 21  9.815985e-03
 22  9.270506e-03
 23  8.673234e-03
 24  8.045873e-03
 25  7.330321e-03
 26  6.429084e-03
 27  5.501585e-03
 28  4.738456e-03
 29  3.983137e-03
 30  3.317004e-03
 31  2.786129e-03
 32  2.328574e-03
 33  1.856052e-03
 34  1.474367e-03
 35  1.168550e-03
 36  9.503979e-04
 Iteration CPU time: 8 s
 CFIE residual: 0.000950398

 Iseg, Irank, Idinc : 1, 28, 172
 Thata, Phi : 90.000000, 171.000000
 Maximun iteration: 300
 Number of recycle truncation: 30
 Final matrix dimension:  36708
 Residual error:0.001000
 0  5.920008e-01
 1  2.954543e-01
 2  1.833337e-01
 3  1.310130e-01
 4  1.013666e-01
 5  8.144936e-02
 6  6.674617e-02
 7  5.579872e-02
 8  4.661919e-02
 9  3.961394e-02
 10  3.385210e-02
 11  2.875464e-02
 12  2.430103e-02
 13  2.066716e-02
 14  1.791911e-02
 15  1.521626e-02
 16  1.324111e-02
 17  1.134598e-02
 18  9.613836e-03
 19  8.234504e-03
 20  7.188201e-03
 21  6.235878e-03
 22  5.609844e-03
 23  5.041067e-03
 24  4.603972e-03
 25  4.269623e-03
 26  3.996086e-03
 27  3.784090e-03
 28  3.590559e-03
 29  3.398988e-03
 30  3.210822e-03
 31  3.000621e-03
 32  2.773012e-03
 33  2.506887e-03
 34  2.219115e-03
 35  1.927583e-03
 36  1.634011e-03
 37  1.328042e-03
 38  1.057845e-03
 39  8.432246e-04
 Iteration CPU time: 8 s
 CFIE residual: 0.000843225

 Iseg, Irank, Idinc : 1, 29, 28
 Thata, Phi : 90.000000, 27.000000
 Maximun iteration: 300
 Number of recycle truncation: 30
 Final matrix dimension:  36708
 Residual error:0.001000
 0  6.427329e-01
 1  3.055131e-01
 2  1.804033e-01
 3  1.146552e-01
 4  7.916558e-02
 5  5.777770e-02
 6  4.302290e-02
 7  3.356008e-02
 8  2.707507e-02
 9  2.218888e-02
 10  1.786191e-02
 11  1.472862e-02
 12  1.196020e-02
 13  1.004600e-02
 14  8.690114e-03
 15  7.471814e-03
 16  6.486679e-03
 17  5.655169e-03
 18  5.005565e-03
 19  4.597162e-03
 20  4.328300e-03
 21  4.072432e-03
 22  3.883398e-03
 23  3.709272e-03
 24  3.528581e-03
 25  3.370480e-03
 26  3.154908e-03
 27  2.933479e-03
 28  2.667208e-03
 29  2.359477e-03
 30  2.055873e-03
 31  1.827128e-03
 32  1.579075e-03
 33  1.315894e-03
 34  1.087569e-03
 35  9.027752e-04
 Iteration CPU time: 8 s
 CFIE residual: 0.000902775

 Iseg, Irank, Idinc : 1, 30, 120
 Thata, Phi : 90.000000, 119.000000
 Maximun iteration: 300
 Number of recycle truncation: 30
 Final matrix dimension:  36708
 Residual error:0.001000
 0  6.477131e-01
 1  3.442236e-01
 2  2.158872e-01
 3  1.513150e-01
 4  1.089712e-01
 5  8.132358e-02
 6  6.362559e-02
 7  4.989501e-02
 8  4.019194e-02
 9  3.286814e-02
 10  2.668596e-02
 11  2.148570e-02
 12  1.764800e-02
 13  1.473188e-02
 14  1.275517e-02
 15  1.111977e-02
 16  1.016372e-02
 17  9.312280e-03
 18  8.557555e-03
 19  8.066549e-03
 20  7.675917e-03
 21  7.362820e-03
 22  7.064918e-03
 23  6.753009e-03
 24  6.375077e-03
 25  5.933275e-03
 26  5.423212e-03
 27  4.949177e-03
 28  4.405512e-03
 29  3.940112e-03
 30  3.492321e-03
 31  3.027090e-03
 32  2.511826e-03
 33  2.090740e-03
 34  1.682888e-03
 35  1.377799e-03
 36  1.104831e-03
 37  8.631965e-04
 Iteration CPU time: 9 s
 CFIE residual: 0.000863196

 Iseg, Irank, Idinc : 1, 31, 58
 Thata, Phi : 90.000000, 57.000000
 Maximun iteration: 300
 Number of recycle truncation: 30
 Final matrix dimension:  36708
 Residual error:0.001000
 0  6.584868e-01
 1  3.490716e-01
 2  2.123171e-01
 3  1.337226e-01
 4  9.745517e-02
 5  7.371491e-02
 6  5.701331e-02
 7  4.516819e-02
 8  3.578479e-02
 9  2.891621e-02
 10  2.285743e-02
 11  1.864091e-02
 12  1.575931e-02
 13  1.350181e-02
 14  1.224523e-02
 15  1.135796e-02
 16  1.072888e-02
 17  1.021827e-02
 18  9.712216e-03
 19  9.102664e-03
 20  8.493473e-03
 21  7.902413e-03
 22  7.178245e-03
 23  6.489335e-03
 24  5.551622e-03
 25  4.648580e-03
 26  3.845765e-03
 27  3.199760e-03
 28  2.626913e-03
 29  2.171404e-03
 30  1.774860e-03
 31  1.451949e-03
 32  1.155751e-03
 33  9.196850e-04
 Iteration CPU time: 7 s
 CFIE residual: 0.000919685

 Iseg, Irank, Idinc : 1, 32, 163
 Thata, Phi : 90.000000, 162.000000
 Maximun iteration: 300
 Number of recycle truncation: 30
 Final matrix dimension:  36708
 Residual error:0.001000
 0  6.087999e-01
 1  3.052480e-01
 2  1.860521e-01
 3  1.289646e-01
 4  9.697388e-02
 5  7.822276e-02
 6  6.266730e-02
 7  5.206437e-02
 8  4.407450e-02
 9  3.818996e-02
 10  3.284697e-02
 11  2.843779e-02
 12  2.486969e-02
 13  2.194592e-02
 14  1.905480e-02
 15  1.643021e-02
 16  1.435904e-02
 17  1.242169e-02
 18  1.070625e-02
 19  9.318904e-03
 20  8.213002e-03
 21  7.268747e-03
 22  6.605256e-03
 23  6.048478e-03
 24  5.650278e-03
 25  5.338178e-03
 26  5.080492e-03
 27  4.836319e-03
 28  4.573238e-03
 29  4.305292e-03
 30  3.973514e-03
 31  3.529735e-03
 32  3.093205e-03
 33  2.658969e-03
 34  2.224132e-03
 35  1.829982e-03
 36  1.464706e-03
 37  1.141997e-03
 38  8.893408e-04
 Iteration CPU time: 9 s
 CFIE residual: 0.000889341

 Iseg, Irank, Idinc : 1, 33, 3
 Thata, Phi : 90.000000, 2.000000
 Maximun iteration: 300
 Number of recycle truncation: 30
 Final matrix dimension:  36708
 Residual error:0.001000
 0  5.244690e-01
 1  2.745453e-01
 2  1.780703e-01
 3  1.215757e-01
 4  8.883428e-02
 5  6.698796e-02
 6  5.089968e-02
 7  3.869806e-02
 8  3.006934e-02
 9  2.394377e-02
 10  1.941136e-02
 11  1.537066e-02
 12  1.206869e-02
 13  1.025527e-02
 14  8.493068e-03
 15  7.043279e-03
 16  6.015482e-03
 17  5.163263e-03
 18  4.426301e-03
 19  3.857893e-03
 20  3.353617e-03
 21  2.952946e-03
 22  2.621371e-03
 23  2.318523e-03
 24  2.096239e-03
 25  1.897231e-03
 26  1.704756e-03
 27  1.546119e-03
 28  1.424747e-03
 29  1.338070e-03
 30  1.266327e-03
 31  1.186855e-03
 32  1.107626e-03
 33  1.007620e-03
 34  8.992606e-04
 Iteration CPU time: 8 s
 CFIE residual: 0.000899261

 Iseg, Irank, Idinc : 1, 34, 179
 Thata, Phi : 90.000000, 178.000000
 Maximun iteration: 300
 Number of recycle truncation: 30
 Final matrix dimension:  36708
 Residual error:0.001000
 0  5.908720e-01
 1  2.941801e-01
 2  1.817775e-01
 3  1.286173e-01
 4  9.882818e-02
 5  7.927609e-02
 6  6.540910e-02
 7  5.454691e-02
 8  4.543334e-02
 9  3.801910e-02
 10  3.118446e-02
 11  2.590176e-02
 12  2.146430e-02
 13  1.736822e-02
 14  1.506154e-02
 15  1.262237e-02
 16  1.068856e-02
 17  8.889152e-03
 18  7.526421e-03
 19  6.459358e-03
 20  5.612055e-03
 21  4.946654e-03
 22  4.399821e-03
 23  3.861252e-03
 24  3.494360e-03
 25  3.242037e-03
 26  3.011226e-03
 27  2.850928e-03
 28  2.682747e-03
 29  2.491485e-03
 30  2.329329e-03
 31  2.151158e-03
 32  1.973788e-03
 33  1.776682e-03
 34  1.563760e-03
 35  1.348881e-03
 36  1.143264e-03
 37  9.718656e-04
 Iteration CPU time: 8 s
 CFIE residual: 0.000971866

 Iseg, Irank, Idinc : 1, 35, 37
 Thata, Phi : 90.000000, 36.000000
 Maximun iteration: 300
 Number of recycle truncation: 30
 Final matrix dimension:  36708
 Residual error:0.001000
 0  6.231481e-01
 1  3.146869e-01
 2  1.924288e-01
 3  1.222054e-01
 4  8.468798e-02
 5  6.181139e-02
 6  4.721721e-02
 7  3.584665e-02
 8  2.792361e-02
 9  2.217020e-02
 10  1.707428e-02
 11  1.394926e-02
 12  1.165645e-02
 13  9.854590e-03
 14  8.692155e-03
 15  7.573128e-03
 16  6.703686e-03
 17  6.131600e-03
 18  5.555107e-03
 19  5.204413e-03
 20  4.941016e-03
 21  4.699679e-03
 22  4.485074e-03
 23  4.294751e-03
 24  4.003350e-03
 25  3.683076e-03
 26  3.347666e-03
 27  2.937297e-03
 28  2.516951e-03
 29  2.131824e-03
 30  1.785578e-03
 31  1.500980e-03
 32  1.267736e-03
 33  1.051117e-03
 34  8.776667e-04
 Iteration CPU time: 8 s
 CFIE residual: 0.000877667

 Iseg, Irank, Idinc : 1, 36, 142
 Thata, Phi : 90.000000, 141.000000
 Maximun iteration: 300
 Number of recycle truncation: 30
 Final matrix dimension:  36708
 Residual error:0.001000
 0  6.867315e-01
 1  3.495780e-01
 2  2.106546e-01
 3  1.436425e-01
 4  1.029192e-01
 5  7.725750e-02
 6  5.960088e-02
 7  4.693415e-02
 8  3.852811e-02
 9  3.280533e-02
 10  2.832778e-02
 11  2.435247e-02
 12  2.142747e-02
 13  1.850032e-02
 14  1.579355e-02
 15  1.403574e-02
 16  1.249969e-02
 17  1.110710e-02
 18  1.011975e-02
 19  9.262776e-03
 20  8.688742e-03
 21  8.185461e-03
 22  7.765811e-03
 23  7.378112e-03
 24  7.033322e-03
 25  6.667735e-03
 26  6.245142e-03
 27  5.768376e-03
 28  5.204763e-03
 29  4.650794e-03
 30  4.013349e-03
 31  3.433097e-03
 32  2.818118e-03
 33  2.312813e-03
 34  1.846712e-03
 35  1.479987e-03
 36  1.173787e-03
 37  9.295391e-04
 Iteration CPU time: 8 s
 CFIE residual: 0.000929539

 Iseg, Irank, Idinc : 1, 37, 87
 Thata, Phi : 90.000000, 86.000000
 Maximun iteration: 300
 Number of recycle truncation: 30
 Final matrix dimension:  36708
 Residual error:0.001000
 0  6.012241e-01
 1  3.454820e-01
 2  2.183050e-01
 3  1.492326e-01
 4  1.089020e-01
 5  8.343686e-02
 6  6.429715e-02
 7  5.048154e-02
 8  4.164462e-02
 9  3.390202e-02
 10  2.791976e-02
 11  2.346145e-02
 12  2.014604e-02
 13  1.780804e-02
 14  1.621677e-02
 15  1.479442e-02
 16  1.360947e-02
 17  1.277114e-02
 18  1.218255e-02
 19  1.167122e-02
 20  1.117867e-02
 21  1.060060e-02
 22  9.966593e-03
 23  9.185914e-03
 24  8.249434e-03
 25  7.395602e-03
 26  6.371044e-03
 27  5.461820e-03
 28  4.595938e-03
 29  3.855769e-03
 30  3.260905e-03
 31  2.694116e-03
 32  2.221152e-03
 33  1.807857e-03
 34  1.463237e-03
 35  1.167284e-03
 36  9.401252e-04
 Iteration CPU time: 8 s
 CFIE residual: 0.000940125

 Iseg, Irank, Idinc : 1, 38, 13
 Thata, Phi : 90.000000, 12.000000
 Maximun iteration: 300
 Number of recycle truncation: 30
 Final matrix dimension:  36708
 Residual error:0.001000
 0  5.736952e-01
 1  2.839702e-01
 2  1.776310e-01
 3  1.234295e-01
 4  8.949633e-02
 5  6.676217e-02
 6  5.049655e-02
 7  3.970939e-02
 8  3.116842e-02
 9  2.445019e-02
 10  1.949184e-02
 11  1.542988e-02
 12  1.251765e-02
 13  1.016903e-02
 14  8.509169e-03
 15  7.131059e-03
 16  6.090107e-03
 17  5.235851e-03
 18  4.600230e-03
 19  4.090336e-03
 20  3.609753e-03
 21  3.299071e-03
 22  3.029629e-03
 23  2.756335e-03
 24  2.587620e-03
 25  2.452402e-03
 26  2.308366e-03
 27  2.187329e-03
 28  2.066321e-03
 29  1.955181e-03
 30  1.856533e-03
 31  1.745850e-03
 32  1.608412e-03
 33  1.450731e-03
 34  1.272264e-03
 35  1.097293e-03
 36  9.096640e-04
 Iteration CPU time: 8 s
 CFIE residual: 0.000909664

 Iseg, Irank, Idinc : 1, 39, 68
 Thata, Phi : 90.000000, 67.000000
 Maximun iteration: 300
 Number of recycle truncation: 30
 Final matrix dimension:  36708
 Residual error:0.001000
 0  6.450558e-01
 1  3.671992e-01
 2  2.354507e-01
 3  1.502448e-01
 4  1.068721e-01
 5  8.359400e-02
 6  6.400637e-02
 7  5.033287e-02
 8  4.109296e-02
 9  3.368569e-02
 10  2.665397e-02
 11  2.216479e-02
 12  1.877081e-02
 13  1.640342e-02
 14  1.508302e-02
 15  1.403584e-02
 16  1.328748e-02
 17  1.265258e-02
 18  1.203124e-02
 19  1.132285e-02
 20  1.059654e-02
 21  9.851797e-03
 22  9.007685e-03
 23  8.027278e-03
 24  6.939668e-03
 25  5.779534e-03
 26  4.902011e-03
 27  4.113910e-03
 28  3.427145e-03
 29  2.861293e-03
 30  2.306631e-03
 31  1.876722e-03
 32  1.530431e-03
 33  1.260986e-03
 34  9.869304e-04
 Iteration CPU time: 8 s
 CFIE residual: 0.00098693

 Iseg, Irank, Idinc : 1, 40, 112
 Thata, Phi : 90.000000, 111.000000
 Maximun iteration: 300
 Number of recycle truncation: 30
 Final matrix dimension:  36708
 Residual error:0.001000
 0  6.304896e-01
 1  3.491449e-01
 2  2.177702e-01
 3  1.481687e-01
 4  1.053034e-01
 5  7.803379e-02
 6  6.063735e-02
 7  4.745969e-02
 8  3.813013e-02
 9  3.100558e-02
 10  2.493257e-02
 11  2.064755e-02
 12  1.742086e-02
 13  1.480543e-02
 14  1.294824e-02
 15  1.154917e-02
 16  1.045801e-02
 17  9.657261e-03
 18  8.916891e-03
 19  8.428675e-03
 20  8.027881e-03
 21  7.643803e-03
 22  7.309315e-03
 23  6.949689e-03
 24  6.591329e-03
 25  6.177731e-03
 26  5.659441e-03
 27  4.991493e-03
 28  4.397156e-03
 29  3.710479e-03
 30  3.139177e-03
 31  2.588986e-03
 32  2.073806e-03
 33  1.650476e-03
 34  1.287193e-03
 35  1.004452e-03
 36  7.984735e-04
 Iteration CPU time: 8 s
 CFIE residual: 0.000798474
 Last Built End in Sep 21 2025 00:06:12
 Total CPU time: 344 s
 Finished.
