 Last Built Begin in Sep 21 2025 00:06:12
 Pre-Type( Input ):           10
 Skl-Tol ( Input ):    1.0000000000000001E-005
 Wavelength in freespace: 0.0298211

 ################################################
 ##         Generating Required Mesh          ##
 ##         Waiting.....                      ##
 ################################################
 Subd No.      Subd Name
    1    Open-Duct_PRIME_model_meshAA1                                     
 isub,  nnode, npatch,  nedge:
    1      6118     12236     18354
 Scale Factor         >>   1.54999997E-02
 ################################################

 START TIME: 20250922   054342.121


 Informaton for IE geometry:
 number of subdomains     : 1
 maxnode,maxpatch,maxedge : 6118  12236  18354
 
 Index of Mat-Reg: 1
 Mat-Reg Number via MatFlg: 1
 Edge Number of Mat-Reg: 1, 18354

 Number of Edge on PEC: 18354
 Mat-Reg: No Dim(m) Lmax:
    1 0.240    5
 Totlmax, add1, add2:           5           6           7
 rlengmax of Global MLFMA >>   0.24043658031245416     
 Lmax of Global MLFMA >>            5
 Wavenum of Mat-Reg:
    1 1.000

 total area in sq m           =      0.0510
 total area in sq lambda      =     57.3149
 maxnode, maxpatch, maxedge           =     6118    12236    18354
 longest  edge in lambda              =      0.1565
 shortest edge in lambda              =      0.0074
 average  edge in lambda              =      0.1045
 largest  patch area in sq lambda     =      0.0083
 smallest patch area in sq lambda     =      0.0000
 ave    surface area in sq lambda     =      0.0047
 size range of the object in sq lambda =      7.6940

 #### MLFMA Info For Each Region ####
 Mat-Region =            1
 Array dimension parameters:
 maxrule=          14   maxgrid  =          64
 lmax   =           5   ncmax    =        1250
 lsmax  =          27   lsmin    =           7
 kpm    =        1462   kp0      =         102
 ntlm   =      217096   nsm      =      232158
 nkpm   =        2284   niplm    =      146176
 ngnearm=       14257   ngsndm   =       64634
 nearm  =         333   mfinestm =         119
 ###############################

 CFIE Alpha:  0.50000000000000000     

 Fill MLFMA FI for Mat-Reg:           1
 Begin filltl.f
 fill translation matrix
 Level:            2
 fill shifting matrix
 Level:            3
 fill shifting matrix
 Level:            4
 fill shifting matrix
 Level:            5
 fill shifting matrix
 translator time(s):  0.124000005    
 fill interpolation matrix
 ThetaOrder            8
 PhiOrder            8
 lsl            7
 Filling TL                  Delta_CPU=          0.55 Memory(MB)=        653.98
 Filling sndgrp              Delta_CPU=          0.00 Memory(MB)=        653.98
 Filling VFS                 Delta_CPU=          3.13 Memory(MB)=        653.98

 Fill MLFMA NI for Mat-Reg:           1
 Begin fill sparser part of Nearfield
 Begin fill denser part of Nearfield
 End fill
 Filling Amn                 Delta_CPU=         90.38 Memory(MB)=        653.98


 Now testing preconditioner with
 ipretype =           10
 method = cfie_solve_nfrasspspre_pardiso

  
 NBP>>Begin fill sparser part of Nearfield

116.5453% NBP>>Begin fill denser part of Nearfield

200.1041%
 Begin MLFMA Box-Matrix Based Spar-RAS Prec Constructor
 --- Intel MKL PARDISO --- 
 Memory for iGroup: 1 0 MB
 Total Memory For SparRAS Pre: 0 MB
 --- PARDISO PRECONDITIONER INITIALIZED --- 
 Constructing preconditioner CPU time: 4 s
 
 1101240
 Memory for Iteration:: 16.8036 MB

 Iseg, Ninc_S : 1, 181, 0

 Iseg, Skeleton Angles: 1, 40
 Iseg, Skel-Pk Mem(MB): 1, 314.35

 Iseg, Irank, Idinc : 1, 1, 42
 Thata, Phi : 90.000000, 41.000000
 Maximun iteration: 300
 Number of recycle truncation: 30
 Final matrix dimension:  36708
 Residual error:0.001000
 0  6.310414e-01
 1  3.154750e-01
 2  1.993518e-01
 3  1.283407e-01
 4  8.792836e-02
 5  6.482310e-02
 6  4.809888e-02
 7  3.700588e-02
 8  2.820018e-02
 9  2.106234e-02
 10  1.593671e-02
 11  1.250904e-02
 12  9.902973e-03
 13  8.032517e-03
 14  6.502178e-03
 15  5.060057e-03
 16  4.055072e-03
 17  3.320659e-03
 18  2.691492e-03
 19  2.216097e-03
 20  1.778847e-03
 21  1.440324e-03
 22  1.195044e-03
 23  1.020832e-03
 24  8.786517e-04
 Iteration CPU time: 6 s
 CFIE residual: 0.000878652

 Iseg, Irank, Idinc : 1, 2, 22
 Thata, Phi : 90.000000, 21.000000
 Maximun iteration: 300
 Number of recycle truncation: 30
 Final matrix dimension:  36708
 Residual error:0.001000
 0  6.235900e-01
 1  2.935574e-01
 2  1.702273e-01
 3  1.143443e-01
 4  7.973563e-02
 5  5.917859e-02
 6  4.508879e-02
 7  3.483209e-02
 8  2.791233e-02
 9  2.235757e-02
 10  1.776784e-02
 11  1.390109e-02
 12  1.132034e-02
 13  9.073395e-03
 14  7.722976e-03
 15  6.241014e-03
 16  5.069857e-03
 17  4.199897e-03
 18  3.498375e-03
 19  2.972951e-03
 20  2.449049e-03
 21  1.954884e-03
 22  1.579408e-03
 23  1.321685e-03
 24  1.107284e-03
 25  9.393385e-04
 Iteration CPU time: 6 s
 CFIE residual: 0.000939338

 Iseg, Irank, Idinc : 1, 3, 109
 Thata, Phi : 90.000000, 108.000000
 Maximun iteration: 300
 Number of recycle truncation: 30
 Final matrix dimension:  36708
 Residual error:0.001000
 0  6.244176e-01
 1  3.530423e-01
 2  2.202051e-01
 3  1.513399e-01
 4  1.059509e-01
 5  8.000208e-02
 6  6.125631e-02
 7  4.761996e-02
 8  3.843438e-02
 9  3.028330e-02
 10  2.366614e-02
 11  1.893811e-02
 12  1.559263e-02
 13  1.270093e-02
 14  1.037626e-02
 15  8.376701e-03
 16  6.878422e-03
 17  5.629483e-03
 18  4.501790e-03
 19  3.732148e-03
 20  3.070091e-03
 21  2.443410e-03
 22  1.974131e-03
 23  1.638899e-03
 24  1.344370e-03
 25  1.136174e-03
 26  9.709843e-04
 Iteration CPU time: 6 s
 CFIE residual: 0.000970984

 Iseg, Irank, Idinc : 1, 4, 64
 Thata, Phi : 90.000000, 63.000000
 Maximun iteration: 300
 Number of recycle truncation: 30
 Final matrix dimension:  36708
 Residual error:0.001000
 0  6.595414e-01
 1  3.587837e-01
 2  2.239688e-01
 3  1.439201e-01
 4  1.026301e-01
 5  7.859925e-02
 6  5.894703e-02
 7  4.610973e-02
 8  3.732655e-02
 9  2.914089e-02
 10  2.251275e-02
 11  1.722832e-02
 12  1.364523e-02
 13  1.085728e-02
 14  8.667973e-03
 15  6.982857e-03
 16  5.586712e-03
 17  4.651503e-03
 18  3.773936e-03
 19  3.099604e-03
 20  2.575062e-03
 21  2.179866e-03
 22  1.807458e-03
 23  1.591631e-03
 24  1.436317e-03
 25  1.325894e-03
 26  1.228513e-03
 27  1.169691e-03
 28  1.122527e-03
 29  1.086776e-03
 30  1.056342e-03
 31  1.025361e-03
 32  9.942913e-04
 Iteration CPU time: 7 s
 CFIE residual: 0.000994291

 Iseg, Irank, Idinc : 1, 5, 147
 Thata, Phi : 90.000000, 146.000000
 Maximun iteration: 300
 Number of recycle truncation: 30
 Final matrix dimension:  36708
 Residual error:0.001000
 0  6.540432e-01
 1  3.446715e-01
 2  2.099247e-01
 3  1.414063e-01
 4  1.025053e-01
 5  7.767157e-02
 6  6.124244e-02
 7  4.761304e-02
 8  3.966250e-02
 9  3.422329e-02
 10  2.886798e-02
 11  2.444473e-02
 12  2.041908e-02
 13  1.674630e-02
 14  1.371203e-02
 15  1.117996e-02
 16  9.147035e-03
 17  7.314751e-03
 18  5.936873e-03
 19  4.904789e-03
 20  3.845130e-03
 21  3.084727e-03
 22  2.510026e-03
 23  2.056507e-03
 24  1.674163e-03
 25  1.311591e-03
 26  1.034511e-03
 27  8.233782e-04
 Iteration CPU time: 7 s
 CFIE residual: 0.000823378

 Iseg, Irank, Idinc : 1, 6, 136
 Thata, Phi : 90.000000, 135.000000
 Maximun iteration: 300
 Number of recycle truncation: 30
 Final matrix dimension:  36708
 Residual error:0.001000
 0  6.989736e-01
 1  3.537444e-01
 2  2.207669e-01
 3  1.494852e-01
 4  1.085207e-01
 5  8.155286e-02
 6  6.198647e-02
 7  4.890295e-02
 8  3.896069e-02
 9  3.173070e-02
 10  2.588026e-02
 11  2.069408e-02
 12  1.692490e-02
 13  1.380682e-02
 14  1.102716e-02
 15  9.038154e-03
 16  7.262099e-03
 17  5.867450e-03
 18  4.812237e-03
 19  3.849487e-03
 20  3.167126e-03
 21  2.580277e-03
 22  2.156679e-03
 23  1.811394e-03
 24  1.530514e-03
 25  1.320934e-03
 26  1.121924e-03
 27  9.703210e-04
 Iteration CPU time: 6 s
 CFIE residual: 0.000970321

 Iseg, Irank, Idinc : 1, 7, 88
 Thata, Phi : 90.000000, 87.000000
 Maximun iteration: 300
 Number of recycle truncation: 30
 Final matrix dimension:  36708
 Residual error:0.001000
 0  6.105586e-01
 1  3.473988e-01
 2  2.224323e-01
 3  1.522781e-01
 4  1.096116e-01
 5  8.395607e-02
 6  6.441808e-02
 7  5.088957e-02
 8  4.139961e-02
 9  3.304236e-02
 10  2.590961e-02
 11  2.027641e-02
 12  1.684172e-02
 13  1.382437e-02
 14  1.120611e-02
 15  8.864564e-03
 16  7.152489e-03
 17  5.808909e-03
 18  4.754595e-03
 19  3.893600e-03
 20  3.306691e-03
 21  2.777086e-03
 22  2.403397e-03
 23  2.086062e-03
 24  1.849343e-03
 25  1.665011e-03
 26  1.519012e-03
 27  1.412897e-03
 28  1.348871e-03
 29  1.291709e-03
 30  1.250744e-03
 31  1.218920e-03
 32  1.189551e-03
 33  1.163665e-03
 34  1.131222e-03
 35  1.100535e-03
 36  1.061165e-03
 37  1.011538e-03
 38  9.478490e-04
 Iteration CPU time: 9 s
 CFIE residual: 0.000947849

 Iseg, Irank, Idinc : 1, 8, 74
 Thata, Phi : 90.000000, 73.000000
 Maximun iteration: 300
 Number of recycle truncation: 30
 Final matrix dimension:  36708
 Residual error:0.001000
 0  6.342146e-01
 1  3.624077e-01
 2  2.354579e-01
 3  1.475167e-01
 4  1.030238e-01
 5  7.871418e-02
 6  6.174557e-02
 7  4.712136e-02
 8  3.788358e-02
 9  3.013657e-02
 10  2.409147e-02
 11  1.921883e-02
 12  1.546529e-02
 13  1.242127e-02
 14  1.013150e-02
 15  8.173097e-03
 16  6.616563e-03
 17  5.494940e-03
 18  4.520162e-03
 19  3.836327e-03
 20  3.191547e-03
 21  2.673754e-03
 22  2.265947e-03
 23  1.961319e-03
 24  1.743752e-03
 25  1.603846e-03
 26  1.481848e-03
 27  1.395909e-03
 28  1.330903e-03
 29  1.290580e-03
 30  1.259066e-03
 31  1.232385e-03
 32  1.204121e-03
 33  1.174296e-03
 34  1.131886e-03
 35  1.088839e-03
 36  1.030804e-03
 37  9.582962e-04
 Iteration CPU time: 9 s
 CFIE residual: 0.000958296

 Iseg, Irank, Idinc : 1, 9, 159
 Thata, Phi : 90.000000, 158.000000
 Maximun iteration: 300
 Number of recycle truncation: 30
 Final matrix dimension:  36708
 Residual error:0.001000
 0  6.150837e-01
 1  3.137747e-01
 2  1.913141e-01
 3  1.293246e-01
 4  9.830395e-02
 5  7.784201e-02
 6  6.269181e-02
 7  5.091629e-02
 8  4.320862e-02
 9  3.690632e-02
 10  3.128959e-02
 11  2.626348e-02
 12  2.257514e-02
 13  1.877896e-02
 14  1.526083e-02
 15  1.261885e-02
 16  1.032608e-02
 17  8.454327e-03
 18  7.018008e-03
 19  5.542123e-03
 20  4.530184e-03
 21  3.642826e-03
 22  3.002063e-03
 23  2.410574e-03
 24  1.960391e-03
 25  1.558120e-03
 26  1.269583e-03
 27  1.016471e-03
 28  8.390526e-04
 Iteration CPU time: 6 s
 CFIE residual: 0.000839053

 Iseg, Irank, Idinc : 1, 10, 124
 Thata, Phi : 90.000000, 123.000000
 Maximun iteration: 300
 Number of recycle truncation: 30
 Final matrix dimension:  36708
 Residual error:0.001000
 0  6.538506e-01
 1  3.411884e-01
 2  2.232926e-01
 3  1.565319e-01
 4  1.120518e-01
 5  8.299948e-02
 6  6.508320e-02
 7  5.078514e-02
 8  3.946062e-02
 9  3.157018e-02
 10  2.475738e-02
 11  1.967573e-02
 12  1.546162e-02
 13  1.221643e-02
 14  9.887171e-03
 15  8.182362e-03
 16  6.853131e-03
 17  5.697181e-03
 18  4.571604e-03
 19  3.927395e-03
 20  3.278518e-03
 21  2.729525e-03
 22  2.315487e-03
 23  2.027490e-03
 24  1.734183e-03
 25  1.497061e-03
 26  1.288247e-03
 27  1.145232e-03
 28  1.035255e-03
 29  9.435873e-04
 Iteration CPU time: 6 s
 CFIE residual: 0.000943587

 Iseg, Irank, Idinc : 1, 11, 53
 Thata, Phi : 90.000000, 52.000000
 Maximun iteration: 300
 Number of recycle truncation: 30
 Final matrix dimension:  36708
 Residual error:0.001000
 0  6.522222e-01
 1  3.414277e-01
 2  2.093319e-01
 3  1.347707e-01
 4  9.623366e-02
 5  7.230303e-02
 6  5.530180e-02
 7  4.306251e-02
 8  3.282381e-02
 9  2.477096e-02
 10  1.910802e-02
 11  1.466832e-02
 12  1.147782e-02
 13  9.035459e-03
 14  7.443737e-03
 15  6.022057e-03
 16  4.801644e-03
 17  3.770913e-03
 18  2.967552e-03
 19  2.373409e-03
 20  1.951090e-03
 21  1.610694e-03
 22  1.351641e-03
 23  1.177281e-03
 24  1.066336e-03
 25  9.759633e-04
 Iteration CPU time: 6 s
 CFIE residual: 0.000975963

 Iseg, Irank, Idinc : 1, 12, 32
 Thata, Phi : 90.000000, 31.000000
 Maximun iteration: 300
 Number of recycle truncation: 30
 Final matrix dimension:  36708
 Residual error:0.001000
 0  6.336184e-01
 1  3.067581e-01
 2  1.812882e-01
 3  1.136337e-01
 4  7.994975e-02
 5  5.877140e-02
 6  4.282127e-02
 7  3.250202e-02
 8  2.572010e-02
 9  2.019538e-02
 10  1.612024e-02
 11  1.307535e-02
 12  1.054335e-02
 13  8.322465e-03
 14  6.886361e-03
 15  5.442660e-03
 16  4.467713e-03
 17  3.615417e-03
 18  3.012322e-03
 19  2.548818e-03
 20  2.110941e-03
 21  1.700016e-03
 22  1.401643e-03
 23  1.168491e-03
 24  9.854652e-04
 Iteration CPU time: 6 s
 CFIE residual: 0.000985465

 Iseg, Irank, Idinc : 1, 13, 10
 Thata, Phi : 90.000000, 9.000000
 Maximun iteration: 300
 Number of recycle truncation: 30
 Final matrix dimension:  36708
 Residual error:0.001000
 0  5.455670e-01
 1  2.769400e-01
 2  1.755253e-01
 3  1.238213e-01
 4  8.934824e-02
 5  6.667886e-02
 6  5.142930e-02
 7  3.971709e-02
 8  3.119609e-02
 9  2.440002e-02
 10  1.885159e-02
 11  1.498110e-02
 12  1.210394e-02
 13  9.901044e-03
 14  7.900769e-03
 15  6.211873e-03
 16  5.066401e-03
 17  4.255137e-03
 18  3.551422e-03
 19  3.053779e-03
 20  2.577833e-03
 21  2.157925e-03
 22  1.796777e-03
 23  1.522993e-03
 24  1.292729e-03
 25  1.096236e-03
 26  9.448323e-04
 Iteration CPU time: 6 s
 CFIE residual: 0.000944832

 Iseg, Irank, Idinc : 1, 14, 178
 Thata, Phi : 90.000000, 177.000000
 Maximun iteration: 300
 Number of recycle truncation: 30
 Final matrix dimension:  36708
 Residual error:0.001000
 0  5.749564e-01
 1  2.985614e-01
 2  1.881822e-01
 3  1.325164e-01
 4  1.029045e-01
 5  8.032012e-02
 6  6.431446e-02
 7  5.459046e-02
 8  4.492188e-02
 9  3.566345e-02
 10  2.845436e-02
 11  2.332068e-02
 12  1.894704e-02
 13  1.579907e-02
 14  1.263524e-02
 15  1.008122e-02
 16  8.119821e-03
 17  6.520279e-03
 18  5.291939e-03
 19  4.310340e-03
 20  3.549044e-03
 21  2.936488e-03
 22  2.422863e-03
 23  2.019613e-03
 24  1.704578e-03
 25  1.418659e-03
 26  1.144374e-03
 27  9.308787e-04
 Iteration CPU time: 7 s
 CFIE residual: 0.000930879

 Iseg, Irank, Idinc : 1, 15, 97
 Thata, Phi : 90.000000, 96.000000
 Maximun iteration: 300
 Number of recycle truncation: 30
 Final matrix dimension:  36708
 Residual error:0.001000
 0  6.082959e-01
 1  3.458418e-01
 2  2.178305e-01
 3  1.454461e-01
 4  1.042189e-01
 5  7.916153e-02
 6  6.135607e-02
 7  4.910291e-02
 8  3.869559e-02
 9  3.046751e-02
 10  2.484822e-02
 11  2.018180e-02
 12  1.644909e-02
 13  1.353633e-02
 14  1.091610e-02
 15  8.983720e-03
 16  7.419008e-03
 17  6.177876e-03
 18  5.031101e-03
 19  4.064265e-03
 20  3.307898e-03
 21  2.693467e-03
 22  2.253203e-03
 23  1.884767e-03
 24  1.655338e-03
 25  1.455645e-03
 26  1.310211e-03
 27  1.214740e-03
 28  1.146031e-03
 29  1.097017e-03
 30  1.052702e-03
 31  1.022415e-03
 32  9.976360e-04
 Iteration CPU time: 7 s
 CFIE residual: 0.000997636

 Iseg, Irank, Idinc : 1, 16, 81
 Thata, Phi : 90.000000, 80.000000
 Maximun iteration: 300
 Number of recycle truncation: 30
 Final matrix dimension:  36708
 Residual error:0.001000
 0  6.159187e-01
 1  3.518432e-01
 2  2.267495e-01
 3  1.489025e-01
 4  1.081164e-01
 5  8.250821e-02
 6  6.351713e-02
 7  4.995930e-02
 8  4.028128e-02
 9  3.211710e-02
 10  2.484300e-02
 11  1.907825e-02
 12  1.558107e-02
 13  1.272310e-02
 14  1.047159e-02
 15  8.472135e-03
 16  6.977574e-03
 17  5.712687e-03
 18  4.652588e-03
 19  3.837842e-03
 20  3.200560e-03
 21  2.700262e-03
 22  2.322128e-03
 23  2.056137e-03
 24  1.835461e-03
 25  1.679885e-03
 26  1.533448e-03
 27  1.444244e-03
 28  1.372928e-03
 29  1.323447e-03
 30  1.283253e-03
 31  1.251971e-03
 32  1.224078e-03
 33  1.194817e-03
 34  1.159625e-03
 35  1.117108e-03
 36  1.074688e-03
 37  1.023704e-03
 38  9.661202e-04
 Iteration CPU time: 9 s
 CFIE residual: 0.00096612

 Iseg, Irank, Idinc : 1, 17, 116
 Thata, Phi : 90.000000, 115.000000
 Maximun iteration: 300
 Number of recycle truncation: 30
 Final matrix dimension:  36708
 Residual error:0.001000
 0  6.445858e-01
 1  3.480565e-01
 2  2.175928e-01
 3  1.520938e-01
 4  1.086947e-01
 5  7.955887e-02
 6  6.120971e-02
 7  4.773883e-02
 8  3.828425e-02
 9  2.987692e-02
 10  2.355698e-02
 11  1.851323e-02
 12  1.479865e-02
 13  1.218162e-02
 14  9.789240e-03
 15  7.977646e-03
 16  6.610432e-03
 17  5.391346e-03
 18  4.343121e-03
 19  3.719617e-03
 20  3.048959e-03
 21  2.498089e-03
 22  2.084243e-03
 23  1.752941e-03
 24  1.440849e-03
 25  1.205799e-03
 26  1.045049e-03
 27  9.155131e-04
 Iteration CPU time: 6 s
 CFIE residual: 0.000915513

 Iseg, Irank, Idinc : 1, 18, 1
 Thata, Phi : 90.000000, 0.000000
 Maximun iteration: 300
 Number of recycle truncation: 30
 Final matrix dimension:  36708
 Residual error:0.001000
 0  5.155878e-01
 1  2.705395e-01
 2  1.755831e-01
 3  1.217487e-01
 4  8.626927e-02
 5  6.552267e-02
 6  5.131006e-02
 7  3.811492e-02
 8  2.890256e-02
 9  2.312118e-02
 10  1.814666e-02
 11  1.481227e-02
 12  1.143067e-02
 13  9.075280e-03
 14  7.241394e-03
 15  5.814146e-03
 16  4.752938e-03
 17  3.944280e-03
 18  3.289225e-03
 19  2.816948e-03
 20  2.404491e-03
 21  2.041776e-03
 22  1.721748e-03
 23  1.406238e-03
 24  1.106195e-03
 25  8.858203e-04
 Iteration CPU time: 6 s
 CFIE residual: 0.00088582

 Iseg, Irank, Idinc : 1, 19, 167
 Thata, Phi : 90.000000, 166.000000
 Maximun iteration: 300
 Number of recycle truncation: 30
 Final matrix dimension:  36708
 Residual error:0.001000
 0  5.874532e-01
 1  3.010978e-01
 2  1.870179e-01
 3  1.313529e-01
 4  1.024380e-01
 5  8.074835e-02
 6  6.606679e-02
 7  5.454717e-02
 8  4.536803e-02
 9  3.818092e-02
 10  3.245217e-02
 11  2.740802e-02
 12  2.328188e-02
 13  1.942389e-02
 14  1.629250e-02
 15  1.336857e-02
 16  1.091377e-02
 17  8.937511e-03
 18  7.308506e-03
 19  5.912220e-03
 20  4.765500e-03
 21  3.811640e-03
 22  3.145980e-03
 23  2.564327e-03
 24  2.084998e-03
 25  1.668543e-03
 26  1.345773e-03
 27  1.059456e-03
 28  8.622257e-04
 Iteration CPU time: 7 s
 CFIE residual: 0.000862226

 Iseg, Irank, Idinc : 1, 20, 103
 Thata, Phi : 90.000000, 102.000000
 Maximun iteration: 300
 Number of recycle truncation: 30
 Final matrix dimension:  36708
 Residual error:0.001000
 0  6.111505e-01
 1  3.478089e-01
 2  2.174255e-01
 3  1.483567e-01
 4  1.043422e-01
 5  7.860570e-02
 6  6.012959e-02
 7  4.734710e-02
 8  3.787280e-02
 9  3.073629e-02
 10  2.490329e-02
 11  2.012222e-02
 12  1.633728e-02
 13  1.340913e-02
 14  1.088447e-02
 15  8.826233e-03
 16  7.239627e-03
 17  5.951080e-03
 18  4.797210e-03
 19  3.922400e-03
 20  3.236991e-03
 21  2.613013e-03
 22  2.176133e-03
 23  1.799287e-03
 24  1.531232e-03
 25  1.325844e-03
 26  1.158215e-03
 27  1.051625e-03
 28  9.804610e-04
 Iteration CPU time: 7 s
 CFIE residual: 0.000980461

 Iseg, Irank, Idinc : 1, 21, 153
 Thata, Phi : 90.000000, 152.000000
 Maximun iteration: 300
 Number of recycle truncation: 30
 Final matrix dimension:  36708
 Residual error:0.001000
 0  6.336975e-01
 1  3.288477e-01
 2  2.021090e-01
 3  1.342412e-01
 4  9.957802e-02
 5  7.746763e-02
 6  6.108529e-02
 7  4.857020e-02
 8  4.078141e-02
 9  3.481326e-02
 10  2.948747e-02
 11  2.438954e-02
 12  2.087926e-02
 13  1.739463e-02
 14  1.407767e-02
 15  1.145707e-02
 16  9.347231e-03
 17  7.696374e-03
 18  6.365712e-03
 19  5.089419e-03
 20  4.124465e-03
 21  3.328604e-03
 22  2.728890e-03
 23  2.232016e-03
 24  1.815246e-03
 25  1.412656e-03
 26  1.163364e-03
 27  9.232061e-04
 Iteration CPU time: 6 s
 CFIE residual: 0.000923206

 Iseg, Irank, Idinc : 1, 22, 16
 Thata, Phi : 90.000000, 15.000000
 Maximun iteration: 300
 Number of recycle truncation: 30
 Final matrix dimension:  36708
 Residual error:0.001000
 0  5.850753e-01
 1  2.848585e-01
 2  1.740750e-01
 3  1.205422e-01
 4  8.548365e-02
 5  6.377484e-02
 6  5.019602e-02
 7  3.856021e-02
 8  3.020151e-02
 9  2.426115e-02
 10  1.936187e-02
 11  1.513714e-02
 12  1.187380e-02
 13  9.501678e-03
 14  7.878703e-03
 15  6.324996e-03
 16  5.173896e-03
 17  4.297642e-03
 18  3.589275e-03
 19  3.049703e-03
 20  2.512327e-03
 21  2.034117e-03
 22  1.676111e-03
 23  1.415214e-03
 24  1.196181e-03
 25  1.021674e-03
 26  8.759934e-04
 Iteration CPU time: 6 s
 CFIE residual: 0.000875993

 Iseg, Irank, Idinc : 1, 23, 173
 Thata, Phi : 90.000000, 172.000000
 Maximun iteration: 300
 Number of recycle truncation: 30
 Final matrix dimension:  36708
 Residual error:0.001000
 0  5.778810e-01
 1  2.987367e-01
 2  1.885264e-01
 3  1.332601e-01
 4  1.041941e-01
 5  8.201133e-02
 6  6.596869e-02
 7  5.583299e-02
 8  4.620750e-02
 9  3.771216e-02
 10  3.107851e-02
 11  2.631658e-02
 12  2.172434e-02
 13  1.847389e-02
 14  1.507532e-02
 15  1.253082e-02
 16  1.025955e-02
 17  8.220001e-03
 18  6.664281e-03
 19  5.347239e-03
 20  4.328550e-03
 21  3.526301e-03
 22  2.946802e-03
 23  2.477626e-03
 24  2.047021e-03
 25  1.657163e-03
 26  1.353617e-03
 27  1.087764e-03
 28  8.877365e-04
 Iteration CPU time: 7 s
 CFIE residual: 0.000887737

 Iseg, Irank, Idinc : 1, 24, 59
 Thata, Phi : 90.000000, 58.000000
 Maximun iteration: 300
 Number of recycle truncation: 30
 Final matrix dimension:  36708
 Residual error:0.001000
 0  6.612879e-01
 1  3.475277e-01
 2  2.142830e-01
 3  1.346212e-01
 4  9.601858e-02
 5  7.221000e-02
 6  5.494155e-02
 7  4.262624e-02
 8  3.378544e-02
 9  2.609682e-02
 10  1.997017e-02
 11  1.540035e-02
 12  1.204863e-02
 13  9.292667e-03
 14  7.458717e-03
 15  5.880635e-03
 16  4.785985e-03
 17  3.882290e-03
 18  3.121943e-03
 19  2.600922e-03
 20  2.228210e-03
 21  1.881745e-03
 22  1.579574e-03
 23  1.381537e-03
 24  1.239497e-03
 25  1.141816e-03
 26  1.055744e-03
 27  1.000844e-03
 28  9.620119e-04
 Iteration CPU time: 7 s
 CFIE residual: 0.000962012

 Iseg, Irank, Idinc : 1, 25, 5
 Thata, Phi : 90.000000, 4.000000
 Maximun iteration: 300
 Number of recycle truncation: 30
 Final matrix dimension:  36708
 Residual error:0.001000
 0  5.221781e-01
 1  2.720382e-01
 2  1.754635e-01
 3  1.224334e-01
 4  8.757545e-02
 5  6.619020e-02
 6  5.102592e-02
 7  3.817742e-02
 8  2.934361e-02
 9  2.365378e-02
 10  1.870165e-02
 11  1.497580e-02
 12  1.189748e-02
 13  9.724201e-03
 14  7.813533e-03
 15  6.222460e-03
 16  5.084974e-03
 17  4.254409e-03
 18  3.539281e-03
 19  3.040209e-03
 20  2.603506e-03
 21  2.233378e-03
 22  1.863009e-03
 23  1.559504e-03
 24  1.298007e-03
 25  1.073817e-03
 26  8.919417e-04
 Iteration CPU time: 6 s
 CFIE residual: 0.000891942

 Iseg, Irank, Idinc : 1, 26, 181
 Thata, Phi : 90.000000, 180.000000
 Maximun iteration: 300
 Number of recycle truncation: 30
 Final matrix dimension:  36708
 Residual error:0.001000
 0  5.744339e-01
 1  2.985389e-01
 2  1.880298e-01
 3  1.322277e-01
 4  1.023869e-01
 5  7.948435e-02
 6  6.361873e-02
 7  5.398220e-02
 8  4.436527e-02
 9  3.511815e-02
 10  2.767957e-02
 11  2.191011e-02
 12  1.817250e-02
 13  1.429678e-02
 14  1.156827e-02
 15  8.857886e-03
 16  6.846644e-03
 17  5.562039e-03
 18  4.564936e-03
 19  3.708145e-03
 20  3.072734e-03
 21  2.533889e-03
 22  2.090278e-03
 23  1.710283e-03
 24  1.425863e-03
 25  1.155791e-03
 26  9.346711e-04
 Iteration CPU time: 6 s
 CFIE residual: 0.000934671

 Iseg, Irank, Idinc : 1, 27, 130
 Thata, Phi : 90.000000, 129.000000
 Maximun iteration: 300
 Number of recycle truncation: 30
 Final matrix dimension:  36708
 Residual error:0.001000
 0  6.744385e-01
 1  3.523091e-01
 2  2.259671e-01
 3  1.543458e-01
 4  1.109316e-01
 5  8.333153e-02
 6  6.393347e-02
 7  5.004942e-02
 8  3.933132e-02
 9  3.188233e-02
 10  2.544059e-02
 11  1.987741e-02
 12  1.550276e-02
 13  1.266706e-02
 14  1.041875e-02
 15  8.414853e-03
 16  6.678828e-03
 17  5.373670e-03
 18  4.469414e-03
 19  3.694205e-03
 20  3.027188e-03
 21  2.500032e-03
 22  2.111932e-03
 23  1.795239e-03
 24  1.553402e-03
 25  1.365040e-03
 26  1.175228e-03
 27  1.043950e-03
 28  9.485234e-04
 Iteration CPU time: 7 s
 CFIE residual: 0.000948523

 Iseg, Irank, Idinc : 1, 28, 37
 Thata, Phi : 90.000000, 36.000000
 Maximun iteration: 300
 Number of recycle truncation: 30
 Final matrix dimension:  36708
 Residual error:0.001000
 0  6.243599e-01
 1  3.122653e-01
 2  1.920566e-01
 3  1.213860e-01
 4  8.327705e-02
 5  6.121116e-02
 6  4.447735e-02
 7  3.411074e-02
 8  2.650662e-02
 9  2.036388e-02
 10  1.581722e-02
 11  1.267198e-02
 12  1.019788e-02
 13  8.182549e-03
 14  6.641473e-03
 15  5.132752e-03
 16  4.208861e-03
 17  3.407149e-03
 18  2.785999e-03
 19  2.318140e-03
 20  1.902567e-03
 21  1.544147e-03
 22  1.276089e-03
 23  1.072072e-03
 24  9.129920e-04
 Iteration CPU time: 5 s
 CFIE residual: 0.000912992

 Iseg, Irank, Idinc : 1, 29, 69
 Thata, Phi : 90.000000, 68.000000
 Maximun iteration: 300
 Number of recycle truncation: 30
 Final matrix dimension:  36708
 Residual error:0.001000
 0  6.498009e-01
 1  3.660798e-01
 2  2.337649e-01
 3  1.496023e-01
 4  1.065658e-01
 5  8.179369e-02
 6  6.177098e-02
 7  4.871013e-02
 8  3.984282e-02
 9  3.111956e-02
 10  2.430254e-02
 11  1.887540e-02
 12  1.511502e-02
 13  1.211322e-02
 14  9.769751e-03
 15  7.814992e-03
 16  6.240728e-03
 17  5.236112e-03
 18  4.276391e-03
 19  3.549063e-03
 20  2.927112e-03
 21  2.459985e-03
 22  2.066919e-03
 23  1.812970e-03
 24  1.620306e-03
 25  1.499308e-03
 26  1.396190e-03
 27  1.319527e-03
 28  1.260440e-03
 29  1.222624e-03
 30  1.194766e-03
 31  1.167747e-03
 32  1.136648e-03
 33  1.106745e-03
 34  1.070287e-03
 35  1.024195e-03
 36  9.759430e-04
 Iteration CPU time: 8 s
 CFIE residual: 0.000975943

 Iseg, Irank, Idinc : 1, 30, 142
 Thata, Phi : 90.000000, 141.000000
 Maximun iteration: 300
 Number of recycle truncation: 30
 Final matrix dimension:  36708
 Residual error:0.001000
 0  6.831300e-01
 1  3.498229e-01
 2  2.120169e-01
 3  1.443544e-01
 4  1.056082e-01
 5  7.897149e-02
 6  6.129403e-02
 7  4.807527e-02
 8  3.944143e-02
 9  3.349357e-02
 10  2.771584e-02
 11  2.318121e-02
 12  1.962547e-02
 13  1.598034e-02
 14  1.305625e-02
 15  1.048530e-02
 16  8.441260e-03
 17  6.912209e-03
 18  5.646163e-03
 19  4.447084e-03
 20  3.508217e-03
 21  2.793022e-03
 22  2.294593e-03
 23  1.901398e-03
 24  1.564451e-03
 25  1.278325e-03
 26  1.033155e-03
 27  8.525721e-04
 Iteration CPU time: 6 s
 CFIE residual: 0.000852572

 Iseg, Irank, Idinc : 1, 31, 27
 Thata, Phi : 90.000000, 26.000000
 Maximun iteration: 300
 Number of recycle truncation: 30
 Final matrix dimension:  36708
 Residual error:0.001000
 0  6.395455e-01
 1  3.000434e-01
 2  1.719070e-01
 3  1.110343e-01
 4  7.737129e-02
 5  5.702978e-02
 6  4.206926e-02
 7  3.182286e-02
 8  2.571502e-02
 9  2.077802e-02
 10  1.685557e-02
 11  1.353428e-02
 12  1.109443e-02
 13  8.972142e-03
 14  7.418330e-03
 15  5.988085e-03
 16  4.886759e-03
 17  4.006926e-03
 18  3.383380e-03
 19  2.863891e-03
 20  2.360982e-03
 21  1.878107e-03
 22  1.521071e-03
 23  1.260937e-03
 24  1.057763e-03
 25  8.793217e-04
 Iteration CPU time: 6 s
 CFIE residual: 0.000879322

 Iseg, Irank, Idinc : 1, 32, 92
 Thata, Phi : 90.000000, 91.000000
 Maximun iteration: 300
 Number of recycle truncation: 30
 Final matrix dimension:  36708
 Residual error:0.001000
 0  6.078268e-01
 1  3.474518e-01
 2  2.206720e-01
 3  1.491948e-01
 4  1.062331e-01
 5  8.211160e-02
 6  6.372893e-02
 7  5.030460e-02
 8  4.075837e-02
 9  3.256474e-02
 10  2.582184e-02
 11  2.035129e-02
 12  1.701908e-02
 13  1.419856e-02
 14  1.169463e-02
 15  9.321260e-03
 16  7.546359e-03
 17  6.077493e-03
 18  4.973971e-03
 19  4.044831e-03
 20  3.376837e-03
 21  2.820339e-03
 22  2.401124e-03
 23  2.055780e-03
 24  1.831668e-03
 25  1.620225e-03
 26  1.460483e-03
 27  1.360724e-03
 28  1.293570e-03
 29  1.242074e-03
 30  1.192271e-03
 31  1.160095e-03
 32  1.130001e-03
 33  1.101666e-03
 34  1.074633e-03
 35  1.048537e-03
 36  1.012278e-03
 37  9.754002e-04
 Iteration CPU time: 9 s
 CFIE residual: 0.0009754

 Iseg, Irank, Idinc : 1, 33, 163
 Thata, Phi : 90.000000, 162.000000
 Maximun iteration: 300
 Number of recycle truncation: 30
 Final matrix dimension:  36708
 Residual error:0.001000
 0  5.999626e-01
 1  3.060956e-01
 2  1.870428e-01
 3  1.292868e-01
 4  9.974625e-02
 5  7.916931e-02
 6  6.480749e-02
 7  5.254527e-02
 8  4.421483e-02
 9  3.801936e-02
 10  3.251665e-02
 11  2.731376e-02
 12  2.316065e-02
 13  1.935491e-02
 14  1.628517e-02
 15  1.332429e-02
 16  1.086790e-02
 17  8.839887e-03
 18  7.248228e-03
 19  5.837793e-03
 20  4.709049e-03
 21  3.772195e-03
 22  3.077264e-03
 23  2.480094e-03
 24  2.043273e-03
 25  1.624159e-03
 26  1.318888e-03
 27  1.041314e-03
 28  8.587783e-04
 Iteration CPU time: 6 s
 CFIE residual: 0.000858778

 Iseg, Irank, Idinc : 1, 34, 3
 Thata, Phi : 90.000000, 2.000000
 Maximun iteration: 300
 Number of recycle truncation: 30
 Final matrix dimension:  36708
 Residual error:0.001000
 0  5.172803e-01
 1  2.709346e-01
 2  1.755485e-01
 3  1.219316e-01
 4  8.664578e-02
 5  6.574216e-02
 6  5.119942e-02
 7  3.806708e-02
 8  2.889056e-02
 9  2.325147e-02
 10  1.844976e-02
 11  1.492283e-02
 12  1.166311e-02
 13  9.399968e-03
 14  7.544921e-03
 15  6.100465e-03
 16  5.011136e-03
 17  4.180904e-03
 18  3.482704e-03
 19  2.980015e-03
 20  2.562282e-03
 21  2.201881e-03
 22  1.846157e-03
 23  1.539256e-03
 24  1.270671e-03
 25  1.039545e-03
 26  8.468964e-04
 Iteration CPU time: 6 s
 CFIE residual: 0.000846896

 Iseg, Irank, Idinc : 1, 35, 48
 Thata, Phi : 90.000000, 47.000000
 Maximun iteration: 300
 Number of recycle truncation: 30
 Final matrix dimension:  36708
 Residual error:0.001000
 0  6.405757e-01
 1  3.300110e-01
 2  2.045268e-01
 3  1.339582e-01
 4  9.547700e-02
 5  7.268362e-02
 6  5.442775e-02
 7  4.170349e-02
 8  3.206985e-02
 9  2.438554e-02
 10  1.840867e-02
 11  1.411530e-02
 12  1.098906e-02
 13  8.788342e-03
 14  7.272194e-03
 15  5.819178e-03
 16  4.541989e-03
 17  3.658293e-03
 18  2.881172e-03
 19  2.302895e-03
 20  1.862886e-03
 21  1.535886e-03
 22  1.284661e-03
 23  1.108256e-03
 24  9.824633e-04
 Iteration CPU time: 5 s
 CFIE residual: 0.000982463

 Iseg, Irank, Idinc : 1, 36, 180
 Thata, Phi : 90.000000, 179.000000
 Maximun iteration: 300
 Number of recycle truncation: 30
 Final matrix dimension:  36708
 Residual error:0.001000
 0  5.745032e-01
 1  2.985439e-01
 2  1.880489e-01
 3  1.322657e-01
 4  1.024580e-01
 5  7.960511e-02
 6  6.372587e-02
 7  5.408436e-02
 8  4.445825e-02
 9  3.518972e-02
 10  2.778802e-02
 11  2.214949e-02
 12  1.828234e-02
 13  1.468637e-02
 14  1.182836e-02
 15  9.146763e-03
 16  7.192468e-03
 17  5.768055e-03
 18  4.718614e-03
 19  3.865294e-03
 20  3.214181e-03
 21  2.655590e-03
 22  2.177658e-03
 23  1.780470e-03
 24  1.484051e-03
 25  1.231818e-03
 26  9.903513e-04
 Iteration CPU time: 7 s
 CFIE residual: 0.000990351

 Iseg, Irank, Idinc : 1, 37, 120
 Thata, Phi : 90.000000, 119.000000
 Maximun iteration: 300
 Number of recycle truncation: 30
 Final matrix dimension:  36708
 Residual error:0.001000
 0  6.480648e-01
 1  3.434410e-01
 2  2.192693e-01
 3  1.532643e-01
 4  1.091632e-01
 5  8.084683e-02
 6  6.359866e-02
 7  4.938409e-02
 8  3.881468e-02
 9  3.045933e-02
 10  2.454149e-02
 11  1.941787e-02
 12  1.535612e-02
 13  1.232430e-02
 14  1.014922e-02
 15  8.189159e-03
 16  6.868258e-03
 17  5.632354e-03
 18  4.545017e-03
 19  3.858477e-03
 20  3.164578e-03
 21  2.617978e-03
 22  2.179604e-03
 23  1.888362e-03
 24  1.579896e-03
 25  1.351936e-03
 26  1.155068e-03
 27  1.025164e-03
 28  9.224079e-04
 Iteration CPU time: 6 s
 CFIE residual: 0.000922408

 Iseg, Irank, Idinc : 1, 38, 13
 Thata, Phi : 90.000000, 12.000000
 Maximun iteration: 300
 Number of recycle truncation: 30
 Final matrix dimension:  36708
 Residual error:0.001000
 0  5.644726e-01
 1  2.806978e-01
 2  1.752680e-01
 3  1.230062e-01
 4  8.827822e-02
 5  6.577636e-02
 6  5.137028e-02
 7  3.948550e-02
 8  3.099056e-02
 9  2.462942e-02
 10  1.926912e-02
 11  1.506876e-02
 12  1.190284e-02
 13  9.665775e-03
 14  7.899069e-03
 15  6.297283e-03
 16  5.112441e-03
 17  4.264990e-03
 18  3.578997e-03
 19  3.059725e-03
 20  2.545790e-03
 21  2.091982e-03
 22  1.735230e-03
 23  1.470322e-03
 24  1.248496e-03
 25  1.065683e-03
 26  9.166857e-04
 Iteration CPU time: 6 s
 CFIE residual: 0.000916686

 Iseg, Irank, Idinc : 1, 39, 78
 Thata, Phi : 90.000000, 77.000000
 Maximun iteration: 300
 Number of recycle truncation: 30
 Final matrix dimension:  36708
 Residual error:0.001000
 0  6.217498e-01
 1  3.562843e-01
 2  2.309333e-01
 3  1.472718e-01
 4  1.049705e-01
 5  7.941689e-02
 6  6.209147e-02
 7  4.843969e-02
 8  3.801840e-02
 9  3.101823e-02
 10  2.445246e-02
 11  1.892963e-02
 12  1.521699e-02
 13  1.252212e-02
 14  1.033686e-02
 15  8.458748e-03
 16  6.979430e-03
 17  5.626910e-03
 18  4.653124e-03
 19  3.938824e-03
 20  3.276026e-03
 21  2.762467e-03
 22  2.365516e-03
 23  2.043012e-03
 24  1.819748e-03
 25  1.669278e-03
 26  1.525883e-03
 27  1.438313e-03
 28  1.364943e-03
 29  1.316348e-03
 30  1.280698e-03
 31  1.250401e-03
 32  1.223920e-03
 33  1.194546e-03
 34  1.154201e-03
 35  1.110365e-03
 36  1.062172e-03
 37  1.006978e-03
 38  9.397520e-04
 Iteration CPU time: 8 s
 CFIE residual: 0.000939752

 Iseg, Irank, Idinc : 1, 40, 170
 Thata, Phi : 90.000000, 169.000000
 Maximun iteration: 300
 Number of recycle truncation: 30
 Final matrix dimension:  36708
 Residual error:0.001000
 0  5.814374e-01
 1  2.993513e-01
 2  1.880288e-01
 3  1.327983e-01
 4  1.039063e-01
 5  8.184748e-02
 6  6.635679e-02
 7  5.571817e-02
 8  4.628358e-02
 9  3.844557e-02
 10  3.203053e-02
 11  2.710573e-02
 12  2.291616e-02
 13  1.935474e-02
 14  1.589451e-02
 15  1.310386e-02
 16  1.083997e-02
 17  8.727812e-03
 18  7.070883e-03
 19  5.720826e-03
 20  4.609552e-03
 21  3.730070e-03
 22  3.108819e-03
 23  2.577488e-03
 24  2.101881e-03
 25  1.684519e-03
 26  1.368431e-03
 27  1.086486e-03
 28  8.825720e-04
 Iteration CPU time: 7 s
 CFIE residual: 0.000882572
 Last Built End in Sep 21 2025 00:06:12
 Total CPU time: 285 s
 Finished.
