 Last Built Begin in Sep 21 2025 00:06:12
 Pre-Type( Input ):            8
 Skl-Tol ( Input ):    1.0000000000000000E-002
 Wavelength in freespace: 0.353031

 ################################################
 ##         Generating Required Mesh          ##
 ##         Waiting.....                      ##
 ################################################
 Subd No.      Subd Name
    1    sphere1                                                           
 isub,  nnode, npatch,  nedge:
    1       604      1204      1806
 Scale Factor         >>   9.99999978E-03
 ################################################

 START TIME: 20250922   002703.084


 Informaton for IE geometry:
 number of subdomains     : 1
 maxnode,maxpatch,maxedge : 604  1204  1806
 
 Index of Mat-Reg: 1
 Mat-Reg Number via MatFlg: 1
 Edge Number of Mat-Reg: 1, 1806

 Number of Edge on PEC: 0
 Mat-Reg: No Dim(m) Lmax:
    1 0.283    1
 Totlmax, add1, add2:           1           2           3
 rlengmax of Global MLFMA >>   0.28326098311764442     
 Lmax of Global MLFMA >>            1
 Wavenum of Mat-Reg:
    1 1.000

 total area in sq m           =      0.1254
 total area in sq lambda      =      1.0058
 maxnode, maxpatch, maxedge           =      604     1204     1806
 longest  edge in lambda              =      0.0617
 shortest edge in lambda              =      0.0269
 average  edge in lambda              =      0.0440
 largest  patch area in sq lambda     =      0.0014
 smallest patch area in sq lambda     =      0.0004
 ave    surface area in sq lambda     =      0.0008
 size range of the object in sq lambda =      0.5665

 #### MLFMA Info For Each Region ####
 Mat-Region =            1
 Array dimension parameters:
 maxrule=          14   maxgrid  =          64
 lmax   =           1   ncmax    =           9
 lsmax  =           1   lsmin    =           1
 kpm    =           1   kp0      =           1
 ntlm   =           1   nsm      =           1
 nkpm   =           1   niplm    =          16
 ngnearm=          64   ngsndm   =           1
 nearm  =        1807   mfinestm =         244
 ###############################

 CFIE Alpha:  0.50000000000000000     

 Fill MLFMA NI for Mat-Reg:           1
 Begin fill sparser part of Nearfield
 Begin fill denser part of Nearfield
 End fill
 Filling Amn                 Delta_CPU=         42.61 Memory(MB)=        200.07


 Now testing preconditioner with
 ipretype =            8
 method = cfie_solve_nfpre_pardiso

  
 NBP>>Begin fill sparser part of Nearfield
 NBP>>Begin fill denser part of Nearfield

212.5000%
225.0000%
237.5000%
250.0000%
262.5000%
275.0000%
287.5000%
300.0000%
 Begin MLFMA Box-Matrix Based Prec Constructor
 --- Intel MKL PARDISO --- 
  >> Solver Initialized
  >> Proceed to ngrp_box loop
  >> Loop 0 Initialized
 Memory for iGRP: 1 0 MB
 Total Memory For NFB Pre: 0 MB
 --- PARDISO PRECONDITIONER INITIALIZED --- 
 Constructing preconditioner CPU time: 1 s
 
 108360
 Memory for Iteration:: 1.65344 MB

 Iseg, Ninc_S : 1, 181, 0

 Iseg, Skeleton Angles: 1, 8
 Iseg, Skel-Pk Mem(MB): 1, 30.96

 Iseg, Irank, Idinc : 1, 1, 125
 Thata, Phi : 90.000000, 124.000000
 Maximun iteration: 300
 Number of recycle truncation: 30
 Final matrix dimension:  3612
 Residual error:0.010000
 0  1.660382e-01
 1  7.390061e-02
 2  2.492724e-02
 3  1.031969e-02
 4  4.283920e-03
 Iteration CPU time: 0 s
 CFIE residual: 0.00428392

 Iseg, Irank, Idinc : 1, 2, 40
 Thata, Phi : 90.000000, 39.000000
 Maximun iteration: 300
 Number of recycle truncation: 30
 Final matrix dimension:  3612
 Residual error:0.010000
 0  1.676179e-01
 1  7.604660e-02
 2  2.738138e-02
 3  1.160741e-02
 4  4.717124e-03
 Iteration CPU time: 0 s
 CFIE residual: 0.00471712

 Iseg, Irank, Idinc : 1, 3, 1
 Thata, Phi : 90.000000, 0.000000
 Maximun iteration: 300
 Number of recycle truncation: 30
 Final matrix dimension:  3612
 Residual error:0.010000
 0  1.800256e-01
 1  7.934859e-02
 2  2.645711e-02
 3  1.069096e-02
 4  4.334997e-03
 Iteration CPU time: 0 s
 CFIE residual: 0.004335

 Iseg, Irank, Idinc : 1, 4, 181
 Thata, Phi : 90.000000, 180.000000
 Maximun iteration: 300
 Number of recycle truncation: 30
 Final matrix dimension:  3612
 Residual error:0.010000
 0  1.785646e-01
 1  7.879912e-02
 2  2.636857e-02
 3  1.023429e-02
 4  4.164564e-03
 Iteration CPU time: 0 s
 CFIE residual: 0.00416456

 Iseg, Irank, Idinc : 1, 5, 83
 Thata, Phi : 90.000000, 82.000000
 Maximun iteration: 300
 Number of recycle truncation: 30
 Final matrix dimension:  3612
 Residual error:0.010000
 0  1.763393e-01
 1  7.937835e-02
 2  2.667037e-02
 3  1.065411e-02
 4  4.232935e-03
 Iteration CPU time: 0 s
 CFIE residual: 0.00423293

 Iseg, Irank, Idinc : 1, 6, 157
 Thata, Phi : 90.000000, 156.000000
 Maximun iteration: 300
 Number of recycle truncation: 30
 Final matrix dimension:  3612
 Residual error:0.010000
 0  1.712962e-01
 1  7.612929e-02
 2  2.598409e-02
 3  1.034547e-02
 4  4.288709e-03
 Iteration CPU time: 0 s
 CFIE residual: 0.00428871

 Iseg, Irank, Idinc : 1, 7, 19
 Thata, Phi : 90.000000, 18.000000
 Maximun iteration: 300
 Number of recycle truncation: 30
 Final matrix dimension:  3612
 Residual error:0.010000
 0  1.752334e-01
 1  7.821540e-02
 2  2.679822e-02
 3  1.108779e-02
 4  4.509242e-03
 Iteration CPU time: 0 s
 CFIE residual: 0.00450924

 Iseg, Irank, Idinc : 1, 8, 104
 Thata, Phi : 90.000000, 103.000000
 Maximun iteration: 300
 Number of recycle truncation: 30
 Final matrix dimension:  3612
 Residual error:0.010000
 0  1.740549e-01
 1  7.785564e-02
 2  2.576593e-02
 3  1.039817e-02
 4  4.205957e-03
 Iteration CPU time: 0 s
 CFIE residual: 0.00420596
 Last Built End in Sep 21 2025 00:06:12
 Total CPU time: 6 s
 Finished.
