 Last Built Begin in Sep 21 2025 00:06:12
 Pre-Type( Input ):            8
 Skl-Tol ( Input ):    1.0000000000000000E-002
 Wavelength in freespace: 0.362903

 ################################################
 ##         Generating Required Mesh          ##
 ##         Waiting.....                      ##
 ################################################
 Subd No.      Subd Name
    1    sphere1                                                           
 isub,  nnode, npatch,  nedge:
    1       604      1204      1806
 Scale Factor         >>   9.99999978E-03
 ################################################

 START TIME: 20250922   002901.819


 Informaton for IE geometry:
 number of subdomains     : 1
 maxnode,maxpatch,maxedge : 604  1204  1806
 
 Index of Mat-Reg: 1
 Mat-Reg Number via MatFlg: 1
 Edge Number of Mat-Reg: 1, 1806

 Number of Edge on PEC: 0
 Mat-Reg: No Dim(m) Lmax:
    1 0.276    1
 Totlmax, add1, add2:           1           2           3
 rlengmax of Global MLFMA >>   0.27555565024354894     
 Lmax of Global MLFMA >>            1
 Wavenum of Mat-Reg:
    1 1.000

 total area in sq m           =      0.1254
 total area in sq lambda      =      0.9518
 maxnode, maxpatch, maxedge           =      604     1204     1806
 longest  edge in lambda              =      0.0600
 shortest edge in lambda              =      0.0262
 average  edge in lambda              =      0.0428
 largest  patch area in sq lambda     =      0.0013
 smallest patch area in sq lambda     =      0.0004
 ave    surface area in sq lambda     =      0.0008
 size range of the object in sq lambda =      0.5511

 #### MLFMA Info For Each Region ####
 Mat-Region =            1
 Array dimension parameters:
 maxrule=          14   maxgrid  =          64
 lmax   =           1   ncmax    =           9
 lsmax  =           1   lsmin    =           1
 kpm    =           1   kp0      =           1
 ntlm   =           1   nsm      =           1
 nkpm   =           1   niplm    =          16
 ngnearm=          64   ngsndm   =           1
 nearm  =        1807   mfinestm =         244
 ###############################

 CFIE Alpha:  0.50000000000000000     

 Fill MLFMA NI for Mat-Reg:           1
 Begin fill sparser part of Nearfield
 Begin fill denser part of Nearfield
 End fill
 Filling Amn                 Delta_CPU=         43.05 Memory(MB)=        200.07


 Now testing preconditioner with
 ipretype =            8
 method = cfie_solve_nfpre_pardiso

  
 NBP>>Begin fill sparser part of Nearfield
 NBP>>Begin fill denser part of Nearfield

212.5000%
225.0000%
237.5000%
250.0000%
262.5000%
275.0000%
287.5000%
300.0000%
 Begin MLFMA Box-Matrix Based Prec Constructor
 --- Intel MKL PARDISO --- 
  >> Solver Initialized
  >> Proceed to ngrp_box loop
  >> Loop 0 Initialized
 Memory for iGRP: 1 0 MB
 Total Memory For NFB Pre: 0 MB
 --- PARDISO PRECONDITIONER INITIALIZED --- 
 Constructing preconditioner CPU time: 0 s
 
 108360
 Memory for Iteration:: 1.65344 MB

 Iseg, Ninc_S : 1, 181, 0

 Iseg, Skeleton Angles: 1, 7
 Iseg, Skel-Pk Mem(MB): 1, 30.95

 Iseg, Irank, Idinc : 1, 1, 123
 Thata, Phi : 90.000000, 122.000000
 Maximun iteration: 300
 Number of recycle truncation: 30
 Final matrix dimension:  3612
 Residual error:0.010000
 0  1.699364e-01
 1  7.657152e-02
 2  2.643930e-02
 3  1.102012e-02
 4  4.604398e-03
 Iteration CPU time: 0 s
 CFIE residual: 0.0046044

 Iseg, Irank, Idinc : 1, 2, 39
 Thata, Phi : 90.000000, 38.000000
 Maximun iteration: 300
 Number of recycle truncation: 30
 Final matrix dimension:  3612
 Residual error:0.010000
 0  1.710589e-01
 1  7.810296e-02
 2  2.879109e-02
 3  1.232866e-02
 4  5.027132e-03
 Iteration CPU time: 0 s
 CFIE residual: 0.00502713

 Iseg, Irank, Idinc : 1, 3, 1
 Thata, Phi : 90.000000, 0.000000
 Maximun iteration: 300
 Number of recycle truncation: 30
 Final matrix dimension:  3612
 Residual error:0.010000
 0  1.838359e-01
 1  8.214269e-02
 2  2.818154e-02
 3  1.148088e-02
 4  4.657879e-03
 Iteration CPU time: 0 s
 CFIE residual: 0.00465788

 Iseg, Irank, Idinc : 1, 4, 181
 Thata, Phi : 90.000000, 180.000000
 Maximun iteration: 300
 Number of recycle truncation: 30
 Final matrix dimension:  3612
 Residual error:0.010000
 0  1.822899e-01
 1  8.162753e-02
 2  2.793660e-02
 3  1.088482e-02
 4  4.450447e-03
 Iteration CPU time: 0 s
 CFIE residual: 0.00445045

 Iseg, Irank, Idinc : 1, 5, 82
 Thata, Phi : 90.000000, 81.000000
 Maximun iteration: 300
 Number of recycle truncation: 30
 Final matrix dimension:  3612
 Residual error:0.010000
 0  1.798192e-01
 1  8.238596e-02
 2  2.848363e-02
 3  1.148740e-02
 4  4.575910e-03
 Iteration CPU time: 0 s
 CFIE residual: 0.00457591

 Iseg, Irank, Idinc : 1, 6, 156
 Thata, Phi : 90.000000, 155.000000
 Maximun iteration: 300
 Number of recycle truncation: 30
 Final matrix dimension:  3612
 Residual error:0.010000
 0  1.742622e-01
 1  7.828209e-02
 2  2.736770e-02
 3  1.097714e-02
 4  4.577694e-03
 Iteration CPU time: 0 s
 CFIE residual: 0.00457769

 Iseg, Irank, Idinc : 1, 7, 18
 Thata, Phi : 90.000000, 17.000000
 Maximun iteration: 300
 Number of recycle truncation: 30
 Final matrix dimension:  3612
 Residual error:0.010000
 0  1.792635e-01
 1  8.081952e-02
 2  2.838165e-02
 3  1.182015e-02
 4  4.810599e-03
 Iteration CPU time: 0 s
 CFIE residual: 0.0048106
 Last Built End in Sep 21 2025 00:06:12
 Total CPU time: 6 s
 Finished.
