 Last Built Begin in Sep 21 2025 00:06:12
 Pre-Type( Input ):           10
 Skl-Tol ( Input ):    1.0000000000000001E-005
 Wavelength in freespace: 0.0309278

 ################################################
 ##         Generating Required Mesh          ##
 ##         Waiting.....                      ##
 ################################################
 Subd No.      Subd Name
    1    Open-Duct_PRIME_model_meshAA1                                     
 isub,  nnode, npatch,  nedge:
    1      6118     12236     18354
 Scale Factor         >>   1.54999997E-02
 ################################################

 START TIME: 20250922   024857.229


 Informaton for IE geometry:
 number of subdomains     : 1
 maxnode,maxpatch,maxedge : 6118  12236  18354
 
 Index of Mat-Reg: 1
 Mat-Reg Number via MatFlg: 1
 Edge Number of Mat-Reg: 1, 18354

 Number of Edge on PEC: 18354
 Mat-Reg: No Dim(m) Lmax:
    1 0.232    5
 Totlmax, add1, add2:           5           6           7
 rlengmax of Global MLFMA >>   0.23183248797522912     
 Lmax of Global MLFMA >>            5
 Wavenum of Mat-Reg:
    1 1.000

 total area in sq m           =      0.0510
 total area in sq lambda      =     53.2862
 maxnode, maxpatch, maxedge           =     6118    12236    18354
 longest  edge in lambda              =      0.1509
 shortest edge in lambda              =      0.0072
 average  edge in lambda              =      0.1008
 largest  patch area in sq lambda     =      0.0077
 smallest patch area in sq lambda     =      0.0000
 ave    surface area in sq lambda     =      0.0044
 size range of the object in sq lambda =      7.4186

 #### MLFMA Info For Each Region ####
 Mat-Region =            1
 Array dimension parameters:
 maxrule=          14   maxgrid  =          64
 lmax   =           5   ncmax    =        1250
 lsmax  =          26   lsmin    =           6
 kpm    =        1356   kp0      =          76
 ntlm   =      204640   nsm      =      205900
 nkpm   =        2152   niplm    =      137728
 ngnearm=       14257   ngsndm   =       64634
 nearm  =         333   mfinestm =         119
 ###############################

 CFIE Alpha:  0.50000000000000000     

 Fill MLFMA FI for Mat-Reg:           1
 Begin filltl.f
 fill translation matrix
 Level:            2
 fill shifting matrix
 Level:            3
 fill shifting matrix
 Level:            4
 fill shifting matrix
 Level:            5
 fill shifting matrix
 translator time(s):  0.115000002    
 fill interpolation matrix
 ThetaOrder            8
 PhiOrder            8
 lsl            6
 Filling TL                  Delta_CPU=          0.53 Memory(MB)=        586.87
 Filling sndgrp              Delta_CPU=          0.00 Memory(MB)=        586.87
 Filling VFS                 Delta_CPU=          2.41 Memory(MB)=        586.87

 Fill MLFMA NI for Mat-Reg:           1
 Begin fill sparser part of Nearfield
 Begin fill denser part of Nearfield
 End fill
 Filling Amn                 Delta_CPU=         91.81 Memory(MB)=        586.87


 Now testing preconditioner with
 ipretype =           10
 method = cfie_solve_nfrasspspre_pardiso

  
 NBP>>Begin fill sparser part of Nearfield

113.9438% NBP>>Begin fill denser part of Nearfield

200.1041%
 Begin MLFMA Box-Matrix Based Spar-RAS Prec Constructor
 --- Intel MKL PARDISO --- 
 Memory for iGroup: 1 0 MB
 Total Memory For SparRAS Pre: 0 MB
 --- PARDISO PRECONDITIONER INITIALIZED --- 
 Constructing preconditioner CPU time: 4 s
 
 1101240
 Memory for Iteration:: 16.8036 MB

 Iseg, Ninc_S : 1, 181, 0

 Iseg, Skeleton Angles: 1, 38
 Iseg, Skel-Pk Mem(MB): 1, 314.35

 Iseg, Irank, Idinc : 1, 1, 22
 Thata, Phi : 90.000000, 21.000000
 Maximun iteration: 300
 Number of recycle truncation: 30
 Final matrix dimension:  36708
 Residual error:0.001000
 0  6.105653e-01
 1  2.910489e-01
 2  1.659442e-01
 3  1.138848e-01
 4  8.051701e-02
 5  5.936809e-02
 6  4.546218e-02
 7  3.566784e-02
 8  2.804229e-02
 9  2.232782e-02
 10  1.732595e-02
 11  1.380633e-02
 12  1.107124e-02
 13  8.957611e-03
 14  7.393939e-03
 15  6.320054e-03
 16  5.344784e-03
 17  4.507466e-03
 18  3.891592e-03
 19  3.330263e-03
 20  2.883578e-03
 21  2.571346e-03
 22  2.325697e-03
 23  2.138502e-03
 24  1.967809e-03
 25  1.786562e-03
 26  1.595904e-03
 27  1.419223e-03
 28  1.238913e-03
 29  1.080639e-03
 30  9.267170e-04
 Iteration CPU time: 7 s
 CFIE residual: 0.000926717

 Iseg, Irank, Idinc : 1, 2, 42
 Thata, Phi : 90.000000, 41.000000
 Maximun iteration: 300
 Number of recycle truncation: 30
 Final matrix dimension:  36708
 Residual error:0.001000
 0  6.257833e-01
 1  3.154282e-01
 2  2.003039e-01
 3  1.310756e-01
 4  9.000004e-02
 5  6.534531e-02
 6  4.828482e-02
 7  3.651459e-02
 8  2.801733e-02
 9  2.160953e-02
 10  1.679972e-02
 11  1.338711e-02
 12  1.090040e-02
 13  9.047307e-03
 14  7.593960e-03
 15  6.557655e-03
 16  5.797990e-03
 17  5.122150e-03
 18  4.665494e-03
 19  4.209335e-03
 20  3.765414e-03
 21  3.361154e-03
 22  3.022714e-03
 23  2.623536e-03
 24  2.207590e-03
 25  1.862504e-03
 26  1.550318e-03
 27  1.260823e-03
 28  9.991084e-04
 Iteration CPU time: 6 s
 CFIE residual: 0.000999108

 Iseg, Irank, Idinc : 1, 3, 109
 Thata, Phi : 90.000000, 108.000000
 Maximun iteration: 300
 Number of recycle truncation: 30
 Final matrix dimension:  36708
 Residual error:0.001000
 0  6.329294e-01
 1  3.581444e-01
 2  2.256260e-01
 3  1.548211e-01
 4  1.087300e-01
 5  8.163478e-02
 6  6.332178e-02
 7  4.869666e-02
 8  3.798089e-02
 9  3.066207e-02
 10  2.408005e-02
 11  1.900998e-02
 12  1.528246e-02
 13  1.259083e-02
 14  1.050015e-02
 15  8.756042e-03
 16  7.356925e-03
 17  6.409880e-03
 18  5.634188e-03
 19  4.989929e-03
 20  4.447943e-03
 21  4.024393e-03
 22  3.617532e-03
 23  3.233464e-03
 24  2.898555e-03
 25  2.557531e-03
 26  2.233767e-03
 27  1.895796e-03
 28  1.562313e-03
 29  1.255446e-03
 30  1.004025e-03
 31  7.945052e-04
 Iteration CPU time: 7 s
 CFIE residual: 0.000794505

 Iseg, Irank, Idinc : 1, 4, 64
 Thata, Phi : 90.000000, 63.000000
 Maximun iteration: 300
 Number of recycle truncation: 30
 Final matrix dimension:  36708
 Residual error:0.001000
 0  6.656412e-01
 1  3.581887e-01
 2  2.230623e-01
 3  1.442913e-01
 4  1.045598e-01
 5  7.915279e-02
 6  6.049242e-02
 7  4.762892e-02
 8  3.780206e-02
 9  3.036884e-02
 10  2.392926e-02
 11  1.939707e-02
 12  1.562449e-02
 13  1.297955e-02
 14  1.099238e-02
 15  9.708703e-03
 16  8.721276e-03
 17  7.922912e-03
 18  7.237624e-03
 19  6.498809e-03
 20  5.829146e-03
 21  5.205735e-03
 22  4.525677e-03
 23  3.898208e-03
 24  3.258786e-03
 25  2.661224e-03
 26  2.155193e-03
 27  1.689718e-03
 28  1.314736e-03
 29  1.027611e-03
 30  7.896600e-04
 Iteration CPU time: 7 s
 CFIE residual: 0.00078966

 Iseg, Irank, Idinc : 1, 5, 75
 Thata, Phi : 90.000000, 74.000000
 Maximun iteration: 300
 Number of recycle truncation: 30
 Final matrix dimension:  36708
 Residual error:0.001000
 0  6.420456e-01
 1  3.682977e-01
 2  2.394049e-01
 3  1.508995e-01
 4  1.055684e-01
 5  8.010490e-02
 6  6.273383e-02
 7  5.099443e-02
 8  4.023726e-02
 9  3.290277e-02
 10  2.601137e-02
 11  2.092956e-02
 12  1.710578e-02
 13  1.457086e-02
 14  1.265454e-02
 15  1.118679e-02
 16  1.002112e-02
 17  9.053617e-03
 18  8.210827e-03
 19  7.412358e-03
 20  6.730995e-03
 21  6.056538e-03
 22  5.363460e-03
 23  4.657795e-03
 24  4.002979e-03
 25  3.357112e-03
 26  2.817275e-03
 27  2.304123e-03
 28  1.884201e-03
 29  1.476849e-03
 30  1.181139e-03
 31  9.144723e-04
 Iteration CPU time: 7 s
 CFIE residual: 0.000914472

 Iseg, Irank, Idinc : 1, 6, 146
 Thata, Phi : 90.000000, 145.000000
 Maximun iteration: 300
 Number of recycle truncation: 30
 Final matrix dimension:  36708
 Residual error:0.001000
 0  6.542927e-01
 1  3.468295e-01
 2  2.086986e-01
 3  1.455723e-01
 4  1.052325e-01
 5  8.117750e-02
 6  6.338607e-02
 7  5.033936e-02
 8  4.214120e-02
 9  3.498941e-02
 10  2.918830e-02
 11  2.447849e-02
 12  2.004917e-02
 13  1.591460e-02
 14  1.262507e-02
 15  1.035273e-02
 16  8.200653e-03
 17  6.845488e-03
 18  5.731035e-03
 19  4.696431e-03
 20  4.019235e-03
 21  3.447813e-03
 22  3.031673e-03
 23  2.702256e-03
 24  2.405620e-03
 25  2.208236e-03
 26  2.023197e-03
 27  1.821489e-03
 28  1.589377e-03
 29  1.352892e-03
 30  1.149057e-03
 31  9.249952e-04
 Iteration CPU time: 7 s
 CFIE residual: 0.000924995

 Iseg, Irank, Idinc : 1, 7, 159
 Thata, Phi : 90.000000, 158.000000
 Maximun iteration: 300
 Number of recycle truncation: 30
 Final matrix dimension:  36708
 Residual error:0.001000
 0  6.084689e-01
 1  3.135292e-01
 2  1.904900e-01
 3  1.318679e-01
 4  1.004632e-01
 5  8.024387e-02
 6  6.441125e-02
 7  5.187255e-02
 8  4.432187e-02
 9  3.807570e-02
 10  3.178014e-02
 11  2.640510e-02
 12  2.118043e-02
 13  1.738987e-02
 14  1.409237e-02
 15  1.125494e-02
 16  9.017949e-03
 17  7.356387e-03
 18  6.095181e-03
 19  4.963275e-03
 20  4.125968e-03
 21  3.470190e-03
 22  3.009101e-03
 23  2.650701e-03
 24  2.362723e-03
 25  2.097731e-03
 26  1.884443e-03
 27  1.715297e-03
 28  1.555630e-03
 29  1.385228e-03
 30  1.227261e-03
 31  1.058321e-03
 32  9.090518e-04
 Iteration CPU time: 7 s
 CFIE residual: 0.000909052

 Iseg, Irank, Idinc : 1, 8, 132
 Thata, Phi : 90.000000, 131.000000
 Maximun iteration: 300
 Number of recycle truncation: 30
 Final matrix dimension:  36708
 Residual error:0.001000
 0  6.870216e-01
 1  3.602978e-01
 2  2.312664e-01
 3  1.571450e-01
 4  1.120658e-01
 5  8.621239e-02
 6  6.571823e-02
 7  5.097339e-02
 8  4.072738e-02
 9  3.221910e-02
 10  2.556586e-02
 11  2.034281e-02
 12  1.623474e-02
 13  1.332353e-02
 14  1.097869e-02
 15  9.003585e-03
 16  7.486420e-03
 17  6.397772e-03
 18  5.500825e-03
 19  4.810602e-03
 20  4.361106e-03
 21  3.954188e-03
 22  3.598893e-03
 23  3.284663e-03
 24  2.947670e-03
 25  2.633505e-03
 26  2.318662e-03
 27  2.032374e-03
 28  1.778769e-03
 29  1.536203e-03
 30  1.290152e-03
 31  1.049980e-03
 32  8.354905e-04
 Iteration CPU time: 8 s
 CFIE residual: 0.00083549

 Iseg, Irank, Idinc : 1, 9, 122
 Thata, Phi : 90.000000, 121.000000
 Maximun iteration: 300
 Number of recycle truncation: 30
 Final matrix dimension:  36708
 Residual error:0.001000
 0  6.543856e-01
 1  3.456701e-01
 2  2.265482e-01
 3  1.571176e-01
 4  1.113172e-01
 5  8.429478e-02
 6  6.456828e-02
 7  5.051167e-02
 8  3.867902e-02
 9  3.038277e-02
 10  2.370177e-02
 11  1.869944e-02
 12  1.518351e-02
 13  1.254611e-02
 14  1.042130e-02
 15  8.928923e-03
 16  7.644640e-03
 17  6.638678e-03
 18  5.861136e-03
 19  5.172623e-03
 20  4.559227e-03
 21  4.097024e-03
 22  3.710729e-03
 23  3.320078e-03
 24  2.954006e-03
 25  2.622946e-03
 26  2.344636e-03
 27  2.039812e-03
 28  1.779896e-03
 29  1.516421e-03
 30  1.232430e-03
 31  1.004154e-03
 32  7.743929e-04
 Iteration CPU time: 7 s
 CFIE residual: 0.000774393

 Iseg, Irank, Idinc : 1, 10, 89
 Thata, Phi : 90.000000, 88.000000
 Maximun iteration: 300
 Number of recycle truncation: 30
 Final matrix dimension:  36708
 Residual error:0.001000
 0  6.217721e-01
 1  3.562737e-01
 2  2.296135e-01
 3  1.557701e-01
 4  1.116217e-01
 5  8.727075e-02
 6  6.805514e-02
 7  5.404575e-02
 8  4.346556e-02
 9  3.537897e-02
 10  2.817375e-02
 11  2.203209e-02
 12  1.761382e-02
 13  1.430641e-02
 14  1.217519e-02
 15  1.054197e-02
 16  9.249915e-03
 17  8.247560e-03
 18  7.505504e-03
 19  6.796849e-03
 20  6.206439e-03
 21  5.626759e-03
 22  5.011753e-03
 23  4.342937e-03
 24  3.751858e-03
 25  3.171447e-03
 26  2.644203e-03
 27  2.182864e-03
 28  1.787492e-03
 29  1.369967e-03
 30  1.054354e-03
 31  8.172787e-04
 Iteration CPU time: 7 s
 CFIE residual: 0.000817279

 Iseg, Irank, Idinc : 1, 11, 53
 Thata, Phi : 90.000000, 52.000000
 Maximun iteration: 300
 Number of recycle truncation: 30
 Final matrix dimension:  36708
 Residual error:0.001000
 0  6.465440e-01
 1  3.356713e-01
 2  2.078021e-01
 3  1.351062e-01
 4  9.651584e-02
 5  7.139966e-02
 6  5.477611e-02
 7  4.263944e-02
 8  3.296205e-02
 9  2.489578e-02
 10  1.985289e-02
 11  1.596554e-02
 12  1.303782e-02
 13  1.098465e-02
 14  9.442240e-03
 15  8.174102e-03
 16  7.365444e-03
 17  6.679146e-03
 18  6.016336e-03
 19  5.378041e-03
 20  4.810476e-03
 21  4.190490e-03
 22  3.702494e-03
 23  3.168746e-03
 24  2.633380e-03
 25  2.114264e-03
 26  1.699331e-03
 27  1.359622e-03
 28  1.086935e-03
 29  8.556896e-04
 Iteration CPU time: 7 s
 CFIE residual: 0.00085569

 Iseg, Irank, Idinc : 1, 12, 32
 Thata, Phi : 90.000000, 31.000000
 Maximun iteration: 300
 Number of recycle truncation: 30
 Final matrix dimension:  36708
 Residual error:0.001000
 0  6.326126e-01
 1  3.057638e-01
 2  1.798461e-01
 3  1.139860e-01
 4  8.028877e-02
 5  5.937463e-02
 6  4.370371e-02
 7  3.329099e-02
 8  2.554237e-02
 9  2.016618e-02
 10  1.634475e-02
 11  1.299461e-02
 12  1.033311e-02
 13  8.591074e-03
 14  7.111368e-03
 15  6.019931e-03
 16  5.298615e-03
 17  4.533759e-03
 18  4.044245e-03
 19  3.559227e-03
 20  3.146952e-03
 21  2.825809e-03
 22  2.582505e-03
 23  2.365236e-03
 24  2.133053e-03
 25  1.886134e-03
 26  1.628652e-03
 27  1.419515e-03
 28  1.187601e-03
 29  9.926271e-04
 Iteration CPU time: 7 s
 CFIE residual: 0.000992627

 Iseg, Irank, Idinc : 1, 13, 11
 Thata, Phi : 90.000000, 10.000000
 Maximun iteration: 300
 Number of recycle truncation: 30
 Final matrix dimension:  36708
 Residual error:0.001000
 0  5.401030e-01
 1  2.757476e-01
 2  1.726110e-01
 3  1.229195e-01
 4  8.806521e-02
 5  6.671105e-02
 6  5.114458e-02
 7  3.957402e-02
 8  3.056808e-02
 9  2.436454e-02
 10  1.913143e-02
 11  1.480584e-02
 12  1.151502e-02
 13  9.229248e-03
 14  7.533798e-03
 15  6.272577e-03
 16  5.344926e-03
 17  4.459570e-03
 18  3.855108e-03
 19  3.354407e-03
 20  2.940458e-03
 21  2.555670e-03
 22  2.296509e-03
 23  2.045352e-03
 24  1.860164e-03
 25  1.708687e-03
 26  1.564275e-03
 27  1.423881e-03
 28  1.279914e-03
 29  1.144654e-03
 30  1.003472e-03
 31  8.732872e-04
 Iteration CPU time: 7 s
 CFIE residual: 0.000873287

 Iseg, Irank, Idinc : 1, 14, 178
 Thata, Phi : 90.000000, 177.000000
 Maximun iteration: 300
 Number of recycle truncation: 30
 Final matrix dimension:  36708
 Residual error:0.001000
 0  5.571856e-01
 1  3.004312e-01
 2  1.914175e-01
 3  1.359039e-01
 4  1.064604e-01
 5  8.213727e-02
 6  6.707107e-02
 7  5.512263e-02
 8  4.484792e-02
 9  3.517534e-02
 10  2.778186e-02
 11  2.208457e-02
 12  1.741362e-02
 13  1.371529e-02
 14  1.079608e-02
 15  8.485716e-03
 16  6.775446e-03
 17  5.624364e-03
 18  4.575741e-03
 19  3.782441e-03
 20  3.138103e-03
 21  2.602493e-03
 22  2.257457e-03
 23  1.999806e-03
 24  1.750161e-03
 25  1.546687e-03
 26  1.395401e-03
 27  1.258839e-03
 28  1.137587e-03
 29  1.021892e-03
 30  9.213656e-04
 Iteration CPU time: 7 s
 CFIE residual: 0.000921366

 Iseg, Irank, Idinc : 1, 15, 97
 Thata, Phi : 90.000000, 96.000000
 Maximun iteration: 300
 Number of recycle truncation: 30
 Final matrix dimension:  36708
 Residual error:0.001000
 0  6.196833e-01
 1  3.549535e-01
 2  2.241959e-01
 3  1.496882e-01
 4  1.070155e-01
 5  8.161728e-02
 6  6.344934e-02
 7  5.067572e-02
 8  4.025090e-02
 9  3.229292e-02
 10  2.562144e-02
 11  2.051443e-02
 12  1.661628e-02
 13  1.374314e-02
 14  1.163235e-02
 15  9.861151e-03
 16  8.461292e-03
 17  7.493776e-03
 18  6.746748e-03
 19  6.111038e-03
 20  5.589742e-03
 21  5.062226e-03
 22  4.543031e-03
 23  4.039867e-03
 24  3.594086e-03
 25  3.114145e-03
 26  2.654069e-03
 27  2.252331e-03
 28  1.833084e-03
 29  1.454579e-03
 30  1.126979e-03
 31  8.780393e-04
 Iteration CPU time: 7 s
 CFIE residual: 0.000878039

 Iseg, Irank, Idinc : 1, 16, 82
 Thata, Phi : 90.000000, 81.000000
 Maximun iteration: 300
 Number of recycle truncation: 30
 Final matrix dimension:  36708
 Residual error:0.001000
 0  6.257823e-01
 1  3.577421e-01
 2  2.317336e-01
 3  1.542075e-01
 4  1.105813e-01
 5  8.665706e-02
 6  6.629416e-02
 7  5.332997e-02
 8  4.285438e-02
 9  3.408084e-02
 10  2.719272e-02
 11  2.132927e-02
 12  1.710735e-02
 13  1.414687e-02
 14  1.217995e-02
 15  1.066120e-02
 16  9.412428e-03
 17  8.444642e-03
 18  7.672591e-03
 19  6.945927e-03
 20  6.276790e-03
 21  5.696697e-03
 22  5.073928e-03
 23  4.435354e-03
 24  3.783441e-03
 25  3.200840e-03
 26  2.698078e-03
 27  2.238516e-03
 28  1.837657e-03
 29  1.444168e-03
 30  1.150587e-03
 31  8.959703e-04
 Iteration CPU time: 7 s
 CFIE residual: 0.00089597

 Iseg, Irank, Idinc : 1, 17, 115
 Thata, Phi : 90.000000, 114.000000
 Maximun iteration: 300
 Number of recycle truncation: 30
 Final matrix dimension:  36708
 Residual error:0.001000
 0  6.468988e-01
 1  3.517518e-01
 2  2.229535e-01
 3  1.552022e-01
 4  1.095243e-01
 5  8.201576e-02
 6  6.274563e-02
 7  4.848166e-02
 8  3.775698e-02
 9  3.006419e-02
 10  2.337713e-02
 11  1.843800e-02
 12  1.505540e-02
 13  1.255666e-02
 14  1.043854e-02
 15  8.671071e-03
 16  7.409076e-03
 17  6.429949e-03
 18  5.595118e-03
 19  4.936697e-03
 20  4.421490e-03
 21  3.960171e-03
 22  3.594655e-03
 23  3.210401e-03
 24  2.879874e-03
 25  2.543901e-03
 26  2.247119e-03
 27  1.949329e-03
 28  1.634408e-03
 29  1.354356e-03
 30  1.076452e-03
 31  8.313102e-04
 Iteration CPU time: 7 s
 CFIE residual: 0.00083131

 Iseg, Irank, Idinc : 1, 18, 1
 Thata, Phi : 90.000000, 0.000000
 Maximun iteration: 300
 Number of recycle truncation: 30
 Final matrix dimension:  36708
 Residual error:0.001000
 0  5.071618e-01
 1  2.677829e-01
 2  1.735995e-01
 3  1.205340e-01
 4  8.579788e-02
 5  6.423968e-02
 6  4.928843e-02
 7  3.767416e-02
 8  2.906722e-02
 9  2.237481e-02
 10  1.714545e-02
 11  1.343215e-02
 12  1.097865e-02
 13  8.716671e-03
 14  7.166794e-03
 15  5.673813e-03
 16  4.650435e-03
 17  3.855678e-03
 18  3.315010e-03
 19  2.880662e-03
 20  2.553523e-03
 21  2.286449e-03
 22  2.039700e-03
 23  1.794096e-03
 24  1.619994e-03
 25  1.490120e-03
 26  1.371545e-03
 27  1.245844e-03
 28  1.098350e-03
 29  9.598613e-04
 Iteration CPU time: 7 s
 CFIE residual: 0.000959861

 Iseg, Irank, Idinc : 1, 19, 167
 Thata, Phi : 90.000000, 166.000000
 Maximun iteration: 300
 Number of recycle truncation: 30
 Final matrix dimension:  36708
 Residual error:0.001000
 0  5.782323e-01
 1  3.027627e-01
 2  1.884508e-01
 3  1.345765e-01
 4  1.048208e-01
 5  8.373264e-02
 6  6.865854e-02
 7  5.572802e-02
 8  4.646279e-02
 9  3.906090e-02
 10  3.285523e-02
 11  2.699667e-02
 12  2.210921e-02
 13  1.766738e-02
 14  1.451426e-02
 15  1.164592e-02
 16  9.503374e-03
 17  7.747964e-03
 18  6.345529e-03
 19  5.080279e-03
 20  4.170411e-03
 21  3.462281e-03
 22  2.935531e-03
 23  2.525014e-03
 24  2.191799e-03
 25  1.907414e-03
 26  1.670236e-03
 27  1.514659e-03
 28  1.387564e-03
 29  1.265443e-03
 30  1.145760e-03
 31  1.018246e-03
 32  8.785632e-04
 Iteration CPU time: 7 s
 CFIE residual: 0.000878563

 Iseg, Irank, Idinc : 1, 20, 152
 Thata, Phi : 90.000000, 151.000000
 Maximun iteration: 300
 Number of recycle truncation: 30
 Final matrix dimension:  36708
 Residual error:0.001000
 0  6.337064e-01
 1  3.329209e-01
 2  2.014396e-01
 3  1.392672e-01
 4  1.027558e-01
 5  8.036965e-02
 6  6.379123e-02
 7  5.079576e-02
 8  4.297537e-02
 9  3.592260e-02
 10  3.033094e-02
 11  2.522487e-02
 12  2.038181e-02
 13  1.583289e-02
 14  1.288518e-02
 15  1.043974e-02
 16  8.386779e-03
 17  6.936771e-03
 18  5.790740e-03
 19  4.729420e-03
 20  3.951585e-03
 21  3.362380e-03
 22  2.911200e-03
 23  2.604465e-03
 24  2.311925e-03
 25  2.084601e-03
 26  1.897437e-03
 27  1.694116e-03
 28  1.501706e-03
 29  1.308786e-03
 30  1.127981e-03
 31  9.192257e-04
 Iteration CPU time: 7 s
 CFIE residual: 0.000919226

 Iseg, Irank, Idinc : 1, 21, 181
 Thata, Phi : 90.000000, 180.000000
 Maximun iteration: 300
 Number of recycle truncation: 30
 Final matrix dimension:  36708
 Residual error:0.001000
 0  5.558737e-01
 1  3.004198e-01
 2  1.914203e-01
 3  1.357649e-01
 4  1.061785e-01
 5  8.153066e-02
 6  6.646857e-02
 7  5.464125e-02
 8  4.429172e-02
 9  3.450780e-02
 10  2.694813e-02
 11  2.112275e-02
 12  1.599964e-02
 13  1.227774e-02
 14  9.500073e-03
 15  7.292947e-03
 16  5.687890e-03
 17  4.636320e-03
 18  3.770454e-03
 19  3.048251e-03
 20  2.574822e-03
 21  2.247580e-03
 22  1.969545e-03
 23  1.750176e-03
 24  1.565325e-03
 25  1.411830e-03
 26  1.299729e-03
 27  1.173296e-03
 28  1.049907e-03
 29  9.224691e-04
 Iteration CPU time: 7 s
 CFIE residual: 0.000922469

 Iseg, Irank, Idinc : 1, 22, 16
 Thata, Phi : 90.000000, 15.000000
 Maximun iteration: 300
 Number of recycle truncation: 30
 Final matrix dimension:  36708
 Residual error:0.001000
 0  5.712615e-01
 1  2.822883e-01
 2  1.703497e-01
 3  1.203453e-01
 4  8.552149e-02
 5  6.434812e-02
 6  4.976598e-02
 7  3.907519e-02
 8  3.047130e-02
 9  2.385614e-02
 10  1.864289e-02
 11  1.482986e-02
 12  1.154630e-02
 13  9.210209e-03
 14  7.495648e-03
 15  6.350101e-03
 16  5.404258e-03
 17  4.553752e-03
 18  3.918943e-03
 19  3.348944e-03
 20  2.945506e-03
 21  2.562783e-03
 22  2.311976e-03
 23  2.079362e-03
 24  1.902058e-03
 25  1.738842e-03
 26  1.583072e-03
 27  1.429865e-03
 28  1.271202e-03
 29  1.130224e-03
 30  9.900470e-04
 Iteration CPU time: 7 s
 CFIE residual: 0.000990047

 Iseg, Irank, Idinc : 1, 23, 59
 Thata, Phi : 90.000000, 58.000000
 Maximun iteration: 300
 Number of recycle truncation: 30
 Final matrix dimension:  36708
 Residual error:0.001000
 0  6.624286e-01
 1  3.462877e-01
 2  2.155574e-01
 3  1.372618e-01
 4  9.781060e-02
 5  7.199650e-02
 6  5.597735e-02
 7  4.453487e-02
 8  3.550783e-02
 9  2.740783e-02
 10  2.106685e-02
 11  1.709222e-02
 12  1.397084e-02
 13  1.168729e-02
 14  9.939285e-03
 15  8.693572e-03
 16  7.809696e-03
 17  7.075099e-03
 18  6.455716e-03
 19  5.772537e-03
 20  5.164027e-03
 21  4.596701e-03
 22  3.953562e-03
 23  3.359513e-03
 24  2.827929e-03
 25  2.280982e-03
 26  1.828219e-03
 27  1.452917e-03
 28  1.150312e-03
 29  9.122323e-04
 Iteration CPU time: 7 s
 CFIE residual: 0.000912232

 Iseg, Irank, Idinc : 1, 24, 139
 Thata, Phi : 90.000000, 138.000000
 Maximun iteration: 300
 Number of recycle truncation: 30
 Final matrix dimension:  36708
 Residual error:0.001000
 0  6.934238e-01
 1  3.565369e-01
 2  2.201410e-01
 3  1.521061e-01
 4  1.104798e-01
 5  8.409202e-02
 6  6.346387e-02
 7  5.029553e-02
 8  4.153288e-02
 9  3.339923e-02
 10  2.711240e-02
 11  2.245421e-02
 12  1.841810e-02
 13  1.462696e-02
 14  1.162891e-02
 15  9.445127e-03
 16  7.779875e-03
 17  6.493408e-03
 18  5.516013e-03
 19  4.668300e-03
 20  4.140270e-03
 21  3.700549e-03
 22  3.373077e-03
 23  3.039068e-03
 24  2.744974e-03
 25  2.499305e-03
 26  2.242658e-03
 27  1.971207e-03
 28  1.693092e-03
 29  1.460668e-03
 30  1.226489e-03
 31  1.015017e-03
 32  8.131645e-04
 Iteration CPU time: 7 s
 CFIE residual: 0.000813165

 Iseg, Irank, Idinc : 1, 25, 5
 Thata, Phi : 90.000000, 4.000000
 Maximun iteration: 300
 Number of recycle truncation: 30
 Final matrix dimension:  36708
 Residual error:0.001000
 0  5.134035e-01
 1  2.694172e-01
 2  1.733546e-01
 3  1.212961e-01
 4  8.698251e-02
 5  6.573652e-02
 6  5.027282e-02
 7  3.790324e-02
 8  2.890463e-02
 9  2.281111e-02
 10  1.810560e-02
 11  1.437331e-02
 12  1.137397e-02
 13  9.025089e-03
 14  7.490607e-03
 15  6.203913e-03
 16  5.188095e-03
 17  4.332149e-03
 18  3.684724e-03
 19  3.226633e-03
 20  2.828529e-03
 21  2.480752e-03
 22  2.226816e-03
 23  1.961114e-03
 24  1.764221e-03
 25  1.605759e-03
 26  1.484932e-03
 27  1.354318e-03
 28  1.231183e-03
 29  1.080283e-03
 30  9.349342e-04
 Iteration CPU time: 7 s
 CFIE residual: 0.000934934

 Iseg, Irank, Idinc : 1, 26, 103
 Thata, Phi : 90.000000, 102.000000
 Maximun iteration: 300
 Number of recycle truncation: 30
 Final matrix dimension:  36708
 Residual error:0.001000
 0  6.193613e-01
 1  3.550106e-01
 2  2.238064e-01
 3  1.512014e-01
 4  1.054993e-01
 5  7.938562e-02
 6  6.176721e-02
 7  4.807115e-02
 8  3.778983e-02
 9  3.045905e-02
 10  2.476876e-02
 11  1.972322e-02
 12  1.584899e-02
 13  1.308289e-02
 14  1.082220e-02
 15  9.171439e-03
 16  7.732295e-03
 17  6.840160e-03
 18  6.090714e-03
 19  5.471681e-03
 20  4.952707e-03
 21  4.540500e-03
 22  4.075628e-03
 23  3.637230e-03
 24  3.243919e-03
 25  2.835134e-03
 26  2.464200e-03
 27  2.112006e-03
 28  1.775738e-03
 29  1.439611e-03
 30  1.158010e-03
 31  9.037213e-04
 Iteration CPU time: 7 s
 CFIE residual: 0.000903721

 Iseg, Irank, Idinc : 1, 27, 173
 Thata, Phi : 90.000000, 172.000000
 Maximun iteration: 300
 Number of recycle truncation: 30
 Final matrix dimension:  36708
 Residual error:0.001000
 0  5.639853e-01
 1  3.006700e-01
 2  1.909708e-01
 3  1.362408e-01
 4  1.070733e-01
 5  8.391411e-02
 6  6.893239e-02
 7  5.627129e-02
 8  4.635723e-02
 9  3.759951e-02
 10  3.080618e-02
 11  2.514134e-02
 12  2.049572e-02
 13  1.634448e-02
 14  1.333692e-02
 15  1.080018e-02
 16  8.855855e-03
 17  7.139644e-03
 18  5.766025e-03
 19  4.672311e-03
 20  3.831440e-03
 21  3.155480e-03
 22  2.705624e-03
 23  2.334023e-03
 24  2.020448e-03
 25  1.757947e-03
 26  1.539867e-03
 27  1.386725e-03
 28  1.261391e-03
 29  1.145626e-03
 30  1.046926e-03
 31  9.314827e-04
 Iteration CPU time: 7 s
 CFIE residual: 0.000931483

 Iseg, Irank, Idinc : 1, 28, 37
 Thata, Phi : 90.000000, 36.000000
 Maximun iteration: 300
 Number of recycle truncation: 30
 Final matrix dimension:  36708
 Residual error:0.001000
 0  6.229781e-01
 1  3.123409e-01
 2  1.930398e-01
 3  1.231155e-01
 4  8.420399e-02
 5  6.171762e-02
 6  4.533265e-02
 7  3.432017e-02
 8  2.629959e-02
 9  2.029174e-02
 10  1.608368e-02
 11  1.297216e-02
 12  1.044806e-02
 13  8.676084e-03
 14  7.205661e-03
 15  6.200344e-03
 16  5.414097e-03
 17  4.690984e-03
 18  4.227651e-03
 19  3.778834e-03
 20  3.366270e-03
 21  3.027777e-03
 22  2.750572e-03
 23  2.464278e-03
 24  2.155243e-03
 25  1.874136e-03
 26  1.592886e-03
 27  1.341157e-03
 28  1.095767e-03
 29  9.028242e-04
 Iteration CPU time: 7 s
 CFIE residual: 0.000902824

 Iseg, Irank, Idinc : 1, 29, 70
 Thata, Phi : 90.000000, 69.000000
 Maximun iteration: 300
 Number of recycle truncation: 30
 Final matrix dimension:  36708
 Residual error:0.001000
 0  6.557618e-01
 1  3.683341e-01
 2  2.351051e-01
 3  1.516047e-01
 4  1.092811e-01
 5  8.281458e-02
 6  6.396610e-02
 7  5.106309e-02
 8  4.102949e-02
 9  3.391982e-02
 10  2.692525e-02
 11  2.140158e-02
 12  1.731262e-02
 13  1.459067e-02
 14  1.247238e-02
 15  1.117306e-02
 16  1.005584e-02
 17  9.091093e-03
 18  8.237228e-03
 19  7.399458e-03
 20  6.744404e-03
 21  6.035799e-03
 22  5.352755e-03
 23  4.652555e-03
 24  3.951770e-03
 25  3.267851e-03
 26  2.697863e-03
 27  2.192887e-03
 28  1.733408e-03
 29  1.371128e-03
 30  1.067539e-03
 31  8.250376e-04
 Iteration CPU time: 7 s
 CFIE residual: 0.000825038

 Iseg, Irank, Idinc : 1, 30, 127
 Thata, Phi : 90.000000, 126.000000
 Maximun iteration: 300
 Number of recycle truncation: 30
 Final matrix dimension:  36708
 Residual error:0.001000
 0  6.636460e-01
 1  3.504673e-01
 2  2.296986e-01
 3  1.574068e-01
 4  1.122135e-01
 5  8.637507e-02
 6  6.578574e-02
 7  5.101069e-02
 8  3.994061e-02
 9  3.144398e-02
 10  2.451228e-02
 11  1.955885e-02
 12  1.557940e-02
 13  1.278591e-02
 14  1.055870e-02
 15  9.041592e-03
 16  7.614992e-03
 17  6.603473e-03
 18  5.772233e-03
 19  5.055653e-03
 20  4.515104e-03
 21  4.099954e-03
 22  3.727200e-03
 23  3.394374e-03
 24  3.007604e-03
 25  2.691902e-03
 26  2.403985e-03
 27  2.137716e-03
 28  1.899401e-03
 29  1.650144e-03
 30  1.381417e-03
 31  1.134417e-03
 32  9.190528e-04
 Iteration CPU time: 7 s
 CFIE residual: 0.000919053

 Iseg, Irank, Idinc : 1, 31, 3
 Thata, Phi : 90.000000, 2.000000
 Maximun iteration: 300
 Number of recycle truncation: 30
 Final matrix dimension:  36708
 Residual error:0.001000
 0  5.087843e-01
 1  2.682121e-01
 2  1.735282e-01
 3  1.207264e-01
 4  8.611865e-02
 5  6.469197e-02
 6  4.959455e-02
 7  3.766520e-02
 8  2.894140e-02
 9  2.241609e-02
 10  1.740504e-02
 11  1.389537e-02
 12  1.122680e-02
 13  8.861927e-03
 14  7.316599e-03
 15  5.997282e-03
 16  5.038957e-03
 17  4.209883e-03
 18  3.584947e-03
 19  3.131566e-03
 20  2.752948e-03
 21  2.436281e-03
 22  2.184684e-03
 23  1.921659e-03
 24  1.719853e-03
 25  1.568582e-03
 26  1.447518e-03
 27  1.318857e-03
 28  1.186649e-03
 29  1.037698e-03
 30  8.849459e-04
 Iteration CPU time: 7 s
 CFIE residual: 0.000884946

 Iseg, Irank, Idinc : 1, 32, 163
 Thata, Phi : 90.000000, 162.000000
 Maximun iteration: 300
 Number of recycle truncation: 30
 Final matrix dimension:  36708
 Residual error:0.001000
 0  5.920258e-01
 1  3.065069e-01
 2  1.874998e-01
 3  1.322361e-01
 4  1.020613e-01
 5  8.210984e-02
 6  6.659121e-02
 7  5.387396e-02
 8  4.537509e-02
 9  3.878768e-02
 10  3.272453e-02
 11  2.723727e-02
 12  2.225708e-02
 13  1.782629e-02
 14  1.455235e-02
 15  1.164643e-02
 16  9.415482e-03
 17  7.812869e-03
 18  6.428336e-03
 19  5.110142e-03
 20  4.240341e-03
 21  3.558440e-03
 22  3.008709e-03
 23  2.609922e-03
 24  2.284099e-03
 25  1.989113e-03
 26  1.779543e-03
 27  1.627379e-03
 28  1.487954e-03
 29  1.345500e-03
 30  1.204675e-03
 31  1.065470e-03
 32  9.142122e-04
 Iteration CPU time: 7 s
 CFIE residual: 0.000914212

 Iseg, Irank, Idinc : 1, 33, 47
 Thata, Phi : 90.000000, 46.000000
 Maximun iteration: 300
 Number of recycle truncation: 30
 Final matrix dimension:  36708
 Residual error:0.001000
 0  6.340314e-01
 1  3.227915e-01
 2  2.036913e-01
 3  1.344328e-01
 4  9.503388e-02
 5  7.010014e-02
 6  5.261233e-02
 7  4.049996e-02
 8  3.102386e-02
 9  2.413593e-02
 10  1.881118e-02
 11  1.485973e-02
 12  1.205781e-02
 13  1.002730e-02
 14  8.459698e-03
 15  7.308913e-03
 16  6.546205e-03
 17  5.862717e-03
 18  5.296128e-03
 19  4.810031e-03
 20  4.347417e-03
 21  3.783701e-03
 22  3.363973e-03
 23  2.879680e-03
 24  2.386840e-03
 25  1.981780e-03
 26  1.605056e-03
 27  1.309229e-03
 28  1.054226e-03
 29  8.421864e-04
 Iteration CPU time: 6 s
 CFIE residual: 0.000842186

 Iseg, Irank, Idinc : 1, 34, 26
 Thata, Phi : 90.000000, 25.000000
 Maximun iteration: 300
 Number of recycle truncation: 30
 Final matrix dimension:  36708
 Residual error:0.001000
 0  6.291567e-01
 1  2.970051e-01
 2  1.672121e-01
 3  1.104591e-01
 4  7.795869e-02
 5  5.728687e-02
 6  4.306618e-02
 7  3.323372e-02
 8  2.594427e-02
 9  2.070171e-02
 10  1.642379e-02
 11  1.287472e-02
 12  1.055632e-02
 13  8.613829e-03
 14  7.179888e-03
 15  6.129351e-03
 16  5.300815e-03
 17  4.469344e-03
 18  3.905974e-03
 19  3.371001e-03
 20  2.942344e-03
 21  2.621759e-03
 22  2.389342e-03
 23  2.212081e-03
 24  2.033192e-03
 25  1.824636e-03
 26  1.623896e-03
 27  1.430429e-03
 28  1.231441e-03
 29  1.064804e-03
 30  8.889597e-04
 Iteration CPU time: 7 s
 CFIE residual: 0.00088896

 Iseg, Irank, Idinc : 1, 35, 180
 Thata, Phi : 90.000000, 179.000000
 Maximun iteration: 300
 Number of recycle truncation: 30
 Final matrix dimension:  36708
 Residual error:0.001000
 0  5.560381e-01
 1  3.004245e-01
 2  1.914238e-01
 3  1.357845e-01
 4  1.062150e-01
 5  8.160672e-02
 6  6.654457e-02
 7  5.470837e-02
 8  4.437069e-02
 9  3.459540e-02
 10  2.706032e-02
 11  2.126195e-02
 12  1.626015e-02
 13  1.256828e-02
 14  9.754215e-03
 15  7.554411e-03
 16  5.917785e-03
 17  4.894487e-03
 18  4.024183e-03
 19  3.321734e-03
 20  2.758682e-03
 21  2.360009e-03
 22  2.064985e-03
 23  1.851668e-03
 24  1.638337e-03
 25  1.461426e-03
 26  1.337186e-03
 27  1.203926e-03
 28  1.082811e-03
 29  9.580075e-04
 Iteration CPU time: 7 s
 CFIE residual: 0.000958008

 Iseg, Irank, Idinc : 1, 36, 93
 Thata, Phi : 90.000000, 92.000000
 Maximun iteration: 300
 Number of recycle truncation: 30
 Final matrix dimension:  36708
 Residual error:0.001000
 0  6.213537e-01
 1  3.569343e-01
 2  2.272437e-01
 3  1.515184e-01
 4  1.091188e-01
 5  8.511140e-02
 6  6.692608e-02
 7  5.309574e-02
 8  4.256571e-02
 9  3.439248e-02
 10  2.713481e-02
 11  2.180497e-02
 12  1.762755e-02
 13  1.433652e-02
 14  1.221043e-02
 15  1.040534e-02
 16  9.030590e-03
 17  7.992590e-03
 18  7.226391e-03
 19  6.539952e-03
 20  5.998853e-03
 21  5.433967e-03
 22  4.853013e-03
 23  4.258616e-03
 24  3.739362e-03
 25  3.204043e-03
 26  2.697972e-03
 27  2.263933e-03
 28  1.831047e-03
 29  1.400296e-03
 30  1.066312e-03
 31  8.042270e-04
 Iteration CPU time: 7 s
 CFIE residual: 0.000804227

 Iseg, Irank, Idinc : 1, 37, 143
 Thata, Phi : 90.000000, 142.000000
 Maximun iteration: 300
 Number of recycle truncation: 30
 Final matrix dimension:  36708
 Residual error:0.001000
 0  6.707431e-01
 1  3.513149e-01
 2  2.120186e-01
 3  1.476266e-01
 4  1.070311e-01
 5  8.216620e-02
 6  6.302938e-02
 7  5.016343e-02
 8  4.171981e-02
 9  3.429068e-02
 10  2.841350e-02
 11  2.376004e-02
 12  1.944667e-02
 13  1.548009e-02
 14  1.221663e-02
 15  1.004354e-02
 16  8.013012e-03
 17  6.706697e-03
 18  5.650258e-03
 19  4.652769e-03
 20  4.059688e-03
 21  3.550874e-03
 22  3.189614e-03
 23  2.846711e-03
 24  2.558516e-03
 25  2.354959e-03
 26  2.147304e-03
 27  1.931952e-03
 28  1.659314e-03
 29  1.410914e-03
 30  1.197716e-03
 31  9.794855e-04
 Iteration CPU time: 7 s
 CFIE residual: 0.000979486

 Iseg, Irank, Idinc : 1, 38, 8
 Thata, Phi : 90.000000, 7.000000
 Maximun iteration: 300
 Number of recycle truncation: 30
 Final matrix dimension:  36708
 Residual error:0.001000
 0  5.248394e-01
 1  2.722505e-01
 2  1.730620e-01
 3  1.224948e-01
 4  8.819375e-02
 5  6.687711e-02
 6  5.104798e-02
 7  3.878858e-02
 8  2.979878e-02
 9  2.396057e-02
 10  1.879561e-02
 11  1.466670e-02
 12  1.150342e-02
 13  9.193510e-03
 14  7.576053e-03
 15  6.235298e-03
 16  5.280661e-03
 17  4.403639e-03
 18  3.774281e-03
 19  3.303190e-03
 20  2.903657e-03
 21  2.526599e-03
 22  2.269067e-03
 23  2.004725e-03
 24  1.819723e-03
 25  1.662158e-03
 26  1.534276e-03
 27  1.396419e-03
 28  1.270828e-03
 29  1.125780e-03
 30  9.857486e-04
 Iteration CPU time: 7 s
 CFIE residual: 0.000985749
 Last Built End in Sep 21 2025 00:06:12
 Total CPU time: 283 s
 Finished.
