 Last Built Begin in Sep 22 2025 09:01:48
 Pre-Type( Input ):           10
 Skl-Tol ( Input ):    1.0000000000000001E-005
 Wavelength in freespace: 0.0304454

 ################################################
 ##         Generating Required Mesh          ##
 ##         Waiting.....                      ##
 ################################################
 Subd No.      Subd Name
    1    Open-Duct_PRIME_model_meshAA1                                     
 isub,  nnode, npatch,  nedge:
    1      6118     12236     18354
 Scale Factor         >>   1.54999997E-02
 ################################################

 START TIME: 20250922   093736.858


 Informaton for IE geometry:
 number of subdomains     : 1
 maxnode,maxpatch,maxedge : 6118  12236  18354
 
 Index of Mat-Reg: 1
 Mat-Reg Number via MatFlg: 1
 Edge Number of Mat-Reg: 1, 18354

 Number of Edge on PEC: 18354
 Mat-Reg: No Dim(m) Lmax:
    1 0.236    5
 Totlmax, add1, add2:           5           6           7
 rlengmax of Global MLFMA >>   0.23550607689937686     
 Lmax of Global MLFMA >>            5
 Wavenum of Mat-Reg:
    1 1.000

 total area in sq m           =      0.0510
 total area in sq lambda      =     54.9884
 maxnode, maxpatch, maxedge           =     6118    12236    18354
 longest  edge in lambda              =      0.1533
 shortest edge in lambda              =      0.0073
 average  edge in lambda              =      0.1024
 largest  patch area in sq lambda     =      0.0080
 smallest patch area in sq lambda     =      0.0000
 ave    surface area in sq lambda     =      0.0045
 size range of the object in sq lambda =      7.5362

 #### MLFMA Info For Each Region ####
 Mat-Region =            1
 Array dimension parameters:
 maxrule=          14   maxgrid  =          64
 lmax   =           5   ncmax    =        1250
 lsmax  =          26   lsmin    =           7
 kpm    =        1356   kp0      =         102
 ntlm   =      212856   nsm      =      230886
 nkpm   =        2178   niplm    =      139392
 ngnearm=       14257   ngsndm   =       64634
 nearm  =         333   mfinestm =         119
 ###############################

 CFIE Alpha:  0.50000000000000000     

 Fill MLFMA FI for Mat-Reg:           1
 Begin filltl.f
 fill translation matrix
 Level:            2
 fill shifting matrix
 Level:            3
 fill shifting matrix
 Level:            4
 fill shifting matrix
 Level:            5
 fill shifting matrix
 translator time(s):  0.111000009    
 fill interpolation matrix
 ThetaOrder            8
 PhiOrder            8
 lsl            7
 Filling TL                  Delta_CPU=          0.53 Memory(MB)=        653.71
 Filling sndgrp              Delta_CPU=          0.00 Memory(MB)=        653.71
 Filling VFS                 Delta_CPU=          3.15 Memory(MB)=        653.71

 Fill MLFMA NI for Mat-Reg:           1
 Begin fill sparser part of Nearfield
 Begin fill denser part of Nearfield
 End fill
 Filling Amn                 Delta_CPU=         89.78 Memory(MB)=        653.71


 Now testing preconditioner with
 ipretype =           10
 method = cfie_solve_nfrasspspre_pardiso

  
 NBP>>Begin fill sparser part of Nearfield

117.5858% NBP>>Begin fill denser part of Nearfield

200.1041%
 Begin MLFMA Box-Matrix Based Spar-RAS Prec Constructor
 --- Intel MKL PARDISO --- 
 Memory for iGroup: 1 1.41205e+09 MB
 Total Memory For SparRAS Pre: 1.41205e+09 MB
 --- PARDISO PRECONDITIONER INITIALIZED --- 
 Constructing preconditioner CPU time: 4 s
 
 1101240
 Memory for Iteration:: 16.8036 MB

 Iseg, Ninc_S : 1, 181, 0

 Iseg, Skeleton Angles: 1, 40
 Iseg, Skel-Pk Mem(MB): 1, 314.35

 Iseg, Irank, Idinc : 1, 1, 22
 Thata, Phi : 90.000000, 21.000000
 Maximun iteration: 300
 Number of recycle truncation: 30
 Final matrix dimension:  36708
 Residual error:0.001000
 0  6.147574e-01
 1  2.910382e-01
 2  1.659580e-01
 3  1.134553e-01
 4  7.974472e-02
 5  5.902337e-02
 6  4.502268e-02
 7  3.496427e-02
 8  2.762742e-02
 9  2.223488e-02
 10  1.733555e-02
 11  1.378114e-02
 12  1.083877e-02
 13  8.883893e-03
 14  7.261931e-03
 15  6.110194e-03
 16  5.075564e-03
 17  4.262422e-03
 18  3.562464e-03
 19  3.030832e-03
 20  2.632538e-03
 21  2.268093e-03
 22  2.013639e-03
 23  1.826200e-03
 24  1.701435e-03
 25  1.581940e-03
 26  1.475924e-03
 27  1.385877e-03
 28  1.308300e-03
 29  1.231240e-03
 30  1.147081e-03
 31  1.053771e-03
 32  9.577765e-04
 Iteration CPU time: 8 s
 CFIE residual: 0.000957776

 Iseg, Irank, Idinc : 1, 2, 42
 Thata, Phi : 90.000000, 41.000000
 Maximun iteration: 300
 Number of recycle truncation: 30
 Final matrix dimension:  36708
 Residual error:0.001000
 0  6.269513e-01
 1  3.150725e-01
 2  1.994490e-01
 3  1.296373e-01
 4  8.881409e-02
 5  6.490605e-02
 6  4.783726e-02
 7  3.642632e-02
 8  2.788777e-02
 9  2.122579e-02
 10  1.624545e-02
 11  1.274964e-02
 12  1.031204e-02
 13  8.464941e-03
 14  6.957258e-03
 15  5.738794e-03
 16  4.862841e-03
 17  4.221051e-03
 18  3.779952e-03
 19  3.428026e-03
 20  3.146900e-03
 21  2.934149e-03
 22  2.730637e-03
 23  2.526807e-03
 24  2.366534e-03
 25  2.195150e-03
 26  1.998381e-03
 27  1.768393e-03
 28  1.569120e-03
 29  1.329863e-03
 30  1.108497e-03
 31  9.055825e-04
 Iteration CPU time: 7 s
 CFIE residual: 0.000905583

 Iseg, Irank, Idinc : 1, 3, 109
 Thata, Phi : 90.000000, 108.000000
 Maximun iteration: 300
 Number of recycle truncation: 30
 Final matrix dimension:  36708
 Residual error:0.001000
 0  6.284137e-01
 1  3.550263e-01
 2  2.225599e-01
 3  1.532597e-01
 4  1.073500e-01
 5  8.075838e-02
 6  6.221339e-02
 7  4.779285e-02
 8  3.801369e-02
 9  3.080232e-02
 10  2.380091e-02
 11  1.866370e-02
 12  1.529404e-02
 13  1.262560e-02
 14  1.027138e-02
 15  8.425472e-03
 16  7.034966e-03
 17  5.943452e-03
 18  5.112007e-03
 19  4.421195e-03
 20  3.920580e-03
 21  3.486535e-03
 22  3.152357e-03
 23  2.895514e-03
 24  2.700408e-03
 25  2.513049e-03
 26  2.343991e-03
 27  2.172065e-03
 28  1.965779e-03
 29  1.751140e-03
 30  1.520564e-03
 31  1.276681e-03
 32  1.027143e-03
 33  8.269236e-04
 Iteration CPU time: 8 s
 CFIE residual: 0.000826924

 Iseg, Irank, Idinc : 1, 4, 64
 Thata, Phi : 90.000000, 63.000000
 Maximun iteration: 300
 Number of recycle truncation: 30
 Final matrix dimension:  36708
 Residual error:0.001000
 0  6.627669e-01
 1  3.574931e-01
 2  2.225633e-01
 3  1.435160e-01
 4  1.031278e-01
 5  7.854157e-02
 6  5.977526e-02
 7  4.610830e-02
 8  3.715722e-02
 9  2.974697e-02
 10  2.327735e-02
 11  1.844003e-02
 12  1.440141e-02
 13  1.175639e-02
 14  9.860572e-03
 15  8.300726e-03
 16  7.434638e-03
 17  6.739128e-03
 18  6.116318e-03
 19  5.599354e-03
 20  5.167051e-03
 21  4.759624e-03
 22  4.461021e-03
 23  4.184067e-03
 24  3.853721e-03
 25  3.461423e-03
 26  3.081339e-03
 27  2.637291e-03
 28  2.220219e-03
 29  1.819799e-03
 30  1.432510e-03
 31  1.120724e-03
 32  8.878889e-04
 Iteration CPU time: 8 s
 CFIE residual: 0.000887889

 Iseg, Irank, Idinc : 1, 5, 147
 Thata, Phi : 90.000000, 146.000000
 Maximun iteration: 300
 Number of recycle truncation: 30
 Final matrix dimension:  36708
 Residual error:0.001000
 0  6.521198e-01
 1  3.446418e-01
 2  2.083065e-01
 3  1.427741e-01
 4  1.037402e-01
 5  7.917506e-02
 6  6.247254e-02
 7  4.883875e-02
 8  4.081448e-02
 9  3.446296e-02
 10  2.915520e-02
 11  2.457677e-02
 12  2.017320e-02
 13  1.609640e-02
 14  1.307773e-02
 15  1.051595e-02
 16  8.462356e-03
 17  7.096392e-03
 18  5.793742e-03
 19  4.770833e-03
 20  3.922435e-03
 21  3.258934e-03
 22  2.805207e-03
 23  2.446105e-03
 24  2.187137e-03
 25  1.990261e-03
 26  1.845660e-03
 27  1.723388e-03
 28  1.614089e-03
 29  1.501894e-03
 30  1.380013e-03
 31  1.240941e-03
 32  1.080189e-03
 33  9.069137e-04
 Iteration CPU time: 7 s
 CFIE residual: 0.000906914

 Iseg, Irank, Idinc : 1, 6, 74
 Thata, Phi : 90.000000, 73.000000
 Maximun iteration: 300
 Number of recycle truncation: 30
 Final matrix dimension:  36708
 Residual error:0.001000
 0  6.398749e-01
 1  3.651688e-01
 2  2.373662e-01
 3  1.491885e-01
 4  1.042245e-01
 5  7.917696e-02
 6  6.216823e-02
 7  4.861567e-02
 8  3.901702e-02
 9  3.197306e-02
 10  2.490290e-02
 11  1.981572e-02
 12  1.614171e-02
 13  1.352453e-02
 14  1.151250e-02
 15  9.791106e-03
 16  8.519233e-03
 17  7.644463e-03
 18  6.922517e-03
 19  6.325746e-03
 20  5.805606e-03
 21  5.388428e-03
 22  5.031770e-03
 23  4.715649e-03
 24  4.392551e-03
 25  4.046613e-03
 26  3.630905e-03
 27  3.180460e-03
 28  2.738787e-03
 29  2.359658e-03
 30  1.925510e-03
 31  1.545445e-03
 32  1.213849e-03
 33  9.349351e-04
 Iteration CPU time: 8 s
 CFIE residual: 0.000934935

 Iseg, Irank, Idinc : 1, 7, 85
 Thata, Phi : 90.000000, 84.000000
 Maximun iteration: 300
 Number of recycle truncation: 30
 Final matrix dimension:  36708
 Residual error:0.001000
 0  6.174681e-01
 1  3.508971e-01
 2  2.268726e-01
 3  1.541389e-01
 4  1.110686e-01
 5  8.589341e-02
 6  6.614936e-02
 7  5.238366e-02
 8  4.184633e-02
 9  3.456247e-02
 10  2.697384e-02
 11  2.055538e-02
 12  1.623891e-02
 13  1.338561e-02
 14  1.116464e-02
 15  9.503200e-03
 16  8.169026e-03
 17  7.156029e-03
 18  6.401305e-03
 19  5.832376e-03
 20  5.400053e-03
 21  5.050659e-03
 22  4.721809e-03
 23  4.422710e-03
 24  4.088619e-03
 25  3.738297e-03
 26  3.409947e-03
 27  3.044881e-03
 28  2.662085e-03
 29  2.259094e-03
 30  1.920965e-03
 31  1.580941e-03
 32  1.300552e-03
 33  1.036767e-03
 34  8.548187e-04
 Iteration CPU time: 8 s
 CFIE residual: 0.000854819

 Iseg, Irank, Idinc : 1, 8, 159
 Thata, Phi : 90.000000, 158.000000
 Maximun iteration: 300
 Number of recycle truncation: 30
 Final matrix dimension:  36708
 Residual error:0.001000
 0  6.115667e-01
 1  3.136189e-01
 2  1.914413e-01
 3  1.303224e-01
 4  9.946805e-02
 5  7.921321e-02
 6  6.382155e-02
 7  5.106638e-02
 8  4.371472e-02
 9  3.761378e-02
 10  3.150499e-02
 11  2.598553e-02
 12  2.150620e-02
 13  1.751431e-02
 14  1.418589e-02
 15  1.159261e-02
 16  9.512978e-03
 17  7.797693e-03
 18  6.262181e-03
 19  5.249858e-03
 20  4.185742e-03
 21  3.515464e-03
 22  2.982624e-03
 23  2.586828e-03
 24  2.245975e-03
 25  1.964707e-03
 26  1.762157e-03
 27  1.620045e-03
 28  1.502259e-03
 29  1.415265e-03
 30  1.344586e-03
 31  1.267917e-03
 32  1.172849e-03
 33  1.052823e-03
 34  9.167834e-04
 Iteration CPU time: 8 s
 CFIE residual: 0.000916783

 Iseg, Irank, Idinc : 1, 9, 134
 Thata, Phi : 90.000000, 133.000000
 Maximun iteration: 300
 Number of recycle truncation: 30
 Final matrix dimension:  36708
 Residual error:0.001000
 0  6.946754e-01
 1  3.586736e-01
 2  2.269857e-01
 3  1.539774e-01
 4  1.104701e-01
 5  8.391188e-02
 6  6.412293e-02
 7  4.990845e-02
 8  4.007150e-02
 9  3.115006e-02
 10  2.487567e-02
 11  2.034442e-02
 12  1.620033e-02
 13  1.300950e-02
 14  1.062970e-02
 15  8.687910e-03
 16  7.174600e-03
 17  5.921202e-03
 18  4.947814e-03
 19  4.293576e-03
 20  3.741988e-03
 21  3.361961e-03
 22  3.058761e-03
 23  2.779698e-03
 24  2.599761e-03
 25  2.437056e-03
 26  2.277815e-03
 27  2.124000e-03
 28  1.982561e-03
 29  1.835375e-03
 30  1.653269e-03
 31  1.455270e-03
 32  1.247049e-03
 33  1.056328e-03
 34  8.923485e-04
 Iteration CPU time: 8 s
 CFIE residual: 0.000892349

 Iseg, Irank, Idinc : 1, 10, 123
 Thata, Phi : 90.000000, 122.000000
 Maximun iteration: 300
 Number of recycle truncation: 30
 Final matrix dimension:  36708
 Residual error:0.001000
 0  6.529464e-01
 1  3.426464e-01
 2  2.250181e-01
 3  1.566280e-01
 4  1.113558e-01
 5  8.355075e-02
 6  6.445764e-02
 7  5.036208e-02
 8  3.876562e-02
 9  2.975068e-02
 10  2.390919e-02
 11  1.900330e-02
 12  1.512919e-02
 13  1.224179e-02
 14  9.992778e-03
 15  8.601660e-03
 16  7.277894e-03
 17  6.196104e-03
 18  5.339765e-03
 19  4.649081e-03
 20  4.149857e-03
 21  3.716142e-03
 22  3.383232e-03
 23  3.079554e-03
 24  2.856928e-03
 25  2.662940e-03
 26  2.479736e-03
 27  2.327849e-03
 28  2.179105e-03
 29  2.020473e-03
 30  1.841889e-03
 31  1.640232e-03
 32  1.410471e-03
 33  1.167001e-03
 34  9.751991e-04
 Iteration CPU time: 8 s
 CFIE residual: 0.000975199

 Iseg, Irank, Idinc : 1, 11, 53
 Thata, Phi : 90.000000, 52.000000
 Maximun iteration: 300
 Number of recycle truncation: 30
 Final matrix dimension:  36708
 Residual error:0.001000
 0  6.488985e-01
 1  3.376224e-01
 2  2.079240e-01
 3  1.343948e-01
 4  9.622842e-02
 5  7.126231e-02
 6  5.438192e-02
 7  4.255042e-02
 8  3.271624e-02
 9  2.442231e-02
 10  1.918732e-02
 11  1.499086e-02
 12  1.199462e-02
 13  9.800618e-03
 14  8.210278e-03
 15  7.064446e-03
 16  6.183254e-03
 17  5.461156e-03
 18  4.910479e-03
 19  4.522277e-03
 20  4.116349e-03
 21  3.814899e-03
 22  3.597902e-03
 23  3.370656e-03
 24  3.059258e-03
 25  2.765546e-03
 26  2.449864e-03
 27  2.076320e-03
 28  1.769631e-03
 29  1.433488e-03
 30  1.137834e-03
 31  9.042519e-04
 Iteration CPU time: 7 s
 CFIE residual: 0.000904252

 Iseg, Irank, Idinc : 1, 12, 32
 Thata, Phi : 90.000000, 31.000000
 Maximun iteration: 300
 Number of recycle truncation: 30
 Final matrix dimension:  36708
 Residual error:0.001000
 0  6.317992e-01
 1  3.053622e-01
 2  1.794912e-01
 3  1.136520e-01
 4  8.002265e-02
 5  5.902583e-02
 6  4.319526e-02
 7  3.251058e-02
 8  2.536954e-02
 9  2.035189e-02
 10  1.620651e-02
 11  1.289751e-02
 12  1.009577e-02
 13  8.500690e-03
 14  6.764518e-03
 15  5.695142e-03
 16  4.772665e-03
 17  4.091991e-03
 18  3.482065e-03
 19  3.034018e-03
 20  2.689637e-03
 21  2.416891e-03
 22  2.223075e-03
 23  2.076071e-03
 24  1.952104e-03
 25  1.827477e-03
 26  1.709778e-03
 27  1.596046e-03
 28  1.476917e-03
 29  1.330342e-03
 30  1.186767e-03
 31  1.025782e-03
 32  8.874172e-04
 Iteration CPU time: 8 s
 CFIE residual: 0.000887417

 Iseg, Irank, Idinc : 1, 13, 93
 Thata, Phi : 90.000000, 92.000000
 Maximun iteration: 300
 Number of recycle truncation: 30
 Final matrix dimension:  36708
 Residual error:0.001000
 0  6.143294e-01
 1  3.519835e-01
 2  2.237103e-01
 3  1.493317e-01
 4  1.066041e-01
 5  8.306646e-02
 6  6.476157e-02
 7  5.128968e-02
 8  4.114233e-02
 9  3.337519e-02
 10  2.647622e-02
 11  2.099317e-02
 12  1.701197e-02
 13  1.400159e-02
 14  1.167277e-02
 15  9.835835e-03
 16  8.195392e-03
 17  7.058045e-03
 18  6.210583e-03
 19  5.574975e-03
 20  5.080551e-03
 21  4.701356e-03
 22  4.346337e-03
 23  4.093656e-03
 24  3.774958e-03
 25  3.525933e-03
 26  3.291116e-03
 27  3.025715e-03
 28  2.677150e-03
 29  2.257577e-03
 30  1.858130e-03
 31  1.547210e-03
 32  1.224731e-03
 33  9.620118e-04
 Iteration CPU time: 7 s
 CFIE residual: 0.000962012

 Iseg, Irank, Idinc : 1, 14, 11
 Thata, Phi : 90.000000, 10.000000
 Maximun iteration: 300
 Number of recycle truncation: 30
 Final matrix dimension:  36708
 Residual error:0.001000
 0  5.435735e-01
 1  2.756214e-01
 2  1.729296e-01
 3  1.228615e-01
 4  8.806214e-02
 5  6.613806e-02
 6  5.108691e-02
 7  3.934046e-02
 8  3.069311e-02
 9  2.430011e-02
 10  1.890251e-02
 11  1.473110e-02
 12  1.150207e-02
 13  9.342682e-03
 14  7.563654e-03
 15  6.149731e-03
 16  5.067817e-03
 17  4.232990e-03
 18  3.605888e-03
 19  3.098608e-03
 20  2.650565e-03
 21  2.329587e-03
 22  2.009924e-03
 23  1.777458e-03
 24  1.623959e-03
 25  1.497192e-03
 26  1.393031e-03
 27  1.297858e-03
 28  1.225667e-03
 29  1.154117e-03
 30  1.084453e-03
 31  1.005847e-03
 32  9.343583e-04
 Iteration CPU time: 8 s
 CFIE residual: 0.000934358

 Iseg, Irank, Idinc : 1, 15, 178
 Thata, Phi : 90.000000, 177.000000
 Maximun iteration: 300
 Number of recycle truncation: 30
 Final matrix dimension:  36708
 Residual error:0.001000
 0  5.639589e-01
 1  2.991107e-01
 2  1.906085e-01
 3  1.341284e-01
 4  1.051495e-01
 5  8.080467e-02
 6  6.542694e-02
 7  5.466180e-02
 8  4.481018e-02
 9  3.499229e-02
 10  2.747928e-02
 11  2.206425e-02
 12  1.784746e-02
 13  1.400828e-02
 14  1.141378e-02
 15  8.915522e-03
 16  7.092008e-03
 17  5.828636e-03
 18  4.781476e-03
 19  3.861107e-03
 20  3.043383e-03
 21  2.535100e-03
 22  2.157540e-03
 23  1.860603e-03
 24  1.590766e-03
 25  1.359094e-03
 26  1.175325e-03
 27  1.028458e-03
 28  9.313505e-04
 Iteration CPU time: 7 s
 CFIE residual: 0.000931351

 Iseg, Irank, Idinc : 1, 16, 101
 Thata, Phi : 90.000000, 100.000000
 Maximun iteration: 300
 Number of recycle truncation: 30
 Final matrix dimension:  36708
 Residual error:0.001000
 0  6.132148e-01
 1  3.502100e-01
 2  2.199531e-01
 3  1.481865e-01
 4  1.043134e-01
 5  7.823779e-02
 6  6.035075e-02
 7  4.739731e-02
 8  3.731974e-02
 9  3.028439e-02
 10  2.472532e-02
 11  1.992164e-02
 12  1.584083e-02
 13  1.303898e-02
 14  1.098357e-02
 15  8.908758e-03
 16  7.469736e-03
 17  6.396076e-03
 18  5.555949e-03
 19  4.939066e-03
 20  4.472201e-03
 21  4.050215e-03
 22  3.658881e-03
 23  3.420765e-03
 24  3.177121e-03
 25  2.962940e-03
 26  2.777772e-03
 27  2.595063e-03
 28  2.355528e-03
 29  2.086856e-03
 30  1.789109e-03
 31  1.497460e-03
 32  1.192850e-03
 33  9.711794e-04
 Iteration CPU time: 7 s
 CFIE residual: 0.000971179

 Iseg, Irank, Idinc : 1, 17, 116
 Thata, Phi : 90.000000, 115.000000
 Maximun iteration: 300
 Number of recycle truncation: 30
 Final matrix dimension:  36708
 Residual error:0.001000
 0  6.459586e-01
 1  3.486051e-01
 2  2.198585e-01
 3  1.537723e-01
 4  1.091773e-01
 5  8.062257e-02
 6  6.140191e-02
 7  4.759252e-02
 8  3.812796e-02
 9  2.986049e-02
 10  2.306366e-02
 11  1.795168e-02
 12  1.485771e-02
 13  1.232876e-02
 14  9.953694e-03
 15  8.196698e-03
 16  6.924056e-03
 17  5.870987e-03
 18  5.075704e-03
 19  4.426712e-03
 20  3.975061e-03
 21  3.553576e-03
 22  3.219842e-03
 23  2.945421e-03
 24  2.742496e-03
 25  2.564266e-03
 26  2.387975e-03
 27  2.226776e-03
 28  2.067898e-03
 29  1.886663e-03
 30  1.662929e-03
 31  1.405113e-03
 32  1.135857e-03
 33  8.900421e-04
 Iteration CPU time: 8 s
 CFIE residual: 0.000890042

 Iseg, Irank, Idinc : 1, 18, 1
 Thata, Phi : 90.000000, 0.000000
 Maximun iteration: 300
 Number of recycle truncation: 30
 Final matrix dimension:  36708
 Residual error:0.001000
 0  5.087296e-01
 1  2.676620e-01
 2  1.735532e-01
 3  1.207843e-01
 4  8.554426e-02
 5  6.425769e-02
 6  5.000806e-02
 7  3.808578e-02
 8  2.894324e-02
 9  2.282381e-02
 10  1.722480e-02
 11  1.365628e-02
 12  1.126264e-02
 13  8.741881e-03
 14  7.067209e-03
 15  5.604015e-03
 16  4.545316e-03
 17  3.747718e-03
 18  3.187763e-03
 19  2.744068e-03
 20  2.361024e-03
 21  2.073556e-03
 22  1.811109e-03
 23  1.578442e-03
 24  1.395792e-03
 25  1.262146e-03
 26  1.167132e-03
 27  1.098366e-03
 28  1.034755e-03
 29  9.674553e-04
 Iteration CPU time: 7 s
 CFIE residual: 0.000967455

 Iseg, Irank, Idinc : 1, 19, 167
 Thata, Phi : 90.000000, 166.000000
 Maximun iteration: 300
 Number of recycle truncation: 30
 Final matrix dimension:  36708
 Residual error:0.001000
 0  5.821742e-01
 1  3.019411e-01
 2  1.885190e-01
 3  1.329373e-01
 4  1.039616e-01
 5  8.207527e-02
 6  6.761667e-02
 7  5.494750e-02
 8  4.587160e-02
 9  3.812322e-02
 10  3.246881e-02
 11  2.704001e-02
 12  2.250210e-02
 13  1.805599e-02
 14  1.482389e-02
 15  1.222434e-02
 16  9.963934e-03
 17  8.177061e-03
 18  6.422981e-03
 19  5.257595e-03
 20  4.299909e-03
 21  3.469728e-03
 22  2.927921e-03
 23  2.481266e-03
 24  2.077989e-03
 25  1.750420e-03
 26  1.498878e-03
 27  1.334113e-03
 28  1.217836e-03
 29  1.137161e-03
 30  1.076961e-03
 31  1.019023e-03
 32  9.554511e-04
 Iteration CPU time: 8 s
 CFIE residual: 0.000955451

 Iseg, Irank, Idinc : 1, 20, 79
 Thata, Phi : 90.000000, 78.000000
 Maximun iteration: 300
 Number of recycle truncation: 30
 Final matrix dimension:  36708
 Residual error:0.001000
 0  6.256086e-01
 1  3.582083e-01
 2  2.324554e-01
 3  1.491048e-01
 4  1.060912e-01
 5  8.161170e-02
 6  6.288836e-02
 7  5.034375e-02
 8  3.941062e-02
 9  3.215131e-02
 10  2.549578e-02
 11  1.999130e-02
 12  1.599458e-02
 13  1.337847e-02
 14  1.128142e-02
 15  9.746292e-03
 16  8.481665e-03
 17  7.416455e-03
 18  6.640519e-03
 19  6.067496e-03
 20  5.555725e-03
 21  5.190610e-03
 22  4.864217e-03
 23  4.577339e-03
 24  4.245781e-03
 25  3.926470e-03
 26  3.573957e-03
 27  3.167775e-03
 28  2.778183e-03
 29  2.403968e-03
 30  1.998165e-03
 31  1.645647e-03
 32  1.293930e-03
 33  1.016054e-03
 34  7.621655e-04
 Iteration CPU time: 7 s
 CFIE residual: 0.000762165

 Iseg, Irank, Idinc : 1, 21, 141
 Thata, Phi : 90.000000, 140.000000
 Maximun iteration: 300
 Number of recycle truncation: 30
 Final matrix dimension:  36708
 Residual error:0.001000
 0  6.860971e-01
 1  3.525068e-01
 2  2.136300e-01
 3  1.471686e-01
 4  1.075190e-01
 5  8.129301e-02
 6  6.240751e-02
 7  4.926393e-02
 8  4.052959e-02
 9  3.342912e-02
 10  2.752910e-02
 11  2.294104e-02
 12  1.866984e-02
 13  1.524424e-02
 14  1.197906e-02
 15  9.848227e-03
 16  7.882809e-03
 17  6.543501e-03
 18  5.357002e-03
 19  4.421651e-03
 20  3.764750e-03
 21  3.246755e-03
 22  2.879557e-03
 23  2.591577e-03
 24  2.376202e-03
 25  2.219685e-03
 26  2.084118e-03
 27  1.960079e-03
 28  1.840716e-03
 29  1.718909e-03
 30  1.579662e-03
 31  1.411842e-03
 32  1.251603e-03
 33  1.099535e-03
 34  9.463913e-04
 Iteration CPU time: 7 s
 CFIE residual: 0.000946391

 Iseg, Irank, Idinc : 1, 22, 173
 Thata, Phi : 90.000000, 172.000000
 Maximun iteration: 300
 Number of recycle truncation: 30
 Final matrix dimension:  36708
 Residual error:0.001000
 0  5.694300e-01
 1  2.994938e-01
 2  1.905371e-01
 3  1.347136e-01
 4  1.060352e-01
 5  8.262077e-02
 6  6.743384e-02
 7  5.586345e-02
 8  4.633587e-02
 9  3.729449e-02
 10  3.039067e-02
 11  2.519025e-02
 12  2.100927e-02
 13  1.692107e-02
 14  1.392317e-02
 15  1.124772e-02
 16  9.397526e-03
 17  7.586690e-03
 18  5.974157e-03
 19  4.869157e-03
 20  3.888659e-03
 21  3.155196e-03
 22  2.660975e-03
 23  2.283468e-03
 24  1.917558e-03
 25  1.611351e-03
 26  1.373129e-03
 27  1.197908e-03
 28  1.078515e-03
 29  9.976979e-04
 Iteration CPU time: 7 s
 CFIE residual: 0.000997698

 Iseg, Irank, Idinc : 1, 23, 6
 Thata, Phi : 90.000000, 5.000000
 Maximun iteration: 300
 Number of recycle truncation: 30
 Final matrix dimension:  36708
 Residual error:0.001000
 0  5.187572e-01
 1  2.700992e-01
 2  1.732670e-01
 3  1.217464e-01
 4  8.722002e-02
 5  6.577842e-02
 6  5.035619e-02
 7  3.798257e-02
 8  2.894253e-02
 9  2.329806e-02
 10  1.835427e-02
 11  1.450608e-02
 12  1.134550e-02
 13  9.239870e-03
 14  7.639878e-03
 15  6.108394e-03
 16  5.001841e-03
 17  4.160709e-03
 18  3.505157e-03
 19  3.034661e-03
 20  2.637877e-03
 21  2.307466e-03
 22  1.991792e-03
 23  1.741682e-03
 24  1.560891e-03
 25  1.423477e-03
 26  1.305252e-03
 27  1.219541e-03
 28  1.143996e-03
 29  1.069206e-03
 30  9.937332e-04
 Iteration CPU time: 7 s
 CFIE residual: 0.000993733

 Iseg, Irank, Idinc : 1, 24, 181
 Thata, Phi : 90.000000, 180.000000
 Maximun iteration: 300
 Number of recycle truncation: 30
 Final matrix dimension:  36708
 Residual error:0.001000
 0  5.629184e-01
 1  2.990612e-01
 2  1.905408e-01
 3  1.339105e-01
 4  1.047865e-01
 5  8.003027e-02
 6  6.471426e-02
 7  5.403902e-02
 8  4.404413e-02
 9  3.423836e-02
 10  2.677765e-02
 11  2.117274e-02
 12  1.640786e-02
 13  1.283129e-02
 14  1.018394e-02
 15  7.937494e-03
 16  6.019610e-03
 17  4.855664e-03
 18  3.943257e-03
 19  3.115378e-03
 20  2.565416e-03
 21  2.174496e-03
 22  1.845343e-03
 23  1.556828e-03
 24  1.334626e-03
 25  1.173992e-03
 26  1.038951e-03
 27  9.298789e-04
 Iteration CPU time: 6 s
 CFIE residual: 0.000929879

 Iseg, Irank, Idinc : 1, 25, 17
 Thata, Phi : 90.000000, 16.000000
 Maximun iteration: 300
 Number of recycle truncation: 30
 Final matrix dimension:  36708
 Residual error:0.001000
 0  5.826479e-01
 1  2.836947e-01
 2  1.699661e-01
 3  1.188840e-01
 4  8.412915e-02
 5  6.307475e-02
 6  4.921111e-02
 7  3.812500e-02
 8  2.983797e-02
 9  2.348548e-02
 10  1.845853e-02
 11  1.479825e-02
 12  1.141296e-02
 13  9.129927e-03
 14  7.399360e-03
 15  6.258231e-03
 16  5.168537e-03
 17  4.331522e-03
 18  3.631795e-03
 19  3.080250e-03
 20  2.641462e-03
 21  2.282607e-03
 22  1.994142e-03
 23  1.780528e-03
 24  1.643359e-03
 25  1.526610e-03
 26  1.423380e-03
 27  1.333095e-03
 28  1.265016e-03
 29  1.194961e-03
 30  1.121328e-03
 31  1.040051e-03
 32  9.557291e-04
 Iteration CPU time: 8 s
 CFIE residual: 0.000955729

 Iseg, Irank, Idinc : 1, 26, 58
 Thata, Phi : 90.000000, 57.000000
 Maximun iteration: 300
 Number of recycle truncation: 30
 Final matrix dimension:  36708
 Residual error:0.001000
 0  6.607669e-01
 1  3.444756e-01
 2  2.132537e-01
 3  1.348128e-01
 4  9.607928e-02
 5  7.068695e-02
 6  5.459256e-02
 7  4.304754e-02
 8  3.450517e-02
 9  2.653732e-02
 10  2.006070e-02
 11  1.579661e-02
 12  1.278990e-02
 13  1.030411e-02
 14  8.563136e-03
 15  7.223380e-03
 16  6.431563e-03
 17  5.738629e-03
 18  5.188452e-03
 19  4.808069e-03
 20  4.439039e-03
 21  4.100051e-03
 22  3.823943e-03
 23  3.562166e-03
 24  3.274667e-03
 25  2.974621e-03
 26  2.632169e-03
 27  2.278080e-03
 28  1.908430e-03
 29  1.559265e-03
 30  1.264985e-03
 31  1.019221e-03
 32  8.070223e-04
 Iteration CPU time: 7 s
 CFIE residual: 0.000807022

 Iseg, Irank, Idinc : 1, 27, 153
 Thata, Phi : 90.000000, 152.000000
 Maximun iteration: 300
 Number of recycle truncation: 30
 Final matrix dimension:  36708
 Residual error:0.001000
 0  6.323088e-01
 1  3.291697e-01
 2  2.009029e-01
 3  1.356071e-01
 4  1.009631e-01
 5  7.874373e-02
 6  6.257074e-02
 7  4.944625e-02
 8  4.178642e-02
 9  3.529817e-02
 10  3.003245e-02
 11  2.495894e-02
 12  2.006269e-02
 13  1.642755e-02
 14  1.339211e-02
 15  1.096777e-02
 16  8.849045e-03
 17  7.266898e-03
 18  5.835335e-03
 19  4.918028e-03
 20  4.017788e-03
 21  3.350283e-03
 22  2.884139e-03
 23  2.509157e-03
 24  2.205408e-03
 25  1.979219e-03
 26  1.816371e-03
 27  1.675346e-03
 28  1.560347e-03
 29  1.466157e-03
 30  1.370256e-03
 31  1.266968e-03
 32  1.137860e-03
 33  9.828263e-04
 Iteration CPU time: 8 s
 CFIE residual: 0.000982826

 Iseg, Irank, Idinc : 1, 28, 37
 Thata, Phi : 90.000000, 36.000000
 Maximun iteration: 300
 Number of recycle truncation: 30
 Final matrix dimension:  36708
 Residual error:0.001000
 0  6.221314e-01
 1  3.118345e-01
 2  1.921211e-01
 3  1.222661e-01
 4  8.361352e-02
 5  6.154899e-02
 6  4.477933e-02
 7  3.379230e-02
 8  2.615071e-02
 9  2.037412e-02
 10  1.593267e-02
 11  1.265068e-02
 12  1.006167e-02
 13  8.346696e-03
 14  6.801120e-03
 15  5.609068e-03
 16  4.666372e-03
 17  4.043256e-03
 18  3.515891e-03
 19  3.109802e-03
 20  2.808145e-03
 21  2.588408e-03
 22  2.408026e-03
 23  2.241361e-03
 24  2.119453e-03
 25  1.984515e-03
 26  1.833976e-03
 27  1.673038e-03
 28  1.526033e-03
 29  1.337781e-03
 30  1.152805e-03
 31  9.782786e-04
 Iteration CPU time: 7 s
 CFIE residual: 0.000978279

 Iseg, Irank, Idinc : 1, 29, 128
 Thata, Phi : 90.000000, 127.000000
 Maximun iteration: 300
 Number of recycle truncation: 30
 Final matrix dimension:  36708
 Residual error:0.001000
 0  6.652965e-01
 1  3.500520e-01
 2  2.285293e-01
 3  1.567252e-01
 4  1.120305e-01
 5  8.530801e-02
 6  6.487832e-02
 7  5.051180e-02
 8  3.967078e-02
 9  3.126747e-02
 10  2.483569e-02
 11  1.952558e-02
 12  1.530959e-02
 13  1.252665e-02
 14  1.042166e-02
 15  8.615312e-03
 16  7.175956e-03
 17  6.016356e-03
 18  5.087822e-03
 19  4.453855e-03
 20  3.999339e-03
 21  3.593399e-03
 22  3.277050e-03
 23  3.014276e-03
 24  2.812736e-03
 25  2.614089e-03
 26  2.442017e-03
 27  2.291483e-03
 28  2.146532e-03
 29  2.009514e-03
 30  1.837889e-03
 31  1.638875e-03
 32  1.430529e-03
 33  1.205869e-03
 34  1.028518e-03
 35  8.432320e-04
 Iteration CPU time: 8 s
 CFIE residual: 0.000843232

 Iseg, Irank, Idinc : 1, 30, 97
 Thata, Phi : 90.000000, 96.000000
 Maximun iteration: 300
 Number of recycle truncation: 30
 Final matrix dimension:  36708
 Residual error:0.001000
 0  6.134274e-01
 1  3.503662e-01
 2  2.209341e-01
 3  1.470510e-01
 4  1.052375e-01
 5  8.011262e-02
 6  6.157055e-02
 7  4.935018e-02
 8  3.904388e-02
 9  3.116989e-02
 10  2.524417e-02
 11  2.005851e-02
 12  1.632362e-02
 13  1.354849e-02
 14  1.118426e-02
 15  9.229589e-03
 16  7.723290e-03
 17  6.656555e-03
 18  5.810612e-03
 19  5.185217e-03
 20  4.711614e-03
 21  4.296627e-03
 22  3.935733e-03
 23  3.723328e-03
 24  3.459577e-03
 25  3.251451e-03
 26  3.044226e-03
 27  2.818716e-03
 28  2.539903e-03
 29  2.180097e-03
 30  1.829507e-03
 31  1.500283e-03
 32  1.173667e-03
 33  9.523944e-04
 Iteration CPU time: 8 s
 CFIE residual: 0.000952394

 Iseg, Irank, Idinc : 1, 31, 3
 Thata, Phi : 90.000000, 2.000000
 Maximun iteration: 300
 Number of recycle truncation: 30
 Final matrix dimension:  36708
 Residual error:0.001000
 0  5.104254e-01
 1  2.680832e-01
 2  1.734908e-01
 3  1.209350e-01
 4  8.585618e-02
 5  6.459326e-02
 6  5.005056e-02
 7  3.797976e-02
 8  2.883009e-02
 9  2.283206e-02
 10  1.752892e-02
 11  1.406840e-02
 12  1.130048e-02
 13  8.952507e-03
 14  7.326330e-03
 15  5.902976e-03
 16  4.860286e-03
 17  4.035997e-03
 18  3.386052e-03
 19  2.934937e-03
 20  2.565018e-03
 21  2.255962e-03
 22  1.947223e-03
 23  1.689423e-03
 24  1.506053e-03
 25  1.361809e-03
 26  1.232365e-03
 27  1.149279e-03
 28  1.078028e-03
 29  1.010192e-03
 30  9.352798e-04
 Iteration CPU time: 7 s
 CFIE residual: 0.00093528

 Iseg, Irank, Idinc : 1, 32, 48
 Thata, Phi : 90.000000, 47.000000
 Maximun iteration: 300
 Number of recycle truncation: 30
 Final matrix dimension:  36708
 Residual error:0.001000
 0  6.370910e-01
 1  3.267760e-01
 2  2.037528e-01
 3  1.337197e-01
 4  9.521867e-02
 5  7.141034e-02
 6  5.345873e-02
 7  4.117470e-02
 8  3.154531e-02
 9  2.431771e-02
 10  1.881184e-02
 11  1.443480e-02
 12  1.151090e-02
 13  9.356447e-03
 14  7.779288e-03
 15  6.543050e-03
 16  5.655839e-03
 17  4.969857e-03
 18  4.508292e-03
 19  4.139036e-03
 20  3.749856e-03
 21  3.469169e-03
 22  3.245363e-03
 23  3.026717e-03
 24  2.792185e-03
 25  2.562043e-03
 26  2.307603e-03
 27  2.010117e-03
 28  1.735655e-03
 29  1.438029e-03
 30  1.179661e-03
 31  9.567010e-04
 Iteration CPU time: 8 s
 CFIE residual: 0.000956701

 Iseg, Irank, Idinc : 1, 33, 163
 Thata, Phi : 90.000000, 162.000000
 Maximun iteration: 300
 Number of recycle truncation: 30
 Final matrix dimension:  36708
 Residual error:0.001000
 0  5.956217e-01
 1  3.063838e-01
 2  1.880030e-01
 3  1.306647e-01
 4  1.011637e-01
 5  8.081933e-02
 6  6.599893e-02
 7  5.307888e-02
 8  4.478440e-02
 9  3.829658e-02
 10  3.251778e-02
 11  2.693668e-02
 12  2.247723e-02
 13  1.808597e-02
 14  1.479876e-02
 15  1.218153e-02
 16  9.996985e-03
 17  8.199088e-03
 18  6.503089e-03
 19  5.375875e-03
 20  4.347035e-03
 21  3.545291e-03
 22  3.007901e-03
 23  2.541187e-03
 24  2.165356e-03
 25  1.856664e-03
 26  1.630230e-03
 27  1.477989e-03
 28  1.366366e-03
 29  1.282638e-03
 30  1.216504e-03
 31  1.152373e-03
 32  1.078427e-03
 33  9.842629e-04
 Iteration CPU time: 7 s
 CFIE residual: 0.000984263

 Iseg, Irank, Idinc : 1, 34, 27
 Thata, Phi : 90.000000, 26.000000
 Maximun iteration: 300
 Number of recycle truncation: 30
 Final matrix dimension:  36708
 Residual error:0.001000
 0  6.339481e-01
 1  2.981087e-01
 2  1.681622e-01
 3  1.100617e-01
 4  7.727040e-02
 5  5.685704e-02
 6  4.226038e-02
 7  3.191154e-02
 8  2.507793e-02
 9  2.073591e-02
 10  1.659652e-02
 11  1.312352e-02
 12  1.036466e-02
 13  8.857938e-03
 14  7.158111e-03
 15  6.014343e-03
 16  5.074094e-03
 17  4.258045e-03
 18  3.591320e-03
 19  3.095263e-03
 20  2.673863e-03
 21  2.333455e-03
 22  2.102498e-03
 23  1.933205e-03
 24  1.811895e-03
 25  1.691350e-03
 26  1.582326e-03
 27  1.486563e-03
 28  1.389046e-03
 29  1.287784e-03
 30  1.177950e-03
 31  1.058981e-03
 32  9.453199e-04
 Iteration CPU time: 8 s
 CFIE residual: 0.00094532

 Iseg, Irank, Idinc : 1, 35, 180
 Thata, Phi : 90.000000, 179.000000
 Maximun iteration: 300
 Number of recycle truncation: 30
 Final matrix dimension:  36708
 Residual error:0.001000
 0  5.630484e-01
 1  2.990687e-01
 2  1.905512e-01
 3  1.339400e-01
 4  1.048347e-01
 5  8.013372e-02
 6  6.481052e-02
 7  5.413662e-02
 8  4.417126e-02
 9  3.434703e-02
 10  2.686707e-02
 11  2.130183e-02
 12  1.668410e-02
 13  1.306373e-02
 14  1.048424e-02
 15  8.144117e-03
 16  6.296127e-03
 17  5.138676e-03
 18  4.226921e-03
 19  3.400839e-03
 20  2.700448e-03
 21  2.263829e-03
 22  1.930883e-03
 23  1.659830e-03
 24  1.426883e-03
 25  1.233005e-03
 26  1.079771e-03
 27  9.546366e-04
 Iteration CPU time: 6 s
 CFIE residual: 0.000954637

 Iseg, Irank, Idinc : 1, 36, 69
 Thata, Phi : 90.000000, 68.000000
 Maximun iteration: 300
 Number of recycle truncation: 30
 Final matrix dimension:  36708
 Residual error:0.001000
 0  6.540112e-01
 1  3.654513e-01
 2  2.326476e-01
 3  1.496958e-01
 4  1.075399e-01
 5  8.174635e-02
 6  6.264111e-02
 7  4.894477e-02
 8  4.015311e-02
 9  3.264378e-02
 10  2.552582e-02
 11  1.988620e-02
 12  1.587426e-02
 13  1.322441e-02
 14  1.119851e-02
 15  9.536825e-03
 16  8.398106e-03
 17  7.543300e-03
 18  6.868944e-03
 19  6.248975e-03
 20  5.740557e-03
 21  5.306426e-03
 22  4.982658e-03
 23  4.685370e-03
 24  4.336692e-03
 25  3.952205e-03
 26  3.515623e-03
 27  3.072502e-03
 28  2.610468e-03
 29  2.169895e-03
 30  1.728535e-03
 31  1.373220e-03
 32  1.100857e-03
 33  8.606031e-04
 Iteration CPU time: 8 s
 CFIE residual: 0.000860603

 Iseg, Irank, Idinc : 1, 37, 113
 Thata, Phi : 90.000000, 112.000000
 Maximun iteration: 300
 Number of recycle truncation: 30
 Final matrix dimension:  36708
 Residual error:0.001000
 0  6.404757e-01
 1  3.522502e-01
 2  2.207289e-01
 3  1.540375e-01
 4  1.090031e-01
 5  8.108083e-02
 6  6.156962e-02
 7  4.753787e-02
 8  3.798984e-02
 9  2.993231e-02
 10  2.315071e-02
 11  1.812444e-02
 12  1.506976e-02
 13  1.249831e-02
 14  1.027807e-02
 15  8.455256e-03
 16  7.067090e-03
 17  5.984633e-03
 18  5.111425e-03
 19  4.395614e-03
 20  3.914115e-03
 21  3.455107e-03
 22  3.145755e-03
 23  2.877330e-03
 24  2.677386e-03
 25  2.501319e-03
 26  2.323236e-03
 27  2.152494e-03
 28  1.984766e-03
 29  1.777422e-03
 30  1.564364e-03
 31  1.309964e-03
 32  1.043475e-03
 33  8.161154e-04
 Iteration CPU time: 8 s
 CFIE residual: 0.000816115

 Iseg, Irank, Idinc : 1, 38, 138
 Thata, Phi : 90.000000, 137.000000
 Maximun iteration: 300
 Number of recycle truncation: 30
 Final matrix dimension:  36708
 Residual error:0.001000
 0  6.985115e-01
 1  3.554988e-01
 2  2.195847e-01
 3  1.506087e-01
 4  1.097246e-01
 5  8.285397e-02
 6  6.314648e-02
 7  4.965006e-02
 8  4.052855e-02
 9  3.249306e-02
 10  2.644986e-02
 11  2.193123e-02
 12  1.769684e-02
 13  1.428858e-02
 14  1.130773e-02
 15  9.197805e-03
 16  7.538612e-03
 17  6.214806e-03
 18  5.146905e-03
 19  4.349400e-03
 20  3.712564e-03
 21  3.289097e-03
 22  2.960372e-03
 23  2.682945e-03
 24  2.491503e-03
 25  2.335616e-03
 26  2.191289e-03
 27  2.050724e-03
 28  1.927750e-03
 29  1.794581e-03
 30  1.636442e-03
 31  1.448136e-03
 32  1.264913e-03
 33  1.091169e-03
 34  9.371653e-04
 Iteration CPU time: 8 s
 CFIE residual: 0.000937165

 Iseg, Irank, Idinc : 1, 39, 14
 Thata, Phi : 90.000000, 13.000000
 Maximun iteration: 300
 Number of recycle truncation: 30
 Final matrix dimension:  36708
 Residual error:0.001000
 0  5.623541e-01
 1  2.795282e-01
 2  1.720262e-01
 3  1.216049e-01
 4  8.651232e-02
 5  6.493896e-02
 6  5.078089e-02
 7  3.928775e-02
 8  3.058056e-02
 9  2.411922e-02
 10  1.907255e-02
 11  1.496371e-02
 12  1.152176e-02
 13  9.235148e-03
 14  7.473058e-03
 15  6.216871e-03
 16  5.129243e-03
 17  4.293831e-03
 18  3.630294e-03
 19  3.103247e-03
 20  2.626127e-03
 21  2.300623e-03
 22  1.996774e-03
 23  1.775945e-03
 24  1.630059e-03
 25  1.509141e-03
 26  1.408312e-03
 27  1.313750e-03
 28  1.247456e-03
 29  1.178172e-03
 30  1.108495e-03
 31  1.028871e-03
 32  9.473880e-04
 Iteration CPU time: 7 s
 CFIE residual: 0.000947388

 Iseg, Irank, Idinc : 1, 40, 175
 Thata, Phi : 90.000000, 174.000000
 Maximun iteration: 300
 Number of recycle truncation: 30
 Final matrix dimension:  36708
 Residual error:0.001000
 0  5.667491e-01
 1  2.992676e-01
 2  1.906746e-01
 3  1.345666e-01
 4  1.058219e-01
 5  8.209510e-02
 6  6.670599e-02
 7  5.549730e-02
 8  4.583390e-02
 9  3.635932e-02
 10  2.906567e-02
 11  2.380558e-02
 12  1.971789e-02
 13  1.560678e-02
 14  1.291452e-02
 15  1.038676e-02
 16  8.600530e-03
 17  6.933779e-03
 18  5.513681e-03
 19  4.506088e-03
 20  3.609442e-03
 21  2.950624e-03
 22  2.492859e-03
 23  2.145631e-03
 24  1.811152e-03
 25  1.528996e-03
 26  1.308602e-03
 27  1.139594e-03
 28  1.025164e-03
 29  9.474467e-04
 Iteration CPU time: 7 s
 CFIE residual: 0.000947447
 Last Built End in Sep 22 2025 09:01:48
 Total CPU time: 319 s
 Finished.
