 Last Built Begin in Sep 21 2025 00:06:12
 Pre-Type( Input ):           10
 Skl-Tol ( Input ):    1.0000000000000001E-005
 Wavelength in freespace: 0.0310238

 ################################################
 ##         Generating Required Mesh          ##
 ##         Waiting.....                      ##
 ################################################
 Subd No.      Subd Name
    1    Open-Duct_PRIME_model_meshAA1                                     
 isub,  nnode, npatch,  nedge:
    1      6118     12236     18354
 Scale Factor         >>   1.54999997E-02
 ################################################

 START TIME: 20250922   023456.622


 Informaton for IE geometry:
 number of subdomains     : 1
 maxnode,maxpatch,maxedge : 6118  12236  18354
 
 Index of Mat-Reg: 1
 Mat-Reg Number via MatFlg: 1
 Edge Number of Mat-Reg: 1, 18354

 Number of Edge on PEC: 18354
 Mat-Reg: No Dim(m) Lmax:
    1 0.231    5
 Totlmax, add1, add2:           5           6           7
 rlengmax of Global MLFMA >>   0.23111548028046042     
 Lmax of Global MLFMA >>            5
 Wavenum of Mat-Reg:
    1 1.000

 total area in sq m           =      0.0510
 total area in sq lambda      =     52.9571
 maxnode, maxpatch, maxedge           =     6118    12236    18354
 longest  edge in lambda              =      0.1505
 shortest edge in lambda              =      0.0071
 average  edge in lambda              =      0.1004
 largest  patch area in sq lambda     =      0.0077
 smallest patch area in sq lambda     =      0.0000
 ave    surface area in sq lambda     =      0.0043
 size range of the object in sq lambda =      7.3957

 #### MLFMA Info For Each Region ####
 Mat-Region =            1
 Array dimension parameters:
 maxrule=          14   maxgrid  =          64
 lmax   =           5   ncmax    =        1250
 lsmax  =          26   lsmin    =           6
 kpm    =        1356   kp0      =          76
 ntlm   =      204640   nsm      =      205900
 nkpm   =        2152   niplm    =      137728
 ngnearm=       14257   ngsndm   =       64634
 nearm  =         333   mfinestm =         119
 ###############################

 CFIE Alpha:  0.50000000000000000     

 Fill MLFMA FI for Mat-Reg:           1
 Begin filltl.f
 fill translation matrix
 Level:            2
 fill shifting matrix
 Level:            3
 fill shifting matrix
 Level:            4
 fill shifting matrix
 Level:            5
 fill shifting matrix
 translator time(s):  0.108000003    
 fill interpolation matrix
 ThetaOrder            8
 PhiOrder            8
 lsl            6
 Filling TL                  Delta_CPU=          0.51 Memory(MB)=        586.87
 Filling sndgrp              Delta_CPU=          0.00 Memory(MB)=        586.87
 Filling VFS                 Delta_CPU=          2.36 Memory(MB)=        586.87

 Fill MLFMA NI for Mat-Reg:           1
 Begin fill sparser part of Nearfield
 Begin fill denser part of Nearfield
 End fill
 Filling Amn                 Delta_CPU=         90.49 Memory(MB)=        586.87


 Now testing preconditioner with
 ipretype =           10
 method = cfie_solve_nfrasspspre_pardiso

  
 NBP>>Begin fill sparser part of Nearfield

114.2560% NBP>>Begin fill denser part of Nearfield

200.1041%
 Begin MLFMA Box-Matrix Based Spar-RAS Prec Constructor
 --- Intel MKL PARDISO --- 
 Memory for iGroup: 1 0 MB
 Total Memory For SparRAS Pre: 0 MB
 --- PARDISO PRECONDITIONER INITIALIZED --- 
 Constructing preconditioner CPU time: 4 s
 
 1101240
 Memory for Iteration:: 16.8036 MB

 Iseg, Ninc_S : 1, 181, 0

 Iseg, Skeleton Angles: 1, 38
 Iseg, Skel-Pk Mem(MB): 1, 314.35

 Iseg, Irank, Idinc : 1, 1, 22
 Thata, Phi : 90.000000, 21.000000
 Maximun iteration: 300
 Number of recycle truncation: 30
 Final matrix dimension:  36708
 Residual error:0.001000
 0  6.091261e-01
 1  2.906962e-01
 2  1.656841e-01
 3  1.137637e-01
 4  8.060721e-02
 5  5.940060e-02
 6  4.546014e-02
 7  3.581394e-02
 8  2.818265e-02
 9  2.233749e-02
 10  1.737066e-02
 11  1.377865e-02
 12  1.114504e-02
 13  9.002126e-03
 14  7.466572e-03
 15  6.380368e-03
 16  5.418514e-03
 17  4.576849e-03
 18  3.964832e-03
 19  3.397824e-03
 20  2.929455e-03
 21  2.616288e-03
 22  2.361402e-03
 23  2.170076e-03
 24  1.975254e-03
 25  1.776560e-03
 26  1.569016e-03
 27  1.378850e-03
 28  1.185269e-03
 29  1.020570e-03
 30  8.614206e-04
 Iteration CPU time: 7 s
 CFIE residual: 0.000861421

 Iseg, Irank, Idinc : 1, 2, 42
 Thata, Phi : 90.000000, 41.000000
 Maximun iteration: 300
 Number of recycle truncation: 30
 Final matrix dimension:  36708
 Residual error:0.001000
 0  6.248034e-01
 1  3.150860e-01
 2  2.001405e-01
 3  1.311381e-01
 4  9.017786e-02
 5  6.550588e-02
 6  4.839655e-02
 7  3.655301e-02
 8  2.808683e-02
 9  2.173222e-02
 10  1.700862e-02
 11  1.361398e-02
 12  1.106423e-02
 13  9.271406e-03
 14  7.810081e-03
 15  6.771646e-03
 16  6.007192e-03
 17  5.301683e-03
 18  4.813192e-03
 19  4.324285e-03
 20  3.822368e-03
 21  3.367193e-03
 22  2.983617e-03
 23  2.567695e-03
 24  2.124655e-03
 25  1.763459e-03
 26  1.451534e-03
 27  1.171320e-03
 28  9.207469e-04
 Iteration CPU time: 6 s
 CFIE residual: 0.000920747

 Iseg, Irank, Idinc : 1, 3, 109
 Thata, Phi : 90.000000, 108.000000
 Maximun iteration: 300
 Number of recycle truncation: 30
 Final matrix dimension:  36708
 Residual error:0.001000
 0  6.324457e-01
 1  3.578451e-01
 2  2.254782e-01
 3  1.545435e-01
 4  1.088178e-01
 5  8.168934e-02
 6  6.338684e-02
 7  4.882756e-02
 8  3.809549e-02
 9  3.063050e-02
 10  2.415372e-02
 11  1.908894e-02
 12  1.535485e-02
 13  1.260234e-02
 14  1.057738e-02
 15  8.862403e-03
 16  7.446857e-03
 17  6.508741e-03
 18  5.727117e-03
 19  5.065119e-03
 20  4.505821e-03
 21  4.073706e-03
 22  3.637402e-03
 23  3.230316e-03
 24  2.863437e-03
 25  2.503094e-03
 26  2.155047e-03
 27  1.804660e-03
 28  1.467339e-03
 29  1.170471e-03
 30  9.263650e-04
 Iteration CPU time: 7 s
 CFIE residual: 0.000926365

 Iseg, Irank, Idinc : 1, 4, 64
 Thata, Phi : 90.000000, 63.000000
 Maximun iteration: 300
 Number of recycle truncation: 30
 Final matrix dimension:  36708
 Residual error:0.001000
 0  6.652160e-01
 1  3.575096e-01
 2  2.225305e-01
 3  1.439612e-01
 4  1.048708e-01
 5  7.934549e-02
 6  6.067114e-02
 7  4.806464e-02
 8  3.814631e-02
 9  3.052759e-02
 10  2.411221e-02
 11  1.955993e-02
 12  1.588274e-02
 13  1.327071e-02
 14  1.126222e-02
 15  9.977055e-03
 16  8.948006e-03
 17  8.087444e-03
 18  7.368239e-03
 19  6.583065e-03
 20  5.841145e-03
 21  5.159255e-03
 22  4.424995e-03
 23  3.748049e-03
 24  3.091586e-03
 25  2.501655e-03
 26  1.996652e-03
 27  1.543826e-03
 28  1.197892e-03
 29  9.331493e-04
 Iteration CPU time: 7 s
 CFIE residual: 0.000933149

 Iseg, Irank, Idinc : 1, 5, 75
 Thata, Phi : 90.000000, 74.000000
 Maximun iteration: 300
 Number of recycle truncation: 30
 Final matrix dimension:  36708
 Residual error:0.001000
 0  6.420200e-01
 1  3.681142e-01
 2  2.389722e-01
 3  1.507453e-01
 4  1.056467e-01
 5  8.053017e-02
 6  6.296399e-02
 7  5.150688e-02
 8  4.065262e-02
 9  3.326879e-02
 10  2.642074e-02
 11  2.130388e-02
 12  1.741031e-02
 13  1.493373e-02
 14  1.295268e-02
 15  1.148860e-02
 16  1.031419e-02
 17  9.257025e-03
 18  8.361574e-03
 19  7.496001e-03
 20  6.781734e-03
 21  6.054436e-03
 22  5.316988e-03
 23  4.544746e-03
 24  3.854460e-03
 25  3.175555e-03
 26  2.643501e-03
 27  2.141572e-03
 28  1.752330e-03
 29  1.361435e-03
 30  1.082642e-03
 31  8.341447e-04
 Iteration CPU time: 7 s
 CFIE residual: 0.000834145

 Iseg, Irank, Idinc : 1, 6, 146
 Thata, Phi : 90.000000, 145.000000
 Maximun iteration: 300
 Number of recycle truncation: 30
 Final matrix dimension:  36708
 Residual error:0.001000
 0  6.521825e-01
 1  3.456037e-01
 2  2.078202e-01
 3  1.453247e-01
 4  1.050261e-01
 5  8.131028e-02
 6  6.332292e-02
 7  5.049476e-02
 8  4.228529e-02
 9  3.507467e-02
 10  2.919757e-02
 11  2.442699e-02
 12  2.008586e-02
 13  1.591385e-02
 14  1.255555e-02
 15  1.034068e-02
 16  8.196865e-03
 17  6.827857e-03
 18  5.748692e-03
 19  4.701637e-03
 20  4.036972e-03
 21  3.469985e-03
 22  3.060358e-03
 23  2.723810e-03
 24  2.423769e-03
 25  2.208478e-03
 26  2.007598e-03
 27  1.795186e-03
 28  1.537573e-03
 29  1.289345e-03
 30  1.076908e-03
 31  8.632548e-04
 Iteration CPU time: 7 s
 CFIE residual: 0.000863255

 Iseg, Irank, Idinc : 1, 7, 159
 Thata, Phi : 90.000000, 158.000000
 Maximun iteration: 300
 Number of recycle truncation: 30
 Final matrix dimension:  36708
 Residual error:0.001000
 0  6.067424e-01
 1  3.129886e-01
 2  1.898387e-01
 3  1.318888e-01
 4  1.004308e-01
 5  8.031419e-02
 6  6.436327e-02
 7  5.197690e-02
 8  4.436578e-02
 9  3.805958e-02
 10  3.182050e-02
 11  2.640363e-02
 12  2.122799e-02
 13  1.729600e-02
 14  1.403781e-02
 15  1.114523e-02
 16  8.918393e-03
 17  7.244718e-03
 18  6.034801e-03
 19  4.925398e-03
 20  4.089471e-03
 21  3.452663e-03
 22  2.994828e-03
 23  2.641334e-03
 24  2.351096e-03
 25  2.099121e-03
 26  1.877308e-03
 27  1.697642e-03
 28  1.526076e-03
 29  1.337891e-03
 30  1.168924e-03
 31  9.887557e-04
 Iteration CPU time: 7 s
 CFIE residual: 0.000988756

 Iseg, Irank, Idinc : 1, 8, 132
 Thata, Phi : 90.000000, 131.000000
 Maximun iteration: 300
 Number of recycle truncation: 30
 Final matrix dimension:  36708
 Residual error:0.001000
 0  6.864142e-01
 1  3.596699e-01
 2  2.309240e-01
 3  1.570605e-01
 4  1.120632e-01
 5  8.630409e-02
 6  6.578931e-02
 7  5.116191e-02
 8  4.087150e-02
 9  3.236384e-02
 10  2.570924e-02
 11  2.040788e-02
 12  1.635231e-02
 13  1.345770e-02
 14  1.109540e-02
 15  9.113290e-03
 16  7.598463e-03
 17  6.512372e-03
 18  5.612739e-03
 19  4.903763e-03
 20  4.432170e-03
 21  4.016654e-03
 22  3.632136e-03
 23  3.312116e-03
 24  2.943605e-03
 25  2.588959e-03
 26  2.258455e-03
 27  1.943354e-03
 28  1.686899e-03
 29  1.439290e-03
 30  1.206189e-03
 31  9.715398e-04
 Iteration CPU time: 7 s
 CFIE residual: 0.00097154

 Iseg, Irank, Idinc : 1, 9, 122
 Thata, Phi : 90.000000, 121.000000
 Maximun iteration: 300
 Number of recycle truncation: 30
 Final matrix dimension:  36708
 Residual error:0.001000
 0  6.540634e-01
 1  3.457190e-01
 2  2.264163e-01
 3  1.569945e-01
 4  1.112688e-01
 5  8.439694e-02
 6  6.455205e-02
 7  5.054015e-02
 8  3.866331e-02
 9  3.050673e-02
 10  2.376411e-02
 11  1.872131e-02
 12  1.517237e-02
 13  1.257078e-02
 14  1.051951e-02
 15  9.001545e-03
 16  7.742334e-03
 17  6.729564e-03
 18  5.938711e-03
 19  5.232479e-03
 20  4.604468e-03
 21  4.111025e-03
 22  3.719936e-03
 23  3.302399e-03
 24  2.914155e-03
 25  2.552368e-03
 26  2.254363e-03
 27  1.945485e-03
 28  1.660922e-03
 29  1.408173e-03
 30  1.124542e-03
 31  9.064263e-04
 Iteration CPU time: 7 s
 CFIE residual: 0.000906426

 Iseg, Irank, Idinc : 1, 10, 89
 Thata, Phi : 90.000000, 88.000000
 Maximun iteration: 300
 Number of recycle truncation: 30
 Final matrix dimension:  36708
 Residual error:0.001000
 0  6.215950e-01
 1  3.559646e-01
 2  2.293329e-01
 3  1.556073e-01
 4  1.118178e-01
 5  8.757201e-02
 6  6.831206e-02
 7  5.431083e-02
 8  4.388596e-02
 9  3.555197e-02
 10  2.832713e-02
 11  2.224191e-02
 12  1.781950e-02
 13  1.450513e-02
 14  1.235160e-02
 15  1.073610e-02
 16  9.432967e-03
 17  8.418779e-03
 18  7.643624e-03
 19  6.901600e-03
 20  6.272244e-03
 21  5.636334e-03
 22  4.939394e-03
 23  4.205306e-03
 24  3.594555e-03
 25  2.997211e-03
 26  2.469196e-03
 27  2.002446e-03
 28  1.643079e-03
 29  1.253419e-03
 30  9.585013e-04
 Iteration CPU time: 7 s
 CFIE residual: 0.000958501

 Iseg, Irank, Idinc : 1, 11, 53
 Thata, Phi : 90.000000, 52.000000
 Maximun iteration: 300
 Number of recycle truncation: 30
 Final matrix dimension:  36708
 Residual error:0.001000
 0  6.452801e-01
 1  3.347190e-01
 2  2.073453e-01
 3  1.350714e-01
 4  9.650377e-02
 5  7.157892e-02
 6  5.496078e-02
 7  4.271895e-02
 8  3.307086e-02
 9  2.509058e-02
 10  1.999841e-02
 11  1.618557e-02
 12  1.326898e-02
 13  1.125711e-02
 14  9.699724e-03
 15  8.406555e-03
 16  7.576549e-03
 17  6.856828e-03
 18  6.143501e-03
 19  5.440371e-03
 20  4.832633e-03
 21  4.161623e-03
 22  3.624173e-03
 23  3.045932e-03
 24  2.505741e-03
 25  1.986109e-03
 26  1.573512e-03
 27  1.257931e-03
 28  1.000218e-03
 29  7.932290e-04
 Iteration CPU time: 6 s
 CFIE residual: 0.000793229

 Iseg, Irank, Idinc : 1, 12, 32
 Thata, Phi : 90.000000, 31.000000
 Maximun iteration: 300
 Number of recycle truncation: 30
 Final matrix dimension:  36708
 Residual error:0.001000
 0  6.319883e-01
 1  3.056638e-01
 2  1.795159e-01
 3  1.139034e-01
 4  8.036172e-02
 5  5.951775e-02
 6  4.383461e-02
 7  3.354810e-02
 8  2.569297e-02
 9  2.020860e-02
 10  1.643511e-02
 11  1.307007e-02
 12  1.046499e-02
 13  8.716073e-03
 14  7.236416e-03
 15  6.125242e-03
 16  5.412271e-03
 17  4.636891e-03
 18  4.140361e-03
 19  3.655850e-03
 20  3.208622e-03
 21  2.866650e-03
 22  2.605266e-03
 23  2.359940e-03
 24  2.102395e-03
 25  1.838474e-03
 26  1.562506e-03
 27  1.341653e-03
 28  1.109633e-03
 29  9.231637e-04
 Iteration CPU time: 6 s
 CFIE residual: 0.000923164

 Iseg, Irank, Idinc : 1, 13, 11
 Thata, Phi : 90.000000, 10.000000
 Maximun iteration: 300
 Number of recycle truncation: 30
 Final matrix dimension:  36708
 Residual error:0.001000
 0  5.387164e-01
 1  2.752436e-01
 2  1.720285e-01
 3  1.226620e-01
 4  8.796302e-02
 5  6.681282e-02
 6  5.117818e-02
 7  3.970591e-02
 8  3.063174e-02
 9  2.434645e-02
 10  1.922089e-02
 11  1.488895e-02
 12  1.156849e-02
 13  9.282989e-03
 14  7.586897e-03
 15  6.336946e-03
 16  5.426499e-03
 17  4.526831e-03
 18  3.927571e-03
 19  3.426998e-03
 20  2.995206e-03
 21  2.599021e-03
 22  2.340125e-03
 23  2.093351e-03
 24  1.882953e-03
 25  1.716103e-03
 26  1.558457e-03
 27  1.410930e-03
 28  1.244600e-03
 29  1.096162e-03
 30  9.464755e-04
 Iteration CPU time: 7 s
 CFIE residual: 0.000946476

 Iseg, Irank, Idinc : 1, 14, 178
 Thata, Phi : 90.000000, 177.000000
 Maximun iteration: 300
 Number of recycle truncation: 30
 Final matrix dimension:  36708
 Residual error:0.001000
 0  5.556808e-01
 1  3.004317e-01
 2  1.912850e-01
 3  1.359534e-01
 4  1.063749e-01
 5  8.227232e-02
 6  6.729090e-02
 7  5.514366e-02
 8  4.470237e-02
 9  3.521793e-02
 10  2.780892e-02
 11  2.200605e-02
 12  1.730164e-02
 13  1.363119e-02
 14  1.072351e-02
 15  8.417378e-03
 16  6.754588e-03
 17  5.591089e-03
 18  4.576940e-03
 19  3.798188e-03
 20  3.174277e-03
 21  2.639363e-03
 22  2.296972e-03
 23  2.037461e-03
 24  1.791266e-03
 25  1.581935e-03
 26  1.426571e-03
 27  1.288291e-03
 28  1.152898e-03
 29  1.023307e-03
 30  9.125092e-04
 Iteration CPU time: 7 s
 CFIE residual: 0.000912509

 Iseg, Irank, Idinc : 1, 15, 97
 Thata, Phi : 90.000000, 96.000000
 Maximun iteration: 300
 Number of recycle truncation: 30
 Final matrix dimension:  36708
 Residual error:0.001000
 0  6.194348e-01
 1  3.545509e-01
 2  2.238907e-01
 3  1.495817e-01
 4  1.070426e-01
 5  8.153544e-02
 6  6.358064e-02
 7  5.081607e-02
 8  4.038872e-02
 9  3.237481e-02
 10  2.561592e-02
 11  2.049242e-02
 12  1.668851e-02
 13  1.380131e-02
 14  1.163056e-02
 15  1.000162e-02
 16  8.602421e-03
 17  7.641675e-03
 18  6.895653e-03
 19  6.228544e-03
 20  5.691741e-03
 21  5.137498e-03
 22  4.567531e-03
 23  4.001574e-03
 24  3.512602e-03
 25  3.002048e-03
 26  2.512257e-03
 27  2.100076e-03
 28  1.693305e-03
 29  1.334950e-03
 30  1.029005e-03
 31  7.920381e-04
 Iteration CPU time: 7 s
 CFIE residual: 0.000792038

 Iseg, Irank, Idinc : 1, 16, 82
 Thata, Phi : 90.000000, 81.000000
 Maximun iteration: 300
 Number of recycle truncation: 30
 Final matrix dimension:  36708
 Residual error:0.001000
 0  6.258092e-01
 1  3.573448e-01
 2  2.313397e-01
 3  1.540713e-01
 4  1.106751e-01
 5  8.687371e-02
 6  6.654151e-02
 7  5.355530e-02
 8  4.335924e-02
 9  3.420939e-02
 10  2.729363e-02
 11  2.150681e-02
 12  1.736427e-02
 13  1.438020e-02
 14  1.242158e-02
 15  1.090166e-02
 16  9.614206e-03
 17  8.622001e-03
 18  7.830337e-03
 19  7.043147e-03
 20  6.330468e-03
 21  5.689685e-03
 22  4.995607e-03
 23  4.304230e-03
 24  3.626939e-03
 25  3.025682e-03
 26  2.527310e-03
 27  2.072934e-03
 28  1.695510e-03
 29  1.326863e-03
 30  1.055432e-03
 31  8.123973e-04
 Iteration CPU time: 7 s
 CFIE residual: 0.000812397

 Iseg, Irank, Idinc : 1, 17, 115
 Thata, Phi : 90.000000, 114.000000
 Maximun iteration: 300
 Number of recycle truncation: 30
 Final matrix dimension:  36708
 Residual error:0.001000
 0  6.463976e-01
 1  3.515273e-01
 2  2.229806e-01
 3  1.549405e-01
 4  1.093304e-01
 5  8.203919e-02
 6  6.292427e-02
 7  4.854211e-02
 8  3.762925e-02
 9  3.004350e-02
 10  2.348260e-02
 11  1.856536e-02
 12  1.507851e-02
 13  1.258097e-02
 14  1.051402e-02
 15  8.768264e-03
 16  7.509354e-03
 17  6.532882e-03
 18  5.672647e-03
 19  5.009118e-03
 20  4.466021e-03
 21  3.994367e-03
 22  3.607072e-03
 23  3.202736e-03
 24  2.833756e-03
 25  2.475919e-03
 26  2.152186e-03
 27  1.854673e-03
 28  1.527694e-03
 29  1.247053e-03
 30  9.790704e-04
 Iteration CPU time: 7 s
 CFIE residual: 0.00097907

 Iseg, Irank, Idinc : 1, 18, 1
 Thata, Phi : 90.000000, 0.000000
 Maximun iteration: 300
 Number of recycle truncation: 30
 Final matrix dimension:  36708
 Residual error:0.001000
 0  5.062670e-01
 1  2.670417e-01
 2  1.729915e-01
 3  1.199982e-01
 4  8.567155e-02
 5  6.423642e-02
 6  4.924473e-02
 7  3.741962e-02
 8  2.894525e-02
 9  2.225073e-02
 10  1.714354e-02
 11  1.350422e-02
 12  1.094678e-02
 13  8.725609e-03
 14  7.177777e-03
 15  5.695688e-03
 16  4.691315e-03
 17  3.905746e-03
 18  3.363783e-03
 19  2.921876e-03
 20  2.604220e-03
 21  2.350165e-03
 22  2.094343e-03
 23  1.838001e-03
 24  1.648984e-03
 25  1.507427e-03
 26  1.374080e-03
 27  1.229236e-03
 28  1.065740e-03
 29  9.162686e-04
 Iteration CPU time: 7 s
 CFIE residual: 0.000916269

 Iseg, Irank, Idinc : 1, 19, 167
 Thata, Phi : 90.000000, 166.000000
 Maximun iteration: 300
 Number of recycle truncation: 30
 Final matrix dimension:  36708
 Residual error:0.001000
 0  5.767192e-01
 1  3.024326e-01
 2  1.880591e-01
 3  1.346548e-01
 4  1.046919e-01
 5  8.384330e-02
 6  6.860140e-02
 7  5.573743e-02
 8  4.643084e-02
 9  3.912830e-02
 10  3.283561e-02
 11  2.694840e-02
 12  2.201432e-02
 13  1.755576e-02
 14  1.443510e-02
 15  1.153335e-02
 16  9.420532e-03
 17  7.691658e-03
 18  6.314977e-03
 19  5.070743e-03
 20  4.162547e-03
 21  3.464499e-03
 22  2.931840e-03
 23  2.534060e-03
 24  2.200621e-03
 25  1.923841e-03
 26  1.689521e-03
 27  1.528170e-03
 28  1.395247e-03
 29  1.260369e-03
 30  1.127678e-03
 31  9.858937e-04
 Iteration CPU time: 7 s
 CFIE residual: 0.000985894

 Iseg, Irank, Idinc : 1, 20, 152
 Thata, Phi : 90.000000, 151.000000
 Maximun iteration: 300
 Number of recycle truncation: 30
 Final matrix dimension:  36708
 Residual error:0.001000
 0  6.319127e-01
 1  3.320728e-01
 2  2.005449e-01
 3  1.392620e-01
 4  1.026918e-01
 5  8.046461e-02
 6  6.382838e-02
 7  5.101396e-02
 8  4.318461e-02
 9  3.617184e-02
 10  3.048305e-02
 11  2.524729e-02
 12  2.046411e-02
 13  1.587481e-02
 14  1.291678e-02
 15  1.041655e-02
 16  8.328344e-03
 17  6.905574e-03
 18  5.776035e-03
 19  4.739187e-03
 20  3.937415e-03
 21  3.360038e-03
 22  2.900769e-03
 23  2.607630e-03
 24  2.316744e-03
 25  2.076265e-03
 26  1.878899e-03
 27  1.661509e-03
 28  1.451796e-03
 29  1.240256e-03
 30  1.053886e-03
 31  8.451457e-04
 Iteration CPU time: 7 s
 CFIE residual: 0.000845146

 Iseg, Irank, Idinc : 1, 21, 181
 Thata, Phi : 90.000000, 180.000000
 Maximun iteration: 300
 Number of recycle truncation: 30
 Final matrix dimension:  36708
 Residual error:0.001000
 0  5.543552e-01
 1  3.004366e-01
 2  1.913031e-01
 3  1.358203e-01
 4  1.061125e-01
 5  8.169756e-02
 6  6.673404e-02
 7  5.471218e-02
 8  4.420416e-02
 9  3.459270e-02
 10  2.695119e-02
 11  2.098636e-02
 12  1.590818e-02
 13  1.215413e-02
 14  9.403258e-03
 15  7.195380e-03
 16  5.652273e-03
 17  4.633302e-03
 18  3.782176e-03
 19  3.088568e-03
 20  2.622389e-03
 21  2.289042e-03
 22  2.017966e-03
 23  1.799545e-03
 24  1.614992e-03
 25  1.451245e-03
 26  1.329708e-03
 27  1.192815e-03
 28  1.051430e-03
 29  9.079317e-04
 Iteration CPU time: 7 s
 CFIE residual: 0.000907932

 Iseg, Irank, Idinc : 1, 22, 16
 Thata, Phi : 90.000000, 15.000000
 Maximun iteration: 300
 Number of recycle truncation: 30
 Final matrix dimension:  36708
 Residual error:0.001000
 0  5.697214e-01
 1  2.818427e-01
 2  1.698090e-01
 3  1.201550e-01
 4  8.554272e-02
 5  6.444806e-02
 6  4.974204e-02
 7  3.920339e-02
 8  3.054445e-02
 9  2.386513e-02
 10  1.866094e-02
 11  1.485857e-02
 12  1.160632e-02
 13  9.254398e-03
 14  7.570107e-03
 15  6.395649e-03
 16  5.470341e-03
 17  4.611769e-03
 18  3.989264e-03
 19  3.417747e-03
 20  2.994532e-03
 21  2.606606e-03
 22  2.353457e-03
 23  2.127304e-03
 24  1.926210e-03
 25  1.745983e-03
 26  1.574101e-03
 27  1.410117e-03
 28  1.229334e-03
 29  1.075995e-03
 30  9.262309e-04
 Iteration CPU time: 7 s
 CFIE residual: 0.000926231

 Iseg, Irank, Idinc : 1, 23, 59
 Thata, Phi : 90.000000, 58.000000
 Maximun iteration: 300
 Number of recycle truncation: 30
 Final matrix dimension:  36708
 Residual error:0.001000
 0  6.615994e-01
 1  3.456751e-01
 2  2.152432e-01
 3  1.371963e-01
 4  9.799846e-02
 5  7.216213e-02
 6  5.621289e-02
 7  4.492009e-02
 8  3.577957e-02
 9  2.761759e-02
 10  2.129346e-02
 11  1.736861e-02
 12  1.424158e-02
 13  1.197337e-02
 14  1.022215e-02
 15  8.962194e-03
 16  8.031769e-03
 17  7.231932e-03
 18  6.592642e-03
 19  5.835683e-03
 20  5.169712e-03
 21  4.548324e-03
 22  3.877643e-03
 23  3.234698e-03
 24  2.692917e-03
 25  2.142172e-03
 26  1.700791e-03
 27  1.332320e-03
 28  1.048706e-03
 29  8.280262e-04
 Iteration CPU time: 7 s
 CFIE residual: 0.000828026

 Iseg, Irank, Idinc : 1, 24, 139
 Thata, Phi : 90.000000, 138.000000
 Maximun iteration: 300
 Number of recycle truncation: 30
 Final matrix dimension:  36708
 Residual error:0.001000
 0  6.918692e-01
 1  3.555649e-01
 2  2.198025e-01
 3  1.520400e-01
 4  1.104339e-01
 5  8.423248e-02
 6  6.339954e-02
 7  5.033465e-02
 8  4.164328e-02
 9  3.344951e-02
 10  2.716242e-02
 11  2.234690e-02
 12  1.852373e-02
 13  1.466172e-02
 14  1.169199e-02
 15  9.467914e-03
 16  7.857531e-03
 17  6.534383e-03
 18  5.591495e-03
 19  4.740437e-03
 20  4.211261e-03
 21  3.767241e-03
 22  3.419096e-03
 23  3.071627e-03
 24  2.756390e-03
 25  2.477485e-03
 26  2.199568e-03
 27  1.904592e-03
 28  1.608001e-03
 29  1.365052e-03
 30  1.133419e-03
 31  9.339652e-04
 Iteration CPU time: 7 s
 CFIE residual: 0.000933965

 Iseg, Irank, Idinc : 1, 25, 5
 Thata, Phi : 90.000000, 4.000000
 Maximun iteration: 300
 Number of recycle truncation: 30
 Final matrix dimension:  36708
 Residual error:0.001000
 0  5.123951e-01
 1  2.687385e-01
 2  1.727668e-01
 3  1.208943e-01
 4  8.693290e-02
 5  6.581523e-02
 6  5.033127e-02
 7  3.787467e-02
 8  2.895804e-02
 9  2.281313e-02
 10  1.813061e-02
 11  1.442195e-02
 12  1.140500e-02
 13  9.052290e-03
 14  7.497676e-03
 15  6.250900e-03
 16  5.247033e-03
 17  4.384584e-03
 18  3.736810e-03
 19  3.287158e-03
 20  2.878711e-03
 21  2.519445e-03
 22  2.270410e-03
 23  2.009405e-03
 24  1.796035e-03
 25  1.620742e-03
 26  1.490595e-03
 27  1.345862e-03
 28  1.210103e-03
 29  1.042855e-03
 30  8.881399e-04
 Iteration CPU time: 7 s
 CFIE residual: 0.00088814

 Iseg, Irank, Idinc : 1, 26, 103
 Thata, Phi : 90.000000, 102.000000
 Maximun iteration: 300
 Number of recycle truncation: 30
 Final matrix dimension:  36708
 Residual error:0.001000
 0  6.190342e-01
 1  3.546797e-01
 2  2.235626e-01
 3  1.510779e-01
 4  1.054849e-01
 5  7.946345e-02
 6  6.181626e-02
 7  4.819928e-02
 8  3.803284e-02
 9  3.052576e-02
 10  2.485037e-02
 11  1.973909e-02
 12  1.590587e-02
 13  1.313029e-02
 14  1.088659e-02
 15  9.244285e-03
 16  7.830903e-03
 17  6.928143e-03
 18  6.184967e-03
 19  5.544942e-03
 20  5.011431e-03
 21  4.580018e-03
 22  4.090468e-03
 23  3.616423e-03
 24  3.188838e-03
 25  2.750302e-03
 26  2.358384e-03
 27  1.986797e-03
 28  1.654263e-03
 29  1.333266e-03
 30  1.064517e-03
 31  8.357947e-04
 Iteration CPU time: 7 s
 CFIE residual: 0.000835795

 Iseg, Irank, Idinc : 1, 27, 173
 Thata, Phi : 90.000000, 172.000000
 Maximun iteration: 300
 Number of recycle truncation: 30
 Final matrix dimension:  36708
 Residual error:0.001000
 0  5.625491e-01
 1  3.005741e-01
 2  1.907457e-01
 3  1.362802e-01
 4  1.069257e-01
 5  8.401775e-02
 6  6.901188e-02
 7  5.624303e-02
 8  4.619538e-02
 9  3.764170e-02
 10  3.084244e-02
 11  2.510327e-02
 12  2.037621e-02
 13  1.623399e-02
 14  1.329046e-02
 15  1.070771e-02
 16  8.784984e-03
 17  7.076431e-03
 18  5.756959e-03
 19  4.667917e-03
 20  3.837951e-03
 21  3.174037e-03
 22  2.720098e-03
 23  2.351022e-03
 24  2.039140e-03
 25  1.780406e-03
 26  1.561729e-03
 27  1.407954e-03
 28  1.275040e-03
 29  1.148311e-03
 30  1.038753e-03
 31  9.109161e-04
 Iteration CPU time: 7 s
 CFIE residual: 0.000910916

 Iseg, Irank, Idinc : 1, 28, 37
 Thata, Phi : 90.000000, 36.000000
 Maximun iteration: 300
 Number of recycle truncation: 30
 Final matrix dimension:  36708
 Residual error:0.001000
 0  6.223530e-01
 1  3.120787e-01
 2  1.927725e-01
 3  1.230143e-01
 4  8.432137e-02
 5  6.186191e-02
 6  4.548935e-02
 7  3.452206e-02
 8  2.641756e-02
 9  2.036940e-02
 10  1.623423e-02
 11  1.310513e-02
 12  1.059296e-02
 13  8.867605e-03
 14  7.376901e-03
 15  6.359964e-03
 16  5.586408e-03
 17  4.833293e-03
 18  4.348983e-03
 19  3.888563e-03
 20  3.431050e-03
 21  3.054193e-03
 22  2.745636e-03
 23  2.437417e-03
 24  2.103825e-03
 25  1.801298e-03
 26  1.512915e-03
 27  1.257224e-03
 28  1.016218e-03
 29  8.351888e-04
 Iteration CPU time: 7 s
 CFIE residual: 0.000835189

 Iseg, Irank, Idinc : 1, 29, 70
 Thata, Phi : 90.000000, 69.000000
 Maximun iteration: 300
 Number of recycle truncation: 30
 Final matrix dimension:  36708
 Residual error:0.001000
 0  6.555653e-01
 1  3.678444e-01
 2  2.344190e-01
 3  1.514283e-01
 4  1.096474e-01
 5  8.315203e-02
 6  6.425953e-02
 7  5.153131e-02
 8  4.136495e-02
 9  3.404431e-02
 10  2.720354e-02
 11  2.169721e-02
 12  1.759547e-02
 13  1.489160e-02
 14  1.274384e-02
 15  1.144747e-02
 16  1.031100e-02
 17  9.286197e-03
 18  8.357894e-03
 19  7.477010e-03
 20  6.768126e-03
 21  6.020387e-03
 22  5.286306e-03
 23  4.530553e-03
 24  3.798593e-03
 25  3.089839e-03
 26  2.520809e-03
 27  2.034527e-03
 28  1.601232e-03
 29  1.257075e-03
 30  9.808025e-04
 Iteration CPU time: 7 s
 CFIE residual: 0.000980802

 Iseg, Irank, Idinc : 1, 30, 127
 Thata, Phi : 90.000000, 126.000000
 Maximun iteration: 300
 Number of recycle truncation: 30
 Final matrix dimension:  36708
 Residual error:0.001000
 0  6.629969e-01
 1  3.503528e-01
 2  2.292499e-01
 3  1.570724e-01
 4  1.120920e-01
 5  8.642420e-02
 6  6.583987e-02
 7  5.110218e-02
 8  3.999700e-02
 9  3.164555e-02
 10  2.455121e-02
 11  1.954684e-02
 12  1.566190e-02
 13  1.288354e-02
 14  1.064773e-02
 15  9.121851e-03
 16  7.698349e-03
 17  6.699096e-03
 18  5.873009e-03
 19  5.128601e-03
 20  4.563349e-03
 21  4.131732e-03
 22  3.741094e-03
 23  3.386092e-03
 24  2.976241e-03
 25  2.629113e-03
 26  2.324597e-03
 27  2.033583e-03
 28  1.799729e-03
 29  1.541588e-03
 30  1.275304e-03
 31  1.031458e-03
 32  8.350041e-04
 Iteration CPU time: 7 s
 CFIE residual: 0.000835004

 Iseg, Irank, Idinc : 1, 31, 3
 Thata, Phi : 90.000000, 2.000000
 Maximun iteration: 300
 Number of recycle truncation: 30
 Final matrix dimension:  36708
 Residual error:0.001000
 0  5.078596e-01
 1  2.674868e-01
 2  1.729259e-01
 3  1.202311e-01
 4  8.602395e-02
 5  6.472868e-02
 6  4.960299e-02
 7  3.748360e-02
 8  2.884258e-02
 9  2.232239e-02
 10  1.742233e-02
 11  1.394786e-02
 12  1.121806e-02
 13  8.871057e-03
 14  7.323360e-03
 15  6.037586e-03
 16  5.087033e-03
 17  4.259757e-03
 18  3.635951e-03
 19  3.187470e-03
 20  2.801333e-03
 21  2.474670e-03
 22  2.228113e-03
 23  1.968717e-03
 24  1.751056e-03
 25  1.585051e-03
 26  1.456248e-03
 27  1.310215e-03
 28  1.165445e-03
 29  9.993228e-04
 Iteration CPU time: 7 s
 CFIE residual: 0.000999323

 Iseg, Irank, Idinc : 1, 32, 163
 Thata, Phi : 90.000000, 162.000000
 Maximun iteration: 300
 Number of recycle truncation: 30
 Final matrix dimension:  36708
 Residual error:0.001000
 0  5.903701e-01
 1  3.060242e-01
 2  1.869804e-01
 3  1.322833e-01
 4  1.019813e-01
 5  8.216310e-02
 6  6.649487e-02
 7  5.393075e-02
 8  4.540838e-02
 9  3.880350e-02
 10  3.269295e-02
 11  2.721100e-02
 12  2.223873e-02
 13  1.773301e-02
 14  1.452262e-02
 15  1.154849e-02
 16  9.318446e-03
 17  7.749252e-03
 18  6.386611e-03
 19  5.080207e-03
 20  4.205004e-03
 21  3.550721e-03
 22  2.996271e-03
 23  2.608796e-03
 24  2.284233e-03
 25  1.996421e-03
 26  1.785859e-03
 27  1.627422e-03
 28  1.480043e-03
 29  1.321617e-03
 30  1.168420e-03
 31  1.010659e-03
 32  8.555563e-04
 Iteration CPU time: 7 s
 CFIE residual: 0.000855556

 Iseg, Irank, Idinc : 1, 33, 47
 Thata, Phi : 90.000000, 46.000000
 Maximun iteration: 300
 Number of recycle truncation: 30
 Final matrix dimension:  36708
 Residual error:0.001000
 0  6.330411e-01
 1  3.220118e-01
 2  2.034279e-01
 3  1.345194e-01
 4  9.508322e-02
 5  7.009666e-02
 6  5.262475e-02
 7  4.045605e-02
 8  3.105379e-02
 9  2.420541e-02
 10  1.892713e-02
 11  1.505553e-02
 12  1.224456e-02
 13  1.024270e-02
 14  8.677430e-03
 15  7.521120e-03
 16  6.748879e-03
 17  6.037193e-03
 18  5.418344e-03
 19  4.851877e-03
 20  4.350818e-03
 21  3.762939e-03
 22  3.316039e-03
 23  2.798424e-03
 24  2.286362e-03
 25  1.879372e-03
 26  1.493010e-03
 27  1.210727e-03
 28  9.695246e-04
 Iteration CPU time: 6 s
 CFIE residual: 0.000969525

 Iseg, Irank, Idinc : 1, 34, 26
 Thata, Phi : 90.000000, 25.000000
 Maximun iteration: 300
 Number of recycle truncation: 30
 Final matrix dimension:  36708
 Residual error:0.001000
 0  6.279747e-01
 1  2.968191e-01
 2  1.670569e-01
 3  1.103609e-01
 4  7.805077e-02
 5  5.741032e-02
 6  4.315771e-02
 7  3.342415e-02
 8  2.610241e-02
 9  2.069844e-02
 10  1.645138e-02
 11  1.285318e-02
 12  1.059647e-02
 13  8.653307e-03
 14  7.218746e-03
 15  6.190134e-03
 16  5.345952e-03
 17  4.516576e-03
 18  3.957216e-03
 19  3.429824e-03
 20  2.983933e-03
 21  2.661189e-03
 22  2.418021e-03
 23  2.229397e-03
 24  2.028959e-03
 25  1.802394e-03
 26  1.584203e-03
 27  1.379291e-03
 28  1.169263e-03
 29  1.000099e-03
 30  8.269018e-04
 Iteration CPU time: 6 s
 CFIE residual: 0.000826902

 Iseg, Irank, Idinc : 1, 35, 180
 Thata, Phi : 90.000000, 179.000000
 Maximun iteration: 300
 Number of recycle truncation: 30
 Final matrix dimension:  36708
 Residual error:0.001000
 0  5.545204e-01
 1  3.004392e-01
 2  1.913048e-01
 3  1.358389e-01
 4  1.061463e-01
 5  8.176879e-02
 6  6.680407e-02
 7  5.477116e-02
 8  4.427302e-02
 9  3.467286e-02
 10  2.706511e-02
 11  2.113228e-02
 12  1.616047e-02
 13  1.245816e-02
 14  9.657669e-03
 15  7.458245e-03
 16  5.887153e-03
 17  4.884606e-03
 18  4.027027e-03
 19  3.348890e-03
 20  2.807840e-03
 21  2.407501e-03
 22  2.115888e-03
 23  1.901290e-03
 24  1.687443e-03
 25  1.501722e-03
 26  1.370835e-03
 27  1.230539e-03
 28  1.091756e-03
 29  9.513780e-04
 Iteration CPU time: 6 s
 CFIE residual: 0.000951378

 Iseg, Irank, Idinc : 1, 36, 93
 Thata, Phi : 90.000000, 92.000000
 Maximun iteration: 300
 Number of recycle truncation: 30
 Final matrix dimension:  36708
 Residual error:0.001000
 0  6.212052e-01
 1  3.565743e-01
 2  2.270405e-01
 3  1.513374e-01
 4  1.093974e-01
 5  8.529562e-02
 6  6.719341e-02
 7  5.335433e-02
 8  4.285647e-02
 9  3.461543e-02
 10  2.728019e-02
 11  2.190432e-02
 12  1.777082e-02
 13  1.447041e-02
 14  1.233367e-02
 15  1.057412e-02
 16  9.195796e-03
 17  8.156946e-03
 18  7.367151e-03
 19  6.644396e-03
 20  6.079237e-03
 21  5.472410e-03
 22  4.818223e-03
 23  4.158969e-03
 24  3.619011e-03
 25  3.059021e-03
 26  2.535730e-03
 27  2.082149e-03
 28  1.679725e-03
 29  1.272293e-03
 30  9.660928e-04
 Iteration CPU time: 7 s
 CFIE residual: 0.000966093

 Iseg, Irank, Idinc : 1, 37, 143
 Thata, Phi : 90.000000, 142.000000
 Maximun iteration: 300
 Number of recycle truncation: 30
 Final matrix dimension:  36708
 Residual error:0.001000
 0  6.686414e-01
 1  3.501325e-01
 2  2.113643e-01
 3  1.473874e-01
 4  1.068492e-01
 5  8.229844e-02
 6  6.293659e-02
 7  5.022953e-02
 8  4.179964e-02
 9  3.428323e-02
 10  2.843369e-02
 11  2.371195e-02
 12  1.953296e-02
 13  1.543879e-02
 14  1.217518e-02
 15  1.002252e-02
 16  8.046447e-03
 17  6.709354e-03
 18  5.684664e-03
 19  4.692181e-03
 20  4.096073e-03
 21  3.592514e-03
 22  3.229198e-03
 23  2.875338e-03
 24  2.574936e-03
 25  2.349013e-03
 26  2.122297e-03
 27  1.888132e-03
 28  1.591588e-03
 29  1.330774e-03
 30  1.109939e-03
 31  9.057380e-04
 Iteration CPU time: 7 s
 CFIE residual: 0.000905738

 Iseg, Irank, Idinc : 1, 38, 8
 Thata, Phi : 90.000000, 7.000000
 Maximun iteration: 300
 Number of recycle truncation: 30
 Final matrix dimension:  36708
 Residual error:0.001000
 0  5.236420e-01
 1  2.716645e-01
 2  1.724867e-01
 3  1.222018e-01
 4  8.812546e-02
 5  6.696506e-02
 6  5.110431e-02
 7  3.887487e-02
 8  2.987956e-02
 9  2.393742e-02
 10  1.887124e-02
 11  1.473351e-02
 12  1.154813e-02
 13  9.223776e-03
 14  7.591853e-03
 15  6.306592e-03
 16  5.359092e-03
 17  4.465746e-03
 18  3.835677e-03
 19  3.373597e-03
 20  2.955116e-03
 21  2.567439e-03
 22  2.313237e-03
 23  2.053269e-03
 24  1.845847e-03
 25  1.673583e-03
 26  1.532900e-03
 27  1.386109e-03
 28  1.242592e-03
 29  1.084315e-03
 30  9.344430e-04
 Iteration CPU time: 7 s
 CFIE residual: 0.000934443
 Last Built End in Sep 21 2025 00:06:12
 Total CPU time: 282 s
 Finished.
