 Last Built Begin in Sep 21 2025 00:06:12
 Pre-Type( Input ):            8
 Skl-Tol ( Input ):    1.0000000000000000E-002
 Wavelength in freespace: 0.283019

 ################################################
 ##         Generating Required Mesh          ##
 ##         Waiting.....                      ##
 ################################################
 Subd No.      Subd Name
    1    sphere1                                                           
 isub,  nnode, npatch,  nedge:
    1       604      1204      1806
 Scale Factor         >>   9.99999978E-03
 ################################################

 START TIME: 20250922   003058.543


 Informaton for IE geometry:
 number of subdomains     : 1
 maxnode,maxpatch,maxedge : 604  1204  1806
 
 Index of Mat-Reg: 1
 Mat-Reg Number via MatFlg: 1
 Edge Number of Mat-Reg: 1, 1806

 Number of Edge on PEC: 0
 Mat-Reg: No Dim(m) Lmax:
    1 0.177    2
 Totlmax, add1, add2:           2           3           4
 rlengmax of Global MLFMA >>   0.17666665613733332     
 Lmax of Global MLFMA >>            2
 Wavenum of Mat-Reg:
    1 1.000

 total area in sq m           =      0.1254
 total area in sq lambda      =      1.5649
 maxnode, maxpatch, maxedge           =      604     1204     1806
 longest  edge in lambda              =      0.0770
 shortest edge in lambda              =      0.0335
 average  edge in lambda              =      0.0549
 largest  patch area in sq lambda     =      0.0021
 smallest patch area in sq lambda     =      0.0006
 ave    surface area in sq lambda     =      0.0013
 size range of the object in sq lambda =      0.7067

 #### MLFMA Info For Each Region ####
 Mat-Region =            1
 Array dimension parameters:
 maxrule=          14   maxgrid  =          64
 lmax   =           2   ncmax    =          65
 lsmax  =           6   lsmin    =           6
 kpm    =          76   kp0      =          76
 ntlm   =       24016   nsm      =        4256
 nkpm   =          76   niplm    =        4864
 ngnearm=         632   ngsndm   =        2504
 nearm  =         413   mfinestm =          43
 ###############################

 CFIE Alpha:  0.50000000000000000     

 Fill MLFMA FI for Mat-Reg:           1
 Begin filltl.f
 fill translation matrix
 Level:            2
 fill shifting matrix
 translator time(s):   3.00000012E-02
 fill interpolation matrix
 Filling TL                  Delta_CPU=          0.12 Memory(MB)=         65.70
 Filling sndgrp              Delta_CPU=          0.00 Memory(MB)=         65.70
 Filling VFS                 Delta_CPU=          0.24 Memory(MB)=         65.70

 Fill MLFMA NI for Mat-Reg:           1
 Begin fill sparser part of Nearfield
 Begin fill denser part of Nearfield
 End fill
 Filling Amn                 Delta_CPU=         12.42 Memory(MB)=         65.70


 Now testing preconditioner with
 ipretype =            8
 method = cfie_solve_nfpre_pardiso

  
 NBP>>Begin fill sparser part of Nearfield
 NBP>>Begin fill denser part of Nearfield

201.7857%
 Begin MLFMA Box-Matrix Based Prec Constructor
 --- Intel MKL PARDISO --- 
  >> Solver Initialized
  >> Proceed to ngrp_box loop
  >> Loop 0 Initialized
 Memory for iGRP: 1 0 MB
 Total Memory For NFB Pre: 0 MB
 --- PARDISO PRECONDITIONER INITIALIZED --- 
 Constructing preconditioner CPU time: 0 s
 
 108360
 Memory for Iteration:: 1.65344 MB

 Iseg, Ninc_S : 1, 181, 0

 Iseg, Skeleton Angles: 1, 8
 Iseg, Skel-Pk Mem(MB): 1, 30.96

 Iseg, Irank, Idinc : 1, 1, 34
 Thata, Phi : 90.000000, 33.000000
 Maximun iteration: 300
 Number of recycle truncation: 30
 Final matrix dimension:  3612
 Residual error:0.010000
 0  2.119741e-01
 1  1.082781e-01
 2  4.684261e-02
 3  2.334805e-02
 4  1.134166e-02
 5  5.247186e-03
 Iteration CPU time: 0 s
 CFIE residual: 0.00524719

 Iseg, Irank, Idinc : 1, 2, 137
 Thata, Phi : 90.000000, 136.000000
 Maximun iteration: 300
 Number of recycle truncation: 30
 Final matrix dimension:  3612
 Residual error:0.010000
 0  2.129088e-01
 1  1.082377e-01
 2  4.593494e-02
 3  2.277457e-02
 4  1.069889e-02
 5  4.954876e-03
 Iteration CPU time: 0 s
 CFIE residual: 0.00495488

 Iseg, Irank, Idinc : 1, 3, 1
 Thata, Phi : 90.000000, 0.000000
 Maximun iteration: 300
 Number of recycle truncation: 30
 Final matrix dimension:  3612
 Residual error:0.010000
 0  2.069022e-01
 1  1.065301e-01
 2  4.795908e-02
 3  2.410890e-02
 4  1.149127e-02
 5  5.003609e-03
 Iteration CPU time: 0 s
 CFIE residual: 0.00500361

 Iseg, Irank, Idinc : 1, 4, 86
 Thata, Phi : 90.000000, 85.000000
 Maximun iteration: 300
 Number of recycle truncation: 30
 Final matrix dimension:  3612
 Residual error:0.010000
 0  2.138697e-01
 1  1.106890e-01
 2  4.966278e-02
 3  2.553357e-02
 4  1.198624e-02
 5  5.372670e-03
 Iteration CPU time: 0 s
 CFIE residual: 0.00537267

 Iseg, Irank, Idinc : 1, 5, 181
 Thata, Phi : 90.000000, 180.000000
 Maximun iteration: 300
 Number of recycle truncation: 30
 Final matrix dimension:  3612
 Residual error:0.010000
 0  2.052924e-01
 1  1.040795e-01
 2  4.741207e-02
 3  2.367829e-02
 4  1.062633e-02
 5  4.691116e-03
 Iteration CPU time: 0 s
 CFIE residual: 0.00469112

 Iseg, Irank, Idinc : 1, 6, 112
 Thata, Phi : 90.000000, 111.000000
 Maximun iteration: 300
 Number of recycle truncation: 30
 Final matrix dimension:  3612
 Residual error:0.010000
 0  2.136296e-01
 1  1.106546e-01
 2  4.900286e-02
 3  2.506247e-02
 4  1.171046e-02
 5  5.298474e-03
 Iteration CPU time: 0 s
 CFIE residual: 0.00529847

 Iseg, Irank, Idinc : 1, 7, 164
 Thata, Phi : 90.000000, 163.000000
 Maximun iteration: 300
 Number of recycle truncation: 30
 Final matrix dimension:  3612
 Residual error:0.010000
 0  2.076881e-01
 1  1.054631e-01
 2  4.690574e-02
 3  2.342116e-02
 4  1.078187e-02
 5  4.889841e-03
 Iteration CPU time: 0 s
 CFIE residual: 0.00488984

 Iseg, Irank, Idinc : 1, 8, 15
 Thata, Phi : 90.000000, 14.000000
 Maximun iteration: 300
 Number of recycle truncation: 30
 Final matrix dimension:  3612
 Residual error:0.010000
 0  2.085240e-01
 1  1.073347e-01
 2  4.785187e-02
 3  2.404357e-02
 4  1.155504e-02
 5  5.148713e-03
 Iteration CPU time: 0 s
 CFIE residual: 0.00514871
 Last Built End in Sep 21 2025 00:06:12
 Total CPU time: 2 s
 Finished.
