 Last Built Begin in Sep 21 2025 00:06:12
 Pre-Type( Input ):           10
 Skl-Tol ( Input ):    1.0000000000000001E-005
 Wavelength in freespace: 0.0293542

 ################################################
 ##         Generating Required Mesh          ##
 ##         Waiting.....                      ##
 ################################################
 Subd No.      Subd Name
    1    Open-Duct_PRIME_model_meshAA1                                     
 isub,  nnode, npatch,  nedge:
    1      6118     12236     18354
 Scale Factor         >>   1.54999997E-02
 ################################################

 START TIME: 20250922   065745.735


 Informaton for IE geometry:
 number of subdomains     : 1
 maxnode,maxpatch,maxedge : 6118  12236  18354
 
 Index of Mat-Reg: 1
 Mat-Reg Number via MatFlg: 1
 Edge Number of Mat-Reg: 1, 18354

 Number of Edge on PEC: 18354
 Mat-Reg: No Dim(m) Lmax:
    1 0.244    5
 Totlmax, add1, add2:           5           6           7
 rlengmax of Global MLFMA >>   0.24426062135122084     
 Lmax of Global MLFMA >>            5
 Wavenum of Mat-Reg:
    1 1.000

 total area in sq m           =      0.0510
 total area in sq lambda      =     59.1525
 maxnode, maxpatch, maxedge           =     6118    12236    18354
 longest  edge in lambda              =      0.1590
 shortest edge in lambda              =      0.0076
 average  edge in lambda              =      0.1062
 largest  patch area in sq lambda     =      0.0086
 smallest patch area in sq lambda     =      0.0000
 ave    surface area in sq lambda     =      0.0048
 size range of the object in sq lambda =      7.8163

 #### MLFMA Info For Each Region ####
 Mat-Region =            1
 Array dimension parameters:
 maxrule=          14   maxgrid  =          64
 lmax   =           5   ncmax    =        1250
 lsmax  =          27   lsmin    =           7
 kpm    =        1462   kp0      =         102
 ntlm   =      217096   nsm      =      232158
 nkpm   =        2284   niplm    =      146176
 ngnearm=       14257   ngsndm   =       64634
 nearm  =         333   mfinestm =         119
 ###############################

 CFIE Alpha:  0.50000000000000000     

 Fill MLFMA FI for Mat-Reg:           1
 Begin filltl.f
 fill translation matrix
 Level:            2
 fill shifting matrix
 Level:            3
 fill shifting matrix
 Level:            4
 fill shifting matrix
 Level:            5
 fill shifting matrix
 translator time(s):  0.116000004    
 fill interpolation matrix
 ThetaOrder            8
 PhiOrder            8
 lsl            7
 Filling TL                  Delta_CPU=          0.55 Memory(MB)=        653.98
 Filling sndgrp              Delta_CPU=          0.00 Memory(MB)=        653.98
 Filling VFS                 Delta_CPU=          3.24 Memory(MB)=        653.98

 Fill MLFMA NI for Mat-Reg:           1
 Begin fill sparser part of Nearfield
 Begin fill denser part of Nearfield
 End fill
 Filling Amn                 Delta_CPU=         88.65 Memory(MB)=        653.98


 Now testing preconditioner with
 ipretype =           10
 method = cfie_solve_nfrasspspre_pardiso

  
 NBP>>Begin fill sparser part of Nearfield

119.7711% NBP>>Begin fill denser part of Nearfield

200.1041%
 Begin MLFMA Box-Matrix Based Spar-RAS Prec Constructor
 --- Intel MKL PARDISO --- 
 Memory for iGroup: 1 0 MB
 Total Memory For SparRAS Pre: 0 MB
 --- PARDISO PRECONDITIONER INITIALIZED --- 
 Constructing preconditioner CPU time: 4 s
 
 1101240
 Memory for Iteration:: 16.8036 MB

 Iseg, Ninc_S : 1, 181, 0

 Iseg, Skeleton Angles: 1, 40
 Iseg, Skel-Pk Mem(MB): 1, 314.35

 Iseg, Irank, Idinc : 1, 1, 42
 Thata, Phi : 90.000000, 41.000000
 Maximun iteration: 300
 Number of recycle truncation: 30
 Final matrix dimension:  36708
 Residual error:0.001000
 0  6.314280e-01
 1  3.152700e-01
 2  1.993830e-01
 3  1.275221e-01
 4  8.787534e-02
 5  6.485361e-02
 6  4.877790e-02
 7  3.728116e-02
 8  2.840417e-02
 9  2.167955e-02
 10  1.615827e-02
 11  1.297592e-02
 12  1.040920e-02
 13  8.486320e-03
 14  7.029090e-03
 15  5.788017e-03
 16  4.931480e-03
 17  4.063463e-03
 18  3.446960e-03
 19  2.968077e-03
 20  2.658911e-03
 21  2.396709e-03
 22  2.245854e-03
 23  2.119903e-03
 24  2.030973e-03
 25  1.950520e-03
 26  1.894407e-03
 27  1.835293e-03
 28  1.781137e-03
 29  1.724808e-03
 30  1.659490e-03
 31  1.568581e-03
 32  1.463084e-03
 33  1.306249e-03
 34  1.128587e-03
 35  9.706237e-04
 Iteration CPU time: 8 s
 CFIE residual: 0.000970624

 Iseg, Irank, Idinc : 1, 2, 22
 Thata, Phi : 90.000000, 21.000000
 Maximun iteration: 300
 Number of recycle truncation: 30
 Final matrix dimension:  36708
 Residual error:0.001000
 0  6.281725e-01
 1  2.945936e-01
 2  1.726018e-01
 3  1.147358e-01
 4  7.998233e-02
 5  5.918995e-02
 6  4.498326e-02
 7  3.487594e-02
 8  2.798612e-02
 9  2.243421e-02
 10  1.796967e-02
 11  1.431971e-02
 12  1.166101e-02
 13  9.628763e-03
 14  8.093282e-03
 15  6.528997e-03
 16  5.450113e-03
 17  4.676495e-03
 18  3.897002e-03
 19  3.300817e-03
 20  2.753246e-03
 21  2.292017e-03
 22  1.921516e-03
 23  1.676342e-03
 24  1.469910e-03
 25  1.314446e-03
 26  1.177885e-03
 27  1.062765e-03
 28  9.840815e-04
 Iteration CPU time: 6 s
 CFIE residual: 0.000984082

 Iseg, Irank, Idinc : 1, 3, 109
 Thata, Phi : 90.000000, 108.000000
 Maximun iteration: 300
 Number of recycle truncation: 30
 Final matrix dimension:  36708
 Residual error:0.001000
 0  6.226488e-01
 1  3.519923e-01
 2  2.189270e-01
 3  1.496074e-01
 4  1.054470e-01
 5  7.931141e-02
 6  6.101072e-02
 7  4.761986e-02
 8  3.800964e-02
 9  3.021521e-02
 10  2.429676e-02
 11  1.993028e-02
 12  1.609272e-02
 13  1.337822e-02
 14  1.110881e-02
 15  9.083045e-03
 16  7.792500e-03
 17  6.601161e-03
 18  5.619688e-03
 19  4.838919e-03
 20  4.180001e-03
 21  3.625411e-03
 22  3.272307e-03
 23  3.013594e-03
 24  2.839486e-03
 25  2.699263e-03
 26  2.605037e-03
 27  2.518042e-03
 28  2.446653e-03
 29  2.356537e-03
 30  2.232797e-03
 31  2.072633e-03
 32  1.908054e-03
 33  1.689852e-03
 34  1.491841e-03
 35  1.277122e-03
 36  1.075492e-03
 37  8.707138e-04
 Iteration CPU time: 8 s
 CFIE residual: 0.000870714

 Iseg, Irank, Idinc : 1, 4, 63
 Thata, Phi : 90.000000, 62.000000
 Maximun iteration: 300
 Number of recycle truncation: 30
 Final matrix dimension:  36708
 Residual error:0.001000
 0  6.581352e-01
 1  3.579463e-01
 2  2.227966e-01
 3  1.427307e-01
 4  1.012285e-01
 5  7.774689e-02
 6  5.839378e-02
 7  4.651022e-02
 8  3.676872e-02
 9  2.921540e-02
 10  2.254624e-02
 11  1.747726e-02
 12  1.400251e-02
 13  1.124095e-02
 14  9.343474e-03
 15  8.007295e-03
 16  6.713218e-03
 17  5.887566e-03
 18  5.218425e-03
 19  4.784319e-03
 20  4.515884e-03
 21  4.280696e-03
 22  4.079699e-03
 23  3.893719e-03
 24  3.743872e-03
 25  3.620440e-03
 26  3.508566e-03
 27  3.375425e-03
 28  3.201393e-03
 29  2.982480e-03
 30  2.663085e-03
 31  2.353789e-03
 32  1.998885e-03
 33  1.691152e-03
 34  1.402817e-03
 35  1.155320e-03
 36  9.533814e-04
 Iteration CPU time: 8 s
 CFIE residual: 0.000953381

 Iseg, Irank, Idinc : 1, 5, 147
 Thata, Phi : 90.000000, 146.000000
 Maximun iteration: 300
 Number of recycle truncation: 30
 Final matrix dimension:  36708
 Residual error:0.001000
 0  6.564506e-01
 1  3.457927e-01
 2  2.106777e-01
 3  1.413714e-01
 4  1.015599e-01
 5  7.716538e-02
 6  6.030061e-02
 7  4.743025e-02
 8  3.945318e-02
 9  3.380573e-02
 10  2.859580e-02
 11  2.466389e-02
 12  2.137983e-02
 13  1.806460e-02
 14  1.489765e-02
 15  1.247650e-02
 16  1.045204e-02
 17  8.655596e-03
 18  6.996605e-03
 19  5.909292e-03
 20  4.875231e-03
 21  4.117997e-03
 22  3.572026e-03
 23  3.105801e-03
 24  2.749082e-03
 25  2.436877e-03
 26  2.208434e-03
 27  2.046347e-03
 28  1.929910e-03
 29  1.856180e-03
 30  1.793572e-03
 31  1.744376e-03
 32  1.698281e-03
 33  1.625814e-03
 34  1.536868e-03
 35  1.414658e-03
 36  1.252759e-03
 37  1.085401e-03
 38  9.043048e-04
 Iteration CPU time: 9 s
 CFIE residual: 0.000904305

 Iseg, Irank, Idinc : 1, 6, 136
 Thata, Phi : 90.000000, 135.000000
 Maximun iteration: 300
 Number of recycle truncation: 30
 Final matrix dimension:  36708
 Residual error:0.001000
 0  6.982192e-01
 1  3.516016e-01
 2  2.190808e-01
 3  1.482928e-01
 4  1.072656e-01
 5  8.059680e-02
 6  6.085821e-02
 7  4.811592e-02
 8  3.838644e-02
 9  3.227938e-02
 10  2.604363e-02
 11  2.137505e-02
 12  1.741549e-02
 13  1.454058e-02
 14  1.206334e-02
 15  9.885384e-03
 16  8.235802e-03
 17  6.884878e-03
 18  5.810430e-03
 19  4.964629e-03
 20  4.243024e-03
 21  3.815860e-03
 22  3.392301e-03
 23  3.086926e-03
 24  2.848912e-03
 25  2.683545e-03
 26  2.554478e-03
 27  2.454588e-03
 28  2.371046e-03
 29  2.302986e-03
 30  2.214095e-03
 31  2.139111e-03
 32  2.054493e-03
 33  1.962071e-03
 34  1.827273e-03
 35  1.686436e-03
 36  1.526900e-03
 37  1.319387e-03
 38  1.093733e-03
 39  8.733104e-04
 Iteration CPU time: 9 s
 CFIE residual: 0.00087331

 Iseg, Irank, Idinc : 1, 7, 83
 Thata, Phi : 90.000000, 82.000000
 Maximun iteration: 300
 Number of recycle truncation: 30
 Final matrix dimension:  36708
 Residual error:0.001000
 0  6.107968e-01
 1  3.492886e-01
 2  2.234612e-01
 3  1.498668e-01
 4  1.091386e-01
 5  8.335258e-02
 6  6.393622e-02
 7  5.054434e-02
 8  4.081069e-02
 9  3.172822e-02
 10  2.512364e-02
 11  2.051072e-02
 12  1.690746e-02
 13  1.383130e-02
 14  1.163798e-02
 15  9.704092e-03
 16  8.237818e-03
 17  7.127656e-03
 18  6.290042e-03
 19  5.593661e-03
 20  5.049218e-03
 21  4.675400e-03
 22  4.399229e-03
 23  4.195103e-03
 24  4.055738e-03
 25  3.946195e-03
 26  3.847172e-03
 27  3.723802e-03
 28  3.603437e-03
 29  3.433655e-03
 30  3.184357e-03
 31  2.919224e-03
 32  2.635763e-03
 33  2.306299e-03
 34  1.907928e-03
 35  1.604363e-03
 36  1.339250e-03
 37  1.118337e-03
 38  9.020349e-04
 Iteration CPU time: 9 s
 CFIE residual: 0.000902035

 Iseg, Irank, Idinc : 1, 8, 72
 Thata, Phi : 90.000000, 71.000000
 Maximun iteration: 300
 Number of recycle truncation: 30
 Final matrix dimension:  36708
 Residual error:0.001000
 0  6.371511e-01
 1  3.647820e-01
 2  2.355069e-01
 3  1.481836e-01
 4  1.040734e-01
 5  8.153276e-02
 6  6.281533e-02
 7  4.856510e-02
 8  3.850265e-02
 9  3.134553e-02
 10  2.522234e-02
 11  2.006692e-02
 12  1.587642e-02
 13  1.294281e-02
 14  1.078603e-02
 15  9.112310e-03
 16  7.827559e-03
 17  6.849712e-03
 18  6.067819e-03
 19  5.538635e-03
 20  5.165314e-03
 21  4.830325e-03
 22  4.593088e-03
 23  4.376601e-03
 24  4.201051e-03
 25  4.081909e-03
 26  3.959102e-03
 27  3.833771e-03
 28  3.660681e-03
 29  3.435943e-03
 30  3.110844e-03
 31  2.759246e-03
 32  2.394585e-03
 33  2.028641e-03
 34  1.692488e-03
 35  1.402261e-03
 36  1.165421e-03
 37  9.541017e-04
 Iteration CPU time: 8 s
 CFIE residual: 0.000954102

 Iseg, Irank, Idinc : 1, 9, 159
 Thata, Phi : 90.000000, 158.000000
 Maximun iteration: 300
 Number of recycle truncation: 30
 Final matrix dimension:  36708
 Residual error:0.001000
 0  6.195059e-01
 1  3.148138e-01
 2  1.919253e-01
 3  1.296975e-01
 4  9.743006e-02
 5  7.749041e-02
 6  6.218016e-02
 7  5.090541e-02
 8  4.262318e-02
 9  3.661877e-02
 10  3.145923e-02
 11  2.729809e-02
 12  2.347083e-02
 13  2.002700e-02
 14  1.643133e-02
 15  1.397232e-02
 16  1.174534e-02
 17  9.628618e-03
 18  8.016480e-03
 19  6.734396e-03
 20  5.553232e-03
 21  4.584448e-03
 22  3.814031e-03
 23  3.216472e-03
 24  2.684642e-03
 25  2.278160e-03
 26  1.926328e-03
 27  1.706126e-03
 28  1.541791e-03
 29  1.425260e-03
 30  1.348485e-03
 31  1.282051e-03
 32  1.241514e-03
 33  1.199837e-03
 34  1.157580e-03
 35  1.104984e-03
 36  1.019510e-03
 37  8.999701e-04
 Iteration CPU time: 9 s
 CFIE residual: 0.00089997

 Iseg, Irank, Idinc : 1, 10, 124
 Thata, Phi : 90.000000, 123.000000
 Maximun iteration: 300
 Number of recycle truncation: 30
 Final matrix dimension:  36708
 Residual error:0.001000
 0  6.549697e-01
 1  3.413594e-01
 2  2.219294e-01
 3  1.564534e-01
 4  1.125249e-01
 5  8.265795e-02
 6  6.540631e-02
 7  5.105813e-02
 8  4.076690e-02
 9  3.292205e-02
 10  2.566207e-02
 11  2.067113e-02
 12  1.602761e-02
 13  1.284696e-02
 14  1.048069e-02
 15  8.713387e-03
 16  7.457195e-03
 17  6.351739e-03
 18  5.249517e-03
 19  4.519928e-03
 20  3.999728e-03
 21  3.486958e-03
 22  3.153083e-03
 23  2.860230e-03
 24  2.620376e-03
 25  2.415591e-03
 26  2.288266e-03
 27  2.172324e-03
 28  2.076559e-03
 29  2.009126e-03
 30  1.938446e-03
 31  1.874770e-03
 32  1.816259e-03
 33  1.748815e-03
 34  1.662456e-03
 35  1.564324e-03
 36  1.435622e-03
 37  1.254927e-03
 38  1.056821e-03
 39  8.675021e-04
 Iteration CPU time: 9 s
 CFIE residual: 0.000867502

 Iseg, Irank, Idinc : 1, 11, 53
 Thata, Phi : 90.000000, 52.000000
 Maximun iteration: 300
 Number of recycle truncation: 30
 Final matrix dimension:  36708
 Residual error:0.001000
 0  6.530075e-01
 1  3.437289e-01
 2  2.105750e-01
 3  1.349800e-01
 4  9.641853e-02
 5  7.317916e-02
 6  5.679100e-02
 7  4.389942e-02
 8  3.353469e-02
 9  2.582760e-02
 10  2.003524e-02
 11  1.564114e-02
 12  1.225708e-02
 13  9.670452e-03
 14  8.066570e-03
 15  6.773183e-03
 16  5.687553e-03
 17  4.800142e-03
 18  4.189551e-03
 19  3.676940e-03
 20  3.369212e-03
 21  3.198659e-03
 22  3.078931e-03
 23  2.943657e-03
 24  2.835408e-03
 25  2.750868e-03
 26  2.669683e-03
 27  2.554656e-03
 28  2.431239e-03
 29  2.272475e-03
 30  2.059096e-03
 31  1.813001e-03
 32  1.565767e-03
 33  1.342923e-03
 34  1.138576e-03
 35  9.580336e-04
 Iteration CPU time: 8 s
 CFIE residual: 0.000958034

 Iseg, Irank, Idinc : 1, 12, 176
 Thata, Phi : 90.000000, 175.000000
 Maximun iteration: 300
 Number of recycle truncation: 30
 Final matrix dimension:  36708
 Residual error:0.001000
 0  5.848376e-01
 1  2.980864e-01
 2  1.859739e-01
 3  1.317509e-01
 4  1.018671e-01
 5  8.115970e-02
 6  6.525373e-02
 7  5.502686e-02
 8  4.563752e-02
 9  3.729838e-02
 10  3.116975e-02
 11  2.593557e-02
 12  2.141224e-02
 13  1.795972e-02
 14  1.483068e-02
 15  1.205370e-02
 16  9.927707e-03
 17  8.184189e-03
 18  6.774592e-03
 19  5.631032e-03
 20  4.660133e-03
 21  3.965017e-03
 22  3.313586e-03
 23  2.827356e-03
 24  2.431335e-03
 25  2.089339e-03
 26  1.804565e-03
 27  1.578659e-03
 28  1.398444e-03
 29  1.248735e-03
 30  1.150923e-03
 31  1.067439e-03
 32  1.004772e-03
 33  9.623675e-04
 Iteration CPU time: 8 s
 CFIE residual: 0.000962367

 Iseg, Irank, Idinc : 1, 13, 91
 Thata, Phi : 90.000000, 90.000000
 Maximun iteration: 300
 Number of recycle truncation: 30
 Final matrix dimension:  36708
 Residual error:0.001000
 0  6.033351e-01
 1  3.463294e-01
 2  2.198157e-01
 3  1.499650e-01
 4  1.072838e-01
 5  8.195164e-02
 6  6.376258e-02
 7  5.000402e-02
 8  4.043862e-02
 9  3.222451e-02
 10  2.608796e-02
 11  2.140900e-02
 12  1.776236e-02
 13  1.514183e-02
 14  1.274526e-02
 15  1.042141e-02
 16  8.787472e-03
 17  7.475578e-03
 18  6.469551e-03
 19  5.671577e-03
 20  5.037210e-03
 21  4.556509e-03
 22  4.226129e-03
 23  3.994803e-03
 24  3.826972e-03
 25  3.699576e-03
 26  3.584755e-03
 27  3.475005e-03
 28  3.351192e-03
 29  3.200475e-03
 30  3.016572e-03
 31  2.797694e-03
 32  2.564956e-03
 33  2.291330e-03
 34  1.981513e-03
 35  1.698285e-03
 36  1.439371e-03
 37  1.174941e-03
 38  9.452337e-04
 Iteration CPU time: 8 s
 CFIE residual: 0.000945234

 Iseg, Irank, Idinc : 1, 14, 32
 Thata, Phi : 90.000000, 31.000000
 Maximun iteration: 300
 Number of recycle truncation: 30
 Final matrix dimension:  36708
 Residual error:0.001000
 0  6.320373e-01
 1  3.075178e-01
 2  1.822092e-01
 3  1.137946e-01
 4  8.008901e-02
 5  5.894688e-02
 6  4.334559e-02
 7  3.297520e-02
 8  2.587579e-02
 9  2.049740e-02
 10  1.649854e-02
 11  1.354773e-02
 12  1.065082e-02
 13  8.825384e-03
 14  7.268316e-03
 15  5.880823e-03
 16  4.895353e-03
 17  4.125570e-03
 18  3.439698e-03
 19  2.982857e-03
 20  2.558067e-03
 21  2.229707e-03
 22  1.943855e-03
 23  1.765033e-03
 24  1.600693e-03
 25  1.491249e-03
 26  1.400435e-03
 27  1.324672e-03
 28  1.269953e-03
 29  1.229130e-03
 30  1.191591e-03
 31  1.152420e-03
 32  1.109197e-03
 33  1.057479e-03
 34  9.957916e-04
 Iteration CPU time: 8 s
 CFIE residual: 0.000995792

 Iseg, Irank, Idinc : 1, 15, 9
 Thata, Phi : 90.000000, 8.000000
 Maximun iteration: 300
 Number of recycle truncation: 30
 Final matrix dimension:  36708
 Residual error:0.001000
 0  5.433532e-01
 1  2.772406e-01
 2  1.764835e-01
 3  1.237511e-01
 4  8.999952e-02
 5  6.717006e-02
 6  5.109482e-02
 7  3.947868e-02
 8  3.103516e-02
 9  2.420502e-02
 10  1.913780e-02
 11  1.523224e-02
 12  1.230252e-02
 13  1.003510e-02
 14  8.090636e-03
 15  6.412878e-03
 16  5.410871e-03
 17  4.553014e-03
 18  3.844164e-03
 19  3.262295e-03
 20  2.814429e-03
 21  2.422514e-03
 22  2.029335e-03
 23  1.727170e-03
 24  1.505772e-03
 25  1.298999e-03
 26  1.139436e-03
 27  9.889538e-04
 Iteration CPU time: 7 s
 CFIE residual: 0.000988954

 Iseg, Irank, Idinc : 1, 16, 100
 Thata, Phi : 90.000000, 99.000000
 Maximun iteration: 300
 Number of recycle truncation: 30
 Final matrix dimension:  36708
 Residual error:0.001000
 0  6.080535e-01
 1  3.443942e-01
 2  2.161887e-01
 3  1.463928e-01
 4  1.048954e-01
 5  7.903452e-02
 6  6.082249e-02
 7  4.842377e-02
 8  3.831367e-02
 9  3.129663e-02
 10  2.555669e-02
 11  2.095725e-02
 12  1.724992e-02
 13  1.429927e-02
 14  1.212609e-02
 15  1.017691e-02
 16  8.606644e-03
 17  7.362719e-03
 18  6.255106e-03
 19  5.352426e-03
 20  4.639788e-03
 21  4.094451e-03
 22  3.739636e-03
 23  3.499747e-03
 24  3.284489e-03
 25  3.170847e-03
 26  3.063916e-03
 27  2.962673e-03
 28  2.862692e-03
 29  2.765372e-03
 30  2.645486e-03
 31  2.505189e-03
 32  2.307189e-03
 33  2.074456e-03
 34  1.803216e-03
 35  1.537614e-03
 36  1.305449e-03
 37  1.094384e-03
 38  8.781139e-04
 Iteration CPU time: 8 s
 CFIE residual: 0.000878114

 Iseg, Irank, Idinc : 1, 17, 116
 Thata, Phi : 90.000000, 115.000000
 Maximun iteration: 300
 Number of recycle truncation: 30
 Final matrix dimension:  36708
 Residual error:0.001000
 0  6.440044e-01
 1  3.479557e-01
 2  2.172403e-01
 3  1.516122e-01
 4  1.084129e-01
 5  7.920247e-02
 6  6.144689e-02
 7  4.815408e-02
 8  3.789909e-02
 9  3.021041e-02
 10  2.429660e-02
 11  1.920698e-02
 12  1.546430e-02
 13  1.274750e-02
 14  1.058081e-02
 15  8.834907e-03
 16  7.371297e-03
 17  6.191175e-03
 18  5.196183e-03
 19  4.473472e-03
 20  3.923697e-03
 21  3.475701e-03
 22  3.147436e-03
 23  2.879695e-03
 24  2.710916e-03
 25  2.542642e-03
 26  2.432251e-03
 27  2.351702e-03
 28  2.278644e-03
 29  2.215992e-03
 30  2.142498e-03
 31  2.062784e-03
 32  1.941666e-03
 33  1.796384e-03
 34  1.592844e-03
 35  1.384624e-03
 36  1.183889e-03
 37  9.688703e-04
 Iteration CPU time: 8 s
 CFIE residual: 0.00096887

 Iseg, Irank, Idinc : 1, 18, 1
 Thata, Phi : 90.000000, 0.000000
 Maximun iteration: 300
 Number of recycle truncation: 30
 Final matrix dimension:  36708
 Residual error:0.001000
 0  5.184898e-01
 1  2.723152e-01
 2  1.764802e-01
 3  1.214181e-01
 4  8.714689e-02
 5  6.672999e-02
 6  5.162611e-02
 7  3.809336e-02
 8  2.890876e-02
 9  2.305642e-02
 10  1.889665e-02
 11  1.505438e-02
 12  1.135770e-02
 13  9.236411e-03
 14  7.450656e-03
 15  6.164193e-03
 16  5.056225e-03
 17  4.321467e-03
 18  3.649152e-03
 19  3.142527e-03
 20  2.673880e-03
 21  2.258935e-03
 22  1.890481e-03
 23  1.555141e-03
 24  1.268576e-03
 25  1.049172e-03
 26  8.526045e-04
 Iteration CPU time: 6 s
 CFIE residual: 0.000852604

 Iseg, Irank, Idinc : 1, 19, 167
 Thata, Phi : 90.000000, 166.000000
 Maximun iteration: 300
 Number of recycle truncation: 30
 Final matrix dimension:  36708
 Residual error:0.001000
 0  5.931015e-01
 1  3.007729e-01
 2  1.859646e-01
 3  1.309821e-01
 4  1.010932e-01
 5  8.055405e-02
 6  6.493036e-02
 7  5.439003e-02
 8  4.546502e-02
 9  3.853918e-02
 10  3.247402e-02
 11  2.754340e-02
 12  2.406722e-02
 13  2.074350e-02
 14  1.712851e-02
 15  1.429048e-02
 16  1.205235e-02
 17  1.008685e-02
 18  8.362790e-03
 19  6.896534e-03
 20  5.594460e-03
 21  4.677405e-03
 22  3.911292e-03
 23  3.321656e-03
 24  2.766359e-03
 25  2.330759e-03
 26  1.981662e-03
 27  1.731695e-03
 28  1.529389e-03
 29  1.383263e-03
 30  1.271421e-03
 31  1.191250e-03
 32  1.129325e-03
 33  1.080888e-03
 34  1.044580e-03
 35  1.006217e-03
 36  9.496486e-04
 Iteration CPU time: 8 s
 CFIE residual: 0.000949649

 Iseg, Irank, Idinc : 1, 20, 181
 Thata, Phi : 90.000000, 180.000000
 Maximun iteration: 300
 Number of recycle truncation: 30
 Final matrix dimension:  36708
 Residual error:0.001000
 0  5.844036e-01
 1  2.980566e-01
 2  1.854430e-01
 3  1.308690e-01
 4  1.003529e-01
 5  7.958994e-02
 6  6.405126e-02
 7  5.388286e-02
 8  4.476100e-02
 9  3.624529e-02
 10  2.918718e-02
 11  2.386777e-02
 12  1.916890e-02
 13  1.568694e-02
 14  1.247499e-02
 15  9.883909e-03
 16  7.881890e-03
 17  6.444205e-03
 18  5.401150e-03
 19  4.495828e-03
 20  3.743409e-03
 21  3.162296e-03
 22  2.617046e-03
 23  2.191932e-03
 24  1.869469e-03
 25  1.601256e-03
 26  1.380790e-03
 27  1.205484e-03
 28  1.059434e-03
 29  9.575020e-04
 Iteration CPU time: 6 s
 CFIE residual: 0.000957502

 Iseg, Irank, Idinc : 1, 21, 16
 Thata, Phi : 90.000000, 15.000000
 Maximun iteration: 300
 Number of recycle truncation: 30
 Final matrix dimension:  36708
 Residual error:0.001000
 0  5.900708e-01
 1  2.859327e-01
 2  1.753851e-01
 3  1.205541e-01
 4  8.606426e-02
 5  6.398417e-02
 6  4.946703e-02
 7  3.831491e-02
 8  3.017121e-02
 9  2.430863e-02
 10  1.938630e-02
 11  1.520923e-02
 12  1.206849e-02
 13  9.771621e-03
 14  8.186102e-03
 15  6.540061e-03
 16  5.415426e-03
 17  4.623457e-03
 18  3.911716e-03
 19  3.316960e-03
 20  2.780044e-03
 21  2.338324e-03
 22  1.966381e-03
 23  1.685267e-03
 24  1.481363e-03
 25  1.297999e-03
 26  1.152745e-03
 27  1.015740e-03
 28  9.125822e-04
 Iteration CPU time: 7 s
 CFIE residual: 0.000912582

 Iseg, Irank, Idinc : 1, 22, 153
 Thata, Phi : 90.000000, 152.000000
 Maximun iteration: 300
 Number of recycle truncation: 30
 Final matrix dimension:  36708
 Residual error:0.001000
 0  6.361867e-01
 1  3.298955e-01
 2  2.029448e-01
 3  1.346081e-01
 4  9.890095e-02
 5  7.734692e-02
 6  6.049148e-02
 7  4.883677e-02
 8  4.045714e-02
 9  3.434794e-02
 10  2.925195e-02
 11  2.518850e-02
 12  2.183053e-02
 13  1.865847e-02
 14  1.521278e-02
 15  1.271567e-02
 16  1.074553e-02
 17  8.900924e-03
 18  7.406026e-03
 19  6.296198e-03
 20  5.260257e-03
 21  4.381426e-03
 22  3.615835e-03
 23  3.073811e-03
 24  2.574334e-03
 25  2.225408e-03
 26  1.922131e-03
 27  1.740826e-03
 28  1.596370e-03
 29  1.500761e-03
 30  1.443416e-03
 31  1.385611e-03
 32  1.340417e-03
 33  1.288052e-03
 34  1.238070e-03
 35  1.161155e-03
 36  1.067124e-03
 37  9.594550e-04
 Iteration CPU time: 8 s
 CFIE residual: 0.000959455

 Iseg, Irank, Idinc : 1, 23, 77
 Thata, Phi : 90.000000, 76.000000
 Maximun iteration: 300
 Number of recycle truncation: 30
 Final matrix dimension:  36708
 Residual error:0.001000
 0  6.200604e-01
 1  3.565295e-01
 2  2.305524e-01
 3  1.472007e-01
 4  1.040237e-01
 5  7.876473e-02
 6  6.167346e-02
 7  4.790903e-02
 8  3.826884e-02
 9  3.039408e-02
 10  2.443511e-02
 11  1.968314e-02
 12  1.592552e-02
 13  1.308230e-02
 14  1.116434e-02
 15  9.418390e-03
 16  8.123645e-03
 17  7.156025e-03
 18  6.353657e-03
 19  5.716122e-03
 20  5.270133e-03
 21  4.890959e-03
 22  4.608051e-03
 23  4.370314e-03
 24  4.186512e-03
 25  4.067777e-03
 26  3.954026e-03
 27  3.845746e-03
 28  3.716665e-03
 29  3.543346e-03
 30  3.280511e-03
 31  2.954465e-03
 32  2.604110e-03
 33  2.274122e-03
 34  1.897546e-03
 35  1.563066e-03
 36  1.312401e-03
 37  1.071133e-03
 38  8.663597e-04
 Iteration CPU time: 9 s
 CFIE residual: 0.00086636

 Iseg, Irank, Idinc : 1, 24, 130
 Thata, Phi : 90.000000, 129.000000
 Maximun iteration: 300
 Number of recycle truncation: 30
 Final matrix dimension:  36708
 Residual error:0.001000
 0  6.747684e-01
 1  3.506285e-01
 2  2.238411e-01
 3  1.533489e-01
 4  1.105523e-01
 5  8.200684e-02
 6  6.380152e-02
 7  5.035284e-02
 8  3.970319e-02
 9  3.250488e-02
 10  2.619739e-02
 11  2.081875e-02
 12  1.632643e-02
 13  1.318200e-02
 14  1.070400e-02
 15  8.849307e-03
 16  7.346721e-03
 17  6.041399e-03
 18  5.107651e-03
 19  4.410735e-03
 20  3.808045e-03
 21  3.365339e-03
 22  3.044840e-03
 23  2.757602e-03
 24  2.535320e-03
 25  2.382650e-03
 26  2.278009e-03
 27  2.191557e-03
 28  2.114518e-03
 29  2.047932e-03
 30  1.970729e-03
 31  1.905677e-03
 32  1.838523e-03
 33  1.749279e-03
 34  1.634332e-03
 35  1.497180e-03
 36  1.322781e-03
 37  1.136999e-03
 38  9.442341e-04
 Iteration CPU time: 9 s
 CFIE residual: 0.000944234

 Iseg, Irank, Idinc : 1, 25, 48
 Thata, Phi : 90.000000, 47.000000
 Maximun iteration: 300
 Number of recycle truncation: 30
 Final matrix dimension:  36708
 Residual error:0.001000
 0  6.411076e-01
 1  3.315547e-01
 2  2.053398e-01
 3  1.338871e-01
 4  9.571216e-02
 5  7.319450e-02
 6  5.575082e-02
 7  4.251429e-02
 8  3.260206e-02
 9  2.487919e-02
 10  1.889175e-02
 11  1.477367e-02
 12  1.164602e-02
 13  9.516305e-03
 14  7.847681e-03
 15  6.530471e-03
 16  5.460494e-03
 17  4.563421e-03
 18  3.924246e-03
 19  3.414035e-03
 20  3.097067e-03
 21  2.890222e-03
 22  2.758878e-03
 23  2.618904e-03
 24  2.524322e-03
 25  2.440899e-03
 26  2.377417e-03
 27  2.306604e-03
 28  2.207847e-03
 29  2.104405e-03
 30  1.970364e-03
 31  1.789985e-03
 32  1.618068e-03
 33  1.390455e-03
 34  1.185473e-03
 35  9.900956e-04
 Iteration CPU time: 8 s
 CFIE residual: 0.000990096

 Iseg, Irank, Idinc : 1, 26, 4
 Thata, Phi : 90.000000, 3.000000
 Maximun iteration: 300
 Number of recycle truncation: 30
 Final matrix dimension:  36708
 Residual error:0.001000
 0  5.222768e-01
 1  2.731264e-01
 2  1.764434e-01
 3  1.220139e-01
 4  8.799446e-02
 5  6.689111e-02
 6  5.132689e-02
 7  3.800459e-02
 8  2.913847e-02
 9  2.331191e-02
 10  1.891513e-02
 11  1.508367e-02
 12  1.166158e-02
 13  9.392021e-03
 14  7.694458e-03
 15  6.278928e-03
 16  5.173855e-03
 17  4.434379e-03
 18  3.704347e-03
 19  3.180207e-03
 20  2.735439e-03
 21  2.364454e-03
 22  2.028462e-03
 23  1.694709e-03
 24  1.433514e-03
 25  1.213864e-03
 26  1.031771e-03
 27  8.550438e-04
 Iteration CPU time: 6 s
 CFIE residual: 0.000855044

 Iseg, Irank, Idinc : 1, 27, 172
 Thata, Phi : 90.000000, 171.000000
 Maximun iteration: 300
 Number of recycle truncation: 30
 Final matrix dimension:  36708
 Residual error:0.001000
 0  5.863387e-01
 1  2.983499e-01
 2  1.864774e-01
 3  1.324303e-01
 4  1.028261e-01
 5  8.203969e-02
 6  6.595177e-02
 7  5.576635e-02
 8  4.631270e-02
 9  3.836321e-02
 10  3.242150e-02
 11  2.758215e-02
 12  2.323858e-02
 13  1.971223e-02
 14  1.651020e-02
 15  1.364076e-02
 16  1.137242e-02
 17  9.387418e-03
 18  7.712986e-03
 19  6.427101e-03
 20  5.265750e-03
 21  4.441268e-03
 22  3.736741e-03
 23  3.193239e-03
 24  2.698503e-03
 25  2.293305e-03
 26  1.974245e-03
 27  1.726235e-03
 28  1.524976e-03
 29  1.366498e-03
 30  1.251301e-03
 31  1.162218e-03
 32  1.095168e-03
 33  1.043777e-03
 34  1.000632e-03
 35  9.610339e-04
 Iteration CPU time: 8 s
 CFIE residual: 0.000961034

 Iseg, Irank, Idinc : 1, 28, 96
 Thata, Phi : 90.000000, 95.000000
 Maximun iteration: 300
 Number of recycle truncation: 30
 Final matrix dimension:  36708
 Residual error:0.001000
 0  6.042634e-01
 1  3.443786e-01
 2  2.173472e-01
 3  1.455245e-01
 4  1.041038e-01
 5  7.943731e-02
 6  6.263579e-02
 7  4.945445e-02
 8  3.919140e-02
 9  3.115061e-02
 10  2.547229e-02
 11  2.085480e-02
 12  1.712357e-02
 13  1.451973e-02
 14  1.225715e-02
 15  1.025321e-02
 16  8.668720e-03
 17  7.389942e-03
 18  6.432013e-03
 19  5.481155e-03
 20  4.781121e-03
 21  4.263214e-03
 22  3.935312e-03
 23  3.690109e-03
 24  3.520781e-03
 25  3.402775e-03
 26  3.285082e-03
 27  3.180791e-03
 28  3.083708e-03
 29  2.961543e-03
 30  2.791994e-03
 31  2.601046e-03
 32  2.368697e-03
 33  2.124006e-03
 34  1.853052e-03
 35  1.618931e-03
 36  1.364949e-03
 37  1.141500e-03
 38  9.317664e-04
 Iteration CPU time: 8 s
 CFIE residual: 0.000931766

 Iseg, Irank, Idinc : 1, 29, 27
 Thata, Phi : 90.000000, 26.000000
 Maximun iteration: 300
 Number of recycle truncation: 30
 Final matrix dimension:  36708
 Residual error:0.001000
 0  6.412084e-01
 1  3.009375e-01
 2  1.743872e-01
 3  1.118633e-01
 4  7.784517e-02
 5  5.745988e-02
 6  4.264926e-02
 7  3.263360e-02
 8  2.611082e-02
 9  2.115302e-02
 10  1.754068e-02
 11  1.419248e-02
 12  1.119407e-02
 13  9.323345e-03
 14  7.819882e-03
 15  6.301846e-03
 16  5.322832e-03
 17  4.467132e-03
 18  3.699819e-03
 19  3.221787e-03
 20  2.701507e-03
 21  2.277231e-03
 22  1.934560e-03
 23  1.716599e-03
 24  1.513151e-03
 25  1.382147e-03
 26  1.266817e-03
 27  1.181592e-03
 28  1.120972e-03
 29  1.082094e-03
 30  1.050544e-03
 31  1.015727e-03
 32  9.771016e-04
 Iteration CPU time: 8 s
 CFIE residual: 0.000977102

 Iseg, Irank, Idinc : 1, 30, 142
 Thata, Phi : 90.000000, 141.000000
 Maximun iteration: 300
 Number of recycle truncation: 30
 Final matrix dimension:  36708
 Residual error:0.001000
 0  6.859967e-01
 1  3.497763e-01
 2  2.118700e-01
 3  1.438620e-01
 4  1.046577e-01
 5  7.815452e-02
 6  6.040510e-02
 7  4.735152e-02
 8  3.865586e-02
 9  3.294093e-02
 10  2.759098e-02
 11  2.349823e-02
 12  1.975807e-02
 13  1.656048e-02
 14  1.387193e-02
 15  1.140954e-02
 16  9.521720e-03
 17  7.948988e-03
 18  6.637031e-03
 19  5.522783e-03
 20  4.612812e-03
 21  3.996819e-03
 22  3.529558e-03
 23  3.175596e-03
 24  2.910179e-03
 25  2.680853e-03
 26  2.506220e-03
 27  2.390865e-03
 28  2.288286e-03
 29  2.219485e-03
 30  2.146884e-03
 31  2.081684e-03
 32  2.000349e-03
 33  1.888041e-03
 34  1.750779e-03
 35  1.574775e-03
 36  1.399839e-03
 37  1.181203e-03
 38  9.801358e-04
 Iteration CPU time: 8 s
 CFIE residual: 0.000980136

 Iseg, Irank, Idinc : 1, 31, 58
 Thata, Phi : 90.000000, 57.000000
 Maximun iteration: 300
 Number of recycle truncation: 30
 Final matrix dimension:  36708
 Residual error:0.001000
 0  6.601509e-01
 1  3.474523e-01
 2  2.127787e-01
 3  1.335495e-01
 4  9.587019e-02
 5  7.222475e-02
 6  5.546522e-02
 7  4.344819e-02
 8  3.353038e-02
 9  2.643230e-02
 10  2.065922e-02
 11  1.613675e-02
 12  1.266533e-02
 13  9.959652e-03
 14  8.271131e-03
 15  6.967723e-03
 16  5.963822e-03
 17  5.208754e-03
 18  4.498366e-03
 19  4.121755e-03
 20  3.830338e-03
 21  3.640772e-03
 22  3.500993e-03
 23  3.355921e-03
 24  3.223735e-03
 25  3.110580e-03
 26  3.016403e-03
 27  2.888348e-03
 28  2.721713e-03
 29  2.532144e-03
 30  2.298988e-03
 31  2.030939e-03
 32  1.709562e-03
 33  1.441288e-03
 34  1.218467e-03
 35  9.976840e-04
 Iteration CPU time: 8 s
 CFIE residual: 0.000997684

 Iseg, Irank, Idinc : 1, 32, 179
 Thata, Phi : 90.000000, 178.000000
 Maximun iteration: 300
 Number of recycle truncation: 30
 Final matrix dimension:  36708
 Residual error:0.001000
 0  5.844806e-01
 1  2.980628e-01
 2  1.855391e-01
 3  1.310433e-01
 4  1.006922e-01
 5  7.997180e-02
 6  6.435883e-02
 7  5.416786e-02
 8  4.496058e-02
 9  3.646892e-02
 10  2.969177e-02
 11  2.443276e-02
 12  1.993442e-02
 13  1.656467e-02
 14  1.334215e-02
 15  1.076644e-02
 16  8.761529e-03
 17  7.103478e-03
 18  5.942162e-03
 19  4.927693e-03
 20  4.076913e-03
 21  3.465869e-03
 22  2.877514e-03
 23  2.439862e-03
 24  2.102257e-03
 25  1.796953e-03
 26  1.550722e-03
 27  1.358457e-03
 28  1.198608e-03
 29  1.069713e-03
 30  9.912881e-04
 Iteration CPU time: 7 s
 CFIE residual: 0.000991288

 Iseg, Irank, Idinc : 1, 33, 12
 Thata, Phi : 90.000000, 11.000000
 Maximun iteration: 300
 Number of recycle truncation: 30
 Final matrix dimension:  36708
 Residual error:0.001000
 0  5.620791e-01
 1  2.806293e-01
 2  1.764236e-01
 3  1.234469e-01
 4  8.964010e-02
 5  6.672713e-02
 6  5.088634e-02
 7  3.953316e-02
 8  3.097510e-02
 9  2.441819e-02
 10  1.924973e-02
 11  1.511022e-02
 12  1.197510e-02
 13  9.884143e-03
 14  8.117834e-03
 15  6.391502e-03
 16  5.321698e-03
 17  4.549653e-03
 18  3.866360e-03
 19  3.289118e-03
 20  2.814953e-03
 21  2.391249e-03
 22  2.005767e-03
 23  1.723494e-03
 24  1.509167e-03
 25  1.314234e-03
 26  1.162644e-03
 27  1.013779e-03
 28  9.001515e-04
 Iteration CPU time: 6 s
 CFIE residual: 0.000900151

 Iseg, Irank, Idinc : 1, 34, 105
 Thata, Phi : 90.000000, 104.000000
 Maximun iteration: 300
 Number of recycle truncation: 30
 Final matrix dimension:  36708
 Residual error:0.001000
 0  6.126400e-01
 1  3.484962e-01
 2  2.166351e-01
 3  1.484218e-01
 4  1.050173e-01
 5  7.915114e-02
 6  6.054031e-02
 7  4.773591e-02
 8  3.826173e-02
 9  3.087938e-02
 10  2.503939e-02
 11  2.073457e-02
 12  1.664760e-02
 13  1.382382e-02
 14  1.153069e-02
 15  9.515108e-03
 16  8.087938e-03
 17  6.901145e-03
 18  5.903989e-03
 19  5.033936e-03
 20  4.312714e-03
 21  3.800846e-03
 22  3.454938e-03
 23  3.220419e-03
 24  3.036278e-03
 25  2.904396e-03
 26  2.795069e-03
 27  2.698258e-03
 28  2.613061e-03
 29  2.516109e-03
 30  2.398389e-03
 31  2.249620e-03
 32  2.089796e-03
 33  1.877092e-03
 34  1.659619e-03
 35  1.432657e-03
 36  1.217841e-03
 37  9.939508e-04
 Iteration CPU time: 9 s
 CFIE residual: 0.000993951

 Iseg, Irank, Idinc : 1, 35, 37
 Thata, Phi : 90.000000, 36.000000
 Maximun iteration: 300
 Number of recycle truncation: 30
 Final matrix dimension:  36708
 Residual error:0.001000
 0  6.231983e-01
 1  3.122916e-01
 2  1.918102e-01
 3  1.209209e-01
 4  8.338188e-02
 5  6.112335e-02
 6  4.529425e-02
 7  3.446908e-02
 8  2.675506e-02
 9  2.080238e-02
 10  1.616998e-02
 11  1.317964e-02
 12  1.046801e-02
 13  8.656119e-03
 14  7.022788e-03
 15  5.677229e-03
 16  4.777423e-03
 17  3.987774e-03
 18  3.363509e-03
 19  2.879791e-03
 20  2.516108e-03
 21  2.230074e-03
 22  2.010634e-03
 23  1.868416e-03
 24  1.749122e-03
 25  1.658516e-03
 26  1.586526e-03
 27  1.524122e-03
 28  1.479357e-03
 29  1.432826e-03
 30  1.383294e-03
 31  1.330775e-03
 32  1.272059e-03
 33  1.186757e-03
 34  1.085412e-03
 35  9.621763e-04
 Iteration CPU time: 8 s
 CFIE residual: 0.000962176

 Iseg, Irank, Idinc : 1, 36, 163
 Thata, Phi : 90.000000, 162.000000
 Maximun iteration: 300
 Number of recycle truncation: 30
 Final matrix dimension:  36708
 Residual error:0.001000
 0  6.048966e-01
 1  3.063599e-01
 2  1.869735e-01
 3  1.292581e-01
 4  9.834693e-02
 5  7.854757e-02
 6  6.370766e-02
 7  5.220397e-02
 8  4.375497e-02
 9  3.780923e-02
 10  3.266029e-02
 11  2.786427e-02
 12  2.380071e-02
 13  2.055861e-02
 14  1.723200e-02
 15  1.460420e-02
 16  1.212714e-02
 17  9.959012e-03
 18  8.293626e-03
 19  6.951250e-03
 20  5.637105e-03
 21  4.654891e-03
 22  3.889944e-03
 23  3.281230e-03
 24  2.713193e-03
 25  2.303117e-03
 26  1.949739e-03
 27  1.718401e-03
 28  1.529197e-03
 29  1.397069e-03
 30  1.300152e-03
 31  1.228340e-03
 32  1.179355e-03
 33  1.138617e-03
 34  1.101591e-03
 35  1.061013e-03
 36  9.964234e-04
 Iteration CPU time: 8 s
 CFIE residual: 0.000996423

 Iseg, Irank, Idinc : 1, 37, 68
 Thata, Phi : 90.000000, 67.000000
 Maximun iteration: 300
 Number of recycle truncation: 30
 Final matrix dimension:  36708
 Residual error:0.001000
 0  6.496862e-01
 1  3.671528e-01
 2  2.337199e-01
 3  1.495144e-01
 4  1.061640e-01
 5  8.227817e-02
 6  6.207922e-02
 7  4.943309e-02
 8  3.916043e-02
 9  3.134915e-02
 10  2.435161e-02
 11  1.954251e-02
 12  1.558604e-02
 13  1.255000e-02
 14  1.042172e-02
 15  8.784101e-03
 16  7.494283e-03
 17  6.593391e-03
 18  5.829956e-03
 19  5.299924e-03
 20  4.955957e-03
 21  4.682290e-03
 22  4.474071e-03
 23  4.267085e-03
 24  4.095035e-03
 25  3.973564e-03
 26  3.855151e-03
 27  3.717394e-03
 28  3.539377e-03
 29  3.279600e-03
 30  2.904438e-03
 31  2.544695e-03
 32  2.187014e-03
 33  1.850541e-03
 34  1.524162e-03
 35  1.284503e-03
 36  1.066125e-03
 37  8.735519e-04
 Iteration CPU time: 9 s
 CFIE residual: 0.000873552

 Iseg, Irank, Idinc : 1, 38, 2
 Thata, Phi : 90.000000, 1.000000
 Maximun iteration: 300
 Number of recycle truncation: 30
 Final matrix dimension:  36708
 Residual error:0.001000
 0  5.189249e-01
 1  2.724134e-01
 2  1.764818e-01
 3  1.214995e-01
 4  8.726495e-02
 5  6.676367e-02
 6  5.159137e-02
 7  3.807806e-02
 8  2.892801e-02
 9  2.310240e-02
 10  1.891830e-02
 11  1.507328e-02
 12  1.144983e-02
 13  9.291268e-03
 14  7.551332e-03
 15  6.241360e-03
 16  5.118553e-03
 17  4.410476e-03
 18  3.711903e-03
 19  3.195543e-03
 20  2.727865e-03
 21  2.330014e-03
 22  1.974017e-03
 23  1.642605e-03
 24  1.370072e-03
 25  1.145063e-03
 26  9.491148e-04
 Iteration CPU time: 6 s
 CFIE residual: 0.000949115

 Iseg, Irank, Idinc : 1, 39, 120
 Thata, Phi : 90.000000, 119.000000
 Maximun iteration: 300
 Number of recycle truncation: 30
 Final matrix dimension:  36708
 Residual error:0.001000
 0  6.479650e-01
 1  3.436964e-01
 2  2.182266e-01
 3  1.528703e-01
 4  1.090511e-01
 5  8.079261e-02
 6  6.380328e-02
 7  4.961902e-02
 8  3.925161e-02
 9  3.141540e-02
 10  2.534990e-02
 11  2.019031e-02
 12  1.598881e-02
 13  1.285187e-02
 14  1.064334e-02
 15  8.830675e-03
 16  7.420891e-03
 17  6.320852e-03
 18  5.345886e-03
 19  4.537899e-03
 20  3.959587e-03
 21  3.485517e-03
 22  3.141395e-03
 23  2.873032e-03
 24  2.677961e-03
 25  2.481729e-03
 26  2.353400e-03
 27  2.257795e-03
 28  2.174366e-03
 29  2.121246e-03
 30  2.050934e-03
 31  1.988984e-03
 32  1.904783e-03
 33  1.801820e-03
 34  1.662948e-03
 35  1.516103e-03
 36  1.345230e-03
 37  1.116599e-03
 38  9.011639e-04
 Iteration CPU time: 8 s
 CFIE residual: 0.000901164

 Iseg, Irank, Idinc : 1, 40, 180
 Thata, Phi : 90.000000, 179.000000
 Maximun iteration: 300
 Number of recycle truncation: 30
 Final matrix dimension:  36708
 Residual error:0.001000
 0  5.844288e-01
 1  2.980591e-01
 2  1.854676e-01
 3  1.309149e-01
 4  1.004478e-01
 5  7.969767e-02
 6  6.414387e-02
 7  5.396933e-02
 8  4.481950e-02
 9  3.630930e-02
 10  2.933421e-02
 11  2.404058e-02
 12  1.944567e-02
 13  1.606753e-02
 14  1.290036e-02
 15  1.037716e-02
 16  8.419072e-03
 17  6.816050e-03
 18  5.690826e-03
 19  4.720143e-03
 20  3.898878e-03
 21  3.293881e-03
 22  2.734519e-03
 23  2.307741e-03
 24  1.983568e-03
 25  1.687584e-03
 26  1.452719e-03
 27  1.275553e-03
 28  1.123033e-03
 29  1.002314e-03
 30  9.266289e-04
 Iteration CPU time: 7 s
 CFIE residual: 0.000926629
 Last Built End in Sep 21 2025 00:06:12
 Total CPU time: 336 s
 Finished.
