 Last Built Begin in Sep 22 2025 09:01:48
 Pre-Type( Input ):           10
 Skl-Tol ( Input ):    1.0000000000000001E-005
 Wavelength in freespace: 0.0285756

 ################################################
 ##         Generating Required Mesh          ##
 ##         Waiting.....                      ##
 ################################################
 Subd No.      Subd Name
    1    Open-Duct_PRIME_model_meshAA1                                     
 isub,  nnode, npatch,  nedge:
    1      6118     12236     18354
 Scale Factor         >>   1.54999997E-02
 ################################################

 START TIME: 20250922   101748.963


 Informaton for IE geometry:
 number of subdomains     : 1
 maxnode,maxpatch,maxedge : 6118  12236  18354
 
 Index of Mat-Reg: 1
 Mat-Reg Number via MatFlg: 1
 Edge Number of Mat-Reg: 1, 18354

 Number of Edge on PEC: 18354
 Mat-Reg: No Dim(m) Lmax:
    1 0.251    5
 Totlmax, add1, add2:           5           6           7
 rlengmax of Global MLFMA >>   0.25091564777149949     
 Lmax of Global MLFMA >>            5
 Wavenum of Mat-Reg:
    1 1.000

 total area in sq m           =      0.0510
 total area in sq lambda      =     62.4197
 maxnode, maxpatch, maxedge           =     6118    12236    18354
 longest  edge in lambda              =      0.1633
 shortest edge in lambda              =      0.0078
 average  edge in lambda              =      0.1091
 largest  patch area in sq lambda     =      0.0090
 smallest patch area in sq lambda     =      0.0001
 ave    surface area in sq lambda     =      0.0051
 size range of the object in sq lambda =      8.0293

 #### MLFMA Info For Each Region ####
 Mat-Region =            1
 Array dimension parameters:
 maxrule=          14   maxgrid  =          64
 lmax   =           5   ncmax    =        1250
 lsmax  =          28   lsmin    =           7
 kpm    =        1572   kp0      =         102
 ntlm   =      229416   nsm      =      236910
 nkpm   =        2460   niplm    =      157440
 ngnearm=       14257   ngsndm   =       64634
 nearm  =         333   mfinestm =         119
 ###############################

 CFIE Alpha:  0.50000000000000000     

 Fill MLFMA FI for Mat-Reg:           1
 Begin filltl.f
 fill translation matrix
 Level:            2
 fill shifting matrix
 Level:            3
 fill shifting matrix
 Level:            4
 fill shifting matrix
 Level:            5
 fill shifting matrix
 translator time(s):  0.130000010    
 fill interpolation matrix
 ThetaOrder            8
 PhiOrder            8
 lsl            7
 Filling TL                  Delta_CPU=          0.57 Memory(MB)=        654.65
 Filling sndgrp              Delta_CPU=          0.00 Memory(MB)=        654.65
 Filling VFS                 Delta_CPU=          3.16 Memory(MB)=        654.65

 Fill MLFMA NI for Mat-Reg:           1
 Begin fill sparser part of Nearfield
 Begin fill denser part of Nearfield
 End fill
 Filling Amn                 Delta_CPU=         89.40 Memory(MB)=        654.65


 Now testing preconditioner with
 ipretype =           10
 method = cfie_solve_nfrasspspre_pardiso

  
 NBP>>Begin fill sparser part of Nearfield

117.1696% NBP>>Begin fill denser part of Nearfield

200.1041%
 Begin MLFMA Box-Matrix Based Spar-RAS Prec Constructor
 --- Intel MKL PARDISO --- 
 Memory for iGroup: 1 1.28638e+09 MB
 Total Memory For SparRAS Pre: 1.28638e+09 MB
 --- PARDISO PRECONDITIONER INITIALIZED --- 
 Constructing preconditioner CPU time: 3 s
 
 1101240
 Memory for Iteration:: 16.8036 MB

 Iseg, Ninc_S : 1, 181, 0

 Iseg, Skeleton Angles: 1, 40
 Iseg, Skel-Pk Mem(MB): 1, 314.35

 Iseg, Irank, Idinc : 1, 1, 42
 Thata, Phi : 90.000000, 41.000000
 Maximun iteration: 300
 Number of recycle truncation: 30
 Final matrix dimension:  36708
 Residual error:0.001000
 0  6.329702e-01
 1  3.169819e-01
 2  1.993487e-01
 3  1.285087e-01
 4  9.033407e-02
 5  6.632998e-02
 6  5.063535e-02
 7  3.896621e-02
 8  2.977623e-02
 9  2.368137e-02
 10  1.794936e-02
 11  1.490336e-02
 12  1.278320e-02
 13  1.123386e-02
 14  1.003931e-02
 15  9.005488e-03
 16  8.301667e-03
 17  7.768658e-03
 18  7.252290e-03
 19  6.856520e-03
 20  6.500789e-03
 21  6.051017e-03
 22  5.610017e-03
 23  5.097731e-03
 24  4.549159e-03
 25  3.983816e-03
 26  3.429810e-03
 27  2.934341e-03
 28  2.437881e-03
 29  2.050522e-03
 30  1.685131e-03
 31  1.398342e-03
 32  1.147784e-03
 33  9.430271e-04
 Iteration CPU time: 8 s
 CFIE residual: 0.000943027

 Iseg, Irank, Idinc : 1, 2, 63
 Thata, Phi : 90.000000, 62.000000
 Maximun iteration: 300
 Number of recycle truncation: 30
 Final matrix dimension:  36708
 Residual error:0.001000
 0  6.539682e-01
 1  3.605301e-01
 2  2.251506e-01
 3  1.446382e-01
 4  1.026954e-01
 5  7.921949e-02
 6  6.115707e-02
 7  4.893903e-02
 8  3.998643e-02
 9  3.214191e-02
 10  2.557588e-02
 11  2.148562e-02
 12  1.854319e-02
 13  1.650865e-02
 14  1.522569e-02
 15  1.436416e-02
 16  1.364398e-02
 17  1.299528e-02
 18  1.225735e-02
 19  1.132311e-02
 20  1.025829e-02
 21  9.275676e-03
 22  8.289766e-03
 23  7.248951e-03
 24  6.260224e-03
 25  5.212086e-03
 26  4.307555e-03
 27  3.601968e-03
 28  3.013911e-03
 29  2.520968e-03
 30  2.041891e-03
 31  1.671362e-03
 32  1.338545e-03
 33  1.082359e-03
 34  8.558000e-04
 Iteration CPU time: 8 s
 CFIE residual: 0.0008558

 Iseg, Irank, Idinc : 1, 3, 108
 Thata, Phi : 90.000000, 107.000000
 Maximun iteration: 300
 Number of recycle truncation: 30
 Final matrix dimension:  36708
 Residual error:0.001000
 0  6.176314e-01
 1  3.477571e-01
 2  2.156367e-01
 3  1.462870e-01
 4  1.046858e-01
 5  7.771187e-02
 6  6.013543e-02
 7  4.724502e-02
 8  3.909341e-02
 9  3.219176e-02
 10  2.605869e-02
 11  2.155314e-02
 12  1.870240e-02
 13  1.611316e-02
 14  1.449796e-02
 15  1.308957e-02
 16  1.197211e-02
 17  1.125084e-02
 18  1.060425e-02
 19  1.001555e-02
 20  9.562412e-03
 21  9.051830e-03
 22  8.505999e-03
 23  7.982326e-03
 24  7.407831e-03
 25  6.746740e-03
 26  5.913115e-03
 27  5.064458e-03
 28  4.291416e-03
 29  3.568919e-03
 30  2.909552e-03
 31  2.300234e-03
 32  1.822396e-03
 33  1.453119e-03
 34  1.182962e-03
 35  9.419460e-04
 Iteration CPU time: 8 s
 CFIE residual: 0.000941946

 Iseg, Irank, Idinc : 1, 4, 147
 Thata, Phi : 90.000000, 146.000000
 Maximun iteration: 300
 Number of recycle truncation: 30
 Final matrix dimension:  36708
 Residual error:0.001000
 0  6.578921e-01
 1  3.469471e-01
 2  2.095181e-01
 3  1.414526e-01
 4  1.003615e-01
 5  7.695496e-02
 6  5.938417e-02
 7  4.761155e-02
 8  3.969941e-02
 9  3.390757e-02
 10  2.923688e-02
 11  2.577573e-02
 12  2.306880e-02
 13  2.005349e-02
 14  1.763589e-02
 15  1.562471e-02
 16  1.377884e-02
 17  1.231528e-02
 18  1.123343e-02
 19  1.031155e-02
 20  9.653387e-03
 21  9.105641e-03
 22  8.611906e-03
 23  8.197831e-03
 24  7.774970e-03
 25  7.411052e-03
 26  6.977466e-03
 27  6.440191e-03
 28  5.719576e-03
 29  5.010809e-03
 30  4.303333e-03
 31  3.665301e-03
 32  3.067099e-03
 33  2.538711e-03
 34  1.958713e-03
 35  1.526894e-03
 36  1.203031e-03
 37  9.546065e-04
 Iteration CPU time: 9 s
 CFIE residual: 0.000954606

 Iseg, Irank, Idinc : 1, 5, 137
 Thata, Phi : 90.000000, 136.000000
 Maximun iteration: 300
 Number of recycle truncation: 30
 Final matrix dimension:  36708
 Residual error:0.001000
 0  6.954699e-01
 1  3.490669e-01
 2  2.153842e-01
 3  1.472710e-01
 4  1.050000e-01
 5  7.882157e-02
 6  5.980295e-02
 7  4.772959e-02
 8  3.941037e-02
 9  3.305641e-02
 10  2.820325e-02
 11  2.383937e-02
 12  2.099099e-02
 13  1.796692e-02
 14  1.542295e-02
 15  1.389471e-02
 16  1.261669e-02
 17  1.161057e-02
 18  1.080344e-02
 19  1.021580e-02
 20  9.649342e-03
 21  9.239737e-03
 22  8.719560e-03
 23  8.204595e-03
 24  7.616884e-03
 25  6.923355e-03
 26  6.205457e-03
 27  5.469110e-03
 28  4.723703e-03
 29  4.135337e-03
 30  3.553969e-03
 31  3.011536e-03
 32  2.534058e-03
 33  2.111499e-03
 34  1.768183e-03
 35  1.437530e-03
 36  1.180118e-03
 37  9.551658e-04
 Iteration CPU time: 8 s
 CFIE residual: 0.000955166

 Iseg, Irank, Idinc : 1, 6, 22
 Thata, Phi : 90.000000, 21.000000
 Maximun iteration: 300
 Number of recycle truncation: 30
 Final matrix dimension:  36708
 Residual error:0.001000
 0  6.353041e-01
 1  2.987728e-01
 2  1.771125e-01
 3  1.174438e-01
 4  8.142746e-02
 5  6.009093e-02
 6  4.540758e-02
 7  3.556833e-02
 8  2.801513e-02
 9  2.285223e-02
 10  1.901537e-02
 11  1.550781e-02
 12  1.260535e-02
 13  1.049679e-02
 14  9.056461e-03
 15  7.909460e-03
 16  6.871892e-03
 17  5.997554e-03
 18  5.328436e-03
 19  4.864509e-03
 20  4.510730e-03
 21  4.213733e-03
 22  4.005254e-03
 23  3.805343e-03
 24  3.619334e-03
 25  3.446919e-03
 26  3.262066e-03
 27  3.038465e-03
 28  2.770456e-03
 29  2.522483e-03
 30  2.273244e-03
 31  2.019048e-03
 32  1.758280e-03
 33  1.475096e-03
 34  1.231635e-03
 35  9.885212e-04
 Iteration CPU time: 8 s
 CFIE residual: 0.000988521

 Iseg, Irank, Idinc : 1, 7, 72
 Thata, Phi : 90.000000, 71.000000
 Maximun iteration: 300
 Number of recycle truncation: 30
 Final matrix dimension:  36708
 Residual error:0.001000
 0  6.314645e-01
 1  3.646056e-01
 2  2.351299e-01
 3  1.486545e-01
 4  1.066982e-01
 5  8.405383e-02
 6  6.505256e-02
 7  5.131058e-02
 8  4.241902e-02
 9  3.509717e-02
 10  2.840649e-02
 11  2.383709e-02
 12  2.066238e-02
 13  1.847908e-02
 14  1.718120e-02
 15  1.607605e-02
 16  1.529854e-02
 17  1.454257e-02
 18  1.367267e-02
 19  1.262869e-02
 20  1.155409e-02
 21  1.050937e-02
 22  9.546772e-03
 23  8.389619e-03
 24  7.224051e-03
 25  6.018858e-03
 26  5.095398e-03
 27  4.280893e-03
 28  3.557839e-03
 29  2.997389e-03
 30  2.461148e-03
 31  2.011407e-03
 32  1.634861e-03
 33  1.348763e-03
 34  1.093288e-03
 35  8.755776e-04
 Iteration CPU time: 8 s
 CFIE residual: 0.000875578

 Iseg, Irank, Idinc : 1, 8, 125
 Thata, Phi : 90.000000, 124.000000
 Maximun iteration: 300
 Number of recycle truncation: 30
 Final matrix dimension:  36708
 Residual error:0.001000
 0  6.585479e-01
 1  3.408895e-01
 2  2.194812e-01
 3  1.541728e-01
 4  1.122701e-01
 5  8.159788e-02
 6  6.434141e-02
 7  5.181271e-02
 8  4.267903e-02
 9  3.445655e-02
 10  2.768108e-02
 11  2.218631e-02
 12  1.830209e-02
 13  1.511712e-02
 14  1.314624e-02
 15  1.159385e-02
 16  1.048748e-02
 17  9.706564e-03
 18  9.136922e-03
 19  8.674284e-03
 20  8.304719e-03
 21  7.924294e-03
 22  7.552720e-03
 23  7.096485e-03
 24  6.529963e-03
 25  5.883717e-03
 26  5.264898e-03
 27  4.643526e-03
 28  4.039946e-03
 29  3.557073e-03
 30  3.069395e-03
 31  2.621737e-03
 32  2.230739e-03
 33  1.924476e-03
 34  1.628735e-03
 35  1.323102e-03
 36  1.081169e-03
 37  8.657203e-04
 Iteration CPU time: 8 s
 CFIE residual: 0.00086572

 Iseg, Irank, Idinc : 1, 9, 83
 Thata, Phi : 90.000000, 82.000000
 Maximun iteration: 300
 Number of recycle truncation: 30
 Final matrix dimension:  36708
 Residual error:0.001000
 0  6.059473e-01
 1  3.490231e-01
 2  2.227479e-01
 3  1.504912e-01
 4  1.087045e-01
 5  8.388633e-02
 6  6.488138e-02
 7  5.138164e-02
 8  4.204271e-02
 9  3.401388e-02
 10  2.821517e-02
 11  2.382543e-02
 12  2.080869e-02
 13  1.887935e-02
 14  1.742160e-02
 15  1.613895e-02
 16  1.525197e-02
 17  1.438191e-02
 18  1.373953e-02
 19  1.303003e-02
 20  1.216292e-02
 21  1.129075e-02
 22  1.031661e-02
 23  9.197914e-03
 24  7.969785e-03
 25  6.841026e-03
 26  5.744822e-03
 27  4.883434e-03
 28  4.084247e-03
 29  3.393183e-03
 30  2.874492e-03
 31  2.359074e-03
 32  1.973031e-03
 33  1.631865e-03
 34  1.325110e-03
 35  1.092296e-03
 36  8.635912e-04
 Iteration CPU time: 9 s
 CFIE residual: 0.000863591

 Iseg, Irank, Idinc : 1, 10, 159
 Thata, Phi : 90.000000, 158.000000
 Maximun iteration: 300
 Number of recycle truncation: 30
 Final matrix dimension:  36708
 Residual error:0.001000
 0  6.242359e-01
 1  3.147866e-01
 2  1.918538e-01
 3  1.301662e-01
 4  9.618422e-02
 5  7.715895e-02
 6  6.146790e-02
 7  5.065034e-02
 8  4.338368e-02
 9  3.735492e-02
 10  3.245995e-02
 11  2.870937e-02
 12  2.541988e-02
 13  2.193421e-02
 14  1.909531e-02
 15  1.691386e-02
 16  1.509680e-02
 17  1.332091e-02
 18  1.174589e-02
 19  1.050086e-02
 20  9.472166e-03
 21  8.683107e-03
 22  8.074404e-03
 23  7.595554e-03
 24  7.225189e-03
 25  6.905884e-03
 26  6.622692e-03
 27  6.222561e-03
 28  5.718699e-03
 29  5.153319e-03
 30  4.564383e-03
 31  3.812154e-03
 32  3.191391e-03
 33  2.614800e-03
 34  2.081889e-03
 35  1.662616e-03
 36  1.305018e-03
 37  9.906600e-04
 Iteration CPU time: 8 s
 CFIE residual: 0.00099066

 Iseg, Irank, Idinc : 1, 11, 53
 Thata, Phi : 90.000000, 52.000000
 Maximun iteration: 300
 Number of recycle truncation: 30
 Final matrix dimension:  36708
 Residual error:0.001000
 0  6.541096e-01
 1  3.461983e-01
 2  2.130388e-01
 3  1.353715e-01
 4  9.911567e-02
 5  7.594333e-02
 6  5.932085e-02
 7  4.582030e-02
 8  3.664571e-02
 9  3.009777e-02
 10  2.360264e-02
 11  1.899967e-02
 12  1.592218e-02
 13  1.370866e-02
 14  1.247755e-02
 15  1.165490e-02
 16  1.098854e-02
 17  1.038815e-02
 18  9.718660e-03
 19  9.049918e-03
 20  8.292263e-03
 21  7.445146e-03
 22  6.588351e-03
 23  5.770365e-03
 24  4.945600e-03
 25  4.103547e-03
 26  3.353467e-03
 27  2.777477e-03
 28  2.229957e-03
 29  1.813143e-03
 30  1.478209e-03
 31  1.236517e-03
 32  1.014537e-03
 33  8.159894e-04
 Iteration CPU time: 8 s
 CFIE residual: 0.000815989

 Iseg, Irank, Idinc : 1, 12, 33
 Thata, Phi : 90.000000, 32.000000
 Maximun iteration: 300
 Number of recycle truncation: 30
 Final matrix dimension:  36708
 Residual error:0.001000
 0  6.282958e-01
 1  3.135811e-01
 2  1.871617e-01
 3  1.182595e-01
 4  8.216009e-02
 5  6.001387e-02
 6  4.527571e-02
 7  3.470222e-02
 8  2.767380e-02
 9  2.210591e-02
 10  1.741558e-02
 11  1.449843e-02
 12  1.208616e-02
 13  1.027450e-02
 14  9.082072e-03
 15  7.900304e-03
 16  6.980658e-03
 17  6.349459e-03
 18  5.781071e-03
 19  5.414810e-03
 20  5.118117e-03
 21  4.854307e-03
 22  4.616733e-03
 23  4.376429e-03
 24  4.055443e-03
 25  3.706932e-03
 26  3.359847e-03
 27  2.925991e-03
 28  2.502493e-03
 29  2.096557e-03
 30  1.738352e-03
 31  1.474648e-03
 32  1.250562e-03
 33  1.048918e-03
 34  8.709003e-04
 Iteration CPU time: 8 s
 CFIE residual: 0.0008709

 Iseg, Irank, Idinc : 1, 13, 176
 Thata, Phi : 90.000000, 175.000000
 Maximun iteration: 300
 Number of recycle truncation: 30
 Final matrix dimension:  36708
 Residual error:0.001000
 0  5.930401e-01
 1  2.938920e-01
 2  1.819344e-01
 3  1.294577e-01
 4  1.003108e-01
 5  8.064542e-02
 6  6.674293e-02
 7  5.579480e-02
 8  4.654822e-02
 9  3.930592e-02
 10  3.289303e-02
 11  2.750434e-02
 12  2.286643e-02
 13  1.935169e-02
 14  1.676605e-02
 15  1.428890e-02
 16  1.236841e-02
 17  1.055260e-02
 18  9.063059e-03
 19  7.881248e-03
 20  6.865869e-03
 21  6.144078e-03
 22  5.530332e-03
 23  4.959537e-03
 24  4.552760e-03
 25  4.266759e-03
 26  4.034552e-03
 27  3.825346e-03
 28  3.604318e-03
 29  3.375948e-03
 30  3.156653e-03
 31  2.867460e-03
 32  2.603378e-03
 33  2.334680e-03
 34  2.026233e-03
 35  1.717481e-03
 36  1.449101e-03
 37  1.198271e-03
 38  9.718460e-04
 Iteration CPU time: 9 s
 CFIE residual: 0.000971846

 Iseg, Irank, Idinc : 1, 14, 91
 Thata, Phi : 90.000000, 90.000000
 Maximun iteration: 300
 Number of recycle truncation: 30
 Final matrix dimension:  36708
 Residual error:0.001000
 0  5.969981e-01
 1  3.442444e-01
 2  2.173821e-01
 3  1.492192e-01
 4  1.080811e-01
 5  8.263785e-02
 6  6.411738e-02
 7  5.034978e-02
 8  4.147020e-02
 9  3.414839e-02
 10  2.860660e-02
 11  2.395663e-02
 12  2.108657e-02
 13  1.892437e-02
 14  1.740808e-02
 15  1.607707e-02
 16  1.498488e-02
 17  1.408189e-02
 18  1.345979e-02
 19  1.285425e-02
 20  1.215266e-02
 21  1.144581e-02
 22  1.060223e-02
 23  9.537517e-03
 24  8.420269e-03
 25  7.396145e-03
 26  6.257516e-03
 27  5.285249e-03
 28  4.362861e-03
 29  3.653893e-03
 30  3.111638e-03
 31  2.583376e-03
 32  2.132782e-03
 33  1.762014e-03
 34  1.441826e-03
 35  1.156791e-03
 36  9.189530e-04
 Iteration CPU time: 8 s
 CFIE residual: 0.000918953

 Iseg, Irank, Idinc : 1, 15, 9
 Thata, Phi : 90.000000, 8.000000
 Maximun iteration: 300
 Number of recycle truncation: 30
 Final matrix dimension:  36708
 Residual error:0.001000
 0  5.489366e-01
 1  2.796539e-01
 2  1.789192e-01
 3  1.248015e-01
 4  9.092892e-02
 5  6.776743e-02
 6  5.168048e-02
 7  4.041541e-02
 8  3.162445e-02
 9  2.465379e-02
 10  1.976726e-02
 11  1.596305e-02
 12  1.293275e-02
 13  1.040599e-02
 14  8.777246e-03
 15  7.457233e-03
 16  6.341456e-03
 17  5.560975e-03
 18  4.877381e-03
 19  4.300871e-03
 20  3.819801e-03
 21  3.460821e-03
 22  3.136223e-03
 23  2.863026e-03
 24  2.685166e-03
 25  2.514971e-03
 26  2.362737e-03
 27  2.202563e-03
 28  2.063789e-03
 29  1.944491e-03
 30  1.830487e-03
 31  1.702527e-03
 32  1.556214e-03
 33  1.388171e-03
 34  1.231942e-03
 35  1.059702e-03
 36  8.772501e-04
 Iteration CPU time: 8 s
 CFIE residual: 0.00087725

 Iseg, Irank, Idinc : 1, 16, 100
 Thata, Phi : 90.000000, 99.000000
 Maximun iteration: 300
 Number of recycle truncation: 30
 Final matrix dimension:  36708
 Residual error:0.001000
 0  6.073012e-01
 1  3.416609e-01
 2  2.136036e-01
 3  1.453984e-01
 4  1.053523e-01
 5  8.017789e-02
 6  6.257975e-02
 7  4.955485e-02
 8  4.044169e-02
 9  3.366544e-02
 10  2.772854e-02
 11  2.375165e-02
 12  2.055798e-02
 13  1.828765e-02
 14  1.626530e-02
 15  1.475903e-02
 16  1.368901e-02
 17  1.285212e-02
 18  1.216986e-02
 19  1.149981e-02
 20  1.089671e-02
 21  1.036968e-02
 22  9.737852e-03
 23  9.061946e-03
 24  8.158488e-03
 25  7.348461e-03
 26  6.311209e-03
 27  5.465710e-03
 28  4.649456e-03
 29  3.893284e-03
 30  3.263843e-03
 31  2.698893e-03
 32  2.217166e-03
 33  1.781932e-03
 34  1.401083e-03
 35  1.150153e-03
 36  9.073610e-04
 Iteration CPU time: 9 s
 CFIE residual: 0.000907361

 Iseg, Irank, Idinc : 1, 17, 116
 Thata, Phi : 90.000000, 115.000000
 Maximun iteration: 300
 Number of recycle truncation: 30
 Final matrix dimension:  36708
 Residual error:0.001000
 0  6.426546e-01
 1  3.472527e-01
 2  2.160509e-01
 3  1.502751e-01
 4  1.076540e-01
 5  7.994770e-02
 6  6.202890e-02
 7  4.872761e-02
 8  3.878551e-02
 9  3.156749e-02
 10  2.611001e-02
 11  2.163629e-02
 12  1.818458e-02
 13  1.572944e-02
 14  1.378363e-02
 15  1.222955e-02
 16  1.126118e-02
 17  1.053150e-02
 18  9.897739e-03
 19  9.347028e-03
 20  8.902258e-03
 21  8.536129e-03
 22  8.060349e-03
 23  7.532540e-03
 24  6.925954e-03
 25  6.322879e-03
 26  5.632266e-03
 27  4.969874e-03
 28  4.289337e-03
 29  3.771730e-03
 30  3.241631e-03
 31  2.780073e-03
 32  2.289502e-03
 33  1.826839e-03
 34  1.425214e-03
 35  1.144165e-03
 36  9.023177e-04
 Iteration CPU time: 8 s
 CFIE residual: 0.000902318

 Iseg, Irank, Idinc : 1, 18, 1
 Thata, Phi : 90.000000, 0.000000
 Maximun iteration: 300
 Number of recycle truncation: 30
 Final matrix dimension:  36708
 Residual error:0.001000
 0  5.236599e-01
 1  2.743785e-01
 2  1.785375e-01
 3  1.217850e-01
 4  8.898561e-02
 5  6.705721e-02
 6  5.107408e-02
 7  3.895423e-02
 8  3.002167e-02
 9  2.383701e-02
 10  1.929902e-02
 11  1.536944e-02
 12  1.207801e-02
 13  1.011614e-02
 14  8.413640e-03
 15  7.063410e-03
 16  6.039106e-03
 17  5.220792e-03
 18  4.505620e-03
 19  3.907442e-03
 20  3.390032e-03
 21  2.963459e-03
 22  2.635324e-03
 23  2.373418e-03
 24  2.144621e-03
 25  1.933822e-03
 26  1.774743e-03
 27  1.632567e-03
 28  1.516662e-03
 29  1.425087e-03
 30  1.318674e-03
 31  1.205290e-03
 32  1.072439e-03
 33  9.258841e-04
 Iteration CPU time: 8 s
 CFIE residual: 0.000925884

 Iseg, Irank, Idinc : 1, 19, 168
 Thata, Phi : 90.000000, 167.000000
 Maximun iteration: 300
 Number of recycle truncation: 30
 Final matrix dimension:  36708
 Residual error:0.001000
 0  5.976426e-01
 1  2.977102e-01
 2  1.837310e-01
 3  1.308424e-01
 4  1.005542e-01
 5  8.094278e-02
 6  6.594059e-02
 7  5.511410e-02
 8  4.626396e-02
 9  3.910960e-02
 10  3.339465e-02
 11  2.932996e-02
 12  2.536134e-02
 13  2.183768e-02
 14  1.928961e-02
 15  1.691325e-02
 16  1.486645e-02
 17  1.275349e-02
 18  1.090489e-02
 19  9.569811e-03
 20  8.430230e-03
 21  7.547247e-03
 22  6.907284e-03
 23  6.348376e-03
 24  5.922704e-03
 25  5.608080e-03
 26  5.324961e-03
 27  5.058581e-03
 28  4.766005e-03
 29  4.452197e-03
 30  4.113006e-03
 31  3.689740e-03
 32  3.277416e-03
 33  2.820677e-03
 34  2.386981e-03
 35  1.982829e-03
 36  1.631970e-03
 37  1.277836e-03
 38  9.967179e-04
 Iteration CPU time: 9 s
 CFIE residual: 0.000996718

 Iseg, Irank, Idinc : 1, 20, 16
 Thata, Phi : 90.000000, 15.000000
 Maximun iteration: 300
 Number of recycle truncation: 30
 Final matrix dimension:  36708
 Residual error:0.001000
 0  5.969045e-01
 1  2.889061e-01
 2  1.775881e-01
 3  1.219626e-01
 4  8.713399e-02
 5  6.485119e-02
 6  4.895119e-02
 7  3.901055e-02
 8  3.046023e-02
 9  2.394171e-02
 10  1.935235e-02
 11  1.557566e-02
 12  1.270728e-02
 13  1.046834e-02
 14  8.821881e-03
 15  7.510304e-03
 16  6.515151e-03
 17  5.650448e-03
 18  5.008625e-03
 19  4.545795e-03
 20  4.108058e-03
 21  3.775405e-03
 22  3.529764e-03
 23  3.284897e-03
 24  3.115489e-03
 25  2.963708e-03
 26  2.819407e-03
 27  2.659054e-03
 28  2.471663e-03
 29  2.313261e-03
 30  2.138454e-03
 31  1.958702e-03
 32  1.753152e-03
 33  1.519498e-03
 34  1.300439e-03
 35  1.070358e-03
 36  8.697032e-04
 Iteration CPU time: 8 s
 CFIE residual: 0.000869703

 Iseg, Irank, Idinc : 1, 21, 181
 Thata, Phi : 90.000000, 180.000000
 Maximun iteration: 300
 Number of recycle truncation: 30
 Final matrix dimension:  36708
 Residual error:0.001000
 0  5.928890e-01
 1  2.931302e-01
 2  1.810491e-01
 3  1.279966e-01
 4  9.849625e-02
 5  7.903774e-02
 6  6.561450e-02
 7  5.491603e-02
 8  4.550850e-02
 9  3.787489e-02
 10  3.084278e-02
 11  2.551822e-02
 12  2.115642e-02
 13  1.715777e-02
 14  1.486038e-02
 15  1.259200e-02
 16  1.046736e-02
 17  8.786383e-03
 18  7.517686e-03
 19  6.561029e-03
 20  5.666777e-03
 21  5.048823e-03
 22  4.500776e-03
 23  4.009156e-03
 24  3.689491e-03
 25  3.476937e-03
 26  3.276814e-03
 27  3.089514e-03
 28  2.866615e-03
 29  2.596726e-03
 30  2.320504e-03
 31  2.025742e-03
 32  1.727001e-03
 33  1.426459e-03
 34  1.144762e-03
 35  8.884288e-04
 Iteration CPU time: 8 s
 CFIE residual: 0.000888429

 Iseg, Irank, Idinc : 1, 22, 153
 Thata, Phi : 90.000000, 152.000000
 Maximun iteration: 300
 Number of recycle truncation: 30
 Final matrix dimension:  36708
 Residual error:0.001000
 0  6.379613e-01
 1  3.296201e-01
 2  2.019672e-01
 3  1.350190e-01
 4  9.782976e-02
 5  7.669076e-02
 6  6.014976e-02
 7  4.878655e-02
 8  4.042139e-02
 9  3.479687e-02
 10  3.038818e-02
 11  2.691505e-02
 12  2.364744e-02
 13  2.030118e-02
 14  1.810613e-02
 15  1.607243e-02
 16  1.433386e-02
 17  1.277641e-02
 18  1.136614e-02
 19  1.030769e-02
 20  9.502688e-03
 21  8.877258e-03
 22  8.307791e-03
 23  7.838811e-03
 24  7.485749e-03
 25  7.151872e-03
 26  6.834494e-03
 27  6.383118e-03
 28  5.814891e-03
 29  5.091207e-03
 30  4.404570e-03
 31  3.650094e-03
 32  3.102276e-03
 33  2.520478e-03
 34  1.986769e-03
 35  1.481522e-03
 36  1.142705e-03
 37  8.898234e-04
 Iteration CPU time: 9 s
 CFIE residual: 0.000889823

 Iseg, Irank, Idinc : 1, 23, 77
 Thata, Phi : 90.000000, 76.000000
 Maximun iteration: 300
 Number of recycle truncation: 30
 Final matrix dimension:  36708
 Residual error:0.001000
 0  6.137125e-01
 1  3.549461e-01
 2  2.287869e-01
 3  1.481453e-01
 4  1.050595e-01
 5  8.130457e-02
 6  6.280365e-02
 7  4.955643e-02
 8  4.034552e-02
 9  3.326123e-02
 10  2.810112e-02
 11  2.398196e-02
 12  2.079022e-02
 13  1.885667e-02
 14  1.726660e-02
 15  1.622358e-02
 16  1.541117e-02
 17  1.460147e-02
 18  1.385314e-02
 19  1.295081e-02
 20  1.193120e-02
 21  1.100446e-02
 22  1.007086e-02
 23  9.029200e-03
 24  7.847005e-03
 25  6.658071e-03
 26  5.731180e-03
 27  4.854060e-03
 28  4.068459e-03
 29  3.399649e-03
 30  2.786792e-03
 31  2.290277e-03
 32  1.874158e-03
 33  1.532336e-03
 34  1.235318e-03
 35  9.928503e-04
 Iteration CPU time: 8 s
 CFIE residual: 0.00099285

 Iseg, Irank, Idinc : 1, 24, 131
 Thata, Phi : 90.000000, 130.000000
 Maximun iteration: 300
 Number of recycle truncation: 30
 Final matrix dimension:  36708
 Residual error:0.001000
 0  6.746469e-01
 1  3.476208e-01
 2  2.190876e-01
 3  1.488077e-01
 4  1.071068e-01
 5  7.925574e-02
 6  6.202988e-02
 7  4.964423e-02
 8  4.058616e-02
 9  3.353391e-02
 10  2.770540e-02
 11  2.308964e-02
 12  1.899211e-02
 13  1.597507e-02
 14  1.392053e-02
 15  1.211239e-02
 16  1.102268e-02
 17  1.021115e-02
 18  9.520425e-03
 19  9.061163e-03
 20  8.651574e-03
 21  8.246957e-03
 22  7.835735e-03
 23  7.390919e-03
 24  6.785619e-03
 25  6.120871e-03
 26  5.442343e-03
 27  4.802188e-03
 28  4.162201e-03
 29  3.566187e-03
 30  3.032142e-03
 31  2.531092e-03
 32  2.123212e-03
 33  1.803693e-03
 34  1.505981e-03
 35  1.260984e-03
 36  1.047612e-03
 37  8.455892e-04
 Iteration CPU time: 8 s
 CFIE residual: 0.000845589

 Iseg, Irank, Idinc : 1, 25, 48
 Thata, Phi : 90.000000, 47.000000
 Maximun iteration: 300
 Number of recycle truncation: 30
 Final matrix dimension:  36708
 Residual error:0.001000
 0  6.421366e-01
 1  3.334031e-01
 2  2.073254e-01
 3  1.352225e-01
 4  9.848235e-02
 5  7.477657e-02
 6  5.768231e-02
 7  4.437161e-02
 8  3.449556e-02
 9  2.768199e-02
 10  2.153714e-02
 11  1.739834e-02
 12  1.479114e-02
 13  1.276181e-02
 14  1.158428e-02
 15  1.075614e-02
 16  1.003349e-02
 17  9.439039e-03
 18  8.814456e-03
 19  8.260434e-03
 20  7.700521e-03
 21  7.010368e-03
 22  6.278744e-03
 23  5.587353e-03
 24  4.982375e-03
 25  4.197749e-03
 26  3.558654e-03
 27  3.026086e-03
 28  2.517447e-03
 29  2.036643e-03
 30  1.651270e-03
 31  1.377919e-03
 32  1.141336e-03
 33  9.263804e-04
 Iteration CPU time: 7 s
 CFIE residual: 0.00092638

 Iseg, Irank, Idinc : 1, 26, 5
 Thata, Phi : 90.000000, 4.000000
 Maximun iteration: 300
 Number of recycle truncation: 30
 Final matrix dimension:  36708
 Residual error:0.001000
 0  5.304581e-01
 1  2.759789e-01
 2  1.787846e-01
 3  1.233056e-01
 4  9.014531e-02
 5  6.743498e-02
 6  5.134513e-02
 7  3.963963e-02
 8  3.096504e-02
 9  2.440079e-02
 10  1.960789e-02
 11  1.571777e-02
 12  1.271587e-02
 13  1.048752e-02
 14  8.697516e-03
 15  7.335151e-03
 16  6.262655e-03
 17  5.448116e-03
 18  4.735295e-03
 19  4.183024e-03
 20  3.671593e-03
 21  3.286336e-03
 22  2.928134e-03
 23  2.634656e-03
 24  2.414463e-03
 25  2.224072e-03
 26  2.046944e-03
 27  1.885481e-03
 28  1.752781e-03
 29  1.647337e-03
 30  1.555430e-03
 31  1.447388e-03
 32  1.331014e-03
 33  1.194900e-03
 34  1.064106e-03
 35  9.141792e-04
 Iteration CPU time: 8 s
 CFIE residual: 0.000914179

 Iseg, Irank, Idinc : 1, 27, 96
 Thata, Phi : 90.000000, 95.000000
 Maximun iteration: 300
 Number of recycle truncation: 30
 Final matrix dimension:  36708
 Residual error:0.001000
 0  5.997323e-01
 1  3.417570e-01
 2  2.154977e-01
 3  1.460443e-01
 4  1.047472e-01
 5  8.065947e-02
 6  6.346977e-02
 7  4.980507e-02
 8  4.064610e-02
 9  3.333545e-02
 10  2.810841e-02
 11  2.411665e-02
 12  2.088628e-02
 13  1.860717e-02
 14  1.683387e-02
 15  1.535602e-02
 16  1.427569e-02
 17  1.352627e-02
 18  1.282602e-02
 19  1.219467e-02
 20  1.153946e-02
 21  1.095291e-02
 22  1.020274e-02
 23  9.321281e-03
 24  8.418391e-03
 25  7.459005e-03
 26  6.366444e-03
 27  5.326331e-03
 28  4.586916e-03
 29  3.808818e-03
 30  3.205112e-03
 31  2.662394e-03
 32  2.214194e-03
 33  1.784321e-03
 34  1.397864e-03
 35  1.134274e-03
 36  9.041833e-04
 Iteration CPU time: 9 s
 CFIE residual: 0.000904183

 Iseg, Irank, Idinc : 1, 28, 172
 Thata, Phi : 90.000000, 171.000000
 Maximun iteration: 300
 Number of recycle truncation: 30
 Final matrix dimension:  36708
 Residual error:0.001000
 0  5.939382e-01
 1  2.951209e-01
 2  1.830456e-01
 3  1.309849e-01
 4  1.014753e-01
 5  8.155842e-02
 6  6.719891e-02
 7  5.607944e-02
 8  4.694210e-02
 9  3.999364e-02
 10  3.416165e-02
 11  2.890280e-02
 12  2.447973e-02
 13  2.107181e-02
 14  1.835935e-02
 15  1.580180e-02
 16  1.384009e-02
 17  1.190743e-02
 18  1.020723e-02
 19  8.901296e-03
 20  7.760899e-03
 21  6.912940e-03
 22  6.274264e-03
 23  5.709783e-03
 24  5.278911e-03
 25  4.967168e-03
 26  4.707091e-03
 27  4.472144e-03
 28  4.224153e-03
 29  3.964692e-03
 30  3.707821e-03
 31  3.364785e-03
 32  3.042492e-03
 33  2.683424e-03
 34  2.320370e-03
 35  1.966855e-03
 36  1.629920e-03
 37  1.312437e-03
 38  1.032777e-03
 39  8.139127e-04
 Iteration CPU time: 9 s
 CFIE residual: 0.000813913

 Iseg, Irank, Idinc : 1, 29, 28
 Thata, Phi : 90.000000, 27.000000
 Maximun iteration: 300
 Number of recycle truncation: 30
 Final matrix dimension:  36708
 Residual error:0.001000
 0  6.435020e-01
 1  3.072210e-01
 2  1.814643e-01
 3  1.156043e-01
 4  7.964663e-02
 5  5.803592e-02
 6  4.341494e-02
 7  3.395183e-02
 8  2.749223e-02
 9  2.248461e-02
 10  1.808357e-02
 11  1.501547e-02
 12  1.228466e-02
 13  1.044807e-02
 14  9.107043e-03
 15  7.841146e-03
 16  6.844495e-03
 17  6.095474e-03
 18  5.474130e-03
 19  5.100773e-03
 20  4.815139e-03
 21  4.591765e-03
 22  4.371812e-03
 23  4.172743e-03
 24  3.937880e-03
 25  3.670171e-03
 26  3.403691e-03
 27  3.082521e-03
 28  2.731398e-03
 29  2.370606e-03
 30  2.052421e-03
 31  1.809002e-03
 32  1.554699e-03
 33  1.285436e-03
 34  1.071428e-03
 35  8.805376e-04
 Iteration CPU time: 8 s
 CFIE residual: 0.000880538

 Iseg, Irank, Idinc : 1, 30, 120
 Thata, Phi : 90.000000, 119.000000
 Maximun iteration: 300
 Number of recycle truncation: 30
 Final matrix dimension:  36708
 Residual error:0.001000
 0  6.483125e-01
 1  3.447608e-01
 2  2.156480e-01
 3  1.510535e-01
 4  1.089683e-01
 5  8.144730e-02
 6  6.351053e-02
 7  5.010920e-02
 8  4.053892e-02
 9  3.328418e-02
 10  2.712472e-02
 11  2.174146e-02
 12  1.814955e-02
 13  1.541053e-02
 14  1.343854e-02
 15  1.192803e-02
 16  1.100240e-02
 17  1.021545e-02
 18  9.581657e-03
 19  9.131227e-03
 20  8.708227e-03
 21  8.319598e-03
 22  7.880373e-03
 23  7.440611e-03
 24  6.849646e-03
 25  6.214965e-03
 26  5.570595e-03
 27  4.971452e-03
 28  4.333938e-03
 29  3.827615e-03
 30  3.386760e-03
 31  2.888976e-03
 32  2.425716e-03
 33  2.006537e-03
 34  1.639362e-03
 35  1.318777e-03
 36  1.051116e-03
 37  8.357485e-04
 Iteration CPU time: 8 s
 CFIE residual: 0.000835749

 Iseg, Irank, Idinc : 1, 31, 58
 Thata, Phi : 90.000000, 57.000000
 Maximun iteration: 300
 Number of recycle truncation: 30
 Final matrix dimension:  36708
 Residual error:0.001000
 0  6.583886e-01
 1  3.506764e-01
 2  2.130959e-01
 3  1.343823e-01
 4  9.819470e-02
 5  7.423894e-02
 6  5.756838e-02
 7  4.579669e-02
 8  3.693681e-02
 9  2.985513e-02
 10  2.363649e-02
 11  1.956227e-02
 12  1.689518e-02
 13  1.484700e-02
 14  1.359234e-02
 15  1.276001e-02
 16  1.206928e-02
 17  1.149710e-02
 18  1.083324e-02
 19  1.000676e-02
 20  9.108906e-03
 21  8.210175e-03
 22  7.274277e-03
 23  6.390121e-03
 24  5.432441e-03
 25  4.459760e-03
 26  3.643382e-03
 27  2.996145e-03
 28  2.480393e-03
 29  2.076163e-03
 30  1.687050e-03
 31  1.393909e-03
 32  1.106556e-03
 33  8.762338e-04
 Iteration CPU time: 8 s
 CFIE residual: 0.000876234

 Iseg, Irank, Idinc : 1, 32, 163
 Thata, Phi : 90.000000, 162.000000
 Maximun iteration: 300
 Number of recycle truncation: 30
 Final matrix dimension:  36708
 Residual error:0.001000
 0  6.103874e-01
 1  3.055824e-01
 2  1.864418e-01
 3  1.292350e-01
 4  9.705059e-02
 5  7.837268e-02
 6  6.277413e-02
 7  5.228840e-02
 8  4.434117e-02
 9  3.821230e-02
 10  3.293709e-02
 11  2.876021e-02
 12  2.517412e-02
 13  2.215540e-02
 14  1.946701e-02
 15  1.709530e-02
 16  1.487610e-02
 17  1.282205e-02
 18  1.131876e-02
 19  9.940481e-03
 20  8.937960e-03
 21  8.090330e-03
 22  7.512401e-03
 23  7.039585e-03
 24  6.670381e-03
 25  6.373358e-03
 26  6.088749e-03
 27  5.762513e-03
 28  5.364940e-03
 29  4.975509e-03
 30  4.490871e-03
 31  3.878998e-03
 32  3.364212e-03
 33  2.838196e-03
 34  2.321179e-03
 35  1.873817e-03
 36  1.491202e-03
 37  1.150822e-03
 38  9.027676e-04
 Iteration CPU time: 9 s
 CFIE residual: 0.000902768

 Iseg, Irank, Idinc : 1, 33, 3
 Thata, Phi : 90.000000, 2.000000
 Maximun iteration: 300
 Number of recycle truncation: 30
 Final matrix dimension:  36708
 Residual error:0.001000
 0  5.254107e-01
 1  2.748121e-01
 2  1.786214e-01
 3  1.222584e-01
 4  8.938619e-02
 5  6.719987e-02
 6  5.116740e-02
 7  3.915900e-02
 8  3.035930e-02
 9  2.406065e-02
 10  1.942499e-02
 11  1.545576e-02
 12  1.227348e-02
 13  1.044604e-02
 14  8.689691e-03
 15  7.255808e-03
 16  6.219418e-03
 17  5.363601e-03
 18  4.637824e-03
 19  4.055236e-03
 20  3.552517e-03
 21  3.158476e-03
 22  2.814642e-03
 23  2.526147e-03
 24  2.300500e-03
 25  2.096529e-03
 26  1.911934e-03
 27  1.749831e-03
 28  1.614286e-03
 29  1.508939e-03
 30  1.415447e-03
 31  1.306537e-03
 32  1.187640e-03
 33  1.056544e-03
 34  9.270862e-04
 Iteration CPU time: 8 s
 CFIE residual: 0.000927086

 Iseg, Irank, Idinc : 1, 34, 179
 Thata, Phi : 90.000000, 178.000000
 Maximun iteration: 300
 Number of recycle truncation: 30
 Final matrix dimension:  36708
 Residual error:0.001000
 0  5.929155e-01
 1  2.932724e-01
 2  1.812124e-01
 3  1.282781e-01
 4  9.890983e-02
 5  7.943626e-02
 6  6.588392e-02
 7  5.513650e-02
 8  4.578003e-02
 9  3.825480e-02
 10  3.138566e-02
 11  2.619830e-02
 12  2.164855e-02
 13  1.783613e-02
 14  1.558624e-02
 15  1.319352e-02
 16  1.124819e-02
 17  9.380535e-03
 18  8.002526e-03
 19  6.986411e-03
 20  6.094609e-03
 21  5.491342e-03
 22  4.932137e-03
 23  4.397928e-03
 24  4.037890e-03
 25  3.754155e-03
 26  3.537887e-03
 27  3.352335e-03
 28  3.138697e-03
 29  2.883348e-03
 30  2.648987e-03
 31  2.369838e-03
 32  2.099908e-03
 33  1.840231e-03
 34  1.573356e-03
 35  1.343163e-03
 36  1.113643e-03
 37  9.334784e-04
 Iteration CPU time: 8 s
 CFIE residual: 0.000933478

 Iseg, Irank, Idinc : 1, 35, 37
 Thata, Phi : 90.000000, 36.000000
 Maximun iteration: 300
 Number of recycle truncation: 30
 Final matrix dimension:  36708
 Residual error:0.001000
 0  6.233348e-01
 1  3.156500e-01
 2  1.927391e-01
 3  1.229614e-01
 4  8.519808e-02
 5  6.234611e-02
 6  4.772969e-02
 7  3.633879e-02
 8  2.841721e-02
 9  2.249980e-02
 10  1.740401e-02
 11  1.432531e-02
 12  1.205955e-02
 13  1.038115e-02
 14  9.250918e-03
 15  8.139012e-03
 16  7.318650e-03
 17  6.757210e-03
 18  6.216314e-03
 19  5.840976e-03
 20  5.533586e-03
 21  5.218751e-03
 22  4.928281e-03
 23  4.617432e-03
 24  4.204045e-03
 25  3.772530e-03
 26  3.360613e-03
 27  2.889063e-03
 28  2.442100e-03
 29  2.050386e-03
 30  1.703671e-03
 31  1.429011e-03
 32  1.200439e-03
 33  1.000623e-03
 34  8.316155e-04
 Iteration CPU time: 8 s
 CFIE residual: 0.000831615

 Iseg, Irank, Idinc : 1, 36, 142
 Thata, Phi : 90.000000, 141.000000
 Maximun iteration: 300
 Number of recycle truncation: 30
 Final matrix dimension:  36708
 Residual error:0.001000
 0  6.872891e-01
 1  3.505990e-01
 2  2.109514e-01
 3  1.438547e-01
 4  1.026972e-01
 5  7.722867e-02
 6  5.943753e-02
 7  4.694437e-02
 8  3.876476e-02
 9  3.298165e-02
 10  2.859536e-02
 11  2.482080e-02
 12  2.201847e-02
 13  1.909818e-02
 14  1.652015e-02
 15  1.494072e-02
 16  1.348369e-02
 17  1.221702e-02
 18  1.134305e-02
 19  1.050246e-02
 20  9.943137e-03
 21  9.452911e-03
 22  8.947416e-03
 23  8.448390e-03
 24  7.910909e-03
 25  7.374170e-03
 26  6.813560e-03
 27  6.149807e-03
 28  5.420445e-03
 29  4.717522e-03
 30  4.036525e-03
 31  3.431046e-03
 32  2.816917e-03
 33  2.287050e-03
 34  1.817380e-03
 35  1.449002e-03
 36  1.144274e-03
 37  9.111997e-04
 Iteration CPU time: 9 s
 CFIE residual: 0.0009112

 Iseg, Irank, Idinc : 1, 37, 87
 Thata, Phi : 90.000000, 86.000000
 Maximun iteration: 300
 Number of recycle truncation: 30
 Final matrix dimension:  36708
 Residual error:0.001000
 0  6.016495e-01
 1  3.465842e-01
 2  2.183162e-01
 3  1.492066e-01
 4  1.092284e-01
 5  8.401043e-02
 6  6.469734e-02
 7  5.098634e-02
 8  4.228145e-02
 9  3.476651e-02
 10  2.869979e-02
 11  2.412251e-02
 12  2.113511e-02
 13  1.909089e-02
 14  1.755153e-02
 15  1.620867e-02
 16  1.521234e-02
 17  1.426725e-02
 18  1.362416e-02
 19  1.304499e-02
 20  1.229773e-02
 21  1.152817e-02
 22  1.059796e-02
 23  9.513549e-03
 24  8.287944e-03
 25  7.223698e-03
 26  6.086430e-03
 27  5.153457e-03
 28  4.267632e-03
 29  3.585834e-03
 30  3.074733e-03
 31  2.505827e-03
 32  2.093679e-03
 33  1.723138e-03
 34  1.414275e-03
 35  1.140523e-03
 36  9.024688e-04
 Iteration CPU time: 8 s
 CFIE residual: 0.000902469

 Iseg, Irank, Idinc : 1, 38, 13
 Thata, Phi : 90.000000, 12.000000
 Maximun iteration: 300
 Number of recycle truncation: 30
 Final matrix dimension:  36708
 Residual error:0.001000
 0  5.750613e-01
 1  2.844282e-01
 2  1.783331e-01
 3  1.238993e-01
 4  8.970665e-02
 5  6.697233e-02
 6  5.069173e-02
 7  3.994675e-02
 8  3.131941e-02
 9  2.439238e-02
 10  1.952718e-02
 11  1.559652e-02
 12  1.272257e-02
 13  1.035069e-02
 14  8.728638e-03
 15  7.349568e-03
 16  6.303223e-03
 17  5.482395e-03
 18  4.865937e-03
 19  4.332022e-03
 20  3.906299e-03
 21  3.601413e-03
 22  3.305592e-03
 23  3.067213e-03
 24  2.915985e-03
 25  2.760323e-03
 26  2.624308e-03
 27  2.466048e-03
 28  2.305016e-03
 29  2.164154e-03
 30  2.017500e-03
 31  1.862342e-03
 32  1.683043e-03
 33  1.489756e-03
 34  1.295673e-03
 35  1.089922e-03
 36  8.897702e-04
 Iteration CPU time: 9 s
 CFIE residual: 0.00088977

 Iseg, Irank, Idinc : 1, 39, 68
 Thata, Phi : 90.000000, 67.000000
 Maximun iteration: 300
 Number of recycle truncation: 30
 Final matrix dimension:  36708
 Residual error:0.001000
 0  6.451499e-01
 1  3.689702e-01
 2  2.367385e-01
 3  1.512505e-01
 4  1.079410e-01
 5  8.452639e-02
 6  6.494852e-02
 7  5.111645e-02
 8  4.234775e-02
 9  3.465899e-02
 10  2.780518e-02
 11  2.327944e-02
 12  2.020116e-02
 13  1.797125e-02
 14  1.670196e-02
 15  1.572132e-02
 16  1.490676e-02
 17  1.418824e-02
 18  1.329540e-02
 19  1.222910e-02
 20  1.112589e-02
 21  1.000229e-02
 22  8.952230e-03
 23  7.743018e-03
 24  6.588748e-03
 25  5.432252e-03
 26  4.522840e-03
 27  3.786833e-03
 28  3.174943e-03
 29  2.667365e-03
 30  2.158525e-03
 31  1.770910e-03
 32  1.443221e-03
 33  1.197475e-03
 34  9.412697e-04
 Iteration CPU time: 7 s
 CFIE residual: 0.00094127

 Iseg, Irank, Idinc : 1, 40, 112
 Thata, Phi : 90.000000, 111.000000
 Maximun iteration: 300
 Number of recycle truncation: 30
 Final matrix dimension:  36708
 Residual error:0.001000
 0  6.304122e-01
 1  3.489408e-01
 2  2.179726e-01
 3  1.481706e-01
 4  1.051839e-01
 5  7.806243e-02
 6  6.049711e-02
 7  4.766075e-02
 8  3.850682e-02
 9  3.122818e-02
 10  2.533312e-02
 11  2.097097e-02
 12  1.788800e-02
 13  1.565281e-02
 14  1.395176e-02
 15  1.243168e-02
 16  1.142214e-02
 17  1.068208e-02
 18  1.005721e-02
 19  9.550011e-03
 20  9.116846e-03
 21  8.611343e-03
 22  8.134990e-03
 23  7.621782e-03
 24  7.051658e-03
 25  6.454909e-03
 26  5.826868e-03
 27  5.041437e-03
 28  4.344839e-03
 29  3.647509e-03
 30  3.043683e-03
 31  2.500146e-03
 32  2.030868e-03
 33  1.610785e-03
 34  1.246754e-03
 35  9.679018e-04
 Iteration CPU time: 8 s
 CFIE residual: 0.000967902
 Last Built End in Sep 22 2025 09:01:48
 Total CPU time: 348 s
 Finished.
