 Last Built Begin in Sep 21 2025 00:06:12
 Pre-Type( Input ):           10
 Skl-Tol ( Input ):    1.0000000000000001E-005
 Wavelength in freespace: 0.0310559

 ################################################
 ##         Generating Required Mesh          ##
 ##         Waiting.....                      ##
 ################################################
 Subd No.      Subd Name
    1    Open-Duct_PRIME_model_meshAA1                                     
 isub,  nnode, npatch,  nedge:
    1      6118     12236     18354
 Scale Factor         >>   1.54999997E-02
 ################################################

 START TIME: 20250922   023017.382


 Informaton for IE geometry:
 number of subdomains     : 1
 maxnode,maxpatch,maxedge : 6118  12236  18354
 
 Index of Mat-Reg: 1
 Mat-Reg Number via MatFlg: 1
 Edge Number of Mat-Reg: 1, 18354

 Number of Edge on PEC: 18354
 Mat-Reg: No Dim(m) Lmax:
    1 0.231    5
 Totlmax, add1, add2:           5           6           7
 rlengmax of Global MLFMA >>   0.23087647771553751     
 Lmax of Global MLFMA >>            5
 Wavenum of Mat-Reg:
    1 1.000

 total area in sq m           =      0.0510
 total area in sq lambda      =     52.8477
 maxnode, maxpatch, maxedge           =     6118    12236    18354
 longest  edge in lambda              =      0.1503
 shortest edge in lambda              =      0.0071
 average  edge in lambda              =      0.1003
 largest  patch area in sq lambda     =      0.0077
 smallest patch area in sq lambda     =      0.0000
 ave    surface area in sq lambda     =      0.0043
 size range of the object in sq lambda =      7.3880

 #### MLFMA Info For Each Region ####
 Mat-Region =            1
 Array dimension parameters:
 maxrule=          14   maxgrid  =          64
 lmax   =           5   ncmax    =        1250
 lsmax  =          26   lsmin    =           6
 kpm    =        1356   kp0      =          76
 ntlm   =      204640   nsm      =      205900
 nkpm   =        2152   niplm    =      137728
 ngnearm=       14257   ngsndm   =       64634
 nearm  =         333   mfinestm =         119
 ###############################

 CFIE Alpha:  0.50000000000000000     

 Fill MLFMA FI for Mat-Reg:           1
 Begin filltl.f
 fill translation matrix
 Level:            2
 fill shifting matrix
 Level:            3
 fill shifting matrix
 Level:            4
 fill shifting matrix
 Level:            5
 fill shifting matrix
 translator time(s):  0.111000009    
 fill interpolation matrix
 ThetaOrder            8
 PhiOrder            8
 lsl            6
 Filling TL                  Delta_CPU=          0.51 Memory(MB)=        586.87
 Filling sndgrp              Delta_CPU=          0.00 Memory(MB)=        586.87
 Filling VFS                 Delta_CPU=          2.36 Memory(MB)=        586.87

 Fill MLFMA NI for Mat-Reg:           1
 Begin fill sparser part of Nearfield
 Begin fill denser part of Nearfield
 End fill
 Filling Amn                 Delta_CPU=         90.45 Memory(MB)=        586.87


 Now testing preconditioner with
 ipretype =           10
 method = cfie_solve_nfrasspspre_pardiso

  
 NBP>>Begin fill sparser part of Nearfield

116.7534% NBP>>Begin fill denser part of Nearfield

200.1041%
 Begin MLFMA Box-Matrix Based Spar-RAS Prec Constructor
 --- Intel MKL PARDISO --- 
 Memory for iGroup: 1 0 MB
 Total Memory For SparRAS Pre: 0 MB
 --- PARDISO PRECONDITIONER INITIALIZED --- 
 Constructing preconditioner CPU time: 4 s
 
 1101240
 Memory for Iteration:: 16.8036 MB

 Iseg, Ninc_S : 1, 181, 0

 Iseg, Skeleton Angles: 1, 38
 Iseg, Skel-Pk Mem(MB): 1, 314.35

 Iseg, Irank, Idinc : 1, 1, 22
 Thata, Phi : 90.000000, 21.000000
 Maximun iteration: 300
 Number of recycle truncation: 30
 Final matrix dimension:  36708
 Residual error:0.001000
 0  6.089720e-01
 1  2.906740e-01
 2  1.655889e-01
 3  1.137334e-01
 4  8.063652e-02
 5  5.937988e-02
 6  4.542047e-02
 7  3.582330e-02
 8  2.817843e-02
 9  2.229725e-02
 10  1.733133e-02
 11  1.369550e-02
 12  1.113423e-02
 13  8.983674e-03
 14  7.461010e-03
 15  6.377289e-03
 16  5.413217e-03
 17  4.571006e-03
 18  3.966446e-03
 19  3.402603e-03
 20  2.929425e-03
 21  2.618120e-03
 22  2.362216e-03
 23  2.171455e-03
 24  1.968866e-03
 25  1.765285e-03
 26  1.553414e-03
 27  1.358863e-03
 28  1.163241e-03
 29  9.982000e-04
 Iteration CPU time: 6 s
 CFIE residual: 0.0009982

 Iseg, Irank, Idinc : 1, 2, 42
 Thata, Phi : 90.000000, 41.000000
 Maximun iteration: 300
 Number of recycle truncation: 30
 Final matrix dimension:  36708
 Residual error:0.001000
 0  6.248776e-01
 1  3.150542e-01
 2  2.000109e-01
 3  1.311561e-01
 4  9.012492e-02
 5  6.539484e-02
 6  4.835558e-02
 7  3.650782e-02
 8  2.799502e-02
 9  2.166459e-02
 10  1.700876e-02
 11  1.363707e-02
 12  1.104230e-02
 13  9.284407e-03
 14  7.830661e-03
 15  6.789999e-03
 16  6.045817e-03
 17  5.336071e-03
 18  4.829567e-03
 19  4.333165e-03
 20  3.818457e-03
 21  3.349537e-03
 22  2.953183e-03
 23  2.533773e-03
 24  2.086349e-03
 25  1.722532e-03
 26  1.413322e-03
 27  1.137191e-03
 28  8.926080e-04
 Iteration CPU time: 7 s
 CFIE residual: 0.000892608

 Iseg, Irank, Idinc : 1, 3, 64
 Thata, Phi : 90.000000, 63.000000
 Maximun iteration: 300
 Number of recycle truncation: 30
 Final matrix dimension:  36708
 Residual error:0.001000
 0  6.654666e-01
 1  3.574601e-01
 2  2.224971e-01
 3  1.439244e-01
 4  1.048512e-01
 5  7.931470e-02
 6  6.061589e-02
 7  4.808932e-02
 8  3.816238e-02
 9  3.048899e-02
 10  2.409512e-02
 11  1.953136e-02
 12  1.592791e-02
 13  1.335128e-02
 14  1.131280e-02
 15  1.001880e-02
 16  8.987905e-03
 17  8.097653e-03
 18  7.374312e-03
 19  6.566052e-03
 20  5.806781e-03
 21  5.116634e-03
 22  4.369016e-03
 23  3.677157e-03
 24  3.026183e-03
 25  2.437666e-03
 26  1.938275e-03
 27  1.493879e-03
 28  1.159499e-03
 29  9.023078e-04
 Iteration CPU time: 7 s
 CFIE residual: 0.000902308

 Iseg, Irank, Idinc : 1, 4, 109
 Thata, Phi : 90.000000, 108.000000
 Maximun iteration: 300
 Number of recycle truncation: 30
 Final matrix dimension:  36708
 Residual error:0.001000
 0  6.327994e-01
 1  3.580194e-01
 2  2.255947e-01
 3  1.545417e-01
 4  1.088809e-01
 5  8.170892e-02
 6  6.335803e-02
 7  4.883838e-02
 8  3.806467e-02
 9  3.051524e-02
 10  2.408559e-02
 11  1.903781e-02
 12  1.533468e-02
 13  1.256063e-02
 14  1.055539e-02
 15  8.860824e-03
 16  7.435965e-03
 17  6.500795e-03
 18  5.726241e-03
 19  5.060285e-03
 20  4.502075e-03
 21  4.070340e-03
 22  3.625141e-03
 23  3.213416e-03
 24  2.839164e-03
 25  2.474089e-03
 26  2.116636e-03
 27  1.766866e-03
 28  1.432240e-03
 29  1.140503e-03
 30  8.978655e-04
 Iteration CPU time: 7 s
 CFIE residual: 0.000897865

 Iseg, Irank, Idinc : 1, 5, 75
 Thata, Phi : 90.000000, 74.000000
 Maximun iteration: 300
 Number of recycle truncation: 30
 Final matrix dimension:  36708
 Residual error:0.001000
 0  6.423928e-01
 1  3.682237e-01
 2  2.389581e-01
 3  1.507392e-01
 4  1.056414e-01
 5  8.059075e-02
 6  6.293282e-02
 7  5.156568e-02
 8  4.069338e-02
 9  3.327811e-02
 10  2.648618e-02
 11  2.135204e-02
 12  1.744255e-02
 13  1.496684e-02
 14  1.298981e-02
 15  1.150840e-02
 16  1.035878e-02
 17  9.282298e-03
 18  8.376326e-03
 19  7.493346e-03
 20  6.769102e-03
 21  6.018823e-03
 22  5.271417e-03
 23  4.481086e-03
 24  3.781035e-03
 25  3.097378e-03
 26  2.570572e-03
 27  2.080084e-03
 28  1.703043e-03
 29  1.320779e-03
 30  1.044642e-03
 31  8.062668e-04
 Iteration CPU time: 7 s
 CFIE residual: 0.000806267

 Iseg, Irank, Idinc : 1, 6, 146
 Thata, Phi : 90.000000, 145.000000
 Maximun iteration: 300
 Number of recycle truncation: 30
 Final matrix dimension:  36708
 Residual error:0.001000
 0  6.520570e-01
 1  3.456910e-01
 2  2.077927e-01
 3  1.454124e-01
 4  1.050750e-01
 5  8.140220e-02
 6  6.327941e-02
 7  5.051800e-02
 8  4.227011e-02
 9  3.507418e-02
 10  2.916759e-02
 11  2.434773e-02
 12  2.002625e-02
 13  1.585737e-02
 14  1.246734e-02
 15  1.027242e-02
 16  8.158253e-03
 17  6.787728e-03
 18  5.725687e-03
 19  4.681348e-03
 20  4.023585e-03
 21  3.464400e-03
 22  3.059458e-03
 23  2.721503e-03
 24  2.421514e-03
 25  2.200453e-03
 26  1.991881e-03
 27  1.777995e-03
 28  1.513951e-03
 29  1.265349e-03
 30  1.050121e-03
 31  8.407175e-04
 Iteration CPU time: 7 s
 CFIE residual: 0.000840717

 Iseg, Irank, Idinc : 1, 7, 159
 Thata, Phi : 90.000000, 158.000000
 Maximun iteration: 300
 Number of recycle truncation: 30
 Final matrix dimension:  36708
 Residual error:0.001000
 0  6.065322e-01
 1  3.131369e-01
 2  1.898611e-01
 3  1.320674e-01
 4  1.005417e-01
 5  8.036927e-02
 6  6.434401e-02
 7  5.201879e-02
 8  4.436172e-02
 9  3.800347e-02
 10  3.182326e-02
 11  2.637441e-02
 12  2.122047e-02
 13  1.722720e-02
 14  1.399340e-02
 15  1.109520e-02
 16  8.861874e-03
 17  7.181361e-03
 18  5.988378e-03
 19  4.893975e-03
 20  4.050994e-03
 21  3.430462e-03
 22  2.979360e-03
 23  2.626930e-03
 24  2.334074e-03
 25  2.089504e-03
 26  1.866566e-03
 27  1.683058e-03
 28  1.508022e-03
 29  1.315830e-03
 30  1.145999e-03
 31  9.643476e-04
 Iteration CPU time: 7 s
 CFIE residual: 0.000964348

 Iseg, Irank, Idinc : 1, 8, 132
 Thata, Phi : 90.000000, 131.000000
 Maximun iteration: 300
 Number of recycle truncation: 30
 Final matrix dimension:  36708
 Residual error:0.001000
 0  6.867511e-01
 1  3.598802e-01
 2  2.310878e-01
 3  1.572411e-01
 4  1.122722e-01
 5  8.644603e-02
 6  6.587762e-02
 7  5.124563e-02
 8  4.090287e-02
 9  3.238966e-02
 10  2.572954e-02
 11  2.036411e-02
 12  1.633118e-02
 13  1.344442e-02
 14  1.108918e-02
 15  9.107968e-03
 16  7.585343e-03
 17  6.510923e-03
 18  5.624002e-03
 19  4.918175e-03
 20  4.440165e-03
 21  4.025196e-03
 22  3.628811e-03
 23  3.309090e-03
 24  2.931609e-03
 25  2.563994e-03
 26  2.232472e-03
 27  1.909000e-03
 28  1.654603e-03
 29  1.406398e-03
 30  1.175996e-03
 31  9.419007e-04
 Iteration CPU time: 7 s
 CFIE residual: 0.000941901

 Iseg, Irank, Idinc : 1, 9, 122
 Thata, Phi : 90.000000, 121.000000
 Maximun iteration: 300
 Number of recycle truncation: 30
 Final matrix dimension:  36708
 Residual error:0.001000
 0  6.542905e-01
 1  3.459043e-01
 2  2.265408e-01
 3  1.570455e-01
 4  1.113175e-01
 5  8.448766e-02
 6  6.456614e-02
 7  5.055772e-02
 8  3.858007e-02
 9  3.043993e-02
 10  2.373561e-02
 11  1.869180e-02
 12  1.512483e-02
 13  1.255341e-02
 14  1.053210e-02
 15  9.006567e-03
 16  7.755000e-03
 17  6.733682e-03
 18  5.940575e-03
 19  5.229134e-03
 20  4.602908e-03
 21  4.099718e-03
 22  3.705765e-03
 23  3.280791e-03
 24  2.889236e-03
 25  2.517820e-03
 26  2.214969e-03
 27  1.909697e-03
 28  1.617927e-03
 29  1.368677e-03
 30  1.088554e-03
 31  8.686100e-04
 Iteration CPU time: 7 s
 CFIE residual: 0.00086861

 Iseg, Irank, Idinc : 1, 10, 89
 Thata, Phi : 90.000000, 88.000000
 Maximun iteration: 300
 Number of recycle truncation: 30
 Final matrix dimension:  36708
 Residual error:0.001000
 0  6.218583e-01
 1  3.560292e-01
 2  2.293870e-01
 3  1.555696e-01
 4  1.117861e-01
 5  8.757534e-02
 6  6.831810e-02
 7  5.431506e-02
 8  4.394599e-02
 9  3.550458e-02
 10  2.825591e-02
 11  2.223740e-02
 12  1.784545e-02
 13  1.453930e-02
 14  1.235894e-02
 15  1.074597e-02
 16  9.446608e-03
 17  8.442584e-03
 18  7.658573e-03
 19  6.905911e-03
 20  6.261431e-03
 21  5.609157e-03
 22  4.885922e-03
 23  4.139505e-03
 24  3.530379e-03
 25  2.929106e-03
 26  2.405029e-03
 27  1.937965e-03
 28  1.589478e-03
 29  1.212795e-03
 30  9.256359e-04
 Iteration CPU time: 7 s
 CFIE residual: 0.000925636

 Iseg, Irank, Idinc : 1, 11, 53
 Thata, Phi : 90.000000, 52.000000
 Maximun iteration: 300
 Number of recycle truncation: 30
 Final matrix dimension:  36708
 Residual error:0.001000
 0  6.453850e-01
 1  3.345486e-01
 2  2.072226e-01
 3  1.350474e-01
 4  9.645764e-02
 5  7.154457e-02
 6  5.493997e-02
 7  4.265993e-02
 8  3.303425e-02
 9  2.510616e-02
 10  2.000276e-02
 11  1.623061e-02
 12  1.332205e-02
 13  1.132696e-02
 14  9.762263e-03
 15  8.461558e-03
 16  7.619226e-03
 17  6.884929e-03
 18  6.154279e-03
 19  5.422327e-03
 20  4.802981e-03
 21  4.125270e-03
 22  3.571392e-03
 23  2.984132e-03
 24  2.444939e-03
 25  1.930903e-03
 26  1.522844e-03
 27  1.219687e-03
 28  9.658537e-04
 Iteration CPU time: 7 s
 CFIE residual: 0.000965854

 Iseg, Irank, Idinc : 1, 12, 32
 Thata, Phi : 90.000000, 31.000000
 Maximun iteration: 300
 Number of recycle truncation: 30
 Final matrix dimension:  36708
 Residual error:0.001000
 0  6.322407e-01
 1  3.057017e-01
 2  1.794734e-01
 3  1.138753e-01
 4  8.028800e-02
 5  5.945800e-02
 6  4.377675e-02
 7  3.353274e-02
 8  2.562865e-02
 9  2.013422e-02
 10  1.640403e-02
 11  1.303820e-02
 12  1.046295e-02
 13  8.710330e-03
 14  7.239251e-03
 15  6.125152e-03
 16  5.420026e-03
 17  4.649741e-03
 18  4.150941e-03
 19  3.669786e-03
 20  3.213811e-03
 21  2.868909e-03
 22  2.602321e-03
 23  2.346920e-03
 24  2.081728e-03
 25  1.812666e-03
 26  1.533220e-03
 27  1.308659e-03
 28  1.079510e-03
 29  8.977714e-04
 Iteration CPU time: 6 s
 CFIE residual: 0.000897771

 Iseg, Irank, Idinc : 1, 13, 11
 Thata, Phi : 90.000000, 10.000000
 Maximun iteration: 300
 Number of recycle truncation: 30
 Final matrix dimension:  36708
 Residual error:0.001000
 0  5.383188e-01
 1  2.751278e-01
 2  1.719009e-01
 3  1.225937e-01
 4  8.790293e-02
 5  6.673593e-02
 6  5.106769e-02
 7  3.964122e-02
 8  3.055875e-02
 9  2.423297e-02
 10  1.914619e-02
 11  1.483640e-02
 12  1.152797e-02
 13  9.245201e-03
 14  7.565920e-03
 15  6.320495e-03
 16  5.428294e-03
 17  4.526934e-03
 18  3.934345e-03
 19  3.438481e-03
 20  3.001200e-03
 21  2.605210e-03
 22  2.345356e-03
 23  2.101764e-03
 24  1.883709e-03
 25  1.711086e-03
 26  1.549707e-03
 27  1.401330e-03
 28  1.228598e-03
 29  1.076358e-03
 30  9.250047e-04
 Iteration CPU time: 7 s
 CFIE residual: 0.000925005

 Iseg, Irank, Idinc : 1, 14, 178
 Thata, Phi : 90.000000, 177.000000
 Maximun iteration: 300
 Number of recycle truncation: 30
 Final matrix dimension:  36708
 Residual error:0.001000
 0  5.553459e-01
 1  3.007195e-01
 2  1.914572e-01
 3  1.361097e-01
 4  1.063990e-01
 5  8.231762e-02
 6  6.732301e-02
 7  5.512111e-02
 8  4.460439e-02
 9  3.521133e-02
 10  2.779949e-02
 11  2.196830e-02
 12  1.726559e-02
 13  1.359827e-02
 14  1.067855e-02
 15  8.371879e-03
 16  6.727195e-03
 17  5.555176e-03
 18  4.540737e-03
 19  3.761275e-03
 20  3.153332e-03
 21  2.636701e-03
 22  2.300070e-03
 23  2.041629e-03
 24  1.797878e-03
 25  1.586026e-03
 26  1.430028e-03
 27  1.292466e-03
 28  1.152228e-03
 29  1.018827e-03
 30  9.058227e-04
 Iteration CPU time: 7 s
 CFIE residual: 0.000905823

 Iseg, Irank, Idinc : 1, 15, 97
 Thata, Phi : 90.000000, 96.000000
 Maximun iteration: 300
 Number of recycle truncation: 30
 Final matrix dimension:  36708
 Residual error:0.001000
 0  6.197161e-01
 1  3.547025e-01
 2  2.239847e-01
 3  1.495938e-01
 4  1.070915e-01
 5  8.155313e-02
 6  6.360891e-02
 7  5.085330e-02
 8  4.042241e-02
 9  3.234918e-02
 10  2.557559e-02
 11  2.045148e-02
 12  1.666783e-02
 13  1.379216e-02
 14  1.158695e-02
 15  9.991972e-03
 16  8.598655e-03
 17  7.648221e-03
 18  6.907236e-03
 19  6.232002e-03
 20  5.684907e-03
 21  5.126124e-03
 22  4.540838e-03
 23  3.959726e-03
 24  3.466184e-03
 25  2.952532e-03
 26  2.459993e-03
 27  2.045714e-03
 28  1.643259e-03
 29  1.290707e-03
 30  9.958459e-04
 Iteration CPU time: 7 s
 CFIE residual: 0.000995846

 Iseg, Irank, Idinc : 1, 16, 82
 Thata, Phi : 90.000000, 81.000000
 Maximun iteration: 300
 Number of recycle truncation: 30
 Final matrix dimension:  36708
 Residual error:0.001000
 0  6.261163e-01
 1  3.574094e-01
 2  2.313974e-01
 3  1.541257e-01
 4  1.105970e-01
 5  8.686158e-02
 6  6.655108e-02
 7  5.350575e-02
 8  4.343257e-02
 9  3.414456e-02
 10  2.723304e-02
 11  2.150556e-02
 12  1.741557e-02
 13  1.443203e-02
 14  1.246511e-02
 15  1.092580e-02
 16  9.637068e-03
 17  8.641067e-03
 18  7.849597e-03
 19  7.039812e-03
 20  6.311207e-03
 21  5.651694e-03
 22  4.940117e-03
 23  4.236696e-03
 24  3.562788e-03
 25  2.957023e-03
 26  2.462358e-03
 27  2.012779e-03
 28  1.645365e-03
 29  1.286265e-03
 30  1.021400e-03
 31  7.842652e-04
 Iteration CPU time: 7 s
 CFIE residual: 0.000784265

 Iseg, Irank, Idinc : 1, 17, 1
 Thata, Phi : 90.000000, 0.000000
 Maximun iteration: 300
 Number of recycle truncation: 30
 Final matrix dimension:  36708
 Residual error:0.001000
 0  5.057350e-01
 1  2.668425e-01
 2  1.729063e-01
 3  1.199496e-01
 4  8.563463e-02
 5  6.407892e-02
 6  4.906114e-02
 7  3.736787e-02
 8  2.907889e-02
 9  2.218867e-02
 10  1.704817e-02
 11  1.342688e-02
 12  1.087768e-02
 13  8.704645e-03
 14  7.161388e-03
 15  5.690851e-03
 16  4.689798e-03
 17  3.911338e-03
 18  3.369364e-03
 19  2.927058e-03
 20  2.608475e-03
 21  2.356995e-03
 22  2.096539e-03
 23  1.840989e-03
 24  1.648621e-03
 25  1.503447e-03
 26  1.366607e-03
 27  1.215718e-03
 28  1.048553e-03
 29  8.967622e-04
 Iteration CPU time: 7 s
 CFIE residual: 0.000896762

 Iseg, Irank, Idinc : 1, 18, 167
 Thata, Phi : 90.000000, 166.000000
 Maximun iteration: 300
 Number of recycle truncation: 30
 Final matrix dimension:  36708
 Residual error:0.001000
 0  5.764412e-01
 1  3.026176e-01
 2  1.881633e-01
 3  1.348420e-01
 4  1.047548e-01
 5  8.389703e-02
 6  6.857155e-02
 7  5.575045e-02
 8  4.644833e-02
 9  3.912613e-02
 10  3.281236e-02
 11  2.691270e-02
 12  2.196686e-02
 13  1.748190e-02
 14  1.433533e-02
 15  1.145388e-02
 16  9.342088e-03
 17  7.628627e-03
 18  6.261744e-03
 19  5.034623e-03
 20  4.123228e-03
 21  3.443001e-03
 22  2.918446e-03
 23  2.527655e-03
 24  2.194844e-03
 25  1.920498e-03
 26  1.688581e-03
 27  1.525362e-03
 28  1.390856e-03
 29  1.252213e-03
 30  1.117136e-03
 31  9.721997e-04
 Iteration CPU time: 7 s
 CFIE residual: 0.0009722

 Iseg, Irank, Idinc : 1, 19, 115
 Thata, Phi : 90.000000, 114.000000
 Maximun iteration: 300
 Number of recycle truncation: 30
 Final matrix dimension:  36708
 Residual error:0.001000
 0  6.465263e-01
 1  3.516190e-01
 2  2.231137e-01
 3  1.549510e-01
 4  1.093383e-01
 5  8.206680e-02
 6  6.296236e-02
 7  4.855304e-02
 8  3.752308e-02
 9  2.992541e-02
 10  2.344019e-02
 11  1.855626e-02
 12  1.504164e-02
 13  1.255264e-02
 14  1.050902e-02
 15  8.777330e-03
 16  7.500889e-03
 17  6.520031e-03
 18  5.658323e-03
 19  5.001936e-03
 20  4.459494e-03
 21  3.983249e-03
 22  3.586923e-03
 23  3.183200e-03
 24  2.802411e-03
 25  2.441680e-03
 26  2.109907e-03
 27  1.814134e-03
 28  1.486743e-03
 29  1.206438e-03
 30  9.438117e-04
 Iteration CPU time: 7 s
 CFIE residual: 0.000943812

 Iseg, Irank, Idinc : 1, 20, 152
 Thata, Phi : 90.000000, 151.000000
 Maximun iteration: 300
 Number of recycle truncation: 30
 Final matrix dimension:  36708
 Residual error:0.001000
 0  6.317771e-01
 1  3.322137e-01
 2  2.005054e-01
 3  1.394184e-01
 4  1.027791e-01
 5  8.054522e-02
 6  6.385265e-02
 7  5.109529e-02
 8  4.325022e-02
 9  3.624597e-02
 10  3.050232e-02
 11  2.519223e-02
 12  2.040872e-02
 13  1.583079e-02
 14  1.282377e-02
 15  1.034358e-02
 16  8.226741e-03
 17  6.832112e-03
 18  5.723408e-03
 19  4.704331e-03
 20  3.900333e-03
 21  3.341484e-03
 22  2.885818e-03
 23  2.597310e-03
 24  2.309520e-03
 25  2.062866e-03
 26  1.863488e-03
 27  1.642826e-03
 28  1.428028e-03
 29  1.213023e-03
 30  1.024300e-03
 31  8.153759e-04
 Iteration CPU time: 7 s
 CFIE residual: 0.000815376

 Iseg, Irank, Idinc : 1, 21, 181
 Thata, Phi : 90.000000, 180.000000
 Maximun iteration: 300
 Number of recycle truncation: 30
 Final matrix dimension:  36708
 Residual error:0.001000
 0  5.540110e-01
 1  3.007318e-01
 2  1.914780e-01
 3  1.359809e-01
 4  1.061433e-01
 5  8.175772e-02
 6  6.677439e-02
 7  5.469576e-02
 8  4.411342e-02
 9  3.460150e-02
 10  2.692554e-02
 11  2.091312e-02
 12  1.585742e-02
 13  1.208456e-02
 14  9.333079e-03
 15  7.131766e-03
 16  5.606762e-03
 17  4.605050e-03
 18  3.755571e-03
 19  3.083305e-03
 20  2.623988e-03
 21  2.291740e-03
 22  2.025141e-03
 23  1.806775e-03
 24  1.623010e-03
 25  1.456352e-03
 26  1.331767e-03
 27  1.191911e-03
 28  1.045063e-03
 29  8.974721e-04
 Iteration CPU time: 7 s
 CFIE residual: 0.000897472

 Iseg, Irank, Idinc : 1, 22, 16
 Thata, Phi : 90.000000, 15.000000
 Maximun iteration: 300
 Number of recycle truncation: 30
 Final matrix dimension:  36708
 Residual error:0.001000
 0  5.693901e-01
 1  2.817806e-01
 2  1.697016e-01
 3  1.201188e-01
 4  8.554334e-02
 5  6.440376e-02
 6  4.966169e-02
 7  3.918234e-02
 8  3.050957e-02
 9  2.381544e-02
 10  1.859362e-02
 11  1.477754e-02
 12  1.156986e-02
 13  9.220937e-03
 14  7.563788e-03
 15  6.382781e-03
 16  5.467049e-03
 17  4.612769e-03
 18  3.999437e-03
 19  3.429981e-03
 20  2.998567e-03
 21  2.614056e-03
 22  2.358472e-03
 23  2.137534e-03
 24  1.926707e-03
 25  1.740660e-03
 26  1.564736e-03
 27  1.397995e-03
 28  1.212469e-03
 29  1.055959e-03
 30  9.050436e-04
 Iteration CPU time: 7 s
 CFIE residual: 0.000905044

 Iseg, Irank, Idinc : 1, 23, 59
 Thata, Phi : 90.000000, 58.000000
 Maximun iteration: 300
 Number of recycle truncation: 30
 Final matrix dimension:  36708
 Residual error:0.001000
 0  6.617999e-01
 1  3.456028e-01
 2  2.152027e-01
 3  1.372119e-01
 4  9.801595e-02
 5  7.217118e-02
 6  5.622140e-02
 7  4.497461e-02
 8  3.580696e-02
 9  2.762723e-02
 10  2.133047e-02
 11  1.741706e-02
 12  1.430088e-02
 13  1.205397e-02
 14  1.028397e-02
 15  9.013843e-03
 16  8.081758e-03
 17  7.261750e-03
 18  6.610178e-03
 19  5.830608e-03
 20  5.145208e-03
 21  4.507438e-03
 22  3.834385e-03
 23  3.169861e-03
 24  2.629519e-03
 25  2.081865e-03
 26  1.647854e-03
 27  1.286842e-03
 28  1.014717e-03
 29  8.019818e-04
 Iteration CPU time: 6 s
 CFIE residual: 0.000801982

 Iseg, Irank, Idinc : 1, 24, 139
 Thata, Phi : 90.000000, 138.000000
 Maximun iteration: 300
 Number of recycle truncation: 30
 Final matrix dimension:  36708
 Residual error:0.001000
 0  6.919240e-01
 1  3.557143e-01
 2  2.200153e-01
 3  1.522395e-01
 4  1.105957e-01
 5  8.433271e-02
 6  6.338809e-02
 7  5.032608e-02
 8  4.164312e-02
 9  3.344578e-02
 10  2.715492e-02
 11  2.224117e-02
 12  1.849909e-02
 13  1.462211e-02
 14  1.167874e-02
 15  9.439251e-03
 16  7.851238e-03
 17  6.514852e-03
 18  5.584011e-03
 19  4.740371e-03
 20  4.208953e-03
 21  3.771777e-03
 22  3.416161e-03
 23  3.068198e-03
 24  2.749649e-03
 25  2.460201e-03
 26  2.176716e-03
 27  1.877388e-03
 28  1.577340e-03
 29  1.333034e-03
 30  1.102463e-03
 31  9.057434e-04
 Iteration CPU time: 7 s
 CFIE residual: 0.000905743

 Iseg, Irank, Idinc : 1, 25, 5
 Thata, Phi : 90.000000, 4.000000
 Maximun iteration: 300
 Number of recycle truncation: 30
 Final matrix dimension:  36708
 Residual error:0.001000
 0  5.119091e-01
 1  2.685568e-01
 2  1.726610e-01
 3  1.208226e-01
 4  8.687069e-02
 5  6.567826e-02
 6  5.019501e-02
 7  3.779584e-02
 8  2.896165e-02
 9  2.266138e-02
 10  1.801766e-02
 11  1.437892e-02
 12  1.136862e-02
 13  9.026259e-03
 14  7.461252e-03
 15  6.226597e-03
 16  5.241839e-03
 17  4.384016e-03
 18  3.741007e-03
 19  3.298649e-03
 20  2.887953e-03
 21  2.524569e-03
 22  2.275044e-03
 23  2.018356e-03
 24  1.798455e-03
 25  1.617801e-03
 26  1.485080e-03
 27  1.337277e-03
 28  1.196562e-03
 29  1.025769e-03
 30  8.693322e-04
 Iteration CPU time: 7 s
 CFIE residual: 0.000869332

 Iseg, Irank, Idinc : 1, 26, 103
 Thata, Phi : 90.000000, 102.000000
 Maximun iteration: 300
 Number of recycle truncation: 30
 Final matrix dimension:  36708
 Residual error:0.001000
 0  6.192987e-01
 1  3.548605e-01
 2  2.236782e-01
 3  1.510792e-01
 4  1.055081e-01
 5  7.949729e-02
 6  6.179643e-02
 7  4.821763e-02
 8  3.801767e-02
 9  3.041063e-02
 10  2.478094e-02
 11  1.967328e-02
 12  1.588015e-02
 13  1.310267e-02
 14  1.088399e-02
 15  9.236198e-03
 16  7.840631e-03
 17  6.928626e-03
 18  6.192467e-03
 19  5.544370e-03
 20  5.001887e-03
 21  4.559405e-03
 22  4.067936e-03
 23  3.589663e-03
 24  3.154560e-03
 25  2.709400e-03
 26  2.313072e-03
 27  1.938709e-03
 28  1.606201e-03
 29  1.294416e-03
 30  1.025565e-03
 31  8.081612e-04
 Iteration CPU time: 7 s
 CFIE residual: 0.000808161

 Iseg, Irank, Idinc : 1, 27, 173
 Thata, Phi : 90.000000, 172.000000
 Maximun iteration: 300
 Number of recycle truncation: 30
 Final matrix dimension:  36708
 Residual error:0.001000
 0  5.622421e-01
 1  3.008259e-01
 2  1.909067e-01
 3  1.364433e-01
 4  1.069540e-01
 5  8.407136e-02
 6  6.903722e-02
 7  5.624225e-02
 8  4.614266e-02
 9  3.765262e-02
 10  3.083958e-02
 11  2.508197e-02
 12  2.034305e-02
 13  1.619058e-02
 14  1.323551e-02
 15  1.064205e-02
 16  8.722460e-03
 17  7.019770e-03
 18  5.712724e-03
 19  4.632369e-03
 20  3.809578e-03
 21  3.163860e-03
 22  2.714539e-03
 23  2.348894e-03
 24  2.036862e-03
 25  1.780163e-03
 26  1.563008e-03
 27  1.408737e-03
 28  1.273766e-03
 29  1.143701e-03
 30  1.030659e-03
 31  9.002942e-04
 Iteration CPU time: 8 s
 CFIE residual: 0.000900294

 Iseg, Irank, Idinc : 1, 28, 37
 Thata, Phi : 90.000000, 36.000000
 Maximun iteration: 300
 Number of recycle truncation: 30
 Final matrix dimension:  36708
 Residual error:0.001000
 0  6.225382e-01
 1  3.121120e-01
 2  1.927157e-01
 3  1.230323e-01
 4  8.428545e-02
 5  6.175948e-02
 6  4.542802e-02
 7  3.451841e-02
 8  2.636410e-02
 9  2.030736e-02
 10  1.621541e-02
 11  1.308676e-02
 12  1.058331e-02
 13  8.883529e-03
 14  7.387578e-03
 15  6.360490e-03
 16  5.613224e-03
 17  4.858955e-03
 18  4.366066e-03
 19  3.903772e-03
 20  3.434564e-03
 21  3.046967e-03
 22  2.728054e-03
 23  2.413306e-03
 24  2.075057e-03
 25  1.767303e-03
 26  1.477584e-03
 27  1.221941e-03
 28  9.861384e-04
 Iteration CPU time: 6 s
 CFIE residual: 0.000986138

 Iseg, Irank, Idinc : 1, 29, 70
 Thata, Phi : 90.000000, 69.000000
 Maximun iteration: 300
 Number of recycle truncation: 30
 Final matrix dimension:  36708
 Residual error:0.001000
 0  6.558506e-01
 1  3.678473e-01
 2  2.343227e-01
 3  1.513508e-01
 4  1.095702e-01
 5  8.315093e-02
 6  6.422648e-02
 7  5.156795e-02
 8  4.135377e-02
 9  3.396911e-02
 10  2.720267e-02
 11  2.173949e-02
 12  1.764331e-02
 13  1.493691e-02
 14  1.276720e-02
 15  1.146762e-02
 16  1.033543e-02
 17  9.303274e-03
 18  8.355733e-03
 19  7.468972e-03
 20  6.743379e-03
 21  5.984354e-03
 22  5.230345e-03
 23  4.466354e-03
 24  3.723238e-03
 25  3.013988e-03
 26  2.452781e-03
 27  1.976786e-03
 28  1.554541e-03
 29  1.216299e-03
 30  9.502051e-04
 Iteration CPU time: 7 s
 CFIE residual: 0.000950205

 Iseg, Irank, Idinc : 1, 30, 127
 Thata, Phi : 90.000000, 126.000000
 Maximun iteration: 300
 Number of recycle truncation: 30
 Final matrix dimension:  36708
 Residual error:0.001000
 0  6.633162e-01
 1  3.506487e-01
 2  2.293414e-01
 3  1.570850e-01
 4  1.121576e-01
 5  8.652659e-02
 6  6.587652e-02
 7  5.112093e-02
 8  3.994760e-02
 9  3.165269e-02
 10  2.452466e-02
 11  1.946991e-02
 12  1.563349e-02
 13  1.287623e-02
 14  1.064432e-02
 15  9.116431e-03
 16  7.697398e-03
 17  6.698531e-03
 18  5.886459e-03
 19  5.133911e-03
 20  4.563740e-03
 21  4.129246e-03
 22  3.730552e-03
 23  3.369320e-03
 24  2.955111e-03
 25  2.599131e-03
 26  2.292628e-03
 27  1.993549e-03
 28  1.765718e-03
 29  1.504913e-03
 30  1.239159e-03
 31  9.974979e-04
 Iteration CPU time: 7 s
 CFIE residual: 0.000997498

 Iseg, Irank, Idinc : 1, 31, 3
 Thata, Phi : 90.000000, 2.000000
 Maximun iteration: 300
 Number of recycle truncation: 30
 Final matrix dimension:  36708
 Residual error:0.001000
 0  5.073409e-01
 1  2.672919e-01
 2  1.728342e-01
 3  1.201735e-01
 4  8.597534e-02
 5  6.457096e-02
 6  4.943025e-02
 7  3.741613e-02
 8  2.894398e-02
 9  2.222715e-02
 10  1.728649e-02
 11  1.387909e-02
 12  1.118325e-02
 13  8.860644e-03
 14  7.299347e-03
 15  6.010144e-03
 16  5.078712e-03
 17  4.260833e-03
 18  3.641754e-03
 19  3.197805e-03
 20  2.810501e-03
 21  2.479305e-03
 22  2.232616e-03
 23  1.977248e-03
 24  1.753416e-03
 25  1.582391e-03
 26  1.451920e-03
 27  1.300809e-03
 28  1.152301e-03
 29  9.819696e-04
 Iteration CPU time: 7 s
 CFIE residual: 0.00098197

 Iseg, Irank, Idinc : 1, 32, 163
 Thata, Phi : 90.000000, 162.000000
 Maximun iteration: 300
 Number of recycle truncation: 30
 Final matrix dimension:  36708
 Residual error:0.001000
 0  5.901229e-01
 1  3.061732e-01
 2  1.870343e-01
 3  1.324561e-01
 4  1.020631e-01
 5  8.219779e-02
 6  6.643272e-02
 7  5.393584e-02
 8  4.539731e-02
 9  3.874684e-02
 10  3.264740e-02
 11  2.713527e-02
 12  2.217005e-02
 13  1.766616e-02
 14  1.445647e-02
 15  1.148121e-02
 16  9.237574e-03
 17  7.684651e-03
 18  6.336530e-03
 19  5.045541e-03
 20  4.166222e-03
 21  3.530252e-03
 22  2.981167e-03
 23  2.597712e-03
 24  2.274420e-03
 25  1.990478e-03
 26  1.779731e-03
 27  1.618694e-03
 28  1.468425e-03
 29  1.305950e-03
 30  1.150771e-03
 31  9.887667e-04
 Iteration CPU time: 7 s
 CFIE residual: 0.000988767

 Iseg, Irank, Idinc : 1, 33, 47
 Thata, Phi : 90.000000, 46.000000
 Maximun iteration: 300
 Number of recycle truncation: 30
 Final matrix dimension:  36708
 Residual error:0.001000
 0  6.331740e-01
 1  3.218586e-01
 2  2.032992e-01
 3  1.345405e-01
 4  9.503412e-02
 5  6.992532e-02
 6  5.252446e-02
 7  4.037572e-02
 8  3.097165e-02
 9  2.411790e-02
 10  1.889532e-02
 11  1.507635e-02
 12  1.226048e-02
 13  1.028540e-02
 14  8.725732e-03
 15  7.571986e-03
 16  6.796023e-03
 17  6.077011e-03
 18  5.441084e-03
 19  4.844645e-03
 20  4.325288e-03
 21  3.729486e-03
 22  3.274888e-03
 23  2.749552e-03
 24  2.235207e-03
 25  1.832459e-03
 26  1.449340e-03
 27  1.172618e-03
 28  9.370980e-04
 Iteration CPU time: 6 s
 CFIE residual: 0.000937098

 Iseg, Irank, Idinc : 1, 34, 26
 Thata, Phi : 90.000000, 25.000000
 Maximun iteration: 300
 Number of recycle truncation: 30
 Final matrix dimension:  36708
 Residual error:0.001000
 0  6.280034e-01
 1  2.968255e-01
 2  1.669990e-01
 3  1.103281e-01
 4  7.804984e-02
 5  5.740184e-02
 6  4.313086e-02
 7  3.342628e-02
 8  2.612039e-02
 9  2.067298e-02
 10  1.644202e-02
 11  1.283869e-02
 12  1.059922e-02
 13  8.655938e-03
 14  7.216571e-03
 15  6.195153e-03
 16  5.343188e-03
 17  4.514584e-03
 18  3.956982e-03
 19  3.439092e-03
 20  2.986776e-03
 21  2.659776e-03
 22  2.415036e-03
 23  2.222540e-03
 24  2.014962e-03
 25  1.783740e-03
 26  1.562009e-03
 27  1.355709e-03
 28  1.144865e-03
 29  9.757072e-04
 Iteration CPU time: 7 s
 CFIE residual: 0.000975707

 Iseg, Irank, Idinc : 1, 35, 180
 Thata, Phi : 90.000000, 179.000000
 Maximun iteration: 300
 Number of recycle truncation: 30
 Final matrix dimension:  36708
 Residual error:0.001000
 0  5.541774e-01
 1  3.007336e-01
 2  1.914794e-01
 3  1.359987e-01
 4  1.061759e-01
 5  8.182613e-02
 6  6.684267e-02
 7  5.475284e-02
 8  4.417984e-02
 9  3.467858e-02
 10  2.704185e-02
 11  2.106475e-02
 12  1.611425e-02
 13  1.240312e-02
 14  9.597797e-03
 15  7.400569e-03
 16  5.856328e-03
 17  4.862284e-03
 18  3.996829e-03
 19  3.324882e-03
 20  2.802195e-03
 21  2.410623e-03
 22  2.123910e-03
 23  1.908678e-03
 24  1.695854e-03
 25  1.506900e-03
 26  1.374170e-03
 27  1.233233e-03
 28  1.088029e-03
 29  9.436522e-04
 Iteration CPU time: 7 s
 CFIE residual: 0.000943652

 Iseg, Irank, Idinc : 1, 36, 93
 Thata, Phi : 90.000000, 92.000000
 Maximun iteration: 300
 Number of recycle truncation: 30
 Final matrix dimension:  36708
 Residual error:0.001000
 0  6.215334e-01
 1  3.566737e-01
 2  2.271081e-01
 3  1.512918e-01
 4  1.094628e-01
 5  8.530821e-02
 6  6.720344e-02
 7  5.338323e-02
 8  4.288800e-02
 9  3.461605e-02
 10  2.724355e-02
 11  2.185609e-02
 12  1.776338e-02
 13  1.448113e-02
 14  1.231627e-02
 15  1.057386e-02
 16  9.191704e-03
 17  8.174478e-03
 18  7.383635e-03
 19  6.650636e-03
 20  6.074878e-03
 21  5.456592e-03
 22  4.777791e-03
 23  4.102413e-03
 24  3.565224e-03
 25  2.999818e-03
 26  2.476427e-03
 27  2.016139e-03
 28  1.623049e-03
 29  1.225858e-03
 30  9.294096e-04
 Iteration CPU time: 7 s
 CFIE residual: 0.00092941

 Iseg, Irank, Idinc : 1, 37, 143
 Thata, Phi : 90.000000, 142.000000
 Maximun iteration: 300
 Number of recycle truncation: 30
 Final matrix dimension:  36708
 Residual error:0.001000
 0  6.685440e-01
 1  3.502435e-01
 2  2.114378e-01
 3  1.475071e-01
 4  1.069349e-01
 5  8.239007e-02
 6  6.287069e-02
 7  5.019649e-02
 8  4.173935e-02
 9  3.423071e-02
 10  2.839041e-02
 11  2.361557e-02
 12  1.949570e-02
 13  1.536979e-02
 14  1.210390e-02
 15  9.953304e-03
 16  8.028800e-03
 17  6.679432e-03
 18  5.665144e-03
 19  4.685405e-03
 20  4.086998e-03
 21  3.592803e-03
 22  3.229657e-03
 23  2.874590e-03
 24  2.572142e-03
 25  2.338354e-03
 26  2.104462e-03
 27  1.864412e-03
 28  1.564148e-03
 29  1.302974e-03
 30  1.080184e-03
 31  8.781685e-04
 Iteration CPU time: 7 s
 CFIE residual: 0.000878169

 Iseg, Irank, Idinc : 1, 38, 8
 Thata, Phi : 90.000000, 7.000000
 Maximun iteration: 300
 Number of recycle truncation: 30
 Final matrix dimension:  36708
 Residual error:0.001000
 0  5.232094e-01
 1  2.715140e-01
 2  1.723635e-01
 3  1.221280e-01
 4  8.806574e-02
 5  6.687203e-02
 6  5.099835e-02
 7  3.879597e-02
 8  2.980296e-02
 9  2.380342e-02
 10  1.880484e-02
 11  1.468457e-02
 12  1.150650e-02
 13  9.186918e-03
 14  7.563820e-03
 15  6.292447e-03
 16  5.358006e-03
 17  4.464581e-03
 18  3.840071e-03
 19  3.385788e-03
 20  2.962619e-03
 21  2.572861e-03
 22  2.317701e-03
 23  2.061875e-03
 24  1.846585e-03
 25  1.669617e-03
 26  1.525137e-03
 27  1.377458e-03
 28  1.227299e-03
 29  1.066499e-03
 30  9.128307e-04
 Iteration CPU time: 7 s
 CFIE residual: 0.000912831
 Last Built End in Sep 21 2025 00:06:12
 Total CPU time: 279 s
 Finished.
