 Last Built Begin in Sep 21 2025 00:06:12
 Pre-Type( Input ):           10
 Skl-Tol ( Input ):    1.0000000000000001E-005
 Wavelength in freespace: 0.0309917

 ################################################
 ##         Generating Required Mesh          ##
 ##         Waiting.....                      ##
 ################################################
 Subd No.      Subd Name
    1    Open-Duct_PRIME_model_meshAA1                                     
 isub,  nnode, npatch,  nedge:
    1      6118     12236     18354
 Scale Factor         >>   1.54999997E-02
 ################################################

 START TIME: 20250922   023938.096


 Informaton for IE geometry:
 number of subdomains     : 1
 maxnode,maxpatch,maxedge : 6118  12236  18354
 
 Index of Mat-Reg: 1
 Mat-Reg Number via MatFlg: 1
 Edge Number of Mat-Reg: 1, 18354

 Number of Edge on PEC: 18354
 Mat-Reg: No Dim(m) Lmax:
    1 0.231    5
 Totlmax, add1, add2:           5           6           7
 rlengmax of Global MLFMA >>   0.23135448284538332     
 Lmax of Global MLFMA >>            5
 Wavenum of Mat-Reg:
    1 1.000

 total area in sq m           =      0.0510
 total area in sq lambda      =     53.0667
 maxnode, maxpatch, maxedge           =     6118    12236    18354
 longest  edge in lambda              =      0.1506
 shortest edge in lambda              =      0.0072
 average  edge in lambda              =      0.1005
 largest  patch area in sq lambda     =      0.0077
 smallest patch area in sq lambda     =      0.0000
 ave    surface area in sq lambda     =      0.0043
 size range of the object in sq lambda =      7.4033

 #### MLFMA Info For Each Region ####
 Mat-Region =            1
 Array dimension parameters:
 maxrule=          14   maxgrid  =          64
 lmax   =           5   ncmax    =        1250
 lsmax  =          26   lsmin    =           6
 kpm    =        1356   kp0      =          76
 ntlm   =      204640   nsm      =      205900
 nkpm   =        2152   niplm    =      137728
 ngnearm=       14257   ngsndm   =       64634
 nearm  =         333   mfinestm =         119
 ###############################

 CFIE Alpha:  0.50000000000000000     

 Fill MLFMA FI for Mat-Reg:           1
 Begin filltl.f
 fill translation matrix
 Level:            2
 fill shifting matrix
 Level:            3
 fill shifting matrix
 Level:            4
 fill shifting matrix
 Level:            5
 fill shifting matrix
 translator time(s):  0.106000006    
 fill interpolation matrix
 ThetaOrder            8
 PhiOrder            8
 lsl            6
 Filling TL                  Delta_CPU=          0.52 Memory(MB)=        586.87
 Filling sndgrp              Delta_CPU=          0.01 Memory(MB)=        586.87
 Filling VFS                 Delta_CPU=          2.34 Memory(MB)=        586.87

 Fill MLFMA NI for Mat-Reg:           1
 Begin fill sparser part of Nearfield
 Begin fill denser part of Nearfield
 End fill
 Filling Amn                 Delta_CPU=         91.03 Memory(MB)=        586.87


 Now testing preconditioner with
 ipretype =           10
 method = cfie_solve_nfrasspspre_pardiso

  
 NBP>>Begin fill sparser part of Nearfield

114.2560% NBP>>Begin fill denser part of Nearfield

200.1041%
 Begin MLFMA Box-Matrix Based Spar-RAS Prec Constructor
 --- Intel MKL PARDISO --- 
 Memory for iGroup: 1 0 MB
 Total Memory For SparRAS Pre: 0 MB
 --- PARDISO PRECONDITIONER INITIALIZED --- 
 Constructing preconditioner CPU time: 4 s
 
 1101240
 Memory for Iteration:: 16.8036 MB

 Iseg, Ninc_S : 1, 181, 0

 Iseg, Skeleton Angles: 1, 38
 Iseg, Skel-Pk Mem(MB): 1, 314.35

 Iseg, Irank, Idinc : 1, 1, 22
 Thata, Phi : 90.000000, 21.000000
 Maximun iteration: 300
 Number of recycle truncation: 30
 Final matrix dimension:  36708
 Residual error:0.001000
 0  6.095588e-01
 1  2.908996e-01
 2  1.658962e-01
 3  1.139350e-01
 4  8.066621e-02
 5  5.946285e-02
 6  4.556015e-02
 7  3.586689e-02
 8  2.820303e-02
 9  2.239186e-02
 10  1.740163e-02
 11  1.384262e-02
 12  1.114878e-02
 13  9.007795e-03
 14  7.460599e-03
 15  6.375699e-03
 16  5.411353e-03
 17  4.571121e-03
 18  3.952657e-03
 19  3.386461e-03
 20  2.924598e-03
 21  2.608746e-03
 22  2.357494e-03
 23  2.167536e-03
 24  1.980640e-03
 25  1.787588e-03
 26  1.584877e-03
 27  1.398923e-03
 28  1.209077e-03
 29  1.046112e-03
 30  8.880167e-04
 Iteration CPU time: 7 s
 CFIE residual: 0.000888017

 Iseg, Irank, Idinc : 1, 2, 42
 Thata, Phi : 90.000000, 41.000000
 Maximun iteration: 300
 Number of recycle truncation: 30
 Final matrix dimension:  36708
 Residual error:0.001000
 0  6.253403e-01
 1  3.152489e-01
 2  2.002892e-01
 3  1.312228e-01
 4  9.017278e-02
 5  6.548188e-02
 6  4.836841e-02
 7  3.657316e-02
 8  2.810112e-02
 9  2.171272e-02
 10  1.695776e-02
 11  1.355555e-02
 12  1.101859e-02
 13  9.204236e-03
 14  7.741886e-03
 15  6.706711e-03
 16  5.945772e-03
 17  5.249400e-03
 18  4.772707e-03
 19  4.292829e-03
 20  3.808427e-03
 21  3.369908e-03
 22  3.002191e-03
 23  2.593078e-03
 24  2.156704e-03
 25  1.800278e-03
 26  1.487465e-03
 27  1.203574e-03
 28  9.481283e-04
 Iteration CPU time: 6 s
 CFIE residual: 0.000948128

 Iseg, Irank, Idinc : 1, 3, 109
 Thata, Phi : 90.000000, 108.000000
 Maximun iteration: 300
 Number of recycle truncation: 30
 Final matrix dimension:  36708
 Residual error:0.001000
 0  6.328712e-01
 1  3.583240e-01
 2  2.259036e-01
 3  1.549256e-01
 4  1.089212e-01
 5  8.178501e-02
 6  6.347996e-02
 7  4.887112e-02
 8  3.812502e-02
 9  3.071293e-02
 10  2.417843e-02
 11  1.909128e-02
 12  1.533777e-02
 13  1.261162e-02
 14  1.056671e-02
 15  8.827285e-03
 16  7.421321e-03
 17  6.480486e-03
 18  5.697800e-03
 19  5.042563e-03
 20  4.489369e-03
 21  4.059718e-03
 22  3.633406e-03
 23  3.232608e-03
 24  2.875721e-03
 25  2.522432e-03
 26  2.181482e-03
 27  1.832898e-03
 28  1.496989e-03
 29  1.195721e-03
 30  9.492906e-04
 Iteration CPU time: 7 s
 CFIE residual: 0.000949291

 Iseg, Irank, Idinc : 1, 4, 64
 Thata, Phi : 90.000000, 63.000000
 Maximun iteration: 300
 Number of recycle truncation: 30
 Final matrix dimension:  36708
 Residual error:0.001000
 0  6.655670e-01
 1  3.577991e-01
 2  2.228375e-01
 3  1.442170e-01
 4  1.049141e-01
 5  7.935993e-02
 6  6.069127e-02
 7  4.798299e-02
 8  3.806944e-02
 9  3.050095e-02
 10  2.406200e-02
 11  1.951583e-02
 12  1.580066e-02
 13  1.317866e-02
 14  1.117813e-02
 15  9.893240e-03
 16  8.876464e-03
 17  8.041160e-03
 18  7.332872e-03
 19  6.560209e-03
 20  5.842037e-03
 21  5.178875e-03
 22  4.460284e-03
 23  3.798624e-03
 24  3.148239e-03
 25  2.556215e-03
 26  2.046499e-03
 27  1.589215e-03
 28  1.232041e-03
 29  9.604066e-04
 Iteration CPU time: 7 s
 CFIE residual: 0.000960407

 Iseg, Irank, Idinc : 1, 5, 75
 Thata, Phi : 90.000000, 74.000000
 Maximun iteration: 300
 Number of recycle truncation: 30
 Final matrix dimension:  36708
 Residual error:0.001000
 0  6.423149e-01
 1  3.683579e-01
 2  2.392726e-01
 3  1.508720e-01
 4  1.057157e-01
 5  8.043865e-02
 6  6.293959e-02
 7  5.139749e-02
 8  4.054961e-02
 9  3.316869e-02
 10  2.631264e-02
 11  2.118152e-02
 12  1.730655e-02
 13  1.481766e-02
 14  1.285278e-02
 15  1.139105e-02
 16  1.022021e-02
 17  9.196288e-03
 18  8.324737e-03
 19  7.481478e-03
 20  6.773458e-03
 21  6.061337e-03
 22  5.336239e-03
 23  4.585917e-03
 24  3.905940e-03
 25  3.236575e-03
 26  2.699468e-03
 27  2.192107e-03
 28  1.792027e-03
 29  1.396325e-03
 30  1.113171e-03
 31  8.602037e-04
 Iteration CPU time: 7 s
 CFIE residual: 0.000860204

 Iseg, Irank, Idinc : 1, 6, 146
 Thata, Phi : 90.000000, 145.000000
 Maximun iteration: 300
 Number of recycle truncation: 30
 Final matrix dimension:  36708
 Residual error:0.001000
 0  6.531894e-01
 1  3.464710e-01
 2  2.084400e-01
 3  1.456258e-01
 4  1.052841e-01
 5  8.139474e-02
 6  6.347939e-02
 7  5.054663e-02
 8  4.233444e-02
 9  3.513240e-02
 10  2.926630e-02
 11  2.451042e-02
 12  2.011896e-02
 13  1.594128e-02
 14  1.260804e-02
 15  1.036351e-02
 16  8.204589e-03
 17  6.837814e-03
 18  5.746863e-03
 19  4.702911e-03
 20  4.034012e-03
 21  3.465120e-03
 22  3.053573e-03
 23  2.720467e-03
 24  2.421440e-03
 25  2.211459e-03
 26  2.015736e-03
 27  1.805553e-03
 28  1.557568e-03
 29  1.312956e-03
 30  1.103715e-03
 31  8.861778e-04
 Iteration CPU time: 7 s
 CFIE residual: 0.000886178

 Iseg, Irank, Idinc : 1, 7, 159
 Thata, Phi : 90.000000, 158.000000
 Maximun iteration: 300
 Number of recycle truncation: 30
 Final matrix dimension:  36708
 Residual error:0.001000
 0  6.075904e-01
 1  3.133448e-01
 2  1.901180e-01
 3  1.319413e-01
 4  1.005463e-01
 5  8.039008e-02
 6  6.448810e-02
 7  5.204326e-02
 8  4.445382e-02
 9  3.815811e-02
 10  3.188454e-02
 11  2.648153e-02
 12  2.125217e-02
 13  1.737769e-02
 14  1.408835e-02
 15  1.120043e-02
 16  8.965946e-03
 17  7.287431e-03
 18  6.060971e-03
 19  4.946143e-03
 20  4.110526e-03
 21  3.467920e-03
 22  3.008547e-03
 23  2.652876e-03
 24  2.363831e-03
 25  2.106297e-03
 26  1.886438e-03
 27  1.709903e-03
 28  1.541912e-03
 29  1.359542e-03
 30  1.192086e-03
 31  1.014689e-03
 32  8.650689e-04
 Iteration CPU time: 7 s
 CFIE residual: 0.000865069

 Iseg, Irank, Idinc : 1, 8, 132
 Thata, Phi : 90.000000, 131.000000
 Maximun iteration: 300
 Number of recycle truncation: 30
 Final matrix dimension:  36708
 Residual error:0.001000
 0  6.869647e-01
 1  3.603336e-01
 2  2.314066e-01
 3  1.572913e-01
 4  1.122037e-01
 5  8.638336e-02
 6  6.584542e-02
 7  5.115044e-02
 8  4.088301e-02
 9  3.236050e-02
 10  2.569254e-02
 11  2.042114e-02
 12  1.633527e-02
 13  1.342675e-02
 14  1.106103e-02
 15  9.084654e-03
 16  7.574239e-03
 17  6.481130e-03
 18  5.581067e-03
 19  4.877297e-03
 20  4.412646e-03
 21  4.001888e-03
 22  3.627467e-03
 23  3.307526e-03
 24  2.948779e-03
 25  2.607669e-03
 26  2.282229e-03
 27  1.975507e-03
 28  1.718551e-03
 29  1.472147e-03
 30  1.234015e-03
 31  9.985684e-04
 Iteration CPU time: 7 s
 CFIE residual: 0.000998568

 Iseg, Irank, Idinc : 1, 9, 122
 Thata, Phi : 90.000000, 121.000000
 Maximun iteration: 300
 Number of recycle truncation: 30
 Final matrix dimension:  36708
 Residual error:0.001000
 0  6.545577e-01
 1  3.461466e-01
 2  2.268486e-01
 3  1.573300e-01
 4  1.114506e-01
 5  8.447476e-02
 6  6.468163e-02
 7  5.063201e-02
 8  3.877212e-02
 9  3.054660e-02
 10  2.377484e-02
 11  1.874597e-02
 12  1.520972e-02
 13  1.258179e-02
 14  1.050486e-02
 15  8.990054e-03
 16  7.719412e-03
 17  6.711619e-03
 18  5.918891e-03
 19  5.217022e-03
 20  4.592018e-03
 21  4.110087e-03
 22  3.720447e-03
 23  3.311577e-03
 24  2.929416e-03
 25  2.577488e-03
 26  2.285894e-03
 27  1.975911e-03
 28  1.699878e-03
 29  1.443321e-03
 30  1.159735e-03
 31  9.380255e-04
 Iteration CPU time: 7 s
 CFIE residual: 0.000938025

 Iseg, Irank, Idinc : 1, 10, 89
 Thata, Phi : 90.000000, 88.000000
 Maximun iteration: 300
 Number of recycle truncation: 30
 Final matrix dimension:  36708
 Residual error:0.001000
 0  6.220734e-01
 1  3.563742e-01
 2  2.297634e-01
 3  1.558742e-01
 4  1.119288e-01
 5  8.756622e-02
 6  6.832765e-02
 7  5.432998e-02
 8  4.382998e-02
 9  3.554844e-02
 10  2.832411e-02
 11  2.219955e-02
 12  1.777271e-02
 13  1.444596e-02
 14  1.230109e-02
 15  1.067378e-02
 16  9.374669e-03
 17  8.367055e-03
 18  7.603825e-03
 19  6.872633e-03
 20  6.257481e-03
 21  5.640178e-03
 22  4.970774e-03
 23  4.256633e-03
 24  3.648074e-03
 25  3.055721e-03
 26  2.527602e-03
 27  2.061302e-03
 28  1.690501e-03
 29  1.290955e-03
 30  9.899320e-04
 Iteration CPU time: 6 s
 CFIE residual: 0.000989932

 Iseg, Irank, Idinc : 1, 11, 53
 Thata, Phi : 90.000000, 52.000000
 Maximun iteration: 300
 Number of recycle truncation: 30
 Final matrix dimension:  36708
 Residual error:0.001000
 0  6.458498e-01
 1  3.351027e-01
 2  2.074832e-01
 3  1.351078e-01
 4  9.657436e-02
 5  7.156051e-02
 6  5.493539e-02
 7  4.271229e-02
 8  3.304647e-02
 9  2.504063e-02
 10  1.997358e-02
 11  1.613003e-02
 12  1.320983e-02
 13  1.118165e-02
 14  9.629550e-03
 15  8.340622e-03
 16  7.517160e-03
 17  6.810183e-03
 18  6.114186e-03
 19  5.435343e-03
 20  4.838752e-03
 21  4.180840e-03
 22  3.659448e-03
 23  3.096689e-03
 24  2.556382e-03
 25  2.033386e-03
 26  1.617134e-03
 27  1.292914e-03
 28  1.029646e-03
 29  8.138536e-04
 Iteration CPU time: 6 s
 CFIE residual: 0.000813854

 Iseg, Irank, Idinc : 1, 12, 32
 Thata, Phi : 90.000000, 31.000000
 Maximun iteration: 300
 Number of recycle truncation: 30
 Final matrix dimension:  36708
 Residual error:0.001000
 0  6.322438e-01
 1  3.055789e-01
 2  1.796709e-01
 3  1.140294e-01
 4  8.038493e-02
 5  5.952648e-02
 6  4.383458e-02
 7  3.350527e-02
 8  2.569010e-02
 9  2.021723e-02
 10  1.642088e-02
 11  1.305678e-02
 12  1.043415e-02
 13  8.684316e-03
 14  7.201848e-03
 15  6.098325e-03
 16  5.383332e-03
 17  4.609189e-03
 18  4.115161e-03
 19  3.628135e-03
 20  3.192694e-03
 21  2.858953e-03
 22  2.603423e-03
 23  2.366841e-03
 24  2.116946e-03
 25  1.857787e-03
 26  1.587030e-03
 27  1.370036e-03
 28  1.136478e-03
 29  9.469892e-04
 Iteration CPU time: 7 s
 CFIE residual: 0.000946989

 Iseg, Irank, Idinc : 1, 13, 11
 Thata, Phi : 90.000000, 10.000000
 Maximun iteration: 300
 Number of recycle truncation: 30
 Final matrix dimension:  36708
 Residual error:0.001000
 0  5.390081e-01
 1  2.755667e-01
 2  1.724808e-01
 3  1.229412e-01
 4  8.814829e-02
 5  6.691442e-02
 6  5.126805e-02
 7  3.971324e-02
 8  3.066762e-02
 9  2.443979e-02
 10  1.923682e-02
 11  1.489437e-02
 12  1.157256e-02
 13  9.288112e-03
 14  7.591001e-03
 15  6.340104e-03
 16  5.422004e-03
 17  4.523044e-03
 18  3.919825e-03
 19  3.417232e-03
 20  2.991164e-03
 21  2.594899e-03
 22  2.334765e-03
 23  2.083766e-03
 24  1.882553e-03
 25  1.721379e-03
 26  1.567870e-03
 27  1.422254e-03
 28  1.262764e-03
 29  1.117983e-03
 30  9.699417e-04
 Iteration CPU time: 7 s
 CFIE residual: 0.000969942

 Iseg, Irank, Idinc : 1, 14, 178
 Thata, Phi : 90.000000, 177.000000
 Maximun iteration: 300
 Number of recycle truncation: 30
 Final matrix dimension:  36708
 Residual error:0.001000
 0  5.564153e-01
 1  3.007098e-01
 2  1.915615e-01
 3  1.361147e-01
 4  1.065909e-01
 5  8.239157e-02
 6  6.735329e-02
 7  5.526551e-02
 8  4.487921e-02
 9  3.530603e-02
 10  2.788274e-02
 11  2.210375e-02
 12  1.740019e-02
 13  1.370924e-02
 14  1.079257e-02
 15  8.470995e-03
 16  6.785160e-03
 17  5.622622e-03
 18  4.597859e-03
 19  3.813160e-03
 20  3.178341e-03
 21  2.638234e-03
 22  2.291815e-03
 23  2.032417e-03
 24  1.784753e-03
 25  1.577645e-03
 26  1.423563e-03
 27  1.285933e-03
 28  1.155062e-03
 29  1.029070e-03
 30  9.203612e-04
 Iteration CPU time: 6 s
 CFIE residual: 0.000920361

 Iseg, Irank, Idinc : 1, 15, 97
 Thata, Phi : 90.000000, 96.000000
 Maximun iteration: 300
 Number of recycle truncation: 30
 Final matrix dimension:  36708
 Residual error:0.001000
 0  6.198878e-01
 1  3.550704e-01
 2  2.243847e-01
 3  1.499077e-01
 4  1.071770e-01
 5  8.170590e-02
 6  6.371912e-02
 7  5.088432e-02
 8  4.045215e-02
 9  3.247712e-02
 10  2.570502e-02
 11  2.055583e-02
 12  1.669652e-02
 13  1.380375e-02
 14  1.164841e-02
 15  9.956664e-03
 16  8.551223e-03
 17  7.593104e-03
 18  6.846420e-03
 19  6.189371e-03
 20  5.661303e-03
 21  5.117379e-03
 22  4.564313e-03
 23  4.019002e-03
 24  3.543081e-03
 25  3.040618e-03
 26  2.558615e-03
 27  2.150374e-03
 28  1.738237e-03
 29  1.373935e-03
 30  1.062920e-03
 31  8.228378e-04
 Iteration CPU time: 6 s
 CFIE residual: 0.000822838

 Iseg, Irank, Idinc : 1, 16, 82
 Thata, Phi : 90.000000, 81.000000
 Maximun iteration: 300
 Number of recycle truncation: 30
 Final matrix dimension:  36708
 Residual error:0.001000
 0  6.261520e-01
 1  3.578183e-01
 2  2.317702e-01
 3  1.543224e-01
 4  1.108019e-01
 5  8.690471e-02
 6  6.655480e-02
 7  5.359861e-02
 8  4.326251e-02
 9  3.422126e-02
 10  2.730578e-02
 11  2.147436e-02
 12  1.729155e-02
 13  1.430487e-02
 14  1.234513e-02
 15  1.082751e-02
 16  9.551769e-03
 17  8.572398e-03
 18  7.789682e-03
 19  7.018621e-03
 20  6.319583e-03
 21  5.699099e-03
 22  5.024632e-03
 23  4.352094e-03
 24  3.681529e-03
 25  3.085381e-03
 26  2.584015e-03
 27  2.126703e-03
 28  1.741396e-03
 29  1.365555e-03
 30  1.087311e-03
 31  8.387846e-04
 Iteration CPU time: 7 s
 CFIE residual: 0.000838785

 Iseg, Irank, Idinc : 1, 17, 115
 Thata, Phi : 90.000000, 114.000000
 Maximun iteration: 300
 Number of recycle truncation: 30
 Final matrix dimension:  36708
 Residual error:0.001000
 0  6.469097e-01
 1  3.521346e-01
 2  2.234182e-01
 3  1.553592e-01
 4  1.095803e-01
 5  8.213600e-02
 6  6.295934e-02
 7  4.860260e-02
 8  3.774113e-02
 9  3.011050e-02
 10  2.346805e-02
 11  1.853387e-02
 12  1.507816e-02
 13  1.258796e-02
 14  1.049758e-02
 15  8.739798e-03
 16  7.484799e-03
 17  6.503171e-03
 18  5.649737e-03
 19  4.991661e-03
 20  4.453071e-03
 21  3.985347e-03
 22  3.607067e-03
 23  3.206062e-03
 24  2.849944e-03
 25  2.498384e-03
 26  2.183957e-03
 27  1.886179e-03
 28  1.562556e-03
 29  1.281528e-03
 30  1.009303e-03
 31  7.782290e-04
 Iteration CPU time: 7 s
 CFIE residual: 0.000778229

 Iseg, Irank, Idinc : 1, 18, 1
 Thata, Phi : 90.000000, 0.000000
 Maximun iteration: 300
 Number of recycle truncation: 30
 Final matrix dimension:  36708
 Residual error:0.001000
 0  5.061335e-01
 1  2.674173e-01
 2  1.734806e-01
 3  1.204015e-01
 4  8.590220e-02
 5  6.439606e-02
 6  4.938156e-02
 7  3.759401e-02
 8  2.907401e-02
 9  2.236707e-02
 10  1.721025e-02
 11  1.354428e-02
 12  1.100990e-02
 13  8.761690e-03
 14  7.212891e-03
 15  5.716351e-03
 16  4.700611e-03
 17  3.906239e-03
 18  3.363580e-03
 19  2.923080e-03
 20  2.600317e-03
 21  2.339766e-03
 22  2.085928e-03
 23  1.831291e-03
 24  1.647845e-03
 25  1.510471e-03
 26  1.380765e-03
 27  1.241629e-03
 28  1.080451e-03
 29  9.331918e-04
 Iteration CPU time: 6 s
 CFIE residual: 0.000933192

 Iseg, Irank, Idinc : 1, 19, 167
 Thata, Phi : 90.000000, 166.000000
 Maximun iteration: 300
 Number of recycle truncation: 30
 Final matrix dimension:  36708
 Residual error:0.001000
 0  5.775110e-01
 1  3.027018e-01
 2  1.882832e-01
 3  1.347130e-01
 4  1.048647e-01
 5  8.394259e-02
 6  6.875172e-02
 7  5.584783e-02
 8  4.655318e-02
 9  3.923872e-02
 10  3.293615e-02
 11  2.703675e-02
 12  2.211120e-02
 13  1.764855e-02
 14  1.451228e-02
 15  1.159298e-02
 16  9.465342e-03
 17  7.723142e-03
 18  6.337072e-03
 19  5.085539e-03
 20  4.177149e-03
 21  3.469147e-03
 22  2.938850e-03
 23  2.537723e-03
 24  2.205257e-03
 25  1.926588e-03
 26  1.690154e-03
 27  1.530975e-03
 28  1.399732e-03
 29  1.268863e-03
 30  1.140563e-03
 31  1.000367e-03
 32  8.549643e-04
 Iteration CPU time: 8 s
 CFIE residual: 0.000854964

 Iseg, Irank, Idinc : 1, 20, 152
 Thata, Phi : 90.000000, 151.000000
 Maximun iteration: 300
 Number of recycle truncation: 30
 Final matrix dimension:  36708
 Residual error:0.001000
 0  6.327296e-01
 1  3.327036e-01
 2  2.010523e-01
 3  1.394518e-01
 4  1.029181e-01
 5  8.057920e-02
 6  6.396232e-02
 7  5.104933e-02
 8  4.321934e-02
 9  3.618596e-02
 10  3.051415e-02
 11  2.531187e-02
 12  2.048995e-02
 13  1.588919e-02
 14  1.293024e-02
 15  1.042907e-02
 16  8.352695e-03
 17  6.914355e-03
 18  5.781107e-03
 19  4.739150e-03
 20  3.947035e-03
 21  3.365848e-03
 22  2.910327e-03
 23  2.613334e-03
 24  2.320813e-03
 25  2.083866e-03
 26  1.889416e-03
 27  1.676102e-03
 28  1.472641e-03
 29  1.266555e-03
 30  1.082692e-03
 31  8.714007e-04
 Iteration CPU time: 7 s
 CFIE residual: 0.000871401

 Iseg, Irank, Idinc : 1, 21, 181
 Thata, Phi : 90.000000, 180.000000
 Maximun iteration: 300
 Number of recycle truncation: 30
 Final matrix dimension:  36708
 Residual error:0.001000
 0  5.550875e-01
 1  3.007112e-01
 2  1.915826e-01
 3  1.359839e-01
 4  1.063229e-01
 5  8.180846e-02
 6  6.678320e-02
 7  5.482164e-02
 8  4.437143e-02
 9  3.466998e-02
 10  2.702753e-02
 11  2.110530e-02
 12  1.599360e-02
 13  1.223878e-02
 14  9.467247e-03
 15  7.250725e-03
 16  5.682778e-03
 17  4.649526e-03
 18  3.790102e-03
 19  3.084996e-03
 20  2.614342e-03
 21  2.282465e-03
 22  2.008487e-03
 23  1.790230e-03
 24  1.605820e-03
 25  1.445617e-03
 26  1.328094e-03
 27  1.194384e-03
 28  1.057873e-03
 29  9.186774e-04
 Iteration CPU time: 6 s
 CFIE residual: 0.000918677

 Iseg, Irank, Idinc : 1, 22, 16
 Thata, Phi : 90.000000, 15.000000
 Maximun iteration: 300
 Number of recycle truncation: 30
 Final matrix dimension:  36708
 Residual error:0.001000
 0  5.701444e-01
 1  2.821350e-01
 2  1.701999e-01
 3  1.203711e-01
 4  8.563545e-02
 5  6.449340e-02
 6  4.981980e-02
 7  3.922167e-02
 8  3.057865e-02
 9  2.391112e-02
 10  1.868846e-02
 11  1.488509e-02
 12  1.161090e-02
 13  9.260705e-03
 14  7.564302e-03
 15  6.399411e-03
 16  5.470184e-03
 17  4.612060e-03
 18  3.980895e-03
 19  3.409331e-03
 20  2.992645e-03
 21  2.601831e-03
 22  2.349790e-03
 23  2.120109e-03
 24  1.927634e-03
 25  1.752897e-03
 26  1.585288e-03
 27  1.424942e-03
 28  1.250342e-03
 29  1.100438e-03
 30  9.552750e-04
 Iteration CPU time: 7 s
 CFIE residual: 0.000955275

 Iseg, Irank, Idinc : 1, 23, 59
 Thata, Phi : 90.000000, 58.000000
 Maximun iteration: 300
 Number of recycle truncation: 30
 Final matrix dimension:  36708
 Residual error:0.001000
 0  6.620457e-01
 1  3.459657e-01
 2  2.154154e-01
 3  1.373570e-01
 4  9.806767e-02
 5  7.218161e-02
 6  5.621265e-02
 7  4.484772e-02
 8  3.573929e-02
 9  2.758582e-02
 10  2.122765e-02
 11  1.729778e-02
 12  1.416036e-02
 13  1.188489e-02
 14  1.013776e-02
 15  8.881635e-03
 16  7.963625e-03
 17  7.188535e-03
 18  6.556361e-03
 19  5.818651e-03
 20  5.170744e-03
 21  4.569667e-03
 22  3.906256e-03
 23  3.279605e-03
 24  2.741615e-03
 25  2.189473e-03
 26  1.741997e-03
 27  1.370207e-03
 28  1.078112e-03
 29  8.524928e-04
 Iteration CPU time: 7 s
 CFIE residual: 0.000852493

 Iseg, Irank, Idinc : 1, 24, 139
 Thata, Phi : 90.000000, 138.000000
 Maximun iteration: 300
 Number of recycle truncation: 30
 Final matrix dimension:  36708
 Residual error:0.001000
 0  6.927713e-01
 1  3.564085e-01
 2  2.203213e-01
 3  1.522599e-01
 4  1.105581e-01
 5  8.427692e-02
 6  6.347819e-02
 7  5.037138e-02
 8  4.165764e-02
 9  3.348008e-02
 10  2.719074e-02
 11  2.243436e-02
 12  1.852809e-02
 13  1.466852e-02
 14  1.167833e-02
 15  9.473699e-03
 16  7.837302e-03
 17  6.526970e-03
 18  5.574478e-03
 19  4.719376e-03
 20  4.191015e-03
 21  3.748991e-03
 22  3.409454e-03
 23  3.065744e-03
 24  2.756625e-03
 25  2.489290e-03
 26  2.216623e-03
 27  1.929489e-03
 28  1.639294e-03
 29  1.399232e-03
 30  1.166902e-03
 31  9.628376e-04
 Iteration CPU time: 7 s
 CFIE residual: 0.000962838

 Iseg, Irank, Idinc : 1, 25, 5
 Thata, Phi : 90.000000, 4.000000
 Maximun iteration: 300
 Number of recycle truncation: 30
 Final matrix dimension:  36708
 Residual error:0.001000
 0  5.123679e-01
 1  2.691056e-01
 2  1.732450e-01
 3  1.212550e-01
 4  8.713809e-02
 5  6.596028e-02
 6  5.044470e-02
 7  3.797030e-02
 8  2.901515e-02
 9  2.290939e-02
 10  1.818874e-02
 11  1.445930e-02
 12  1.143547e-02
 13  9.082608e-03
 14  7.535284e-03
 15  6.271762e-03
 16  5.253642e-03
 17  4.389354e-03
 18  3.738278e-03
 19  3.282912e-03
 20  2.876130e-03
 21  2.518551e-03
 22  2.266700e-03
 23  2.001078e-03
 24  1.793749e-03
 25  1.624401e-03
 26  1.497261e-03
 27  1.356650e-03
 28  1.224720e-03
 29  1.061005e-03
 30  9.083033e-04
 Iteration CPU time: 7 s
 CFIE residual: 0.000908303

 Iseg, Irank, Idinc : 1, 26, 103
 Thata, Phi : 90.000000, 102.000000
 Maximun iteration: 300
 Number of recycle truncation: 30
 Final matrix dimension:  36708
 Residual error:0.001000
 0  6.194311e-01
 1  3.551101e-01
 2  2.239747e-01
 3  1.513526e-01
 4  1.055222e-01
 5  7.947919e-02
 6  6.187532e-02
 7  4.820758e-02
 8  3.796116e-02
 9  3.053189e-02
 10  2.485330e-02
 11  1.975801e-02
 12  1.589342e-02
 13  1.312290e-02
 14  1.087241e-02
 15  9.229675e-03
 16  7.800140e-03
 17  6.906301e-03
 18  6.156838e-03
 19  5.524074e-03
 20  4.998274e-03
 21  4.572169e-03
 22  4.090781e-03
 23  3.628619e-03
 24  3.211539e-03
 25  2.780869e-03
 26  2.392913e-03
 27  2.025575e-03
 28  1.692177e-03
 29  1.365720e-03
 30  1.094138e-03
 31  8.569411e-04
 Iteration CPU time: 7 s
 CFIE residual: 0.000856941

 Iseg, Irank, Idinc : 1, 27, 173
 Thata, Phi : 90.000000, 172.000000
 Maximun iteration: 300
 Number of recycle truncation: 30
 Final matrix dimension:  36708
 Residual error:0.001000
 0  5.632865e-01
 1  3.008492e-01
 2  1.910051e-01
 3  1.364145e-01
 4  1.071430e-01
 5  8.413031e-02
 6  6.911374e-02
 7  5.636939e-02
 8  4.635721e-02
 9  3.773712e-02
 10  3.093024e-02
 11  2.518994e-02
 12  2.048303e-02
 13  1.633034e-02
 14  1.336437e-02
 15  1.076622e-02
 16  8.830791e-03
 17  7.114087e-03
 18  5.779061e-03
 19  4.685647e-03
 20  3.847950e-03
 21  3.175142e-03
 22  2.721138e-03
 23  2.351341e-03
 24  2.039749e-03
 25  1.780114e-03
 26  1.561280e-03
 27  1.408110e-03
 28  1.277812e-03
 29  1.154216e-03
 30  1.047715e-03
 31  9.218368e-04
 Iteration CPU time: 7 s
 CFIE residual: 0.000921837

 Iseg, Irank, Idinc : 1, 28, 37
 Thata, Phi : 90.000000, 36.000000
 Maximun iteration: 300
 Number of recycle truncation: 30
 Final matrix dimension:  36708
 Residual error:0.001000
 0  6.226928e-01
 1  3.121093e-01
 2  1.929608e-01
 3  1.231628e-01
 4  8.430142e-02
 5  6.184043e-02
 6  4.546119e-02
 7  3.449202e-02
 8  2.641420e-02
 9  2.036318e-02
 10  1.620111e-02
 11  1.308222e-02
 12  1.056666e-02
 13  8.817026e-03
 14  7.327151e-03
 15  6.317416e-03
 16  5.539399e-03
 17  4.795463e-03
 18  4.317575e-03
 19  3.858164e-03
 20  3.414505e-03
 21  3.050258e-03
 22  2.753179e-03
 23  2.452295e-03
 24  2.124890e-03
 25  1.828478e-03
 26  1.541899e-03
 27  1.287111e-03
 28  1.043838e-03
 29  8.585867e-04
 Iteration CPU time: 7 s
 CFIE residual: 0.000858587

 Iseg, Irank, Idinc : 1, 29, 70
 Thata, Phi : 90.000000, 69.000000
 Maximun iteration: 300
 Number of recycle truncation: 30
 Final matrix dimension:  36708
 Residual error:0.001000
 0  6.558856e-01
 1  3.680839e-01
 2  2.347678e-01
 3  1.515668e-01
 4  1.096414e-01
 5  8.309244e-02
 6  6.421073e-02
 7  5.142424e-02
 8  4.129607e-02
 9  3.404410e-02
 10  2.713976e-02
 11  2.161668e-02
 12  1.751461e-02
 13  1.480576e-02
 14  1.265912e-02
 15  1.136281e-02
 16  1.023451e-02
 17  9.228928e-03
 18  8.330365e-03
 19  7.461690e-03
 20  6.770903e-03
 21  6.031118e-03
 22  5.312128e-03
 23  4.572402e-03
 24  3.851104e-03
 25  3.147060e-03
 26  2.575785e-03
 27  2.082603e-03
 28  1.641103e-03
 29  1.292126e-03
 30  1.007669e-03
 31  7.815709e-04
 Iteration CPU time: 7 s
 CFIE residual: 0.000781571

 Iseg, Irank, Idinc : 1, 30, 127
 Thata, Phi : 90.000000, 126.000000
 Maximun iteration: 300
 Number of recycle truncation: 30
 Final matrix dimension:  36708
 Residual error:0.001000
 0  6.636135e-01
 1  3.507567e-01
 2  2.297919e-01
 3  1.574310e-01
 4  1.123084e-01
 5  8.652785e-02
 6  6.593543e-02
 7  5.114911e-02
 8  4.006305e-02
 9  3.165053e-02
 10  2.458506e-02
 11  1.960846e-02
 12  1.566331e-02
 13  1.286342e-02
 14  1.063412e-02
 15  9.109454e-03
 16  7.682717e-03
 17  6.680748e-03
 18  5.846922e-03
 19  5.110731e-03
 20  4.551888e-03
 21  4.125613e-03
 22  3.741374e-03
 23  3.392127e-03
 24  2.989668e-03
 25  2.652824e-03
 26  2.352181e-03
 27  2.068720e-03
 28  1.832236e-03
 29  1.576780e-03
 30  1.309547e-03
 31  1.064063e-03
 32  8.625418e-04
 Iteration CPU time: 7 s
 CFIE residual: 0.000862542

 Iseg, Irank, Idinc : 1, 31, 3
 Thata, Phi : 90.000000, 2.000000
 Maximun iteration: 300
 Number of recycle truncation: 30
 Final matrix dimension:  36708
 Residual error:0.001000
 0  5.077548e-01
 1  2.678611e-01
 2  1.734122e-01
 3  1.206220e-01
 4  8.624435e-02
 5  6.487939e-02
 6  4.972684e-02
 7  3.763221e-02
 8  2.895722e-02
 9  2.243402e-02
 10  1.748953e-02
 11  1.399916e-02
 12  1.126993e-02
 13  8.909626e-03
 14  7.363899e-03
 15  6.064028e-03
 16  5.099771e-03
 17  4.265591e-03
 18  3.637959e-03
 19  3.185796e-03
 20  2.799361e-03
 21  2.474393e-03
 22  2.225186e-03
 23  1.961874e-03
 24  1.749382e-03
 25  1.588871e-03
 26  1.461971e-03
 27  1.321567e-03
 28  1.180060e-03
 29  1.017803e-03
 30  8.586283e-04
 Iteration CPU time: 7 s
 CFIE residual: 0.000858628

 Iseg, Irank, Idinc : 1, 32, 163
 Thata, Phi : 90.000000, 162.000000
 Maximun iteration: 300
 Number of recycle truncation: 30
 Final matrix dimension:  36708
 Residual error:0.001000
 0  5.912176e-01
 1  3.063253e-01
 2  1.872006e-01
 3  1.323112e-01
 4  1.021057e-01
 5  8.225695e-02
 6  6.663803e-02
 7  5.401520e-02
 8  4.550895e-02
 9  3.891430e-02
 10  3.279385e-02
 11  2.730333e-02
 12  2.231163e-02
 13  1.781803e-02
 14  1.457613e-02
 15  1.160160e-02
 16  9.364817e-03
 17  7.780910e-03
 18  6.408157e-03
 19  5.097580e-03
 20  4.225592e-03
 21  3.558804e-03
 22  3.006774e-03
 23  2.616554e-03
 24  2.292119e-03
 25  2.001897e-03
 26  1.790959e-03
 27  1.634496e-03
 28  1.489436e-03
 29  1.336374e-03
 30  1.186054e-03
 31  1.032140e-03
 32  8.787494e-04
 Iteration CPU time: 7 s
 CFIE residual: 0.000878749

 Iseg, Irank, Idinc : 1, 33, 47
 Thata, Phi : 90.000000, 46.000000
 Maximun iteration: 300
 Number of recycle truncation: 30
 Final matrix dimension:  36708
 Residual error:0.001000
 0  6.335634e-01
 1  3.223644e-01
 2  2.035711e-01
 3  1.345662e-01
 4  9.514971e-02
 5  7.010862e-02
 6  5.261905e-02
 7  4.049291e-02
 8  3.108454e-02
 9  2.420539e-02
 10  1.890163e-02
 11  1.500871e-02
 12  1.219649e-02
 13  1.018215e-02
 14  8.616119e-03
 15  7.458736e-03
 16  6.691044e-03
 17  5.987417e-03
 18  5.385736e-03
 19  4.850057e-03
 20  4.363929e-03
 21  3.776445e-03
 22  3.335083e-03
 23  2.830460e-03
 24  2.322056e-03
 25  1.914963e-03
 26  1.531074e-03
 27  1.245423e-03
 28  9.993477e-04
 Iteration CPU time: 7 s
 CFIE residual: 0.000999348

 Iseg, Irank, Idinc : 1, 34, 26
 Thata, Phi : 90.000000, 25.000000
 Maximun iteration: 300
 Number of recycle truncation: 30
 Final matrix dimension:  36708
 Residual error:0.001000
 0  6.283544e-01
 1  2.968734e-01
 2  1.671609e-01
 3  1.104985e-01
 4  7.809781e-02
 5  5.743290e-02
 6  4.319818e-02
 7  3.344959e-02
 8  2.611440e-02
 9  2.074463e-02
 10  1.646845e-02
 11  1.289605e-02
 12  1.062072e-02
 13  8.673207e-03
 14  7.225948e-03
 15  6.184480e-03
 16  5.346017e-03
 17  4.513793e-03
 18  3.950700e-03
 19  3.420826e-03
 20  2.980093e-03
 21  2.656519e-03
 22  2.416725e-03
 23  2.230883e-03
 24  2.037071e-03
 25  1.815990e-03
 26  1.602681e-03
 27  1.400991e-03
 28  1.193912e-03
 29  1.025671e-03
 30  8.506095e-04
 Iteration CPU time: 6 s
 CFIE residual: 0.00085061

 Iseg, Irank, Idinc : 1, 35, 180
 Thata, Phi : 90.000000, 179.000000
 Maximun iteration: 300
 Number of recycle truncation: 30
 Final matrix dimension:  36708
 Residual error:0.001000
 0  5.552532e-01
 1  3.007146e-01
 2  1.915839e-01
 3  1.360023e-01
 4  1.063577e-01
 5  8.188144e-02
 6  6.685536e-02
 7  5.488306e-02
 8  4.444244e-02
 9  3.475224e-02
 10  2.714168e-02
 11  2.124845e-02
 12  1.624948e-02
 13  1.253801e-02
 14  9.724035e-03
 15  7.516780e-03
 16  5.915391e-03
 17  4.902773e-03
 18  4.041519e-03
 19  3.355203e-03
 20  2.803637e-03
 21  2.400983e-03
 22  2.106231e-03
 23  1.892467e-03
 24  1.678814e-03
 25  1.496198e-03
 26  1.367748e-03
 27  1.229489e-03
 28  1.095998e-03
 29  9.596285e-04
 Iteration CPU time: 7 s
 CFIE residual: 0.000959628

 Iseg, Irank, Idinc : 1, 36, 93
 Thata, Phi : 90.000000, 92.000000
 Maximun iteration: 300
 Number of recycle truncation: 30
 Final matrix dimension:  36708
 Residual error:0.001000
 0  6.216539e-01
 1  3.570280e-01
 2  2.274665e-01
 3  1.516470e-01
 4  1.094589e-01
 5  8.537385e-02
 6  6.724399e-02
 7  5.336861e-02
 8  4.286490e-02
 9  3.461007e-02
 10  2.728679e-02
 11  2.191062e-02
 12  1.774867e-02
 13  1.443555e-02
 14  1.230112e-02
 15  1.051698e-02
 16  9.140395e-03
 17  8.102094e-03
 18  7.321714e-03
 19  6.612885e-03
 20  6.058918e-03
 21  5.467786e-03
 22  4.837414e-03
 23  4.198461e-03
 24  3.662136e-03
 25  3.109130e-03
 26  2.589420e-03
 27  2.141767e-03
 28  1.728920e-03
 29  1.312900e-03
 30  9.970416e-04
 Iteration CPU time: 7 s
 CFIE residual: 0.000997042

 Iseg, Irank, Idinc : 1, 37, 143
 Thata, Phi : 90.000000, 142.000000
 Maximun iteration: 300
 Number of recycle truncation: 30
 Final matrix dimension:  36708
 Residual error:0.001000
 0  6.697041e-01
 1  3.510139e-01
 2  2.119571e-01
 3  1.476838e-01
 4  1.070685e-01
 5  8.237389e-02
 6  6.307415e-02
 7  5.029182e-02
 8  4.184590e-02
 9  3.435145e-02
 10  2.848981e-02
 11  2.379081e-02
 12  1.954657e-02
 13  1.547326e-02
 14  1.220977e-02
 15  1.004926e-02
 16  8.040903e-03
 17  6.716684e-03
 18  5.680865e-03
 19  4.682791e-03
 20  4.088722e-03
 21  3.581575e-03
 22  3.220460e-03
 23  2.870476e-03
 24  2.573928e-03
 25  2.354770e-03
 26  2.133432e-03
 27  1.905325e-03
 28  1.616507e-03
 29  1.359715e-03
 30  1.148369e-03
 31  9.305009e-04
 Iteration CPU time: 7 s
 CFIE residual: 0.000930501

 Iseg, Irank, Idinc : 1, 38, 8
 Thata, Phi : 90.000000, 7.000000
 Maximun iteration: 300
 Number of recycle truncation: 30
 Final matrix dimension:  36708
 Residual error:0.001000
 0  5.237794e-01
 1  2.720128e-01
 2  1.729534e-01
 3  1.225190e-01
 4  8.832823e-02
 5  6.710066e-02
 6  5.120995e-02
 7  3.891655e-02
 8  2.992184e-02
 9  2.403792e-02
 10  1.888430e-02
 11  1.474739e-02
 12  1.156476e-02
 13  9.240941e-03
 14  7.614842e-03
 15  6.307681e-03
 16  5.355504e-03
 17  4.464364e-03
 18  3.831763e-03
 19  3.364037e-03
 20  2.952031e-03
 21  2.564831e-03
 22  2.308002e-03
 23  2.043210e-03
 24  1.844503e-03
 25  1.677395e-03
 26  1.541258e-03
 27  1.396746e-03
 28  1.259014e-03
 29  1.103629e-03
 30  9.558236e-04
 Iteration CPU time: 7 s
 CFIE residual: 0.000955824
 Last Built End in Sep 21 2025 00:06:12
 Total CPU time: 279 s
 Finished.
