 Last Built Begin in Sep 22 2025 09:01:48
 Pre-Type( Input ):           10
 Skl-Tol ( Input ):    1.0000000000000001E-005
 Wavelength in freespace: 0.029038

 ################################################
 ##         Generating Required Mesh          ##
 ##         Waiting.....                      ##
 ################################################
 Subd No.      Subd Name
    1    Open-Duct_PRIME_model_meshAA1                                     
 isub,  nnode, npatch,  nedge:
    1      6118     12236     18354
 Scale Factor         >>   1.54999997E-02
 ################################################

 START TIME: 20250922   094255.308


 Informaton for IE geometry:
 number of subdomains     : 1
 maxnode,maxpatch,maxedge : 6118  12236  18354
 
 Index of Mat-Reg: 1
 Mat-Reg Number via MatFlg: 1
 Edge Number of Mat-Reg: 1, 18354

 Number of Edge on PEC: 18354
 Mat-Reg: No Dim(m) Lmax:
    1 0.247    5
 Totlmax, add1, add2:           5           6           7
 rlengmax of Global MLFMA >>   0.24692062429778694     
 Lmax of Global MLFMA >>            5
 Wavenum of Mat-Reg:
    1 1.000

 total area in sq m           =      0.0510
 total area in sq lambda      =     60.4479
 maxnode, maxpatch, maxedge           =     6118    12236    18354
 longest  edge in lambda              =      0.1607
 shortest edge in lambda              =      0.0076
 average  edge in lambda              =      0.1073
 largest  patch area in sq lambda     =      0.0088
 smallest patch area in sq lambda     =      0.0000
 ave    surface area in sq lambda     =      0.0049
 size range of the object in sq lambda =      7.9015

 #### MLFMA Info For Each Region ####
 Mat-Region =            1
 Array dimension parameters:
 maxrule=          14   maxgrid  =          64
 lmax   =           5   ncmax    =        1250
 lsmax  =          27   lsmin    =           7
 kpm    =        1462   kp0      =         102
 ntlm   =      225016   nsm      =      235590
 nkpm   =        2350   niplm    =      150400
 ngnearm=       14257   ngsndm   =       64634
 nearm  =         333   mfinestm =         119
 ###############################

 CFIE Alpha:  0.50000000000000000     

 Fill MLFMA FI for Mat-Reg:           1
 Begin filltl.f
 fill translation matrix
 Level:            2
 fill shifting matrix
 Level:            3
 fill shifting matrix
 Level:            4
 fill shifting matrix
 Level:            5
 fill shifting matrix
 translator time(s):  0.118000008    
 fill interpolation matrix
 ThetaOrder            8
 PhiOrder            8
 lsl            7
 Filling TL                  Delta_CPU=          0.55 Memory(MB)=        654.36
 Filling sndgrp              Delta_CPU=          0.00 Memory(MB)=        654.36
 Filling VFS                 Delta_CPU=          3.18 Memory(MB)=        654.36

 Fill MLFMA NI for Mat-Reg:           1
 Begin fill sparser part of Nearfield
 Begin fill denser part of Nearfield
 End fill
 Filling Amn                 Delta_CPU=         89.19 Memory(MB)=        654.36


 Now testing preconditioner with
 ipretype =           10
 method = cfie_solve_nfrasspspre_pardiso

  
 NBP>>Begin fill sparser part of Nearfield

116.9615% NBP>>Begin fill denser part of Nearfield

200.1041%
 Begin MLFMA Box-Matrix Based Spar-RAS Prec Constructor
 --- Intel MKL PARDISO --- 
 Memory for iGroup: 1 1.31874e+09 MB
 Total Memory For SparRAS Pre: 1.31874e+09 MB
 --- PARDISO PRECONDITIONER INITIALIZED --- 
 Constructing preconditioner CPU time: 4 s
 
 1101240
 Memory for Iteration:: 16.8036 MB

 Iseg, Ninc_S : 1, 181, 0

 Iseg, Skeleton Angles: 1, 40
 Iseg, Skel-Pk Mem(MB): 1, 314.35

 Iseg, Irank, Idinc : 1, 1, 42
 Thata, Phi : 90.000000, 41.000000
 Maximun iteration: 300
 Number of recycle truncation: 30
 Final matrix dimension:  36708
 Residual error:0.001000
 0  6.314312e-01
 1  3.150539e-01
 2  1.989003e-01
 3  1.275309e-01
 4  8.858454e-02
 5  6.496060e-02
 6  4.924530e-02
 7  3.770090e-02
 8  2.863261e-02
 9  2.237513e-02
 10  1.673692e-02
 11  1.364721e-02
 12  1.120398e-02
 13  9.236773e-03
 14  7.988057e-03
 15  6.970266e-03
 16  6.109529e-03
 17  5.351731e-03
 18  4.817084e-03
 19  4.465567e-03
 20  4.235843e-03
 21  4.043164e-03
 22  3.898298e-03
 23  3.774649e-03
 24  3.615454e-03
 25  3.415397e-03
 26  3.196907e-03
 27  2.942807e-03
 28  2.625709e-03
 29  2.303270e-03
 30  2.027107e-03
 31  1.732642e-03
 32  1.456740e-03
 33  1.193077e-03
 34  1.005368e-03
 35  8.011400e-04
 Iteration CPU time: 8 s
 CFIE residual: 0.00080114

 Iseg, Irank, Idinc : 1, 2, 63
 Thata, Phi : 90.000000, 62.000000
 Maximun iteration: 300
 Number of recycle truncation: 30
 Final matrix dimension:  36708
 Residual error:0.001000
 0  6.552759e-01
 1  3.580774e-01
 2  2.230549e-01
 3  1.429980e-01
 4  1.015005e-01
 5  7.809180e-02
 6  5.895656e-02
 7  4.744686e-02
 8  3.762129e-02
 9  3.013998e-02
 10  2.332720e-02
 11  1.872613e-02
 12  1.536910e-02
 13  1.285626e-02
 14  1.124300e-02
 15  1.014434e-02
 16  9.211243e-03
 17  8.557408e-03
 18  8.165004e-03
 19  7.804712e-03
 20  7.518362e-03
 21  7.312279e-03
 22  7.000902e-03
 23  6.599180e-03
 24  6.056625e-03
 25  5.447447e-03
 26  4.907668e-03
 27  4.304018e-03
 28  3.670997e-03
 29  3.029598e-03
 30  2.471854e-03
 31  2.002146e-03
 32  1.634757e-03
 33  1.297746e-03
 34  1.064339e-03
 35  8.705753e-04
 Iteration CPU time: 8 s
 CFIE residual: 0.000870575

 Iseg, Irank, Idinc : 1, 3, 108
 Thata, Phi : 90.000000, 107.000000
 Maximun iteration: 300
 Number of recycle truncation: 30
 Final matrix dimension:  36708
 Residual error:0.001000
 0  6.171688e-01
 1  3.493402e-01
 2  2.166472e-01
 3  1.475618e-01
 4  1.047752e-01
 5  7.879976e-02
 6  6.079601e-02
 7  4.748310e-02
 8  3.810476e-02
 9  3.101042e-02
 10  2.515965e-02
 11  2.085639e-02
 12  1.701333e-02
 13  1.433393e-02
 14  1.221235e-02
 15  1.039250e-02
 16  9.207959e-03
 17  8.239837e-03
 18  7.352551e-03
 19  6.677041e-03
 20  6.131898e-03
 21  5.707717e-03
 22  5.466144e-03
 23  5.275185e-03
 24  5.113239e-03
 25  4.941509e-03
 26  4.705229e-03
 27  4.390236e-03
 28  4.012744e-03
 29  3.590666e-03
 30  3.072708e-03
 31  2.527037e-03
 32  2.033209e-03
 33  1.663839e-03
 34  1.365966e-03
 35  1.124009e-03
 36  8.850440e-04
 Iteration CPU time: 9 s
 CFIE residual: 0.000885044

 Iseg, Irank, Idinc : 1, 4, 22
 Thata, Phi : 90.000000, 21.000000
 Maximun iteration: 300
 Number of recycle truncation: 30
 Final matrix dimension:  36708
 Residual error:0.001000
 0  6.310192e-01
 1  2.954431e-01
 2  1.743771e-01
 3  1.154952e-01
 4  8.031411e-02
 5  5.919430e-02
 6  4.481176e-02
 7  3.502872e-02
 8  2.799366e-02
 9  2.252585e-02
 10  1.835214e-02
 11  1.486227e-02
 12  1.200289e-02
 13  1.012350e-02
 14  8.369761e-03
 15  6.952393e-03
 16  6.055694e-03
 17  5.184838e-03
 18  4.380269e-03
 19  3.777602e-03
 20  3.325003e-03
 21  2.953524e-03
 22  2.648324e-03
 23  2.429412e-03
 24  2.266224e-03
 25  2.146939e-03
 26  2.042686e-03
 27  1.941662e-03
 28  1.876039e-03
 29  1.798609e-03
 30  1.723109e-03
 31  1.637353e-03
 32  1.524879e-03
 33  1.381713e-03
 34  1.205568e-03
 35  1.046845e-03
 36  8.950342e-04
 Iteration CPU time: 8 s
 CFIE residual: 0.000895034

 Iseg, Irank, Idinc : 1, 5, 147
 Thata, Phi : 90.000000, 146.000000
 Maximun iteration: 300
 Number of recycle truncation: 30
 Final matrix dimension:  36708
 Residual error:0.001000
 0  6.562931e-01
 1  3.456702e-01
 2  2.098880e-01
 3  1.411215e-01
 4  1.007418e-01
 5  7.699182e-02
 6  5.969082e-02
 7  4.752673e-02
 8  3.964578e-02
 9  3.378077e-02
 10  2.880889e-02
 11  2.517221e-02
 12  2.211471e-02
 13  1.887100e-02
 14  1.575624e-02
 15  1.354809e-02
 16  1.168866e-02
 17  9.700265e-03
 18  8.324678e-03
 19  7.290114e-03
 20  6.422417e-03
 21  5.732691e-03
 22  5.238714e-03
 23  4.847614e-03
 24  4.596674e-03
 25  4.379210e-03
 26  4.191509e-03
 27  3.990592e-03
 28  3.842203e-03
 29  3.642905e-03
 30  3.405923e-03
 31  3.134358e-03
 32  2.817952e-03
 33  2.432383e-03
 34  2.023044e-03
 35  1.674527e-03
 36  1.354006e-03
 37  1.048513e-03
 38  8.274053e-04
 Iteration CPU time: 9 s
 CFIE residual: 0.000827405

 Iseg, Irank, Idinc : 1, 6, 136
 Thata, Phi : 90.000000, 135.000000
 Maximun iteration: 300
 Number of recycle truncation: 30
 Final matrix dimension:  36708
 Residual error:0.001000
 0  6.951791e-01
 1  3.492269e-01
 2  2.173028e-01
 3  1.474831e-01
 4  1.060803e-01
 5  7.979471e-02
 6  6.024921e-02
 7  4.773233e-02
 8  3.856244e-02
 9  3.266704e-02
 10  2.667279e-02
 11  2.225583e-02
 12  1.849672e-02
 13  1.575860e-02
 14  1.327052e-02
 15  1.114406e-02
 16  9.712717e-03
 17  8.413969e-03
 18  7.488045e-03
 19  6.663813e-03
 20  6.135617e-03
 21  5.692016e-03
 22  5.343001e-03
 23  5.089187e-03
 24  4.866178e-03
 25  4.684216e-03
 26  4.483648e-03
 27  4.264696e-03
 28  4.046570e-03
 29  3.790186e-03
 30  3.473762e-03
 31  3.096737e-03
 32  2.748663e-03
 33  2.378047e-03
 34  2.022442e-03
 35  1.731033e-03
 36  1.436472e-03
 37  1.174636e-03
 38  9.244283e-04
 Iteration CPU time: 8 s
 CFIE residual: 0.000924428

 Iseg, Irank, Idinc : 1, 7, 83
 Thata, Phi : 90.000000, 82.000000
 Maximun iteration: 300
 Number of recycle truncation: 30
 Final matrix dimension:  36708
 Residual error:0.001000
 0  6.070404e-01
 1  3.478297e-01
 2  2.223075e-01
 3  1.495604e-01
 4  1.088366e-01
 5  8.344448e-02
 6  6.415906e-02
 7  5.090196e-02
 8  4.114512e-02
 9  3.222392e-02
 10  2.607244e-02
 11  2.182993e-02
 12  1.810464e-02
 13  1.539820e-02
 14  1.344315e-02
 15  1.200097e-02
 16  1.064141e-02
 17  9.804329e-03
 18  9.227055e-03
 19  8.692719e-03
 20  8.297026e-03
 21  8.000765e-03
 22  7.700896e-03
 23  7.374957e-03
 24  7.006015e-03
 25  6.551962e-03
 26  6.028466e-03
 27  5.476544e-03
 28  4.843164e-03
 29  4.204192e-03
 30  3.499740e-03
 31  2.931351e-03
 32  2.477576e-03
 33  1.968733e-03
 34  1.592385e-03
 35  1.256539e-03
 36  1.041458e-03
 37  8.340629e-04
 Iteration CPU time: 8 s
 CFIE residual: 0.000834063

 Iseg, Irank, Idinc : 1, 8, 72
 Thata, Phi : 90.000000, 71.000000
 Maximun iteration: 300
 Number of recycle truncation: 30
 Final matrix dimension:  36708
 Residual error:0.001000
 0  6.337927e-01
 1  3.639218e-01
 2  2.346422e-01
 3  1.478517e-01
 4  1.044059e-01
 5  8.226610e-02
 6  6.351136e-02
 7  4.933527e-02
 8  3.924743e-02
 9  3.272570e-02
 10  2.612772e-02
 11  2.112033e-02
 12  1.709072e-02
 13  1.462673e-02
 14  1.286249e-02
 15  1.146774e-02
 16  1.053260e-02
 17  9.745449e-03
 18  9.183710e-03
 19  8.757479e-03
 20  8.474214e-03
 21  8.219139e-03
 22  7.902031e-03
 23  7.530374e-03
 24  6.960526e-03
 25  6.335314e-03
 26  5.698680e-03
 27  5.071342e-03
 28  4.420376e-03
 29  3.740511e-03
 30  3.081952e-03
 31  2.533412e-03
 32  2.081664e-03
 33  1.663978e-03
 34  1.334551e-03
 35  1.064230e-03
 36  8.609668e-04
 Iteration CPU time: 8 s
 CFIE residual: 0.000860967

 Iseg, Irank, Idinc : 1, 9, 159
 Thata, Phi : 90.000000, 158.000000
 Maximun iteration: 300
 Number of recycle truncation: 30
 Final matrix dimension:  36708
 Residual error:0.001000
 0  6.210701e-01
 1  3.149509e-01
 2  1.919873e-01
 3  1.300271e-01
 4  9.685423e-02
 5  7.734226e-02
 6  6.203583e-02
 7  5.094842e-02
 8  4.274616e-02
 9  3.691497e-02
 10  3.194985e-02
 11  2.818141e-02
 12  2.452907e-02
 13  2.081361e-02
 14  1.733900e-02
 15  1.500170e-02
 16  1.298863e-02
 17  1.083231e-02
 18  9.349015e-03
 19  7.957849e-03
 20  6.793016e-03
 21  5.881202e-03
 22  5.125652e-03
 23  4.549957e-03
 24  4.110191e-03
 25  3.777013e-03
 26  3.519972e-03
 27  3.318539e-03
 28  3.184063e-03
 29  3.063626e-03
 30  2.908831e-03
 31  2.735315e-03
 32  2.482618e-03
 33  2.224345e-03
 34  1.940893e-03
 35  1.633115e-03
 36  1.315166e-03
 37  1.027228e-03
 38  7.842466e-04
 Iteration CPU time: 9 s
 CFIE residual: 0.000784247

 Iseg, Irank, Idinc : 1, 10, 124
 Thata, Phi : 90.000000, 123.000000
 Maximun iteration: 300
 Number of recycle truncation: 30
 Final matrix dimension:  36708
 Residual error:0.001000
 0  6.543935e-01
 1  3.409648e-01
 2  2.203850e-01
 3  1.554806e-01
 4  1.124533e-01
 5  8.245745e-02
 6  6.549557e-02
 7  5.132628e-02
 8  4.160573e-02
 9  3.377415e-02
 10  2.669814e-02
 11  2.119864e-02
 12  1.668851e-02
 13  1.362116e-02
 14  1.135597e-02
 15  9.752858e-03
 16  8.394532e-03
 17  7.484612e-03
 18  6.567250e-03
 19  5.925726e-03
 20  5.494421e-03
 21  5.159412e-03
 22  4.869020e-03
 23  4.656849e-03
 24  4.462003e-03
 25  4.291548e-03
 26  4.101448e-03
 27  3.905335e-03
 28  3.726644e-03
 29  3.517213e-03
 30  3.250389e-03
 31  2.972841e-03
 32  2.679890e-03
 33  2.345027e-03
 34  2.025268e-03
 35  1.717165e-03
 36  1.422646e-03
 37  1.136794e-03
 38  8.778086e-04
 Iteration CPU time: 9 s
 CFIE residual: 0.000877809

 Iseg, Irank, Idinc : 1, 11, 53
 Thata, Phi : 90.000000, 52.000000
 Maximun iteration: 300
 Number of recycle truncation: 30
 Final matrix dimension:  36708
 Residual error:0.001000
 0  6.532022e-01
 1  3.449473e-01
 2  2.115135e-01
 3  1.351941e-01
 4  9.739830e-02
 5  7.444798e-02
 6  5.799094e-02
 7  4.451931e-02
 8  3.435959e-02
 9  2.738366e-02
 10  2.135106e-02
 11  1.690965e-02
 12  1.342852e-02
 13  1.093541e-02
 14  9.551156e-03
 15  8.433322e-03
 16  7.519925e-03
 17  6.965122e-03
 18  6.401028e-03
 19  5.970730e-03
 20  5.745178e-03
 21  5.558376e-03
 22  5.310586e-03
 23  5.075075e-03
 24  4.700357e-03
 25  4.235927e-03
 26  3.754588e-03
 27  3.268826e-03
 28  2.777035e-03
 29  2.270526e-03
 30  1.885052e-03
 31  1.568763e-03
 32  1.301475e-03
 33  1.052896e-03
 34  8.630699e-04
 Iteration CPU time: 8 s
 CFIE residual: 0.00086307

 Iseg, Irank, Idinc : 1, 12, 176
 Thata, Phi : 90.000000, 175.000000
 Maximun iteration: 300
 Number of recycle truncation: 30
 Final matrix dimension:  36708
 Residual error:0.001000
 0  5.888848e-01
 1  2.963316e-01
 2  1.839760e-01
 3  1.306524e-01
 4  1.008210e-01
 5  8.083033e-02
 6  6.576683e-02
 7  5.503687e-02
 8  4.586963e-02
 9  3.834446e-02
 10  3.228768e-02
 11  2.684563e-02
 12  2.230409e-02
 13  1.835936e-02
 14  1.558995e-02
 15  1.282772e-02
 16  1.078997e-02
 17  9.097456e-03
 18  7.721618e-03
 19  6.411705e-03
 20  5.508711e-03
 21  4.714157e-03
 22  4.025645e-03
 23  3.506317e-03
 24  3.126977e-03
 25  2.797525e-03
 26  2.529137e-03
 27  2.320599e-03
 28  2.160173e-03
 29  2.028305e-03
 30  1.922620e-03
 31  1.846293e-03
 32  1.770581e-03
 33  1.688968e-03
 34  1.606306e-03
 35  1.486015e-03
 36  1.348219e-03
 37  1.193599e-03
 38  1.007722e-03
 39  8.288023e-04
 Iteration CPU time: 9 s
 CFIE residual: 0.000828802

 Iseg, Irank, Idinc : 1, 13, 32
 Thata, Phi : 90.000000, 31.000000
 Maximun iteration: 300
 Number of recycle truncation: 30
 Final matrix dimension:  36708
 Residual error:0.001000
 0  6.314520e-01
 1  3.084808e-01
 2  1.832376e-01
 3  1.148058e-01
 4  8.037521e-02
 5  5.884407e-02
 6  4.366049e-02
 7  3.351663e-02
 8  2.635555e-02
 9  2.113922e-02
 10  1.686859e-02
 11  1.381440e-02
 12  1.112053e-02
 13  9.343100e-03
 14  7.779175e-03
 15  6.558986e-03
 16  5.646098e-03
 17  4.856926e-03
 18  4.194171e-03
 19  3.760551e-03
 20  3.468443e-03
 21  3.211786e-03
 22  3.027776e-03
 23  2.883024e-03
 24  2.766328e-03
 25  2.667901e-03
 26  2.559368e-03
 27  2.422937e-03
 28  2.273905e-03
 29  2.067074e-03
 30  1.853231e-03
 31  1.659357e-03
 32  1.463437e-03
 33  1.269591e-03
 34  1.065246e-03
 35  8.985018e-04
 Iteration CPU time: 8 s
 CFIE residual: 0.000898502

 Iseg, Irank, Idinc : 1, 14, 91
 Thata, Phi : 90.000000, 90.000000
 Maximun iteration: 300
 Number of recycle truncation: 30
 Final matrix dimension:  36708
 Residual error:0.001000
 0  5.987114e-01
 1  3.441190e-01
 2  2.177194e-01
 3  1.494734e-01
 4  1.075091e-01
 5  8.200885e-02
 6  6.401312e-02
 7  5.003436e-02
 8  4.074644e-02
 9  3.269070e-02
 10  2.694055e-02
 11  2.249126e-02
 12  1.892654e-02
 13  1.627414e-02
 14  1.419100e-02
 15  1.236316e-02
 16  1.088021e-02
 17  9.879189e-03
 18  9.079643e-03
 19  8.443937e-03
 20  7.948742e-03
 21  7.567920e-03
 22  7.243409e-03
 23  6.941469e-03
 24  6.682798e-03
 25  6.389244e-03
 26  6.025357e-03
 27  5.521170e-03
 28  4.895720e-03
 29  4.295395e-03
 30  3.675528e-03
 31  3.119855e-03
 32  2.606001e-03
 33  2.145429e-03
 34  1.748172e-03
 35  1.404367e-03
 36  1.133259e-03
 37  9.260194e-04
 Iteration CPU time: 8 s
 CFIE residual: 0.000926019

 Iseg, Irank, Idinc : 1, 15, 9
 Thata, Phi : 90.000000, 8.000000
 Maximun iteration: 300
 Number of recycle truncation: 30
 Final matrix dimension:  36708
 Residual error:0.001000
 0  5.455476e-01
 1  2.778011e-01
 2  1.771659e-01
 3  1.238100e-01
 4  9.030173e-02
 5  6.746003e-02
 6  5.127916e-02
 7  3.973908e-02
 8  3.113870e-02
 9  2.431159e-02
 10  1.940497e-02
 11  1.543774e-02
 12  1.247993e-02
 13  1.007603e-02
 14  8.266693e-03
 15  6.756920e-03
 16  5.772405e-03
 17  4.926209e-03
 18  4.210091e-03
 19  3.598174e-03
 20  3.123583e-03
 21  2.763826e-03
 22  2.402012e-03
 23  2.125218e-03
 24  1.903220e-03
 25  1.740066e-03
 26  1.565826e-03
 27  1.430803e-03
 28  1.335514e-03
 29  1.254913e-03
 30  1.200749e-03
 31  1.156749e-03
 32  1.111600e-03
 33  1.057353e-03
 34  9.982727e-04
 Iteration CPU time: 8 s
 CFIE residual: 0.000998273

 Iseg, Irank, Idinc : 1, 16, 100
 Thata, Phi : 90.000000, 99.000000
 Maximun iteration: 300
 Number of recycle truncation: 30
 Final matrix dimension:  36708
 Residual error:0.001000
 0  6.061770e-01
 1  3.422188e-01
 2  2.143279e-01
 3  1.456443e-01
 4  1.049850e-01
 5  7.946320e-02
 6  6.157075e-02
 7  4.892486e-02
 8  3.891541e-02
 9  3.216981e-02
 10  2.625041e-02
 11  2.199008e-02
 12  1.836733e-02
 13  1.562206e-02
 14  1.354564e-02
 15  1.166373e-02
 16  1.020577e-02
 17  9.188276e-03
 18  8.268913e-03
 19  7.536017e-03
 20  6.967091e-03
 21  6.556044e-03
 22  6.274730e-03
 23  6.051283e-03
 24  5.855272e-03
 25  5.580938e-03
 26  5.325323e-03
 27  4.929239e-03
 28  4.520828e-03
 29  4.015615e-03
 30  3.511747e-03
 31  2.993176e-03
 32  2.494895e-03
 33  2.024072e-03
 34  1.632769e-03
 35  1.322547e-03
 36  1.077570e-03
 37  8.587108e-04
 Iteration CPU time: 9 s
 CFIE residual: 0.000858711

 Iseg, Irank, Idinc : 1, 17, 115
 Thata, Phi : 90.000000, 114.000000
 Maximun iteration: 300
 Number of recycle truncation: 30
 Final matrix dimension:  36708
 Residual error:0.001000
 0  6.406482e-01
 1  3.481271e-01
 2  2.168252e-01
 3  1.506638e-01
 4  1.077273e-01
 5  7.896199e-02
 6  6.143655e-02
 7  4.828052e-02
 8  3.804203e-02
 9  3.063918e-02
 10  2.458845e-02
 11  1.976173e-02
 12  1.632215e-02
 13  1.370297e-02
 14  1.160176e-02
 15  9.930368e-03
 16  8.602656e-03
 17  7.633780e-03
 18  6.776279e-03
 19  6.146436e-03
 20  5.757129e-03
 21  5.437483e-03
 22  5.188110e-03
 23  5.004195e-03
 24  4.848349e-03
 25  4.717191e-03
 26  4.516259e-03
 27  4.258486e-03
 28  4.008397e-03
 29  3.666471e-03
 30  3.297871e-03
 31  2.885193e-03
 32  2.402057e-03
 33  1.963470e-03
 34  1.541573e-03
 35  1.268000e-03
 36  9.817560e-04
 Iteration CPU time: 8 s
 CFIE residual: 0.000981756

 Iseg, Irank, Idinc : 1, 18, 1
 Thata, Phi : 90.000000, 0.000000
 Maximun iteration: 300
 Number of recycle truncation: 30
 Final matrix dimension:  36708
 Residual error:0.001000
 0  5.205917e-01
 1  2.725140e-01
 2  1.768310e-01
 3  1.208060e-01
 4  8.759859e-02
 5  6.666598e-02
 6  5.095646e-02
 7  3.787099e-02
 8  2.900868e-02
 9  2.331097e-02
 10  1.908363e-02
 11  1.505333e-02
 12  1.150995e-02
 13  9.523572e-03
 14  7.758635e-03
 15  6.480944e-03
 16  5.379548e-03
 17  4.654620e-03
 18  3.954683e-03
 19  3.428721e-03
 20  2.920529e-03
 21  2.499362e-03
 22  2.147227e-03
 23  1.827965e-03
 24  1.579946e-03
 25  1.363058e-03
 26  1.177024e-03
 27  1.054229e-03
 28  9.595736e-04
 Iteration CPU time: 7 s
 CFIE residual: 0.000959574

 Iseg, Irank, Idinc : 1, 19, 167
 Thata, Phi : 90.000000, 166.000000
 Maximun iteration: 300
 Number of recycle truncation: 30
 Final matrix dimension:  36708
 Residual error:0.001000
 0  5.956654e-01
 1  2.998132e-01
 2  1.849221e-01
 3  1.306820e-01
 4  1.003391e-01
 5  8.054291e-02
 6  6.472041e-02
 7  5.450318e-02
 8  4.580250e-02
 9  3.895881e-02
 10  3.269094e-02
 11  2.829766e-02
 12  2.480433e-02
 13  2.117673e-02
 14  1.780470e-02
 15  1.525581e-02
 16  1.325118e-02
 17  1.111677e-02
 18  9.371637e-03
 19  7.803794e-03
 20  6.646440e-03
 21  5.638457e-03
 22  4.902555e-03
 23  4.321982e-03
 24  3.800437e-03
 25  3.405823e-03
 26  3.117210e-03
 27  2.876650e-03
 28  2.712108e-03
 29  2.580444e-03
 30  2.458794e-03
 31  2.328627e-03
 32  2.209756e-03
 33  2.089016e-03
 34  1.920069e-03
 35  1.725944e-03
 36  1.498762e-03
 37  1.250862e-03
 38  1.011890e-03
 39  8.337268e-04
 Iteration CPU time: 9 s
 CFIE residual: 0.000833727

 Iseg, Irank, Idinc : 1, 20, 181
 Thata, Phi : 90.000000, 180.000000
 Maximun iteration: 300
 Number of recycle truncation: 30
 Final matrix dimension:  36708
 Residual error:0.001000
 0  5.886779e-01
 1  2.960218e-01
 2  1.832412e-01
 3  1.295064e-01
 4  9.908921e-02
 5  7.925196e-02
 6  6.456690e-02
 7  5.385644e-02
 8  4.501219e-02
 9  3.712152e-02
 10  3.045093e-02
 11  2.482361e-02
 12  2.007591e-02
 13  1.629843e-02
 14  1.332572e-02
 15  1.090962e-02
 16  8.955763e-03
 17  7.353878e-03
 18  6.231639e-03
 19  5.277507e-03
 20  4.447972e-03
 21  3.810632e-03
 22  3.225573e-03
 23  2.767450e-03
 24  2.431996e-03
 25  2.215299e-03
 26  2.028553e-03
 27  1.858741e-03
 28  1.726533e-03
 29  1.613846e-03
 30  1.513104e-03
 31  1.435811e-03
 32  1.364690e-03
 33  1.261372e-03
 34  1.129918e-03
 35  9.702373e-04
 Iteration CPU time: 8 s
 CFIE residual: 0.000970237

 Iseg, Irank, Idinc : 1, 21, 16
 Thata, Phi : 90.000000, 15.000000
 Maximun iteration: 300
 Number of recycle truncation: 30
 Final matrix dimension:  36708
 Residual error:0.001000
 0  5.927542e-01
 1  2.864617e-01
 2  1.759653e-01
 3  1.207433e-01
 4  8.641905e-02
 5  6.419682e-02
 6  4.890736e-02
 7  3.840636e-02
 8  3.028047e-02
 9  2.426917e-02
 10  1.942503e-02
 11  1.527610e-02
 12  1.217211e-02
 13  1.001852e-02
 14  8.447025e-03
 15  6.861295e-03
 16  5.851468e-03
 17  5.015831e-03
 18  4.281821e-03
 19  3.673876e-03
 20  3.220230e-03
 21  2.847286e-03
 22  2.495714e-03
 23  2.241076e-03
 24  2.052550e-03
 25  1.911720e-03
 26  1.779241e-03
 27  1.663790e-03
 28  1.589343e-03
 29  1.518398e-03
 30  1.459848e-03
 31  1.408097e-03
 32  1.341187e-03
 33  1.250318e-03
 34  1.145085e-03
 35  1.018170e-03
 36  8.928084e-04
 Iteration CPU time: 8 s
 CFIE residual: 0.000892808

 Iseg, Irank, Idinc : 1, 22, 153
 Thata, Phi : 90.000000, 152.000000
 Maximun iteration: 300
 Number of recycle truncation: 30
 Final matrix dimension:  36708
 Residual error:0.001000
 0  6.362145e-01
 1  3.296541e-01
 2  2.025222e-01
 3  1.346570e-01
 4  9.816104e-02
 5  7.699563e-02
 6  6.016591e-02
 7  4.907553e-02
 8  4.046342e-02
 9  3.444151e-02
 10  2.947486e-02
 11  2.595805e-02
 12  2.264675e-02
 13  1.919909e-02
 14  1.602225e-02
 15  1.385211e-02
 16  1.212209e-02
 17  1.017120e-02
 18  8.776826e-03
 19  7.553941e-03
 20  6.613310e-03
 21  5.789994e-03
 22  5.098494e-03
 23  4.564535e-03
 24  4.217933e-03
 25  3.935018e-03
 26  3.713863e-03
 27  3.511513e-03
 28  3.371752e-03
 29  3.232858e-03
 30  3.034508e-03
 31  2.824058e-03
 32  2.553230e-03
 33  2.279684e-03
 34  1.897567e-03
 35  1.559884e-03
 36  1.281141e-03
 37  1.004424e-03
 38  7.801981e-04
 Iteration CPU time: 9 s
 CFIE residual: 0.000780198

 Iseg, Irank, Idinc : 1, 23, 77
 Thata, Phi : 90.000000, 76.000000
 Maximun iteration: 300
 Number of recycle truncation: 30
 Final matrix dimension:  36708
 Residual error:0.001000
 0  6.158906e-01
 1  3.547298e-01
 2  2.288499e-01
 3  1.469374e-01
 4  1.041441e-01
 5  7.967272e-02
 6  6.213984e-02
 7  4.844949e-02
 8  3.910944e-02
 9  3.101090e-02
 10  2.548199e-02
 11  2.109087e-02
 12  1.745905e-02
 13  1.504174e-02
 14  1.323868e-02
 15  1.170460e-02
 16  1.070229e-02
 17  9.953259e-03
 18  9.367345e-03
 19  8.868867e-03
 20  8.540980e-03
 21  8.258294e-03
 22  7.959740e-03
 23  7.613822e-03
 24  7.153302e-03
 25  6.614346e-03
 26  6.084079e-03
 27  5.495230e-03
 28  4.882388e-03
 29  4.200704e-03
 30  3.510214e-03
 31  2.911900e-03
 32  2.354087e-03
 33  1.922060e-03
 34  1.559714e-03
 35  1.219382e-03
 36  9.790888e-04
 Iteration CPU time: 8 s
 CFIE residual: 0.000979089

 Iseg, Irank, Idinc : 1, 24, 130
 Thata, Phi : 90.000000, 129.000000
 Maximun iteration: 300
 Number of recycle truncation: 30
 Final matrix dimension:  36708
 Residual error:0.001000
 0  6.725779e-01
 1  3.479804e-01
 2  2.215959e-01
 3  1.520248e-01
 4  1.099472e-01
 5  8.122387e-02
 6  6.380756e-02
 7  5.058723e-02
 8  4.032543e-02
 9  3.335962e-02
 10  2.705530e-02
 11  2.166736e-02
 12  1.728047e-02
 13  1.402530e-02
 14  1.159270e-02
 15  1.000363e-02
 16  8.448809e-03
 17  7.362581e-03
 18  6.522116e-03
 19  5.910235e-03
 20  5.459360e-03
 21  5.136869e-03
 22  4.850014e-03
 23  4.626475e-03
 24  4.418803e-03
 25  4.257295e-03
 26  4.064565e-03
 27  3.866470e-03
 28  3.657183e-03
 29  3.390482e-03
 30  3.084238e-03
 31  2.736515e-03
 32  2.428749e-03
 33  2.088243e-03
 34  1.762208e-03
 35  1.477074e-03
 36  1.218973e-03
 37  9.725089e-04
 Iteration CPU time: 9 s
 CFIE residual: 0.000972509

 Iseg, Irank, Idinc : 1, 25, 48
 Thata, Phi : 90.000000, 47.000000
 Maximun iteration: 300
 Number of recycle truncation: 30
 Final matrix dimension:  36708
 Residual error:0.001000
 0  6.408381e-01
 1  3.322119e-01
 2  2.059250e-01
 3  1.342645e-01
 4  9.681908e-02
 5  7.382555e-02
 6  5.659348e-02
 7  4.312123e-02
 8  3.309672e-02
 9  2.576032e-02
 10  1.972646e-02
 11  1.561276e-02
 12  1.267938e-02
 13  1.050990e-02
 14  8.998151e-03
 15  7.907994e-03
 16  7.021829e-03
 17  6.340914e-03
 18  5.792145e-03
 19  5.408466e-03
 20  5.186984e-03
 21  5.007936e-03
 22  4.804925e-03
 23  4.603534e-03
 24  4.315407e-03
 25  4.005477e-03
 26  3.642862e-03
 27  3.245690e-03
 28  2.785210e-03
 29  2.369154e-03
 30  2.020330e-03
 31  1.707064e-03
 32  1.377043e-03
 33  1.127810e-03
 34  9.468371e-04
 Iteration CPU time: 8 s
 CFIE residual: 0.000946837

 Iseg, Irank, Idinc : 1, 26, 5
 Thata, Phi : 90.000000, 4.000000
 Maximun iteration: 300
 Number of recycle truncation: 30
 Final matrix dimension:  36708
 Residual error:0.001000
 0  5.272728e-01
 1  2.741065e-01
 2  1.769761e-01
 3  1.222082e-01
 4  8.899266e-02
 5  6.705335e-02
 6  5.102260e-02
 7  3.840492e-02
 8  3.011078e-02
 9  2.379545e-02
 10  1.911489e-02
 11  1.519547e-02
 12  1.209004e-02
 13  1.008986e-02
 14  8.256838e-03
 15  6.733899e-03
 16  5.761212e-03
 17  4.920944e-03
 18  4.146147e-03
 19  3.570200e-03
 20  3.092022e-03
 21  2.699285e-03
 22  2.347491e-03
 23  2.022402e-03
 24  1.786977e-03
 25  1.592712e-03
 26  1.400714e-03
 27  1.240529e-03
 28  1.132882e-03
 29  1.055138e-03
 30  1.000027e-03
 31  9.585215e-04
 Iteration CPU time: 7 s
 CFIE residual: 0.000958522

 Iseg, Irank, Idinc : 1, 27, 172
 Thata, Phi : 90.000000, 171.000000
 Maximun iteration: 300
 Number of recycle truncation: 30
 Final matrix dimension:  36708
 Residual error:0.001000
 0  5.898639e-01
 1  2.968917e-01
 2  1.848089e-01
 3  1.317364e-01
 4  1.019803e-01
 5  8.184592e-02
 6  6.633500e-02
 7  5.575197e-02
 8  4.646543e-02
 9  3.904740e-02
 10  3.342397e-02
 11  2.841203e-02
 12  2.394499e-02
 13  2.013424e-02
 14  1.722563e-02
 15  1.432729e-02
 16  1.221582e-02
 17  1.031435e-02
 18  8.680237e-03
 19  7.237694e-03
 20  6.200639e-03
 21  5.255840e-03
 22  4.543387e-03
 23  4.002754e-03
 24  3.535132e-03
 25  3.161468e-03
 26  2.861855e-03
 27  2.633354e-03
 28  2.460050e-03
 29  2.317908e-03
 30  2.199327e-03
 31  2.097161e-03
 32  2.008749e-03
 33  1.913220e-03
 34  1.797615e-03
 35  1.659436e-03
 36  1.487586e-03
 37  1.290281e-03
 38  1.074912e-03
 39  8.750535e-04
 Iteration CPU time: 9 s
 CFIE residual: 0.000875054

 Iseg, Irank, Idinc : 1, 28, 96
 Thata, Phi : 90.000000, 95.000000
 Maximun iteration: 300
 Number of recycle truncation: 30
 Final matrix dimension:  36708
 Residual error:0.001000
 0  6.005973e-01
 1  3.419799e-01
 2  2.155693e-01
 3  1.452239e-01
 4  1.040461e-01
 5  7.966586e-02
 6  6.315175e-02
 7  4.963076e-02
 8  3.958836e-02
 9  3.191994e-02
 10  2.639136e-02
 11  2.182941e-02
 12  1.840916e-02
 13  1.594406e-02
 14  1.386623e-02
 15  1.198032e-02
 16  1.046744e-02
 17  9.427142e-03
 18  8.615574e-03
 19  7.902075e-03
 20  7.373748e-03
 21  6.989082e-03
 22  6.705111e-03
 23  6.465227e-03
 24  6.231599e-03
 25  5.970262e-03
 26  5.631760e-03
 27  5.232308e-03
 28  4.649942e-03
 29  4.119460e-03
 30  3.575114e-03
 31  3.029472e-03
 32  2.535011e-03
 33  2.077834e-03
 34  1.677842e-03
 35  1.327395e-03
 36  1.088071e-03
 37  8.884547e-04
 Iteration CPU time: 8 s
 CFIE residual: 0.000888455

 Iseg, Irank, Idinc : 1, 29, 27
 Thata, Phi : 90.000000, 26.000000
 Maximun iteration: 300
 Number of recycle truncation: 30
 Final matrix dimension:  36708
 Residual error:0.001000
 0  6.426072e-01
 1  3.020598e-01
 2  1.767837e-01
 3  1.131030e-01
 4  7.843458e-02
 5  5.754492e-02
 6  4.276561e-02
 7  3.313873e-02
 8  2.652816e-02
 9  2.165692e-02
 10  1.782236e-02
 11  1.445234e-02
 12  1.143321e-02
 13  9.543806e-03
 14  8.090383e-03
 15  6.905995e-03
 16  5.922427e-03
 17  4.993943e-03
 18  4.251349e-03
 19  3.778899e-03
 20  3.401944e-03
 21  3.088386e-03
 22  2.828992e-03
 23  2.645249e-03
 24  2.503033e-03
 25  2.401505e-03
 26  2.312722e-03
 27  2.204441e-03
 28  2.123675e-03
 29  2.009139e-03
 30  1.888408e-03
 31  1.753757e-03
 32  1.593168e-03
 33  1.413666e-03
 34  1.202028e-03
 35  1.020381e-03
 36  8.647228e-04
 Iteration CPU time: 9 s
 CFIE residual: 0.000864723

 Iseg, Irank, Idinc : 1, 30, 142
 Thata, Phi : 90.000000, 141.000000
 Maximun iteration: 300
 Number of recycle truncation: 30
 Final matrix dimension:  36708
 Residual error:0.001000
 0  6.857505e-01
 1  3.491746e-01
 2  2.110486e-01
 3  1.436202e-01
 4  1.037700e-01
 5  7.762615e-02
 6  5.996691e-02
 7  4.708660e-02
 8  3.866839e-02
 9  3.290569e-02
 10  2.796000e-02
 11  2.400227e-02
 12  2.061726e-02
 13  1.761603e-02
 14  1.479445e-02
 15  1.266522e-02
 16  1.092826e-02
 17  9.392676e-03
 18  8.068892e-03
 19  7.165074e-03
 20  6.440581e-03
 21  5.878584e-03
 22  5.477952e-03
 23  5.175320e-03
 24  4.951689e-03
 25  4.767274e-03
 26  4.584632e-03
 27  4.362895e-03
 28  4.158104e-03
 29  3.914443e-03
 30  3.617563e-03
 31  3.211914e-03
 32  2.805982e-03
 33  2.341287e-03
 34  1.966998e-03
 35  1.612822e-03
 36  1.298343e-03
 37  1.031563e-03
 38  8.002967e-04
 Iteration CPU time: 9 s
 CFIE residual: 0.000800297

 Iseg, Irank, Idinc : 1, 31, 58
 Thata, Phi : 90.000000, 57.000000
 Maximun iteration: 300
 Number of recycle truncation: 30
 Final matrix dimension:  36708
 Residual error:0.001000
 0  6.589004e-01
 1  3.482973e-01
 2  2.124207e-01
 3  1.335484e-01
 4  9.650223e-02
 5  7.286114e-02
 6  5.606262e-02
 7  4.421726e-02
 8  3.415862e-02
 9  2.740933e-02
 10  2.176107e-02
 11  1.726520e-02
 12  1.398071e-02
 13  1.145833e-02
 14  9.959173e-03
 15  8.946741e-03
 16  8.192578e-03
 17  7.579287e-03
 18  7.118113e-03
 19  6.710147e-03
 20  6.462456e-03
 21  6.271626e-03
 22  6.018672e-03
 23  5.694924e-03
 24  5.197784e-03
 25  4.636021e-03
 26  4.143419e-03
 27  3.604470e-03
 28  3.033216e-03
 29  2.505401e-03
 30  2.086364e-03
 31  1.700439e-03
 32  1.370921e-03
 33  1.093318e-03
 34  8.856365e-04
 Iteration CPU time: 7 s
 CFIE residual: 0.000885636

 Iseg, Irank, Idinc : 1, 32, 179
 Thata, Phi : 90.000000, 178.000000
 Maximun iteration: 300
 Number of recycle truncation: 30
 Final matrix dimension:  36708
 Residual error:0.001000
 0  5.887178e-01
 1  2.960838e-01
 2  1.833756e-01
 3  1.297280e-01
 4  9.947819e-02
 5  7.962963e-02
 6  6.486651e-02
 7  5.414446e-02
 8  4.520853e-02
 9  3.743385e-02
 10  3.086848e-02
 11  2.538241e-02
 12  2.091241e-02
 13  1.691476e-02
 14  1.423047e-02
 15  1.168329e-02
 16  9.692357e-03
 17  8.029788e-03
 18  6.796440e-03
 19  5.661349e-03
 20  4.841060e-03
 21  4.162229e-03
 22  3.544081e-03
 23  3.053275e-03
 24  2.722533e-03
 25  2.440407e-03
 26  2.208972e-03
 27  2.024439e-03
 28  1.883449e-03
 29  1.756087e-03
 30  1.655521e-03
 31  1.588963e-03
 32  1.527941e-03
 33  1.454359e-03
 34  1.371373e-03
 35  1.260091e-03
 36  1.130179e-03
 37  9.993801e-04
 Iteration CPU time: 9 s
 CFIE residual: 0.00099938

 Iseg, Irank, Idinc : 1, 33, 119
 Thata, Phi : 90.000000, 118.000000
 Maximun iteration: 300
 Number of recycle truncation: 30
 Final matrix dimension:  36708
 Residual error:0.001000
 0  6.462367e-01
 1  3.448362e-01
 2  2.163389e-01
 3  1.516112e-01
 4  1.088988e-01
 5  8.092476e-02
 6  6.343190e-02
 7  4.963188e-02
 8  3.930231e-02
 9  3.195381e-02
 10  2.591411e-02
 11  2.074838e-02
 12  1.684699e-02
 13  1.378356e-02
 14  1.164135e-02
 15  9.869422e-03
 16  8.589476e-03
 17  7.720717e-03
 18  6.769891e-03
 19  6.075277e-03
 20  5.678171e-03
 21  5.317555e-03
 22  5.104520e-03
 23  4.914604e-03
 24  4.750480e-03
 25  4.581342e-03
 26  4.387594e-03
 27  4.146221e-03
 28  3.939647e-03
 29  3.695691e-03
 30  3.415699e-03
 31  3.018608e-03
 32  2.622727e-03
 33  2.155660e-03
 34  1.786851e-03
 35  1.455681e-03
 36  1.163930e-03
 37  9.326173e-04
 Iteration CPU time: 8 s
 CFIE residual: 0.000932617

 Iseg, Irank, Idinc : 1, 34, 3
 Thata, Phi : 90.000000, 2.000000
 Maximun iteration: 300
 Number of recycle truncation: 30
 Final matrix dimension:  36708
 Residual error:0.001000
 0  5.223065e-01
 1  2.729446e-01
 2  1.768801e-01
 3  1.212355e-01
 4  8.806213e-02
 5  6.680922e-02
 6  5.097810e-02
 7  3.798738e-02
 8  2.933441e-02
 9  2.346635e-02
 10  1.907443e-02
 11  1.509350e-02
 12  1.172163e-02
 13  9.772689e-03
 14  8.096941e-03
 15  6.657380e-03
 16  5.635933e-03
 17  4.838056e-03
 18  4.067806e-03
 19  3.520147e-03
 20  3.032864e-03
 21  2.631410e-03
 22  2.287568e-03
 23  1.960379e-03
 24  1.718180e-03
 25  1.508515e-03
 26  1.310239e-03
 27  1.155031e-03
 28  1.037093e-03
 29  9.577967e-04
 Iteration CPU time: 6 s
 CFIE residual: 0.000957797

 Iseg, Irank, Idinc : 1, 35, 37
 Thata, Phi : 90.000000, 36.000000
 Maximun iteration: 300
 Number of recycle truncation: 30
 Final matrix dimension:  36708
 Residual error:0.001000
 0  6.228470e-01
 1  3.124860e-01
 2  1.914836e-01
 3  1.212940e-01
 4  8.389088e-02
 5  6.114536e-02
 6  4.608804e-02
 7  3.513183e-02
 8  2.720521e-02
 9  2.145717e-02
 10  1.663342e-02
 11  1.351806e-02
 12  1.099898e-02
 13  9.199212e-03
 14  7.695871e-03
 15  6.559567e-03
 16  5.668860e-03
 17  4.955133e-03
 18  4.370633e-03
 19  3.942052e-03
 20  3.686528e-03
 21  3.467250e-03
 22  3.327299e-03
 23  3.211635e-03
 24  3.099782e-03
 25  2.973221e-03
 26  2.841946e-03
 27  2.660590e-03
 28  2.434032e-03
 29  2.175904e-03
 30  1.938839e-03
 31  1.689699e-03
 32  1.463351e-03
 33  1.243756e-03
 34  1.049418e-03
 35  8.634940e-04
 Iteration CPU time: 8 s
 CFIE residual: 0.000863494

 Iseg, Irank, Idinc : 1, 36, 163
 Thata, Phi : 90.000000, 162.000000
 Maximun iteration: 300
 Number of recycle truncation: 30
 Final matrix dimension:  36708
 Residual error:0.001000
 0  6.069422e-01
 1  3.060625e-01
 2  1.866585e-01
 3  1.292455e-01
 4  9.756086e-02
 5  7.837912e-02
 6  6.307666e-02
 7  5.205682e-02
 8  4.379616e-02
 9  3.819199e-02
 10  3.298466e-02
 11  2.840248e-02
 12  2.454149e-02
 13  2.130864e-02
 14  1.808065e-02
 15  1.551697e-02
 16  1.327123e-02
 17  1.108960e-02
 18  9.477701e-03
 19  8.000261e-03
 20  6.798973e-03
 21  5.782204e-03
 22  5.037628e-03
 23  4.436226e-03
 24  3.946219e-03
 25  3.580616e-03
 26  3.318242e-03
 27  3.099033e-03
 28  2.960768e-03
 29  2.829256e-03
 30  2.693441e-03
 31  2.554219e-03
 32  2.387960e-03
 33  2.210887e-03
 34  1.994625e-03
 35  1.730634e-03
 36  1.447150e-03
 37  1.163461e-03
 38  9.194453e-04
 Iteration CPU time: 8 s
 CFIE residual: 0.000919445

 Iseg, Irank, Idinc : 1, 37, 68
 Thata, Phi : 90.000000, 67.000000
 Maximun iteration: 300
 Number of recycle truncation: 30
 Final matrix dimension:  36708
 Residual error:0.001000
 0  6.467686e-01
 1  3.671980e-01
 2  2.343462e-01
 3  1.498248e-01
 4  1.064547e-01
 5  8.304055e-02
 6  6.304659e-02
 7  5.007140e-02
 8  3.973380e-02
 9  3.238134e-02
 10  2.527262e-02
 11  2.072911e-02
 12  1.685979e-02
 13  1.412300e-02
 14  1.240941e-02
 15  1.109690e-02
 16  1.019114e-02
 17  9.451787e-03
 18  8.929785e-03
 19  8.514582e-03
 20  8.230919e-03
 21  8.005489e-03
 22  7.662806e-03
 23  7.234129e-03
 24  6.611357e-03
 25  5.957092e-03
 26  5.314553e-03
 27  4.679602e-03
 28  4.032824e-03
 29  3.337086e-03
 30  2.704826e-03
 31  2.182301e-03
 32  1.812083e-03
 33  1.441216e-03
 34  1.172909e-03
 35  9.583911e-04
 Iteration CPU time: 8 s
 CFIE residual: 0.000958391

 Iseg, Irank, Idinc : 1, 38, 12
 Thata, Phi : 90.000000, 11.000000
 Maximun iteration: 300
 Number of recycle truncation: 30
 Final matrix dimension:  36708
 Residual error:0.001000
 0  5.644254e-01
 1  2.811749e-01
 2  1.769724e-01
 3  1.234466e-01
 4  8.983227e-02
 5  6.700117e-02
 6  5.077958e-02
 7  3.968174e-02
 8  3.106230e-02
 9  2.444165e-02
 10  1.941381e-02
 11  1.524873e-02
 12  1.221093e-02
 13  9.987592e-03
 14  8.271471e-03
 15  6.672540e-03
 16  5.731158e-03
 17  4.886732e-03
 18  4.210111e-03
 19  3.612855e-03
 20  3.162596e-03
 21  2.797001e-03
 22  2.445106e-03
 23  2.180034e-03
 24  1.968796e-03
 25  1.819393e-03
 26  1.665849e-03
 27  1.541257e-03
 28  1.454036e-03
 29  1.378386e-03
 30  1.319077e-03
 31  1.273976e-03
 32  1.221856e-03
 33  1.155776e-03
 34  1.080008e-03
 35  9.857681e-04
 Iteration CPU time: 9 s
 CFIE residual: 0.000985768

 Iseg, Irank, Idinc : 1, 39, 104
 Thata, Phi : 90.000000, 103.000000
 Maximun iteration: 300
 Number of recycle truncation: 30
 Final matrix dimension:  36708
 Residual error:0.001000
 0  6.099836e-01
 1  3.456630e-01
 2  2.141795e-01
 3  1.472402e-01
 4  1.055369e-01
 5  7.935170e-02
 6  6.079317e-02
 7  4.818009e-02
 8  3.865305e-02
 9  3.171230e-02
 10  2.589193e-02
 11  2.169861e-02
 12  1.775915e-02
 13  1.497434e-02
 14  1.285492e-02
 15  1.104751e-02
 16  9.751430e-03
 17  8.754081e-03
 18  7.838745e-03
 19  7.080776e-03
 20  6.499443e-03
 21  6.072436e-03
 22  5.837004e-03
 23  5.637880e-03
 24  5.473886e-03
 25  5.243350e-03
 26  5.009333e-03
 27  4.647877e-03
 28  4.246113e-03
 29  3.783253e-03
 30  3.277875e-03
 31  2.773208e-03
 32  2.319841e-03
 33  1.889727e-03
 34  1.539961e-03
 35  1.247275e-03
 36  1.012245e-03
 37  8.218490e-04
 Iteration CPU time: 8 s
 CFIE residual: 0.000821849

 Iseg, Irank, Idinc : 1, 40, 180
 Thata, Phi : 90.000000, 179.000000
 Maximun iteration: 300
 Number of recycle truncation: 30
 Final matrix dimension:  36708
 Residual error:0.001000
 0  5.886935e-01
 1  2.960390e-01
 2  1.832760e-01
 3  1.295641e-01
 4  9.919783e-02
 5  7.935807e-02
 6  6.465631e-02
 7  5.394223e-02
 8  4.506912e-02
 9  3.721350e-02
 10  3.056636e-02
 11  2.498549e-02
 12  2.037624e-02
 13  1.651101e-02
 14  1.375514e-02
 15  1.132704e-02
 16  9.389127e-03
 17  7.725314e-03
 18  6.514602e-03
 19  5.446508e-03
 20  4.621369e-03
 21  3.959716e-03
 22  3.373832e-03
 23  2.905940e-03
 24  2.584291e-03
 25  2.323581e-03
 26  2.109959e-03
 27  1.935576e-03
 28  1.804054e-03
 29  1.675443e-03
 30  1.571500e-03
 31  1.500125e-03
 32  1.433818e-03
 33  1.349934e-03
 34  1.255729e-03
 35  1.119226e-03
 36  9.751170e-04
 Iteration CPU time: 9 s
 CFIE residual: 0.000975117
 Last Built End in Sep 22 2025 09:01:48
 Total CPU time: 349 s
 Finished.
