 Last Built Begin in Sep 22 2025 09:01:48
 Pre-Type( Input ):           10
 Skl-Tol ( Input ):    1.0000000000000001E-005
 Wavelength in freespace: 0.031469

 ################################################
 ##         Generating Required Mesh          ##
 ##         Waiting.....                      ##
 ################################################
 Subd No.      Subd Name
    1    Open-Duct_PRIME_model_meshAA1                                     
 isub,  nnode, npatch,  nedge:
    1      6118     12236     18354
 Scale Factor         >>   1.54999997E-02
 ################################################

 START TIME: 20250922   094927.877


 Informaton for IE geometry:
 number of subdomains     : 1
 maxnode,maxpatch,maxedge : 6118  12236  18354
 
 Index of Mat-Reg: 1
 Mat-Reg Number via MatFlg: 1
 Edge Number of Mat-Reg: 1, 18354

 Number of Edge on PEC: 18354
 Mat-Reg: No Dim(m) Lmax:
    1 0.228    5
 Totlmax, add1, add2:           5           6           7
 rlengmax of Global MLFMA >>   0.22784597299282788     
 Lmax of Global MLFMA >>            5
 Wavenum of Mat-Reg:
    1 1.000

 total area in sq m           =      0.0510
 total area in sq lambda      =     51.4694
 maxnode, maxpatch, maxedge           =     6118    12236    18354
 longest  edge in lambda              =      0.1483
 shortest edge in lambda              =      0.0070
 average  edge in lambda              =      0.0990
 largest  patch area in sq lambda     =      0.0075
 smallest patch area in sq lambda     =      0.0000
 ave    surface area in sq lambda     =      0.0042
 size range of the object in sq lambda =      7.2911

 #### MLFMA Info For Each Region ####
 Mat-Region =            1
 Array dimension parameters:
 maxrule=          14   maxgrid  =          64
 lmax   =           5   ncmax    =        1250
 lsmax  =          26   lsmin    =           6
 kpm    =        1356   kp0      =          76
 ntlm   =      204640   nsm      =      205900
 nkpm   =        2152   niplm    =      137728
 ngnearm=       14257   ngsndm   =       64634
 nearm  =         333   mfinestm =         119
 ###############################

 CFIE Alpha:  0.50000000000000000     

 Fill MLFMA FI for Mat-Reg:           1
 Begin filltl.f
 fill translation matrix
 Level:            2
 fill shifting matrix
 Level:            3
 fill shifting matrix
 Level:            4
 fill shifting matrix
 Level:            5
 fill shifting matrix
 translator time(s):  0.131000012    
 fill interpolation matrix
 ThetaOrder            8
 PhiOrder            8
 lsl            6
 Filling TL                  Delta_CPU=          0.54 Memory(MB)=        586.87
 Filling sndgrp              Delta_CPU=          0.00 Memory(MB)=        586.87
 Filling VFS                 Delta_CPU=          2.40 Memory(MB)=        586.87

 Fill MLFMA NI for Mat-Reg:           1
 Begin fill sparser part of Nearfield
 Begin fill denser part of Nearfield
 End fill
 Filling Amn                 Delta_CPU=         90.47 Memory(MB)=        586.87


 Now testing preconditioner with
 ipretype =           10
 method = cfie_solve_nfrasspspre_pardiso

  
 NBP>>Begin fill sparser part of Nearfield

117.1696% NBP>>Begin fill denser part of Nearfield

200.1041%
 Begin MLFMA Box-Matrix Based Spar-RAS Prec Constructor
 --- Intel MKL PARDISO --- 
 Memory for iGroup: 1 1.47699e+09 MB
 Total Memory For SparRAS Pre: 1.47699e+09 MB
 --- PARDISO PRECONDITIONER INITIALIZED --- 
 Constructing preconditioner CPU time: 4 s
 
 1101240
 Memory for Iteration:: 16.8036 MB

 Iseg, Ninc_S : 1, 181, 0

 Iseg, Skeleton Angles: 1, 38
 Iseg, Skel-Pk Mem(MB): 1, 314.35

 Iseg, Irank, Idinc : 1, 1, 22
 Thata, Phi : 90.000000, 21.000000
 Maximun iteration: 300
 Number of recycle truncation: 30
 Final matrix dimension:  36708
 Residual error:0.001000
 0  6.037111e-01
 1  2.896532e-01
 2  1.656825e-01
 3  1.140157e-01
 4  8.149861e-02
 5  6.003985e-02
 6  4.597289e-02
 7  3.650716e-02
 8  2.871027e-02
 9  2.247448e-02
 10  1.764007e-02
 11  1.372840e-02
 12  1.138851e-02
 13  9.314970e-03
 14  7.834692e-03
 15  6.650004e-03
 16  5.614757e-03
 17  4.760678e-03
 18  4.114127e-03
 19  3.517154e-03
 20  3.024364e-03
 21  2.635408e-03
 22  2.329601e-03
 23  2.099058e-03
 24  1.833766e-03
 25  1.559121e-03
 26  1.328058e-03
 27  1.108919e-03
 28  9.170926e-04
 Iteration CPU time: 7 s
 CFIE residual: 0.000917093

 Iseg, Irank, Idinc : 1, 2, 42
 Thata, Phi : 90.000000, 41.000000
 Maximun iteration: 300
 Number of recycle truncation: 30
 Final matrix dimension:  36708
 Residual error:0.001000
 0  6.207585e-01
 1  3.153449e-01
 2  2.008078e-01
 3  1.322211e-01
 4  9.098808e-02
 5  6.634095e-02
 6  4.909990e-02
 7  3.711298e-02
 8  2.863553e-02
 9  2.224306e-02
 10  1.775683e-02
 11  1.443238e-02
 12  1.156600e-02
 13  9.987869e-03
 14  8.439021e-03
 15  7.296576e-03
 16  6.514089e-03
 17  5.744530e-03
 18  4.980658e-03
 19  4.369062e-03
 20  3.716588e-03
 21  3.119181e-03
 22  2.581229e-03
 23  2.099495e-03
 24  1.705228e-03
 25  1.338597e-03
 26  1.059397e-03
 27  8.287866e-04
 Iteration CPU time: 6 s
 CFIE residual: 0.000828787

 Iseg, Irank, Idinc : 1, 3, 63
 Thata, Phi : 90.000000, 62.000000
 Maximun iteration: 300
 Number of recycle truncation: 30
 Final matrix dimension:  36708
 Residual error:0.001000
 0  6.651756e-01
 1  3.544615e-01
 2  2.214171e-01
 3  1.433950e-01
 4  1.048847e-01
 5  7.933343e-02
 6  6.078413e-02
 7  4.887418e-02
 8  3.925117e-02
 9  3.066196e-02
 10  2.449451e-02
 11  1.950857e-02
 12  1.614863e-02
 13  1.384198e-02
 14  1.184435e-02
 15  1.035179e-02
 16  9.164049e-03
 17  7.989940e-03
 18  7.061784e-03
 19  6.025985e-03
 20  5.149102e-03
 21  4.330231e-03
 22  3.513240e-03
 23  2.819473e-03
 24  2.244531e-03
 25  1.712550e-03
 26  1.331141e-03
 27  1.006147e-03
 28  7.684448e-04
 Iteration CPU time: 7 s
 CFIE residual: 0.000768445

 Iseg, Irank, Idinc : 1, 4, 108
 Thata, Phi : 90.000000, 107.000000
 Maximun iteration: 300
 Number of recycle truncation: 30
 Final matrix dimension:  36708
 Residual error:0.001000
 0  6.308958e-01
 1  3.591262e-01
 2  2.275879e-01
 3  1.548566e-01
 4  1.094546e-01
 5  8.228539e-02
 6  6.374232e-02
 7  4.979928e-02
 8  3.894068e-02
 9  3.051870e-02
 10  2.431440e-02
 11  1.932048e-02
 12  1.584639e-02
 13  1.285573e-02
 14  1.085116e-02
 15  9.106045e-03
 16  7.743417e-03
 17  6.681877e-03
 18  5.902793e-03
 19  5.133800e-03
 20  4.493772e-03
 21  3.988321e-03
 22  3.452314e-03
 23  2.993745e-03
 24  2.589006e-03
 25  2.163964e-03
 26  1.748045e-03
 27  1.402436e-03
 28  1.141972e-03
 29  8.907432e-04
 Iteration CPU time: 6 s
 CFIE residual: 0.000890743

 Iseg, Irank, Idinc : 1, 5, 75
 Thata, Phi : 90.000000, 74.000000
 Maximun iteration: 300
 Number of recycle truncation: 30
 Final matrix dimension:  36708
 Residual error:0.001000
 0  6.443375e-01
 1  3.691836e-01
 2  2.392270e-01
 3  1.517974e-01
 4  1.068855e-01
 5  8.283478e-02
 6  6.433439e-02
 7  5.338038e-02
 8  4.266347e-02
 9  3.434640e-02
 10  2.794203e-02
 11  2.252864e-02
 12  1.858009e-02
 13  1.598407e-02
 14  1.377876e-02
 15  1.204629e-02
 16  1.088492e-02
 17  9.538391e-03
 18  8.389343e-03
 19  7.327796e-03
 20  6.396832e-03
 21  5.488129e-03
 22  4.631113e-03
 23  3.782107e-03
 24  3.038483e-03
 25  2.429788e-03
 26  1.906430e-03
 27  1.556016e-03
 28  1.232979e-03
 29  9.795334e-04
 Iteration CPU time: 7 s
 CFIE residual: 0.000979533

 Iseg, Irank, Idinc : 1, 6, 146
 Thata, Phi : 90.000000, 145.000000
 Maximun iteration: 300
 Number of recycle truncation: 30
 Final matrix dimension:  36708
 Residual error:0.001000
 0  6.440500e-01
 1  3.431676e-01
 2  2.077991e-01
 3  1.465992e-01
 4  1.061462e-01
 5  8.291140e-02
 6  6.410018e-02
 7  5.204882e-02
 8  4.320233e-02
 9  3.592153e-02
 10  2.984217e-02
 11  2.438210e-02
 12  2.014373e-02
 13  1.611659e-02
 14  1.267347e-02
 15  1.011793e-02
 16  8.173898e-03
 17  6.783612e-03
 18  5.685544e-03
 19  4.725124e-03
 20  3.974330e-03
 21  3.440146e-03
 22  3.012466e-03
 23  2.645328e-03
 24  2.337541e-03
 25  2.053821e-03
 26  1.779268e-03
 27  1.524613e-03
 28  1.262030e-03
 29  1.042817e-03
 30  8.339799e-04
 Iteration CPU time: 7 s
 CFIE residual: 0.00083398

 Iseg, Irank, Idinc : 1, 7, 159
 Thata, Phi : 90.000000, 158.000000
 Maximun iteration: 300
 Number of recycle truncation: 30
 Final matrix dimension:  36708
 Residual error:0.001000
 0  6.003126e-01
 1  3.119950e-01
 2  1.878476e-01
 3  1.333246e-01
 4  1.014814e-01
 5  8.102189e-02
 6  6.467078e-02
 7  5.313625e-02
 8  4.508015e-02
 9  3.815259e-02
 10  3.248751e-02
 11  2.678752e-02
 12  2.175679e-02
 13  1.722853e-02
 14  1.407421e-02
 15  1.119997e-02
 16  8.748915e-03
 17  7.111603e-03
 18  5.760323e-03
 19  4.794373e-03
 20  3.969667e-03
 21  3.310889e-03
 22  2.861282e-03
 23  2.470014e-03
 24  2.165292e-03
 25  1.916193e-03
 26  1.701269e-03
 27  1.481704e-03
 28  1.259702e-03
 29  1.066148e-03
 30  8.877011e-04
 Iteration CPU time: 7 s
 CFIE residual: 0.000887701

 Iseg, Irank, Idinc : 1, 8, 132
 Thata, Phi : 90.000000, 131.000000
 Maximun iteration: 300
 Number of recycle truncation: 30
 Final matrix dimension:  36708
 Residual error:0.001000
 0  6.835667e-01
 1  3.602182e-01
 2  2.321140e-01
 3  1.589384e-01
 4  1.139893e-01
 5  8.771271e-02
 6  6.682582e-02
 7  5.275328e-02
 8  4.191588e-02
 9  3.334469e-02
 10  2.672685e-02
 11  2.110614e-02
 12  1.714339e-02
 13  1.416317e-02
 14  1.164762e-02
 15  9.633232e-03
 16  7.978201e-03
 17  6.801309e-03
 18  5.866451e-03
 19  5.164553e-03
 20  4.520530e-03
 21  4.014391e-03
 22  3.533161e-03
 23  3.145932e-03
 24  2.714559e-03
 25  2.264733e-03
 26  1.907221e-03
 27  1.570552e-03
 28  1.319824e-03
 29  1.096989e-03
 30  8.828709e-04
 Iteration CPU time: 7 s
 CFIE residual: 0.000882871

 Iseg, Irank, Idinc : 1, 9, 122
 Thata, Phi : 90.000000, 121.000000
 Maximun iteration: 300
 Number of recycle truncation: 30
 Final matrix dimension:  36708
 Residual error:0.001000
 0  6.528186e-01
 1  3.469228e-01
 2  2.286155e-01
 3  1.580982e-01
 4  1.118862e-01
 5  8.536401e-02
 6  6.535340e-02
 7  5.124297e-02
 8  3.883317e-02
 9  3.063905e-02
 10  2.430344e-02
 11  1.914914e-02
 12  1.529371e-02
 13  1.294949e-02
 14  1.102976e-02
 15  9.416408e-03
 16  8.056622e-03
 17  6.924626e-03
 18  6.042209e-03
 19  5.233660e-03
 20  4.539770e-03
 21  3.963807e-03
 22  3.464324e-03
 23  2.983587e-03
 24  2.565140e-03
 25  2.147568e-03
 26  1.794936e-03
 27  1.494307e-03
 28  1.229018e-03
 29  9.783035e-04
 Iteration CPU time: 7 s
 CFIE residual: 0.000978303

 Iseg, Irank, Idinc : 1, 10, 89
 Thata, Phi : 90.000000, 88.000000
 Maximun iteration: 300
 Number of recycle truncation: 30
 Final matrix dimension:  36708
 Residual error:0.001000
 0  6.244693e-01
 1  3.583592e-01
 2  2.309937e-01
 3  1.569946e-01
 4  1.137082e-01
 5  8.947669e-02
 6  6.998397e-02
 7  5.576394e-02
 8  4.594115e-02
 9  3.642635e-02
 10  2.864291e-02
 11  2.283150e-02
 12  1.867034e-02
 13  1.541476e-02
 14  1.302769e-02
 15  1.128483e-02
 16  9.833347e-03
 17  8.733872e-03
 18  7.729812e-03
 19  6.788022e-03
 20  5.953822e-03
 21  5.115075e-03
 22  4.192018e-03
 23  3.459243e-03
 24  2.824587e-03
 25  2.291196e-03
 26  1.782694e-03
 27  1.397558e-03
 28  1.094151e-03
 29  8.571626e-04
 Iteration CPU time: 7 s
 CFIE residual: 0.000857163

 Iseg, Irank, Idinc : 1, 11, 32
 Thata, Phi : 90.000000, 31.000000
 Maximun iteration: 300
 Number of recycle truncation: 30
 Final matrix dimension:  36708
 Residual error:0.001000
 0  6.299588e-01
 1  3.053383e-01
 2  1.794271e-01
 3  1.139469e-01
 4  8.068435e-02
 5  6.022252e-02
 6  4.441867e-02
 7  3.436390e-02
 8  2.615693e-02
 9  2.028016e-02
 10  1.653894e-02
 11  1.327545e-02
 12  1.091426e-02
 13  9.218981e-03
 14  7.640659e-03
 15  6.490692e-03
 16  5.684737e-03
 17  4.929383e-03
 18  4.283554e-03
 19  3.774101e-03
 20  3.266452e-03
 21  2.820355e-03
 22  2.471084e-03
 23  2.146453e-03
 24  1.838876e-03
 25  1.515272e-03
 26  1.245507e-03
 27  9.966330e-04
 Iteration CPU time: 6 s
 CFIE residual: 0.000996633

 Iseg, Irank, Idinc : 1, 12, 53
 Thata, Phi : 90.000000, 52.000000
 Maximun iteration: 300
 Number of recycle truncation: 30
 Final matrix dimension:  36708
 Residual error:0.001000
 0  6.416829e-01
 1  3.324403e-01
 2  2.069312e-01
 3  1.357519e-01
 4  9.640404e-02
 5  7.200838e-02
 6  5.548757e-02
 7  4.286135e-02
 8  3.373052e-02
 9  2.604404e-02
 10  2.059598e-02
 11  1.698845e-02
 12  1.409191e-02
 13  1.221458e-02
 14  1.055862e-02
 15  9.162822e-03
 16  8.121531e-03
 17  7.161310e-03
 18  6.183640e-03
 19  5.200644e-03
 20  4.366128e-03
 21  3.651581e-03
 22  2.948032e-03
 23  2.354698e-03
 24  1.857412e-03
 25  1.429415e-03
 26  1.102374e-03
 27  8.922241e-04
 Iteration CPU time: 6 s
 CFIE residual: 0.000892224

 Iseg, Irank, Idinc : 1, 13, 11
 Thata, Phi : 90.000000, 10.000000
 Maximun iteration: 300
 Number of recycle truncation: 30
 Final matrix dimension:  36708
 Residual error:0.001000
 0  5.331690e-01
 1  2.745366e-01
 2  1.718208e-01
 3  1.229469e-01
 4  8.856360e-02
 5  6.722310e-02
 6  5.121952e-02
 7  4.005470e-02
 8  3.098139e-02
 9  2.402196e-02
 10  1.911793e-02
 11  1.512770e-02
 12  1.182390e-02
 13  9.603999e-03
 14  7.895071e-03
 15  6.600695e-03
 16  5.661430e-03
 17  4.775529e-03
 18  4.145731e-03
 19  3.630879e-03
 20  3.126479e-03
 21  2.695227e-03
 22  2.371370e-03
 23  2.123112e-03
 24  1.844327e-03
 25  1.585924e-03
 26  1.387117e-03
 27  1.205209e-03
 28  1.027300e-03
 29  8.478412e-04
 Iteration CPU time: 7 s
 CFIE residual: 0.000847841

 Iseg, Irank, Idinc : 1, 14, 178
 Thata, Phi : 90.000000, 177.000000
 Maximun iteration: 300
 Number of recycle truncation: 30
 Final matrix dimension:  36708
 Residual error:0.001000
 0  5.490721e-01
 1  3.002997e-01
 2  1.911304e-01
 3  1.378602e-01
 4  1.070930e-01
 5  8.384816e-02
 6  6.867798e-02
 7  5.598718e-02
 8  4.449500e-02
 9  3.618360e-02
 10  2.854563e-02
 11  2.244968e-02
 12  1.758971e-02
 13  1.380210e-02
 14  1.091216e-02
 15  8.532983e-03
 16  6.901957e-03
 17  5.641218e-03
 18  4.659690e-03
 19  3.832660e-03
 20  3.165373e-03
 21  2.719078e-03
 22  2.379888e-03
 23  2.084218e-03
 24  1.843134e-03
 25  1.599034e-03
 26  1.415512e-03
 27  1.259362e-03
 28  1.085716e-03
 29  9.242741e-04
 Iteration CPU time: 7 s
 CFIE residual: 0.000924274

 Iseg, Irank, Idinc : 1, 15, 97
 Thata, Phi : 90.000000, 96.000000
 Maximun iteration: 300
 Number of recycle truncation: 30
 Final matrix dimension:  36708
 Residual error:0.001000
 0  6.220435e-01
 1  3.572331e-01
 2  2.256136e-01
 3  1.509840e-01
 4  1.083342e-01
 5  8.268770e-02
 6  6.507240e-02
 7  5.238393e-02
 8  4.190893e-02
 9  3.330152e-02
 10  2.633608e-02
 11  2.087623e-02
 12  1.709669e-02
 13  1.419075e-02
 14  1.178690e-02
 15  1.026718e-02
 16  8.921902e-03
 17  7.860587e-03
 18  7.014431e-03
 19  6.205006e-03
 20  5.513181e-03
 21  4.881619e-03
 22  4.142863e-03
 23  3.491232e-03
 24  2.913940e-03
 25  2.380821e-03
 26  1.922181e-03
 27  1.520392e-03
 28  1.203239e-03
 29  9.145941e-04
 Iteration CPU time: 6 s
 CFIE residual: 0.000914594

 Iseg, Irank, Idinc : 1, 16, 82
 Thata, Phi : 90.000000, 81.000000
 Maximun iteration: 300
 Number of recycle truncation: 30
 Final matrix dimension:  36708
 Residual error:0.001000
 0  6.289153e-01
 1  3.596296e-01
 2  2.334328e-01
 3  1.561169e-01
 4  1.121994e-01
 5  8.839486e-02
 6  6.848321e-02
 7  5.481511e-02
 8  4.536560e-02
 9  3.519486e-02
 10  2.782152e-02
 11  2.215545e-02
 12  1.837283e-02
 13  1.535480e-02
 14  1.320858e-02
 15  1.150724e-02
 16  1.011152e-02
 17  8.870588e-03
 18  7.896923e-03
 19  6.854757e-03
 20  6.002451e-03
 21  5.134244e-03
 22  4.282536e-03
 23  3.524990e-03
 24  2.898854e-03
 25  2.329404e-03
 26  1.864222e-03
 27  1.490122e-03
 28  1.181958e-03
 29  9.336475e-04
 Iteration CPU time: 7 s
 CFIE residual: 0.000933647

 Iseg, Irank, Idinc : 1, 17, 115
 Thata, Phi : 90.000000, 114.000000
 Maximun iteration: 300
 Number of recycle truncation: 30
 Final matrix dimension:  36708
 Residual error:0.001000
 0  6.452322e-01
 1  3.522036e-01
 2  2.251533e-01
 3  1.554369e-01
 4  1.098950e-01
 5  8.291864e-02
 6  6.402952e-02
 7  4.928429e-02
 8  3.793570e-02
 9  2.998344e-02
 10  2.378698e-02
 11  1.904101e-02
 12  1.539653e-02
 13  1.287253e-02
 14  1.083044e-02
 15  9.162489e-03
 16  7.755849e-03
 17  6.669501e-03
 18  5.722027e-03
 19  5.011642e-03
 20  4.378539e-03
 21  3.840782e-03
 22  3.321153e-03
 23  2.884936e-03
 24  2.433680e-03
 25  2.042789e-03
 26  1.695453e-03
 27  1.389476e-03
 28  1.119735e-03
 29  8.704386e-04
 Iteration CPU time: 7 s
 CFIE residual: 0.000870439

 Iseg, Irank, Idinc : 1, 18, 1
 Thata, Phi : 90.000000, 0.000000
 Maximun iteration: 300
 Number of recycle truncation: 30
 Final matrix dimension:  36708
 Residual error:0.001000
 0  5.011287e-01
 1  2.660508e-01
 2  1.731460e-01
 3  1.203415e-01
 4  8.648472e-02
 5  6.441442e-02
 6  4.926786e-02
 7  3.750131e-02
 8  2.984524e-02
 9  2.227854e-02
 10  1.718380e-02
 11  1.366042e-02
 12  1.079709e-02
 13  8.793699e-03
 14  7.171278e-03
 15  5.811745e-03
 16  4.863730e-03
 17  4.149599e-03
 18  3.602916e-03
 19  3.093957e-03
 20  2.691509e-03
 21  2.431200e-03
 22  2.116231e-03
 23  1.833644e-03
 24  1.590376e-03
 25  1.371509e-03
 26  1.203535e-03
 27  1.015556e-03
 28  8.447755e-04
 Iteration CPU time: 6 s
 CFIE residual: 0.000844775

 Iseg, Irank, Idinc : 1, 19, 167
 Thata, Phi : 90.000000, 166.000000
 Maximun iteration: 300
 Number of recycle truncation: 30
 Final matrix dimension:  36708
 Residual error:0.001000
 0  5.711137e-01
 1  3.019629e-01
 2  1.868105e-01
 3  1.361794e-01
 4  1.053466e-01
 5  8.494663e-02
 6  6.900559e-02
 7  5.655560e-02
 8  4.728679e-02
 9  3.981084e-02
 10  3.338883e-02
 11  2.750297e-02
 12  2.227782e-02
 13  1.782722e-02
 14  1.432880e-02
 15  1.156387e-02
 16  9.155610e-03
 17  7.566232e-03
 18  6.124410e-03
 19  4.973509e-03
 20  4.039817e-03
 21  3.359484e-03
 22  2.859588e-03
 23  2.465235e-03
 24  2.145129e-03
 25  1.853348e-03
 26  1.646367e-03
 27  1.443070e-03
 28  1.278984e-03
 29  1.116759e-03
 30  9.621459e-04
 Iteration CPU time: 7 s
 CFIE residual: 0.000962146

 Iseg, Irank, Idinc : 1, 20, 152
 Thata, Phi : 90.000000, 151.000000
 Maximun iteration: 300
 Number of recycle truncation: 30
 Final matrix dimension:  36708
 Residual error:0.001000
 0  6.250667e-01
 1  3.305442e-01
 2  1.990053e-01
 3  1.410195e-01
 4  1.039281e-01
 5  8.183352e-02
 6  6.469880e-02
 7  5.275491e-02
 8  4.462559e-02
 9  3.769997e-02
 10  3.135256e-02
 11  2.561022e-02
 12  2.062154e-02
 13  1.642946e-02
 14  1.288333e-02
 15  1.022169e-02
 16  7.970287e-03
 17  6.606632e-03
 18  5.440783e-03
 19  4.503849e-03
 20  3.802017e-03
 21  3.201433e-03
 22  2.779935e-03
 23  2.433290e-03
 24  2.155699e-03
 25  1.890297e-03
 26  1.629740e-03
 27  1.409227e-03
 28  1.160201e-03
 29  9.481384e-04
 Iteration CPU time: 7 s
 CFIE residual: 0.000948138

 Iseg, Irank, Idinc : 1, 21, 181
 Thata, Phi : 90.000000, 180.000000
 Maximun iteration: 300
 Number of recycle truncation: 30
 Final matrix dimension:  36708
 Residual error:0.001000
 0  5.476061e-01
 1  3.003455e-01
 2  1.911990e-01
 3  1.377906e-01
 4  1.068962e-01
 5  8.336495e-02
 6  6.821787e-02
 7  5.563629e-02
 8  4.404507e-02
 9  3.564120e-02
 10  2.771127e-02
 11  2.129901e-02
 12  1.622050e-02
 13  1.232288e-02
 14  9.460038e-03
 15  7.264396e-03
 16  5.772086e-03
 17  4.779964e-03
 18  3.873851e-03
 19  3.235876e-03
 20  2.767550e-03
 21  2.395829e-03
 22  2.107517e-03
 23  1.858200e-03
 24  1.666308e-03
 25  1.459615e-03
 26  1.297845e-03
 27  1.126328e-03
 28  9.410819e-04
 Iteration CPU time: 6 s
 CFIE residual: 0.000941082

 Iseg, Irank, Idinc : 1, 22, 16
 Thata, Phi : 90.000000, 15.000000
 Maximun iteration: 300
 Number of recycle truncation: 30
 Final matrix dimension:  36708
 Residual error:0.001000
 0  5.639532e-01
 1  2.811635e-01
 2  1.695705e-01
 3  1.205964e-01
 4  8.662423e-02
 5  6.510022e-02
 6  4.991162e-02
 7  3.972504e-02
 8  3.084295e-02
 9  2.393146e-02
 10  1.880322e-02
 11  1.492386e-02
 12  1.187367e-02
 13  9.538247e-03
 14  7.993948e-03
 15  6.707642e-03
 16  5.671580e-03
 17  4.839175e-03
 18  4.217993e-03
 19  3.620201e-03
 20  3.091320e-03
 21  2.713203e-03
 22  2.378634e-03
 23  2.161888e-03
 24  1.880697e-03
 25  1.605505e-03
 26  1.393705e-03
 27  1.186185e-03
 28  9.957791e-04
 Iteration CPU time: 7 s
 CFIE residual: 0.000995779

 Iseg, Irank, Idinc : 1, 23, 69
 Thata, Phi : 90.000000, 68.000000
 Maximun iteration: 300
 Number of recycle truncation: 30
 Final matrix dimension:  36708
 Residual error:0.001000
 0  6.590763e-01
 1  3.659242e-01
 2  2.319552e-01
 3  1.516610e-01
 4  1.109542e-01
 5  8.446329e-02
 6  6.504867e-02
 7  5.277617e-02
 8  4.287550e-02
 9  3.413851e-02
 10  2.785208e-02
 11  2.260335e-02
 12  1.846548e-02
 13  1.568771e-02
 14  1.339366e-02
 15  1.181016e-02
 16  1.049998e-02
 17  9.307754e-03
 18  8.143147e-03
 19  7.056753e-03
 20  6.117520e-03
 21  5.233175e-03
 22  4.390616e-03
 23  3.611759e-03
 24  2.877649e-03
 25  2.233665e-03
 26  1.772891e-03
 27  1.389498e-03
 28  1.085693e-03
 29  8.292892e-04
 Iteration CPU time: 6 s
 CFIE residual: 0.000829289

 Iseg, Irank, Idinc : 1, 24, 139
 Thata, Phi : 90.000000, 138.000000
 Maximun iteration: 300
 Number of recycle truncation: 30
 Final matrix dimension:  36708
 Residual error:0.001000
 0  6.848966e-01
 1  3.547682e-01
 2  2.223098e-01
 3  1.543766e-01
 4  1.123770e-01
 5  8.573543e-02
 6  6.436761e-02
 7  5.163941e-02
 8  4.283236e-02
 9  3.455315e-02
 10  2.811810e-02
 11  2.266296e-02
 12  1.896631e-02
 13  1.519459e-02
 14  1.213773e-02
 15  9.744911e-03
 16  8.112076e-03
 17  6.726040e-03
 18  5.706162e-03
 19  4.922431e-03
 20  4.281625e-03
 21  3.804388e-03
 22  3.359141e-03
 23  2.935679e-03
 24  2.563828e-03
 25  2.178577e-03
 26  1.845162e-03
 27  1.526350e-03
 28  1.234364e-03
 29  1.001162e-03
 30  8.006002e-04
 Iteration CPU time: 6 s
 CFIE residual: 0.0008006

 Iseg, Irank, Idinc : 1, 25, 5
 Thata, Phi : 90.000000, 4.000000
 Maximun iteration: 300
 Number of recycle truncation: 30
 Final matrix dimension:  36708
 Residual error:0.001000
 0  5.072177e-01
 1  2.677890e-01
 2  1.728146e-01
 3  1.212454e-01
 4  8.766887e-02
 5  6.598828e-02
 6  5.040858e-02
 7  3.806232e-02
 8  2.987612e-02
 9  2.265889e-02
 10  1.779383e-02
 11  1.449281e-02
 12  1.151194e-02
 13  9.267864e-03
 14  7.658154e-03
 15  6.356115e-03
 16  5.387866e-03
 17  4.571259e-03
 18  3.939482e-03
 19  3.474583e-03
 20  3.027576e-03
 21  2.619810e-03
 22  2.294944e-03
 23  2.054502e-03
 24  1.768534e-03
 25  1.526670e-03
 26  1.328294e-03
 27  1.170002e-03
 28  9.892892e-04
 Iteration CPU time: 7 s
 CFIE residual: 0.000989289

 Iseg, Irank, Idinc : 1, 26, 173
 Thata, Phi : 90.000000, 172.000000
 Maximun iteration: 300
 Number of recycle truncation: 30
 Final matrix dimension:  36708
 Residual error:0.001000
 0  5.565801e-01
 1  3.003211e-01
 2  1.902679e-01
 3  1.379905e-01
 4  1.075133e-01
 5  8.551906e-02
 6  7.001781e-02
 7  5.703708e-02
 8  4.636072e-02
 9  3.852688e-02
 10  3.160543e-02
 11  2.575816e-02
 12  2.079770e-02
 13  1.650128e-02
 14  1.344348e-02
 15  1.078945e-02
 16  8.645192e-03
 17  7.051853e-03
 18  5.667008e-03
 19  4.617453e-03
 20  3.767043e-03
 21  3.152734e-03
 22  2.700752e-03
 23  2.335240e-03
 24  2.020920e-03
 25  1.739440e-03
 26  1.539945e-03
 27  1.355649e-03
 28  1.195519e-03
 29  1.044088e-03
 30  9.023372e-04
 Iteration CPU time: 7 s
 CFIE residual: 0.000902337

 Iseg, Irank, Idinc : 1, 27, 47
 Thata, Phi : 90.000000, 46.000000
 Maximun iteration: 300
 Number of recycle truncation: 30
 Final matrix dimension:  36708
 Residual error:0.001000
 0  6.293639e-01
 1  3.208561e-01
 2  2.036619e-01
 3  1.357104e-01
 4  9.514032e-02
 5  6.998418e-02
 6  5.271562e-02
 7  4.041505e-02
 8  3.154165e-02
 9  2.457576e-02
 10  1.951982e-02
 11  1.584886e-02
 12  1.282942e-02
 13  1.102441e-02
 14  9.442121e-03
 15  8.170619e-03
 16  7.266839e-03
 17  6.404594e-03
 18  5.578972e-03
 19  4.671331e-03
 20  3.908511e-03
 21  3.257588e-03
 22  2.683301e-03
 23  2.139878e-03
 24  1.701131e-03
 25  1.346387e-03
 26  1.055051e-03
 27  8.371754e-04
 Iteration CPU time: 6 s
 CFIE residual: 0.000837175

 Iseg, Irank, Idinc : 1, 28, 102
 Thata, Phi : 90.000000, 101.000000
 Maximun iteration: 300
 Number of recycle truncation: 30
 Final matrix dimension:  36708
 Residual error:0.001000
 0  6.201886e-01
 1  3.560621e-01
 2  2.252376e-01
 3  1.519252e-01
 4  1.061653e-01
 5  8.050198e-02
 6  6.253979e-02
 7  4.939190e-02
 8  3.900234e-02
 9  3.026098e-02
 10  2.481901e-02
 11  1.957868e-02
 12  1.604892e-02
 13  1.327881e-02
 14  1.117128e-02
 15  9.417945e-03
 16  8.236072e-03
 17  7.200189e-03
 18  6.433425e-03
 19  5.683584e-03
 20  5.032280e-03
 21  4.415811e-03
 22  3.802522e-03
 23  3.254216e-03
 24  2.747412e-03
 25  2.270689e-03
 26  1.849175e-03
 27  1.489442e-03
 28  1.186029e-03
 29  9.340625e-04
 Iteration CPU time: 7 s
 CFIE residual: 0.000934063

 Iseg, Irank, Idinc : 1, 29, 27
 Thata, Phi : 90.000000, 26.000000
 Maximun iteration: 300
 Number of recycle truncation: 30
 Final matrix dimension:  36708
 Residual error:0.001000
 0  6.269166e-01
 1  2.974073e-01
 2  1.683496e-01
 3  1.101291e-01
 4  7.846504e-02
 5  5.819253e-02
 6  4.363191e-02
 7  3.406805e-02
 8  2.645454e-02
 9  2.067756e-02
 10  1.650622e-02
 11  1.310944e-02
 12  1.078785e-02
 13  8.945512e-03
 14  7.487578e-03
 15  6.458793e-03
 16  5.495266e-03
 17  4.678645e-03
 18  4.062400e-03
 19  3.539967e-03
 20  3.065525e-03
 21  2.667984e-03
 22  2.377446e-03
 23  2.116077e-03
 24  1.833473e-03
 25  1.533581e-03
 26  1.287937e-03
 27  1.060123e-03
 28  8.699280e-04
 Iteration CPU time: 6 s
 CFIE residual: 0.000869928

 Iseg, Irank, Idinc : 1, 30, 127
 Thata, Phi : 90.000000, 126.000000
 Maximun iteration: 300
 Number of recycle truncation: 30
 Final matrix dimension:  36708
 Residual error:0.001000
 0  6.608854e-01
 1  3.518931e-01
 2  2.303522e-01
 3  1.576767e-01
 4  1.127471e-01
 5  8.738658e-02
 6  6.650765e-02
 7  5.215523e-02
 8  4.018068e-02
 9  3.219538e-02
 10  2.517387e-02
 11  1.972938e-02
 12  1.611134e-02
 13  1.343575e-02
 14  1.120088e-02
 15  9.470908e-03
 16  8.018101e-03
 17  6.898167e-03
 18  6.122840e-03
 19  5.225316e-03
 20  4.572690e-03
 21  4.010877e-03
 22  3.532154e-03
 23  3.069953e-03
 24  2.656231e-03
 25  2.224149e-03
 26  1.887979e-03
 27  1.576787e-03
 28  1.353641e-03
 29  1.136455e-03
 30  9.005394e-04
 Iteration CPU time: 7 s
 CFIE residual: 0.000900539

 Iseg, Irank, Idinc : 1, 31, 163
 Thata, Phi : 90.000000, 162.000000
 Maximun iteration: 300
 Number of recycle truncation: 30
 Final matrix dimension:  36708
 Residual error:0.001000
 0  5.843972e-01
 1  3.052093e-01
 2  1.852139e-01
 3  1.335323e-01
 4  1.027552e-01
 5  8.277007e-02
 6  6.652504e-02
 7  5.475451e-02
 8  4.610988e-02
 9  3.907942e-02
 10  3.301349e-02
 11  2.731974e-02
 12  2.233735e-02
 13  1.789974e-02
 14  1.450453e-02
 15  1.161461e-02
 16  9.130513e-03
 17  7.547296e-03
 18  6.119897e-03
 19  4.961111e-03
 20  4.074779e-03
 21  3.403601e-03
 22  2.897183e-03
 23  2.490478e-03
 24  2.174782e-03
 25  1.896800e-03
 26  1.688163e-03
 27  1.480727e-03
 28  1.291447e-03
 29  1.113415e-03
 30  9.458664e-04
 Iteration CPU time: 7 s
 CFIE residual: 0.000945866

 Iseg, Irank, Idinc : 1, 32, 3
 Thata, Phi : 90.000000, 2.000000
 Maximun iteration: 300
 Number of recycle truncation: 30
 Final matrix dimension:  36708
 Residual error:0.001000
 0  5.027171e-01
 1  2.665025e-01
 2  1.730468e-01
 3  1.205714e-01
 4  8.681212e-02
 5  6.488454e-02
 6  4.962575e-02
 7  3.758779e-02
 8  2.981306e-02
 9  2.233574e-02
 10  1.728888e-02
 11  1.399559e-02
 12  1.121355e-02
 13  9.041769e-03
 14  7.454793e-03
 15  6.152899e-03
 16  5.182235e-03
 17  4.430220e-03
 18  3.838821e-03
 19  3.366397e-03
 20  2.944354e-03
 21  2.568007e-03
 22  2.254993e-03
 23  2.005525e-03
 24  1.730731e-03
 25  1.489465e-03
 26  1.303633e-03
 27  1.131046e-03
 28  9.537878e-04
 Iteration CPU time: 7 s
 CFIE residual: 0.000953788

 Iseg, Irank, Idinc : 1, 33, 58
 Thata, Phi : 90.000000, 57.000000
 Maximun iteration: 300
 Number of recycle truncation: 30
 Final matrix dimension:  36708
 Residual error:0.001000
 0  6.574083e-01
 1  3.421170e-01
 2  2.139866e-01
 3  1.372104e-01
 4  9.816968e-02
 5  7.233152e-02
 6  5.681581e-02
 7  4.554341e-02
 8  3.622325e-02
 9  2.802186e-02
 10  2.221987e-02
 11  1.815883e-02
 12  1.502259e-02
 13  1.286049e-02
 14  1.109126e-02
 15  9.615047e-03
 16  8.492160e-03
 17  7.430121e-03
 18  6.519546e-03
 19  5.478501e-03
 20  4.606534e-03
 21  3.828534e-03
 22  3.172822e-03
 23  2.509511e-03
 24  1.979446e-03
 25  1.519311e-03
 26  1.169530e-03
 27  9.095051e-04
 Iteration CPU time: 6 s
 CFIE residual: 0.000909505

 Iseg, Irank, Idinc : 1, 34, 180
 Thata, Phi : 90.000000, 179.000000
 Maximun iteration: 300
 Number of recycle truncation: 30
 Final matrix dimension:  36708
 Residual error:0.001000
 0  5.477890e-01
 1  3.003438e-01
 2  1.911958e-01
 3  1.378002e-01
 4  1.069202e-01
 5  8.342231e-02
 6  6.827551e-02
 7  5.568290e-02
 8  4.410273e-02
 9  3.570978e-02
 10  2.781776e-02
 11  2.145675e-02
 12  1.645044e-02
 13  1.261942e-02
 14  9.771351e-03
 15  7.510871e-03
 16  6.010334e-03
 17  5.019314e-03
 18  4.154934e-03
 19  3.455716e-03
 20  2.917928e-03
 21  2.521897e-03
 22  2.235815e-03
 23  1.973549e-03
 24  1.752528e-03
 25  1.523861e-03
 26  1.348679e-03
 27  1.194419e-03
 28  1.005548e-03
 29  8.328743e-04
 Iteration CPU time: 7 s
 CFIE residual: 0.000832874

 Iseg, Irank, Idinc : 1, 35, 37
 Thata, Phi : 90.000000, 36.000000
 Maximun iteration: 300
 Number of recycle truncation: 30
 Final matrix dimension:  36708
 Residual error:0.001000
 0  6.200431e-01
 1  3.122353e-01
 2  1.931552e-01
 3  1.234895e-01
 4  8.512713e-02
 5  6.266824e-02
 6  4.615194e-02
 7  3.538830e-02
 8  2.696399e-02
 9  2.070104e-02
 10  1.665110e-02
 11  1.350365e-02
 12  1.110085e-02
 13  9.521813e-03
 14  7.923408e-03
 15  6.767702e-03
 16  6.020337e-03
 17  5.246929e-03
 18  4.546713e-03
 19  3.992745e-03
 20  3.432494e-03
 21  2.923444e-03
 22  2.480421e-03
 23  2.084858e-03
 24  1.756939e-03
 25  1.432964e-03
 26  1.159047e-03
 27  9.137853e-04
 Iteration CPU time: 6 s
 CFIE residual: 0.000913785

 Iseg, Irank, Idinc : 1, 36, 93
 Thata, Phi : 90.000000, 92.000000
 Maximun iteration: 300
 Number of recycle truncation: 30
 Final matrix dimension:  36708
 Residual error:0.001000
 0  6.243436e-01
 1  3.591249e-01
 2  2.286026e-01
 3  1.525633e-01
 4  1.115190e-01
 5  8.705515e-02
 6  6.871887e-02
 7  5.487731e-02
 8  4.457943e-02
 9  3.586667e-02
 10  2.801874e-02
 11  2.225402e-02
 12  1.824606e-02
 13  1.517030e-02
 14  1.275760e-02
 15  1.104084e-02
 16  9.522887e-03
 17  8.457979e-03
 18  7.502176e-03
 19  6.586363e-03
 20  5.821190e-03
 21  5.071722e-03
 22  4.205329e-03
 23  3.504901e-03
 24  2.915929e-03
 25  2.374219e-03
 26  1.862794e-03
 27  1.451176e-03
 28  1.116314e-03
 29  8.446704e-04
 Iteration CPU time: 7 s
 CFIE residual: 0.00084467

 Iseg, Irank, Idinc : 1, 37, 142
 Thata, Phi : 90.000000, 141.000000
 Maximun iteration: 300
 Number of recycle truncation: 30
 Final matrix dimension:  36708
 Residual error:0.001000
 0  6.665837e-01
 1  3.497499e-01
 2  2.148536e-01
 3  1.501865e-01
 4  1.093101e-01
 5  8.432620e-02
 6  6.380767e-02
 7  5.139305e-02
 8  4.241317e-02
 9  3.462591e-02
 10  2.879364e-02
 11  2.342558e-02
 12  1.950540e-02
 13  1.545742e-02
 14  1.206267e-02
 15  9.773775e-03
 16  8.155777e-03
 17  6.774623e-03
 18  5.656063e-03
 19  4.845397e-03
 20  4.143389e-03
 21  3.653599e-03
 22  3.231368e-03
 23  2.820805e-03
 24  2.485470e-03
 25  2.152209e-03
 26  1.858427e-03
 27  1.542589e-03
 28  1.249022e-03
 29  1.020648e-03
 30  8.174312e-04
 Iteration CPU time: 7 s
 CFIE residual: 0.000817431

 Iseg, Irank, Idinc : 1, 38, 8
 Thata, Phi : 90.000000, 7.000000
 Maximun iteration: 300
 Number of recycle truncation: 30
 Final matrix dimension:  36708
 Residual error:0.001000
 0  5.183166e-01
 1  2.708234e-01
 2  1.723992e-01
 3  1.225407e-01
 4  8.875826e-02
 5  6.727152e-02
 6  5.120186e-02
 7  3.914499e-02
 8  3.038129e-02
 9  2.351806e-02
 10  1.874035e-02
 11  1.488876e-02
 12  1.167738e-02
 13  9.425171e-03
 14  7.815373e-03
 15  6.537883e-03
 16  5.559766e-03
 17  4.685061e-03
 18  4.044303e-03
 19  3.566157e-03
 20  3.087703e-03
 21  2.666376e-03
 22  2.334696e-03
 23  2.090697e-03
 24  1.800701e-03
 25  1.560026e-03
 26  1.355160e-03
 27  1.196778e-03
 28  1.014558e-03
 29  8.430256e-04
 Iteration CPU time: 6 s
 CFIE residual: 0.000843026
 Last Built End in Sep 22 2025 09:01:48
 Total CPU time: 271 s
 Finished.
