 Last Built Begin in Sep 22 2025 09:01:48
 Pre-Type( Input ):           10
 Skl-Tol ( Input ):    1.0000000000000001E-005
 Wavelength in freespace: 0.0286807

 ################################################
 ##         Generating Required Mesh          ##
 ##         Waiting.....                      ##
 ################################################
 Subd No.      Subd Name
    1    Open-Duct_PRIME_model_meshAA1                                     
 isub,  nnode, npatch,  nedge:
    1      6118     12236     18354
 Scale Factor         >>   1.54999997E-02
 ################################################

 START TIME: 20250922   090945.082


 Informaton for IE geometry:
 number of subdomains     : 1
 maxnode,maxpatch,maxedge : 6118  12236  18354
 
 Index of Mat-Reg: 1
 Mat-Reg Number via MatFlg: 1
 Edge Number of Mat-Reg: 1, 18354

 Number of Edge on PEC: 18354
 Mat-Reg: No Dim(m) Lmax:
    1 0.250    5
 Totlmax, add1, add2:           5           6           7
 rlengmax of Global MLFMA >>   0.24999668290937088     
 Lmax of Global MLFMA >>            5
 Wavenum of Mat-Reg:
    1 1.000

 total area in sq m           =      0.0510
 total area in sq lambda      =     61.9634
 maxnode, maxpatch, maxedge           =     6118    12236    18354
 longest  edge in lambda              =      0.1628
 shortest edge in lambda              =      0.0077
 average  edge in lambda              =      0.1087
 largest  patch area in sq lambda     =      0.0090
 smallest patch area in sq lambda     =      0.0001
 ave    surface area in sq lambda     =      0.0051
 size range of the object in sq lambda =      7.9999

 #### MLFMA Info For Each Region ####
 Mat-Region =            1
 Array dimension parameters:
 maxrule=          14   maxgrid  =          64
 lmax   =           5   ncmax    =        1250
 lsmax  =          28   lsmin    =           7
 kpm    =        1572   kp0      =         102
 ntlm   =      229416   nsm      =      236910
 nkpm   =        2460   niplm    =      157440
 ngnearm=       14257   ngsndm   =       64634
 nearm  =         333   mfinestm =         119
 ###############################

 CFIE Alpha:  0.50000000000000000     

 Fill MLFMA FI for Mat-Reg:           1
 Begin filltl.f
 fill translation matrix
 Level:            2
 fill shifting matrix
 Level:            3
 fill shifting matrix
 Level:            4
 fill shifting matrix
 Level:            5
 fill shifting matrix
 translator time(s):  0.126000002    
 fill interpolation matrix
 ThetaOrder            8
 PhiOrder            8
 lsl            7
 Filling TL                  Delta_CPU=          0.56 Memory(MB)=        654.65
 Filling sndgrp              Delta_CPU=          0.00 Memory(MB)=        654.65
 Filling VFS                 Delta_CPU=          3.23 Memory(MB)=        654.65

 Fill MLFMA NI for Mat-Reg:           1
 Begin fill sparser part of Nearfield
 Begin fill denser part of Nearfield
 End fill
 Filling Amn                 Delta_CPU=         88.62 Memory(MB)=        654.65


 Now testing preconditioner with
 ipretype =           10
 method = cfie_solve_nfrasspspre_pardiso

  
 NBP>>Begin fill sparser part of Nearfield

117.7940% NBP>>Begin fill denser part of Nearfield

200.1041%
 Begin MLFMA Box-Matrix Based Spar-RAS Prec Constructor
 --- Intel MKL PARDISO --- 
 Memory for iGroup: 1 1.29342e+09 MB
 Total Memory For SparRAS Pre: 1.29342e+09 MB
 --- PARDISO PRECONDITIONER INITIALIZED --- 
 Constructing preconditioner CPU time: 4 s
 
 1101240
 Memory for Iteration:: 16.8036 MB

 Iseg, Ninc_S : 1, 181, 0

 Iseg, Skeleton Angles: 1, 40
 Iseg, Skel-Pk Mem(MB): 1, 314.35

 Iseg, Irank, Idinc : 1, 1, 42
 Thata, Phi : 90.000000, 41.000000
 Maximun iteration: 300
 Number of recycle truncation: 30
 Final matrix dimension:  36708
 Residual error:0.001000
 0  6.326048e-01
 1  3.166028e-01
 2  1.992604e-01
 3  1.281677e-01
 4  8.992905e-02
 5  6.600108e-02
 6  5.039105e-02
 7  3.872779e-02
 8  2.951419e-02
 9  2.345349e-02
 10  1.768493e-02
 11  1.457070e-02
 12  1.243279e-02
 13  1.075836e-02
 14  9.592771e-03
 15  8.536019e-03
 16  7.769285e-03
 17  7.232205e-03
 18  6.713196e-03
 19  6.370542e-03
 20  6.078346e-03
 21  5.720152e-03
 22  5.373206e-03
 23  4.968387e-03
 24  4.502008e-03
 25  3.981125e-03
 26  3.469796e-03
 27  3.001590e-03
 28  2.494349e-03
 29  2.100380e-03
 30  1.734621e-03
 31  1.448558e-03
 32  1.195294e-03
 33  9.676808e-04
 Iteration CPU time: 8 s
 CFIE residual: 0.000967681

 Iseg, Irank, Idinc : 1, 2, 63
 Thata, Phi : 90.000000, 62.000000
 Maximun iteration: 300
 Number of recycle truncation: 30
 Final matrix dimension:  36708
 Residual error:0.001000
 0  6.537113e-01
 1  3.591723e-01
 2  2.241120e-01
 3  1.437752e-01
 4  1.020309e-01
 5  7.866047e-02
 6  6.040947e-02
 7  4.842223e-02
 8  3.924107e-02
 9  3.154372e-02
 10  2.486399e-02
 11  2.073153e-02
 12  1.767576e-02
 13  1.557780e-02
 14  1.425897e-02
 15  1.337020e-02
 16  1.267883e-02
 17  1.207807e-02
 18  1.154592e-02
 19  1.080035e-02
 20  9.956113e-03
 21  9.221373e-03
 22  8.337444e-03
 23  7.401128e-03
 24  6.425140e-03
 25  5.385673e-03
 26  4.492310e-03
 27  3.761863e-03
 28  3.138371e-03
 29  2.607884e-03
 30  2.113809e-03
 31  1.721220e-03
 32  1.380590e-03
 33  1.121303e-03
 34  8.856062e-04
 Iteration CPU time: 8 s
 CFIE residual: 0.000885606

 Iseg, Irank, Idinc : 1, 3, 108
 Thata, Phi : 90.000000, 107.000000
 Maximun iteration: 300
 Number of recycle truncation: 30
 Final matrix dimension:  36708
 Residual error:0.001000
 0  6.171264e-01
 1  3.476585e-01
 2  2.156833e-01
 3  1.464519e-01
 4  1.045830e-01
 5  7.777763e-02
 6  6.024895e-02
 7  4.717171e-02
 8  3.879626e-02
 9  3.194641e-02
 10  2.579764e-02
 11  2.139873e-02
 12  1.831868e-02
 13  1.564491e-02
 14  1.390981e-02
 15  1.244939e-02
 16  1.128941e-02
 17  1.056225e-02
 18  9.828634e-03
 19  9.278538e-03
 20  8.829162e-03
 21  8.403611e-03
 22  7.973690e-03
 23  7.580978e-03
 24  7.135072e-03
 25  6.594524e-03
 26  5.852164e-03
 27  5.096227e-03
 28  4.355001e-03
 29  3.641653e-03
 30  2.985233e-03
 31  2.363659e-03
 32  1.847890e-03
 33  1.486856e-03
 34  1.201799e-03
 35  9.673937e-04
 Iteration CPU time: 8 s
 CFIE residual: 0.000967394

 Iseg, Irank, Idinc : 1, 4, 147
 Thata, Phi : 90.000000, 146.000000
 Maximun iteration: 300
 Number of recycle truncation: 30
 Final matrix dimension:  36708
 Residual error:0.001000
 0  6.567984e-01
 1  3.461104e-01
 2  2.093889e-01
 3  1.412529e-01
 4  1.002990e-01
 5  7.690366e-02
 6  5.940877e-02
 7  4.762987e-02
 8  3.969592e-02
 9  3.382383e-02
 10  2.912169e-02
 11  2.563327e-02
 12  2.287448e-02
 13  1.976642e-02
 14  1.712672e-02
 15  1.510968e-02
 16  1.325032e-02
 17  1.159984e-02
 18  1.056177e-02
 19  9.546902e-03
 20  8.891564e-03
 21  8.308970e-03
 22  7.835389e-03
 23  7.467150e-03
 24  7.118376e-03
 25  6.838294e-03
 26  6.478404e-03
 27  6.065569e-03
 28  5.481086e-03
 29  4.878294e-03
 30  4.224106e-03
 31  3.636880e-03
 32  3.070255e-03
 33  2.528810e-03
 34  1.987361e-03
 35  1.562269e-03
 36  1.231814e-03
 37  9.712767e-04
 Iteration CPU time: 8 s
 CFIE residual: 0.000971277

 Iseg, Irank, Idinc : 1, 5, 22
 Thata, Phi : 90.000000, 21.000000
 Maximun iteration: 300
 Number of recycle truncation: 30
 Final matrix dimension:  36708
 Residual error:0.001000
 0  6.345679e-01
 1  2.980606e-01
 2  1.768510e-01
 3  1.170240e-01
 4  8.121225e-02
 5  5.990339e-02
 6  4.524932e-02
 7  3.545047e-02
 8  2.795650e-02
 9  2.273753e-02
 10  1.893273e-02
 11  1.540162e-02
 12  1.246620e-02
 13  1.036806e-02
 14  8.846265e-03
 15  7.702021e-03
 16  6.704566e-03
 17  5.791166e-03
 18  5.083032e-03
 19  4.585604e-03
 20  4.240115e-03
 21  3.907783e-03
 22  3.699986e-03
 23  3.501619e-03
 24  3.330559e-03
 25  3.192783e-03
 26  3.032799e-03
 27  2.864555e-03
 28  2.646082e-03
 29  2.448901e-03
 30  2.224315e-03
 31  2.001606e-03
 32  1.753688e-03
 33  1.488523e-03
 34  1.240637e-03
 35  1.018458e-03
 36  8.188557e-04
 Iteration CPU time: 8 s
 CFIE residual: 0.000818856

 Iseg, Irank, Idinc : 1, 6, 137
 Thata, Phi : 90.000000, 136.000000
 Maximun iteration: 300
 Number of recycle truncation: 30
 Final matrix dimension:  36708
 Residual error:0.001000
 0  6.955741e-01
 1  3.485292e-01
 2  2.152440e-01
 3  1.472375e-01
 4  1.052567e-01
 5  7.900903e-02
 6  5.990503e-02
 7  4.772444e-02
 8  3.937080e-02
 9  3.302359e-02
 10  2.798872e-02
 11  2.355256e-02
 12  2.057253e-02
 13  1.756310e-02
 14  1.495571e-02
 15  1.329592e-02
 16  1.199066e-02
 17  1.091124e-02
 18  1.004772e-02
 19  9.417126e-03
 20  8.887007e-03
 21  8.471348e-03
 22  8.039402e-03
 23  7.612156e-03
 24  7.165029e-03
 25  6.643725e-03
 26  6.016498e-03
 27  5.416105e-03
 28  4.750454e-03
 29  4.202830e-03
 30  3.627089e-03
 31  3.084767e-03
 32  2.605039e-03
 33  2.173579e-03
 34  1.821306e-03
 35  1.483988e-03
 36  1.222727e-03
 37  9.957937e-04
 Iteration CPU time: 8 s
 CFIE residual: 0.000995794

 Iseg, Irank, Idinc : 1, 7, 72
 Thata, Phi : 90.000000, 71.000000
 Maximun iteration: 300
 Number of recycle truncation: 30
 Final matrix dimension:  36708
 Residual error:0.001000
 0  6.310756e-01
 1  3.635497e-01
 2  2.346484e-01
 3  1.480613e-01
 4  1.057890e-01
 5  8.341599e-02
 6  6.450418e-02
 7  5.054642e-02
 8  4.147973e-02
 9  3.450493e-02
 10  2.770349e-02
 11  2.304838e-02
 12  1.965725e-02
 13  1.750172e-02
 14  1.615094e-02
 15  1.500617e-02
 16  1.427196e-02
 17  1.357091e-02
 18  1.287031e-02
 19  1.205985e-02
 20  1.125345e-02
 21  1.043178e-02
 22  9.628328e-03
 23  8.599430e-03
 24  7.487267e-03
 25  6.241768e-03
 26  5.341121e-03
 27  4.494137e-03
 28  3.742554e-03
 29  3.140199e-03
 30  2.585933e-03
 31  2.115457e-03
 32  1.693253e-03
 33  1.411788e-03
 34  1.123504e-03
 35  9.038816e-04
 Iteration CPU time: 8 s
 CFIE residual: 0.000903882

 Iseg, Irank, Idinc : 1, 8, 83
 Thata, Phi : 90.000000, 82.000000
 Maximun iteration: 300
 Number of recycle truncation: 30
 Final matrix dimension:  36708
 Residual error:0.001000
 0  6.053514e-01
 1  3.482191e-01
 2  2.222666e-01
 3  1.500953e-01
 4  1.085350e-01
 5  8.361659e-02
 6  6.453255e-02
 7  5.110964e-02
 8  4.167037e-02
 9  3.343490e-02
 10  2.763515e-02
 11  2.330526e-02
 12  2.006550e-02
 13  1.798483e-02
 14  1.646625e-02
 15  1.516384e-02
 16  1.419006e-02
 17  1.341342e-02
 18  1.284683e-02
 19  1.226595e-02
 20  1.160261e-02
 21  1.090905e-02
 22  1.014278e-02
 23  9.189325e-03
 24  8.092538e-03
 25  7.009542e-03
 26  5.953753e-03
 27  5.098256e-03
 28  4.324303e-03
 29  3.565962e-03
 30  3.022666e-03
 31  2.479212e-03
 32  2.050618e-03
 33  1.688933e-03
 34  1.351315e-03
 35  1.109111e-03
 36  8.909156e-04
 Iteration CPU time: 9 s
 CFIE residual: 0.000890916

 Iseg, Irank, Idinc : 1, 9, 125
 Thata, Phi : 90.000000, 124.000000
 Maximun iteration: 300
 Number of recycle truncation: 30
 Final matrix dimension:  36708
 Residual error:0.001000
 0  6.577946e-01
 1  3.408252e-01
 2  2.197442e-01
 3  1.546026e-01
 4  1.124885e-01
 5  8.173932e-02
 6  6.471946e-02
 7  5.177868e-02
 8  4.252864e-02
 9  3.436757e-02
 10  2.751273e-02
 11  2.195607e-02
 12  1.799550e-02
 13  1.476741e-02
 14  1.269152e-02
 15  1.115020e-02
 16  9.973330e-03
 17  9.165680e-03
 18  8.509349e-03
 19  8.034938e-03
 20  7.672374e-03
 21  7.341642e-03
 22  7.036010e-03
 23  6.666572e-03
 24  6.240160e-03
 25  5.741035e-03
 26  5.200122e-03
 27  4.669537e-03
 28  4.122161e-03
 29  3.663703e-03
 30  3.182054e-03
 31  2.747555e-03
 32  2.347157e-03
 33  2.009544e-03
 34  1.696601e-03
 35  1.401804e-03
 36  1.145677e-03
 37  8.981377e-04
 Iteration CPU time: 8 s
 CFIE residual: 0.000898138

 Iseg, Irank, Idinc : 1, 10, 159
 Thata, Phi : 90.000000, 158.000000
 Maximun iteration: 300
 Number of recycle truncation: 30
 Final matrix dimension:  36708
 Residual error:0.001000
 0  6.229711e-01
 1  3.143540e-01
 2  1.915866e-01
 3  1.299692e-01
 4  9.612575e-02
 5  7.704188e-02
 6  6.145971e-02
 7  5.055780e-02
 8  4.308716e-02
 9  3.718306e-02
 10  3.234720e-02
 11  2.859985e-02
 12  2.522380e-02
 13  2.162209e-02
 14  1.860803e-02
 15  1.640174e-02
 16  1.459332e-02
 17  1.275157e-02
 18  1.118427e-02
 19  9.863863e-03
 20  8.811565e-03
 21  7.990022e-03
 22  7.330745e-03
 23  6.836117e-03
 24  6.482886e-03
 25  6.194304e-03
 26  5.923649e-03
 27  5.625911e-03
 28  5.248999e-03
 29  4.802041e-03
 30  4.330945e-03
 31  3.682245e-03
 32  3.096420e-03
 33  2.569118e-03
 34  2.048310e-03
 35  1.616609e-03
 36  1.278486e-03
 37  9.791877e-04
 Iteration CPU time: 9 s
 CFIE residual: 0.000979188

 Iseg, Irank, Idinc : 1, 11, 53
 Thata, Phi : 90.000000, 52.000000
 Maximun iteration: 300
 Number of recycle truncation: 30
 Final matrix dimension:  36708
 Residual error:0.001000
 0  6.536841e-01
 1  3.455835e-01
 2  2.124986e-01
 3  1.352505e-01
 4  9.861899e-02
 5  7.556863e-02
 6  5.900740e-02
 7  4.546324e-02
 8  3.597648e-02
 9  2.943165e-02
 10  2.301306e-02
 11  1.839781e-02
 12  1.527128e-02
 13  1.299910e-02
 14  1.176803e-02
 15  1.090012e-02
 16  1.020106e-02
 17  9.702104e-03
 18  9.060933e-03
 19  8.505523e-03
 20  7.952133e-03
 21  7.254495e-03
 22  6.568013e-03
 23  5.838826e-03
 24  5.068700e-03
 25  4.218841e-03
 26  3.486210e-03
 27  2.884263e-03
 28  2.330778e-03
 29  1.866693e-03
 30  1.536808e-03
 31  1.277314e-03
 32  1.047044e-03
 33  8.469894e-04
 Iteration CPU time: 7 s
 CFIE residual: 0.000846989

 Iseg, Irank, Idinc : 1, 12, 33
 Thata, Phi : 90.000000, 32.000000
 Maximun iteration: 300
 Number of recycle truncation: 30
 Final matrix dimension:  36708
 Residual error:0.001000
 0  6.280927e-01
 1  3.127511e-01
 2  1.868303e-01
 3  1.174939e-01
 4  8.182948e-02
 5  5.979952e-02
 6  4.493567e-02
 7  3.439700e-02
 8  2.736618e-02
 9  2.193546e-02
 10  1.724609e-02
 11  1.428150e-02
 12  1.184778e-02
 13  9.995778e-03
 14  8.772604e-03
 15  7.564372e-03
 16  6.644991e-03
 17  5.986897e-03
 18  5.402168e-03
 19  5.049777e-03
 20  4.776224e-03
 21  4.542490e-03
 22  4.333889e-03
 23  4.150949e-03
 24  3.892548e-03
 25  3.613539e-03
 26  3.305505e-03
 27  2.931489e-03
 28  2.536413e-03
 29  2.133908e-03
 30  1.778513e-03
 31  1.509421e-03
 32  1.285664e-03
 33  1.072510e-03
 34  8.816086e-04
 Iteration CPU time: 7 s
 CFIE residual: 0.000881609

 Iseg, Irank, Idinc : 1, 13, 176
 Thata, Phi : 90.000000, 175.000000
 Maximun iteration: 300
 Number of recycle truncation: 30
 Final matrix dimension:  36708
 Residual error:0.001000
 0  5.910805e-01
 1  2.940138e-01
 2  1.820954e-01
 3  1.296016e-01
 4  1.002602e-01
 5  8.054142e-02
 6  6.644864e-02
 7  5.547007e-02
 8  4.625775e-02
 9  3.912073e-02
 10  3.273920e-02
 11  2.740245e-02
 12  2.276875e-02
 13  1.902227e-02
 14  1.648075e-02
 15  1.394510e-02
 16  1.201446e-02
 17  1.023649e-02
 18  8.739267e-03
 19  7.515124e-03
 20  6.550503e-03
 21  5.772170e-03
 22  5.165337e-03
 23  4.592207e-03
 24  4.175772e-03
 25  3.894083e-03
 26  3.648124e-03
 27  3.458482e-03
 28  3.267838e-03
 29  3.075822e-03
 30  2.905749e-03
 31  2.685940e-03
 32  2.477930e-03
 33  2.248792e-03
 34  1.997223e-03
 35  1.709076e-03
 36  1.454873e-03
 37  1.222898e-03
 38  9.858087e-04
 Iteration CPU time: 9 s
 CFIE residual: 0.000985809

 Iseg, Irank, Idinc : 1, 14, 91
 Thata, Phi : 90.000000, 90.000000
 Maximun iteration: 300
 Number of recycle truncation: 30
 Final matrix dimension:  36708
 Residual error:0.001000
 0  5.967246e-01
 1  3.437799e-01
 2  2.173596e-01
 3  1.492138e-01
 4  1.077151e-01
 5  8.226446e-02
 6  6.393631e-02
 7  5.008677e-02
 8  4.114860e-02
 9  3.366727e-02
 10  2.816180e-02
 11  2.351535e-02
 12  2.051792e-02
 13  1.820060e-02
 14  1.661240e-02
 15  1.521995e-02
 16  1.403241e-02
 17  1.316164e-02
 18  1.251114e-02
 19  1.195645e-02
 20  1.140725e-02
 21  1.080256e-02
 22  1.013228e-02
 23  9.287463e-03
 24  8.348469e-03
 25  7.508133e-03
 26  6.447886e-03
 27  5.497588e-03
 28  4.567114e-03
 29  3.852968e-03
 30  3.236052e-03
 31  2.707938e-03
 32  2.217780e-03
 33  1.814969e-03
 34  1.503839e-03
 35  1.198498e-03
 36  9.513079e-04
 Iteration CPU time: 9 s
 CFIE residual: 0.000951308

 Iseg, Irank, Idinc : 1, 15, 9
 Thata, Phi : 90.000000, 8.000000
 Maximun iteration: 300
 Number of recycle truncation: 30
 Final matrix dimension:  36708
 Residual error:0.001000
 0  5.479385e-01
 1  2.793680e-01
 2  1.785438e-01
 3  1.244719e-01
 4  9.070829e-02
 5  6.765555e-02
 6  5.152948e-02
 7  4.024002e-02
 8  3.153072e-02
 9  2.462130e-02
 10  1.972954e-02
 11  1.588265e-02
 12  1.286275e-02
 13  1.029799e-02
 14  8.638851e-03
 15  7.323880e-03
 16  6.204048e-03
 17  5.418795e-03
 18  4.714173e-03
 19  4.133634e-03
 20  3.639881e-03
 21  3.295742e-03
 22  2.969751e-03
 23  2.685429e-03
 24  2.506383e-03
 25  2.344134e-03
 26  2.184699e-03
 27  2.043659e-03
 28  1.925419e-03
 29  1.819004e-03
 30  1.729001e-03
 31  1.626535e-03
 32  1.505486e-03
 33  1.362325e-03
 34  1.217473e-03
 35  1.061631e-03
 36  8.879414e-04
 Iteration CPU time: 8 s
 CFIE residual: 0.000887941

 Iseg, Irank, Idinc : 1, 16, 100
 Thata, Phi : 90.000000, 99.000000
 Maximun iteration: 300
 Number of recycle truncation: 30
 Final matrix dimension:  36708
 Residual error:0.001000
 0  6.065746e-01
 1  3.414387e-01
 2  2.135199e-01
 3  1.451942e-01
 4  1.051257e-01
 5  7.990160e-02
 6  6.232628e-02
 7  4.933102e-02
 8  4.004908e-02
 9  3.328897e-02
 10  2.729560e-02
 11  2.329687e-02
 12  1.999753e-02
 13  1.766283e-02
 14  1.557121e-02
 15  1.397219e-02
 16  1.283774e-02
 17  1.197990e-02
 18  1.126457e-02
 19  1.061500e-02
 20  1.005677e-02
 21  9.628343e-03
 22  9.143415e-03
 23  8.591604e-03
 24  7.847407e-03
 25  7.156260e-03
 26  6.289218e-03
 27  5.442883e-03
 28  4.671408e-03
 29  3.906644e-03
 30  3.251406e-03
 31  2.720274e-03
 32  2.241117e-03
 33  1.810354e-03
 34  1.422502e-03
 35  1.166429e-03
 36  9.394864e-04
 Iteration CPU time: 8 s
 CFIE residual: 0.000939486

 Iseg, Irank, Idinc : 1, 17, 116
 Thata, Phi : 90.000000, 115.000000
 Maximun iteration: 300
 Number of recycle truncation: 30
 Final matrix dimension:  36708
 Residual error:0.001000
 0  6.423569e-01
 1  3.470739e-01
 2  2.159527e-01
 3  1.502077e-01
 4  1.076585e-01
 5  7.980138e-02
 6  6.206729e-02
 7  4.869544e-02
 8  3.859399e-02
 9  3.141203e-02
 10  2.581296e-02
 11  2.131061e-02
 12  1.785453e-02
 13  1.531925e-02
 14  1.327742e-02
 15  1.164268e-02
 16  1.062088e-02
 17  9.862475e-03
 18  9.176940e-03
 19  8.635200e-03
 20  8.243026e-03
 21  7.912445e-03
 22  7.567340e-03
 23  7.141315e-03
 24  6.692397e-03
 25  6.197865e-03
 26  5.600544e-03
 27  4.997932e-03
 28  4.372341e-03
 29  3.845660e-03
 30  3.332846e-03
 31  2.846406e-03
 32  2.286484e-03
 33  1.836990e-03
 34  1.452745e-03
 35  1.136239e-03
 36  9.114919e-04
 Iteration CPU time: 9 s
 CFIE residual: 0.000911492

 Iseg, Irank, Idinc : 1, 18, 1
 Thata, Phi : 90.000000, 0.000000
 Maximun iteration: 300
 Number of recycle truncation: 30
 Final matrix dimension:  36708
 Residual error:0.001000
 0  5.227752e-01
 1  2.740843e-01
 2  1.782175e-01
 3  1.212355e-01
 4  8.851099e-02
 5  6.694687e-02
 6  5.096889e-02
 7  3.871251e-02
 8  2.982762e-02
 9  2.378697e-02
 10  1.940112e-02
 11  1.538432e-02
 12  1.194865e-02
 13  9.978696e-03
 14  8.229997e-03
 15  6.902466e-03
 16  5.863630e-03
 17  5.062360e-03
 18  4.354637e-03
 19  3.774901e-03
 20  3.260613e-03
 21  2.844023e-03
 22  2.518277e-03
 23  2.241976e-03
 24  2.013350e-03
 25  1.802255e-03
 26  1.639490e-03
 27  1.509466e-03
 28  1.400654e-03
 29  1.320933e-03
 30  1.234265e-03
 31  1.140658e-03
 32  1.037373e-03
 33  9.093923e-04
 Iteration CPU time: 7 s
 CFIE residual: 0.000909392

 Iseg, Irank, Idinc : 1, 19, 168
 Thata, Phi : 90.000000, 167.000000
 Maximun iteration: 300
 Number of recycle truncation: 30
 Final matrix dimension:  36708
 Residual error:0.001000
 0  5.960845e-01
 1  2.974569e-01
 2  1.836030e-01
 3  1.307598e-01
 4  1.004923e-01
 5  8.088940e-02
 6  6.573449e-02
 7  5.506658e-02
 8  4.620916e-02
 9  3.905827e-02
 10  3.309667e-02
 11  2.915448e-02
 12  2.519715e-02
 13  2.151517e-02
 14  1.889766e-02
 15  1.648372e-02
 16  1.446623e-02
 17  1.239603e-02
 18  1.048098e-02
 19  9.081267e-03
 20  8.006406e-03
 21  7.035871e-03
 22  6.401015e-03
 23  5.817296e-03
 24  5.384093e-03
 25  5.043455e-03
 26  4.771666e-03
 27  4.534188e-03
 28  4.303113e-03
 29  4.057364e-03
 30  3.785505e-03
 31  3.453677e-03
 32  3.127204e-03
 33  2.745058e-03
 34  2.353955e-03
 35  1.965926e-03
 36  1.631480e-03
 37  1.299271e-03
 38  1.009067e-03
 39  8.049832e-04
 Iteration CPU time: 9 s
 CFIE residual: 0.000804983

 Iseg, Irank, Idinc : 1, 20, 16
 Thata, Phi : 90.000000, 15.000000
 Maximun iteration: 300
 Number of recycle truncation: 30
 Final matrix dimension:  36708
 Residual error:0.001000
 0  5.960061e-01
 1  2.884753e-01
 2  1.773232e-01
 3  1.217233e-01
 4  8.698882e-02
 5  6.463320e-02
 6  4.885315e-02
 7  3.890131e-02
 8  3.044148e-02
 9  2.403873e-02
 10  1.938641e-02
 11  1.551364e-02
 12  1.257985e-02
 13  1.034502e-02
 14  8.723306e-03
 15  7.369835e-03
 16  6.367401e-03
 17  5.479766e-03
 18  4.808316e-03
 19  4.320615e-03
 20  3.894530e-03
 21  3.545883e-03
 22  3.290583e-03
 23  3.040440e-03
 24  2.877769e-03
 25  2.736356e-03
 26  2.600253e-03
 27  2.474602e-03
 28  2.319416e-03
 29  2.187556e-03
 30  2.056480e-03
 31  1.904885e-03
 32  1.721256e-03
 33  1.514781e-03
 34  1.301188e-03
 35  1.077737e-03
 36  8.822746e-04
 Iteration CPU time: 9 s
 CFIE residual: 0.000882275

 Iseg, Irank, Idinc : 1, 21, 181
 Thata, Phi : 90.000000, 180.000000
 Maximun iteration: 300
 Number of recycle truncation: 30
 Final matrix dimension:  36708
 Residual error:0.001000
 0  5.908156e-01
 1  2.933656e-01
 2  1.812115e-01
 3  1.281958e-01
 4  9.844622e-02
 5  7.889955e-02
 6  6.525772e-02
 7  5.443635e-02
 8  4.524628e-02
 9  3.773645e-02
 10  3.076398e-02
 11  2.532475e-02
 12  2.097358e-02
 13  1.691225e-02
 14  1.446772e-02
 15  1.223952e-02
 16  1.015445e-02
 17  8.457504e-03
 18  7.213875e-03
 19  6.258952e-03
 20  5.366287e-03
 21  4.704989e-03
 22  4.174293e-03
 23  3.674192e-03
 24  3.346875e-03
 25  3.148220e-03
 26  2.967772e-03
 27  2.796540e-03
 28  2.617847e-03
 29  2.401183e-03
 30  2.181513e-03
 31  1.941224e-03
 32  1.699268e-03
 33  1.465028e-03
 34  1.179326e-03
 35  9.291608e-04
 Iteration CPU time: 8 s
 CFIE residual: 0.000929161

 Iseg, Irank, Idinc : 1, 22, 153
 Thata, Phi : 90.000000, 152.000000
 Maximun iteration: 300
 Number of recycle truncation: 30
 Final matrix dimension:  36708
 Residual error:0.001000
 0  6.369169e-01
 1  3.292080e-01
 2  2.018643e-01
 3  1.348001e-01
 4  9.774477e-02
 5  7.667182e-02
 6  6.011572e-02
 7  4.887573e-02
 8  4.038849e-02
 9  3.464864e-02
 10  3.014805e-02
 11  2.671243e-02
 12  2.342392e-02
 13  1.992006e-02
 14  1.752511e-02
 15  1.554137e-02
 16  1.378102e-02
 17  1.220903e-02
 18  1.074961e-02
 19  9.615004e-03
 20  8.792507e-03
 21  8.120095e-03
 22  7.532332e-03
 23  7.086206e-03
 24  6.740870e-03
 25  6.471607e-03
 26  6.185061e-03
 27  5.853003e-03
 28  5.403584e-03
 29  4.838595e-03
 30  4.235157e-03
 31  3.551222e-03
 32  3.041260e-03
 33  2.493955e-03
 34  1.956034e-03
 35  1.505781e-03
 36  1.156374e-03
 37  9.032922e-04
 Iteration CPU time: 8 s
 CFIE residual: 0.000903292

 Iseg, Irank, Idinc : 1, 23, 77
 Thata, Phi : 90.000000, 76.000000
 Maximun iteration: 300
 Number of recycle truncation: 30
 Final matrix dimension:  36708
 Residual error:0.001000
 0  6.134294e-01
 1  3.540721e-01
 2  2.281802e-01
 3  1.475791e-01
 4  1.046902e-01
 5  8.082019e-02
 6  6.236334e-02
 7  4.900511e-02
 8  3.997098e-02
 9  3.254956e-02
 10  2.730319e-02
 11  2.320281e-02
 12  1.988752e-02
 13  1.794246e-02
 14  1.629700e-02
 15  1.515790e-02
 16  1.437662e-02
 17  1.364814e-02
 18  1.302456e-02
 19  1.231079e-02
 20  1.154105e-02
 21  1.081457e-02
 22  1.005691e-02
 23  9.163246e-03
 24  8.038455e-03
 25  6.856622e-03
 26  5.966530e-03
 27  5.086059e-03
 28  4.288767e-03
 29  3.572601e-03
 30  2.949496e-03
 31  2.413393e-03
 32  1.965365e-03
 33  1.593681e-03
 34  1.279446e-03
 35  1.020993e-03
 36  8.149037e-04
 Iteration CPU time: 9 s
 CFIE residual: 0.000814904

 Iseg, Irank, Idinc : 1, 24, 131
 Thata, Phi : 90.000000, 130.000000
 Maximun iteration: 300
 Number of recycle truncation: 30
 Final matrix dimension:  36708
 Residual error:0.001000
 0  6.749339e-01
 1  3.477188e-01
 2  2.195044e-01
 3  1.491447e-01
 4  1.073797e-01
 5  7.948219e-02
 6  6.230355e-02
 7  4.971571e-02
 8  4.031953e-02
 9  3.339235e-02
 10  2.745356e-02
 11  2.278018e-02
 12  1.864647e-02
 13  1.551048e-02
 14  1.336259e-02
 15  1.162892e-02
 16  1.042461e-02
 17  9.566920e-03
 18  8.843341e-03
 19  8.347731e-03
 20  7.964501e-03
 21  7.608427e-03
 22  7.272219e-03
 23  6.906098e-03
 24  6.466129e-03
 25  5.924062e-03
 26  5.335670e-03
 27  4.769130e-03
 28  4.208311e-03
 29  3.640173e-03
 30  3.090245e-03
 31  2.625596e-03
 32  2.206385e-03
 33  1.879160e-03
 34  1.554710e-03
 35  1.292981e-03
 36  1.076321e-03
 37  8.694377e-04
 Iteration CPU time: 8 s
 CFIE residual: 0.000869438

 Iseg, Irank, Idinc : 1, 25, 48
 Thata, Phi : 90.000000, 47.000000
 Maximun iteration: 300
 Number of recycle truncation: 30
 Final matrix dimension:  36708
 Residual error:0.001000
 0  6.417785e-01
 1  3.328591e-01
 2  2.069060e-01
 3  1.349590e-01
 4  9.818222e-02
 5  7.457509e-02
 6  5.745596e-02
 7  4.413664e-02
 8  3.410284e-02
 9  2.719787e-02
 10  2.104434e-02
 11  1.685767e-02
 12  1.428343e-02
 13  1.219298e-02
 14  1.095441e-02
 15  1.009690e-02
 16  9.332578e-03
 17  8.799213e-03
 18  8.189592e-03
 19  7.725208e-03
 20  7.319694e-03
 21  6.763135e-03
 22  6.168220e-03
 23  5.534849e-03
 24  4.984492e-03
 25  4.223070e-03
 26  3.630983e-03
 27  3.075571e-03
 28  2.570924e-03
 29  2.101493e-03
 30  1.715648e-03
 31  1.418923e-03
 32  1.159552e-03
 33  9.464940e-04
 Iteration CPU time: 8 s
 CFIE residual: 0.000946494

 Iseg, Irank, Idinc : 1, 26, 5
 Thata, Phi : 90.000000, 4.000000
 Maximun iteration: 300
 Number of recycle truncation: 30
 Final matrix dimension:  36708
 Residual error:0.001000
 0  5.295073e-01
 1  2.756778e-01
 2  1.784274e-01
 3  1.228273e-01
 4  8.975742e-02
 5  6.728270e-02
 6  5.112641e-02
 7  3.926563e-02
 8  3.074632e-02
 9  2.425400e-02
 10  1.951606e-02
 11  1.556028e-02
 12  1.251206e-02
 13  1.040148e-02
 14  8.592247e-03
 15  7.206353e-03
 16  6.162922e-03
 17  5.329872e-03
 18  4.587926e-03
 19  4.032739e-03
 20  3.524944e-03
 21  3.134875e-03
 22  2.788504e-03
 23  2.486111e-03
 24  2.270182e-03
 25  2.085014e-03
 26  1.899965e-03
 27  1.745714e-03
 28  1.628618e-03
 29  1.533627e-03
 30  1.457840e-03
 31  1.371891e-03
 32  1.276024e-03
 33  1.164746e-03
 34  1.047869e-03
 35  9.171371e-04
 Iteration CPU time: 8 s
 CFIE residual: 0.000917137

 Iseg, Irank, Idinc : 1, 27, 96
 Thata, Phi : 90.000000, 95.000000
 Maximun iteration: 300
 Number of recycle truncation: 30
 Final matrix dimension:  36708
 Residual error:0.001000
 0  5.993236e-01
 1  3.413634e-01
 2  2.152012e-01
 3  1.455961e-01
 4  1.043796e-01
 5  8.024172e-02
 6  6.330908e-02
 7  4.962339e-02
 8  4.028212e-02
 9  3.288621e-02
 10  2.762343e-02
 11  2.351447e-02
 12  2.031395e-02
 13  1.793534e-02
 14  1.606105e-02
 15  1.451976e-02
 16  1.333817e-02
 17  1.258063e-02
 18  1.185932e-02
 19  1.126675e-02
 20  1.068744e-02
 21  1.024817e-02
 22  9.625186e-03
 23  8.932007e-03
 24  8.211209e-03
 25  7.404648e-03
 26  6.413173e-03
 27  5.433761e-03
 28  4.685697e-03
 29  3.917792e-03
 30  3.272297e-03
 31  2.742743e-03
 32  2.291182e-03
 33  1.827220e-03
 34  1.447866e-03
 35  1.154462e-03
 36  9.343711e-04
 Iteration CPU time: 8 s
 CFIE residual: 0.000934371

 Iseg, Irank, Idinc : 1, 28, 172
 Thata, Phi : 90.000000, 171.000000
 Maximun iteration: 300
 Number of recycle truncation: 30
 Final matrix dimension:  36708
 Residual error:0.001000
 0  5.921709e-01
 1  2.950674e-01
 2  1.831384e-01
 3  1.310415e-01
 4  1.014424e-01
 5  8.153157e-02
 6  6.696025e-02
 7  5.590297e-02
 8  4.670534e-02
 9  3.975400e-02
 10  3.400100e-02
 11  2.882752e-02
 12  2.435475e-02
 13  2.078442e-02
 14  1.808323e-02
 15  1.542998e-02
 16  1.346870e-02
 17  1.156568e-02
 18  9.833500e-03
 19  8.478970e-03
 20  7.404520e-03
 21  6.479032e-03
 22  5.850961e-03
 23  5.276914e-03
 24  4.841201e-03
 25  4.511161e-03
 26  4.242756e-03
 27  4.029996e-03
 28  3.822055e-03
 29  3.609203e-03
 30  3.403677e-03
 31  3.153364e-03
 32  2.890019e-03
 33  2.591024e-03
 34  2.270052e-03
 35  1.948135e-03
 36  1.661770e-03
 37  1.340979e-03
 38  1.060097e-03
 39  8.386613e-04
 Iteration CPU time: 9 s
 CFIE residual: 0.000838661

 Iseg, Irank, Idinc : 1, 29, 28
 Thata, Phi : 90.000000, 27.000000
 Maximun iteration: 300
 Number of recycle truncation: 30
 Final matrix dimension:  36708
 Residual error:0.001000
 0  6.430904e-01
 1  3.062600e-01
 2  1.810274e-01
 3  1.150208e-01
 4  7.942837e-02
 5  5.796231e-02
 6  4.314575e-02
 7  3.373081e-02
 8  2.729115e-02
 9  2.232461e-02
 10  1.796788e-02
 11  1.485626e-02
 12  1.209364e-02
 13  1.021638e-02
 14  8.847016e-03
 15  7.595638e-03
 16  6.609353e-03
 17  5.806601e-03
 18  5.169459e-03
 19  4.778370e-03
 20  4.504839e-03
 21  4.262787e-03
 22  4.066226e-03
 23  3.886461e-03
 24  3.689003e-03
 25  3.495305e-03
 26  3.255792e-03
 27  3.001769e-03
 28  2.701405e-03
 29  2.370898e-03
 30  2.054565e-03
 31  1.819244e-03
 32  1.567648e-03
 33  1.300290e-03
 34  1.075857e-03
 35  8.908467e-04
 Iteration CPU time: 8 s
 CFIE residual: 0.000890847

 Iseg, Irank, Idinc : 1, 30, 120
 Thata, Phi : 90.000000, 119.000000
 Maximun iteration: 300
 Number of recycle truncation: 30
 Final matrix dimension:  36708
 Residual error:0.001000
 0  6.475851e-01
 1  3.443858e-01
 2  2.157750e-01
 3  1.512370e-01
 4  1.090321e-01
 5  8.139673e-02
 6  6.365144e-02
 7  5.003824e-02
 8  4.035445e-02
 9  3.302407e-02
 10  2.684160e-02
 11  2.162216e-02
 12  1.784137e-02
 13  1.496396e-02
 14  1.300371e-02
 15  1.140334e-02
 16  1.046800e-02
 17  9.633271e-03
 18  8.923139e-03
 19  8.447163e-03
 20  8.049091e-03
 21  7.722095e-03
 22  7.378989e-03
 23  7.032530e-03
 24  6.583897e-03
 25  6.075152e-03
 26  5.507249e-03
 27  4.993242e-03
 28  4.401570e-03
 29  3.911595e-03
 30  3.470330e-03
 31  2.990614e-03
 32  2.490158e-03
 33  2.066525e-03
 34  1.676435e-03
 35  1.357409e-03
 36  1.091491e-03
 37  8.555082e-04
 Iteration CPU time: 9 s
 CFIE residual: 0.000855508

 Iseg, Irank, Idinc : 1, 31, 58
 Thata, Phi : 90.000000, 57.000000
 Maximun iteration: 300
 Number of recycle truncation: 30
 Final matrix dimension:  36708
 Residual error:0.001000
 0  6.581688e-01
 1  3.495770e-01
 2  2.123175e-01
 3  1.338741e-01
 4  9.763871e-02
 5  7.392446e-02
 6  5.726732e-02
 7  4.541714e-02
 8  3.614339e-02
 9  2.922740e-02
 10  2.313064e-02
 11  1.898125e-02
 12  1.616709e-02
 13  1.396612e-02
 14  1.272894e-02
 15  1.186375e-02
 16  1.121954e-02
 17  1.069212e-02
 18  1.014037e-02
 19  9.462413e-03
 20  8.761952e-03
 21  8.068973e-03
 22  7.263465e-03
 23  6.499660e-03
 24  5.533832e-03
 25  4.595961e-03
 26  3.776427e-03
 27  3.129710e-03
 28  2.573835e-03
 29  2.137270e-03
 30  1.742261e-03
 31  1.431865e-03
 32  1.143717e-03
 33  9.019454e-04
 Iteration CPU time: 7 s
 CFIE residual: 0.000901945

 Iseg, Irank, Idinc : 1, 32, 163
 Thata, Phi : 90.000000, 162.000000
 Maximun iteration: 300
 Number of recycle truncation: 30
 Final matrix dimension:  36708
 Residual error:0.001000
 0  6.090264e-01
 1  3.051427e-01
 2  1.860948e-01
 3  1.290463e-01
 4  9.694514e-02
 5  7.820434e-02
 6  6.261016e-02
 7  5.205236e-02
 8  4.405720e-02
 9  3.815428e-02
 10  3.291617e-02
 11  2.856904e-02
 12  2.484357e-02
 13  2.184573e-02
 14  1.918697e-02
 15  1.676241e-02
 16  1.457558e-02
 17  1.251766e-02
 18  1.085023e-02
 19  9.560567e-03
 20  8.551668e-03
 21  7.635547e-03
 22  6.960941e-03
 23  6.414986e-03
 24  6.018849e-03
 25  5.709635e-03
 26  5.444039e-03
 27  5.182142e-03
 28  4.872060e-03
 29  4.565055e-03
 30  4.194661e-03
 31  3.677451e-03
 32  3.208998e-03
 33  2.752658e-03
 34  2.289242e-03
 35  1.862504e-03
 36  1.484015e-03
 37  1.149870e-03
 38  9.035059e-04
 Iteration CPU time: 9 s
 CFIE residual: 0.000903506

 Iseg, Irank, Idinc : 1, 33, 3
 Thata, Phi : 90.000000, 2.000000
 Maximun iteration: 300
 Number of recycle truncation: 30
 Final matrix dimension:  36708
 Residual error:0.001000
 0  5.245060e-01
 1  2.745149e-01
 2  1.782894e-01
 3  1.217298e-01
 4  8.893983e-02
 5  6.707546e-02
 6  5.102162e-02
 7  3.884977e-02
 8  3.011625e-02
 9  2.393452e-02
 10  1.942453e-02
 11  1.539980e-02
 12  1.205097e-02
 13  1.024461e-02
 14  8.529107e-03
 15  7.099520e-03
 16  6.067131e-03
 17  5.214204e-03
 18  4.485917e-03
 19  3.912615e-03
 20  3.418930e-03
 21  3.023889e-03
 22  2.686982e-03
 23  2.390613e-03
 24  2.166238e-03
 25  1.966003e-03
 26  1.777152e-03
 27  1.619140e-03
 28  1.493914e-03
 29  1.402162e-03
 30  1.323908e-03
 31  1.235705e-03
 32  1.141303e-03
 33  1.032162e-03
 34  9.135333e-04
 Iteration CPU time: 8 s
 CFIE residual: 0.000913533

 Iseg, Irank, Idinc : 1, 34, 179
 Thata, Phi : 90.000000, 178.000000
 Maximun iteration: 300
 Number of recycle truncation: 30
 Final matrix dimension:  36708
 Residual error:0.001000
 0  5.908621e-01
 1  2.934869e-01
 2  1.813751e-01
 3  1.284665e-01
 4  9.885733e-02
 5  7.930045e-02
 6  6.554458e-02
 7  5.469441e-02
 8  4.550350e-02
 9  3.810041e-02
 10  3.124706e-02
 11  2.601869e-02
 12  2.154507e-02
 13  1.750641e-02
 14  1.525568e-02
 15  1.285055e-02
 16  1.090942e-02
 17  9.079446e-03
 18  7.703800e-03
 19  6.652909e-03
 20  5.787432e-03
 21  5.140853e-03
 22  4.596524e-03
 23  4.050519e-03
 24  3.683818e-03
 25  3.420248e-03
 26  3.194660e-03
 27  3.029224e-03
 28  2.849228e-03
 29  2.638803e-03
 30  2.452479e-03
 31  2.240110e-03
 32  2.031776e-03
 33  1.806020e-03
 34  1.575645e-03
 35  1.355598e-03
 36  1.142795e-03
 37  9.711715e-04
 Iteration CPU time: 9 s
 CFIE residual: 0.000971172

 Iseg, Irank, Idinc : 1, 35, 37
 Thata, Phi : 90.000000, 36.000000
 Maximun iteration: 300
 Number of recycle truncation: 30
 Final matrix dimension:  36708
 Residual error:0.001000
 0  6.230275e-01
 1  3.150843e-01
 2  1.925638e-01
 3  1.223795e-01
 4  8.484363e-02
 5  6.200785e-02
 6  4.739337e-02
 7  3.599904e-02
 8  2.806400e-02
 9  2.230581e-02
 10  1.720697e-02
 11  1.408428e-02
 12  1.181027e-02
 13  1.004761e-02
 14  8.913316e-03
 15  7.786477e-03
 16  6.918706e-03
 17  6.357666e-03
 18  5.791624e-03
 19  5.439558e-03
 20  5.162400e-03
 21  4.902139e-03
 22  4.661885e-03
 23  4.437809e-03
 24  4.097113e-03
 25  3.732183e-03
 26  3.365126e-03
 27  2.929021e-03
 28  2.494365e-03
 29  2.103358e-03
 30  1.754966e-03
 31  1.472061e-03
 32  1.239680e-03
 33  1.030778e-03
 34  8.572287e-04
 Iteration CPU time: 7 s
 CFIE residual: 0.000857229

 Iseg, Irank, Idinc : 1, 36, 142
 Thata, Phi : 90.000000, 141.000000
 Maximun iteration: 300
 Number of recycle truncation: 30
 Final matrix dimension:  36708
 Residual error:0.001000
 0  6.864878e-01
 1  3.498035e-01
 2  2.107569e-01
 3  1.437229e-01
 4  1.028768e-01
 5  7.723177e-02
 6  5.949810e-02
 7  4.692065e-02
 8  3.872546e-02
 9  3.294667e-02
 10  2.846907e-02
 11  2.455975e-02
 12  2.168369e-02
 13  1.873446e-02
 14  1.607516e-02
 15  1.440488e-02
 16  1.286993e-02
 17  1.150297e-02
 18  1.055681e-02
 19  9.703208e-03
 20  9.140455e-03
 21  8.647475e-03
 22  8.203712e-03
 23  7.783488e-03
 24  7.383726e-03
 25  6.960420e-03
 26  6.488889e-03
 27  5.954951e-03
 28  5.323481e-03
 29  4.707536e-03
 30  4.038540e-03
 31  3.459687e-03
 32  2.843824e-03
 33  2.304706e-03
 34  1.829319e-03
 35  1.466448e-03
 36  1.163042e-03
 37  9.181957e-04
 Iteration CPU time: 8 s
 CFIE residual: 0.000918196

 Iseg, Irank, Idinc : 1, 37, 87
 Thata, Phi : 90.000000, 86.000000
 Maximun iteration: 300
 Number of recycle truncation: 30
 Final matrix dimension:  36708
 Residual error:0.001000
 0  6.012358e-01
 1  3.459055e-01
 2  2.183020e-01
 3  1.492491e-01
 4  1.090397e-01
 5  8.373608e-02
 6  6.448159e-02
 7  5.066244e-02
 8  4.189276e-02
 9  3.423154e-02
 10  2.821627e-02
 11  2.372241e-02
 12  2.048561e-02
 13  1.824507e-02
 14  1.669009e-02
 15  1.528382e-02
 16  1.417109e-02
 17  1.330434e-02
 18  1.270440e-02
 19  1.218348e-02
 20  1.162486e-02
 21  1.097962e-02
 22  1.025189e-02
 23  9.358338e-03
 24  8.307313e-03
 25  7.378498e-03
 26  6.290951e-03
 27  5.368274e-03
 28  4.489696e-03
 29  3.762245e-03
 30  3.204945e-03
 31  2.627254e-03
 32  2.177837e-03
 33  1.781879e-03
 34  1.441207e-03
 35  1.157689e-03
 36  9.316042e-04
 Iteration CPU time: 8 s
 CFIE residual: 0.000931604

 Iseg, Irank, Idinc : 1, 38, 13
 Thata, Phi : 90.000000, 12.000000
 Maximun iteration: 300
 Number of recycle truncation: 30
 Final matrix dimension:  36708
 Residual error:0.001000
 0  5.741153e-01
 1  2.841061e-01
 2  1.780020e-01
 3  1.236741e-01
 4  8.959504e-02
 5  6.685714e-02
 6  5.059843e-02
 7  3.983841e-02
 8  3.125274e-02
 9  2.445272e-02
 10  1.953093e-02
 11  1.551769e-02
 12  1.261172e-02
 13  1.022593e-02
 14  8.596077e-03
 15  7.209044e-03
 16  6.154611e-03
 17  5.317029e-03
 18  4.687507e-03
 19  4.152506e-03
 20  3.694996e-03
 21  3.408681e-03
 22  3.112311e-03
 23  2.863757e-03
 24  2.699654e-03
 25  2.563919e-03
 26  2.420547e-03
 27  2.293162e-03
 28  2.157481e-03
 29  2.037798e-03
 30  1.922998e-03
 31  1.798941e-03
 32  1.641384e-03
 33  1.469400e-03
 34  1.278223e-03
 35  1.093385e-03
 36  9.044398e-04
 Iteration CPU time: 8 s
 CFIE residual: 0.00090444

 Iseg, Irank, Idinc : 1, 39, 68
 Thata, Phi : 90.000000, 67.000000
 Maximun iteration: 300
 Number of recycle truncation: 30
 Final matrix dimension:  36708
 Residual error:0.001000
 0  6.446778e-01
 1  3.677346e-01
 2  2.358868e-01
 3  1.505134e-01
 4  1.071435e-01
 5  8.393094e-02
 6  6.436446e-02
 7  5.059681e-02
 8  4.150795e-02
 9  3.403750e-02
 10  2.706145e-02
 11  2.255680e-02
 12  1.927272e-02
 13  1.696090e-02
 14  1.566622e-02
 15  1.464385e-02
 16  1.387722e-02
 17  1.322458e-02
 18  1.252120e-02
 19  1.170211e-02
 20  1.085384e-02
 21  9.987222e-03
 22  9.066269e-03
 23  7.989229e-03
 24  6.858569e-03
 25  5.675796e-03
 26  4.779076e-03
 27  3.999758e-03
 28  3.339686e-03
 29  2.802000e-03
 30  2.257739e-03
 31  1.841953e-03
 32  1.499689e-03
 33  1.238775e-03
 34  9.679586e-04
 Iteration CPU time: 8 s
 CFIE residual: 0.000967959

 Iseg, Irank, Idinc : 1, 40, 112
 Thata, Phi : 90.000000, 111.000000
 Maximun iteration: 300
 Number of recycle truncation: 30
 Final matrix dimension:  36708
 Residual error:0.001000
 0  6.302722e-01
 1  3.488494e-01
 2  2.177932e-01
 3  1.481768e-01
 4  1.052362e-01
 5  7.802242e-02
 6  6.064564e-02
 7  4.755162e-02
 8  3.826615e-02
 9  3.108020e-02
 10  2.505068e-02
 11  2.074512e-02
 12  1.754416e-02
 13  1.502318e-02
 14  1.326285e-02
 15  1.185351e-02
 16  1.079036e-02
 17  1.002153e-02
 18  9.314410e-03
 19  8.830387e-03
 20  8.426051e-03
 21  8.008915e-03
 22  7.641052e-03
 23  7.231063e-03
 24  6.807343e-03
 25  6.325957e-03
 26  5.767770e-03
 27  5.049696e-03
 28  4.408249e-03
 29  3.701949e-03
 30  3.121539e-03
 31  2.571068e-03
 32  2.061173e-03
 33  1.633635e-03
 34  1.276628e-03
 35  9.850219e-04
 Iteration CPU time: 8 s
 CFIE residual: 0.000985022
 Last Built End in Sep 22 2025 09:01:48
 Total CPU time: 347 s
 Finished.
