 Last Built Begin in Sep 21 2025 00:06:12
 Pre-Type( Input ):            8
 Skl-Tol ( Input ):    1.0000000000000000E-002
 Wavelength in freespace: 0.308219

 ################################################
 ##         Generating Required Mesh          ##
 ##         Waiting.....                      ##
 ################################################
 Subd No.      Subd Name
    1    sphere1                                                           
 isub,  nnode, npatch,  nedge:
    1       604      1204      1806
 Scale Factor         >>   9.99999978E-03
 ################################################

 START TIME: 20250922   003030.982


 Informaton for IE geometry:
 number of subdomains     : 1
 maxnode,maxpatch,maxedge : 604  1204  1806
 
 Index of Mat-Reg: 1
 Mat-Reg Number via MatFlg: 1
 Edge Number of Mat-Reg: 1, 1806

 Number of Edge on PEC: 0
 Mat-Reg: No Dim(m) Lmax:
    1 0.162    2
 Totlmax, add1, add2:           2           3           4
 rlengmax of Global MLFMA >>   0.16222215699822556     
 Lmax of Global MLFMA >>            2
 Wavenum of Mat-Reg:
    1 1.000

 total area in sq m           =      0.1254
 total area in sq lambda      =      1.3195
 maxnode, maxpatch, maxedge           =      604     1204     1806
 longest  edge in lambda              =      0.0707
 shortest edge in lambda              =      0.0308
 average  edge in lambda              =      0.0504
 largest  patch area in sq lambda     =      0.0018
 smallest patch area in sq lambda     =      0.0005
 ave    surface area in sq lambda     =      0.0011
 size range of the object in sq lambda =      0.6489

 #### MLFMA Info For Each Region ####
 Mat-Region =            1
 Array dimension parameters:
 maxrule=          14   maxgrid  =          64
 lmax   =           2   ncmax    =          65
 lsmax  =           5   lsmin    =           5
 kpm    =          54   kp0      =          54
 ntlm   =       17064   nsm      =        3024
 nkpm   =          54   niplm    =        3456
 ngnearm=         632   ngsndm   =        2504
 nearm  =         413   mfinestm =          43
 ###############################

 CFIE Alpha:  0.50000000000000000     

 Fill MLFMA FI for Mat-Reg:           1
 Begin filltl.f
 fill translation matrix
 Level:            2
 fill shifting matrix
 translator time(s):   2.40000002E-02
 fill interpolation matrix
 Filling TL                  Delta_CPU=          0.10 Memory(MB)=         60.05
 Filling sndgrp              Delta_CPU=          0.00 Memory(MB)=         60.05
 Filling VFS                 Delta_CPU=          0.17 Memory(MB)=         60.05

 Fill MLFMA NI for Mat-Reg:           1
 Begin fill sparser part of Nearfield
 Begin fill denser part of Nearfield
 End fill
 Filling Amn                 Delta_CPU=         12.97 Memory(MB)=         60.05


 Now testing preconditioner with
 ipretype =            8
 method = cfie_solve_nfpre_pardiso

  
 NBP>>Begin fill sparser part of Nearfield
 NBP>>Begin fill denser part of Nearfield

201.7857%
 Begin MLFMA Box-Matrix Based Prec Constructor
 --- Intel MKL PARDISO --- 
  >> Solver Initialized
  >> Proceed to ngrp_box loop
  >> Loop 0 Initialized
 Memory for iGRP: 1 0 MB
 Total Memory For NFB Pre: 0 MB
 --- PARDISO PRECONDITIONER INITIALIZED --- 
 Constructing preconditioner CPU time: 0 s
 
 108360
 Memory for Iteration:: 1.65344 MB

 Iseg, Ninc_S : 1, 181, 0

 Iseg, Skeleton Angles: 1, 8
 Iseg, Skel-Pk Mem(MB): 1, 30.96

 Iseg, Irank, Idinc : 1, 1, 133
 Thata, Phi : 90.000000, 132.000000
 Maximun iteration: 300
 Number of recycle truncation: 30
 Final matrix dimension:  3612
 Residual error:0.010000
 0  2.235033e-01
 1  1.230077e-01
 2  5.286018e-02
 3  2.522853e-02
 4  1.225766e-02
 5  5.930362e-03
 Iteration CPU time: 0 s
 CFIE residual: 0.00593036

 Iseg, Irank, Idinc : 1, 2, 40
 Thata, Phi : 90.000000, 39.000000
 Maximun iteration: 300
 Number of recycle truncation: 30
 Final matrix dimension:  3612
 Residual error:0.010000
 0  2.232830e-01
 1  1.225623e-01
 2  5.335571e-02
 3  2.593312e-02
 4  1.257742e-02
 5  6.256559e-03
 Iteration CPU time: 0 s
 CFIE residual: 0.00625656

 Iseg, Irank, Idinc : 1, 3, 1
 Thata, Phi : 90.000000, 0.000000
 Maximun iteration: 300
 Number of recycle truncation: 30
 Final matrix dimension:  3612
 Residual error:0.010000
 0  2.168661e-01
 1  1.186611e-01
 2  5.382945e-02
 3  2.674330e-02
 4  1.320904e-02
 5  6.235159e-03
 Iteration CPU time: 0 s
 CFIE residual: 0.00623516

 Iseg, Irank, Idinc : 1, 4, 181
 Thata, Phi : 90.000000, 180.000000
 Maximun iteration: 300
 Number of recycle truncation: 30
 Final matrix dimension:  3612
 Residual error:0.010000
 0  2.150354e-01
 1  1.165169e-01
 2  5.255775e-02
 3  2.569960e-02
 4  1.251229e-02
 5  5.914048e-03
 Iteration CPU time: 0 s
 CFIE residual: 0.00591405

 Iseg, Irank, Idinc : 1, 5, 87
 Thata, Phi : 90.000000, 86.000000
 Maximun iteration: 300
 Number of recycle truncation: 30
 Final matrix dimension:  3612
 Residual error:0.010000
 0  2.240311e-01
 1  1.239554e-01
 2  5.494902e-02
 3  2.764784e-02
 4  1.389528e-02
 5  6.672017e-03
 Iteration CPU time: 0 s
 CFIE residual: 0.00667202

 Iseg, Irank, Idinc : 1, 6, 160
 Thata, Phi : 90.000000, 159.000000
 Maximun iteration: 300
 Number of recycle truncation: 30
 Final matrix dimension:  3612
 Residual error:0.010000
 0  2.184795e-01
 1  1.192210e-01
 2  5.259898e-02
 3  2.527088e-02
 4  1.238585e-02
 5  5.962934e-03
 Iteration CPU time: 1 s
 CFIE residual: 0.00596293

 Iseg, Irank, Idinc : 1, 7, 63
 Thata, Phi : 90.000000, 62.000000
 Maximun iteration: 300
 Number of recycle truncation: 30
 Final matrix dimension:  3612
 Residual error:0.010000
 0  2.252992e-01
 1  1.239390e-01
 2  5.366043e-02
 3  2.639065e-02
 4  1.303297e-02
 5  6.473041e-03
 Iteration CPU time: 0 s
 CFIE residual: 0.00647304

 Iseg, Irank, Idinc : 1, 8, 15
 Thata, Phi : 90.000000, 14.000000
 Maximun iteration: 300
 Number of recycle truncation: 30
 Final matrix dimension:  3612
 Residual error:0.010000
 0  2.185543e-01
 1  1.198674e-01
 2  5.395462e-02
 3  2.671422e-02
 4  1.311554e-02
 5  6.307676e-03
 Iteration CPU time: 0 s
 CFIE residual: 0.00630768
 Last Built End in Sep 21 2025 00:06:12
 Total CPU time: 3 s
 Finished.
