 Last Built Begin in Sep 21 2025 00:06:12
 Pre-Type( Input ):            8
 Skl-Tol ( Input ):    1.0000000000000000E-002
 Wavelength in freespace: 0.428571

 ################################################
 ##         Generating Required Mesh          ##
 ##         Waiting.....                      ##
 ################################################
 Subd No.      Subd Name
    1    sphere1                                                           
 isub,  nnode, npatch,  nedge:
    1       604      1204      1806
 Scale Factor         >>   9.99999978E-03
 ################################################

 START TIME: 20250922   001746.553


 Informaton for IE geometry:
 number of subdomains     : 1
 maxnode,maxpatch,maxedge : 604  1204  1806
 
 Index of Mat-Reg: 1
 Mat-Reg Number via MatFlg: 1
 Edge Number of Mat-Reg: 1, 1806

 Number of Edge on PEC: 0
 Mat-Reg: No Dim(m) Lmax:
    1 0.233    1
 Totlmax, add1, add2:           1           2           3
 rlengmax of Global MLFMA >>   0.23333331942666663     
 Lmax of Global MLFMA >>            1
 Wavenum of Mat-Reg:
    1 1.000

 total area in sq m           =      0.1254
 total area in sq lambda      =      0.6825
 maxnode, maxpatch, maxedge           =      604     1204     1806
 longest  edge in lambda              =      0.0508
 shortest edge in lambda              =      0.0222
 average  edge in lambda              =      0.0363
 largest  patch area in sq lambda     =      0.0009
 smallest patch area in sq lambda     =      0.0003
 ave    surface area in sq lambda     =      0.0006
 size range of the object in sq lambda =      0.4667

 #### MLFMA Info For Each Region ####
 Mat-Region =            1
 Array dimension parameters:
 maxrule=          14   maxgrid  =          64
 lmax   =           1   ncmax    =           9
 lsmax  =           1   lsmin    =           1
 kpm    =           1   kp0      =           1
 ntlm   =           1   nsm      =           1
 nkpm   =           1   niplm    =          16
 ngnearm=          64   ngsndm   =           1
 nearm  =        1807   mfinestm =         244
 ###############################

 CFIE Alpha:  0.50000000000000000     

 Fill MLFMA NI for Mat-Reg:           1
 Begin fill sparser part of Nearfield
 Begin fill denser part of Nearfield
 End fill
 Filling Amn                 Delta_CPU=         47.01 Memory(MB)=        200.07


 Now testing preconditioner with
 ipretype =            8
 method = cfie_solve_nfpre_pardiso

  
 NBP>>Begin fill sparser part of Nearfield
 NBP>>Begin fill denser part of Nearfield

212.5000%
225.0000%
237.5000%
250.0000%
262.5000%
275.0000%
287.5000%
300.0000%
 Begin MLFMA Box-Matrix Based Prec Constructor
 --- Intel MKL PARDISO --- 
  >> Solver Initialized
  >> Proceed to ngrp_box loop
  >> Loop 0 Initialized
 Memory for iGRP: 1 0 MB
 Total Memory For NFB Pre: 0 MB
 --- PARDISO PRECONDITIONER INITIALIZED --- 
 Constructing preconditioner CPU time: 0 s
 
 108360
 Memory for Iteration:: 1.65344 MB

 Iseg, Ninc_S : 1, 181, 0

 Iseg, Skeleton Angles: 1, 7
 Iseg, Skel-Pk Mem(MB): 1, 30.95

 Iseg, Irank, Idinc : 1, 1, 68
 Thata, Phi : 90.000000, 67.000000
 Maximun iteration: 300
 Number of recycle truncation: 30
 Final matrix dimension:  3612
 Residual error:0.010000
 0  2.001917e-01
 1  9.166348e-02
 2  3.879011e-02
 3  1.748503e-02
 4  7.286200e-03
 Iteration CPU time: 0 s
 CFIE residual: 0.0072862

 Iseg, Irank, Idinc : 1, 2, 144
 Thata, Phi : 90.000000, 143.000000
 Maximun iteration: 300
 Number of recycle truncation: 30
 Final matrix dimension:  3612
 Residual error:0.010000
 0  1.944116e-01
 1  8.476822e-02
 2  3.516694e-02
 3  1.543569e-02
 4  6.804685e-03
 Iteration CPU time: 0 s
 CFIE residual: 0.00680468

 Iseg, Irank, Idinc : 1, 3, 1
 Thata, Phi : 90.000000, 0.000000
 Maximun iteration: 300
 Number of recycle truncation: 30
 Final matrix dimension:  3612
 Residual error:0.010000
 0  2.089459e-01
 1  9.299207e-02
 2  3.878139e-02
 3  1.712641e-02
 4  7.073115e-03
 Iteration CPU time: 0 s
 CFIE residual: 0.00707312

 Iseg, Irank, Idinc : 1, 4, 181
 Thata, Phi : 90.000000, 180.000000
 Maximun iteration: 300
 Number of recycle truncation: 30
 Final matrix dimension:  3612
 Residual error:0.010000
 0  2.060792e-01
 1  9.246209e-02
 2  3.759986e-02
 3  1.559811e-02
 4  6.704769e-03
 Iteration CPU time: 0 s
 CFIE residual: 0.00670477

 Iseg, Irank, Idinc : 1, 5, 32
 Thata, Phi : 90.000000, 31.000000
 Maximun iteration: 300
 Number of recycle truncation: 30
 Final matrix dimension:  3612
 Residual error:0.010000
 0  1.984689e-01
 1  8.737825e-02
 2  3.758536e-02
 3  1.730691e-02
 4  7.259056e-03
 Iteration CPU time: 0 s
 CFIE residual: 0.00725906

 Iseg, Irank, Idinc : 1, 6, 109
 Thata, Phi : 90.000000, 108.000000
 Maximun iteration: 300
 Number of recycle truncation: 30
 Final matrix dimension:  3612
 Residual error:0.010000
 0  2.001594e-01
 1  9.126931e-02
 2  3.740896e-02
 3  1.654024e-02
 4  7.122078e-03
 Iteration CPU time: 1 s
 CFIE residual: 0.00712208

 Iseg, Irank, Idinc : 1, 7, 166
 Thata, Phi : 90.000000, 165.000000
 Maximun iteration: 300
 Number of recycle truncation: 30
 Final matrix dimension:  3612
 Residual error:0.010000
 0  2.030474e-01
 1  9.033039e-02
 2  3.711101e-02
 3  1.555497e-02
 4  6.727365e-03
 Iteration CPU time: 0 s
 CFIE residual: 0.00672737
 Last Built End in Sep 21 2025 00:06:12
 Total CPU time: 7 s
 Finished.
