 Last Built Begin in Sep 21 2025 00:06:12
 Pre-Type( Input ):           10
 Skl-Tol ( Input ):    1.0000000000000001E-005
 Wavelength in freespace: 0.0292969

 ################################################
 ##         Generating Required Mesh          ##
 ##         Waiting.....                      ##
 ################################################
 Subd No.      Subd Name
    1    Open-Duct_PRIME_model_meshAA1                                     
 isub,  nnode, npatch,  nedge:
    1      6118     12236     18354
 Scale Factor         >>   1.54999997E-02
 ################################################

 START TIME: 20250922   070857.445


 Informaton for IE geometry:
 number of subdomains     : 1
 maxnode,maxpatch,maxedge : 6118  12236  18354
 
 Index of Mat-Reg: 1
 Mat-Reg Number via MatFlg: 1
 Edge Number of Mat-Reg: 1, 18354

 Number of Edge on PEC: 18354
 Mat-Reg: No Dim(m) Lmax:
    1 0.245    5
 Totlmax, add1, add2:           5           6           7
 rlengmax of Global MLFMA >>   0.24473862648106665     
 Lmax of Global MLFMA >>            5
 Wavenum of Mat-Reg:
    1 1.000

 total area in sq m           =      0.0510
 total area in sq lambda      =     59.3843
 maxnode, maxpatch, maxedge           =     6118    12236    18354
 longest  edge in lambda              =      0.1593
 shortest edge in lambda              =      0.0076
 average  edge in lambda              =      0.1064
 largest  patch area in sq lambda     =      0.0086
 smallest patch area in sq lambda     =      0.0000
 ave    surface area in sq lambda     =      0.0049
 size range of the object in sq lambda =      7.8316

 #### MLFMA Info For Each Region ####
 Mat-Region =            1
 Array dimension parameters:
 maxrule=          14   maxgrid  =          64
 lmax   =           5   ncmax    =        1250
 lsmax  =          27   lsmin    =           7
 kpm    =        1462   kp0      =         102
 ntlm   =      217096   nsm      =      232158
 nkpm   =        2284   niplm    =      146176
 ngnearm=       14257   ngsndm   =       64634
 nearm  =         333   mfinestm =         119
 ###############################

 CFIE Alpha:  0.50000000000000000     

 Fill MLFMA FI for Mat-Reg:           1
 Begin filltl.f
 fill translation matrix
 Level:            2
 fill shifting matrix
 Level:            3
 fill shifting matrix
 Level:            4
 fill shifting matrix
 Level:            5
 fill shifting matrix
 translator time(s):  0.143000007    
 fill interpolation matrix
 ThetaOrder            8
 PhiOrder            8
 lsl            7
 Filling TL                  Delta_CPU=          0.57 Memory(MB)=        653.98
 Filling sndgrp              Delta_CPU=          0.00 Memory(MB)=        653.98
 Filling VFS                 Delta_CPU=          3.23 Memory(MB)=        653.98

 Fill MLFMA NI for Mat-Reg:           1
 Begin fill sparser part of Nearfield
 Begin fill denser part of Nearfield
 End fill
 Filling Amn                 Delta_CPU=         89.50 Memory(MB)=        653.98


 Now testing preconditioner with
 ipretype =           10
 method = cfie_solve_nfrasspspre_pardiso

  
 NBP>>Begin fill sparser part of Nearfield

116.4412% NBP>>Begin fill denser part of Nearfield

200.1041%
 Begin MLFMA Box-Matrix Based Spar-RAS Prec Constructor
 --- Intel MKL PARDISO --- 
 Memory for iGroup: 1 0 MB
 Total Memory For SparRAS Pre: 0 MB
 --- PARDISO PRECONDITIONER INITIALIZED --- 
 Constructing preconditioner CPU time: 4 s
 
 1101240
 Memory for Iteration:: 16.8036 MB

 Iseg, Ninc_S : 1, 181, 0

 Iseg, Skeleton Angles: 1, 40
 Iseg, Skel-Pk Mem(MB): 1, 314.35

 Iseg, Irank, Idinc : 1, 1, 42
 Thata, Phi : 90.000000, 41.000000
 Maximun iteration: 300
 Number of recycle truncation: 30
 Final matrix dimension:  36708
 Residual error:0.001000
 0  6.312802e-01
 1  3.152243e-01
 2  1.993727e-01
 3  1.275559e-01
 4  8.801846e-02
 5  6.493890e-02
 6  4.895218e-02
 7  3.738442e-02
 8  2.841638e-02
 9  2.176698e-02
 10  1.619234e-02
 11  1.301147e-02
 12  1.045422e-02
 13  8.544791e-03
 14  7.132214e-03
 15  5.946245e-03
 16  5.090864e-03
 17  4.229102e-03
 18  3.633785e-03
 19  3.180973e-03
 20  2.900992e-03
 21  2.660721e-03
 22  2.525904e-03
 23  2.410262e-03
 24  2.325961e-03
 25  2.241921e-03
 26  2.176786e-03
 27  2.099896e-03
 28  2.018467e-03
 29  1.927357e-03
 30  1.818897e-03
 31  1.682540e-03
 32  1.530983e-03
 33  1.332099e-03
 34  1.113402e-03
 35  9.392655e-04
 Iteration CPU time: 8 s
 CFIE residual: 0.000939265

 Iseg, Irank, Idinc : 1, 2, 63
 Thata, Phi : 90.000000, 62.000000
 Maximun iteration: 300
 Number of recycle truncation: 30
 Final matrix dimension:  36708
 Residual error:0.001000
 0  6.577844e-01
 1  3.583510e-01
 2  2.230390e-01
 3  1.427076e-01
 4  1.012326e-01
 5  7.786583e-02
 6  5.851556e-02
 7  4.668447e-02
 8  3.685125e-02
 9  2.933069e-02
 10  2.264867e-02
 11  1.765236e-02
 12  1.421154e-02
 13  1.147229e-02
 14  9.607010e-03
 15  8.314529e-03
 16  7.076782e-03
 17  6.291021e-03
 18  5.683013e-03
 19  5.284631e-03
 20  5.037715e-03
 21  4.828211e-03
 22  4.639318e-03
 23  4.441641e-03
 24  4.263365e-03
 25  4.093329e-03
 26  3.939393e-03
 27  3.740354e-03
 28  3.472608e-03
 29  3.150383e-03
 30  2.719156e-03
 31  2.334373e-03
 32  1.947134e-03
 33  1.614019e-03
 34  1.325773e-03
 35  1.086857e-03
 36  8.883257e-04
 Iteration CPU time: 8 s
 CFIE residual: 0.000888326

 Iseg, Irank, Idinc : 1, 3, 109
 Thata, Phi : 90.000000, 108.000000
 Maximun iteration: 300
 Number of recycle truncation: 30
 Final matrix dimension:  36708
 Residual error:0.001000
 0  6.224274e-01
 1  3.515563e-01
 2  2.185190e-01
 3  1.492473e-01
 4  1.053106e-01
 5  7.920620e-02
 6  6.096838e-02
 7  4.755341e-02
 8  3.791713e-02
 9  3.022226e-02
 10  2.436100e-02
 11  2.002761e-02
 12  1.618810e-02
 13  1.348250e-02
 14  1.123051e-02
 15  9.233241e-03
 16  7.978481e-03
 17  6.829304e-03
 18  5.873736e-03
 19  5.094132e-03
 20  4.464689e-03
 21  3.936503e-03
 22  3.609594e-03
 23  3.374040e-03
 24  3.211184e-03
 25  3.083239e-03
 26  2.985025e-03
 27  2.888383e-03
 28  2.792387e-03
 29  2.670060e-03
 30  2.486586e-03
 31  2.243609e-03
 32  2.005764e-03
 33  1.719187e-03
 34  1.487190e-03
 35  1.262270e-03
 36  1.039373e-03
 37  8.438533e-04
 Iteration CPU time: 8 s
 CFIE residual: 0.000843853

 Iseg, Irank, Idinc : 1, 4, 22
 Thata, Phi : 90.000000, 21.000000
 Maximun iteration: 300
 Number of recycle truncation: 30
 Final matrix dimension:  36708
 Residual error:0.001000
 0  6.288842e-01
 1  2.950021e-01
 2  1.731122e-01
 3  1.149355e-01
 4  8.011920e-02
 5  5.928088e-02
 6  4.502195e-02
 7  3.495056e-02
 8  2.801297e-02
 9  2.245401e-02
 10  1.802508e-02
 11  1.441449e-02
 12  1.171509e-02
 13  9.717438e-03
 14  8.127536e-03
 15  6.569954e-03
 16  5.522980e-03
 17  4.754145e-03
 18  3.963999e-03
 19  3.366552e-03
 20  2.824495e-03
 21  2.390724e-03
 22  2.026928e-03
 23  1.788791e-03
 24  1.588567e-03
 25  1.442856e-03
 26  1.310848e-03
 27  1.203450e-03
 28  1.131780e-03
 29  1.082865e-03
 30  1.036144e-03
 31  9.982943e-04
 Iteration CPU time: 7 s
 CFIE residual: 0.000998294

 Iseg, Irank, Idinc : 1, 5, 147
 Thata, Phi : 90.000000, 146.000000
 Maximun iteration: 300
 Number of recycle truncation: 30
 Final matrix dimension:  36708
 Residual error:0.001000
 0  6.566032e-01
 1  3.458648e-01
 2  2.106975e-01
 3  1.414128e-01
 4  1.014308e-01
 5  7.709837e-02
 6  6.016053e-02
 7  4.742144e-02
 8  3.947781e-02
 9  3.377570e-02
 10  2.856398e-02
 11  2.470641e-02
 12  2.147663e-02
 13  1.818339e-02
 14  1.501288e-02
 15  1.263033e-02
 16  1.064830e-02
 17  8.821500e-03
 18  7.174591e-03
 19  6.119912e-03
 20  5.099185e-03
 21  4.359345e-03
 22  3.817822e-03
 23  3.364845e-03
 24  3.025531e-03
 25  2.739283e-03
 26  2.521846e-03
 27  2.363793e-03
 28  2.250381e-03
 29  2.176443e-03
 30  2.103970e-03
 31  2.037490e-03
 32  1.967495e-03
 33  1.847774e-03
 34  1.711868e-03
 35  1.538005e-03
 36  1.323594e-03
 37  1.112806e-03
 38  9.046953e-04
 Iteration CPU time: 9 s
 CFIE residual: 0.000904695

 Iseg, Irank, Idinc : 1, 6, 136
 Thata, Phi : 90.000000, 135.000000
 Maximun iteration: 300
 Number of recycle truncation: 30
 Final matrix dimension:  36708
 Residual error:0.001000
 0  6.979362e-01
 1  3.512148e-01
 2  2.187676e-01
 3  1.481391e-01
 4  1.070770e-01
 5  8.042312e-02
 6  6.068213e-02
 7  4.799988e-02
 8  3.836781e-02
 9  3.232702e-02
 10  2.609752e-02
 11  2.149914e-02
 12  1.753513e-02
 13  1.472249e-02
 14  1.227976e-02
 15  1.010401e-02
 16  8.482209e-03
 17  7.120312e-03
 18  6.069096e-03
 19  5.228450e-03
 20  4.525067e-03
 21  4.110203e-03
 22  3.694261e-03
 23  3.407726e-03
 24  3.179456e-03
 25  3.023366e-03
 26  2.899267e-03
 27  2.796188e-03
 28  2.706691e-03
 29  2.629396e-03
 30  2.518954e-03
 31  2.408878e-03
 32  2.288375e-03
 33  2.145655e-03
 34  1.949380e-03
 35  1.762709e-03
 36  1.561144e-03
 37  1.319408e-03
 38  1.073855e-03
 39  8.462730e-04
 Iteration CPU time: 9 s
 CFIE residual: 0.000846273

 Iseg, Irank, Idinc : 1, 7, 83
 Thata, Phi : 90.000000, 82.000000
 Maximun iteration: 300
 Number of recycle truncation: 30
 Final matrix dimension:  36708
 Residual error:0.001000
 0  6.103866e-01
 1  3.494248e-01
 2  2.233060e-01
 3  1.498010e-01
 4  1.091454e-01
 5  8.340618e-02
 6  6.400230e-02
 7  5.062494e-02
 8  4.083031e-02
 9  3.175109e-02
 10  2.524121e-02
 11  2.071926e-02
 12  1.708042e-02
 13  1.403282e-02
 14  1.186847e-02
 15  1.003426e-02
 16  8.588084e-03
 17  7.524680e-03
 18  6.746554e-03
 19  6.082483e-03
 20  5.574502e-03
 21  5.231338e-03
 22  4.969598e-03
 23  4.772227e-03
 24  4.627552e-03
 25  4.503434e-03
 26  4.379102e-03
 27  4.211712e-03
 28  4.025843e-03
 29  3.775610e-03
 30  3.412029e-03
 31  3.050766e-03
 32  2.668112e-03
 33  2.307697e-03
 34  1.853576e-03
 35  1.543797e-03
 36  1.259581e-03
 37  1.037879e-03
 38  8.523250e-04
 Iteration CPU time: 8 s
 CFIE residual: 0.000852325

 Iseg, Irank, Idinc : 1, 8, 72
 Thata, Phi : 90.000000, 71.000000
 Maximun iteration: 300
 Number of recycle truncation: 30
 Final matrix dimension:  36708
 Residual error:0.001000
 0  6.368404e-01
 1  3.651304e-01
 2  2.355617e-01
 3  1.481346e-01
 4  1.040747e-01
 5  8.174985e-02
 6  6.296122e-02
 7  4.868192e-02
 8  3.854202e-02
 9  3.151274e-02
 10  2.536562e-02
 11  2.022412e-02
 12  1.603207e-02
 13  1.315322e-02
 14  1.106647e-02
 15  9.446698e-03
 16  8.222199e-03
 17  7.281729e-03
 18  6.552740e-03
 19  6.057145e-03
 20  5.721931e-03
 21  5.426136e-03
 22  5.205879e-03
 23  4.991512e-03
 24  4.784103e-03
 25  4.637028e-03
 26  4.460526e-03
 27  4.267658e-03
 28  4.004753e-03
 29  3.683610e-03
 30  3.231769e-03
 31  2.795188e-03
 32  2.378345e-03
 33  1.971171e-03
 34  1.627441e-03
 35  1.323363e-03
 36  1.093716e-03
 37  8.793882e-04
 Iteration CPU time: 9 s
 CFIE residual: 0.000879388

 Iseg, Irank, Idinc : 1, 9, 159
 Thata, Phi : 90.000000, 158.000000
 Maximun iteration: 300
 Number of recycle truncation: 30
 Final matrix dimension:  36708
 Residual error:0.001000
 0  6.198080e-01
 1  3.149460e-01
 2  1.919996e-01
 3  1.297844e-01
 4  9.732141e-02
 5  7.746415e-02
 6  6.216661e-02
 7  5.094905e-02
 8  4.264317e-02
 9  3.667837e-02
 10  3.150508e-02
 11  2.742052e-02
 12  2.367105e-02
 13  2.019954e-02
 14  1.659234e-02
 15  1.413227e-02
 16  1.194762e-02
 17  9.816459e-03
 18  8.228256e-03
 19  6.940256e-03
 20  5.743488e-03
 21  4.777648e-03
 22  4.009250e-03
 23  3.405779e-03
 24  2.887169e-03
 25  2.485029e-03
 26  2.156347e-03
 27  1.939335e-03
 28  1.790859e-03
 29  1.679230e-03
 30  1.603987e-03
 31  1.532609e-03
 32  1.482135e-03
 33  1.420863e-03
 34  1.357405e-03
 35  1.270143e-03
 36  1.145525e-03
 37  9.696641e-04
 Iteration CPU time: 8 s
 CFIE residual: 0.000969664

 Iseg, Irank, Idinc : 1, 10, 124
 Thata, Phi : 90.000000, 123.000000
 Maximun iteration: 300
 Number of recycle truncation: 30
 Final matrix dimension:  36708
 Residual error:0.001000
 0  6.549312e-01
 1  3.413060e-01
 2  2.216653e-01
 3  1.563204e-01
 4  1.125808e-01
 5  8.260900e-02
 6  6.541813e-02
 7  5.108897e-02
 8  4.092201e-02
 9  3.303772e-02
 10  2.581753e-02
 11  2.076319e-02
 12  1.611718e-02
 13  1.295833e-02
 14  1.059254e-02
 15  8.850156e-03
 16  7.592740e-03
 17  6.506013e-03
 18  5.439525e-03
 19  4.719496e-03
 20  4.219944e-03
 21  3.734646e-03
 22  3.411461e-03
 23  3.139546e-03
 24  2.915177e-03
 25  2.729763e-03
 26  2.606736e-03
 27  2.496234e-03
 28  2.402157e-03
 29  2.334160e-03
 30  2.251147e-03
 31  2.165257e-03
 32  2.082926e-03
 33  1.970372e-03
 34  1.837660e-03
 35  1.684964e-03
 36  1.501729e-03
 37  1.266517e-03
 38  1.039894e-03
 39  8.362279e-04
 Iteration CPU time: 9 s
 CFIE residual: 0.000836228

 Iseg, Irank, Idinc : 1, 11, 53
 Thata, Phi : 90.000000, 52.000000
 Maximun iteration: 300
 Number of recycle truncation: 30
 Final matrix dimension:  36708
 Residual error:0.001000
 0  6.530577e-01
 1  3.441135e-01
 2  2.107680e-01
 3  1.350752e-01
 4  9.653928e-02
 5  7.344627e-02
 6  5.705631e-02
 7  4.403198e-02
 8  3.365695e-02
 9  2.598547e-02
 10  2.020814e-02
 11  1.584067e-02
 12  1.243665e-02
 13  9.825331e-03
 14  8.259967e-03
 15  7.006913e-03
 16  5.963427e-03
 17  5.109556e-03
 18  4.536791e-03
 19  4.045593e-03
 20  3.766882e-03
 21  3.616637e-03
 22  3.500557e-03
 23  3.362077e-03
 24  3.236611e-03
 25  3.123167e-03
 26  2.995547e-03
 27  2.824796e-03
 28  2.626328e-03
 29  2.387608e-03
 30  2.090030e-03
 31  1.800327e-03
 32  1.531600e-03
 33  1.286279e-03
 34  1.079819e-03
 35  8.945782e-04
 Iteration CPU time: 8 s
 CFIE residual: 0.000894578

 Iseg, Irank, Idinc : 1, 12, 176
 Thata, Phi : 90.000000, 175.000000
 Maximun iteration: 300
 Number of recycle truncation: 30
 Final matrix dimension:  36708
 Residual error:0.001000
 0  5.857650e-01
 1  2.979543e-01
 2  1.857220e-01
 3  1.316049e-01
 4  1.016454e-01
 5  8.110207e-02
 6  6.535667e-02
 7  5.502196e-02
 8  4.567112e-02
 9  3.744919e-02
 10  3.137251e-02
 11  2.609131e-02
 12  2.160733e-02
 13  1.803234e-02
 14  1.495693e-02
 15  1.218421e-02
 16  1.008054e-02
 17  8.345809e-03
 18  6.945778e-03
 19  5.769934e-03
 20  4.805173e-03
 21  4.094732e-03
 22  3.420630e-03
 23  2.932800e-03
 24  2.543872e-03
 25  2.201894e-03
 26  1.915593e-03
 27  1.690543e-03
 28  1.516004e-03
 29  1.369490e-03
 30  1.273116e-03
 31  1.190758e-03
 32  1.131345e-03
 33  1.090558e-03
 34  1.051235e-03
 35  1.009859e-03
 36  9.687687e-04
 Iteration CPU time: 8 s
 CFIE residual: 0.000968769

 Iseg, Irank, Idinc : 1, 13, 91
 Thata, Phi : 90.000000, 90.000000
 Maximun iteration: 300
 Number of recycle truncation: 30
 Final matrix dimension:  36708
 Residual error:0.001000
 0  6.027981e-01
 1  3.462567e-01
 2  2.193759e-01
 3  1.497820e-01
 4  1.072836e-01
 5  8.192473e-02
 6  6.379873e-02
 7  4.999321e-02
 8  4.041651e-02
 9  3.220612e-02
 10  2.615728e-02
 11  2.155406e-02
 12  1.789628e-02
 13  1.527137e-02
 14  1.291899e-02
 15  1.067833e-02
 16  9.078077e-03
 17  7.829205e-03
 18  6.867555e-03
 19  6.097409e-03
 20  5.489496e-03
 21  5.039151e-03
 22  4.723333e-03
 23  4.500312e-03
 24  4.344925e-03
 25  4.217268e-03
 26  4.095386e-03
 27  3.960945e-03
 28  3.783577e-03
 29  3.563217e-03
 30  3.292112e-03
 31  2.987399e-03
 32  2.679046e-03
 33  2.331969e-03
 34  1.969704e-03
 35  1.676105e-03
 36  1.382091e-03
 37  1.120968e-03
 38  8.929520e-04
 Iteration CPU time: 9 s
 CFIE residual: 0.000892952

 Iseg, Irank, Idinc : 1, 14, 32
 Thata, Phi : 90.000000, 31.000000
 Maximun iteration: 300
 Number of recycle truncation: 30
 Final matrix dimension:  36708
 Residual error:0.001000
 0  6.318177e-01
 1  3.076677e-01
 2  1.822240e-01
 3  1.138352e-01
 4  8.003148e-02
 5  5.887428e-02
 6  4.334383e-02
 7  3.304058e-02
 8  2.590684e-02
 9  2.057805e-02
 10  1.655823e-02
 11  1.358315e-02
 12  1.069795e-02
 13  8.906869e-03
 14  7.312891e-03
 15  5.953193e-03
 16  4.985834e-03
 17  4.224440e-03
 18  3.538855e-03
 19  3.085188e-03
 20  2.679533e-03
 21  2.370548e-03
 22  2.104891e-03
 23  1.938891e-03
 24  1.789425e-03
 25  1.689711e-03
 26  1.605437e-03
 27  1.527470e-03
 28  1.471122e-03
 29  1.418877e-03
 30  1.365093e-03
 31  1.307912e-03
 32  1.244050e-03
 33  1.164754e-03
 34  1.064604e-03
 35  9.434851e-04
 Iteration CPU time: 8 s
 CFIE residual: 0.000943485

 Iseg, Irank, Idinc : 1, 15, 9
 Thata, Phi : 90.000000, 8.000000
 Maximun iteration: 300
 Number of recycle truncation: 30
 Final matrix dimension:  36708
 Residual error:0.001000
 0  5.441076e-01
 1  2.776962e-01
 2  1.768192e-01
 3  1.237809e-01
 4  9.014167e-02
 5  6.738212e-02
 6  5.120813e-02
 7  3.959893e-02
 8  3.112297e-02
 9  2.428319e-02
 10  1.923356e-02
 11  1.530275e-02
 12  1.238337e-02
 13  1.007276e-02
 14  8.144263e-03
 15  6.463339e-03
 16  5.476085e-03
 17  4.618213e-03
 18  3.902340e-03
 19  3.305356e-03
 20  2.849981e-03
 21  2.472869e-03
 22  2.078372e-03
 23  1.785625e-03
 24  1.563794e-03
 25  1.364349e-03
 26  1.200762e-03
 27  1.052598e-03
 28  9.411411e-04
 Iteration CPU time: 6 s
 CFIE residual: 0.000941141

 Iseg, Irank, Idinc : 1, 16, 100
 Thata, Phi : 90.000000, 99.000000
 Maximun iteration: 300
 Number of recycle truncation: 30
 Final matrix dimension:  36708
 Residual error:0.001000
 0  6.078289e-01
 1  3.440489e-01
 2  2.157289e-01
 3  1.461512e-01
 4  1.049390e-01
 5  7.915559e-02
 6  6.099287e-02
 7  4.858179e-02
 8  3.842567e-02
 9  3.143605e-02
 10  2.565661e-02
 11  2.112426e-02
 12  1.744764e-02
 13  1.448889e-02
 14  1.232367e-02
 15  1.036625e-02
 16  8.807227e-03
 17  7.617719e-03
 18  6.553399e-03
 19  5.668362e-03
 20  4.988696e-03
 21  4.477197e-03
 22  4.143537e-03
 23  3.923417e-03
 24  3.721583e-03
 25  3.610302e-03
 26  3.500104e-03
 27  3.383590e-03
 28  3.256805e-03
 29  3.111233e-03
 30  2.930850e-03
 31  2.721360e-03
 32  2.448961e-03
 33  2.138088e-03
 34  1.797521e-03
 35  1.521850e-03
 36  1.260882e-03
 37  1.035760e-03
 38  8.468293e-04
 Iteration CPU time: 9 s
 CFIE residual: 0.000846829

 Iseg, Irank, Idinc : 1, 17, 116
 Thata, Phi : 90.000000, 115.000000
 Maximun iteration: 300
 Number of recycle truncation: 30
 Final matrix dimension:  36708
 Residual error:0.001000
 0  6.436883e-01
 1  3.475075e-01
 2  2.169567e-01
 3  1.513759e-01
 4  1.082832e-01
 5  7.917303e-02
 6  6.148009e-02
 7  4.822342e-02
 8  3.789864e-02
 9  3.026241e-02
 10  2.437256e-02
 11  1.930784e-02
 12  1.561373e-02
 13  1.290369e-02
 14  1.075794e-02
 15  9.003904e-03
 16  7.532795e-03
 17  6.392806e-03
 18  5.425810e-03
 19  4.700678e-03
 20  4.186828e-03
 21  3.770986e-03
 22  3.458079e-03
 23  3.221863e-03
 24  3.069765e-03
 25  2.918427e-03
 26  2.806221e-03
 27  2.725543e-03
 28  2.641167e-03
 29  2.562522e-03
 30  2.455567e-03
 31  2.334420e-03
 32  2.138197e-03
 33  1.922666e-03
 34  1.641322e-03
 35  1.399440e-03
 36  1.164194e-03
 37  9.351892e-04
 Iteration CPU time: 8 s
 CFIE residual: 0.000935189

 Iseg, Irank, Idinc : 1, 18, 1
 Thata, Phi : 90.000000, 0.000000
 Maximun iteration: 300
 Number of recycle truncation: 30
 Final matrix dimension:  36708
 Residual error:0.001000
 0  5.193184e-01
 1  2.728394e-01
 2  1.769390e-01
 3  1.215766e-01
 4  8.730632e-02
 5  6.684062e-02
 6  5.166016e-02
 7  3.816711e-02
 8  2.899080e-02
 9  2.316061e-02
 10  1.901388e-02
 11  1.511780e-02
 12  1.142667e-02
 13  9.316080e-03
 14  7.520039e-03
 15  6.237589e-03
 16  5.125096e-03
 17  4.398748e-03
 18  3.709021e-03
 19  3.195154e-03
 20  2.714292e-03
 21  2.296424e-03
 22  1.928873e-03
 23  1.596994e-03
 24  1.317653e-03
 25  1.101030e-03
 26  9.051921e-04
 Iteration CPU time: 6 s
 CFIE residual: 0.000905192

 Iseg, Irank, Idinc : 1, 19, 167
 Thata, Phi : 90.000000, 166.000000
 Maximun iteration: 300
 Number of recycle truncation: 30
 Final matrix dimension:  36708
 Residual error:0.001000
 0  5.936397e-01
 1  3.006860e-01
 2  1.858727e-01
 3  1.309671e-01
 4  1.009418e-01
 5  8.055310e-02
 6  6.483592e-02
 7  5.440076e-02
 8  4.555877e-02
 9  3.864843e-02
 10  3.247995e-02
 11  2.764589e-02
 12  2.426839e-02
 13  2.088507e-02
 14  1.725411e-02
 15  1.446196e-02
 16  1.230780e-02
 17  1.026538e-02
 18  8.526487e-03
 19  7.057525e-03
 20  5.767695e-03
 21  4.838754e-03
 22  4.061266e-03
 23  3.478881e-03
 24  2.916487e-03
 25  2.485678e-03
 26  2.148825e-03
 27  1.901170e-03
 28  1.706032e-03
 29  1.565689e-03
 30  1.456641e-03
 31  1.376534e-03
 32  1.311057e-03
 33  1.259953e-03
 34  1.216189e-03
 35  1.164829e-03
 36  1.092327e-03
 37  9.950411e-04
 Iteration CPU time: 8 s
 CFIE residual: 0.000995041

 Iseg, Irank, Idinc : 1, 20, 181
 Thata, Phi : 90.000000, 180.000000
 Maximun iteration: 300
 Number of recycle truncation: 30
 Final matrix dimension:  36708
 Residual error:0.001000
 0  5.853882e-01
 1  2.978605e-01
 2  1.851345e-01
 3  1.306788e-01
 4  1.000765e-01
 5  7.954658e-02
 6  6.415531e-02
 7  5.384887e-02
 8  4.479049e-02
 9  3.636715e-02
 10  2.946225e-02
 11  2.411243e-02
 12  1.934165e-02
 13  1.583327e-02
 14  1.263377e-02
 15  1.006337e-02
 16  8.080943e-03
 17  6.614011e-03
 18  5.558042e-03
 19  4.643112e-03
 20  3.865114e-03
 21  3.273944e-03
 22  2.714636e-03
 23  2.284750e-03
 24  1.956714e-03
 25  1.696210e-03
 26  1.479781e-03
 27  1.305714e-03
 28  1.163810e-03
 29  1.063325e-03
 30  9.907041e-04
 Iteration CPU time: 7 s
 CFIE residual: 0.000990704

 Iseg, Irank, Idinc : 1, 21, 16
 Thata, Phi : 90.000000, 15.000000
 Maximun iteration: 300
 Number of recycle truncation: 30
 Final matrix dimension:  36708
 Residual error:0.001000
 0  5.908327e-01
 1  2.863695e-01
 2  1.757053e-01
 3  1.206341e-01
 4  8.620780e-02
 5  6.412243e-02
 6  4.943315e-02
 7  3.835035e-02
 8  3.022189e-02
 9  2.436004e-02
 10  1.941954e-02
 11  1.523643e-02
 12  1.209605e-02
 13  9.817426e-03
 14  8.229698e-03
 15  6.576033e-03
 16  5.465804e-03
 17  4.682320e-03
 18  3.970287e-03
 19  3.368229e-03
 20  2.843251e-03
 21  2.421416e-03
 22  2.048220e-03
 23  1.772769e-03
 24  1.571614e-03
 25  1.395132e-03
 26  1.251368e-03
 27  1.118068e-03
 28  1.021396e-03
 29  9.532354e-04
 Iteration CPU time: 7 s
 CFIE residual: 0.000953235

 Iseg, Irank, Idinc : 1, 22, 153
 Thata, Phi : 90.000000, 152.000000
 Maximun iteration: 300
 Number of recycle truncation: 30
 Final matrix dimension:  36708
 Residual error:0.001000
 0  6.362650e-01
 1  3.300076e-01
 2  2.029815e-01
 3  1.346856e-01
 4  9.877697e-02
 5  7.727124e-02
 6  6.040082e-02
 7  4.888288e-02
 8  4.046210e-02
 9  3.435100e-02
 10  2.926061e-02
 11  2.534757e-02
 12  2.200405e-02
 13  1.877730e-02
 14  1.534336e-02
 15  1.290399e-02
 16  1.099426e-02
 17  9.107452e-03
 18  7.611500e-03
 19  6.494713e-03
 20  5.466732e-03
 21  4.586970e-03
 22  3.833116e-03
 23  3.278570e-03
 24  2.805403e-03
 25  2.471771e-03
 26  2.184396e-03
 27  2.003919e-03
 28  1.870973e-03
 29  1.778868e-03
 30  1.721441e-03
 31  1.656773e-03
 32  1.597373e-03
 33  1.522068e-03
 34  1.439220e-03
 35  1.310258e-03
 36  1.174385e-03
 37  1.021718e-03
 38  8.635027e-04
 Iteration CPU time: 8 s
 CFIE residual: 0.000863503

 Iseg, Irank, Idinc : 1, 23, 77
 Thata, Phi : 90.000000, 76.000000
 Maximun iteration: 300
 Number of recycle truncation: 30
 Final matrix dimension:  36708
 Residual error:0.001000
 0  6.194839e-01
 1  3.566987e-01
 2  2.303353e-01
 3  1.471222e-01
 4  1.040648e-01
 5  7.892044e-02
 6  6.179560e-02
 7  4.805246e-02
 8  3.844569e-02
 9  3.045265e-02
 10  2.457125e-02
 11  1.984719e-02
 12  1.611494e-02
 13  1.332313e-02
 14  1.144375e-02
 15  9.738244e-03
 16  8.495879e-03
 17  7.575356e-03
 18  6.816041e-03
 19  6.212716e-03
 20  5.804916e-03
 21  5.464959e-03
 22  5.202632e-03
 23  4.973912e-03
 24  4.775854e-03
 25  4.637394e-03
 26  4.486611e-03
 27  4.329044e-03
 28  4.132392e-03
 29  3.878777e-03
 30  3.501803e-03
 31  3.075496e-03
 32  2.639381e-03
 33  2.253828e-03
 34  1.845305e-03
 35  1.491771e-03
 36  1.240345e-03
 37  9.977111e-04
 Iteration CPU time: 9 s
 CFIE residual: 0.000997711

 Iseg, Irank, Idinc : 1, 24, 130
 Thata, Phi : 90.000000, 129.000000
 Maximun iteration: 300
 Number of recycle truncation: 30
 Final matrix dimension:  36708
 Residual error:0.001000
 0  6.746178e-01
 1  3.501835e-01
 2  2.234437e-01
 3  1.532132e-01
 4  1.105280e-01
 5  8.185090e-02
 6  6.381380e-02
 7  5.039418e-02
 8  3.982386e-02
 9  3.267199e-02
 10  2.635018e-02
 11  2.098359e-02
 12  1.649836e-02
 13  1.331803e-02
 14  1.081042e-02
 15  8.974429e-03
 16  7.507640e-03
 17  6.228532e-03
 18  5.290921e-03
 19  4.612257e-03
 20  4.046955e-03
 21  3.617177e-03
 22  3.320045e-03
 23  3.052905e-03
 24  2.838907e-03
 25  2.701469e-03
 26  2.599394e-03
 27  2.510704e-03
 28  2.432619e-03
 29  2.356283e-03
 30  2.257150e-03
 31  2.160487e-03
 32  2.056337e-03
 33  1.918246e-03
 34  1.749084e-03
 35  1.571144e-03
 36  1.350092e-03
 37  1.126527e-03
 38  9.179533e-04
 Iteration CPU time: 8 s
 CFIE residual: 0.000917953

 Iseg, Irank, Idinc : 1, 25, 48
 Thata, Phi : 90.000000, 47.000000
 Maximun iteration: 300
 Number of recycle truncation: 30
 Final matrix dimension:  36708
 Residual error:0.001000
 0  6.410786e-01
 1  3.317851e-01
 2  2.054737e-01
 3  1.339763e-01
 4  9.591449e-02
 5  7.336270e-02
 6  5.596116e-02
 7  4.264431e-02
 8  3.271230e-02
 9  2.498850e-02
 10  1.900420e-02
 11  1.491406e-02
 12  1.179591e-02
 13  9.652265e-03
 14  7.989273e-03
 15  6.700668e-03
 16  5.671478e-03
 17  4.803963e-03
 18  4.202101e-03
 19  3.721449e-03
 20  3.434038e-03
 21  3.249026e-03
 22  3.127043e-03
 23  2.991628e-03
 24  2.889582e-03
 25  2.796189e-03
 26  2.703766e-03
 27  2.599927e-03
 28  2.436631e-03
 29  2.265764e-03
 30  2.065052e-03
 31  1.837248e-03
 32  1.612487e-03
 33  1.349880e-03
 34  1.138462e-03
 35  9.380123e-04
 Iteration CPU time: 8 s
 CFIE residual: 0.000938012

 Iseg, Irank, Idinc : 1, 26, 4
 Thata, Phi : 90.000000, 3.000000
 Maximun iteration: 300
 Number of recycle truncation: 30
 Final matrix dimension:  36708
 Residual error:0.001000
 0  5.230939e-01
 1  2.736339e-01
 2  1.768780e-01
 3  1.221294e-01
 4  8.814215e-02
 5  6.702080e-02
 6  5.140121e-02
 7  3.811995e-02
 8  2.929726e-02
 9  2.344536e-02
 10  1.901544e-02
 11  1.515832e-02
 12  1.181967e-02
 13  9.616761e-03
 14  7.931661e-03
 15  6.444397e-03
 16  5.398089e-03
 17  4.623046e-03
 18  3.849732e-03
 19  3.292826e-03
 20  2.847009e-03
 21  2.463717e-03
 22  2.092002e-03
 23  1.749561e-03
 24  1.488203e-03
 25  1.268331e-03
 26  1.088184e-03
 27  9.125565e-04
 Iteration CPU time: 7 s
 CFIE residual: 0.000912556

 Iseg, Irank, Idinc : 1, 27, 172
 Thata, Phi : 90.000000, 171.000000
 Maximun iteration: 300
 Number of recycle truncation: 30
 Final matrix dimension:  36708
 Residual error:0.001000
 0  5.871218e-01
 1  2.982542e-01
 2  1.863011e-01
 3  1.323591e-01
 4  1.026579e-01
 5  8.202314e-02
 6  6.603325e-02
 7  5.579331e-02
 8  4.636479e-02
 9  3.847322e-02
 10  3.263607e-02
 11  2.778487e-02
 12  2.341368e-02
 13  1.980183e-02
 14  1.665386e-02
 15  1.376428e-02
 16  1.152253e-02
 17  9.541341e-03
 18  7.870339e-03
 19  6.568482e-03
 20  5.419876e-03
 21  4.582218e-03
 22  3.858923e-03
 23  3.319566e-03
 24  2.827223e-03
 25  2.425967e-03
 26  2.109252e-03
 27  1.863490e-03
 28  1.667215e-03
 29  1.512202e-03
 30  1.398779e-03
 31  1.311618e-03
 32  1.243684e-03
 33  1.194445e-03
 34  1.149172e-03
 35  1.101624e-03
 36  1.047100e-03
 37  9.769344e-04
 Iteration CPU time: 8 s
 CFIE residual: 0.000976934

 Iseg, Irank, Idinc : 1, 28, 96
 Thata, Phi : 90.000000, 95.000000
 Maximun iteration: 300
 Number of recycle truncation: 30
 Final matrix dimension:  36708
 Residual error:0.001000
 0  6.037916e-01
 1  3.441303e-01
 2  2.169057e-01
 3  1.453516e-01
 4  1.041385e-01
 5  7.953085e-02
 6  6.280333e-02
 7  4.954486e-02
 8  3.925769e-02
 9  3.123166e-02
 10  2.559821e-02
 11  2.094698e-02
 12  1.728562e-02
 13  1.469787e-02
 14  1.247531e-02
 15  1.048508e-02
 16  8.908420e-03
 17  7.664238e-03
 18  6.756081e-03
 19  5.838778e-03
 20  5.175557e-03
 21  4.691698e-03
 22  4.385601e-03
 23  4.155233e-03
 24  3.998628e-03
 25  3.880541e-03
 26  3.759462e-03
 27  3.637849e-03
 28  3.496382e-03
 29  3.315897e-03
 30  3.091547e-03
 31  2.822177e-03
 32  2.498227e-03
 33  2.191235e-03
 34  1.859147e-03
 35  1.593840e-03
 36  1.314607e-03
 37  1.091283e-03
 38  8.736527e-04
 Iteration CPU time: 9 s
 CFIE residual: 0.000873653

 Iseg, Irank, Idinc : 1, 29, 27
 Thata, Phi : 90.000000, 26.000000
 Maximun iteration: 300
 Number of recycle truncation: 30
 Final matrix dimension:  36708
 Residual error:0.001000
 0  6.415285e-01
 1  3.012826e-01
 2  1.748247e-01
 3  1.120462e-01
 4  7.795682e-02
 5  5.750763e-02
 6  4.268969e-02
 7  3.274716e-02
 8  2.617552e-02
 9  2.122368e-02
 10  1.758485e-02
 11  1.423026e-02
 12  1.121934e-02
 13  9.359961e-03
 14  7.840396e-03
 15  6.354519e-03
 16  5.398127e-03
 17  4.538322e-03
 18  3.766773e-03
 19  3.294451e-03
 20  2.786979e-03
 21  2.392642e-03
 22  2.061470e-03
 23  1.854357e-03
 24  1.662439e-03
 25  1.543002e-03
 26  1.435996e-03
 27  1.354905e-03
 28  1.299174e-03
 29  1.259821e-03
 30  1.224966e-03
 31  1.184240e-03
 32  1.135111e-03
 33  1.080998e-03
 34  1.020016e-03
 35  9.362681e-04
 Iteration CPU time: 8 s
 CFIE residual: 0.000936268

 Iseg, Irank, Idinc : 1, 30, 142
 Thata, Phi : 90.000000, 141.000000
 Maximun iteration: 300
 Number of recycle truncation: 30
 Final matrix dimension:  36708
 Residual error:0.001000
 0  6.861935e-01
 1  3.497078e-01
 2  2.118231e-01
 3  1.438690e-01
 4  1.045129e-01
 5  7.803417e-02
 6  6.030579e-02
 7  4.727896e-02
 8  3.864516e-02
 9  3.291123e-02
 10  2.760334e-02
 11  2.356717e-02
 12  1.985336e-02
 13  1.671292e-02
 14  1.402640e-02
 15  1.159209e-02
 16  9.723706e-03
 17  8.169240e-03
 18  6.830327e-03
 19  5.763129e-03
 20  4.884569e-03
 21  4.288335e-03
 22  3.830056e-03
 23  3.488783e-03
 24  3.235329e-03
 25  3.024617e-03
 26  2.859468e-03
 27  2.743212e-03
 28  2.634960e-03
 29  2.562067e-03
 30  2.468318e-03
 31  2.366788e-03
 32  2.247553e-03
 33  2.070674e-03
 34  1.877694e-03
 35  1.654679e-03
 36  1.425455e-03
 37  1.183846e-03
 38  9.603533e-04
 Iteration CPU time: 8 s
 CFIE residual: 0.000960353

 Iseg, Irank, Idinc : 1, 31, 58
 Thata, Phi : 90.000000, 57.000000
 Maximun iteration: 300
 Number of recycle truncation: 30
 Final matrix dimension:  36708
 Residual error:0.001000
 0  6.599491e-01
 1  3.478484e-01
 2  2.127337e-01
 3  1.334540e-01
 4  9.588518e-02
 5  7.233614e-02
 6  5.554158e-02
 7  4.356577e-02
 8  3.355344e-02
 9  2.647080e-02
 10  2.078355e-02
 11  1.630305e-02
 12  1.281903e-02
 13  1.015026e-02
 14  8.487429e-03
 15  7.244733e-03
 16  6.292676e-03
 17  5.563171e-03
 18  4.909996e-03
 19  4.550169e-03
 20  4.278625e-03
 21  4.113084e-03
 22  3.980141e-03
 23  3.822299e-03
 24  3.667875e-03
 25  3.507584e-03
 26  3.373522e-03
 27  3.183868e-03
 28  2.931145e-03
 29  2.654072e-03
 30  2.343019e-03
 31  2.017234e-03
 32  1.652546e-03
 33  1.367334e-03
 34  1.143889e-03
 35  9.296371e-04
 Iteration CPU time: 8 s
 CFIE residual: 0.000929637

 Iseg, Irank, Idinc : 1, 32, 179
 Thata, Phi : 90.000000, 178.000000
 Maximun iteration: 300
 Number of recycle truncation: 30
 Final matrix dimension:  36708
 Residual error:0.001000
 0  5.854576e-01
 1  2.978805e-01
 2  1.852417e-01
 3  1.308609e-01
 4  1.004282e-01
 5  7.992367e-02
 6  6.446318e-02
 7  5.413918e-02
 8  4.498750e-02
 9  3.660460e-02
 10  2.992036e-02
 11  2.459759e-02
 12  2.009895e-02
 13  1.659981e-02
 14  1.342948e-02
 15  1.088028e-02
 16  8.909072e-03
 17  7.266859e-03
 18  6.100825e-03
 19  5.058422e-03
 20  4.212552e-03
 21  3.585737e-03
 22  2.982200e-03
 23  2.539593e-03
 24  2.205181e-03
 25  1.899906e-03
 26  1.653605e-03
 27  1.460482e-03
 28  1.306961e-03
 29  1.179066e-03
 30  1.097825e-03
 31  1.035496e-03
 32  9.971111e-04
 Iteration CPU time: 7 s
 CFIE residual: 0.000997111

 Iseg, Irank, Idinc : 1, 33, 12
 Thata, Phi : 90.000000, 11.000000
 Maximun iteration: 300
 Number of recycle truncation: 30
 Final matrix dimension:  36708
 Residual error:0.001000
 0  5.628131e-01
 1  2.810788e-01
 2  1.767084e-01
 3  1.234530e-01
 4  8.975166e-02
 5  6.689528e-02
 6  5.090931e-02
 7  3.961326e-02
 8  3.104077e-02
 9  2.448118e-02
 10  1.930954e-02
 11  1.515628e-02
 12  1.206069e-02
 13  9.946754e-03
 14  8.171235e-03
 15  6.436986e-03
 16  5.404617e-03
 17  4.610631e-03
 18  3.924399e-03
 19  3.334248e-03
 20  2.867146e-03
 21  2.456231e-03
 22  2.070136e-03
 23  1.794294e-03
 24  1.581411e-03
 25  1.393526e-03
 26  1.241367e-03
 27  1.095174e-03
 28  9.873103e-04
 Iteration CPU time: 7 s
 CFIE residual: 0.00098731

 Iseg, Irank, Idinc : 1, 34, 105
 Thata, Phi : 90.000000, 104.000000
 Maximun iteration: 300
 Number of recycle truncation: 30
 Final matrix dimension:  36708
 Residual error:0.001000
 0  6.125366e-01
 1  3.481672e-01
 2  2.161725e-01
 3  1.481482e-01
 4  1.050209e-01
 5  7.915234e-02
 6  6.056167e-02
 7  4.777070e-02
 8  3.822773e-02
 9  3.089920e-02
 10  2.510897e-02
 11  2.083539e-02
 12  1.674868e-02
 13  1.394208e-02
 14  1.167883e-02
 15  9.691362e-03
 16  8.301265e-03
 17  7.153407e-03
 18  6.180583e-03
 19  5.318895e-03
 20  4.626526e-03
 21  4.136901e-03
 22  3.816955e-03
 23  3.602781e-03
 24  3.431493e-03
 25  3.304948e-03
 26  3.195991e-03
 27  3.081296e-03
 28  2.973428e-03
 29  2.834074e-03
 30  2.657431e-03
 31  2.435621e-03
 32  2.212086e-03
 33  1.935744e-03
 34  1.669917e-03
 35  1.409933e-03
 36  1.183686e-03
 37  9.588023e-04
 Iteration CPU time: 8 s
 CFIE residual: 0.000958802

 Iseg, Irank, Idinc : 1, 35, 37
 Thata, Phi : 90.000000, 36.000000
 Maximun iteration: 300
 Number of recycle truncation: 30
 Final matrix dimension:  36708
 Residual error:0.001000
 0  6.229104e-01
 1  3.121876e-01
 2  1.916600e-01
 3  1.209180e-01
 4  8.334585e-02
 5  6.101086e-02
 6  4.531915e-02
 7  3.453900e-02
 8  2.679790e-02
 9  2.088002e-02
 10  1.622341e-02
 11  1.321822e-02
 12  1.052252e-02
 13  8.730581e-03
 14  7.090683e-03
 15  5.783786e-03
 16  4.897570e-03
 17  4.114916e-03
 18  3.503197e-03
 19  3.024865e-03
 20  2.686824e-03
 21  2.418852e-03
 22  2.220639e-03
 23  2.089888e-03
 24  1.983282e-03
 25  1.897055e-03
 26  1.827120e-03
 27  1.758525e-03
 28  1.701264e-03
 29  1.633972e-03
 30  1.561568e-03
 31  1.478869e-03
 32  1.386441e-03
 33  1.259680e-03
 34  1.119496e-03
 35  9.708748e-04
 Iteration CPU time: 8 s
 CFIE residual: 0.000970875

 Iseg, Irank, Idinc : 1, 36, 163
 Thata, Phi : 90.000000, 162.000000
 Maximun iteration: 300
 Number of recycle truncation: 30
 Final matrix dimension:  36708
 Residual error:0.001000
 0  6.053062e-01
 1  3.063884e-01
 2  1.869875e-01
 3  1.292707e-01
 4  9.817945e-02
 5  7.849773e-02
 6  6.356404e-02
 7  5.213519e-02
 8  4.369669e-02
 9  3.782101e-02
 10  3.270790e-02
 11  2.796590e-02
 12  2.393216e-02
 13  2.067205e-02
 14  1.737404e-02
 15  1.477983e-02
 16  1.232627e-02
 17  1.013766e-02
 18  8.475990e-03
 19  7.124986e-03
 20  5.816715e-03
 21  4.832167e-03
 22  4.060697e-03
 23  3.452578e-03
 24  2.885508e-03
 25  2.483025e-03
 26  2.146443e-03
 27  1.919331e-03
 28  1.741933e-03
 29  1.616679e-03
 30  1.521484e-03
 31  1.450059e-03
 32  1.395785e-03
 33  1.344400e-03
 34  1.291333e-03
 35  1.228990e-03
 36  1.127977e-03
 37  9.957848e-04
 Iteration CPU time: 8 s
 CFIE residual: 0.000995785

 Iseg, Irank, Idinc : 1, 37, 68
 Thata, Phi : 90.000000, 67.000000
 Maximun iteration: 300
 Number of recycle truncation: 30
 Final matrix dimension:  36708
 Residual error:0.001000
 0  6.494851e-01
 1  3.676265e-01
 2  2.341091e-01
 3  1.495625e-01
 4  1.062084e-01
 5  8.251445e-02
 6  6.227618e-02
 7  4.956268e-02
 8  3.919428e-02
 9  3.148270e-02
 10  2.447098e-02
 11  1.971364e-02
 12  1.576424e-02
 13  1.275845e-02
 14  1.068617e-02
 15  9.110634e-03
 16  7.887819e-03
 17  7.023969e-03
 18  6.319829e-03
 19  5.826193e-03
 20  5.516536e-03
 21  5.278760e-03
 22  5.084302e-03
 23  4.868557e-03
 24  4.659265e-03
 25  4.497981e-03
 26  4.329704e-03
 27  4.106231e-03
 28  3.833810e-03
 29  3.456971e-03
 30  2.958392e-03
 31  2.525444e-03
 32  2.134840e-03
 33  1.770814e-03
 34  1.439277e-03
 35  1.204202e-03
 36  9.967129e-04
 Iteration CPU time: 8 s
 CFIE residual: 0.000996713

 Iseg, Irank, Idinc : 1, 38, 2
 Thata, Phi : 90.000000, 1.000000
 Maximun iteration: 300
 Number of recycle truncation: 30
 Final matrix dimension:  36708
 Residual error:0.001000
 0  5.197520e-01
 1  2.729362e-01
 2  1.769381e-01
 3  1.216525e-01
 4  8.742154e-02
 5  6.687393e-02
 6  5.162993e-02
 7  3.815467e-02
 8  2.901164e-02
 9  2.319605e-02
 10  1.902417e-02
 11  1.513076e-02
 12  1.148845e-02
 13  9.338258e-03
 14  7.574838e-03
 15  6.268966e-03
 16  5.143678e-03
 17  4.404105e-03
 18  3.690165e-03
 19  3.182648e-03
 20  2.717835e-03
 21  2.339036e-03
 22  2.004126e-03
 23  1.682950e-03
 24  1.413978e-03
 25  1.187826e-03
 26  9.932659e-04
 Iteration CPU time: 6 s
 CFIE residual: 0.000993266

 Iseg, Irank, Idinc : 1, 39, 120
 Thata, Phi : 90.000000, 119.000000
 Maximun iteration: 300
 Number of recycle truncation: 30
 Final matrix dimension:  36708
 Residual error:0.001000
 0  6.477359e-01
 1  3.435625e-01
 2  2.179503e-01
 3  1.526449e-01
 4  1.089853e-01
 5  8.079871e-02
 6  6.380079e-02
 7  4.966717e-02
 8  3.934202e-02
 9  3.151705e-02
 10  2.545307e-02
 11  2.030980e-02
 12  1.612471e-02
 13  1.297608e-02
 14  1.075815e-02
 15  8.978773e-03
 16  7.572095e-03
 17  6.519730e-03
 18  5.559124e-03
 19  4.750976e-03
 20  4.210838e-03
 21  3.759192e-03
 22  3.437966e-03
 23  3.194209e-03
 24  3.011267e-03
 25  2.833576e-03
 26  2.710162e-03
 27  2.616236e-03
 28  2.529910e-03
 29  2.472833e-03
 30  2.383691e-03
 31  2.286638e-03
 32  2.158705e-03
 33  1.996815e-03
 34  1.779944e-03
 35  1.588525e-03
 36  1.371597e-03
 37  1.114566e-03
 38  8.848042e-04
 Iteration CPU time: 8 s
 CFIE residual: 0.000884804

 Iseg, Irank, Idinc : 1, 40, 180
 Thata, Phi : 90.000000, 179.000000
 Maximun iteration: 300
 Number of recycle truncation: 30
 Final matrix dimension:  36708
 Residual error:0.001000
 0  5.854119e-01
 1  2.978669e-01
 2  1.851622e-01
 3  1.307267e-01
 4  1.001748e-01
 5  7.965296e-02
 6  6.424831e-02
 7  5.393698e-02
 8  4.484814e-02
 9  3.643570e-02
 10  2.959430e-02
 11  2.425389e-02
 12  1.960378e-02
 13  1.613320e-02
 14  1.298638e-02
 15  1.047743e-02
 16  8.552236e-03
 17  6.966020e-03
 18  5.834688e-03
 19  4.841636e-03
 20  4.020829e-03
 21  3.405040e-03
 22  2.835851e-03
 23  2.406773e-03
 24  2.082651e-03
 25  1.788984e-03
 26  1.555829e-03
 27  1.377651e-03
 28  1.231934e-03
 29  1.111125e-03
 30  1.031782e-03
 31  9.757911e-04
 Iteration CPU time: 8 s
 CFIE residual: 0.000975791
 Last Built End in Sep 21 2025 00:06:12
 Total CPU time: 336 s
 Finished.
