 Last Built Begin in Sep 21 2025 00:06:12
 Pre-Type( Input ):           10
 Skl-Tol ( Input ):    1.0000000000000001E-005
 Wavelength in freespace: 0.0291545

 ################################################
 ##         Generating Required Mesh          ##
 ##         Waiting.....                      ##
 ################################################
 Subd No.      Subd Name
    1    Open-Duct_PRIME_model_meshAA1                                     
 isub,  nnode, npatch,  nedge:
    1      6118     12236     18354
 Scale Factor         >>   1.54999997E-02
 ################################################

 START TIME: 20250922   073720.496


 Informaton for IE geometry:
 number of subdomains     : 1
 maxnode,maxpatch,maxedge : 6118  12236  18354
 
 Index of Mat-Reg: 1
 Mat-Reg Number via MatFlg: 1
 Edge Number of Mat-Reg: 1, 18354

 Number of Edge on PEC: 18354
 Mat-Reg: No Dim(m) Lmax:
    1 0.246    5
 Totlmax, add1, add2:           5           6           7
 rlengmax of Global MLFMA >>   0.24593363930568121     
 Lmax of Global MLFMA >>            5
 Wavenum of Mat-Reg:
    1 1.000

 total area in sq m           =      0.0510
 total area in sq lambda      =     59.9656
 maxnode, maxpatch, maxedge           =     6118    12236    18354
 longest  edge in lambda              =      0.1601
 shortest edge in lambda              =      0.0076
 average  edge in lambda              =      0.1069
 largest  patch area in sq lambda     =      0.0087
 smallest patch area in sq lambda     =      0.0000
 ave    surface area in sq lambda     =      0.0049
 size range of the object in sq lambda =      7.8699

 #### MLFMA Info For Each Region ####
 Mat-Region =            1
 Array dimension parameters:
 maxrule=          14   maxgrid  =          64
 lmax   =           5   ncmax    =        1250
 lsmax  =          27   lsmin    =           7
 kpm    =        1462   kp0      =         102
 ntlm   =      217096   nsm      =      232158
 nkpm   =        2284   niplm    =      146176
 ngnearm=       14257   ngsndm   =       64634
 nearm  =         333   mfinestm =         119
 ###############################

 CFIE Alpha:  0.50000000000000000     

 Fill MLFMA FI for Mat-Reg:           1
 Begin filltl.f
 fill translation matrix
 Level:            2
 fill shifting matrix
 Level:            3
 fill shifting matrix
 Level:            4
 fill shifting matrix
 Level:            5
 fill shifting matrix
 translator time(s):  0.162000000    
 fill interpolation matrix
 ThetaOrder            8
 PhiOrder            8
 lsl            7
 Filling TL                  Delta_CPU=          0.59 Memory(MB)=        653.98
 Filling sndgrp              Delta_CPU=          0.00 Memory(MB)=        653.98
 Filling VFS                 Delta_CPU=          3.22 Memory(MB)=        653.98

 Fill MLFMA NI for Mat-Reg:           1
 Begin fill sparser part of Nearfield
 Begin fill denser part of Nearfield
 End fill
 Filling Amn                 Delta_CPU=         89.94 Memory(MB)=        653.98


 Now testing preconditioner with
 ipretype =           10
 method = cfie_solve_nfrasspspre_pardiso

  
 NBP>>Begin fill sparser part of Nearfield

116.7534% NBP>>Begin fill denser part of Nearfield

200.1041%
 Begin MLFMA Box-Matrix Based Spar-RAS Prec Constructor
 --- Intel MKL PARDISO --- 
 Memory for iGroup: 1 0 MB
 Total Memory For SparRAS Pre: 0 MB
 --- PARDISO PRECONDITIONER INITIALIZED --- 
 Constructing preconditioner CPU time: 4 s
 
 1101240
 Memory for Iteration:: 16.8036 MB

 Iseg, Ninc_S : 1, 181, 0

 Iseg, Skeleton Angles: 1, 40
 Iseg, Skel-Pk Mem(MB): 1, 314.35

 Iseg, Irank, Idinc : 1, 1, 42
 Thata, Phi : 90.000000, 41.000000
 Maximun iteration: 300
 Number of recycle truncation: 30
 Final matrix dimension:  36708
 Residual error:0.001000
 0  6.313860e-01
 1  3.152177e-01
 2  1.989916e-01
 3  1.274524e-01
 4  8.838249e-02
 5  6.498200e-02
 6  4.909287e-02
 7  3.749627e-02
 8  2.847829e-02
 9  2.208915e-02
 10  1.647795e-02
 11  1.337455e-02
 12  1.084412e-02
 13  8.885411e-03
 14  7.541123e-03
 15  6.468135e-03
 16  5.622578e-03
 17  4.803740e-03
 18  4.247551e-03
 19  3.856143e-03
 20  3.614840e-03
 21  3.411895e-03
 22  3.286692e-03
 23  3.182547e-03
 24  3.076525e-03
 25  2.955772e-03
 26  2.827386e-03
 27  2.665952e-03
 28  2.464214e-03
 29  2.244774e-03
 30  2.024301e-03
 31  1.788721e-03
 32  1.526732e-03
 33  1.264040e-03
 34  1.053328e-03
 35  8.572807e-04
 Iteration CPU time: 8 s
 CFIE residual: 0.000857281

 Iseg, Irank, Idinc : 1, 2, 63
 Thata, Phi : 90.000000, 62.000000
 Maximun iteration: 300
 Number of recycle truncation: 30
 Final matrix dimension:  36708
 Residual error:0.001000
 0  6.561763e-01
 1  3.579881e-01
 2  2.231255e-01
 3  1.427518e-01
 4  1.012597e-01
 5  7.800605e-02
 6  5.873923e-02
 7  4.706907e-02
 8  3.718991e-02
 9  2.976581e-02
 10  2.301255e-02
 11  1.820839e-02
 12  1.478869e-02
 13  1.217180e-02
 14  1.043274e-02
 15  9.255126e-03
 16  8.185836e-03
 17  7.474359e-03
 18  7.002930e-03
 19  6.648973e-03
 20  6.408304e-03
 21  6.233354e-03
 22  6.023289e-03
 23  5.747891e-03
 24  5.409344e-03
 25  5.023686e-03
 26  4.680368e-03
 27  4.246028e-03
 28  3.732609e-03
 29  3.176906e-03
 30  2.614539e-03
 31  2.160253e-03
 32  1.764370e-03
 33  1.427429e-03
 34  1.165047e-03
 35  9.410670e-04
 Iteration CPU time: 8 s
 CFIE residual: 0.000941067

 Iseg, Irank, Idinc : 1, 3, 109
 Thata, Phi : 90.000000, 108.000000
 Maximun iteration: 300
 Number of recycle truncation: 30
 Final matrix dimension:  36708
 Residual error:0.001000
 0  6.206142e-01
 1  3.503232e-01
 2  2.178031e-01
 3  1.484786e-01
 4  1.050142e-01
 5  7.895126e-02
 6  6.089490e-02
 7  4.749223e-02
 8  3.791942e-02
 9  3.054289e-02
 10  2.469766e-02
 11  2.038115e-02
 12  1.657203e-02
 13  1.386858e-02
 14  1.166360e-02
 15  9.753927e-03
 16  8.554216e-03
 17  7.500781e-03
 18  6.586293e-03
 19  5.862588e-03
 20  5.300848e-03
 21  4.832543e-03
 22  4.560624e-03
 23  4.367418e-03
 24  4.215953e-03
 25  4.094022e-03
 26  3.949564e-03
 27  3.776751e-03
 28  3.556058e-03
 29  3.293447e-03
 30  2.928567e-03
 31  2.477621e-03
 32  2.067619e-03
 33  1.696857e-03
 34  1.409925e-03
 35  1.168626e-03
 36  9.320807e-04
 Iteration CPU time: 8 s
 CFIE residual: 0.000932081

 Iseg, Irank, Idinc : 1, 4, 22
 Thata, Phi : 90.000000, 21.000000
 Maximun iteration: 300
 Number of recycle truncation: 30
 Final matrix dimension:  36708
 Residual error:0.001000
 0  6.304082e-01
 1  2.954695e-01
 2  1.739952e-01
 3  1.151887e-01
 4  8.020941e-02
 5  5.926252e-02
 6  4.488892e-02
 7  3.494184e-02
 8  2.792735e-02
 9  2.245477e-02
 10  1.821315e-02
 11  1.470292e-02
 12  1.186769e-02
 13  9.964972e-03
 14  8.265533e-03
 15  6.773472e-03
 16  5.820022e-03
 17  5.000837e-03
 18  4.181697e-03
 19  3.579277e-03
 20  3.077373e-03
 21  2.691437e-03
 22  2.349067e-03
 23  2.125188e-03
 24  1.945081e-03
 25  1.818572e-03
 26  1.700842e-03
 27  1.602944e-03
 28  1.542390e-03
 29  1.487940e-03
 30  1.433265e-03
 31  1.381033e-03
 32  1.315708e-03
 33  1.225706e-03
 34  1.117458e-03
 35  9.981943e-04
 Iteration CPU time: 8 s
 CFIE residual: 0.000998194

 Iseg, Irank, Idinc : 1, 5, 147
 Thata, Phi : 90.000000, 146.000000
 Maximun iteration: 300
 Number of recycle truncation: 30
 Final matrix dimension:  36708
 Residual error:0.001000
 0  6.566660e-01
 1  3.460310e-01
 2  2.104784e-01
 3  1.413751e-01
 4  1.011698e-01
 5  7.717687e-02
 6  5.995816e-02
 7  4.744591e-02
 8  3.954222e-02
 9  3.381551e-02
 10  2.873123e-02
 11  2.495812e-02
 12  2.180630e-02
 13  1.858008e-02
 14  1.541099e-02
 15  1.311668e-02
 16  1.121108e-02
 17  9.275410e-03
 18  7.737620e-03
 19  6.708384e-03
 20  5.756386e-03
 21  5.049344e-03
 22  4.528932e-03
 23  4.114656e-03
 24  3.829057e-03
 25  3.592087e-03
 26  3.399659e-03
 27  3.234568e-03
 28  3.121402e-03
 29  3.005460e-03
 30  2.871168e-03
 31  2.715693e-03
 32  2.529106e-03
 33  2.261373e-03
 34  1.968637e-03
 35  1.681378e-03
 36  1.375836e-03
 37  1.099428e-03
 38  8.693704e-04
 Iteration CPU time: 9 s
 CFIE residual: 0.00086937

 Iseg, Irank, Idinc : 1, 6, 137
 Thata, Phi : 90.000000, 136.000000
 Maximun iteration: 300
 Number of recycle truncation: 30
 Final matrix dimension:  36708
 Residual error:0.001000
 0  6.983597e-01
 1  3.499082e-01
 2  2.169209e-01
 3  1.476077e-01
 4  1.067104e-01
 5  8.002424e-02
 6  6.053896e-02
 7  4.789545e-02
 8  3.869540e-02
 9  3.267193e-02
 10  2.668812e-02
 11  2.238036e-02
 12  1.852165e-02
 13  1.559913e-02
 14  1.311872e-02
 15  1.094024e-02
 16  9.362614e-03
 17  7.989230e-03
 18  6.950396e-03
 19  6.069725e-03
 20  5.427086e-03
 21  5.004246e-03
 22  4.613758e-03
 23  4.353157e-03
 24  4.135019e-03
 25  3.976383e-03
 26  3.837799e-03
 27  3.690347e-03
 28  3.556240e-03
 29  3.404911e-03
 30  3.203262e-03
 31  2.945761e-03
 32  2.705734e-03
 33  2.405617e-03
 34  2.094948e-03
 35  1.813593e-03
 36  1.524230e-03
 37  1.255995e-03
 38  1.006049e-03
 39  7.813213e-04
 Iteration CPU time: 8 s
 CFIE residual: 0.000781321

 Iseg, Irank, Idinc : 1, 7, 83
 Thata, Phi : 90.000000, 82.000000
 Maximun iteration: 300
 Number of recycle truncation: 30
 Final matrix dimension:  36708
 Residual error:0.001000
 0  6.083030e-01
 1  3.485662e-01
 2  2.227678e-01
 3  1.496880e-01
 4  1.089611e-01
 5  8.348518e-02
 6  6.408314e-02
 7  5.073484e-02
 8  4.096756e-02
 9  3.196321e-02
 10  2.570049e-02
 11  2.138664e-02
 12  1.762472e-02
 13  1.473811e-02
 14  1.265818e-02
 15  1.107699e-02
 16  9.651300e-03
 17  8.705880e-03
 18  8.058790e-03
 19  7.468945e-03
 20  7.032212e-03
 21  6.742346e-03
 22  6.487040e-03
 23  6.260393e-03
 24  6.036291e-03
 25  5.793385e-03
 26  5.494741e-03
 27  5.135930e-03
 28  4.697702e-03
 29  4.221292e-03
 30  3.598412e-03
 31  3.068471e-03
 32  2.606494e-03
 33  2.123973e-03
 34  1.709773e-03
 35  1.375314e-03
 36  1.124187e-03
 37  9.065080e-04
 Iteration CPU time: 9 s
 CFIE residual: 0.000906508

 Iseg, Irank, Idinc : 1, 8, 72
 Thata, Phi : 90.000000, 71.000000
 Maximun iteration: 300
 Number of recycle truncation: 30
 Final matrix dimension:  36708
 Residual error:0.001000
 0  6.351128e-01
 1  3.643925e-01
 2  2.350555e-01
 3  1.479534e-01
 4  1.042802e-01
 5  8.209069e-02
 6  6.330998e-02
 7  4.904633e-02
 8  3.887961e-02
 9  3.219898e-02
 10  2.580370e-02
 11  2.070481e-02
 12  1.655343e-02
 13  1.388717e-02
 14  1.197585e-02
 15  1.048388e-02
 16  9.426431e-03
 17  8.573963e-03
 18  7.948581e-03
 19  7.505709e-03
 20  7.228617e-03
 21  6.991738e-03
 22  6.761259e-03
 23  6.509005e-03
 24  6.139761e-03
 25  5.794466e-03
 26  5.366509e-03
 27  4.929469e-03
 28  4.424144e-03
 29  3.865529e-03
 30  3.214319e-03
 31  2.691219e-03
 32  2.238979e-03
 33  1.801221e-03
 34  1.451286e-03
 35  1.161203e-03
 36  9.496088e-04
 Iteration CPU time: 8 s
 CFIE residual: 0.000949609

 Iseg, Irank, Idinc : 1, 9, 159
 Thata, Phi : 90.000000, 158.000000
 Maximun iteration: 300
 Number of recycle truncation: 30
 Final matrix dimension:  36708
 Residual error:0.001000
 0  6.203357e-01
 1  3.147545e-01
 2  1.919029e-01
 3  1.299078e-01
 4  9.707817e-02
 5  7.736959e-02
 6  6.205939e-02
 7  5.092815e-02
 8  4.267886e-02
 9  3.681015e-02
 10  3.173162e-02
 11  2.784308e-02
 12  2.418668e-02
 13  2.056143e-02
 14  1.698513e-02
 15  1.457497e-02
 16  1.249014e-02
 17  1.031336e-02
 18  8.792590e-03
 19  7.446766e-03
 20  6.260259e-03
 21  5.317068e-03
 22  4.561142e-03
 23  3.965830e-03
 24  3.495061e-03
 25  3.120165e-03
 26  2.845006e-03
 27  2.635876e-03
 28  2.512226e-03
 29  2.406453e-03
 30  2.310459e-03
 31  2.204812e-03
 32  2.075564e-03
 33  1.932186e-03
 34  1.763023e-03
 35  1.556606e-03
 36  1.294353e-03
 37  1.038264e-03
 38  8.125304e-04
 Iteration CPU time: 8 s
 CFIE residual: 0.00081253

 Iseg, Irank, Idinc : 1, 10, 124
 Thata, Phi : 90.000000, 123.000000
 Maximun iteration: 300
 Number of recycle truncation: 30
 Final matrix dimension:  36708
 Residual error:0.001000
 0  6.545214e-01
 1  3.412266e-01
 2  2.210731e-01
 3  1.560112e-01
 4  1.125616e-01
 5  8.258862e-02
 6  6.555836e-02
 7  5.124572e-02
 8  4.133122e-02
 9  3.350045e-02
 10  2.634483e-02
 11  2.101910e-02
 12  1.640751e-02
 13  1.330737e-02
 14  1.097252e-02
 15  9.317006e-03
 16  7.972120e-03
 17  6.983746e-03
 18  6.016789e-03
 19  5.335751e-03
 20  4.874288e-03
 21  4.476116e-03
 22  4.173788e-03
 23  3.945675e-03
 24  3.745416e-03
 25  3.591152e-03
 26  3.449776e-03
 27  3.320900e-03
 28  3.201322e-03
 29  3.085372e-03
 30  2.920942e-03
 31  2.743162e-03
 32  2.547667e-03
 33  2.296148e-03
 34  2.052261e-03
 35  1.776906e-03
 36  1.509135e-03
 37  1.215579e-03
 38  9.525935e-04
 Iteration CPU time: 9 s
 CFIE residual: 0.000952594

 Iseg, Irank, Idinc : 1, 11, 53
 Thata, Phi : 90.000000, 52.000000
 Maximun iteration: 300
 Number of recycle truncation: 30
 Final matrix dimension:  36708
 Residual error:0.001000
 0  6.529691e-01
 1  3.443688e-01
 2  2.109320e-01
 3  1.349383e-01
 4  9.682900e-02
 5  7.397306e-02
 6  5.759163e-02
 7  4.432520e-02
 8  3.400941e-02
 9  2.669851e-02
 10  2.076094e-02
 11  1.636812e-02
 12  1.291232e-02
 13  1.037163e-02
 14  8.920030e-03
 15  7.740647e-03
 16  6.763811e-03
 17  6.088369e-03
 18  5.532025e-03
 19  5.076297e-03
 20  4.849687e-03
 21  4.712667e-03
 22  4.550814e-03
 23  4.385544e-03
 24  4.156371e-03
 25  3.882519e-03
 26  3.563969e-03
 27  3.219551e-03
 28  2.825308e-03
 29  2.407653e-03
 30  2.010339e-03
 31  1.687603e-03
 32  1.413315e-03
 33  1.148616e-03
 34  9.478183e-04
 Iteration CPU time: 7 s
 CFIE residual: 0.000947818

 Iseg, Irank, Idinc : 1, 12, 176
 Thata, Phi : 90.000000, 175.000000
 Maximun iteration: 300
 Number of recycle truncation: 30
 Final matrix dimension:  36708
 Residual error:0.001000
 0  5.872304e-01
 1  2.971902e-01
 2  1.849236e-01
 3  1.312239e-01
 4  1.012792e-01
 5  8.103328e-02
 6  6.559178e-02
 7  5.505553e-02
 8  4.581941e-02
 9  3.794986e-02
 10  3.191896e-02
 11  2.653746e-02
 12  2.204356e-02
 13  1.820265e-02
 14  1.531802e-02
 15  1.253129e-02
 16  1.043701e-02
 17  8.719879e-03
 18  7.360563e-03
 19  6.103433e-03
 20  5.163479e-03
 21  4.416680e-03
 22  3.724613e-03
 23  3.222733e-03
 24  2.846056e-03
 25  2.504964e-03
 26  2.226645e-03
 27  2.008304e-03
 28  1.846946e-03
 29  1.709721e-03
 30  1.612810e-03
 31  1.533965e-03
 32  1.477842e-03
 33  1.424391e-03
 34  1.369933e-03
 35  1.296598e-03
 36  1.201543e-03
 37  1.095924e-03
 38  9.620956e-04
 Iteration CPU time: 9 s
 CFIE residual: 0.000962096

 Iseg, Irank, Idinc : 1, 13, 91
 Thata, Phi : 90.000000, 90.000000
 Maximun iteration: 300
 Number of recycle truncation: 30
 Final matrix dimension:  36708
 Residual error:0.001000
 0  6.003432e-01
 1  3.450362e-01
 2  2.184520e-01
 3  1.497765e-01
 4  1.075325e-01
 5  8.209183e-02
 6  6.397530e-02
 7  5.003007e-02
 8  4.062462e-02
 9  3.256000e-02
 10  2.669219e-02
 11  2.218571e-02
 12  1.847134e-02
 13  1.580751e-02
 14  1.357845e-02
 15  1.156548e-02
 16  1.001368e-02
 17  8.905917e-03
 18  8.038379e-03
 19  7.334753e-03
 20  6.790136e-03
 21  6.393665e-03
 22  6.092637e-03
 23  5.853930e-03
 24  5.682125e-03
 25  5.498654e-03
 26  5.294526e-03
 27  5.003972e-03
 28  4.604988e-03
 29  4.158904e-03
 30  3.662152e-03
 31  3.175684e-03
 32  2.707607e-03
 33  2.265739e-03
 34  1.865323e-03
 35  1.539849e-03
 36  1.242454e-03
 37  9.907150e-04
 Iteration CPU time: 8 s
 CFIE residual: 0.000990715

 Iseg, Irank, Idinc : 1, 14, 32
 Thata, Phi : 90.000000, 31.000000
 Maximun iteration: 300
 Number of recycle truncation: 30
 Final matrix dimension:  36708
 Residual error:0.001000
 0  6.317605e-01
 1  3.083367e-01
 2  1.827746e-01
 3  1.141686e-01
 4  8.019216e-02
 5  5.885619e-02
 6  4.347832e-02
 7  3.327571e-02
 8  2.609303e-02
 9  2.083601e-02
 10  1.671052e-02
 11  1.369571e-02
 12  1.088105e-02
 13  9.143445e-03
 14  7.515444e-03
 15  6.240494e-03
 16  5.319607e-03
 17  4.543892e-03
 18  3.864548e-03
 19  3.423223e-03
 20  3.086617e-03
 21  2.812668e-03
 22  2.596381e-03
 23  2.447609e-03
 24  2.327154e-03
 25  2.234526e-03
 26  2.150767e-03
 27  2.051797e-03
 28  1.964439e-03
 29  1.842560e-03
 30  1.711944e-03
 31  1.579922e-03
 32  1.433857e-03
 33  1.282629e-03
 34  1.097519e-03
 35  9.355211e-04
 Iteration CPU time: 8 s
 CFIE residual: 0.000935521

 Iseg, Irank, Idinc : 1, 15, 9
 Thata, Phi : 90.000000, 8.000000
 Maximun iteration: 300
 Number of recycle truncation: 30
 Final matrix dimension:  36708
 Residual error:0.001000
 0  5.455806e-01
 1  2.779215e-01
 2  1.771803e-01
 3  1.237717e-01
 4  9.021766e-02
 5  6.744163e-02
 6  5.123993e-02
 7  3.958482e-02
 8  3.100486e-02
 9  2.420886e-02
 10  1.928665e-02
 11  1.531913e-02
 12  1.233838e-02
 13  1.004843e-02
 14  8.201165e-03
 15  6.586873e-03
 16  5.645788e-03
 17  4.787793e-03
 18  4.071475e-03
 19  3.466928e-03
 20  2.999679e-03
 21  2.631453e-03
 22  2.246031e-03
 23  1.970210e-03
 24  1.743174e-03
 25  1.564981e-03
 26  1.392164e-03
 27  1.251956e-03
 28  1.148011e-03
 29  1.070163e-03
 30  1.012923e-03
 31  9.695892e-04
 Iteration CPU time: 7 s
 CFIE residual: 0.000969589

 Iseg, Irank, Idinc : 1, 16, 100
 Thata, Phi : 90.000000, 99.000000
 Maximun iteration: 300
 Number of recycle truncation: 30
 Final matrix dimension:  36708
 Residual error:0.001000
 0  6.064403e-01
 1  3.429631e-01
 2  2.148165e-01
 3  1.457996e-01
 4  1.048958e-01
 5  7.925819e-02
 6  6.125564e-02
 7  4.876661e-02
 8  3.863623e-02
 9  3.179224e-02
 10  2.596578e-02
 11  2.155406e-02
 12  1.792233e-02
 13  1.506842e-02
 14  1.295364e-02
 15  1.102895e-02
 16  9.506746e-03
 17  8.416341e-03
 18  7.438606e-03
 19  6.625574e-03
 20  6.016625e-03
 21  5.570888e-03
 22  5.276847e-03
 23  5.079399e-03
 24  4.901811e-03
 25  4.738235e-03
 26  4.580765e-03
 27  4.350242e-03
 28  4.091762e-03
 29  3.756598e-03
 30  3.399795e-03
 31  2.988330e-03
 32  2.544922e-03
 33  2.121039e-03
 34  1.720901e-03
 35  1.401610e-03
 36  1.137778e-03
 37  9.180156e-04
 Iteration CPU time: 9 s
 CFIE residual: 0.000918016

 Iseg, Irank, Idinc : 1, 17, 116
 Thata, Phi : 90.000000, 115.000000
 Maximun iteration: 300
 Number of recycle truncation: 30
 Final matrix dimension:  36708
 Residual error:0.001000
 0  6.427794e-01
 1  3.471672e-01
 2  2.166775e-01
 3  1.511844e-01
 4  1.082164e-01
 5  7.926870e-02
 6  6.163492e-02
 7  4.844852e-02
 8  3.805057e-02
 9  3.064278e-02
 10  2.470085e-02
 11  1.967989e-02
 12  1.610248e-02
 13  1.341492e-02
 14  1.125663e-02
 15  9.486093e-03
 16  8.051999e-03
 17  7.050436e-03
 18  6.122550e-03
 19  5.413525e-03
 20  4.990489e-03
 21  4.630190e-03
 22  4.354906e-03
 23  4.179671e-03
 24  4.039747e-03
 25  3.915433e-03
 26  3.774642e-03
 27  3.635073e-03
 28  3.485941e-03
 29  3.301067e-03
 30  3.068663e-03
 31  2.777655e-03
 32  2.406515e-03
 33  2.026166e-03
 34  1.636697e-03
 35  1.364785e-03
 36  1.079900e-03
 37  8.524392e-04
 Iteration CPU time: 8 s
 CFIE residual: 0.000852439

 Iseg, Irank, Idinc : 1, 18, 1
 Thata, Phi : 90.000000, 0.000000
 Maximun iteration: 300
 Number of recycle truncation: 30
 Final matrix dimension:  36708
 Residual error:0.001000
 0  5.206542e-01
 1  2.727232e-01
 2  1.770321e-01
 3  1.211326e-01
 4  8.735928e-02
 5  6.663471e-02
 6  5.126648e-02
 7  3.791124e-02
 8  2.880661e-02
 9  2.314244e-02
 10  1.903860e-02
 11  1.506954e-02
 12  1.146152e-02
 13  9.391748e-03
 14  7.637783e-03
 15  6.374780e-03
 16  5.264979e-03
 17  4.547565e-03
 18  3.850762e-03
 19  3.335860e-03
 20  2.837685e-03
 21  2.416845e-03
 22  2.055266e-03
 23  1.723015e-03
 24  1.462412e-03
 25  1.245930e-03
 26  1.055325e-03
 27  9.231220e-04
 Iteration CPU time: 6 s
 CFIE residual: 0.000923122

 Iseg, Irank, Idinc : 1, 19, 167
 Thata, Phi : 90.000000, 166.000000
 Maximun iteration: 300
 Number of recycle truncation: 30
 Final matrix dimension:  36708
 Residual error:0.001000
 0  5.945672e-01
 1  3.001260e-01
 2  1.853897e-01
 3  1.309151e-01
 4  1.007255e-01
 5  8.065439e-02
 6  6.484296e-02
 7  5.461543e-02
 8  4.576167e-02
 9  3.890291e-02
 10  3.264756e-02
 11  2.803426e-02
 12  2.462507e-02
 13  2.110992e-02
 14  1.757542e-02
 15  1.488054e-02
 16  1.284897e-02
 17  1.068937e-02
 18  8.956388e-03
 19  7.442713e-03
 20  6.210982e-03
 21  5.244533e-03
 22  4.473508e-03
 23  3.903530e-03
 24  3.351421e-03
 25  2.941252e-03
 26  2.635446e-03
 27  2.391245e-03
 28  2.217624e-03
 29  2.087351e-03
 30  1.981750e-03
 31  1.885324e-03
 32  1.803361e-03
 33  1.728446e-03
 34  1.634912e-03
 35  1.522508e-03
 36  1.372002e-03
 37  1.184887e-03
 38  1.001527e-03
 39  8.486246e-04
 Iteration CPU time: 9 s
 CFIE residual: 0.000848625

 Iseg, Irank, Idinc : 1, 20, 16
 Thata, Phi : 90.000000, 15.000000
 Maximun iteration: 300
 Number of recycle truncation: 30
 Final matrix dimension:  36708
 Residual error:0.001000
 0  5.923373e-01
 1  2.866026e-01
 2  1.760577e-01
 3  1.207246e-01
 4  8.635929e-02
 5  6.413883e-02
 6  4.908391e-02
 7  3.831056e-02
 8  3.016322e-02
 9  2.423070e-02
 10  1.939228e-02
 11  1.524307e-02
 12  1.212773e-02
 13  9.920731e-03
 14  8.354702e-03
 15  6.733597e-03
 16  5.676455e-03
 17  4.876957e-03
 18  4.146683e-03
 19  3.531940e-03
 20  3.042248e-03
 21  2.655343e-03
 22  2.280862e-03
 23  2.019726e-03
 24  1.825474e-03
 25  1.671880e-03
 26  1.533005e-03
 27  1.411213e-03
 28  1.329802e-03
 29  1.267454e-03
 30  1.210750e-03
 31  1.172503e-03
 32  1.126682e-03
 33  1.066513e-03
 34  1.003093e-03
 35  9.241229e-04
 Iteration CPU time: 8 s
 CFIE residual: 0.000924123

 Iseg, Irank, Idinc : 1, 21, 181
 Thata, Phi : 90.000000, 180.000000
 Maximun iteration: 300
 Number of recycle truncation: 30
 Final matrix dimension:  36708
 Residual error:0.001000
 0  5.869015e-01
 1  2.970043e-01
 2  1.842306e-01
 3  1.301624e-01
 4  9.957320e-02
 5  7.941740e-02
 6  6.433324e-02
 7  5.381562e-02
 8  4.494714e-02
 9  3.680433e-02
 10  3.003157e-02
 11  2.453379e-02
 12  1.974340e-02
 13  1.611799e-02
 14  1.301368e-02
 15  1.050143e-02
 16  8.557123e-03
 17  7.023748e-03
 18  5.934280e-03
 19  4.991168e-03
 20  4.174210e-03
 21  3.562681e-03
 22  2.976906e-03
 23  2.531929e-03
 24  2.201219e-03
 25  1.964096e-03
 26  1.764041e-03
 27  1.589778e-03
 28  1.455717e-03
 29  1.353397e-03
 30  1.271857e-03
 31  1.212521e-03
 32  1.164185e-03
 33  1.105624e-03
 34  1.025659e-03
 35  9.132863e-04
 Iteration CPU time: 8 s
 CFIE residual: 0.000913286

 Iseg, Irank, Idinc : 1, 22, 153
 Thata, Phi : 90.000000, 152.000000
 Maximun iteration: 300
 Number of recycle truncation: 30
 Final matrix dimension:  36708
 Residual error:0.001000
 0  6.362095e-01
 1  3.298257e-01
 2  2.028033e-01
 3  1.347107e-01
 4  9.849617e-02
 5  7.716859e-02
 6  6.023700e-02
 7  4.897447e-02
 8  4.045485e-02
 9  3.440251e-02
 10  2.933183e-02
 11  2.563258e-02
 12  2.233438e-02
 13  1.902572e-02
 14  1.568515e-02
 15  1.335898e-02
 16  1.157736e-02
 17  9.625256e-03
 18  8.198791e-03
 19  7.020670e-03
 20  6.047128e-03
 21  5.178082e-03
 22  4.465140e-03
 23  3.899389e-03
 24  3.512075e-03
 25  3.205292e-03
 26  2.969127e-03
 27  2.774191e-03
 28  2.660882e-03
 29  2.557742e-03
 30  2.453416e-03
 31  2.339644e-03
 32  2.190590e-03
 33  2.019745e-03
 34  1.791023e-03
 35  1.533239e-03
 36  1.298669e-03
 37  1.044525e-03
 38  8.437717e-04
 Iteration CPU time: 8 s
 CFIE residual: 0.000843772

 Iseg, Irank, Idinc : 1, 23, 77
 Thata, Phi : 90.000000, 76.000000
 Maximun iteration: 300
 Number of recycle truncation: 30
 Final matrix dimension:  36708
 Residual error:0.001000
 0  6.174410e-01
 1  3.555920e-01
 2  2.294915e-01
 3  1.469821e-01
 4  1.040354e-01
 5  7.931592e-02
 6  6.199881e-02
 7  4.819687e-02
 8  3.871132e-02
 9  3.069659e-02
 10  2.505840e-02
 11  2.054761e-02
 12  1.682328e-02
 13  1.420882e-02
 14  1.237327e-02
 15  1.075702e-02
 16  9.662164e-03
 17  8.831845e-03
 18  8.165548e-03
 19  7.627326e-03
 20  7.286313e-03
 21  7.007177e-03
 22  6.758824e-03
 23  6.508949e-03
 24  6.207926e-03
 25  5.914036e-03
 26  5.575947e-03
 27  5.194739e-03
 28  4.759340e-03
 29  4.253419e-03
 30  3.635293e-03
 31  3.076982e-03
 32  2.524503e-03
 33  2.074187e-03
 34  1.672676e-03
 35  1.326573e-03
 36  1.079467e-03
 37  8.566596e-04
 Iteration CPU time: 8 s
 CFIE residual: 0.00085666

 Iseg, Irank, Idinc : 1, 24, 130
 Thata, Phi : 90.000000, 129.000000
 Maximun iteration: 300
 Number of recycle truncation: 30
 Final matrix dimension:  36708
 Residual error:0.001000
 0  6.736378e-01
 1  3.493216e-01
 2  2.227186e-01
 3  1.527812e-01
 4  1.103398e-01
 5  8.153551e-02
 6  6.379206e-02
 7  5.047651e-02
 8  4.004559e-02
 9  3.307961e-02
 10  2.674911e-02
 11  2.137400e-02
 12  1.693030e-02
 13  1.371887e-02
 14  1.124986e-02
 15  9.573306e-03
 16  7.986520e-03
 17  6.825511e-03
 18  5.959242e-03
 19  5.299451e-03
 20  4.785945e-03
 21  4.442329e-03
 22  4.124175e-03
 23  3.897496e-03
 24  3.690268e-03
 25  3.562114e-03
 26  3.432272e-03
 27  3.309469e-03
 28  3.189352e-03
 29  3.032534e-03
 30  2.840907e-03
 31  2.608127e-03
 32  2.380678e-03
 33  2.112619e-03
 34  1.828772e-03
 35  1.565919e-03
 36  1.294901e-03
 37  1.053727e-03
 38  8.320127e-04
 Iteration CPU time: 8 s
 CFIE residual: 0.000832013

 Iseg, Irank, Idinc : 1, 25, 48
 Thata, Phi : 90.000000, 47.000000
 Maximun iteration: 300
 Number of recycle truncation: 30
 Final matrix dimension:  36708
 Residual error:0.001000
 0  6.408620e-01
 1  3.318718e-01
 2  2.055718e-01
 3  1.339916e-01
 4  9.632645e-02
 5  7.367203e-02
 6  5.636131e-02
 7  4.290328e-02
 8  3.290465e-02
 9  2.538257e-02
 10  1.935152e-02
 11  1.526765e-02
 12  1.222905e-02
 13  1.006933e-02
 14  8.484005e-03
 15  7.303724e-03
 16  6.364180e-03
 17  5.591903e-03
 18  5.038460e-03
 19  4.617957e-03
 20  4.383609e-03
 21  4.225203e-03
 22  4.083375e-03
 23  3.936434e-03
 24  3.759383e-03
 25  3.590440e-03
 26  3.355563e-03
 27  3.110450e-03
 28  2.752020e-03
 29  2.416813e-03
 30  2.102060e-03
 31  1.795334e-03
 32  1.491701e-03
 33  1.214651e-03
 34  1.017843e-03
 35  8.240968e-04
 Iteration CPU time: 8 s
 CFIE residual: 0.000824097

 Iseg, Irank, Idinc : 1, 26, 5
 Thata, Phi : 90.000000, 4.000000
 Maximun iteration: 300
 Number of recycle truncation: 30
 Final matrix dimension:  36708
 Residual error:0.001000
 0  5.273581e-01
 1  2.742698e-01
 2  1.770794e-01
 3  1.223095e-01
 4  8.877073e-02
 5  6.705585e-02
 6  5.116378e-02
 7  3.825450e-02
 8  2.980205e-02
 9  2.365890e-02
 10  1.901214e-02
 11  1.514859e-02
 12  1.201016e-02
 13  9.964872e-03
 14  8.189903e-03
 15  6.601716e-03
 16  5.617254e-03
 17  4.808300e-03
 18  4.029491e-03
 19  3.452373e-03
 20  2.988942e-03
 21  2.597762e-03
 22  2.231900e-03
 23  1.903226e-03
 24  1.659059e-03
 25  1.452994e-03
 26  1.268350e-03
 27  1.102933e-03
 28  9.866474e-04
 Iteration CPU time: 6 s
 CFIE residual: 0.000986647

 Iseg, Irank, Idinc : 1, 27, 172
 Thata, Phi : 90.000000, 171.000000
 Maximun iteration: 300
 Number of recycle truncation: 30
 Final matrix dimension:  36708
 Residual error:0.001000
 0  5.884307e-01
 1  2.975621e-01
 2  1.856477e-01
 3  1.321688e-01
 4  1.024095e-01
 5  8.204586e-02
 6  6.624790e-02
 7  5.582543e-02
 8  4.645430e-02
 9  3.879030e-02
 10  3.310159e-02
 11  2.817208e-02
 12  2.375747e-02
 13  1.998819e-02
 14  1.698665e-02
 15  1.404975e-02
 16  1.188082e-02
 17  9.925406e-03
 18  8.282848e-03
 19  6.907329e-03
 20  5.813462e-03
 21  4.926805e-03
 22  4.194967e-03
 23  3.663422e-03
 24  3.180322e-03
 25  2.794645e-03
 26  2.488215e-03
 27  2.252375e-03
 28  2.071492e-03
 29  1.926710e-03
 30  1.816082e-03
 31  1.727180e-03
 32  1.654730e-03
 33  1.593422e-03
 34  1.521362e-03
 35  1.437075e-03
 36  1.324699e-03
 37  1.186072e-03
 38  1.034237e-03
 39  8.899371e-04
 Iteration CPU time: 9 s
 CFIE residual: 0.000889937

 Iseg, Irank, Idinc : 1, 28, 96
 Thata, Phi : 90.000000, 95.000000
 Maximun iteration: 300
 Number of recycle truncation: 30
 Final matrix dimension:  36708
 Residual error:0.001000
 0  6.017039e-01
 1  3.428596e-01
 2  2.160352e-01
 3  1.452744e-01
 4  1.040804e-01
 5  7.956286e-02
 6  6.297338e-02
 7  4.956787e-02
 8  3.938471e-02
 9  3.149820e-02
 10  2.594732e-02
 11  2.128305e-02
 12  1.774567e-02
 13  1.529710e-02
 14  1.320741e-02
 15  1.126205e-02
 16  9.707036e-03
 17  8.555078e-03
 18  7.735505e-03
 19  6.919236e-03
 20  6.338227e-03
 21  5.914092e-03
 22  5.639862e-03
 23  5.422294e-03
 24  5.255140e-03
 25  5.092485e-03
 26  4.903549e-03
 27  4.669339e-03
 28  4.313133e-03
 29  3.934913e-03
 30  3.522289e-03
 31  3.062655e-03
 32  2.588414e-03
 33  2.180381e-03
 34  1.785487e-03
 35  1.440685e-03
 36  1.173458e-03
 37  9.602233e-04
 Iteration CPU time: 9 s
 CFIE residual: 0.000960223

 Iseg, Irank, Idinc : 1, 29, 27
 Thata, Phi : 90.000000, 26.000000
 Maximun iteration: 300
 Number of recycle truncation: 30
 Final matrix dimension:  36708
 Residual error:0.001000
 0  6.424268e-01
 1  3.019364e-01
 2  1.759580e-01
 3  1.124429e-01
 4  7.814634e-02
 5  5.751589e-02
 6  4.265021e-02
 7  3.288348e-02
 8  2.627801e-02
 9  2.142042e-02
 10  1.771826e-02
 11  1.436035e-02
 12  1.132121e-02
 13  9.474297e-03
 14  7.955111e-03
 15  6.628054e-03
 16  5.692130e-03
 17  4.780744e-03
 18  4.011581e-03
 19  3.542278e-03
 20  3.097001e-03
 21  2.758460e-03
 22  2.460377e-03
 23  2.270461e-03
 24  2.111916e-03
 25  2.006904e-03
 26  1.915951e-03
 27  1.828404e-03
 28  1.772425e-03
 29  1.705684e-03
 30  1.639788e-03
 31  1.557381e-03
 32  1.455051e-03
 33  1.331789e-03
 34  1.176850e-03
 35  1.022908e-03
 36  8.878770e-04
 Iteration CPU time: 8 s
 CFIE residual: 0.000887877

 Iseg, Irank, Idinc : 1, 30, 142
 Thata, Phi : 90.000000, 141.000000
 Maximun iteration: 300
 Number of recycle truncation: 30
 Final matrix dimension:  36708
 Residual error:0.001000
 0  6.862037e-01
 1  3.497017e-01
 2  2.116797e-01
 3  1.439142e-01
 4  1.042393e-01
 5  7.795559e-02
 6  6.021177e-02
 7  4.719489e-02
 8  3.870310e-02
 9  3.298291e-02
 10  2.786245e-02
 11  2.384280e-02
 12  2.026677e-02
 13  1.724967e-02
 14  1.446891e-02
 15  1.216602e-02
 16  1.036822e-02
 17  8.822813e-03
 18  7.456834e-03
 19  6.481856e-03
 20  5.683715e-03
 21  5.112502e-03
 22  4.682164e-03
 23  4.371989e-03
 24  4.142799e-03
 25  3.960978e-03
 26  3.804421e-03
 27  3.656482e-03
 28  3.516968e-03
 29  3.378331e-03
 30  3.194404e-03
 31  2.940479e-03
 32  2.675123e-03
 33  2.322134e-03
 34  1.999813e-03
 35  1.679466e-03
 36  1.390102e-03
 37  1.116632e-03
 38  8.607757e-04
 Iteration CPU time: 8 s
 CFIE residual: 0.000860776

 Iseg, Irank, Idinc : 1, 31, 58
 Thata, Phi : 90.000000, 57.000000
 Maximun iteration: 300
 Number of recycle truncation: 30
 Final matrix dimension:  36708
 Residual error:0.001000
 0  6.590741e-01
 1  3.478890e-01
 2  2.123529e-01
 3  1.333090e-01
 4  9.608201e-02
 5  7.260324e-02
 6  5.579272e-02
 7  4.390384e-02
 8  3.381621e-02
 9  2.692647e-02
 10  2.126123e-02
 11  1.675409e-02
 12  1.338338e-02
 13  1.080095e-02
 14  9.220255e-03
 15  8.120569e-03
 16  7.281699e-03
 17  6.623213e-03
 18  6.091929e-03
 19  5.714406e-03
 20  5.477854e-03
 21  5.333428e-03
 22  5.172626e-03
 23  4.947441e-03
 24  4.654351e-03
 25  4.289403e-03
 26  3.979582e-03
 27  3.583184e-03
 28  3.114001e-03
 29  2.651977e-03
 30  2.243360e-03
 31  1.856351e-03
 32  1.485394e-03
 33  1.203409e-03
 34  9.827358e-04
 Iteration CPU time: 8 s
 CFIE residual: 0.000982736

 Iseg, Irank, Idinc : 1, 32, 179
 Thata, Phi : 90.000000, 178.000000
 Maximun iteration: 300
 Number of recycle truncation: 30
 Final matrix dimension:  36708
 Residual error:0.001000
 0  5.869629e-01
 1  2.970435e-01
 2  1.843577e-01
 3  1.303695e-01
 4  9.995615e-02
 5  7.980728e-02
 6  6.465280e-02
 7  5.412497e-02
 8  4.514528e-02
 9  3.708114e-02
 10  3.046677e-02
 11  2.504784e-02
 12  2.057902e-02
 13  1.676852e-02
 14  1.385980e-02
 15  1.132330e-02
 16  9.316262e-03
 17  7.664318e-03
 18  6.482148e-03
 19  5.379033e-03
 20  4.534857e-03
 21  3.881565e-03
 22  3.267494e-03
 23  2.800304e-03
 24  2.476868e-03
 25  2.177755e-03
 26  1.939636e-03
 27  1.745699e-03
 28  1.605673e-03
 29  1.480236e-03
 30  1.390849e-03
 31  1.331831e-03
 32  1.288144e-03
 33  1.244991e-03
 34  1.196379e-03
 35  1.130288e-03
 36  1.038098e-03
 37  9.508915e-04
 Iteration CPU time: 8 s
 CFIE residual: 0.000950892

 Iseg, Irank, Idinc : 1, 33, 3
 Thata, Phi : 90.000000, 2.000000
 Maximun iteration: 300
 Number of recycle truncation: 30
 Final matrix dimension:  36708
 Residual error:0.001000
 0  5.223765e-01
 1  2.731399e-01
 2  1.770524e-01
 3  1.214879e-01
 4  8.781619e-02
 5  6.679190e-02
 6  5.123507e-02
 7  3.796063e-02
 8  2.904279e-02
 9  2.329208e-02
 10  1.902619e-02
 11  1.511141e-02
 12  1.170395e-02
 13  9.579524e-03
 14  7.946742e-03
 15  6.538535e-03
 16  5.493012e-03
 17  4.726570e-03
 18  3.955649e-03
 19  3.411008e-03
 20  2.938094e-03
 21  2.542528e-03
 22  2.188206e-03
 23  1.854038e-03
 24  1.601267e-03
 25  1.380179e-03
 26  1.186464e-03
 27  1.028348e-03
 28  9.050041e-04
 Iteration CPU time: 7 s
 CFIE residual: 0.000905004

 Iseg, Irank, Idinc : 1, 34, 105
 Thata, Phi : 90.000000, 104.000000
 Maximun iteration: 300
 Number of recycle truncation: 30
 Final matrix dimension:  36708
 Residual error:0.001000
 0  6.111676e-01
 1  3.471043e-01
 2  2.152075e-01
 3  1.476443e-01
 4  1.051038e-01
 5  7.918731e-02
 6  6.066861e-02
 7  4.791081e-02
 8  3.836938e-02
 9  3.121620e-02
 10  2.542350e-02
 11  2.119088e-02
 12  1.713871e-02
 13  1.437773e-02
 14  1.219309e-02
 15  1.026952e-02
 16  8.959658e-03
 17  7.900269e-03
 18  6.967291e-03
 19  6.163836e-03
 20  5.541434e-03
 21  5.095052e-03
 22  4.835114e-03
 23  4.649774e-03
 24  4.499914e-03
 25  4.349112e-03
 26  4.203643e-03
 27  3.989431e-03
 28  3.751363e-03
 29  3.448208e-03
 30  3.078341e-03
 31  2.668869e-03
 32  2.287678e-03
 33  1.915847e-03
 34  1.595945e-03
 35  1.311169e-03
 36  1.062930e-03
 37  8.544633e-04
 Iteration CPU time: 8 s
 CFIE residual: 0.000854463

 Iseg, Irank, Idinc : 1, 35, 37
 Thata, Phi : 90.000000, 36.000000
 Maximun iteration: 300
 Number of recycle truncation: 30
 Final matrix dimension:  36708
 Residual error:0.001000
 0  6.228799e-01
 1  3.125948e-01
 2  1.915250e-01
 3  1.210082e-01
 4  8.373286e-02
 5  6.114308e-02
 6  4.577390e-02
 7  3.485308e-02
 8  2.699038e-02
 9  2.116282e-02
 10  1.646024e-02
 11  1.337868e-02
 12  1.073429e-02
 13  8.974622e-03
 14  7.369148e-03
 15  6.163296e-03
 16  5.289876e-03
 17  4.536833e-03
 18  3.946600e-03
 19  3.490374e-03
 20  3.212078e-03
 21  2.977704e-03
 22  2.823425e-03
 23  2.708154e-03
 24  2.613545e-03
 25  2.518890e-03
 26  2.432940e-03
 27  2.320691e-03
 28  2.189477e-03
 29  2.024518e-03
 30  1.862710e-03
 31  1.682557e-03
 32  1.490840e-03
 33  1.291894e-03
 34  1.095312e-03
 35  9.285884e-04
 Iteration CPU time: 8 s
 CFIE residual: 0.000928588

 Iseg, Irank, Idinc : 1, 36, 163
 Thata, Phi : 90.000000, 162.000000
 Maximun iteration: 300
 Number of recycle truncation: 30
 Final matrix dimension:  36708
 Residual error:0.001000
 0  6.060255e-01
 1  3.060404e-01
 2  1.867073e-01
 3  1.292764e-01
 4  9.788500e-02
 5  7.843654e-02
 6  6.328595e-02
 7  5.210836e-02
 8  4.373374e-02
 9  3.801551e-02
 10  3.288529e-02
 11  2.821616e-02
 12  2.428776e-02
 13  2.103962e-02
 14  1.774303e-02
 15  1.516779e-02
 16  1.279868e-02
 17  1.059888e-02
 18  8.981150e-03
 19  7.562285e-03
 20  6.312227e-03
 21  5.309459e-03
 22  4.538968e-03
 23  3.942405e-03
 24  3.403498e-03
 25  3.015160e-03
 26  2.728260e-03
 27  2.509796e-03
 28  2.361665e-03
 29  2.243891e-03
 30  2.142583e-03
 31  2.042307e-03
 32  1.957500e-03
 33  1.854067e-03
 34  1.731556e-03
 35  1.569054e-03
 36  1.360026e-03
 37  1.128234e-03
 38  9.206259e-04
 Iteration CPU time: 9 s
 CFIE residual: 0.000920626

 Iseg, Irank, Idinc : 1, 37, 68
 Thata, Phi : 90.000000, 67.000000
 Maximun iteration: 300
 Number of recycle truncation: 30
 Final matrix dimension:  36708
 Residual error:0.001000
 0  6.478812e-01
 1  3.672400e-01
 2  2.343187e-01
 3  1.496437e-01
 4  1.062630e-01
 5  8.281611e-02
 6  6.270912e-02
 7  4.984226e-02
 8  3.940949e-02
 9  3.197590e-02
 10  2.489249e-02
 11  2.026121e-02
 12  1.631154e-02
 13  1.343316e-02
 14  1.154037e-02
 15  1.012617e-02
 16  9.083589e-03
 17  8.292917e-03
 18  7.709395e-03
 19  7.273877e-03
 20  7.011413e-03
 21  6.820335e-03
 22  6.596964e-03
 23  6.308041e-03
 24  5.911908e-03
 25  5.523337e-03
 26  5.103144e-03
 27  4.609792e-03
 28  4.103506e-03
 29  3.488261e-03
 30  2.849586e-03
 31  2.334118e-03
 32  1.949471e-03
 33  1.564065e-03
 34  1.279623e-03
 35  1.059395e-03
 36  8.680750e-04
 Iteration CPU time: 8 s
 CFIE residual: 0.000868075

 Iseg, Irank, Idinc : 1, 38, 120
 Thata, Phi : 90.000000, 119.000000
 Maximun iteration: 300
 Number of recycle truncation: 30
 Final matrix dimension:  36708
 Residual error:0.001000
 0  6.472318e-01
 1  3.437157e-01
 2  2.174794e-01
 3  1.524613e-01
 4  1.091096e-01
 5  8.116772e-02
 6  6.395610e-02
 7  4.988300e-02
 8  3.966112e-02
 9  3.206316e-02
 10  2.586935e-02
 11  2.067367e-02
 12  1.652349e-02
 13  1.336989e-02
 14  1.119677e-02
 15  9.450117e-03
 16  8.083517e-03
 17  7.143577e-03
 18  6.181852e-03
 19  5.417289e-03
 20  4.960066e-03
 21  4.563921e-03
 22  4.298327e-03
 23  4.094881e-03
 24  3.929162e-03
 25  3.777362e-03
 26  3.639183e-03
 27  3.501026e-03
 28  3.378167e-03
 29  3.253706e-03
 30  3.081583e-03
 31  2.832784e-03
 32  2.584474e-03
 33  2.214169e-03
 34  1.895871e-03
 35  1.595628e-03
 36  1.318347e-03
 37  1.050834e-03
 38  8.074701e-04
 Iteration CPU time: 8 s
 CFIE residual: 0.00080747

 Iseg, Irank, Idinc : 1, 39, 12
 Thata, Phi : 90.000000, 11.000000
 Maximun iteration: 300
 Number of recycle truncation: 30
 Final matrix dimension:  36708
 Residual error:0.001000
 0  5.642926e-01
 1  2.813059e-01
 2  1.770266e-01
 3  1.234413e-01
 4  8.979350e-02
 5  6.694502e-02
 6  5.078609e-02
 7  3.956693e-02
 8  3.093431e-02
 9  2.439173e-02
 10  1.935365e-02
 11  1.517729e-02
 12  1.208882e-02
 13  9.943944e-03
 14  8.232254e-03
 15  6.546229e-03
 16  5.581001e-03
 17  4.769997e-03
 18  4.084696e-03
 19  3.480179e-03
 20  3.030399e-03
 21  2.646673e-03
 22  2.264873e-03
 23  2.001101e-03
 24  1.786209e-03
 25  1.622316e-03
 26  1.467347e-03
 27  1.334624e-03
 28  1.238766e-03
 29  1.167673e-03
 30  1.105997e-03
 31  1.063886e-03
 32  1.024940e-03
 33  9.769231e-04
 Iteration CPU time: 8 s
 CFIE residual: 0.000976923

 Iseg, Irank, Idinc : 1, 40, 180
 Thata, Phi : 90.000000, 179.000000
 Maximun iteration: 300
 Number of recycle truncation: 30
 Final matrix dimension:  36708
 Residual error:0.001000
 0  5.869227e-01
 1  2.970157e-01
 2  1.842635e-01
 3  1.302167e-01
 4  9.968001e-02
 5  7.952692e-02
 6  6.442893e-02
 7  5.390872e-02
 8  4.500477e-02
 9  3.688546e-02
 10  3.015408e-02
 11  2.468096e-02
 12  2.003906e-02
 13  1.635170e-02
 14  1.339206e-02
 15  1.093020e-02
 16  8.992633e-03
 17  7.369803e-03
 18  6.210093e-03
 19  5.165838e-03
 20  4.330662e-03
 21  3.691162e-03
 22  3.108719e-03
 23  2.660037e-03
 24  2.343534e-03
 25  2.063581e-03
 26  1.841962e-03
 27  1.660163e-03
 28  1.529325e-03
 29  1.407285e-03
 30  1.317751e-03
 31  1.260252e-03
 32  1.215304e-03
 33  1.169483e-03
 34  1.114525e-03
 35  1.027927e-03
 36  9.277217e-04
 Iteration CPU time: 8 s
 CFIE residual: 0.000927722
 Last Built End in Sep 21 2025 00:06:12
 Total CPU time: 339 s
 Finished.
