 Last Built Begin in Sep 21 2025 00:06:12
 Pre-Type( Input ):           10
 Skl-Tol ( Input ):    1.0000000000000001E-005
 Wavelength in freespace: 0.0297619

 ################################################
 ##         Generating Required Mesh          ##
 ##         Waiting.....                      ##
 ################################################
 Subd No.      Subd Name
    1    Open-Duct_PRIME_model_meshAA1                                     
 isub,  nnode, npatch,  nedge:
    1      6118     12236     18354
 Scale Factor         >>   1.54999997E-02
 ################################################

 START TIME: 20250922   055303.895


 Informaton for IE geometry:
 number of subdomains     : 1
 maxnode,maxpatch,maxedge : 6118  12236  18354
 
 Index of Mat-Reg: 1
 Mat-Reg Number via MatFlg: 1
 Edge Number of Mat-Reg: 1, 18354

 Number of Edge on PEC: 18354
 Mat-Reg: No Dim(m) Lmax:
    1 0.241    5
 Totlmax, add1, add2:           5           6           7
 rlengmax of Global MLFMA >>   0.24091458544229999     
 Lmax of Global MLFMA >>            5
 Wavenum of Mat-Reg:
    1 1.000

 total area in sq m           =      0.0510
 total area in sq lambda      =     57.5430
 maxnode, maxpatch, maxedge           =     6118    12236    18354
 longest  edge in lambda              =      0.1568
 shortest edge in lambda              =      0.0075
 average  edge in lambda              =      0.1047
 largest  patch area in sq lambda     =      0.0083
 smallest patch area in sq lambda     =      0.0000
 ave    surface area in sq lambda     =      0.0047
 size range of the object in sq lambda =      7.7093

 #### MLFMA Info For Each Region ####
 Mat-Region =            1
 Array dimension parameters:
 maxrule=          14   maxgrid  =          64
 lmax   =           5   ncmax    =        1250
 lsmax  =          27   lsmin    =           7
 kpm    =        1462   kp0      =         102
 ntlm   =      217096   nsm      =      232158
 nkpm   =        2284   niplm    =      146176
 ngnearm=       14257   ngsndm   =       64634
 nearm  =         333   mfinestm =         119
 ###############################

 CFIE Alpha:  0.50000000000000000     

 Fill MLFMA FI for Mat-Reg:           1
 Begin filltl.f
 fill translation matrix
 Level:            2
 fill shifting matrix
 Level:            3
 fill shifting matrix
 Level:            4
 fill shifting matrix
 Level:            5
 fill shifting matrix
 translator time(s):  0.119000003    
 fill interpolation matrix
 ThetaOrder            8
 PhiOrder            8
 lsl            7
 Filling TL                  Delta_CPU=          0.55 Memory(MB)=        653.98
 Filling sndgrp              Delta_CPU=          0.00 Memory(MB)=        653.98
 Filling VFS                 Delta_CPU=          3.12 Memory(MB)=        653.98

 Fill MLFMA NI for Mat-Reg:           1
 Begin fill sparser part of Nearfield
 Begin fill denser part of Nearfield
 End fill
 Filling Amn                 Delta_CPU=         90.16 Memory(MB)=        653.98


 Now testing preconditioner with
 ipretype =           10
 method = cfie_solve_nfrasspspre_pardiso

  
 NBP>>Begin fill sparser part of Nearfield

116.3371% NBP>>Begin fill denser part of Nearfield

200.1041%
 Begin MLFMA Box-Matrix Based Spar-RAS Prec Constructor
 --- Intel MKL PARDISO --- 
 Memory for iGroup: 1 0 MB
 Total Memory For SparRAS Pre: 0 MB
 --- PARDISO PRECONDITIONER INITIALIZED --- 
 Constructing preconditioner CPU time: 4 s
 
 1101240
 Memory for Iteration:: 16.8036 MB

 Iseg, Ninc_S : 1, 181, 0

 Iseg, Skeleton Angles: 1, 40
 Iseg, Skel-Pk Mem(MB): 1, 314.35

 Iseg, Irank, Idinc : 1, 1, 42
 Thata, Phi : 90.000000, 41.000000
 Maximun iteration: 300
 Number of recycle truncation: 30
 Final matrix dimension:  36708
 Residual error:0.001000
 0  6.314648e-01
 1  3.155038e-01
 2  1.991713e-01
 3  1.282141e-01
 4  8.794010e-02
 5  6.480644e-02
 6  4.816461e-02
 7  3.701027e-02
 8  2.820505e-02
 9  2.110037e-02
 10  1.590707e-02
 11  1.253982e-02
 12  9.918048e-03
 13  8.027678e-03
 14  6.510895e-03
 15  5.063585e-03
 16  4.078640e-03
 17  3.335700e-03
 18  2.677573e-03
 19  2.187829e-03
 20  1.737919e-03
 21  1.388685e-03
 22  1.126167e-03
 23  9.404155e-04
 Iteration CPU time: 5 s
 CFIE residual: 0.000940416

 Iseg, Irank, Idinc : 1, 2, 22
 Thata, Phi : 90.000000, 21.000000
 Maximun iteration: 300
 Number of recycle truncation: 30
 Final matrix dimension:  36708
 Residual error:0.001000
 0  6.241183e-01
 1  2.936385e-01
 2  1.707625e-01
 3  1.145788e-01
 4  7.986189e-02
 5  5.919756e-02
 6  4.508613e-02
 7  3.484483e-02
 8  2.792406e-02
 9  2.231640e-02
 10  1.770706e-02
 11  1.387856e-02
 12  1.132911e-02
 13  9.063018e-03
 14  7.722195e-03
 15  6.229358e-03
 16  5.069364e-03
 17  4.216800e-03
 18  3.517247e-03
 19  2.983772e-03
 20  2.467791e-03
 21  1.954851e-03
 22  1.578207e-03
 23  1.312809e-03
 24  1.092724e-03
 25  9.131379e-04
 Iteration CPU time: 6 s
 CFIE residual: 0.000913138

 Iseg, Irank, Idinc : 1, 3, 109
 Thata, Phi : 90.000000, 108.000000
 Maximun iteration: 300
 Number of recycle truncation: 30
 Final matrix dimension:  36708
 Residual error:0.001000
 0  6.245441e-01
 1  3.531004e-01
 2  2.202169e-01
 3  1.511396e-01
 4  1.058412e-01
 5  7.986636e-02
 6  6.119333e-02
 7  4.765074e-02
 8  3.839106e-02
 9  3.019026e-02
 10  2.369659e-02
 11  1.901911e-02
 12  1.560429e-02
 13  1.273585e-02
 14  1.042126e-02
 15  8.405633e-03
 16  6.924495e-03
 17  5.663272e-03
 18  4.530434e-03
 19  3.760030e-03
 20  3.073226e-03
 21  2.437635e-03
 22  1.962092e-03
 23  1.607874e-03
 24  1.310907e-03
 25  1.084112e-03
 26  9.037492e-04
 Iteration CPU time: 6 s
 CFIE residual: 0.000903749

 Iseg, Irank, Idinc : 1, 4, 64
 Thata, Phi : 90.000000, 63.000000
 Maximun iteration: 300
 Number of recycle truncation: 30
 Final matrix dimension:  36708
 Residual error:0.001000
 0  6.594637e-01
 1  3.591523e-01
 2  2.242862e-01
 3  1.441552e-01
 4  1.024589e-01
 5  7.848973e-02
 6  5.882673e-02
 7  4.615307e-02
 8  3.718562e-02
 9  2.904344e-02
 10  2.241296e-02
 11  1.717401e-02
 12  1.364372e-02
 13  1.084117e-02
 14  8.665741e-03
 15  7.005492e-03
 16  5.560145e-03
 17  4.621124e-03
 18  3.714569e-03
 19  3.027314e-03
 20  2.500973e-03
 21  2.087004e-03
 22  1.683903e-03
 23  1.436480e-03
 24  1.258512e-03
 25  1.129856e-03
 26  1.022000e-03
 27  9.533382e-04
 Iteration CPU time: 6 s
 CFIE residual: 0.000953338

 Iseg, Irank, Idinc : 1, 5, 147
 Thata, Phi : 90.000000, 146.000000
 Maximun iteration: 300
 Number of recycle truncation: 30
 Final matrix dimension:  36708
 Residual error:0.001000
 0  6.533958e-01
 1  3.442861e-01
 2  2.097816e-01
 3  1.412478e-01
 4  1.023386e-01
 5  7.759519e-02
 6  6.112162e-02
 7  4.756778e-02
 8  3.959844e-02
 9  3.413947e-02
 10  2.879616e-02
 11  2.444260e-02
 12  2.048220e-02
 13  1.686464e-02
 14  1.390865e-02
 15  1.140351e-02
 16  9.311556e-03
 17  7.498215e-03
 18  6.123551e-03
 19  4.991531e-03
 20  3.930132e-03
 21  3.142609e-03
 22  2.556400e-03
 23  2.088776e-03
 24  1.695131e-03
 25  1.312762e-03
 26  1.022445e-03
 27  7.879226e-04
 Iteration CPU time: 6 s
 CFIE residual: 0.000787923

 Iseg, Irank, Idinc : 1, 6, 136
 Thata, Phi : 90.000000, 135.000000
 Maximun iteration: 300
 Number of recycle truncation: 30
 Final matrix dimension:  36708
 Residual error:0.001000
 0  6.985665e-01
 1  3.530950e-01
 2  2.203494e-01
 3  1.492084e-01
 4  1.082873e-01
 5  8.136993e-02
 6  6.180805e-02
 7  4.880256e-02
 8  3.884676e-02
 9  3.183787e-02
 10  2.586629e-02
 11  2.071183e-02
 12  1.700842e-02
 13  1.389560e-02
 14  1.112282e-02
 15  9.116662e-03
 16  7.315695e-03
 17  5.946028e-03
 18  4.860267e-03
 19  3.904675e-03
 20  3.202378e-03
 21  2.611100e-03
 22  2.186866e-03
 23  1.825050e-03
 24  1.535767e-03
 25  1.312651e-03
 26  1.104379e-03
 27  9.420661e-04
 Iteration CPU time: 7 s
 CFIE residual: 0.000942066

 Iseg, Irank, Idinc : 1, 7, 88
 Thata, Phi : 90.000000, 87.000000
 Maximun iteration: 300
 Number of recycle truncation: 30
 Final matrix dimension:  36708
 Residual error:0.001000
 0  6.105169e-01
 1  3.475106e-01
 2  2.223253e-01
 3  1.521886e-01
 4  1.096431e-01
 5  8.383014e-02
 6  6.429223e-02
 7  5.078819e-02
 8  4.133748e-02
 9  3.285246e-02
 10  2.582056e-02
 11  2.034558e-02
 12  1.692747e-02
 13  1.389592e-02
 14  1.129138e-02
 15  8.896639e-03
 16  7.199673e-03
 17  5.835470e-03
 18  4.757115e-03
 19  3.879950e-03
 20  3.264902e-03
 21  2.709515e-03
 22  2.313915e-03
 23  1.981142e-03
 24  1.724176e-03
 25  1.522014e-03
 26  1.357873e-03
 27  1.243821e-03
 28  1.168120e-03
 29  1.108058e-03
 30  1.065533e-03
 31  1.038701e-03
 32  1.011408e-03
 33  9.879533e-04
 Iteration CPU time: 8 s
 CFIE residual: 0.000987953

 Iseg, Irank, Idinc : 1, 8, 74
 Thata, Phi : 90.000000, 73.000000
 Maximun iteration: 300
 Number of recycle truncation: 30
 Final matrix dimension:  36708
 Residual error:0.001000
 0  6.342208e-01
 1  3.625681e-01
 2  2.355909e-01
 3  1.475959e-01
 4  1.030198e-01
 5  7.872021e-02
 6  6.162142e-02
 7  4.703530e-02
 8  3.767631e-02
 9  2.998662e-02
 10  2.415290e-02
 11  1.923605e-02
 12  1.542650e-02
 13  1.238657e-02
 14  1.013081e-02
 15  8.172844e-03
 16  6.595429e-03
 17  5.473712e-03
 18  4.474804e-03
 19  3.783271e-03
 20  3.132274e-03
 21  2.588987e-03
 22  2.151591e-03
 23  1.815821e-03
 24  1.569563e-03
 25  1.412489e-03
 26  1.278247e-03
 27  1.188570e-03
 28  1.116915e-03
 29  1.074293e-03
 30  1.044530e-03
 31  1.019388e-03
 32  9.963979e-04
 Iteration CPU time: 7 s
 CFIE residual: 0.000996398

 Iseg, Irank, Idinc : 1, 9, 159
 Thata, Phi : 90.000000, 158.000000
 Maximun iteration: 300
 Number of recycle truncation: 30
 Final matrix dimension:  36708
 Residual error:0.001000
 0  6.148396e-01
 1  3.133560e-01
 2  1.911584e-01
 3  1.292728e-01
 4  9.813949e-02
 5  7.769434e-02
 6  6.256575e-02
 7  5.090408e-02
 8  4.309428e-02
 9  3.680394e-02
 10  3.126440e-02
 11  2.636764e-02
 12  2.264268e-02
 13  1.893080e-02
 14  1.539470e-02
 15  1.279715e-02
 16  1.048122e-02
 17  8.606660e-03
 18  7.124631e-03
 19  5.663168e-03
 20  4.637692e-03
 21  3.716320e-03
 22  3.047836e-03
 23  2.448569e-03
 24  1.976242e-03
 25  1.568282e-03
 26  1.247870e-03
 27  9.883400e-04
 Iteration CPU time: 7 s
 CFIE residual: 0.00098834

 Iseg, Irank, Idinc : 1, 10, 124
 Thata, Phi : 90.000000, 123.000000
 Maximun iteration: 300
 Number of recycle truncation: 30
 Final matrix dimension:  36708
 Residual error:0.001000
 0  6.543650e-01
 1  3.413406e-01
 2  2.230034e-01
 3  1.564449e-01
 4  1.120786e-01
 5  8.290834e-02
 6  6.519170e-02
 7  5.083680e-02
 8  3.959557e-02
 9  3.181796e-02
 10  2.487211e-02
 11  1.978714e-02
 12  1.551255e-02
 13  1.226238e-02
 14  9.936407e-03
 15  8.218795e-03
 16  6.831373e-03
 17  5.681738e-03
 18  4.566063e-03
 19  3.907632e-03
 20  3.252804e-03
 21  2.690678e-03
 22  2.283027e-03
 23  1.982232e-03
 24  1.678562e-03
 25  1.422205e-03
 26  1.203508e-03
 27  1.041537e-03
 28  9.183345e-04
 Iteration CPU time: 6 s
 CFIE residual: 0.000918335

 Iseg, Irank, Idinc : 1, 11, 53
 Thata, Phi : 90.000000, 52.000000
 Maximun iteration: 300
 Number of recycle truncation: 30
 Final matrix dimension:  36708
 Residual error:0.001000
 0  6.527248e-01
 1  3.420475e-01
 2  2.097058e-01
 3  1.349149e-01
 4  9.626790e-02
 5  7.251124e-02
 6  5.551935e-02
 7  4.316142e-02
 8  3.291948e-02
 9  2.493202e-02
 10  1.920495e-02
 11  1.473638e-02
 12  1.150382e-02
 13  9.054796e-03
 14  7.481293e-03
 15  6.011314e-03
 16  4.765503e-03
 17  3.744287e-03
 18  2.916197e-03
 19  2.309706e-03
 20  1.864129e-03
 21  1.512804e-03
 22  1.227548e-03
 23  1.036720e-03
 24  9.035346e-04
 Iteration CPU time: 6 s
 CFIE residual: 0.000903535

 Iseg, Irank, Idinc : 1, 12, 32
 Thata, Phi : 90.000000, 31.000000
 Maximun iteration: 300
 Number of recycle truncation: 30
 Final matrix dimension:  36708
 Residual error:0.001000
 0  6.338967e-01
 1  3.068636e-01
 2  1.815049e-01
 3  1.137284e-01
 4  8.003221e-02
 5  5.869461e-02
 6  4.278529e-02
 7  3.252939e-02
 8  2.571509e-02
 9  2.014670e-02
 10  1.609219e-02
 11  1.311943e-02
 12  1.054827e-02
 13  8.332037e-03
 14  6.913461e-03
 15  5.455772e-03
 16  4.479318e-03
 17  3.629245e-03
 18  3.017812e-03
 19  2.547719e-03
 20  2.106187e-03
 21  1.689735e-03
 22  1.380061e-03
 23  1.139468e-03
 24  9.439688e-04
 Iteration CPU time: 6 s
 CFIE residual: 0.000943969

 Iseg, Irank, Idinc : 1, 13, 10
 Thata, Phi : 90.000000, 9.000000
 Maximun iteration: 300
 Number of recycle truncation: 30
 Final matrix dimension:  36708
 Residual error:0.001000
 0  5.458277e-01
 1  2.768617e-01
 2  1.757223e-01
 3  1.240560e-01
 4  8.965110e-02
 5  6.692784e-02
 6  5.151407e-02
 7  3.985435e-02
 8  3.127206e-02
 9  2.440509e-02
 10  1.887268e-02
 11  1.501005e-02
 12  1.214136e-02
 13  9.912604e-03
 14  7.916201e-03
 15  6.210944e-03
 16  5.081313e-03
 17  4.275114e-03
 18  3.571438e-03
 19  3.064561e-03
 20  2.594717e-03
 21  2.171089e-03
 22  1.808085e-03
 23  1.525830e-03
 24  1.294623e-03
 25  1.089080e-03
 26  9.358934e-04
 Iteration CPU time: 6 s
 CFIE residual: 0.000935893

 Iseg, Irank, Idinc : 1, 14, 178
 Thata, Phi : 90.000000, 177.000000
 Maximun iteration: 300
 Number of recycle truncation: 30
 Final matrix dimension:  36708
 Residual error:0.001000
 0  5.759674e-01
 1  2.984216e-01
 2  1.878440e-01
 3  1.324027e-01
 4  1.026286e-01
 5  8.027948e-02
 6  6.424459e-02
 7  5.446253e-02
 8  4.486213e-02
 9  3.568600e-02
 10  2.856489e-02
 11  2.341857e-02
 12  1.904218e-02
 13  1.597053e-02
 14  1.269445e-02
 15  1.014396e-02
 16  8.195838e-03
 17  6.595990e-03
 18  5.358508e-03
 19  4.393189e-03
 20  3.615853e-03
 21  2.997563e-03
 22  2.480597e-03
 23  2.069012e-03
 24  1.744412e-03
 25  1.454095e-03
 26  1.178563e-03
 27  9.636985e-04
 Iteration CPU time: 6 s
 CFIE residual: 0.000963699

 Iseg, Irank, Idinc : 1, 15, 97
 Thata, Phi : 90.000000, 96.000000
 Maximun iteration: 300
 Number of recycle truncation: 30
 Final matrix dimension:  36708
 Residual error:0.001000
 0  6.085083e-01
 1  3.458063e-01
 2  2.178437e-01
 3  1.454280e-01
 4  1.041931e-01
 5  7.911594e-02
 6  6.147610e-02
 7  4.915276e-02
 8  3.874898e-02
 9  3.048869e-02
 10  2.490280e-02
 11  2.033383e-02
 12  1.650809e-02
 13  1.359789e-02
 14  1.099578e-02
 15  9.054084e-03
 16  7.488884e-03
 17  6.221786e-03
 18  5.083999e-03
 19  4.073429e-03
 20  3.307371e-03
 21  2.676037e-03
 22  2.211307e-03
 23  1.826488e-03
 24  1.582474e-03
 25  1.368180e-03
 26  1.203448e-03
 27  1.095589e-03
 28  1.019796e-03
 29  9.660696e-04
 Iteration CPU time: 7 s
 CFIE residual: 0.00096607

 Iseg, Irank, Idinc : 1, 16, 81
 Thata, Phi : 90.000000, 80.000000
 Maximun iteration: 300
 Number of recycle truncation: 30
 Final matrix dimension:  36708
 Residual error:0.001000
 0  6.160246e-01
 1  3.519910e-01
 2  2.267710e-01
 3  1.490071e-01
 4  1.080612e-01
 5  8.237207e-02
 6  6.344013e-02
 7  4.989626e-02
 8  4.030985e-02
 9  3.191713e-02
 10  2.473514e-02
 11  1.907460e-02
 12  1.564642e-02
 13  1.276539e-02
 14  1.054744e-02
 15  8.510416e-03
 16  6.989002e-03
 17  5.720563e-03
 18  4.640294e-03
 19  3.809762e-03
 20  3.149622e-03
 21  2.621820e-03
 22  2.220133e-03
 23  1.929218e-03
 24  1.684637e-03
 25  1.516266e-03
 26  1.355618e-03
 27  1.261592e-03
 28  1.177130e-03
 29  1.123736e-03
 30  1.081610e-03
 31  1.053114e-03
 32  1.028053e-03
 33  1.004511e-03
 34  9.710365e-04
 Iteration CPU time: 8 s
 CFIE residual: 0.000971037

 Iseg, Irank, Idinc : 1, 17, 116
 Thata, Phi : 90.000000, 115.000000
 Maximun iteration: 300
 Number of recycle truncation: 30
 Final matrix dimension:  36708
 Residual error:0.001000
 0  6.450402e-01
 1  3.484319e-01
 2  2.174973e-01
 3  1.519073e-01
 4  1.086183e-01
 5  7.949345e-02
 6  6.130520e-02
 7  4.782727e-02
 8  3.821988e-02
 9  2.995022e-02
 10  2.372126e-02
 11  1.864064e-02
 12  1.487263e-02
 13  1.225146e-02
 14  9.887601e-03
 15  8.059335e-03
 16  6.679273e-03
 17  5.447405e-03
 18  4.386830e-03
 19  3.738775e-03
 20  3.051598e-03
 21  2.481778e-03
 22  2.058899e-03
 23  1.704826e-03
 24  1.382925e-03
 25  1.123067e-03
 26  9.496762e-04
 Iteration CPU time: 6 s
 CFIE residual: 0.000949676

 Iseg, Irank, Idinc : 1, 18, 1
 Thata, Phi : 90.000000, 0.000000
 Maximun iteration: 300
 Number of recycle truncation: 30
 Final matrix dimension:  36708
 Residual error:0.001000
 0  5.157665e-01
 1  2.704528e-01
 2  1.755768e-01
 3  1.218113e-01
 4  8.649511e-02
 5  6.576061e-02
 6  5.137174e-02
 7  3.803623e-02
 8  2.880683e-02
 9  2.309764e-02
 10  1.829483e-02
 11  1.489306e-02
 12  1.142355e-02
 13  9.077294e-03
 14  7.251030e-03
 15  5.851134e-03
 16  4.786381e-03
 17  3.973999e-03
 18  3.326066e-03
 19  2.853587e-03
 20  2.437574e-03
 21  2.062240e-03
 22  1.732247e-03
 23  1.410083e-03
 24  1.104184e-03
 25  8.799785e-04
 Iteration CPU time: 6 s
 CFIE residual: 0.000879978

 Iseg, Irank, Idinc : 1, 19, 167
 Thata, Phi : 90.000000, 166.000000
 Maximun iteration: 300
 Number of recycle truncation: 30
 Final matrix dimension:  36708
 Residual error:0.001000
 0  5.876577e-01
 1  3.007371e-01
 2  1.867459e-01
 3  1.312727e-01
 4  1.022360e-01
 5  8.066823e-02
 6  6.585526e-02
 7  5.456101e-02
 8  4.539077e-02
 9  3.823472e-02
 10  3.245644e-02
 11  2.739130e-02
 12  2.334605e-02
 13  1.960528e-02
 14  1.639878e-02
 15  1.348085e-02
 16  1.098552e-02
 17  9.070649e-03
 18  7.441884e-03
 19  6.022664e-03
 20  4.858406e-03
 21  3.890087e-03
 22  3.211454e-03
 23  2.614199e-03
 24  2.129203e-03
 25  1.706544e-03
 26  1.370833e-03
 27  1.075981e-03
 28  8.675236e-04
 Iteration CPU time: 7 s
 CFIE residual: 0.000867524

 Iseg, Irank, Idinc : 1, 20, 103
 Thata, Phi : 90.000000, 102.000000
 Maximun iteration: 300
 Number of recycle truncation: 30
 Final matrix dimension:  36708
 Residual error:0.001000
 0  6.115074e-01
 1  3.478330e-01
 2  2.173607e-01
 3  1.483246e-01
 4  1.044267e-01
 5  7.864092e-02
 6  6.006073e-02
 7  4.743089e-02
 8  3.795166e-02
 9  3.069424e-02
 10  2.492007e-02
 11  2.020977e-02
 12  1.640528e-02
 13  1.345776e-02
 14  1.093921e-02
 15  8.901703e-03
 16  7.302761e-03
 17  6.007901e-03
 18  4.845110e-03
 19  3.957373e-03
 20  3.234831e-03
 21  2.606200e-03
 22  2.160432e-03
 23  1.769223e-03
 24  1.491100e-03
 25  1.269399e-03
 26  1.084801e-03
 27  9.679485e-04
 Iteration CPU time: 6 s
 CFIE residual: 0.000967949

 Iseg, Irank, Idinc : 1, 21, 153
 Thata, Phi : 90.000000, 152.000000
 Maximun iteration: 300
 Number of recycle truncation: 30
 Final matrix dimension:  36708
 Residual error:0.001000
 0  6.329781e-01
 1  3.282971e-01
 2  2.019380e-01
 3  1.341330e-01
 4  9.941361e-02
 5  7.739312e-02
 6  6.094018e-02
 7  4.856627e-02
 8  4.069289e-02
 9  3.468226e-02
 10  2.938884e-02
 11  2.441669e-02
 12  2.094917e-02
 13  1.749298e-02
 14  1.413551e-02
 15  1.155382e-02
 16  9.431950e-03
 17  7.803763e-03
 18  6.451745e-03
 19  5.193700e-03
 20  4.213987e-03
 21  3.403818e-03
 22  2.765447e-03
 23  2.262181e-03
 24  1.818754e-03
 25  1.398791e-03
 26  1.130383e-03
 27  8.736959e-04
 Iteration CPU time: 6 s
 CFIE residual: 0.000873696

 Iseg, Irank, Idinc : 1, 22, 16
 Thata, Phi : 90.000000, 15.000000
 Maximun iteration: 300
 Number of recycle truncation: 30
 Final matrix dimension:  36708
 Residual error:0.001000
 0  5.855082e-01
 1  2.847786e-01
 2  1.743856e-01
 3  1.207824e-01
 4  8.578357e-02
 5  6.397099e-02
 6  5.020805e-02
 7  3.860487e-02
 8  3.027917e-02
 9  2.431511e-02
 10  1.933904e-02
 11  1.511035e-02
 12  1.188279e-02
 13  9.514653e-03
 14  7.903360e-03
 15  6.332090e-03
 16  5.182257e-03
 17  4.312320e-03
 18  3.606710e-03
 19  3.069027e-03
 20  2.529349e-03
 21  2.043636e-03
 22  1.686793e-03
 23  1.414129e-03
 24  1.192800e-03
 25  1.007814e-03
 26  8.583392e-04
 Iteration CPU time: 6 s
 CFIE residual: 0.000858339

 Iseg, Irank, Idinc : 1, 23, 173
 Thata, Phi : 90.000000, 172.000000
 Maximun iteration: 300
 Number of recycle truncation: 30
 Final matrix dimension:  36708
 Residual error:0.001000
 0  5.785750e-01
 1  2.985104e-01
 2  1.882176e-01
 3  1.331748e-01
 4  1.039681e-01
 5  8.197611e-02
 6  6.587795e-02
 7  5.577660e-02
 8  4.616781e-02
 9  3.771482e-02
 10  3.121569e-02
 11  2.642156e-02
 12  2.180561e-02
 13  1.859155e-02
 14  1.519238e-02
 15  1.265915e-02
 16  1.034979e-02
 17  8.317140e-03
 18  6.747991e-03
 19  5.442619e-03
 20  4.410311e-03
 21  3.598124e-03
 22  3.015326e-03
 23  2.531769e-03
 24  2.091846e-03
 25  1.700923e-03
 26  1.389972e-03
 27  1.121230e-03
 28  9.128290e-04
 Iteration CPU time: 7 s
 CFIE residual: 0.000912829

 Iseg, Irank, Idinc : 1, 24, 59
 Thata, Phi : 90.000000, 58.000000
 Maximun iteration: 300
 Number of recycle truncation: 30
 Final matrix dimension:  36708
 Residual error:0.001000
 0  6.614495e-01
 1  3.477625e-01
 2  2.145808e-01
 3  1.347622e-01
 4  9.607687e-02
 5  7.221960e-02
 6  5.490200e-02
 7  4.261698e-02
 8  3.365244e-02
 9  2.609329e-02
 10  2.000126e-02
 11  1.542655e-02
 12  1.202775e-02
 13  9.270731e-03
 14  7.456852e-03
 15  5.898883e-03
 16  4.769079e-03
 17  3.872894e-03
 18  3.063601e-03
 19  2.535492e-03
 20  2.156130e-03
 21  1.783080e-03
 22  1.458310e-03
 23  1.238804e-03
 24  1.075941e-03
 25  9.642407e-04
 Iteration CPU time: 6 s
 CFIE residual: 0.000964241

 Iseg, Irank, Idinc : 1, 25, 5
 Thata, Phi : 90.000000, 4.000000
 Maximun iteration: 300
 Number of recycle truncation: 30
 Final matrix dimension:  36708
 Residual error:0.001000
 0  5.223608e-01
 1  2.719759e-01
 2  1.755277e-01
 3  1.225946e-01
 4  8.784040e-02
 5  6.642030e-02
 6  5.111977e-02
 7  3.820419e-02
 8  2.942569e-02
 9  2.365436e-02
 10  1.869040e-02
 11  1.499167e-02
 12  1.193909e-02
 13  9.729042e-03
 14  7.830210e-03
 15  6.216597e-03
 16  5.091854e-03
 17  4.285671e-03
 18  3.563563e-03
 19  3.048310e-03
 20  2.618141e-03
 21  2.241614e-03
 22  1.867216e-03
 23  1.554691e-03
 24  1.289819e-03
 25  1.064598e-03
 26  8.828984e-04
 Iteration CPU time: 6 s
 CFIE residual: 0.000882898

 Iseg, Irank, Idinc : 1, 26, 181
 Thata, Phi : 90.000000, 180.000000
 Maximun iteration: 300
 Number of recycle truncation: 30
 Final matrix dimension:  36708
 Residual error:0.001000
 0  5.755050e-01
 1  2.984091e-01
 2  1.876856e-01
 3  1.321063e-01
 4  1.020913e-01
 5  7.944317e-02
 6  6.353725e-02
 7  5.382035e-02
 8  4.429564e-02
 9  3.515287e-02
 10  2.775340e-02
 11  2.205680e-02
 12  1.829336e-02
 13  1.446904e-02
 14  1.166609e-02
 15  8.967681e-03
 16  6.956314e-03
 17  5.628327e-03
 18  4.629402e-03
 19  3.771093e-03
 20  3.135323e-03
 21  2.587649e-03
 22  2.137224e-03
 23  1.755138e-03
 24  1.461215e-03
 25  1.182576e-03
 26  9.590752e-04
 Iteration CPU time: 7 s
 CFIE residual: 0.000959075

 Iseg, Irank, Idinc : 1, 27, 130
 Thata, Phi : 90.000000, 129.000000
 Maximun iteration: 300
 Number of recycle truncation: 30
 Final matrix dimension:  36708
 Residual error:0.001000
 0  6.744247e-01
 1  3.519953e-01
 2  2.255033e-01
 3  1.540753e-01
 4  1.107935e-01
 5  8.303244e-02
 6  6.381771e-02
 7  5.005151e-02
 8  3.929512e-02
 9  3.190395e-02
 10  2.549355e-02
 11  1.995833e-02
 12  1.554811e-02
 13  1.268647e-02
 14  1.042765e-02
 15  8.434661e-03
 16  6.699974e-03
 17  5.394689e-03
 18  4.494764e-03
 19  3.701831e-03
 20  3.018411e-03
 21  2.483209e-03
 22  2.092449e-03
 23  1.758933e-03
 24  1.508131e-03
 25  1.300943e-03
 26  1.104992e-03
 27  9.628988e-04
 Iteration CPU time: 6 s
 CFIE residual: 0.000962899

 Iseg, Irank, Idinc : 1, 28, 37
 Thata, Phi : 90.000000, 36.000000
 Maximun iteration: 300
 Number of recycle truncation: 30
 Final matrix dimension:  36708
 Residual error:0.001000
 0  6.247166e-01
 1  3.122538e-01
 2  1.919265e-01
 3  1.213118e-01
 4  8.334421e-02
 5  6.110486e-02
 6  4.444433e-02
 7  3.410299e-02
 8  2.650479e-02
 9  2.034887e-02
 10  1.577679e-02
 11  1.270774e-02
 12  1.020975e-02
 13  8.194336e-03
 14  6.644395e-03
 15  5.142378e-03
 16  4.219102e-03
 17  3.410517e-03
 18  2.776685e-03
 19  2.311876e-03
 20  1.886659e-03
 21  1.521092e-03
 22  1.235438e-03
 23  1.021421e-03
 24  8.483696e-04
 Iteration CPU time: 6 s
 CFIE residual: 0.00084837

 Iseg, Irank, Idinc : 1, 29, 69
 Thata, Phi : 90.000000, 68.000000
 Maximun iteration: 300
 Number of recycle truncation: 30
 Final matrix dimension:  36708
 Residual error:0.001000
 0  6.497793e-01
 1  3.665345e-01
 2  2.340556e-01
 3  1.498091e-01
 4  1.063909e-01
 5  8.174944e-02
 6  6.169620e-02
 7  4.873479e-02
 8  3.961347e-02
 9  3.096785e-02
 10  2.419422e-02
 11  1.887818e-02
 12  1.510395e-02
 13  1.209967e-02
 14  9.746272e-03
 15  7.802824e-03
 16  6.219800e-03
 17  5.192350e-03
 18  4.209219e-03
 19  3.468575e-03
 20  2.846543e-03
 21  2.355069e-03
 22  1.938426e-03
 23  1.647083e-03
 24  1.430871e-03
 25  1.291979e-03
 26  1.177798e-03
 27  1.093063e-03
 28  1.031733e-03
 29  9.967455e-04
 Iteration CPU time: 6 s
 CFIE residual: 0.000996746

 Iseg, Irank, Idinc : 1, 30, 142
 Thata, Phi : 90.000000, 141.000000
 Maximun iteration: 300
 Number of recycle truncation: 30
 Final matrix dimension:  36708
 Residual error:0.001000
 0  6.828538e-01
 1  3.493457e-01
 2  2.117663e-01
 3  1.441466e-01
 4  1.054344e-01
 5  7.883392e-02
 6  6.117577e-02
 7  4.794837e-02
 8  3.933916e-02
 9  3.343416e-02
 10  2.767869e-02
 11  2.323756e-02
 12  1.968603e-02
 13  1.606205e-02
 14  1.317801e-02
 15  1.058933e-02
 16  8.552199e-03
 17  7.014287e-03
 18  5.746604e-03
 19  4.529637e-03
 20  3.570133e-03
 21  2.849678e-03
 22  2.341962e-03
 23  1.934197e-03
 24  1.592510e-03
 25  1.287972e-03
 26  1.033771e-03
 27  8.351535e-04
 Iteration CPU time: 6 s
 CFIE residual: 0.000835154

 Iseg, Irank, Idinc : 1, 31, 27
 Thata, Phi : 90.000000, 26.000000
 Maximun iteration: 300
 Number of recycle truncation: 30
 Final matrix dimension:  36708
 Residual error:0.001000
 0  6.399752e-01
 1  3.002125e-01
 2  1.724865e-01
 3  1.112954e-01
 4  7.752864e-02
 5  5.704095e-02
 6  4.208050e-02
 7  3.191533e-02
 8  2.579698e-02
 9  2.076074e-02
 10  1.687353e-02
 11  1.360593e-02
 12  1.112634e-02
 13  8.983712e-03
 14  7.453832e-03
 15  5.992714e-03
 16  4.907440e-03
 17  4.031757e-03
 18  3.395805e-03
 19  2.865150e-03
 20  2.368878e-03
 21  1.868980e-03
 22  1.509418e-03
 23  1.244543e-03
 24  1.031403e-03
 25  8.398585e-04
 Iteration CPU time: 6 s
 CFIE residual: 0.000839858

 Iseg, Irank, Idinc : 1, 32, 92
 Thata, Phi : 90.000000, 91.000000
 Maximun iteration: 300
 Number of recycle truncation: 30
 Final matrix dimension:  36708
 Residual error:0.001000
 0  6.077406e-01
 1  3.474605e-01
 2  2.206859e-01
 3  1.492926e-01
 4  1.063491e-01
 5  8.200674e-02
 6  6.367992e-02
 7  5.024529e-02
 8  4.072594e-02
 9  3.243796e-02
 10  2.575164e-02
 11  2.040437e-02
 12  1.705046e-02
 13  1.426432e-02
 14  1.177289e-02
 15  9.345580e-03
 16  7.594646e-03
 17  6.115679e-03
 18  4.997841e-03
 19  4.055821e-03
 20  3.361508e-03
 21  2.780368e-03
 22  2.336326e-03
 23  1.978704e-03
 24  1.736249e-03
 25  1.505923e-03
 26  1.326464e-03
 27  1.215615e-03
 28  1.139240e-03
 29  1.081743e-03
 30  1.029552e-03
 31  9.997216e-04
 Iteration CPU time: 7 s
 CFIE residual: 0.000999722

 Iseg, Irank, Idinc : 1, 33, 163
 Thata, Phi : 90.000000, 162.000000
 Maximun iteration: 300
 Number of recycle truncation: 30
 Final matrix dimension:  36708
 Residual error:0.001000
 0  5.999512e-01
 1  3.057078e-01
 2  1.868307e-01
 3  1.292092e-01
 4  9.953130e-02
 5  7.897433e-02
 6  6.461147e-02
 7  5.247884e-02
 8  4.409546e-02
 9  3.790707e-02
 10  3.250891e-02
 11  2.736678e-02
 12  2.318146e-02
 13  1.951102e-02
 14  1.642669e-02
 15  1.349294e-02
 16  1.099838e-02
 17  8.976969e-03
 18  7.366967e-03
 19  5.952074e-03
 20  4.804698e-03
 21  3.838753e-03
 22  3.130677e-03
 23  2.525058e-03
 24  2.074377e-03
 25  1.641215e-03
 26  1.321768e-03
 27  1.033434e-03
 28  8.366901e-04
 Iteration CPU time: 7 s
 CFIE residual: 0.00083669

 Iseg, Irank, Idinc : 1, 34, 3
 Thata, Phi : 90.000000, 2.000000
 Maximun iteration: 300
 Number of recycle truncation: 30
 Final matrix dimension:  36708
 Residual error:0.001000
 0  5.174592e-01
 1  2.708570e-01
 2  1.755628e-01
 3  1.220280e-01
 4  8.689087e-02
 5  6.598448e-02
 6  5.127195e-02
 7  3.801444e-02
 8  2.883875e-02
 9  2.323283e-02
 10  1.853403e-02
 11  1.497101e-02
 12  1.165402e-02
 13  9.345762e-03
 14  7.520013e-03
 15  6.089965e-03
 16  5.006940e-03
 17  4.202624e-03
 18  3.506189e-03
 19  2.995587e-03
 20  2.575947e-03
 21  2.212168e-03
 22  1.852544e-03
 23  1.536211e-03
 24  1.260562e-03
 25  1.028327e-03
 26  8.367399e-04
 Iteration CPU time: 6 s
 CFIE residual: 0.00083674

 Iseg, Irank, Idinc : 1, 35, 48
 Thata, Phi : 90.000000, 47.000000
 Maximun iteration: 300
 Number of recycle truncation: 30
 Final matrix dimension:  36708
 Residual error:0.001000
 0  6.409995e-01
 1  3.305225e-01
 2  2.046621e-01
 3  1.340637e-01
 4  9.552416e-02
 5  7.280411e-02
 6  5.461381e-02
 7  4.179636e-02
 8  3.216702e-02
 9  2.444817e-02
 10  1.840375e-02
 11  1.417004e-02
 12  1.102992e-02
 13  8.840585e-03
 14  7.295230e-03
 15  5.823010e-03
 16  4.545270e-03
 17  3.646217e-03
 18  2.843427e-03
 19  2.259765e-03
 20  1.800394e-03
 21  1.461797e-03
 22  1.189097e-03
 23  9.952067e-04
 Iteration CPU time: 6 s
 CFIE residual: 0.000995207

 Iseg, Irank, Idinc : 1, 36, 180
 Thata, Phi : 90.000000, 179.000000
 Maximun iteration: 300
 Number of recycle truncation: 30
 Final matrix dimension:  36708
 Residual error:0.001000
 0  5.755669e-01
 1  2.984129e-01
 2  1.877052e-01
 3  1.321450e-01
 4  1.021651e-01
 5  7.956409e-02
 6  6.364730e-02
 7  5.392890e-02
 8  4.439129e-02
 9  3.522363e-02
 10  2.787103e-02
 11  2.228917e-02
 12  1.839678e-02
 13  1.485908e-02
 14  1.191047e-02
 15  9.238464e-03
 16  7.252590e-03
 17  5.822006e-03
 18  4.765862e-03
 19  3.901092e-03
 20  3.258268e-03
 21  2.703025e-03
 22  2.225381e-03
 23  1.825932e-03
 24  1.523127e-03
 25  1.257272e-03
 26  1.018637e-03
 27  8.288947e-04
 Iteration CPU time: 6 s
 CFIE residual: 0.000828895

 Iseg, Irank, Idinc : 1, 37, 120
 Thata, Phi : 90.000000, 119.000000
 Maximun iteration: 300
 Number of recycle truncation: 30
 Final matrix dimension:  36708
 Residual error:0.001000
 0  6.486145e-01
 1  3.438194e-01
 2  2.190855e-01
 3  1.531825e-01
 4  1.091609e-01
 5  8.088192e-02
 6  6.374094e-02
 7  4.946944e-02
 8  3.885501e-02
 9  3.063496e-02
 10  2.475089e-02
 11  1.953632e-02
 12  1.544449e-02
 13  1.240378e-02
 14  1.021574e-02
 15  8.219346e-03
 16  6.896394e-03
 17  5.644163e-03
 18  4.556818e-03
 19  3.849670e-03
 20  3.145849e-03
 21  2.590843e-03
 22  2.148174e-03
 23  1.837716e-03
 24  1.523917e-03
 25  1.269791e-03
 26  1.057028e-03
 27  9.051929e-04
 Iteration CPU time: 7 s
 CFIE residual: 0.000905193

 Iseg, Irank, Idinc : 1, 38, 13
 Thata, Phi : 90.000000, 12.000000
 Maximun iteration: 300
 Number of recycle truncation: 30
 Final matrix dimension:  36708
 Residual error:0.001000
 0  5.648207e-01
 1  2.805973e-01
 2  1.755197e-01
 3  1.232519e-01
 4  8.862622e-02
 5  6.604923e-02
 6  5.139023e-02
 7  3.957224e-02
 8  3.107093e-02
 9  2.463673e-02
 10  1.925173e-02
 11  1.505910e-02
 12  1.191681e-02
 13  9.678127e-03
 14  7.921225e-03
 15  6.300683e-03
 16  5.114793e-03
 17  4.279175e-03
 18  3.595009e-03
 19  3.073829e-03
 20  2.560671e-03
 21  2.103718e-03
 22  1.747783e-03
 23  1.471464e-03
 24  1.249379e-03
 25  1.055962e-03
 26  9.042188e-04
 Iteration CPU time: 6 s
 CFIE residual: 0.000904219

 Iseg, Irank, Idinc : 1, 39, 78
 Thata, Phi : 90.000000, 77.000000
 Maximun iteration: 300
 Number of recycle truncation: 30
 Final matrix dimension:  36708
 Residual error:0.001000
 0  6.217921e-01
 1  3.563712e-01
 2  2.310141e-01
 3  1.474469e-01
 4  1.050169e-01
 5  7.934073e-02
 6  6.201065e-02
 7  4.832478e-02
 8  3.808838e-02
 9  3.087603e-02
 10  2.434088e-02
 11  1.886528e-02
 12  1.515526e-02
 13  1.243557e-02
 14  1.029227e-02
 15  8.408552e-03
 16  6.932246e-03
 17  5.582844e-03
 18  4.604336e-03
 19  3.903895e-03
 20  3.228500e-03
 21  2.686166e-03
 22  2.269521e-03
 23  1.914231e-03
 24  1.663972e-03
 25  1.498187e-03
 26  1.342420e-03
 27  1.250533e-03
 28  1.166518e-03
 29  1.112328e-03
 30  1.075442e-03
 31  1.046356e-03
 32  1.023137e-03
 33  9.992808e-04
 Iteration CPU time: 8 s
 CFIE residual: 0.000999281

 Iseg, Irank, Idinc : 1, 40, 170
 Thata, Phi : 90.000000, 169.000000
 Maximun iteration: 300
 Number of recycle truncation: 30
 Final matrix dimension:  36708
 Residual error:0.001000
 0  5.818737e-01
 1  2.990474e-01
 2  1.877354e-01
 3  1.327236e-01
 4  1.037020e-01
 5  8.181717e-02
 6  6.621413e-02
 7  5.571748e-02
 8  4.627422e-02
 9  3.845513e-02
 10  3.209199e-02
 11  2.717518e-02
 12  2.297925e-02
 13  1.946025e-02
 14  1.597530e-02
 15  1.324160e-02
 16  1.093937e-02
 17  8.831582e-03
 18  7.165294e-03
 19  5.822073e-03
 20  4.696782e-03
 21  3.808208e-03
 22  3.179495e-03
 23  2.633385e-03
 24  2.147242e-03
 25  1.727240e-03
 26  1.401006e-03
 27  1.113950e-03
 28  9.000173e-04
 Iteration CPU time: 6 s
 CFIE residual: 0.000900017
 Last Built End in Sep 21 2025 00:06:12
 Total CPU time: 276 s
 Finished.
