 Last Built Begin in Sep 21 2025 00:06:12
 Pre-Type( Input ):            8
 Skl-Tol ( Input ):    1.0000000000000000E-002
 Wavelength in freespace: 0.378151

 ################################################
 ##         Generating Required Mesh          ##
 ##         Waiting.....                      ##
 ################################################
 Subd No.      Subd Name
    1    sphere1                                                           
 isub,  nnode, npatch,  nedge:
    1       604      1204      1806
 Scale Factor         >>   9.99999978E-03
 ################################################

 START TIME: 20250922   002722.095


 Informaton for IE geometry:
 number of subdomains     : 1
 maxnode,maxpatch,maxedge : 604  1204  1806
 
 Index of Mat-Reg: 1
 Mat-Reg Number via MatFlg: 1
 Edge Number of Mat-Reg: 1, 1806

 Number of Edge on PEC: 0
 Mat-Reg: No Dim(m) Lmax:
    1 0.264    1
 Totlmax, add1, add2:           1           2           3
 rlengmax of Global MLFMA >>   0.26444431757245107     
 Lmax of Global MLFMA >>            1
 Wavenum of Mat-Reg:
    1 1.000

 total area in sq m           =      0.1254
 total area in sq lambda      =      0.8766
 maxnode, maxpatch, maxedge           =      604     1204     1806
 longest  edge in lambda              =      0.0576
 shortest edge in lambda              =      0.0251
 average  edge in lambda              =      0.0411
 largest  patch area in sq lambda     =      0.0012
 smallest patch area in sq lambda     =      0.0003
 ave    surface area in sq lambda     =      0.0007
 size range of the object in sq lambda =      0.5289

 #### MLFMA Info For Each Region ####
 Mat-Region =            1
 Array dimension parameters:
 maxrule=          14   maxgrid  =          64
 lmax   =           1   ncmax    =           9
 lsmax  =           1   lsmin    =           1
 kpm    =           1   kp0      =           1
 ntlm   =           1   nsm      =           1
 nkpm   =           1   niplm    =          16
 ngnearm=          64   ngsndm   =           1
 nearm  =        1807   mfinestm =         244
 ###############################

 CFIE Alpha:  0.50000000000000000     

 Fill MLFMA NI for Mat-Reg:           1
 Begin fill sparser part of Nearfield
 Begin fill denser part of Nearfield
 End fill
 Filling Amn                 Delta_CPU=         43.37 Memory(MB)=        200.07


 Now testing preconditioner with
 ipretype =            8
 method = cfie_solve_nfpre_pardiso

  
 NBP>>Begin fill sparser part of Nearfield
 NBP>>Begin fill denser part of Nearfield

212.5000%
225.0000%
237.5000%
250.0000%
262.5000%
275.0000%
287.5000%
300.0000%
 Begin MLFMA Box-Matrix Based Prec Constructor
 --- Intel MKL PARDISO --- 
  >> Solver Initialized
  >> Proceed to ngrp_box loop
  >> Loop 0 Initialized
 Memory for iGRP: 1 0 MB
 Total Memory For NFB Pre: 0 MB
 --- PARDISO PRECONDITIONER INITIALIZED --- 
 Constructing preconditioner CPU time: 0 s
 
 108360
 Memory for Iteration:: 1.65344 MB

 Iseg, Ninc_S : 1, 181, 0

 Iseg, Skeleton Angles: 1, 7
 Iseg, Skel-Pk Mem(MB): 1, 30.95

 Iseg, Irank, Idinc : 1, 1, 119
 Thata, Phi : 90.000000, 118.000000
 Maximun iteration: 300
 Number of recycle truncation: 30
 Final matrix dimension:  3612
 Residual error:0.010000
 0  1.767409e-01
 1  8.062768e-02
 2  2.896853e-02
 3  1.219274e-02
 4  5.130029e-03
 Iteration CPU time: 0 s
 CFIE residual: 0.00513003

 Iseg, Irank, Idinc : 1, 2, 36
 Thata, Phi : 90.000000, 35.000000
 Maximun iteration: 300
 Number of recycle truncation: 30
 Final matrix dimension:  3612
 Residual error:0.010000
 0  1.771258e-01
 1  8.092023e-02
 2  3.094640e-02
 3  1.345541e-02
 4  5.514465e-03
 Iteration CPU time: 0 s
 CFIE residual: 0.00551446

 Iseg, Irank, Idinc : 1, 3, 1
 Thata, Phi : 90.000000, 0.000000
 Maximun iteration: 300
 Number of recycle truncation: 30
 Final matrix dimension:  3612
 Residual error:0.010000
 0  1.895738e-01
 1  8.570730e-02
 2  3.083540e-02
 3  1.275292e-02
 4  5.179139e-03
 Iteration CPU time: 0 s
 CFIE residual: 0.00517914

 Iseg, Irank, Idinc : 1, 4, 181
 Thata, Phi : 90.000000, 180.000000
 Maximun iteration: 300
 Number of recycle truncation: 30
 Final matrix dimension:  3612
 Residual error:0.010000
 0  1.878442e-01
 1  8.524506e-02
 2  3.034514e-02
 3  1.193307e-02
 4  4.921083e-03
 Iteration CPU time: 0 s
 CFIE residual: 0.00492108

 Iseg, Irank, Idinc : 1, 5, 79
 Thata, Phi : 90.000000, 78.000000
 Maximun iteration: 300
 Number of recycle truncation: 30
 Final matrix dimension:  3612
 Residual error:0.010000
 0  1.846653e-01
 1  8.605385e-02
 2  3.128923e-02
 3  1.287990e-02
 4  5.161908e-03
 Iteration CPU time: 0 s
 CFIE residual: 0.00516191

 Iseg, Irank, Idinc : 1, 6, 155
 Thata, Phi : 90.000000, 154.000000
 Maximun iteration: 300
 Number of recycle truncation: 30
 Final matrix dimension:  3612
 Residual error:0.010000
 0  1.791547e-01
 1  8.102029e-02
 2  2.950253e-02
 3  1.198892e-02
 4  5.047980e-03
 Iteration CPU time: 0 s
 CFIE residual: 0.00504798

 Iseg, Irank, Idinc : 1, 7, 57
 Thata, Phi : 90.000000, 56.000000
 Maximun iteration: 300
 Number of recycle truncation: 30
 Final matrix dimension:  3612
 Residual error:0.010000
 0  1.771251e-01
 1  8.193496e-02
 2  3.131878e-02
 3  1.345367e-02
 4  5.472312e-03
 Iteration CPU time: 1 s
 CFIE residual: 0.00547231
 Last Built End in Sep 21 2025 00:06:12
 Total CPU time: 6 s
 Finished.
