 Last Built Begin in Sep 21 2025 00:06:12
 Pre-Type( Input ):            8
 Skl-Tol ( Input ):    1.0000000000000000E-002
 Wavelength in freespace: 0.306122

 ################################################
 ##         Generating Required Mesh          ##
 ##         Waiting.....                      ##
 ################################################
 Subd No.      Subd Name
    1    sphere1                                                           
 isub,  nnode, npatch,  nedge:
    1       604      1204      1806
 Scale Factor         >>   9.99999978E-03
 ################################################

 START TIME: 20250922   003033.223


 Informaton for IE geometry:
 number of subdomains     : 1
 maxnode,maxpatch,maxedge : 604  1204  1806
 
 Index of Mat-Reg: 1
 Mat-Reg Number via MatFlg: 1
 Edge Number of Mat-Reg: 1, 1806

 Number of Edge on PEC: 0
 Mat-Reg: No Dim(m) Lmax:
    1 0.163    2
 Totlmax, add1, add2:           2           3           4
 rlengmax of Global MLFMA >>   0.16333332359866667     
 Lmax of Global MLFMA >>            2
 Wavenum of Mat-Reg:
    1 1.000

 total area in sq m           =      0.1254
 total area in sq lambda      =      1.3376
 maxnode, maxpatch, maxedge           =      604     1204     1806
 longest  edge in lambda              =      0.0711
 shortest edge in lambda              =      0.0310
 average  edge in lambda              =      0.0508
 largest  patch area in sq lambda     =      0.0018
 smallest patch area in sq lambda     =      0.0005
 ave    surface area in sq lambda     =      0.0011
 size range of the object in sq lambda =      0.6533

 #### MLFMA Info For Each Region ####
 Mat-Region =            1
 Array dimension parameters:
 maxrule=          14   maxgrid  =          64
 lmax   =           2   ncmax    =          65
 lsmax  =           5   lsmin    =           5
 kpm    =          54   kp0      =          54
 ntlm   =       17064   nsm      =        3024
 nkpm   =          54   niplm    =        3456
 ngnearm=         632   ngsndm   =        2504
 nearm  =         413   mfinestm =          43
 ###############################

 CFIE Alpha:  0.50000000000000000     

 Fill MLFMA FI for Mat-Reg:           1
 Begin filltl.f
 fill translation matrix
 Level:            2
 fill shifting matrix
 translator time(s):   2.40000002E-02
 fill interpolation matrix
 Filling TL                  Delta_CPU=          0.10 Memory(MB)=         60.05
 Filling sndgrp              Delta_CPU=          0.00 Memory(MB)=         60.05
 Filling VFS                 Delta_CPU=          0.17 Memory(MB)=         60.05

 Fill MLFMA NI for Mat-Reg:           1
 Begin fill sparser part of Nearfield
 Begin fill denser part of Nearfield
 End fill
 Filling Amn                 Delta_CPU=         12.09 Memory(MB)=         60.05


 Now testing preconditioner with
 ipretype =            8
 method = cfie_solve_nfpre_pardiso

  
 NBP>>Begin fill sparser part of Nearfield
 NBP>>Begin fill denser part of Nearfield

201.7857%
 Begin MLFMA Box-Matrix Based Prec Constructor
 --- Intel MKL PARDISO --- 
  >> Solver Initialized
  >> Proceed to ngrp_box loop
  >> Loop 0 Initialized
 Memory for iGRP: 1 0 MB
 Total Memory For NFB Pre: 0 MB
 --- PARDISO PRECONDITIONER INITIALIZED --- 
 Constructing preconditioner CPU time: 0 s
 
 108360
 Memory for Iteration:: 1.65344 MB

 Iseg, Ninc_S : 1, 181, 0

 Iseg, Skeleton Angles: 1, 8
 Iseg, Skel-Pk Mem(MB): 1, 30.96

 Iseg, Irank, Idinc : 1, 1, 134
 Thata, Phi : 90.000000, 133.000000
 Maximun iteration: 300
 Number of recycle truncation: 30
 Final matrix dimension:  3612
 Residual error:0.010000
 0  2.225866e-01
 1  1.217758e-01
 2  5.215962e-02
 3  2.494028e-02
 4  1.210487e-02
 5  5.838509e-03
 Iteration CPU time: 0 s
 CFIE residual: 0.00583851

 Iseg, Irank, Idinc : 1, 2, 40
 Thata, Phi : 90.000000, 39.000000
 Maximun iteration: 300
 Number of recycle truncation: 30
 Final matrix dimension:  3612
 Residual error:0.010000
 0  2.224365e-01
 1  1.214445e-01
 2  5.270475e-02
 3  2.566272e-02
 4  1.247211e-02
 5  6.180238e-03
 Iteration CPU time: 0 s
 CFIE residual: 0.00618024

 Iseg, Irank, Idinc : 1, 3, 1
 Thata, Phi : 90.000000, 0.000000
 Maximun iteration: 300
 Number of recycle truncation: 30
 Final matrix dimension:  3612
 Residual error:0.010000
 0  2.160207e-01
 1  1.176815e-01
 2  5.326785e-02
 3  2.650661e-02
 4  1.308597e-02
 5  6.138624e-03
 Iteration CPU time: 0 s
 CFIE residual: 0.00613862

 Iseg, Irank, Idinc : 1, 4, 181
 Thata, Phi : 90.000000, 180.000000
 Maximun iteration: 300
 Number of recycle truncation: 30
 Final matrix dimension:  3612
 Residual error:0.010000
 0  2.142014e-01
 1  1.155057e-01
 2  5.206186e-02
 3  2.552283e-02
 4  1.237572e-02
 5  5.818291e-03
 Iteration CPU time: 0 s
 CFIE residual: 0.00581829

 Iseg, Irank, Idinc : 1, 5, 87
 Thata, Phi : 90.000000, 86.000000
 Maximun iteration: 300
 Number of recycle truncation: 30
 Final matrix dimension:  3612
 Residual error:0.010000
 0  2.231695e-01
 1  1.228811e-01
 2  5.442566e-02
 3  2.746147e-02
 4  1.376273e-02
 5  6.570688e-03
 Iteration CPU time: 0 s
 CFIE residual: 0.00657069

 Iseg, Irank, Idinc : 1, 6, 160
 Thata, Phi : 90.000000, 159.000000
 Maximun iteration: 300
 Number of recycle truncation: 30
 Final matrix dimension:  3612
 Residual error:0.010000
 0  2.176526e-01
 1  1.181519e-01
 2  5.202454e-02
 3  2.507427e-02
 4  1.226365e-02
 5  5.881270e-03
 Iteration CPU time: 0 s
 CFIE residual: 0.00588127

 Iseg, Irank, Idinc : 1, 7, 63
 Thata, Phi : 90.000000, 62.000000
 Maximun iteration: 300
 Number of recycle truncation: 30
 Final matrix dimension:  3612
 Residual error:0.010000
 0  2.244427e-01
 1  1.227969e-01
 2  5.304305e-02
 3  2.614633e-02
 4  1.291551e-02
 5  6.387959e-03
 Iteration CPU time: 0 s
 CFIE residual: 0.00638796

 Iseg, Irank, Idinc : 1, 8, 15
 Thata, Phi : 90.000000, 14.000000
 Maximun iteration: 300
 Number of recycle truncation: 30
 Final matrix dimension:  3612
 Residual error:0.010000
 0  2.177091e-01
 1  1.188577e-01
 2  5.336733e-02
 3  2.646712e-02
 4  1.300075e-02
 5  6.218017e-03
 Iteration CPU time: 0 s
 CFIE residual: 0.00621802
 Last Built End in Sep 21 2025 00:06:12
 Total CPU time: 2 s
 Finished.
