 Last Built Begin in Sep 21 2025 00:06:12
 Pre-Type( Input ):           10
 Skl-Tol ( Input ):    1.0000000000000001E-005
 Wavelength in freespace: 0.031348

 ################################################
 ##         Generating Required Mesh          ##
 ##         Waiting.....                      ##
 ################################################
 Subd No.      Subd Name
    1    Open-Duct_PRIME_model_meshAA1                                     
 isub,  nnode, npatch,  nedge:
    1      6118     12236     18354
 Scale Factor         >>   1.54999997E-02
 ################################################

 START TIME: 20250922   015327.312


 Informaton for IE geometry:
 number of subdomains     : 1
 maxnode,maxpatch,maxedge : 6118  12236  18354
 
 Index of Mat-Reg: 1
 Mat-Reg Number via MatFlg: 1
 Edge Number of Mat-Reg: 1, 18354

 Number of Edge on PEC: 18354
 Mat-Reg: No Dim(m) Lmax:
    1 0.229    5
 Totlmax, add1, add2:           5           6           7
 rlengmax of Global MLFMA >>   0.22872545463123126     
 Lmax of Global MLFMA >>            5
 Wavenum of Mat-Reg:
    1 1.000

 total area in sq m           =      0.0510
 total area in sq lambda      =     51.8675
 maxnode, maxpatch, maxedge           =     6118    12236    18354
 longest  edge in lambda              =      0.1489
 shortest edge in lambda              =      0.0071
 average  edge in lambda              =      0.0994
 largest  patch area in sq lambda     =      0.0075
 smallest patch area in sq lambda     =      0.0000
 ave    surface area in sq lambda     =      0.0042
 size range of the object in sq lambda =      7.3192

 #### MLFMA Info For Each Region ####
 Mat-Region =            1
 Array dimension parameters:
 maxrule=          14   maxgrid  =          64
 lmax   =           5   ncmax    =        1250
 lsmax  =          26   lsmin    =           6
 kpm    =        1356   kp0      =          76
 ntlm   =      204640   nsm      =      205900
 nkpm   =        2152   niplm    =      137728
 ngnearm=       14257   ngsndm   =       64634
 nearm  =         333   mfinestm =         119
 ###############################

 CFIE Alpha:  0.50000000000000000     

 Fill MLFMA FI for Mat-Reg:           1
 Begin filltl.f
 fill translation matrix
 Level:            2
 fill shifting matrix
 Level:            3
 fill shifting matrix
 Level:            4
 fill shifting matrix
 Level:            5
 fill shifting matrix
 translator time(s):  0.104000002    
 fill interpolation matrix
 ThetaOrder            8
 PhiOrder            8
 lsl            6
 Filling TL                  Delta_CPU=          0.51 Memory(MB)=        586.87
 Filling sndgrp              Delta_CPU=          0.00 Memory(MB)=        586.87
 Filling VFS                 Delta_CPU=          2.36 Memory(MB)=        586.87

 Fill MLFMA NI for Mat-Reg:           1
 Begin fill sparser part of Nearfield
 Begin fill denser part of Nearfield
 End fill
 Filling Amn                 Delta_CPU=         91.96 Memory(MB)=        586.87


 Now testing preconditioner with
 ipretype =           10
 method = cfie_solve_nfrasspspre_pardiso

  
 NBP>>Begin fill sparser part of Nearfield

112.5911% NBP>>Begin fill denser part of Nearfield

200.1041%
 Begin MLFMA Box-Matrix Based Spar-RAS Prec Constructor
 --- Intel MKL PARDISO --- 
 Memory for iGroup: 1 0 MB
 Total Memory For SparRAS Pre: 0 MB
 --- PARDISO PRECONDITIONER INITIALIZED --- 
 Constructing preconditioner CPU time: 4 s
 
 1101240
 Memory for Iteration:: 16.8036 MB

 Iseg, Ninc_S : 1, 181, 0

 Iseg, Skeleton Angles: 1, 38
 Iseg, Skel-Pk Mem(MB): 1, 314.35

 Iseg, Irank, Idinc : 1, 1, 22
 Thata, Phi : 90.000000, 21.000000
 Maximun iteration: 300
 Number of recycle truncation: 30
 Final matrix dimension:  36708
 Residual error:0.001000
 0  6.050047e-01
 1  2.898472e-01
 2  1.656371e-01
 3  1.140761e-01
 4  8.132390e-02
 5  5.986259e-02
 6  4.577438e-02
 7  3.629507e-02
 8  2.856854e-02
 9  2.240205e-02
 10  1.758145e-02
 11  1.370586e-02
 12  1.134755e-02
 13  9.232139e-03
 14  7.746902e-03
 15  6.583431e-03
 16  5.580511e-03
 17  4.723449e-03
 18  4.095824e-03
 19  3.512658e-03
 20  3.010775e-03
 21  2.652210e-03
 22  2.360016e-03
 23  2.145993e-03
 24  1.891813e-03
 25  1.637987e-03
 26  1.405926e-03
 27  1.187975e-03
 28  9.901652e-04
 Iteration CPU time: 7 s
 CFIE residual: 0.000990165

 Iseg, Irank, Idinc : 1, 2, 42
 Thata, Phi : 90.000000, 41.000000
 Maximun iteration: 300
 Number of recycle truncation: 30
 Final matrix dimension:  36708
 Residual error:0.001000
 0  6.220155e-01
 1  3.155258e-01
 2  2.007779e-01
 3  1.319688e-01
 4  9.084025e-02
 5  6.616873e-02
 6  4.894063e-02
 7  3.699527e-02
 8  2.846476e-02
 9  2.210846e-02
 10  1.761018e-02
 11  1.424381e-02
 12  1.141736e-02
 13  9.823654e-03
 14  8.302594e-03
 15  7.189805e-03
 16  6.432548e-03
 17  5.674606e-03
 18  4.987254e-03
 19  4.406797e-03
 20  3.778147e-03
 21  3.207214e-03
 22  2.696353e-03
 23  2.228688e-03
 24  1.808533e-03
 25  1.438375e-03
 26  1.149362e-03
 27  9.073595e-04
 Iteration CPU time: 6 s
 CFIE residual: 0.000907359

 Iseg, Irank, Idinc : 1, 3, 64
 Thata, Phi : 90.000000, 63.000000
 Maximun iteration: 300
 Number of recycle truncation: 30
 Final matrix dimension:  36708
 Residual error:0.001000
 0  6.653410e-01
 1  3.570290e-01
 2  2.228190e-01
 3  1.445370e-01
 4  1.059434e-01
 5  8.018071e-02
 6  6.126464e-02
 7  4.919042e-02
 8  3.938198e-02
 9  3.106686e-02
 10  2.486785e-02
 11  1.999703e-02
 12  1.652939e-02
 13  1.404684e-02
 14  1.194292e-02
 15  1.049085e-02
 16  9.345888e-03
 17  8.232641e-03
 18  7.368591e-03
 19  6.369835e-03
 20  5.494612e-03
 21  4.696329e-03
 22  3.869198e-03
 23  3.139500e-03
 24  2.523815e-03
 25  1.950724e-03
 26  1.525211e-03
 27  1.150688e-03
 28  8.893990e-04
 Iteration CPU time: 7 s
 CFIE residual: 0.000889399

 Iseg, Irank, Idinc : 1, 4, 109
 Thata, Phi : 90.000000, 108.000000
 Maximun iteration: 300
 Number of recycle truncation: 30
 Final matrix dimension:  36708
 Residual error:0.001000
 0  6.327980e-01
 1  3.584181e-01
 2  2.267714e-01
 3  1.549236e-01
 4  1.095585e-01
 5  8.219842e-02
 6  6.368294e-02
 7  4.936571e-02
 8  3.849837e-02
 9  3.033432e-02
 10  2.407724e-02
 11  1.910817e-02
 12  1.559203e-02
 13  1.267421e-02
 14  1.073689e-02
 15  9.048115e-03
 16  7.615519e-03
 17  6.607717e-03
 18  5.832238e-03
 19  5.090345e-03
 20  4.481552e-03
 21  4.006949e-03
 22  3.492050e-03
 23  3.046505e-03
 24  2.642073e-03
 25  2.244022e-03
 26  1.831793e-03
 27  1.488046e-03
 28  1.205730e-03
 29  9.386248e-04
 Iteration CPU time: 7 s
 CFIE residual: 0.000938625

 Iseg, Irank, Idinc : 1, 5, 76
 Thata, Phi : 90.000000, 75.000000
 Maximun iteration: 300
 Number of recycle truncation: 30
 Final matrix dimension:  36708
 Residual error:0.001000
 0  6.409110e-01
 1  3.678859e-01
 2  2.389515e-01
 3  1.511509e-01
 4  1.059805e-01
 5  8.161721e-02
 6  6.320387e-02
 7  5.297229e-02
 8  4.213778e-02
 9  3.311990e-02
 10  2.690612e-02
 11  2.188076e-02
 12  1.798941e-02
 13  1.536250e-02
 14  1.334689e-02
 15  1.169616e-02
 16  1.055542e-02
 17  9.364543e-03
 18  8.286278e-03
 19  7.318568e-03
 20  6.463743e-03
 21  5.587250e-03
 22  4.784548e-03
 23  3.930434e-03
 24  3.227601e-03
 25  2.602418e-03
 26  2.081456e-03
 27  1.691245e-03
 28  1.360077e-03
 29  1.076191e-03
 30  8.250713e-04
 Iteration CPU time: 7 s
 CFIE residual: 0.000825071

 Iseg, Irank, Idinc : 1, 6, 146
 Thata, Phi : 90.000000, 145.000000
 Maximun iteration: 300
 Number of recycle truncation: 30
 Final matrix dimension:  36708
 Residual error:0.001000
 0  6.451823e-01
 1  3.434394e-01
 2  2.073191e-01
 3  1.460473e-01
 4  1.056191e-01
 5  8.238890e-02
 6  6.374447e-02
 7  5.148418e-02
 8  4.286427e-02
 9  3.558265e-02
 10  2.957956e-02
 11  2.436849e-02
 12  2.018465e-02
 13  1.604090e-02
 14  1.256803e-02
 15  1.016866e-02
 16  8.180317e-03
 17  6.786249e-03
 18  5.722841e-03
 19  4.710298e-03
 20  4.002702e-03
 21  3.459751e-03
 22  3.046775e-03
 23  2.686245e-03
 24  2.379001e-03
 25  2.110946e-03
 26  1.846915e-03
 27  1.609270e-03
 28  1.334771e-03
 29  1.107856e-03
 30  8.930361e-04
 Iteration CPU time: 7 s
 CFIE residual: 0.000893036

 Iseg, Irank, Idinc : 1, 7, 159
 Thata, Phi : 90.000000, 158.000000
 Maximun iteration: 300
 Number of recycle truncation: 30
 Final matrix dimension:  36708
 Residual error:0.001000
 0  6.013447e-01
 1  3.117224e-01
 2  1.881715e-01
 3  1.328085e-01
 4  1.010428e-01
 5  8.075845e-02
 6  6.447388e-02
 7  5.274848e-02
 8  4.479769e-02
 9  3.801956e-02
 10  3.224375e-02
 11  2.661982e-02
 12  2.170205e-02
 13  1.722330e-02
 14  1.407726e-02
 15  1.116477e-02
 16  8.780939e-03
 17  7.110860e-03
 18  5.834564e-03
 19  4.867728e-03
 20  3.994815e-03
 21  3.355555e-03
 22  2.916643e-03
 23  2.536354e-03
 24  2.229170e-03
 25  1.984286e-03
 26  1.761309e-03
 27  1.550154e-03
 28  1.341682e-03
 29  1.143150e-03
 30  9.662992e-04
 Iteration CPU time: 6 s
 CFIE residual: 0.000966299

 Iseg, Irank, Idinc : 1, 8, 132
 Thata, Phi : 90.000000, 131.000000
 Maximun iteration: 300
 Number of recycle truncation: 30
 Final matrix dimension:  36708
 Residual error:0.001000
 0  6.836203e-01
 1  3.594722e-01
 2  2.313480e-01
 3  1.580916e-01
 4  1.132389e-01
 5  8.715110e-02
 6  6.635549e-02
 7  5.209278e-02
 8  4.143573e-02
 9  3.290488e-02
 10  2.629488e-02
 11  2.079716e-02
 12  1.687581e-02
 13  1.394986e-02
 14  1.148959e-02
 15  9.484208e-03
 16  7.871677e-03
 17  6.733933e-03
 18  5.819838e-03
 19  5.110342e-03
 20  4.516485e-03
 21  4.050879e-03
 22  3.581818e-03
 23  3.221750e-03
 24  2.796869e-03
 25  2.353723e-03
 26  2.007514e-03
 27  1.662700e-03
 28  1.411085e-03
 29  1.176482e-03
 30  9.609560e-04
 Iteration CPU time: 6 s
 CFIE residual: 0.000960956

 Iseg, Irank, Idinc : 1, 9, 122
 Thata, Phi : 90.000000, 121.000000
 Maximun iteration: 300
 Number of recycle truncation: 30
 Final matrix dimension:  36708
 Residual error:0.001000
 0  6.527989e-01
 1  3.463637e-01
 2  2.277053e-01
 3  1.575530e-01
 4  1.116317e-01
 5  8.503564e-02
 6  6.501046e-02
 7  5.097402e-02
 8  3.869694e-02
 9  3.062068e-02
 10  2.410405e-02
 11  1.896281e-02
 12  1.522743e-02
 13  1.280787e-02
 14  1.090103e-02
 15  9.295506e-03
 16  7.989571e-03
 17  6.894818e-03
 18  6.041713e-03
 19  5.249460e-03
 20  4.580176e-03
 21  4.014465e-03
 22  3.553871e-03
 23  3.080449e-03
 24  2.660604e-03
 25  2.248055e-03
 26  1.900087e-03
 27  1.606184e-03
 28  1.327167e-03
 29  1.068344e-03
 30  8.595486e-04
 Iteration CPU time: 6 s
 CFIE residual: 0.000859549

 Iseg, Irank, Idinc : 1, 10, 89
 Thata, Phi : 90.000000, 88.000000
 Maximun iteration: 300
 Number of recycle truncation: 30
 Final matrix dimension:  36708
 Residual error:0.001000
 0  6.234607e-01
 1  3.574923e-01
 2  2.305280e-01
 3  1.565811e-01
 4  1.131063e-01
 5  8.886507e-02
 6  6.940147e-02
 7  5.521421e-02
 8  4.531519e-02
 9  3.605821e-02
 10  2.850834e-02
 11  2.269712e-02
 12  1.843670e-02
 13  1.516375e-02
 14  1.281817e-02
 15  1.114301e-02
 16  9.739152e-03
 17  8.689387e-03
 18  7.748671e-03
 19  6.860581e-03
 20  6.086996e-03
 21  5.292744e-03
 22  4.399571e-03
 23  3.640607e-03
 24  3.015319e-03
 25  2.455855e-03
 26  1.939257e-03
 27  1.528481e-03
 28  1.216134e-03
 29  9.477259e-04
 Iteration CPU time: 7 s
 CFIE residual: 0.000947726

 Iseg, Irank, Idinc : 1, 11, 53
 Thata, Phi : 90.000000, 52.000000
 Maximun iteration: 300
 Number of recycle truncation: 30
 Final matrix dimension:  36708
 Residual error:0.001000
 0  6.429910e-01
 1  3.334002e-01
 2  2.072334e-01
 3  1.355595e-01
 4  9.650405e-02
 5  7.191890e-02
 6  5.539688e-02
 7  4.285244e-02
 8  3.358246e-02
 9  2.580666e-02
 10  2.041669e-02
 11  1.681620e-02
 12  1.391819e-02
 13  1.199500e-02
 14  1.035946e-02
 15  8.996579e-03
 16  8.031979e-03
 17  7.148054e-03
 18  6.238394e-03
 19  5.305045e-03
 20  4.537179e-03
 21  3.827829e-03
 22  3.142215e-03
 23  2.534596e-03
 24  2.025234e-03
 25  1.561759e-03
 26  1.208326e-03
 27  9.762053e-04
 Iteration CPU time: 6 s
 CFIE residual: 0.000976205

 Iseg, Irank, Idinc : 1, 12, 32
 Thata, Phi : 90.000000, 31.000000
 Maximun iteration: 300
 Number of recycle truncation: 30
 Final matrix dimension:  36708
 Residual error:0.001000
 0  6.305094e-01
 1  3.054283e-01
 2  1.795448e-01
 3  1.140987e-01
 4  8.069716e-02
 5  6.015709e-02
 6  4.430942e-02
 7  3.422348e-02
 8  2.606377e-02
 9  2.028321e-02
 10  1.657505e-02
 11  1.324338e-02
 12  1.081971e-02
 13  9.117034e-03
 14  7.551476e-03
 15  6.406479e-03
 16  5.639998e-03
 17  4.886482e-03
 18  4.283858e-03
 19  3.792917e-03
 20  3.282679e-03
 21  2.862019e-03
 22  2.539477e-03
 23  2.225700e-03
 24  1.919411e-03
 25  1.607468e-03
 26  1.326659e-03
 27  1.076630e-03
 28  8.889366e-04
 Iteration CPU time: 6 s
 CFIE residual: 0.000888937

 Iseg, Irank, Idinc : 1, 13, 11
 Thata, Phi : 90.000000, 10.000000
 Maximun iteration: 300
 Number of recycle truncation: 30
 Final matrix dimension:  36708
 Residual error:0.001000
 0  5.343294e-01
 1  2.744615e-01
 2  1.716769e-01
 3  1.228097e-01
 4  8.845222e-02
 5  6.718709e-02
 6  5.124017e-02
 7  4.000372e-02
 8  3.088275e-02
 9  2.412073e-02
 10  1.920466e-02
 11  1.508426e-02
 12  1.175255e-02
 13  9.506142e-03
 14  7.807248e-03
 15  6.516404e-03
 16  5.612870e-03
 17  4.713738e-03
 18  4.103205e-03
 19  3.594457e-03
 20  3.101803e-03
 21  2.682736e-03
 22  2.380469e-03
 23  2.138470e-03
 24  1.868096e-03
 25  1.636506e-03
 26  1.447327e-03
 27  1.277421e-03
 28  1.094422e-03
 29  9.130728e-04
 Iteration CPU time: 7 s
 CFIE residual: 0.000913073

 Iseg, Irank, Idinc : 1, 14, 178
 Thata, Phi : 90.000000, 177.000000
 Maximun iteration: 300
 Number of recycle truncation: 30
 Final matrix dimension:  36708
 Residual error:0.001000
 0  5.502994e-01
 1  2.999459e-01
 2  1.911424e-01
 3  1.372102e-01
 4  1.067984e-01
 5  8.329688e-02
 6  6.820260e-02
 7  5.570753e-02
 8  4.447778e-02
 9  3.587640e-02
 10  2.836237e-02
 11  2.234431e-02
 12  1.757270e-02
 13  1.382740e-02
 14  1.086893e-02
 15  8.479290e-03
 16  6.893669e-03
 17  5.647467e-03
 18  4.627156e-03
 19  3.805357e-03
 20  3.161698e-03
 21  2.699599e-03
 22  2.370252e-03
 23  2.084148e-03
 24  1.842051e-03
 25  1.603534e-03
 26  1.429854e-03
 27  1.283521e-03
 28  1.114049e-03
 29  9.571682e-04
 Iteration CPU time: 7 s
 CFIE residual: 0.000957168

 Iseg, Irank, Idinc : 1, 15, 97
 Thata, Phi : 90.000000, 96.000000
 Maximun iteration: 300
 Number of recycle truncation: 30
 Final matrix dimension:  36708
 Residual error:0.001000
 0  6.210299e-01
 1  3.562602e-01
 2  2.250905e-01
 3  1.505702e-01
 4  1.078813e-01
 5  8.228750e-02
 6  6.460995e-02
 7  5.184240e-02
 8  4.139200e-02
 9  3.297601e-02
 10  2.605676e-02
 11  2.071635e-02
 12  1.694901e-02
 13  1.405655e-02
 14  1.169757e-02
 15  1.021664e-02
 16  8.831351e-03
 17  7.835568e-03
 18  7.039520e-03
 19  6.254837e-03
 20  5.612596e-03
 21  5.005229e-03
 22  4.287330e-03
 23  3.633265e-03
 24  3.071875e-03
 25  2.536480e-03
 26  2.063381e-03
 27  1.656898e-03
 28  1.317278e-03
 29  1.009192e-03
 30  7.794964e-04
 Iteration CPU time: 7 s
 CFIE residual: 0.000779496

 Iseg, Irank, Idinc : 1, 16, 1
 Thata, Phi : 90.000000, 0.000000
 Maximun iteration: 300
 Number of recycle truncation: 30
 Final matrix dimension:  36708
 Residual error:0.001000
 0  5.021873e-01
 1  2.659694e-01
 2  1.729478e-01
 3  1.202976e-01
 4  8.636601e-02
 5  6.439781e-02
 6  4.934571e-02
 7  3.771217e-02
 8  2.990500e-02
 9  2.237752e-02
 10  1.723058e-02
 11  1.364999e-02
 12  1.083748e-02
 13  8.823841e-03
 14  7.204495e-03
 15  5.801443e-03
 16  4.842293e-03
 17  4.101429e-03
 18  3.547136e-03
 19  3.059473e-03
 20  2.685089e-03
 21  2.432413e-03
 22  2.127510e-03
 23  1.854186e-03
 24  1.626117e-03
 25  1.426250e-03
 26  1.268586e-03
 27  1.082049e-03
 28  9.078928e-04
 Iteration CPU time: 6 s
 CFIE residual: 0.000907893

 Iseg, Irank, Idinc : 1, 17, 82
 Thata, Phi : 90.000000, 81.000000
 Maximun iteration: 300
 Number of recycle truncation: 30
 Final matrix dimension:  36708
 Residual error:0.001000
 0  6.278341e-01
 1  3.587642e-01
 2  2.327258e-01
 3  1.554779e-01
 4  1.116713e-01
 5  8.791342e-02
 6  6.782071e-02
 7  5.429857e-02
 8  4.478537e-02
 9  3.475731e-02
 10  2.762656e-02
 11  2.204005e-02
 12  1.814279e-02
 13  1.509803e-02
 14  1.301633e-02
 15  1.136881e-02
 16  9.999039e-03
 17  8.852384e-03
 18  7.952936e-03
 19  6.949953e-03
 20  6.123894e-03
 21  5.303006e-03
 22  4.471432e-03
 23  3.722642e-03
 24  3.080167e-03
 25  2.488369e-03
 26  2.014994e-03
 27  1.618274e-03
 28  1.302165e-03
 29  1.023514e-03
 30  8.021535e-04
 Iteration CPU time: 7 s
 CFIE residual: 0.000802153

 Iseg, Irank, Idinc : 1, 18, 167
 Thata, Phi : 90.000000, 166.000000
 Maximun iteration: 300
 Number of recycle truncation: 30
 Final matrix dimension:  36708
 Residual error:0.001000
 0  5.720747e-01
 1  3.016807e-01
 2  1.870570e-01
 3  1.357026e-01
 4  1.050613e-01
 5  8.459783e-02
 6  6.879516e-02
 7  5.627579e-02
 8  4.695348e-02
 9  3.958165e-02
 10  3.317259e-02
 11  2.729554e-02
 12  2.220407e-02
 13  1.771888e-02
 14  1.432843e-02
 15  1.151168e-02
 16  9.209654e-03
 17  7.607436e-03
 18  6.169249e-03
 19  5.012078e-03
 20  4.070723e-03
 21  3.393719e-03
 22  2.888803e-03
 23  2.499570e-03
 24  2.173030e-03
 25  1.885307e-03
 26  1.669434e-03
 27  1.477466e-03
 28  1.323455e-03
 29  1.163663e-03
 30  1.011993e-03
 31  8.525540e-04
 Iteration CPU time: 7 s
 CFIE residual: 0.000852554

 Iseg, Irank, Idinc : 1, 19, 115
 Thata, Phi : 90.000000, 114.000000
 Maximun iteration: 300
 Number of recycle truncation: 30
 Final matrix dimension:  36708
 Residual error:0.001000
 0  6.451433e-01
 1  3.516815e-01
 2  2.243551e-01
 3  1.551952e-01
 4  1.096490e-01
 5  8.263563e-02
 6  6.371127e-02
 7  4.899237e-02
 8  3.768962e-02
 9  2.993064e-02
 10  2.367613e-02
 11  1.886629e-02
 12  1.523110e-02
 13  1.275414e-02
 14  1.073943e-02
 15  9.064738e-03
 16  7.693151e-03
 17  6.641557e-03
 18  5.714331e-03
 19  5.031546e-03
 20  4.419041e-03
 21  3.898360e-03
 22  3.410886e-03
 23  2.984047e-03
 24  2.536713e-03
 25  2.153622e-03
 26  1.803995e-03
 27  1.503932e-03
 28  1.215002e-03
 29  9.498026e-04
 Iteration CPU time: 7 s
 CFIE residual: 0.000949803

 Iseg, Irank, Idinc : 1, 20, 152
 Thata, Phi : 90.000000, 151.000000
 Maximun iteration: 300
 Number of recycle truncation: 30
 Final matrix dimension:  36708
 Residual error:0.001000
 0  6.260151e-01
 1  3.305058e-01
 2  1.990956e-01
 3  1.404008e-01
 4  1.034004e-01
 5  8.127495e-02
 6  6.428459e-02
 7  5.213713e-02
 8  4.411908e-02
 9  3.720351e-02
 10  3.104357e-02
 11  2.538811e-02
 12  2.055114e-02
 13  1.622651e-02
 14  1.281700e-02
 15  1.026761e-02
 16  8.006241e-03
 17  6.671726e-03
 18  5.550141e-03
 19  4.600329e-03
 20  3.844751e-03
 21  3.258998e-03
 22  2.824034e-03
 23  2.498585e-03
 24  2.230038e-03
 25  1.954175e-03
 26  1.708872e-03
 27  1.491987e-03
 28  1.240138e-03
 29  1.021991e-03
 30  8.277089e-04
 Iteration CPU time: 7 s
 CFIE residual: 0.000827709

 Iseg, Irank, Idinc : 1, 21, 181
 Thata, Phi : 90.000000, 180.000000
 Maximun iteration: 300
 Number of recycle truncation: 30
 Final matrix dimension:  36708
 Residual error:0.001000
 0  5.488577e-01
 1  2.999771e-01
 2  1.911970e-01
 3  1.371256e-01
 4  1.065954e-01
 5  8.280938e-02
 6  6.773063e-02
 7  5.536100e-02
 8  4.404134e-02
 9  3.534943e-02
 10  2.752711e-02
 11  2.119226e-02
 12  1.615310e-02
 13  1.227390e-02
 14  9.442591e-03
 15  7.234070e-03
 16  5.733062e-03
 17  4.743197e-03
 18  3.841600e-03
 19  3.206106e-03
 20  2.747399e-03
 21  2.374690e-03
 22  2.096671e-03
 23  1.856894e-03
 24  1.668912e-03
 25  1.473202e-03
 26  1.321494e-03
 27  1.157553e-03
 28  9.806114e-04
 Iteration CPU time: 7 s
 CFIE residual: 0.000980611

 Iseg, Irank, Idinc : 1, 22, 16
 Thata, Phi : 90.000000, 15.000000
 Maximun iteration: 300
 Number of recycle truncation: 30
 Final matrix dimension:  36708
 Residual error:0.001000
 0  5.652270e-01
 1  2.811872e-01
 2  1.694828e-01
 3  1.204936e-01
 4  8.638052e-02
 5  6.493130e-02
 6  4.981077e-02
 7  3.958961e-02
 8  3.080397e-02
 9  2.391648e-02
 10  1.877468e-02
 11  1.489380e-02
 12  1.180562e-02
 13  9.457485e-03
 14  7.885288e-03
 15  6.606364e-03
 16  5.629032e-03
 17  4.791898e-03
 18  4.177877e-03
 19  3.594557e-03
 20  3.075314e-03
 21  2.700053e-03
 22  2.389082e-03
 23  2.189221e-03
 24  1.910922e-03
 25  1.662990e-03
 26  1.458061e-03
 27  1.260623e-03
 28  1.064627e-03
 29  8.919284e-04
 Iteration CPU time: 6 s
 CFIE residual: 0.000891928

 Iseg, Irank, Idinc : 1, 23, 69
 Thata, Phi : 90.000000, 68.000000
 Maximun iteration: 300
 Number of recycle truncation: 30
 Final matrix dimension:  36708
 Residual error:0.001000
 0  6.586975e-01
 1  3.661490e-01
 2  2.321468e-01
 3  1.513275e-01
 4  1.105890e-01
 5  8.398409e-02
 6  6.470182e-02
 7  5.238944e-02
 8  4.232765e-02
 9  3.396847e-02
 10  2.761483e-02
 11  2.233425e-02
 12  1.820529e-02
 13  1.546061e-02
 14  1.318715e-02
 15  1.171866e-02
 16  1.048631e-02
 17  9.344221e-03
 18  8.238432e-03
 19  7.221476e-03
 20  6.320377e-03
 21  5.481964e-03
 22  4.632102e-03
 23  3.857013e-03
 24  3.097827e-03
 25  2.426011e-03
 26  1.930492e-03
 27  1.525226e-03
 28  1.190698e-03
 29  9.148653e-04
 Iteration CPU time: 6 s
 CFIE residual: 0.000914865

 Iseg, Irank, Idinc : 1, 24, 139
 Thata, Phi : 90.000000, 138.000000
 Maximun iteration: 300
 Number of recycle truncation: 30
 Final matrix dimension:  36708
 Residual error:0.001000
 0  6.858506e-01
 1  3.544271e-01
 2  2.211864e-01
 3  1.534547e-01
 4  1.116473e-01
 5  8.527064e-02
 6  6.395250e-02
 7  5.104893e-02
 8  4.228876e-02
 9  3.404553e-02
 10  2.770723e-02
 11  2.237496e-02
 12  1.879879e-02
 13  1.497677e-02
 14  1.199706e-02
 15  9.633166e-03
 16  8.051073e-03
 17  6.666634e-03
 18  5.685690e-03
 19  4.886947e-03
 20  4.276967e-03
 21  3.822270e-03
 22  3.393112e-03
 23  2.993976e-03
 24  2.634368e-03
 25  2.268214e-03
 26  1.950767e-03
 27  1.627242e-03
 28  1.334988e-03
 29  1.092032e-03
 30  8.805623e-04
 Iteration CPU time: 7 s
 CFIE residual: 0.000880562

 Iseg, Irank, Idinc : 1, 25, 5
 Thata, Phi : 90.000000, 4.000000
 Maximun iteration: 300
 Number of recycle truncation: 30
 Final matrix dimension:  36708
 Residual error:0.001000
 0  5.082909e-01
 1  2.677020e-01
 2  1.726089e-01
 3  1.210977e-01
 4  8.750955e-02
 5  6.597521e-02
 6  5.045012e-02
 7  3.809999e-02
 8  2.970590e-02
 9  2.267447e-02
 10  1.787545e-02
 11  1.452475e-02
 12  1.152578e-02
 13  9.234512e-03
 14  7.597282e-03
 15  6.330602e-03
 16  5.369419e-03
 17  4.537560e-03
 18  3.898321e-03
 19  3.443707e-03
 20  3.003007e-03
 21  2.601850e-03
 22  2.303414e-03
 23  2.061613e-03
 24  1.791528e-03
 25  1.565129e-03
 26  1.390256e-03
 27  1.231728e-03
 28  1.060737e-03
 29  8.813874e-04
 Iteration CPU time: 7 s
 CFIE residual: 0.000881387

 Iseg, Irank, Idinc : 1, 26, 173
 Thata, Phi : 90.000000, 172.000000
 Maximun iteration: 300
 Number of recycle truncation: 30
 Final matrix dimension:  36708
 Residual error:0.001000
 0  5.576738e-01
 1  3.000256e-01
 2  1.903672e-01
 3  1.374081e-01
 4  1.072388e-01
 5  8.499836e-02
 6  6.964347e-02
 7  5.675430e-02
 8  4.619456e-02
 9  3.821608e-02
 10  3.132691e-02
 11  2.551901e-02
 12  2.063653e-02
 13  1.639318e-02
 14  1.340153e-02
 15  1.073189e-02
 16  8.668589e-03
 17  7.049544e-03
 18  5.680785e-03
 19  4.622883e-03
 20  3.783161e-03
 21  3.161878e-03
 22  2.716765e-03
 23  2.352419e-03
 24  2.034760e-03
 25  1.762759e-03
 26  1.556099e-03
 27  1.382687e-03
 28  1.228923e-03
 29  1.079541e-03
 30  9.486880e-04
 Iteration CPU time: 7 s
 CFIE residual: 0.000948688

 Iseg, Irank, Idinc : 1, 27, 47
 Thata, Phi : 90.000000, 46.000000
 Maximun iteration: 300
 Number of recycle truncation: 30
 Final matrix dimension:  36708
 Residual error:0.001000
 0  6.306945e-01
 1  3.216072e-01
 2  2.038858e-01
 3  1.354810e-01
 4  9.522664e-02
 5  7.006405e-02
 6  5.274633e-02
 7  4.049412e-02
 8  3.142621e-02
 9  2.446370e-02
 10  1.936392e-02
 11  1.565971e-02
 12  1.269187e-02
 13  1.083227e-02
 14  9.262016e-03
 15  8.037070e-03
 16  7.175723e-03
 17  6.366906e-03
 18  5.592344e-03
 19  4.753339e-03
 20  4.041017e-03
 21  3.410563e-03
 22  2.878278e-03
 23  2.334763e-03
 24  1.870813e-03
 25  1.503335e-03
 26  1.168461e-03
 27  9.256686e-04
 Iteration CPU time: 6 s
 CFIE residual: 0.000925669

 Iseg, Irank, Idinc : 1, 28, 103
 Thata, Phi : 90.000000, 102.000000
 Maximun iteration: 300
 Number of recycle truncation: 30
 Final matrix dimension:  36708
 Residual error:0.001000
 0  6.199982e-01
 1  3.558497e-01
 2  2.251732e-01
 3  1.519807e-01
 4  1.062038e-01
 5  8.035436e-02
 6  6.243536e-02
 7  4.895332e-02
 8  3.860517e-02
 9  3.023929e-02
 10  2.474004e-02
 11  1.959442e-02
 12  1.603504e-02
 13  1.316537e-02
 14  1.108758e-02
 15  9.343072e-03
 16  8.092901e-03
 17  7.063923e-03
 18  6.304785e-03
 19  5.586815e-03
 20  4.973905e-03
 21  4.413895e-03
 22  3.848285e-03
 23  3.333252e-03
 24  2.856836e-03
 25  2.386101e-03
 26  1.958423e-03
 27  1.594319e-03
 28  1.278274e-03
 29  1.024400e-03
 30  7.978316e-04
 Iteration CPU time: 7 s
 CFIE residual: 0.000797832

 Iseg, Irank, Idinc : 1, 29, 27
 Thata, Phi : 90.000000, 26.000000
 Maximun iteration: 300
 Number of recycle truncation: 30
 Final matrix dimension:  36708
 Residual error:0.001000
 0  6.278980e-01
 1  2.975937e-01
 2  1.683885e-01
 3  1.102689e-01
 4  7.838928e-02
 5  5.806043e-02
 6  4.341814e-02
 7  3.378666e-02
 8  2.625154e-02
 9  2.056667e-02
 10  1.650897e-02
 11  1.302759e-02
 12  1.070687e-02
 13  8.886463e-03
 14  7.428504e-03
 15  6.400261e-03
 16  5.475775e-03
 17  4.659954e-03
 18  4.060699e-03
 19  3.554223e-03
 20  3.075843e-03
 21  2.702257e-03
 22  2.424137e-03
 23  2.176778e-03
 24  1.905601e-03
 25  1.623716e-03
 26  1.370779e-03
 27  1.142607e-03
 28  9.427731e-04
 Iteration CPU time: 7 s
 CFIE residual: 0.000942773

 Iseg, Irank, Idinc : 1, 30, 127
 Thata, Phi : 90.000000, 126.000000
 Maximun iteration: 300
 Number of recycle truncation: 30
 Final matrix dimension:  36708
 Residual error:0.001000
 0  6.609209e-01
 1  3.510875e-01
 2  2.295990e-01
 3  1.571715e-01
 4  1.124177e-01
 5  8.699081e-02
 6  6.618674e-02
 7  5.171748e-02
 8  3.998688e-02
 9  3.198491e-02
 10  2.489498e-02
 11  1.956608e-02
 12  1.596141e-02
 13  1.325749e-02
 14  1.102653e-02
 15  9.369688e-03
 16  7.933816e-03
 17  6.865729e-03
 18  6.079129e-03
 19  5.218144e-03
 20  4.587869e-03
 21  4.069414e-03
 22  3.612738e-03
 23  3.177497e-03
 24  2.757874e-03
 25  2.335301e-03
 26  2.007749e-03
 27  1.687591e-03
 28  1.471383e-03
 29  1.233017e-03
 30  9.911123e-04
 Iteration CPU time: 7 s
 CFIE residual: 0.000991112

 Iseg, Irank, Idinc : 1, 31, 58
 Thata, Phi : 90.000000, 57.000000
 Maximun iteration: 300
 Number of recycle truncation: 30
 Final matrix dimension:  36708
 Residual error:0.001000
 0  6.581701e-01
 1  3.426856e-01
 2  2.140097e-01
 3  1.369566e-01
 4  9.794308e-02
 5  7.192217e-02
 6  5.639689e-02
 7  4.523733e-02
 8  3.604358e-02
 9  2.780900e-02
 10  2.189987e-02
 11  1.792596e-02
 12  1.479652e-02
 13  1.263497e-02
 14  1.087064e-02
 15  9.459405e-03
 16  8.405918e-03
 17  7.413537e-03
 18  6.590647e-03
 19  5.589488e-03
 20  4.765339e-03
 21  4.030826e-03
 22  3.378080e-03
 23  2.674689e-03
 24  2.135532e-03
 25  1.643429e-03
 26  1.273857e-03
 27  9.786475e-04
 Iteration CPU time: 6 s
 CFIE residual: 0.000978647

 Iseg, Irank, Idinc : 1, 32, 163
 Thata, Phi : 90.000000, 162.000000
 Maximun iteration: 300
 Number of recycle truncation: 30
 Final matrix dimension:  36708
 Residual error:0.001000
 0  5.853818e-01
 1  3.049323e-01
 2  1.855248e-01
 3  1.331138e-01
 4  1.024383e-01
 5  8.258180e-02
 6  6.644404e-02
 7  5.449027e-02
 8  4.587020e-02
 9  3.897846e-02
 10  3.285813e-02
 11  2.724542e-02
 12  2.236588e-02
 13  1.784709e-02
 14  1.453301e-02
 15  1.156979e-02
 16  9.159818e-03
 17  7.607254e-03
 18  6.206227e-03
 19  5.022296e-03
 20  4.110708e-03
 21  3.460470e-03
 22  2.940661e-03
 23  2.543434e-03
 24  2.221961e-03
 25  1.939401e-03
 26  1.726868e-03
 27  1.531472e-03
 28  1.354459e-03
 29  1.175082e-03
 30  1.009635e-03
 31  8.341142e-04
 Iteration CPU time: 7 s
 CFIE residual: 0.000834114

 Iseg, Irank, Idinc : 1, 33, 3
 Thata, Phi : 90.000000, 2.000000
 Maximun iteration: 300
 Number of recycle truncation: 30
 Final matrix dimension:  36708
 Residual error:0.001000
 0  5.037806e-01
 1  2.664207e-01
 2  1.728463e-01
 3  1.204930e-01
 4  8.667076e-02
 5  6.485828e-02
 6  4.967754e-02
 7  3.773594e-02
 8  2.980829e-02
 9  2.239862e-02
 10  1.732454e-02
 11  1.401215e-02
 12  1.125781e-02
 13  9.049221e-03
 14  7.428612e-03
 15  6.131175e-03
 16  5.178202e-03
 17  4.411235e-03
 18  3.803959e-03
 19  3.338972e-03
 20  2.925605e-03
 21  2.552980e-03
 22  2.262449e-03
 23  2.015446e-03
 24  1.751969e-03
 25  1.529005e-03
 26  1.365188e-03
 27  1.191196e-03
 28  1.022198e-03
 29  8.411434e-04
 Iteration CPU time: 7 s
 CFIE residual: 0.000841143

 Iseg, Irank, Idinc : 1, 34, 180
 Thata, Phi : 90.000000, 179.000000
 Maximun iteration: 300
 Number of recycle truncation: 30
 Final matrix dimension:  36708
 Residual error:0.001000
 0  5.490383e-01
 1  2.999769e-01
 2  1.911955e-01
 3  1.371376e-01
 4  1.066206e-01
 5  8.286697e-02
 6  6.778899e-02
 7  5.540594e-02
 8  4.409726e-02
 9  3.541598e-02
 10  2.763599e-02
 11  2.135512e-02
 12  1.640805e-02
 13  1.261387e-02
 14  9.759442e-03
 15  7.492190e-03
 16  6.006710e-03
 17  5.024565e-03
 18  4.125061e-03
 19  3.423428e-03
 20  2.902588e-03
 21  2.504148e-03
 22  2.220890e-03
 23  1.967877e-03
 24  1.748181e-03
 25  1.529068e-03
 26  1.368246e-03
 27  1.220233e-03
 28  1.037814e-03
 29  8.696670e-04
 Iteration CPU time: 7 s
 CFIE residual: 0.000869667

 Iseg, Irank, Idinc : 1, 35, 37
 Thata, Phi : 90.000000, 36.000000
 Maximun iteration: 300
 Number of recycle truncation: 30
 Final matrix dimension:  36708
 Residual error:0.001000
 0  6.207448e-01
 1  3.123026e-01
 2  1.931664e-01
 3  1.234761e-01
 4  8.502208e-02
 5  6.251650e-02
 6  4.602230e-02
 7  3.527019e-02
 8  2.683962e-02
 9  2.062233e-02
 10  1.659838e-02
 11  1.343001e-02
 12  1.096629e-02
 13  9.383512e-03
 14  7.795686e-03
 15  6.675445e-03
 16  5.954398e-03
 17  5.177639e-03
 18  4.539146e-03
 19  4.018582e-03
 20  3.467838e-03
 21  2.985723e-03
 22  2.574735e-03
 23  2.195584e-03
 24  1.855287e-03
 25  1.527980e-03
 26  1.244918e-03
 27  9.924937e-04
 Iteration CPU time: 6 s
 CFIE residual: 0.000992494

 Iseg, Irank, Idinc : 1, 36, 93
 Thata, Phi : 90.000000, 92.000000
 Maximun iteration: 300
 Number of recycle truncation: 30
 Final matrix dimension:  36708
 Residual error:0.001000
 0  6.232406e-01
 1  3.581712e-01
 2  2.281193e-01
 3  1.521367e-01
 4  1.108025e-01
 5  8.647126e-02
 6  6.818817e-02
 7  5.429394e-02
 8  4.399080e-02
 9  3.542540e-02
 10  2.774468e-02
 11  2.211863e-02
 12  1.813997e-02
 13  1.496612e-02
 14  1.260861e-02
 15  1.092064e-02
 16  9.430393e-03
 17  8.413290e-03
 18  7.510288e-03
 19  6.641005e-03
 20  5.940697e-03
 21  5.230091e-03
 22  4.392678e-03
 23  3.670849e-03
 24  3.101572e-03
 25  2.539317e-03
 26  2.026616e-03
 27  1.594045e-03
 28  1.246920e-03
 29  9.400329e-04
 Iteration CPU time: 7 s
 CFIE residual: 0.000940033

 Iseg, Irank, Idinc : 1, 37, 143
 Thata, Phi : 90.000000, 142.000000
 Maximun iteration: 300
 Number of recycle truncation: 30
 Final matrix dimension:  36708
 Residual error:0.001000
 0  6.614194e-01
 1  3.482366e-01
 2  2.118586e-01
 3  1.483377e-01
 4  1.077042e-01
 5  8.341411e-02
 6  6.345297e-02
 7  5.098851e-02
 8  4.210599e-02
 9  3.445980e-02
 10  2.878393e-02
 11  2.365485e-02
 12  1.973458e-02
 13  1.550078e-02
 14  1.213390e-02
 15  9.889594e-03
 16  8.153795e-03
 17  6.762089e-03
 18  5.675426e-03
 19  4.794488e-03
 20  4.102664e-03
 21  3.620995e-03
 22  3.217167e-03
 23  2.829740e-03
 24  2.506097e-03
 25  2.207945e-03
 26  1.934033e-03
 27  1.646643e-03
 28  1.350584e-03
 29  1.110227e-03
 30  8.976366e-04
 Iteration CPU time: 7 s
 CFIE residual: 0.000897637

 Iseg, Irank, Idinc : 1, 38, 8
 Thata, Phi : 90.000000, 7.000000
 Maximun iteration: 300
 Number of recycle truncation: 30
 Final matrix dimension:  36708
 Residual error:0.001000
 0  5.194220e-01
 1  2.707322e-01
 2  1.722111e-01
 3  1.223635e-01
 4  8.864444e-02
 5  6.727299e-02
 6  5.124181e-02
 7  3.911488e-02
 8  3.020612e-02
 9  2.361149e-02
 10  1.881343e-02
 11  1.486361e-02
 12  1.164829e-02
 13  9.354903e-03
 14  7.731215e-03
 15  6.469412e-03
 16  5.517392e-03
 17  4.631472e-03
 18  3.998716e-03
 19  3.534018e-03
 20  3.064161e-03
 21  2.650258e-03
 22  2.345177e-03
 23  2.101030e-03
 24  1.825689e-03
 25  1.604791e-03
 26  1.418299e-03
 27  1.264616e-03
 28  1.085084e-03
 29  9.112610e-04
 Iteration CPU time: 6 s
 CFIE residual: 0.000911261
 Last Built End in Sep 21 2025 00:06:12
 Total CPU time: 274 s
 Finished.
