 Last Built Begin in Sep 21 2025 00:06:12
 Pre-Type( Input ):            8
 Skl-Tol ( Input ):    1.0000000000000000E-002
 Wavelength in freespace: 0.330882

 ################################################
 ##         Generating Required Mesh          ##
 ##         Waiting.....                      ##
 ################################################
 Subd No.      Subd Name
    1    sphere1                                                           
 isub,  nnode, npatch,  nedge:
    1       604      1204      1806
 Scale Factor         >>   9.99999978E-03
 ################################################

 START TIME: 20250922   003007.701


 Informaton for IE geometry:
 number of subdomains     : 1
 maxnode,maxpatch,maxedge : 604  1204  1806
 
 Index of Mat-Reg: 1
 Mat-Reg Number via MatFlg: 1
 Edge Number of Mat-Reg: 1, 1806

 Number of Edge on PEC: 0
 Mat-Reg: No Dim(m) Lmax:
    1 0.151    2
 Totlmax, add1, add2:           2           3           4
 rlengmax of Global MLFMA >>   0.15111115766044114     
 Lmax of Global MLFMA >>            2
 Wavenum of Mat-Reg:
    1 1.000

 total area in sq m           =      0.1254
 total area in sq lambda      =      1.1449
 maxnode, maxpatch, maxedge           =      604     1204     1806
 longest  edge in lambda              =      0.0658
 shortest edge in lambda              =      0.0287
 average  edge in lambda              =      0.0470
 largest  patch area in sq lambda     =      0.0016
 smallest patch area in sq lambda     =      0.0005
 ave    surface area in sq lambda     =      0.0009
 size range of the object in sq lambda =      0.6044

 #### MLFMA Info For Each Region ####
 Mat-Region =            1
 Array dimension parameters:
 maxrule=          14   maxgrid  =          64
 lmax   =           2   ncmax    =          65
 lsmax  =           5   lsmin    =           5
 kpm    =          54   kp0      =          54
 ntlm   =       17064   nsm      =        3024
 nkpm   =          54   niplm    =        3456
 ngnearm=         632   ngsndm   =        2504
 nearm  =         413   mfinestm =          43
 ###############################

 CFIE Alpha:  0.50000000000000000     

 Fill MLFMA FI for Mat-Reg:           1
 Begin filltl.f
 fill translation matrix
 Level:            2
 fill shifting matrix
 translator time(s):   2.60000005E-02
 fill interpolation matrix
 Filling TL                  Delta_CPU=          0.10 Memory(MB)=         60.05
 Filling sndgrp              Delta_CPU=          0.00 Memory(MB)=         60.05
 Filling VFS                 Delta_CPU=          0.17 Memory(MB)=         60.05

 Fill MLFMA NI for Mat-Reg:           1
 Begin fill sparser part of Nearfield
 Begin fill denser part of Nearfield
 End fill
 Filling Amn                 Delta_CPU=         13.42 Memory(MB)=         60.05


 Now testing preconditioner with
 ipretype =            8
 method = cfie_solve_nfpre_pardiso

  
 NBP>>Begin fill sparser part of Nearfield
 NBP>>Begin fill denser part of Nearfield

201.7857%
 Begin MLFMA Box-Matrix Based Prec Constructor
 --- Intel MKL PARDISO --- 
  >> Solver Initialized
  >> Proceed to ngrp_box loop
  >> Loop 0 Initialized
 Memory for iGRP: 1 0 MB
 Total Memory For NFB Pre: 0 MB
 --- PARDISO PRECONDITIONER INITIALIZED --- 
 Constructing preconditioner CPU time: 0 s
 
 108360
 Memory for Iteration:: 1.65344 MB

 Iseg, Ninc_S : 1, 181, 0

 Iseg, Skeleton Angles: 1, 8
 Iseg, Skel-Pk Mem(MB): 1, 30.96

 Iseg, Irank, Idinc : 1, 1, 129
 Thata, Phi : 90.000000, 128.000000
 Maximun iteration: 300
 Number of recycle truncation: 30
 Final matrix dimension:  3612
 Residual error:0.010000
 0  2.327744e-01
 1  1.343687e-01
 2  6.050024e-02
 3  2.836922e-02
 4  1.372199e-02
 5  6.783738e-03
 Iteration CPU time: 0 s
 CFIE residual: 0.00678374

 Iseg, Irank, Idinc : 1, 2, 41
 Thata, Phi : 90.000000, 40.000000
 Maximun iteration: 300
 Number of recycle truncation: 30
 Final matrix dimension:  3612
 Residual error:0.010000
 0  2.326145e-01
 1  1.337012e-01
 2  6.099942e-02
 3  2.936080e-02
 4  1.382355e-02
 5  7.010800e-03
 Iteration CPU time: 0 s
 CFIE residual: 0.0070108

 Iseg, Irank, Idinc : 1, 3, 1
 Thata, Phi : 90.000000, 0.000000
 Maximun iteration: 300
 Number of recycle truncation: 30
 Final matrix dimension:  3612
 Residual error:0.010000
 0  2.261873e-01
 1  1.284685e-01
 2  6.045070e-02
 3  2.965917e-02
 4  1.445865e-02
 5  7.169497e-03
 Iteration CPU time: 0 s
 CFIE residual: 0.0071695

 Iseg, Irank, Idinc : 1, 4, 181
 Thata, Phi : 90.000000, 180.000000
 Maximun iteration: 300
 Number of recycle truncation: 30
 Final matrix dimension:  3612
 Residual error:0.010000
 0  2.242717e-01
 1  1.267123e-01
 2  5.851117e-02
 3  2.792785e-02
 4  1.384236e-02
 5  6.821361e-03
 Iteration CPU time: 0 s
 CFIE residual: 0.00682136

 Iseg, Irank, Idinc : 1, 5, 85
 Thata, Phi : 90.000000, 84.000000
 Maximun iteration: 300
 Number of recycle truncation: 30
 Final matrix dimension:  3612
 Residual error:0.010000
 0  2.335641e-01
 1  1.347338e-01
 2  6.135751e-02
 3  3.005911e-02
 4  1.514784e-02
 5  7.620762e-03
 Iteration CPU time: 0 s
 CFIE residual: 0.00762076

 Iseg, Irank, Idinc : 1, 6, 158
 Thata, Phi : 90.000000, 157.000000
 Maximun iteration: 300
 Number of recycle truncation: 30
 Final matrix dimension:  3612
 Residual error:0.010000
 0  2.280035e-01
 1  1.301846e-01
 2  5.942094e-02
 3  2.778164e-02
 4  1.361626e-02
 5  6.728033e-03
 Iteration CPU time: 0 s
 CFIE residual: 0.00672803

 Iseg, Irank, Idinc : 1, 7, 19
 Thata, Phi : 90.000000, 18.000000
 Maximun iteration: 300
 Number of recycle truncation: 30
 Final matrix dimension:  3612
 Residual error:0.010000
 0  2.285067e-01
 1  1.304668e-01
 2  6.092976e-02
 3  2.974342e-02
 4  1.424946e-02
 5  7.153373e-03
 Iteration CPU time: 0 s
 CFIE residual: 0.00715337

 Iseg, Irank, Idinc : 1, 8, 107
 Thata, Phi : 90.000000, 106.000000
 Maximun iteration: 300
 Number of recycle truncation: 30
 Final matrix dimension:  3612
 Residual error:0.010000
 0  2.329014e-01
 1  1.346334e-01
 2  6.141875e-02
 3  2.981484e-02
 4  1.493084e-02
 5  7.448040e-03
 Iteration CPU time: 0 s
 CFIE residual: 0.00744804
 Last Built End in Sep 21 2025 00:06:12
 Total CPU time: 3 s
 Finished.
