 Last Built Begin in Sep 22 2025 09:01:48
 Pre-Type( Input ):           10
 Skl-Tol ( Input ):    1.0000000000000001E-005
 Wavelength in freespace: 0.0310577

 ################################################
 ##         Generating Required Mesh          ##
 ##         Waiting.....                      ##
 ################################################
 Subd No.      Subd Name
    1    Open-Duct_PRIME_model_meshAA1                                     
 isub,  nnode, npatch,  nedge:
    1      6118     12236     18354
 Scale Factor         >>   1.54999997E-02
 ################################################

 START TIME: 20250922   093255.371


 Informaton for IE geometry:
 number of subdomains     : 1
 maxnode,maxpatch,maxedge : 6118  12236  18354
 
 Index of Mat-Reg: 1
 Mat-Reg Number via MatFlg: 1
 Edge Number of Mat-Reg: 1, 18354

 Number of Edge on PEC: 18354
 Mat-Reg: No Dim(m) Lmax:
    1 0.231    5
 Totlmax, add1, add2:           5           6           7
 rlengmax of Global MLFMA >>   0.23086275896831093     
 Lmax of Global MLFMA >>            5
 Wavenum of Mat-Reg:
    1 1.000

 total area in sq m           =      0.0510
 total area in sq lambda      =     52.8414
 maxnode, maxpatch, maxedge           =     6118    12236    18354
 longest  edge in lambda              =      0.1503
 shortest edge in lambda              =      0.0071
 average  edge in lambda              =      0.1003
 largest  patch area in sq lambda     =      0.0077
 smallest patch area in sq lambda     =      0.0000
 ave    surface area in sq lambda     =      0.0043
 size range of the object in sq lambda =      7.3876

 #### MLFMA Info For Each Region ####
 Mat-Region =            1
 Array dimension parameters:
 maxrule=          14   maxgrid  =          64
 lmax   =           5   ncmax    =        1250
 lsmax  =          26   lsmin    =           6
 kpm    =        1356   kp0      =          76
 ntlm   =      204640   nsm      =      205900
 nkpm   =        2152   niplm    =      137728
 ngnearm=       14257   ngsndm   =       64634
 nearm  =         333   mfinestm =         119
 ###############################

 CFIE Alpha:  0.50000000000000000     

 Fill MLFMA FI for Mat-Reg:           1
 Begin filltl.f
 fill translation matrix
 Level:            2
 fill shifting matrix
 Level:            3
 fill shifting matrix
 Level:            4
 fill shifting matrix
 Level:            5
 fill shifting matrix
 translator time(s):  0.113000005    
 fill interpolation matrix
 ThetaOrder            8
 PhiOrder            8
 lsl            6
 Filling TL                  Delta_CPU=          0.52 Memory(MB)=        586.87
 Filling sndgrp              Delta_CPU=          0.00 Memory(MB)=        586.87
 Filling VFS                 Delta_CPU=          2.38 Memory(MB)=        586.87

 Fill MLFMA NI for Mat-Reg:           1
 Begin fill sparser part of Nearfield
 Begin fill denser part of Nearfield
 End fill
 Filling Amn                 Delta_CPU=         91.03 Memory(MB)=        586.87


 Now testing preconditioner with
 ipretype =           10
 method = cfie_solve_nfrasspspre_pardiso

  
 NBP>>Begin fill sparser part of Nearfield

114.2560% NBP>>Begin fill denser part of Nearfield

200.1041%
 Begin MLFMA Box-Matrix Based Spar-RAS Prec Constructor
 --- Intel MKL PARDISO --- 
 Memory for iGroup: 1 1.45036e+09 MB
 Total Memory For SparRAS Pre: 1.45036e+09 MB
 --- PARDISO PRECONDITIONER INITIALIZED --- 
 Constructing preconditioner CPU time: 4 s
 
 1101240
 Memory for Iteration:: 16.8036 MB

 Iseg, Ninc_S : 1, 181, 0

 Iseg, Skeleton Angles: 1, 38
 Iseg, Skel-Pk Mem(MB): 1, 314.35

 Iseg, Irank, Idinc : 1, 1, 22
 Thata, Phi : 90.000000, 21.000000
 Maximun iteration: 300
 Number of recycle truncation: 30
 Final matrix dimension:  36708
 Residual error:0.001000
 0  6.089938e-01
 1  2.906911e-01
 2  1.655887e-01
 3  1.137304e-01
 4  8.063923e-02
 5  5.938254e-02
 6  4.542701e-02
 7  3.583194e-02
 8  2.818385e-02
 9  2.230037e-02
 10  1.733484e-02
 11  1.369509e-02
 12  1.113477e-02
 13  8.983395e-03
 14  7.461441e-03
 15  6.377191e-03
 16  5.413099e-03
 17  4.570814e-03
 18  3.966416e-03
 19  3.402610e-03
 20  2.929196e-03
 21  2.617763e-03
 22  2.361775e-03
 23  2.170962e-03
 24  1.967974e-03
 25  1.764047e-03
 26  1.551862e-03
 27  1.357088e-03
 28  1.161360e-03
 29  9.962920e-04
 Iteration CPU time: 7 s
 CFIE residual: 0.000996292

 Iseg, Irank, Idinc : 1, 2, 42
 Thata, Phi : 90.000000, 41.000000
 Maximun iteration: 300
 Number of recycle truncation: 30
 Final matrix dimension:  36708
 Residual error:0.001000
 0  6.249040e-01
 1  3.150608e-01
 2  2.000235e-01
 3  1.311880e-01
 4  9.014060e-02
 5  6.540836e-02
 6  4.836161e-02
 7  3.651302e-02
 8  2.800303e-02
 9  2.167305e-02
 10  1.701666e-02
 11  1.364332e-02
 12  1.104668e-02
 13  9.288941e-03
 14  7.833762e-03
 15  6.792860e-03
 16  6.049007e-03
 17  5.339114e-03
 18  4.831398e-03
 19  4.334187e-03
 20  3.818403e-03
 21  3.348565e-03
 22  2.951178e-03
 23  2.531361e-03
 24  2.083807e-03
 25  1.719871e-03
 26  1.410643e-03
 27  1.134776e-03
 28  8.906017e-04
 Iteration CPU time: 6 s
 CFIE residual: 0.000890602

 Iseg, Irank, Idinc : 1, 3, 64
 Thata, Phi : 90.000000, 63.000000
 Maximun iteration: 300
 Number of recycle truncation: 30
 Final matrix dimension:  36708
 Residual error:0.001000
 0  6.654991e-01
 1  3.574611e-01
 2  2.224856e-01
 3  1.439334e-01
 4  1.048715e-01
 5  7.932616e-02
 6  6.062062e-02
 7  4.809711e-02
 8  3.816919e-02
 9  3.049299e-02
 10  2.409723e-02
 11  1.953212e-02
 12  1.593059e-02
 13  1.335495e-02
 14  1.131575e-02
 15  1.002132e-02
 16  8.990521e-03
 17  8.098271e-03
 18  7.373391e-03
 19  6.563985e-03
 20  5.804072e-03
 21  5.113413e-03
 22  4.365156e-03
 23  3.672502e-03
 24  3.021600e-03
 25  2.433337e-03
 26  1.934595e-03
 27  1.490967e-03
 28  1.157334e-03
 29  9.006936e-04
 Iteration CPU time: 6 s
 CFIE residual: 0.000900694

 Iseg, Irank, Idinc : 1, 4, 109
 Thata, Phi : 90.000000, 108.000000
 Maximun iteration: 300
 Number of recycle truncation: 30
 Final matrix dimension:  36708
 Residual error:0.001000
 0  6.328710e-01
 1  3.580541e-01
 2  2.256239e-01
 3  1.545528e-01
 4  1.088872e-01
 5  8.171047e-02
 6  6.335663e-02
 7  4.883995e-02
 8  3.806508e-02
 9  3.051210e-02
 10  2.408563e-02
 11  1.903894e-02
 12  1.533730e-02
 13  1.256216e-02
 14  1.055771e-02
 15  8.862815e-03
 16  7.437278e-03
 17  6.502261e-03
 18  5.727640e-03
 19  5.061025e-03
 20  4.502491e-03
 21  4.070285e-03
 22  3.624417e-03
 23  3.212498e-03
 24  2.838078e-03
 25  2.472697e-03
 26  2.114725e-03
 27  1.764917e-03
 28  1.430382e-03
 29  1.138804e-03
 30  8.962474e-04
 Iteration CPU time: 7 s
 CFIE residual: 0.000896247

 Iseg, Irank, Idinc : 1, 5, 75
 Thata, Phi : 90.000000, 74.000000
 Maximun iteration: 300
 Number of recycle truncation: 30
 Final matrix dimension:  36708
 Residual error:0.001000
 0  6.423946e-01
 1  3.682531e-01
 2  2.389590e-01
 3  1.507496e-01
 4  1.056533e-01
 5  8.060500e-02
 6  6.293729e-02
 7  5.157817e-02
 8  4.070603e-02
 9  3.328590e-02
 10  2.649324e-02
 11  2.136042e-02
 12  1.745109e-02
 13  1.497402e-02
 14  1.299482e-02
 15  1.151289e-02
 16  1.036311e-02
 17  9.284887e-03
 18  8.378187e-03
 19  7.493806e-03
 20  6.768805e-03
 21  6.017888e-03
 22  5.269900e-03
 23  4.478435e-03
 24  3.777668e-03
 25  3.093587e-03
 26  2.566802e-03
 27  2.076723e-03
 28  1.700146e-03
 29  1.318522e-03
 30  1.042692e-03
 31  8.042380e-04
 Iteration CPU time: 7 s
 CFIE residual: 0.000804238

 Iseg, Irank, Idinc : 1, 6, 146
 Thata, Phi : 90.000000, 145.000000
 Maximun iteration: 300
 Number of recycle truncation: 30
 Final matrix dimension:  36708
 Residual error:0.001000
 0  6.520938e-01
 1  3.457303e-01
 2  2.078122e-01
 3  1.454349e-01
 4  1.050763e-01
 5  8.140523e-02
 6  6.327889e-02
 7  5.052364e-02
 8  4.227416e-02
 9  3.508117e-02
 10  2.917377e-02
 11  2.435079e-02
 12  2.002727e-02
 13  1.585868e-02
 14  1.246709e-02
 15  1.027257e-02
 16  8.158370e-03
 17  6.787467e-03
 18  5.725773e-03
 19  4.681235e-03
 20  4.023237e-03
 21  3.464112e-03
 22  3.059278e-03
 23  2.721289e-03
 24  2.421342e-03
 25  2.199862e-03
 26  1.990892e-03
 27  1.777010e-03
 28  1.512604e-03
 29  1.264256e-03
 30  1.048957e-03
 31  8.398022e-04
 Iteration CPU time: 7 s
 CFIE residual: 0.000839802

 Iseg, Irank, Idinc : 1, 7, 159
 Thata, Phi : 90.000000, 158.000000
 Maximun iteration: 300
 Number of recycle truncation: 30
 Final matrix dimension:  36708
 Residual error:0.001000
 0  6.065720e-01
 1  3.131658e-01
 2  1.898627e-01
 3  1.320771e-01
 4  1.005445e-01
 5  8.036551e-02
 6  6.433720e-02
 7  5.201809e-02
 8  4.435975e-02
 9  3.799909e-02
 10  3.181871e-02
 11  2.636748e-02
 12  2.121438e-02
 13  1.722263e-02
 14  1.398890e-02
 15  1.109056e-02
 16  8.858450e-03
 17  7.176926e-03
 18  5.984344e-03
 19  4.891602e-03
 20  4.048023e-03
 21  3.428906e-03
 22  2.978285e-03
 23  2.625610e-03
 24  2.332641e-03
 25  2.088435e-03
 26  1.865494e-03
 27  1.681839e-03
 28  1.506643e-03
 29  1.314338e-03
 30  1.144447e-03
 31  9.628075e-04
 Iteration CPU time: 7 s
 CFIE residual: 0.000962808

 Iseg, Irank, Idinc : 1, 8, 132
 Thata, Phi : 90.000000, 131.000000
 Maximun iteration: 300
 Number of recycle truncation: 30
 Final matrix dimension:  36708
 Residual error:0.001000
 0  6.868096e-01
 1  3.599216e-01
 2  2.311253e-01
 3  1.572723e-01
 4  1.122899e-01
 5  8.645310e-02
 6  6.588455e-02
 7  5.125558e-02
 8  4.091297e-02
 9  3.240101e-02
 10  2.573558e-02
 11  2.036960e-02
 12  1.633634e-02
 13  1.344909e-02
 14  1.109368e-02
 15  9.111130e-03
 16  7.587726e-03
 17  6.512813e-03
 18  5.625544e-03
 19  4.919262e-03
 20  4.440778e-03
 21  4.025585e-03
 22  3.628479e-03
 23  3.308457e-03
 24  2.930546e-03
 25  2.562544e-03
 26  2.231092e-03
 27  1.907398e-03
 28  1.653044e-03
 29  1.404717e-03
 30  1.174485e-03
 31  9.402762e-04
 Iteration CPU time: 7 s
 CFIE residual: 0.000940276

 Iseg, Irank, Idinc : 1, 9, 122
 Thata, Phi : 90.000000, 121.000000
 Maximun iteration: 300
 Number of recycle truncation: 30
 Final matrix dimension:  36708
 Residual error:0.001000
 0  6.543863e-01
 1  3.459425e-01
 2  2.265678e-01
 3  1.570574e-01
 4  1.113260e-01
 5  8.449397e-02
 6  6.456823e-02
 7  5.055978e-02
 8  3.858135e-02
 9  3.044384e-02
 10  2.373711e-02
 11  1.869248e-02
 12  1.512528e-02
 13  1.255484e-02
 14  1.053457e-02
 15  9.007925e-03
 16  7.756252e-03
 17  6.734867e-03
 18  5.941134e-03
 19  5.229241e-03
 20  4.602731e-03
 21  4.099251e-03
 22  3.704859e-03
 23  3.279482e-03
 24  2.887667e-03
 25  2.515743e-03
 26  2.212581e-03
 27  1.907512e-03
 28  1.615496e-03
 29  1.366328e-03
 30  1.086512e-03
 31  8.665764e-04
 Iteration CPU time: 7 s
 CFIE residual: 0.000866576

 Iseg, Irank, Idinc : 1, 10, 89
 Thata, Phi : 90.000000, 88.000000
 Maximun iteration: 300
 Number of recycle truncation: 30
 Final matrix dimension:  36708
 Residual error:0.001000
 0  6.218944e-01
 1  3.560841e-01
 2  2.294021e-01
 3  1.555851e-01
 4  1.117991e-01
 5  8.758595e-02
 6  6.832813e-02
 7  5.432213e-02
 8  4.395448e-02
 9  3.550766e-02
 10  2.825755e-02
 11  2.224206e-02
 12  1.785238e-02
 13  1.454463e-02
 14  1.236208e-02
 15  1.074902e-02
 16  9.448817e-03
 17  8.444519e-03
 18  7.659511e-03
 19  6.906088e-03
 20  6.260780e-03
 21  5.607431e-03
 22  4.882963e-03
 23  4.136184e-03
 24  3.526815e-03
 25  2.925298e-03
 26  2.401095e-03
 27  1.934234e-03
 28  1.586252e-03
 29  1.210405e-03
 30  9.237591e-04
 Iteration CPU time: 7 s
 CFIE residual: 0.000923759

 Iseg, Irank, Idinc : 1, 11, 53
 Thata, Phi : 90.000000, 52.000000
 Maximun iteration: 300
 Number of recycle truncation: 30
 Final matrix dimension:  36708
 Residual error:0.001000
 0  6.454150e-01
 1  3.345488e-01
 2  2.072157e-01
 3  1.350666e-01
 4  9.647887e-02
 5  7.155618e-02
 6  5.494414e-02
 7  4.266364e-02
 8  3.303816e-02
 9  2.510816e-02
 10  2.000301e-02
 11  1.623480e-02
 12  1.332708e-02
 13  1.133092e-02
 14  9.766662e-03
 15  8.465258e-03
 16  7.623065e-03
 17  6.887605e-03
 18  6.155887e-03
 19  5.423961e-03
 20  4.802803e-03
 21  4.123645e-03
 22  3.569049e-03
 23  2.980967e-03
 24  2.441653e-03
 25  1.927853e-03
 26  1.520120e-03
 27  1.217489e-03
 28  9.639080e-04
 Iteration CPU time: 7 s
 CFIE residual: 0.000963908

 Iseg, Irank, Idinc : 1, 12, 32
 Thata, Phi : 90.000000, 31.000000
 Maximun iteration: 300
 Number of recycle truncation: 30
 Final matrix dimension:  36708
 Residual error:0.001000
 0  6.322730e-01
 1  3.057010e-01
 2  1.794827e-01
 3  1.138923e-01
 4  8.030884e-02
 5  5.948080e-02
 6  4.379282e-02
 7  3.354681e-02
 8  2.564068e-02
 9  2.014180e-02
 10  1.640930e-02
 11  1.304106e-02
 12  1.046625e-02
 13  8.712873e-03
 14  7.240462e-03
 15  6.126238e-03
 16  5.421410e-03
 17  4.651006e-03
 18  4.151638e-03
 19  3.670693e-03
 20  3.214364e-03
 21  2.869161e-03
 22  2.601920e-03
 23  2.345731e-03
 24  2.080081e-03
 25  1.810552e-03
 26  1.530942e-03
 27  1.306181e-03
 28  1.077265e-03
 29  8.957546e-04
 Iteration CPU time: 6 s
 CFIE residual: 0.000895755

 Iseg, Irank, Idinc : 1, 13, 11
 Thata, Phi : 90.000000, 10.000000
 Maximun iteration: 300
 Number of recycle truncation: 30
 Final matrix dimension:  36708
 Residual error:0.001000
 0  5.383069e-01
 1  2.751590e-01
 2  1.719093e-01
 3  1.226055e-01
 4  8.790609e-02
 5  6.673794e-02
 6  5.107197e-02
 7  3.964441e-02
 8  3.056228e-02
 9  2.423549e-02
 10  1.915007e-02
 11  1.483828e-02
 12  1.152903e-02
 13  9.245728e-03
 14  7.566125e-03
 15  6.320694e-03
 16  5.429008e-03
 17  4.527292e-03
 18  3.934939e-03
 19  3.439194e-03
 20  3.001386e-03
 21  2.605061e-03
 22  2.344978e-03
 23  2.101637e-03
 24  1.883204e-03
 25  1.710199e-03
 26  1.548592e-03
 27  1.400187e-03
 28  1.227185e-03
 29  1.074756e-03
 30  9.232670e-04
 Iteration CPU time: 6 s
 CFIE residual: 0.000923267

 Iseg, Irank, Idinc : 1, 14, 178
 Thata, Phi : 90.000000, 177.000000
 Maximun iteration: 300
 Number of recycle truncation: 30
 Final matrix dimension:  36708
 Residual error:0.001000
 0  5.553385e-01
 1  3.007352e-01
 2  1.914628e-01
 3  1.361213e-01
 4  1.064019e-01
 5  8.231767e-02
 6  6.731957e-02
 7  5.511043e-02
 8  4.458965e-02
 9  3.520407e-02
 10  2.779346e-02
 11  2.196266e-02
 12  1.725927e-02
 13  1.359282e-02
 14  1.067601e-02
 15  8.371539e-03
 16  6.727059e-03
 17  5.554710e-03
 18  4.541234e-03
 19  3.761178e-03
 20  3.153140e-03
 21  2.636975e-03
 22  2.300492e-03
 23  2.041815e-03
 24  1.797832e-03
 25  1.585933e-03
 26  1.430018e-03
 27  1.292436e-03
 28  1.151961e-03
 29  1.018342e-03
 30  9.052201e-04
 Iteration CPU time: 7 s
 CFIE residual: 0.00090522

 Iseg, Irank, Idinc : 1, 15, 97
 Thata, Phi : 90.000000, 96.000000
 Maximun iteration: 300
 Number of recycle truncation: 30
 Final matrix dimension:  36708
 Residual error:0.001000
 0  6.197773e-01
 1  3.547547e-01
 2  2.240126e-01
 3  1.496120e-01
 4  1.071078e-01
 5  8.155823e-02
 6  6.361600e-02
 7  5.085820e-02
 8  4.042759e-02
 9  3.234954e-02
 10  2.557392e-02
 11  2.045072e-02
 12  1.667000e-02
 13  1.379474e-02
 14  1.158717e-02
 15  9.994137e-03
 16  8.600901e-03
 17  7.650554e-03
 18  6.909083e-03
 19  6.233047e-03
 20  5.685158e-03
 21  5.125806e-03
 22  4.539599e-03
 23  3.958025e-03
 24  3.464291e-03
 25  2.950362e-03
 26  2.457645e-03
 27  2.043365e-03
 28  1.641226e-03
 29  1.288816e-03
 30  9.944961e-04
 Iteration CPU time: 7 s
 CFIE residual: 0.000994496

 Iseg, Irank, Idinc : 1, 16, 82
 Thata, Phi : 90.000000, 81.000000
 Maximun iteration: 300
 Number of recycle truncation: 30
 Final matrix dimension:  36708
 Residual error:0.001000
 0  6.261373e-01
 1  3.574521e-01
 2  2.314085e-01
 3  1.541431e-01
 4  1.106150e-01
 5  8.687288e-02
 6  6.656058e-02
 7  5.351058e-02
 8  4.344203e-02
 9  3.414747e-02
 10  2.723355e-02
 11  2.150920e-02
 12  1.742211e-02
 13  1.443733e-02
 14  1.246974e-02
 15  1.092959e-02
 16  9.639802e-03
 17  8.642930e-03
 18  7.850636e-03
 19  7.039632e-03
 20  6.310527e-03
 21  5.649981e-03
 22  4.937280e-03
 23  4.233484e-03
 24  3.559391e-03
 25  2.953457e-03
 26  2.459026e-03
 27  2.009628e-03
 28  1.642629e-03
 29  1.284163e-03
 30  1.019660e-03
 31  7.828597e-04
 Iteration CPU time: 8 s
 CFIE residual: 0.00078286

 Iseg, Irank, Idinc : 1, 17, 1
 Thata, Phi : 90.000000, 0.000000
 Maximun iteration: 300
 Number of recycle truncation: 30
 Final matrix dimension:  36708
 Residual error:0.001000
 0  5.056999e-01
 1  2.668577e-01
 2  1.729142e-01
 3  1.199514e-01
 4  8.563616e-02
 5  6.408537e-02
 6  4.906694e-02
 7  3.736361e-02
 8  2.907865e-02
 9  2.218697e-02
 10  1.704789e-02
 11  1.342746e-02
 12  1.087659e-02
 13  8.704137e-03
 14  7.161122e-03
 15  5.691101e-03
 16  4.690448e-03
 17  3.912385e-03
 18  3.370473e-03
 19  2.927700e-03
 20  2.608698e-03
 21  2.357222e-03
 22  2.096633e-03
 23  1.841165e-03
 24  1.648497e-03
 25  1.502935e-03
 26  1.366023e-03
 27  1.214822e-03
 28  1.047455e-03
 29  8.956176e-04
 Iteration CPU time: 6 s
 CFIE residual: 0.000895618

 Iseg, Irank, Idinc : 1, 18, 167
 Thata, Phi : 90.000000, 166.000000
 Maximun iteration: 300
 Number of recycle truncation: 30
 Final matrix dimension:  36708
 Residual error:0.001000
 0  5.764624e-01
 1  3.026347e-01
 2  1.881653e-01
 3  1.348519e-01
 4  1.047543e-01
 5  8.389369e-02
 6  6.856536e-02
 7  5.574555e-02
 8  4.644213e-02
 9  3.912256e-02
 10  3.280926e-02
 11  2.690779e-02
 12  2.196138e-02
 13  1.747507e-02
 14  1.432836e-02
 15  1.144934e-02
 16  9.338087e-03
 17  7.625453e-03
 18  6.258296e-03
 19  5.032311e-03
 20  4.121240e-03
 21  3.441625e-03
 22  2.917458e-03
 23  2.526890e-03
 24  2.194036e-03
 25  1.919734e-03
 26  1.688122e-03
 27  1.524811e-03
 28  1.390317e-03
 29  1.251498e-03
 30  1.116304e-03
 31  9.711792e-04
 Iteration CPU time: 7 s
 CFIE residual: 0.000971179

 Iseg, Irank, Idinc : 1, 19, 115
 Thata, Phi : 90.000000, 114.000000
 Maximun iteration: 300
 Number of recycle truncation: 30
 Final matrix dimension:  36708
 Residual error:0.001000
 0  6.466023e-01
 1  3.516430e-01
 2  2.231385e-01
 3  1.549573e-01
 4  1.093445e-01
 5  8.206907e-02
 6  6.296418e-02
 7  4.855411e-02
 8  3.751977e-02
 9  2.992457e-02
 10  2.344016e-02
 11  1.855731e-02
 12  1.504280e-02
 13  1.255404e-02
 14  1.051101e-02
 15  8.778592e-03
 16  7.502103e-03
 17  6.521284e-03
 18  5.659177e-03
 19  5.002467e-03
 20  4.459663e-03
 21  3.982758e-03
 22  3.585937e-03
 23  3.182024e-03
 24  2.801005e-03
 25  2.440055e-03
 26  2.108011e-03
 27  1.811883e-03
 28  1.484688e-03
 29  1.204577e-03
 30  9.420761e-04
 Iteration CPU time: 7 s
 CFIE residual: 0.000942076

 Iseg, Irank, Idinc : 1, 20, 152
 Thata, Phi : 90.000000, 151.000000
 Maximun iteration: 300
 Number of recycle truncation: 30
 Final matrix dimension:  36708
 Residual error:0.001000
 0  6.318198e-01
 1  3.322578e-01
 2  2.005170e-01
 3  1.394432e-01
 4  1.027897e-01
 5  8.055197e-02
 6  6.385553e-02
 7  5.110197e-02
 8  4.325526e-02
 9  3.625333e-02
 10  3.050287e-02
 11  2.518802e-02
 12  2.040390e-02
 13  1.582933e-02
 14  1.281985e-02
 15  1.033991e-02
 16  8.220923e-03
 17  6.828118e-03
 18  5.720432e-03
 19  4.702404e-03
 20  3.898492e-03
 21  3.340412e-03
 22  2.885020e-03
 23  2.596647e-03
 24  2.308889e-03
 25  2.061833e-03
 26  1.862316e-03
 27  1.641555e-03
 28  1.426506e-03
 29  1.211547e-03
 30  1.022779e-03
 31  8.139999e-04
 Iteration CPU time: 8 s
 CFIE residual: 0.000814

 Iseg, Irank, Idinc : 1, 21, 181
 Thata, Phi : 90.000000, 180.000000
 Maximun iteration: 300
 Number of recycle truncation: 30
 Final matrix dimension:  36708
 Residual error:0.001000
 0  5.540022e-01
 1  3.007481e-01
 2  1.914838e-01
 3  1.359925e-01
 4  1.061467e-01
 5  8.175971e-02
 6  6.677233e-02
 7  5.468637e-02
 8  4.410049e-02
 9  3.459454e-02
 10  2.691684e-02
 11  2.090560e-02
 12  1.585167e-02
 13  1.208124e-02
 14  9.330613e-03
 15  7.131712e-03
 16  5.607791e-03
 17  4.606137e-03
 18  3.756187e-03
 19  3.084026e-03
 20  2.625146e-03
 21  2.292769e-03
 22  2.025755e-03
 23  1.807310e-03
 24  1.623372e-03
 25  1.456610e-03
 26  1.331951e-03
 27  1.191804e-03
 28  1.044619e-03
 29  8.967959e-04
 Iteration CPU time: 6 s
 CFIE residual: 0.000896796

 Iseg, Irank, Idinc : 1, 22, 16
 Thata, Phi : 90.000000, 15.000000
 Maximun iteration: 300
 Number of recycle truncation: 30
 Final matrix dimension:  36708
 Residual error:0.001000
 0  5.693956e-01
 1  2.818107e-01
 2  1.697064e-01
 3  1.201262e-01
 4  8.554777e-02
 5  6.440587e-02
 6  4.966870e-02
 7  3.918994e-02
 8  3.051510e-02
 9  2.382147e-02
 10  1.860041e-02
 11  1.477948e-02
 12  1.157077e-02
 13  9.221111e-03
 14  7.564370e-03
 15  6.382838e-03
 16  5.467356e-03
 17  4.612624e-03
 18  3.999671e-03
 19  3.430242e-03
 20  2.998428e-03
 21  2.613768e-03
 22  2.358073e-03
 23  2.137338e-03
 24  1.926112e-03
 25  1.739672e-03
 26  1.563486e-03
 27  1.396550e-03
 28  1.210834e-03
 29  1.054218e-03
 30  9.032648e-04
 Iteration CPU time: 6 s
 CFIE residual: 0.000903265

 Iseg, Irank, Idinc : 1, 23, 59
 Thata, Phi : 90.000000, 58.000000
 Maximun iteration: 300
 Number of recycle truncation: 30
 Final matrix dimension:  36708
 Residual error:0.001000
 0  6.618305e-01
 1  3.455987e-01
 2  2.151885e-01
 3  1.372227e-01
 4  9.803028e-02
 5  7.218390e-02
 6  5.622480e-02
 7  4.497857e-02
 8  3.580995e-02
 9  2.762991e-02
 10  2.133250e-02
 11  1.742004e-02
 12  1.430301e-02
 13  1.205675e-02
 14  1.028693e-02
 15  9.016775e-03
 16  8.084873e-03
 17  7.263090e-03
 18  6.610181e-03
 19  5.829182e-03
 20  5.142778e-03
 21  4.504333e-03
 22  3.830974e-03
 23  3.165436e-03
 24  2.624999e-03
 25  2.077774e-03
 26  1.644465e-03
 27  1.283993e-03
 28  1.012425e-03
 29  8.000874e-04
 Iteration CPU time: 7 s
 CFIE residual: 0.000800087

 Iseg, Irank, Idinc : 1, 24, 139
 Thata, Phi : 90.000000, 138.000000
 Maximun iteration: 300
 Number of recycle truncation: 30
 Final matrix dimension:  36708
 Residual error:0.001000
 0  6.919680e-01
 1  3.557587e-01
 2  2.200590e-01
 3  1.522688e-01
 4  1.106095e-01
 5  8.433902e-02
 6  6.339324e-02
 7  5.033532e-02
 8  4.165588e-02
 9  3.345802e-02
 10  2.716323e-02
 11  2.224917e-02
 12  1.850503e-02
 13  1.462517e-02
 14  1.168305e-02
 15  9.441308e-03
 16  7.852928e-03
 17  6.515334e-03
 18  5.584692e-03
 19  4.741134e-03
 20  4.209356e-03
 21  3.772259e-03
 22  3.415984e-03
 23  3.067867e-03
 24  2.749119e-03
 25  2.459000e-03
 26  2.175550e-03
 27  1.876326e-03
 28  1.576320e-03
 29  1.331937e-03
 30  1.101393e-03
 31  9.046615e-04
 Iteration CPU time: 7 s
 CFIE residual: 0.000904661

 Iseg, Irank, Idinc : 1, 25, 5
 Thata, Phi : 90.000000, 4.000000
 Maximun iteration: 300
 Number of recycle truncation: 30
 Final matrix dimension:  36708
 Residual error:0.001000
 0  5.118788e-01
 1  2.685771e-01
 2  1.726699e-01
 3  1.208303e-01
 4  8.687559e-02
 5  6.568485e-02
 6  5.020213e-02
 7  3.779657e-02
 8  2.896647e-02
 9  2.266364e-02
 10  1.802013e-02
 11  1.438144e-02
 12  1.136981e-02
 13  9.027947e-03
 14  7.462114e-03
 15  6.227494e-03
 16  5.242394e-03
 17  4.384812e-03
 18  3.742045e-03
 19  3.299946e-03
 20  2.888725e-03
 21  2.524665e-03
 22  2.275090e-03
 23  2.018680e-03
 24  1.798482e-03
 25  1.617298e-03
 26  1.484408e-03
 27  1.336557e-03
 28  1.195587e-03
 29  1.024671e-03
 30  8.680421e-04
 Iteration CPU time: 7 s
 CFIE residual: 0.000868042

 Iseg, Irank, Idinc : 1, 26, 103
 Thata, Phi : 90.000000, 102.000000
 Maximun iteration: 300
 Number of recycle truncation: 30
 Final matrix dimension:  36708
 Residual error:0.001000
 0  6.193711e-01
 1  3.549057e-01
 2  2.237156e-01
 3  1.510953e-01
 4  1.055189e-01
 5  7.950371e-02
 6  6.179865e-02
 7  4.822114e-02
 8  3.802255e-02
 9  3.040938e-02
 10  2.478114e-02
 11  1.967437e-02
 12  1.588281e-02
 13  1.310466e-02
 14  1.088738e-02
 15  9.238126e-03
 16  7.842977e-03
 17  6.930258e-03
 18  6.194020e-03
 19  5.545338e-03
 20  5.001938e-03
 21  4.558491e-03
 22  4.066669e-03
 23  3.588348e-03
 24  3.153057e-03
 25  2.707579e-03
 26  2.310860e-03
 27  1.936288e-03
 28  1.603936e-03
 29  1.292432e-03
 30  1.023872e-03
 31  8.070478e-04
 Iteration CPU time: 8 s
 CFIE residual: 0.000807048

 Iseg, Irank, Idinc : 1, 27, 173
 Thata, Phi : 90.000000, 172.000000
 Maximun iteration: 300
 Number of recycle truncation: 30
 Final matrix dimension:  36708
 Residual error:0.001000
 0  5.622436e-01
 1  3.008407e-01
 2  1.909113e-01
 3  1.364552e-01
 4  1.069554e-01
 5  8.406879e-02
 6  6.903194e-02
 7  5.623363e-02
 8  4.613054e-02
 9  3.764831e-02
 10  3.083906e-02
 11  2.508012e-02
 12  2.033955e-02
 13  1.618686e-02
 14  1.323344e-02
 15  1.064016e-02
 16  8.720802e-03
 17  7.017829e-03
 18  5.711068e-03
 19  4.630887e-03
 20  3.808349e-03
 21  3.163200e-03
 22  2.714185e-03
 23  2.348506e-03
 24  2.036226e-03
 25  1.779673e-03
 26  1.562724e-03
 27  1.408428e-03
 28  1.273406e-03
 29  1.143204e-03
 30  1.030009e-03
 31  8.994703e-04
 Iteration CPU time: 7 s
 CFIE residual: 0.00089947

 Iseg, Irank, Idinc : 1, 28, 37
 Thata, Phi : 90.000000, 36.000000
 Maximun iteration: 300
 Number of recycle truncation: 30
 Final matrix dimension:  36708
 Residual error:0.001000
 0  6.225644e-01
 1  3.121069e-01
 2  1.927306e-01
 3  1.230603e-01
 4  8.430646e-02
 5  6.178001e-02
 6  4.544254e-02
 7  3.453213e-02
 8  2.637614e-02
 9  2.031642e-02
 10  1.622331e-02
 11  1.309136e-02
 12  1.058766e-02
 13  8.887919e-03
 14  7.390054e-03
 15  6.362500e-03
 16  5.615839e-03
 17  4.861360e-03
 18  4.367353e-03
 19  3.904779e-03
 20  3.435044e-03
 21  3.046663e-03
 22  2.726848e-03
 23  2.411576e-03
 24  2.073068e-03
 25  1.764978e-03
 26  1.475297e-03
 27  1.219658e-03
 28  9.842403e-04
 Iteration CPU time: 6 s
 CFIE residual: 0.00098424

 Iseg, Irank, Idinc : 1, 29, 70
 Thata, Phi : 90.000000, 69.000000
 Maximun iteration: 300
 Number of recycle truncation: 30
 Final matrix dimension:  36708
 Residual error:0.001000
 0  6.558676e-01
 1  3.678680e-01
 2  2.343107e-01
 3  1.513641e-01
 4  1.095894e-01
 5  8.316109e-02
 6  6.423189e-02
 7  5.157822e-02
 8  4.136024e-02
 9  3.396937e-02
 10  2.720690e-02
 11  2.174394e-02
 12  1.764696e-02
 13  1.494100e-02
 14  1.277072e-02
 15  1.147114e-02
 16  1.033897e-02
 17  9.305301e-03
 18  8.356414e-03
 19  7.468929e-03
 20  6.742206e-03
 21  5.982541e-03
 22  5.227519e-03
 23  4.462659e-03
 24  3.718959e-03
 25  3.009727e-03
 26  2.448812e-03
 27  1.973340e-03
 28  1.551640e-03
 29  1.213834e-03
 30  9.482398e-04
 Iteration CPU time: 6 s
 CFIE residual: 0.00094824

 Iseg, Irank, Idinc : 1, 30, 127
 Thata, Phi : 90.000000, 126.000000
 Maximun iteration: 300
 Number of recycle truncation: 30
 Final matrix dimension:  36708
 Residual error:0.001000
 0  6.633917e-01
 1  3.506846e-01
 2  2.293741e-01
 3  1.571012e-01
 4  1.121657e-01
 5  8.653283e-02
 6  6.587972e-02
 7  5.112617e-02
 8  3.995112e-02
 9  3.165988e-02
 10  2.452886e-02
 11  1.947157e-02
 12  1.563765e-02
 13  1.288071e-02
 14  1.064772e-02
 15  9.118599e-03
 16  7.699093e-03
 17  6.700459e-03
 18  5.887454e-03
 19  5.134621e-03
 20  4.564192e-03
 21  4.128995e-03
 22  3.729854e-03
 23  3.368574e-03
 24  2.953773e-03
 25  2.597456e-03
 26  2.290788e-03
 27  1.991467e-03
 28  1.763764e-03
 29  1.502928e-03
 30  1.237313e-03
 31  9.956551e-04
 Iteration CPU time: 8 s
 CFIE residual: 0.000995655

 Iseg, Irank, Idinc : 1, 31, 3
 Thata, Phi : 90.000000, 2.000000
 Maximun iteration: 300
 Number of recycle truncation: 30
 Final matrix dimension:  36708
 Residual error:0.001000
 0  5.073072e-01
 1  2.673086e-01
 2  1.728424e-01
 3  1.201771e-01
 4  8.597827e-02
 5  6.457795e-02
 6  4.943710e-02
 7  3.741376e-02
 8  2.894481e-02
 9  2.222642e-02
 10  1.728738e-02
 11  1.388107e-02
 12  1.118334e-02
 13  8.861175e-03
 14  7.299708e-03
 15  6.011494e-03
 16  5.079326e-03
 17  4.261756e-03
 18  3.642953e-03
 19  3.199262e-03
 20  2.811385e-03
 21  2.479475e-03
 22  2.232850e-03
 23  1.977690e-03
 24  1.753521e-03
 25  1.581971e-03
 26  1.451390e-03
 27  1.300139e-03
 28  1.151434e-03
 29  9.809723e-04
 Iteration CPU time: 6 s
 CFIE residual: 0.000980972

 Iseg, Irank, Idinc : 1, 32, 163
 Thata, Phi : 90.000000, 162.000000
 Maximun iteration: 300
 Number of recycle truncation: 30
 Final matrix dimension:  36708
 Residual error:0.001000
 0  5.901559e-01
 1  3.061938e-01
 2  1.870344e-01
 3  1.324620e-01
 4  1.020614e-01
 5  8.219159e-02
 6  6.642425e-02
 7  5.393146e-02
 8  4.539228e-02
 9  3.874182e-02
 10  3.264234e-02
 11  2.712767e-02
 12  2.216416e-02
 13  1.766029e-02
 14  1.445101e-02
 15  1.147673e-02
 16  9.233299e-03
 17  7.681257e-03
 18  6.332866e-03
 19  5.042805e-03
 20  4.163730e-03
 21  3.528640e-03
 22  2.979998e-03
 23  2.596599e-03
 24  2.273434e-03
 25  1.989609e-03
 26  1.778987e-03
 27  1.617832e-03
 28  1.467491e-03
 29  1.304818e-03
 30  1.149544e-03
 31  9.873230e-04
 Iteration CPU time: 8 s
 CFIE residual: 0.000987323

 Iseg, Irank, Idinc : 1, 33, 47
 Thata, Phi : 90.000000, 46.000000
 Maximun iteration: 300
 Number of recycle truncation: 30
 Final matrix dimension:  36708
 Residual error:0.001000
 0  6.332064e-01
 1  3.218700e-01
 2  2.033029e-01
 3  1.345678e-01
 4  9.504771e-02
 5  6.993039e-02
 6  5.252570e-02
 7  4.037739e-02
 8  3.097396e-02
 9  2.411925e-02
 10  1.889763e-02
 11  1.508003e-02
 12  1.226305e-02
 13  1.028812e-02
 14  8.729045e-03
 15  7.575007e-03
 16  6.799372e-03
 17  6.080033e-03
 18  5.443156e-03
 19  4.845427e-03
 20  4.324667e-03
 21  3.727859e-03
 22  3.272662e-03
 23  2.746963e-03
 24  2.232266e-03
 25  1.829554e-03
 26  1.446718e-03
 27  1.170382e-03
 28  9.351040e-04
 Iteration CPU time: 6 s
 CFIE residual: 0.000935104

 Iseg, Irank, Idinc : 1, 34, 26
 Thata, Phi : 90.000000, 25.000000
 Maximun iteration: 300
 Number of recycle truncation: 30
 Final matrix dimension:  36708
 Residual error:0.001000
 0  6.280330e-01
 1  2.968347e-01
 2  1.670027e-01
 3  1.103283e-01
 4  7.805760e-02
 5  5.741301e-02
 6  4.314015e-02
 7  3.343593e-02
 8  2.612764e-02
 9  2.067574e-02
 10  1.644262e-02
 11  1.283646e-02
 12  1.059683e-02
 13  8.654631e-03
 14  7.215692e-03
 15  6.194605e-03
 16  5.342270e-03
 17  4.513841e-03
 18  3.956665e-03
 19  3.439275e-03
 20  2.986633e-03
 21  2.659363e-03
 22  2.414521e-03
 23  2.221670e-03
 24  2.013618e-03
 25  1.781984e-03
 26  1.559972e-03
 27  1.353654e-03
 28  1.142835e-03
 29  9.737845e-04
 Iteration CPU time: 7 s
 CFIE residual: 0.000973785

 Iseg, Irank, Idinc : 1, 35, 180
 Thata, Phi : 90.000000, 179.000000
 Maximun iteration: 300
 Number of recycle truncation: 30
 Final matrix dimension:  36708
 Residual error:0.001000
 0  5.541687e-01
 1  3.007498e-01
 2  1.914851e-01
 3  1.360103e-01
 4  1.061793e-01
 5  8.182780e-02
 6  6.684038e-02
 7  5.474320e-02
 8  4.416654e-02
 9  3.467153e-02
 10  2.703346e-02
 11  2.105743e-02
 12  1.610816e-02
 13  1.239857e-02
 14  9.594753e-03
 15  7.399953e-03
 16  5.856341e-03
 17  4.862394e-03
 18  3.997174e-03
 19  3.325025e-03
 20  2.802603e-03
 21  2.411021e-03
 22  2.124442e-03
 23  1.909044e-03
 24  1.695990e-03
 25  1.506951e-03
 26  1.374254e-03
 27  1.233215e-03
 28  1.087672e-03
 29  9.430324e-04
 Iteration CPU time: 7 s
 CFIE residual: 0.000943032

 Iseg, Irank, Idinc : 1, 36, 93
 Thata, Phi : 90.000000, 92.000000
 Maximun iteration: 300
 Number of recycle truncation: 30
 Final matrix dimension:  36708
 Residual error:0.001000
 0  6.215827e-01
 1  3.567297e-01
 2  2.271256e-01
 3  1.513058e-01
 4  1.094776e-01
 5  8.531576e-02
 6  6.721260e-02
 7  5.339074e-02
 8  4.289335e-02
 9  3.461922e-02
 10  2.724474e-02
 11  2.185675e-02
 12  1.776770e-02
 13  1.448482e-02
 14  1.231839e-02
 15  1.057664e-02
 16  9.193470e-03
 17  8.176502e-03
 18  7.385005e-03
 19  6.651173e-03
 20  6.074688e-03
 21  5.455484e-03
 22  4.775501e-03
 23  4.099674e-03
 24  3.562482e-03
 25  2.996732e-03
 26  2.473108e-03
 27  2.012618e-03
 28  1.620051e-03
 29  1.223415e-03
 30  9.275511e-04
 Iteration CPU time: 7 s
 CFIE residual: 0.000927551

 Iseg, Irank, Idinc : 1, 37, 143
 Thata, Phi : 90.000000, 142.000000
 Maximun iteration: 300
 Number of recycle truncation: 30
 Final matrix dimension:  36708
 Residual error:0.001000
 0  6.685802e-01
 1  3.502819e-01
 2  2.114682e-01
 3  1.475294e-01
 4  1.069360e-01
 5  8.239217e-02
 6  6.287004e-02
 7  5.020296e-02
 8  4.174519e-02
 9  3.423786e-02
 10  2.839789e-02
 11  2.362003e-02
 12  1.949823e-02
 13  1.537053e-02
 14  1.210439e-02
 15  9.953076e-03
 16  8.029254e-03
 17  6.678824e-03
 18  5.665214e-03
 19  4.685787e-03
 20  4.086974e-03
 21  3.592955e-03
 22  3.229521e-03
 23  2.874358e-03
 24  2.571808e-03
 25  2.337613e-03
 26  2.103436e-03
 27  1.863184e-03
 28  1.562905e-03
 29  1.302054e-03
 30  1.079295e-03
 31  8.776984e-04
 Iteration CPU time: 7 s
 CFIE residual: 0.000877698

 Iseg, Irank, Idinc : 1, 38, 8
 Thata, Phi : 90.000000, 7.000000
 Maximun iteration: 300
 Number of recycle truncation: 30
 Final matrix dimension:  36708
 Residual error:0.001000
 0  5.231873e-01
 1  2.715407e-01
 2  1.723729e-01
 3  1.221399e-01
 4  8.807037e-02
 5  6.687609e-02
 6  5.100391e-02
 7  3.879785e-02
 8  2.980709e-02
 9  2.380668e-02
 10  1.880915e-02
 11  1.468706e-02
 12  1.150800e-02
 13  9.188366e-03
 14  7.564526e-03
 15  6.293282e-03
 16  5.358783e-03
 17  4.465207e-03
 18  3.840887e-03
 19  3.386794e-03
 20  2.963105e-03
 21  2.572799e-03
 22  2.317475e-03
 23  2.061967e-03
 24  1.846316e-03
 25  1.668927e-03
 26  1.524213e-03
 27  1.376561e-03
 28  1.226090e-03
 29  1.065180e-03
 30  9.113170e-04
 Iteration CPU time: 7 s
 CFIE residual: 0.000911317
 Last Built End in Sep 22 2025 09:01:48
 Total CPU time: 281 s
 Finished.
