 Last Built Begin in Sep 21 2025 00:06:12
 Pre-Type( Input ):           10
 Skl-Tol ( Input ):    1.0000000000000001E-005
 Wavelength in freespace: 0.030426

 ################################################
 ##         Generating Required Mesh          ##
 ##         Waiting.....                      ##
 ################################################
 Subd No.      Subd Name
    1    Open-Duct_PRIME_model_meshAA1                                     
 isub,  nnode, npatch,  nedge:
    1      6118     12236     18354
 Scale Factor         >>   1.54999997E-02
 ################################################

 START TIME: 20250922   040500.039


 Informaton for IE geometry:
 number of subdomains     : 1
 maxnode,maxpatch,maxedge : 6118  12236  18354
 
 Index of Mat-Reg: 1
 Mat-Reg Number via MatFlg: 1
 Edge Number of Mat-Reg: 1, 18354

 Number of Edge on PEC: 18354
 Mat-Reg: No Dim(m) Lmax:
    1 0.236    5
 Totlmax, add1, add2:           5           6           7
 rlengmax of Global MLFMA >>   0.23565652901399584     
 Lmax of Global MLFMA >>            5
 Wavenum of Mat-Reg:
    1 1.000

 total area in sq m           =      0.0510
 total area in sq lambda      =     55.0586
 maxnode, maxpatch, maxedge           =     6118    12236    18354
 longest  edge in lambda              =      0.1534
 shortest edge in lambda              =      0.0073
 average  edge in lambda              =      0.1024
 largest  patch area in sq lambda     =      0.0080
 smallest patch area in sq lambda     =      0.0000
 ave    surface area in sq lambda     =      0.0045
 size range of the object in sq lambda =      7.5410

 #### MLFMA Info For Each Region ####
 Mat-Region =            1
 Array dimension parameters:
 maxrule=          14   maxgrid  =          64
 lmax   =           5   ncmax    =        1250
 lsmax  =          26   lsmin    =           7
 kpm    =        1356   kp0      =         102
 ntlm   =      212856   nsm      =      230886
 nkpm   =        2178   niplm    =      139392
 ngnearm=       14257   ngsndm   =       64634
 nearm  =         333   mfinestm =         119
 ###############################

 CFIE Alpha:  0.50000000000000000     

 Fill MLFMA FI for Mat-Reg:           1
 Begin filltl.f
 fill translation matrix
 Level:            2
 fill shifting matrix
 Level:            3
 fill shifting matrix
 Level:            4
 fill shifting matrix
 Level:            5
 fill shifting matrix
 translator time(s):  0.121000007    
 fill interpolation matrix
 ThetaOrder            8
 PhiOrder            8
 lsl            7
 Filling TL                  Delta_CPU=          0.54 Memory(MB)=        653.71
 Filling sndgrp              Delta_CPU=          0.00 Memory(MB)=        653.71
 Filling VFS                 Delta_CPU=          3.28 Memory(MB)=        653.71

 Fill MLFMA NI for Mat-Reg:           1
 Begin fill sparser part of Nearfield
 Begin fill denser part of Nearfield
 End fill
 Filling Amn                 Delta_CPU=         91.62 Memory(MB)=        653.71


 Now testing preconditioner with
 ipretype =           10
 method = cfie_solve_nfrasspspre_pardiso

  
 NBP>>Begin fill sparser part of Nearfield

114.4641% NBP>>Begin fill denser part of Nearfield

200.1041%
 Begin MLFMA Box-Matrix Based Spar-RAS Prec Constructor
 --- Intel MKL PARDISO --- 
 Memory for iGroup: 1 0 MB
 Total Memory For SparRAS Pre: 0 MB
 --- PARDISO PRECONDITIONER INITIALIZED --- 
 Constructing preconditioner CPU time: 4 s
 
 1101240
 Memory for Iteration:: 16.8036 MB

 Iseg, Ninc_S : 1, 181, 0

 Iseg, Skeleton Angles: 1, 40
 Iseg, Skel-Pk Mem(MB): 1, 314.35

 Iseg, Irank, Idinc : 1, 1, 22
 Thata, Phi : 90.000000, 21.000000
 Maximun iteration: 300
 Number of recycle truncation: 30
 Final matrix dimension:  36708
 Residual error:0.001000
 0  6.147783e-01
 1  2.909329e-01
 2  1.659400e-01
 3  1.134340e-01
 4  7.969687e-02
 5  5.897359e-02
 6  4.496680e-02
 7  3.493269e-02
 8  2.760999e-02
 9  2.223546e-02
 10  1.737687e-02
 11  1.379764e-02
 12  1.085154e-02
 13  8.897514e-03
 14  7.275876e-03
 15  6.119269e-03
 16  5.075061e-03
 17  4.261165e-03
 18  3.556724e-03
 19  3.028953e-03
 20  2.628094e-03
 21  2.261237e-03
 22  2.001674e-03
 23  1.812191e-03
 24  1.687070e-03
 25  1.568556e-03
 26  1.464035e-03
 27  1.376148e-03
 28  1.301083e-03
 29  1.226685e-03
 30  1.146963e-03
 31  1.058168e-03
 32  9.672263e-04
 Iteration CPU time: 7 s
 CFIE residual: 0.000967226

 Iseg, Irank, Idinc : 1, 2, 42
 Thata, Phi : 90.000000, 41.000000
 Maximun iteration: 300
 Number of recycle truncation: 30
 Final matrix dimension:  36708
 Residual error:0.001000
 0  6.271296e-01
 1  3.149830e-01
 2  1.993318e-01
 3  1.295608e-01
 4  8.876515e-02
 5  6.487035e-02
 6  4.779338e-02
 7  3.640978e-02
 8  2.787552e-02
 9  2.120087e-02
 10  1.621563e-02
 11  1.272963e-02
 12  1.030058e-02
 13  8.464608e-03
 14  6.954892e-03
 15  5.718385e-03
 16  4.829341e-03
 17  4.186791e-03
 18  3.741760e-03
 19  3.389468e-03
 20  3.108294e-03
 21  2.898146e-03
 22  2.696496e-03
 23  2.502232e-03
 24  2.349105e-03
 25  2.187609e-03
 26  1.998237e-03
 27  1.778869e-03
 28  1.587398e-03
 29  1.352580e-03
 30  1.133908e-03
 31  9.303142e-04
 Iteration CPU time: 8 s
 CFIE residual: 0.000930314

 Iseg, Irank, Idinc : 1, 3, 109
 Thata, Phi : 90.000000, 108.000000
 Maximun iteration: 300
 Number of recycle truncation: 30
 Final matrix dimension:  36708
 Residual error:0.001000
 0  6.284722e-01
 1  3.550490e-01
 2  2.225496e-01
 3  1.532846e-01
 4  1.073374e-01
 5  8.078096e-02
 6  6.222617e-02
 7  4.781468e-02
 8  3.811123e-02
 9  3.086956e-02
 10  2.383586e-02
 11  1.868578e-02
 12  1.533713e-02
 13  1.265035e-02
 14  1.028014e-02
 15  8.421690e-03
 16  7.030749e-03
 17  5.925656e-03
 18  5.085566e-03
 19  4.390305e-03
 20  3.892203e-03
 21  3.453136e-03
 22  3.119396e-03
 23  2.866636e-03
 24  2.673041e-03
 25  2.491055e-03
 26  2.328594e-03
 27  2.164223e-03
 28  1.967343e-03
 29  1.762153e-03
 30  1.535405e-03
 31  1.290814e-03
 32  1.047335e-03
 33  8.487020e-04
 Iteration CPU time: 8 s
 CFIE residual: 0.000848702

 Iseg, Irank, Idinc : 1, 4, 64
 Thata, Phi : 90.000000, 63.000000
 Maximun iteration: 300
 Number of recycle truncation: 30
 Final matrix dimension:  36708
 Residual error:0.001000
 0  6.628475e-01
 1  3.574847e-01
 2  2.225839e-01
 3  1.434898e-01
 4  1.031490e-01
 5  7.853219e-02
 6  5.977888e-02
 7  4.612813e-02
 8  3.722193e-02
 9  2.976013e-02
 10  2.328576e-02
 11  1.841948e-02
 12  1.437205e-02
 13  1.172400e-02
 14  9.818927e-03
 15  8.244036e-03
 16  7.378147e-03
 17  6.675758e-03
 18  6.052422e-03
 19  5.537536e-03
 20  5.104736e-03
 21  4.705801e-03
 22  4.420275e-03
 23  4.154015e-03
 24  3.841279e-03
 25  3.469995e-03
 26  3.105265e-03
 27  2.673499e-03
 28  2.263380e-03
 29  1.863083e-03
 30  1.471714e-03
 31  1.153277e-03
 32  9.156047e-04
 Iteration CPU time: 7 s
 CFIE residual: 0.000915605

 Iseg, Irank, Idinc : 1, 5, 147
 Thata, Phi : 90.000000, 146.000000
 Maximun iteration: 300
 Number of recycle truncation: 30
 Final matrix dimension:  36708
 Residual error:0.001000
 0  6.523054e-01
 1  3.445896e-01
 2  2.083612e-01
 3  1.427895e-01
 4  1.037792e-01
 5  7.917516e-02
 6  6.248384e-02
 7  4.882844e-02
 8  4.081179e-02
 9  3.450997e-02
 10  2.920481e-02
 11  2.461577e-02
 12  2.021622e-02
 13  1.614431e-02
 14  1.311827e-02
 15  1.053282e-02
 16  8.478486e-03
 17  7.109757e-03
 18  5.797574e-03
 19  4.772033e-03
 20  3.917388e-03
 21  3.251070e-03
 22  2.794293e-03
 23  2.431315e-03
 24  2.173927e-03
 25  1.973725e-03
 26  1.829522e-03
 27  1.708700e-03
 28  1.604095e-03
 29  1.496288e-03
 30  1.380172e-03
 31  1.248502e-03
 32  1.094715e-03
 33  9.239734e-04
 Iteration CPU time: 8 s
 CFIE residual: 0.000923973

 Iseg, Irank, Idinc : 1, 6, 74
 Thata, Phi : 90.000000, 73.000000
 Maximun iteration: 300
 Number of recycle truncation: 30
 Final matrix dimension:  36708
 Residual error:0.001000
 0  6.398577e-01
 1  3.651575e-01
 2  2.373877e-01
 3  1.491558e-01
 4  1.042699e-01
 5  7.926176e-02
 6  6.224884e-02
 7  4.862120e-02
 8  3.910713e-02
 9  3.201828e-02
 10  2.494754e-02
 11  1.984147e-02
 12  1.616433e-02
 13  1.352777e-02
 14  1.148263e-02
 15  9.740049e-03
 16  8.455967e-03
 17  7.574520e-03
 18  6.852343e-03
 19  6.256995e-03
 20  5.737418e-03
 21  5.326697e-03
 22  4.983433e-03
 23  4.679934e-03
 24  4.373398e-03
 25  4.041368e-03
 26  3.643001e-03
 27  3.206199e-03
 28  2.777027e-03
 29  2.404441e-03
 30  1.970126e-03
 31  1.585067e-03
 32  1.248356e-03
 33  9.696050e-04
 Iteration CPU time: 8 s
 CFIE residual: 0.000969605

 Iseg, Irank, Idinc : 1, 7, 85
 Thata, Phi : 90.000000, 84.000000
 Maximun iteration: 300
 Number of recycle truncation: 30
 Final matrix dimension:  36708
 Residual error:0.001000
 0  6.174997e-01
 1  3.507438e-01
 2  2.267461e-01
 3  1.540576e-01
 4  1.110710e-01
 5  8.585445e-02
 6  6.613805e-02
 7  5.237736e-02
 8  4.188410e-02
 9  3.459061e-02
 10  2.697345e-02
 11  2.054583e-02
 12  1.623195e-02
 13  1.338404e-02
 14  1.114741e-02
 15  9.476707e-03
 16  8.121237e-03
 17  7.101538e-03
 18  6.344039e-03
 19  5.773794e-03
 20  5.341747e-03
 21  4.998325e-03
 22  4.678411e-03
 23  4.389177e-03
 24  4.069971e-03
 25  3.735376e-03
 26  3.421169e-03
 27  3.063817e-03
 28  2.692430e-03
 29  2.298812e-03
 30  1.963384e-03
 31  1.619499e-03
 32  1.327324e-03
 33  1.050154e-03
 34  8.488381e-04
 Iteration CPU time: 8 s
 CFIE residual: 0.000848838

 Iseg, Irank, Idinc : 1, 8, 159
 Thata, Phi : 90.000000, 158.000000
 Maximun iteration: 300
 Number of recycle truncation: 30
 Final matrix dimension:  36708
 Residual error:0.001000
 0  6.118090e-01
 1  3.137659e-01
 2  1.915314e-01
 3  1.303400e-01
 4  9.949098e-02
 5  7.921807e-02
 6  6.385492e-02
 7  5.111794e-02
 8  4.378093e-02
 9  3.765230e-02
 10  3.155922e-02
 11  2.602204e-02
 12  2.158784e-02
 13  1.755941e-02
 14  1.422132e-02
 15  1.162308e-02
 16  9.549028e-03
 17  7.813870e-03
 18  6.280106e-03
 19  5.262095e-03
 20  4.191022e-03
 21  3.521038e-03
 22  2.982309e-03
 23  2.581206e-03
 24  2.236439e-03
 25  1.955603e-03
 26  1.751035e-03
 27  1.609695e-03
 28  1.491067e-03
 29  1.406724e-03
 30  1.338613e-03
 31  1.264849e-03
 32  1.173924e-03
 33  1.060144e-03
 34  9.315729e-04
 Iteration CPU time: 8 s
 CFIE residual: 0.000931573

 Iseg, Irank, Idinc : 1, 9, 134
 Thata, Phi : 90.000000, 133.000000
 Maximun iteration: 300
 Number of recycle truncation: 30
 Final matrix dimension:  36708
 Residual error:0.001000
 0  6.947406e-01
 1  3.584938e-01
 2  2.268403e-01
 3  1.538936e-01
 4  1.104597e-01
 5  8.386056e-02
 6  6.411310e-02
 7  4.992978e-02
 8  4.009677e-02
 9  3.116844e-02
 10  2.492291e-02
 11  2.037910e-02
 12  1.621325e-02
 13  1.302657e-02
 14  1.061840e-02
 15  8.675102e-03
 16  7.164383e-03
 17  5.902888e-03
 18  4.931913e-03
 19  4.271806e-03
 20  3.713381e-03
 21  3.332379e-03
 22  3.025053e-03
 23  2.749342e-03
 24  2.572112e-03
 25  2.412270e-03
 26  2.258086e-03
 27  2.108768e-03
 28  1.974850e-03
 29  1.834625e-03
 30  1.660823e-03
 31  1.470283e-03
 32  1.267952e-03
 33  1.081115e-03
 34  9.177191e-04
 Iteration CPU time: 7 s
 CFIE residual: 0.000917719

 Iseg, Irank, Idinc : 1, 10, 123
 Thata, Phi : 90.000000, 122.000000
 Maximun iteration: 300
 Number of recycle truncation: 30
 Final matrix dimension:  36708
 Residual error:0.001000
 0  6.529893e-01
 1  3.426090e-01
 2  2.249383e-01
 3  1.566105e-01
 4  1.113798e-01
 5  8.350383e-02
 6  6.448584e-02
 7  5.039036e-02
 8  3.880757e-02
 9  2.977722e-02
 10  2.395904e-02
 11  1.904428e-02
 12  1.515686e-02
 13  1.224928e-02
 14  9.995914e-03
 15  8.589219e-03
 16  7.268807e-03
 17  6.182752e-03
 18  5.311512e-03
 19  4.622378e-03
 20  4.124082e-03
 21  3.686052e-03
 22  3.353665e-03
 23  3.052978e-03
 24  2.835827e-03
 25  2.644074e-03
 26  2.465426e-03
 27  2.317892e-03
 28  2.174770e-03
 29  2.024780e-03
 30  1.855022e-03
 31  1.661560e-03
 32  1.436466e-03
 33  1.195575e-03
 34  1.003583e-03
 35  8.418421e-04
 Iteration CPU time: 9 s
 CFIE residual: 0.000841842

 Iseg, Irank, Idinc : 1, 11, 53
 Thata, Phi : 90.000000, 52.000000
 Maximun iteration: 300
 Number of recycle truncation: 30
 Final matrix dimension:  36708
 Residual error:0.001000
 0  6.490727e-01
 1  3.377043e-01
 2  2.078968e-01
 3  1.343687e-01
 4  9.622476e-02
 5  7.130367e-02
 6  5.440304e-02
 7  4.257594e-02
 8  3.272333e-02
 9  2.443856e-02
 10  1.919991e-02
 11  1.499194e-02
 12  1.198458e-02
 13  9.779694e-03
 14  8.185930e-03
 15  7.034883e-03
 16  6.136493e-03
 17  5.407828e-03
 18  4.858135e-03
 19  4.469141e-03
 20  4.062700e-03
 21  3.771270e-03
 22  3.562026e-03
 23  3.344102e-03
 24  3.049106e-03
 25  2.773739e-03
 26  2.467803e-03
 27  2.105152e-03
 28  1.799688e-03
 29  1.465499e-03
 30  1.167829e-03
 31  9.310020e-04
 Iteration CPU time: 7 s
 CFIE residual: 0.000931002

 Iseg, Irank, Idinc : 1, 12, 32
 Thata, Phi : 90.000000, 31.000000
 Maximun iteration: 300
 Number of recycle truncation: 30
 Final matrix dimension:  36708
 Residual error:0.001000
 0  6.318033e-01
 1  3.052449e-01
 2  1.794394e-01
 3  1.136413e-01
 4  8.006515e-02
 5  5.904079e-02
 6  4.318563e-02
 7  3.252000e-02
 8  2.542033e-02
 9  2.037208e-02
 10  1.621419e-02
 11  1.290483e-02
 12  1.011528e-02
 13  8.510144e-03
 14  6.763827e-03
 15  5.688735e-03
 16  4.756368e-03
 17  4.073656e-03
 18  3.458285e-03
 19  3.011646e-03
 20  2.666658e-03
 21  2.395429e-03
 22  2.198521e-03
 23  2.051318e-03
 24  1.930312e-03
 25  1.810198e-03
 26  1.696291e-03
 27  1.587308e-03
 28  1.473187e-03
 29  1.334173e-03
 30  1.197457e-03
 31  1.040518e-03
 32  9.055207e-04
 Iteration CPU time: 8 s
 CFIE residual: 0.000905521

 Iseg, Irank, Idinc : 1, 13, 93
 Thata, Phi : 90.000000, 92.000000
 Maximun iteration: 300
 Number of recycle truncation: 30
 Final matrix dimension:  36708
 Residual error:0.001000
 0  6.143227e-01
 1  3.518654e-01
 2  2.235961e-01
 3  1.492510e-01
 4  1.065151e-01
 5  8.300782e-02
 6  6.473382e-02
 7  5.128161e-02
 8  4.115582e-02
 9  3.341462e-02
 10  2.651621e-02
 11  2.098919e-02
 12  1.702508e-02
 13  1.402898e-02
 14  1.168674e-02
 15  9.840277e-03
 16  8.176027e-03
 17  7.022409e-03
 18  6.166801e-03
 19  5.525519e-03
 20  5.029127e-03
 21  4.651433e-03
 22  4.300721e-03
 23  4.055346e-03
 24  3.744999e-03
 25  3.508473e-03
 26  3.285570e-03
 27  3.031368e-03
 28  2.698485e-03
 29  2.289078e-03
 30  1.895314e-03
 31  1.584316e-03
 32  1.253799e-03
 33  1.001803e-03
 34  8.040135e-04
 Iteration CPU time: 7 s
 CFIE residual: 0.000804014

 Iseg, Irank, Idinc : 1, 14, 11
 Thata, Phi : 90.000000, 10.000000
 Maximun iteration: 300
 Number of recycle truncation: 30
 Final matrix dimension:  36708
 Residual error:0.001000
 0  5.434880e-01
 1  2.755472e-01
 2  1.729167e-01
 3  1.228371e-01
 4  8.802309e-02
 5  6.606752e-02
 6  5.105621e-02
 7  3.932742e-02
 8  3.071002e-02
 9  2.427755e-02
 10  1.886202e-02
 11  1.471334e-02
 12  1.152379e-02
 13  9.383431e-03
 14  7.585530e-03
 15  6.162752e-03
 16  5.068456e-03
 17  4.234108e-03
 18  3.604279e-03
 19  3.095887e-03
 20  2.645093e-03
 21  2.325123e-03
 22  2.001732e-03
 23  1.770519e-03
 24  1.614823e-03
 25  1.487074e-03
 26  1.382291e-03
 27  1.288268e-03
 28  1.216331e-03
 29  1.146907e-03
 30  1.079095e-03
 31  1.003755e-03
 32  9.361434e-04
 Iteration CPU time: 7 s
 CFIE residual: 0.000936143

 Iseg, Irank, Idinc : 1, 15, 178
 Thata, Phi : 90.000000, 177.000000
 Maximun iteration: 300
 Number of recycle truncation: 30
 Final matrix dimension:  36708
 Residual error:0.001000
 0  5.647009e-01
 1  2.993578e-01
 2  1.906872e-01
 3  1.341218e-01
 4  1.051264e-01
 5  8.083782e-02
 6  6.543093e-02
 7  5.472108e-02
 8  4.487161e-02
 9  3.502025e-02
 10  2.748732e-02
 11  2.207861e-02
 12  1.786715e-02
 13  1.402274e-02
 14  1.144053e-02
 15  8.914255e-03
 16  7.075278e-03
 17  5.830103e-03
 18  4.797122e-03
 19  3.865510e-03
 20  3.043249e-03
 21  2.539737e-03
 22  2.161222e-03
 23  1.861965e-03
 24  1.592179e-03
 25  1.356095e-03
 26  1.168879e-03
 27  1.020403e-03
 28  9.217487e-04
 Iteration CPU time: 7 s
 CFIE residual: 0.000921749

 Iseg, Irank, Idinc : 1, 16, 101
 Thata, Phi : 90.000000, 100.000000
 Maximun iteration: 300
 Number of recycle truncation: 30
 Final matrix dimension:  36708
 Residual error:0.001000
 0  6.132946e-01
 1  3.501226e-01
 2  2.199098e-01
 3  1.481586e-01
 4  1.043279e-01
 5  7.825992e-02
 6  6.037050e-02
 7  4.743871e-02
 8  3.736682e-02
 9  3.033336e-02
 10  2.478506e-02
 11  1.996350e-02
 12  1.587356e-02
 13  1.306739e-02
 14  1.099813e-02
 15  8.907566e-03
 16  7.463820e-03
 17  6.375420e-03
 18  5.523512e-03
 19  4.900566e-03
 20  4.430882e-03
 21  4.007663e-03
 22  3.618583e-03
 23  3.384077e-03
 24  3.144695e-03
 25  2.938760e-03
 26  2.762255e-03
 27  2.588239e-03
 28  2.359944e-03
 29  2.100051e-03
 30  1.807002e-03
 31  1.528164e-03
 32  1.219281e-03
 33  1.009371e-03
 34  7.722304e-04
 Iteration CPU time: 8 s
 CFIE residual: 0.00077223

 Iseg, Irank, Idinc : 1, 17, 116
 Thata, Phi : 90.000000, 115.000000
 Maximun iteration: 300
 Number of recycle truncation: 30
 Final matrix dimension:  36708
 Residual error:0.001000
 0  6.459037e-01
 1  3.485680e-01
 2  2.197715e-01
 3  1.537259e-01
 4  1.091730e-01
 5  8.056887e-02
 6  6.136482e-02
 7  4.758329e-02
 8  3.818507e-02
 9  2.986102e-02
 10  2.305827e-02
 11  1.795431e-02
 12  1.486529e-02
 13  1.232609e-02
 14  9.940198e-03
 15  8.180710e-03
 16  6.908009e-03
 17  5.850339e-03
 18  5.046099e-03
 19  4.399144e-03
 20  3.946442e-03
 21  3.521947e-03
 22  3.188774e-03
 23  2.918035e-03
 24  2.718374e-03
 25  2.543368e-03
 26  2.371656e-03
 27  2.217409e-03
 28  2.066286e-03
 29  1.893785e-03
 30  1.677341e-03
 31  1.428501e-03
 32  1.159385e-03
 33  9.181993e-04
 Iteration CPU time: 7 s
 CFIE residual: 0.000918199

 Iseg, Irank, Idinc : 1, 18, 1
 Thata, Phi : 90.000000, 0.000000
 Maximun iteration: 300
 Number of recycle truncation: 30
 Final matrix dimension:  36708
 Residual error:0.001000
 0  5.086513e-01
 1  2.675772e-01
 2  1.735343e-01
 3  1.207288e-01
 4  8.550056e-02
 5  6.431785e-02
 6  5.009378e-02
 7  3.806832e-02
 8  2.889416e-02
 9  2.282324e-02
 10  1.721297e-02
 11  1.369292e-02
 12  1.127272e-02
 13  8.747110e-03
 14  7.069624e-03
 15  5.605534e-03
 16  4.544537e-03
 17  3.747160e-03
 18  3.186245e-03
 19  2.742183e-03
 20  2.358430e-03
 21  2.070443e-03
 22  1.806232e-03
 23  1.571559e-03
 24  1.385968e-03
 25  1.249957e-03
 26  1.154487e-03
 27  1.086845e-03
 28  1.025124e-03
 29  9.596662e-04
 Iteration CPU time: 7 s
 CFIE residual: 0.000959666

 Iseg, Irank, Idinc : 1, 19, 167
 Thata, Phi : 90.000000, 166.000000
 Maximun iteration: 300
 Number of recycle truncation: 30
 Final matrix dimension:  36708
 Residual error:0.001000
 0  5.825610e-01
 1  3.020983e-01
 2  1.885996e-01
 3  1.329426e-01
 4  1.039903e-01
 5  8.208230e-02
 6  6.763498e-02
 7  5.498117e-02
 8  4.590884e-02
 9  3.815846e-02
 10  3.251475e-02
 11  2.709003e-02
 12  2.256226e-02
 13  1.811248e-02
 14  1.488591e-02
 15  1.226668e-02
 16  1.000989e-02
 17  8.211521e-03
 18  6.441244e-03
 19  5.282128e-03
 20  4.317033e-03
 21  3.475579e-03
 22  2.929203e-03
 23  2.482590e-03
 24  2.072398e-03
 25  1.743691e-03
 26  1.491216e-03
 27  1.324922e-03
 28  1.207281e-03
 29  1.127070e-03
 30  1.067853e-03
 31  1.011361e-03
 32  9.509480e-04
 Iteration CPU time: 8 s
 CFIE residual: 0.000950948

 Iseg, Irank, Idinc : 1, 20, 79
 Thata, Phi : 90.000000, 78.000000
 Maximun iteration: 300
 Number of recycle truncation: 30
 Final matrix dimension:  36708
 Residual error:0.001000
 0  6.255418e-01
 1  3.581427e-01
 2  2.324098e-01
 3  1.490125e-01
 4  1.060329e-01
 5  8.153432e-02
 6  6.290581e-02
 7  5.035043e-02
 8  3.938054e-02
 9  3.217129e-02
 10  2.550532e-02
 11  1.997464e-02
 12  1.597199e-02
 13  1.337081e-02
 14  1.126023e-02
 15  9.716428e-03
 16  8.438536e-03
 17  7.358660e-03
 18  6.580654e-03
 19  6.007017e-03
 20  5.496504e-03
 21  5.134665e-03
 22  4.818623e-03
 23  4.541116e-03
 24  4.225273e-03
 25  3.919347e-03
 26  3.582940e-03
 27  3.188919e-03
 28  2.811724e-03
 29  2.447194e-03
 30  2.043233e-03
 31  1.681191e-03
 32  1.334700e-03
 33  1.048018e-03
 34  7.927633e-04
 Iteration CPU time: 8 s
 CFIE residual: 0.000792763

 Iseg, Irank, Idinc : 1, 21, 141
 Thata, Phi : 90.000000, 140.000000
 Maximun iteration: 300
 Number of recycle truncation: 30
 Final matrix dimension:  36708
 Residual error:0.001000
 0  6.862571e-01
 1  3.523929e-01
 2  2.135677e-01
 3  1.471396e-01
 4  1.075486e-01
 5  8.126861e-02
 6  6.246278e-02
 7  4.930501e-02
 8  4.054034e-02
 9  3.346084e-02
 10  2.757342e-02
 11  2.297835e-02
 12  1.871918e-02
 13  1.527951e-02
 14  1.200649e-02
 15  9.866489e-03
 16  7.892195e-03
 17  6.545018e-03
 18  5.353638e-03
 19  4.413301e-03
 20  3.751173e-03
 21  3.226254e-03
 22  2.855775e-03
 23  2.568108e-03
 24  2.352895e-03
 25  2.196220e-03
 26  2.062620e-03
 27  1.941355e-03
 28  1.828520e-03
 29  1.712587e-03
 30  1.579763e-03
 31  1.420112e-03
 32  1.264057e-03
 33  1.111367e-03
 34  9.631783e-04
 Iteration CPU time: 8 s
 CFIE residual: 0.000963178

 Iseg, Irank, Idinc : 1, 22, 173
 Thata, Phi : 90.000000, 172.000000
 Maximun iteration: 300
 Number of recycle truncation: 30
 Final matrix dimension:  36708
 Residual error:0.001000
 0  5.700269e-01
 1  2.997383e-01
 2  1.906281e-01
 3  1.347170e-01
 4  1.060452e-01
 5  8.265938e-02
 6  6.744745e-02
 7  5.592320e-02
 8  4.638912e-02
 9  3.733367e-02
 10  3.043066e-02
 11  2.524162e-02
 12  2.105302e-02
 13  1.698607e-02
 14  1.397378e-02
 15  1.128295e-02
 16  9.436715e-03
 17  7.607151e-03
 18  5.993638e-03
 19  4.883354e-03
 20  3.895638e-03
 21  3.161728e-03
 22  2.662947e-03
 23  2.285576e-03
 24  1.918119e-03
 25  1.608174e-03
 26  1.368145e-03
 27  1.190960e-03
 28  1.069741e-03
 29  9.888044e-04
 Iteration CPU time: 7 s
 CFIE residual: 0.000988804

 Iseg, Irank, Idinc : 1, 23, 6
 Thata, Phi : 90.000000, 5.000000
 Maximun iteration: 300
 Number of recycle truncation: 30
 Final matrix dimension:  36708
 Residual error:0.001000
 0  5.186692e-01
 1  2.700062e-01
 2  1.732253e-01
 3  1.216630e-01
 4  8.714705e-02
 5  6.571419e-02
 6  5.029516e-02
 7  3.788295e-02
 8  2.886363e-02
 9  2.327987e-02
 10  1.829565e-02
 11  1.447638e-02
 12  1.135015e-02
 13  9.262134e-03
 14  7.636379e-03
 15  6.099703e-03
 16  4.994636e-03
 17  4.157643e-03
 18  3.497622e-03
 19  3.029310e-03
 20  2.629672e-03
 21  2.301472e-03
 22  1.983830e-03
 23  1.735014e-03
 24  1.552911e-03
 25  1.413813e-03
 26  1.293578e-03
 27  1.208571e-03
 28  1.133817e-03
 29  1.061209e-03
 30  9.880567e-04
 Iteration CPU time: 7 s
 CFIE residual: 0.000988057

 Iseg, Irank, Idinc : 1, 24, 181
 Thata, Phi : 90.000000, 180.000000
 Maximun iteration: 300
 Number of recycle truncation: 30
 Final matrix dimension:  36708
 Residual error:0.001000
 0  5.636928e-01
 1  2.993080e-01
 2  1.906176e-01
 3  1.339017e-01
 4  1.047517e-01
 5  8.005472e-02
 6  6.470975e-02
 7  5.410089e-02
 8  4.411608e-02
 9  3.428075e-02
 10  2.678817e-02
 11  2.118637e-02
 12  1.647153e-02
 13  1.287056e-02
 14  1.023147e-02
 15  7.962063e-03
 16  6.029664e-03
 17  4.865789e-03
 18  3.953013e-03
 19  3.121057e-03
 20  2.569102e-03
 21  2.177505e-03
 22  1.846513e-03
 23  1.554521e-03
 24  1.330301e-03
 25  1.167889e-03
 26  1.029174e-03
 27  9.191195e-04
 Iteration CPU time: 6 s
 CFIE residual: 0.00091912

 Iseg, Irank, Idinc : 1, 25, 17
 Thata, Phi : 90.000000, 16.000000
 Maximun iteration: 300
 Number of recycle truncation: 30
 Final matrix dimension:  36708
 Residual error:0.001000
 0  5.826296e-01
 1  2.836496e-01
 2  1.699831e-01
 3  1.188630e-01
 4  8.406619e-02
 5  6.300984e-02
 6  4.920030e-02
 7  3.810258e-02
 8  2.981270e-02
 9  2.348656e-02
 10  1.850952e-02
 11  1.483663e-02
 12  1.144011e-02
 13  9.155417e-03
 14  7.421872e-03
 15  6.269540e-03
 16  5.169538e-03
 17  4.330125e-03
 18  3.628736e-03
 19  3.077479e-03
 20  2.632413e-03
 21  2.274714e-03
 22  1.981933e-03
 23  1.768782e-03
 24  1.630444e-03
 25  1.513606e-03
 26  1.410799e-03
 27  1.322745e-03
 28  1.255315e-03
 29  1.187578e-03
 30  1.117495e-03
 31  1.039841e-03
 32  9.598526e-04
 Iteration CPU time: 7 s
 CFIE residual: 0.000959853

 Iseg, Irank, Idinc : 1, 26, 58
 Thata, Phi : 90.000000, 57.000000
 Maximun iteration: 300
 Number of recycle truncation: 30
 Final matrix dimension:  36708
 Residual error:0.001000
 0  6.608302e-01
 1  3.444670e-01
 2  2.131955e-01
 3  1.347528e-01
 4  9.602449e-02
 5  7.065447e-02
 6  5.459980e-02
 7  4.308495e-02
 8  3.451919e-02
 9  2.654320e-02
 10  2.005742e-02
 11  1.578100e-02
 12  1.276934e-02
 13  1.025655e-02
 14  8.511206e-03
 15  7.168451e-03
 16  6.375999e-03
 17  5.676540e-03
 18  5.128155e-03
 19  4.756383e-03
 20  4.385046e-03
 21  4.051617e-03
 22  3.795451e-03
 23  3.545087e-03
 24  3.273671e-03
 25  2.987610e-03
 26  2.659437e-03
 27  2.310718e-03
 28  1.944054e-03
 29  1.596814e-03
 30  1.301856e-03
 31  1.049798e-03
 32  8.319461e-04
 Iteration CPU time: 8 s
 CFIE residual: 0.000831946

 Iseg, Irank, Idinc : 1, 27, 153
 Thata, Phi : 90.000000, 152.000000
 Maximun iteration: 300
 Number of recycle truncation: 30
 Final matrix dimension:  36708
 Residual error:0.001000
 0  6.325383e-01
 1  3.292248e-01
 2  2.009849e-01
 3  1.356157e-01
 4  1.009917e-01
 5  7.875771e-02
 6  6.257384e-02
 7  4.945489e-02
 8  4.179355e-02
 9  3.533326e-02
 10  3.008492e-02
 11  2.499079e-02
 12  2.011433e-02
 13  1.647964e-02
 14  1.344056e-02
 15  1.100158e-02
 16  8.880865e-03
 17  7.281029e-03
 18  5.848951e-03
 19  4.933622e-03
 20  4.020575e-03
 21  3.353505e-03
 22  2.881103e-03
 23  2.504265e-03
 24  2.196349e-03
 25  1.969594e-03
 26  1.804736e-03
 27  1.665124e-03
 28  1.552236e-03
 29  1.460627e-03
 30  1.370010e-03
 31  1.270747e-03
 32  1.148453e-03
 33  1.000816e-03
 34  8.393865e-04
 Iteration CPU time: 8 s
 CFIE residual: 0.000839387

 Iseg, Irank, Idinc : 1, 28, 37
 Thata, Phi : 90.000000, 36.000000
 Maximun iteration: 300
 Number of recycle truncation: 30
 Final matrix dimension:  36708
 Residual error:0.001000
 0  6.222339e-01
 1  3.117337e-01
 2  1.920031e-01
 3  1.222150e-01
 4  8.359486e-02
 5  6.156000e-02
 6  4.478040e-02
 7  3.380760e-02
 8  2.618128e-02
 9  2.039098e-02
 10  1.593685e-02
 11  1.265313e-02
 12  1.007735e-02
 13  8.357046e-03
 14  6.801782e-03
 15  5.591769e-03
 16  4.642795e-03
 17  4.018008e-03
 18  3.486051e-03
 19  3.080505e-03
 20  2.778026e-03
 21  2.560044e-03
 22  2.378606e-03
 23  2.216087e-03
 24  2.098170e-03
 25  1.968989e-03
 26  1.824257e-03
 27  1.671006e-03
 28  1.530915e-03
 29  1.350100e-03
 30  1.170810e-03
 31  9.993807e-04
 Iteration CPU time: 7 s
 CFIE residual: 0.000999381

 Iseg, Irank, Idinc : 1, 29, 128
 Thata, Phi : 90.000000, 127.000000
 Maximun iteration: 300
 Number of recycle truncation: 30
 Final matrix dimension:  36708
 Residual error:0.001000
 0  6.653971e-01
 1  3.499291e-01
 2  2.284235e-01
 3  1.566873e-01
 4  1.120332e-01
 5  8.524328e-02
 6  6.486983e-02
 7  5.054252e-02
 8  3.970056e-02
 9  3.136513e-02
 10  2.489126e-02
 11  1.953855e-02
 12  1.532988e-02
 13  1.255195e-02
 14  1.044869e-02
 15  8.606707e-03
 16  7.161229e-03
 17  5.998019e-03
 18  5.064369e-03
 19  4.428613e-03
 20  3.971216e-03
 21  3.561474e-03
 22  3.244969e-03
 23  2.985286e-03
 24  2.788083e-03
 25  2.593089e-03
 26  2.423967e-03
 27  2.276927e-03
 28  2.138569e-03
 29  2.007598e-03
 30  1.844351e-03
 31  1.652601e-03
 32  1.449576e-03
 33  1.228295e-03
 34  1.050869e-03
 35  8.654958e-04
 Iteration CPU time: 8 s
 CFIE residual: 0.000865496

 Iseg, Irank, Idinc : 1, 30, 97
 Thata, Phi : 90.000000, 96.000000
 Maximun iteration: 300
 Number of recycle truncation: 30
 Final matrix dimension:  36708
 Residual error:0.001000
 0  6.134552e-01
 1  3.502444e-01
 2  2.208615e-01
 3  1.469825e-01
 4  1.052143e-01
 5  8.007388e-02
 6  6.155032e-02
 7  4.935445e-02
 8  3.903321e-02
 9  3.114773e-02
 10  2.526115e-02
 11  2.005764e-02
 12  1.633867e-02
 13  1.354732e-02
 14  1.116960e-02
 15  9.217959e-03
 16  7.701700e-03
 17  6.625778e-03
 18  5.769050e-03
 19  5.139097e-03
 20  4.665124e-03
 21  4.250680e-03
 22  3.895594e-03
 23  3.687921e-03
 24  3.428011e-03
 25  3.229062e-03
 26  3.031235e-03
 27  2.817663e-03
 28  2.551607e-03
 29  2.202672e-03
 30  1.859091e-03
 31  1.531140e-03
 32  1.204582e-03
 33  9.831748e-04
 Iteration CPU time: 8 s
 CFIE residual: 0.000983175

 Iseg, Irank, Idinc : 1, 31, 3
 Thata, Phi : 90.000000, 2.000000
 Maximun iteration: 300
 Number of recycle truncation: 30
 Final matrix dimension:  36708
 Residual error:0.001000
 0  5.103446e-01
 1  2.679961e-01
 2  1.734661e-01
 3  1.208679e-01
 4  8.579789e-02
 5  6.461384e-02
 6  5.009553e-02
 7  3.794456e-02
 8  2.876753e-02
 9  2.282907e-02
 10  1.750479e-02
 11  1.406222e-02
 12  1.130260e-02
 13  8.957998e-03
 14  7.316642e-03
 15  5.889902e-03
 16  4.849704e-03
 17  4.030165e-03
 18  3.377837e-03
 19  2.928890e-03
 20  2.559286e-03
 21  2.250811e-03
 22  1.940160e-03
 23  1.683136e-03
 24  1.498642e-03
 25  1.352102e-03
 26  1.220157e-03
 27  1.137554e-03
 28  1.067786e-03
 29  1.002161e-03
 30  9.304778e-04
 Iteration CPU time: 7 s
 CFIE residual: 0.000930478

 Iseg, Irank, Idinc : 1, 32, 48
 Thata, Phi : 90.000000, 47.000000
 Maximun iteration: 300
 Number of recycle truncation: 30
 Final matrix dimension:  36708
 Residual error:0.001000
 0  6.372474e-01
 1  3.268351e-01
 2  2.037164e-01
 3  1.336631e-01
 4  9.521824e-02
 5  7.147225e-02
 6  5.348590e-02
 7  4.120285e-02
 8  3.157440e-02
 9  2.433556e-02
 10  1.881057e-02
 11  1.442563e-02
 12  1.149617e-02
 13  9.331900e-03
 14  7.756719e-03
 15  6.517531e-03
 16  5.616096e-03
 17  4.925796e-03
 18  4.462575e-03
 19  4.085478e-03
 20  3.700019e-03
 21  3.428644e-03
 22  3.210695e-03
 23  3.001716e-03
 24  2.780500e-03
 25  2.565151e-03
 26  2.318817e-03
 27  2.034213e-03
 28  1.761732e-03
 29  1.466515e-03
 30  1.211025e-03
 31  9.815665e-04
 Iteration CPU time: 7 s
 CFIE residual: 0.000981566

 Iseg, Irank, Idinc : 1, 33, 163
 Thata, Phi : 90.000000, 162.000000
 Maximun iteration: 300
 Number of recycle truncation: 30
 Final matrix dimension:  36708
 Residual error:0.001000
 0  5.959024e-01
 1  3.065105e-01
 2  1.880714e-01
 3  1.306706e-01
 4  1.011871e-01
 5  8.080812e-02
 6  6.602164e-02
 7  5.309927e-02
 8  4.482473e-02
 9  3.834534e-02
 10  3.256418e-02
 11  2.697041e-02
 12  2.254668e-02
 13  1.815436e-02
 14  1.487644e-02
 15  1.223020e-02
 16  1.004492e-02
 17  8.222758e-03
 18  6.516490e-03
 19  5.394857e-03
 20  4.355099e-03
 21  3.547708e-03
 22  3.006092e-03
 23  2.538345e-03
 24  2.157671e-03
 25  1.849719e-03
 26  1.620422e-03
 27  1.467485e-03
 28  1.355116e-03
 29  1.272691e-03
 30  1.208232e-03
 31  1.146286e-03
 32  1.074999e-03
 33  9.852285e-04
 Iteration CPU time: 8 s
 CFIE residual: 0.000985228

 Iseg, Irank, Idinc : 1, 34, 27
 Thata, Phi : 90.000000, 26.000000
 Maximun iteration: 300
 Number of recycle truncation: 30
 Final matrix dimension:  36708
 Residual error:0.001000
 0  6.339511e-01
 1  2.979527e-01
 2  1.681185e-01
 3  1.100330e-01
 4  7.724584e-02
 5  5.683451e-02
 6  4.220698e-02
 7  3.187512e-02
 8  2.509303e-02
 9  2.075414e-02
 10  1.661505e-02
 11  1.314151e-02
 12  1.038606e-02
 13  8.891759e-03
 14  7.171868e-03
 15  6.030664e-03
 16  5.072984e-03
 17  4.253760e-03
 18  3.581292e-03
 19  3.088569e-03
 20  2.662931e-03
 21  2.321654e-03
 22  2.085607e-03
 23  1.913931e-03
 24  1.793988e-03
 25  1.676042e-03
 26  1.569130e-03
 27  1.477184e-03
 28  1.384026e-03
 29  1.286195e-03
 30  1.182857e-03
 31  1.069665e-03
 32  9.586833e-04
 Iteration CPU time: 7 s
 CFIE residual: 0.000958683

 Iseg, Irank, Idinc : 1, 35, 180
 Thata, Phi : 90.000000, 179.000000
 Maximun iteration: 300
 Number of recycle truncation: 30
 Final matrix dimension:  36708
 Residual error:0.001000
 0  5.638188e-01
 1  2.993156e-01
 2  1.906283e-01
 3  1.339315e-01
 4  1.048015e-01
 5  8.015979e-02
 6  6.480772e-02
 7  5.419864e-02
 8  4.424184e-02
 9  3.438670e-02
 10  2.687735e-02
 11  2.131552e-02
 12  1.673569e-02
 13  1.309579e-02
 14  1.052566e-02
 15  8.158253e-03
 16  6.299294e-03
 17  5.143126e-03
 18  4.234085e-03
 19  3.403023e-03
 20  2.701643e-03
 21  2.266852e-03
 22  1.933791e-03
 23  1.659033e-03
 24  1.423824e-03
 25  1.227718e-03
 26  1.071083e-03
 27  9.446573e-04
 Iteration CPU time: 7 s
 CFIE residual: 0.000944657

 Iseg, Irank, Idinc : 1, 36, 69
 Thata, Phi : 90.000000, 68.000000
 Maximun iteration: 300
 Number of recycle truncation: 30
 Final matrix dimension:  36708
 Residual error:0.001000
 0  6.540965e-01
 1  3.654747e-01
 2  2.327229e-01
 3  1.497272e-01
 4  1.076604e-01
 5  8.177994e-02
 6  6.266469e-02
 7  4.895447e-02
 8  4.025066e-02
 9  3.265673e-02
 10  2.553962e-02
 11  1.988143e-02
 12  1.586741e-02
 13  1.321007e-02
 14  1.116548e-02
 15  9.478004e-03
 16  8.327504e-03
 17  7.469842e-03
 18  6.797340e-03
 19  6.179558e-03
 20  5.671296e-03
 21  5.245162e-03
 22  4.932506e-03
 23  4.647514e-03
 24  4.318138e-03
 25  3.952675e-03
 26  3.534035e-03
 27  3.104943e-03
 28  2.652575e-03
 29  2.215937e-03
 30  1.769677e-03
 31  1.410058e-03
 32  1.134819e-03
 33  8.866810e-04
 Iteration CPU time: 8 s
 CFIE residual: 0.000886681

 Iseg, Irank, Idinc : 1, 37, 113
 Thata, Phi : 90.000000, 112.000000
 Maximun iteration: 300
 Number of recycle truncation: 30
 Final matrix dimension:  36708
 Residual error:0.001000
 0  6.404578e-01
 1  3.522511e-01
 2  2.206826e-01
 3  1.540437e-01
 4  1.090085e-01
 5  8.107347e-02
 6  6.156362e-02
 7  4.755243e-02
 8  3.808936e-02
 9  2.997957e-02
 10  2.317353e-02
 11  1.814320e-02
 12  1.509974e-02
 13  1.251457e-02
 14  1.028782e-02
 15  8.452930e-03
 16  7.062601e-03
 17  5.965970e-03
 18  5.085783e-03
 19  4.368304e-03
 20  3.888101e-03
 21  3.423100e-03
 22  3.113783e-03
 23  2.849228e-03
 24  2.651055e-03
 25  2.479795e-03
 26  2.306426e-03
 27  2.143677e-03
 28  1.984567e-03
 29  1.787399e-03
 30  1.578125e-03
 31  1.325683e-03
 32  1.066299e-03
 33  8.334290e-04
 Iteration CPU time: 7 s
 CFIE residual: 0.000833429

 Iseg, Irank, Idinc : 1, 38, 138
 Thata, Phi : 90.000000, 137.000000
 Maximun iteration: 300
 Number of recycle truncation: 30
 Final matrix dimension:  36708
 Residual error:0.001000
 0  6.986288e-01
 1  3.553517e-01
 2  2.194762e-01
 3  1.505584e-01
 4  1.097515e-01
 5  8.283485e-02
 6  6.321309e-02
 7  4.971531e-02
 8  4.055115e-02
 9  3.251982e-02
 10  2.650917e-02
 11  2.197699e-02
 12  1.773138e-02
 13  1.431673e-02
 14  1.131433e-02
 15  9.216099e-03
 16  7.546268e-03
 17  6.210098e-03
 18  5.145135e-03
 19  4.336997e-03
 20  3.692854e-03
 21  3.264329e-03
 22  2.931118e-03
 23  2.655376e-03
 24  2.465372e-03
 25  2.310143e-03
 26  2.169495e-03
 27  2.033118e-03
 28  1.916671e-03
 29  1.790377e-03
 30  1.638233e-03
 31  1.456501e-03
 32  1.278469e-03
 33  1.110362e-03
 34  9.616064e-04
 Iteration CPU time: 7 s
 CFIE residual: 0.000961606

 Iseg, Irank, Idinc : 1, 39, 14
 Thata, Phi : 90.000000, 13.000000
 Maximun iteration: 300
 Number of recycle truncation: 30
 Final matrix dimension:  36708
 Residual error:0.001000
 0  5.622953e-01
 1  2.794779e-01
 2  1.720429e-01
 3  1.215941e-01
 4  8.646420e-02
 5  6.488046e-02
 6  5.078818e-02
 7  3.926906e-02
 8  3.055989e-02
 9  2.412313e-02
 10  1.909845e-02
 11  1.498621e-02
 12  1.154341e-02
 13  9.265072e-03
 14  7.496326e-03
 15  6.227448e-03
 16  5.130381e-03
 17  4.293990e-03
 18  3.628533e-03
 19  3.101382e-03
 20  2.621314e-03
 21  2.294409e-03
 22  1.986700e-03
 23  1.766996e-03
 24  1.619434e-03
 25  1.497895e-03
 26  1.397278e-03
 27  1.303965e-03
 28  1.238005e-03
 29  1.170734e-03
 30  1.103830e-03
 31  1.027550e-03
 32  9.498137e-04
 Iteration CPU time: 7 s
 CFIE residual: 0.000949814

 Iseg, Irank, Idinc : 1, 40, 175
 Thata, Phi : 90.000000, 174.000000
 Maximun iteration: 300
 Number of recycle truncation: 30
 Final matrix dimension:  36708
 Residual error:0.001000
 0  5.674116e-01
 1  2.995156e-01
 2  1.907594e-01
 3  1.345656e-01
 4  1.058193e-01
 5  8.213343e-02
 6  6.671573e-02
 7  5.555462e-02
 8  4.588616e-02
 9  3.638778e-02
 10  2.908733e-02
 11  2.384589e-02
 12  1.975016e-02
 13  1.564738e-02
 14  1.295434e-02
 15  1.041206e-02
 16  8.632941e-03
 17  6.948010e-03
 18  5.527384e-03
 19  4.514534e-03
 20  3.614099e-03
 21  2.958539e-03
 22  2.495525e-03
 23  2.147138e-03
 24  1.811831e-03
 25  1.526175e-03
 26  1.303517e-03
 27  1.132762e-03
 28  1.016457e-03
 29  9.386763e-04
 Iteration CPU time: 7 s
 CFIE residual: 0.000938676
 Last Built End in Sep 21 2025 00:06:12
 Total CPU time: 319 s
 Finished.
