 Last Built Begin in Sep 21 2025 00:06:12
 Pre-Type( Input ):            8
 Skl-Tol ( Input ):    1.0000000000000000E-002
 Wavelength in freespace: 0.316901

 ################################################
 ##         Generating Required Mesh          ##
 ##         Waiting.....                      ##
 ################################################
 Subd No.      Subd Name
    1    sphere1                                                           
 isub,  nnode, npatch,  nedge:
    1       604      1204      1806
 Scale Factor         >>   9.99999978E-03
 ################################################

 START TIME: 20250922   003021.746


 Informaton for IE geometry:
 number of subdomains     : 1
 maxnode,maxpatch,maxedge : 604  1204  1806
 
 Index of Mat-Reg: 1
 Mat-Reg Number via MatFlg: 1
 Edge Number of Mat-Reg: 1, 1806

 Number of Edge on PEC: 0
 Mat-Reg: No Dim(m) Lmax:
    1 0.158    2
 Totlmax, add1, add2:           2           3           4
 rlengmax of Global MLFMA >>   0.15777782392977446     
 Lmax of Global MLFMA >>            2
 Wavenum of Mat-Reg:
    1 1.000

 total area in sq m           =      0.1254
 total area in sq lambda      =      1.2482
 maxnode, maxpatch, maxedge           =      604     1204     1806
 longest  edge in lambda              =      0.0687
 shortest edge in lambda              =      0.0300
 average  edge in lambda              =      0.0490
 largest  patch area in sq lambda     =      0.0017
 smallest patch area in sq lambda     =      0.0005
 ave    surface area in sq lambda     =      0.0010
 size range of the object in sq lambda =      0.6311

 #### MLFMA Info For Each Region ####
 Mat-Region =            1
 Array dimension parameters:
 maxrule=          14   maxgrid  =          64
 lmax   =           2   ncmax    =          65
 lsmax  =           5   lsmin    =           5
 kpm    =          54   kp0      =          54
 ntlm   =       17064   nsm      =        3024
 nkpm   =          54   niplm    =        3456
 ngnearm=         632   ngsndm   =        2504
 nearm  =         413   mfinestm =          43
 ###############################

 CFIE Alpha:  0.50000000000000000     

 Fill MLFMA FI for Mat-Reg:           1
 Begin filltl.f
 fill translation matrix
 Level:            2
 fill shifting matrix
 translator time(s):   2.20000017E-02
 fill interpolation matrix
 Filling TL                  Delta_CPU=          0.10 Memory(MB)=         60.05
 Filling sndgrp              Delta_CPU=          0.00 Memory(MB)=         60.05
 Filling VFS                 Delta_CPU=          0.17 Memory(MB)=         60.05

 Fill MLFMA NI for Mat-Reg:           1
 Begin fill sparser part of Nearfield
 Begin fill denser part of Nearfield
 End fill
 Filling Amn                 Delta_CPU=         13.26 Memory(MB)=         60.05


 Now testing preconditioner with
 ipretype =            8
 method = cfie_solve_nfpre_pardiso

  
 NBP>>Begin fill sparser part of Nearfield
 NBP>>Begin fill denser part of Nearfield

201.7857%
 Begin MLFMA Box-Matrix Based Prec Constructor
 --- Intel MKL PARDISO --- 
  >> Solver Initialized
  >> Proceed to ngrp_box loop
  >> Loop 0 Initialized
 Memory for iGRP: 1 0 MB
 Total Memory For NFB Pre: 0 MB
 --- PARDISO PRECONDITIONER INITIALIZED --- 
 Constructing preconditioner CPU time: 0 s
 
 108360
 Memory for Iteration:: 1.65344 MB

 Iseg, Ninc_S : 1, 181, 0

 Iseg, Skeleton Angles: 1, 8
 Iseg, Skel-Pk Mem(MB): 1, 30.96

 Iseg, Irank, Idinc : 1, 1, 132
 Thata, Phi : 90.000000, 131.000000
 Maximun iteration: 300
 Number of recycle truncation: 30
 Final matrix dimension:  3612
 Residual error:0.010000
 0  2.270139e-01
 1  1.276051e-01
 2  5.565693e-02
 3  2.629098e-02
 4  1.277385e-02
 5  6.246261e-03
 Iteration CPU time: 0 s
 CFIE residual: 0.00624626

 Iseg, Irank, Idinc : 1, 2, 41
 Thata, Phi : 90.000000, 40.000000
 Maximun iteration: 300
 Number of recycle truncation: 30
 Final matrix dimension:  3612
 Residual error:0.010000
 0  2.269434e-01
 1  1.271343e-01
 2  5.616125e-02
 3  2.712541e-02
 4  1.301827e-02
 5  6.557542e-03
 Iteration CPU time: 0 s
 CFIE residual: 0.00655754

 Iseg, Irank, Idinc : 1, 3, 1
 Thata, Phi : 90.000000, 0.000000
 Maximun iteration: 300
 Number of recycle truncation: 30
 Final matrix dimension:  3612
 Residual error:0.010000
 0  2.203860e-01
 1  1.225967e-01
 2  5.626116e-02
 3  2.777793e-02
 4  1.369616e-02
 5  6.616117e-03
 Iteration CPU time: 0 s
 CFIE residual: 0.00661612

 Iseg, Irank, Idinc : 1, 4, 181
 Thata, Phi : 90.000000, 180.000000
 Maximun iteration: 300
 Number of recycle truncation: 30
 Final matrix dimension:  3612
 Residual error:0.010000
 0  2.185168e-01
 1  1.205943e-01
 2  5.472039e-02
 3  2.647640e-02
 4  1.304567e-02
 5  6.289504e-03
 Iteration CPU time: 0 s
 CFIE residual: 0.0062895

 Iseg, Irank, Idinc : 1, 5, 87
 Thata, Phi : 90.000000, 86.000000
 Maximun iteration: 300
 Number of recycle truncation: 30
 Final matrix dimension:  3612
 Residual error:0.010000
 0  2.276042e-01
 1  1.282702e-01
 2  5.726076e-02
 3  2.848166e-02
 4  1.440956e-02
 5  7.068209e-03
 Iteration CPU time: 0 s
 CFIE residual: 0.00706821

 Iseg, Irank, Idinc : 1, 6, 159
 Thata, Phi : 90.000000, 158.000000
 Maximun iteration: 300
 Number of recycle truncation: 30
 Final matrix dimension:  3612
 Residual error:0.010000
 0  2.221525e-01
 1  1.236752e-01
 2  5.507912e-02
 3  2.611411e-02
 4  1.285048e-02
 5  6.273831e-03
 Iteration CPU time: 0 s
 CFIE residual: 0.00627383

 Iseg, Irank, Idinc : 1, 7, 63
 Thata, Phi : 90.000000, 62.000000
 Maximun iteration: 300
 Number of recycle truncation: 30
 Final matrix dimension:  3612
 Residual error:0.010000
 0  2.288304e-01
 1  1.285035e-01
 2  5.634925e-02
 3  2.748372e-02
 4  1.351483e-02
 5  6.806668e-03
 Iteration CPU time: 0 s
 CFIE residual: 0.00680667

 Iseg, Irank, Idinc : 1, 8, 16
 Thata, Phi : 90.000000, 15.000000
 Maximun iteration: 300
 Number of recycle truncation: 30
 Final matrix dimension:  3612
 Residual error:0.010000
 0  2.222310e-01
 1  1.240291e-01
 2  5.649477e-02
 3  2.778168e-02
 4  1.355799e-02
 5  6.659617e-03
 Iteration CPU time: 1 s
 CFIE residual: 0.00665962
 Last Built End in Sep 21 2025 00:06:12
 Total CPU time: 3 s
 Finished.
