 Last Built Begin in Sep 21 2025 00:06:12
 Pre-Type( Input ):           10
 Skl-Tol ( Input ):    1.0000000000000001E-005
 Wavelength in freespace: 0.0301811

 ################################################
 ##         Generating Required Mesh          ##
 ##         Waiting.....                      ##
 ################################################
 Subd No.      Subd Name
    1    Open-Duct_PRIME_model_meshAA1                                     
 isub,  nnode, npatch,  nedge:
    1      6118     12236     18354
 Scale Factor         >>   1.54999997E-02
 ################################################

 START TIME: 20250922   044202.459


 Informaton for IE geometry:
 number of subdomains     : 1
 maxnode,maxpatch,maxedge : 6118  12236  18354
 
 Index of Mat-Reg: 1
 Mat-Reg Number via MatFlg: 1
 Edge Number of Mat-Reg: 1, 18354

 Number of Edge on PEC: 18354
 Mat-Reg: No Dim(m) Lmax:
    1 0.238    5
 Totlmax, add1, add2:           5           6           7
 rlengmax of Global MLFMA >>   0.23756854953337916     
 Lmax of Global MLFMA >>            5
 Wavenum of Mat-Reg:
    1 1.000

 total area in sq m           =      0.0510
 total area in sq lambda      =     55.9557
 maxnode, maxpatch, maxedge           =     6118    12236    18354
 longest  edge in lambda              =      0.1547
 shortest edge in lambda              =      0.0073
 average  edge in lambda              =      0.1033
 largest  patch area in sq lambda     =      0.0081
 smallest patch area in sq lambda     =      0.0000
 ave    surface area in sq lambda     =      0.0046
 size range of the object in sq lambda =      7.6022

 #### MLFMA Info For Each Region ####
 Mat-Region =            1
 Array dimension parameters:
 maxrule=          14   maxgrid  =          64
 lmax   =           5   ncmax    =        1250
 lsmax  =          26   lsmin    =           7
 kpm    =        1356   kp0      =         102
 ntlm   =      212856   nsm      =      230886
 nkpm   =        2178   niplm    =      139392
 ngnearm=       14257   ngsndm   =       64634
 nearm  =         333   mfinestm =         119
 ###############################

 CFIE Alpha:  0.50000000000000000     

 Fill MLFMA FI for Mat-Reg:           1
 Begin filltl.f
 fill translation matrix
 Level:            2
 fill shifting matrix
 Level:            3
 fill shifting matrix
 Level:            4
 fill shifting matrix
 Level:            5
 fill shifting matrix
 translator time(s):  0.119000003    
 fill interpolation matrix
 ThetaOrder            8
 PhiOrder            8
 lsl            7
 Filling TL                  Delta_CPU=          0.54 Memory(MB)=        653.71
 Filling sndgrp              Delta_CPU=          0.00 Memory(MB)=        653.71
 Filling VFS                 Delta_CPU=          3.22 Memory(MB)=        653.71

 Fill MLFMA NI for Mat-Reg:           1
 Begin fill sparser part of Nearfield
 Begin fill denser part of Nearfield
 End fill
 Filling Amn                 Delta_CPU=         90.75 Memory(MB)=        653.71


 Now testing preconditioner with
 ipretype =           10
 method = cfie_solve_nfrasspspre_pardiso

  
 NBP>>Begin fill sparser part of Nearfield

114.0479% NBP>>Begin fill denser part of Nearfield

200.1041%
 Begin MLFMA Box-Matrix Based Spar-RAS Prec Constructor
 --- Intel MKL PARDISO --- 
 Memory for iGroup: 1 0 MB
 Total Memory For SparRAS Pre: 0 MB
 --- PARDISO PRECONDITIONER INITIALIZED --- 
 Constructing preconditioner CPU time: 4 s
 
 1101240
 Memory for Iteration:: 16.8036 MB

 Iseg, Ninc_S : 1, 181, 0

 Iseg, Skeleton Angles: 1, 40
 Iseg, Skel-Pk Mem(MB): 1, 314.35

 Iseg, Irank, Idinc : 1, 1, 42
 Thata, Phi : 90.000000, 41.000000
 Maximun iteration: 300
 Number of recycle truncation: 30
 Final matrix dimension:  36708
 Residual error:0.001000
 0  6.291149e-01
 1  3.152500e-01
 2  1.991820e-01
 3  1.289601e-01
 4  8.820799e-02
 5  6.471969e-02
 6  4.764161e-02
 7  3.645570e-02
 8  2.791412e-02
 9  2.100911e-02
 10  1.604918e-02
 11  1.252331e-02
 12  1.002204e-02
 13  8.245873e-03
 14  6.690927e-03
 15  5.328560e-03
 16  4.370117e-03
 17  3.698390e-03
 18  3.207295e-03
 19  2.838081e-03
 20  2.539259e-03
 21  2.305579e-03
 22  2.128610e-03
 23  1.999728e-03
 24  1.896835e-03
 25  1.821706e-03
 26  1.729782e-03
 27  1.654056e-03
 28  1.565963e-03
 29  1.452615e-03
 30  1.331693e-03
 31  1.197835e-03
 32  1.051463e-03
 33  9.072789e-04
 Iteration CPU time: 8 s
 CFIE residual: 0.000907279

 Iseg, Irank, Idinc : 1, 2, 22
 Thata, Phi : 90.000000, 21.000000
 Maximun iteration: 300
 Number of recycle truncation: 30
 Final matrix dimension:  36708
 Residual error:0.001000
 0  6.184019e-01
 1  2.917985e-01
 2  1.678061e-01
 3  1.138160e-01
 4  7.957886e-02
 5  5.885182e-02
 6  4.483409e-02
 7  3.468902e-02
 8  2.755947e-02
 9  2.220821e-02
 10  1.749417e-02
 11  1.377439e-02
 12  1.094640e-02
 13  8.922313e-03
 14  7.408795e-03
 15  6.142363e-03
 16  5.031766e-03
 17  4.192411e-03
 18  3.460903e-03
 19  2.960807e-03
 20  2.509727e-03
 21  2.117859e-03
 22  1.793255e-03
 23  1.587138e-03
 24  1.435445e-03
 25  1.311574e-03
 26  1.214096e-03
 27  1.143122e-03
 28  1.083344e-03
 29  1.037595e-03
 30  9.961510e-04
 Iteration CPU time: 7 s
 CFIE residual: 0.000996151

 Iseg, Irank, Idinc : 1, 3, 109
 Thata, Phi : 90.000000, 108.000000
 Maximun iteration: 300
 Number of recycle truncation: 30
 Final matrix dimension:  36708
 Residual error:0.001000
 0  6.266935e-01
 1  3.537647e-01
 2  2.213032e-01
 3  1.527014e-01
 4  1.067416e-01
 5  8.047309e-02
 6  6.175483e-02
 7  4.758518e-02
 8  3.825235e-02
 9  3.063458e-02
 10  2.360546e-02
 11  1.856402e-02
 12  1.540161e-02
 13  1.255731e-02
 14  1.017595e-02
 15  8.310103e-03
 16  6.865073e-03
 17  5.708147e-03
 18  4.752910e-03
 19  4.004152e-03
 20  3.488168e-03
 21  2.988534e-03
 22  2.626937e-03
 23  2.392143e-03
 24  2.189112e-03
 25  2.048093e-03
 26  1.939451e-03
 27  1.849584e-03
 28  1.762898e-03
 29  1.674119e-03
 30  1.566351e-03
 31  1.438796e-03
 32  1.298642e-03
 33  1.132518e-03
 34  9.632803e-04
 Iteration CPU time: 8 s
 CFIE residual: 0.00096328

 Iseg, Irank, Idinc : 1, 4, 64
 Thata, Phi : 90.000000, 63.000000
 Maximun iteration: 300
 Number of recycle truncation: 30
 Final matrix dimension:  36708
 Residual error:0.001000
 0  6.615927e-01
 1  3.577761e-01
 2  2.226621e-01
 3  1.432866e-01
 4  1.025799e-01
 5  7.824897e-02
 6  5.928454e-02
 7  4.572696e-02
 8  3.710702e-02
 9  2.930595e-02
 10  2.284982e-02
 11  1.772312e-02
 12  1.377848e-02
 13  1.116252e-02
 14  9.159746e-03
 15  7.479443e-03
 16  6.518343e-03
 17  5.718968e-03
 18  5.051533e-03
 19  4.510637e-03
 20  4.085125e-03
 21  3.753009e-03
 22  3.539464e-03
 23  3.372327e-03
 24  3.232195e-03
 25  3.084754e-03
 26  2.919298e-03
 27  2.726176e-03
 28  2.520929e-03
 29  2.248530e-03
 30  1.935365e-03
 31  1.617674e-03
 32  1.373032e-03
 33  1.136725e-03
 34  9.278349e-04
 Iteration CPU time: 8 s
 CFIE residual: 0.000927835

 Iseg, Irank, Idinc : 1, 5, 147
 Thata, Phi : 90.000000, 146.000000
 Maximun iteration: 300
 Number of recycle truncation: 30
 Final matrix dimension:  36708
 Residual error:0.001000
 0  6.536511e-01
 1  3.451032e-01
 2  2.092299e-01
 3  1.420506e-01
 4  1.033249e-01
 5  7.854943e-02
 6  6.208267e-02
 7  4.824258e-02
 8  4.031713e-02
 9  3.446511e-02
 10  2.907611e-02
 11  2.449168e-02
 12  2.025751e-02
 13  1.643953e-02
 14  1.336404e-02
 15  1.073307e-02
 16  8.668569e-03
 17  7.226827e-03
 18  5.869067e-03
 19  4.778092e-03
 20  3.824134e-03
 21  3.131135e-03
 22  2.620547e-03
 23  2.229449e-03
 24  1.948877e-03
 25  1.710207e-03
 26  1.536212e-03
 27  1.423849e-03
 28  1.340530e-03
 29  1.267834e-03
 30  1.203915e-03
 31  1.145453e-03
 32  1.085206e-03
 33  1.007837e-03
 34  9.213797e-04
 Iteration CPU time: 8 s
 CFIE residual: 0.00092138

 Iseg, Irank, Idinc : 1, 6, 136
 Thata, Phi : 90.000000, 135.000000
 Maximun iteration: 300
 Number of recycle truncation: 30
 Final matrix dimension:  36708
 Residual error:0.001000
 0  6.997691e-01
 1  3.560831e-01
 2  2.223497e-01
 3  1.510857e-01
 4  1.095545e-01
 5  8.255012e-02
 6  6.309454e-02
 7  4.943736e-02
 8  3.978599e-02
 9  3.143667e-02
 10  2.571785e-02
 11  2.090101e-02
 12  1.684221e-02
 13  1.361399e-02
 14  1.085472e-02
 15  8.780551e-03
 16  7.262375e-03
 17  5.821222e-03
 18  4.868928e-03
 19  4.020465e-03
 20  3.378943e-03
 21  2.933716e-03
 22  2.564557e-03
 23  2.301213e-03
 24  2.105534e-03
 25  1.960861e-03
 26  1.832486e-03
 27  1.724556e-03
 28  1.648733e-03
 29  1.568465e-03
 30  1.489646e-03
 31  1.408641e-03
 32  1.316716e-03
 33  1.222839e-03
 34  1.131924e-03
 35  1.038991e-03
 36  9.280294e-04
 Iteration CPU time: 8 s
 CFIE residual: 0.000928029

 Iseg, Irank, Idinc : 1, 7, 87
 Thata, Phi : 90.000000, 86.000000
 Maximun iteration: 300
 Number of recycle truncation: 30
 Final matrix dimension:  36708
 Residual error:0.001000
 0  6.146947e-01
 1  3.489435e-01
 2  2.247654e-01
 3  1.534839e-01
 4  1.102872e-01
 5  8.485790e-02
 6  6.540597e-02
 7  5.158313e-02
 8  4.163591e-02
 9  3.404427e-02
 10  2.651055e-02
 11  2.032780e-02
 12  1.634282e-02
 13  1.350009e-02
 14  1.105411e-02
 15  9.143520e-03
 16  7.489079e-03
 17  6.393563e-03
 18  5.514755e-03
 19  4.894084e-03
 20  4.428719e-03
 21  4.091858e-03
 22  3.813406e-03
 23  3.588573e-03
 24  3.386127e-03
 25  3.231370e-03
 26  3.078150e-03
 27  2.895674e-03
 28  2.725604e-03
 29  2.537453e-03
 30  2.308257e-03
 31  2.059612e-03
 32  1.771678e-03
 33  1.506950e-03
 34  1.267082e-03
 35  1.037872e-03
 36  8.346730e-04
 Iteration CPU time: 9 s
 CFIE residual: 0.000834673

 Iseg, Irank, Idinc : 1, 8, 74
 Thata, Phi : 90.000000, 73.000000
 Maximun iteration: 300
 Number of recycle truncation: 30
 Final matrix dimension:  36708
 Residual error:0.001000
 0  6.376746e-01
 1  3.635590e-01
 2  2.362320e-01
 3  1.480918e-01
 4  1.032626e-01
 5  7.861142e-02
 6  6.182527e-02
 7  4.771478e-02
 8  3.853252e-02
 9  3.103199e-02
 10  2.424197e-02
 11  1.930191e-02
 12  1.579403e-02
 13  1.298728e-02
 14  1.081342e-02
 15  8.896515e-03
 16  7.521600e-03
 17  6.551043e-03
 18  5.789390e-03
 19  5.188908e-03
 20  4.671543e-03
 21  4.285810e-03
 22  4.011594e-03
 23  3.792351e-03
 24  3.633314e-03
 25  3.461759e-03
 26  3.293013e-03
 27  3.077209e-03
 28  2.874821e-03
 29  2.662890e-03
 30  2.390576e-03
 31  2.061769e-03
 32  1.752397e-03
 33  1.450055e-03
 34  1.149697e-03
 35  9.293838e-04
 Iteration CPU time: 8 s
 CFIE residual: 0.000929384

 Iseg, Irank, Idinc : 1, 9, 159
 Thata, Phi : 90.000000, 158.000000
 Maximun iteration: 300
 Number of recycle truncation: 30
 Final matrix dimension:  36708
 Residual error:0.001000
 0  6.137218e-01
 1  3.145373e-01
 2  1.919984e-01
 3  1.299134e-01
 4  9.910995e-02
 5  7.873058e-02
 6  6.349222e-02
 7  5.099136e-02
 8  4.360194e-02
 9  3.742014e-02
 10  3.150116e-02
 11  2.597293e-02
 12  2.206068e-02
 13  1.789054e-02
 14  1.452792e-02
 15  1.183013e-02
 16  9.806846e-03
 17  7.945549e-03
 18  6.514579e-03
 19  5.288781e-03
 20  4.234957e-03
 21  3.507667e-03
 22  2.939357e-03
 23  2.469716e-03
 24  2.088816e-03
 25  1.790932e-03
 26  1.560703e-03
 27  1.403403e-03
 28  1.280867e-03
 29  1.210679e-03
 30  1.156273e-03
 31  1.115136e-03
 32  1.066386e-03
 33  1.016239e-03
 34  9.684707e-04
 Iteration CPU time: 8 s
 CFIE residual: 0.000968471

 Iseg, Irank, Idinc : 1, 10, 123
 Thata, Phi : 90.000000, 122.000000
 Maximun iteration: 300
 Number of recycle truncation: 30
 Final matrix dimension:  36708
 Residual error:0.001000
 0  6.521980e-01
 1  3.418707e-01
 2  2.237724e-01
 3  1.563431e-01
 4  1.113865e-01
 5  8.305486e-02
 6  6.462184e-02
 7  5.039918e-02
 8  3.893102e-02
 9  3.014612e-02
 10  2.426248e-02
 11  1.915957e-02
 12  1.521291e-02
 13  1.218694e-02
 14  1.002353e-02
 15  8.363531e-03
 16  7.082128e-03
 17  5.951785e-03
 18  4.951759e-03
 19  4.292352e-03
 20  3.766206e-03
 21  3.284556e-03
 22  2.931989e-03
 23  2.654186e-03
 24  2.452652e-03
 25  2.273678e-03
 26  2.128991e-03
 27  2.021828e-03
 28  1.932841e-03
 29  1.852310e-03
 30  1.777919e-03
 31  1.686227e-03
 32  1.563985e-03
 33  1.440798e-03
 34  1.304444e-03
 35  1.161743e-03
 36  9.902888e-04
 Iteration CPU time: 8 s
 CFIE residual: 0.000990289

 Iseg, Irank, Idinc : 1, 11, 53
 Thata, Phi : 90.000000, 52.000000
 Maximun iteration: 300
 Number of recycle truncation: 30
 Final matrix dimension:  36708
 Residual error:0.001000
 0  6.509918e-01
 1  3.393313e-01
 2  2.083575e-01
 3  1.343482e-01
 4  9.611213e-02
 5  7.145295e-02
 6  5.445580e-02
 7  4.260011e-02
 8  3.256079e-02
 9  2.432337e-02
 10  1.897884e-02
 11  1.465620e-02
 12  1.160347e-02
 13  9.329257e-03
 14  7.733755e-03
 15  6.517677e-03
 16  5.439414e-03
 17  4.594925e-03
 18  4.001867e-03
 19  3.569876e-03
 20  3.207455e-03
 21  2.966850e-03
 22  2.805957e-03
 23  2.669518e-03
 24  2.543073e-03
 25  2.443717e-03
 26  2.303009e-03
 27  2.136606e-03
 28  1.951756e-03
 29  1.759720e-03
 30  1.550232e-03
 31  1.335515e-03
 32  1.135631e-03
 33  9.649112e-04
 Iteration CPU time: 8 s
 CFIE residual: 0.000964911

 Iseg, Irank, Idinc : 1, 12, 32
 Thata, Phi : 90.000000, 31.000000
 Maximun iteration: 300
 Number of recycle truncation: 30
 Final matrix dimension:  36708
 Residual error:0.001000
 0  6.325794e-01
 1  3.057883e-01
 2  1.802572e-01
 3  1.136934e-01
 4  7.989819e-02
 5  5.876015e-02
 6  4.287427e-02
 7  3.229948e-02
 8  2.544505e-02
 9  2.029654e-02
 10  1.611427e-02
 11  1.285536e-02
 12  1.026674e-02
 13  8.454814e-03
 14  6.744489e-03
 15  5.524937e-03
 16  4.553197e-03
 17  3.828265e-03
 18  3.193675e-03
 19  2.760835e-03
 20  2.381074e-03
 21  2.083021e-03
 22  1.843948e-03
 23  1.680822e-03
 24  1.563065e-03
 25  1.462533e-03
 26  1.373873e-03
 27  1.309516e-03
 28  1.248604e-03
 29  1.196020e-03
 30  1.139738e-03
 31  1.071789e-03
 32  9.977153e-04
 Iteration CPU time: 7 s
 CFIE residual: 0.000997715

 Iseg, Irank, Idinc : 1, 13, 10
 Thata, Phi : 90.000000, 9.000000
 Maximun iteration: 300
 Number of recycle truncation: 30
 Final matrix dimension:  36708
 Residual error:0.001000
 0  5.409733e-01
 1  2.748666e-01
 2  1.735872e-01
 3  1.231336e-01
 4  8.842744e-02
 5  6.623498e-02
 6  5.119471e-02
 7  3.928838e-02
 8  3.079277e-02
 9  2.428308e-02
 10  1.870002e-02
 11  1.477343e-02
 12  1.171774e-02
 13  9.638225e-03
 14  7.714890e-03
 15  6.146725e-03
 16  5.006473e-03
 17  4.206788e-03
 18  3.542982e-03
 19  3.033572e-03
 20  2.578473e-03
 21  2.237789e-03
 22  1.883049e-03
 23  1.653922e-03
 24  1.448309e-03
 25  1.307509e-03
 26  1.180831e-03
 27  1.093198e-03
 28  1.013344e-03
 29  9.551431e-04
 Iteration CPU time: 7 s
 CFIE residual: 0.000955143

 Iseg, Irank, Idinc : 1, 14, 178
 Thata, Phi : 90.000000, 177.000000
 Maximun iteration: 300
 Number of recycle truncation: 30
 Final matrix dimension:  36708
 Residual error:0.001000
 0  5.695243e-01
 1  2.997252e-01
 2  1.900571e-01
 3  1.334477e-01
 4  1.044941e-01
 5  8.071356e-02
 6  6.493924e-02
 7  5.487507e-02
 8  4.502112e-02
 9  3.532214e-02
 10  2.777314e-02
 11  2.240954e-02
 12  1.832341e-02
 13  1.449484e-02
 14  1.193522e-02
 15  9.247640e-03
 16  7.380116e-03
 17  5.921481e-03
 18  4.901817e-03
 19  3.971581e-03
 20  3.179223e-03
 21  2.645207e-03
 22  2.207918e-03
 23  1.882579e-03
 24  1.599639e-03
 25  1.325033e-03
 26  1.100963e-03
 27  9.285492e-04
 Iteration CPU time: 6 s
 CFIE residual: 0.000928549

 Iseg, Irank, Idinc : 1, 15, 95
 Thata, Phi : 90.000000, 94.000000
 Maximun iteration: 300
 Number of recycle truncation: 30
 Final matrix dimension:  36708
 Residual error:0.001000
 0  6.114385e-01
 1  3.487466e-01
 2  2.206514e-01
 3  1.468921e-01
 4  1.051464e-01
 5  8.105070e-02
 6  6.279582e-02
 7  5.006564e-02
 8  3.989880e-02
 9  3.196248e-02
 10  2.561343e-02
 11  2.028421e-02
 12  1.668677e-02
 13  1.375697e-02
 14  1.130250e-02
 15  9.431184e-03
 16  7.659713e-03
 17  6.428150e-03
 18  5.451230e-03
 19  4.701168e-03
 20  4.169550e-03
 21  3.750656e-03
 22  3.418519e-03
 23  3.180826e-03
 24  2.959573e-03
 25  2.820007e-03
 26  2.706166e-03
 27  2.594970e-03
 28  2.468371e-03
 29  2.301514e-03
 30  2.112417e-03
 31  1.908706e-03
 32  1.665130e-03
 33  1.445844e-03
 34  1.228569e-03
 35  1.041387e-03
 36  8.472373e-04
 Iteration CPU time: 8 s
 CFIE residual: 0.000847237

 Iseg, Irank, Idinc : 1, 16, 102
 Thata, Phi : 90.000000, 101.000000
 Maximun iteration: 300
 Number of recycle truncation: 30
 Final matrix dimension:  36708
 Residual error:0.001000
 0  6.123174e-01
 1  3.487235e-01
 2  2.186462e-01
 3  1.483563e-01
 4  1.040626e-01
 5  7.811950e-02
 6  6.023330e-02
 7  4.714591e-02
 8  3.733322e-02
 9  3.063172e-02
 10  2.489839e-02
 11  1.989978e-02
 12  1.595416e-02
 13  1.316259e-02
 14  1.085443e-02
 15  8.715033e-03
 16  7.242584e-03
 17  6.073403e-03
 18  5.069060e-03
 19  4.354324e-03
 20  3.841304e-03
 21  3.363686e-03
 22  2.968975e-03
 23  2.737490e-03
 24  2.518821e-03
 25  2.381323e-03
 26  2.268891e-03
 27  2.178948e-03
 28  2.081682e-03
 29  1.966678e-03
 30  1.846336e-03
 31  1.687777e-03
 32  1.518855e-03
 33  1.324035e-03
 34  1.120709e-03
 35  9.170633e-04
 Iteration CPU time: 8 s
 CFIE residual: 0.000917063

 Iseg, Irank, Idinc : 1, 17, 80
 Thata, Phi : 90.000000, 79.000000
 Maximun iteration: 300
 Number of recycle truncation: 30
 Final matrix dimension:  36708
 Residual error:0.001000
 0  6.210524e-01
 1  3.546466e-01
 2  2.292917e-01
 3  1.486566e-01
 4  1.069059e-01
 5  8.207814e-02
 6  6.327840e-02
 7  5.013235e-02
 8  3.952484e-02
 9  3.249206e-02
 10  2.525372e-02
 11  1.947110e-02
 12  1.555623e-02
 13  1.294263e-02
 14  1.065996e-02
 15  9.015717e-03
 16  7.681092e-03
 17  6.468476e-03
 18  5.617035e-03
 19  4.998572e-03
 20  4.511644e-03
 21  4.165238e-03
 22  3.906302e-03
 23  3.696041e-03
 24  3.517363e-03
 25  3.349657e-03
 26  3.189576e-03
 27  2.992048e-03
 28  2.834932e-03
 29  2.656320e-03
 30  2.418681e-03
 31  2.144852e-03
 32  1.837576e-03
 33  1.567650e-03
 34  1.289037e-03
 35  1.083841e-03
 36  8.699231e-04
 Iteration CPU time: 8 s
 CFIE residual: 0.000869923

 Iseg, Irank, Idinc : 1, 18, 168
 Thata, Phi : 90.000000, 167.000000
 Maximun iteration: 300
 Number of recycle truncation: 30
 Final matrix dimension:  36708
 Residual error:0.001000
 0  5.825524e-01
 1  3.016645e-01
 2  1.887786e-01
 3  1.328327e-01
 4  1.041566e-01
 5  8.187272e-02
 6  6.734229e-02
 7  5.526234e-02
 8  4.606256e-02
 9  3.835561e-02
 10  3.246082e-02
 11  2.720317e-02
 12  2.289140e-02
 13  1.864053e-02
 14  1.545712e-02
 15  1.255790e-02
 16  1.040583e-02
 17  8.403974e-03
 18  6.625267e-03
 19  5.462035e-03
 20  4.412922e-03
 21  3.537464e-03
 22  2.938593e-03
 23  2.488366e-03
 24  2.022811e-03
 25  1.643966e-03
 26  1.373586e-03
 27  1.173362e-03
 28  1.032970e-03
 29  9.429393e-04
 Iteration CPU time: 7 s
 CFIE residual: 0.000942939

 Iseg, Irank, Idinc : 1, 19, 1
 Thata, Phi : 90.000000, 0.000000
 Maximun iteration: 300
 Number of recycle truncation: 30
 Final matrix dimension:  36708
 Residual error:0.001000
 0  5.116853e-01
 1  2.681920e-01
 2  1.738572e-01
 3  1.212185e-01
 4  8.578231e-02
 5  6.507282e-02
 6  5.094075e-02
 7  3.826239e-02
 8  2.903972e-02
 9  2.310953e-02
 10  1.750345e-02
 11  1.419101e-02
 12  1.139497e-02
 13  8.888071e-03
 14  7.154595e-03
 15  5.680077e-03
 16  4.619693e-03
 17  3.820384e-03
 18  3.205420e-03
 19  2.741867e-03
 20  2.347430e-03
 21  2.026300e-03
 22  1.743137e-03
 23  1.474708e-03
 24  1.246553e-03
 25  1.071090e-03
 26  9.635031e-04
 Iteration CPU time: 6 s
 CFIE residual: 0.000963503

 Iseg, Irank, Idinc : 1, 20, 116
 Thata, Phi : 90.000000, 115.000000
 Maximun iteration: 300
 Number of recycle truncation: 30
 Final matrix dimension:  36708
 Residual error:0.001000
 0  6.448738e-01
 1  3.481898e-01
 2  2.186215e-01
 3  1.530799e-01
 4  1.089762e-01
 5  8.010208e-02
 6  6.119518e-02
 7  4.755447e-02
 8  3.840677e-02
 9  2.986154e-02
 10  2.317996e-02
 11  1.808241e-02
 12  1.479600e-02
 13  1.221103e-02
 14  9.786041e-03
 15  8.000711e-03
 16  6.667702e-03
 17  5.553485e-03
 18  4.672521e-03
 19  4.030919e-03
 20  3.522750e-03
 21  3.082123e-03
 22  2.741194e-03
 23  2.491487e-03
 24  2.284976e-03
 25  2.129284e-03
 26  2.003019e-03
 27  1.908090e-03
 28  1.834611e-03
 29  1.748304e-03
 30  1.652129e-03
 31  1.546809e-03
 32  1.395581e-03
 33  1.213748e-03
 34  1.023853e-03
 35  8.483320e-04
 Iteration CPU time: 8 s
 CFIE residual: 0.000848332

 Iseg, Irank, Idinc : 1, 21, 153
 Thata, Phi : 90.000000, 152.000000
 Maximun iteration: 300
 Number of recycle truncation: 30
 Final matrix dimension:  36708
 Residual error:0.001000
 0  6.338463e-01
 1  3.298578e-01
 2  2.018937e-01
 3  1.349098e-01
 4  1.004398e-01
 5  7.821831e-02
 6  6.207176e-02
 7  4.901537e-02
 8  4.126955e-02
 9  3.513680e-02
 10  2.991949e-02
 11  2.464370e-02
 12  2.029366e-02
 13  1.661680e-02
 14  1.365947e-02
 15  1.114644e-02
 16  9.083364e-03
 17  7.308846e-03
 18  6.001076e-03
 19  4.982531e-03
 20  4.013413e-03
 21  3.327359e-03
 22  2.796257e-03
 23  2.383139e-03
 24  2.023492e-03
 25  1.777599e-03
 26  1.575555e-03
 27  1.443905e-03
 28  1.333852e-03
 29  1.266001e-03
 30  1.211794e-03
 31  1.165897e-03
 32  1.118576e-03
 33  1.043143e-03
 34  9.653097e-04
 Iteration CPU time: 8 s
 CFIE residual: 0.00096531

 Iseg, Irank, Idinc : 1, 22, 16
 Thata, Phi : 90.000000, 15.000000
 Maximun iteration: 300
 Number of recycle truncation: 30
 Final matrix dimension:  36708
 Residual error:0.001000
 0  5.796084e-01
 1  2.829520e-01
 2  1.719861e-01
 3  1.200380e-01
 4  8.486576e-02
 5  6.348023e-02
 6  4.996568e-02
 7  3.847249e-02
 8  3.001948e-02
 9  2.380898e-02
 10  1.902696e-02
 11  1.502124e-02
 12  1.157621e-02
 13  9.286073e-03
 14  7.587027e-03
 15  6.261011e-03
 16  5.134309e-03
 17  4.277917e-03
 18  3.566198e-03
 19  3.016118e-03
 20  2.526710e-03
 21  2.150170e-03
 22  1.812192e-03
 23  1.597173e-03
 24  1.421684e-03
 25  1.291983e-03
 26  1.181003e-03
 27  1.105674e-03
 28  1.035915e-03
 29  9.890767e-04
 Iteration CPU time: 7 s
 CFIE residual: 0.000989077

 Iseg, Irank, Idinc : 1, 23, 181
 Thata, Phi : 90.000000, 180.000000
 Maximun iteration: 300
 Number of recycle truncation: 30
 Final matrix dimension:  36708
 Residual error:0.001000
 0  5.687127e-01
 1  2.996706e-01
 2  1.899428e-01
 3  1.331897e-01
 4  1.040744e-01
 5  7.989129e-02
 6  6.423258e-02
 7  5.430311e-02
 8  4.437475e-02
 9  3.462985e-02
 10  2.712249e-02
 11  2.130959e-02
 12  1.712574e-02
 13  1.333749e-02
 14  1.078369e-02
 15  8.318964e-03
 16  6.300905e-03
 17  5.112868e-03
 18  4.150566e-03
 19  3.318787e-03
 20  2.710273e-03
 21  2.274066e-03
 22  1.892544e-03
 23  1.555316e-03
 24  1.310559e-03
 25  1.109016e-03
 26  9.318900e-04
 Iteration CPU time: 6 s
 CFIE residual: 0.00093189

 Iseg, Irank, Idinc : 1, 24, 130
 Thata, Phi : 90.000000, 129.000000
 Maximun iteration: 300
 Number of recycle truncation: 30
 Final matrix dimension:  36708
 Residual error:0.001000
 0  6.744777e-01
 1  3.537374e-01
 2  2.277275e-01
 3  1.552417e-01
 4  1.111102e-01
 5  8.441367e-02
 6  6.437217e-02
 7  5.007300e-02
 8  3.948915e-02
 9  3.138548e-02
 10  2.515183e-02
 11  1.965350e-02
 12  1.540751e-02
 13  1.257921e-02
 14  1.044282e-02
 15  8.460233e-03
 16  6.860221e-03
 17  5.574899e-03
 18  4.638493e-03
 19  4.004348e-03
 20  3.462778e-03
 21  3.033070e-03
 22  2.696892e-03
 23  2.454138e-03
 24  2.285491e-03
 25  2.136218e-03
 26  2.003044e-03
 27  1.881660e-03
 28  1.797667e-03
 29  1.722281e-03
 30  1.648100e-03
 31  1.557160e-03
 32  1.449231e-03
 33  1.343495e-03
 34  1.231540e-03
 35  1.104083e-03
 36  9.482942e-04
 Iteration CPU time: 8 s
 CFIE residual: 0.000948294

 Iseg, Irank, Idinc : 1, 25, 58
 Thata, Phi : 90.000000, 57.000000
 Maximun iteration: 300
 Number of recycle truncation: 30
 Final matrix dimension:  36708
 Residual error:0.001000
 0  6.611497e-01
 1  3.450258e-01
 2  2.130125e-01
 3  1.340024e-01
 4  9.547645e-02
 5  7.060514e-02
 6  5.436126e-02
 7  4.259559e-02
 8  3.392548e-02
 9  2.601993e-02
 10  1.962573e-02
 11  1.530354e-02
 12  1.225099e-02
 13  9.605997e-03
 14  7.876531e-03
 15  6.470723e-03
 16  5.612168e-03
 17  4.782501e-03
 18  4.219848e-03
 19  3.846086e-03
 20  3.466230e-03
 21  3.214455e-03
 22  3.070975e-03
 23  2.917340e-03
 24  2.782619e-03
 25  2.656521e-03
 26  2.518256e-03
 27  2.342201e-03
 28  2.146271e-03
 29  1.931744e-03
 30  1.719560e-03
 31  1.445333e-03
 32  1.210794e-03
 33  1.008607e-03
 34  8.291620e-04
 Iteration CPU time: 8 s
 CFIE residual: 0.000829162

 Iseg, Irank, Idinc : 1, 26, 5
 Thata, Phi : 90.000000, 4.000000
 Maximun iteration: 300
 Number of recycle truncation: 30
 Final matrix dimension:  36708
 Residual error:0.001000
 0  5.181807e-01
 1  2.697524e-01
 2  1.736570e-01
 3  1.217449e-01
 4  8.685396e-02
 5  6.573721e-02
 6  5.071115e-02
 7  3.803185e-02
 8  2.889962e-02
 9  2.336347e-02
 10  1.837354e-02
 11  1.468924e-02
 12  1.147604e-02
 13  9.404534e-03
 14  7.657790e-03
 15  6.149316e-03
 16  5.009306e-03
 17  4.152578e-03
 18  3.456252e-03
 19  3.002441e-03
 20  2.586863e-03
 21  2.246533e-03
 22  1.894511e-03
 23  1.633368e-03
 24  1.417175e-03
 25  1.245976e-03
 26  1.090708e-03
 27  9.992317e-04
 Iteration CPU time: 6 s
 CFIE residual: 0.000999232

 Iseg, Irank, Idinc : 1, 27, 173
 Thata, Phi : 90.000000, 172.000000
 Maximun iteration: 300
 Number of recycle truncation: 30
 Final matrix dimension:  36708
 Residual error:0.001000
 0  5.738516e-01
 1  3.000696e-01
 2  1.901971e-01
 3  1.341189e-01
 4  1.055024e-01
 5  8.243746e-02
 6  6.683819e-02
 7  5.601528e-02
 8  4.639852e-02
 9  3.757174e-02
 10  3.059399e-02
 11  2.561134e-02
 12  2.135735e-02
 13  1.753672e-02
 14  1.445116e-02
 15  1.172981e-02
 16  9.811118e-03
 17  7.821760e-03
 18  6.255597e-03
 19  5.053131e-03
 20  4.024211e-03
 21  3.269317e-03
 22  2.720574e-03
 23  2.327334e-03
 24  1.934975e-03
 25  1.570233e-03
 26  1.311719e-03
 27  1.102626e-03
 28  9.565158e-04
 Iteration CPU time: 7 s
 CFIE residual: 0.000956516

 Iseg, Irank, Idinc : 1, 28, 37
 Thata, Phi : 90.000000, 36.000000
 Maximun iteration: 300
 Number of recycle truncation: 30
 Final matrix dimension:  36708
 Residual error:0.001000
 0  6.231941e-01
 1  3.119265e-01
 2  1.919150e-01
 3  1.218381e-01
 4  8.320025e-02
 5  6.127484e-02
 6  4.443497e-02
 7  3.371033e-02
 8  2.616584e-02
 9  2.030244e-02
 10  1.583388e-02
 11  1.251559e-02
 12  1.004498e-02
 13  8.246339e-03
 14  6.664805e-03
 15  5.295548e-03
 16  4.343685e-03
 17  3.674629e-03
 18  3.115080e-03
 19  2.694003e-03
 20  2.364804e-03
 21  2.120682e-03
 22  1.919674e-03
 23  1.784205e-03
 24  1.678146e-03
 25  1.596123e-03
 26  1.508976e-03
 27  1.443039e-03
 28  1.379858e-03
 29  1.307261e-03
 30  1.224316e-03
 31  1.137272e-03
 32  1.042729e-03
 33  9.362385e-04
 Iteration CPU time: 7 s
 CFIE residual: 0.000936238

 Iseg, Irank, Idinc : 1, 29, 142
 Thata, Phi : 90.000000, 141.000000
 Maximun iteration: 300
 Number of recycle truncation: 30
 Final matrix dimension:  36708
 Residual error:0.001000
 0  6.818949e-01
 1  3.510806e-01
 2  2.120963e-01
 3  1.452182e-01
 4  1.062900e-01
 5  7.984906e-02
 6  6.191131e-02
 7  4.859422e-02
 8  3.996136e-02
 9  3.355086e-02
 10  2.778618e-02
 11  2.309999e-02
 12  1.920620e-02
 13  1.570780e-02
 14  1.248902e-02
 15  1.010610e-02
 16  8.099956e-03
 17  6.640618e-03
 18  5.398386e-03
 19  4.362318e-03
 20  3.598777e-03
 21  2.957981e-03
 22  2.539386e-03
 23  2.229326e-03
 24  1.980236e-03
 25  1.796217e-03
 26  1.649240e-03
 27  1.546152e-03
 28  1.473288e-03
 29  1.396765e-03
 30  1.327857e-03
 31  1.253862e-03
 32  1.185429e-03
 33  1.114944e-03
 34  1.040224e-03
 35  9.587898e-04
 Iteration CPU time: 8 s
 CFIE residual: 0.00095879

 Iseg, Irank, Idinc : 1, 30, 69
 Thata, Phi : 90.000000, 68.000000
 Maximun iteration: 300
 Number of recycle truncation: 30
 Final matrix dimension:  36708
 Residual error:0.001000
 0  6.524345e-01
 1  3.653577e-01
 2  2.326976e-01
 3  1.493239e-01
 4  1.068557e-01
 5  8.138224e-02
 6  6.210927e-02
 7  4.846278e-02
 8  4.012625e-02
 9  3.187579e-02
 10  2.488038e-02
 11  1.918988e-02
 12  1.534965e-02
 13  1.262602e-02
 14  1.048930e-02
 15  8.617686e-03
 16  7.296573e-03
 17  6.418189e-03
 18  5.684048e-03
 19  5.073293e-03
 20  4.555953e-03
 21  4.186500e-03
 22  3.932657e-03
 23  3.746133e-03
 24  3.584900e-03
 25  3.424910e-03
 26  3.245280e-03
 27  3.044237e-03
 28  2.821776e-03
 29  2.551370e-03
 30  2.200251e-03
 31  1.890521e-03
 32  1.619975e-03
 33  1.338511e-03
 34  1.088237e-03
 35  8.766254e-04
 Iteration CPU time: 8 s
 CFIE residual: 0.000876625

 Iseg, Irank, Idinc : 1, 31, 27
 Thata, Phi : 90.000000, 26.000000
 Maximun iteration: 300
 Number of recycle truncation: 30
 Final matrix dimension:  36708
 Residual error:0.001000
 0  6.362399e-01
 1  2.987012e-01
 2  1.698262e-01
 3  1.105382e-01
 4  7.723542e-02
 5  5.672739e-02
 6  4.197953e-02
 7  3.159208e-02
 8  2.515805e-02
 9  2.075975e-02
 10  1.661184e-02
 11  1.321651e-02
 12  1.061717e-02
 13  8.992930e-03
 14  7.244249e-03
 15  6.009382e-03
 16  4.937617e-03
 17  4.110110e-03
 18  3.435902e-03
 19  2.971571e-03
 20  2.488282e-03
 21  2.121719e-03
 22  1.823236e-03
 23  1.622894e-03
 24  1.488510e-03
 25  1.374761e-03
 26  1.278707e-03
 27  1.212347e-03
 28  1.151726e-03
 29  1.101189e-03
 30  1.059654e-03
 31  1.017356e-03
 32  9.727556e-04
 Iteration CPU time: 7 s
 CFIE residual: 0.000972756

 Iseg, Irank, Idinc : 1, 32, 164
 Thata, Phi : 90.000000, 163.000000
 Maximun iteration: 300
 Number of recycle truncation: 30
 Final matrix dimension:  36708
 Residual error:0.001000
 0  5.944089e-01
 1  3.055546e-01
 2  1.878709e-01
 3  1.305625e-01
 4  1.014425e-01
 5  8.055972e-02
 6  6.616071e-02
 7  5.336917e-02
 8  4.482503e-02
 9  3.819032e-02
 10  3.264032e-02
 11  2.711886e-02
 12  2.300794e-02
 13  1.856010e-02
 14  1.552320e-02
 15  1.270487e-02
 16  1.043725e-02
 17  8.469304e-03
 18  6.726978e-03
 19  5.501585e-03
 20  4.414098e-03
 21  3.539544e-03
 22  2.939978e-03
 23  2.466843e-03
 24  2.021071e-03
 25  1.686981e-03
 26  1.423627e-03
 27  1.249094e-03
 28  1.122791e-03
 29  1.044962e-03
 30  9.893525e-04
 Iteration CPU time: 7 s
 CFIE residual: 0.000989352

 Iseg, Irank, Idinc : 1, 33, 91
 Thata, Phi : 90.000000, 90.000000
 Maximun iteration: 300
 Number of recycle truncation: 30
 Final matrix dimension:  36708
 Residual error:0.001000
 0  6.124315e-01
 1  3.497726e-01
 2  2.233019e-01
 3  1.508699e-01
 4  1.072175e-01
 5  8.339887e-02
 6  6.469515e-02
 7  5.111230e-02
 8  4.127605e-02
 9  3.354778e-02
 10  2.651348e-02
 11  2.061124e-02
 12  1.694680e-02
 13  1.404320e-02
 14  1.154757e-02
 15  9.539814e-03
 16  7.740140e-03
 17  6.502710e-03
 18  5.566418e-03
 19  4.862951e-03
 20  4.356689e-03
 21  3.983956e-03
 22  3.675948e-03
 23  3.438216e-03
 24  3.224375e-03
 25  3.077178e-03
 26  2.944933e-03
 27  2.800777e-03
 28  2.651977e-03
 29  2.464229e-03
 30  2.254780e-03
 31  2.035752e-03
 32  1.756750e-03
 33  1.523388e-03
 34  1.273528e-03
 35  1.048607e-03
 36  8.400423e-04
 Iteration CPU time: 9 s
 CFIE residual: 0.000840042

 Iseg, Irank, Idinc : 1, 34, 3
 Thata, Phi : 90.000000, 2.000000
 Maximun iteration: 300
 Number of recycle truncation: 30
 Final matrix dimension:  36708
 Residual error:0.001000
 0  5.133561e-01
 1  2.685993e-01
 2  1.737975e-01
 3  1.213429e-01
 4  8.606452e-02
 5  6.526808e-02
 6  5.085610e-02
 7  3.816790e-02
 8  2.894904e-02
 9  2.316354e-02
 10  1.782150e-02
 11  1.444374e-02
 12  1.143627e-02
 13  9.173731e-03
 14  7.412869e-03
 15  5.969239e-03
 16  4.904568e-03
 17  4.060576e-03
 18  3.382555e-03
 19  2.927062e-03
 20  2.540352e-03
 21  2.202686e-03
 22  1.865930e-03
 23  1.600604e-03
 24  1.386440e-03
 25  1.208268e-03
 26  1.042864e-03
 27  9.483527e-04
 Iteration CPU time: 6 s
 CFIE residual: 0.000948353

 Iseg, Irank, Idinc : 1, 35, 180
 Thata, Phi : 90.000000, 179.000000
 Maximun iteration: 300
 Number of recycle truncation: 30
 Final matrix dimension:  36708
 Residual error:0.001000
 0  5.688164e-01
 1  2.996789e-01
 2  1.899581e-01
 3  1.332243e-01
 4  1.041313e-01
 5  8.000684e-02
 6  6.433392e-02
 7  5.439569e-02
 8  4.448243e-02
 9  3.472703e-02
 10  2.720588e-02
 11  2.147861e-02
 12  1.734977e-02
 13  1.358365e-02
 14  1.108650e-02
 15  8.518449e-03
 16  6.603042e-03
 17  5.319853e-03
 18  4.387381e-03
 19  3.532143e-03
 20  2.839576e-03
 21  2.362607e-03
 22  1.967660e-03
 23  1.657835e-03
 24  1.402699e-03
 25  1.176537e-03
 26  9.745448e-04
 Iteration CPU time: 6 s
 CFIE residual: 0.000974545

 Iseg, Irank, Idinc : 1, 36, 47
 Thata, Phi : 90.000000, 46.000000
 Maximun iteration: 300
 Number of recycle truncation: 30
 Final matrix dimension:  36708
 Residual error:0.001000
 0  6.378350e-01
 1  3.254037e-01
 2  2.030396e-01
 3  1.329433e-01
 4  9.446814e-02
 5  7.113688e-02
 6  5.293417e-02
 7  4.063928e-02
 8  3.119809e-02
 9  2.378646e-02
 10  1.818096e-02
 11  1.382703e-02
 12  1.090312e-02
 13  8.771772e-03
 14  7.250283e-03
 15  5.938461e-03
 16  4.893590e-03
 17  4.166041e-03
 18  3.636206e-03
 19  3.206193e-03
 20  2.870389e-03
 21  2.639423e-03
 22  2.470138e-03
 23  2.331067e-03
 24  2.231378e-03
 25  2.147296e-03
 26  2.042453e-03
 27  1.941381e-03
 28  1.797335e-03
 29  1.638461e-03
 30  1.475494e-03
 31  1.302869e-03
 32  1.140052e-03
 33  9.828133e-04
 Iteration CPU time: 8 s
 CFIE residual: 0.000982813

 Iseg, Irank, Idinc : 1, 37, 119
 Thata, Phi : 90.000000, 118.000000
 Maximun iteration: 300
 Number of recycle truncation: 30
 Final matrix dimension:  36708
 Residual error:0.001000
 0  6.476895e-01
 1  3.449408e-01
 2  2.198057e-01
 3  1.535347e-01
 4  1.090771e-01
 5  8.064834e-02
 6  6.257248e-02
 7  4.865847e-02
 8  3.853283e-02
 9  2.998326e-02
 10  2.355601e-02
 11  1.862495e-02
 12  1.504114e-02
 13  1.217662e-02
 14  9.877023e-03
 15  8.194971e-03
 16  6.842848e-03
 17  5.753553e-03
 18  4.817290e-03
 19  4.172448e-03
 20  3.636137e-03
 21  3.184427e-03
 22  2.817973e-03
 23  2.563128e-03
 24  2.354395e-03
 25  2.185609e-03
 26  2.063758e-03
 27  1.961154e-03
 28  1.882797e-03
 29  1.792756e-03
 30  1.709120e-03
 31  1.604156e-03
 32  1.448985e-03
 33  1.267569e-03
 34  1.084777e-03
 35  9.237840e-04
 Iteration CPU time: 8 s
 CFIE residual: 0.000923784

 Iseg, Irank, Idinc : 1, 38, 13
 Thata, Phi : 90.000000, 12.000000
 Maximun iteration: 300
 Number of recycle truncation: 30
 Final matrix dimension:  36708
 Residual error:0.001000
 0  5.593630e-01
 1  2.787414e-01
 2  1.732855e-01
 3  1.224058e-01
 4  8.732587e-02
 5  6.529813e-02
 6  5.120322e-02
 7  3.931369e-02
 8  3.067753e-02
 9  2.434921e-02
 10  1.911836e-02
 11  1.494380e-02
 12  1.160077e-02
 13  9.413945e-03
 14  7.659754e-03
 15  6.226408e-03
 16  5.082293e-03
 17  4.234961e-03
 18  3.563437e-03
 19  3.036189e-03
 20  2.552820e-03
 21  2.189982e-03
 22  1.846304e-03
 23  1.627036e-03
 24  1.435549e-03
 25  1.303464e-03
 26  1.189621e-03
 27  1.104120e-03
 28  1.029295e-03
 29  9.775456e-04
 Iteration CPU time: 7 s
 CFIE residual: 0.000977546

 Iseg, Irank, Idinc : 1, 39, 105
 Thata, Phi : 90.000000, 104.000000
 Maximun iteration: 300
 Number of recycle truncation: 30
 Final matrix dimension:  36708
 Residual error:0.001000
 0  6.159702e-01
 1  3.511221e-01
 2  2.199981e-01
 3  1.503756e-01
 4  1.045880e-01
 5  7.896616e-02
 6  6.110534e-02
 7  4.723233e-02
 8  3.777577e-02
 9  3.094063e-02
 10  2.443287e-02
 11  1.933978e-02
 12  1.583160e-02
 13  1.297282e-02
 14  1.049204e-02
 15  8.440721e-03
 16  7.057500e-03
 17  5.882950e-03
 18  4.904470e-03
 19  4.194714e-03
 20  3.675407e-03
 21  3.177301e-03
 22  2.796815e-03
 23  2.571931e-03
 24  2.360841e-03
 25  2.220493e-03
 26  2.111172e-03
 27  2.017939e-03
 28  1.928246e-03
 29  1.825808e-03
 30  1.716953e-03
 31  1.584652e-03
 32  1.440722e-03
 33  1.262247e-03
 34  1.081386e-03
 35  8.711650e-04
 Iteration CPU time: 8 s
 CFIE residual: 0.000871165

 Iseg, Irank, Idinc : 1, 40, 175
 Thata, Phi : 90.000000, 174.000000
 Maximun iteration: 300
 Number of recycle truncation: 30
 Final matrix dimension:  36708
 Residual error:0.001000
 0  5.717045e-01
 1  2.998747e-01
 2  1.902435e-01
 3  1.339500e-01
 4  1.052420e-01
 5  8.197007e-02
 6  6.613846e-02
 7  5.566797e-02
 8  4.593782e-02
 9  3.666181e-02
 10  2.933591e-02
 11  2.433000e-02
 12  2.013265e-02
 13  1.628447e-02
 14  1.351328e-02
 15  1.090449e-02
 16  9.030225e-03
 17  7.190639e-03
 18  5.810594e-03
 19  4.692893e-03
 20  3.736866e-03
 21  3.069589e-03
 22  2.551561e-03
 23  2.185194e-03
 24  1.833574e-03
 25  1.497276e-03
 26  1.250899e-03
 27  1.050799e-03
 28  9.100928e-04
 Iteration CPU time: 7 s
 CFIE residual: 0.000910093
 Last Built End in Sep 21 2025 00:06:12
 Total CPU time: 318 s
 Finished.
