 Last Built Begin in Sep 21 2025 00:06:12
 Pre-Type( Input ):           10
 Skl-Tol ( Input ):    1.0000000000000001E-005
 Wavelength in freespace: 0.0294118

 ################################################
 ##         Generating Required Mesh          ##
 ##         Waiting.....                      ##
 ################################################
 Subd No.      Subd Name
    1    Open-Duct_PRIME_model_meshAA1                                     
 isub,  nnode, npatch,  nedge:
    1      6118     12236     18354
 Scale Factor         >>   1.54999997E-02
 ################################################

 START TIME: 20250922   010512.787


 Informaton for IE geometry:
 number of subdomains     : 1
 maxnode,maxpatch,maxedge : 6118  12236  18354
 
 Index of Mat-Reg: 1
 Mat-Reg Number via MatFlg: 1
 Edge Number of Mat-Reg: 1, 18354

 Number of Edge on PEC: 18354
 Mat-Reg: No Dim(m) Lmax:
    1 0.244    5
 Totlmax, add1, add2:           5           6           7
 rlengmax of Global MLFMA >>   0.24378261622137498     
 Lmax of Global MLFMA >>            5
 Wavenum of Mat-Reg:
    1 1.000

 total area in sq m           =      0.0510
 total area in sq lambda      =     58.9213
 maxnode, maxpatch, maxedge           =     6118    12236    18354
 longest  edge in lambda              =      0.1587
 shortest edge in lambda              =      0.0075
 average  edge in lambda              =      0.1060
 largest  patch area in sq lambda     =      0.0085
 smallest patch area in sq lambda     =      0.0000
 ave    surface area in sq lambda     =      0.0048
 size range of the object in sq lambda =      7.8010

 #### MLFMA Info For Each Region ####
 Mat-Region =            1
 Array dimension parameters:
 maxrule=          14   maxgrid  =          64
 lmax   =           5   ncmax    =        1250
 lsmax  =          27   lsmin    =           7
 kpm    =        1462   kp0      =         102
 ntlm   =      217096   nsm      =      232158
 nkpm   =        2284   niplm    =      146176
 ngnearm=       14257   ngsndm   =       64634
 nearm  =         333   mfinestm =         119
 ###############################

 CFIE Alpha:  0.50000000000000000     

 Fill MLFMA FI for Mat-Reg:           1
 Begin filltl.f
 fill translation matrix
 Level:            2
 fill shifting matrix
 Level:            3
 fill shifting matrix
 Level:            4
 fill shifting matrix
 Level:            5
 fill shifting matrix
 translator time(s):  0.121000007    
 fill interpolation matrix
 ThetaOrder            8
 PhiOrder            8
 lsl            7
 Filling TL                  Delta_CPU=          0.52 Memory(MB)=        653.98
 Filling sndgrp              Delta_CPU=          0.00 Memory(MB)=        653.98
 Filling VFS                 Delta_CPU=          3.23 Memory(MB)=        653.98

 Fill MLFMA NI for Mat-Reg:           1
 Begin fill sparser part of Nearfield
 Begin fill denser part of Nearfield
 End fill
 Filling Amn                 Delta_CPU=         91.29 Memory(MB)=        653.98


 Now testing preconditioner with
 ipretype =           10
 method = cfie_solve_nfrasspspre_pardiso

  
 NBP>>Begin fill sparser part of Nearfield

114.1519% NBP>>Begin fill denser part of Nearfield

200.1041%
 Begin MLFMA Box-Matrix Based Spar-RAS Prec Constructor
 --- Intel MKL PARDISO --- 
 Memory for iGroup: 1 0 MB
 Total Memory For SparRAS Pre: 0 MB
 --- PARDISO PRECONDITIONER INITIALIZED --- 
 Constructing preconditioner CPU time: 4 s
 
 1101240
 Memory for Iteration:: 16.8036 MB

 Iseg, Ninc_S : 1, 181, 0

 Iseg, Skeleton Angles: 1, 40
 Iseg, Skel-Pk Mem(MB): 1, 314.35

 Iseg, Irank, Idinc : 1, 1, 42
 Thata, Phi : 90.000000, 41.000000
 Maximun iteration: 300
 Number of recycle truncation: 30
 Final matrix dimension:  36708
 Residual error:0.001000
 0  6.317452e-01
 1  3.150985e-01
 2  1.990825e-01
 3  1.275449e-01
 4  8.793387e-02
 5  6.487609e-02
 6  4.875411e-02
 7  3.735128e-02
 8  2.851534e-02
 9  2.163038e-02
 10  1.614522e-02
 11  1.305053e-02
 12  1.038722e-02
 13  8.390667e-03
 14  6.896726e-03
 15  5.606639e-03
 16  4.747061e-03
 17  3.882715e-03
 18  3.243629e-03
 19  2.751582e-03
 20  2.416706e-03
 21  2.135243e-03
 22  1.966611e-03
 23  1.830163e-03
 24  1.732132e-03
 25  1.650126e-03
 26  1.594019e-03
 27  1.544333e-03
 28  1.505694e-03
 29  1.470830e-03
 30  1.434362e-03
 31  1.380940e-03
 32  1.318854e-03
 33  1.217151e-03
 34  1.089379e-03
 35  9.462169e-04
 Iteration CPU time: 8 s
 CFIE residual: 0.000946217

 Iseg, Irank, Idinc : 1, 2, 22
 Thata, Phi : 90.000000, 21.000000
 Maximun iteration: 300
 Number of recycle truncation: 30
 Final matrix dimension:  36708
 Residual error:0.001000
 0  6.273940e-01
 1  2.941531e-01
 2  1.718856e-01
 3  1.144900e-01
 4  7.982181e-02
 5  5.903293e-02
 6  4.487721e-02
 7  3.472989e-02
 8  2.787752e-02
 9  2.234022e-02
 10  1.782888e-02
 11  1.417472e-02
 12  1.157872e-02
 13  9.503667e-03
 14  8.028632e-03
 15  6.459802e-03
 16  5.359763e-03
 17  4.578723e-03
 18  3.818519e-03
 19  3.231746e-03
 20  2.681974e-03
 21  2.197407e-03
 22  1.825999e-03
 23  1.573997e-03
 24  1.360617e-03
 25  1.195413e-03
 26  1.055003e-03
 27  9.309593e-04
 Iteration CPU time: 6 s
 CFIE residual: 0.000930959

 Iseg, Irank, Idinc : 1, 3, 109
 Thata, Phi : 90.000000, 108.000000
 Maximun iteration: 300
 Number of recycle truncation: 30
 Final matrix dimension:  36708
 Residual error:0.001000
 0  6.230794e-01
 1  3.522838e-01
 2  2.192512e-01
 3  1.497930e-01
 4  1.053974e-01
 5  7.927987e-02
 6  6.090699e-02
 7  4.751879e-02
 8  3.795696e-02
 9  3.013771e-02
 10  2.416859e-02
 11  1.976202e-02
 12  1.594045e-02
 13  1.323109e-02
 14  1.096302e-02
 15  8.921422e-03
 16  7.604254e-03
 17  6.375052e-03
 18  5.366166e-03
 19  4.589759e-03
 20  3.907136e-03
 21  3.329680e-03
 22  2.949993e-03
 23  2.668675e-03
 24  2.481055e-03
 25  2.324633e-03
 26  2.226691e-03
 27  2.142391e-03
 28  2.084256e-03
 29  2.014879e-03
 30  1.934313e-03
 31  1.842108e-03
 32  1.736211e-03
 33  1.586145e-03
 34  1.435168e-03
 35  1.265084e-03
 36  1.087769e-03
 37  8.976033e-04
 Iteration CPU time: 8 s
 CFIE residual: 0.000897603

 Iseg, Irank, Idinc : 1, 4, 63
 Thata, Phi : 90.000000, 62.000000
 Maximun iteration: 300
 Number of recycle truncation: 30
 Final matrix dimension:  36708
 Residual error:0.001000
 0  6.583902e-01
 1  3.573128e-01
 2  2.224842e-01
 3  1.424647e-01
 4  1.010369e-01
 5  7.760700e-02
 6  5.828654e-02
 7  4.631097e-02
 8  3.663013e-02
 9  2.905203e-02
 10  2.241155e-02
 11  1.730777e-02
 12  1.382436e-02
 13  1.101912e-02
 14  9.080951e-03
 15  7.699630e-03
 16  6.350394e-03
 17  5.492398e-03
 18  4.766235e-03
 19  4.294858e-03
 20  4.005111e-03
 21  3.744428e-03
 22  3.523658e-03
 23  3.338002e-03
 24  3.201218e-03
 25  3.104134e-03
 26  3.016590e-03
 27  2.927032e-03
 28  2.824613e-03
 29  2.693551e-03
 30  2.487442e-03
 31  2.273229e-03
 32  1.985438e-03
 33  1.728681e-03
 34  1.466125e-03
 35  1.223345e-03
 36  1.021896e-03
 37  8.365549e-04
 Iteration CPU time: 9 s
 CFIE residual: 0.000836555

 Iseg, Irank, Idinc : 1, 5, 147
 Thata, Phi : 90.000000, 146.000000
 Maximun iteration: 300
 Number of recycle truncation: 30
 Final matrix dimension:  36708
 Residual error:0.001000
 0  6.560341e-01
 1  3.455785e-01
 2  2.104770e-01
 3  1.412663e-01
 4  1.016961e-01
 5  7.729280e-02
 6  6.046042e-02
 7  4.742096e-02
 8  3.939621e-02
 9  3.387305e-02
 10  2.869059e-02
 11  2.463537e-02
 12  2.121475e-02
 13  1.783620e-02
 14  1.474449e-02
 15  1.234352e-02
 16  1.024871e-02
 17  8.473007e-03
 18  6.838441e-03
 19  5.702653e-03
 20  4.649776e-03
 21  3.881741e-03
 22  3.331180e-03
 23  2.860485e-03
 24  2.492948e-03
 25  2.157926e-03
 26  1.920131e-03
 27  1.746921e-03
 28  1.624764e-03
 29  1.546296e-03
 30  1.488838e-03
 31  1.449243e-03
 32  1.415971e-03
 33  1.371671e-03
 34  1.317723e-03
 35  1.236168e-03
 36  1.131982e-03
 37  1.019805e-03
 38  8.829542e-04
 Iteration CPU time: 8 s
 CFIE residual: 0.000882954

 Iseg, Irank, Idinc : 1, 6, 136
 Thata, Phi : 90.000000, 135.000000
 Maximun iteration: 300
 Number of recycle truncation: 30
 Final matrix dimension:  36708
 Residual error:0.001000
 0  6.985895e-01
 1  3.519477e-01
 2  2.193206e-01
 3  1.484421e-01
 4  1.074999e-01
 5  8.079549e-02
 6  6.106048e-02
 7  4.823071e-02
 8  3.848589e-02
 9  3.231775e-02
 10  2.607018e-02
 11  2.131562e-02
 12  1.735775e-02
 13  1.444177e-02
 14  1.191489e-02
 15  9.718123e-03
 16  8.027445e-03
 17  6.691252e-03
 18  5.595436e-03
 19  4.718300e-03
 20  3.978141e-03
 21  3.520088e-03
 22  3.099004e-03
 23  2.781697e-03
 24  2.536301e-03
 25  2.358863e-03
 26  2.220442e-03
 27  2.117626e-03
 28  2.034032e-03
 29  1.968086e-03
 30  1.894328e-03
 31  1.840612e-03
 32  1.784953e-03
 33  1.723575e-03
 34  1.643610e-03
 35  1.537574e-03
 36  1.423013e-03
 37  1.273656e-03
 38  1.087367e-03
 39  8.930191e-04
 Iteration CPU time: 9 s
 CFIE residual: 0.000893019

 Iseg, Irank, Idinc : 1, 7, 83
 Thata, Phi : 90.000000, 82.000000
 Maximun iteration: 300
 Number of recycle truncation: 30
 Final matrix dimension:  36708
 Residual error:0.001000
 0  6.116336e-01
 1  3.492062e-01
 2  2.237521e-01
 3  1.499364e-01
 4  1.091388e-01
 5  8.332177e-02
 6  6.388789e-02
 7  5.049245e-02
 8  4.078139e-02
 9  3.167678e-02
 10  2.501670e-02
 11  2.032452e-02
 12  1.672841e-02
 13  1.360376e-02
 14  1.139485e-02
 15  9.378912e-03
 16  7.898258e-03
 17  6.755137e-03
 18  5.856584e-03
 19  5.123468e-03
 20  4.548297e-03
 21  4.142655e-03
 22  3.847366e-03
 23  3.631976e-03
 24  3.484097e-03
 25  3.378598e-03
 26  3.287060e-03
 27  3.190076e-03
 28  3.107108e-03
 29  2.994781e-03
 30  2.846820e-03
 31  2.664486e-03
 32  2.458966e-03
 33  2.225571e-03
 34  1.905330e-03
 35  1.632353e-03
 36  1.379413e-03
 37  1.170037e-03
 38  9.751572e-04
 Iteration CPU time: 8 s
 CFIE residual: 0.000975157

 Iseg, Irank, Idinc : 1, 8, 72
 Thata, Phi : 90.000000, 71.000000
 Maximun iteration: 300
 Number of recycle truncation: 30
 Final matrix dimension:  36708
 Residual error:0.001000
 0  6.377926e-01
 1  3.643223e-01
 2  2.355184e-01
 3  1.480717e-01
 4  1.037770e-01
 5  8.121551e-02
 6  6.254608e-02
 7  4.825291e-02
 8  3.831642e-02
 9  3.110485e-02
 10  2.504969e-02
 11  1.988318e-02
 12  1.568233e-02
 13  1.273937e-02
 14  1.052365e-02
 15  8.797342e-03
 16  7.458523e-03
 17  6.437795e-03
 18  5.607331e-03
 19  5.044919e-03
 20  4.632082e-03
 21  4.256667e-03
 22  3.995765e-03
 23  3.764854e-03
 24  3.600641e-03
 25  3.493188e-03
 26  3.401853e-03
 27  3.321247e-03
 28  3.213203e-03
 29  3.066667e-03
 30  2.863558e-03
 31  2.617462e-03
 32  2.335322e-03
 33  2.036583e-03
 34  1.740994e-03
 35  1.472076e-03
 36  1.237373e-03
 37  1.024032e-03
 38  8.169898e-04
 Iteration CPU time: 8 s
 CFIE residual: 0.00081699

 Iseg, Irank, Idinc : 1, 9, 159
 Thata, Phi : 90.000000, 158.000000
 Maximun iteration: 300
 Number of recycle truncation: 30
 Final matrix dimension:  36708
 Residual error:0.001000
 0  6.190729e-01
 1  3.149073e-01
 2  1.918545e-01
 3  1.296870e-01
 4  9.762262e-02
 5  7.757509e-02
 6  6.226340e-02
 7  5.088604e-02
 8  4.263670e-02
 9  3.660125e-02
 10  3.142465e-02
 11  2.718728e-02
 12  2.333634e-02
 13  1.986858e-02
 14  1.625123e-02
 15  1.378811e-02
 16  1.153443e-02
 17  9.453468e-03
 18  7.823897e-03
 19  6.527562e-03
 20  5.365295e-03
 21  4.392811e-03
 22  3.619763e-03
 23  3.030647e-03
 24  2.492028e-03
 25  2.086099e-03
 26  1.716335e-03
 27  1.492705e-03
 28  1.311019e-03
 29  1.187540e-03
 30  1.105173e-03
 31  1.041029e-03
 32  1.002528e-03
 33  9.694596e-04
 Iteration CPU time: 8 s
 CFIE residual: 0.00096946

 Iseg, Irank, Idinc : 1, 10, 124
 Thata, Phi : 90.000000, 123.000000
 Maximun iteration: 300
 Number of recycle truncation: 30
 Final matrix dimension:  36708
 Residual error:0.001000
 0  6.551784e-01
 1  3.414347e-01
 2  2.220643e-01
 3  1.564390e-01
 4  1.123850e-01
 5  8.258927e-02
 6  6.522656e-02
 7  5.090202e-02
 8  4.052705e-02
 9  3.273338e-02
 10  2.540001e-02
 11  2.051936e-02
 12  1.591305e-02
 13  1.273080e-02
 14  1.037947e-02
 15  8.570702e-03
 16  7.325510e-03
 17  6.212166e-03
 18  5.072341e-03
 19  4.333015e-03
 20  3.792605e-03
 21  3.257663e-03
 22  2.910439e-03
 23  2.600842e-03
 24  2.344188e-03
 25  2.117057e-03
 26  1.979940e-03
 27  1.854385e-03
 28  1.752524e-03
 29  1.680168e-03
 30  1.614387e-03
 31  1.561266e-03
 32  1.518320e-03
 33  1.476964e-03
 34  1.422506e-03
 35  1.359348e-03
 36  1.277543e-03
 37  1.146244e-03
 38  1.005037e-03
 39  8.622923e-04
 Iteration CPU time: 8 s
 CFIE residual: 0.000862292

 Iseg, Irank, Idinc : 1, 11, 53
 Thata, Phi : 90.000000, 52.000000
 Maximun iteration: 300
 Number of recycle truncation: 30
 Final matrix dimension:  36708
 Residual error:0.001000
 0  6.529653e-01
 1  3.431216e-01
 2  2.101839e-01
 3  1.347316e-01
 4  9.621608e-02
 5  7.307379e-02
 6  5.654804e-02
 7  4.370545e-02
 8  3.333365e-02
 9  2.565751e-02
 10  1.982070e-02
 11  1.541450e-02
 12  1.204149e-02
 13  9.499209e-03
 14  7.872956e-03
 15  6.522042e-03
 16  5.396191e-03
 17  4.488524e-03
 18  3.837191e-03
 19  3.317634e-03
 20  2.984156e-03
 21  2.787582e-03
 22  2.653661e-03
 23  2.516370e-03
 24  2.414086e-03
 25  2.344074e-03
 26  2.290725e-03
 27  2.215816e-03
 28  2.145323e-03
 29  2.052608e-03
 30  1.927134e-03
 31  1.741974e-03
 32  1.541028e-03
 33  1.359807e-03
 34  1.179457e-03
 35  1.003652e-03
 36  8.378928e-04
 Iteration CPU time: 8 s
 CFIE residual: 0.000837893

 Iseg, Irank, Idinc : 1, 12, 91
 Thata, Phi : 90.000000, 90.000000
 Maximun iteration: 300
 Number of recycle truncation: 30
 Final matrix dimension:  36708
 Residual error:0.001000
 0  6.042801e-01
 1  3.464393e-01
 2  2.200806e-01
 3  1.500408e-01
 4  1.072709e-01
 5  8.203817e-02
 6  6.380280e-02
 7  5.005025e-02
 8  4.047557e-02
 9  3.230043e-02
 10  2.607515e-02
 11  2.133552e-02
 12  1.766805e-02
 13  1.498378e-02
 14  1.254618e-02
 15  1.015551e-02
 16  8.507856e-03
 17  7.154425e-03
 18  6.099796e-03
 19  5.272904e-03
 20  4.611236e-03
 21  4.100812e-03
 22  3.750530e-03
 23  3.507106e-03
 24  3.319551e-03
 25  3.181409e-03
 26  3.064454e-03
 27  2.966107e-03
 28  2.875602e-03
 29  2.770832e-03
 30  2.654189e-03
 31  2.507908e-03
 32  2.354792e-03
 33  2.159420e-03
 34  1.922172e-03
 35  1.694219e-03
 36  1.457050e-03
 37  1.210592e-03
 38  9.905303e-04
 Iteration CPU time: 8 s
 CFIE residual: 0.00099053

 Iseg, Irank, Idinc : 1, 13, 176
 Thata, Phi : 90.000000, 175.000000
 Maximun iteration: 300
 Number of recycle truncation: 30
 Final matrix dimension:  36708
 Residual error:0.001000
 0  5.846109e-01
 1  2.988851e-01
 2  1.865281e-01
 3  1.320298e-01
 4  1.021132e-01
 5  8.124108e-02
 6  6.533720e-02
 7  5.509576e-02
 8  4.562042e-02
 9  3.717994e-02
 10  3.108705e-02
 11  2.583858e-02
 12  2.120343e-02
 13  1.785281e-02
 14  1.470541e-02
 15  1.193658e-02
 16  9.800710e-03
 17  8.050085e-03
 18  6.618926e-03
 19  5.500291e-03
 20  4.525721e-03
 21  3.839523e-03
 22  3.211368e-03
 23  2.726077e-03
 24  2.328349e-03
 25  1.985594e-03
 26  1.698800e-03
 27  1.472788e-03
 28  1.285761e-03
 29  1.132752e-03
 30  1.033201e-03
 31  9.457320e-04
 Iteration CPU time: 7 s
 CFIE residual: 0.000945732

 Iseg, Irank, Idinc : 1, 14, 32
 Thata, Phi : 90.000000, 31.000000
 Maximun iteration: 300
 Number of recycle truncation: 30
 Final matrix dimension:  36708
 Residual error:0.001000
 0  6.326061e-01
 1  3.071099e-01
 2  1.818988e-01
 3  1.137160e-01
 4  8.007319e-02
 5  5.883929e-02
 6  4.324573e-02
 7  3.293665e-02
 8  2.589169e-02
 9  2.041294e-02
 10  1.640850e-02
 11  1.349214e-02
 12  1.059093e-02
 13  8.717194e-03
 14  7.200016e-03
 15  5.794258e-03
 16  4.796123e-03
 17  4.007161e-03
 18  3.329130e-03
 19  2.873676e-03
 20  2.432001e-03
 21  2.085933e-03
 22  1.785448e-03
 23  1.592999e-03
 24  1.417378e-03
 25  1.296323e-03
 26  1.197114e-03
 27  1.119704e-03
 28  1.062829e-03
 29  1.027497e-03
 30  9.987684e-04
 Iteration CPU time: 6 s
 CFIE residual: 0.000998768

 Iseg, Irank, Idinc : 1, 15, 10
 Thata, Phi : 90.000000, 9.000000
 Maximun iteration: 300
 Number of recycle truncation: 30
 Final matrix dimension:  36708
 Residual error:0.001000
 0  5.488290e-01
 1  2.781848e-01
 2  1.761880e-01
 3  1.237265e-01
 4  8.995469e-02
 5  6.692866e-02
 6  5.099189e-02
 7  3.954686e-02
 8  3.110350e-02
 9  2.427438e-02
 10  1.904777e-02
 11  1.510019e-02
 12  1.219882e-02
 13  9.970422e-03
 14  8.055456e-03
 15  6.359208e-03
 16  5.318790e-03
 17  4.487308e-03
 18  3.795563e-03
 19  3.229408e-03
 20  2.775232e-03
 21  2.352691e-03
 22  1.967174e-03
 23  1.671607e-03
 24  1.451568e-03
 25  1.244671e-03
 26  1.092010e-03
 27  9.356656e-04
 Iteration CPU time: 7 s
 CFIE residual: 0.000935666

 Iseg, Irank, Idinc : 1, 16, 100
 Thata, Phi : 90.000000, 99.000000
 Maximun iteration: 300
 Number of recycle truncation: 30
 Final matrix dimension:  36708
 Residual error:0.001000
 0  6.084431e-01
 1  3.445500e-01
 2  2.164185e-01
 3  1.463825e-01
 4  1.047473e-01
 5  7.878733e-02
 6  6.054741e-02
 7  4.824122e-02
 8  3.813043e-02
 9  3.101995e-02
 10  2.536587e-02
 11  2.075382e-02
 12  1.704358e-02
 13  1.412415e-02
 14  1.191128e-02
 15  9.965141e-03
 16  8.376943e-03
 17  7.095548e-03
 18  5.951930e-03
 19  5.040177e-03
 20  4.294937e-03
 21  3.724881e-03
 22  3.351089e-03
 23  3.086972e-03
 24  2.859872e-03
 25  2.736308e-03
 26  2.625790e-03
 27  2.532327e-03
 28  2.447975e-03
 29  2.381661e-03
 30  2.305613e-03
 31  2.217849e-03
 32  2.084713e-03
 33  1.924177e-03
 34  1.725223e-03
 35  1.520214e-03
 36  1.320847e-03
 37  1.123554e-03
 38  9.503468e-04
 Iteration CPU time: 8 s
 CFIE residual: 0.000950347

 Iseg, Irank, Idinc : 1, 17, 116
 Thata, Phi : 90.000000, 115.000000
 Maximun iteration: 300
 Number of recycle truncation: 30
 Final matrix dimension:  36708
 Residual error:0.001000
 0  6.445156e-01
 1  3.481283e-01
 2  2.173554e-01
 3  1.515542e-01
 4  1.083863e-01
 5  7.918640e-02
 6  6.134308e-02
 7  4.799561e-02
 8  3.780369e-02
 9  3.008280e-02
 10  2.412621e-02
 11  1.902878e-02
 12  1.528472e-02
 13  1.258685e-02
 14  1.036442e-02
 15  8.629236e-03
 16  7.192947e-03
 17  5.987263e-03
 18  4.973347e-03
 19  4.260343e-03
 20  3.676095e-03
 21  3.195803e-03
 22  2.856997e-03
 23  2.560007e-03
 24  2.369498e-03
 25  2.180914e-03
 26  2.066392e-03
 27  1.977957e-03
 28  1.909136e-03
 29  1.852095e-03
 30  1.800974e-03
 31  1.745111e-03
 32  1.672343e-03
 33  1.587085e-03
 34  1.461783e-03
 35  1.309396e-03
 36  1.158334e-03
 37  9.829873e-04
 Iteration CPU time: 9 s
 CFIE residual: 0.000982987

 Iseg, Irank, Idinc : 1, 18, 1
 Thata, Phi : 90.000000, 0.000000
 Maximun iteration: 300
 Number of recycle truncation: 30
 Final matrix dimension:  36708
 Residual error:0.001000
 0  5.182166e-01
 1  2.722442e-01
 2  1.761768e-01
 3  1.212880e-01
 4  8.689039e-02
 5  6.655508e-02
 6  5.160224e-02
 7  3.809165e-02
 8  2.893399e-02
 9  2.301172e-02
 10  1.878270e-02
 11  1.499370e-02
 12  1.131655e-02
 13  9.171242e-03
 14  7.383273e-03
 15  6.090770e-03
 16  4.987344e-03
 17  4.244708e-03
 18  3.582078e-03
 19  3.078350e-03
 20  2.619404e-03
 21  2.208297e-03
 22  1.841304e-03
 23  1.510163e-03
 24  1.220309e-03
 25  1.000030e-03
 26  8.049268e-04
 Iteration CPU time: 6 s
 CFIE residual: 0.000804927

 Iseg, Irank, Idinc : 1, 19, 167
 Thata, Phi : 90.000000, 166.000000
 Maximun iteration: 300
 Number of recycle truncation: 30
 Final matrix dimension:  36708
 Residual error:0.001000
 0  5.928118e-01
 1  3.013128e-01
 2  1.862852e-01
 3  1.311311e-01
 4  1.013397e-01
 5  8.059743e-02
 6  6.508410e-02
 7  5.443008e-02
 8  4.546186e-02
 9  3.852417e-02
 10  3.249434e-02
 11  2.750304e-02
 12  2.398035e-02
 13  2.062939e-02
 14  1.702542e-02
 15  1.419321e-02
 16  1.190583e-02
 17  9.931631e-03
 18  8.205588e-03
 19  6.734125e-03
 20  5.429620e-03
 21  4.518364e-03
 22  3.770170e-03
 23  3.172720e-03
 24  2.624871e-03
 25  2.187133e-03
 26  1.827009e-03
 27  1.575163e-03
 28  1.365782e-03
 29  1.213360e-03
 30  1.098040e-03
 31  1.016334e-03
 32  9.527836e-04
 Iteration CPU time: 7 s
 CFIE residual: 0.000952784

 Iseg, Irank, Idinc : 1, 20, 181
 Thata, Phi : 90.000000, 180.000000
 Maximun iteration: 300
 Number of recycle truncation: 30
 Final matrix dimension:  36708
 Residual error:0.001000
 0  5.841468e-01
 1  2.988882e-01
 2  1.860230e-01
 3  1.312076e-01
 4  1.006481e-01
 5  7.965659e-02
 6  6.424175e-02
 7  5.406511e-02
 8  4.476705e-02
 9  3.612861e-02
 10  2.904403e-02
 11  2.371723e-02
 12  1.902246e-02
 13  1.552686e-02
 14  1.233284e-02
 15  9.730247e-03
 16  7.736490e-03
 17  6.308075e-03
 18  5.279606e-03
 19  4.383445e-03
 20  3.642972e-03
 21  3.064198e-03
 22  2.534244e-03
 23  2.111295e-03
 24  1.788095e-03
 25  1.513598e-03
 26  1.291071e-03
 27  1.113132e-03
 28  9.607070e-04
 Iteration CPU time: 7 s
 CFIE residual: 0.000960707

 Iseg, Irank, Idinc : 1, 21, 153
 Thata, Phi : 90.000000, 152.000000
 Maximun iteration: 300
 Number of recycle truncation: 30
 Final matrix dimension:  36708
 Residual error:0.001000
 0  6.357897e-01
 1  3.297613e-01
 2  2.028091e-01
 3  1.345441e-01
 4  9.900481e-02
 5  7.738872e-02
 6  6.058778e-02
 7  4.884779e-02
 8  4.049574e-02
 9  3.433321e-02
 10  2.922888e-02
 11  2.504461e-02
 12  2.167699e-02
 13  1.845666e-02
 14  1.500626e-02
 15  1.253040e-02
 16  1.052176e-02
 17  8.718318e-03
 18  7.227855e-03
 19  6.104374e-03
 20  5.059382e-03
 21  4.182435e-03
 22  3.408925e-03
 23  2.881535e-03
 24  2.363980e-03
 25  1.999781e-03
 26  1.684561e-03
 27  1.498167e-03
 28  1.339682e-03
 29  1.237134e-03
 30  1.176020e-03
 31  1.120871e-03
 32  1.080577e-03
 33  1.041928e-03
 34  1.012274e-03
 35  9.680575e-04
 Iteration CPU time: 8 s
 CFIE residual: 0.000968058

 Iseg, Irank, Idinc : 1, 22, 78
 Thata, Phi : 90.000000, 77.000000
 Maximun iteration: 300
 Number of recycle truncation: 30
 Final matrix dimension:  36708
 Residual error:0.001000
 0  6.183692e-01
 1  3.550751e-01
 2  2.295574e-01
 3  1.475475e-01
 4  1.049536e-01
 5  7.961252e-02
 6  6.221586e-02
 7  4.850117e-02
 8  3.877500e-02
 9  3.066505e-02
 10  2.456145e-02
 11  1.945366e-02
 12  1.583236e-02
 13  1.303561e-02
 14  1.109081e-02
 15  9.275443e-03
 16  7.862376e-03
 17  6.728861e-03
 18  5.910257e-03
 19  5.257242e-03
 20  4.743583e-03
 21  4.322620e-03
 22  4.020681e-03
 23  3.763767e-03
 24  3.580424e-03
 25  3.468637e-03
 26  3.375795e-03
 27  3.293769e-03
 28  3.210302e-03
 29  3.099038e-03
 30  2.938944e-03
 31  2.721180e-03
 32  2.474319e-03
 33  2.237548e-03
 34  1.917233e-03
 35  1.637806e-03
 36  1.381045e-03
 37  1.159569e-03
 38  9.422508e-04
 Iteration CPU time: 8 s
 CFIE residual: 0.000942251

 Iseg, Irank, Idinc : 1, 23, 16
 Thata, Phi : 90.000000, 15.000000
 Maximun iteration: 300
 Number of recycle truncation: 30
 Final matrix dimension:  36708
 Residual error:0.001000
 0  5.892447e-01
 1  2.856469e-01
 2  1.748923e-01
 3  1.203689e-01
 4  8.587999e-02
 5  6.370329e-02
 6  4.942327e-02
 7  3.823389e-02
 8  3.011233e-02
 9  2.425130e-02
 10  1.929006e-02
 11  1.511895e-02
 12  1.200447e-02
 13  9.709073e-03
 14  8.130027e-03
 15  6.495187e-03
 16  5.357695e-03
 17  4.557773e-03
 18  3.851214e-03
 19  3.267934e-03
 20  2.719872e-03
 21  2.260987e-03
 22  1.895460e-03
 23  1.609118e-03
 24  1.401328e-03
 25  1.211310e-03
 26  1.065079e-03
 27  9.232073e-04
 Iteration CPU time: 7 s
 CFIE residual: 0.000923207

 Iseg, Irank, Idinc : 1, 24, 130
 Thata, Phi : 90.000000, 129.000000
 Maximun iteration: 300
 Number of recycle truncation: 30
 Final matrix dimension:  36708
 Residual error:0.001000
 0  6.750133e-01
 1  3.509090e-01
 2  2.241049e-01
 3  1.534792e-01
 4  1.106044e-01
 5  8.209364e-02
 6  6.364205e-02
 7  5.016072e-02
 8  3.952701e-02
 9  3.219936e-02
 10  2.595961e-02
 11  2.061923e-02
 12  1.616875e-02
 13  1.301161e-02
 14  1.055867e-02
 15  8.644124e-03
 16  7.205683e-03
 17  5.883330e-03
 18  4.907169e-03
 19  4.219324e-03
 20  3.588440e-03
 21  3.115012e-03
 22  2.784915e-03
 23  2.483406e-03
 24  2.250959e-03
 25  2.081010e-03
 26  1.967236e-03
 27  1.878270e-03
 28  1.797700e-03
 29  1.731537e-03
 30  1.668120e-03
 31  1.622106e-03
 32  1.580179e-03
 33  1.525416e-03
 34  1.453802e-03
 35  1.366270e-03
 36  1.242666e-03
 37  1.099735e-03
 38  9.369665e-04
 Iteration CPU time: 8 s
 CFIE residual: 0.000936967

 Iseg, Irank, Idinc : 1, 25, 48
 Thata, Phi : 90.000000, 47.000000
 Maximun iteration: 300
 Number of recycle truncation: 30
 Final matrix dimension:  36708
 Residual error:0.001000
 0  6.411394e-01
 1  3.310530e-01
 2  2.050180e-01
 3  1.337648e-01
 4  9.564353e-02
 5  7.307267e-02
 6  5.551441e-02
 7  4.236841e-02
 8  3.248051e-02
 9  2.472830e-02
 10  1.871608e-02
 11  1.462663e-02
 12  1.151904e-02
 13  9.360410e-03
 14  7.687616e-03
 15  6.336823e-03
 16  5.230120e-03
 17  4.315943e-03
 18  3.631448e-03
 19  3.103122e-03
 20  2.760590e-03
 21  2.534258e-03
 22  2.389063e-03
 23  2.241438e-03
 24  2.144458e-03
 25  2.063346e-03
 26  2.013162e-03
 27  1.963462e-03
 28  1.907249e-03
 29  1.849908e-03
 30  1.771186e-03
 31  1.649269e-03
 32  1.532604e-03
 33  1.368111e-03
 34  1.187116e-03
 35  1.014585e-03
 36  8.349771e-04
 Iteration CPU time: 9 s
 CFIE residual: 0.000834977

 Iseg, Irank, Idinc : 1, 26, 5
 Thata, Phi : 90.000000, 4.000000
 Maximun iteration: 300
 Number of recycle truncation: 30
 Final matrix dimension:  36708
 Residual error:0.001000
 0  5.248785e-01
 1  2.736464e-01
 2  1.761230e-01
 3  1.222511e-01
 4  8.824547e-02
 5  6.677923e-02
 6  5.111958e-02
 7  3.801613e-02
 8  2.942915e-02
 9  2.349558e-02
 10  1.882605e-02
 11  1.500213e-02
 12  1.178645e-02
 13  9.609220e-03
 14  7.876247e-03
 15  6.335484e-03
 16  5.287935e-03
 17  4.500670e-03
 18  3.757354e-03
 19  3.211683e-03
 20  2.767751e-03
 21  2.388595e-03
 22  2.009354e-03
 23  1.656884e-03
 24  1.402637e-03
 25  1.191765e-03
 26  1.008528e-03
 27  8.342967e-04
 Iteration CPU time: 6 s
 CFIE residual: 0.000834297

 Iseg, Irank, Idinc : 1, 27, 172
 Thata, Phi : 90.000000, 171.000000
 Maximun iteration: 300
 Number of recycle truncation: 30
 Final matrix dimension:  36708
 Residual error:0.001000
 0  5.861235e-01
 1  2.990901e-01
 2  1.869644e-01
 3  1.326339e-01
 4  1.030410e-01
 5  8.208435e-02
 6  6.597159e-02
 7  5.576769e-02
 8  4.629117e-02
 9  3.829537e-02
 10  3.226043e-02
 11  2.740239e-02
 12  2.304080e-02
 13  1.955583e-02
 14  1.633478e-02
 15  1.351780e-02
 16  1.123592e-02
 17  9.243883e-03
 18  7.572534e-03
 19  6.285442e-03
 20  5.112293e-03
 21  4.294447e-03
 22  3.616414e-03
 23  3.068801e-03
 24  2.576028e-03
 25  2.169879e-03
 26  1.846396e-03
 27  1.597370e-03
 28  1.389285e-03
 29  1.227167e-03
 30  1.110211e-03
 31  1.015882e-03
 32  9.470920e-04
 Iteration CPU time: 7 s
 CFIE residual: 0.000947092

 Iseg, Irank, Idinc : 1, 28, 96
 Thata, Phi : 90.000000, 95.000000
 Maximun iteration: 300
 Number of recycle truncation: 30
 Final matrix dimension:  36708
 Residual error:0.001000
 0  6.049500e-01
 1  3.445956e-01
 2  2.176185e-01
 3  1.455820e-01
 4  1.040937e-01
 5  7.937419e-02
 6  6.251034e-02
 7  4.939622e-02
 8  3.908666e-02
 9  3.095569e-02
 10  2.519484e-02
 11  2.066079e-02
 12  1.692673e-02
 13  1.427533e-02
 14  1.198989e-02
 15  9.977155e-03
 16  8.422950e-03
 17  7.137351e-03
 18  6.102956e-03
 19  5.136265e-03
 20  4.404912e-03
 21  3.859026e-03
 22  3.499156e-03
 23  3.240847e-03
 24  3.058354e-03
 25  2.930475e-03
 26  2.811212e-03
 27  2.718505e-03
 28  2.645649e-03
 29  2.563224e-03
 30  2.459020e-03
 31  2.333800e-03
 32  2.185415e-03
 33  2.017523e-03
 34  1.814012e-03
 35  1.618042e-03
 36  1.398582e-03
 37  1.186029e-03
 38  9.933691e-04
 Iteration CPU time: 9 s
 CFIE residual: 0.000993369

 Iseg, Irank, Idinc : 1, 29, 27
 Thata, Phi : 90.000000, 26.000000
 Maximun iteration: 300
 Number of recycle truncation: 30
 Final matrix dimension:  36708
 Residual error:0.001000
 0  6.410386e-01
 1  3.004297e-01
 2  1.737060e-01
 3  1.115813e-01
 4  7.762220e-02
 5  5.724592e-02
 6  4.246691e-02
 7  3.244284e-02
 8  2.601076e-02
 9  2.104466e-02
 10  1.746784e-02
 11  1.412237e-02
 12  1.113341e-02
 13  9.249382e-03
 14  7.763669e-03
 15  6.235298e-03
 16  5.236636e-03
 17  4.369919e-03
 18  3.619989e-03
 19  3.137230e-03
 20  2.610769e-03
 21  2.159457e-03
 22  1.813187e-03
 23  1.585018e-03
 24  1.371157e-03
 25  1.227084e-03
 26  1.102680e-03
 27  1.011108e-03
 28  9.447685e-04
 Iteration CPU time: 6 s
 CFIE residual: 0.000944769

 Iseg, Irank, Idinc : 1, 30, 142
 Thata, Phi : 90.000000, 141.000000
 Maximun iteration: 300
 Number of recycle truncation: 30
 Final matrix dimension:  36708
 Residual error:0.001000
 0  6.857840e-01
 1  3.498752e-01
 2  2.117635e-01
 3  1.438206e-01
 4  1.048780e-01
 5  7.842223e-02
 6  6.066237e-02
 7  4.746554e-02
 8  3.870491e-02
 9  3.306625e-02
 10  2.769762e-02
 11  2.351263e-02
 12  1.969394e-02
 13  1.644649e-02
 14  1.374812e-02
 15  1.126367e-02
 16  9.361897e-03
 17  7.765312e-03
 18  6.462426e-03
 19  5.302753e-03
 20  4.356560e-03
 21  3.716028e-03
 22  3.241395e-03
 23  2.876529e-03
 24  2.603334e-03
 25  2.357293e-03
 26  2.172156e-03
 27  2.049125e-03
 28  1.947730e-03
 29  1.878246e-03
 30  1.817631e-03
 31  1.774816e-03
 32  1.722376e-03
 33  1.657302e-03
 34  1.567330e-03
 35  1.451327e-03
 36  1.329036e-03
 37  1.169792e-03
 38  9.995218e-04
 Iteration CPU time: 8 s
 CFIE residual: 0.000999522

 Iseg, Irank, Idinc : 1, 31, 59
 Thata, Phi : 90.000000, 58.000000
 Maximun iteration: 300
 Number of recycle truncation: 30
 Final matrix dimension:  36708
 Residual error:0.001000
 0  6.603601e-01
 1  3.482708e-01
 2  2.137947e-01
 3  1.344021e-01
 4  9.622812e-02
 5  7.280039e-02
 6  5.519730e-02
 7  4.329497e-02
 8  3.372840e-02
 9  2.669390e-02
 10  2.080771e-02
 11  1.591355e-02
 12  1.246547e-02
 13  9.818992e-03
 14  8.118491e-03
 15  6.791317e-03
 16  5.732703e-03
 17  4.957555e-03
 18  4.223206e-03
 19  3.821899e-03
 20  3.515909e-03
 21  3.288254e-03
 22  3.121398e-03
 23  2.968666e-03
 24  2.842705e-03
 25  2.757022e-03
 26  2.682638e-03
 27  2.594407e-03
 28  2.490144e-03
 29  2.376944e-03
 30  2.223454e-03
 31  2.032584e-03
 32  1.770246e-03
 33  1.532893e-03
 34  1.316581e-03
 35  1.092791e-03
 36  9.077550e-04
 Iteration CPU time: 8 s
 CFIE residual: 0.000907755

 Iseg, Irank, Idinc : 1, 32, 179
 Thata, Phi : 90.000000, 178.000000
 Maximun iteration: 300
 Number of recycle truncation: 30
 Final matrix dimension:  36708
 Residual error:0.001000
 0  5.842314e-01
 1  2.988891e-01
 2  1.861161e-01
 3  1.313711e-01
 4  1.009755e-01
 5  8.004377e-02
 6  6.452354e-02
 7  5.431949e-02
 8  4.496005e-02
 9  3.634707e-02
 10  2.962226e-02
 11  2.438853e-02
 12  1.977842e-02
 13  1.651840e-02
 14  1.325519e-02
 15  1.067090e-02
 16  8.644477e-03
 17  6.973256e-03
 18  5.796077e-03
 19  4.807638e-03
 20  3.958627e-03
 21  3.362421e-03
 22  2.787623e-03
 23  2.353897e-03
 24  2.012278e-03
 25  1.705481e-03
 26  1.456271e-03
 27  1.265271e-03
 28  1.097707e-03
 29  9.657701e-04
 Iteration CPU time: 7 s
 CFIE residual: 0.00096577

 Iseg, Irank, Idinc : 1, 33, 3
 Thata, Phi : 90.000000, 2.000000
 Maximun iteration: 300
 Number of recycle truncation: 30
 Final matrix dimension:  36708
 Residual error:0.001000
 0  5.199249e-01
 1  2.726157e-01
 2  1.761647e-01
 3  1.215684e-01
 4  8.731354e-02
 5  6.665891e-02
 6  5.145723e-02
 7  3.802862e-02
 8  2.899412e-02
 9  2.316587e-02
 10  1.885012e-02
 11  1.503530e-02
 12  1.154223e-02
 13  9.284922e-03
 14  7.546671e-03
 15  6.185654e-03
 16  5.056648e-03
 17  4.339906e-03
 18  3.662691e-03
 19  3.162127e-03
 20  2.716744e-03
 21  2.330265e-03
 22  1.967434e-03
 23  1.629023e-03
 24  1.358457e-03
 25  1.136659e-03
 26  9.477215e-04
 Iteration CPU time: 6 s
 CFIE residual: 0.000947722

 Iseg, Irank, Idinc : 1, 34, 105
 Thata, Phi : 90.000000, 104.000000
 Maximun iteration: 300
 Number of recycle truncation: 30
 Final matrix dimension:  36708
 Residual error:0.001000
 0  6.129474e-01
 1  3.486526e-01
 2  2.169699e-01
 3  1.485137e-01
 4  1.048381e-01
 5  7.900211e-02
 6  6.038057e-02
 7  4.758645e-02
 8  3.815589e-02
 9  3.073820e-02
 10  2.486241e-02
 11  2.055383e-02
 12  1.651123e-02
 13  1.367542e-02
 14  1.136099e-02
 15  9.330764e-03
 16  7.877061e-03
 17  6.652365e-03
 18  5.628873e-03
 19  4.755989e-03
 20  4.014653e-03
 21  3.484463e-03
 22  3.113208e-03
 23  2.854079e-03
 24  2.655861e-03
 25  2.511160e-03
 26  2.395299e-03
 27  2.308117e-03
 28  2.235290e-03
 29  2.166796e-03
 30  2.087033e-03
 31  1.994738e-03
 32  1.889960e-03
 33  1.749497e-03
 34  1.593697e-03
 35  1.416731e-03
 36  1.237339e-03
 37  1.040620e-03
 38  8.647949e-04
 Iteration CPU time: 9 s
 CFIE residual: 0.000864795

 Iseg, Irank, Idinc : 1, 35, 37
 Thata, Phi : 90.000000, 36.000000
 Maximun iteration: 300
 Number of recycle truncation: 30
 Final matrix dimension:  36708
 Residual error:0.001000
 0  6.238874e-01
 1  3.121464e-01
 2  1.916314e-01
 3  1.210080e-01
 4  8.359722e-02
 5  6.124869e-02
 6  4.530963e-02
 7  3.451297e-02
 8  2.683128e-02
 9  2.075113e-02
 10  1.608121e-02
 11  1.313319e-02
 12  1.039738e-02
 13  8.539236e-03
 14  6.922377e-03
 15  5.554877e-03
 16  4.646161e-03
 17  3.844807e-03
 18  3.210199e-03
 19  2.732067e-03
 20  2.345596e-03
 21  2.042836e-03
 22  1.802049e-03
 23  1.646728e-03
 24  1.516140e-03
 25  1.418708e-03
 26  1.341258e-03
 27  1.279836e-03
 28  1.239894e-03
 29  1.205153e-03
 30  1.169277e-03
 31  1.135623e-03
 32  1.101614e-03
 33  1.051141e-03
 34  9.899335e-04
 Iteration CPU time: 8 s
 CFIE residual: 0.000989933

 Iseg, Irank, Idinc : 1, 36, 163
 Thata, Phi : 90.000000, 162.000000
 Maximun iteration: 300
 Number of recycle truncation: 30
 Final matrix dimension:  36708
 Residual error:0.001000
 0  6.045031e-01
 1  3.066460e-01
 2  1.870688e-01
 3  1.293363e-01
 4  9.862047e-02
 5  7.865370e-02
 6  6.389223e-02
 7  5.227653e-02
 8  4.380857e-02
 9  3.780137e-02
 10  3.262297e-02
 11  2.777618e-02
 12  2.371515e-02
 13  2.045337e-02
 14  1.709134e-02
 15  1.442795e-02
 16  1.192523e-02
 17  9.788347e-03
 18  8.119840e-03
 19  6.775396e-03
 20  5.475605e-03
 21  4.487372e-03
 22  3.726076e-03
 23  3.120996e-03
 24  2.555498e-03
 25  2.138019e-03
 26  1.772536e-03
 27  1.536291e-03
 28  1.335760e-03
 29  1.193974e-03
 30  1.091609e-03
 31  1.021226e-03
 32  9.695845e-04
 Iteration CPU time: 7 s
 CFIE residual: 0.000969584

 Iseg, Irank, Idinc : 1, 37, 68
 Thata, Phi : 90.000000, 67.000000
 Maximun iteration: 300
 Number of recycle truncation: 30
 Final matrix dimension:  36708
 Residual error:0.001000
 0  6.500416e-01
 1  3.663661e-01
 2  2.333555e-01
 3  1.492195e-01
 4  1.058417e-01
 5  8.204033e-02
 6  6.185864e-02
 7  4.918516e-02
 8  3.904083e-02
 9  3.115133e-02
 10  2.420347e-02
 11  1.935560e-02
 12  1.538924e-02
 13  1.234675e-02
 14  1.017127e-02
 15  8.472157e-03
 16  7.120169e-03
 17  6.184079e-03
 18  5.361827e-03
 19  4.796367e-03
 20  4.416225e-03
 21  4.105200e-03
 22  3.875483e-03
 23  3.662563e-03
 24  3.507001e-03
 25  3.405243e-03
 26  3.315873e-03
 27  3.233445e-03
 28  3.127198e-03
 29  2.964430e-03
 30  2.717861e-03
 31  2.467489e-03
 32  2.170008e-03
 33  1.876587e-03
 34  1.579413e-03
 35  1.343302e-03
 36  1.126955e-03
 37  9.410109e-04
 Iteration CPU time: 8 s
 CFIE residual: 0.000941011

 Iseg, Irank, Idinc : 1, 38, 120
 Thata, Phi : 90.000000, 119.000000
 Maximun iteration: 300
 Number of recycle truncation: 30
 Final matrix dimension:  36708
 Residual error:0.001000
 0  6.484320e-01
 1  3.437742e-01
 2  2.184029e-01
 3  1.528963e-01
 4  1.089669e-01
 5  8.074173e-02
 6  6.373931e-02
 7  4.950663e-02
 8  3.907293e-02
 9  3.124324e-02
 10  2.513481e-02
 11  1.998914e-02
 12  1.582477e-02
 13  1.272927e-02
 14  1.053845e-02
 15  8.696566e-03
 16  7.281907e-03
 17  6.136998e-03
 18  5.145299e-03
 19  4.341961e-03
 20  3.727013e-03
 21  3.232327e-03
 22  2.867070e-03
 23  2.573254e-03
 24  2.363764e-03
 25  2.144936e-03
 26  2.006234e-03
 27  1.901743e-03
 28  1.816358e-03
 29  1.758240e-03
 30  1.700186e-03
 31  1.656141e-03
 32  1.601256e-03
 33  1.544439e-03
 34  1.456538e-03
 35  1.360407e-03
 36  1.244301e-03
 37  1.068309e-03
 38  8.856986e-04
 Iteration CPU time: 9 s
 CFIE residual: 0.000885699

 Iseg, Irank, Idinc : 1, 39, 13
 Thata, Phi : 90.000000, 12.000000
 Maximun iteration: 300
 Number of recycle truncation: 30
 Final matrix dimension:  36708
 Residual error:0.001000
 0  5.682625e-01
 1  2.816664e-01
 2  1.759108e-01
 3  1.228409e-01
 4  8.891713e-02
 5  6.604415e-02
 6  5.063163e-02
 7  3.923753e-02
 8  3.083409e-02
 9  2.448420e-02
 10  1.925545e-02
 11  1.504945e-02
 12  1.192788e-02
 13  9.776449e-03
 14  8.110135e-03
 15  6.419393e-03
 16  5.277629e-03
 17  4.510437e-03
 18  3.827606e-03
 19  3.259674e-03
 20  2.750858e-03
 21  2.309657e-03
 22  1.935319e-03
 23  1.646608e-03
 24  1.435282e-03
 25  1.236887e-03
 26  1.087567e-03
 27  9.377210e-04
 Iteration CPU time: 6 s
 CFIE residual: 0.000937721

 Iseg, Irank, Idinc : 1, 40, 180
 Thata, Phi : 90.000000, 179.000000
 Maximun iteration: 300
 Number of recycle truncation: 30
 Final matrix dimension:  36708
 Residual error:0.001000
 0  5.841745e-01
 1  2.988897e-01
 2  1.860472e-01
 3  1.312510e-01
 4  1.007397e-01
 5  7.976594e-02
 6  6.432721e-02
 7  5.414244e-02
 8  4.482334e-02
 9  3.619081e-02
 10  2.921649e-02
 11  2.393795e-02
 12  1.931098e-02
 13  1.600441e-02
 14  1.281983e-02
 15  1.029405e-02
 16  8.312887e-03
 17  6.689127e-03
 18  5.555842e-03
 19  4.604165e-03
 20  3.786684e-03
 21  3.195424e-03
 22  2.649215e-03
 23  2.225275e-03
 24  1.897925e-03
 25  1.597929e-03
 26  1.359971e-03
 27  1.183917e-03
 28  1.022421e-03
 29  8.992983e-04
 Iteration CPU time: 7 s
 CFIE residual: 0.000899298
 Last Built End in Sep 21 2025 00:06:12
 Total CPU time: 325 s
 Finished.
