 Last Built Begin in Sep 21 2025 00:06:12
 Pre-Type( Input ):           10
 Skl-Tol ( Input ):    1.0000000000000001E-005
 Wavelength in freespace: 0.0313152

 ################################################
 ##         Generating Required Mesh          ##
 ##         Waiting.....                      ##
 ################################################
 Subd No.      Subd Name
    1    Open-Duct_PRIME_model_meshAA1                                     
 isub,  nnode, npatch,  nedge:
    1      6118     12236     18354
 Scale Factor         >>   1.54999997E-02
 ################################################

 START TIME: 20250922   015801.472


 Informaton for IE geometry:
 number of subdomains     : 1
 maxnode,maxpatch,maxedge : 6118  12236  18354
 
 Index of Mat-Reg: 1
 Mat-Reg Number via MatFlg: 1
 Edge Number of Mat-Reg: 1, 18354

 Number of Edge on PEC: 18354
 Mat-Reg: No Dim(m) Lmax:
    1 0.229    5
 Totlmax, add1, add2:           5           6           7
 rlengmax of Global MLFMA >>   0.22896445719615416     
 Lmax of Global MLFMA >>            5
 Wavenum of Mat-Reg:
    1 1.000

 total area in sq m           =      0.0510
 total area in sq lambda      =     51.9760
 maxnode, maxpatch, maxedge           =     6118    12236    18354
 longest  edge in lambda              =      0.1491
 shortest edge in lambda              =      0.0071
 average  edge in lambda              =      0.0995
 largest  patch area in sq lambda     =      0.0075
 smallest patch area in sq lambda     =      0.0000
 ave    surface area in sq lambda     =      0.0042
 size range of the object in sq lambda =      7.3269

 #### MLFMA Info For Each Region ####
 Mat-Region =            1
 Array dimension parameters:
 maxrule=          14   maxgrid  =          64
 lmax   =           5   ncmax    =        1250
 lsmax  =          26   lsmin    =           6
 kpm    =        1356   kp0      =          76
 ntlm   =      204640   nsm      =      205900
 nkpm   =        2152   niplm    =      137728
 ngnearm=       14257   ngsndm   =       64634
 nearm  =         333   mfinestm =         119
 ###############################

 CFIE Alpha:  0.50000000000000000     

 Fill MLFMA FI for Mat-Reg:           1
 Begin filltl.f
 fill translation matrix
 Level:            2
 fill shifting matrix
 Level:            3
 fill shifting matrix
 Level:            4
 fill shifting matrix
 Level:            5
 fill shifting matrix
 translator time(s):  0.101000004    
 fill interpolation matrix
 ThetaOrder            8
 PhiOrder            8
 lsl            6
 Filling TL                  Delta_CPU=          0.51 Memory(MB)=        586.87
 Filling sndgrp              Delta_CPU=          0.01 Memory(MB)=        586.87
 Filling VFS                 Delta_CPU=          2.38 Memory(MB)=        586.87

 Fill MLFMA NI for Mat-Reg:           1
 Begin fill sparser part of Nearfield
 Begin fill denser part of Nearfield
 End fill
 Filling Amn                 Delta_CPU=         92.14 Memory(MB)=        586.87


 Now testing preconditioner with
 ipretype =           10
 method = cfie_solve_nfrasspspre_pardiso

  
 NBP>>Begin fill sparser part of Nearfield

113.8398% NBP>>Begin fill denser part of Nearfield

200.1041%
 Begin MLFMA Box-Matrix Based Spar-RAS Prec Constructor
 --- Intel MKL PARDISO --- 
 Memory for iGroup: 1 0 MB
 Total Memory For SparRAS Pre: 0 MB
 --- PARDISO PRECONDITIONER INITIALIZED --- 
 Constructing preconditioner CPU time: 5 s
 
 1101240
 Memory for Iteration:: 16.8036 MB

 Iseg, Ninc_S : 1, 181, 0

 Iseg, Skeleton Angles: 1, 38
 Iseg, Skel-Pk Mem(MB): 1, 314.35

 Iseg, Irank, Idinc : 1, 1, 22
 Thata, Phi : 90.000000, 21.000000
 Maximun iteration: 300
 Number of recycle truncation: 30
 Final matrix dimension:  36708
 Residual error:0.001000
 0  6.054135e-01
 1  2.901342e-01
 2  1.659145e-01
 3  1.142188e-01
 4  8.139504e-02
 5  5.991660e-02
 6  4.583050e-02
 7  3.633057e-02
 8  2.856922e-02
 9  2.240875e-02
 10  1.756791e-02
 11  1.370933e-02
 12  1.133712e-02
 13  9.215735e-03
 14  7.724586e-03
 15  6.563704e-03
 16  5.568581e-03
 17  4.713895e-03
 18  4.090822e-03
 19  3.508945e-03
 20  3.004956e-03
 21  2.652021e-03
 22  2.364125e-03
 23  2.156558e-03
 24  1.907067e-03
 25  1.657995e-03
 26  1.426246e-03
 27  1.209577e-03
 28  1.010021e-03
 29  8.449018e-04
 Iteration CPU time: 7 s
 CFIE residual: 0.000844902

 Iseg, Irank, Idinc : 1, 2, 42
 Thata, Phi : 90.000000, 41.000000
 Maximun iteration: 300
 Number of recycle truncation: 30
 Final matrix dimension:  36708
 Residual error:0.001000
 0  6.220153e-01
 1  3.155124e-01
 2  2.008416e-01
 3  1.319572e-01
 4  9.087566e-02
 5  6.619634e-02
 6  4.897119e-02
 7  3.699936e-02
 8  2.845646e-02
 9  2.210281e-02
 10  1.758590e-02
 11  1.419755e-02
 12  1.138675e-02
 13  9.780503e-03
 14  8.261317e-03
 15  7.157049e-03
 16  6.403759e-03
 17  5.652852e-03
 18  4.987801e-03
 19  4.420516e-03
 20  3.802366e-03
 21  3.240223e-03
 22  2.737118e-03
 23  2.271806e-03
 24  1.843353e-03
 25  1.470247e-03
 26  1.177573e-03
 27  9.308544e-04
 Iteration CPU time: 6 s
 CFIE residual: 0.000930854

 Iseg, Irank, Idinc : 1, 3, 64
 Thata, Phi : 90.000000, 63.000000
 Maximun iteration: 300
 Number of recycle truncation: 30
 Final matrix dimension:  36708
 Residual error:0.001000
 0  6.651620e-01
 1  3.572692e-01
 2  2.229363e-01
 3  1.445602e-01
 4  1.058930e-01
 5  8.015160e-02
 6  6.125621e-02
 7  4.914529e-02
 8  3.932283e-02
 9  3.105236e-02
 10  2.483016e-02
 11  1.997218e-02
 12  1.648188e-02
 13  1.398082e-02
 14  1.189156e-02
 15  1.046078e-02
 16  9.330616e-03
 17  8.236199e-03
 18  7.391110e-03
 19  6.415842e-03
 20  5.547354e-03
 21  4.762473e-03
 22  3.938617e-03
 23  3.204954e-03
 24  2.584774e-03
 25  2.006771e-03
 26  1.569831e-03
 27  1.186148e-03
 28  9.169282e-04
 Iteration CPU time: 6 s
 CFIE residual: 0.000916928

 Iseg, Irank, Idinc : 1, 4, 109
 Thata, Phi : 90.000000, 108.000000
 Maximun iteration: 300
 Number of recycle truncation: 30
 Final matrix dimension:  36708
 Residual error:0.001000
 0  6.324157e-01
 1  3.582740e-01
 2  2.265127e-01
 3  1.547966e-01
 4  1.094702e-01
 5  8.216265e-02
 6  6.367700e-02
 7  4.933464e-02
 8  3.848356e-02
 9  3.038365e-02
 10  2.413097e-02
 11  1.914730e-02
 12  1.560351e-02
 13  1.268397e-02
 14  1.073808e-02
 15  9.045575e-03
 16  7.610016e-03
 17  6.613035e-03
 18  5.834975e-03
 19  5.102823e-03
 20  4.496597e-03
 21  4.025788e-03
 22  3.520475e-03
 23  3.077553e-03
 24  2.672080e-03
 25  2.279301e-03
 26  1.870998e-03
 27  1.526703e-03
 28  1.235456e-03
 29  9.637551e-04
 Iteration CPU time: 6 s
 CFIE residual: 0.000963755

 Iseg, Irank, Idinc : 1, 5, 76
 Thata, Phi : 90.000000, 75.000000
 Maximun iteration: 300
 Number of recycle truncation: 30
 Final matrix dimension:  36708
 Residual error:0.001000
 0  6.405651e-01
 1  3.678924e-01
 2  2.389248e-01
 3  1.511869e-01
 4  1.059449e-01
 5  8.150040e-02
 6  6.309053e-02
 7  5.289474e-02
 8  4.206926e-02
 9  3.306166e-02
 10  2.680328e-02
 11  2.185729e-02
 12  1.799747e-02
 13  1.532892e-02
 14  1.329658e-02
 15  1.169534e-02
 16  1.057744e-02
 17  9.405054e-03
 18  8.372998e-03
 19  7.375286e-03
 20  6.533609e-03
 21  5.674701e-03
 22  4.863972e-03
 23  4.011459e-03
 24  3.298210e-03
 25  2.661035e-03
 26  2.138519e-03
 27  1.737631e-03
 28  1.402920e-03
 29  1.106490e-03
 30  8.515384e-04
 Iteration CPU time: 7 s
 CFIE residual: 0.000851538

 Iseg, Irank, Idinc : 1, 6, 146
 Thata, Phi : 90.000000, 145.000000
 Maximun iteration: 300
 Number of recycle truncation: 30
 Final matrix dimension:  36708
 Residual error:0.001000
 0  6.455207e-01
 1  3.433979e-01
 2  2.072304e-01
 3  1.459011e-01
 4  1.055131e-01
 5  8.228956e-02
 6  6.373791e-02
 7  5.145458e-02
 8  4.287511e-02
 9  3.560282e-02
 10  2.960704e-02
 11  2.444853e-02
 12  2.025453e-02
 13  1.608288e-02
 14  1.260079e-02
 15  1.021946e-02
 16  8.208899e-03
 17  6.811974e-03
 18  5.752066e-03
 19  4.726113e-03
 20  4.023376e-03
 21  3.475127e-03
 22  3.061651e-03
 23  2.702266e-03
 24  2.395256e-03
 25  2.130197e-03
 26  1.868760e-03
 27  1.636041e-03
 28  1.360549e-03
 29  1.132122e-03
 30  9.153415e-04
 Iteration CPU time: 7 s
 CFIE residual: 0.000915341

 Iseg, Irank, Idinc : 1, 7, 159
 Thata, Phi : 90.000000, 158.000000
 Maximun iteration: 300
 Number of recycle truncation: 30
 Final matrix dimension:  36708
 Residual error:0.001000
 0  6.015100e-01
 1  3.116045e-01
 2  1.882163e-01
 3  1.326788e-01
 4  1.009762e-01
 5  8.074486e-02
 6  6.449632e-02
 7  5.271560e-02
 8  4.479981e-02
 9  3.806442e-02
 10  3.224382e-02
 11  2.663683e-02
 12  2.171643e-02
 13  1.726645e-02
 14  1.411477e-02
 15  1.119123e-02
 16  8.815393e-03
 17  7.134285e-03
 18  5.874787e-03
 19  4.896850e-03
 20  4.014616e-03
 21  3.377254e-03
 22  2.934892e-03
 23  2.556034e-03
 24  2.247671e-03
 25  2.004231e-03
 26  1.779591e-03
 27  1.569524e-03
 28  1.365198e-03
 29  1.167185e-03
 30  9.900525e-04
 Iteration CPU time: 7 s
 CFIE residual: 0.000990052

 Iseg, Irank, Idinc : 1, 8, 132
 Thata, Phi : 90.000000, 131.000000
 Maximun iteration: 300
 Number of recycle truncation: 30
 Final matrix dimension:  36708
 Residual error:0.001000
 0  6.835601e-01
 1  3.593856e-01
 2  2.312938e-01
 3  1.580128e-01
 4  1.131783e-01
 5  8.713311e-02
 6  6.638186e-02
 7  5.208075e-02
 8  4.146328e-02
 9  3.292285e-02
 10  2.629840e-02
 11  2.081331e-02
 12  1.687517e-02
 13  1.394882e-02
 14  1.149302e-02
 15  9.474916e-03
 16  7.864165e-03
 17  6.730724e-03
 18  5.817432e-03
 19  5.106158e-03
 20  4.524422e-03
 21  4.064628e-03
 22  3.600473e-03
 23  3.249249e-03
 24  2.825052e-03
 25  2.384649e-03
 26  2.039848e-03
 27  1.694317e-03
 28  1.442429e-03
 29  1.203905e-03
 30  9.867591e-04
 Iteration CPU time: 7 s
 CFIE residual: 0.000986759

 Iseg, Irank, Idinc : 1, 9, 122
 Thata, Phi : 90.000000, 121.000000
 Maximun iteration: 300
 Number of recycle truncation: 30
 Final matrix dimension:  36708
 Residual error:0.001000
 0  6.526278e-01
 1  3.463117e-01
 2  2.275736e-01
 3  1.574584e-01
 4  1.116099e-01
 5  8.505471e-02
 6  6.501256e-02
 7  5.098315e-02
 8  3.871572e-02
 9  3.064882e-02
 10  2.411637e-02
 11  1.898023e-02
 12  1.524272e-02
 13  1.280705e-02
 14  1.089509e-02
 15  9.284853e-03
 16  7.987767e-03
 17  6.898389e-03
 18  6.049091e-03
 19  5.264948e-03
 20  4.598052e-03
 21  4.032598e-03
 22  3.583778e-03
 23  3.115309e-03
 24  2.695734e-03
 25  2.285708e-03
 26  1.938901e-03
 27  1.645708e-03
 28  1.362110e-03
 29  1.102723e-03
 30  8.896058e-04
 Iteration CPU time: 7 s
 CFIE residual: 0.000889606

 Iseg, Irank, Idinc : 1, 10, 89
 Thata, Phi : 90.000000, 88.000000
 Maximun iteration: 300
 Number of recycle truncation: 30
 Final matrix dimension:  36708
 Residual error:0.001000
 0  6.231009e-01
 1  3.573652e-01
 2  2.302745e-01
 3  1.564245e-01
 4  1.129663e-01
 5  8.875390e-02
 6  6.931671e-02
 7  5.513147e-02
 8  4.520384e-02
 9  3.603264e-02
 10  2.851851e-02
 11  2.268783e-02
 12  1.840002e-02
 13  1.511922e-02
 14  1.278930e-02
 15  1.112310e-02
 16  9.725731e-03
 17  8.685620e-03
 18  7.759698e-03
 19  6.882098e-03
 20  6.125110e-03
 21  5.344118e-03
 22  4.466860e-03
 23  3.702952e-03
 24  3.078203e-03
 25  2.510886e-03
 26  1.990628e-03
 27  1.570825e-03
 28  1.256357e-03
 29  9.771239e-04
 Iteration CPU time: 7 s
 CFIE residual: 0.000977124

 Iseg, Irank, Idinc : 1, 11, 53
 Thata, Phi : 90.000000, 52.000000
 Maximun iteration: 300
 Number of recycle truncation: 30
 Final matrix dimension:  36708
 Residual error:0.001000
 0  6.431731e-01
 1  3.336195e-01
 2  2.073569e-01
 3  1.355734e-01
 4  9.655752e-02
 5  7.190556e-02
 6  5.537960e-02
 7  4.287508e-02
 8  3.358314e-02
 9  2.578027e-02
 10  2.039771e-02
 11  1.677048e-02
 12  1.386034e-02
 13  1.193171e-02
 14  1.031011e-02
 15  8.956475e-03
 16  8.009173e-03
 17  7.143871e-03
 18  6.261341e-03
 19  5.342165e-03
 20  4.583252e-03
 21  3.877251e-03
 22  3.202649e-03
 23  2.589666e-03
 24  2.074585e-03
 25  1.602524e-03
 26  1.240997e-03
 27  1.001740e-03
 28  7.789512e-04
 Iteration CPU time: 7 s
 CFIE residual: 0.000778951

 Iseg, Irank, Idinc : 1, 12, 32
 Thata, Phi : 90.000000, 31.000000
 Maximun iteration: 300
 Number of recycle truncation: 30
 Final matrix dimension:  36708
 Residual error:0.001000
 0  6.304025e-01
 1  3.055919e-01
 2  1.797505e-01
 3  1.141589e-01
 4  8.072842e-02
 5  6.014230e-02
 6  4.430443e-02
 7  3.420266e-02
 8  2.603699e-02
 9  2.027169e-02
 10  1.656535e-02
 11  1.322216e-02
 12  1.079143e-02
 13  9.082701e-03
 14  7.524507e-03
 15  6.378837e-03
 16  5.623240e-03
 17  4.868777e-03
 18  4.282953e-03
 19  3.798590e-03
 20  3.288377e-03
 21  2.873507e-03
 22  2.555508e-03
 23  2.247967e-03
 24  1.944540e-03
 25  1.636911e-03
 26  1.353678e-03
 27  1.103181e-03
 28  9.113264e-04
 Iteration CPU time: 6 s
 CFIE residual: 0.000911326

 Iseg, Irank, Idinc : 1, 13, 11
 Thata, Phi : 90.000000, 10.000000
 Maximun iteration: 300
 Number of recycle truncation: 30
 Final matrix dimension:  36708
 Residual error:0.001000
 0  5.349206e-01
 1  2.747330e-01
 2  1.718707e-01
 3  1.229429e-01
 4  8.855605e-02
 5  6.727265e-02
 6  5.132539e-02
 7  4.007341e-02
 8  3.093598e-02
 9  2.419176e-02
 10  1.924511e-02
 11  1.509733e-02
 12  1.175494e-02
 13  9.496475e-03
 14  7.792978e-03
 15  6.501997e-03
 16  5.601587e-03
 17  4.702992e-03
 18  4.098580e-03
 19  3.590941e-03
 20  3.100231e-03
 21  2.680947e-03
 22  2.384775e-03
 23  2.145673e-03
 24  1.878369e-03
 25  1.651608e-03
 26  1.464395e-03
 27  1.298670e-03
 28  1.114244e-03
 29  9.342353e-04
 Iteration CPU time: 7 s
 CFIE residual: 0.000934235

 Iseg, Irank, Idinc : 1, 14, 178
 Thata, Phi : 90.000000, 177.000000
 Maximun iteration: 300
 Number of recycle truncation: 30
 Final matrix dimension:  36708
 Residual error:0.001000
 0  5.505689e-01
 1  2.999087e-01
 2  1.911360e-01
 3  1.370724e-01
 4  1.067709e-01
 5  8.324220e-02
 6  6.815513e-02
 7  5.571685e-02
 8  4.456126e-02
 9  3.594480e-02
 10  2.842111e-02
 11  2.239274e-02
 12  1.761860e-02
 13  1.387275e-02
 14  1.090778e-02
 15  8.510671e-03
 16  6.912244e-03
 17  5.665685e-03
 18  4.641184e-03
 19  3.815169e-03
 20  3.173460e-03
 21  2.703653e-03
 22  2.370634e-03
 23  2.084263e-03
 24  1.841864e-03
 25  1.606161e-03
 26  1.434103e-03
 27  1.289804e-03
 28  1.122692e-03
 29  9.673218e-04
 Iteration CPU time: 7 s
 CFIE residual: 0.000967322

 Iseg, Irank, Idinc : 1, 15, 97
 Thata, Phi : 90.000000, 96.000000
 Maximun iteration: 300
 Number of recycle truncation: 30
 Final matrix dimension:  36708
 Residual error:0.001000
 0  6.206218e-01
 1  3.560704e-01
 2  2.248710e-01
 3  1.503901e-01
 4  1.077658e-01
 5  8.220749e-02
 6  6.446306e-02
 7  5.173230e-02
 8  4.129898e-02
 9  3.291450e-02
 10  2.601931e-02
 11  2.070580e-02
 12  1.693551e-02
 13  1.403676e-02
 14  1.169701e-02
 15  1.021180e-02
 16  8.821579e-03
 17  7.829329e-03
 18  7.039066e-03
 19  6.263627e-03
 20  5.632946e-03
 21  5.032381e-03
 22  4.329968e-03
 23  3.677997e-03
 24  3.122887e-03
 25  2.590088e-03
 26  2.111461e-03
 27  1.701200e-03
 28  1.354766e-03
 29  1.042136e-03
 30  8.060143e-04
 Iteration CPU time: 7 s
 CFIE residual: 0.000806014

 Iseg, Irank, Idinc : 1, 16, 1
 Thata, Phi : 90.000000, 0.000000
 Maximun iteration: 300
 Number of recycle truncation: 30
 Final matrix dimension:  36708
 Residual error:0.001000
 0  5.026203e-01
 1  2.662947e-01
 2  1.731276e-01
 3  1.204307e-01
 4  8.645163e-02
 5  6.452259e-02
 6  4.947427e-02
 7  3.790607e-02
 8  3.003196e-02
 9  2.248806e-02
 10  1.731296e-02
 11  1.369420e-02
 12  1.086449e-02
 13  8.833142e-03
 14  7.212239e-03
 15  5.792136e-03
 16  4.832947e-03
 17  4.089566e-03
 18  3.533433e-03
 19  3.049705e-03
 20  2.683254e-03
 21  2.430789e-03
 22  2.129504e-03
 23  1.858624e-03
 24  1.634093e-03
 25  1.440830e-03
 26  1.285509e-03
 27  1.102027e-03
 28  9.280545e-04
 Iteration CPU time: 6 s
 CFIE residual: 0.000928055

 Iseg, Irank, Idinc : 1, 17, 82
 Thata, Phi : 90.000000, 81.000000
 Maximun iteration: 300
 Number of recycle truncation: 30
 Final matrix dimension:  36708
 Residual error:0.001000
 0  6.274390e-01
 1  3.586950e-01
 2  2.325427e-01
 3  1.553571e-01
 4  1.116227e-01
 5  8.785206e-02
 6  6.771889e-02
 7  5.424204e-02
 8  4.470696e-02
 9  3.473248e-02
 10  2.762101e-02
 11  2.202700e-02
 12  1.809367e-02
 13  1.503912e-02
 14  1.297601e-02
 15  1.133801e-02
 16  9.969556e-03
 17  8.849942e-03
 18  7.964337e-03
 19  6.977046e-03
 20  6.164723e-03
 21  5.360548e-03
 22  4.536954e-03
 23  3.786888e-03
 24  3.139123e-03
 25  2.542375e-03
 26  2.066123e-03
 27  1.660673e-03
 28  1.340530e-03
 29  1.053432e-03
 30  8.272369e-04
 Iteration CPU time: 7 s
 CFIE residual: 0.000827237

 Iseg, Irank, Idinc : 1, 18, 167
 Thata, Phi : 90.000000, 166.000000
 Maximun iteration: 300
 Number of recycle truncation: 30
 Final matrix dimension:  36708
 Residual error:0.001000
 0  5.721904e-01
 1  3.015660e-01
 2  1.870362e-01
 3  1.355539e-01
 4  1.050056e-01
 5  8.454998e-02
 6  6.881453e-02
 7  5.628001e-02
 8  4.696078e-02
 9  3.963632e-02
 10  3.322276e-02
 11  2.734105e-02
 12  2.226871e-02
 13  1.776660e-02
 14  1.440513e-02
 15  1.156158e-02
 16  9.270832e-03
 17  7.646561e-03
 18  6.204903e-03
 19  5.034952e-03
 20  4.086200e-03
 21  3.407475e-03
 22  2.899151e-03
 23  2.509540e-03
 24  2.180442e-03
 25  1.894764e-03
 26  1.676838e-03
 27  1.486317e-03
 28  1.335206e-03
 29  1.177467e-03
 30  1.027215e-03
 31  8.682189e-04
 Iteration CPU time: 7 s
 CFIE residual: 0.000868219

 Iseg, Irank, Idinc : 1, 19, 115
 Thata, Phi : 90.000000, 114.000000
 Maximun iteration: 300
 Number of recycle truncation: 30
 Final matrix dimension:  36708
 Residual error:0.001000
 0  6.449050e-01
 1  3.516484e-01
 2  2.242181e-01
 3  1.551364e-01
 4  1.096514e-01
 5  8.265560e-02
 6  6.371390e-02
 7  4.900938e-02
 8  3.773238e-02
 9  2.997890e-02
 10  2.372440e-02
 11  1.889371e-02
 12  1.525006e-02
 13  1.275887e-02
 14  1.074481e-02
 15  9.057191e-03
 16  7.698791e-03
 17  6.649609e-03
 18  5.726218e-03
 19  5.048915e-03
 20  4.437100e-03
 21  3.918780e-03
 22  3.443678e-03
 23  3.020371e-03
 24  2.576688e-03
 25  2.193689e-03
 26  1.843352e-03
 27  1.543462e-03
 28  1.249184e-03
 29  9.799037e-04
 Iteration CPU time: 7 s
 CFIE residual: 0.000979904

 Iseg, Irank, Idinc : 1, 20, 152
 Thata, Phi : 90.000000, 151.000000
 Maximun iteration: 300
 Number of recycle truncation: 30
 Final matrix dimension:  36708
 Residual error:0.001000
 0  6.261872e-01
 1  3.304305e-01
 2  1.991381e-01
 3  1.402384e-01
 4  1.032936e-01
 5  8.119751e-02
 6  6.426173e-02
 7  5.206918e-02
 8  4.406788e-02
 9  3.715180e-02
 10  3.103888e-02
 11  2.542137e-02
 12  2.060519e-02
 13  1.623879e-02
 14  1.285742e-02
 15  1.030640e-02
 16  8.044301e-03
 17  6.707779e-03
 18  5.588901e-03
 19  4.634106e-03
 20  3.866180e-03
 21  3.283938e-03
 22  2.842961e-03
 23  2.521567e-03
 24  2.251105e-03
 25  1.974340e-03
 26  1.733614e-03
 27  1.516498e-03
 28  1.266555e-03
 29  1.048686e-03
 30  8.522719e-04
 Iteration CPU time: 7 s
 CFIE residual: 0.000852272

 Iseg, Irank, Idinc : 1, 21, 181
 Thata, Phi : 90.000000, 180.000000
 Maximun iteration: 300
 Number of recycle truncation: 30
 Final matrix dimension:  36708
 Residual error:0.001000
 0  5.491548e-01
 1  2.999414e-01
 2  1.911924e-01
 3  1.369908e-01
 4  1.065705e-01
 5  8.275705e-02
 6  6.768236e-02
 7  5.537045e-02
 8  4.412915e-02
 9  3.542564e-02
 10  2.759010e-02
 11  2.126065e-02
 12  1.621464e-02
 13  1.233170e-02
 14  9.496910e-03
 15  7.259883e-03
 16  5.742904e-03
 17  4.748496e-03
 18  3.845108e-03
 19  3.205893e-03
 20  2.743334e-03
 21  2.368333e-03
 22  2.090760e-03
 23  1.852175e-03
 24  1.666116e-03
 25  1.474938e-03
 26  1.326453e-03
 27  1.166419e-03
 28  9.925151e-04
 Iteration CPU time: 7 s
 CFIE residual: 0.000992515

 Iseg, Irank, Idinc : 1, 22, 16
 Thata, Phi : 90.000000, 15.000000
 Maximun iteration: 300
 Number of recycle truncation: 30
 Final matrix dimension:  36708
 Residual error:0.001000
 0  5.658146e-01
 1  2.814481e-01
 2  1.697142e-01
 3  1.206290e-01
 4  8.645480e-02
 5  6.500214e-02
 6  4.989701e-02
 7  3.964305e-02
 8  3.085194e-02
 9  2.395226e-02
 10  1.878511e-02
 11  1.490401e-02
 12  1.180022e-02
 13  9.445684e-03
 14  7.864170e-03
 15  6.583163e-03
 16  5.615324e-03
 17  4.779438e-03
 18  4.169814e-03
 19  3.589228e-03
 20  3.075779e-03
 21  2.696869e-03
 22  2.391493e-03
 23  2.195382e-03
 24  1.920778e-03
 25  1.678470e-03
 26  1.475570e-03
 27  1.282129e-03
 28  1.084676e-03
 29  9.121788e-04
 Iteration CPU time: 6 s
 CFIE residual: 0.000912179

 Iseg, Irank, Idinc : 1, 23, 69
 Thata, Phi : 90.000000, 68.000000
 Maximun iteration: 300
 Number of recycle truncation: 30
 Final matrix dimension:  36708
 Residual error:0.001000
 0  6.584568e-01
 1  3.663135e-01
 2  2.321830e-01
 3  1.513084e-01
 4  1.105414e-01
 5  8.394770e-02
 6  6.468427e-02
 7  5.234021e-02
 8  4.226086e-02
 9  3.396923e-02
 10  2.758276e-02
 11  2.228294e-02
 12  1.814796e-02
 13  1.540180e-02
 14  1.313275e-02
 15  1.169275e-02
 16  1.048116e-02
 17  9.352819e-03
 18  8.264008e-03
 19  7.268111e-03
 20  6.377731e-03
 21  5.552119e-03
 22  4.707769e-03
 23  3.930239e-03
 24  3.169290e-03
 25  2.492024e-03
 26  1.985268e-03
 27  1.571420e-03
 28  1.227728e-03
 29  9.446800e-04
 Iteration CPU time: 6 s
 CFIE residual: 0.00094468

 Iseg, Irank, Idinc : 1, 24, 139
 Thata, Phi : 90.000000, 138.000000
 Maximun iteration: 300
 Number of recycle truncation: 30
 Final matrix dimension:  36708
 Residual error:0.001000
 0  6.861390e-01
 1  3.543222e-01
 2  2.209552e-01
 3  1.532579e-01
 4  1.115221e-01
 5  8.520218e-02
 6  6.395603e-02
 7  5.108150e-02
 8  4.232331e-02
 9  3.406718e-02
 10  2.774813e-02
 11  2.245068e-02
 12  1.886965e-02
 13  1.500610e-02
 14  1.202614e-02
 15  9.653180e-03
 16  8.059143e-03
 17  6.670741e-03
 18  5.694765e-03
 19  4.888608e-03
 20  4.284879e-03
 21  3.831679e-03
 22  3.406781e-03
 23  3.013722e-03
 24  2.660813e-03
 25  2.300039e-03
 26  1.986025e-03
 27  1.663163e-03
 28  1.370435e-03
 29  1.122702e-03
 30  9.063046e-04
 Iteration CPU time: 7 s
 CFIE residual: 0.000906305

 Iseg, Irank, Idinc : 1, 25, 5
 Thata, Phi : 90.000000, 4.000000
 Maximun iteration: 300
 Number of recycle truncation: 30
 Final matrix dimension:  36708
 Residual error:0.001000
 0  5.087601e-01
 1  2.680152e-01
 2  1.727871e-01
 3  1.212164e-01
 4  8.759128e-02
 5  6.608381e-02
 6  5.053726e-02
 7  3.822455e-02
 8  2.979606e-02
 9  2.276793e-02
 10  1.794342e-02
 11  1.456069e-02
 12  1.154561e-02
 13  9.236798e-03
 14  7.587585e-03
 15  6.326035e-03
 16  5.362613e-03
 17  4.528469e-03
 18  3.890042e-03
 19  3.438491e-03
 20  2.998704e-03
 21  2.597608e-03
 22  2.307148e-03
 23  2.063869e-03
 24  1.798419e-03
 25  1.577164e-03
 26  1.407832e-03
 27  1.249316e-03
 28  1.080802e-03
 29  9.019453e-04
 Iteration CPU time: 7 s
 CFIE residual: 0.000901945

 Iseg, Irank, Idinc : 1, 26, 173
 Thata, Phi : 90.000000, 172.000000
 Maximun iteration: 300
 Number of recycle truncation: 30
 Final matrix dimension:  36708
 Residual error:0.001000
 0  5.578423e-01
 1  2.999652e-01
 2  1.903497e-01
 3  1.372551e-01
 4  1.071932e-01
 5  8.492709e-02
 6  6.961115e-02
 7  5.675580e-02
 8  4.624089e-02
 9  3.826769e-02
 10  3.137431e-02
 11  2.556424e-02
 12  2.068917e-02
 13  1.644343e-02
 14  1.345196e-02
 15  1.077150e-02
 16  8.717200e-03
 17  7.076158e-03
 18  5.707314e-03
 19  4.638163e-03
 20  3.797670e-03
 21  3.172638e-03
 22  2.725276e-03
 23  2.358636e-03
 24  2.039727e-03
 25  1.770411e-03
 26  1.561033e-03
 27  1.389321e-03
 28  1.237685e-03
 29  1.089807e-03
 30  9.612147e-04
 Iteration CPU time: 7 s
 CFIE residual: 0.000961215

 Iseg, Irank, Idinc : 1, 27, 47
 Thata, Phi : 90.000000, 46.000000
 Maximun iteration: 300
 Number of recycle truncation: 30
 Final matrix dimension:  36708
 Residual error:0.001000
 0  6.307609e-01
 1  3.216646e-01
 2  2.039529e-01
 3  1.354334e-01
 4  9.527189e-02
 5  7.011321e-02
 6  5.280043e-02
 7  4.054428e-02
 8  3.143058e-02
 9  2.446983e-02
 10  1.934602e-02
 11  1.561548e-02
 12  1.265247e-02
 13  1.077990e-02
 14  9.210541e-03
 15  7.997186e-03
 16  7.149161e-03
 17  6.359622e-03
 18  5.602776e-03
 19  4.780785e-03
 20  4.082775e-03
 21  3.458898e-03
 22  2.929641e-03
 23  2.387376e-03
 24  1.915616e-03
 25  1.542360e-03
 26  1.199515e-03
 27  9.518697e-04
 Iteration CPU time: 6 s
 CFIE residual: 0.00095187

 Iseg, Irank, Idinc : 1, 28, 103
 Thata, Phi : 90.000000, 102.000000
 Maximun iteration: 300
 Number of recycle truncation: 30
 Final matrix dimension:  36708
 Residual error:0.001000
 0  6.195960e-01
 1  3.556667e-01
 2  2.249234e-01
 3  1.518668e-01
 4  1.061549e-01
 5  8.029233e-02
 6  6.236376e-02
 7  4.888490e-02
 8  3.858253e-02
 9  3.029093e-02
 10  2.479354e-02
 11  1.962518e-02
 12  1.605272e-02
 13  1.317322e-02
 14  1.108648e-02
 15  9.340904e-03
 16  8.085388e-03
 17  7.065923e-03
 18  6.306214e-03
 19  5.597619e-03
 20  4.991372e-03
 21  4.438429e-03
 22  3.883311e-03
 23  3.371826e-03
 24  2.897039e-03
 25  2.427707e-03
 26  2.001950e-03
 27  1.634381e-03
 28  1.314376e-03
 29  1.054695e-03
 30  8.212740e-04
 Iteration CPU time: 7 s
 CFIE residual: 0.000821274

 Iseg, Irank, Idinc : 1, 29, 27
 Thata, Phi : 90.000000, 26.000000
 Maximun iteration: 300
 Number of recycle truncation: 30
 Final matrix dimension:  36708
 Residual error:0.001000
 0  6.280479e-01
 1  2.978521e-01
 2  1.686539e-01
 3  1.103801e-01
 4  7.843489e-02
 5  5.805223e-02
 6  4.342329e-02
 7  3.379108e-02
 8  2.622772e-02
 9  2.054897e-02
 10  1.649489e-02
 11  1.300257e-02
 12  1.069255e-02
 13  8.866064e-03
 14  7.410096e-03
 15  6.379830e-03
 16  5.471111e-03
 17  4.656363e-03
 18  4.066449e-03
 19  3.558020e-03
 20  3.076403e-03
 21  2.709698e-03
 22  2.435800e-03
 23  2.194867e-03
 24  1.928185e-03
 25  1.651535e-03
 26  1.396867e-03
 27  1.168195e-03
 28  9.639414e-04
 Iteration CPU time: 7 s
 CFIE residual: 0.000963941

 Iseg, Irank, Idinc : 1, 30, 127
 Thata, Phi : 90.000000, 126.000000
 Maximun iteration: 300
 Number of recycle truncation: 30
 Final matrix dimension:  36708
 Residual error:0.001000
 0  6.608256e-01
 1  3.509982e-01
 2  2.295516e-01
 3  1.571329e-01
 4  1.124078e-01
 5  8.701074e-02
 6  6.621415e-02
 7  5.170158e-02
 8  4.002909e-02
 9  3.200244e-02
 10  2.489720e-02
 11  1.959255e-02
 12  1.596521e-02
 13  1.325512e-02
 14  1.101869e-02
 15  9.364554e-03
 16  7.927849e-03
 17  6.868577e-03
 18  6.078180e-03
 19  5.225523e-03
 20  4.600451e-03
 21  4.091345e-03
 22  3.640200e-03
 23  3.214209e-03
 24  2.793830e-03
 25  2.373638e-03
 26  2.045817e-03
 27  1.725097e-03
 28  1.509277e-03
 29  1.265838e-03
 30  1.021468e-03
 31  7.995350e-04
 Iteration CPU time: 7 s
 CFIE residual: 0.000799535

 Iseg, Irank, Idinc : 1, 31, 58
 Thata, Phi : 90.000000, 57.000000
 Maximun iteration: 300
 Number of recycle truncation: 30
 Final matrix dimension:  36708
 Residual error:0.001000
 0  6.582141e-01
 1  3.429804e-01
 2  2.141736e-01
 3  1.370031e-01
 4  9.793138e-02
 5  7.188320e-02
 6  5.633579e-02
 7  4.521387e-02
 8  3.602346e-02
 9  2.778159e-02
 10  2.185157e-02
 11  1.788284e-02
 12  1.473937e-02
 13  1.256033e-02
 14  1.081530e-02
 15  9.424808e-03
 16  8.386881e-03
 17  7.411431e-03
 18  6.610194e-03
 19  5.628399e-03
 20  4.812455e-03
 21  4.087984e-03
 22  3.441122e-03
 23  2.730852e-03
 24  2.189389e-03
 25  1.688776e-03
 26  1.310014e-03
 27  1.006075e-03
 28  7.914484e-04
 Iteration CPU time: 7 s
 CFIE residual: 0.000791448

 Iseg, Irank, Idinc : 1, 32, 163
 Thata, Phi : 90.000000, 162.000000
 Maximun iteration: 300
 Number of recycle truncation: 30
 Final matrix dimension:  36708
 Residual error:0.001000
 0  5.855257e-01
 1  3.048069e-01
 2  1.855231e-01
 3  1.329908e-01
 4  1.023842e-01
 5  8.256470e-02
 6  6.648071e-02
 7  5.448640e-02
 8  4.587852e-02
 9  3.902412e-02
 10  3.291158e-02
 11  2.731119e-02
 12  2.242545e-02
 13  1.787555e-02
 14  1.457873e-02
 15  1.160224e-02
 16  9.200897e-03
 17  7.642292e-03
 18  6.240332e-03
 19  5.044983e-03
 20  4.125731e-03
 21  3.478800e-03
 22  2.955016e-03
 23  2.558131e-03
 24  2.234434e-03
 25  1.952175e-03
 26  1.738927e-03
 27  1.545713e-03
 28  1.372879e-03
 29  1.195200e-03
 30  1.030196e-03
 31  8.541155e-04
 Iteration CPU time: 7 s
 CFIE residual: 0.000854115

 Iseg, Irank, Idinc : 1, 33, 3
 Thata, Phi : 90.000000, 2.000000
 Maximun iteration: 300
 Number of recycle truncation: 30
 Final matrix dimension:  36708
 Residual error:0.001000
 0  5.042229e-01
 1  2.667431e-01
 2  1.730256e-01
 3  1.206212e-01
 4  8.675370e-02
 5  6.497718e-02
 6  4.978895e-02
 7  3.791421e-02
 8  2.993714e-02
 9  2.250924e-02
 10  1.740916e-02
 11  1.405965e-02
 12  1.127957e-02
 13  9.054077e-03
 14  7.425269e-03
 15  6.124240e-03
 16  5.171979e-03
 17  4.401957e-03
 18  3.793820e-03
 19  3.331056e-03
 20  2.920310e-03
 21  2.549381e-03
 22  2.266085e-03
 23  2.017909e-03
 24  1.757898e-03
 25  1.540739e-03
 26  1.382135e-03
 27  1.208849e-03
 28  1.041847e-03
 29  8.608294e-04
 Iteration CPU time: 7 s
 CFIE residual: 0.000860829

 Iseg, Irank, Idinc : 1, 34, 180
 Thata, Phi : 90.000000, 179.000000
 Maximun iteration: 300
 Number of recycle truncation: 30
 Final matrix dimension:  36708
 Residual error:0.001000
 0  5.493309e-01
 1  2.999409e-01
 2  1.911908e-01
 3  1.370025e-01
 4  1.065954e-01
 5  8.281467e-02
 6  6.774095e-02
 7  5.541531e-02
 8  4.418461e-02
 9  3.549100e-02
 10  2.769870e-02
 11  2.142006e-02
 12  1.646511e-02
 13  1.266506e-02
 14  9.803889e-03
 15  7.520369e-03
 16  6.014908e-03
 17  5.026326e-03
 18  4.125667e-03
 19  3.423979e-03
 20  2.902049e-03
 21  2.501651e-03
 22  2.216480e-03
 23  1.965535e-03
 24  1.746945e-03
 25  1.531133e-03
 26  1.373855e-03
 27  1.228036e-03
 28  1.048489e-03
 29  8.817135e-04
 Iteration CPU time: 6 s
 CFIE residual: 0.000881713

 Iseg, Irank, Idinc : 1, 35, 93
 Thata, Phi : 90.000000, 92.000000
 Maximun iteration: 300
 Number of recycle truncation: 30
 Final matrix dimension:  36708
 Residual error:0.001000
 0  6.228425e-01
 1  3.580180e-01
 2  2.278811e-01
 3  1.519701e-01
 4  1.106259e-01
 5  8.634656e-02
 6  6.808654e-02
 7  5.419399e-02
 8  4.388607e-02
 9  3.537675e-02
 10  2.773285e-02
 11  2.212122e-02
 12  1.812784e-02
 13  1.493330e-02
 14  1.259616e-02
 15  1.090696e-02
 16  9.421374e-03
 17  8.406305e-03
 18  7.512678e-03
 19  6.653913e-03
 20  5.970863e-03
 21  5.270102e-03
 22  4.448976e-03
 23  3.724392e-03
 24  3.161160e-03
 25  2.595345e-03
 26  2.081249e-03
 27  1.639682e-03
 28  1.289989e-03
 29  9.713948e-04
 Iteration CPU time: 7 s
 CFIE residual: 0.000971395

 Iseg, Irank, Idinc : 1, 36, 37
 Thata, Phi : 90.000000, 36.000000
 Maximun iteration: 300
 Number of recycle truncation: 30
 Final matrix dimension:  36708
 Residual error:0.001000
 0  6.206004e-01
 1  3.123513e-01
 2  1.932661e-01
 3  1.235112e-01
 4  8.505370e-02
 5  6.254334e-02
 6  4.603996e-02
 7  3.524283e-02
 8  2.681679e-02
 9  2.061420e-02
 10  1.658853e-02
 11  1.340314e-02
 12  1.092957e-02
 13  9.338120e-03
 14  7.755555e-03
 15  6.643840e-03
 16  5.926165e-03
 17  5.152764e-03
 18  4.533970e-03
 19  4.026364e-03
 20  3.481776e-03
 21  3.008030e-03
 22  2.603653e-03
 23  2.229051e-03
 24  1.885741e-03
 25  1.557817e-03
 26  1.272263e-03
 27  1.017493e-03
 28  8.143290e-04
 Iteration CPU time: 7 s
 CFIE residual: 0.000814329

 Iseg, Irank, Idinc : 1, 37, 143
 Thata, Phi : 90.000000, 142.000000
 Maximun iteration: 300
 Number of recycle truncation: 30
 Final matrix dimension:  36708
 Residual error:0.001000
 0  6.618210e-01
 1  3.481721e-01
 2  2.116709e-01
 3  1.481570e-01
 4  1.075678e-01
 5  8.331744e-02
 6  6.345252e-02
 7  5.100551e-02
 8  4.216960e-02
 9  3.453002e-02
 10  2.884860e-02
 11  2.375197e-02
 12  1.982848e-02
 13  1.556053e-02
 14  1.220246e-02
 15  9.947701e-03
 16  8.168193e-03
 17  6.770673e-03
 18  5.695316e-03
 19  4.801555e-03
 20  4.114861e-03
 21  3.632418e-03
 22  3.230527e-03
 23  2.845938e-03
 24  2.524361e-03
 25  2.231330e-03
 26  1.959620e-03
 27  1.678065e-03
 28  1.380702e-03
 29  1.136647e-03
 30  9.201330e-04
 Iteration CPU time: 7 s
 CFIE residual: 0.000920133

 Iseg, Irank, Idinc : 1, 38, 8
 Thata, Phi : 90.000000, 7.000000
 Maximun iteration: 300
 Number of recycle truncation: 30
 Final matrix dimension:  36708
 Residual error:0.001000
 0  5.199543e-01
 1  2.710246e-01
 2  1.723924e-01
 3  1.224823e-01
 4  8.873788e-02
 5  6.736746e-02
 6  5.131996e-02
 7  3.918965e-02
 8  3.025643e-02
 9  2.369816e-02
 10  1.886441e-02
 11  1.488649e-02
 12  1.166087e-02
 13  9.349755e-03
 14  7.717966e-03
 15  6.459820e-03
 16  5.509784e-03
 17  4.621723e-03
 18  3.991987e-03
 19  3.530595e-03
 20  3.061741e-03
 21  2.646921e-03
 22  2.349767e-03
 23  2.105776e-03
 24  1.835173e-03
 25  1.619024e-03
 26  1.436497e-03
 27  1.283761e-03
 28  1.105131e-03
 29  9.328198e-04
 Iteration CPU time: 7 s
 CFIE residual: 0.00093282
 Last Built End in Sep 21 2025 00:06:12
 Total CPU time: 276 s
 Finished.
