 Last Built Begin in Sep 21 2025 00:06:12
 Pre-Type( Input ):           10
 Skl-Tol ( Input ):    1.0000000000000001E-005
 Wavelength in freespace: 0.0307692

 ################################################
 ##         Generating Required Mesh          ##
 ##         Waiting.....                      ##
 ################################################
 Subd No.      Subd Name
    1    Open-Duct_PRIME_model_meshAA1                                     
 isub,  nnode, npatch,  nedge:
    1      6118     12236     18354
 Scale Factor         >>   1.54999997E-02
 ################################################

 START TIME: 20250922   030804.859


 Informaton for IE geometry:
 number of subdomains     : 1
 maxnode,maxpatch,maxedge : 6118  12236  18354
 
 Index of Mat-Reg: 1
 Mat-Reg Number via MatFlg: 1
 Edge Number of Mat-Reg: 1, 18354

 Number of Edge on PEC: 18354
 Mat-Reg: No Dim(m) Lmax:
    1 0.233    5
 Totlmax, add1, add2:           5           6           7
 rlengmax of Global MLFMA >>   0.23302750079984375     
 Lmax of Global MLFMA >>            5
 Wavenum of Mat-Reg:
    1 1.000

 total area in sq m           =      0.0510
 total area in sq lambda      =     53.8370
 maxnode, maxpatch, maxedge           =     6118    12236    18354
 longest  edge in lambda              =      0.1517
 shortest edge in lambda              =      0.0072
 average  edge in lambda              =      0.1013
 largest  patch area in sq lambda     =      0.0078
 smallest patch area in sq lambda     =      0.0000
 ave    surface area in sq lambda     =      0.0044
 size range of the object in sq lambda =      7.4569

 #### MLFMA Info For Each Region ####
 Mat-Region =            1
 Array dimension parameters:
 maxrule=          14   maxgrid  =          64
 lmax   =           5   ncmax    =        1250
 lsmax  =          26   lsmin    =           7
 kpm    =        1356   kp0      =         102
 ntlm   =      212856   nsm      =      230886
 nkpm   =        2178   niplm    =      139392
 ngnearm=       14257   ngsndm   =       64634
 nearm  =         333   mfinestm =         119
 ###############################

 CFIE Alpha:  0.50000000000000000     

 Fill MLFMA FI for Mat-Reg:           1
 Begin filltl.f
 fill translation matrix
 Level:            2
 fill shifting matrix
 Level:            3
 fill shifting matrix
 Level:            4
 fill shifting matrix
 Level:            5
 fill shifting matrix
 translator time(s):  0.125000000    
 fill interpolation matrix
 ThetaOrder            8
 PhiOrder            8
 lsl            7
 Filling TL                  Delta_CPU=          0.54 Memory(MB)=        653.71
 Filling sndgrp              Delta_CPU=          0.00 Memory(MB)=        653.71
 Filling VFS                 Delta_CPU=          3.09 Memory(MB)=        653.71

 Fill MLFMA NI for Mat-Reg:           1
 Begin fill sparser part of Nearfield
 Begin fill denser part of Nearfield
 End fill
 Filling Amn                 Delta_CPU=         91.68 Memory(MB)=        653.71


 Now testing preconditioner with
 ipretype =           10
 method = cfie_solve_nfrasspspre_pardiso

  
 NBP>>Begin fill sparser part of Nearfield

113.7357% NBP>>Begin fill denser part of Nearfield

200.1041%
 Begin MLFMA Box-Matrix Based Spar-RAS Prec Constructor
 --- Intel MKL PARDISO --- 
 Memory for iGroup: 1 0 MB
 Total Memory For SparRAS Pre: 0 MB
 --- PARDISO PRECONDITIONER INITIALIZED --- 
 Constructing preconditioner CPU time: 5 s
 
 1101240
 Memory for Iteration:: 16.8036 MB

 Iseg, Ninc_S : 1, 181, 0

 Iseg, Skeleton Angles: 1, 39
 Iseg, Skel-Pk Mem(MB): 1, 314.35

 Iseg, Irank, Idinc : 1, 1, 22
 Thata, Phi : 90.000000, 21.000000
 Maximun iteration: 300
 Number of recycle truncation: 30
 Final matrix dimension:  36708
 Residual error:0.001000
 0  6.122483e-01
 1  2.914799e-01
 2  1.660273e-01
 3  1.138089e-01
 4  8.028387e-02
 5  5.929741e-02
 6  4.537671e-02
 7  3.543490e-02
 8  2.795228e-02
 9  2.236752e-02
 10  1.728015e-02
 11  1.382028e-02
 12  1.102619e-02
 13  8.972085e-03
 14  7.376763e-03
 15  6.292255e-03
 16  5.295425e-03
 17  4.466097e-03
 18  3.820125e-03
 19  3.244521e-03
 20  2.820504e-03
 21  2.493379e-03
 22  2.247743e-03
 23  2.059495e-03
 24  1.913855e-03
 25  1.760798e-03
 26  1.605114e-03
 27  1.460531e-03
 28  1.315527e-03
 29  1.181451e-03
 30  1.039947e-03
 31  8.972913e-04
 Iteration CPU time: 7 s
 CFIE residual: 0.000897291

 Iseg, Irank, Idinc : 1, 2, 42
 Thata, Phi : 90.000000, 41.000000
 Maximun iteration: 300
 Number of recycle truncation: 30
 Final matrix dimension:  36708
 Residual error:0.001000
 0  6.259770e-01
 1  3.157364e-01
 2  2.004495e-01
 3  1.306220e-01
 4  8.967232e-02
 5  6.533500e-02
 6  4.837691e-02
 7  3.661135e-02
 8  2.803528e-02
 9  2.158475e-02
 10  1.670914e-02
 11  1.322501e-02
 12  1.077537e-02
 13  8.858623e-03
 14  7.400214e-03
 15  6.327182e-03
 16  5.547444e-03
 17  4.896736e-03
 18  4.456563e-03
 19  4.040484e-03
 20  3.675388e-03
 21  3.347029e-03
 22  3.069907e-03
 23  2.715292e-03
 24  2.378052e-03
 25  2.069413e-03
 26  1.765396e-03
 27  1.459630e-03
 28  1.187872e-03
 29  9.521268e-04
 Iteration CPU time: 7 s
 CFIE residual: 0.000952127

 Iseg, Irank, Idinc : 1, 3, 109
 Thata, Phi : 90.000000, 108.000000
 Maximun iteration: 300
 Number of recycle truncation: 30
 Final matrix dimension:  36708
 Residual error:0.001000
 0  6.318602e-01
 1  3.578087e-01
 2  2.251181e-01
 3  1.547196e-01
 4  1.085921e-01
 5  8.160625e-02
 6  6.320959e-02
 7  4.853796e-02
 8  3.788643e-02
 9  3.077538e-02
 10  2.411000e-02
 11  1.902848e-02
 12  1.534787e-02
 13  1.265903e-02
 14  1.046598e-02
 15  8.693754e-03
 16  7.311645e-03
 17  6.312002e-03
 18  5.522731e-03
 19  4.872148e-03
 20  4.335541e-03
 21  3.914750e-03
 22  3.548358e-03
 23  3.207560e-03
 24  2.934101e-03
 25  2.642530e-03
 26  2.366245e-03
 27  2.066320e-03
 28  1.750832e-03
 29  1.444758e-03
 30  1.185978e-03
 31  9.380099e-04
 Iteration CPU time: 7 s
 CFIE residual: 0.00093801

 Iseg, Irank, Idinc : 1, 4, 63
 Thata, Phi : 90.000000, 62.000000
 Maximun iteration: 300
 Number of recycle truncation: 30
 Final matrix dimension:  36708
 Residual error:0.001000
 0  6.653818e-01
 1  3.563921e-01
 2  2.218667e-01
 3  1.425372e-01
 4  1.024221e-01
 5  7.791756e-02
 6  5.958158e-02
 7  4.634302e-02
 8  3.676393e-02
 9  2.949315e-02
 10  2.307140e-02
 11  1.869756e-02
 12  1.490954e-02
 13  1.230943e-02
 14  1.041073e-02
 15  9.084895e-03
 16  8.153878e-03
 17  7.458845e-03
 18  6.838148e-03
 19  6.208348e-03
 20  5.658321e-03
 21  5.119565e-03
 22  4.552224e-03
 23  4.034375e-03
 24  3.469387e-03
 25  2.882462e-03
 26  2.403646e-03
 27  1.924847e-03
 28  1.514606e-03
 29  1.198825e-03
 30  9.153751e-04
 Iteration CPU time: 7 s
 CFIE residual: 0.000915375

 Iseg, Irank, Idinc : 1, 5, 146
 Thata, Phi : 90.000000, 145.000000
 Maximun iteration: 300
 Number of recycle truncation: 30
 Final matrix dimension:  36708
 Residual error:0.001000
 0  6.546528e-01
 1  3.467651e-01
 2  2.089644e-01
 3  1.452041e-01
 4  1.050129e-01
 5  8.068476e-02
 6  6.326268e-02
 7  5.011584e-02
 8  4.199080e-02
 9  3.495109e-02
 10  2.928479e-02
 11  2.468280e-02
 12  2.023765e-02
 13  1.611568e-02
 14  1.287267e-02
 15  1.050343e-02
 16  8.367736e-03
 17  6.980185e-03
 18  5.793933e-03
 19  4.761383e-03
 20  4.034958e-03
 21  3.435250e-03
 22  3.002900e-03
 23  2.677530e-03
 24  2.387353e-03
 25  2.208551e-03
 26  2.041159e-03
 27  1.866466e-03
 28  1.668316e-03
 29  1.469189e-03
 30  1.284781e-03
 31  1.056915e-03
 32  8.538245e-04
 Iteration CPU time: 8 s
 CFIE residual: 0.000853824

 Iseg, Irank, Idinc : 1, 6, 73
 Thata, Phi : 90.000000, 72.000000
 Maximun iteration: 300
 Number of recycle truncation: 30
 Final matrix dimension:  36708
 Residual error:0.001000
 0  6.466050e-01
 1  3.696860e-01
 2  2.395558e-01
 3  1.516045e-01
 4  1.066366e-01
 5  8.139106e-02
 6  6.361237e-02
 7  5.045942e-02
 8  4.023449e-02
 9  3.364360e-02
 10  2.640770e-02
 11  2.106101e-02
 12  1.698062e-02
 13  1.442338e-02
 14  1.245247e-02
 15  1.098291e-02
 16  9.765336e-03
 17  8.846485e-03
 18  8.039518e-03
 19  7.290056e-03
 20  6.697882e-03
 21  6.097390e-03
 22  5.503626e-03
 23  4.910267e-03
 24  4.304846e-03
 25  3.703813e-03
 26  3.142873e-03
 27  2.599822e-03
 28  2.130082e-03
 29  1.692557e-03
 30  1.347480e-03
 31  1.056754e-03
 32  8.121429e-04
 Iteration CPU time: 7 s
 CFIE residual: 0.000812143

 Iseg, Irank, Idinc : 1, 7, 159
 Thata, Phi : 90.000000, 158.000000
 Maximun iteration: 300
 Number of recycle truncation: 30
 Final matrix dimension:  36708
 Residual error:0.001000
 0  6.089934e-01
 1  3.130822e-01
 2  1.908298e-01
 3  1.313964e-01
 4  1.002190e-01
 5  8.002798e-02
 6  6.440934e-02
 7  5.175227e-02
 8  4.427927e-02
 9  3.810940e-02
 10  3.185356e-02
 11  2.646788e-02
 12  2.131781e-02
 13  1.755608e-02
 14  1.421326e-02
 15  1.149997e-02
 16  9.247415e-03
 17  7.598250e-03
 18  6.196296e-03
 19  5.071966e-03
 20  4.186433e-03
 21  3.490888e-03
 22  3.012026e-03
 23  2.644462e-03
 24  2.351343e-03
 25  2.064964e-03
 26  1.870209e-03
 27  1.712032e-03
 28  1.573155e-03
 29  1.436960e-03
 30  1.307230e-03
 31  1.172094e-03
 32  1.022362e-03
 33  8.713998e-04
 Iteration CPU time: 8 s
 CFIE residual: 0.0008714

 Iseg, Irank, Idinc : 1, 8, 121
 Thata, Phi : 90.000000, 120.000000
 Maximun iteration: 300
 Number of recycle truncation: 30
 Final matrix dimension:  36708
 Residual error:0.001000
 0  6.525933e-01
 1  3.457313e-01
 2  2.255159e-01
 3  1.567161e-01
 4  1.108929e-01
 5  8.363212e-02
 6  6.424417e-02
 7  5.026535e-02
 8  3.866910e-02
 9  3.022747e-02
 10  2.368923e-02
 11  1.871055e-02
 12  1.525769e-02
 13  1.259355e-02
 14  1.034787e-02
 15  8.848761e-03
 16  7.530154e-03
 17  6.519982e-03
 18  5.754203e-03
 19  5.063350e-03
 20  4.466584e-03
 21  4.050880e-03
 22  3.667740e-03
 23  3.320180e-03
 24  2.998189e-03
 25  2.730608e-03
 26  2.466752e-03
 27  2.199509e-03
 28  1.969400e-03
 29  1.690519e-03
 30  1.416406e-03
 31  1.161997e-03
 32  9.044776e-04
 Iteration CPU time: 7 s
 CFIE residual: 0.000904478

 Iseg, Irank, Idinc : 1, 9, 131
 Thata, Phi : 90.000000, 130.000000
 Maximun iteration: 300
 Number of recycle truncation: 30
 Final matrix dimension:  36708
 Residual error:0.001000
 0  6.811415e-01
 1  3.585948e-01
 2  2.310480e-01
 3  1.569586e-01
 4  1.119046e-01
 5  8.632973e-02
 6  6.578508e-02
 7  5.094130e-02
 8  4.062730e-02
 9  3.198226e-02
 10  2.543330e-02
 11  2.026980e-02
 12  1.611182e-02
 13  1.319302e-02
 14  1.087077e-02
 15  8.966443e-03
 16  7.433214e-03
 17  6.323575e-03
 18  5.401423e-03
 19  4.736248e-03
 20  4.280979e-03
 21  3.886994e-03
 22  3.571258e-03
 23  3.257974e-03
 24  2.967972e-03
 25  2.713117e-03
 26  2.436034e-03
 27  2.203957e-03
 28  1.969618e-03
 29  1.748254e-03
 30  1.495097e-03
 31  1.257441e-03
 32  1.021509e-03
 33  8.235153e-04
 Iteration CPU time: 8 s
 CFIE residual: 0.000823515

 Iseg, Irank, Idinc : 1, 10, 89
 Thata, Phi : 90.000000, 88.000000
 Maximun iteration: 300
 Number of recycle truncation: 30
 Final matrix dimension:  36708
 Residual error:0.001000
 0  6.204243e-01
 1  3.557981e-01
 2  2.292146e-01
 3  1.555944e-01
 4  1.110211e-01
 5  8.673012e-02
 6  6.762468e-02
 7  5.353276e-02
 8  4.287880e-02
 9  3.516980e-02
 10  2.796667e-02
 11  2.179885e-02
 12  1.740670e-02
 13  1.414701e-02
 14  1.202971e-02
 15  1.032418e-02
 16  8.969951e-03
 17  7.946217e-03
 18  7.213936e-03
 19  6.561418e-03
 20  6.038947e-03
 21  5.545665e-03
 22  5.053318e-03
 23  4.524201e-03
 24  3.995526e-03
 25  3.478978e-03
 26  2.981631e-03
 27  2.543181e-03
 28  2.086328e-03
 29  1.639157e-03
 30  1.284109e-03
 31  1.000129e-03
 32  7.936597e-04
 Iteration CPU time: 8 s
 CFIE residual: 0.00079366

 Iseg, Irank, Idinc : 1, 11, 53
 Thata, Phi : 90.000000, 52.000000
 Maximun iteration: 300
 Number of recycle truncation: 30
 Final matrix dimension:  36708
 Residual error:0.001000
 0  6.478845e-01
 1  3.367182e-01
 2  2.084923e-01
 3  1.351738e-01
 4  9.664261e-02
 5  7.154140e-02
 6  5.488978e-02
 7  4.280585e-02
 8  3.301164e-02
 9  2.476645e-02
 10  1.969959e-02
 11  1.569290e-02
 12  1.271686e-02
 13  1.065680e-02
 14  9.098109e-03
 15  7.866551e-03
 16  7.063908e-03
 17  6.394364e-03
 18  5.793648e-03
 19  5.236407e-03
 20  4.748042e-03
 21  4.240406e-03
 22  3.847523e-03
 23  3.394958e-03
 24  2.895022e-03
 25  2.400748e-03
 26  1.999880e-03
 27  1.612660e-03
 28  1.311988e-03
 29  1.035615e-03
 30  8.012589e-04
 Iteration CPU time: 7 s
 CFIE residual: 0.000801259

 Iseg, Irank, Idinc : 1, 12, 32
 Thata, Phi : 90.000000, 31.000000
 Maximun iteration: 300
 Number of recycle truncation: 30
 Final matrix dimension:  36708
 Residual error:0.001000
 0  6.322263e-01
 1  3.062379e-01
 2  1.799678e-01
 3  1.138160e-01
 4  8.004470e-02
 5  5.920687e-02
 6  4.357924e-02
 7  3.301312e-02
 8  2.542204e-02
 9  2.030108e-02
 10  1.639419e-02
 11  1.304282e-02
 12  1.025128e-02
 13  8.555103e-03
 14  7.025779e-03
 15  5.945951e-03
 16  5.167171e-03
 17  4.432293e-03
 18  3.921260e-03
 19  3.431380e-03
 20  3.055436e-03
 21  2.754777e-03
 22  2.539114e-03
 23  2.359116e-03
 24  2.169130e-03
 25  1.959847e-03
 26  1.748072e-03
 27  1.559800e-03
 28  1.351305e-03
 29  1.148871e-03
 30  9.491817e-04
 Iteration CPU time: 7 s
 CFIE residual: 0.000949182

 Iseg, Irank, Idinc : 1, 13, 11
 Thata, Phi : 90.000000, 10.000000
 Maximun iteration: 300
 Number of recycle truncation: 30
 Final matrix dimension:  36708
 Residual error:0.001000
 0  5.413322e-01
 1  2.759946e-01
 2  1.728914e-01
 3  1.229346e-01
 4  8.803390e-02
 5  6.655490e-02
 6  5.116759e-02
 7  3.957725e-02
 8  3.064245e-02
 9  2.441795e-02
 10  1.911992e-02
 11  1.484075e-02
 12  1.154640e-02
 13  9.256489e-03
 14  7.551252e-03
 15  6.246273e-03
 16  5.282613e-03
 17  4.421137e-03
 18  3.796243e-03
 19  3.281101e-03
 20  2.862854e-03
 21  2.487775e-03
 22  2.214557e-03
 23  1.960573e-03
 24  1.800468e-03
 25  1.664460e-03
 26  1.541820e-03
 27  1.416721e-03
 28  1.310034e-03
 29  1.198762e-03
 30  1.078630e-03
 31  9.580982e-04
 Iteration CPU time: 7 s
 CFIE residual: 0.000958098

 Iseg, Irank, Idinc : 1, 14, 178
 Thata, Phi : 90.000000, 177.000000
 Maximun iteration: 300
 Number of recycle truncation: 30
 Final matrix dimension:  36708
 Residual error:0.001000
 0  5.589469e-01
 1  2.996100e-01
 2  1.911619e-01
 3  1.353929e-01
 4  1.062579e-01
 5  8.181475e-02
 6  6.669598e-02
 7  5.503419e-02
 8  4.498005e-02
 9  3.518650e-02
 10  2.786590e-02
 11  2.230614e-02
 12  1.773106e-02
 13  1.393156e-02
 14  1.108544e-02
 15  8.766112e-03
 16  6.931768e-03
 17  5.740138e-03
 18  4.645847e-03
 19  3.833118e-03
 20  3.111767e-03
 21  2.551905e-03
 22  2.196549e-03
 23  1.926425e-03
 24  1.663164e-03
 25  1.453345e-03
 26  1.294993e-03
 27  1.158264e-03
 28  1.057487e-03
 29  9.671050e-04
 Iteration CPU time: 7 s
 CFIE residual: 0.000967105

 Iseg, Irank, Idinc : 1, 15, 81
 Thata, Phi : 90.000000, 80.000000
 Maximun iteration: 300
 Number of recycle truncation: 30
 Final matrix dimension:  36708
 Residual error:0.001000
 0  6.260487e-01
 1  3.588084e-01
 2  2.326647e-01
 3  1.527400e-01
 4  1.092193e-01
 5  8.535151e-02
 6  6.524629e-02
 7  5.244271e-02
 8  4.175515e-02
 9  3.352448e-02
 10  2.670516e-02
 11  2.096846e-02
 12  1.679803e-02
 13  1.393613e-02
 14  1.195379e-02
 15  1.045081e-02
 16  9.208618e-03
 17  8.217009e-03
 18  7.440987e-03
 19  6.788572e-03
 20  6.184834e-03
 21  5.701490e-03
 22  5.190328e-03
 23  4.671537e-03
 24  4.077225e-03
 25  3.552750e-03
 26  3.053302e-03
 27  2.591631e-03
 28  2.153083e-03
 29  1.725463e-03
 30  1.383928e-03
 31  1.093565e-03
 32  8.578846e-04
 Iteration CPU time: 7 s
 CFIE residual: 0.000857885

 Iseg, Irank, Idinc : 1, 16, 98
 Thata, Phi : 90.000000, 97.000000
 Maximun iteration: 300
 Number of recycle truncation: 30
 Final matrix dimension:  36708
 Residual error:0.001000
 0  6.178708e-01
 1  3.538825e-01
 2  2.231140e-01
 3  1.493082e-01
 4  1.064119e-01
 5  8.063328e-02
 6  6.193200e-02
 7  4.939659e-02
 8  3.907546e-02
 9  3.122550e-02
 10  2.507839e-02
 11  2.008363e-02
 12  1.620891e-02
 13  1.346656e-02
 14  1.138565e-02
 15  9.521766e-03
 16  8.119350e-03
 17  7.121515e-03
 18  6.357354e-03
 19  5.766511e-03
 20  5.273619e-03
 21  4.800527e-03
 22  4.351599e-03
 23  3.980598e-03
 24  3.625063e-03
 25  3.232604e-03
 26  2.861881e-03
 27  2.497593e-03
 28  2.106447e-03
 29  1.718885e-03
 30  1.378741e-03
 31  1.082066e-03
 32  8.166810e-04
 Iteration CPU time: 8 s
 CFIE residual: 0.000816681

 Iseg, Irank, Idinc : 1, 17, 1
 Thata, Phi : 90.000000, 0.000000
 Maximun iteration: 300
 Number of recycle truncation: 30
 Final matrix dimension:  36708
 Residual error:0.001000
 0  5.073583e-01
 1  2.679928e-01
 2  1.737706e-01
 3  1.207106e-01
 4  8.577189e-02
 5  6.432622e-02
 6  4.955959e-02
 7  3.810792e-02
 8  2.927409e-02
 9  2.270350e-02
 10  1.730832e-02
 11  1.350122e-02
 12  1.115750e-02
 13  8.779326e-03
 14  7.180426e-03
 15  5.663688e-03
 16  4.630688e-03
 17  3.824336e-03
 18  3.280585e-03
 19  2.836948e-03
 20  2.486116e-03
 21  2.208733e-03
 22  1.965892e-03
 23  1.724361e-03
 24  1.559581e-03
 25  1.435375e-03
 26  1.335057e-03
 27  1.236971e-03
 28  1.120722e-03
 29  1.006531e-03
 30  8.526660e-04
 Iteration CPU time: 7 s
 CFIE residual: 0.000852666

 Iseg, Irank, Idinc : 1, 18, 167
 Thata, Phi : 90.000000, 166.000000
 Maximun iteration: 300
 Number of recycle truncation: 30
 Final matrix dimension:  36708
 Residual error:0.001000
 0  5.790766e-01
 1  3.019720e-01
 2  1.884217e-01
 3  1.340628e-01
 4  1.046816e-01
 5  8.331771e-02
 6  6.847310e-02
 7  5.560242e-02
 8  4.646143e-02
 9  3.881929e-02
 10  3.282162e-02
 11  2.712699e-02
 12  2.234700e-02
 13  1.785321e-02
 14  1.460511e-02
 15  1.192624e-02
 16  9.731804e-03
 17  7.943491e-03
 18  6.439948e-03
 19  5.154636e-03
 20  4.223703e-03
 21  3.470464e-03
 22  2.939661e-03
 23  2.497546e-03
 24  2.156822e-03
 25  1.849410e-03
 26  1.606793e-03
 27  1.450893e-03
 28  1.334444e-03
 29  1.233084e-03
 30  1.140360e-03
 31  1.047212e-03
 32  9.306810e-04
 Iteration CPU time: 7 s
 CFIE residual: 0.000930681

 Iseg, Irank, Idinc : 1, 19, 139
 Thata, Phi : 90.000000, 138.000000
 Maximun iteration: 300
 Number of recycle truncation: 30
 Final matrix dimension:  36708
 Residual error:0.001000
 0  6.937287e-01
 1  3.559818e-01
 2  2.196006e-01
 3  1.516020e-01
 4  1.102995e-01
 5  8.389946e-02
 6  6.358123e-02
 7  5.033030e-02
 8  4.160071e-02
 9  3.353277e-02
 10  2.724472e-02
 11  2.268063e-02
 12  1.844067e-02
 13  1.481384e-02
 14  1.175279e-02
 15  9.534615e-03
 16  7.808441e-03
 17  6.519859e-03
 18  5.460484e-03
 19  4.621526e-03
 20  4.057460e-03
 21  3.608679e-03
 22  3.294527e-03
 23  2.977857e-03
 24  2.721994e-03
 25  2.526906e-03
 26  2.310557e-03
 27  2.086460e-03
 28  1.851924e-03
 29  1.633416e-03
 30  1.416949e-03
 31  1.187117e-03
 32  9.720531e-04
 Iteration CPU time: 8 s
 CFIE residual: 0.000972053

 Iseg, Irank, Idinc : 1, 20, 115
 Thata, Phi : 90.000000, 114.000000
 Maximun iteration: 300
 Number of recycle truncation: 30
 Final matrix dimension:  36708
 Residual error:0.001000
 0  6.463524e-01
 1  3.514099e-01
 2  2.224575e-01
 3  1.550906e-01
 4  1.096951e-01
 5  8.195058e-02
 6  6.247270e-02
 7  4.835381e-02
 8  3.788157e-02
 9  3.012399e-02
 10  2.342594e-02
 11  1.840322e-02
 12  1.511309e-02
 13  1.260240e-02
 14  1.041561e-02
 15  8.625709e-03
 16  7.344331e-03
 17  6.357757e-03
 18  5.519604e-03
 19  4.837470e-03
 20  4.346768e-03
 21  3.897650e-03
 22  3.552600e-03
 23  3.207321e-03
 24  2.937525e-03
 25  2.650169e-03
 26  2.398825e-03
 27  2.112602e-03
 28  1.838723e-03
 29  1.566857e-03
 30  1.281183e-03
 31  1.003297e-03
 32  7.648744e-04
 Iteration CPU time: 7 s
 CFIE residual: 0.000764874

 Iseg, Irank, Idinc : 1, 21, 6
 Thata, Phi : 90.000000, 5.000000
 Maximun iteration: 300
 Number of recycle truncation: 30
 Final matrix dimension:  36708
 Residual error:0.001000
 0  5.172051e-01
 1  2.704574e-01
 2  1.734248e-01
 3  1.217125e-01
 4  8.735490e-02
 5  6.612608e-02
 6  5.056092e-02
 7  3.822414e-02
 8  2.909603e-02
 9  2.329855e-02
 10  1.849661e-02
 11  1.457815e-02
 12  1.145520e-02
 13  9.119582e-03
 14  7.615777e-03
 15  6.211898e-03
 16  5.167795e-03
 17  4.317601e-03
 18  3.669178e-03
 19  3.185019e-03
 20  2.794852e-03
 21  2.440003e-03
 22  2.165333e-03
 23  1.896445e-03
 24  1.718362e-03
 25  1.575253e-03
 26  1.464648e-03
 27  1.353653e-03
 28  1.254333e-03
 29  1.134116e-03
 30  1.009394e-03
 31  8.869450e-04
 Iteration CPU time: 8 s
 CFIE residual: 0.000886945

 Iseg, Irank, Idinc : 1, 22, 173
 Thata, Phi : 90.000000, 172.000000
 Maximun iteration: 300
 Number of recycle truncation: 30
 Final matrix dimension:  36708
 Residual error:0.001000
 0  5.653056e-01
 1  2.998559e-01
 2  1.908026e-01
 3  1.357911e-01
 4  1.068973e-01
 5  8.349583e-02
 6  6.851210e-02
 7  5.617598e-02
 8  4.651447e-02
 9  3.755957e-02
 10  3.081917e-02
 11  2.535286e-02
 12  2.086672e-02
 13  1.665386e-02
 14  1.358192e-02
 15  1.109771e-02
 16  9.133363e-03
 17  7.391762e-03
 18  5.876893e-03
 19  4.772843e-03
 20  3.884575e-03
 21  3.150413e-03
 22  2.688992e-03
 23  2.303368e-03
 24  1.971214e-03
 25  1.692523e-03
 26  1.465610e-03
 27  1.306341e-03
 28  1.190597e-03
 29  1.094205e-03
 30  1.015951e-03
 31  9.304587e-04
 Iteration CPU time: 7 s
 CFIE residual: 0.000930459

 Iseg, Irank, Idinc : 1, 23, 153
 Thata, Phi : 90.000000, 152.000000
 Maximun iteration: 300
 Number of recycle truncation: 30
 Final matrix dimension:  36708
 Residual error:0.001000
 0  6.306875e-01
 1  3.296144e-01
 2  2.003914e-01
 3  1.372967e-01
 4  1.019971e-01
 5  7.989596e-02
 6  6.360950e-02
 7  5.062078e-02
 8  4.293662e-02
 9  3.595884e-02
 10  3.052468e-02
 11  2.556380e-02
 12  2.051301e-02
 13  1.627744e-02
 14  1.322178e-02
 15  1.079283e-02
 16  8.730988e-03
 17  7.167966e-03
 18  5.873692e-03
 19  4.813935e-03
 20  4.050093e-03
 21  3.384868e-03
 22  2.944726e-03
 23  2.607227e-03
 24  2.320139e-03
 25  2.093007e-03
 26  1.916191e-03
 27  1.740219e-03
 28  1.571740e-03
 29  1.423016e-03
 30  1.264829e-03
 31  1.077035e-03
 32  8.891464e-04
 Iteration CPU time: 7 s
 CFIE residual: 0.000889146

 Iseg, Irank, Idinc : 1, 24, 68
 Thata, Phi : 90.000000, 67.000000
 Maximun iteration: 300
 Number of recycle truncation: 30
 Final matrix dimension:  36708
 Residual error:0.001000
 0  6.595477e-01
 1  3.663054e-01
 2  2.318389e-01
 3  1.500753e-01
 4  1.085353e-01
 5  8.230798e-02
 6  6.319753e-02
 7  4.995598e-02
 8  4.019938e-02
 9  3.305758e-02
 10  2.604998e-02
 11  2.066051e-02
 12  1.660688e-02
 13  1.388030e-02
 14  1.184306e-02
 15  1.048104e-02
 16  9.433952e-03
 17  8.558115e-03
 18  7.783139e-03
 19  7.043230e-03
 20  6.454049e-03
 21  5.850104e-03
 22  5.291472e-03
 23  4.737279e-03
 24  4.095050e-03
 25  3.473544e-03
 26  2.907827e-03
 27  2.380379e-03
 28  1.897124e-03
 29  1.512877e-03
 30  1.186447e-03
 31  9.152890e-04
 Iteration CPU time: 8 s
 CFIE residual: 0.000915289

 Iseg, Irank, Idinc : 1, 25, 17
 Thata, Phi : 90.000000, 16.000000
 Maximun iteration: 300
 Number of recycle truncation: 30
 Final matrix dimension:  36708
 Residual error:0.001000
 0  5.798393e-01
 1  2.840520e-01
 2  1.698947e-01
 3  1.193549e-01
 4  8.464011e-02
 5  6.355565e-02
 6  4.930697e-02
 7  3.853436e-02
 8  3.015909e-02
 9  2.372360e-02
 10  1.842715e-02
 11  1.475460e-02
 12  1.149600e-02
 13  9.205425e-03
 14  7.472731e-03
 15  6.368664e-03
 16  5.368991e-03
 17  4.529645e-03
 18  3.858436e-03
 19  3.279005e-03
 20  2.868611e-03
 21  2.481631e-03
 22  2.228231e-03
 23  2.001566e-03
 24  1.849076e-03
 25  1.708321e-03
 26  1.575061e-03
 27  1.441671e-03
 28  1.318345e-03
 29  1.202640e-03
 30  1.073177e-03
 31  9.426107e-04
 Iteration CPU time: 7 s
 CFIE residual: 0.000942611

 Iseg, Irank, Idinc : 1, 26, 181
 Thata, Phi : 90.000000, 180.000000
 Maximun iteration: 300
 Number of recycle truncation: 30
 Final matrix dimension:  36708
 Residual error:0.001000
 0  5.577286e-01
 1  2.995861e-01
 2  1.911480e-01
 3  1.352313e-01
 4  1.059726e-01
 5  8.122111e-02
 6  6.612923e-02
 7  5.455260e-02
 8  4.439248e-02
 9  3.447053e-02
 10  2.704872e-02
 11  2.139317e-02
 12  1.627051e-02
 13  1.262349e-02
 14  9.831738e-03
 15  7.626717e-03
 16  5.896696e-03
 17  4.765919e-03
 18  3.864435e-03
 19  3.056373e-03
 20  2.543091e-03
 21  2.197005e-03
 22  1.893894e-03
 23  1.651325e-03
 24  1.447157e-03
 25  1.295501e-03
 26  1.187529e-03
 27  1.077397e-03
 28  9.872408e-04
 Iteration CPU time: 6 s
 CFIE residual: 0.000987241

 Iseg, Irank, Idinc : 1, 27, 47
 Thata, Phi : 90.000000, 46.000000
 Maximun iteration: 300
 Number of recycle truncation: 30
 Final matrix dimension:  36708
 Residual error:0.001000
 0  6.348245e-01
 1  3.234898e-01
 2  2.040132e-01
 3  1.341755e-01
 4  9.500214e-02
 5  7.047818e-02
 6  5.292055e-02
 7  4.071701e-02
 8  3.109427e-02
 9  2.416319e-02
 10  1.881580e-02
 11  1.468799e-02
 12  1.185149e-02
 13  9.780672e-03
 14  8.199981e-03
 15  7.023295e-03
 16  6.261501e-03
 17  5.604018e-03
 18  5.098782e-03
 19  4.690611e-03
 20  4.274456e-03
 21  3.802849e-03
 22  3.453495e-03
 23  3.040643e-03
 24  2.611053e-03
 25  2.225205e-03
 26  1.878857e-03
 27  1.546470e-03
 28  1.270521e-03
 29  1.028817e-03
 30  8.162558e-04
 Iteration CPU time: 7 s
 CFIE residual: 0.000816256

 Iseg, Irank, Idinc : 1, 28, 103
 Thata, Phi : 90.000000, 102.000000
 Maximun iteration: 300
 Number of recycle truncation: 30
 Final matrix dimension:  36708
 Residual error:0.001000
 0  6.183077e-01
 1  3.546366e-01
 2  2.233411e-01
 3  1.511017e-01
 4  1.054717e-01
 5  7.931100e-02
 6  6.172288e-02
 7  4.793188e-02
 8  3.765497e-02
 9  3.062287e-02
 10  2.482451e-02
 11  1.982078e-02
 12  1.589516e-02
 13  1.308404e-02
 14  1.081754e-02
 15  9.088809e-03
 16  7.636659e-03
 17  6.699654e-03
 18  5.923864e-03
 19  5.322744e-03
 20  4.815521e-03
 21  4.419979e-03
 22  3.988965e-03
 23  3.620316e-03
 24  3.292880e-03
 25  2.952412e-03
 26  2.625629e-03
 27  2.330065e-03
 28  1.997238e-03
 29  1.660457e-03
 30  1.363753e-03
 31  1.073452e-03
 32  8.277939e-04
 Iteration CPU time: 7 s
 CFIE residual: 0.000827794

 Iseg, Irank, Idinc : 1, 29, 27
 Thata, Phi : 90.000000, 26.000000
 Maximun iteration: 300
 Number of recycle truncation: 30
 Final matrix dimension:  36708
 Residual error:0.001000
 0  6.327322e-01
 1  2.988402e-01
 2  1.684091e-01
 3  1.101254e-01
 4  7.757633e-02
 5  5.709705e-02
 6  4.270927e-02
 7  3.256032e-02
 8  2.536209e-02
 9  2.057504e-02
 10  1.656168e-02
 11  1.303043e-02
 12  1.047356e-02
 13  8.690014e-03
 14  7.268696e-03
 15  6.095353e-03
 16  5.286563e-03
 17  4.465797e-03
 18  3.874656e-03
 19  3.322821e-03
 20  2.919347e-03
 21  2.596368e-03
 22  2.365981e-03
 23  2.196753e-03
 24  2.041075e-03
 25  1.860371e-03
 26  1.691438e-03
 27  1.519698e-03
 28  1.345823e-03
 29  1.192321e-03
 30  1.014249e-03
 31  8.459086e-04
 Iteration CPU time: 7 s
 CFIE residual: 0.000845909

 Iseg, Irank, Idinc : 1, 30, 126
 Thata, Phi : 90.000000, 125.000000
 Maximun iteration: 300
 Number of recycle truncation: 30
 Final matrix dimension:  36708
 Residual error:0.001000
 0  6.602807e-01
 1  3.479666e-01
 2  2.291791e-01
 3  1.577381e-01
 4  1.125324e-01
 5  8.609348e-02
 6  6.573509e-02
 7  5.112030e-02
 8  3.967706e-02
 9  3.089449e-02
 10  2.444011e-02
 11  1.951085e-02
 12  1.554455e-02
 13  1.272812e-02
 14  1.048584e-02
 15  9.013669e-03
 16  7.625062e-03
 17  6.557812e-03
 18  5.714640e-03
 19  5.014306e-03
 20  4.474305e-03
 21  4.054852e-03
 22  3.706869e-03
 23  3.395500e-03
 24  3.058100e-03
 25  2.783011e-03
 26  2.533950e-03
 27  2.304640e-03
 28  2.071608e-03
 29  1.844092e-03
 30  1.584388e-03
 31  1.329967e-03
 32  1.095786e-03
 33  8.908140e-04
 Iteration CPU time: 8 s
 CFIE residual: 0.000890814

 Iseg, Irank, Idinc : 1, 31, 3
 Thata, Phi : 90.000000, 2.000000
 Maximun iteration: 300
 Number of recycle truncation: 30
 Final matrix dimension:  36708
 Residual error:0.001000
 0  5.090359e-01
 1  2.684186e-01
 2  1.736954e-01
 3  1.208646e-01
 4  8.606017e-02
 5  6.471412e-02
 6  4.976730e-02
 7  3.802694e-02
 8  2.914702e-02
 9  2.271815e-02
 10  1.755121e-02
 11  1.398022e-02
 12  1.134893e-02
 13  8.915763e-03
 14  7.363507e-03
 15  5.982585e-03
 16  4.993292e-03
 17  4.164133e-03
 18  3.530890e-03
 19  3.063994e-03
 20  2.690384e-03
 21  2.380567e-03
 22  2.108168e-03
 23  1.840378e-03
 24  1.654177e-03
 25  1.514162e-03
 26  1.401264e-03
 27  1.297166e-03
 28  1.190367e-03
 29  1.073707e-03
 30  9.396780e-04
 Iteration CPU time: 7 s
 CFIE residual: 0.000939678

 Iseg, Irank, Idinc : 1, 32, 163
 Thata, Phi : 90.000000, 162.000000
 Maximun iteration: 300
 Number of recycle truncation: 30
 Final matrix dimension:  36708
 Residual error:0.001000
 0  5.927614e-01
 1  3.059388e-01
 2  1.876291e-01
 3  1.317352e-01
 4  1.018614e-01
 5  8.185365e-02
 6  6.661056e-02
 7  5.380075e-02
 8  4.538517e-02
 9  3.878203e-02
 10  3.281297e-02
 11  2.732098e-02
 12  2.242922e-02
 13  1.807290e-02
 14  1.467464e-02
 15  1.193383e-02
 16  9.677390e-03
 17  8.002536e-03
 18  6.524183e-03
 19  5.203574e-03
 20  4.309413e-03
 21  3.561906e-03
 22  3.021155e-03
 23  2.592019e-03
 24  2.257109e-03
 25  1.943135e-03
 26  1.738458e-03
 27  1.588992e-03
 28  1.466656e-03
 29  1.351688e-03
 30  1.239569e-03
 31  1.133886e-03
 32  9.992127e-04
 Iteration CPU time: 8 s
 CFIE residual: 0.000999213

 Iseg, Irank, Idinc : 1, 33, 85
 Thata, Phi : 90.000000, 84.000000
 Maximun iteration: 300
 Number of recycle truncation: 30
 Final matrix dimension:  36708
 Residual error:0.001000
 0  6.217769e-01
 1  3.547297e-01
 2  2.300235e-01
 3  1.565996e-01
 4  1.121618e-01
 5  8.746589e-02
 6  6.749350e-02
 7  5.371027e-02
 8  4.286530e-02
 9  3.499960e-02
 10  2.767670e-02
 11  2.130343e-02
 12  1.689128e-02
 13  1.387603e-02
 14  1.176358e-02
 15  1.020675e-02
 16  9.001394e-03
 17  8.037483e-03
 18  7.289191e-03
 19  6.650270e-03
 20  6.124422e-03
 21  5.624781e-03
 22  5.124854e-03
 23  4.562436e-03
 24  3.986284e-03
 25  3.447304e-03
 26  2.964078e-03
 27  2.509654e-03
 28  2.088176e-03
 29  1.673220e-03
 30  1.331492e-03
 31  1.068409e-03
 32  8.385853e-04
 Iteration CPU time: 7 s
 CFIE residual: 0.000838585

 Iseg, Irank, Idinc : 1, 34, 37
 Thata, Phi : 90.000000, 36.000000
 Maximun iteration: 300
 Number of recycle truncation: 30
 Final matrix dimension:  36708
 Residual error:0.001000
 0  6.223963e-01
 1  3.127515e-01
 2  1.931046e-01
 3  1.228131e-01
 4  8.396971e-02
 5  6.168718e-02
 6  4.525643e-02
 7  3.415206e-02
 8  2.624683e-02
 9  2.039569e-02
 10  1.612271e-02
 11  1.292354e-02
 12  1.032339e-02
 13  8.539694e-03
 14  7.078759e-03
 15  6.047825e-03
 16  5.207795e-03
 17  4.525853e-03
 18  4.060623e-03
 19  3.621598e-03
 20  3.266665e-03
 21  2.976445e-03
 22  2.746788e-03
 23  2.497448e-03
 24  2.252992e-03
 25  2.018191e-03
 26  1.760255e-03
 27  1.513778e-03
 28  1.277812e-03
 29  1.063293e-03
 30  8.783788e-04
 Iteration CPU time: 7 s
 CFIE residual: 0.000878379

 Iseg, Irank, Idinc : 1, 35, 180
 Thata, Phi : 90.000000, 179.000000
 Maximun iteration: 300
 Number of recycle truncation: 30
 Final matrix dimension:  36708
 Residual error:0.001000
 0  5.578795e-01
 1  2.995912e-01
 2  1.911527e-01
 3  1.352537e-01
 4  1.060099e-01
 5  8.129598e-02
 6  6.620017e-02
 7  5.462002e-02
 8  4.447670e-02
 9  3.456633e-02
 10  2.715853e-02
 11  2.152467e-02
 12  1.654085e-02
 13  1.287714e-02
 14  1.008200e-02
 15  7.873623e-03
 16  6.106580e-03
 17  5.011461e-03
 18  4.107127e-03
 19  3.346896e-03
 20  2.713577e-03
 21  2.284436e-03
 22  1.984948e-03
 23  1.751158e-03
 24  1.528510e-03
 25  1.351603e-03
 26  1.224551e-03
 27  1.101704e-03
 28  1.010106e-03
 29  9.177097e-04
 Iteration CPU time: 7 s
 CFIE residual: 0.00091771

 Iseg, Irank, Idinc : 1, 36, 58
 Thata, Phi : 90.000000, 57.000000
 Maximun iteration: 300
 Number of recycle truncation: 30
 Final matrix dimension:  36708
 Residual error:0.001000
 0  6.610445e-01
 1  3.448738e-01
 2  2.144956e-01
 3  1.361208e-01
 4  9.702098e-02
 5  7.114509e-02
 6  5.519928e-02
 7  4.381905e-02
 8  3.510495e-02
 9  2.697250e-02
 10  2.061813e-02
 11  1.657117e-02
 12  1.355288e-02
 13  1.126412e-02
 14  9.514242e-03
 15  8.230217e-03
 16  7.407062e-03
 17  6.723150e-03
 18  6.123429e-03
 19  5.550079e-03
 20  5.058172e-03
 21  4.585243e-03
 22  4.039322e-03
 23  3.551204e-03
 24  3.040647e-03
 25  2.541001e-03
 26  2.087744e-03
 27  1.699850e-03
 28  1.370990e-03
 29  1.085712e-03
 30  8.485530e-04
 Iteration CPU time: 7 s
 CFIE residual: 0.000848553

 Iseg, Irank, Idinc : 1, 37, 135
 Thata, Phi : 90.000000, 134.000000
 Maximun iteration: 300
 Number of recycle truncation: 30
 Final matrix dimension:  36708
 Residual error:0.001000
 0  6.981433e-01
 1  3.601430e-01
 2  2.280801e-01
 3  1.555638e-01
 4  1.118771e-01
 5  8.512576e-02
 6  6.499258e-02
 7  5.076158e-02
 8  4.107752e-02
 9  3.238824e-02
 10  2.575097e-02
 11  2.102866e-02
 12  1.692709e-02
 13  1.355343e-02
 14  1.118057e-02
 15  9.121166e-03
 16  7.538127e-03
 17  6.352182e-03
 18  5.345981e-03
 19  4.647640e-03
 20  4.166047e-03
 21  3.734615e-03
 22  3.441214e-03
 23  3.124739e-03
 24  2.862455e-03
 25  2.621631e-03
 26  2.362039e-03
 27  2.121268e-03
 28  1.869397e-03
 29  1.645886e-03
 30  1.396962e-03
 31  1.141698e-03
 32  9.085737e-04
 Iteration CPU time: 8 s
 CFIE residual: 0.000908574

 Iseg, Irank, Idinc : 1, 38, 94
 Thata, Phi : 90.000000, 93.000000
 Maximun iteration: 300
 Number of recycle truncation: 30
 Final matrix dimension:  36708
 Residual error:0.001000
 0  6.194940e-01
 1  3.560369e-01
 2  2.259740e-01
 3  1.504748e-01
 4  1.081310e-01
 5  8.389539e-02
 6  6.576679e-02
 7  5.221491e-02
 8  4.165642e-02
 9  3.361275e-02
 10  2.658073e-02
 11  2.142393e-02
 12  1.735071e-02
 13  1.418090e-02
 14  1.204655e-02
 15  1.015898e-02
 16  8.714891e-03
 17  7.644747e-03
 18  6.868951e-03
 19  6.229662e-03
 20  5.717327e-03
 21  5.224358e-03
 22  4.760233e-03
 23  4.313870e-03
 24  3.865314e-03
 25  3.415214e-03
 26  2.987095e-03
 27  2.596689e-03
 28  2.142189e-03
 29  1.694535e-03
 30  1.308140e-03
 31  1.009249e-03
 32  7.741794e-04
 Iteration CPU time: 7 s
 CFIE residual: 0.000774179

 Iseg, Irank, Idinc : 1, 39, 170
 Thata, Phi : 90.000000, 169.000000
 Maximun iteration: 300
 Number of recycle truncation: 30
 Final matrix dimension:  36708
 Residual error:0.001000
 0  5.712618e-01
 1  3.004892e-01
 2  1.898485e-01
 3  1.353415e-01
 4  1.062713e-01
 5  8.374058e-02
 6  6.893027e-02
 7  5.625900e-02
 8  4.681788e-02
 9  3.853017e-02
 10  3.231477e-02
 11  2.678611e-02
 12  2.212256e-02
 13  1.771175e-02
 14  1.449228e-02
 15  1.178443e-02
 16  9.639521e-03
 17  7.821193e-03
 18  6.244234e-03
 19  5.031873e-03
 20  4.112286e-03
 21  3.348151e-03
 22  2.852824e-03
 23  2.425127e-03
 24  2.081230e-03
 25  1.781064e-03
 26  1.536293e-03
 27  1.377237e-03
 28  1.259588e-03
 29  1.160646e-03
 30  1.076259e-03
 31  9.859628e-04
 Iteration CPU time: 7 s
 CFIE residual: 0.000985963
 Last Built End in Sep 21 2025 00:06:12
 Total CPU time: 302 s
 Finished.
