 Last Built Begin in Sep 21 2025 00:06:12
 Pre-Type( Input ):            8
 Skl-Tol ( Input ):    1.0000000000000000E-002
 Wavelength in freespace: 0.288135

 ################################################
 ##         Generating Required Mesh          ##
 ##         Waiting.....                      ##
 ################################################
 Subd No.      Subd Name
    1    sphere1                                                           
 isub,  nnode, npatch,  nedge:
    1       604      1204      1806
 Scale Factor         >>   9.99999978E-03
 ################################################

 START TIME: 20250922   001410.275


 Informaton for IE geometry:
 number of subdomains     : 1
 maxnode,maxpatch,maxedge : 604  1204  1806
 
 Index of Mat-Reg: 1
 Mat-Reg Number via MatFlg: 1
 Edge Number of Mat-Reg: 1, 1806

 Number of Edge on PEC: 0
 Mat-Reg: No Dim(m) Lmax:
    1 0.174    2
 Totlmax, add1, add2:           2           3           4
 rlengmax of Global MLFMA >>   0.17352998965761199     
 Lmax of Global MLFMA >>            2
 Wavenum of Mat-Reg:
    1 1.000

 total area in sq m           =      0.1254
 total area in sq lambda      =      1.5099
 maxnode, maxpatch, maxedge           =      604     1204     1806
 longest  edge in lambda              =      0.0756
 shortest edge in lambda              =      0.0330
 average  edge in lambda              =      0.0539
 largest  patch area in sq lambda     =      0.0021
 smallest patch area in sq lambda     =      0.0006
 ave    surface area in sq lambda     =      0.0013
 size range of the object in sq lambda =      0.6941

 #### MLFMA Info For Each Region ####
 Mat-Region =            1
 Array dimension parameters:
 maxrule=          14   maxgrid  =          64
 lmax   =           2   ncmax    =          65
 lsmax  =           6   lsmin    =           6
 kpm    =          76   kp0      =          76
 ntlm   =       24016   nsm      =        4256
 nkpm   =          76   niplm    =        4864
 ngnearm=         632   ngsndm   =        2504
 nearm  =         413   mfinestm =          43
 ###############################

 CFIE Alpha:  0.50000000000000000     

 Fill MLFMA FI for Mat-Reg:           1
 Begin filltl.f
 fill translation matrix
 Level:            2
 fill shifting matrix
 translator time(s):   3.00000012E-02
 fill interpolation matrix
 Filling TL                  Delta_CPU=          0.12 Memory(MB)=         65.70
 Filling sndgrp              Delta_CPU=          0.00 Memory(MB)=         65.70
 Filling VFS                 Delta_CPU=          0.23 Memory(MB)=         65.70

 Fill MLFMA NI for Mat-Reg:           1
 Begin fill sparser part of Nearfield
 Begin fill denser part of Nearfield
 End fill
 Filling Amn                 Delta_CPU=         12.00 Memory(MB)=         65.70


 Now testing preconditioner with
 ipretype =            8
 method = cfie_solve_nfpre_pardiso

  
 NBP>>Begin fill sparser part of Nearfield
 NBP>>Begin fill denser part of Nearfield

201.7857%
 Begin MLFMA Box-Matrix Based Prec Constructor
 --- Intel MKL PARDISO --- 
  >> Solver Initialized
  >> Proceed to ngrp_box loop
  >> Loop 0 Initialized
 Memory for iGRP: 1 0 MB
 Total Memory For NFB Pre: 0 MB
 --- PARDISO PRECONDITIONER INITIALIZED --- 
 Constructing preconditioner CPU time: 0 s
 
 108360
 Memory for Iteration:: 1.65344 MB

 Iseg, Ninc_S : 1, 181, 0

 Iseg, Skeleton Angles: 1, 8
 Iseg, Skel-Pk Mem(MB): 1, 30.96

 Iseg, Irank, Idinc : 1, 1, 35
 Thata, Phi : 90.000000, 34.000000
 Maximun iteration: 300
 Number of recycle truncation: 30
 Final matrix dimension:  3612
 Residual error:0.010000
 0  2.143474e-01
 1  1.112372e-01
 2  4.798547e-02
 3  2.382270e-02
 4  1.163373e-02
 5  5.475966e-03
 Iteration CPU time: 0 s
 CFIE residual: 0.00547597

 Iseg, Irank, Idinc : 1, 2, 136
 Thata, Phi : 90.000000, 135.000000
 Maximun iteration: 300
 Number of recycle truncation: 30
 Final matrix dimension:  3612
 Residual error:0.010000
 0  2.152049e-01
 1  1.114051e-01
 2  4.720317e-02
 3  2.322886e-02
 4  1.104417e-02
 5  5.162392e-03
 Iteration CPU time: 1 s
 CFIE residual: 0.00516239

 Iseg, Irank, Idinc : 1, 3, 1
 Thata, Phi : 90.000000, 0.000000
 Maximun iteration: 300
 Number of recycle truncation: 30
 Final matrix dimension:  3612
 Residual error:0.010000
 0  2.089983e-01
 1  1.090867e-01
 2  4.902379e-02
 3  2.464595e-02
 4  1.190356e-02
 5  5.267448e-03
 Iteration CPU time: 0 s
 CFIE residual: 0.00526745

 Iseg, Irank, Idinc : 1, 4, 86
 Thata, Phi : 90.000000, 85.000000
 Maximun iteration: 300
 Number of recycle truncation: 30
 Final matrix dimension:  3612
 Residual error:0.010000
 0  2.160387e-01
 1  1.134817e-01
 2  5.056575e-02
 3  2.596802e-02
 4  1.244180e-02
 5  5.650352e-03
 Iteration CPU time: 0 s
 CFIE residual: 0.00565035

 Iseg, Irank, Idinc : 1, 5, 181
 Thata, Phi : 90.000000, 180.000000
 Maximun iteration: 300
 Number of recycle truncation: 30
 Final matrix dimension:  3612
 Residual error:0.010000
 0  2.073212e-01
 1  1.066706e-01
 2  4.834181e-02
 3  2.411336e-02
 4  1.106638e-02
 5  4.950880e-03
 Iteration CPU time: 0 s
 CFIE residual: 0.00495088

 Iseg, Irank, Idinc : 1, 6, 160
 Thata, Phi : 90.000000, 159.000000
 Maximun iteration: 300
 Number of recycle truncation: 30
 Final matrix dimension:  3612
 Residual error:0.010000
 0  2.106696e-01
 1  1.086604e-01
 2  4.767310e-02
 3  2.361495e-02
 4  1.113273e-02
 5  5.137749e-03
 Iteration CPU time: 0 s
 CFIE residual: 0.00513775

 Iseg, Irank, Idinc : 1, 7, 61
 Thata, Phi : 90.000000, 60.000000
 Maximun iteration: 300
 Number of recycle truncation: 30
 Final matrix dimension:  3612
 Residual error:0.010000
 0  2.171440e-01
 1  1.126322e-01
 2  4.828253e-02
 3  2.420110e-02
 4  1.177932e-02
 5  5.582589e-03
 Iteration CPU time: 0 s
 CFIE residual: 0.00558259

 Iseg, Irank, Idinc : 1, 8, 14
 Thata, Phi : 90.000000, 13.000000
 Maximun iteration: 300
 Number of recycle truncation: 30
 Final matrix dimension:  3612
 Residual error:0.010000
 0  2.104899e-01
 1  1.099209e-01
 2  4.898374e-02
 3  2.459875e-02
 4  1.193458e-02
 5  5.392363e-03
 Iteration CPU time: 0 s
 CFIE residual: 0.00539236
 Last Built End in Sep 21 2025 00:06:12
 Total CPU time: 2 s
 Finished.
