 Last Built Begin in Sep 21 2025 00:06:12
 Pre-Type( Input ):            8
 Skl-Tol ( Input ):    1.0000000000000000E-002
 Wavelength in freespace: 0.326087

 ################################################
 ##         Generating Required Mesh          ##
 ##         Waiting.....                      ##
 ################################################
 Subd No.      Subd Name
    1    sphere1                                                           
 isub,  nnode, npatch,  nedge:
    1       604      1204      1806
 Scale Factor         >>   9.99999978E-03
 ################################################

 START TIME: 20250922   003012.366


 Informaton for IE geometry:
 number of subdomains     : 1
 maxnode,maxpatch,maxedge : 604  1204  1806
 
 Index of Mat-Reg: 1
 Mat-Reg Number via MatFlg: 1
 Edge Number of Mat-Reg: 1, 1806

 Number of Edge on PEC: 0
 Mat-Reg: No Dim(m) Lmax:
    1 0.153    2
 Totlmax, add1, add2:           2           3           4
 rlengmax of Global MLFMA >>   0.15333332419466669     
 Lmax of Global MLFMA >>            2
 Wavenum of Mat-Reg:
    1 1.000

 total area in sq m           =      0.1254
 total area in sq lambda      =      1.1789
 maxnode, maxpatch, maxedge           =      604     1204     1806
 longest  edge in lambda              =      0.0668
 shortest edge in lambda              =      0.0291
 average  edge in lambda              =      0.0477
 largest  patch area in sq lambda     =      0.0016
 smallest patch area in sq lambda     =      0.0005
 ave    surface area in sq lambda     =      0.0010
 size range of the object in sq lambda =      0.6133

 #### MLFMA Info For Each Region ####
 Mat-Region =            1
 Array dimension parameters:
 maxrule=          14   maxgrid  =          64
 lmax   =           2   ncmax    =          65
 lsmax  =           5   lsmin    =           5
 kpm    =          54   kp0      =          54
 ntlm   =       17064   nsm      =        3024
 nkpm   =          54   niplm    =        3456
 ngnearm=         632   ngsndm   =        2504
 nearm  =         413   mfinestm =          43
 ###############################

 CFIE Alpha:  0.50000000000000000     

 Fill MLFMA FI for Mat-Reg:           1
 Begin filltl.f
 fill translation matrix
 Level:            2
 fill shifting matrix
 translator time(s):   2.70000007E-02
 fill interpolation matrix
 Filling TL                  Delta_CPU=          0.10 Memory(MB)=         60.05
 Filling sndgrp              Delta_CPU=          0.00 Memory(MB)=         60.05
 Filling VFS                 Delta_CPU=          0.16 Memory(MB)=         60.05

 Fill MLFMA NI for Mat-Reg:           1
 Begin fill sparser part of Nearfield
 Begin fill denser part of Nearfield
 End fill
 Filling Amn                 Delta_CPU=         13.38 Memory(MB)=         60.05


 Now testing preconditioner with
 ipretype =            8
 method = cfie_solve_nfpre_pardiso

  
 NBP>>Begin fill sparser part of Nearfield
 NBP>>Begin fill denser part of Nearfield

201.7857%
 Begin MLFMA Box-Matrix Based Prec Constructor
 --- Intel MKL PARDISO --- 
  >> Solver Initialized
  >> Proceed to ngrp_box loop
  >> Loop 0 Initialized
 Memory for iGRP: 1 0 MB
 Total Memory For NFB Pre: 0 MB
 --- PARDISO PRECONDITIONER INITIALIZED --- 
 Constructing preconditioner CPU time: 0 s
 
 108360
 Memory for Iteration:: 1.65344 MB

 Iseg, Ninc_S : 1, 181, 0

 Iseg, Skeleton Angles: 1, 8
 Iseg, Skel-Pk Mem(MB): 1, 30.96

 Iseg, Irank, Idinc : 1, 1, 130
 Thata, Phi : 90.000000, 129.000000
 Maximun iteration: 300
 Number of recycle truncation: 30
 Final matrix dimension:  3612
 Residual error:0.010000
 0  2.307919e-01
 1  1.321633e-01
 2  5.881745e-02
 3  2.762228e-02
 4  1.338741e-02
 5  6.599013e-03
 Iteration CPU time: 0 s
 CFIE residual: 0.00659901

 Iseg, Irank, Idinc : 1, 2, 41
 Thata, Phi : 90.000000, 40.000000
 Maximun iteration: 300
 Number of recycle truncation: 30
 Final matrix dimension:  3612
 Residual error:0.010000
 0  2.306545e-01
 1  1.315425e-01
 2  5.931054e-02
 3  2.855473e-02
 4  1.353184e-02
 5  6.857398e-03
 Iteration CPU time: 0 s
 CFIE residual: 0.0068574

 Iseg, Irank, Idinc : 1, 3, 1
 Thata, Phi : 90.000000, 0.000000
 Maximun iteration: 300
 Number of recycle truncation: 30
 Final matrix dimension:  3612
 Residual error:0.010000
 0  2.241727e-01
 1  1.265232e-01
 2  5.898505e-02
 3  2.898239e-02
 4  1.419511e-02
 5  6.987138e-03
 Iteration CPU time: 0 s
 CFIE residual: 0.00698714

 Iseg, Irank, Idinc : 1, 4, 181
 Thata, Phi : 90.000000, 180.000000
 Maximun iteration: 300
 Number of recycle truncation: 30
 Final matrix dimension:  3612
 Residual error:0.010000
 0  2.222720e-01
 1  1.246821e-01
 2  5.717526e-02
 3  2.739878e-02
 4  1.357303e-02
 5  6.648549e-03
 Iteration CPU time: 0 s
 CFIE residual: 0.00664855

 Iseg, Irank, Idinc : 1, 5, 86
 Thata, Phi : 90.000000, 85.000000
 Maximun iteration: 300
 Number of recycle truncation: 30
 Final matrix dimension:  3612
 Residual error:0.010000
 0  2.314824e-01
 1  1.325844e-01
 2  5.990548e-02
 3  2.947895e-02
 4  1.490222e-02
 5  7.443573e-03
 Iteration CPU time: 0 s
 CFIE residual: 0.00744357

 Iseg, Irank, Idinc : 1, 6, 159
 Thata, Phi : 90.000000, 158.000000
 Maximun iteration: 300
 Number of recycle truncation: 30
 Final matrix dimension:  3612
 Residual error:0.010000
 0  2.258215e-01
 1  1.279091e-01
 2  5.788515e-02
 3  2.718723e-02
 4  1.336698e-02
 5  6.587110e-03
 Iteration CPU time: 0 s
 CFIE residual: 0.00658711

 Iseg, Irank, Idinc : 1, 7, 19
 Thata, Phi : 90.000000, 18.000000
 Maximun iteration: 300
 Number of recycle truncation: 30
 Final matrix dimension:  3612
 Residual error:0.010000
 0  2.265123e-01
 1  1.284587e-01
 2  5.937357e-02
 3  2.901122e-02
 4  1.397911e-02
 5  6.986836e-03
 Iteration CPU time: 0 s
 CFIE residual: 0.00698684

 Iseg, Irank, Idinc : 1, 8, 107
 Thata, Phi : 90.000000, 106.000000
 Maximun iteration: 300
 Number of recycle truncation: 30
 Final matrix dimension:  3612
 Residual error:0.010000
 0  2.309096e-01
 1  1.325544e-01
 2  5.994743e-02
 3  2.923662e-02
 4  1.466869e-02
 5  7.270359e-03
 Iteration CPU time: 0 s
 CFIE residual: 0.00727036
 Last Built End in Sep 21 2025 00:06:12
 Total CPU time: 2 s
 Finished.
