 Last Built Begin in Sep 21 2025 00:06:12
 Pre-Type( Input ):           10
 Skl-Tol ( Input ):    1.0000000000000001E-005
 Wavelength in freespace: 0.0312826

 ################################################
 ##         Generating Required Mesh          ##
 ##         Waiting.....                      ##
 ################################################
 Subd No.      Subd Name
    1    Open-Duct_PRIME_model_meshAA1                                     
 isub,  nnode, npatch,  nedge:
    1      6118     12236     18354
 Scale Factor         >>   1.54999997E-02
 ################################################

 START TIME: 20250922   020237.545


 Informaton for IE geometry:
 number of subdomains     : 1
 maxnode,maxpatch,maxedge : 6118  12236  18354
 
 Index of Mat-Reg: 1
 Mat-Reg Number via MatFlg: 1
 Edge Number of Mat-Reg: 1, 18354

 Number of Edge on PEC: 18354
 Mat-Reg: No Dim(m) Lmax:
    1 0.229    5
 Totlmax, add1, add2:           5           6           7
 rlengmax of Global MLFMA >>   0.22920345976107709     
 Lmax of Global MLFMA >>            5
 Wavenum of Mat-Reg:
    1 1.000

 total area in sq m           =      0.0510
 total area in sq lambda      =     52.0845
 maxnode, maxpatch, maxedge           =     6118    12236    18354
 longest  edge in lambda              =      0.1492
 shortest edge in lambda              =      0.0071
 average  edge in lambda              =      0.0996
 largest  patch area in sq lambda     =      0.0075
 smallest patch area in sq lambda     =      0.0000
 ave    surface area in sq lambda     =      0.0043
 size range of the object in sq lambda =      7.3345

 #### MLFMA Info For Each Region ####
 Mat-Region =            1
 Array dimension parameters:
 maxrule=          14   maxgrid  =          64
 lmax   =           5   ncmax    =        1250
 lsmax  =          26   lsmin    =           6
 kpm    =        1356   kp0      =          76
 ntlm   =      204640   nsm      =      205900
 nkpm   =        2152   niplm    =      137728
 ngnearm=       14257   ngsndm   =       64634
 nearm  =         333   mfinestm =         119
 ###############################

 CFIE Alpha:  0.50000000000000000     

 Fill MLFMA FI for Mat-Reg:           1
 Begin filltl.f
 fill translation matrix
 Level:            2
 fill shifting matrix
 Level:            3
 fill shifting matrix
 Level:            4
 fill shifting matrix
 Level:            5
 fill shifting matrix
 translator time(s):  0.109000005    
 fill interpolation matrix
 ThetaOrder            8
 PhiOrder            8
 lsl            6
 Filling TL                  Delta_CPU=          0.51 Memory(MB)=        586.87
 Filling sndgrp              Delta_CPU=          0.00 Memory(MB)=        586.87
 Filling VFS                 Delta_CPU=          2.40 Memory(MB)=        586.87

 Fill MLFMA NI for Mat-Reg:           1
 Begin fill sparser part of Nearfield
 Begin fill denser part of Nearfield
 End fill
 Filling Amn                 Delta_CPU=         91.59 Memory(MB)=        586.87


 Now testing preconditioner with
 ipretype =           10
 method = cfie_solve_nfrasspspre_pardiso

  
 NBP>>Begin fill sparser part of Nearfield

114.4641% NBP>>Begin fill denser part of Nearfield

200.1041%
 Begin MLFMA Box-Matrix Based Spar-RAS Prec Constructor
 --- Intel MKL PARDISO --- 
 Memory for iGroup: 1 0 MB
 Total Memory For SparRAS Pre: 0 MB
 --- PARDISO PRECONDITIONER INITIALIZED --- 
 Constructing preconditioner CPU time: 4 s
 
 1101240
 Memory for Iteration:: 16.8036 MB

 Iseg, Ninc_S : 1, 181, 0

 Iseg, Skeleton Angles: 1, 38
 Iseg, Skel-Pk Mem(MB): 1, 314.35

 Iseg, Irank, Idinc : 1, 1, 22
 Thata, Phi : 90.000000, 21.000000
 Maximun iteration: 300
 Number of recycle truncation: 30
 Final matrix dimension:  36708
 Residual error:0.001000
 0  6.059963e-01
 1  2.905035e-01
 2  1.660781e-01
 3  1.142778e-01
 4  8.138662e-02
 5  5.989404e-02
 6  4.581024e-02
 7  3.629347e-02
 8  2.856296e-02
 9  2.244325e-02
 10  1.758017e-02
 11  1.375632e-02
 12  1.135786e-02
 13  9.216264e-03
 14  7.718992e-03
 15  6.567366e-03
 16  5.577297e-03
 17  4.723983e-03
 18  4.100964e-03
 19  3.516328e-03
 20  3.007028e-03
 21  2.657320e-03
 22  2.373246e-03
 23  2.170555e-03
 24  1.924626e-03
 25  1.680156e-03
 26  1.448406e-03
 27  1.233532e-03
 28  1.032537e-03
 29  8.666662e-04
 Iteration CPU time: 6 s
 CFIE residual: 0.000866666

 Iseg, Irank, Idinc : 1, 2, 42
 Thata, Phi : 90.000000, 41.000000
 Maximun iteration: 300
 Number of recycle truncation: 30
 Final matrix dimension:  36708
 Residual error:0.001000
 0  6.223465e-01
 1  3.155752e-01
 2  2.008041e-01
 3  1.318918e-01
 4  9.084027e-02
 5  6.617388e-02
 6  4.896138e-02
 7  3.701799e-02
 8  2.848488e-02
 9  2.213396e-02
 10  1.758616e-02
 11  1.417771e-02
 12  1.138557e-02
 13  9.763303e-03
 14  8.242927e-03
 15  7.143631e-03
 16  6.387746e-03
 17  5.633945e-03
 18  4.993735e-03
 19  4.436943e-03
 20  3.825903e-03
 21  3.272743e-03
 22  2.780142e-03
 23  2.321255e-03
 24  1.885195e-03
 25  1.510510e-03
 26  1.214056e-03
 27  9.621662e-04
 Iteration CPU time: 7 s
 CFIE residual: 0.000962166

 Iseg, Irank, Idinc : 1, 3, 64
 Thata, Phi : 90.000000, 63.000000
 Maximun iteration: 300
 Number of recycle truncation: 30
 Final matrix dimension:  36708
 Residual error:0.001000
 0  6.653197e-01
 1  3.573063e-01
 2  2.229210e-01
 3  1.445798e-01
 4  1.058960e-01
 5  8.008963e-02
 6  6.121369e-02
 7  4.909253e-02
 8  3.924121e-02
 9  3.105111e-02
 10  2.479964e-02
 11  1.998499e-02
 12  1.647064e-02
 13  1.393449e-02
 14  1.184453e-02
 15  1.043540e-02
 16  9.316132e-03
 17  8.245549e-03
 18  7.418101e-03
 19  6.467049e-03
 20  5.607111e-03
 21  4.826667e-03
 22  4.006923e-03
 23  3.274023e-03
 24  2.646471e-03
 25  2.063944e-03
 26  1.614304e-03
 27  1.221418e-03
 28  9.440731e-04
 Iteration CPU time: 6 s
 CFIE residual: 0.000944073

 Iseg, Irank, Idinc : 1, 4, 109
 Thata, Phi : 90.000000, 108.000000
 Maximun iteration: 300
 Number of recycle truncation: 30
 Final matrix dimension:  36708
 Residual error:0.001000
 0  6.322362e-01
 1  3.579183e-01
 2  2.262195e-01
 3  1.546397e-01
 4  1.093418e-01
 5  8.208873e-02
 6  6.364306e-02
 7  4.929373e-02
 8  3.847023e-02
 9  3.045670e-02
 10  2.418012e-02
 11  1.917978e-02
 12  1.560774e-02
 13  1.269771e-02
 14  1.075156e-02
 15  9.053235e-03
 16  7.607346e-03
 17  6.615447e-03
 18  5.835476e-03
 19  5.109162e-03
 20  4.506963e-03
 21  4.042230e-03
 22  3.543096e-03
 23  3.101730e-03
 24  2.696189e-03
 25  2.307850e-03
 26  1.903588e-03
 27  1.561050e-03
 28  1.261040e-03
 29  9.884467e-04
 Iteration CPU time: 7 s
 CFIE residual: 0.000988447

 Iseg, Irank, Idinc : 1, 5, 76
 Thata, Phi : 90.000000, 75.000000
 Maximun iteration: 300
 Number of recycle truncation: 30
 Final matrix dimension:  36708
 Residual error:0.001000
 0  6.405867e-01
 1  3.678180e-01
 2  2.389039e-01
 3  1.511489e-01
 4  1.059202e-01
 5  8.140008e-02
 6  6.307531e-02
 7  5.286605e-02
 8  4.200342e-02
 9  3.307956e-02
 10  2.675917e-02
 11  2.180699e-02
 12  1.795684e-02
 13  1.531190e-02
 14  1.327813e-02
 15  1.168407e-02
 16  1.056775e-02
 17  9.405356e-03
 18  8.396365e-03
 19  7.404191e-03
 20  6.576375e-03
 21  5.732070e-03
 22  4.921471e-03
 23  4.073519e-03
 24  3.360703e-03
 25  2.715949e-03
 26  2.192587e-03
 27  1.779531e-03
 28  1.442243e-03
 29  1.133765e-03
 30  8.769438e-04
 Iteration CPU time: 7 s
 CFIE residual: 0.000876944

 Iseg, Irank, Idinc : 1, 6, 146
 Thata, Phi : 90.000000, 145.000000
 Maximun iteration: 300
 Number of recycle truncation: 30
 Final matrix dimension:  36708
 Residual error:0.001000
 0  6.460467e-01
 1  3.435181e-01
 2  2.071940e-01
 3  1.458323e-01
 4  1.054482e-01
 5  8.219431e-02
 6  6.372681e-02
 7  5.142184e-02
 8  4.289298e-02
 9  3.561216e-02
 10  2.962053e-02
 11  2.451103e-02
 12  2.029864e-02
 13  1.610793e-02
 14  1.261418e-02
 15  1.026774e-02
 16  8.231006e-03
 17  6.827264e-03
 18  5.768465e-03
 19  4.732258e-03
 20  4.034929e-03
 21  3.481293e-03
 22  3.068444e-03
 23  2.710266e-03
 24  2.402527e-03
 25  2.141228e-03
 26  1.885961e-03
 27  1.658606e-03
 28  1.379816e-03
 29  1.148444e-03
 30  9.314504e-04
 Iteration CPU time: 7 s
 CFIE residual: 0.00093145

 Iseg, Irank, Idinc : 1, 7, 159
 Thata, Phi : 90.000000, 158.000000
 Maximun iteration: 300
 Number of recycle truncation: 30
 Final matrix dimension:  36708
 Residual error:0.001000
 0  6.020177e-01
 1  3.116290e-01
 2  1.882914e-01
 3  1.326000e-01
 4  1.009242e-01
 5  8.071063e-02
 6  6.451476e-02
 7  5.270446e-02
 8  4.483094e-02
 9  3.814783e-02
 10  3.223825e-02
 11  2.665305e-02
 12  2.171759e-02
 13  1.731388e-02
 14  1.413940e-02
 15  1.119510e-02
 16  8.831001e-03
 17  7.149846e-03
 18  5.904321e-03
 19  4.911477e-03
 20  4.022347e-03
 21  3.386908e-03
 22  2.945192e-03
 23  2.568984e-03
 24  2.261087e-03
 25  2.016815e-03
 26  1.790457e-03
 27  1.583784e-03
 28  1.384069e-03
 29  1.186363e-03
 30  1.009892e-03
 31  8.275348e-04
 Iteration CPU time: 7 s
 CFIE residual: 0.000827535

 Iseg, Irank, Idinc : 1, 8, 132
 Thata, Phi : 90.000000, 131.000000
 Maximun iteration: 300
 Number of recycle truncation: 30
 Final matrix dimension:  36708
 Residual error:0.001000
 0  6.836853e-01
 1  3.593076e-01
 2  2.312643e-01
 3  1.579289e-01
 4  1.130727e-01
 5  8.702903e-02
 6  6.633963e-02
 7  5.202891e-02
 8  4.147566e-02
 9  3.293958e-02
 10  2.630122e-02
 11  2.081093e-02
 12  1.686700e-02
 13  1.393862e-02
 14  1.149407e-02
 15  9.465959e-03
 16  7.860486e-03
 17  6.729099e-03
 18  5.813100e-03
 19  5.094521e-03
 20  4.523742e-03
 21  4.072008e-03
 22  3.613677e-03
 23  3.268616e-03
 24  2.849806e-03
 25  2.413484e-03
 26  2.068353e-03
 27  1.722200e-03
 28  1.469649e-03
 29  1.228878e-03
 30  1.011158e-03
 31  7.992018e-04
 Iteration CPU time: 7 s
 CFIE residual: 0.000799202

 Iseg, Irank, Idinc : 1, 9, 122
 Thata, Phi : 90.000000, 121.000000
 Maximun iteration: 300
 Number of recycle truncation: 30
 Final matrix dimension:  36708
 Residual error:0.001000
 0  6.523740e-01
 1  3.459218e-01
 2  2.273400e-01
 3  1.573066e-01
 4  1.115233e-01
 5  8.496533e-02
 6  6.492769e-02
 7  5.092217e-02
 8  3.868968e-02
 9  3.066549e-02
 10  2.409161e-02
 11  1.897973e-02
 12  1.526304e-02
 13  1.279690e-02
 14  1.087419e-02
 15  9.264249e-03
 16  7.976138e-03
 17  6.891099e-03
 18  6.045492e-03
 19  5.265131e-03
 20  4.603884e-03
 21  4.043351e-03
 22  3.606704e-03
 23  3.143339e-03
 24  2.726227e-03
 25  2.319568e-03
 26  1.975623e-03
 27  1.682508e-03
 28  1.394475e-03
 29  1.135897e-03
 30  9.135470e-04
 Iteration CPU time: 7 s
 CFIE residual: 0.000913547

 Iseg, Irank, Idinc : 1, 10, 89
 Thata, Phi : 90.000000, 88.000000
 Maximun iteration: 300
 Number of recycle truncation: 30
 Final matrix dimension:  36708
 Residual error:0.001000
 0  6.231077e-01
 1  3.571847e-01
 2  2.301306e-01
 3  1.563526e-01
 4  1.129308e-01
 5  8.869374e-02
 6  6.927127e-02
 7  5.512528e-02
 8  4.513556e-02
 9  3.603762e-02
 10  2.857050e-02
 11  2.270325e-02
 12  1.837493e-02
 13  1.507146e-02
 14  1.275424e-02
 15  1.110479e-02
 16  9.716376e-03
 17  8.679066e-03
 18  7.770651e-03
 19  6.908242e-03
 20  6.168806e-03
 21  5.402431e-03
 22  4.540075e-03
 23  3.765660e-03
 24  3.144281e-03
 25  2.567827e-03
 26  2.046518e-03
 27  1.616430e-03
 28  1.298999e-03
 29  1.006973e-03
 30  7.612353e-04
 Iteration CPU time: 7 s
 CFIE residual: 0.000761235

 Iseg, Irank, Idinc : 1, 11, 53
 Thata, Phi : 90.000000, 52.000000
 Maximun iteration: 300
 Number of recycle truncation: 30
 Final matrix dimension:  36708
 Residual error:0.001000
 0  6.435519e-01
 1  3.338578e-01
 2  2.073201e-01
 3  1.355391e-01
 4  9.659116e-02
 5  7.190804e-02
 6  5.537121e-02
 7  4.291702e-02
 8  3.359112e-02
 9  2.577809e-02
 10  2.040487e-02
 11  1.675446e-02
 12  1.383560e-02
 13  1.188533e-02
 14  1.026361e-02
 15  8.909750e-03
 16  7.975035e-03
 17  7.128983e-03
 18  6.264242e-03
 19  5.361961e-03
 20  4.625157e-03
 21  3.916999e-03
 22  3.254100e-03
 23  2.641863e-03
 24  2.122324e-03
 25  1.643867e-03
 26  1.272926e-03
 27  1.025838e-03
 28  7.995356e-04
 Iteration CPU time: 6 s
 CFIE residual: 0.000799536

 Iseg, Irank, Idinc : 1, 12, 32
 Thata, Phi : 90.000000, 31.000000
 Maximun iteration: 300
 Number of recycle truncation: 30
 Final matrix dimension:  36708
 Residual error:0.001000
 0  6.306741e-01
 1  3.058223e-01
 2  1.798261e-01
 3  1.141799e-01
 4  8.078063e-02
 5  6.009827e-02
 6  4.426865e-02
 7  3.416543e-02
 8  2.604907e-02
 9  2.030915e-02
 10  1.658892e-02
 11  1.323068e-02
 12  1.079006e-02
 13  9.072406e-03
 14  7.518903e-03
 15  6.369276e-03
 16  5.623890e-03
 17  4.861693e-03
 18  4.286120e-03
 19  3.802679e-03
 20  3.292104e-03
 21  2.882256e-03
 22  2.572010e-03
 23  2.272749e-03
 24  1.974090e-03
 25  1.671228e-03
 26  1.386240e-03
 27  1.135551e-03
 28  9.379768e-04
 Iteration CPU time: 7 s
 CFIE residual: 0.000937977

 Iseg, Irank, Idinc : 1, 13, 11
 Thata, Phi : 90.000000, 10.000000
 Maximun iteration: 300
 Number of recycle truncation: 30
 Final matrix dimension:  36708
 Residual error:0.001000
 0  5.354784e-01
 1  2.749685e-01
 2  1.720855e-01
 3  1.230363e-01
 4  8.857575e-02
 5  6.732875e-02
 6  5.138467e-02
 7  4.009507e-02
 8  3.094432e-02
 9  2.428081e-02
 10  1.931262e-02
 11  1.511861e-02
 12  1.176358e-02
 13  9.490638e-03
 14  7.787567e-03
 15  6.505068e-03
 16  5.608480e-03
 17  4.705999e-03
 18  4.099817e-03
 19  3.590162e-03
 20  3.100805e-03
 21  2.682645e-03
 22  2.392627e-03
 23  2.154184e-03
 24  1.889482e-03
 25  1.669578e-03
 26  1.484187e-03
 27  1.322224e-03
 28  1.135804e-03
 29  9.568962e-04
 Iteration CPU time: 6 s
 CFIE residual: 0.000956896

 Iseg, Irank, Idinc : 1, 14, 178
 Thata, Phi : 90.000000, 177.000000
 Maximun iteration: 300
 Number of recycle truncation: 30
 Final matrix dimension:  36708
 Residual error:0.001000
 0  5.511093e-01
 1  2.999803e-01
 2  1.912651e-01
 3  1.370535e-01
 4  1.068093e-01
 5  8.324973e-02
 6  6.818414e-02
 7  5.576460e-02
 8  4.466258e-02
 9  3.593538e-02
 10  2.841617e-02
 11  2.239347e-02
 12  1.761898e-02
 13  1.389517e-02
 14  1.094792e-02
 15  8.539776e-03
 16  6.914728e-03
 17  5.665393e-03
 18  4.647941e-03
 19  3.822105e-03
 20  3.181810e-03
 21  2.702659e-03
 22  2.364949e-03
 23  2.078853e-03
 24  1.835544e-03
 25  1.602878e-03
 26  1.432795e-03
 27  1.290605e-03
 28  1.126395e-03
 29  9.733039e-04
 Iteration CPU time: 7 s
 CFIE residual: 0.000973304

 Iseg, Irank, Idinc : 1, 15, 97
 Thata, Phi : 90.000000, 96.000000
 Maximun iteration: 300
 Number of recycle truncation: 30
 Final matrix dimension:  36708
 Residual error:0.001000
 0  6.204619e-01
 1  3.556854e-01
 2  2.245714e-01
 3  1.502191e-01
 4  1.076375e-01
 5  8.207941e-02
 6  6.438599e-02
 7  5.165546e-02
 8  4.120818e-02
 9  3.290632e-02
 10  2.601358e-02
 11  2.069436e-02
 12  1.693315e-02
 13  1.403851e-02
 14  1.171761e-02
 15  1.022717e-02
 16  8.823848e-03
 17  7.832945e-03
 18  7.050475e-03
 19  6.282779e-03
 20  5.665054e-03
 21  5.067066e-03
 22  4.374289e-03
 23  3.725399e-03
 24  3.173303e-03
 25  2.642181e-03
 26  2.159064e-03
 27  1.744837e-03
 28  1.391358e-03
 29  1.073891e-03
 30  8.306392e-04
 Iteration CPU time: 7 s
 CFIE residual: 0.000830639

 Iseg, Irank, Idinc : 1, 16, 1
 Thata, Phi : 90.000000, 0.000000
 Maximun iteration: 300
 Number of recycle truncation: 30
 Final matrix dimension:  36708
 Residual error:0.001000
 0  5.030432e-01
 1  2.664244e-01
 2  1.732643e-01
 3  1.204564e-01
 4  8.642118e-02
 5  6.454317e-02
 6  4.944584e-02
 7  3.782982e-02
 8  2.994483e-02
 9  2.249356e-02
 10  1.732255e-02
 11  1.371167e-02
 12  1.091200e-02
 13  8.859295e-03
 14  7.239018e-03
 15  5.803707e-03
 16  4.838234e-03
 17  4.087407e-03
 18  3.528233e-03
 19  3.047288e-03
 20  2.690365e-03
 21  2.436136e-03
 22  2.138902e-03
 23  1.869188e-03
 24  1.647690e-03
 25  1.460122e-03
 26  1.306558e-03
 27  1.126149e-03
 28  9.511804e-04
 Iteration CPU time: 7 s
 CFIE residual: 0.00095118

 Iseg, Irank, Idinc : 1, 17, 82
 Thata, Phi : 90.000000, 81.000000
 Maximun iteration: 300
 Number of recycle truncation: 30
 Final matrix dimension:  36708
 Residual error:0.001000
 0  6.274153e-01
 1  3.585988e-01
 2  2.324305e-01
 3  1.552229e-01
 4  1.115620e-01
 5  8.778531e-02
 6  6.761351e-02
 7  5.424807e-02
 8  4.463601e-02
 9  3.470475e-02
 10  2.762334e-02
 11  2.201433e-02
 12  1.804980e-02
 13  1.498375e-02
 14  1.293151e-02
 15  1.131838e-02
 16  9.955580e-03
 17  8.849408e-03
 18  7.977565e-03
 19  7.008090e-03
 20  6.207556e-03
 21  5.420104e-03
 22  4.603162e-03
 23  3.852731e-03
 24  3.196152e-03
 25  2.595414e-03
 26  2.115743e-03
 27  1.703266e-03
 28  1.379306e-03
 29  1.082757e-03
 30  8.528006e-04
 Iteration CPU time: 6 s
 CFIE residual: 0.000852801

 Iseg, Irank, Idinc : 1, 18, 167
 Thata, Phi : 90.000000, 166.000000
 Maximun iteration: 300
 Number of recycle truncation: 30
 Final matrix dimension:  36708
 Residual error:0.001000
 0  5.726382e-01
 1  3.015816e-01
 2  1.871738e-01
 3  1.355385e-01
 4  1.050157e-01
 5  8.451645e-02
 6  6.883862e-02
 7  5.629592e-02
 8  4.696583e-02
 9  3.964772e-02
 10  3.324833e-02
 11  2.736408e-02
 12  2.230846e-02
 13  1.778076e-02
 14  1.445163e-02
 15  1.158572e-02
 16  9.311927e-03
 17  7.674133e-03
 18  6.235215e-03
 19  5.056026e-03
 20  4.107091e-03
 21  3.425061e-03
 22  2.909417e-03
 23  2.517291e-03
 24  2.184090e-03
 25  1.899136e-03
 26  1.677427e-03
 27  1.489753e-03
 28  1.341293e-03
 29  1.186055e-03
 30  1.038015e-03
 31  8.819228e-04
 Iteration CPU time: 8 s
 CFIE residual: 0.000881923

 Iseg, Irank, Idinc : 1, 19, 115
 Thata, Phi : 90.000000, 114.000000
 Maximun iteration: 300
 Number of recycle truncation: 30
 Final matrix dimension:  36708
 Residual error:0.001000
 0  6.447059e-01
 1  3.512853e-01
 2  2.239589e-01
 3  1.550223e-01
 4  1.095551e-01
 5  8.253806e-02
 6  6.361070e-02
 7  4.897290e-02
 8  3.772889e-02
 9  3.000462e-02
 10  2.372010e-02
 11  1.888562e-02
 12  1.525848e-02
 13  1.276012e-02
 14  1.074473e-02
 15  9.042566e-03
 16  7.695307e-03
 17  6.657369e-03
 18  5.733634e-03
 19  5.056117e-03
 20  4.449356e-03
 21  3.936711e-03
 22  3.473826e-03
 23  3.051952e-03
 24  2.610832e-03
 25  2.229657e-03
 26  1.880130e-03
 27  1.581778e-03
 28  1.280513e-03
 29  1.008326e-03
 30  7.851954e-04
 Iteration CPU time: 6 s
 CFIE residual: 0.000785195

 Iseg, Irank, Idinc : 1, 20, 152
 Thata, Phi : 90.000000, 151.000000
 Maximun iteration: 300
 Number of recycle truncation: 30
 Final matrix dimension:  36708
 Residual error:0.001000
 0  6.266320e-01
 1  3.304169e-01
 2  1.991576e-01
 3  1.401282e-01
 4  1.032293e-01
 5  8.113764e-02
 6  6.427842e-02
 7  5.204389e-02
 8  4.405970e-02
 9  3.712057e-02
 10  3.104165e-02
 11  2.543729e-02
 12  2.062937e-02
 13  1.622305e-02
 14  1.287084e-02
 15  1.034026e-02
 16  8.078921e-03
 17  6.737623e-03
 18  5.622218e-03
 19  4.658903e-03
 20  3.875773e-03
 21  3.298239e-03
 22  2.851605e-03
 23  2.535858e-03
 24  2.262995e-03
 25  1.986539e-03
 26  1.751967e-03
 27  1.533683e-03
 28  1.286805e-03
 29  1.068781e-03
 30  8.726144e-04
 Iteration CPU time: 6 s
 CFIE residual: 0.000872614

 Iseg, Irank, Idinc : 1, 21, 181
 Thata, Phi : 90.000000, 180.000000
 Maximun iteration: 300
 Number of recycle truncation: 30
 Final matrix dimension:  36708
 Residual error:0.001000
 0  5.497075e-01
 1  3.000147e-01
 2  1.913212e-01
 3  1.369676e-01
 4  1.066037e-01
 5  8.276211e-02
 6  6.770838e-02
 7  5.541718e-02
 8  4.422915e-02
 9  3.539900e-02
 10  2.757115e-02
 11  2.125707e-02
 12  1.620846e-02
 13  1.234037e-02
 14  9.506992e-03
 15  7.263657e-03
 16  5.741372e-03
 17  4.742030e-03
 18  3.840206e-03
 19  3.197664e-03
 20  2.733172e-03
 21  2.357332e-03
 22  2.080329e-03
 23  1.844223e-03
 24  1.658604e-03
 25  1.471649e-03
 26  1.327093e-03
 27  1.170230e-03
 28  9.997903e-04
 Iteration CPU time: 7 s
 CFIE residual: 0.00099979

 Iseg, Irank, Idinc : 1, 22, 16
 Thata, Phi : 90.000000, 15.000000
 Maximun iteration: 300
 Number of recycle truncation: 30
 Final matrix dimension:  36708
 Residual error:0.001000
 0  5.664261e-01
 1  2.817295e-01
 2  1.699266e-01
 3  1.206822e-01
 4  8.641301e-02
 5  6.500008e-02
 6  4.990531e-02
 7  3.961375e-02
 8  3.084469e-02
 9  2.397274e-02
 10  1.879025e-02
 11  1.492619e-02
 12  1.180228e-02
 13  9.438513e-03
 14  7.847010e-03
 15  6.577769e-03
 16  5.624632e-03
 17  4.781418e-03
 18  4.169343e-03
 19  3.585783e-03
 20  3.078941e-03
 21  2.693836e-03
 22  2.396160e-03
 23  2.199605e-03
 24  1.930313e-03
 25  1.694852e-03
 26  1.493797e-03
 27  1.303962e-03
 28  1.105447e-03
 29  9.331017e-04
 Iteration CPU time: 7 s
 CFIE residual: 0.000933102

 Iseg, Irank, Idinc : 1, 23, 69
 Thata, Phi : 90.000000, 68.000000
 Maximun iteration: 300
 Number of recycle truncation: 30
 Final matrix dimension:  36708
 Residual error:0.001000
 0  6.586005e-01
 1  3.663389e-01
 2  2.322256e-01
 3  1.513248e-01
 4  1.105973e-01
 5  8.385918e-02
 6  6.462193e-02
 7  5.228459e-02
 8  4.218441e-02
 9  3.399319e-02
 10  2.756588e-02
 11  2.224134e-02
 12  1.810743e-02
 13  1.535830e-02
 14  1.308801e-02
 15  1.167323e-02
 16  1.048472e-02
 17  9.365928e-03
 18  8.287825e-03
 19  7.315116e-03
 20  6.437349e-03
 21  5.620560e-03
 22  4.783078e-03
 23  4.004040e-03
 24  3.237944e-03
 25  2.553384e-03
 26  2.035830e-03
 27  1.614961e-03
 28  1.262827e-03
 29  9.739145e-04
 Iteration CPU time: 6 s
 CFIE residual: 0.000973914

 Iseg, Irank, Idinc : 1, 24, 139
 Thata, Phi : 90.000000, 138.000000
 Maximun iteration: 300
 Number of recycle truncation: 30
 Final matrix dimension:  36708
 Residual error:0.001000
 0  6.867210e-01
 1  3.543426e-01
 2  2.207970e-01
 3  1.531380e-01
 4  1.114046e-01
 5  8.510778e-02
 6  6.390495e-02
 7  5.105313e-02
 8  4.231626e-02
 9  3.403670e-02
 10  2.773099e-02
 11  2.246919e-02
 12  1.890550e-02
 13  1.501990e-02
 14  1.203841e-02
 15  9.661080e-03
 16  8.070160e-03
 17  6.678729e-03
 18  5.708535e-03
 19  4.888197e-03
 20  4.291219e-03
 21  3.842643e-03
 22  3.423293e-03
 23  3.033854e-03
 24  2.683141e-03
 25  2.328148e-03
 26  2.017220e-03
 27  1.695821e-03
 28  1.400041e-03
 29  1.151204e-03
 30  9.319298e-04
 Iteration CPU time: 7 s
 CFIE residual: 0.00093193

 Iseg, Irank, Idinc : 1, 25, 5
 Thata, Phi : 90.000000, 4.000000
 Maximun iteration: 300
 Number of recycle truncation: 30
 Final matrix dimension:  36708
 Residual error:0.001000
 0  5.092104e-01
 1  2.681793e-01
 2  1.729513e-01
 3  1.212791e-01
 4  8.759712e-02
 5  6.615209e-02
 6  5.058314e-02
 7  3.825922e-02
 8  2.974568e-02
 9  2.282740e-02
 10  1.805234e-02
 11  1.464214e-02
 12  1.158701e-02
 13  9.269282e-03
 14  7.612785e-03
 15  6.351831e-03
 16  5.380889e-03
 17  4.538456e-03
 18  3.893139e-03
 19  3.439436e-03
 20  2.998767e-03
 21  2.598343e-03
 22  2.316334e-03
 23  2.070536e-03
 24  1.809232e-03
 25  1.593513e-03
 26  1.428441e-03
 27  1.270277e-03
 28  1.103612e-03
 29  9.234030e-04
 Iteration CPU time: 7 s
 CFIE residual: 0.000923403

 Iseg, Irank, Idinc : 1, 26, 173
 Thata, Phi : 90.000000, 172.000000
 Maximun iteration: 300
 Number of recycle truncation: 30
 Final matrix dimension:  36708
 Residual error:0.001000
 0  5.583242e-01
 1  3.000113e-01
 2  1.904839e-01
 3  1.372464e-01
 4  1.072300e-01
 5  8.491015e-02
 6  6.964415e-02
 7  5.679091e-02
 8  4.630558e-02
 9  3.828461e-02
 10  3.140631e-02
 11  2.558753e-02
 12  2.071390e-02
 13  1.646854e-02
 14  1.350345e-02
 15  1.081145e-02
 16  8.762188e-03
 17  7.101428e-03
 18  5.738659e-03
 19  4.657338e-03
 20  3.812637e-03
 21  3.180858e-03
 22  2.729791e-03
 23  2.360502e-03
 24  2.039596e-03
 25  1.771617e-03
 26  1.559572e-03
 27  1.390533e-03
 28  1.240862e-03
 29  1.094920e-03
 30  9.654936e-04
 Iteration CPU time: 7 s
 CFIE residual: 0.000965494

 Iseg, Irank, Idinc : 1, 27, 47
 Thata, Phi : 90.000000, 46.000000
 Maximun iteration: 300
 Number of recycle truncation: 30
 Final matrix dimension:  36708
 Residual error:0.001000
 0  6.310621e-01
 1  3.218077e-01
 2  2.039063e-01
 3  1.353789e-01
 4  9.532066e-02
 5  7.018758e-02
 6  5.284894e-02
 7  4.061714e-02
 8  3.147536e-02
 9  2.451577e-02
 10  1.935525e-02
 11  1.559768e-02
 12  1.264831e-02
 13  1.074937e-02
 14  9.173452e-03
 15  7.964503e-03
 16  7.122501e-03
 17  6.340265e-03
 18  5.603353e-03
 19  4.801936e-03
 20  4.124160e-03
 21  3.510822e-03
 22  2.995286e-03
 23  2.455405e-03
 24  1.977284e-03
 25  1.593698e-03
 26  1.238993e-03
 27  9.861285e-04
 Iteration CPU time: 6 s
 CFIE residual: 0.000986128

 Iseg, Irank, Idinc : 1, 28, 103
 Thata, Phi : 90.000000, 102.000000
 Maximun iteration: 300
 Number of recycle truncation: 30
 Final matrix dimension:  36708
 Residual error:0.001000
 0  6.194394e-01
 1  3.552820e-01
 2  2.246128e-01
 3  1.516859e-01
 4  1.059786e-01
 5  8.014163e-02
 6  6.228155e-02
 7  4.879195e-02
 8  3.851989e-02
 9  3.032486e-02
 10  2.484126e-02
 11  1.968533e-02
 12  1.606687e-02
 13  1.319321e-02
 14  1.108447e-02
 15  9.351402e-03
 16  8.078202e-03
 17  7.060495e-03
 18  6.302616e-03
 19  5.597182e-03
 20  4.999717e-03
 21  4.463161e-03
 22  3.917483e-03
 23  3.407225e-03
 24  2.933560e-03
 25  2.466362e-03
 26  2.043251e-03
 27  1.674111e-03
 28  1.352148e-03
 29  1.087533e-03
 30  8.492985e-04
 Iteration CPU time: 7 s
 CFIE residual: 0.000849298

 Iseg, Irank, Idinc : 1, 29, 27
 Thata, Phi : 90.000000, 26.000000
 Maximun iteration: 300
 Number of recycle truncation: 30
 Final matrix dimension:  36708
 Residual error:0.001000
 0  6.285000e-01
 1  2.982159e-01
 2  1.687693e-01
 3  1.104269e-01
 4  7.846774e-02
 5  5.801127e-02
 6  4.339096e-02
 7  3.375583e-02
 8  2.620401e-02
 9  2.056108e-02
 10  1.651432e-02
 11  1.299169e-02
 12  1.070028e-02
 13  8.872181e-03
 14  7.416534e-03
 15  6.380947e-03
 16  5.482257e-03
 17  4.662733e-03
 18  4.077617e-03
 19  3.565124e-03
 20  3.080410e-03
 21  2.717435e-03
 22  2.446880e-03
 23  2.213210e-03
 24  1.952746e-03
 25  1.680572e-03
 26  1.425185e-03
 27  1.196202e-03
 28  9.884452e-04
 Iteration CPU time: 7 s
 CFIE residual: 0.000988445

 Iseg, Irank, Idinc : 1, 30, 127
 Thata, Phi : 90.000000, 126.000000
 Maximun iteration: 300
 Number of recycle truncation: 30
 Final matrix dimension:  36708
 Residual error:0.001000
 0  6.607473e-01
 1  3.507408e-01
 2  2.294558e-01
 3  1.570665e-01
 4  1.123719e-01
 5  8.693796e-02
 6  6.618296e-02
 7  5.163570e-02
 8  4.007643e-02
 9  3.203053e-02
 10  2.488792e-02
 11  1.962402e-02
 12  1.597778e-02
 13  1.324590e-02
 14  1.100255e-02
 15  9.355781e-03
 16  7.915117e-03
 17  6.866238e-03
 18  6.065849e-03
 19  5.222578e-03
 20  4.602298e-03
 21  4.105049e-03
 22  3.662173e-03
 23  3.245393e-03
 24  2.823153e-03
 25  2.407365e-03
 26  2.081400e-03
 27  1.759326e-03
 28  1.543398e-03
 29  1.295180e-03
 30  1.047679e-03
 31  8.223447e-04
 Iteration CPU time: 7 s
 CFIE residual: 0.000822345

 Iseg, Irank, Idinc : 1, 31, 58
 Thata, Phi : 90.000000, 57.000000
 Maximun iteration: 300
 Number of recycle truncation: 30
 Final matrix dimension:  36708
 Residual error:0.001000
 0  6.584920e-01
 1  3.431226e-01
 2  2.141162e-01
 3  1.369710e-01
 4  9.793267e-02
 5  7.186079e-02
 6  5.629805e-02
 7  4.518700e-02
 8  3.602776e-02
 9  2.777492e-02
 10  2.181256e-02
 11  1.785779e-02
 12  1.470938e-02
 13  1.250675e-02
 14  1.075718e-02
 15  9.378662e-03
 16  8.350845e-03
 17  7.396553e-03
 18  6.616909e-03
 19  5.658147e-03
 20  4.860527e-03
 21  4.145059e-03
 22  3.497533e-03
 23  2.781057e-03
 24  2.243232e-03
 25  1.733983e-03
 26  1.345894e-03
 27  1.034406e-03
 28  8.152680e-04
 Iteration CPU time: 6 s
 CFIE residual: 0.000815268

 Iseg, Irank, Idinc : 1, 32, 163
 Thata, Phi : 90.000000, 162.000000
 Maximun iteration: 300
 Number of recycle truncation: 30
 Final matrix dimension:  36708
 Residual error:0.001000
 0  5.860024e-01
 1  3.048428e-01
 2  1.856474e-01
 3  1.329659e-01
 4  1.023699e-01
 5  8.254639e-02
 6  6.650736e-02
 7  5.449644e-02
 8  4.590082e-02
 9  3.906957e-02
 10  3.294070e-02
 11  2.736603e-02
 12  2.248846e-02
 13  1.790076e-02
 14  1.461497e-02
 15  1.161761e-02
 16  9.227368e-03
 17  7.676287e-03
 18  6.277614e-03
 19  5.064794e-03
 20  4.139624e-03
 21  3.495295e-03
 22  2.963434e-03
 23  2.566293e-03
 24  2.240947e-03
 25  1.956121e-03
 26  1.741901e-03
 27  1.553092e-03
 28  1.384203e-03
 29  1.208148e-03
 30  1.044577e-03
 31  8.695540e-04
 Iteration CPU time: 7 s
 CFIE residual: 0.000869554

 Iseg, Irank, Idinc : 1, 33, 3
 Thata, Phi : 90.000000, 2.000000
 Maximun iteration: 300
 Number of recycle truncation: 30
 Final matrix dimension:  36708
 Residual error:0.001000
 0  5.046526e-01
 1  2.668833e-01
 2  1.731709e-01
 3  1.206591e-01
 4  8.673568e-02
 5  6.501806e-02
 6  4.979245e-02
 7  3.787277e-02
 8  2.983619e-02
 9  2.251626e-02
 10  1.744274e-02
 11  1.412186e-02
 12  1.133798e-02
 13  9.088531e-03
 14  7.451928e-03
 15  6.146310e-03
 16  5.195266e-03
 17  4.415013e-03
 18  3.798126e-03
 19  3.335259e-03
 20  2.921454e-03
 21  2.550819e-03
 22  2.274753e-03
 23  2.024624e-03
 24  1.767893e-03
 25  1.556912e-03
 26  1.401657e-03
 27  1.229801e-03
 28  1.063917e-03
 29  8.816288e-04
 Iteration CPU time: 7 s
 CFIE residual: 0.000881629

 Iseg, Irank, Idinc : 1, 34, 180
 Thata, Phi : 90.000000, 179.000000
 Maximun iteration: 300
 Number of recycle truncation: 30
 Final matrix dimension:  36708
 Residual error:0.001000
 0  5.498825e-01
 1  3.000141e-01
 2  1.913193e-01
 3  1.369798e-01
 4  1.066296e-01
 5  8.282044e-02
 6  6.776760e-02
 7  5.546260e-02
 8  4.428524e-02
 9  3.546652e-02
 10  2.768168e-02
 11  2.141744e-02
 12  1.646017e-02
 13  1.267690e-02
 14  9.821188e-03
 15  7.535862e-03
 16  6.017960e-03
 17  5.019293e-03
 18  4.119455e-03
 19  3.420447e-03
 20  2.897311e-03
 21  2.493407e-03
 22  2.205939e-03
 23  1.958230e-03
 24  1.739361e-03
 25  1.527223e-03
 26  1.373875e-03
 27  1.229833e-03
 28  1.054290e-03
 29  8.900893e-04
 Iteration CPU time: 7 s
 CFIE residual: 0.000890089

 Iseg, Irank, Idinc : 1, 35, 93
 Thata, Phi : 90.000000, 92.000000
 Maximun iteration: 300
 Number of recycle truncation: 30
 Final matrix dimension:  36708
 Residual error:0.001000
 0  6.227359e-01
 1  3.577285e-01
 2  2.276599e-01
 3  1.518748e-01
 4  1.105284e-01
 5  8.626615e-02
 6  6.804940e-02
 7  5.415881e-02
 8  4.381836e-02
 9  3.534202e-02
 10  2.772884e-02
 11  2.214647e-02
 12  1.813846e-02
 13  1.490686e-02
 14  1.259145e-02
 15  1.090001e-02
 16  9.421561e-03
 17  8.403639e-03
 18  7.522541e-03
 19  6.675997e-03
 20  6.009885e-03
 21  5.318250e-03
 22  4.508534e-03
 23  3.781870e-03
 24  3.222506e-03
 25  2.652601e-03
 26  2.136488e-03
 27  1.686715e-03
 28  1.333183e-03
 29  1.002383e-03
 30  7.540840e-04
 Iteration CPU time: 7 s
 CFIE residual: 0.000754084

 Iseg, Irank, Idinc : 1, 36, 37
 Thata, Phi : 90.000000, 36.000000
 Maximun iteration: 300
 Number of recycle truncation: 30
 Final matrix dimension:  36708
 Residual error:0.001000
 0  6.208478e-01
 1  3.124547e-01
 2  1.932974e-01
 3  1.235008e-01
 4  8.504451e-02
 5  6.250975e-02
 6  4.602624e-02
 7  3.523113e-02
 8  2.684560e-02
 9  2.064436e-02
 10  1.660274e-02
 11  1.341447e-02
 12  1.093460e-02
 13  9.323461e-03
 14  7.741821e-03
 15  6.637585e-03
 16  5.917151e-03
 17  5.136135e-03
 18  4.533588e-03
 19  4.034083e-03
 20  3.492517e-03
 21  3.027724e-03
 22  2.633332e-03
 23  2.266971e-03
 24  1.922193e-03
 25  1.594079e-03
 26  1.306255e-03
 27  1.048651e-03
 28  8.398731e-04
 Iteration CPU time: 6 s
 CFIE residual: 0.000839873

 Iseg, Irank, Idinc : 1, 37, 143
 Thata, Phi : 90.000000, 142.000000
 Maximun iteration: 300
 Number of recycle truncation: 30
 Final matrix dimension:  36708
 Residual error:0.001000
 0  6.624437e-01
 1  3.482863e-01
 2  2.115644e-01
 3  1.480775e-01
 4  1.074882e-01
 5  8.322418e-02
 6  6.341644e-02
 7  5.097691e-02
 8  4.220490e-02
 9  3.455587e-02
 10  2.885121e-02
 11  2.379462e-02
 12  1.986776e-02
 13  1.559405e-02
 14  1.223953e-02
 15  9.988127e-03
 16  8.180321e-03
 17  6.776992e-03
 18  5.711423e-03
 19  4.801036e-03
 20  4.121902e-03
 21  3.638709e-03
 22  3.240183e-03
 23  2.858441e-03
 24  2.536411e-03
 25  2.249054e-03
 26  1.981961e-03
 27  1.706838e-03
 28  1.404924e-03
 29  1.157315e-03
 30  9.389050e-04
 Iteration CPU time: 7 s
 CFIE residual: 0.000938905

 Iseg, Irank, Idinc : 1, 38, 8
 Thata, Phi : 90.000000, 7.000000
 Maximun iteration: 300
 Number of recycle truncation: 30
 Final matrix dimension:  36708
 Residual error:0.001000
 0  5.204553e-01
 1  2.712291e-01
 2  1.725864e-01
 3  1.225726e-01
 4  8.876456e-02
 5  6.744089e-02
 6  5.138952e-02
 7  3.924995e-02
 8  3.028114e-02
 9  2.380669e-02
 10  1.895236e-02
 11  1.494055e-02
 12  1.169891e-02
 13  9.383108e-03
 14  7.732951e-03
 15  6.473064e-03
 16  5.523901e-03
 17  4.629980e-03
 18  3.995394e-03
 19  3.531576e-03
 20  3.063214e-03
 21  2.648115e-03
 22  2.359101e-03
 23  2.113807e-03
 24  1.847325e-03
 25  1.636880e-03
 26  1.458296e-03
 27  1.306489e-03
 28  1.128350e-03
 29  9.552935e-04
 Iteration CPU time: 7 s
 CFIE residual: 0.000955293
 Last Built End in Sep 21 2025 00:06:12
 Total CPU time: 274 s
 Finished.
