 Last Built Begin in Sep 21 2025 00:06:12
 Pre-Type( Input ):            8
 Skl-Tol ( Input ):    1.0000000000000000E-002
 Wavelength in freespace: 0.432693

 ################################################
 ##         Generating Required Mesh          ##
 ##         Waiting.....                      ##
 ################################################
 Subd No.      Subd Name
    1    sphere1                                                           
 isub,  nnode, npatch,  nedge:
    1       604      1204      1806
 Scale Factor         >>   9.99999978E-03
 ################################################

 START TIME: 20250922   001739.773


 Informaton for IE geometry:
 number of subdomains     : 1
 maxnode,maxpatch,maxedge : 604  1204  1806
 
 Index of Mat-Reg: 1
 Mat-Reg Number via MatFlg: 1
 Edge Number of Mat-Reg: 1, 1806

 Number of Edge on PEC: 0
 Mat-Reg: No Dim(m) Lmax:
    1 0.231    1
 Totlmax, add1, add2:           1           2           3
 rlengmax of Global MLFMA >>   0.23111098622578441     
 Lmax of Global MLFMA >>            1
 Wavenum of Mat-Reg:
    1 1.000

 total area in sq m           =      0.1254
 total area in sq lambda      =      0.6695
 maxnode, maxpatch, maxedge           =      604     1204     1806
 longest  edge in lambda              =      0.0503
 shortest edge in lambda              =      0.0219
 average  edge in lambda              =      0.0359
 largest  patch area in sq lambda     =      0.0009
 smallest patch area in sq lambda     =      0.0003
 ave    surface area in sq lambda     =      0.0006
 size range of the object in sq lambda =      0.4622

 #### MLFMA Info For Each Region ####
 Mat-Region =            1
 Array dimension parameters:
 maxrule=          14   maxgrid  =          64
 lmax   =           1   ncmax    =           9
 lsmax  =           1   lsmin    =           1
 kpm    =           1   kp0      =           1
 ntlm   =           1   nsm      =           1
 nkpm   =           1   niplm    =          16
 ngnearm=          64   ngsndm   =           1
 nearm  =        1807   mfinestm =         244
 ###############################

 CFIE Alpha:  0.50000000000000000     

 Fill MLFMA NI for Mat-Reg:           1
 Begin fill sparser part of Nearfield
 Begin fill denser part of Nearfield
 End fill
 Filling Amn                 Delta_CPU=         47.82 Memory(MB)=        200.07


 Now testing preconditioner with
 ipretype =            8
 method = cfie_solve_nfpre_pardiso

  
 NBP>>Begin fill sparser part of Nearfield
 NBP>>Begin fill denser part of Nearfield

212.5000%
225.0000%
237.5000%
250.0000%
262.5000%
275.0000%
287.5000%
300.0000%
 Begin MLFMA Box-Matrix Based Prec Constructor
 --- Intel MKL PARDISO --- 
  >> Solver Initialized
  >> Proceed to ngrp_box loop
  >> Loop 0 Initialized
 Memory for iGRP: 1 0 MB
 Total Memory For NFB Pre: 0 MB
 --- PARDISO PRECONDITIONER INITIALIZED --- 
 Constructing preconditioner CPU time: 0 s
 
 108360
 Memory for Iteration:: 1.65344 MB

 Iseg, Ninc_S : 1, 181, 0

 Iseg, Skeleton Angles: 1, 7
 Iseg, Skel-Pk Mem(MB): 1, 30.95

 Iseg, Irank, Idinc : 1, 1, 69
 Thata, Phi : 90.000000, 68.000000
 Maximun iteration: 300
 Number of recycle truncation: 30
 Final matrix dimension:  3612
 Residual error:0.010000
 0  2.022086e-01
 1  9.242913e-02
 2  3.937373e-02
 3  1.782540e-02
 4  7.452489e-03
 Iteration CPU time: 0 s
 CFIE residual: 0.00745249

 Iseg, Irank, Idinc : 1, 2, 145
 Thata, Phi : 90.000000, 144.000000
 Maximun iteration: 300
 Number of recycle truncation: 30
 Final matrix dimension:  3612
 Residual error:0.010000
 0  1.964359e-01
 1  8.533065e-02
 2  3.571512e-02
 3  1.571855e-02
 4  6.948288e-03
 Iteration CPU time: 0 s
 CFIE residual: 0.00694829

 Iseg, Irank, Idinc : 1, 3, 1
 Thata, Phi : 90.000000, 0.000000
 Maximun iteration: 300
 Number of recycle truncation: 30
 Final matrix dimension:  3612
 Residual error:0.010000
 0  2.106089e-01
 1  9.342361e-02
 2  3.934764e-02
 3  1.747724e-02
 4  7.236879e-03
 Iteration CPU time: 1 s
 CFIE residual: 0.00723688

 Iseg, Irank, Idinc : 1, 4, 181
 Thata, Phi : 90.000000, 180.000000
 Maximun iteration: 300
 Number of recycle truncation: 30
 Final matrix dimension:  3612
 Residual error:0.010000
 0  2.076107e-01
 1  9.285958e-02
 2  3.812387e-02
 3  1.589952e-02
 4  6.862444e-03
 Iteration CPU time: 0 s
 CFIE residual: 0.00686244

 Iseg, Irank, Idinc : 1, 5, 32
 Thata, Phi : 90.000000, 31.000000
 Maximun iteration: 300
 Number of recycle truncation: 30
 Final matrix dimension:  3612
 Residual error:0.010000
 0  2.002526e-01
 1  8.779133e-02
 2  3.806281e-02
 3  1.761344e-02
 4  7.409189e-03
 Iteration CPU time: 0 s
 CFIE residual: 0.00740919

 Iseg, Irank, Idinc : 1, 6, 109
 Thata, Phi : 90.000000, 108.000000
 Maximun iteration: 300
 Number of recycle truncation: 30
 Final matrix dimension:  3612
 Residual error:0.010000
 0  2.018172e-01
 1  9.175631e-02
 2  3.796541e-02
 3  1.688264e-02
 4  7.298227e-03
 Iteration CPU time: 0 s
 CFIE residual: 0.00729823

 Iseg, Irank, Idinc : 1, 7, 167
 Thata, Phi : 90.000000, 166.000000
 Maximun iteration: 300
 Number of recycle truncation: 30
 Final matrix dimension:  3612
 Residual error:0.010000
 0  2.049999e-01
 1  9.095902e-02
 2  3.768544e-02
 3  1.585607e-02
 4  6.878718e-03
 Iteration CPU time: 0 s
 CFIE residual: 0.00687872
 Last Built End in Sep 21 2025 00:06:12
 Total CPU time: 7 s
 Finished.
