 Last Built Begin in Sep 21 2025 00:06:12
 Pre-Type( Input ):           10
 Skl-Tol ( Input ):    1.0000000000000001E-005
 Wavelength in freespace: 0.029098

 ################################################
 ##         Generating Required Mesh          ##
 ##         Waiting.....                      ##
 ################################################
 Subd No.      Subd Name
    1    Open-Duct_PRIME_model_meshAA1                                     
 isub,  nnode, npatch,  nedge:
    1      6118     12236     18354
 Scale Factor         >>   1.54999997E-02
 ################################################

 START TIME: 20250922   074841.593


 Informaton for IE geometry:
 number of subdomains     : 1
 maxnode,maxpatch,maxedge : 6118  12236  18354
 
 Index of Mat-Reg: 1
 Mat-Reg Number via MatFlg: 1
 Edge Number of Mat-Reg: 1, 18354

 Number of Edge on PEC: 18354
 Mat-Reg: No Dim(m) Lmax:
    1 0.246    5
 Totlmax, add1, add2:           5           6           7
 rlengmax of Global MLFMA >>   0.24641164443552707     
 Lmax of Global MLFMA >>            5
 Wavenum of Mat-Reg:
    1 1.000

 total area in sq m           =      0.0510
 total area in sq lambda      =     60.1990
 maxnode, maxpatch, maxedge           =     6118    12236    18354
 longest  edge in lambda              =      0.1604
 shortest edge in lambda              =      0.0076
 average  edge in lambda              =      0.1071
 largest  patch area in sq lambda     =      0.0087
 smallest patch area in sq lambda     =      0.0000
 ave    surface area in sq lambda     =      0.0049
 size range of the object in sq lambda =      7.8852

 #### MLFMA Info For Each Region ####
 Mat-Region =            1
 Array dimension parameters:
 maxrule=          14   maxgrid  =          64
 lmax   =           5   ncmax    =        1250
 lsmax  =          27   lsmin    =           7
 kpm    =        1462   kp0      =         102
 ntlm   =      217096   nsm      =      232158
 nkpm   =        2284   niplm    =      146176
 ngnearm=       14257   ngsndm   =       64634
 nearm  =         333   mfinestm =         119
 ###############################

 CFIE Alpha:  0.50000000000000000     

 Fill MLFMA FI for Mat-Reg:           1
 Begin filltl.f
 fill translation matrix
 Level:            2
 fill shifting matrix
 Level:            3
 fill shifting matrix
 Level:            4
 fill shifting matrix
 Level:            5
 fill shifting matrix
 translator time(s):  0.118000008    
 fill interpolation matrix
 ThetaOrder            8
 PhiOrder            8
 lsl            7
 Filling TL                  Delta_CPU=          0.54 Memory(MB)=        653.98
 Filling sndgrp              Delta_CPU=          0.00 Memory(MB)=        653.98
 Filling VFS                 Delta_CPU=          3.13 Memory(MB)=        653.98

 Fill MLFMA NI for Mat-Reg:           1
 Begin fill sparser part of Nearfield
 Begin fill denser part of Nearfield
 End fill
 Filling Amn                 Delta_CPU=         89.35 Memory(MB)=        653.98


 Now testing preconditioner with
 ipretype =           10
 method = cfie_solve_nfrasspspre_pardiso

  
 NBP>>Begin fill sparser part of Nearfield

117.4818% NBP>>Begin fill denser part of Nearfield

200.1041%
 Begin MLFMA Box-Matrix Based Spar-RAS Prec Constructor
 --- Intel MKL PARDISO --- 
 Memory for iGroup: 1 0 MB
 Total Memory For SparRAS Pre: 0 MB
 --- PARDISO PRECONDITIONER INITIALIZED --- 
 Constructing preconditioner CPU time: 4 s
 
 1101240
 Memory for Iteration:: 16.8036 MB

 Iseg, Ninc_S : 1, 181, 0

 Iseg, Skeleton Angles: 1, 40
 Iseg, Skel-Pk Mem(MB): 1, 314.35

 Iseg, Irank, Idinc : 1, 1, 42
 Thata, Phi : 90.000000, 41.000000
 Maximun iteration: 300
 Number of recycle truncation: 30
 Final matrix dimension:  36708
 Residual error:0.001000
 0  6.315321e-01
 1  3.153744e-01
 2  1.990397e-01
 3  1.274829e-01
 4  8.848092e-02
 5  6.488974e-02
 6  4.905423e-02
 7  3.753874e-02
 8  2.855421e-02
 9  2.220633e-02
 10  1.657849e-02
 11  1.350650e-02
 12  1.102116e-02
 13  9.050914e-03
 14  7.747329e-03
 15  6.700253e-03
 16  5.849105e-03
 17  5.064349e-03
 18  4.518708e-03
 19  4.150489e-03
 20  3.916075e-03
 21  3.721664e-03
 22  3.590567e-03
 23  3.480516e-03
 24  3.352160e-03
 25  3.199698e-03
 26  3.030192e-03
 27  2.825198e-03
 28  2.567233e-03
 29  2.295246e-03
 30  2.042251e-03
 31  1.777538e-03
 32  1.497807e-03
 33  1.237190e-03
 34  1.022837e-03
 35  8.294615e-04
 Iteration CPU time: 8 s
 CFIE residual: 0.000829461

 Iseg, Irank, Idinc : 1, 2, 63
 Thata, Phi : 90.000000, 62.000000
 Maximun iteration: 300
 Number of recycle truncation: 30
 Final matrix dimension:  36708
 Residual error:0.001000
 0  6.559697e-01
 1  3.581397e-01
 2  2.231960e-01
 3  1.428473e-01
 4  1.013614e-01
 5  7.806492e-02
 6  5.889343e-02
 7  4.728311e-02
 8  3.739078e-02
 9  2.993022e-02
 10  2.312776e-02
 11  1.843481e-02
 12  1.505726e-02
 13  1.248005e-02
 14  1.080084e-02
 15  9.665402e-03
 16  8.662771e-03
 17  7.983203e-03
 18  7.557077e-03
 19  7.204931e-03
 20  6.953281e-03
 21  6.772500e-03
 22  6.522283e-03
 23  6.188152e-03
 24  5.752727e-03
 25  5.255702e-03
 26  4.818222e-03
 27  4.294741e-03
 28  3.712201e-03
 29  3.100803e-03
 30  2.536331e-03
 31  2.068655e-03
 32  1.692426e-03
 33  1.345032e-03
 34  1.101822e-03
 35  8.980761e-04
 Iteration CPU time: 8 s
 CFIE residual: 0.000898076

 Iseg, Irank, Idinc : 1, 3, 109
 Thata, Phi : 90.000000, 108.000000
 Maximun iteration: 300
 Number of recycle truncation: 30
 Final matrix dimension:  36708
 Residual error:0.001000
 0  6.207722e-01
 1  3.503699e-01
 2  2.177325e-01
 3  1.483082e-01
 4  1.050903e-01
 5  7.892311e-02
 6  6.088388e-02
 7  4.747182e-02
 8  3.797758e-02
 9  3.069559e-02
 10  2.481608e-02
 11  2.052961e-02
 12  1.674921e-02
 13  1.403842e-02
 14  1.186477e-02
 15  1.000091e-02
 16  8.819754e-03
 17  7.804264e-03
 18  6.897511e-03
 19  6.203789e-03
 20  5.663262e-03
 21  5.219712e-03
 22  4.962429e-03
 23  4.775143e-03
 24  4.622443e-03
 25  4.487213e-03
 26  4.305271e-03
 27  4.074041e-03
 28  3.784955e-03
 29  3.447762e-03
 30  3.005535e-03
 31  2.497577e-03
 32  2.035719e-03
 33  1.661436e-03
 34  1.365054e-03
 35  1.119571e-03
 36  8.929404e-04
 Iteration CPU time: 9 s
 CFIE residual: 0.00089294

 Iseg, Irank, Idinc : 1, 4, 22
 Thata, Phi : 90.000000, 21.000000
 Maximun iteration: 300
 Number of recycle truncation: 30
 Final matrix dimension:  36708
 Residual error:0.001000
 0  6.307448e-01
 1  2.954634e-01
 2  1.742776e-01
 3  1.153841e-01
 4  8.026502e-02
 5  5.922091e-02
 6  4.480743e-02
 7  3.496086e-02
 8  2.791700e-02
 9  2.245531e-02
 10  1.828711e-02
 11  1.479166e-02
 12  1.193797e-02
 13  1.005315e-02
 14  8.318765e-03
 15  6.859438e-03
 16  5.940521e-03
 17  5.094302e-03
 18  4.277282e-03
 19  3.674470e-03
 20  3.198374e-03
 21  2.820028e-03
 22  2.493948e-03
 23  2.272402e-03
 24  2.102322e-03
 25  1.979432e-03
 26  1.868532e-03
 27  1.770334e-03
 28  1.709828e-03
 29  1.645862e-03
 30  1.582771e-03
 31  1.515968e-03
 32  1.429253e-03
 33  1.311732e-03
 34  1.171294e-03
 35  1.032431e-03
 36  8.990794e-04
 Iteration CPU time: 8 s
 CFIE residual: 0.000899079

 Iseg, Irank, Idinc : 1, 5, 147
 Thata, Phi : 90.000000, 146.000000
 Maximun iteration: 300
 Number of recycle truncation: 30
 Final matrix dimension:  36708
 Residual error:0.001000
 0  6.566540e-01
 1  3.460305e-01
 2  2.102968e-01
 3  1.412925e-01
 4  1.009705e-01
 5  7.708680e-02
 6  5.981066e-02
 7  4.745595e-02
 8  3.958159e-02
 9  3.378129e-02
 10  2.875124e-02
 11  2.504920e-02
 12  2.195041e-02
 13  1.870776e-02
 14  1.556821e-02
 15  1.332375e-02
 16  1.143799e-02
 17  9.461940e-03
 18  8.002592e-03
 19  6.968042e-03
 20  6.060413e-03
 21  5.365842e-03
 22  4.862134e-03
 23  4.457889e-03
 24  4.190538e-03
 25  3.966442e-03
 26  3.779931e-03
 27  3.599458e-03
 28  3.475244e-03
 29  3.323424e-03
 30  3.145270e-03
 31  2.936853e-03
 32  2.681974e-03
 33  2.351081e-03
 34  2.002882e-03
 35  1.676892e-03
 36  1.366590e-03
 37  1.089469e-03
 38  8.457636e-04
 Iteration CPU time: 9 s
 CFIE residual: 0.000845764

 Iseg, Irank, Idinc : 1, 6, 137
 Thata, Phi : 90.000000, 136.000000
 Maximun iteration: 300
 Number of recycle truncation: 30
 Final matrix dimension:  36708
 Residual error:0.001000
 0  6.979733e-01
 1  3.496548e-01
 2  2.168249e-01
 3  1.475970e-01
 4  1.065083e-01
 5  7.989834e-02
 6  6.044536e-02
 7  4.778487e-02
 8  3.869608e-02
 9  3.270764e-02
 10  2.681931e-02
 11  2.250522e-02
 12  1.870682e-02
 13  1.584442e-02
 14  1.333192e-02
 15  1.116385e-02
 16  9.631860e-03
 17  8.282245e-03
 18  7.267396e-03
 19  6.400155e-03
 20  5.799815e-03
 21  5.361961e-03
 22  4.987332e-03
 23  4.730338e-03
 24  4.513318e-03
 25  4.347054e-03
 26  4.187451e-03
 27  4.008052e-03
 28  3.839312e-03
 29  3.636996e-03
 30  3.383706e-03
 31  3.050861e-03
 32  2.756060e-03
 33  2.410664e-03
 34  2.071469e-03
 35  1.787683e-03
 36  1.498614e-03
 37  1.226854e-03
 38  9.641328e-04
 Iteration CPU time: 8 s
 CFIE residual: 0.000964133

 Iseg, Irank, Idinc : 1, 7, 83
 Thata, Phi : 90.000000, 82.000000
 Maximun iteration: 300
 Number of recycle truncation: 30
 Final matrix dimension:  36708
 Residual error:0.001000
 0  6.080108e-01
 1  3.484441e-01
 2  2.227022e-01
 3  1.497107e-01
 4  1.090072e-01
 5  8.359442e-02
 6  6.419946e-02
 7  5.086309e-02
 8  4.107133e-02
 9  3.210381e-02
 10  2.588627e-02
 11  2.161727e-02
 12  1.785783e-02
 13  1.504797e-02
 14  1.302861e-02
 15  1.152198e-02
 16  1.012084e-02
 17  9.231564e-03
 18  8.620269e-03
 19  8.060893e-03
 20  7.646482e-03
 21  7.361291e-03
 22  7.091603e-03
 23  6.824654e-03
 24  6.537131e-03
 25  6.203044e-03
 26  5.799605e-03
 27  5.345254e-03
 28  4.800693e-03
 29  4.236569e-03
 30  3.562263e-03
 31  2.998113e-03
 32  2.538168e-03
 33  2.038133e-03
 34  1.649024e-03
 35  1.312279e-03
 36  1.084214e-03
 37  8.721497e-04
 Iteration CPU time: 9 s
 CFIE residual: 0.00087215

 Iseg, Irank, Idinc : 1, 8, 72
 Thata, Phi : 90.000000, 71.000000
 Maximun iteration: 300
 Number of recycle truncation: 30
 Final matrix dimension:  36708
 Residual error:0.001000
 0  6.347757e-01
 1  3.643443e-01
 2  2.350525e-01
 3  1.480280e-01
 4  1.043982e-01
 5  8.223055e-02
 6  6.340143e-02
 7  4.916807e-02
 8  3.903596e-02
 9  3.244469e-02
 10  2.594769e-02
 11  2.089591e-02
 12  1.678278e-02
 13  1.422148e-02
 14  1.238629e-02
 15  1.094212e-02
 16  9.949442e-03
 17  9.129554e-03
 18  8.537691e-03
 19  8.109747e-03
 20  7.838596e-03
 21  7.605500e-03
 22  7.341706e-03
 23  7.039351e-03
 24  6.571248e-03
 25  6.098126e-03
 26  5.560272e-03
 27  5.020773e-03
 28  4.438418e-03
 29  3.806906e-03
 30  3.137543e-03
 31  2.603471e-03
 32  2.151236e-03
 33  1.724514e-03
 34  1.385008e-03
 35  1.105321e-03
 36  9.178851e-04
 Iteration CPU time: 8 s
 CFIE residual: 0.000917885

 Iseg, Irank, Idinc : 1, 9, 159
 Thata, Phi : 90.000000, 158.000000
 Maximun iteration: 300
 Number of recycle truncation: 30
 Final matrix dimension:  36708
 Residual error:0.001000
 0  6.207415e-01
 1  3.151017e-01
 2  1.920427e-01
 3  1.299647e-01
 4  9.695449e-02
 5  7.736710e-02
 6  6.204849e-02
 7  5.091322e-02
 8  4.266225e-02
 9  3.682303e-02
 10  3.179830e-02
 11  2.798137e-02
 12  2.434797e-02
 13  2.067413e-02
 14  1.714507e-02
 15  1.477732e-02
 16  1.272402e-02
 17  1.054906e-02
 18  9.053203e-03
 19  7.688288e-03
 20  6.510386e-03
 21  5.582242e-03
 22  4.824485e-03
 23  4.233863e-03
 24  3.779742e-03
 25  3.424251e-03
 26  3.161826e-03
 27  2.957057e-03
 28  2.831607e-03
 29  2.723251e-03
 30  2.602477e-03
 31  2.468182e-03
 32  2.282246e-03
 33  2.088728e-03
 34  1.863595e-03
 35  1.606076e-03
 36  1.307239e-03
 37  1.035507e-03
 38  7.995300e-04
 Iteration CPU time: 9 s
 CFIE residual: 0.00079953

 Iseg, Irank, Idinc : 1, 10, 124
 Thata, Phi : 90.000000, 123.000000
 Maximun iteration: 300
 Number of recycle truncation: 30
 Final matrix dimension:  36708
 Residual error:0.001000
 0  6.544944e-01
 1  3.411602e-01
 2  2.208925e-01
 3  1.557743e-01
 4  1.125386e-01
 5  8.251883e-02
 6  6.556070e-02
 7  5.130870e-02
 8  4.149211e-02
 9  3.362572e-02
 10  2.652415e-02
 11  2.109942e-02
 12  1.653207e-02
 13  1.344696e-02
 14  1.114081e-02
 15  9.528092e-03
 16  8.175224e-03
 17  7.219291e-03
 18  6.273811e-03
 19  5.608760e-03
 20  5.161566e-03
 21  4.798717e-03
 22  4.501882e-03
 23  4.286041e-03
 24  4.092088e-03
 25  3.936402e-03
 26  3.774945e-03
 27  3.619894e-03
 28  3.474787e-03
 29  3.317787e-03
 30  3.104884e-03
 31  2.878521e-03
 32  2.633627e-03
 33  2.324441e-03
 34  2.043131e-03
 35  1.754903e-03
 36  1.465802e-03
 37  1.179260e-03
 38  9.176826e-04
 Iteration CPU time: 8 s
 CFIE residual: 0.000917683

 Iseg, Irank, Idinc : 1, 11, 53
 Thata, Phi : 90.000000, 52.000000
 Maximun iteration: 300
 Number of recycle truncation: 30
 Final matrix dimension:  36708
 Residual error:0.001000
 0  6.532101e-01
 1  3.447927e-01
 2  2.112838e-01
 3  1.350918e-01
 4  9.710016e-02
 5  7.417708e-02
 6  5.771666e-02
 7  4.434087e-02
 8  3.410029e-02
 9  2.692932e-02
 10  2.097833e-02
 11  1.657361e-02
 12  1.312621e-02
 13  1.060322e-02
 14  9.196143e-03
 15  8.051438e-03
 16  7.108257e-03
 17  6.498636e-03
 18  5.943264e-03
 19  5.503135e-03
 20  5.285782e-03
 21  5.133762e-03
 22  4.931778e-03
 23  4.737588e-03
 24  4.442177e-03
 25  4.078303e-03
 26  3.678304e-03
 27  3.264086e-03
 28  2.815672e-03
 29  2.347737e-03
 30  1.947162e-03
 31  1.624567e-03
 32  1.353595e-03
 33  1.101646e-03
 34  9.131111e-04
 Iteration CPU time: 8 s
 CFIE residual: 0.000913111

 Iseg, Irank, Idinc : 1, 12, 176
 Thata, Phi : 90.000000, 175.000000
 Maximun iteration: 300
 Number of recycle truncation: 30
 Final matrix dimension:  36708
 Residual error:0.001000
 0  5.880184e-01
 1  2.968414e-01
 2  1.845113e-01
 3  1.310164e-01
 4  1.010866e-01
 5  8.093857e-02
 6  6.570213e-02
 7  5.503752e-02
 8  4.581854e-02
 9  3.813951e-02
 10  3.211148e-02
 11  2.668043e-02
 12  2.215303e-02
 13  1.825291e-02
 14  1.542476e-02
 15  1.265565e-02
 16  1.059093e-02
 17  8.890150e-03
 18  7.523570e-03
 19  6.244802e-03
 20  5.326192e-03
 21  4.553177e-03
 22  3.862534e-03
 23  3.351987e-03
 24  2.976973e-03
 25  2.640373e-03
 26  2.366123e-03
 27  2.151433e-03
 28  1.992310e-03
 29  1.858506e-03
 30  1.758638e-03
 31  1.680418e-03
 32  1.619024e-03
 33  1.554154e-03
 34  1.487966e-03
 35  1.396383e-03
 36  1.276762e-03
 37  1.144359e-03
 38  9.888236e-04
 Iteration CPU time: 9 s
 CFIE residual: 0.000988824

 Iseg, Irank, Idinc : 1, 13, 32
 Thata, Phi : 90.000000, 31.000000
 Maximun iteration: 300
 Number of recycle truncation: 30
 Final matrix dimension:  36708
 Residual error:0.001000
 0  6.316707e-01
 1  3.084459e-01
 2  1.829714e-01
 3  1.143699e-01
 4  8.019635e-02
 5  5.879306e-02
 6  4.347024e-02
 7  3.331091e-02
 8  2.616671e-02
 9  2.096359e-02
 10  1.678223e-02
 11  1.374223e-02
 12  1.097162e-02
 13  9.232681e-03
 14  7.629592e-03
 15  6.384015e-03
 16  5.469083e-03
 17  4.688113e-03
 18  4.021527e-03
 19  3.586889e-03
 20  3.274318e-03
 21  3.008820e-03
 22  2.807422e-03
 23  2.660869e-03
 24  2.545287e-03
 25  2.451713e-03
 26  2.359041e-03
 27  2.244003e-03
 28  2.130772e-03
 29  1.968896e-03
 30  1.800245e-03
 31  1.636797e-03
 32  1.466479e-03
 33  1.292904e-03
 34  1.098935e-03
 35  9.180987e-04
 Iteration CPU time: 8 s
 CFIE residual: 0.000918099

 Iseg, Irank, Idinc : 1, 14, 91
 Thata, Phi : 90.000000, 90.000000
 Maximun iteration: 300
 Number of recycle truncation: 30
 Final matrix dimension:  36708
 Residual error:0.001000
 0  5.998746e-01
 1  3.448544e-01
 2  2.182196e-01
 3  1.497396e-01
 4  1.076604e-01
 5  8.217022e-02
 6  6.408014e-02
 7  5.010852e-02
 8  4.073777e-02
 9  3.265855e-02
 10  2.682727e-02
 11  2.235453e-02
 12  1.870634e-02
 13  1.602640e-02
 14  1.386600e-02
 15  1.194680e-02
 16  1.042530e-02
 17  9.369977e-03
 18  8.534788e-03
 19  7.863599e-03
 20  7.343930e-03
 21  6.959255e-03
 22  6.651762e-03
 23  6.388833e-03
 24  6.184189e-03
 25  5.954236e-03
 26  5.683928e-03
 27  5.294764e-03
 28  4.782399e-03
 29  4.250452e-03
 30  3.686582e-03
 31  3.160209e-03
 32  2.651637e-03
 33  2.205713e-03
 34  1.800776e-03
 35  1.461679e-03
 36  1.182115e-03
 37  9.546922e-04
 Iteration CPU time: 9 s
 CFIE residual: 0.000954692

 Iseg, Irank, Idinc : 1, 15, 9
 Thata, Phi : 90.000000, 8.000000
 Maximun iteration: 300
 Number of recycle truncation: 30
 Final matrix dimension:  36708
 Residual error:0.001000
 0  5.454609e-01
 1  2.777773e-01
 2  1.772260e-01
 3  1.238148e-01
 4  9.019265e-02
 5  6.737970e-02
 6  5.121614e-02
 7  3.963656e-02
 8  3.097228e-02
 9  2.417838e-02
 10  1.931597e-02
 11  1.537036e-02
 12  1.237353e-02
 13  9.994650e-03
 14  8.183641e-03
 15  6.662200e-03
 16  5.694310e-03
 17  4.840593e-03
 18  4.127879e-03
 19  3.523306e-03
 20  3.051527e-03
 21  2.688915e-03
 22  2.315211e-03
 23  2.040634e-03
 24  1.815783e-03
 25  1.645197e-03
 26  1.470957e-03
 27  1.332606e-03
 28  1.233860e-03
 29  1.154299e-03
 30  1.100009e-03
 31  1.057332e-03
 32  1.018322e-03
 33  9.726464e-04
 Iteration CPU time: 7 s
 CFIE residual: 0.000972646

 Iseg, Irank, Idinc : 1, 16, 100
 Thata, Phi : 90.000000, 99.000000
 Maximun iteration: 300
 Number of recycle truncation: 30
 Final matrix dimension:  36708
 Residual error:0.001000
 0  6.067012e-01
 1  3.429038e-01
 2  2.147341e-01
 3  1.458178e-01
 4  1.050201e-01
 5  7.942598e-02
 6  6.146301e-02
 7  4.886529e-02
 8  3.876093e-02
 9  3.198267e-02
 10  2.610067e-02
 11  2.176439e-02
 12  1.814420e-02
 13  1.534954e-02
 14  1.323741e-02
 15  1.131790e-02
 16  9.830468e-03
 17  8.774625e-03
 18  7.825829e-03
 19  7.047317e-03
 20  6.461930e-03
 21  6.039695e-03
 22  5.756409e-03
 23  5.553563e-03
 24  5.374778e-03
 25  5.160817e-03
 26  4.960835e-03
 27  4.655166e-03
 28  4.322950e-03
 29  3.899812e-03
 30  3.459465e-03
 31  2.983121e-03
 32  2.503572e-03
 33  2.058569e-03
 34  1.672763e-03
 35  1.352470e-03
 36  1.107206e-03
 37  8.853270e-04
 Iteration CPU time: 9 s
 CFIE residual: 0.000885327

 Iseg, Irank, Idinc : 1, 17, 116
 Thata, Phi : 90.000000, 115.000000
 Maximun iteration: 300
 Number of recycle truncation: 30
 Final matrix dimension:  36708
 Residual error:0.001000
 0  6.429476e-01
 1  3.473044e-01
 2  2.165830e-01
 3  1.510974e-01
 4  1.082404e-01
 5  7.931821e-02
 6  6.176659e-02
 7  4.856137e-02
 8  3.812503e-02
 9  3.071994e-02
 10  2.475404e-02
 11  1.980572e-02
 12  1.629319e-02
 13  1.361011e-02
 14  1.146433e-02
 15  9.688496e-03
 16  8.289464e-03
 17  7.346735e-03
 18  6.431242e-03
 19  5.739878e-03
 20  5.347263e-03
 21  4.998020e-03
 22  4.743905e-03
 23  4.578754e-03
 24  4.432937e-03
 25  4.304326e-03
 26  4.137041e-03
 27  3.944601e-03
 28  3.757298e-03
 29  3.503599e-03
 30  3.217817e-03
 31  2.855352e-03
 32  2.432051e-03
 33  2.015964e-03
 34  1.605459e-03
 35  1.328086e-03
 36  1.042668e-03
 37  8.220699e-04
 Iteration CPU time: 8 s
 CFIE residual: 0.00082207

 Iseg, Irank, Idinc : 1, 18, 1
 Thata, Phi : 90.000000, 0.000000
 Maximun iteration: 300
 Number of recycle truncation: 30
 Final matrix dimension:  36708
 Residual error:0.001000
 0  5.205658e-01
 1  2.725736e-01
 2  1.769648e-01
 3  1.209367e-01
 4  8.742009e-02
 5  6.659740e-02
 6  5.106145e-02
 7  3.781796e-02
 8  2.879668e-02
 9  2.313965e-02
 10  1.898949e-02
 11  1.500808e-02
 12  1.143830e-02
 13  9.413088e-03
 14  7.673258e-03
 15  6.411568e-03
 16  5.312146e-03
 17  4.596170e-03
 18  3.895301e-03
 19  3.379607e-03
 20  2.873278e-03
 21  2.452045e-03
 22  2.096775e-03
 23  1.769354e-03
 24  1.514022e-03
 25  1.297681e-03
 26  1.108088e-03
 27  9.808088e-04
 Iteration CPU time: 6 s
 CFIE residual: 0.000980809

 Iseg, Irank, Idinc : 1, 19, 167
 Thata, Phi : 90.000000, 166.000000
 Maximun iteration: 300
 Number of recycle truncation: 30
 Final matrix dimension:  36708
 Residual error:0.001000
 0  5.950369e-01
 1  3.000875e-01
 2  1.852069e-01
 3  1.308366e-01
 4  1.005306e-01
 5  8.058135e-02
 6  6.476719e-02
 7  5.454817e-02
 8  4.575716e-02
 9  3.889087e-02
 10  3.261622e-02
 11  2.815254e-02
 12  2.468363e-02
 13  2.107771e-02
 14  1.763325e-02
 15  1.502758e-02
 16  1.302928e-02
 17  1.088095e-02
 18  9.145459e-03
 19  7.604787e-03
 20  6.412183e-03
 21  5.427772e-03
 22  4.672185e-03
 23  4.096641e-03
 24  3.557935e-03
 25  3.156921e-03
 26  2.859930e-03
 27  2.617928e-03
 28  2.450162e-03
 29  2.321426e-03
 30  2.210725e-03
 31  2.101414e-03
 32  2.005686e-03
 33  1.913822e-03
 34  1.787844e-03
 35  1.629685e-03
 36  1.440146e-03
 37  1.219978e-03
 38  1.008894e-03
 39  8.358266e-04
 Iteration CPU time: 9 s
 CFIE residual: 0.000835827

 Iseg, Irank, Idinc : 1, 20, 16
 Thata, Phi : 90.000000, 15.000000
 Maximun iteration: 300
 Number of recycle truncation: 30
 Final matrix dimension:  36708
 Residual error:0.001000
 0  5.925315e-01
 1  2.865056e-01
 2  1.761027e-01
 3  1.208033e-01
 4  8.638838e-02
 5  6.416792e-02
 6  4.896444e-02
 7  3.836974e-02
 8  3.018912e-02
 9  2.420718e-02
 10  1.941052e-02
 11  1.526681e-02
 12  1.213736e-02
 13  9.955995e-03
 14  8.396519e-03
 15  6.792821e-03
 16  5.765614e-03
 17  4.945523e-03
 18  4.206976e-03
 19  3.594554e-03
 20  3.126071e-03
 21  2.746733e-03
 22  2.380663e-03
 23  2.124817e-03
 24  1.933477e-03
 25  1.786092e-03
 26  1.649858e-03
 27  1.531604e-03
 28  1.454716e-03
 29  1.389027e-03
 30  1.331584e-03
 31  1.287706e-03
 32  1.234883e-03
 33  1.159342e-03
 34  1.075869e-03
 35  9.789876e-04
 Iteration CPU time: 8 s
 CFIE residual: 0.000978988

 Iseg, Irank, Idinc : 1, 21, 181
 Thata, Phi : 90.000000, 180.000000
 Maximun iteration: 300
 Number of recycle truncation: 30
 Final matrix dimension:  36708
 Residual error:0.001000
 0  5.877565e-01
 1  2.965898e-01
 2  1.837945e-01
 3  1.299414e-01
 4  9.941620e-02
 5  7.937531e-02
 6  6.447294e-02
 7  5.383035e-02
 8  4.494945e-02
 9  3.693095e-02
 10  3.024739e-02
 11  2.468724e-02
 12  1.990734e-02
 13  1.618429e-02
 14  1.315183e-02
 15  1.068208e-02
 16  8.735696e-03
 17  7.174286e-03
 18  6.065124e-03
 19  5.119419e-03
 20  4.294376e-03
 21  3.674813e-03
 22  3.091240e-03
 23  2.640705e-03
 24  2.306981e-03
 25  2.079899e-03
 26  1.886033e-03
 27  1.714305e-03
 28  1.582999e-03
 29  1.476088e-03
 30  1.386536e-03
 31  1.320619e-03
 32  1.261959e-03
 33  1.187000e-03
 34  1.079333e-03
 35  9.463600e-04
 Iteration CPU time: 8 s
 CFIE residual: 0.00094636

 Iseg, Irank, Idinc : 1, 22, 153
 Thata, Phi : 90.000000, 152.000000
 Maximun iteration: 300
 Number of recycle truncation: 30
 Final matrix dimension:  36708
 Residual error:0.001000
 0  6.363714e-01
 1  3.299131e-01
 2  2.027308e-01
 3  1.347042e-01
 4  9.834765e-02
 5  7.709347e-02
 6  6.018410e-02
 7  4.898728e-02
 8  4.041313e-02
 9  3.438955e-02
 10  2.938146e-02
 11  2.579385e-02
 12  2.247774e-02
 13  1.907751e-02
 14  1.582909e-02
 15  1.360173e-02
 16  1.185004e-02
 17  9.877914e-03
 18  8.467281e-03
 19  7.273031e-03
 20  6.312953e-03
 21  5.462756e-03
 22  4.765802e-03
 23  4.208543e-03
 24  3.843250e-03
 25  3.547794e-03
 26  3.323275e-03
 27  3.122935e-03
 28  3.002263e-03
 29  2.886763e-03
 30  2.744186e-03
 31  2.589037e-03
 32  2.385221e-03
 33  2.167103e-03
 34  1.857639e-03
 35  1.557637e-03
 36  1.295247e-03
 37  1.020620e-03
 38  8.089631e-04
 Iteration CPU time: 9 s
 CFIE residual: 0.000808963

 Iseg, Irank, Idinc : 1, 23, 77
 Thata, Phi : 90.000000, 76.000000
 Maximun iteration: 300
 Number of recycle truncation: 30
 Final matrix dimension:  36708
 Residual error:0.001000
 0  6.169968e-01
 1  3.554390e-01
 2  2.294115e-01
 3  1.471304e-01
 4  1.041392e-01
 5  7.954979e-02
 6  6.213404e-02
 7  4.838108e-02
 8  3.890633e-02
 9  3.085044e-02
 10  2.528833e-02
 11  2.083649e-02
 12  1.714234e-02
 13  1.460856e-02
 14  1.278863e-02
 15  1.121361e-02
 16  1.016422e-02
 17  9.366907e-03
 18  8.743705e-03
 19  8.229425e-03
 20  7.901152e-03
 21  7.629690e-03
 22  7.365981e-03
 23  7.077002e-03
 24  6.704773e-03
 25  6.302057e-03
 26  5.868174e-03
 27  5.378318e-03
 28  4.849872e-03
 29  4.245796e-03
 30  3.574766e-03
 31  2.995084e-03
 32  2.427280e-03
 33  1.992872e-03
 34  1.605895e-03
 35  1.269700e-03
 36  1.024340e-03
 37  8.215384e-04
 Iteration CPU time: 9 s
 CFIE residual: 0.000821538

 Iseg, Irank, Idinc : 1, 24, 130
 Thata, Phi : 90.000000, 129.000000
 Maximun iteration: 300
 Number of recycle truncation: 30
 Final matrix dimension:  36708
 Residual error:0.001000
 0  6.733024e-01
 1  3.488254e-01
 2  2.224172e-01
 3  1.524940e-01
 4  1.101590e-01
 5  8.135947e-02
 6  6.383862e-02
 7  5.056026e-02
 8  4.020717e-02
 9  3.322466e-02
 10  2.692300e-02
 11  2.152989e-02
 12  1.710185e-02
 13  1.385142e-02
 14  1.139185e-02
 15  9.784937e-03
 16  8.208397e-03
 17  7.078821e-03
 18  6.222211e-03
 19  5.584468e-03
 20  5.101748e-03
 21  4.766679e-03
 22  4.467298e-03
 23  4.245281e-03
 24  4.041808e-03
 25  3.902654e-03
 26  3.747178e-03
 27  3.593829e-03
 28  3.435735e-03
 29  3.227115e-03
 30  2.982659e-03
 31  2.688789e-03
 32  2.412721e-03
 33  2.106896e-03
 34  1.797585e-03
 35  1.522955e-03
 36  1.253344e-03
 37  1.007547e-03
 38  7.991990e-04
 Iteration CPU time: 8 s
 CFIE residual: 0.000799199

 Iseg, Irank, Idinc : 1, 25, 48
 Thata, Phi : 90.000000, 47.000000
 Maximun iteration: 300
 Number of recycle truncation: 30
 Final matrix dimension:  36708
 Residual error:0.001000
 0  6.410288e-01
 1  3.322954e-01
 2  2.058112e-01
 3  1.341246e-01
 4  9.656440e-02
 5  7.370573e-02
 6  5.640163e-02
 7  4.294463e-02
 8  3.293426e-02
 9  2.550341e-02
 10  1.947855e-02
 11  1.538072e-02
 12  1.242248e-02
 13  1.026494e-02
 14  8.715797e-03
 15  7.582020e-03
 16  6.667580e-03
 17  5.944821e-03
 18  5.397336e-03
 19  4.999357e-03
 20  4.775971e-03
 21  4.613688e-03
 22  4.446535e-03
 23  4.277181e-03
 24  4.050733e-03
 25  3.824765e-03
 26  3.523559e-03
 27  3.210154e-03
 28  2.794876e-03
 29  2.414338e-03
 30  2.082581e-03
 31  1.767741e-03
 32  1.450539e-03
 33  1.180713e-03
 34  9.823674e-04
 Iteration CPU time: 8 s
 CFIE residual: 0.000982367

 Iseg, Irank, Idinc : 1, 26, 5
 Thata, Phi : 90.000000, 4.000000
 Maximun iteration: 300
 Number of recycle truncation: 30
 Final matrix dimension:  36708
 Residual error:0.001000
 0  5.272300e-01
 1  2.741170e-01
 2  1.770612e-01
 3  1.222536e-01
 4  8.881325e-02
 5  6.695898e-02
 6  5.099073e-02
 7  3.820546e-02
 8  2.979582e-02
 9  2.357430e-02
 10  1.893928e-02
 11  1.506738e-02
 12  1.191945e-02
 13  9.973290e-03
 14  8.195554e-03
 15  6.644769e-03
 16  5.681138e-03
 17  4.855177e-03
 18  4.074309e-03
 19  3.499821e-03
 20  3.031121e-03
 21  2.641772e-03
 22  2.283425e-03
 23  1.956798e-03
 24  1.717320e-03
 25  1.517389e-03
 26  1.327497e-03
 27  1.164725e-03
 28  1.053263e-03
 29  9.740085e-04
 Iteration CPU time: 7 s
 CFIE residual: 0.000974009

 Iseg, Irank, Idinc : 1, 27, 172
 Thata, Phi : 90.000000, 171.000000
 Maximun iteration: 300
 Number of recycle truncation: 30
 Final matrix dimension:  36708
 Residual error:0.001000
 0  5.890915e-01
 1  2.973119e-01
 2  1.852828e-01
 3  1.320038e-01
 4  1.022038e-01
 5  8.194706e-02
 6  6.631652e-02
 7  5.577824e-02
 8  4.643109e-02
 9  3.892597e-02
 10  3.331036e-02
 11  2.829085e-02
 12  2.382664e-02
 13  2.004228e-02
 14  1.709405e-02
 15  1.417004e-02
 16  1.201854e-02
 17  1.009490e-02
 18  8.460692e-03
 19  7.056902e-03
 20  5.993935e-03
 21  5.079616e-03
 22  4.353894e-03
 23  3.817951e-03
 24  3.343222e-03
 25  2.965138e-03
 26  2.660771e-03
 27  2.428845e-03
 28  2.252688e-03
 29  2.110191e-03
 30  1.997654e-03
 31  1.901229e-03
 32  1.823950e-03
 33  1.749481e-03
 34  1.660161e-03
 35  1.550914e-03
 36  1.408804e-03
 37  1.243919e-03
 38  1.062383e-03
 39  8.789309e-04
 Iteration CPU time: 9 s
 CFIE residual: 0.000878931

 Iseg, Irank, Idinc : 1, 28, 96
 Thata, Phi : 90.000000, 95.000000
 Maximun iteration: 300
 Number of recycle truncation: 30
 Final matrix dimension:  36708
 Residual error:0.001000
 0  6.015422e-01
 1  3.427567e-01
 2  2.159636e-01
 3  1.453477e-01
 4  1.041926e-01
 5  7.974609e-02
 6  6.319142e-02
 7  4.969026e-02
 8  3.951316e-02
 9  3.168195e-02
 10  2.616197e-02
 11  2.152727e-02
 12  1.805571e-02
 13  1.560721e-02
 14  1.352088e-02
 15  1.160087e-02
 16  1.005962e-02
 17  8.951028e-03
 18  8.146164e-03
 19  7.377990e-03
 20  6.827189e-03
 21  6.424902e-03
 22  6.154572e-03
 23  5.932697e-03
 24  5.740431e-03
 25  5.537499e-03
 26  5.287925e-03
 27  4.980743e-03
 28  4.514720e-03
 29  4.055684e-03
 30  3.571345e-03
 31  3.059648e-03
 32  2.563890e-03
 33  2.126787e-03
 34  1.725383e-03
 35  1.378222e-03
 36  1.122943e-03
 37  9.185989e-04
 Iteration CPU time: 8 s
 CFIE residual: 0.000918599

 Iseg, Irank, Idinc : 1, 29, 27
 Thata, Phi : 90.000000, 26.000000
 Maximun iteration: 300
 Number of recycle truncation: 30
 Final matrix dimension:  36708
 Residual error:0.001000
 0  6.425668e-01
 1  3.019975e-01
 2  1.763691e-01
 3  1.127375e-01
 4  7.823935e-02
 5  5.750928e-02
 6  4.265728e-02
 7  3.295092e-02
 8  2.635283e-02
 9  2.151174e-02
 10  1.776895e-02
 11  1.440528e-02
 12  1.136848e-02
 13  9.501716e-03
 14  8.015547e-03
 15  6.763392e-03
 16  5.807298e-03
 17  4.883203e-03
 18  4.128555e-03
 19  3.658753e-03
 20  3.246930e-03
 21  2.921864e-03
 22  2.640086e-03
 23  2.452739e-03
 24  2.304514e-03
 25  2.202223e-03
 26  2.114417e-03
 27  2.019026e-03
 28  1.954767e-03
 29  1.867421e-03
 30  1.777531e-03
 31  1.670772e-03
 32  1.539658e-03
 33  1.387485e-03
 34  1.194907e-03
 35  1.026590e-03
 36  8.865288e-04
 Iteration CPU time: 8 s
 CFIE residual: 0.000886529

 Iseg, Irank, Idinc : 1, 30, 142
 Thata, Phi : 90.000000, 141.000000
 Maximun iteration: 300
 Number of recycle truncation: 30
 Final matrix dimension:  36708
 Residual error:0.001000
 0  6.862008e-01
 1  3.497719e-01
 2  2.116104e-01
 3  1.439005e-01
 4  1.040514e-01
 5  7.782191e-02
 6  6.007975e-02
 7  4.708518e-02
 8  3.864437e-02
 9  3.294053e-02
 10  2.790249e-02
 11  2.389062e-02
 12  2.042037e-02
 13  1.741786e-02
 14  1.461617e-02
 15  1.240549e-02
 16  1.063556e-02
 17  9.087452e-03
 18  7.738007e-03
 19  6.800354e-03
 20  6.033319e-03
 21  5.472401e-03
 22  5.056132e-03
 23  4.752410e-03
 24  4.527374e-03
 25  4.350008e-03
 26  4.186487e-03
 27  4.006940e-03
 28  3.842141e-03
 29  3.657538e-03
 30  3.426017e-03
 31  3.099444e-03
 32  2.764102e-03
 33  2.345250e-03
 34  1.988914e-03
 35  1.659283e-03
 36  1.345688e-03
 37  1.077081e-03
 38  8.298523e-04
 Iteration CPU time: 8 s
 CFIE residual: 0.000829852

 Iseg, Irank, Idinc : 1, 31, 58
 Thata, Phi : 90.000000, 57.000000
 Maximun iteration: 300
 Number of recycle truncation: 30
 Final matrix dimension:  36708
 Residual error:0.001000
 0  6.591083e-01
 1  3.481176e-01
 2  2.123817e-01
 3  1.333981e-01
 4  9.622822e-02
 5  7.275756e-02
 6  5.592700e-02
 7  4.401886e-02
 8  3.388684e-02
 9  2.705827e-02
 10  2.145431e-02
 11  1.698595e-02
 12  1.363738e-02
 13  1.107760e-02
 14  9.543143e-03
 15  8.495764e-03
 16  7.701093e-03
 17  7.068847e-03
 18  6.581337e-03
 19  6.192008e-03
 20  5.959109e-03
 21  5.801140e-03
 22  5.602285e-03
 23  5.329652e-03
 24  4.944365e-03
 25  4.480366e-03
 26  4.081503e-03
 27  3.607404e-03
 28  3.078920e-03
 29  2.576430e-03
 30  2.158399e-03
 31  1.768002e-03
 32  1.412977e-03
 33  1.138570e-03
 34  9.254568e-04
 Iteration CPU time: 8 s
 CFIE residual: 0.000925457

 Iseg, Irank, Idinc : 1, 32, 179
 Thata, Phi : 90.000000, 178.000000
 Maximun iteration: 300
 Number of recycle truncation: 30
 Final matrix dimension:  36708
 Residual error:0.001000
 0  5.878065e-01
 1  2.966408e-01
 2  1.839260e-01
 3  1.301497e-01
 4  9.978970e-02
 5  7.974727e-02
 6  6.477976e-02
 7  5.412606e-02
 8  4.514738e-02
 9  3.722966e-02
 10  3.066234e-02
 11  2.519865e-02
 12  2.071213e-02
 13  1.679553e-02
 14  1.398788e-02
 15  1.146918e-02
 16  9.479005e-03
 17  7.823776e-03
 18  6.617409e-03
 19  5.503348e-03
 20  4.673757e-03
 21  4.007588e-03
 22  3.394233e-03
 23  2.915554e-03
 24  2.591653e-03
 25  2.300106e-03
 26  2.064276e-03
 27  1.873801e-03
 28  1.735363e-03
 29  1.609366e-03
 30  1.514747e-03
 31  1.455003e-03
 32  1.405520e-03
 33  1.348862e-03
 34  1.284750e-03
 35  1.196131e-03
 36  1.088280e-03
 37  9.789094e-04
 Iteration CPU time: 8 s
 CFIE residual: 0.000978909

 Iseg, Irank, Idinc : 1, 33, 3
 Thata, Phi : 90.000000, 2.000000
 Maximun iteration: 300
 Number of recycle truncation: 30
 Final matrix dimension:  36708
 Residual error:0.001000
 0  5.222760e-01
 1  2.729891e-01
 2  1.769991e-01
 3  1.213394e-01
 4  8.788189e-02
 5  6.673735e-02
 6  5.104040e-02
 7  3.788147e-02
 8  2.905390e-02
 9  2.326571e-02
 10  1.896309e-02
 11  1.503678e-02
 12  1.163017e-02
 13  9.586314e-03
 14  7.951123e-03
 15  6.559000e-03
 16  5.538503e-03
 17  4.768653e-03
 18  3.999513e-03
 19  3.454090e-03
 20  2.975126e-03
 21  2.580043e-03
 22  2.233459e-03
 23  1.903008e-03
 24  1.655615e-03
 25  1.440628e-03
 26  1.243272e-03
 27  1.085340e-03
 28  9.645777e-04
 Iteration CPU time: 7 s
 CFIE residual: 0.000964578

 Iseg, Irank, Idinc : 1, 34, 105
 Thata, Phi : 90.000000, 104.000000
 Maximun iteration: 300
 Number of recycle truncation: 30
 Final matrix dimension:  36708
 Residual error:0.001000
 0  6.115210e-01
 1  3.471442e-01
 2  2.150270e-01
 3  1.476189e-01
 4  1.053435e-01
 5  7.929070e-02
 6  6.075323e-02
 7  4.795315e-02
 8  3.845930e-02
 9  3.138964e-02
 10  2.556627e-02
 11  2.134322e-02
 12  1.731353e-02
 13  1.457080e-02
 14  1.242333e-02
 15  1.053345e-02
 16  9.260098e-03
 17  8.232581e-03
 18  7.313488e-03
 19  6.541801e-03
 20  5.945770e-03
 21  5.510140e-03
 22  5.268400e-03
 23  5.083322e-03
 24  4.932908e-03
 25  4.755985e-03
 26  4.572753e-03
 27  4.296756e-03
 28  3.978118e-03
 29  3.601186e-03
 30  3.154891e-03
 31  2.691955e-03
 32  2.259495e-03
 33  1.868793e-03
 34  1.535846e-03
 35  1.267765e-03
 36  1.027664e-03
 37  8.322171e-04
 Iteration CPU time: 8 s
 CFIE residual: 0.000832217

 Iseg, Irank, Idinc : 1, 35, 37
 Thata, Phi : 90.000000, 36.000000
 Maximun iteration: 300
 Number of recycle truncation: 30
 Final matrix dimension:  36708
 Residual error:0.001000
 0  6.229392e-01
 1  3.126775e-01
 2  1.915649e-01
 3  1.211008e-01
 4  8.380689e-02
 5  6.109001e-02
 6  4.585621e-02
 7  3.493250e-02
 8  2.706775e-02
 9  2.126975e-02
 10  1.653719e-02
 11  1.343979e-02
 12  1.084357e-02
 13  9.081919e-03
 14  7.516173e-03
 15  6.346678e-03
 16  5.465912e-03
 17  4.736507e-03
 18  4.149178e-03
 19  3.708441e-03
 20  3.443811e-03
 21  3.217978e-03
 22  3.072632e-03
 23  2.958159e-03
 24  2.858645e-03
 25  2.751909e-03
 26  2.648424e-03
 27  2.506238e-03
 28  2.330761e-03
 29  2.118255e-03
 30  1.919693e-03
 31  1.705329e-03
 32  1.491350e-03
 33  1.280858e-03
 34  1.083417e-03
 35  9.061965e-04
 Iteration CPU time: 7 s
 CFIE residual: 0.000906196

 Iseg, Irank, Idinc : 1, 36, 163
 Thata, Phi : 90.000000, 162.000000
 Maximun iteration: 300
 Number of recycle truncation: 30
 Final matrix dimension:  36708
 Residual error:0.001000
 0  6.064314e-01
 1  3.062468e-01
 2  1.867735e-01
 3  1.292787e-01
 4  9.771218e-02
 5  7.839983e-02
 6  6.318485e-02
 7  5.210687e-02
 8  4.376924e-02
 9  3.805398e-02
 10  3.286769e-02
 11  2.824648e-02
 12  2.440351e-02
 13  2.118424e-02
 14  1.788480e-02
 15  1.529697e-02
 16  1.301014e-02
 17  1.083192e-02
 18  9.221512e-03
 19  7.767474e-03
 20  6.540453e-03
 21  5.531435e-03
 22  4.773604e-03
 23  4.171022e-03
 24  3.655588e-03
 25  3.277188e-03
 26  3.006101e-03
 27  2.786046e-03
 28  2.646285e-03
 29  2.524065e-03
 30  2.410016e-03
 31  2.291005e-03
 32  2.175353e-03
 33  2.037940e-03
 34  1.870431e-03
 35  1.661427e-03
 36  1.416568e-03
 37  1.144060e-03
 38  9.246661e-04
 Iteration CPU time: 9 s
 CFIE residual: 0.000924666

 Iseg, Irank, Idinc : 1, 37, 68
 Thata, Phi : 90.000000, 67.000000
 Maximun iteration: 300
 Number of recycle truncation: 30
 Final matrix dimension:  36708
 Residual error:0.001000
 0  6.476414e-01
 1  3.673735e-01
 2  2.345227e-01
 3  1.497856e-01
 4  1.064163e-01
 5  8.296886e-02
 6  6.291006e-02
 7  4.997127e-02
 8  3.956282e-02
 9  3.215705e-02
 10  2.505015e-02
 11  2.047666e-02
 12  1.655490e-02
 13  1.374272e-02
 14  1.193899e-02
 15  1.057525e-02
 16  9.603518e-03
 17  8.839698e-03
 18  8.290861e-03
 19  7.872168e-03
 20  7.609250e-03
 21  7.414022e-03
 22  7.142947e-03
 23  6.787577e-03
 24  6.277007e-03
 25  5.760723e-03
 26  5.228509e-03
 27  4.651735e-03
 28  4.071039e-03
 29  3.398766e-03
 30  2.758156e-03
 31  2.241750e-03
 32  1.868989e-03
 33  1.485298e-03
 34  1.219515e-03
 35  1.003349e-03
 36  8.336012e-04
 Iteration CPU time: 8 s
 CFIE residual: 0.000833601

 Iseg, Irank, Idinc : 1, 38, 120
 Thata, Phi : 90.000000, 119.000000
 Maximun iteration: 300
 Number of recycle truncation: 30
 Final matrix dimension:  36708
 Residual error:0.001000
 0  6.472994e-01
 1  3.438529e-01
 2  2.172834e-01
 3  1.522763e-01
 4  1.091505e-01
 5  8.126537e-02
 6  6.401750e-02
 7  4.995146e-02
 8  3.976380e-02
 9  3.221959e-02
 10  2.600154e-02
 11  2.079299e-02
 12  1.665627e-02
 13  1.350822e-02
 14  1.137800e-02
 15  9.637052e-03
 16  8.316693e-03
 17  7.410882e-03
 18  6.450947e-03
 19  5.718547e-03
 20  5.286356e-03
 21  4.911054e-03
 22  4.669231e-03
 23  4.469675e-03
 24  4.307294e-03
 25  4.150737e-03
 26  3.991069e-03
 27  3.814339e-03
 28  3.660110e-03
 29  3.487341e-03
 30  3.267686e-03
 31  2.956280e-03
 32  2.655264e-03
 33  2.238678e-03
 34  1.889369e-03
 35  1.571911e-03
 36  1.282703e-03
 37  1.026920e-03
 38  7.685552e-04
 Iteration CPU time: 9 s
 CFIE residual: 0.000768555

 Iseg, Irank, Idinc : 1, 39, 12
 Thata, Phi : 90.000000, 11.000000
 Maximun iteration: 300
 Number of recycle truncation: 30
 Final matrix dimension:  36708
 Residual error:0.001000
 0  5.642877e-01
 1  2.811763e-01
 2  1.770690e-01
 3  1.234932e-01
 4  8.978045e-02
 5  6.695540e-02
 6  5.076327e-02
 7  3.962159e-02
 8  3.091812e-02
 9  2.434225e-02
 10  1.937056e-02
 11  1.521409e-02
 12  1.211318e-02
 13  9.900677e-03
 14  8.209189e-03
 15  6.574611e-03
 16  5.625512e-03
 17  4.793814e-03
 18  4.119795e-03
 19  3.528839e-03
 20  3.088368e-03
 21  2.713923e-03
 22  2.346186e-03
 23  2.085480e-03
 24  1.870363e-03
 25  1.713317e-03
 26  1.558834e-03
 27  1.430448e-03
 28  1.339781e-03
 29  1.266815e-03
 30  1.207934e-03
 31  1.166000e-03
 32  1.121135e-03
 33  1.064267e-03
 34  1.005135e-03
 35  9.308997e-04
 Iteration CPU time: 8 s
 CFIE residual: 0.0009309

 Iseg, Irank, Idinc : 1, 40, 180
 Thata, Phi : 90.000000, 179.000000
 Maximun iteration: 300
 Number of recycle truncation: 30
 Final matrix dimension:  36708
 Residual error:0.001000
 0  5.877748e-01
 1  2.966042e-01
 2  1.838285e-01
 3  1.299956e-01
 4  9.952025e-02
 5  7.947929e-02
 6  6.456433e-02
 7  5.391857e-02
 8  4.500686e-02
 9  3.701856e-02
 10  3.036220e-02
 11  2.483124e-02
 12  2.018464e-02
 13  1.638897e-02
 14  1.351122e-02
 15  1.108203e-02
 16  9.157979e-03
 17  7.518491e-03
 18  6.336083e-03
 19  5.285510e-03
 20  4.457299e-03
 21  3.809265e-03
 22  3.228623e-03
 23  2.771865e-03
 24  2.455938e-03
 25  2.185392e-03
 26  1.966594e-03
 27  1.787380e-03
 28  1.658361e-03
 29  1.533190e-03
 30  1.437811e-03
 31  1.376115e-03
 32  1.323377e-03
 33  1.263706e-03
 34  1.188951e-03
 35  1.082231e-03
 36  9.540474e-04
 Iteration CPU time: 8 s
 CFIE residual: 0.000954047
 Last Built End in Sep 21 2025 00:06:12
 Total CPU time: 346 s
 Finished.
