 Last Built Begin in Sep 21 2025 00:06:12
 Pre-Type( Input ):           10
 Skl-Tol ( Input ):    1.0000000000000001E-005
 Wavelength in freespace: 0.029615

 ################################################
 ##         Generating Required Mesh          ##
 ##         Waiting.....                      ##
 ################################################
 Subd No.      Subd Name
    1    Open-Duct_PRIME_model_meshAA1                                     
 isub,  nnode, npatch,  nedge:
    1      6118     12236     18354
 Scale Factor         >>   1.54999997E-02
 ################################################

 START TIME: 20250922   061548.394


 Informaton for IE geometry:
 number of subdomains     : 1
 maxnode,maxpatch,maxedge : 6118  12236  18354
 
 Index of Mat-Reg: 1
 Mat-Reg Number via MatFlg: 1
 Edge Number of Mat-Reg: 1, 18354

 Number of Edge on PEC: 18354
 Mat-Reg: No Dim(m) Lmax:
    1 0.242    5
 Totlmax, add1, add2:           5           6           7
 rlengmax of Global MLFMA >>   0.24210959826691461     
 Lmax of Global MLFMA >>            5
 Wavenum of Mat-Reg:
    1 1.000

 total area in sq m           =      0.0510
 total area in sq lambda      =     58.1153
 maxnode, maxpatch, maxedge           =     6118    12236    18354
 longest  edge in lambda              =      0.1576
 shortest edge in lambda              =      0.0075
 average  edge in lambda              =      0.1052
 largest  patch area in sq lambda     =      0.0084
 smallest patch area in sq lambda     =      0.0000
 ave    surface area in sq lambda     =      0.0047
 size range of the object in sq lambda =      7.7475

 #### MLFMA Info For Each Region ####
 Mat-Region =            1
 Array dimension parameters:
 maxrule=          14   maxgrid  =          64
 lmax   =           5   ncmax    =        1250
 lsmax  =          27   lsmin    =           7
 kpm    =        1462   kp0      =         102
 ntlm   =      217096   nsm      =      232158
 nkpm   =        2284   niplm    =      146176
 ngnearm=       14257   ngsndm   =       64634
 nearm  =         333   mfinestm =         119
 ###############################

 CFIE Alpha:  0.50000000000000000     

 Fill MLFMA FI for Mat-Reg:           1
 Begin filltl.f
 fill translation matrix
 Level:            2
 fill shifting matrix
 Level:            3
 fill shifting matrix
 Level:            4
 fill shifting matrix
 Level:            5
 fill shifting matrix
 translator time(s):  0.115000002    
 fill interpolation matrix
 ThetaOrder            8
 PhiOrder            8
 lsl            7
 Filling TL                  Delta_CPU=          0.55 Memory(MB)=        653.98
 Filling sndgrp              Delta_CPU=          0.00 Memory(MB)=        653.98
 Filling VFS                 Delta_CPU=          3.04 Memory(MB)=        653.98

 Fill MLFMA NI for Mat-Reg:           1
 Begin fill sparser part of Nearfield
 Begin fill denser part of Nearfield
 End fill
 Filling Amn                 Delta_CPU=         86.79 Memory(MB)=        653.98


 Now testing preconditioner with
 ipretype =           10
 method = cfie_solve_nfrasspspre_pardiso

  
 NBP>>Begin fill sparser part of Nearfield

119.9792% NBP>>Begin fill denser part of Nearfield

200.1041%
 Begin MLFMA Box-Matrix Based Spar-RAS Prec Constructor
 --- Intel MKL PARDISO --- 
 Memory for iGroup: 1 0 MB
 Total Memory For SparRAS Pre: 0 MB
 --- PARDISO PRECONDITIONER INITIALIZED --- 
 Constructing preconditioner CPU time: 4 s
 
 1101240
 Memory for Iteration:: 16.8036 MB

 Iseg, Ninc_S : 1, 181, 0

 Iseg, Skeleton Angles: 1, 41
 Iseg, Skel-Pk Mem(MB): 1, 314.36

 Iseg, Irank, Idinc : 1, 1, 42
 Thata, Phi : 90.000000, 41.000000
 Maximun iteration: 300
 Number of recycle truncation: 30
 Final matrix dimension:  36708
 Residual error:0.001000
 0  6.311086e-01
 1  3.148117e-01
 2  1.982810e-01
 3  1.272271e-01
 4  8.744854e-02
 5  6.458833e-02
 6  4.823483e-02
 7  3.694138e-02
 8  2.810320e-02
 9  2.109984e-02
 10  1.581094e-02
 11  1.261024e-02
 12  9.967137e-03
 13  8.016245e-03
 14  6.534616e-03
 15  5.149934e-03
 16  4.212927e-03
 17  3.435470e-03
 18  2.754163e-03
 19  2.240934e-03
 20  1.812027e-03
 21  1.478406e-03
 22  1.222644e-03
 23  1.048648e-03
 24  8.892359e-04
 Iteration CPU time: 6 s
 CFIE residual: 0.000889236

 Iseg, Irank, Idinc : 1, 2, 22
 Thata, Phi : 90.000000, 21.000000
 Maximun iteration: 300
 Number of recycle truncation: 30
 Final matrix dimension:  36708
 Residual error:0.001000
 0  6.251505e-01
 1  2.932273e-01
 2  1.703792e-01
 3  1.139596e-01
 4  7.931471e-02
 5  5.870344e-02
 6  4.464385e-02
 7  3.436152e-02
 8  2.757783e-02
 9  2.210528e-02
 10  1.755048e-02
 11  1.384528e-02
 12  1.137913e-02
 13  9.201562e-03
 14  7.804582e-03
 15  6.258853e-03
 16  5.127053e-03
 17  4.301077e-03
 18  3.593809e-03
 19  3.028692e-03
 20  2.495314e-03
 21  1.966768e-03
 22  1.600207e-03
 23  1.331991e-03
 24  1.109738e-03
 25  9.206141e-04
 Iteration CPU time: 6 s
 CFIE residual: 0.000920614

 Iseg, Irank, Idinc : 1, 3, 109
 Thata, Phi : 90.000000, 108.000000
 Maximun iteration: 300
 Number of recycle truncation: 30
 Final matrix dimension:  36708
 Residual error:0.001000
 0  6.233015e-01
 1  3.520464e-01
 2  2.193920e-01
 3  1.503975e-01
 4  1.055418e-01
 5  7.938328e-02
 6  6.082823e-02
 7  4.752596e-02
 8  3.813165e-02
 9  3.001526e-02
 10  2.384275e-02
 11  1.928649e-02
 12  1.559110e-02
 13  1.281991e-02
 14  1.053369e-02
 15  8.506743e-03
 16  7.095919e-03
 17  5.809321e-03
 18  4.714013e-03
 19  3.956758e-03
 20  3.239501e-03
 21  2.607412e-03
 22  2.148729e-03
 23  1.792319e-03
 24  1.532673e-03
 25  1.313843e-03
 26  1.160371e-03
 27  1.054242e-03
 28  9.797633e-04
 Iteration CPU time: 7 s
 CFIE residual: 0.000979763

 Iseg, Irank, Idinc : 1, 4, 63
 Thata, Phi : 90.000000, 62.000000
 Maximun iteration: 300
 Number of recycle truncation: 30
 Final matrix dimension:  36708
 Residual error:0.001000
 0  6.596085e-01
 1  3.567115e-01
 2  2.218020e-01
 3  1.420927e-01
 4  1.007433e-01
 5  7.728965e-02
 6  5.792366e-02
 7  4.567069e-02
 8  3.632047e-02
 9  2.850746e-02
 10  2.193938e-02
 11  1.675712e-02
 12  1.332846e-02
 13  1.053757e-02
 14  8.470610e-03
 15  6.972592e-03
 16  5.544885e-03
 17  4.605087e-03
 18  3.735107e-03
 19  3.118789e-03
 20  2.693349e-03
 21  2.317624e-03
 22  1.965921e-03
 23  1.725493e-03
 24  1.561722e-03
 25  1.449873e-03
 26  1.358835e-03
 27  1.295718e-03
 28  1.262611e-03
 29  1.237134e-03
 30  1.212187e-03
 31  1.188038e-03
 32  1.159073e-03
 33  1.120089e-03
 34  1.076896e-03
 35  1.020120e-03
 36  9.612851e-04
 Iteration CPU time: 8 s
 CFIE residual: 0.000961285

 Iseg, Irank, Idinc : 1, 5, 147
 Thata, Phi : 90.000000, 146.000000
 Maximun iteration: 300
 Number of recycle truncation: 30
 Final matrix dimension:  36708
 Residual error:0.001000
 0  6.541624e-01
 1  3.447626e-01
 2  2.100261e-01
 3  1.411399e-01
 4  1.019341e-01
 5  7.734688e-02
 6  6.072201e-02
 7  4.744774e-02
 8  3.951157e-02
 9  3.398505e-02
 10  2.872911e-02
 11  2.451475e-02
 12  2.078464e-02
 13  1.726633e-02
 14  1.431465e-02
 15  1.182943e-02
 16  9.649559e-03
 17  7.912319e-03
 18  6.394781e-03
 19  5.174527e-03
 20  4.130755e-03
 21  3.320705e-03
 22  2.748724e-03
 23  2.266940e-03
 24  1.869191e-03
 25  1.469669e-03
 26  1.186196e-03
 27  9.570241e-04
 Iteration CPU time: 6 s
 CFIE residual: 0.000957024

 Iseg, Irank, Idinc : 1, 6, 136
 Thata, Phi : 90.000000, 135.000000
 Maximun iteration: 300
 Number of recycle truncation: 30
 Final matrix dimension:  36708
 Residual error:0.001000
 0  6.974762e-01
 1  3.516959e-01
 2  2.192398e-01
 3  1.484631e-01
 4  1.077591e-01
 5  8.101638e-02
 6  6.141051e-02
 7  4.846247e-02
 8  3.855599e-02
 9  3.205793e-02
 10  2.587564e-02
 11  2.091507e-02
 12  1.712762e-02
 13  1.406477e-02
 14  1.139796e-02
 15  9.292004e-03
 16  7.514397e-03
 17  6.191113e-03
 18  5.042930e-03
 19  4.113726e-03
 20  3.367242e-03
 21  2.817919e-03
 22  2.390159e-03
 23  2.025256e-03
 24  1.741607e-03
 25  1.523057e-03
 26  1.332928e-03
 27  1.186619e-03
 28  1.080356e-03
 29  9.823957e-04
 Iteration CPU time: 7 s
 CFIE residual: 0.000982396

 Iseg, Irank, Idinc : 1, 7, 73
 Thata, Phi : 90.000000, 72.000000
 Maximun iteration: 300
 Number of recycle truncation: 30
 Final matrix dimension:  36708
 Residual error:0.001000
 0  6.359749e-01
 1  3.629022e-01
 2  2.352744e-01
 3  1.474834e-01
 4  1.029395e-01
 5  7.980084e-02
 6  6.178320e-02
 7  4.738914e-02
 8  3.783371e-02
 9  3.025295e-02
 10  2.437474e-02
 11  1.932837e-02
 12  1.536315e-02
 13  1.235932e-02
 14  1.004744e-02
 15  8.179632e-03
 16  6.644080e-03
 17  5.557471e-03
 18  4.571724e-03
 19  3.903003e-03
 20  3.326372e-03
 21  2.806636e-03
 22  2.400847e-03
 23  2.077435e-03
 24  1.855768e-03
 25  1.712688e-03
 26  1.608408e-03
 27  1.538204e-03
 28  1.486039e-03
 29  1.443115e-03
 30  1.412450e-03
 31  1.376910e-03
 32  1.342429e-03
 33  1.292382e-03
 34  1.233688e-03
 35  1.173389e-03
 36  1.106943e-03
 37  1.036417e-03
 38  9.411724e-04
 Iteration CPU time: 9 s
 CFIE residual: 0.000941172

 Iseg, Irank, Idinc : 1, 8, 86
 Thata, Phi : 90.000000, 85.000000
 Maximun iteration: 300
 Number of recycle truncation: 30
 Final matrix dimension:  36708
 Residual error:0.001000
 0  6.105471e-01
 1  3.469206e-01
 2  2.222013e-01
 3  1.514350e-01
 4  1.099336e-01
 5  8.368484e-02
 6  6.415049e-02
 7  5.063758e-02
 8  4.104145e-02
 9  3.218384e-02
 10  2.530797e-02
 11  2.027899e-02
 12  1.674187e-02
 13  1.356964e-02
 14  1.109855e-02
 15  8.779712e-03
 16  7.172607e-03
 17  5.913477e-03
 18  4.851177e-03
 19  4.021665e-03
 20  3.372309e-03
 21  2.835222e-03
 22  2.448115e-03
 23  2.157421e-03
 24  1.923474e-03
 25  1.755414e-03
 26  1.612583e-03
 27  1.512590e-03
 28  1.432345e-03
 29  1.379373e-03
 30  1.339247e-03
 31  1.311778e-03
 32  1.281002e-03
 33  1.238375e-03
 34  1.182572e-03
 35  1.124591e-03
 36  1.071720e-03
 37  1.020764e-03
 38  9.552128e-04
 Iteration CPU time: 8 s
 CFIE residual: 0.000955213

 Iseg, Irank, Idinc : 1, 9, 159
 Thata, Phi : 90.000000, 158.000000
 Maximun iteration: 300
 Number of recycle truncation: 30
 Final matrix dimension:  36708
 Residual error:0.001000
 0  6.168417e-01
 1  3.140661e-01
 2  1.913073e-01
 3  1.293766e-01
 4  9.791567e-02
 5  7.761277e-02
 6  6.242444e-02
 7  5.095157e-02
 8  4.283289e-02
 9  3.654036e-02
 10  3.122131e-02
 11  2.670106e-02
 12  2.282692e-02
 13  1.922829e-02
 14  1.566439e-02
 15  1.317943e-02
 16  1.085707e-02
 17  8.908176e-03
 18  7.319014e-03
 19  5.948409e-03
 20  4.869041e-03
 21  3.913494e-03
 22  3.184058e-03
 23  2.589877e-03
 24  2.065279e-03
 25  1.656253e-03
 26  1.279397e-03
 27  1.027097e-03
 28  7.953737e-04
 Iteration CPU time: 7 s
 CFIE residual: 0.000795374

 Iseg, Irank, Idinc : 1, 10, 124
 Thata, Phi : 90.000000, 123.000000
 Maximun iteration: 300
 Number of recycle truncation: 30
 Final matrix dimension:  36708
 Residual error:0.001000
 0  6.537229e-01
 1  3.404677e-01
 2  2.221730e-01
 3  1.561977e-01
 4  1.120516e-01
 5  8.266942e-02
 6  6.508874e-02
 7  5.074831e-02
 8  3.996010e-02
 9  3.229178e-02
 10  2.488671e-02
 11  1.993992e-02
 12  1.556634e-02
 13  1.240416e-02
 14  1.005751e-02
 15  8.293197e-03
 16  6.843414e-03
 17  5.791056e-03
 18  4.657464e-03
 19  3.887492e-03
 20  3.314491e-03
 21  2.776482e-03
 22  2.361407e-03
 23  2.027482e-03
 24  1.727628e-03
 25  1.446067e-03
 26  1.240947e-03
 27  1.070494e-03
 28  9.349194e-04
 Iteration CPU time: 7 s
 CFIE residual: 0.000934919

 Iseg, Irank, Idinc : 1, 11, 53
 Thata, Phi : 90.000000, 52.000000
 Maximun iteration: 300
 Number of recycle truncation: 30
 Final matrix dimension:  36708
 Residual error:0.001000
 0  6.521255e-01
 1  3.416088e-01
 2  2.094750e-01
 3  1.343119e-01
 4  9.580339e-02
 5  7.239132e-02
 6  5.562381e-02
 7  4.304386e-02
 8  3.276540e-02
 9  2.493167e-02
 10  1.921516e-02
 11  1.481596e-02
 12  1.154309e-02
 13  9.089268e-03
 14  7.509240e-03
 15  6.037196e-03
 16  4.821433e-03
 17  3.834647e-03
 18  3.022960e-03
 19  2.436672e-03
 20  2.005529e-03
 21  1.692823e-03
 22  1.441930e-03
 23  1.269611e-03
 24  1.137803e-03
 25  1.043689e-03
 26  9.843500e-04
 Iteration CPU time: 6 s
 CFIE residual: 0.00098435

 Iseg, Irank, Idinc : 1, 12, 32
 Thata, Phi : 90.000000, 31.000000
 Maximun iteration: 300
 Number of recycle truncation: 30
 Final matrix dimension:  36708
 Residual error:0.001000
 0  6.334707e-01
 1  3.061423e-01
 2  1.809123e-01
 3  1.132750e-01
 4  7.968564e-02
 5  5.841219e-02
 6  4.281450e-02
 7  3.266143e-02
 8  2.566340e-02
 9  2.002843e-02
 10  1.606259e-02
 11  1.321319e-02
 12  1.045856e-02
 13  8.374459e-03
 14  6.964069e-03
 15  5.511485e-03
 16  4.529554e-03
 17  3.696511e-03
 18  3.063669e-03
 19  2.602800e-03
 20  2.143276e-03
 21  1.738365e-03
 22  1.417653e-03
 23  1.186656e-03
 24  9.800474e-04
 Iteration CPU time: 5 s
 CFIE residual: 0.000980047

 Iseg, Irank, Idinc : 1, 13, 177
 Thata, Phi : 90.000000, 176.000000
 Maximun iteration: 300
 Number of recycle truncation: 30
 Final matrix dimension:  36708
 Residual error:0.001000
 0  5.807890e-01
 1  2.989019e-01
 2  1.873007e-01
 3  1.322206e-01
 4  1.023863e-01
 5  8.079641e-02
 6  6.484955e-02
 7  5.479539e-02
 8  4.518429e-02
 9  3.627570e-02
 10  2.973538e-02
 11  2.460299e-02
 12  1.988150e-02
 13  1.689160e-02
 14  1.351527e-02
 15  1.098010e-02
 16  8.928245e-03
 17  7.231334e-03
 18  5.866449e-03
 19  4.826348e-03
 20  3.947994e-03
 21  3.306372e-03
 22  2.761690e-03
 23  2.317913e-03
 24  1.952493e-03
 25  1.630255e-03
 26  1.349399e-03
 27  1.129896e-03
 28  9.422447e-04
 Iteration CPU time: 7 s
 CFIE residual: 0.000942245

 Iseg, Irank, Idinc : 1, 14, 9
 Thata, Phi : 90.000000, 8.000000
 Maximun iteration: 300
 Number of recycle truncation: 30
 Final matrix dimension:  36708
 Residual error:0.001000
 0  5.407867e-01
 1  2.756889e-01
 2  1.752043e-01
 3  1.232317e-01
 4  8.923333e-02
 5  6.659163e-02
 6  5.083268e-02
 7  3.918117e-02
 8  3.074724e-02
 9  2.392884e-02
 10  1.859778e-02
 11  1.485397e-02
 12  1.207528e-02
 13  9.844628e-03
 14  7.875660e-03
 15  6.187168e-03
 16  5.126747e-03
 17  4.288552e-03
 18  3.589072e-03
 19  3.064599e-03
 20  2.626264e-03
 21  2.209144e-03
 22  1.833674e-03
 23  1.538686e-03
 24  1.308365e-03
 25  1.092649e-03
 26  9.405722e-04
 Iteration CPU time: 6 s
 CFIE residual: 0.000940572

 Iseg, Irank, Idinc : 1, 15, 94
 Thata, Phi : 90.000000, 93.000000
 Maximun iteration: 300
 Number of recycle truncation: 30
 Final matrix dimension:  36708
 Residual error:0.001000
 0  6.053568e-01
 1  3.454903e-01
 2  2.186473e-01
 3  1.468740e-01
 4  1.046274e-01
 5  8.035227e-02
 6  6.300911e-02
 7  4.963161e-02
 8  3.970331e-02
 9  3.134739e-02
 10  2.506577e-02
 11  2.036766e-02
 12  1.672467e-02
 13  1.408468e-02
 14  1.172807e-02
 15  9.435466e-03
 16  7.751957e-03
 17  6.358568e-03
 18  5.222924e-03
 19  4.287274e-03
 20  3.547977e-03
 21  2.945584e-03
 22  2.485133e-03
 23  2.155249e-03
 24  1.914034e-03
 25  1.706874e-03
 26  1.536489e-03
 27  1.428164e-03
 28  1.358011e-03
 29  1.297759e-03
 30  1.254337e-03
 31  1.218350e-03
 32  1.191745e-03
 33  1.156371e-03
 34  1.119640e-03
 35  1.081558e-03
 36  1.048783e-03
 37  1.001931e-03
 38  9.331983e-04
 Iteration CPU time: 9 s
 CFIE residual: 0.000933198

 Iseg, Irank, Idinc : 1, 16, 102
 Thata, Phi : 90.000000, 101.000000
 Maximun iteration: 300
 Number of recycle truncation: 30
 Final matrix dimension:  36708
 Residual error:0.001000
 0  6.097234e-01
 1  3.459189e-01
 2  2.163388e-01
 3  1.474430e-01
 4  1.045366e-01
 5  7.842215e-02
 6  5.984362e-02
 7  4.750464e-02
 8  3.764973e-02
 9  3.050380e-02
 10  2.497675e-02
 11  2.035405e-02
 12  1.638550e-02
 13  1.345939e-02
 14  1.110670e-02
 15  9.250828e-03
 16  7.618008e-03
 17  6.298458e-03
 18  5.114155e-03
 19  4.210338e-03
 20  3.429167e-03
 21  2.813638e-03
 22  2.387647e-03
 23  2.009450e-03
 24  1.738898e-03
 25  1.537153e-03
 26  1.365738e-03
 27  1.257538e-03
 28  1.175563e-03
 29  1.120149e-03
 30  1.082116e-03
 31  1.051985e-03
 32  1.021774e-03
 33  9.956253e-04
 Iteration CPU time: 7 s
 CFIE residual: 0.000995625

 Iseg, Irank, Idinc : 1, 17, 79
 Thata, Phi : 90.000000, 78.000000
 Maximun iteration: 300
 Number of recycle truncation: 30
 Final matrix dimension:  36708
 Residual error:0.001000
 0  6.177702e-01
 1  3.537299e-01
 2  2.286535e-01
 3  1.477540e-01
 4  1.058778e-01
 5  8.038762e-02
 6  6.258516e-02
 7  4.895576e-02
 8  3.923382e-02
 9  3.097684e-02
 10  2.441132e-02
 11  1.892554e-02
 12  1.544469e-02
 13  1.267573e-02
 14  1.054678e-02
 15  8.665003e-03
 16  7.152081e-03
 17  5.814041e-03
 18  4.827251e-03
 19  4.077107e-03
 20  3.439635e-03
 21  2.906385e-03
 22  2.513030e-03
 23  2.180753e-03
 24  1.938829e-03
 25  1.782813e-03
 26  1.652851e-03
 27  1.572923e-03
 28  1.496646e-03
 29  1.441707e-03
 30  1.401956e-03
 31  1.359971e-03
 32  1.326707e-03
 33  1.287982e-03
 34  1.239600e-03
 35  1.177041e-03
 36  1.127324e-03
 37  1.060759e-03
 38  9.885441e-04
 Iteration CPU time: 9 s
 CFIE residual: 0.000988544

 Iseg, Irank, Idinc : 1, 18, 117
 Thata, Phi : 90.000000, 116.000000
 Maximun iteration: 300
 Number of recycle truncation: 30
 Final matrix dimension:  36708
 Residual error:0.001000
 0  6.453553e-01
 1  3.465079e-01
 2  2.170207e-01
 3  1.516613e-01
 4  1.085797e-01
 5  7.940934e-02
 6  6.176484e-02
 7  4.823523e-02
 8  3.802746e-02
 9  3.015671e-02
 10  2.411193e-02
 11  1.895533e-02
 12  1.514751e-02
 13  1.238915e-02
 14  1.016085e-02
 15  8.285594e-03
 16  6.826691e-03
 17  5.559934e-03
 18  4.512322e-03
 19  3.817911e-03
 20  3.130777e-03
 21  2.569164e-03
 22  2.181051e-03
 23  1.805989e-03
 24  1.525486e-03
 25  1.254177e-03
 26  1.086382e-03
 27  9.331689e-04
 Iteration CPU time: 6 s
 CFIE residual: 0.000933169

 Iseg, Irank, Idinc : 1, 19, 1
 Thata, Phi : 90.000000, 0.000000
 Maximun iteration: 300
 Number of recycle truncation: 30
 Final matrix dimension:  36708
 Residual error:0.001000
 0  5.159731e-01
 1  2.704114e-01
 2  1.751371e-01
 3  1.210754e-01
 4  8.609497e-02
 5  6.558318e-02
 6  5.098366e-02
 7  3.754611e-02
 8  2.835249e-02
 9  2.259106e-02
 10  1.819339e-02
 11  1.472320e-02
 12  1.120203e-02
 13  8.966627e-03
 14  7.190047e-03
 15  5.867668e-03
 16  4.794722e-03
 17  4.015245e-03
 18  3.383819e-03
 19  2.907664e-03
 20  2.478965e-03
 21  2.086558e-03
 22  1.736445e-03
 23  1.411108e-03
 24  1.108211e-03
 25  8.841308e-04
 Iteration CPU time: 6 s
 CFIE residual: 0.000884131

 Iseg, Irank, Idinc : 1, 20, 167
 Thata, Phi : 90.000000, 166.000000
 Maximun iteration: 300
 Number of recycle truncation: 30
 Final matrix dimension:  36708
 Residual error:0.001000
 0  5.902938e-01
 1  3.010780e-01
 2  1.864783e-01
 3  1.311569e-01
 4  1.018611e-01
 5  8.060835e-02
 6  6.538123e-02
 7  5.445826e-02
 8  4.541194e-02
 9  3.831638e-02
 10  3.237290e-02
 11  2.726559e-02
 12  2.349076e-02
 13  2.003339e-02
 14  1.655975e-02
 15  1.368169e-02
 16  1.122125e-02
 17  9.359909e-03
 18  7.688033e-03
 19  6.252656e-03
 20  5.028360e-03
 21  4.077641e-03
 22  3.377925e-03
 23  2.763072e-03
 24  2.254108e-03
 25  1.823659e-03
 26  1.460732e-03
 27  1.177498e-03
 28  9.609434e-04
 Iteration CPU time: 7 s
 CFIE residual: 0.000960943

 Iseg, Irank, Idinc : 1, 21, 15
 Thata, Phi : 90.000000, 14.000000
 Maximun iteration: 300
 Number of recycle truncation: 30
 Final matrix dimension:  36708
 Residual error:0.001000
 0  5.796118e-01
 1  2.831034e-01
 2  1.742752e-01
 3  1.209541e-01
 4  8.643022e-02
 5  6.419971e-02
 6  4.994173e-02
 7  3.844484e-02
 8  3.021999e-02
 9  2.419321e-02
 10  1.906182e-02
 11  1.489320e-02
 12  1.180269e-02
 13  9.525450e-03
 14  7.911470e-03
 15  6.305321e-03
 16  5.163293e-03
 17  4.331218e-03
 18  3.648047e-03
 19  3.105279e-03
 20  2.564847e-03
 21  2.084609e-03
 22  1.731480e-03
 23  1.445235e-03
 24  1.228563e-03
 25  1.028940e-03
 26  8.770178e-04
 Iteration CPU time: 6 s
 CFIE residual: 0.000877018

 Iseg, Irank, Idinc : 1, 22, 153
 Thata, Phi : 90.000000, 152.000000
 Maximun iteration: 300
 Number of recycle truncation: 30
 Final matrix dimension:  36708
 Residual error:0.001000
 0  6.341449e-01
 1  3.290880e-01
 2  2.023576e-01
 3  1.341879e-01
 4  9.912177e-02
 5  7.728280e-02
 6  6.071118e-02
 7  4.871652e-02
 8  4.061668e-02
 9  3.445861e-02
 10  2.920728e-02
 11  2.464659e-02
 12  2.118191e-02
 13  1.779415e-02
 14  1.441499e-02
 15  1.190956e-02
 16  9.755004e-03
 17  8.090980e-03
 18  6.660711e-03
 19  5.503674e-03
 20  4.479747e-03
 21  3.632978e-03
 22  2.910500e-03
 23  2.408726e-03
 24  1.902615e-03
 25  1.479381e-03
 26  1.173561e-03
 27  9.243677e-04
 Iteration CPU time: 7 s
 CFIE residual: 0.000924368

 Iseg, Irank, Idinc : 1, 23, 181
 Thata, Phi : 90.000000, 180.000000
 Maximun iteration: 300
 Number of recycle truncation: 30
 Final matrix dimension:  36708
 Residual error:0.001000
 0  5.802285e-01
 1  2.988356e-01
 2  1.869648e-01
 3  1.316410e-01
 4  1.013801e-01
 5  7.949196e-02
 6  6.381804e-02
 7  5.390994e-02
 8  4.443890e-02
 9  3.542156e-02
 10  2.819715e-02
 11  2.272647e-02
 12  1.854262e-02
 13  1.489553e-02
 14  1.188603e-02
 15  9.219296e-03
 16  7.218034e-03
 17  5.841072e-03
 18  4.850212e-03
 19  3.977945e-03
 20  3.310921e-03
 21  2.742338e-03
 22  2.273629e-03
 23  1.871110e-03
 24  1.561544e-03
 25  1.274150e-03
 26  1.048615e-03
 27  8.676232e-04
 Iteration CPU time: 6 s
 CFIE residual: 0.000867623

 Iseg, Irank, Idinc : 1, 24, 130
 Thata, Phi : 90.000000, 129.000000
 Maximun iteration: 300
 Number of recycle truncation: 30
 Final matrix dimension:  36708
 Residual error:0.001000
 0  6.736113e-01
 1  3.506609e-01
 2  2.242594e-01
 3  1.535320e-01
 4  1.106032e-01
 5  8.268957e-02
 6  6.366355e-02
 7  4.996181e-02
 8  3.934972e-02
 9  3.222247e-02
 10  2.560903e-02
 11  2.015692e-02
 12  1.571322e-02
 13  1.284626e-02
 14  1.049804e-02
 15  8.433025e-03
 16  6.757218e-03
 17  5.552057e-03
 18  4.618749e-03
 19  3.794829e-03
 20  3.105805e-03
 21  2.585107e-03
 22  2.190981e-03
 23  1.842655e-03
 24  1.592277e-03
 25  1.368712e-03
 26  1.194140e-03
 27  1.061940e-03
 28  9.603178e-04
 Iteration CPU time: 7 s
 CFIE residual: 0.000960318

 Iseg, Irank, Idinc : 1, 25, 48
 Thata, Phi : 90.000000, 47.000000
 Maximun iteration: 300
 Number of recycle truncation: 30
 Final matrix dimension:  36708
 Residual error:0.001000
 0  6.404281e-01
 1  3.301000e-01
 2  2.042580e-01
 3  1.334799e-01
 4  9.519270e-02
 5  7.271940e-02
 6  5.473477e-02
 7  4.177058e-02
 8  3.205031e-02
 9  2.430068e-02
 10  1.833328e-02
 11  1.422652e-02
 12  1.109385e-02
 13  8.936333e-03
 14  7.332414e-03
 15  5.895143e-03
 16  4.661219e-03
 17  3.734532e-03
 18  2.948533e-03
 19  2.369357e-03
 20  1.920787e-03
 21  1.607884e-03
 22  1.361577e-03
 23  1.175489e-03
 24  1.025323e-03
 25  9.174111e-04
 Iteration CPU time: 6 s
 CFIE residual: 0.000917411

 Iseg, Irank, Idinc : 1, 26, 172
 Thata, Phi : 90.000000, 171.000000
 Maximun iteration: 300
 Number of recycle truncation: 30
 Final matrix dimension:  36708
 Residual error:0.001000
 0  5.831028e-01
 1  2.991173e-01
 2  1.877245e-01
 3  1.329774e-01
 4  1.036256e-01
 5  8.213443e-02
 6  6.611495e-02
 7  5.589719e-02
 8  4.629532e-02
 9  3.813769e-02
 10  3.206913e-02
 11  2.711970e-02
 12  2.253205e-02
 13  1.919338e-02
 14  1.584127e-02
 15  1.320359e-02
 16  1.083460e-02
 17  8.772019e-03
 18  7.127767e-03
 19  5.817702e-03
 20  4.694947e-03
 21  3.865905e-03
 22  3.258867e-03
 23  2.722607e-03
 24  2.244256e-03
 25  1.839008e-03
 26  1.512171e-03
 27  1.246488e-03
 28  1.030325e-03
 29  8.686550e-04
 Iteration CPU time: 6 s
 CFIE residual: 0.000868655

 Iseg, Irank, Idinc : 1, 27, 4
 Thata, Phi : 90.000000, 3.000000
 Maximun iteration: 300
 Number of recycle truncation: 30
 Final matrix dimension:  36708
 Residual error:0.001000
 0  5.198038e-01
 1  2.713134e-01
 2  1.751135e-01
 3  1.215765e-01
 4  8.697333e-02
 5  6.597717e-02
 6  5.080362e-02
 7  3.758327e-02
 8  2.866301e-02
 9  2.300164e-02
 10  1.843927e-02
 11  1.480541e-02
 12  1.169909e-02
 13  9.427621e-03
 14  7.650371e-03
 15  6.160065e-03
 16  5.073756e-03
 17  4.287049e-03
 18  3.575125e-03
 19  3.046983e-03
 20  2.624299e-03
 21  2.252342e-03
 22  1.878054e-03
 23  1.545892e-03
 24  1.272295e-03
 25  1.044935e-03
 26  8.596355e-04
 Iteration CPU time: 6 s
 CFIE residual: 0.000859635

 Iseg, Irank, Idinc : 1, 28, 68
 Thata, Phi : 90.000000, 67.000000
 Maximun iteration: 300
 Number of recycle truncation: 30
 Final matrix dimension:  36708
 Residual error:0.001000
 0  6.514869e-01
 1  3.657655e-01
 2  2.323847e-01
 3  1.490166e-01
 4  1.058399e-01
 5  8.157142e-02
 6  6.133593e-02
 7  4.879279e-02
 8  3.906520e-02
 9  3.067962e-02
 10  2.379416e-02
 11  1.878229e-02
 12  1.496846e-02
 13  1.193072e-02
 14  9.639150e-03
 15  7.797095e-03
 16  6.272591e-03
 17  5.256340e-03
 18  4.277376e-03
 19  3.570202e-03
 20  3.033614e-03
 21  2.577400e-03
 22  2.212277e-03
 23  1.930335e-03
 24  1.743448e-03
 25  1.616663e-03
 26  1.524035e-03
 27  1.456783e-03
 28  1.417598e-03
 29  1.390432e-03
 30  1.358695e-03
 31  1.327395e-03
 32  1.287220e-03
 33  1.240223e-03
 34  1.192850e-03
 35  1.135284e-03
 36  1.073348e-03
 37  9.964511e-04
 Iteration CPU time: 8 s
 CFIE residual: 0.000996451

 Iseg, Irank, Idinc : 1, 29, 27
 Thata, Phi : 90.000000, 26.000000
 Maximun iteration: 300
 Number of recycle truncation: 30
 Final matrix dimension:  36708
 Residual error:0.001000
 0  6.404009e-01
 1  2.995612e-01
 2  1.721945e-01
 3  1.109006e-01
 4  7.709101e-02
 5  5.671443e-02
 6  4.195318e-02
 7  3.197501e-02
 8  2.575293e-02
 9  2.065427e-02
 10  1.699251e-02
 11  1.381080e-02
 12  1.105365e-02
 13  9.018654e-03
 14  7.543609e-03
 15  6.014914e-03
 16  4.974329e-03
 17  4.103469e-03
 18  3.425024e-03
 19  2.910499e-03
 20  2.400078e-03
 21  1.886045e-03
 22  1.535433e-03
 23  1.277747e-03
 24  1.051796e-03
 25  8.590165e-04
 Iteration CPU time: 6 s
 CFIE residual: 0.000859016

 Iseg, Irank, Idinc : 1, 30, 142
 Thata, Phi : 90.000000, 141.000000
 Maximun iteration: 300
 Number of recycle truncation: 30
 Final matrix dimension:  36708
 Residual error:0.001000
 0  6.833482e-01
 1  3.489524e-01
 2  2.112489e-01
 3  1.436655e-01
 4  1.049542e-01
 5  7.837756e-02
 6  6.071259e-02
 7  4.748147e-02
 8  3.895643e-02
 9  3.323635e-02
 10  2.763708e-02
 11  2.335715e-02
 12  1.963853e-02
 13  1.620353e-02
 14  1.341767e-02
 15  1.080413e-02
 16  8.819317e-03
 17  7.241781e-03
 18  5.961122e-03
 19  4.743598e-03
 20  3.759519e-03
 21  3.063125e-03
 22  2.558848e-03
 23  2.151997e-03
 24  1.823569e-03
 25  1.520643e-03
 26  1.285034e-03
 27  1.104929e-03
 28  9.799429e-04
 Iteration CPU time: 7 s
 CFIE residual: 0.000979943

 Iseg, Irank, Idinc : 1, 31, 98
 Thata, Phi : 90.000000, 97.000000
 Maximun iteration: 300
 Number of recycle truncation: 30
 Final matrix dimension:  36708
 Residual error:0.001000
 0  6.075012e-01
 1  3.443586e-01
 2  2.167882e-01
 3  1.452557e-01
 4  1.039482e-01
 5  7.857750e-02
 6  6.118300e-02
 7  4.880181e-02
 8  3.837004e-02
 9  3.062485e-02
 10  2.515837e-02
 11  2.042994e-02
 12  1.664610e-02
 13  1.387225e-02
 14  1.150248e-02
 15  9.453584e-03
 16  7.800568e-03
 17  6.439748e-03
 18  5.266164e-03
 19  4.314746e-03
 20  3.504480e-03
 21  2.852697e-03
 22  2.400997e-03
 23  2.040874e-03
 24  1.780229e-03
 25  1.587251e-03
 26  1.432231e-03
 27  1.329695e-03
 28  1.254334e-03
 29  1.204684e-03
 30  1.169961e-03
 31  1.139728e-03
 32  1.111645e-03
 33  1.081709e-03
 34  1.049396e-03
 35  1.016516e-03
 36  9.803376e-04
 Iteration CPU time: 8 s
 CFIE residual: 0.000980338

 Iseg, Irank, Idinc : 1, 32, 37
 Thata, Phi : 90.000000, 36.000000
 Maximun iteration: 300
 Number of recycle truncation: 30
 Final matrix dimension:  36708
 Residual error:0.001000
 0  6.241770e-01
 1  3.115424e-01
 2  1.909010e-01
 3  1.205406e-01
 4  8.307882e-02
 5  6.087030e-02
 6  4.464789e-02
 7  3.414486e-02
 8  2.647315e-02
 9  2.028686e-02
 10  1.568826e-02
 11  1.278617e-02
 12  1.016082e-02
 13  8.189487e-03
 14  6.646456e-03
 15  5.207655e-03
 16  4.286452e-03
 17  3.482163e-03
 18  2.835572e-03
 19  2.373663e-03
 20  1.939250e-03
 21  1.585828e-03
 22  1.291572e-03
 23  1.088122e-03
 24  9.105912e-04
 Iteration CPU time: 6 s
 CFIE residual: 0.000910591

 Iseg, Irank, Idinc : 1, 33, 179
 Thata, Phi : 90.000000, 178.000000
 Maximun iteration: 300
 Number of recycle truncation: 30
 Final matrix dimension:  36708
 Residual error:0.001000
 0  5.803858e-01
 1  2.988582e-01
 2  1.870570e-01
 3  1.318079e-01
 4  1.016907e-01
 5  7.992716e-02
 6  6.417616e-02
 7  5.421777e-02
 8  4.468784e-02
 9  3.566708e-02
 10  2.871483e-02
 11  2.343974e-02
 12  1.896506e-02
 13  1.586327e-02
 14  1.249068e-02
 15  9.889459e-03
 16  7.971108e-03
 17  6.438162e-03
 18  5.288124e-03
 19  4.375580e-03
 20  3.579940e-03
 21  3.005440e-03
 22  2.492541e-03
 23  2.079618e-03
 24  1.748924e-03
 25  1.449944e-03
 26  1.194924e-03
 27  1.004325e-03
 28  8.277782e-04
 Iteration CPU time: 6 s
 CFIE residual: 0.000827778

 Iseg, Irank, Idinc : 1, 34, 6
 Thata, Phi : 90.000000, 5.000000
 Maximun iteration: 300
 Number of recycle truncation: 30
 Final matrix dimension:  36708
 Residual error:0.001000
 0  5.263029e-01
 1  2.727495e-01
 2  1.751058e-01
 3  1.222884e-01
 4  8.805102e-02
 5  6.633534e-02
 6  5.069338e-02
 7  3.804069e-02
 8  2.965230e-02
 9  2.349599e-02
 10  1.842403e-02
 11  1.476457e-02
 12  1.194307e-02
 13  9.769423e-03
 14  7.841568e-03
 15  6.185963e-03
 16  5.118444e-03
 17  4.313902e-03
 18  3.596049e-03
 19  3.063641e-03
 20  2.641237e-03
 21  2.253410e-03
 22  1.872999e-03
 23  1.550176e-03
 24  1.291500e-03
 25  1.076868e-03
 26  9.014173e-04
 Iteration CPU time: 6 s
 CFIE residual: 0.000901417

 Iseg, Irank, Idinc : 1, 35, 163
 Thata, Phi : 90.000000, 162.000000
 Maximun iteration: 300
 Number of recycle truncation: 30
 Final matrix dimension:  36708
 Residual error:0.001000
 0  6.021843e-01
 1  3.061322e-01
 2  1.867223e-01
 3  1.291305e-01
 4  9.913849e-02
 5  7.877985e-02
 6  6.419935e-02
 7  5.225275e-02
 8  4.381776e-02
 9  3.767919e-02
 10  3.243808e-02
 11  2.742310e-02
 12  2.320202e-02
 13  1.987865e-02
 14  1.664708e-02
 15  1.382812e-02
 16  1.127592e-02
 17  9.235789e-03
 18  7.599232e-03
 19  6.221510e-03
 20  5.010733e-03
 21  4.030881e-03
 22  3.291032e-03
 23  2.677754e-03
 24  2.179095e-03
 25  1.737461e-03
 26  1.379355e-03
 27  1.101301e-03
 28  8.889808e-04
 Iteration CPU time: 7 s
 CFIE residual: 0.000888981

 Iseg, Irank, Idinc : 1, 36, 58
 Thata, Phi : 90.000000, 57.000000
 Maximun iteration: 300
 Number of recycle truncation: 30
 Final matrix dimension:  36708
 Residual error:0.001000
 0  6.603908e-01
 1  3.458187e-01
 2  2.126809e-01
 3  1.332276e-01
 4  9.528667e-02
 5  7.146223e-02
 6  5.465773e-02
 7  4.252392e-02
 8  3.303650e-02
 9  2.581139e-02
 10  1.986569e-02
 11  1.533747e-02
 12  1.189123e-02
 13  9.163388e-03
 14  7.469813e-03
 15  5.988858e-03
 16  4.844016e-03
 17  3.996078e-03
 18  3.127960e-03
 19  2.646228e-03
 20  2.283235e-03
 21  1.935981e-03
 22  1.665751e-03
 23  1.472515e-03
 24  1.323683e-03
 25  1.235004e-03
 26  1.161488e-03
 27  1.109069e-03
 28  1.074896e-03
 29  1.050619e-03
 30  1.029677e-03
 31  1.012136e-03
 32  9.842044e-04
 Iteration CPU time: 7 s
 CFIE residual: 0.000984204

 Iseg, Irank, Idinc : 1, 37, 113
 Thata, Phi : 90.000000, 112.000000
 Maximun iteration: 300
 Number of recycle truncation: 30
 Final matrix dimension:  36708
 Residual error:0.001000
 0  6.374348e-01
 1  3.511130e-01
 2  2.185222e-01
 3  1.515090e-01
 4  1.076030e-01
 5  7.937188e-02
 6  6.097966e-02
 7  4.757511e-02
 8  3.804741e-02
 9  2.949808e-02
 10  2.349966e-02
 11  1.872735e-02
 12  1.520291e-02
 13  1.258862e-02
 14  1.031358e-02
 15  8.358726e-03
 16  6.892070e-03
 17  5.638239e-03
 18  4.584979e-03
 19  3.879461e-03
 20  3.183295e-03
 21  2.592678e-03
 22  2.141802e-03
 23  1.762776e-03
 24  1.478796e-03
 25  1.237866e-03
 26  1.080881e-03
 27  9.676601e-04
 Iteration CPU time: 7 s
 CFIE residual: 0.00096766

 Iseg, Irank, Idinc : 1, 38, 18
 Thata, Phi : 90.000000, 17.000000
 Maximun iteration: 300
 Number of recycle truncation: 30
 Final matrix dimension:  36708
 Residual error:0.001000
 0  6.005464e-01
 1  2.874281e-01
 2  1.725949e-01
 3  1.178934e-01
 4  8.299173e-02
 5  6.165054e-02
 6  4.790252e-02
 7  3.683088e-02
 8  2.902376e-02
 9  2.333101e-02
 10  1.860579e-02
 11  1.457843e-02
 12  1.166791e-02
 13  9.430062e-03
 14  7.899803e-03
 15  6.318267e-03
 16  5.198605e-03
 17  4.356674e-03
 18  3.641245e-03
 19  3.074697e-03
 20  2.523925e-03
 21  2.022365e-03
 22  1.670562e-03
 23  1.391648e-03
 24  1.170454e-03
 25  9.761509e-04
 Iteration CPU time: 6 s
 CFIE residual: 0.000976151

 Iseg, Irank, Idinc : 1, 39, 90
 Thata, Phi : 90.000000, 89.000000
 Maximun iteration: 300
 Number of recycle truncation: 30
 Final matrix dimension:  36708
 Residual error:0.001000
 0  6.068269e-01
 1  3.464171e-01
 2  2.208322e-01
 3  1.507908e-01
 4  1.077968e-01
 5  8.242994e-02
 6  6.373107e-02
 7  5.024376e-02
 8  4.083949e-02
 9  3.240930e-02
 10  2.576364e-02
 11  2.075038e-02
 12  1.728759e-02
 13  1.440732e-02
 14  1.184934e-02
 15  9.345912e-03
 16  7.657562e-03
 17  6.223135e-03
 18  5.099991e-03
 19  4.217459e-03
 20  3.527950e-03
 21  2.950026e-03
 22  2.539457e-03
 23  2.224841e-03
 24  1.967320e-03
 25  1.758169e-03
 26  1.593895e-03
 27  1.484223e-03
 28  1.410391e-03
 29  1.348316e-03
 30  1.307525e-03
 31  1.278153e-03
 32  1.247157e-03
 33  1.204189e-03
 34  1.161799e-03
 35  1.113800e-03
 36  1.065500e-03
 37  1.009440e-03
 38  9.375554e-04
 Iteration CPU time: 8 s
 CFIE residual: 0.000937555

 Iseg, Irank, Idinc : 1, 40, 2
 Thata, Phi : 90.000000, 1.000000
 Maximun iteration: 300
 Number of recycle truncation: 30
 Final matrix dimension:  36708
 Residual error:0.001000
 0  5.164126e-01
 1  2.705205e-01
 2  1.751401e-01
 3  1.211427e-01
 4  8.620994e-02
 5  6.564380e-02
 6  5.096019e-02
 7  3.754201e-02
 8  2.836805e-02
 9  2.264230e-02
 10  1.825161e-02
 11  1.474490e-02
 12  1.130497e-02
 13  9.051154e-03
 14  7.297306e-03
 15  5.970533e-03
 16  4.894049e-03
 17  4.142668e-03
 18  3.465195e-03
 19  2.961216e-03
 20  2.532934e-03
 21  2.166272e-03
 22  1.822169e-03
 23  1.498160e-03
 24  1.212977e-03
 25  9.836342e-04
 Iteration CPU time: 6 s
 CFIE residual: 0.000983634

 Iseg, Irank, Idinc : 1, 41, 175
 Thata, Phi : 90.000000, 174.000000
 Maximun iteration: 300
 Number of recycle truncation: 30
 Final matrix dimension:  36708
 Residual error:0.001000
 0  5.814369e-01
 1  2.989507e-01
 2  1.875927e-01
 3  1.326902e-01
 4  1.031061e-01
 5  8.158916e-02
 6  6.550971e-02
 7  5.538320e-02
 8  4.573285e-02
 9  3.708585e-02
 10  3.088229e-02
 11  2.579544e-02
 12  2.102637e-02
 13  1.791948e-02
 14  1.462878e-02
 15  1.200842e-02
 16  9.786172e-03
 17  7.948719e-03
 18  6.439713e-03
 19  5.273360e-03
 20  4.295436e-03
 21  3.568431e-03
 22  3.004084e-03
 23  2.522269e-03
 24  2.111756e-03
 25  1.752810e-03
 26  1.450987e-03
 27  1.208273e-03
 28  1.007462e-03
 29  8.516969e-04
 Iteration CPU time: 7 s
 CFIE residual: 0.000851697
 Last Built End in Sep 21 2025 00:06:12
 Total CPU time: 296 s
 Finished.
