 Last Built Begin in Sep 21 2025 00:06:12
 Pre-Type( Input ):            8
 Skl-Tol ( Input ):    1.0000000000000000E-002
 Wavelength in freespace: 0.248351

 ################################################
 ##         Generating Required Mesh          ##
 ##         Waiting.....                      ##
 ################################################
 Subd No.      Subd Name
    1    sphere1                                                           
 isub,  nnode, npatch,  nedge:
    1       604      1204      1806
 Scale Factor         >>   9.99999978E-03
 ################################################

 START TIME: 20250922   002441.213


 Informaton for IE geometry:
 number of subdomains     : 1
 maxnode,maxpatch,maxedge : 604  1204  1806
 
 Index of Mat-Reg: 1
 Mat-Reg Number via MatFlg: 1
 Edge Number of Mat-Reg: 1, 1806

 Number of Edge on PEC: 0
 Mat-Reg: No Dim(m) Lmax:
    1 0.201    2
 Totlmax, add1, add2:           2           3           4
 rlengmax of Global MLFMA >>   0.20132815466750795     
 Lmax of Global MLFMA >>            2
 Wavenum of Mat-Reg:
    1 1.000

 total area in sq m           =      0.1254
 total area in sq lambda      =      2.0323
 maxnode, maxpatch, maxedge           =      604     1204     1806
 longest  edge in lambda              =      0.0877
 shortest edge in lambda              =      0.0382
 average  edge in lambda              =      0.0626
 largest  patch area in sq lambda     =      0.0028
 smallest patch area in sq lambda     =      0.0008
 ave    surface area in sq lambda     =      0.0017
 size range of the object in sq lambda =      0.8053

 #### MLFMA Info For Each Region ####
 Mat-Region =            1
 Array dimension parameters:
 maxrule=          14   maxgrid  =          64
 lmax   =           2   ncmax    =          65
 lsmax  =           6   lsmin    =           6
 kpm    =          76   kp0      =          76
 ntlm   =       24016   nsm      =        4256
 nkpm   =          76   niplm    =        4864
 ngnearm=         632   ngsndm   =        2504
 nearm  =         413   mfinestm =          43
 ###############################

 CFIE Alpha:  0.50000000000000000     

 Fill MLFMA FI for Mat-Reg:           1
 Begin filltl.f
 fill translation matrix
 Level:            2
 fill shifting matrix
 translator time(s):   2.70000007E-02
 fill interpolation matrix
 Filling TL                  Delta_CPU=          0.12 Memory(MB)=         65.70
 Filling sndgrp              Delta_CPU=          0.00 Memory(MB)=         65.70
 Filling VFS                 Delta_CPU=          0.22 Memory(MB)=         65.70

 Fill MLFMA NI for Mat-Reg:           1
 Begin fill sparser part of Nearfield
 Begin fill denser part of Nearfield
 End fill
 Filling Amn                 Delta_CPU=         11.15 Memory(MB)=         65.70


 Now testing preconditioner with
 ipretype =            8
 method = cfie_solve_nfpre_pardiso

  
 NBP>>Begin fill sparser part of Nearfield
 NBP>>Begin fill denser part of Nearfield

201.7857%
 Begin MLFMA Box-Matrix Based Prec Constructor
 --- Intel MKL PARDISO --- 
  >> Solver Initialized
  >> Proceed to ngrp_box loop
  >> Loop 0 Initialized
 Memory for iGRP: 1 0 MB
 Total Memory For NFB Pre: 0 MB
 --- PARDISO PRECONDITIONER INITIALIZED --- 
 Constructing preconditioner CPU time: 0 s
 
 108360
 Memory for Iteration:: 1.65344 MB

 Iseg, Ninc_S : 1, 181, 0

 Iseg, Skeleton Angles: 1, 8
 Iseg, Skel-Pk Mem(MB): 1, 30.96

 Iseg, Irank, Idinc : 1, 1, 26
 Thata, Phi : 90.000000, 25.000000
 Maximun iteration: 300
 Number of recycle truncation: 30
 Final matrix dimension:  3612
 Residual error:0.010000
 0  1.944559e-01
 1  8.970492e-02
 2  4.163921e-02
 3  1.958729e-02
 4  8.546994e-03
 Iteration CPU time: 0 s
 CFIE residual: 0.00854699

 Iseg, Irank, Idinc : 1, 2, 142
 Thata, Phi : 90.000000, 141.000000
 Maximun iteration: 300
 Number of recycle truncation: 30
 Final matrix dimension:  3612
 Residual error:0.010000
 0  1.955061e-01
 1  8.765952e-02
 2  3.987795e-02
 3  1.954640e-02
 4  8.108716e-03
 Iteration CPU time: 0 s
 CFIE residual: 0.00810872

 Iseg, Irank, Idinc : 1, 3, 79
 Thata, Phi : 90.000000, 78.000000
 Maximun iteration: 300
 Number of recycle truncation: 30
 Final matrix dimension:  3612
 Residual error:0.010000
 0  1.982600e-01
 1  9.201306e-02
 2  4.425568e-02
 3  2.081412e-02
 4  8.512051e-03
 Iteration CPU time: 0 s
 CFIE residual: 0.00851205

 Iseg, Irank, Idinc : 1, 4, 1
 Thata, Phi : 90.000000, 0.000000
 Maximun iteration: 300
 Number of recycle truncation: 30
 Final matrix dimension:  3612
 Residual error:0.010000
 0  1.918855e-01
 1  8.976444e-02
 2  4.215023e-02
 3  1.943558e-02
 4  8.110434e-03
 Iteration CPU time: 0 s
 CFIE residual: 0.00811043

 Iseg, Irank, Idinc : 1, 5, 181
 Thata, Phi : 90.000000, 180.000000
 Maximun iteration: 300
 Number of recycle truncation: 30
 Final matrix dimension:  3612
 Residual error:0.010000
 0  1.912101e-01
 1  8.742172e-02
 2  4.199973e-02
 3  1.935040e-02
 4  7.449549e-03
 Iteration CPU time: 0 s
 CFIE residual: 0.00744955

 Iseg, Irank, Idinc : 1, 6, 110
 Thata, Phi : 90.000000, 109.000000
 Maximun iteration: 300
 Number of recycle truncation: 30
 Final matrix dimension:  3612
 Residual error:0.010000
 0  1.981852e-01
 1  9.254585e-02
 2  4.423682e-02
 3  2.102461e-02
 4  8.489741e-03
 Iteration CPU time: 1 s
 CFIE residual: 0.00848974

 Iseg, Irank, Idinc : 1, 7, 165
 Thata, Phi : 90.000000, 164.000000
 Maximun iteration: 300
 Number of recycle truncation: 30
 Final matrix dimension:  3612
 Residual error:0.010000
 0  1.925609e-01
 1  8.750095e-02
 2  4.137468e-02
 3  1.961584e-02
 4  7.780979e-03
 Iteration CPU time: 0 s
 CFIE residual: 0.00778098

 Iseg, Irank, Idinc : 1, 8, 50
 Thata, Phi : 90.000000, 49.000000
 Maximun iteration: 300
 Number of recycle truncation: 30
 Final matrix dimension:  3612
 Residual error:0.010000
 0  1.972301e-01
 1  8.920532e-02
 2  4.087564e-02
 3  1.947582e-02
 4  8.486770e-03
 Iteration CPU time: 0 s
 CFIE residual: 0.00848677
 Last Built End in Sep 21 2025 00:06:12
 Total CPU time: 2 s
 Finished.
