 Last Built Begin in Sep 21 2025 00:06:12
 Pre-Type( Input ):            8
 Skl-Tol ( Input ):    1.0000000000000000E-002
 Wavelength in freespace: 0.416667

 ################################################
 ##         Generating Required Mesh          ##
 ##         Waiting.....                      ##
 ################################################
 Subd No.      Subd Name
    1    sphere1                                                           
 isub,  nnode, npatch,  nedge:
    1       604      1204      1806
 Scale Factor         >>   9.99999978E-03
 ################################################

 START TIME: 20250922   001806.028


 Informaton for IE geometry:
 number of subdomains     : 1
 maxnode,maxpatch,maxedge : 604  1204  1806
 
 Index of Mat-Reg: 1
 Mat-Reg Number via MatFlg: 1
 Edge Number of Mat-Reg: 1, 1806

 Number of Edge on PEC: 0
 Mat-Reg: No Dim(m) Lmax:
    1 0.240    1
 Totlmax, add1, add2:           1           2           3
 rlengmax of Global MLFMA >>   0.23999998569599998     
 Lmax of Global MLFMA >>            1
 Wavenum of Mat-Reg:
    1 1.000

 total area in sq m           =      0.1254
 total area in sq lambda      =      0.7220
 maxnode, maxpatch, maxedge           =      604     1204     1806
 longest  edge in lambda              =      0.0523
 shortest edge in lambda              =      0.0228
 average  edge in lambda              =      0.0373
 largest  patch area in sq lambda     =      0.0010
 smallest patch area in sq lambda     =      0.0003
 ave    surface area in sq lambda     =      0.0006
 size range of the object in sq lambda =      0.4800

 #### MLFMA Info For Each Region ####
 Mat-Region =            1
 Array dimension parameters:
 maxrule=          14   maxgrid  =          64
 lmax   =           1   ncmax    =           9
 lsmax  =           1   lsmin    =           1
 kpm    =           1   kp0      =           1
 ntlm   =           1   nsm      =           1
 nkpm   =           1   niplm    =          16
 ngnearm=          64   ngsndm   =           1
 nearm  =        1807   mfinestm =         244
 ###############################

 CFIE Alpha:  0.50000000000000000     

 Fill MLFMA NI for Mat-Reg:           1
 Begin fill sparser part of Nearfield
 Begin fill denser part of Nearfield
 End fill
 Filling Amn                 Delta_CPU=         45.89 Memory(MB)=        200.07


 Now testing preconditioner with
 ipretype =            8
 method = cfie_solve_nfpre_pardiso

  
 NBP>>Begin fill sparser part of Nearfield
 NBP>>Begin fill denser part of Nearfield

212.5000%
225.0000%
237.5000%
250.0000%
262.5000%
275.0000%
287.5000%
300.0000%
 Begin MLFMA Box-Matrix Based Prec Constructor
 --- Intel MKL PARDISO --- 
  >> Solver Initialized
  >> Proceed to ngrp_box loop
  >> Loop 0 Initialized
 Memory for iGRP: 1 0 MB
 Total Memory For NFB Pre: 0 MB
 --- PARDISO PRECONDITIONER INITIALIZED --- 
 Constructing preconditioner CPU time: 0 s
 
 108360
 Memory for Iteration:: 1.65344 MB

 Iseg, Ninc_S : 1, 181, 0

 Iseg, Skeleton Angles: 1, 7
 Iseg, Skel-Pk Mem(MB): 1, 30.95

 Iseg, Irank, Idinc : 1, 1, 67
 Thata, Phi : 90.000000, 66.000000
 Maximun iteration: 300
 Number of recycle truncation: 30
 Final matrix dimension:  3612
 Residual error:0.010000
 0  1.950606e-01
 1  8.994472e-02
 2  3.716822e-02
 3  1.649402e-02
 4  6.808855e-03
 Iteration CPU time: 0 s
 CFIE residual: 0.00680886

 Iseg, Irank, Idinc : 1, 2, 143
 Thata, Phi : 90.000000, 142.000000
 Maximun iteration: 300
 Number of recycle truncation: 30
 Final matrix dimension:  3612
 Residual error:0.010000
 0  1.891806e-01
 1  8.340747e-02
 2  3.367615e-02
 3  1.461571e-02
 4  6.386360e-03
 Iteration CPU time: 0 s
 CFIE residual: 0.00638636

 Iseg, Irank, Idinc : 1, 3, 1
 Thata, Phi : 90.000000, 0.000000
 Maximun iteration: 300
 Number of recycle truncation: 30
 Final matrix dimension:  3612
 Residual error:0.010000
 0  2.042219e-01
 1  9.166863e-02
 2  3.706986e-02
 3  1.609963e-02
 4  6.606157e-03
 Iteration CPU time: 0 s
 CFIE residual: 0.00660616

 Iseg, Irank, Idinc : 1, 4, 181
 Thata, Phi : 90.000000, 180.000000
 Maximun iteration: 300
 Number of recycle truncation: 30
 Final matrix dimension:  3612
 Residual error:0.010000
 0  2.017017e-01
 1  9.120830e-02
 2  3.602355e-02
 3  1.472386e-02
 4  6.257233e-03
 Iteration CPU time: 0 s
 CFIE residual: 0.00625723

 Iseg, Irank, Idinc : 1, 5, 32
 Thata, Phi : 90.000000, 31.000000
 Maximun iteration: 300
 Number of recycle truncation: 30
 Final matrix dimension:  3612
 Residual error:0.010000
 0  1.934388e-01
 1  8.617336e-02
 2  3.615051e-02
 3  1.640448e-02
 4  6.828759e-03
 Iteration CPU time: 1 s
 CFIE residual: 0.00682876

 Iseg, Irank, Idinc : 1, 6, 108
 Thata, Phi : 90.000000, 107.000000
 Maximun iteration: 300
 Number of recycle truncation: 30
 Final matrix dimension:  3612
 Residual error:0.010000
 0  1.958504e-01
 1  9.009898e-02
 2  3.584563e-02
 3  1.557574e-02
 4  6.620777e-03
 Iteration CPU time: 0 s
 CFIE residual: 0.00662078

 Iseg, Irank, Idinc : 1, 7, 166
 Thata, Phi : 90.000000, 165.000000
 Maximun iteration: 300
 Number of recycle truncation: 30
 Final matrix dimension:  3612
 Residual error:0.010000
 0  1.984978e-01
 1  8.913303e-02
 2  3.558745e-02
 3  1.469214e-02
 4  6.286565e-03
 Iteration CPU time: 0 s
 CFIE residual: 0.00628657
 Last Built End in Sep 21 2025 00:06:12
 Total CPU time: 6 s
 Finished.
