 Last Built Begin in Sep 21 2025 00:06:12
 Pre-Type( Input ):            8
 Skl-Tol ( Input ):    1.0000000000000000E-002
 Wavelength in freespace: 0.454545

 ################################################
 ##         Generating Required Mesh          ##
 ##         Waiting.....                      ##
 ################################################
 Subd No.      Subd Name
    1    sphere1                                                           
 isub,  nnode, npatch,  nedge:
    1       604      1204      1806
 Scale Factor         >>   9.99999978E-03
 ################################################

 START TIME: 20250922   001707.119


 Informaton for IE geometry:
 number of subdomains     : 1
 maxnode,maxpatch,maxedge : 604  1204  1806
 
 Index of Mat-Reg: 1
 Mat-Reg Number via MatFlg: 1
 Edge Number of Mat-Reg: 1, 1806

 Number of Edge on PEC: 0
 Mat-Reg: No Dim(m) Lmax:
    1 0.220    1
 Totlmax, add1, add2:           1           2           3
 rlengmax of Global MLFMA >>   0.21999998688800002     
 Lmax of Global MLFMA >>            1
 Wavenum of Mat-Reg:
    1 1.000

 total area in sq m           =      0.1254
 total area in sq lambda      =      0.6067
 maxnode, maxpatch, maxedge           =      604     1204     1806
 longest  edge in lambda              =      0.0479
 shortest edge in lambda              =      0.0209
 average  edge in lambda              =      0.0342
 largest  patch area in sq lambda     =      0.0008
 smallest patch area in sq lambda     =      0.0002
 ave    surface area in sq lambda     =      0.0005
 size range of the object in sq lambda =      0.4400

 #### MLFMA Info For Each Region ####
 Mat-Region =            1
 Array dimension parameters:
 maxrule=          14   maxgrid  =          64
 lmax   =           1   ncmax    =           9
 lsmax  =           1   lsmin    =           1
 kpm    =           1   kp0      =           1
 ntlm   =           1   nsm      =           1
 nkpm   =           1   niplm    =          16
 ngnearm=          64   ngsndm   =           1
 nearm  =        1807   mfinestm =         244
 ###############################

 CFIE Alpha:  0.50000000000000000     

 Fill MLFMA NI for Mat-Reg:           1
 Begin fill sparser part of Nearfield
 Begin fill denser part of Nearfield
 End fill
 Filling Amn                 Delta_CPU=         47.77 Memory(MB)=        200.07


 Now testing preconditioner with
 ipretype =            8
 method = cfie_solve_nfpre_pardiso

  
 NBP>>Begin fill sparser part of Nearfield
 NBP>>Begin fill denser part of Nearfield

212.5000%
225.0000%
237.5000%
250.0000%
262.5000%
275.0000%
287.5000%
300.0000%
 Begin MLFMA Box-Matrix Based Prec Constructor
 --- Intel MKL PARDISO --- 
  >> Solver Initialized
  >> Proceed to ngrp_box loop
  >> Loop 0 Initialized
 Memory for iGRP: 1 0 MB
 Total Memory For NFB Pre: 0 MB
 --- PARDISO PRECONDITIONER INITIALIZED --- 
 Constructing preconditioner CPU time: 0 s
 
 108360
 Memory for Iteration:: 1.65344 MB

 Iseg, Ninc_S : 1, 181, 0

 Iseg, Skeleton Angles: 1, 7
 Iseg, Skel-Pk Mem(MB): 1, 30.95

 Iseg, Irank, Idinc : 1, 1, 71
 Thata, Phi : 90.000000, 70.000000
 Maximun iteration: 300
 Number of recycle truncation: 30
 Final matrix dimension:  3612
 Residual error:0.010000
 0  2.119660e-01
 1  9.545629e-02
 2  4.212058e-02
 3  1.961701e-02
 4  8.381878e-03
 Iteration CPU time: 0 s
 CFIE residual: 0.00838188

 Iseg, Irank, Idinc : 1, 2, 146
 Thata, Phi : 90.000000, 145.000000
 Maximun iteration: 300
 Number of recycle truncation: 30
 Final matrix dimension:  3612
 Residual error:0.010000
 0  2.062352e-01
 1  8.763632e-02
 2  3.820633e-02
 3  1.719223e-02
 4  7.735542e-03
 Iteration CPU time: 1 s
 CFIE residual: 0.00773554

 Iseg, Irank, Idinc : 1, 3, 1
 Thata, Phi : 90.000000, 0.000000
 Maximun iteration: 300
 Number of recycle truncation: 30
 Final matrix dimension:  3612
 Residual error:0.010000
 0  2.196710e-01
 1  9.562322e-02
 2  4.213829e-02
 3  1.928253e-02
 4  8.118769e-03
 Iteration CPU time: 0 s
 CFIE residual: 0.00811877

 Iseg, Irank, Idinc : 1, 4, 181
 Thata, Phi : 90.000000, 180.000000
 Maximun iteration: 300
 Number of recycle truncation: 30
 Final matrix dimension:  3612
 Residual error:0.010000
 0  2.158749e-01
 1  9.478484e-02
 2  4.072515e-02
 3  1.747626e-02
 4  7.715277e-03
 Iteration CPU time: 0 s
 CFIE residual: 0.00771528

 Iseg, Irank, Idinc : 1, 5, 33
 Thata, Phi : 90.000000, 32.000000
 Maximun iteration: 300
 Number of recycle truncation: 30
 Final matrix dimension:  3612
 Residual error:0.010000
 0  2.097117e-01
 1  8.988637e-02
 2  4.039796e-02
 3  1.917271e-02
 4  8.214418e-03
 Iteration CPU time: 0 s
 CFIE residual: 0.00821442

 Iseg, Irank, Idinc : 1, 6, 110
 Thata, Phi : 90.000000, 109.000000
 Maximun iteration: 300
 Number of recycle truncation: 30
 Final matrix dimension:  3612
 Residual error:0.010000
 0  2.104973e-01
 1  9.386887e-02
 2  4.058718e-02
 3  1.860693e-02
 4  8.236640e-03
 Iteration CPU time: 0 s
 CFIE residual: 0.00823664

 Iseg, Irank, Idinc : 1, 7, 167
 Thata, Phi : 90.000000, 166.000000
 Maximun iteration: 300
 Number of recycle truncation: 30
 Final matrix dimension:  3612
 Residual error:0.010000
 0  2.136102e-01
 1  9.286992e-02
 2  4.021740e-02
 3  1.741561e-02
 4  7.720621e-03
 Iteration CPU time: 0 s
 CFIE residual: 0.00772062
 Last Built End in Sep 21 2025 00:06:12
 Total CPU time: 6 s
 Finished.
