 Last Built Begin in Sep 21 2025 00:06:12
 Pre-Type( Input ):            8
 Skl-Tol ( Input ):    1.0000000000000000E-002
 Wavelength in freespace: 0.298013

 ################################################
 ##         Generating Required Mesh          ##
 ##         Waiting.....                      ##
 ################################################
 Subd No.      Subd Name
    1    sphere1                                                           
 isub,  nnode, npatch,  nedge:
    1       604      1204      1806
 Scale Factor         >>   9.99999978E-03
 ################################################

 START TIME: 20250922   003042.480


 Informaton for IE geometry:
 number of subdomains     : 1
 maxnode,maxpatch,maxedge : 604  1204  1806
 
 Index of Mat-Reg: 1
 Mat-Reg Number via MatFlg: 1
 Edge Number of Mat-Reg: 1, 1806

 Number of Edge on PEC: 0
 Mat-Reg: No Dim(m) Lmax:
    1 0.168    2
 Totlmax, add1, add2:           2           3           4
 rlengmax of Global MLFMA >>   0.16777782333377445     
 Lmax of Global MLFMA >>            2
 Wavenum of Mat-Reg:
    1 1.000

 total area in sq m           =      0.1254
 total area in sq lambda      =      1.4114
 maxnode, maxpatch, maxedge           =      604     1204     1806
 longest  edge in lambda              =      0.0731
 shortest edge in lambda              =      0.0319
 average  edge in lambda              =      0.0521
 largest  patch area in sq lambda     =      0.0019
 smallest patch area in sq lambda     =      0.0006
 ave    surface area in sq lambda     =      0.0012
 size range of the object in sq lambda =      0.6711

 #### MLFMA Info For Each Region ####
 Mat-Region =            1
 Array dimension parameters:
 maxrule=          14   maxgrid  =          64
 lmax   =           2   ncmax    =          65
 lsmax  =           6   lsmin    =           6
 kpm    =          76   kp0      =          76
 ntlm   =       24016   nsm      =        4256
 nkpm   =          76   niplm    =        4864
 ngnearm=         632   ngsndm   =        2504
 nearm  =         413   mfinestm =          43
 ###############################

 CFIE Alpha:  0.50000000000000000     

 Fill MLFMA FI for Mat-Reg:           1
 Begin filltl.f
 fill translation matrix
 Level:            2
 fill shifting matrix
 translator time(s):   2.80000009E-02
 fill interpolation matrix
 Filling TL                  Delta_CPU=          0.12 Memory(MB)=         65.70
 Filling sndgrp              Delta_CPU=          0.00 Memory(MB)=         65.70
 Filling VFS                 Delta_CPU=          0.25 Memory(MB)=         65.70

 Fill MLFMA NI for Mat-Reg:           1
 Begin fill sparser part of Nearfield
 Begin fill denser part of Nearfield
 End fill
 Filling Amn                 Delta_CPU=         12.53 Memory(MB)=         65.70


 Now testing preconditioner with
 ipretype =            8
 method = cfie_solve_nfpre_pardiso

  
 NBP>>Begin fill sparser part of Nearfield
 NBP>>Begin fill denser part of Nearfield

201.7857%
 Begin MLFMA Box-Matrix Based Prec Constructor
 --- Intel MKL PARDISO --- 
  >> Solver Initialized
  >> Proceed to ngrp_box loop
  >> Loop 0 Initialized
 Memory for iGRP: 1 0 MB
 Total Memory For NFB Pre: 0 MB
 --- PARDISO PRECONDITIONER INITIALIZED --- 
 Constructing preconditioner CPU time: 0 s
 
 108360
 Memory for Iteration:: 1.65344 MB

 Iseg, Ninc_S : 1, 181, 0

 Iseg, Skeleton Angles: 1, 8
 Iseg, Skel-Pk Mem(MB): 1, 30.96

 Iseg, Irank, Idinc : 1, 1, 135
 Thata, Phi : 90.000000, 134.000000
 Maximun iteration: 300
 Number of recycle truncation: 30
 Final matrix dimension:  3612
 Residual error:0.010000
 0  2.193884e-01
 1  1.172846e-01
 2  4.984976e-02
 3  2.413265e-02
 4  1.165021e-02
 5  5.545604e-03
 Iteration CPU time: 0 s
 CFIE residual: 0.0055456

 Iseg, Irank, Idinc : 1, 2, 39
 Thata, Phi : 90.000000, 38.000000
 Maximun iteration: 300
 Number of recycle truncation: 30
 Final matrix dimension:  3612
 Residual error:0.010000
 0  2.191832e-01
 1  1.170983e-01
 2  5.044707e-02
 3  2.477012e-02
 4  1.210954e-02
 5  5.888739e-03
 Iteration CPU time: 0 s
 CFIE residual: 0.00588874

 Iseg, Irank, Idinc : 1, 3, 1
 Thata, Phi : 90.000000, 0.000000
 Maximun iteration: 300
 Number of recycle truncation: 30
 Final matrix dimension:  3612
 Residual error:0.010000
 0  2.129968e-01
 1  1.139611e-01
 2  5.129877e-02
 3  2.567513e-02
 4  1.261037e-02
 5  5.767286e-03
 Iteration CPU time: 0 s
 CFIE residual: 0.00576729

 Iseg, Irank, Idinc : 1, 4, 181
 Thata, Phi : 90.000000, 180.000000
 Maximun iteration: 300
 Number of recycle truncation: 30
 Final matrix dimension:  3612
 Residual error:0.010000
 0  2.112237e-01
 1  1.116450e-01
 2  5.032755e-02
 3  2.490958e-02
 4  1.184261e-02
 5  5.446866e-03
 Iteration CPU time: 0 s
 CFIE residual: 0.00544687

 Iseg, Irank, Idinc : 1, 5, 87
 Thata, Phi : 90.000000, 86.000000
 Maximun iteration: 300
 Number of recycle truncation: 30
 Final matrix dimension:  3612
 Residual error:0.010000
 0  2.200997e-01
 1  1.188434e-01
 2  5.262483e-02
 3  2.681423e-02
 4  1.323745e-02
 5  6.175212e-03
 Iteration CPU time: 0 s
 CFIE residual: 0.00617521

 Iseg, Irank, Idinc : 1, 6, 160
 Thata, Phi : 90.000000, 159.000000
 Maximun iteration: 300
 Number of recycle truncation: 30
 Final matrix dimension:  3612
 Residual error:0.010000
 0  2.146297e-01
 1  1.140271e-01
 2  4.999951e-02
 3  2.440851e-02
 4  1.179736e-02
 5  5.564837e-03
 Iteration CPU time: 0 s
 CFIE residual: 0.00556484

 Iseg, Irank, Idinc : 1, 7, 63
 Thata, Phi : 90.000000, 62.000000
 Maximun iteration: 300
 Number of recycle truncation: 30
 Final matrix dimension:  3612
 Residual error:0.010000
 0  2.213343e-01
 1  1.184515e-01
 2  5.087638e-02
 3  2.530867e-02
 4  1.247300e-02
 5  6.055917e-03
 Iteration CPU time: 0 s
 CFIE residual: 0.00605592

 Iseg, Irank, Idinc : 1, 8, 15
 Thata, Phi : 90.000000, 14.000000
 Maximun iteration: 300
 Number of recycle truncation: 30
 Final matrix dimension:  3612
 Residual error:0.010000
 0  2.146746e-01
 1  1.150236e-01
 2  5.131465e-02
 3  2.561248e-02
 4  1.256861e-02
 5  5.874165e-03
 Iteration CPU time: 0 s
 CFIE residual: 0.00587416
 Last Built End in Sep 21 2025 00:06:12
 Total CPU time: 2 s
 Finished.
