 Last Built Begin in Sep 21 2025 00:06:12
 Pre-Type( Input ):            8
 Skl-Tol ( Input ):    1.0000000000000000E-002
 Wavelength in freespace: 0.523256

 ################################################
 ##         Generating Required Mesh          ##
 ##         Waiting.....                      ##
 ################################################
 Subd No.      Subd Name
    1    sphere1                                                           
 isub,  nnode, npatch,  nedge:
    1       604      1204      1806
 Scale Factor         >>   9.99999978E-03
 ################################################

 START TIME: 20250922   001540.496


 Informaton for IE geometry:
 number of subdomains     : 1
 maxnode,maxpatch,maxedge : 604  1204  1806
 
 Index of Mat-Reg: 1
 Mat-Reg Number via MatFlg: 1
 Edge Number of Mat-Reg: 1, 1806

 Number of Edge on PEC: 0
 Mat-Reg: No Dim(m) Lmax:
    1 0.191    1
 Totlmax, add1, add2:           1           2           3
 rlengmax of Global MLFMA >>   0.19111098860978437     
 Lmax of Global MLFMA >>            1
 Wavenum of Mat-Reg:
    1 1.000

 total area in sq m           =      0.1254
 total area in sq lambda      =      0.4578
 maxnode, maxpatch, maxedge           =      604     1204     1806
 longest  edge in lambda              =      0.0416
 shortest edge in lambda              =      0.0181
 average  edge in lambda              =      0.0297
 largest  patch area in sq lambda     =      0.0006
 smallest patch area in sq lambda     =      0.0002
 ave    surface area in sq lambda     =      0.0004
 size range of the object in sq lambda =      0.3822

 #### MLFMA Info For Each Region ####
 Mat-Region =            1
 Array dimension parameters:
 maxrule=          14   maxgrid  =          64
 lmax   =           1   ncmax    =           9
 lsmax  =           1   lsmin    =           1
 kpm    =           1   kp0      =           1
 ntlm   =           1   nsm      =           1
 nkpm   =           1   niplm    =          16
 ngnearm=          64   ngsndm   =           1
 nearm  =        1807   mfinestm =         244
 ###############################

 CFIE Alpha:  0.50000000000000000     

 Fill MLFMA NI for Mat-Reg:           1
 Begin fill sparser part of Nearfield
 Begin fill denser part of Nearfield
 End fill
 Filling Amn                 Delta_CPU=         50.26 Memory(MB)=        200.07


 Now testing preconditioner with
 ipretype =            8
 method = cfie_solve_nfpre_pardiso

  
 NBP>>Begin fill sparser part of Nearfield
 NBP>>Begin fill denser part of Nearfield

212.5000%
225.0000%
237.5000%
250.0000%
262.5000%
275.0000%
287.5000%
300.0000%
 Begin MLFMA Box-Matrix Based Prec Constructor
 --- Intel MKL PARDISO --- 
  >> Solver Initialized
  >> Proceed to ngrp_box loop
  >> Loop 0 Initialized
 Memory for iGRP: 1 0 MB
 Total Memory For NFB Pre: 0 MB
 --- PARDISO PRECONDITIONER INITIALIZED --- 
 Constructing preconditioner CPU time: 0 s
 
 108360
 Memory for Iteration:: 1.65344 MB

 Iseg, Ninc_S : 1, 181, 0

 Iseg, Skeleton Angles: 1, 6
 Iseg, Skel-Pk Mem(MB): 1, 30.95

 Iseg, Irank, Idinc : 1, 1, 78
 Thata, Phi : 90.000000, 77.000000
 Maximun iteration: 300
 Number of recycle truncation: 30
 Final matrix dimension:  3612
 Residual error:0.010000
 0  2.437803e-01
 1  1.054576e-01
 2  4.959949e-02
 3  2.482871e-02
 4  1.150414e-02
 5  5.418192e-03
 Iteration CPU time: 0 s
 CFIE residual: 0.00541819

 Iseg, Irank, Idinc : 1, 2, 1
 Thata, Phi : 90.000000, 0.000000
 Maximun iteration: 300
 Number of recycle truncation: 30
 Final matrix dimension:  3612
 Residual error:0.010000
 0  2.505535e-01
 1  1.038352e-01
 2  4.945086e-02
 3  2.425771e-02
 4  1.094357e-02
 5  5.206594e-03
 Iteration CPU time: 0 s
 CFIE residual: 0.00520659

 Iseg, Irank, Idinc : 1, 3, 149
 Thata, Phi : 90.000000, 148.000000
 Maximun iteration: 300
 Number of recycle truncation: 30
 Final matrix dimension:  3612
 Residual error:0.010000
 0  2.383340e-01
 1  9.584103e-02
 2  4.523495e-02
 3  2.155322e-02
 4  1.024905e-02
 5  4.864925e-03
 Iteration CPU time: 0 s
 CFIE residual: 0.00486493

 Iseg, Irank, Idinc : 1, 4, 181
 Thata, Phi : 90.000000, 180.000000
 Maximun iteration: 300
 Number of recycle truncation: 30
 Final matrix dimension:  3612
 Residual error:0.010000
 0  2.431788e-01
 1  1.010117e-01
 2  4.756308e-02
 3  2.207491e-02
 4  1.042776e-02
 5  4.925183e-03
 Iteration CPU time: 1 s
 CFIE residual: 0.00492518

 Iseg, Irank, Idinc : 1, 5, 36
 Thata, Phi : 90.000000, 35.000000
 Maximun iteration: 300
 Number of recycle truncation: 30
 Final matrix dimension:  3612
 Residual error:0.010000
 0  2.425332e-01
 1  9.888506e-02
 2  4.701151e-02
 3  2.345025e-02
 4  1.076398e-02
 5  5.140524e-03
 Iteration CPU time: 0 s
 CFIE residual: 0.00514052

 Iseg, Irank, Idinc : 1, 6, 114
 Thata, Phi : 90.000000, 113.000000
 Maximun iteration: 300
 Number of recycle truncation: 30
 Final matrix dimension:  3612
 Residual error:0.010000
 0  2.399345e-01
 1  1.007651e-01
 2  4.721390e-02
 3  2.328623e-02
 4  1.108838e-02
 5  5.286190e-03
 Iteration CPU time: 0 s
 CFIE residual: 0.00528619
 Last Built End in Sep 21 2025 00:06:12
 Total CPU time: 7 s
 Finished.
