 Last Built Begin in Sep 21 2025 00:06:12
 Pre-Type( Input ):           10
 Skl-Tol ( Input ):    1.0000000000000001E-005
 Wavelength in freespace: 0.0296736

 ################################################
 ##         Generating Required Mesh          ##
 ##         Waiting.....                      ##
 ################################################
 Subd No.      Subd Name
    1    Open-Duct_PRIME_model_meshAA1                                     
 isub,  nnode, npatch,  nedge:
    1      6118     12236     18354
 Scale Factor         >>   1.54999997E-02
 ################################################

 START TIME: 20250922   060643.394


 Informaton for IE geometry:
 number of subdomains     : 1
 maxnode,maxpatch,maxedge : 6118  12236  18354
 
 Index of Mat-Reg: 1
 Mat-Reg Number via MatFlg: 1
 Edge Number of Mat-Reg: 1, 18354

 Number of Edge on PEC: 18354
 Mat-Reg: No Dim(m) Lmax:
    1 0.242    5
 Totlmax, add1, add2:           5           6           7
 rlengmax of Global MLFMA >>   0.24163159313706872     
 Lmax of Global MLFMA >>            5
 Wavenum of Mat-Reg:
    1 1.000

 total area in sq m           =      0.0510
 total area in sq lambda      =     57.8861
 maxnode, maxpatch, maxedge           =     6118    12236    18354
 longest  edge in lambda              =      0.1573
 shortest edge in lambda              =      0.0075
 average  edge in lambda              =      0.1050
 largest  patch area in sq lambda     =      0.0084
 smallest patch area in sq lambda     =      0.0000
 ave    surface area in sq lambda     =      0.0047
 size range of the object in sq lambda =      7.7322

 #### MLFMA Info For Each Region ####
 Mat-Region =            1
 Array dimension parameters:
 maxrule=          14   maxgrid  =          64
 lmax   =           5   ncmax    =        1250
 lsmax  =          27   lsmin    =           7
 kpm    =        1462   kp0      =         102
 ntlm   =      217096   nsm      =      232158
 nkpm   =        2284   niplm    =      146176
 ngnearm=       14257   ngsndm   =       64634
 nearm  =         333   mfinestm =         119
 ###############################

 CFIE Alpha:  0.50000000000000000     

 Fill MLFMA FI for Mat-Reg:           1
 Begin filltl.f
 fill translation matrix
 Level:            2
 fill shifting matrix
 Level:            3
 fill shifting matrix
 Level:            4
 fill shifting matrix
 Level:            5
 fill shifting matrix
 translator time(s):  0.119000003    
 fill interpolation matrix
 ThetaOrder            8
 PhiOrder            8
 lsl            7
 Filling TL                  Delta_CPU=          0.55 Memory(MB)=        653.98
 Filling sndgrp              Delta_CPU=          0.00 Memory(MB)=        653.98
 Filling VFS                 Delta_CPU=          3.24 Memory(MB)=        653.98

 Fill MLFMA NI for Mat-Reg:           1
 Begin fill sparser part of Nearfield
 Begin fill denser part of Nearfield
 End fill
 Filling Amn                 Delta_CPU=         90.38 Memory(MB)=        653.98


 Now testing preconditioner with
 ipretype =           10
 method = cfie_solve_nfrasspspre_pardiso

  
 NBP>>Begin fill sparser part of Nearfield

115.7128% NBP>>Begin fill denser part of Nearfield

200.1041%
 Begin MLFMA Box-Matrix Based Spar-RAS Prec Constructor
 --- Intel MKL PARDISO --- 
 Memory for iGroup: 1 0 MB
 Total Memory For SparRAS Pre: 0 MB
 --- PARDISO PRECONDITIONER INITIALIZED --- 
 Constructing preconditioner CPU time: 4 s
 
 1101240
 Memory for Iteration:: 16.8036 MB

 Iseg, Ninc_S : 1, 181, 0

 Iseg, Skeleton Angles: 1, 39
 Iseg, Skel-Pk Mem(MB): 1, 314.35

 Iseg, Irank, Idinc : 1, 1, 42
 Thata, Phi : 90.000000, 41.000000
 Maximun iteration: 300
 Number of recycle truncation: 30
 Final matrix dimension:  36708
 Residual error:0.001000
 0  6.313359e-01
 1  3.149326e-01
 2  1.985669e-01
 3  1.274656e-01
 4  8.758487e-02
 5  6.464257e-02
 6  4.817394e-02
 7  3.692855e-02
 8  2.815096e-02
 9  2.112898e-02
 10  1.587193e-02
 11  1.259049e-02
 12  9.944360e-03
 13  8.020945e-03
 14  6.523459e-03
 15  5.104929e-03
 16  4.153805e-03
 17  3.385219e-03
 18  2.700070e-03
 19  2.188891e-03
 20  1.744419e-03
 21  1.399054e-03
 22  1.130811e-03
 23  9.454177e-04
 Iteration CPU time: 6 s
 CFIE residual: 0.000945418

 Iseg, Irank, Idinc : 1, 2, 22
 Thata, Phi : 90.000000, 21.000000
 Maximun iteration: 300
 Number of recycle truncation: 30
 Final matrix dimension:  36708
 Residual error:0.001000
 0  6.246619e-01
 1  2.933648e-01
 2  1.704999e-01
 3  1.141283e-01
 4  7.955971e-02
 5  5.893702e-02
 6  4.483447e-02
 7  3.457539e-02
 8  2.776869e-02
 9  2.221673e-02
 10  1.758479e-02
 11  1.381609e-02
 12  1.134762e-02
 13  9.122098e-03
 14  7.757343e-03
 15  6.225162e-03
 16  5.084273e-03
 17  4.247621e-03
 18  3.550866e-03
 19  3.002871e-03
 20  2.479104e-03
 21  1.948231e-03
 22  1.581222e-03
 23  1.313077e-03
 24  1.089992e-03
 25  9.007308e-04
 Iteration CPU time: 6 s
 CFIE residual: 0.000900731

 Iseg, Irank, Idinc : 1, 3, 109
 Thata, Phi : 90.000000, 108.000000
 Maximun iteration: 300
 Number of recycle truncation: 30
 Final matrix dimension:  36708
 Residual error:0.001000
 0  6.241160e-01
 1  3.527692e-01
 2  2.198989e-01
 3  1.508981e-01
 4  1.058336e-01
 5  7.971232e-02
 6  6.105410e-02
 7  4.763870e-02
 8  3.825429e-02
 9  3.008045e-02
 10  2.379702e-02
 11  1.919777e-02
 12  1.560694e-02
 13  1.279462e-02
 14  1.050059e-02
 15  8.470697e-03
 16  7.020799e-03
 17  5.742932e-03
 18  4.626760e-03
 19  3.862827e-03
 20  3.150569e-03
 21  2.515562e-03
 22  2.041866e-03
 23  1.675053e-03
 24  1.392502e-03
 25  1.161017e-03
 26  9.883402e-04
 Iteration CPU time: 6 s
 CFIE residual: 0.00098834

 Iseg, Irank, Idinc : 1, 4, 64
 Thata, Phi : 90.000000, 63.000000
 Maximun iteration: 300
 Number of recycle truncation: 30
 Final matrix dimension:  36708
 Residual error:0.001000
 0  6.591393e-01
 1  3.592706e-01
 2  2.241420e-01
 3  1.441562e-01
 4  1.024445e-01
 5  7.855048e-02
 6  5.884131e-02
 7  4.645346e-02
 8  3.718257e-02
 9  2.907602e-02
 10  2.236605e-02
 11  1.720599e-02
 12  1.374299e-02
 13  1.087183e-02
 14  8.722287e-03
 15  7.104108e-03
 16  5.614653e-03
 17  4.674167e-03
 18  3.754544e-03
 19  3.077025e-03
 20  2.580020e-03
 21  2.162306e-03
 22  1.768990e-03
 23  1.510287e-03
 24  1.328137e-03
 25  1.195520e-03
 26  1.091215e-03
 27  1.019505e-03
 28  9.775165e-04
 Iteration CPU time: 7 s
 CFIE residual: 0.000977517

 Iseg, Irank, Idinc : 1, 5, 147
 Thata, Phi : 90.000000, 146.000000
 Maximun iteration: 300
 Number of recycle truncation: 30
 Final matrix dimension:  36708
 Residual error:0.001000
 0  6.541688e-01
 1  3.447879e-01
 2  2.099593e-01
 3  1.411874e-01
 4  1.021406e-01
 5  7.747620e-02
 6  6.090288e-02
 7  4.749130e-02
 8  3.952308e-02
 9  3.405954e-02
 10  2.879520e-02
 11  2.450827e-02
 12  2.064273e-02
 13  1.711859e-02
 14  1.419985e-02
 15  1.169508e-02
 16  9.523506e-03
 17  7.767651e-03
 18  6.309471e-03
 19  5.093110e-03
 20  4.049206e-03
 21  3.239330e-03
 22  2.659431e-03
 23  2.178708e-03
 24  1.779469e-03
 25  1.377474e-03
 26  1.086210e-03
 27  8.443389e-04
 Iteration CPU time: 6 s
 CFIE residual: 0.000844339

 Iseg, Irank, Idinc : 1, 6, 136
 Thata, Phi : 90.000000, 135.000000
 Maximun iteration: 300
 Number of recycle truncation: 30
 Final matrix dimension:  36708
 Residual error:0.001000
 0  6.982089e-01
 1  3.521572e-01
 2  2.196308e-01
 3  1.487814e-01
 4  1.080868e-01
 5  8.121287e-02
 6  6.162908e-02
 7  4.868524e-02
 8  3.872560e-02
 9  3.202444e-02
 10  2.587902e-02
 11  2.082706e-02
 12  1.710634e-02
 13  1.398180e-02
 14  1.125944e-02
 15  9.207230e-03
 16  7.413628e-03
 17  6.071797e-03
 18  4.942174e-03
 19  4.002800e-03
 20  3.274671e-03
 21  2.706773e-03
 22  2.280606e-03
 23  1.911614e-03
 24  1.621328e-03
 25  1.395152e-03
 26  1.192953e-03
 27  1.033604e-03
 28  9.160876e-04
 Iteration CPU time: 6 s
 CFIE residual: 0.000916088

 Iseg, Irank, Idinc : 1, 7, 88
 Thata, Phi : 90.000000, 87.000000
 Maximun iteration: 300
 Number of recycle truncation: 30
 Final matrix dimension:  36708
 Residual error:0.001000
 0  6.095485e-01
 1  3.470403e-01
 2  2.219592e-01
 3  1.519949e-01
 4  1.095668e-01
 5  8.358179e-02
 6  6.417420e-02
 7  5.066771e-02
 8  4.120646e-02
 9  3.261149e-02
 10  2.574282e-02
 11  2.051873e-02
 12  1.706234e-02
 13  1.401186e-02
 14  1.143518e-02
 15  8.998082e-03
 16  7.316524e-03
 17  5.948639e-03
 18  4.852183e-03
 19  3.980832e-03
 20  3.332739e-03
 21  2.761114e-03
 22  2.354818e-03
 23  2.029252e-03
 24  1.762316e-03
 25  1.555624e-03
 26  1.386543e-03
 27  1.272915e-03
 28  1.188744e-03
 29  1.126709e-03
 30  1.084348e-03
 31  1.058679e-03
 32  1.031224e-03
 33  1.001173e-03
 34  9.673283e-04
 Iteration CPU time: 7 s
 CFIE residual: 0.000967328

 Iseg, Irank, Idinc : 1, 8, 73
 Thata, Phi : 90.000000, 72.000000
 Maximun iteration: 300
 Number of recycle truncation: 30
 Final matrix dimension:  36708
 Residual error:0.001000
 0  6.366931e-01
 1  3.633719e-01
 2  2.355600e-01
 3  1.477095e-01
 4  1.032244e-01
 5  7.981771e-02
 6  6.184534e-02
 7  4.745009e-02
 8  3.803960e-02
 9  3.030162e-02
 10  2.437661e-02
 11  1.931069e-02
 12  1.539421e-02
 13  1.237758e-02
 14  1.003978e-02
 15  8.123576e-03
 16  6.554669e-03
 17  5.455754e-03
 18  4.463821e-03
 19  3.770616e-03
 20  3.156163e-03
 21  2.615814e-03
 22  2.178101e-03
 23  1.837760e-03
 24  1.593041e-03
 25  1.434912e-03
 26  1.311030e-03
 27  1.227422e-03
 28  1.166209e-03
 29  1.124781e-03
 30  1.097034e-03
 31  1.070035e-03
 32  1.047255e-03
 33  1.015012e-03
 34  9.802119e-04
 Iteration CPU time: 8 s
 CFIE residual: 0.000980212

 Iseg, Irank, Idinc : 1, 9, 159
 Thata, Phi : 90.000000, 158.000000
 Maximun iteration: 300
 Number of recycle truncation: 30
 Final matrix dimension:  36708
 Residual error:0.001000
 0  6.162056e-01
 1  3.140669e-01
 2  1.913639e-01
 3  1.293755e-01
 4  9.800809e-02
 5  7.764313e-02
 6  6.249880e-02
 7  5.096010e-02
 8  4.293367e-02
 9  3.660397e-02
 10  3.121448e-02
 11  2.655734e-02
 12  2.272545e-02
 13  1.907952e-02
 14  1.554422e-02
 15  1.301881e-02
 16  1.070003e-02
 17  8.794144e-03
 18  7.243605e-03
 19  5.831789e-03
 20  4.774296e-03
 21  3.826605e-03
 22  3.121067e-03
 23  2.522653e-03
 24  2.017827e-03
 25  1.608655e-03
 26  1.248971e-03
 27  9.886697e-04
 Iteration CPU time: 7 s
 CFIE residual: 0.00098867

 Iseg, Irank, Idinc : 1, 10, 124
 Thata, Phi : 90.000000, 123.000000
 Maximun iteration: 300
 Number of recycle truncation: 30
 Final matrix dimension:  36708
 Residual error:0.001000
 0  6.543175e-01
 1  3.407727e-01
 2  2.225770e-01
 3  1.564771e-01
 4  1.122170e-01
 5  8.281346e-02
 6  6.520264e-02
 7  5.082598e-02
 8  3.985559e-02
 9  3.216151e-02
 10  2.485402e-02
 11  1.986412e-02
 12  1.554925e-02
 13  1.235875e-02
 14  1.000902e-02
 15  8.256210e-03
 16  6.781437e-03
 17  5.702518e-03
 18  4.593174e-03
 19  3.820313e-03
 20  3.231401e-03
 21  2.725840e-03
 22  2.297298e-03
 23  1.960997e-03
 24  1.664103e-03
 25  1.388697e-03
 26  1.170345e-03
 27  9.978226e-04
 Iteration CPU time: 6 s
 CFIE residual: 0.000997822

 Iseg, Irank, Idinc : 1, 11, 53
 Thata, Phi : 90.000000, 52.000000
 Maximun iteration: 300
 Number of recycle truncation: 30
 Final matrix dimension:  36708
 Residual error:0.001000
 0  6.522559e-01
 1  3.414686e-01
 2  2.094440e-01
 3  1.343712e-01
 4  9.597085e-02
 5  7.244009e-02
 6  5.558420e-02
 7  4.309075e-02
 8  3.284004e-02
 9  2.496915e-02
 10  1.915891e-02
 11  1.475657e-02
 12  1.149720e-02
 13  9.084264e-03
 14  7.489557e-03
 15  5.982036e-03
 16  4.743364e-03
 17  3.750996e-03
 18  2.934583e-03
 19  2.333997e-03
 20  1.887686e-03
 21  1.546458e-03
 22  1.263095e-03
 23  1.072375e-03
 24  9.297101e-04
 Iteration CPU time: 6 s
 CFIE residual: 0.00092971

 Iseg, Irank, Idinc : 1, 12, 32
 Thata, Phi : 90.000000, 31.000000
 Maximun iteration: 300
 Number of recycle truncation: 30
 Final matrix dimension:  36708
 Residual error:0.001000
 0  6.337619e-01
 1  3.064411e-01
 2  1.811289e-01
 3  1.134137e-01
 4  7.984311e-02
 5  5.852284e-02
 6  4.279097e-02
 7  3.261640e-02
 8  2.569775e-02
 9  2.006803e-02
 10  1.608322e-02
 11  1.320389e-02
 12  1.050887e-02
 13  8.356713e-03
 14  6.949806e-03
 15  5.483945e-03
 16  4.506905e-03
 17  3.661083e-03
 18  3.034111e-03
 19  2.564979e-03
 20  2.113353e-03
 21  1.699274e-03
 22  1.381876e-03
 23  1.145069e-03
 24  9.388838e-04
 Iteration CPU time: 5 s
 CFIE residual: 0.000938884

 Iseg, Irank, Idinc : 1, 13, 10
 Thata, Phi : 90.000000, 9.000000
 Maximun iteration: 300
 Number of recycle truncation: 30
 Final matrix dimension:  36708
 Residual error:0.001000
 0  5.461511e-01
 1  2.768356e-01
 2  1.754564e-01
 3  1.236602e-01
 4  8.950555e-02
 5  6.669816e-02
 6  5.116433e-02
 7  3.958764e-02
 8  3.104762e-02
 9  2.421146e-02
 10  1.877404e-02
 11  1.494109e-02
 12  1.210152e-02
 13  9.855527e-03
 14  7.895533e-03
 15  6.190601e-03
 16  5.099511e-03
 17  4.277881e-03
 18  3.581647e-03
 19  3.068249e-03
 20  2.605128e-03
 21  2.178397e-03
 22  1.815368e-03
 23  1.524827e-03
 24  1.295228e-03
 25  1.083370e-03
 26  9.317999e-04
 Iteration CPU time: 6 s
 CFIE residual: 0.0009318

 Iseg, Irank, Idinc : 1, 14, 177
 Thata, Phi : 90.000000, 176.000000
 Maximun iteration: 300
 Number of recycle truncation: 30
 Final matrix dimension:  36708
 Residual error:0.001000
 0  5.794257e-01
 1  2.990604e-01
 2  1.876150e-01
 3  1.324240e-01
 4  1.026904e-01
 5  8.090098e-02
 6  6.483537e-02
 7  5.487106e-02
 8  4.520582e-02
 9  3.622705e-02
 10  2.951640e-02
 11  2.446894e-02
 12  1.973781e-02
 13  1.678155e-02
 14  1.344446e-02
 15  1.094562e-02
 16  8.852699e-03
 17  7.150088e-03
 18  5.796034e-03
 19  4.752909e-03
 20  3.893966e-03
 21  3.246454e-03
 22  2.707721e-03
 23  2.267931e-03
 24  1.908321e-03
 25  1.590536e-03
 26  1.304390e-03
 27  1.079980e-03
 28  8.924017e-04
 Iteration CPU time: 6 s
 CFIE residual: 0.000892402

 Iseg, Irank, Idinc : 1, 15, 81
 Thata, Phi : 90.000000, 80.000000
 Maximun iteration: 300
 Number of recycle truncation: 30
 Final matrix dimension:  36708
 Residual error:0.001000
 0  6.153454e-01
 1  3.515229e-01
 2  2.262899e-01
 3  1.488844e-01
 4  1.080145e-01
 5  8.230154e-02
 6  6.346154e-02
 7  4.996144e-02
 8  4.038458e-02
 9  3.165640e-02
 10  2.466727e-02
 11  1.918643e-02
 12  1.582370e-02
 13  1.286264e-02
 14  1.066673e-02
 15  8.585271e-03
 16  7.050781e-03
 17  5.785046e-03
 18  4.707138e-03
 19  3.883418e-03
 20  3.216334e-03
 21  2.677851e-03
 22  2.271895e-03
 23  1.966929e-03
 24  1.716196e-03
 25  1.548119e-03
 26  1.392387e-03
 27  1.299876e-03
 28  1.211053e-03
 29  1.154631e-03
 30  1.112815e-03
 31  1.080306e-03
 32  1.055572e-03
 33  1.026318e-03
 34  9.911906e-04
 Iteration CPU time: 8 s
 CFIE residual: 0.000991191

 Iseg, Irank, Idinc : 1, 16, 100
 Thata, Phi : 90.000000, 99.000000
 Maximun iteration: 300
 Number of recycle truncation: 30
 Final matrix dimension:  36708
 Residual error:0.001000
 0  6.093219e-01
 1  3.456413e-01
 2  2.168051e-01
 3  1.464744e-01
 4  1.044941e-01
 5  7.854006e-02
 6  6.025046e-02
 7  4.805786e-02
 8  3.792298e-02
 9  3.051865e-02
 10  2.512365e-02
 11  2.036597e-02
 12  1.660487e-02
 13  1.369641e-02
 14  1.123416e-02
 15  9.337921e-03
 16  7.672294e-03
 17  6.322394e-03
 18  5.101585e-03
 19  4.179555e-03
 20  3.380589e-03
 21  2.729816e-03
 22  2.282097e-03
 23  1.875585e-03
 24  1.605563e-03
 25  1.394292e-03
 26  1.227798e-03
 27  1.106277e-03
 28  1.020882e-03
 29  9.619802e-04
 Iteration CPU time: 7 s
 CFIE residual: 0.00096198

 Iseg, Irank, Idinc : 1, 17, 116
 Thata, Phi : 90.000000, 115.000000
 Maximun iteration: 300
 Number of recycle truncation: 30
 Final matrix dimension:  36708
 Residual error:0.001000
 0  6.448575e-01
 1  3.482454e-01
 2  2.175378e-01
 3  1.519827e-01
 4  1.087117e-01
 5  7.945128e-02
 6  6.140970e-02
 7  4.794448e-02
 8  3.809223e-02
 9  2.999942e-02
 10  2.388203e-02
 11  1.875646e-02
 12  1.496051e-02
 13  1.229675e-02
 14  9.993481e-03
 15  8.185088e-03
 16  6.767636e-03
 17  5.497487e-03
 18  4.423636e-03
 19  3.761837e-03
 20  3.071351e-03
 21  2.499252e-03
 22  2.095829e-03
 23  1.723497e-03
 24  1.408219e-03
 25  1.132082e-03
 26  9.599630e-04
 Iteration CPU time: 6 s
 CFIE residual: 0.000959963

 Iseg, Irank, Idinc : 1, 18, 1
 Thata, Phi : 90.000000, 0.000000
 Maximun iteration: 300
 Number of recycle truncation: 30
 Final matrix dimension:  36708
 Residual error:0.001000
 0  5.158944e-01
 1  2.703736e-01
 2  1.753037e-01
 3  1.213508e-01
 4  8.628415e-02
 5  6.563839e-02
 6  5.106657e-02
 7  3.766950e-02
 8  2.846038e-02
 9  2.280104e-02
 10  1.827708e-02
 11  1.482723e-02
 12  1.130664e-02
 13  9.020346e-03
 14  7.218250e-03
 15  5.869970e-03
 16  4.799741e-03
 17  4.006907e-03
 18  3.367732e-03
 19  2.892495e-03
 20  2.469581e-03
 21  2.082316e-03
 22  1.739542e-03
 23  1.413920e-03
 24  1.106308e-03
 25  8.812412e-04
 Iteration CPU time: 6 s
 CFIE residual: 0.000881241

 Iseg, Irank, Idinc : 1, 19, 167
 Thata, Phi : 90.000000, 166.000000
 Maximun iteration: 300
 Number of recycle truncation: 30
 Final matrix dimension:  36708
 Residual error:0.001000
 0  5.894095e-01
 1  3.011142e-01
 2  1.866815e-01
 3  1.313302e-01
 4  1.021315e-01
 5  8.068451e-02
 6  6.559100e-02
 7  5.450621e-02
 8  4.539112e-02
 9  3.827747e-02
 10  3.239892e-02
 11  2.729314e-02
 12  2.343110e-02
 13  1.991757e-02
 14  1.653204e-02
 15  1.361431e-02
 16  1.111963e-02
 17  9.262495e-03
 18  7.611906e-03
 19  6.169618e-03
 20  4.969073e-03
 21  4.005017e-03
 22  3.310333e-03
 23  2.699909e-03
 24  2.201864e-03
 25  1.772997e-03
 26  1.416450e-03
 27  1.124911e-03
 28  9.079821e-04
 Iteration CPU time: 7 s
 CFIE residual: 0.000907982

 Iseg, Irank, Idinc : 1, 20, 94
 Thata, Phi : 90.000000, 93.000000
 Maximun iteration: 300
 Number of recycle truncation: 30
 Final matrix dimension:  36708
 Residual error:0.001000
 0  6.063430e-01
 1  3.462609e-01
 2  2.190509e-01
 3  1.471223e-01
 4  1.049247e-01
 5  8.069131e-02
 6  6.314264e-02
 7  4.980789e-02
 8  3.987225e-02
 9  3.151564e-02
 10  2.520374e-02
 11  2.036622e-02
 12  1.674241e-02
 13  1.400028e-02
 14  1.161094e-02
 15  9.351259e-03
 16  7.608977e-03
 17  6.217164e-03
 18  5.091830e-03
 19  4.162522e-03
 20  3.429742e-03
 21  2.824918e-03
 22  2.353142e-03
 23  2.001342e-03
 24  1.750914e-03
 25  1.523816e-03
 26  1.340684e-03
 27  1.222426e-03
 28  1.145374e-03
 29  1.082626e-03
 30  1.034028e-03
 31  1.003080e-03
 32  9.769702e-04
 Iteration CPU time: 7 s
 CFIE residual: 0.00097697

 Iseg, Irank, Idinc : 1, 21, 153
 Thata, Phi : 90.000000, 152.000000
 Maximun iteration: 300
 Number of recycle truncation: 30
 Final matrix dimension:  36708
 Residual error:0.001000
 0  6.338936e-01
 1  3.291196e-01
 2  2.022847e-01
 3  1.341236e-01
 4  9.920713e-02
 5  7.734725e-02
 6  6.083016e-02
 7  4.872807e-02
 8  4.068924e-02
 9  3.459294e-02
 10  2.929756e-02
 11  2.455366e-02
 12  2.105808e-02
 13  1.765148e-02
 14  1.428840e-02
 15  1.174704e-02
 16  9.585594e-03
 17  7.957559e-03
 18  6.569053e-03
 19  5.375277e-03
 20  4.363269e-03
 21  3.529868e-03
 22  2.844299e-03
 23  2.343263e-03
 24  1.857364e-03
 25  1.429742e-03
 26  1.133238e-03
 27  8.721177e-04
 Iteration CPU time: 7 s
 CFIE residual: 0.000872118

 Iseg, Irank, Idinc : 1, 22, 181
 Thata, Phi : 90.000000, 180.000000
 Maximun iteration: 300
 Number of recycle truncation: 30
 Final matrix dimension:  36708
 Residual error:0.001000
 0  5.788355e-01
 1  2.990534e-01
 2  1.873119e-01
 3  1.318749e-01
 4  1.017392e-01
 5  7.963600e-02
 6  6.383476e-02
 7  5.405257e-02
 8  4.445449e-02
 9  3.535022e-02
 10  2.801052e-02
 11  2.246996e-02
 12  1.843875e-02
 13  1.472714e-02
 14  1.181179e-02
 15  9.120655e-03
 16  7.129965e-03
 17  5.773828e-03
 18  4.777521e-03
 19  3.909818e-03
 20  3.252654e-03
 21  2.686379e-03
 22  2.223411e-03
 23  1.828422e-03
 24  1.522301e-03
 25  1.235048e-03
 26  1.008975e-03
 27  8.270661e-04
 Iteration CPU time: 6 s
 CFIE residual: 0.000827066

 Iseg, Irank, Idinc : 1, 23, 16
 Thata, Phi : 90.000000, 15.000000
 Maximun iteration: 300
 Number of recycle truncation: 30
 Final matrix dimension:  36708
 Residual error:0.001000
 0  5.859984e-01
 1  2.845865e-01
 2  1.739588e-01
 3  1.202544e-01
 4  8.549770e-02
 5  6.356417e-02
 6  4.970580e-02
 7  3.825442e-02
 8  3.007030e-02
 9  2.415536e-02
 10  1.915713e-02
 11  1.497545e-02
 12  1.183617e-02
 13  9.487941e-03
 14  7.897312e-03
 15  6.305874e-03
 16  5.169781e-03
 17  4.317704e-03
 18  3.624153e-03
 19  3.081271e-03
 20  2.537792e-03
 21  2.048272e-03
 22  1.696884e-03
 23  1.415254e-03
 24  1.195199e-03
 25  9.999736e-04
 Iteration CPU time: 6 s
 CFIE residual: 0.000999974

 Iseg, Irank, Idinc : 1, 24, 130
 Thata, Phi : 90.000000, 129.000000
 Maximun iteration: 300
 Number of recycle truncation: 30
 Final matrix dimension:  36708
 Residual error:0.001000
 0  6.742678e-01
 1  3.511733e-01
 2  2.247513e-01
 3  1.538326e-01
 4  1.107853e-01
 5  8.291160e-02
 6  6.378010e-02
 7  5.005059e-02
 8  3.935616e-02
 9  3.220997e-02
 10  2.556839e-02
 11  2.006857e-02
 12  1.564938e-02
 13  1.283433e-02
 14  1.050720e-02
 15  8.444142e-03
 16  6.728832e-03
 17  5.492071e-03
 18  4.565418e-03
 19  3.739094e-03
 20  3.048755e-03
 21  2.516386e-03
 22  2.120770e-03
 23  1.772674e-03
 24  1.518335e-03
 25  1.294491e-03
 26  1.105174e-03
 27  9.613318e-04
 Iteration CPU time: 7 s
 CFIE residual: 0.000961332

 Iseg, Irank, Idinc : 1, 25, 58
 Thata, Phi : 90.000000, 57.000000
 Maximun iteration: 300
 Number of recycle truncation: 30
 Final matrix dimension:  36708
 Residual error:0.001000
 0  6.607302e-01
 1  3.458678e-01
 2  2.128475e-01
 3  1.334586e-01
 4  9.547210e-02
 5  7.151786e-02
 6  5.472809e-02
 7  4.256904e-02
 8  3.321426e-02
 9  2.583925e-02
 10  1.981479e-02
 11  1.533984e-02
 12  1.190675e-02
 13  9.156423e-03
 14  7.448165e-03
 15  5.918235e-03
 16  4.763087e-03
 17  3.896936e-03
 18  3.021763e-03
 19  2.515715e-03
 20  2.139360e-03
 21  1.766497e-03
 22  1.463288e-03
 23  1.250732e-03
 24  1.088187e-03
 25  9.827227e-04
 Iteration CPU time: 5 s
 CFIE residual: 0.000982723

 Iseg, Irank, Idinc : 1, 26, 5
 Thata, Phi : 90.000000, 4.000000
 Maximun iteration: 300
 Number of recycle truncation: 30
 Final matrix dimension:  36708
 Residual error:0.001000
 0  5.225259e-01
 1  2.719404e-01
 2  1.752913e-01
 3  1.222207e-01
 4  8.769416e-02
 5  6.627685e-02
 6  5.087882e-02
 7  3.795130e-02
 8  2.928235e-02
 9  2.345169e-02
 10  1.854729e-02
 11  1.489145e-02
 12  1.192225e-02
 13  9.685889e-03
 14  7.807023e-03
 15  6.200603e-03
 16  5.103445e-03
 17  4.305491e-03
 18  3.582675e-03
 19  3.053683e-03
 20  2.630299e-03
 21  2.253467e-03
 22  1.877482e-03
 23  1.555961e-03
 24  1.287653e-03
 25  1.061889e-03
 26  8.801330e-04
 Iteration CPU time: 6 s
 CFIE residual: 0.000880133

 Iseg, Irank, Idinc : 1, 27, 172
 Thata, Phi : 90.000000, 171.000000
 Maximun iteration: 300
 Number of recycle truncation: 30
 Final matrix dimension:  36708
 Residual error:0.001000
 0  5.819195e-01
 1  2.991584e-01
 2  1.879513e-01
 3  1.331252e-01
 4  1.038651e-01
 5  8.216692e-02
 6  6.612579e-02
 7  5.591179e-02
 8  4.630470e-02
 9  3.812653e-02
 10  3.187495e-02
 11  2.696750e-02
 12  2.241178e-02
 13  1.910164e-02
 14  1.569721e-02
 15  1.311373e-02
 16  1.075682e-02
 17  8.684132e-03
 18  7.057464e-03
 19  5.734940e-03
 20  4.632704e-03
 21  3.796883e-03
 22  3.191771e-03
 23  2.666085e-03
 24  2.193865e-03
 25  1.788382e-03
 26  1.462176e-03
 27  1.191071e-03
 28  9.733034e-04
 Iteration CPU time: 6 s
 CFIE residual: 0.000973303

 Iseg, Irank, Idinc : 1, 28, 37
 Thata, Phi : 90.000000, 36.000000
 Maximun iteration: 300
 Number of recycle truncation: 30
 Final matrix dimension:  36708
 Residual error:0.001000
 0  6.244888e-01
 1  3.117613e-01
 2  1.912320e-01
 3  1.207418e-01
 4  8.315542e-02
 5  6.091367e-02
 6  4.453281e-02
 7  3.410717e-02
 8  2.648275e-02
 9  2.030401e-02
 10  1.572601e-02
 11  1.277928e-02
 12  1.018809e-02
 13  8.194700e-03
 14  6.643626e-03
 15  5.172831e-03
 16  4.253039e-03
 17  3.445261e-03
 18  2.795503e-03
 19  2.331770e-03
 20  1.896242e-03
 21  1.534350e-03
 22  1.237986e-03
 23  1.025189e-03
 24  8.422996e-04
 Iteration CPU time: 6 s
 CFIE residual: 0.0008423

 Iseg, Irank, Idinc : 1, 29, 141
 Thata, Phi : 90.000000, 140.000000
 Maximun iteration: 300
 Number of recycle truncation: 30
 Final matrix dimension:  36708
 Residual error:0.001000
 0  6.888429e-01
 1  3.492563e-01
 2  2.121598e-01
 3  1.447088e-01
 4  1.061023e-01
 5  7.919240e-02
 6  6.109485e-02
 7  4.797116e-02
 8  3.921349e-02
 9  3.325202e-02
 10  2.739134e-02
 11  2.294273e-02
 12  1.935441e-02
 13  1.582131e-02
 14  1.300247e-02
 15  1.049959e-02
 16  8.509534e-03
 17  6.979574e-03
 18  5.732456e-03
 19  4.535726e-03
 20  3.597629e-03
 21  2.905298e-03
 22  2.416613e-03
 23  2.016099e-03
 24  1.696034e-03
 25  1.403675e-03
 26  1.166384e-03
 27  9.760505e-04
 Iteration CPU time: 6 s
 CFIE residual: 0.000976051

 Iseg, Irank, Idinc : 1, 30, 69
 Thata, Phi : 90.000000, 68.000000
 Maximun iteration: 300
 Number of recycle truncation: 30
 Final matrix dimension:  36708
 Residual error:0.001000
 0  6.492255e-01
 1  3.663389e-01
 2  2.338506e-01
 3  1.494484e-01
 4  1.061270e-01
 5  8.176650e-02
 6  6.166083e-02
 7  4.885618e-02
 8  3.936011e-02
 9  3.085535e-02
 10  2.410117e-02
 11  1.897924e-02
 12  1.511695e-02
 13  1.208235e-02
 14  9.734365e-03
 15  7.826632e-03
 16  6.273205e-03
 17  5.228985e-03
 18  4.238658e-03
 19  3.506770e-03
 20  2.916400e-03
 21  2.420673e-03
 22  2.014624e-03
 23  1.707368e-03
 24  1.491889e-03
 25  1.347323e-03
 26  1.236134e-03
 27  1.154323e-03
 28  1.103059e-03
 29  1.073386e-03
 30  1.049822e-03
 31  1.023709e-03
 32  9.964449e-04
 Iteration CPU time: 8 s
 CFIE residual: 0.000996445

 Iseg, Irank, Idinc : 1, 31, 27
 Thata, Phi : 90.000000, 26.000000
 Maximun iteration: 300
 Number of recycle truncation: 30
 Final matrix dimension:  36708
 Residual error:0.001000
 0  6.402985e-01
 1  2.998368e-01
 2  1.723261e-01
 3  1.110107e-01
 4  7.731658e-02
 5  5.690472e-02
 6  4.204435e-02
 7  3.200598e-02
 8  2.583489e-02
 9  2.072458e-02
 10  1.696231e-02
 11  1.377388e-02
 12  1.110405e-02
 13  8.998869e-03
 14  7.506007e-03
 15  6.000583e-03
 16  4.940720e-03
 17  4.064950e-03
 18  3.406261e-03
 19  2.879484e-03
 20  2.378926e-03
 21  1.862077e-03
 22  1.508842e-03
 23  1.247991e-03
 24  1.025704e-03
 25  8.268920e-04
 Iteration CPU time: 6 s
 CFIE residual: 0.000826892

 Iseg, Irank, Idinc : 1, 32, 105
 Thata, Phi : 90.000000, 104.000000
 Maximun iteration: 300
 Number of recycle truncation: 30
 Final matrix dimension:  36708
 Residual error:0.001000
 0  6.136058e-01
 1  3.493272e-01
 2  2.178426e-01
 3  1.491035e-01
 4  1.046102e-01
 5  7.892685e-02
 6  6.033376e-02
 7  4.735531e-02
 8  3.811313e-02
 9  3.059020e-02
 10  2.453285e-02
 11  1.996898e-02
 12  1.616462e-02
 13  1.323147e-02
 14  1.079118e-02
 15  8.756427e-03
 16  7.239670e-03
 17  5.940549e-03
 18  4.837147e-03
 19  3.968667e-03
 20  3.237970e-03
 21  2.610508e-03
 22  2.165870e-03
 23  1.794094e-03
 24  1.524109e-03
 25  1.300532e-03
 26  1.117596e-03
 27  1.000417e-03
 28  9.152038e-04
 Iteration CPU time: 6 s
 CFIE residual: 0.000915204

 Iseg, Irank, Idinc : 1, 33, 179
 Thata, Phi : 90.000000, 178.000000
 Maximun iteration: 300
 Number of recycle truncation: 30
 Final matrix dimension:  36708
 Residual error:0.001000
 0  5.789999e-01
 1  2.990599e-01
 2  1.873957e-01
 3  1.320332e-01
 4  1.020322e-01
 5  8.005848e-02
 6  6.418050e-02
 7  5.433537e-02
 8  4.470662e-02
 9  3.559967e-02
 10  2.851088e-02
 11  2.325853e-02
 12  1.883250e-02
 13  1.574564e-02
 14  1.245910e-02
 15  9.886569e-03
 16  7.942789e-03
 17  6.376638e-03
 18  5.218403e-03
 19  4.321028e-03
 20  3.534713e-03
 21  2.952377e-03
 22  2.442694e-03
 23  2.028248e-03
 24  1.702862e-03
 25  1.415628e-03
 26  1.156281e-03
 27  9.580745e-04
 Iteration CPU time: 6 s
 CFIE residual: 0.000958074

 Iseg, Irank, Idinc : 1, 34, 3
 Thata, Phi : 90.000000, 2.000000
 Maximun iteration: 300
 Number of recycle truncation: 30
 Final matrix dimension:  36708
 Residual error:0.001000
 0  5.175963e-01
 1  2.707916e-01
 2  1.753018e-01
 3  1.215986e-01
 4  8.670770e-02
 5  6.586106e-02
 6  5.099076e-02
 7  3.768328e-02
 8  2.856735e-02
 9  2.298219e-02
 10  1.846759e-02
 11  1.489072e-02
 12  1.159636e-02
 13  9.291685e-03
 14  7.515471e-03
 15  6.107201e-03
 16  5.016870e-03
 17  4.230912e-03
 18  3.529938e-03
 19  3.008568e-03
 20  2.587819e-03
 21  2.224241e-03
 22  1.861194e-03
 23  1.535303e-03
 24  1.255399e-03
 25  1.022958e-03
 26  8.312438e-04
 Iteration CPU time: 6 s
 CFIE residual: 0.000831244

 Iseg, Irank, Idinc : 1, 35, 163
 Thata, Phi : 90.000000, 162.000000
 Maximun iteration: 300
 Number of recycle truncation: 30
 Final matrix dimension:  36708
 Residual error:0.001000
 0  6.014397e-01
 1  3.061652e-01
 2  1.868806e-01
 3  1.292714e-01
 4  9.938946e-02
 5  7.888910e-02
 6  6.437856e-02
 7  5.233117e-02
 8  4.390205e-02
 9  3.771016e-02
 10  3.244535e-02
 11  2.739533e-02
 12  2.316193e-02
 13  1.972762e-02
 14  1.657271e-02
 15  1.368670e-02
 16  1.115092e-02
 17  9.132574e-03
 18  7.511732e-03
 19  6.109870e-03
 20  4.924923e-03
 21  3.948112e-03
 22  3.220845e-03
 23  2.604938e-03
 24  2.127574e-03
 25  1.685967e-03
 26  1.341563e-03
 27  1.055081e-03
 28  8.460971e-04
 Iteration CPU time: 7 s
 CFIE residual: 0.000846097

 Iseg, Irank, Idinc : 1, 36, 48
 Thata, Phi : 90.000000, 47.000000
 Maximun iteration: 300
 Number of recycle truncation: 30
 Final matrix dimension:  36708
 Residual error:0.001000
 0  6.405822e-01
 1  3.300540e-01
 2  2.043218e-01
 3  1.335591e-01
 4  9.532030e-02
 5  7.278721e-02
 6  5.469059e-02
 7  4.178810e-02
 8  3.215710e-02
 9  2.441999e-02
 10  1.838090e-02
 11  1.423847e-02
 12  1.109453e-02
 13  8.917122e-03
 14  7.318942e-03
 15  5.851903e-03
 16  4.594119e-03
 17  3.672651e-03
 18  2.869381e-03
 19  2.284545e-03
 20  1.821281e-03
 21  1.487673e-03
 22  1.215270e-03
 23  1.016038e-03
 24  8.514502e-04
 Iteration CPU time: 5 s
 CFIE residual: 0.00085145

 Iseg, Irank, Idinc : 1, 37, 120
 Thata, Phi : 90.000000, 119.000000
 Maximun iteration: 300
 Number of recycle truncation: 30
 Final matrix dimension:  36708
 Residual error:0.001000
 0  6.483791e-01
 1  3.433969e-01
 2  2.188468e-01
 3  1.531188e-01
 4  1.091679e-01
 5  8.077231e-02
 6  6.375314e-02
 7  4.946749e-02
 8  3.882690e-02
 9  3.074764e-02
 10  2.485167e-02
 11  1.959192e-02
 12  1.550779e-02
 13  1.246378e-02
 14  1.026236e-02
 15  8.283864e-03
 16  6.929071e-03
 17  5.673467e-03
 18  4.600163e-03
 19  3.862039e-03
 20  3.156929e-03
 21  2.603520e-03
 22  2.169268e-03
 23  1.834723e-03
 24  1.530452e-03
 25  1.252525e-03
 26  1.037074e-03
 27  8.672190e-04
 Iteration CPU time: 6 s
 CFIE residual: 0.000867219

 Iseg, Irank, Idinc : 1, 38, 77
 Thata, Phi : 90.000000, 76.000000
 Maximun iteration: 300
 Number of recycle truncation: 30
 Final matrix dimension:  36708
 Residual error:0.001000
 0  6.236345e-01
 1  3.572707e-01
 2  2.318074e-01
 3  1.470019e-01
 4  1.039870e-01
 5  7.829486e-02
 6  6.129467e-02
 7  4.766161e-02
 8  3.758309e-02
 9  3.015949e-02
 10  2.402921e-02
 11  1.902003e-02
 12  1.524363e-02
 13  1.230878e-02
 14  1.027046e-02
 15  8.392985e-03
 16  6.921532e-03
 17  5.679966e-03
 18  4.718765e-03
 19  3.968221e-03
 20  3.313371e-03
 21  2.754470e-03
 22  2.320718e-03
 23  1.947548e-03
 24  1.691183e-03
 25  1.523227e-03
 26  1.378806e-03
 27  1.291650e-03
 28  1.210644e-03
 29  1.154424e-03
 30  1.119164e-03
 31  1.086162e-03
 32  1.060744e-03
 33  1.033890e-03
 34  9.963674e-04
 Iteration CPU time: 8 s
 CFIE residual: 0.000996367

 Iseg, Irank, Idinc : 1, 39, 13
 Thata, Phi : 90.000000, 12.000000
 Maximun iteration: 300
 Number of recycle truncation: 30
 Final matrix dimension:  36708
 Residual error:0.001000
 0  5.652480e-01
 1  2.804937e-01
 2  1.751513e-01
 3  1.227824e-01
 4  8.844844e-02
 5  6.575271e-02
 6  5.092536e-02
 7  3.929100e-02
 8  3.088165e-02
 9  2.445429e-02
 10  1.909632e-02
 11  1.495314e-02
 12  1.189137e-02
 13  9.649690e-03
 14  7.906950e-03
 15  6.264813e-03
 16  5.106110e-03
 17  4.286396e-03
 18  3.608686e-03
 19  3.081198e-03
 20  2.569314e-03
 21  2.111251e-03
 22  1.757451e-03
 23  1.471752e-03
 24  1.252572e-03
 25  1.049736e-03
 26  8.979151e-04
 Iteration CPU time: 6 s
 CFIE residual: 0.000897915
 Last Built End in Sep 21 2025 00:06:12
 Total CPU time: 269 s
 Finished.
