 Last Built Begin in Sep 21 2025 00:06:12
 Pre-Type( Input ):           10
 Skl-Tol ( Input ):    1.0000000000000001E-005
 Wavelength in freespace: 0.0296443

 ################################################
 ##         Generating Required Mesh          ##
 ##         Waiting.....                      ##
 ################################################
 Subd No.      Subd Name
    1    Open-Duct_PRIME_model_meshAA1                                     
 isub,  nnode, npatch,  nedge:
    1      6118     12236     18354
 Scale Factor         >>   1.54999997E-02
 ################################################

 START TIME: 20250922   061113.069


 Informaton for IE geometry:
 number of subdomains     : 1
 maxnode,maxpatch,maxedge : 6118  12236  18354
 
 Index of Mat-Reg: 1
 Mat-Reg Number via MatFlg: 1
 Edge Number of Mat-Reg: 1, 18354

 Number of Edge on PEC: 18354
 Mat-Reg: No Dim(m) Lmax:
    1 0.242    5
 Totlmax, add1, add2:           5           6           7
 rlengmax of Global MLFMA >>   0.24187059570199163     
 Lmax of Global MLFMA >>            5
 Wavenum of Mat-Reg:
    1 1.000

 total area in sq m           =      0.0510
 total area in sq lambda      =     58.0006
 maxnode, maxpatch, maxedge           =     6118    12236    18354
 longest  edge in lambda              =      0.1575
 shortest edge in lambda              =      0.0075
 average  edge in lambda              =      0.1051
 largest  patch area in sq lambda     =      0.0084
 smallest patch area in sq lambda     =      0.0000
 ave    surface area in sq lambda     =      0.0047
 size range of the object in sq lambda =      7.7399

 #### MLFMA Info For Each Region ####
 Mat-Region =            1
 Array dimension parameters:
 maxrule=          14   maxgrid  =          64
 lmax   =           5   ncmax    =        1250
 lsmax  =          27   lsmin    =           7
 kpm    =        1462   kp0      =         102
 ntlm   =      217096   nsm      =      232158
 nkpm   =        2284   niplm    =      146176
 ngnearm=       14257   ngsndm   =       64634
 nearm  =         333   mfinestm =         119
 ###############################

 CFIE Alpha:  0.50000000000000000     

 Fill MLFMA FI for Mat-Reg:           1
 Begin filltl.f
 fill translation matrix
 Level:            2
 fill shifting matrix
 Level:            3
 fill shifting matrix
 Level:            4
 fill shifting matrix
 Level:            5
 fill shifting matrix
 translator time(s):  0.120000005    
 fill interpolation matrix
 ThetaOrder            8
 PhiOrder            8
 lsl            7
 Filling TL                  Delta_CPU=          0.54 Memory(MB)=        653.98
 Filling sndgrp              Delta_CPU=          0.01 Memory(MB)=        653.98
 Filling VFS                 Delta_CPU=          3.28 Memory(MB)=        653.98

 Fill MLFMA NI for Mat-Reg:           1
 Begin fill sparser part of Nearfield
 Begin fill denser part of Nearfield
 End fill
 Filling Amn                 Delta_CPU=         89.95 Memory(MB)=        653.98


 Now testing preconditioner with
 ipretype =           10
 method = cfie_solve_nfrasspspre_pardiso

  
 NBP>>Begin fill sparser part of Nearfield

117.7940% NBP>>Begin fill denser part of Nearfield

200.1041%
 Begin MLFMA Box-Matrix Based Spar-RAS Prec Constructor
 --- Intel MKL PARDISO --- 
 Memory for iGroup: 1 0 MB
 Total Memory For SparRAS Pre: 0 MB
 --- PARDISO PRECONDITIONER INITIALIZED --- 
 Constructing preconditioner CPU time: 4 s
 
 1101240
 Memory for Iteration:: 16.8036 MB

 Iseg, Ninc_S : 1, 181, 0

 Iseg, Skeleton Angles: 1, 39
 Iseg, Skel-Pk Mem(MB): 1, 314.35

 Iseg, Irank, Idinc : 1, 1, 42
 Thata, Phi : 90.000000, 41.000000
 Maximun iteration: 300
 Number of recycle truncation: 30
 Final matrix dimension:  36708
 Residual error:0.001000
 0  6.310895e-01
 1  3.148829e-01
 2  1.983913e-01
 3  1.273348e-01
 4  8.749768e-02
 5  6.460121e-02
 6  4.818217e-02
 7  3.690982e-02
 8  2.810133e-02
 9  2.110227e-02
 10  1.582026e-02
 11  1.258773e-02
 12  9.945933e-03
 13  8.012016e-03
 14  6.524918e-03
 15  5.120950e-03
 16  4.174555e-03
 17  3.403496e-03
 18  2.721102e-03
 19  2.208578e-03
 20  1.773626e-03
 21  1.434060e-03
 22  1.169213e-03
 23  9.892949e-04
 Iteration CPU time: 5 s
 CFIE residual: 0.000989295

 Iseg, Irank, Idinc : 1, 2, 22
 Thata, Phi : 90.000000, 21.000000
 Maximun iteration: 300
 Number of recycle truncation: 30
 Final matrix dimension:  36708
 Residual error:0.001000
 0  6.250487e-01
 1  2.932272e-01
 2  1.704223e-01
 3  1.140593e-01
 4  7.944141e-02
 5  5.881313e-02
 6  4.472449e-02
 7  3.444503e-02
 8  2.765055e-02
 9  2.215163e-02
 10  1.755505e-02
 11  1.381674e-02
 12  1.135720e-02
 13  9.153703e-03
 14  7.775777e-03
 15  6.236506e-03
 16  5.098831e-03
 17  4.270047e-03
 18  3.570202e-03
 19  3.015242e-03
 20  2.486463e-03
 21  1.956154e-03
 22  1.589284e-03
 23  1.320725e-03
 24  1.097904e-03
 25  9.075557e-04
 Iteration CPU time: 6 s
 CFIE residual: 0.000907556

 Iseg, Irank, Idinc : 1, 3, 109
 Thata, Phi : 90.000000, 108.000000
 Maximun iteration: 300
 Number of recycle truncation: 30
 Final matrix dimension:  36708
 Residual error:0.001000
 0  6.235909e-01
 1  3.524485e-01
 2  2.195969e-01
 3  1.506070e-01
 4  1.055967e-01
 5  7.947591e-02
 6  6.088818e-02
 7  4.751008e-02
 8  3.810813e-02
 9  2.999559e-02
 10  2.377077e-02
 11  1.920883e-02
 12  1.557333e-02
 13  1.278908e-02
 14  1.050294e-02
 15  8.473151e-03
 16  7.043774e-03
 17  5.768201e-03
 18  4.664084e-03
 19  3.904885e-03
 20  3.189731e-03
 21  2.555675e-03
 22  2.087432e-03
 23  1.725035e-03
 24  1.453049e-03
 25  1.226959e-03
 26  1.063670e-03
 27  9.509497e-04
 Iteration CPU time: 7 s
 CFIE residual: 0.00095095

 Iseg, Irank, Idinc : 1, 4, 63
 Thata, Phi : 90.000000, 62.000000
 Maximun iteration: 300
 Number of recycle truncation: 30
 Final matrix dimension:  36708
 Residual error:0.001000
 0  6.598087e-01
 1  3.566520e-01
 2  2.217237e-01
 3  1.420376e-01
 4  1.007277e-01
 5  7.724226e-02
 6  5.786403e-02
 7  4.549868e-02
 8  3.624857e-02
 9  2.843247e-02
 10  2.190217e-02
 11  1.671570e-02
 12  1.327051e-02
 13  1.049813e-02
 14  8.422632e-03
 15  6.908208e-03
 16  5.483875e-03
 17  4.542664e-03
 18  3.666964e-03
 19  3.040040e-03
 20  2.594978e-03
 21  2.205285e-03
 22  1.833053e-03
 23  1.583211e-03
 24  1.410507e-03
 25  1.289651e-03
 26  1.191224e-03
 27  1.123766e-03
 28  1.087622e-03
 29  1.062122e-03
 30  1.040001e-03
 31  1.018039e-03
 32  9.958963e-04
 Iteration CPU time: 7 s
 CFIE residual: 0.000995896

 Iseg, Irank, Idinc : 1, 5, 147
 Thata, Phi : 90.000000, 146.000000
 Maximun iteration: 300
 Number of recycle truncation: 30
 Final matrix dimension:  36708
 Residual error:0.001000
 0  6.542375e-01
 1  3.447371e-01
 2  2.099465e-01
 3  1.411331e-01
 4  1.020206e-01
 5  7.739640e-02
 6  6.080108e-02
 7  4.744913e-02
 8  3.950346e-02
 9  3.402515e-02
 10  2.876891e-02
 11  2.450402e-02
 12  2.068563e-02
 13  1.717343e-02
 14  1.424804e-02
 15  1.175696e-02
 16  9.574040e-03
 17  7.827260e-03
 18  6.340900e-03
 19  5.128121e-03
 20  4.087643e-03
 21  3.277308e-03
 22  2.702352e-03
 23  2.218779e-03
 24  1.818179e-03
 25  1.416558e-03
 26  1.128808e-03
 27  8.926007e-04
 Iteration CPU time: 6 s
 CFIE residual: 0.000892601

 Iseg, Irank, Idinc : 1, 6, 136
 Thata, Phi : 90.000000, 135.000000
 Maximun iteration: 300
 Number of recycle truncation: 30
 Final matrix dimension:  36708
 Residual error:0.001000
 0  6.977693e-01
 1  3.518468e-01
 2  2.194302e-01
 3  1.485930e-01
 4  1.078446e-01
 5  8.105934e-02
 6  6.145889e-02
 7  4.850883e-02
 8  3.859390e-02
 9  3.199896e-02
 10  2.584670e-02
 11  2.083600e-02
 12  1.708785e-02
 13  1.400299e-02
 14  1.131430e-02
 15  9.243118e-03
 16  7.455130e-03
 17  6.121904e-03
 18  4.982197e-03
 19  4.051284e-03
 20  3.316341e-03
 21  2.757421e-03
 22  2.330933e-03
 23  1.963142e-03
 24  1.674354e-03
 25  1.452460e-03
 26  1.256058e-03
 27  1.102614e-03
 28  9.905482e-04
 Iteration CPU time: 7 s
 CFIE residual: 0.000990548

 Iseg, Irank, Idinc : 1, 7, 73
 Thata, Phi : 90.000000, 72.000000
 Maximun iteration: 300
 Number of recycle truncation: 30
 Final matrix dimension:  36708
 Residual error:0.001000
 0  6.362428e-01
 1  3.629666e-01
 2  2.353020e-01
 3  1.474889e-01
 4  1.029652e-01
 5  7.972419e-02
 6  6.174927e-02
 7  4.736720e-02
 8  3.786239e-02
 9  3.022515e-02
 10  2.433870e-02
 11  1.928385e-02
 12  1.534754e-02
 13  1.233326e-02
 14  1.001590e-02
 15  8.129159e-03
 16  6.575767e-03
 17  5.489688e-03
 18  4.501199e-03
 19  3.817875e-03
 20  3.224359e-03
 21  2.693220e-03
 22  2.268825e-03
 23  1.937155e-03
 24  1.703316e-03
 25  1.552370e-03
 26  1.438411e-03
 27  1.361710e-03
 28  1.305032e-03
 29  1.263401e-03
 30  1.235424e-03
 31  1.205074e-03
 32  1.176581e-03
 33  1.138335e-03
 34  1.093704e-03
 35  1.051902e-03
 36  1.008259e-03
 37  9.582987e-04
 Iteration CPU time: 9 s
 CFIE residual: 0.000958299

 Iseg, Irank, Idinc : 1, 8, 86
 Thata, Phi : 90.000000, 85.000000
 Maximun iteration: 300
 Number of recycle truncation: 30
 Final matrix dimension:  36708
 Residual error:0.001000
 0  6.107861e-01
 1  3.470528e-01
 2  2.222565e-01
 3  1.515161e-01
 4  1.099741e-01
 5  8.370157e-02
 6  6.412507e-02
 7  5.059394e-02
 8  4.102938e-02
 9  3.223460e-02
 10  2.531294e-02
 11  2.019536e-02
 12  1.668399e-02
 13  1.352907e-02
 14  1.104506e-02
 15  8.722503e-03
 16  7.110223e-03
 17  5.846075e-03
 18  4.777320e-03
 19  3.938164e-03
 20  3.291173e-03
 21  2.745440e-03
 22  2.353325e-03
 23  2.049039e-03
 24  1.807249e-03
 25  1.629814e-03
 26  1.479907e-03
 27  1.374169e-03
 28  1.290143e-03
 29  1.234343e-03
 30  1.194213e-03
 31  1.168302e-03
 32  1.139721e-03
 33  1.105731e-03
 34  1.062214e-03
 35  1.021157e-03
 36  9.841073e-04
 Iteration CPU time: 8 s
 CFIE residual: 0.000984107

 Iseg, Irank, Idinc : 1, 9, 159
 Thata, Phi : 90.000000, 158.000000
 Maximun iteration: 300
 Number of recycle truncation: 30
 Final matrix dimension:  36708
 Residual error:0.001000
 0  6.166951e-01
 1  3.141250e-01
 2  1.913885e-01
 3  1.294079e-01
 4  9.797826e-02
 5  7.762881e-02
 6  6.245643e-02
 7  5.093376e-02
 8  4.286033e-02
 9  3.655907e-02
 10  3.120902e-02
 11  2.660276e-02
 12  2.275161e-02
 13  1.914300e-02
 14  1.559916e-02
 15  1.309306e-02
 16  1.077166e-02
 17  8.849229e-03
 18  7.281222e-03
 19  5.888649e-03
 20  4.820798e-03
 21  3.868210e-03
 22  3.148572e-03
 23  2.551799e-03
 24  2.036865e-03
 25  1.627177e-03
 26  1.258849e-03
 27  1.002769e-03
 28  7.713322e-04
 Iteration CPU time: 6 s
 CFIE residual: 0.000771332

 Iseg, Irank, Idinc : 1, 10, 123
 Thata, Phi : 90.000000, 122.000000
 Maximun iteration: 300
 Number of recycle truncation: 30
 Final matrix dimension:  36708
 Residual error:0.001000
 0  6.518588e-01
 1  3.406479e-01
 2  2.214976e-01
 3  1.555374e-01
 4  1.112248e-01
 5  8.221648e-02
 6  6.493680e-02
 7  5.048779e-02
 8  3.962063e-02
 9  3.181264e-02
 10  2.482621e-02
 11  1.981281e-02
 12  1.554026e-02
 13  1.231916e-02
 14  1.002274e-02
 15  8.328311e-03
 16  6.853231e-03
 17  5.719408e-03
 18  4.637877e-03
 19  3.951594e-03
 20  3.293837e-03
 21  2.722014e-03
 22  2.319238e-03
 23  1.982020e-03
 24  1.674724e-03
 25  1.397965e-03
 26  1.180010e-03
 27  1.004371e-03
 28  8.664432e-04
 Iteration CPU time: 7 s
 CFIE residual: 0.000866443

 Iseg, Irank, Idinc : 1, 11, 53
 Thata, Phi : 90.000000, 52.000000
 Maximun iteration: 300
 Number of recycle truncation: 30
 Final matrix dimension:  36708
 Residual error:0.001000
 0  6.521875e-01
 1  3.414406e-01
 2  2.094328e-01
 3  1.342914e-01
 4  9.582303e-02
 5  7.235128e-02
 6  5.553257e-02
 7  4.300351e-02
 8  3.273411e-02
 9  2.488532e-02
 10  1.914334e-02
 11  1.474956e-02
 12  1.149848e-02
 13  9.068958e-03
 14  7.472014e-03
 15  5.994090e-03
 16  4.772624e-03
 17  3.775102e-03
 18  2.972987e-03
 19  2.379230e-03
 20  1.938909e-03
 21  1.611346e-03
 22  1.341634e-03
 23  1.159366e-03
 24  1.021090e-03
 25  9.184097e-04
 Iteration CPU time: 6 s
 CFIE residual: 0.00091841

 Iseg, Irank, Idinc : 1, 12, 32
 Thata, Phi : 90.000000, 31.000000
 Maximun iteration: 300
 Number of recycle truncation: 30
 Final matrix dimension:  36708
 Residual error:0.001000
 0  6.336290e-01
 1  3.062007e-01
 2  1.809787e-01
 3  1.133531e-01
 4  7.972573e-02
 5  5.843331e-02
 6  4.276538e-02
 7  3.260204e-02
 8  2.566328e-02
 9  2.003673e-02
 10  1.605953e-02
 11  1.319188e-02
 12  1.046950e-02
 13  8.351558e-03
 14  6.945924e-03
 15  5.487098e-03
 16  4.510867e-03
 17  3.671380e-03
 18  3.043608e-03
 19  2.580636e-03
 20  2.125631e-03
 21  1.714941e-03
 22  1.396330e-03
 23  1.161782e-03
 24  9.543062e-04
 Iteration CPU time: 5 s
 CFIE residual: 0.000954306

 Iseg, Irank, Idinc : 1, 13, 177
 Thata, Phi : 90.000000, 176.000000
 Maximun iteration: 300
 Number of recycle truncation: 30
 Final matrix dimension:  36708
 Residual error:0.001000
 0  5.800809e-01
 1  2.989659e-01
 2  1.874575e-01
 3  1.323097e-01
 4  1.025166e-01
 5  8.082000e-02
 6  6.483235e-02
 7  5.480769e-02
 8  4.517294e-02
 9  3.622180e-02
 10  2.961687e-02
 11  2.454752e-02
 12  1.983274e-02
 13  1.685245e-02
 14  1.348948e-02
 15  1.096859e-02
 16  8.902355e-03
 17  7.197449e-03
 18  5.831734e-03
 19  4.793704e-03
 20  3.924428e-03
 21  3.277116e-03
 22  2.736491e-03
 23  2.293928e-03
 24  1.929347e-03
 25  1.610016e-03
 26  1.325128e-03
 27  1.103308e-03
 28  9.159233e-04
 Iteration CPU time: 7 s
 CFIE residual: 0.000915923

 Iseg, Irank, Idinc : 1, 14, 10
 Thata, Phi : 90.000000, 9.000000
 Maximun iteration: 300
 Number of recycle truncation: 30
 Final matrix dimension:  36708
 Residual error:0.001000
 0  5.466021e-01
 1  2.768871e-01
 2  1.753722e-01
 3  1.234958e-01
 4  8.942428e-02
 5  6.662655e-02
 6  5.101214e-02
 7  3.943540e-02
 8  3.093328e-02
 9  2.413124e-02
 10  1.872187e-02
 11  1.488729e-02
 12  1.206584e-02
 13  9.829369e-03
 14  7.885153e-03
 15  6.186047e-03
 16  5.098921e-03
 17  4.279297e-03
 18  3.585937e-03
 19  3.070929e-03
 20  2.611960e-03
 21  2.184193e-03
 22  1.819687e-03
 23  1.528021e-03
 24  1.299469e-03
 25  1.085569e-03
 26  9.348449e-04
 Iteration CPU time: 6 s
 CFIE residual: 0.000934845

 Iseg, Irank, Idinc : 1, 15, 94
 Thata, Phi : 90.000000, 93.000000
 Maximun iteration: 300
 Number of recycle truncation: 30
 Final matrix dimension:  36708
 Residual error:0.001000
 0  6.057150e-01
 1  3.458076e-01
 2  2.187505e-01
 3  1.469145e-01
 4  1.046542e-01
 5  8.041142e-02
 6  6.300352e-02
 7  4.962960e-02
 8  3.969153e-02
 9  3.137694e-02
 10  2.509103e-02
 11  2.032420e-02
 12  1.668320e-02
 13  1.402183e-02
 14  1.167308e-02
 15  9.379860e-03
 16  7.660011e-03
 17  6.267939e-03
 18  5.153094e-03
 19  4.219071e-03
 20  3.482779e-03
 21  2.877313e-03
 22  2.408081e-03
 23  2.065055e-03
 24  1.818214e-03
 25  1.599470e-03
 26  1.422037e-03
 27  1.309655e-03
 28  1.235461e-03
 29  1.173319e-03
 30  1.127289e-03
 31  1.093964e-03
 32  1.067907e-03
 33  1.038254e-03
 34  1.006740e-03
 35  9.775510e-04
 Iteration CPU time: 8 s
 CFIE residual: 0.000977551

 Iseg, Irank, Idinc : 1, 16, 102
 Thata, Phi : 90.000000, 101.000000
 Maximun iteration: 300
 Number of recycle truncation: 30
 Final matrix dimension:  36708
 Residual error:0.001000
 0  6.099255e-01
 1  3.462604e-01
 2  2.164846e-01
 3  1.474952e-01
 4  1.045112e-01
 5  7.839690e-02
 6  5.980972e-02
 7  4.742456e-02
 8  3.757500e-02
 9  3.042386e-02
 10  2.493640e-02
 11  2.029770e-02
 12  1.634345e-02
 13  1.341962e-02
 14  1.105124e-02
 15  9.187370e-03
 16  7.548583e-03
 17  6.240646e-03
 18  5.055561e-03
 19  4.148897e-03
 20  3.370598e-03
 21  2.748722e-03
 22  2.318747e-03
 23  1.927003e-03
 24  1.652265e-03
 25  1.441034e-03
 26  1.263907e-03
 27  1.150291e-03
 28  1.066167e-03
 29  1.007512e-03
 30  9.666433e-04
 Iteration CPU time: 7 s
 CFIE residual: 0.000966643

 Iseg, Irank, Idinc : 1, 17, 79
 Thata, Phi : 90.000000, 78.000000
 Maximun iteration: 300
 Number of recycle truncation: 30
 Final matrix dimension:  36708
 Residual error:0.001000
 0  6.181128e-01
 1  3.539167e-01
 2  2.286468e-01
 3  1.476365e-01
 4  1.057996e-01
 5  8.030447e-02
 6  6.250372e-02
 7  4.886333e-02
 8  3.910342e-02
 9  3.098676e-02
 10  2.438597e-02
 11  1.887345e-02
 12  1.535233e-02
 13  1.260654e-02
 14  1.047376e-02
 15  8.586066e-03
 16  7.078989e-03
 17  5.730539e-03
 18  4.736778e-03
 19  3.990842e-03
 20  3.343778e-03
 21  2.802373e-03
 22  2.399647e-03
 23  2.058416e-03
 24  1.806887e-03
 25  1.642932e-03
 26  1.502202e-03
 27  1.417430e-03
 28  1.335271e-03
 29  1.279126e-03
 30  1.239044e-03
 31  1.203462e-03
 32  1.176208e-03
 33  1.144842e-03
 34  1.107037e-03
 35  1.056521e-03
 36  1.023187e-03
 37  9.750260e-04
 Iteration CPU time: 9 s
 CFIE residual: 0.000975026

 Iseg, Irank, Idinc : 1, 18, 116
 Thata, Phi : 90.000000, 115.000000
 Maximun iteration: 300
 Number of recycle truncation: 30
 Final matrix dimension:  36708
 Residual error:0.001000
 0  6.444048e-01
 1  3.479411e-01
 2  2.173068e-01
 3  1.517738e-01
 4  1.085459e-01
 5  7.928303e-02
 6  6.135710e-02
 7  4.791833e-02
 8  3.798931e-02
 9  2.992333e-02
 10  2.383262e-02
 11  1.872852e-02
 12  1.494924e-02
 13  1.227211e-02
 14  9.998145e-03
 15  8.211953e-03
 16  6.779454e-03
 17  5.503933e-03
 18  4.439212e-03
 19  3.779812e-03
 20  3.096207e-03
 21  2.527010e-03
 22  2.130891e-03
 23  1.755499e-03
 24  1.449824e-03
 25  1.178124e-03
 26  1.012967e-03
 27  8.581028e-04
 Iteration CPU time: 6 s
 CFIE residual: 0.000858103

 Iseg, Irank, Idinc : 1, 19, 1
 Thata, Phi : 90.000000, 0.000000
 Maximun iteration: 300
 Number of recycle truncation: 30
 Final matrix dimension:  36708
 Residual error:0.001000
 0  5.161423e-01
 1  2.704914e-01
 2  1.752566e-01
 3  1.212748e-01
 4  8.621150e-02
 5  6.563618e-02
 6  5.105793e-02
 7  3.764200e-02
 8  2.842676e-02
 9  2.269834e-02
 10  1.824401e-02
 11  1.478396e-02
 12  1.125035e-02
 13  8.991794e-03
 14  7.196847e-03
 15  5.861397e-03
 16  4.790975e-03
 17  4.007488e-03
 18  3.374622e-03
 19  2.899942e-03
 20  2.474178e-03
 21  2.086008e-03
 22  1.739362e-03
 23  1.413322e-03
 24  1.107499e-03
 25  8.826681e-04
 Iteration CPU time: 6 s
 CFIE residual: 0.000882668

 Iseg, Irank, Idinc : 1, 20, 167
 Thata, Phi : 90.000000, 166.000000
 Maximun iteration: 300
 Number of recycle truncation: 30
 Final matrix dimension:  36708
 Residual error:0.001000
 0  5.898918e-01
 1  3.011396e-01
 2  1.866229e-01
 3  1.312461e-01
 4  1.019797e-01
 5  8.062121e-02
 6  6.547771e-02
 7  5.446361e-02
 8  4.538548e-02
 9  3.827871e-02
 10  3.238441e-02
 11  2.727277e-02
 12  2.344243e-02
 13  1.996462e-02
 14  1.655170e-02
 15  1.365832e-02
 16  1.116947e-02
 17  9.312288e-03
 18  7.652803e-03
 19  6.209999e-03
 20  4.994128e-03
 21  4.039414e-03
 22  3.343654e-03
 23  2.731470e-03
 24  2.226614e-03
 25  1.795429e-03
 26  1.435037e-03
 27  1.147639e-03
 28  9.303368e-04
 Iteration CPU time: 7 s
 CFIE residual: 0.000930337

 Iseg, Irank, Idinc : 1, 21, 153
 Thata, Phi : 90.000000, 152.000000
 Maximun iteration: 300
 Number of recycle truncation: 30
 Final matrix dimension:  36708
 Residual error:0.001000
 0  6.341581e-01
 1  3.291140e-01
 2  2.023461e-01
 3  1.341703e-01
 4  9.916019e-02
 5  7.730742e-02
 6  6.076630e-02
 7  4.871324e-02
 8  4.064923e-02
 9  3.453185e-02
 10  2.924983e-02
 11  2.457155e-02
 12  2.109244e-02
 13  1.770456e-02
 14  1.434534e-02
 15  1.181681e-02
 16  9.655420e-03
 17  8.021911e-03
 18  6.614914e-03
 19  5.441537e-03
 20  4.422024e-03
 21  3.583689e-03
 22  2.875393e-03
 23  2.371036e-03
 24  1.876544e-03
 25  1.448479e-03
 26  1.147487e-03
 27  8.908416e-04
 Iteration CPU time: 6 s
 CFIE residual: 0.000890842

 Iseg, Irank, Idinc : 1, 22, 181
 Thata, Phi : 90.000000, 180.000000
 Maximun iteration: 300
 Number of recycle truncation: 30
 Final matrix dimension:  36708
 Residual error:0.001000
 0  5.795014e-01
 1  2.989257e-01
 2  1.871368e-01
 3  1.317505e-01
 4  1.015418e-01
 5  7.952905e-02
 6  6.381858e-02
 7  5.393572e-02
 8  4.441486e-02
 9  3.535378e-02
 10  2.809244e-02
 11  2.259190e-02
 12  1.852087e-02
 13  1.481347e-02
 14  1.185575e-02
 15  9.171357e-03
 16  7.171511e-03
 17  5.811327e-03
 18  4.820078e-03
 19  3.949454e-03
 20  3.285637e-03
 21  2.716083e-03
 22  2.250847e-03
 23  1.850874e-03
 24  1.542481e-03
 25  1.255048e-03
 26  1.028589e-03
 27  8.466916e-04
 Iteration CPU time: 6 s
 CFIE residual: 0.000846692

 Iseg, Irank, Idinc : 1, 23, 16
 Thata, Phi : 90.000000, 15.000000
 Maximun iteration: 300
 Number of recycle truncation: 30
 Final matrix dimension:  36708
 Residual error:0.001000
 0  5.865217e-01
 1  2.845459e-01
 2  1.738752e-01
 3  1.201192e-01
 4  8.538273e-02
 5  6.343245e-02
 6  4.952886e-02
 7  3.811065e-02
 8  2.994556e-02
 9  2.406945e-02
 10  1.907585e-02
 11  1.491530e-02
 12  1.180456e-02
 13  9.480382e-03
 14  7.896220e-03
 15  6.301410e-03
 16  5.165979e-03
 17  4.324605e-03
 18  3.632935e-03
 19  3.089149e-03
 20  2.544704e-03
 21  2.055053e-03
 22  1.704711e-03
 23  1.421320e-03
 24  1.201342e-03
 25  1.003702e-03
 26  8.518083e-04
 Iteration CPU time: 6 s
 CFIE residual: 0.000851808

 Iseg, Irank, Idinc : 1, 24, 130
 Thata, Phi : 90.000000, 129.000000
 Maximun iteration: 300
 Number of recycle truncation: 30
 Final matrix dimension:  36708
 Residual error:0.001000
 0  6.738212e-01
 1  3.509047e-01
 2  2.245105e-01
 3  1.536623e-01
 4  1.106359e-01
 5  8.278756e-02
 6  6.370342e-02
 7  4.996955e-02
 8  3.933148e-02
 9  3.216418e-02
 10  2.555865e-02
 11  2.009638e-02
 12  1.567066e-02
 13  1.281093e-02
 14  1.047356e-02
 15  8.416180e-03
 16  6.727481e-03
 17  5.509231e-03
 18  4.588381e-03
 19  3.761055e-03
 20  3.073369e-03
 21  2.547855e-03
 22  2.152510e-03
 23  1.802365e-03
 24  1.549296e-03
 25  1.324700e-03
 26  1.141687e-03
 27  1.003456e-03
 28  8.985796e-04
 Iteration CPU time: 7 s
 CFIE residual: 0.00089858

 Iseg, Irank, Idinc : 1, 25, 48
 Thata, Phi : 90.000000, 47.000000
 Maximun iteration: 300
 Number of recycle truncation: 30
 Final matrix dimension:  36708
 Residual error:0.001000
 0  6.404859e-01
 1  3.300276e-01
 2  2.042954e-01
 3  1.334827e-01
 4  9.521384e-02
 5  7.270667e-02
 6  5.464690e-02
 7  4.171275e-02
 8  3.202745e-02
 9  2.429807e-02
 10  1.831830e-02
 11  1.419944e-02
 12  1.106924e-02
 13  8.910618e-03
 14  7.311856e-03
 15  5.861905e-03
 16  4.616273e-03
 17  3.693215e-03
 18  2.902458e-03
 19  2.320376e-03
 20  1.864601e-03
 21  1.539944e-03
 22  1.278893e-03
 23  1.084916e-03
 24  9.263178e-04
 Iteration CPU time: 6 s
 CFIE residual: 0.000926318

 Iseg, Irank, Idinc : 1, 26, 5
 Thata, Phi : 90.000000, 4.000000
 Maximun iteration: 300
 Number of recycle truncation: 30
 Final matrix dimension:  36708
 Residual error:0.001000
 0  5.228268e-01
 1  2.720519e-01
 2  1.752399e-01
 3  1.221144e-01
 4  8.761525e-02
 5  6.625249e-02
 6  5.084148e-02
 7  3.785922e-02
 8  2.916180e-02
 9  2.335809e-02
 10  1.852144e-02
 11  1.485884e-02
 12  1.188365e-02
 13  9.637874e-03
 14  7.784521e-03
 15  6.191128e-03
 16  5.097034e-03
 17  4.304393e-03
 18  3.586407e-03
 19  3.058179e-03
 20  2.634866e-03
 21  2.256462e-03
 22  1.881630e-03
 23  1.556160e-03
 24  1.287521e-03
 25  1.062818e-03
 26  8.813097e-04
 Iteration CPU time: 6 s
 CFIE residual: 0.00088131

 Iseg, Irank, Idinc : 1, 27, 172
 Thata, Phi : 90.000000, 171.000000
 Maximun iteration: 300
 Number of recycle truncation: 30
 Final matrix dimension:  36708
 Residual error:0.001000
 0  5.825019e-01
 1  2.991401e-01
 2  1.878482e-01
 3  1.330375e-01
 4  1.037257e-01
 5  8.213203e-02
 6  6.610118e-02
 7  5.588162e-02
 8  4.628666e-02
 9  3.811077e-02
 10  3.193537e-02
 11  2.701787e-02
 12  2.246781e-02
 13  1.913463e-02
 14  1.575387e-02
 15  1.315215e-02
 16  1.079874e-02
 17  8.730606e-03
 18  7.088276e-03
 19  5.777976e-03
 20  4.665001e-03
 21  3.832254e-03
 22  3.227913e-03
 23  2.696215e-03
 24  2.217963e-03
 25  1.812318e-03
 26  1.484610e-03
 27  1.215845e-03
 28  9.989328e-04
 Iteration CPU time: 6 s
 CFIE residual: 0.000998933

 Iseg, Irank, Idinc : 1, 28, 68
 Thata, Phi : 90.000000, 67.000000
 Maximun iteration: 300
 Number of recycle truncation: 30
 Final matrix dimension:  36708
 Residual error:0.001000
 0  6.516219e-01
 1  3.656474e-01
 2  2.322782e-01
 3  1.489444e-01
 4  1.058343e-01
 5  8.146551e-02
 6  6.123367e-02
 7  4.866405e-02
 8  3.906351e-02
 9  3.063353e-02
 10  2.377886e-02
 11  1.872925e-02
 12  1.493792e-02
 13  1.190945e-02
 14  9.608175e-03
 15  7.748402e-03
 16  6.209846e-03
 17  5.193280e-03
 18  4.208568e-03
 19  3.486591e-03
 20  2.929078e-03
 21  2.457008e-03
 22  2.071597e-03
 23  1.781282e-03
 24  1.583469e-03
 25  1.448865e-03
 26  1.348069e-03
 27  1.273532e-03
 28  1.229746e-03
 29  1.203345e-03
 30  1.177547e-03
 31  1.150173e-03
 32  1.118440e-03
 33  1.082970e-03
 34  1.049773e-03
 35  1.013134e-03
 36  9.719758e-04
 Iteration CPU time: 8 s
 CFIE residual: 0.000971976

 Iseg, Irank, Idinc : 1, 29, 27
 Thata, Phi : 90.000000, 26.000000
 Maximun iteration: 300
 Number of recycle truncation: 30
 Final matrix dimension:  36708
 Residual error:0.001000
 0  6.404429e-01
 1  2.995967e-01
 2  1.722273e-01
 3  1.109699e-01
 4  7.718976e-02
 5  5.678701e-02
 6  4.197209e-02
 7  3.195105e-02
 8  2.576234e-02
 9  2.067608e-02
 10  1.696646e-02
 11  1.377154e-02
 12  1.106494e-02
 13  8.997647e-03
 14  7.515047e-03
 15  5.996589e-03
 16  4.951972e-03
 17  4.082291e-03
 18  3.413563e-03
 19  2.894209e-03
 20  2.388996e-03
 21  1.872355e-03
 22  1.520939e-03
 23  1.261106e-03
 24  1.035947e-03
 25  8.388560e-04
 Iteration CPU time: 6 s
 CFIE residual: 0.000838856

 Iseg, Irank, Idinc : 1, 30, 141
 Thata, Phi : 90.000000, 140.000000
 Maximun iteration: 300
 Number of recycle truncation: 30
 Final matrix dimension:  36708
 Residual error:0.001000
 0  6.887660e-01
 1  3.491092e-01
 2  2.120103e-01
 3  1.445452e-01
 4  1.059054e-01
 5  7.906277e-02
 6  6.094921e-02
 7  4.782135e-02
 8  3.908757e-02
 9  3.318609e-02
 10  2.737378e-02
 11  2.295144e-02
 12  1.931026e-02
 13  1.581875e-02
 14  1.302762e-02
 15  1.052305e-02
 16  8.542420e-03
 17  7.003367e-03
 18  5.767031e-03
 19  4.571484e-03
 20  3.632504e-03
 21  2.949602e-03
 22  2.463172e-03
 23  2.066185e-03
 24  1.750578e-03
 25  1.463361e-03
 26  1.231852e-03
 27  1.049031e-03
 28  9.232882e-04
 Iteration CPU time: 7 s
 CFIE residual: 0.000923288

 Iseg, Irank, Idinc : 1, 31, 98
 Thata, Phi : 90.000000, 97.000000
 Maximun iteration: 300
 Number of recycle truncation: 30
 Final matrix dimension:  36708
 Residual error:0.001000
 0  6.077508e-01
 1  3.447060e-01
 2  2.169243e-01
 3  1.453327e-01
 4  1.039889e-01
 5  7.856253e-02
 6  6.107376e-02
 7  4.873655e-02
 8  3.828374e-02
 9  3.049349e-02
 10  2.508118e-02
 11  2.035885e-02
 12  1.657000e-02
 13  1.379058e-02
 14  1.140496e-02
 15  9.383429e-03
 16  7.734743e-03
 17  6.378918e-03
 18  5.201848e-03
 19  4.254495e-03
 20  3.440763e-03
 21  2.783989e-03
 22  2.324477e-03
 23  1.951707e-03
 24  1.687937e-03
 25  1.484466e-03
 26  1.322781e-03
 27  1.215948e-03
 28  1.137545e-03
 29  1.085283e-03
 30  1.048737e-03
 31  1.019662e-03
 32  9.935161e-04
 Iteration CPU time: 7 s
 CFIE residual: 0.000993516

 Iseg, Irank, Idinc : 1, 32, 3
 Thata, Phi : 90.000000, 2.000000
 Maximun iteration: 300
 Number of recycle truncation: 30
 Final matrix dimension:  36708
 Residual error:0.001000
 0  5.178581e-01
 1  2.709085e-01
 2  1.752543e-01
 3  1.215145e-01
 4  8.663328e-02
 5  6.585366e-02
 6  5.097858e-02
 7  3.764365e-02
 8  2.851612e-02
 9  2.288374e-02
 10  1.843211e-02
 11  1.485186e-02
 12  1.155651e-02
 13  9.256817e-03
 14  7.490966e-03
 15  6.093937e-03
 16  5.007559e-03
 17  4.228945e-03
 18  3.530320e-03
 19  3.011881e-03
 20  2.590847e-03
 21  2.227227e-03
 22  1.864500e-03
 23  1.534902e-03
 24  1.254681e-03
 25  1.022278e-03
 26  8.310794e-04
 Iteration CPU time: 7 s
 CFIE residual: 0.000831079

 Iseg, Irank, Idinc : 1, 33, 179
 Thata, Phi : 90.000000, 178.000000
 Maximun iteration: 300
 Number of recycle truncation: 30
 Final matrix dimension:  36708
 Residual error:0.001000
 0  5.796633e-01
 1  2.989414e-01
 2  1.872252e-01
 3  1.319116e-01
 4  1.018419e-01
 5  7.995908e-02
 6  6.416975e-02
 7  5.424045e-02
 8  4.466920e-02
 9  3.560064e-02
 10  2.860322e-02
 11  2.335479e-02
 12  1.892786e-02
 13  1.582358e-02
 14  1.248640e-02
 15  9.901230e-03
 16  7.984325e-03
 17  6.422360e-03
 18  5.259794e-03
 19  4.354008e-03
 20  3.560819e-03
 21  2.981237e-03
 22  2.470801e-03
 23  2.056116e-03
 24  1.726730e-03
 25  1.433264e-03
 26  1.174857e-03
 27  9.804790e-04
 Iteration CPU time: 6 s
 CFIE residual: 0.000980479

 Iseg, Irank, Idinc : 1, 34, 37
 Thata, Phi : 90.000000, 36.000000
 Maximun iteration: 300
 Number of recycle truncation: 30
 Final matrix dimension:  36708
 Residual error:0.001000
 0  6.242261e-01
 1  3.116294e-01
 2  1.910145e-01
 3  1.206531e-01
 4  8.310876e-02
 5  6.088397e-02
 6  4.458739e-02
 7  3.411207e-02
 8  2.646930e-02
 9  2.029055e-02
 10  1.569065e-02
 11  1.276812e-02
 12  1.015686e-02
 13  8.173059e-03
 14  6.632493e-03
 15  5.179419e-03
 16  4.260076e-03
 17  3.457831e-03
 18  2.811080e-03
 19  2.348116e-03
 20  1.913663e-03
 21  1.555482e-03
 22  1.259095e-03
 23  1.050241e-03
 24  8.686770e-04
 Iteration CPU time: 5 s
 CFIE residual: 0.000868677

 Iseg, Irank, Idinc : 1, 35, 163
 Thata, Phi : 90.000000, 162.000000
 Maximun iteration: 300
 Number of recycle truncation: 30
 Final matrix dimension:  36708
 Residual error:0.001000
 0  6.019255e-01
 1  3.062137e-01
 2  1.868612e-01
 3  1.292250e-01
 4  9.926640e-02
 5  7.882388e-02
 6  6.429244e-02
 7  5.228503e-02
 8  4.383505e-02
 9  3.765970e-02
 10  3.244380e-02
 11  2.741832e-02
 12  2.317186e-02
 13  1.977375e-02
 14  1.661495e-02
 15  1.376377e-02
 16  1.121087e-02
 17  9.183376e-03
 18  7.552070e-03
 19  6.164940e-03
 20  4.966118e-03
 21  3.989103e-03
 22  3.254735e-03
 23  2.640425e-03
 24  2.151800e-03
 25  1.709250e-03
 26  1.358006e-03
 27  1.074989e-03
 28  8.633418e-04
 Iteration CPU time: 6 s
 CFIE residual: 0.000863342

 Iseg, Irank, Idinc : 1, 36, 58
 Thata, Phi : 90.000000, 57.000000
 Maximun iteration: 300
 Number of recycle truncation: 30
 Final matrix dimension:  36708
 Residual error:0.001000
 0  6.605561e-01
 1  3.457358e-01
 2  2.126780e-01
 3  1.332909e-01
 4  9.530767e-02
 5  7.143348e-02
 6  5.463236e-02
 7  4.248497e-02
 8  3.306236e-02
 9  2.577279e-02
 10  1.979598e-02
 11  1.530216e-02
 12  1.187214e-02
 13  9.145221e-03
 14  7.448367e-03
 15  5.944047e-03
 16  4.790383e-03
 17  3.937010e-03
 18  3.067096e-03
 19  2.573937e-03
 20  2.203365e-03
 21  1.840010e-03
 22  1.551529e-03
 23  1.348129e-03
 24  1.191670e-03
 25  1.094042e-03
 26  1.013029e-03
 27  9.570413e-04
 Iteration CPU time: 6 s
 CFIE residual: 0.000957041

 Iseg, Irank, Idinc : 1, 37, 119
 Thata, Phi : 90.000000, 118.000000
 Maximun iteration: 300
 Number of recycle truncation: 30
 Final matrix dimension:  36708
 Residual error:0.001000
 0  6.471504e-01
 1  3.443185e-01
 2  2.179015e-01
 3  1.522877e-01
 4  1.087046e-01
 5  8.017905e-02
 6  6.296396e-02
 7  4.894123e-02
 8  3.843468e-02
 9  3.049252e-02
 10  2.458281e-02
 11  1.936455e-02
 12  1.539850e-02
 13  1.245692e-02
 14  1.023278e-02
 15  8.258875e-03
 16  6.871044e-03
 17  5.612151e-03
 18  4.570833e-03
 19  3.834698e-03
 20  3.129622e-03
 21  2.579930e-03
 22  2.161353e-03
 23  1.808785e-03
 24  1.520422e-03
 25  1.242825e-03
 26  1.042144e-03
 27  8.783009e-04
 Iteration CPU time: 6 s
 CFIE residual: 0.000878301

 Iseg, Irank, Idinc : 1, 38, 90
 Thata, Phi : 90.000000, 89.000000
 Maximun iteration: 300
 Number of recycle truncation: 30
 Final matrix dimension:  36708
 Residual error:0.001000
 0  6.071622e-01
 1  3.466320e-01
 2  2.209088e-01
 3  1.508297e-01
 4  1.078092e-01
 5  8.248732e-02
 6  6.374457e-02
 7  5.024381e-02
 8  4.083028e-02
 9  3.245356e-02
 10  2.577949e-02
 11  2.068482e-02
 12  1.723874e-02
 13  1.435758e-02
 14  1.179331e-02
 15  9.289066e-03
 16  7.595969e-03
 17  6.153384e-03
 18  5.034230e-03
 19  4.140935e-03
 20  3.453093e-03
 21  2.871135e-03
 22  2.454070e-03
 23  2.125543e-03
 24  1.860409e-03
 25  1.641318e-03
 26  1.468216e-03
 27  1.355535e-03
 28  1.277773e-03
 29  1.214991e-03
 30  1.172168e-03
 31  1.144219e-03
 32  1.116261e-03
 33  1.078837e-03
 34  1.044935e-03
 35  1.006808e-03
 36  9.737589e-04
 Iteration CPU time: 8 s
 CFIE residual: 0.000973759

 Iseg, Irank, Idinc : 1, 39, 13
 Thata, Phi : 90.000000, 12.000000
 Maximun iteration: 300
 Number of recycle truncation: 30
 Final matrix dimension:  36708
 Residual error:0.001000
 0  5.657641e-01
 1  2.804944e-01
 2  1.750557e-01
 3  1.226188e-01
 4  8.835941e-02
 5  6.566093e-02
 6  5.074426e-02
 7  3.915561e-02
 8  3.076376e-02
 9  2.436706e-02
 10  1.901780e-02
 11  1.489082e-02
 12  1.186111e-02
 13  9.635030e-03
 14  7.900001e-03
 15  6.255966e-03
 16  5.103084e-03
 17  4.292438e-03
 18  3.616204e-03
 19  3.088534e-03
 20  2.577041e-03
 21  2.118300e-03
 22  1.764359e-03
 23  1.477183e-03
 24  1.258002e-03
 25  1.053020e-03
 26  9.017452e-04
 Iteration CPU time: 6 s
 CFIE residual: 0.000901745
 Last Built End in Sep 21 2025 00:06:12
 Total CPU time: 275 s
 Finished.
