 Last Built Begin in Sep 22 2025 09:01:48
 Pre-Type( Input ):           10
 Skl-Tol ( Input ):    1.0000000000000001E-005
 Wavelength in freespace: 0.0286533

 ################################################
 ##         Generating Required Mesh          ##
 ##         Waiting.....                      ##
 ################################################
 Subd No.      Subd Name
    1    Open-Duct_PRIME_model_meshAA1                                     
 isub,  nnode, npatch,  nedge:
    1      6118     12236     18354
 Scale Factor         >>   1.54999997E-02
 ################################################

 START TIME: 20250922   091533.071


 Informaton for IE geometry:
 number of subdomains     : 1
 maxnode,maxpatch,maxedge : 6118  12236  18354
 
 Index of Mat-Reg: 1
 Mat-Reg Number via MatFlg: 1
 Edge Number of Mat-Reg: 1, 18354

 Number of Edge on PEC: 18354
 Mat-Reg: No Dim(m) Lmax:
    1 0.250    5
 Totlmax, add1, add2:           5           6           7
 rlengmax of Global MLFMA >>   0.25023568547429376     
 Lmax of Global MLFMA >>            5
 Wavenum of Mat-Reg:
    1 1.000

 total area in sq m           =      0.0510
 total area in sq lambda      =     62.0819
 maxnode, maxpatch, maxedge           =     6118    12236    18354
 longest  edge in lambda              =      0.1629
 shortest edge in lambda              =      0.0077
 average  edge in lambda              =      0.1088
 largest  patch area in sq lambda     =      0.0090
 smallest patch area in sq lambda     =      0.0001
 ave    surface area in sq lambda     =      0.0051
 size range of the object in sq lambda =      8.0075

 #### MLFMA Info For Each Region ####
 Mat-Region =            1
 Array dimension parameters:
 maxrule=          14   maxgrid  =          64
 lmax   =           5   ncmax    =        1250
 lsmax  =          28   lsmin    =           7
 kpm    =        1572   kp0      =         102
 ntlm   =      229416   nsm      =      236910
 nkpm   =        2460   niplm    =      157440
 ngnearm=       14257   ngsndm   =       64634
 nearm  =         333   mfinestm =         119
 ###############################

 CFIE Alpha:  0.50000000000000000     

 Fill MLFMA FI for Mat-Reg:           1
 Begin filltl.f
 fill translation matrix
 Level:            2
 fill shifting matrix
 Level:            3
 fill shifting matrix
 Level:            4
 fill shifting matrix
 Level:            5
 fill shifting matrix
 translator time(s):  0.149000004    
 fill interpolation matrix
 ThetaOrder            8
 PhiOrder            8
 lsl            7
 Filling TL                  Delta_CPU=          0.58 Memory(MB)=        654.65
 Filling sndgrp              Delta_CPU=          0.00 Memory(MB)=        654.65
 Filling VFS                 Delta_CPU=          3.21 Memory(MB)=        654.65

 Fill MLFMA NI for Mat-Reg:           1
 Begin fill sparser part of Nearfield
 Begin fill denser part of Nearfield
 End fill
 Filling Amn                 Delta_CPU=         89.69 Memory(MB)=        654.65


 Now testing preconditioner with
 ipretype =           10
 method = cfie_solve_nfrasspspre_pardiso

  
 NBP>>Begin fill sparser part of Nearfield

116.3371% NBP>>Begin fill denser part of Nearfield

200.1041%
 Begin MLFMA Box-Matrix Based Spar-RAS Prec Constructor
 --- Intel MKL PARDISO --- 
 Memory for iGroup: 1 1.29115e+09 MB
 Total Memory For SparRAS Pre: 1.29115e+09 MB
 --- PARDISO PRECONDITIONER INITIALIZED --- 
 Constructing preconditioner CPU time: 4 s
 
 1101240
 Memory for Iteration:: 16.8036 MB

 Iseg, Ninc_S : 1, 181, 0

 Iseg, Skeleton Angles: 1, 40
 Iseg, Skel-Pk Mem(MB): 1, 314.35

 Iseg, Irank, Idinc : 1, 1, 42
 Thata, Phi : 90.000000, 41.000000
 Maximun iteration: 300
 Number of recycle truncation: 30
 Final matrix dimension:  36708
 Residual error:0.001000
 0  6.328124e-01
 1  3.167276e-01
 2  1.993158e-01
 3  1.283379e-01
 4  9.014181e-02
 5  6.614918e-02
 6  5.048994e-02
 7  3.884837e-02
 8  2.969291e-02
 9  2.354638e-02
 10  1.776001e-02
 11  1.467280e-02
 12  1.254050e-02
 13  1.090461e-02
 14  9.720256e-03
 15  8.663594e-03
 16  7.913372e-03
 17  7.377027e-03
 18  6.860805e-03
 19  6.508446e-03
 20  6.199606e-03
 21  5.817036e-03
 22  5.445781e-03
 23  5.013391e-03
 24  4.525529e-03
 25  3.992472e-03
 26  3.468251e-03
 27  2.990979e-03
 28  2.482987e-03
 29  2.091714e-03
 30  1.720738e-03
 31  1.441968e-03
 32  1.179194e-03
 33  9.634961e-04
 Iteration CPU time: 8 s
 CFIE residual: 0.000963496

 Iseg, Irank, Idinc : 1, 2, 63
 Thata, Phi : 90.000000, 62.000000
 Maximun iteration: 300
 Number of recycle truncation: 30
 Final matrix dimension:  36708
 Residual error:0.001000
 0  6.538728e-01
 1  3.596391e-01
 2  2.245368e-01
 3  1.440157e-01
 4  1.022650e-01
 5  7.893749e-02
 6  6.072382e-02
 7  4.861950e-02
 8  3.950397e-02
 9  3.174502e-02
 10  2.508504e-02
 11  2.096704e-02
 12  1.791104e-02
 13  1.581950e-02
 14  1.451346e-02
 15  1.362734e-02
 16  1.293140e-02
 17  1.232237e-02
 18  1.173707e-02
 19  1.093889e-02
 20  1.004385e-02
 21  9.241771e-03
 22  8.326041e-03
 23  7.364401e-03
 24  6.386906e-03
 25  5.342365e-03
 26  4.441541e-03
 27  3.712544e-03
 28  3.097955e-03
 29  2.581071e-03
 30  2.090863e-03
 31  1.705172e-03
 32  1.369507e-03
 33  1.110964e-03
 34  8.814689e-04
 Iteration CPU time: 7 s
 CFIE residual: 0.000881469

 Iseg, Irank, Idinc : 1, 3, 108
 Thata, Phi : 90.000000, 107.000000
 Maximun iteration: 300
 Number of recycle truncation: 30
 Final matrix dimension:  36708
 Residual error:0.001000
 0  6.174333e-01
 1  3.476993e-01
 2  2.157050e-01
 3  1.465020e-01
 4  1.046578e-01
 5  7.772698e-02
 6  6.020440e-02
 7  4.717399e-02
 8  3.892703e-02
 9  3.200344e-02
 10  2.585293e-02
 11  2.143574e-02
 12  1.842959e-02
 13  1.575989e-02
 14  1.405506e-02
 15  1.261243e-02
 16  1.146572e-02
 17  1.074170e-02
 18  1.002967e-02
 19  9.471473e-03
 20  9.027756e-03
 21  8.581172e-03
 22  8.121952e-03
 23  7.697649e-03
 24  7.217627e-03
 25  6.645913e-03
 26  5.871075e-03
 27  5.088320e-03
 28  4.333163e-03
 29  3.620211e-03
 30  2.960728e-03
 31  2.338287e-03
 32  1.833622e-03
 33  1.470476e-03
 34  1.185083e-03
 35  9.580180e-04
 Iteration CPU time: 8 s
 CFIE residual: 0.000958018

 Iseg, Irank, Idinc : 1, 4, 147
 Thata, Phi : 90.000000, 146.000000
 Maximun iteration: 300
 Number of recycle truncation: 30
 Final matrix dimension:  36708
 Residual error:0.001000
 0  6.572161e-01
 1  3.463444e-01
 2  2.093544e-01
 3  1.412109e-01
 4  1.002560e-01
 5  7.687427e-02
 6  5.932988e-02
 7  4.752206e-02
 8  3.963207e-02
 9  3.380798e-02
 10  2.912917e-02
 11  2.563508e-02
 12  2.291114e-02
 13  1.982780e-02
 14  1.724587e-02
 15  1.523744e-02
 16  1.337592e-02
 17  1.178615e-02
 18  1.074321e-02
 19  9.743753e-03
 20  9.088609e-03
 21  8.514241e-03
 22  8.036427e-03
 23  7.659198e-03
 24  7.291509e-03
 25  6.993509e-03
 26  6.613181e-03
 27  6.171038e-03
 28  5.547209e-03
 29  4.915531e-03
 30  4.241969e-03
 31  3.648568e-03
 32  3.057561e-03
 33  2.522109e-03
 34  1.972413e-03
 35  1.550271e-03
 36  1.220208e-03
 37  9.595432e-04
 Iteration CPU time: 8 s
 CFIE residual: 0.000959543

 Iseg, Irank, Idinc : 1, 5, 22
 Thata, Phi : 90.000000, 21.000000
 Maximun iteration: 300
 Number of recycle truncation: 30
 Final matrix dimension:  36708
 Residual error:0.001000
 0  6.344732e-01
 1  2.980616e-01
 2  1.767105e-01
 3  1.171201e-01
 4  8.127853e-02
 5  5.996695e-02
 6  4.533589e-02
 7  3.552380e-02
 8  2.804533e-02
 9  2.285819e-02
 10  1.902886e-02
 11  1.546589e-02
 12  1.251945e-02
 13  1.041400e-02
 14  8.917243e-03
 15  7.768220e-03
 16  6.743753e-03
 17  5.833150e-03
 18  5.134465e-03
 19  4.646391e-03
 20  4.297465e-03
 21  3.971548e-03
 22  3.764006e-03
 23  3.564123e-03
 24  3.390194e-03
 25  3.245474e-03
 26  3.079034e-03
 27  2.899272e-03
 28  2.667352e-03
 29  2.459411e-03
 30  2.230322e-03
 31  2.000666e-03
 32  1.752933e-03
 33  1.481658e-03
 34  1.239367e-03
 35  1.003361e-03
 36  8.117600e-04
 Iteration CPU time: 9 s
 CFIE residual: 0.00081176

 Iseg, Irank, Idinc : 1, 6, 137
 Thata, Phi : 90.000000, 136.000000
 Maximun iteration: 300
 Number of recycle truncation: 30
 Final matrix dimension:  36708
 Residual error:0.001000
 0  6.956950e-01
 1  3.486200e-01
 2  2.151799e-01
 3  1.472216e-01
 4  1.051805e-01
 5  7.895788e-02
 6  5.989444e-02
 7  4.775864e-02
 8  3.941948e-02
 9  3.305066e-02
 10  2.806786e-02
 11  2.366674e-02
 12  2.072677e-02
 13  1.767982e-02
 14  1.508384e-02
 15  1.346878e-02
 16  1.215922e-02
 17  1.109532e-02
 18  1.024550e-02
 19  9.628435e-03
 20  9.088493e-03
 21  8.678929e-03
 22  8.223685e-03
 23  7.777028e-03
 24  7.295738e-03
 25  6.729321e-03
 26  6.072724e-03
 27  5.434863e-03
 28  4.741921e-03
 29  4.183673e-03
 30  3.604374e-03
 31  3.061127e-03
 32  2.581205e-03
 33  2.151490e-03
 34  1.801010e-03
 35  1.468167e-03
 36  1.216172e-03
 37  9.836282e-04
 Iteration CPU time: 9 s
 CFIE residual: 0.000983628

 Iseg, Irank, Idinc : 1, 7, 72
 Thata, Phi : 90.000000, 71.000000
 Maximun iteration: 300
 Number of recycle truncation: 30
 Final matrix dimension:  36708
 Residual error:0.001000
 0  6.312848e-01
 1  3.638706e-01
 2  2.348526e-01
 3  1.482483e-01
 4  1.060029e-01
 5  8.359348e-02
 6  6.466856e-02
 7  5.077347e-02
 8  4.175309e-02
 9  3.468634e-02
 10  2.789386e-02
 11  2.324537e-02
 12  1.992982e-02
 13  1.775355e-02
 14  1.642600e-02
 15  1.528995e-02
 16  1.454641e-02
 17  1.383546e-02
 18  1.309220e-02
 19  1.222186e-02
 20  1.134328e-02
 21  1.045578e-02
 22  9.611806e-03
 23  8.545159e-03
 24  7.418903e-03
 25  6.176582e-03
 26  5.272454e-03
 27  4.430687e-03
 28  3.686911e-03
 29  3.098602e-03
 30  2.544170e-03
 31  2.079875e-03
 32  1.672401e-03
 33  1.389922e-03
 34  1.107229e-03
 35  8.993075e-04
 Iteration CPU time: 8 s
 CFIE residual: 0.000899307

 Iseg, Irank, Idinc : 1, 8, 83
 Thata, Phi : 90.000000, 82.000000
 Maximun iteration: 300
 Number of recycle truncation: 30
 Final matrix dimension:  36708
 Residual error:0.001000
 0  6.057983e-01
 1  3.485774e-01
 2  2.225549e-01
 3  1.503164e-01
 4  1.086831e-01
 5  8.375586e-02
 6  6.471044e-02
 7  5.124248e-02
 8  4.182715e-02
 9  3.360077e-02
 10  2.778856e-02
 11  2.342744e-02
 12  2.024962e-02
 13  1.822030e-02
 14  1.672155e-02
 15  1.541998e-02
 16  1.447143e-02
 17  1.367021e-02
 18  1.308767e-02
 19  1.247835e-02
 20  1.176321e-02
 21  1.102068e-02
 22  1.020270e-02
 23  9.195464e-03
 24  8.057145e-03
 25  6.956316e-03
 26  5.888317e-03
 27  5.027198e-03
 28  4.245858e-03
 29  3.502381e-03
 30  2.974924e-03
 31  2.440795e-03
 32  2.023538e-03
 33  1.664722e-03
 34  1.338298e-03
 35  1.100995e-03
 36  8.754953e-04
 Iteration CPU time: 9 s
 CFIE residual: 0.000875495

 Iseg, Irank, Idinc : 1, 9, 125
 Thata, Phi : 90.000000, 124.000000
 Maximun iteration: 300
 Number of recycle truncation: 30
 Final matrix dimension:  36708
 Residual error:0.001000
 0  6.581015e-01
 1  3.408347e-01
 2  2.195845e-01
 3  1.544760e-01
 4  1.124471e-01
 5  8.172712e-02
 6  6.465739e-02
 7  5.184886e-02
 8  4.262771e-02
 9  3.444343e-02
 10  2.759801e-02
 11  2.204757e-02
 12  1.808089e-02
 13  1.486250e-02
 14  1.281760e-02
 15  1.126678e-02
 16  1.010911e-02
 17  9.308901e-03
 18  8.676425e-03
 19  8.207178e-03
 20  7.842333e-03
 21  7.501201e-03
 22  7.181322e-03
 23  6.791591e-03
 24  6.327478e-03
 25  5.787610e-03
 26  5.224737e-03
 27  4.664654e-03
 28  4.094241e-03
 29  3.632456e-03
 30  3.147634e-03
 31  2.707866e-03
 32  2.308571e-03
 33  1.980273e-03
 34  1.674624e-03
 35  1.375601e-03
 36  1.121911e-03
 37  8.886830e-04
 Iteration CPU time: 9 s
 CFIE residual: 0.000888683

 Iseg, Irank, Idinc : 1, 10, 159
 Thata, Phi : 90.000000, 158.000000
 Maximun iteration: 300
 Number of recycle truncation: 30
 Final matrix dimension:  36708
 Residual error:0.001000
 0  6.234267e-01
 1  3.145622e-01
 2  1.915862e-01
 3  1.299591e-01
 4  9.613024e-02
 5  7.708507e-02
 6  6.149785e-02
 7  5.061283e-02
 8  4.318572e-02
 9  3.722235e-02
 10  3.237067e-02
 11  2.862928e-02
 12  2.528099e-02
 13  2.168711e-02
 14  1.872426e-02
 15  1.651772e-02
 16  1.469798e-02
 17  1.289076e-02
 18  1.131280e-02
 19  1.001228e-02
 20  8.966076e-03
 21  8.153831e-03
 22  7.508022e-03
 23  7.020074e-03
 24  6.663905e-03
 25  6.369965e-03
 26  6.101010e-03
 27  5.778768e-03
 28  5.371263e-03
 29  4.892572e-03
 30  4.389114e-03
 31  3.702245e-03
 32  3.121389e-03
 33  2.560953e-03
 34  2.051397e-03
 35  1.625609e-03
 36  1.284720e-03
 37  9.924408e-04
 Iteration CPU time: 8 s
 CFIE residual: 0.000992441

 Iseg, Irank, Idinc : 1, 11, 53
 Thata, Phi : 90.000000, 52.000000
 Maximun iteration: 300
 Number of recycle truncation: 30
 Final matrix dimension:  36708
 Residual error:0.001000
 0  6.539136e-01
 1  3.458279e-01
 2  2.127712e-01
 3  1.353419e-01
 4  9.889747e-02
 5  7.581007e-02
 6  5.916157e-02
 7  4.563581e-02
 8  3.624964e-02
 9  2.968350e-02
 10  2.319727e-02
 11  1.857266e-02
 12  1.544442e-02
 13  1.320673e-02
 14  1.196640e-02
 15  1.110787e-02
 16  1.041940e-02
 17  9.895438e-03
 18  9.247826e-03
 19  8.664172e-03
 20  8.058703e-03
 21  7.322990e-03
 22  6.592388e-03
 23  5.831353e-03
 24  5.046656e-03
 25  4.199888e-03
 26  3.457780e-03
 27  2.862022e-03
 28  2.306633e-03
 29  1.854553e-03
 30  1.524018e-03
 31  1.267812e-03
 32  1.035721e-03
 33  8.376838e-04
 Iteration CPU time: 8 s
 CFIE residual: 0.000837684

 Iseg, Irank, Idinc : 1, 12, 33
 Thata, Phi : 90.000000, 32.000000
 Maximun iteration: 300
 Number of recycle truncation: 30
 Final matrix dimension:  36708
 Residual error:0.001000
 0  6.282306e-01
 1  3.129433e-01
 2  1.868473e-01
 3  1.178067e-01
 4  8.197104e-02
 5  5.990839e-02
 6  4.514651e-02
 7  3.457065e-02
 8  2.752320e-02
 9  2.202818e-02
 10  1.731262e-02
 11  1.436769e-02
 12  1.194287e-02
 13  1.008825e-02
 14  8.879152e-03
 15  7.661758e-03
 16  6.737230e-03
 17  6.084656e-03
 18  5.501533e-03
 19  5.147006e-03
 20  4.864964e-03
 21  4.623594e-03
 22  4.408319e-03
 23  4.213673e-03
 24  3.939579e-03
 25  3.642090e-03
 26  3.324723e-03
 27  2.931426e-03
 28  2.525183e-03
 29  2.119507e-03
 30  1.764241e-03
 31  1.493673e-03
 32  1.267291e-03
 33  1.059243e-03
 34  8.737595e-04
 Iteration CPU time: 8 s
 CFIE residual: 0.00087376

 Iseg, Irank, Idinc : 1, 13, 176
 Thata, Phi : 90.000000, 175.000000
 Maximun iteration: 300
 Number of recycle truncation: 30
 Final matrix dimension:  36708
 Residual error:0.001000
 0  5.921422e-01
 1  2.943471e-01
 2  1.820746e-01
 3  1.294866e-01
 4  1.002367e-01
 5  8.054768e-02
 6  6.653557e-02
 7  5.556430e-02
 8  4.635817e-02
 9  3.923748e-02
 10  3.284970e-02
 11  2.743674e-02
 12  2.278923e-02
 13  1.913250e-02
 14  1.656704e-02
 15  1.403870e-02
 16  1.211263e-02
 17  1.031403e-02
 18  8.822175e-03
 19  7.606221e-03
 20  6.623365e-03
 21  5.859184e-03
 22  5.249467e-03
 23  4.672736e-03
 24  4.256251e-03
 25  3.973935e-03
 26  3.730448e-03
 27  3.539029e-03
 28  3.342370e-03
 29  3.141769e-03
 30  2.962538e-03
 31  2.723983e-03
 32  2.506315e-03
 33  2.273866e-03
 34  1.992583e-03
 35  1.729251e-03
 36  1.459760e-03
 37  1.221035e-03
 38  9.972788e-04
 Iteration CPU time: 9 s
 CFIE residual: 0.000997279

 Iseg, Irank, Idinc : 1, 14, 91
 Thata, Phi : 90.000000, 90.000000
 Maximun iteration: 300
 Number of recycle truncation: 30
 Final matrix dimension:  36708
 Residual error:0.001000
 0  5.970404e-01
 1  3.440096e-01
 2  2.175500e-01
 3  1.493870e-01
 4  1.079445e-01
 5  8.249572e-02
 6  6.409228e-02
 7  5.019902e-02
 8  4.131348e-02
 9  3.382582e-02
 10  2.829060e-02
 11  2.362846e-02
 12  2.066745e-02
 13  1.838658e-02
 14  1.681589e-02
 15  1.543981e-02
 16  1.428277e-02
 17  1.340146e-02
 18  1.276323e-02
 19  1.220031e-02
 20  1.161494e-02
 21  1.098782e-02
 22  1.027382e-02
 23  9.365535e-03
 24  8.376340e-03
 25  7.485197e-03
 26  6.398813e-03
 27  5.443994e-03
 28  4.510392e-03
 29  3.793087e-03
 30  3.195774e-03
 31  2.666986e-03
 32  2.191788e-03
 33  1.792652e-03
 34  1.474123e-03
 35  1.175800e-03
 36  9.394718e-04
 Iteration CPU time: 9 s
 CFIE residual: 0.000939472

 Iseg, Irank, Idinc : 1, 15, 9
 Thata, Phi : 90.000000, 8.000000
 Maximun iteration: 300
 Number of recycle truncation: 30
 Final matrix dimension:  36708
 Residual error:0.001000
 0  5.479953e-01
 1  2.793193e-01
 2  1.785551e-01
 3  1.245310e-01
 4  9.080887e-02
 5  6.769813e-02
 6  5.160003e-02
 7  4.032240e-02
 8  3.161221e-02
 9  2.468183e-02
 10  1.977356e-02
 11  1.591456e-02
 12  1.288396e-02
 13  1.032992e-02
 14  8.667340e-03
 15  7.351562e-03
 16  6.229400e-03
 17  5.445641e-03
 18  4.745851e-03
 19  4.170045e-03
 20  3.676756e-03
 21  3.328538e-03
 22  3.003514e-03
 23  2.721855e-03
 24  2.544287e-03
 25  2.380337e-03
 26  2.222488e-03
 27  2.077040e-03
 28  1.953119e-03
 29  1.845517e-03
 30  1.750049e-03
 31  1.642152e-03
 32  1.510825e-03
 33  1.369375e-03
 34  1.237026e-03
 35  1.052957e-03
 36  8.787924e-04
 Iteration CPU time: 8 s
 CFIE residual: 0.000878792

 Iseg, Irank, Idinc : 1, 16, 100
 Thata, Phi : 90.000000, 99.000000
 Maximun iteration: 300
 Number of recycle truncation: 30
 Final matrix dimension:  36708
 Residual error:0.001000
 0  6.070939e-01
 1  3.415999e-01
 2  2.136616e-01
 3  1.454013e-01
 4  1.052701e-01
 5  8.007486e-02
 6  6.246574e-02
 7  4.941172e-02
 8  4.025630e-02
 9  3.340751e-02
 10  2.739154e-02
 11  2.341641e-02
 12  2.017155e-02
 13  1.784524e-02
 14  1.574409e-02
 15  1.417388e-02
 16  1.306360e-02
 17  1.220521e-02
 18  1.149968e-02
 19  1.083887e-02
 20  1.027773e-02
 21  9.827830e-03
 22  9.309851e-03
 23  8.726242e-03
 24  7.938339e-03
 25  7.224399e-03
 26  6.305289e-03
 27  5.447796e-03
 28  4.668685e-03
 29  3.902186e-03
 30  3.255368e-03
 31  2.706291e-03
 32  2.227577e-03
 33  1.789920e-03
 34  1.418121e-03
 35  1.162466e-03
 36  9.197238e-04
 Iteration CPU time: 8 s
 CFIE residual: 0.000919724

 Iseg, Irank, Idinc : 1, 17, 116
 Thata, Phi : 90.000000, 115.000000
 Maximun iteration: 300
 Number of recycle truncation: 30
 Final matrix dimension:  36708
 Residual error:0.001000
 0  6.426036e-01
 1  3.472667e-01
 2  2.160613e-01
 3  1.503163e-01
 4  1.077137e-01
 5  7.993380e-02
 6  6.218189e-02
 7  4.878312e-02
 8  3.870258e-02
 9  3.154342e-02
 10  2.597898e-02
 11  2.148414e-02
 12  1.799158e-02
 13  1.545181e-02
 14  1.341808e-02
 15  1.180379e-02
 16  1.079910e-02
 17  1.004016e-02
 18  9.368661e-03
 19  8.826627e-03
 20  8.420020e-03
 21  8.086642e-03
 22  7.709760e-03
 23  7.258191e-03
 24  6.768918e-03
 25  6.246448e-03
 26  5.619564e-03
 27  4.999280e-03
 28  4.351162e-03
 29  3.828711e-03
 30  3.312381e-03
 31  2.831845e-03
 32  2.286701e-03
 33  1.835589e-03
 34  1.446687e-03
 35  1.129908e-03
 36  9.076550e-04
 Iteration CPU time: 8 s
 CFIE residual: 0.000907655

 Iseg, Irank, Idinc : 1, 18, 1
 Thata, Phi : 90.000000, 0.000000
 Maximun iteration: 300
 Number of recycle truncation: 30
 Final matrix dimension:  36708
 Residual error:0.001000
 0  5.229887e-01
 1  2.740774e-01
 2  1.782301e-01
 3  1.213466e-01
 4  8.863638e-02
 5  6.691161e-02
 6  5.096841e-02
 7  3.878134e-02
 8  2.990918e-02
 9  2.382614e-02
 10  1.941078e-02
 11  1.539691e-02
 12  1.198130e-02
 13  1.002472e-02
 14  8.283661e-03
 15  6.945036e-03
 16  5.909658e-03
 17  5.098909e-03
 18  4.388810e-03
 19  3.804607e-03
 20  3.289179e-03
 21  2.868643e-03
 22  2.542717e-03
 23  2.271269e-03
 24  2.043171e-03
 25  1.830269e-03
 26  1.668279e-03
 27  1.535404e-03
 28  1.425196e-03
 29  1.343787e-03
 30  1.252982e-03
 31  1.154182e-03
 32  1.048699e-03
 33  9.128763e-04
 Iteration CPU time: 8 s
 CFIE residual: 0.000912876

 Iseg, Irank, Idinc : 1, 19, 168
 Thata, Phi : 90.000000, 167.000000
 Maximun iteration: 300
 Number of recycle truncation: 30
 Final matrix dimension:  36708
 Residual error:0.001000
 0  5.968665e-01
 1  2.977570e-01
 2  1.836471e-01
 3  1.307457e-01
 4  1.004957e-01
 5  8.088829e-02
 6  6.577615e-02
 7  5.505768e-02
 8  4.622687e-02
 9  3.906449e-02
 10  3.313097e-02
 11  2.916810e-02
 12  2.523642e-02
 13  2.161603e-02
 14  1.901475e-02
 15  1.659606e-02
 16  1.454696e-02
 17  1.247553e-02
 18  1.058264e-02
 19  9.198722e-03
 20  8.103317e-03
 21  7.155840e-03
 22  6.518763e-03
 23  5.937995e-03
 24  5.506014e-03
 25  5.173272e-03
 26  4.898689e-03
 27  4.656617e-03
 28  4.413587e-03
 29  4.151580e-03
 30  3.862128e-03
 31  3.506746e-03
 32  3.163374e-03
 33  2.763260e-03
 34  2.352438e-03
 35  1.961046e-03
 36  1.622716e-03
 37  1.291617e-03
 38  1.000327e-03
 39  7.981282e-04
 Iteration CPU time: 9 s
 CFIE residual: 0.000798128

 Iseg, Irank, Idinc : 1, 20, 16
 Thata, Phi : 90.000000, 15.000000
 Maximun iteration: 300
 Number of recycle truncation: 30
 Final matrix dimension:  36708
 Residual error:0.001000
 0  5.958684e-01
 1  2.883757e-01
 2  1.772155e-01
 3  1.217315e-01
 4  8.703208e-02
 5  6.467865e-02
 6  4.887693e-02
 7  3.895524e-02
 8  3.051259e-02
 9  2.405874e-02
 10  1.940250e-02
 11  1.554627e-02
 12  1.262927e-02
 13  1.038524e-02
 14  8.739417e-03
 15  7.394401e-03
 16  6.394574e-03
 17  5.509897e-03
 18  4.849634e-03
 19  4.369514e-03
 20  3.936983e-03
 21  3.592498e-03
 22  3.341124e-03
 23  3.090331e-03
 24  2.926525e-03
 25  2.783124e-03
 26  2.644949e-03
 27  2.512219e-03
 28  2.348417e-03
 29  2.213010e-03
 30  2.069875e-03
 31  1.909792e-03
 32  1.721131e-03
 33  1.512207e-03
 34  1.294992e-03
 35  1.076000e-03
 36  8.764207e-04
 Iteration CPU time: 8 s
 CFIE residual: 0.000876421

 Iseg, Irank, Idinc : 1, 21, 181
 Thata, Phi : 90.000000, 180.000000
 Maximun iteration: 300
 Number of recycle truncation: 30
 Final matrix dimension:  36708
 Residual error:0.001000
 0  5.919353e-01
 1  2.937459e-01
 2  1.812178e-01
 3  1.280851e-01
 4  9.843244e-02
 5  7.893679e-02
 6  6.539177e-02
 7  5.461396e-02
 8  4.535638e-02
 9  3.781853e-02
 10  3.080588e-02
 11  2.538983e-02
 12  2.103209e-02
 13  1.697926e-02
 14  1.459066e-02
 15  1.235067e-02
 16  1.025220e-02
 17  8.549752e-03
 18  7.292513e-03
 19  6.336795e-03
 20  5.437520e-03
 21  4.781598e-03
 22  4.246797e-03
 23  3.744603e-03
 24  3.419338e-03
 25  3.219468e-03
 26  3.035591e-03
 27  2.860201e-03
 28  2.671444e-03
 29  2.442794e-03
 30  2.213657e-03
 31  1.958835e-03
 32  1.701331e-03
 33  1.449944e-03
 34  1.167441e-03
 35  9.057002e-04
 Iteration CPU time: 8 s
 CFIE residual: 0.0009057

 Iseg, Irank, Idinc : 1, 22, 153
 Thata, Phi : 90.000000, 152.000000
 Maximun iteration: 300
 Number of recycle truncation: 30
 Final matrix dimension:  36708
 Residual error:0.001000
 0  6.372409e-01
 1  3.293629e-01
 2  2.018329e-01
 3  1.347714e-01
 4  9.770824e-02
 5  7.663066e-02
 6  6.008736e-02
 7  4.878986e-02
 8  4.034880e-02
 9  3.463673e-02
 10  3.016784e-02
 11  2.673704e-02
 12  2.347075e-02
 13  1.998540e-02
 14  1.765432e-02
 15  1.566963e-02
 16  1.391330e-02
 17  1.237072e-02
 18  1.090794e-02
 19  9.794015e-03
 20  8.970127e-03
 21  8.311188e-03
 22  7.727624e-03
 23  7.275690e-03
 24  6.929964e-03
 25  6.647284e-03
 26  6.355062e-03
 27  5.995097e-03
 28  5.515985e-03
 29  4.905123e-03
 30  4.278961e-03
 31  3.575333e-03
 32  3.054964e-03
 33  2.492789e-03
 34  1.953798e-03
 35  1.515838e-03
 36  1.151777e-03
 37  8.981411e-04
 Iteration CPU time: 8 s
 CFIE residual: 0.000898141

 Iseg, Irank, Idinc : 1, 23, 77
 Thata, Phi : 90.000000, 76.000000
 Maximun iteration: 300
 Number of recycle truncation: 30
 Final matrix dimension:  36708
 Residual error:0.001000
 0  6.137564e-01
 1  3.544391e-01
 2  2.285225e-01
 3  1.478699e-01
 4  1.048782e-01
 5  8.097297e-02
 6  6.253855e-02
 7  4.928864e-02
 8  4.016238e-02
 9  3.277891e-02
 10  2.754646e-02
 11  2.344794e-02
 12  2.012680e-02
 13  1.820626e-02
 14  1.656178e-02
 15  1.544075e-02
 16  1.465457e-02
 17  1.390375e-02
 18  1.325095e-02
 19  1.249135e-02
 20  1.165398e-02
 21  1.087411e-02
 22  1.007036e-02
 23  9.132242e-03
 24  7.986859e-03
 25  6.796610e-03
 26  5.901139e-03
 27  5.018874e-03
 28  4.223213e-03
 29  3.519243e-03
 30  2.897894e-03
 31  2.375374e-03
 32  1.935577e-03
 33  1.571280e-03
 34  1.259374e-03
 35  1.009503e-03
 36  8.018621e-04
 Iteration CPU time: 8 s
 CFIE residual: 0.000801862

 Iseg, Irank, Idinc : 1, 24, 131
 Thata, Phi : 90.000000, 130.000000
 Maximun iteration: 300
 Number of recycle truncation: 30
 Final matrix dimension:  36708
 Residual error:0.001000
 0  6.749482e-01
 1  3.476809e-01
 2  2.192044e-01
 3  1.489664e-01
 4  1.072534e-01
 5  7.943257e-02
 6  6.225912e-02
 7  4.974134e-02
 8  4.042143e-02
 9  3.346876e-02
 10  2.754755e-02
 11  2.288991e-02
 12  1.876276e-02
 13  1.564208e-02
 14  1.351017e-02
 15  1.175550e-02
 16  1.058025e-02
 17  9.735421e-03
 18  9.020797e-03
 19  8.537336e-03
 20  8.149802e-03
 21  7.781920e-03
 22  7.432140e-03
 23  7.047646e-03
 24  6.566076e-03
 25  5.986871e-03
 26  5.369667e-03
 27  4.779650e-03
 28  4.196210e-03
 29  3.616224e-03
 30  3.068646e-03
 31  2.593402e-03
 32  2.176850e-03
 33  1.853485e-03
 34  1.538114e-03
 35  1.283228e-03
 36  1.067894e-03
 37  8.559275e-04
 Iteration CPU time: 9 s
 CFIE residual: 0.000855928

 Iseg, Irank, Idinc : 1, 25, 48
 Thata, Phi : 90.000000, 47.000000
 Maximun iteration: 300
 Number of recycle truncation: 30
 Final matrix dimension:  36708
 Residual error:0.001000
 0  6.420064e-01
 1  3.330602e-01
 2  2.071671e-01
 3  1.351882e-01
 4  9.843481e-02
 5  7.473211e-02
 6  5.758418e-02
 7  4.426168e-02
 8  3.429017e-02
 9  2.736378e-02
 10  2.118114e-02
 11  1.700262e-02
 12  1.441019e-02
 13  1.234264e-02
 14  1.112220e-02
 15  1.027306e-02
 16  9.519449e-03
 17  8.972603e-03
 18  8.360643e-03
 19  7.879958e-03
 20  7.438697e-03
 21  6.845562e-03
 22  6.211035e-03
 23  5.566211e-03
 24  5.007133e-03
 25  4.237041e-03
 26  3.624499e-03
 27  3.077158e-03
 28  2.568112e-03
 29  2.085537e-03
 30  1.697544e-03
 31  1.404342e-03
 32  1.153461e-03
 33  9.410731e-04
 Iteration CPU time: 8 s
 CFIE residual: 0.000941073

 Iseg, Irank, Idinc : 1, 26, 5
 Thata, Phi : 90.000000, 4.000000
 Maximun iteration: 300
 Number of recycle truncation: 30
 Final matrix dimension:  36708
 Residual error:0.001000
 0  5.296839e-01
 1  2.756725e-01
 2  1.784568e-01
 3  1.229295e-01
 4  8.988050e-02
 5  6.731499e-02
 6  5.120547e-02
 7  3.940811e-02
 8  3.086155e-02
 9  2.435819e-02
 10  1.960579e-02
 11  1.565314e-02
 12  1.258437e-02
 13  1.042397e-02
 14  8.616128e-03
 15  7.232258e-03
 16  6.182589e-03
 17  5.354202e-03
 18  4.614636e-03
 19  4.062097e-03
 20  3.550979e-03
 21  3.160936e-03
 22  2.813334e-03
 23  2.514191e-03
 24  2.300181e-03
 25  2.113836e-03
 26  1.930837e-03
 27  1.774772e-03
 28  1.653411e-03
 29  1.557638e-03
 30  1.479089e-03
 31  1.387005e-03
 32  1.287091e-03
 33  1.181783e-03
 34  1.060299e-03
 35  9.284949e-04
 Iteration CPU time: 8 s
 CFIE residual: 0.000928495

 Iseg, Irank, Idinc : 1, 27, 96
 Thata, Phi : 90.000000, 95.000000
 Maximun iteration: 300
 Number of recycle truncation: 30
 Final matrix dimension:  36708
 Residual error:0.001000
 0  5.997820e-01
 1  3.415998e-01
 2  2.154410e-01
 3  1.459056e-01
 4  1.045955e-01
 5  8.053374e-02
 6  6.351471e-02
 7  4.976880e-02
 8  4.053788e-02
 9  3.313297e-02
 10  2.781500e-02
 11  2.372822e-02
 12  2.047589e-02
 13  1.811456e-02
 14  1.626745e-02
 15  1.474867e-02
 16  1.358583e-02
 17  1.282856e-02
 18  1.211234e-02
 19  1.152092e-02
 20  1.091872e-02
 21  1.044855e-02
 22  9.791417e-03
 23  9.044231e-03
 24  8.272847e-03
 25  7.427703e-03
 26  6.408193e-03
 27  5.404381e-03
 28  4.661532e-03
 29  3.886678e-03
 30  3.246951e-03
 31  2.716480e-03
 32  2.259374e-03
 33  1.802729e-03
 34  1.425489e-03
 35  1.142017e-03
 36  9.240054e-04
 Iteration CPU time: 8 s
 CFIE residual: 0.000924005

 Iseg, Irank, Idinc : 1, 28, 172
 Thata, Phi : 90.000000, 171.000000
 Maximun iteration: 300
 Number of recycle truncation: 30
 Final matrix dimension:  36708
 Residual error:0.001000
 0  5.931106e-01
 1  2.953723e-01
 2  1.831328e-01
 3  1.309630e-01
 4  1.014209e-01
 5  8.150787e-02
 6  6.700639e-02
 7  5.592832e-02
 8  4.676312e-02
 9  3.981809e-02
 10  3.404212e-02
 11  2.884083e-02
 12  2.437262e-02
 13  2.085059e-02
 14  1.815331e-02
 15  1.553362e-02
 16  1.356984e-02
 17  1.164980e-02
 18  9.928010e-03
 19  8.581772e-03
 20  7.485228e-03
 21  6.579814e-03
 22  5.948571e-03
 23  5.373302e-03
 24  4.935498e-03
 25  4.610766e-03
 26  4.344429e-03
 27  4.128475e-03
 28  3.912944e-03
 29  3.689420e-03
 30  3.471785e-03
 31  3.198290e-03
 32  2.925185e-03
 33  2.614414e-03
 34  2.271996e-03
 35  1.926836e-03
 36  1.633991e-03
 37  1.329271e-03
 38  1.048514e-03
 39  8.498276e-04
 Iteration CPU time: 9 s
 CFIE residual: 0.000849828

 Iseg, Irank, Idinc : 1, 29, 28
 Thata, Phi : 90.000000, 27.000000
 Maximun iteration: 300
 Number of recycle truncation: 30
 Final matrix dimension:  36708
 Residual error:0.001000
 0  6.431335e-01
 1  3.063937e-01
 2  1.809507e-01
 3  1.151944e-01
 4  7.950587e-02
 5  5.800201e-02
 6  4.332430e-02
 7  3.387284e-02
 8  2.739407e-02
 9  2.243033e-02
 10  1.803640e-02
 11  1.490966e-02
 12  1.215076e-02
 13  1.029149e-02
 14  8.941504e-03
 15  7.668828e-03
 16  6.671328e-03
 17  5.879369e-03
 18  5.242149e-03
 19  4.855360e-03
 20  4.576314e-03
 21  4.338568e-03
 22  4.135434e-03
 23  3.952821e-03
 24  3.747384e-03
 25  3.534764e-03
 26  3.289307e-03
 27  3.017666e-03
 28  2.701099e-03
 29  2.360869e-03
 30  2.045386e-03
 31  1.808568e-03
 32  1.555794e-03
 33  1.290922e-03
 34  1.068980e-03
 35  8.819491e-04
 Iteration CPU time: 8 s
 CFIE residual: 0.000881949

 Iseg, Irank, Idinc : 1, 30, 120
 Thata, Phi : 90.000000, 119.000000
 Maximun iteration: 300
 Number of recycle truncation: 30
 Final matrix dimension:  36708
 Residual error:0.001000
 0  6.479154e-01
 1  3.445743e-01
 2  2.157536e-01
 3  1.511855e-01
 4  1.090503e-01
 5  8.146205e-02
 6  6.366287e-02
 7  5.011121e-02
 8  4.046706e-02
 9  3.315420e-02
 10  2.695298e-02
 11  2.167870e-02
 12  1.793755e-02
 13  1.509135e-02
 14  1.313471e-02
 15  1.154647e-02
 16  1.061581e-02
 17  9.789755e-03
 18  9.100263e-03
 19  8.632387e-03
 20  8.226448e-03
 21  7.888255e-03
 22  7.518563e-03
 23  7.153570e-03
 24  6.667955e-03
 25  6.123931e-03
 26  5.533926e-03
 27  4.995690e-03
 28  4.382958e-03
 29  3.888937e-03
 30  3.445449e-03
 31  2.959044e-03
 32  2.465948e-03
 33  2.050171e-03
 34  1.661117e-03
 35  1.359081e-03
 36  1.082794e-03
 37  8.404542e-04
 Iteration CPU time: 9 s
 CFIE residual: 0.000840454

 Iseg, Irank, Idinc : 1, 31, 58
 Thata, Phi : 90.000000, 57.000000
 Maximun iteration: 300
 Number of recycle truncation: 30
 Final matrix dimension:  36708
 Residual error:0.001000
 0  6.583365e-01
 1  3.499503e-01
 2  2.126836e-01
 3  1.339250e-01
 4  9.781468e-02
 5  7.406428e-02
 6  5.734054e-02
 7  4.555280e-02
 8  3.645131e-02
 9  2.944601e-02
 10  2.325907e-02
 11  1.908670e-02
 12  1.634866e-02
 13  1.421897e-02
 14  1.297004e-02
 15  1.210286e-02
 16  1.144684e-02
 17  1.090954e-02
 18  1.033246e-02
 19  9.615674e-03
 20  8.862091e-03
 21  8.116937e-03
 22  7.277249e-03
 23  6.480503e-03
 24  5.513345e-03
 25  4.565242e-03
 26  3.740705e-03
 27  3.092718e-03
 28  2.545386e-03
 29  2.119765e-03
 30  1.727350e-03
 31  1.423837e-03
 32  1.129336e-03
 33  8.948540e-04
 Iteration CPU time: 7 s
 CFIE residual: 0.000894854

 Iseg, Irank, Idinc : 1, 32, 163
 Thata, Phi : 90.000000, 162.000000
 Maximun iteration: 300
 Number of recycle truncation: 30
 Final matrix dimension:  36708
 Residual error:0.001000
 0  6.096211e-01
 1  3.053924e-01
 2  1.861349e-01
 3  1.290472e-01
 4  9.697867e-02
 5  7.827021e-02
 6  6.266819e-02
 7  5.214104e-02
 8  4.417250e-02
 9  3.820766e-02
 10  3.293199e-02
 11  2.859667e-02
 12  2.494613e-02
 13  2.203645e-02
 14  1.929577e-02
 15  1.677092e-02
 16  1.463138e-02
 17  1.262825e-02
 18  1.100319e-02
 19  9.753305e-03
 20  8.654301e-03
 21  7.768453e-03
 22  7.113496e-03
 23  6.584251e-03
 24  6.183099e-03
 25  5.877738e-03
 26  5.606188e-03
 27  5.329963e-03
 28  4.997914e-03
 29  4.672027e-03
 30  4.278913e-03
 31  3.719906e-03
 32  3.250261e-03
 33  2.770316e-03
 34  2.288122e-03
 35  1.844813e-03
 36  1.477261e-03
 37  1.141392e-03
 38  8.886756e-04
 Iteration CPU time: 9 s
 CFIE residual: 0.000888676

 Iseg, Irank, Idinc : 1, 33, 3
 Thata, Phi : 90.000000, 2.000000
 Maximun iteration: 300
 Number of recycle truncation: 30
 Final matrix dimension:  36708
 Residual error:0.001000
 0  5.247111e-01
 1  2.745101e-01
 2  1.783083e-01
 3  1.218391e-01
 4  8.906283e-02
 5  6.706296e-02
 6  5.104677e-02
 7  3.895061e-02
 8  3.022492e-02
 9  2.401623e-02
 10  1.947747e-02
 11  1.545076e-02
 12  1.214296e-02
 13  1.033637e-02
 14  8.594336e-03
 15  7.153725e-03
 16  6.116785e-03
 17  5.253791e-03
 18  4.522044e-03
 19  3.943485e-03
 20  3.442842e-03
 21  3.045761e-03
 22  2.708101e-03
 23  2.414942e-03
 24  2.193795e-03
 25  1.992131e-03
 26  1.804775e-03
 27  1.646050e-03
 28  1.518411e-03
 29  1.424751e-03
 30  1.343266e-03
 31  1.250345e-03
 32  1.151577e-03
 33  1.036824e-03
 34  9.096775e-04
 Iteration CPU time: 8 s
 CFIE residual: 0.000909678

 Iseg, Irank, Idinc : 1, 34, 179
 Thata, Phi : 90.000000, 178.000000
 Maximun iteration: 300
 Number of recycle truncation: 30
 Final matrix dimension:  36708
 Residual error:0.001000
 0  5.919723e-01
 1  2.938578e-01
 2  1.813744e-01
 3  1.283528e-01
 4  9.883884e-02
 5  7.932870e-02
 6  6.566580e-02
 7  5.485159e-02
 8  4.561280e-02
 9  3.819830e-02
 10  3.135024e-02
 11  2.610757e-02
 12  2.159311e-02
 13  1.765229e-02
 14  1.539209e-02
 15  1.295635e-02
 16  1.101137e-02
 17  9.151226e-03
 18  7.776603e-03
 19  6.738012e-03
 20  5.859284e-03
 21  5.223226e-03
 22  4.673906e-03
 23  4.127216e-03
 24  3.761277e-03
 25  3.491828e-03
 26  3.268567e-03
 27  3.101294e-03
 28  2.914614e-03
 29  2.693313e-03
 30  2.495835e-03
 31  2.269295e-03
 32  2.046411e-03
 33  1.810636e-03
 34  1.573147e-03
 35  1.352660e-03
 36  1.137214e-03
 37  9.552381e-04
 Iteration CPU time: 9 s
 CFIE residual: 0.000955238

 Iseg, Irank, Idinc : 1, 35, 37
 Thata, Phi : 90.000000, 36.000000
 Maximun iteration: 300
 Number of recycle truncation: 30
 Final matrix dimension:  36708
 Residual error:0.001000
 0  6.232122e-01
 1  3.152818e-01
 2  1.926478e-01
 3  1.227090e-01
 4  8.504631e-02
 5  6.217596e-02
 6  4.756596e-02
 7  3.618768e-02
 8  2.827815e-02
 9  2.239122e-02
 10  1.727240e-02
 11  1.418306e-02
 12  1.190588e-02
 13  1.015199e-02
 14  9.018639e-03
 15  7.880875e-03
 16  7.027556e-03
 17  6.466892e-03
 18  5.905545e-03
 19  5.550467e-03
 20  5.264573e-03
 21  4.990049e-03
 22  4.738063e-03
 23  4.493577e-03
 24  4.133942e-03
 25  3.751022e-03
 26  3.371435e-03
 27  2.922988e-03
 28  2.483796e-03
 29  2.090548e-03
 30  1.739689e-03
 31  1.460197e-03
 32  1.229294e-03
 33  1.021314e-03
 34  8.498850e-04
 Iteration CPU time: 7 s
 CFIE residual: 0.000849885

 Iseg, Irank, Idinc : 1, 36, 142
 Thata, Phi : 90.000000, 141.000000
 Maximun iteration: 300
 Number of recycle truncation: 30
 Final matrix dimension:  36708
 Residual error:0.001000
 0  6.868961e-01
 1  3.499509e-01
 2  2.106770e-01
 3  1.436993e-01
 4  1.028068e-01
 5  7.723996e-02
 6  5.947287e-02
 7  4.693913e-02
 8  3.874716e-02
 9  3.296233e-02
 10  2.853435e-02
 11  2.467502e-02
 12  2.182033e-02
 13  1.884667e-02
 14  1.620007e-02
 15  1.457066e-02
 16  1.304101e-02
 17  1.169743e-02
 18  1.077312e-02
 19  9.913818e-03
 20  9.354197e-03
 21  8.863735e-03
 22  8.403381e-03
 23  7.964880e-03
 24  7.535442e-03
 25  7.080983e-03
 26  6.579188e-03
 27  6.013981e-03
 28  5.351921e-03
 29  4.713125e-03
 30  4.036598e-03
 31  3.445263e-03
 32  2.819676e-03
 33  2.293253e-03
 34  1.819231e-03
 35  1.460123e-03
 36  1.154825e-03
 37  9.182493e-04
 Iteration CPU time: 8 s
 CFIE residual: 0.000918249

 Iseg, Irank, Idinc : 1, 37, 87
 Thata, Phi : 90.000000, 86.000000
 Maximun iteration: 300
 Number of recycle truncation: 30
 Final matrix dimension:  36708
 Residual error:0.001000
 0  6.015771e-01
 1  3.462007e-01
 2  2.184710e-01
 3  1.493778e-01
 4  1.092130e-01
 5  8.387383e-02
 6  6.460967e-02
 7  5.080465e-02
 8  4.205622e-02
 9  3.438135e-02
 10  2.834673e-02
 11  2.380970e-02
 12  2.065038e-02
 13  1.846613e-02
 14  1.692096e-02
 15  1.552781e-02
 16  1.444771e-02
 17  1.355932e-02
 18  1.295050e-02
 19  1.242011e-02
 20  1.181423e-02
 21  1.113758e-02
 22  1.035990e-02
 23  9.410314e-03
 24  8.307584e-03
 25  7.334783e-03
 26  6.235257e-03
 27  5.311543e-03
 28  4.427393e-03
 29  3.706057e-03
 30  3.162015e-03
 31  2.592780e-03
 32  2.157859e-03
 33  1.763318e-03
 34  1.436336e-03
 35  1.149666e-03
 36  9.209806e-04
 Iteration CPU time: 8 s
 CFIE residual: 0.000920981

 Iseg, Irank, Idinc : 1, 38, 13
 Thata, Phi : 90.000000, 12.000000
 Maximun iteration: 300
 Number of recycle truncation: 30
 Final matrix dimension:  36708
 Residual error:0.001000
 0  5.740317e-01
 1  2.840040e-01
 2  1.779493e-01
 3  1.236919e-01
 4  8.965919e-02
 5  6.688662e-02
 6  5.063248e-02
 7  3.991898e-02
 8  3.135332e-02
 9  2.449668e-02
 10  1.956338e-02
 11  1.555626e-02
 12  1.265971e-02
 13  1.027086e-02
 14  8.626166e-03
 15  7.245048e-03
 16  6.181513e-03
 17  5.352945e-03
 18  4.729702e-03
 19  4.200347e-03
 20  3.739968e-03
 21  3.453557e-03
 22  3.162134e-03
 23  2.910617e-03
 24  2.746081e-03
 25  2.607305e-03
 26  2.463801e-03
 27  2.329613e-03
 28  2.187272e-03
 29  2.064232e-03
 30  1.942089e-03
 31  1.810905e-03
 32  1.647257e-03
 33  1.468613e-03
 34  1.277558e-03
 35  1.088180e-03
 36  8.971747e-04
 Iteration CPU time: 9 s
 CFIE residual: 0.000897175

 Iseg, Irank, Idinc : 1, 39, 68
 Thata, Phi : 90.000000, 67.000000
 Maximun iteration: 300
 Number of recycle truncation: 30
 Final matrix dimension:  36708
 Residual error:0.001000
 0  6.448569e-01
 1  3.681158e-01
 2  2.361934e-01
 3  1.507400e-01
 4  1.073841e-01
 5  8.419074e-02
 6  6.458897e-02
 7  5.077032e-02
 8  4.178374e-02
 9  3.424592e-02
 10  2.728902e-02
 11  2.276421e-02
 12  1.952547e-02
 13  1.722940e-02
 14  1.594270e-02
 15  1.492982e-02
 16  1.415285e-02
 17  1.348860e-02
 18  1.273369e-02
 19  1.185131e-02
 20  1.093839e-02
 21  9.998071e-03
 22  9.040048e-03
 23  7.925803e-03
 24  6.789773e-03
 25  5.609586e-03
 26  4.707502e-03
 27  3.932307e-03
 28  3.286455e-03
 29  2.761998e-03
 30  2.224357e-03
 31  1.818139e-03
 32  1.480495e-03
 33  1.226092e-03
 34  9.596018e-04
 Iteration CPU time: 8 s
 CFIE residual: 0.000959602

 Iseg, Irank, Idinc : 1, 40, 112
 Thata, Phi : 90.000000, 111.000000
 Maximun iteration: 300
 Number of recycle truncation: 30
 Final matrix dimension:  36708
 Residual error:0.001000
 0  6.304975e-01
 1  3.489677e-01
 2  2.179327e-01
 3  1.483167e-01
 4  1.052768e-01
 5  7.806575e-02
 6  6.070347e-02
 7  4.763857e-02
 8  3.831875e-02
 9  3.106275e-02
 10  2.508726e-02
 11  2.082495e-02
 12  1.758607e-02
 13  1.512444e-02
 14  1.341680e-02
 15  1.198989e-02
 16  1.095033e-02
 17  1.019403e-02
 18  9.503628e-03
 19  9.024072e-03
 20  8.616088e-03
 21  8.179648e-03
 22  7.789822e-03
 23  7.352051e-03
 24  6.891211e-03
 25  6.380414e-03
 26  5.798497e-03
 27  5.053317e-03
 28  4.395400e-03
 29  3.690534e-03
 30  3.100069e-03
 31  2.550430e-03
 32  2.051121e-03
 33  1.620815e-03
 34  1.265840e-03
 35  9.772212e-04
 Iteration CPU time: 8 s
 CFIE residual: 0.000977221
 Last Built End in Sep 22 2025 09:01:48
 Total CPU time: 351 s
 Finished.
