 Last Built Begin in Sep 21 2025 00:06:12
 Pre-Type( Input ):           10
 Skl-Tol ( Input ):    1.0000000000000001E-005
 Wavelength in freespace: 0.0312175

 ################################################
 ##         Generating Required Mesh          ##
 ##         Waiting.....                      ##
 ################################################
 Subd No.      Subd Name
    1    Open-Duct_PRIME_model_meshAA1                                     
 isub,  nnode, npatch,  nedge:
    1      6118     12236     18354
 Scale Factor         >>   1.54999997E-02
 ################################################

 START TIME: 20250922   021148.825


 Informaton for IE geometry:
 number of subdomains     : 1
 maxnode,maxpatch,maxedge : 6118  12236  18354
 
 Index of Mat-Reg: 1
 Mat-Reg Number via MatFlg: 1
 Edge Number of Mat-Reg: 1, 18354

 Number of Edge on PEC: 18354
 Mat-Reg: No Dim(m) Lmax:
    1 0.230    5
 Totlmax, add1, add2:           5           6           7
 rlengmax of Global MLFMA >>   0.22968146489092289     
 Lmax of Global MLFMA >>            5
 Wavenum of Mat-Reg:
    1 1.000

 total area in sq m           =      0.0510
 total area in sq lambda      =     52.3020
 maxnode, maxpatch, maxedge           =     6118    12236    18354
 longest  edge in lambda              =      0.1495
 shortest edge in lambda              =      0.0071
 average  edge in lambda              =      0.0998
 largest  patch area in sq lambda     =      0.0076
 smallest patch area in sq lambda     =      0.0000
 ave    surface area in sq lambda     =      0.0043
 size range of the object in sq lambda =      7.3498

 #### MLFMA Info For Each Region ####
 Mat-Region =            1
 Array dimension parameters:
 maxrule=          14   maxgrid  =          64
 lmax   =           5   ncmax    =        1250
 lsmax  =          26   lsmin    =           6
 kpm    =        1356   kp0      =          76
 ntlm   =      204640   nsm      =      205900
 nkpm   =        2152   niplm    =      137728
 ngnearm=       14257   ngsndm   =       64634
 nearm  =         333   mfinestm =         119
 ###############################

 CFIE Alpha:  0.50000000000000000     

 Fill MLFMA FI for Mat-Reg:           1
 Begin filltl.f
 fill translation matrix
 Level:            2
 fill shifting matrix
 Level:            3
 fill shifting matrix
 Level:            4
 fill shifting matrix
 Level:            5
 fill shifting matrix
 translator time(s):  0.116000004    
 fill interpolation matrix
 ThetaOrder            8
 PhiOrder            8
 lsl            6
 Filling TL                  Delta_CPU=          0.52 Memory(MB)=        586.87
 Filling sndgrp              Delta_CPU=          0.00 Memory(MB)=        586.87
 Filling VFS                 Delta_CPU=          2.35 Memory(MB)=        586.87

 Fill MLFMA NI for Mat-Reg:           1
 Begin fill sparser part of Nearfield
 Begin fill denser part of Nearfield
 End fill
 Filling Amn                 Delta_CPU=         91.26 Memory(MB)=        586.87


 Now testing preconditioner with
 ipretype =           10
 method = cfie_solve_nfrasspspre_pardiso

  
 NBP>>Begin fill sparser part of Nearfield

113.8398% NBP>>Begin fill denser part of Nearfield

200.1041%
 Begin MLFMA Box-Matrix Based Spar-RAS Prec Constructor
 --- Intel MKL PARDISO --- 
 Memory for iGroup: 1 0 MB
 Total Memory For SparRAS Pre: 0 MB
 --- PARDISO PRECONDITIONER INITIALIZED --- 
 Constructing preconditioner CPU time: 5 s
 
 1101240
 Memory for Iteration:: 16.8036 MB

 Iseg, Ninc_S : 1, 181, 0

 Iseg, Skeleton Angles: 1, 38
 Iseg, Skel-Pk Mem(MB): 1, 314.35

 Iseg, Irank, Idinc : 1, 1, 22
 Thata, Phi : 90.000000, 21.000000
 Maximun iteration: 300
 Number of recycle truncation: 30
 Final matrix dimension:  36708
 Residual error:0.001000
 0  6.065964e-01
 1  2.905156e-01
 2  1.660897e-01
 3  1.142573e-01
 4  8.124675e-02
 5  5.982025e-02
 6  4.577899e-02
 7  3.621126e-02
 8  2.852198e-02
 9  2.243198e-02
 10  1.750402e-02
 11  1.371526e-02
 12  1.128363e-02
 13  9.135795e-03
 14  7.632077e-03
 15  6.498148e-03
 16  5.524634e-03
 17  4.674969e-03
 18  4.065175e-03
 19  3.491326e-03
 20  2.990225e-03
 21  2.648775e-03
 22  2.371693e-03
 23  2.174808e-03
 24  1.939907e-03
 25  1.705667e-03
 26  1.476514e-03
 27  1.267199e-03
 28  1.065356e-03
 29  8.980926e-04
 Iteration CPU time: 7 s
 CFIE residual: 0.000898093

 Iseg, Irank, Idinc : 1, 2, 42
 Thata, Phi : 90.000000, 41.000000
 Maximun iteration: 300
 Number of recycle truncation: 30
 Final matrix dimension:  36708
 Residual error:0.001000
 0  6.227227e-01
 1  3.153283e-01
 2  2.006678e-01
 3  1.316843e-01
 4  9.059619e-02
 5  6.590264e-02
 6  4.871458e-02
 7  3.682496e-02
 8  2.833175e-02
 9  2.199273e-02
 10  1.741149e-02
 11  1.401099e-02
 12  1.127171e-02
 13  9.614591e-03
 14  8.117085e-03
 15  7.038283e-03
 16  6.294279e-03
 17  5.553917e-03
 18  4.954165e-03
 19  4.417152e-03
 20  3.830771e-03
 21  3.298652e-03
 22  2.831082e-03
 23  2.384749e-03
 24  1.938241e-03
 25  1.565781e-03
 26  1.265645e-03
 27  1.007418e-03
 28  7.858275e-04
 Iteration CPU time: 6 s
 CFIE residual: 0.000785828

 Iseg, Irank, Idinc : 1, 3, 64
 Thata, Phi : 90.000000, 63.000000
 Maximun iteration: 300
 Number of recycle truncation: 30
 Final matrix dimension:  36708
 Residual error:0.001000
 0  6.651582e-01
 1  3.574343e-01
 2  2.230512e-01
 3  1.446156e-01
 4  1.057019e-01
 5  7.994899e-02
 6  6.106313e-02
 7  4.878571e-02
 8  3.893029e-02
 9  3.089581e-02
 10  2.461379e-02
 11  1.987001e-02
 12  1.631526e-02
 13  1.377031e-02
 14  1.169562e-02
 15  1.032787e-02
 16  9.247832e-03
 17  8.219669e-03
 18  7.419273e-03
 19  6.497053e-03
 20  5.658034e-03
 21  4.907703e-03
 22  4.106118e-03
 23  3.377175e-03
 24  2.740274e-03
 25  2.161078e-03
 26  1.694560e-03
 27  1.289020e-03
 28  9.976622e-04
 Iteration CPU time: 7 s
 CFIE residual: 0.000997662

 Iseg, Irank, Idinc : 1, 4, 109
 Thata, Phi : 90.000000, 108.000000
 Maximun iteration: 300
 Number of recycle truncation: 30
 Final matrix dimension:  36708
 Residual error:0.001000
 0  6.328387e-01
 1  3.585009e-01
 2  2.263688e-01
 3  1.547644e-01
 4  1.092331e-01
 5  8.199704e-02
 6  6.360657e-02
 7  4.917834e-02
 8  3.835731e-02
 9  3.048888e-02
 10  2.418739e-02
 11  1.915767e-02
 12  1.552687e-02
 13  1.264767e-02
 14  1.069123e-02
 15  8.997487e-03
 16  7.549516e-03
 17  6.582203e-03
 18  5.808812e-03
 19  5.103501e-03
 20  4.514687e-03
 21  4.057897e-03
 22  3.571352e-03
 23  3.135093e-03
 24  2.733861e-03
 25  2.352196e-03
 26  1.956882e-03
 27  1.612445e-03
 28  1.298383e-03
 29  1.023610e-03
 30  7.939698e-04
 Iteration CPU time: 7 s
 CFIE residual: 0.00079397

 Iseg, Irank, Idinc : 1, 5, 75
 Thata, Phi : 90.000000, 74.000000
 Maximun iteration: 300
 Number of recycle truncation: 30
 Final matrix dimension:  36708
 Residual error:0.001000
 0  6.429108e-01
 1  3.687881e-01
 2  2.393252e-01
 3  1.514316e-01
 4  1.062966e-01
 5  8.151303e-02
 6  6.338772e-02
 7  5.237517e-02
 8  4.149531e-02
 9  3.372790e-02
 10  2.710602e-02
 11  2.185495e-02
 12  1.789343e-02
 13  1.539573e-02
 14  1.332729e-02
 15  1.176265e-02
 16  1.067182e-02
 17  9.481114e-03
 18  8.482713e-03
 19  7.497413e-03
 20  6.696380e-03
 21  5.860954e-03
 22  5.053990e-03
 23  4.209141e-03
 24  3.473583e-03
 25  2.801860e-03
 26  2.281375e-03
 27  1.845308e-03
 28  1.497362e-03
 29  1.168959e-03
 30  9.058513e-04
 Iteration CPU time: 7 s
 CFIE residual: 0.000905851

 Iseg, Irank, Idinc : 1, 6, 146
 Thata, Phi : 90.000000, 145.000000
 Maximun iteration: 300
 Number of recycle truncation: 30
 Final matrix dimension:  36708
 Residual error:0.001000
 0  6.475569e-01
 1  3.441092e-01
 2  2.073860e-01
 3  1.457508e-01
 4  1.053626e-01
 5  8.203213e-02
 6  6.362182e-02
 7  5.116030e-02
 8  4.270679e-02
 9  3.543388e-02
 10  2.946367e-02
 11  2.444374e-02
 12  2.017595e-02
 13  1.598794e-02
 14  1.252464e-02
 15  1.023678e-02
 16  8.179078e-03
 17  6.783069e-03
 18  5.736181e-03
 19  4.698273e-03
 20  4.027338e-03
 21  3.473745e-03
 22  3.067235e-03
 23  2.715753e-03
 24  2.411203e-03
 25  2.160106e-03
 26  1.915530e-03
 27  1.693440e-03
 28  1.412919e-03
 29  1.175818e-03
 30  9.582748e-04
 Iteration CPU time: 6 s
 CFIE residual: 0.000958275

 Iseg, Irank, Idinc : 1, 7, 159
 Thata, Phi : 90.000000, 158.000000
 Maximun iteration: 300
 Number of recycle truncation: 30
 Final matrix dimension:  36708
 Residual error:0.001000
 0  6.028802e-01
 1  3.115322e-01
 2  1.884734e-01
 3  1.323349e-01
 4  1.007642e-01
 5  8.058325e-02
 6  6.443922e-02
 7  5.248309e-02
 8  4.464883e-02
 9  3.805042e-02
 10  3.205291e-02
 11  2.651168e-02
 12  2.151850e-02
 13  1.723300e-02
 14  1.405214e-02
 15  1.111154e-02
 16  8.803879e-03
 17  7.104600e-03
 18  5.899715e-03
 19  4.885623e-03
 20  4.005985e-03
 21  3.389436e-03
 22  2.949764e-03
 23  2.585294e-03
 24  2.282365e-03
 25  2.042644e-03
 26  1.814025e-03
 27  1.612111e-03
 28  1.418596e-03
 29  1.219517e-03
 30  1.045311e-03
 31  8.602808e-04
 Iteration CPU time: 7 s
 CFIE residual: 0.000860281

 Iseg, Irank, Idinc : 1, 8, 132
 Thata, Phi : 90.000000, 131.000000
 Maximun iteration: 300
 Number of recycle truncation: 30
 Final matrix dimension:  36708
 Residual error:0.001000
 0  6.848103e-01
 1  3.595472e-01
 2  2.312560e-01
 3  1.577162e-01
 4  1.128681e-01
 5  8.687699e-02
 6  6.624100e-02
 7  5.182608e-02
 8  4.131470e-02
 9  3.275645e-02
 10  2.610277e-02
 11  2.065323e-02
 12  1.668299e-02
 13  1.375618e-02
 14  1.134622e-02
 15  9.335616e-03
 16  7.759065e-03
 17  6.652485e-03
 18  5.749450e-03
 19  5.035954e-03
 20  4.497288e-03
 21  4.060995e-03
 22  3.613705e-03
 23  3.279894e-03
 24  2.867174e-03
 25  2.445692e-03
 26  2.107610e-03
 27  1.764264e-03
 28  1.512889e-03
 29  1.268386e-03
 30  1.048154e-03
 31  8.315404e-04
 Iteration CPU time: 7 s
 CFIE residual: 0.00083154

 Iseg, Irank, Idinc : 1, 9, 122
 Thata, Phi : 90.000000, 121.000000
 Maximun iteration: 300
 Number of recycle truncation: 30
 Final matrix dimension:  36708
 Residual error:0.001000
 0  6.532371e-01
 1  3.462578e-01
 2  2.273600e-01
 3  1.573869e-01
 4  1.115096e-01
 5  8.487601e-02
 6  6.490726e-02
 7  5.089861e-02
 8  3.871919e-02
 9  3.066420e-02
 10  2.400172e-02
 11  1.889008e-02
 12  1.523031e-02
 13  1.272946e-02
 14  1.077830e-02
 15  9.184843e-03
 16  7.911792e-03
 17  6.843299e-03
 18  6.018088e-03
 19  5.257582e-03
 20  4.608399e-03
 21  4.059022e-03
 22  3.642813e-03
 23  3.183984e-03
 24  2.770517e-03
 25  2.371384e-03
 26  2.035980e-03
 27  1.742516e-03
 28  1.446760e-03
 29  1.193262e-03
 30  9.537207e-04
 Iteration CPU time: 7 s
 CFIE residual: 0.000953721

 Iseg, Irank, Idinc : 1, 10, 89
 Thata, Phi : 90.000000, 88.000000
 Maximun iteration: 300
 Number of recycle truncation: 30
 Final matrix dimension:  36708
 Residual error:0.001000
 0  6.228427e-01
 1  3.571826e-01
 2  2.301561e-01
 3  1.562088e-01
 4  1.126361e-01
 5  8.845962e-02
 6  6.905921e-02
 7  5.489642e-02
 8  4.479579e-02
 9  3.587735e-02
 10  2.849271e-02
 11  2.259504e-02
 12  1.822971e-02
 13  1.491860e-02
 14  1.264311e-02
 15  1.101380e-02
 16  9.654214e-03
 17  8.631877e-03
 18  7.760440e-03
 19  6.930831e-03
 20  6.216932e-03
 21  5.472220e-03
 22  4.639285e-03
 23  3.856410e-03
 24  3.241975e-03
 25  2.650740e-03
 26  2.132897e-03
 27  1.691237e-03
 28  1.369690e-03
 29  1.054609e-03
 30  7.986591e-04
 Iteration CPU time: 6 s
 CFIE residual: 0.000798659

 Iseg, Irank, Idinc : 1, 11, 53
 Thata, Phi : 90.000000, 52.000000
 Maximun iteration: 300
 Number of recycle truncation: 30
 Final matrix dimension:  36708
 Residual error:0.001000
 0  6.437886e-01
 1  3.339514e-01
 2  2.074404e-01
 3  1.354076e-01
 4  9.650923e-02
 5  7.178225e-02
 6  5.524811e-02
 7  4.284006e-02
 8  3.343790e-02
 9  2.562297e-02
 10  2.031468e-02
 11  1.663286e-02
 12  1.370530e-02
 13  1.173131e-02
 14  1.012870e-02
 15  8.792729e-03
 16  7.887077e-03
 17  7.079397e-03
 18  6.255620e-03
 19  5.399241e-03
 20  4.699074e-03
 21  3.990966e-03
 22  3.353664e-03
 23  2.737063e-03
 24  2.215947e-03
 25  1.722537e-03
 26  1.338722e-03
 27  1.075070e-03
 28  8.419078e-04
 Iteration CPU time: 6 s
 CFIE residual: 0.000841908

 Iseg, Irank, Idinc : 1, 12, 32
 Thata, Phi : 90.000000, 31.000000
 Maximun iteration: 300
 Number of recycle truncation: 30
 Final matrix dimension:  36708
 Residual error:0.001000
 0  6.307932e-01
 1  3.056506e-01
 2  1.798386e-01
 3  1.141330e-01
 4  8.073141e-02
 5  5.996209e-02
 6  4.416154e-02
 7  3.400277e-02
 8  2.592883e-02
 9  2.024879e-02
 10  1.652492e-02
 11  1.314866e-02
 12  1.068175e-02
 13  8.945910e-03
 14  7.426197e-03
 15  6.284544e-03
 16  5.564243e-03
 17  4.799664e-03
 18  4.252761e-03
 19  3.775079e-03
 20  3.278099e-03
 21  2.883992e-03
 22  2.588069e-03
 23  2.297530e-03
 24  2.004725e-03
 25  1.709807e-03
 26  1.422049e-03
 27  1.177582e-03
 28  9.712199e-04
 Iteration CPU time: 6 s
 CFIE residual: 0.00097122

 Iseg, Irank, Idinc : 1, 13, 11
 Thata, Phi : 90.000000, 10.000000
 Maximun iteration: 300
 Number of recycle truncation: 30
 Final matrix dimension:  36708
 Residual error:0.001000
 0  5.361334e-01
 1  2.751518e-01
 2  1.722925e-01
 3  1.230710e-01
 4  8.847666e-02
 5  6.721865e-02
 6  5.136781e-02
 7  4.006876e-02
 8  3.092461e-02
 9  2.431704e-02
 10  1.927885e-02
 11  1.505127e-02
 12  1.170567e-02
 13  9.423106e-03
 14  7.716657e-03
 15  6.438421e-03
 16  5.552170e-03
 17  4.645786e-03
 18  4.050298e-03
 19  3.547450e-03
 20  3.074726e-03
 21  2.663101e-03
 22  2.382396e-03
 23  2.142548e-03
 24  1.888085e-03
 25  1.682400e-03
 26  1.502543e-03
 27  1.347020e-03
 28  1.159759e-03
 29  9.878034e-04
 Iteration CPU time: 7 s
 CFIE residual: 0.000987803

 Iseg, Irank, Idinc : 1, 14, 178
 Thata, Phi : 90.000000, 177.000000
 Maximun iteration: 300
 Number of recycle truncation: 30
 Final matrix dimension:  36708
 Residual error:0.001000
 0  5.518960e-01
 1  2.995543e-01
 2  1.911399e-01
 3  1.366651e-01
 4  1.066937e-01
 5  8.298209e-02
 6  6.790914e-02
 7  5.552655e-02
 8  4.461632e-02
 9  3.568049e-02
 10  2.820345e-02
 11  2.220085e-02
 12  1.744799e-02
 13  1.373547e-02
 14  1.079013e-02
 15  8.434312e-03
 16  6.820116e-03
 17  5.614162e-03
 18  4.613704e-03
 19  3.804342e-03
 20  3.180121e-03
 21  2.687240e-03
 22  2.351002e-03
 23  2.072114e-03
 24  1.829715e-03
 25  1.602676e-03
 26  1.437349e-03
 27  1.296874e-03
 28  1.136558e-03
 29  9.876783e-04
 Iteration CPU time: 7 s
 CFIE residual: 0.000987678

 Iseg, Irank, Idinc : 1, 15, 97
 Thata, Phi : 90.000000, 96.000000
 Maximun iteration: 300
 Number of recycle truncation: 30
 Final matrix dimension:  36708
 Residual error:0.001000
 0  6.205248e-01
 1  3.558553e-01
 2  2.247135e-01
 3  1.501548e-01
 4  1.075358e-01
 5  8.197427e-02
 6  6.417118e-02
 7  5.141961e-02
 8  4.096122e-02
 9  3.274345e-02
 10  2.589542e-02
 11  2.065069e-02
 12  1.686386e-02
 13  1.394881e-02
 14  1.165571e-02
 15  1.015226e-02
 16  8.750203e-03
 17  7.786835e-03
 18  7.020487e-03
 19  6.281997e-03
 20  5.687250e-03
 21  5.100525e-03
 22  4.431336e-03
 23  3.792056e-03
 24  3.251226e-03
 25  2.720149e-03
 26  2.230207e-03
 27  1.818078e-03
 28  1.449916e-03
 29  1.124631e-03
 30  8.697344e-04
 Iteration CPU time: 7 s
 CFIE residual: 0.000869734

 Iseg, Irank, Idinc : 1, 16, 82
 Thata, Phi : 90.000000, 81.000000
 Maximun iteration: 300
 Number of recycle truncation: 30
 Final matrix dimension:  36708
 Residual error:0.001000
 0  6.269763e-01
 1  3.584635e-01
 2  2.323606e-01
 3  1.550677e-01
 4  1.113881e-01
 5  8.762319e-02
 6  6.734958e-02
 7  5.403172e-02
 8  4.432364e-02
 9  3.452952e-02
 10  2.753329e-02
 11  2.190452e-02
 12  1.787111e-02
 13  1.481477e-02
 14  1.279964e-02
 15  1.121080e-02
 16  9.869168e-03
 17  8.808312e-03
 18  7.964082e-03
 19  7.033475e-03
 20  6.249210e-03
 21  5.488239e-03
 22  4.688384e-03
 23  3.946569e-03
 24  3.284564e-03
 25  2.678440e-03
 26  2.197731e-03
 27  1.776620e-03
 28  1.444361e-03
 29  1.129569e-03
 30  8.922406e-04
 Iteration CPU time: 7 s
 CFIE residual: 0.000892241

 Iseg, Irank, Idinc : 1, 17, 1
 Thata, Phi : 90.000000, 0.000000
 Maximun iteration: 300
 Number of recycle truncation: 30
 Final matrix dimension:  36708
 Residual error:0.001000
 0  5.037785e-01
 1  2.668032e-01
 2  1.734278e-01
 3  1.205178e-01
 4  8.629364e-02
 5  6.450298e-02
 6  4.938070e-02
 7  3.770030e-02
 8  2.969312e-02
 9  2.240846e-02
 10  1.723229e-02
 11  1.361740e-02
 12  1.089427e-02
 13  8.808410e-03
 14  7.211624e-03
 15  5.767300e-03
 16  4.798236e-03
 17  4.037802e-03
 18  3.484263e-03
 19  3.015461e-03
 20  2.674317e-03
 21  2.421452e-03
 22  2.130590e-03
 23  1.864736e-03
 24  1.651105e-03
 25  1.476387e-03
 26  1.327261e-03
 27  1.154296e-03
 28  9.792921e-04
 Iteration CPU time: 6 s
 CFIE residual: 0.000979292

 Iseg, Irank, Idinc : 1, 18, 167
 Thata, Phi : 90.000000, 166.000000
 Maximun iteration: 300
 Number of recycle truncation: 30
 Final matrix dimension:  36708
 Residual error:0.001000
 0  5.733021e-01
 1  3.012166e-01
 2  1.871534e-01
 3  1.351659e-01
 4  1.048869e-01
 5  8.431635e-02
 6  6.870389e-02
 7  5.607199e-02
 8  4.674870e-02
 9  3.944432e-02
 10  3.304555e-02
 11  2.713715e-02
 12  2.212020e-02
 13  1.761125e-02
 14  1.434700e-02
 15  1.146832e-02
 16  9.265054e-03
 17  7.620375e-03
 18  6.208317e-03
 19  5.024083e-03
 20  4.088545e-03
 21  3.416252e-03
 22  2.901964e-03
 23  2.515972e-03
 24  2.184442e-03
 25  1.906665e-03
 26  1.683427e-03
 27  1.503731e-03
 28  1.358881e-03
 29  1.206391e-03
 30  1.061528e-03
 31  9.051178e-04
 Iteration CPU time: 7 s
 CFIE residual: 0.000905118

 Iseg, Irank, Idinc : 1, 19, 115
 Thata, Phi : 90.000000, 114.000000
 Maximun iteration: 300
 Number of recycle truncation: 30
 Final matrix dimension:  36708
 Residual error:0.001000
 0  6.456044e-01
 1  3.517982e-01
 2  2.239725e-01
 3  1.550936e-01
 4  1.094870e-01
 5  8.243983e-02
 6  6.348750e-02
 7  4.886940e-02
 8  3.766804e-02
 9  3.000329e-02
 10  2.368087e-02
 11  1.880886e-02
 12  1.518267e-02
 13  1.269392e-02
 14  1.067700e-02
 15  8.957653e-03
 16  7.638603e-03
 17  6.616987e-03
 18  5.713832e-03
 19  5.050728e-03
 20  4.455520e-03
 21  3.953073e-03
 22  3.510088e-03
 23  3.091697e-03
 24  2.662979e-03
 25  2.286570e-03
 26  1.936842e-03
 27  1.642538e-03
 28  1.331473e-03
 29  1.055004e-03
 30  8.177610e-04
 Iteration CPU time: 7 s
 CFIE residual: 0.000817761

 Iseg, Irank, Idinc : 1, 20, 152
 Thata, Phi : 90.000000, 151.000000
 Maximun iteration: 300
 Number of recycle truncation: 30
 Final matrix dimension:  36708
 Residual error:0.001000
 0  6.278300e-01
 1  3.307328e-01
 2  1.994845e-01
 3  1.399566e-01
 4  1.031394e-01
 5  8.100084e-02
 6  6.414925e-02
 7  5.174284e-02
 8  4.378052e-02
 9  3.683535e-02
 10  3.086812e-02
 11  2.534385e-02
 12  2.053867e-02
 13  1.605380e-02
 14  1.279932e-02
 15  1.028817e-02
 16  8.069013e-03
 17  6.726173e-03
 18  5.621656e-03
 19  4.653297e-03
 20  3.860684e-03
 21  3.306706e-03
 22  2.858676e-03
 23  2.557422e-03
 24  2.281816e-03
 25  2.009681e-03
 26  1.787000e-03
 27  1.565371e-03
 28  1.324120e-03
 29  1.105410e-03
 30  9.099491e-04
 Iteration CPU time: 7 s
 CFIE residual: 0.000909949

 Iseg, Irank, Idinc : 1, 21, 181
 Thata, Phi : 90.000000, 180.000000
 Maximun iteration: 300
 Number of recycle truncation: 30
 Final matrix dimension:  36708
 Residual error:0.001000
 0  5.505155e-01
 1  2.995766e-01
 2  1.911942e-01
 3  1.365698e-01
 4  1.064766e-01
 5  8.248447e-02
 6  6.742575e-02
 7  5.516414e-02
 8  4.417885e-02
 9  3.514332e-02
 10  2.736768e-02
 11  2.112416e-02
 12  1.608034e-02
 13  1.223364e-02
 14  9.432989e-03
 15  7.201471e-03
 16  5.684791e-03
 17  4.692710e-03
 18  3.813108e-03
 19  3.168911e-03
 20  2.704859e-03
 21  2.339246e-03
 22  2.069714e-03
 23  1.840865e-03
 24  1.656176e-03
 25  1.474401e-03
 26  1.333773e-03
 27  1.180726e-03
 28  1.015388e-03
 29  8.527767e-04
 Iteration CPU time: 7 s
 CFIE residual: 0.000852777

 Iseg, Irank, Idinc : 1, 22, 16
 Thata, Phi : 90.000000, 15.000000
 Maximun iteration: 300
 Number of recycle truncation: 30
 Final matrix dimension:  36708
 Residual error:0.001000
 0  5.670632e-01
 1  2.818099e-01
 2  1.700817e-01
 3  1.206827e-01
 4  8.629258e-02
 5  6.494010e-02
 6  4.995323e-02
 7  3.959086e-02
 8  3.084118e-02
 9  2.398612e-02
 10  1.872696e-02
 11  1.486733e-02
 12  1.172931e-02
 13  9.363670e-03
 14  7.752133e-03
 15  6.503069e-03
 16  5.571070e-03
 17  4.723919e-03
 18  4.120722e-03
 19  3.545305e-03
 20  3.058519e-03
 21  2.672943e-03
 22  2.387961e-03
 23  2.187327e-03
 24  1.929933e-03
 25  1.709072e-03
 26  1.513049e-03
 27  1.331239e-03
 28  1.132286e-03
 29  9.625480e-04
 Iteration CPU time: 6 s
 CFIE residual: 0.000962548

 Iseg, Irank, Idinc : 1, 23, 59
 Thata, Phi : 90.000000, 58.000000
 Maximun iteration: 300
 Number of recycle truncation: 30
 Final matrix dimension:  36708
 Residual error:0.001000
 0  6.608354e-01
 1  3.454656e-01
 2  2.157517e-01
 3  1.378584e-01
 4  9.864459e-02
 5  7.269033e-02
 6  5.677931e-02
 7  4.558827e-02
 8  3.631456e-02
 9  2.804132e-02
 10  2.184579e-02
 11  1.785976e-02
 12  1.469568e-02
 13  1.244543e-02
 14  1.067494e-02
 15  9.351536e-03
 16  8.361763e-03
 17  7.423709e-03
 18  6.694122e-03
 19  5.778473e-03
 20  5.006044e-03
 21  4.303224e-03
 22  3.630967e-03
 23  2.914349e-03
 24  2.368560e-03
 25  1.840677e-03
 26  1.441119e-03
 27  1.106723e-03
 28  8.694523e-04
 Iteration CPU time: 7 s
 CFIE residual: 0.000869452

 Iseg, Irank, Idinc : 1, 24, 139
 Thata, Phi : 90.000000, 138.000000
 Maximun iteration: 300
 Number of recycle truncation: 30
 Final matrix dimension:  36708
 Residual error:0.001000
 0  6.882020e-01
 1  3.546009e-01
 2  2.205765e-01
 3  1.528397e-01
 4  1.111495e-01
 5  8.496933e-02
 6  6.376294e-02
 7  5.080662e-02
 8  4.207184e-02
 9  3.382463e-02
 10  2.754695e-02
 11  2.233861e-02
 12  1.877392e-02
 13  1.486260e-02
 14  1.188789e-02
 15  9.553570e-03
 16  7.984168e-03
 17  6.604768e-03
 18  5.667004e-03
 19  4.838637e-03
 20  4.267324e-03
 21  3.826189e-03
 22  3.421989e-03
 23  3.046622e-03
 24  2.702350e-03
 25  2.360830e-03
 26  2.056264e-03
 27  1.737709e-03
 28  1.439930e-03
 29  1.192373e-03
 30  9.715124e-04
 Iteration CPU time: 7 s
 CFIE residual: 0.000971512

 Iseg, Irank, Idinc : 1, 25, 5
 Thata, Phi : 90.000000, 4.000000
 Maximun iteration: 300
 Number of recycle truncation: 30
 Final matrix dimension:  36708
 Residual error:0.001000
 0  5.099229e-01
 1  2.685207e-01
 2  1.731396e-01
 3  1.213410e-01
 4  8.749047e-02
 5  6.612139e-02
 6  5.055208e-02
 7  3.816660e-02
 8  2.952601e-02
 9  2.280314e-02
 10  1.806881e-02
 11  1.457231e-02
 12  1.152242e-02
 13  9.183629e-03
 14  7.552374e-03
 15  6.310323e-03
 16  5.339802e-03
 17  4.491122e-03
 18  3.846392e-03
 19  3.400942e-03
 20  2.969658e-03
 21  2.581690e-03
 22  2.311052e-03
 23  2.060329e-03
 24  1.808779e-03
 25  1.601741e-03
 26  1.447790e-03
 27  1.291298e-03
 28  1.132959e-03
 29  9.526628e-04
 Iteration CPU time: 7 s
 CFIE residual: 0.000952663

 Iseg, Irank, Idinc : 1, 26, 103
 Thata, Phi : 90.000000, 102.000000
 Maximun iteration: 300
 Number of recycle truncation: 30
 Final matrix dimension:  36708
 Residual error:0.001000
 0  6.198112e-01
 1  3.556842e-01
 2  2.246445e-01
 3  1.516889e-01
 4  1.059758e-01
 5  8.006700e-02
 6  6.224154e-02
 7  4.871963e-02
 8  3.847845e-02
 9  3.040416e-02
 10  2.486571e-02
 11  1.972345e-02
 12  1.604900e-02
 13  1.317262e-02
 14  1.101968e-02
 15  9.317219e-03
 16  8.013342e-03
 17  7.028596e-03
 18  6.282455e-03
 19  5.594374e-03
 20  5.016056e-03
 21  4.507721e-03
 22  3.977159e-03
 23  3.467952e-03
 24  2.999615e-03
 25  2.537167e-03
 26  2.116816e-03
 27  1.741588e-03
 28  1.414646e-03
 29  1.136733e-03
 30  8.893054e-04
 Iteration CPU time: 6 s
 CFIE residual: 0.000889305

 Iseg, Irank, Idinc : 1, 27, 173
 Thata, Phi : 90.000000, 172.000000
 Maximun iteration: 300
 Number of recycle truncation: 30
 Final matrix dimension:  36708
 Residual error:0.001000
 0  5.590240e-01
 1  2.996110e-01
 2  1.903721e-01
 3  1.368694e-01
 4  1.071177e-01
 5  8.462528e-02
 6  6.939745e-02
 7  5.655977e-02
 8  4.619140e-02
 9  3.802098e-02
 10  3.117119e-02
 11  2.535004e-02
 12  2.052858e-02
 13  1.630798e-02
 14  1.333043e-02
 15  1.068340e-02
 16  8.695877e-03
 17  7.032390e-03
 18  5.699088e-03
 19  4.625317e-03
 20  3.800065e-03
 21  3.168899e-03
 22  2.721800e-03
 23  2.355109e-03
 24  2.038715e-03
 25  1.776562e-03
 26  1.563510e-03
 27  1.400535e-03
 28  1.253933e-03
 29  1.110605e-03
 30  9.863444e-04
 Iteration CPU time: 7 s
 CFIE residual: 0.000986344

 Iseg, Irank, Idinc : 1, 28, 37
 Thata, Phi : 90.000000, 36.000000
 Maximun iteration: 300
 Number of recycle truncation: 30
 Final matrix dimension:  36708
 Residual error:0.001000
 0  6.210470e-01
 1  3.121747e-01
 2  1.931927e-01
 3  1.233786e-01
 4  8.484217e-02
 5  6.226785e-02
 6  4.582016e-02
 7  3.501398e-02
 8  2.670524e-02
 9  2.052830e-02
 10  1.647382e-02
 11  1.330054e-02
 12  1.082850e-02
 13  9.187380e-03
 14  7.629613e-03
 15  6.548672e-03
 16  5.836693e-03
 17  5.061212e-03
 18  4.494446e-03
 19  4.009726e-03
 20  3.485608e-03
 21  3.040363e-03
 22  2.667299e-03
 23  2.314610e-03
 24  1.966362e-03
 25  1.641352e-03
 26  1.350769e-03
 27  1.092927e-03
 28  8.764343e-04
 Iteration CPU time: 7 s
 CFIE residual: 0.000876434

 Iseg, Irank, Idinc : 1, 29, 70
 Thata, Phi : 90.000000, 69.000000
 Maximun iteration: 300
 Number of recycle truncation: 30
 Final matrix dimension:  36708
 Residual error:0.001000
 0  6.560423e-01
 1  3.678546e-01
 2  2.343670e-01
 3  1.519083e-01
 4  1.102449e-01
 5  8.387579e-02
 6  6.471861e-02
 7  5.228922e-02
 8  4.210775e-02
 9  3.422648e-02
 10  2.769558e-02
 11  2.227188e-02
 12  1.810237e-02
 13  1.535816e-02
 14  1.310802e-02
 15  1.173329e-02
 16  1.057999e-02
 17  9.468152e-03
 18  8.398745e-03
 19  7.456064e-03
 20  6.616670e-03
 21  5.804995e-03
 22  4.974513e-03
 23  4.189735e-03
 24  3.414014e-03
 25  2.718247e-03
 26  2.178679e-03
 27  1.745251e-03
 28  1.367948e-03
 29  1.060053e-03
 30  8.308911e-04
 Iteration CPU time: 7 s
 CFIE residual: 0.000830891

 Iseg, Irank, Idinc : 1, 30, 127
 Thata, Phi : 90.000000, 126.000000
 Maximun iteration: 300
 Number of recycle truncation: 30
 Final matrix dimension:  36708
 Residual error:0.001000
 0  6.617843e-01
 1  3.509366e-01
 2  2.295965e-01
 3  1.571819e-01
 4  1.123999e-01
 5  8.686124e-02
 6  6.618537e-02
 7  5.155119e-02
 8  4.009970e-02
 9  3.196812e-02
 10  2.478067e-02
 11  1.955922e-02
 12  1.587504e-02
 13  1.312862e-02
 14  1.089171e-02
 15  9.284791e-03
 16  7.846357e-03
 17  6.818964e-03
 18  6.016859e-03
 19  5.199394e-03
 20  4.593395e-03
 21  4.115400e-03
 22  3.683459e-03
 23  3.280494e-03
 24  2.857303e-03
 25  2.456989e-03
 26  2.135124e-03
 27  1.817068e-03
 28  1.601281e-03
 29  1.345414e-03
 30  1.094010e-03
 31  8.644219e-04
 Iteration CPU time: 7 s
 CFIE residual: 0.000864422

 Iseg, Irank, Idinc : 1, 31, 3
 Thata, Phi : 90.000000, 2.000000
 Maximun iteration: 300
 Number of recycle truncation: 30
 Final matrix dimension:  36708
 Residual error:0.001000
 0  5.053813e-01
 1  2.672528e-01
 2  1.733423e-01
 3  1.207240e-01
 4  8.661884e-02
 5  6.499267e-02
 6  4.975517e-02
 7  3.775614e-02
 8  2.956617e-02
 9  2.243566e-02
 10  1.739023e-02
 11  1.404209e-02
 12  1.128942e-02
 13  9.011341e-03
 14  7.390514e-03
 15  6.097252e-03
 16  5.162425e-03
 17  4.370827e-03
 18  3.751777e-03
 19  3.298754e-03
 20  2.893002e-03
 21  2.535472e-03
 22  2.269167e-03
 23  2.016317e-03
 24  1.766244e-03
 25  1.566125e-03
 26  1.419579e-03
 27  1.252191e-03
 28  1.092109e-03
 29  9.103953e-04
 Iteration CPU time: 6 s
 CFIE residual: 0.000910395

 Iseg, Irank, Idinc : 1, 32, 163
 Thata, Phi : 90.000000, 162.000000
 Maximun iteration: 300
 Number of recycle truncation: 30
 Final matrix dimension:  36708
 Residual error:0.001000
 0  5.867329e-01
 1  3.045874e-01
 2  1.857239e-01
 3  1.326452e-01
 4  1.022140e-01
 5  8.241703e-02
 6  6.645393e-02
 7  5.428978e-02
 8  4.570200e-02
 9  3.892200e-02
 10  3.279426e-02
 11  2.723316e-02
 12  2.233177e-02
 13  1.775916e-02
 14  1.452238e-02
 15  1.151434e-02
 16  9.183862e-03
 17  7.634141e-03
 18  6.259077e-03
 19  5.031034e-03
 20  4.118450e-03
 21  3.491716e-03
 22  2.958734e-03
 23  2.572060e-03
 24  2.249805e-03
 25  1.968889e-03
 26  1.756089e-03
 27  1.574721e-03
 28  1.410841e-03
 29  1.236194e-03
 30  1.075326e-03
 31  9.049586e-04
 Iteration CPU time: 8 s
 CFIE residual: 0.000904959

 Iseg, Irank, Idinc : 1, 33, 47
 Thata, Phi : 90.000000, 46.000000
 Maximun iteration: 300
 Number of recycle truncation: 30
 Final matrix dimension:  36708
 Residual error:0.001000
 0  6.312060e-01
 1  3.218224e-01
 2  2.038513e-01
 3  1.351751e-01
 4  9.518250e-02
 5  7.004209e-02
 6  5.268299e-02
 7  4.048598e-02
 8  3.130978e-02
 9  2.440350e-02
 10  1.921959e-02
 11  1.544915e-02
 12  1.253299e-02
 13  1.061377e-02
 14  9.046906e-03
 15  7.857162e-03
 16  7.032145e-03
 17  6.270205e-03
 18  5.556222e-03
 19  4.808332e-03
 20  4.184683e-03
 21  3.569318e-03
 22  3.072544e-03
 23  2.534455e-03
 24  2.037209e-03
 25  1.650217e-03
 26  1.284281e-03
 27  1.027312e-03
 28  8.136864e-04
 Iteration CPU time: 6 s
 CFIE residual: 0.000813686

 Iseg, Irank, Idinc : 1, 34, 26
 Thata, Phi : 90.000000, 25.000000
 Maximun iteration: 300
 Number of recycle truncation: 30
 Final matrix dimension:  36708
 Residual error:0.001000
 0  6.258614e-01
 1  2.966400e-01
 2  1.675570e-01
 3  1.106906e-01
 4  7.849996e-02
 5  5.788698e-02
 6  4.353654e-02
 7  3.385771e-02
 8  2.646088e-02
 9  2.078798e-02
 10  1.652626e-02
 11  1.289808e-02
 12  1.065953e-02
 13  8.764769e-03
 14  7.298309e-03
 15  6.284259e-03
 16  5.395908e-03
 17  4.589859e-03
 18  4.023593e-03
 19  3.511846e-03
 20  3.031561e-03
 21  2.679581e-03
 22  2.418060e-03
 23  2.203584e-03
 24  1.962978e-03
 25  1.702932e-03
 26  1.459330e-03
 27  1.241607e-03
 28  1.032724e-03
 29  8.632253e-04
 Iteration CPU time: 7 s
 CFIE residual: 0.000863225

 Iseg, Irank, Idinc : 1, 35, 180
 Thata, Phi : 90.000000, 179.000000
 Maximun iteration: 300
 Number of recycle truncation: 30
 Final matrix dimension:  36708
 Residual error:0.001000
 0  5.506878e-01
 1  2.995776e-01
 2  1.911926e-01
 3  1.365835e-01
 4  1.065043e-01
 5  8.254484e-02
 6  6.748618e-02
 7  5.521215e-02
 8  4.423662e-02
 9  3.521118e-02
 10  2.747769e-02
 11  2.127535e-02
 12  1.632256e-02
 13  1.254768e-02
 14  9.706887e-03
 15  7.458487e-03
 16  5.934315e-03
 17  4.949657e-03
 18  4.074170e-03
 19  3.392622e-03
 20  2.875241e-03
 21  2.473192e-03
 22  2.188667e-03
 23  1.950455e-03
 24  1.733275e-03
 25  1.527271e-03
 26  1.380153e-03
 27  1.235892e-03
 28  1.066276e-03
 29  9.063976e-04
 Iteration CPU time: 6 s
 CFIE residual: 0.000906398

 Iseg, Irank, Idinc : 1, 36, 93
 Thata, Phi : 90.000000, 92.000000
 Maximun iteration: 300
 Number of recycle truncation: 30
 Final matrix dimension:  36708
 Residual error:0.001000
 0  6.225733e-01
 1  3.578474e-01
 2  2.278253e-01
 3  1.518208e-01
 4  1.102382e-01
 5  8.603374e-02
 6  6.786275e-02
 7  5.394616e-02
 8  4.353371e-02
 9  3.513831e-02
 10  2.760423e-02
 11  2.207209e-02
 12  1.803195e-02
 13  1.476943e-02
 14  1.250436e-02
 15  1.080846e-02
 16  9.358953e-03
 17  8.349408e-03
 18  7.497957e-03
 19  6.687902e-03
 20  6.048860e-03
 21  5.373992e-03
 22  4.591545e-03
 23  3.865293e-03
 24  3.310986e-03
 25  2.734089e-03
 26  2.218299e-03
 27  1.763399e-03
 28  1.401915e-03
 29  1.051702e-03
 30  7.929726e-04
 Iteration CPU time: 6 s
 CFIE residual: 0.000792973

 Iseg, Irank, Idinc : 1, 37, 143
 Thata, Phi : 90.000000, 142.000000
 Maximun iteration: 300
 Number of recycle truncation: 30
 Final matrix dimension:  36708
 Residual error:0.001000
 0  6.640297e-01
 1  3.487698e-01
 2  2.115358e-01
 3  1.479088e-01
 4  1.073083e-01
 5  8.306372e-02
 6  6.329663e-02
 7  5.074764e-02
 8  4.205438e-02
 9  3.443214e-02
 10  2.870162e-02
 11  2.371164e-02
 12  1.973571e-02
 13  1.548264e-02
 14  1.217221e-02
 15  9.949991e-03
 16  8.111070e-03
 17  6.716841e-03
 18  5.684954e-03
 19  4.755367e-03
 20  4.109922e-03
 21  3.627199e-03
 22  3.240808e-03
 23  2.867933e-03
 24  2.549780e-03
 25  2.275568e-03
 26  2.014250e-03
 27  1.748702e-03
 28  1.442902e-03
 29  1.187818e-03
 30  9.666295e-04
 Iteration CPU time: 7 s
 CFIE residual: 0.00096663

 Iseg, Irank, Idinc : 1, 38, 8
 Thata, Phi : 90.000000, 7.000000
 Maximun iteration: 300
 Number of recycle truncation: 30
 Final matrix dimension:  36708
 Residual error:0.001000
 0  5.211366e-01
 1  2.714970e-01
 2  1.727927e-01
 3  1.226125e-01
 4  8.865440e-02
 5  6.735454e-02
 6  5.135009e-02
 7  3.918715e-02
 8  3.019025e-02
 9  2.384894e-02
 10  1.894404e-02
 11  1.488289e-02
 12  1.164735e-02
 13  9.317238e-03
 14  7.673083e-03
 15  6.412668e-03
 16  5.471927e-03
 17  4.575407e-03
 18  3.946898e-03
 19  3.490547e-03
 20  3.036610e-03
 21  2.630118e-03
 22  2.352750e-03
 23  2.103192e-03
 24  1.849149e-03
 25  1.647711e-03
 26  1.479520e-03
 27  1.328931e-03
 28  1.157453e-03
 29  9.863633e-04
 Iteration CPU time: 7 s
 CFIE residual: 0.000986363
 Last Built End in Sep 21 2025 00:06:12
 Total CPU time: 275 s
 Finished.
