 Last Built Begin in Sep 21 2025 00:06:12
 Pre-Type( Input ):           10
 Skl-Tol ( Input ):    1.0000000000000001E-005
 Wavelength in freespace: 0.0295276

 ################################################
 ##         Generating Required Mesh          ##
 ##         Waiting.....                      ##
 ################################################
 Subd No.      Subd Name
    1    Open-Duct_PRIME_model_meshAA1                                     
 isub,  nnode, npatch,  nedge:
    1      6118     12236     18354
 Scale Factor         >>   1.54999997E-02
 ################################################

 START TIME: 20250922   063049.794


 Informaton for IE geometry:
 number of subdomains     : 1
 maxnode,maxpatch,maxedge : 6118  12236  18354
 
 Index of Mat-Reg: 1
 Mat-Reg Number via MatFlg: 1
 Edge Number of Mat-Reg: 1, 18354

 Number of Edge on PEC: 18354
 Mat-Reg: No Dim(m) Lmax:
    1 0.243    5
 Totlmax, add1, add2:           5           6           7
 rlengmax of Global MLFMA >>   0.24282660596168332     
 Lmax of Global MLFMA >>            5
 Wavenum of Mat-Reg:
    1 1.000

 total area in sq m           =      0.0510
 total area in sq lambda      =     58.4600
 maxnode, maxpatch, maxedge           =     6118    12236    18354
 longest  edge in lambda              =      0.1581
 shortest edge in lambda              =      0.0075
 average  edge in lambda              =      0.1055
 largest  patch area in sq lambda     =      0.0085
 smallest patch area in sq lambda     =      0.0000
 ave    surface area in sq lambda     =      0.0048
 size range of the object in sq lambda =      7.7705

 #### MLFMA Info For Each Region ####
 Mat-Region =            1
 Array dimension parameters:
 maxrule=          14   maxgrid  =          64
 lmax   =           5   ncmax    =        1250
 lsmax  =          27   lsmin    =           7
 kpm    =        1462   kp0      =         102
 ntlm   =      217096   nsm      =      232158
 nkpm   =        2284   niplm    =      146176
 ngnearm=       14257   ngsndm   =       64634
 nearm  =         333   mfinestm =         119
 ###############################

 CFIE Alpha:  0.50000000000000000     

 Fill MLFMA FI for Mat-Reg:           1
 Begin filltl.f
 fill translation matrix
 Level:            2
 fill shifting matrix
 Level:            3
 fill shifting matrix
 Level:            4
 fill shifting matrix
 Level:            5
 fill shifting matrix
 translator time(s):  0.155000001    
 fill interpolation matrix
 ThetaOrder            8
 PhiOrder            8
 lsl            7
 Filling TL                  Delta_CPU=          0.59 Memory(MB)=        653.98
 Filling sndgrp              Delta_CPU=          0.00 Memory(MB)=        653.98
 Filling VFS                 Delta_CPU=          3.21 Memory(MB)=        653.98

 Fill MLFMA NI for Mat-Reg:           1
 Begin fill sparser part of Nearfield
 Begin fill denser part of Nearfield
 End fill
 Filling Amn                 Delta_CPU=         90.45 Memory(MB)=        653.98


 Now testing preconditioner with
 ipretype =           10
 method = cfie_solve_nfrasspspre_pardiso

  
 NBP>>Begin fill sparser part of Nearfield

116.1290% NBP>>Begin fill denser part of Nearfield

200.1041%
 Begin MLFMA Box-Matrix Based Spar-RAS Prec Constructor
 --- Intel MKL PARDISO --- 
 Memory for iGroup: 1 0 MB
 Total Memory For SparRAS Pre: 0 MB
 --- PARDISO PRECONDITIONER INITIALIZED --- 
 Constructing preconditioner CPU time: 4 s
 
 1101240
 Memory for Iteration:: 16.8036 MB

 Iseg, Ninc_S : 1, 181, 0

 Iseg, Skeleton Angles: 1, 41
 Iseg, Skel-Pk Mem(MB): 1, 314.36

 Iseg, Irank, Idinc : 1, 1, 42
 Thata, Phi : 90.000000, 41.000000
 Maximun iteration: 300
 Number of recycle truncation: 30
 Final matrix dimension:  36708
 Residual error:0.001000
 0  6.321505e-01
 1  3.155342e-01
 2  1.988225e-01
 3  1.274685e-01
 4  8.788274e-02
 5  6.484307e-02
 6  4.857898e-02
 7  3.731428e-02
 8  2.843450e-02
 9  2.135629e-02
 10  1.595543e-02
 11  1.286399e-02
 12  1.018022e-02
 13  8.187521e-03
 14  6.687081e-03
 15  5.328352e-03
 16  4.434673e-03
 17  3.615922e-03
 18  2.940068e-03
 19  2.430070e-03
 20  2.031249e-03
 21  1.713420e-03
 22  1.491783e-03
 23  1.331590e-03
 24  1.200212e-03
 25  1.104351e-03
 26  1.028542e-03
 27  9.758648e-04
 Iteration CPU time: 6 s
 CFIE residual: 0.000975865

 Iseg, Irank, Idinc : 1, 2, 22
 Thata, Phi : 90.000000, 21.000000
 Maximun iteration: 300
 Number of recycle truncation: 30
 Final matrix dimension:  36708
 Residual error:0.001000
 0  6.264869e-01
 1  2.938022e-01
 2  1.712729e-01
 3  1.143080e-01
 4  7.970344e-02
 5  5.899995e-02
 6  4.480572e-02
 7  3.458392e-02
 8  2.779332e-02
 9  2.227859e-02
 10  1.771678e-02
 11  1.404790e-02
 12  1.152397e-02
 13  9.397304e-03
 14  7.951992e-03
 15  6.365409e-03
 16  5.238931e-03
 17  4.428371e-03
 18  3.690651e-03
 19  3.117994e-03
 20  2.572187e-03
 21  2.051616e-03
 22  1.682260e-03
 23  1.414787e-03
 24  1.188916e-03
 25  1.005077e-03
 26  8.573487e-04
 Iteration CPU time: 6 s
 CFIE residual: 0.000857349

 Iseg, Irank, Idinc : 1, 3, 109
 Thata, Phi : 90.000000, 108.000000
 Maximun iteration: 300
 Number of recycle truncation: 30
 Final matrix dimension:  36708
 Residual error:0.001000
 0  6.244566e-01
 1  3.529039e-01
 2  2.197493e-01
 3  1.504613e-01
 4  1.057385e-01
 5  7.946490e-02
 6  6.097922e-02
 7  4.766400e-02
 8  3.816545e-02
 9  3.014229e-02
 10  2.405330e-02
 11  1.959005e-02
 12  1.577384e-02
 13  1.302724e-02
 14  1.074031e-02
 15  8.682770e-03
 16  7.316810e-03
 17  6.028488e-03
 18  4.960002e-03
 19  4.194382e-03
 20  3.480514e-03
 21  2.864087e-03
 22  2.432335e-03
 23  2.101888e-03
 24  1.874649e-03
 25  1.680739e-03
 26  1.558639e-03
 27  1.465972e-03
 28  1.406291e-03
 29  1.349016e-03
 30  1.304902e-03
 31  1.270009e-03
 32  1.233465e-03
 33  1.185803e-03
 34  1.126586e-03
 35  1.058393e-03
 36  9.819517e-04
 Iteration CPU time: 8 s
 CFIE residual: 0.000981952

 Iseg, Irank, Idinc : 1, 4, 63
 Thata, Phi : 90.000000, 62.000000
 Maximun iteration: 300
 Number of recycle truncation: 30
 Final matrix dimension:  36708
 Residual error:0.001000
 0  6.600463e-01
 1  3.574689e-01
 2  2.223113e-01
 3  1.424793e-01
 4  1.010946e-01
 5  7.754984e-02
 6  5.817780e-02
 7  4.607864e-02
 8  3.655533e-02
 9  2.878600e-02
 10  2.216146e-02
 11  1.703168e-02
 12  1.360701e-02
 13  1.075780e-02
 14  8.721185e-03
 15  7.258925e-03
 16  5.834257e-03
 17  4.923499e-03
 18  4.093650e-03
 19  3.523563e-03
 20  3.159205e-03
 21  2.830842e-03
 22  2.537731e-03
 23  2.327372e-03
 24  2.184426e-03
 25  2.091828e-03
 26  2.014276e-03
 27  1.954154e-03
 28  1.916750e-03
 29  1.876864e-03
 30  1.818457e-03
 31  1.759247e-03
 32  1.659304e-03
 33  1.548869e-03
 34  1.411540e-03
 35  1.250930e-03
 36  1.104329e-03
 37  9.597443e-04
 Iteration CPU time: 9 s
 CFIE residual: 0.000959744

 Iseg, Irank, Idinc : 1, 5, 147
 Thata, Phi : 90.000000, 146.000000
 Maximun iteration: 300
 Number of recycle truncation: 30
 Final matrix dimension:  36708
 Residual error:0.001000
 0  6.557649e-01
 1  3.456614e-01
 2  2.105255e-01
 3  1.413363e-01
 4  1.019652e-01
 5  7.740889e-02
 6  6.066779e-02
 7  4.753194e-02
 8  3.955750e-02
 9  3.396004e-02
 10  2.873618e-02
 11  2.461748e-02
 12  2.101691e-02
 13  1.751285e-02
 14  1.450738e-02
 15  1.208486e-02
 16  9.922997e-03
 17  8.177646e-03
 18  6.585410e-03
 19  5.384173e-03
 20  4.332598e-03
 21  3.531664e-03
 22  2.963343e-03
 23  2.482269e-03
 24  2.093012e-03
 25  1.711054e-03
 26  1.448945e-03
 27  1.243096e-03
 28  1.102728e-03
 29  1.004632e-03
 30  9.406604e-04
 Iteration CPU time: 7 s
 CFIE residual: 0.00094066

 Iseg, Irank, Idinc : 1, 6, 136
 Thata, Phi : 90.000000, 135.000000
 Maximun iteration: 300
 Number of recycle truncation: 30
 Final matrix dimension:  36708
 Residual error:0.001000
 0  6.992759e-01
 1  3.526344e-01
 2  2.197229e-01
 3  1.488084e-01
 4  1.079305e-01
 5  8.112260e-02
 6  6.140980e-02
 7  4.844138e-02
 8  3.862035e-02
 9  3.229968e-02
 10  2.604001e-02
 11  2.116826e-02
 12  1.726715e-02
 13  1.428123e-02
 14  1.166902e-02
 15  9.503809e-03
 16  7.750018e-03
 17  6.416511e-03
 18  5.270372e-03
 19  4.352517e-03
 20  3.594450e-03
 21  3.079898e-03
 22  2.648728e-03
 23  2.299961e-03
 24  2.030139e-03
 25  1.826568e-03
 26  1.659764e-03
 27  1.534364e-03
 28  1.441543e-03
 29  1.361459e-03
 30  1.297414e-03
 31  1.255174e-03
 32  1.221626e-03
 33  1.189857e-03
 34  1.160825e-03
 35  1.117550e-03
 36  1.062468e-03
 37  1.006901e-03
 38  9.385667e-04
 Iteration CPU time: 8 s
 CFIE residual: 0.000938567

 Iseg, Irank, Idinc : 1, 7, 72
 Thata, Phi : 90.000000, 71.000000
 Maximun iteration: 300
 Number of recycle truncation: 30
 Final matrix dimension:  36708
 Residual error:0.001000
 0  6.395937e-01
 1  3.646736e-01
 2  2.358389e-01
 3  1.482909e-01
 4  1.039133e-01
 5  8.104211e-02
 6  6.227724e-02
 7  4.815417e-02
 8  3.848157e-02
 9  3.089022e-02
 10  2.474543e-02
 11  1.962703e-02
 12  1.549965e-02
 13  1.249602e-02
 14  1.016695e-02
 15  8.346504e-03
 16  6.899917e-03
 17  5.813421e-03
 18  4.887630e-03
 19  4.255884e-03
 20  3.749207e-03
 21  3.286687e-03
 22  2.954077e-03
 23  2.671743e-03
 24  2.491780e-03
 25  2.374917e-03
 26  2.293244e-03
 27  2.236178e-03
 28  2.185641e-03
 29  2.127305e-03
 30  2.067210e-03
 31  1.992456e-03
 32  1.892494e-03
 33  1.770742e-03
 34  1.626699e-03
 35  1.465422e-03
 36  1.299303e-03
 37  1.133568e-03
 38  9.535190e-04
 Iteration CPU time: 9 s
 CFIE residual: 0.000953519

 Iseg, Irank, Idinc : 1, 8, 85
 Thata, Phi : 90.000000, 84.000000
 Maximun iteration: 300
 Number of recycle truncation: 30
 Final matrix dimension:  36708
 Residual error:0.001000
 0  6.121324e-01
 1  3.482510e-01
 2  2.229291e-01
 3  1.512579e-01
 4  1.102410e-01
 5  8.386560e-02
 6  6.425331e-02
 7  5.076718e-02
 8  4.107661e-02
 9  3.206894e-02
 10  2.524585e-02
 11  2.040836e-02
 12  1.679804e-02
 13  1.359203e-02
 14  1.120700e-02
 15  8.969385e-03
 16  7.414751e-03
 17  6.210400e-03
 18  5.186699e-03
 19  4.387528e-03
 20  3.750042e-03
 21  3.262059e-03
 22  2.900675e-03
 23  2.656987e-03
 24  2.456410e-03
 25  2.328863e-03
 26  2.210918e-03
 27  2.126098e-03
 28  2.054642e-03
 29  1.997490e-03
 30  1.947772e-03
 31  1.891526e-03
 32  1.835249e-03
 33  1.740961e-03
 34  1.613182e-03
 35  1.459662e-03
 36  1.332109e-03
 37  1.199071e-03
 38  1.058694e-03
 39  9.122980e-04
 Iteration CPU time: 9 s
 CFIE residual: 0.000912298

 Iseg, Irank, Idinc : 1, 9, 159
 Thata, Phi : 90.000000, 158.000000
 Maximun iteration: 300
 Number of recycle truncation: 30
 Final matrix dimension:  36708
 Residual error:0.001000
 0  6.183806e-01
 1  3.147713e-01
 2  1.917838e-01
 3  1.296357e-01
 4  9.791693e-02
 5  7.774393e-02
 6  6.247855e-02
 7  5.108633e-02
 8  4.288043e-02
 9  3.667823e-02
 10  3.138784e-02
 11  2.699557e-02
 12  2.307000e-02
 13  1.953750e-02
 14  1.594603e-02
 15  1.349529e-02
 16  1.117815e-02
 17  9.162875e-03
 18  7.535386e-03
 19  6.198735e-03
 20  5.074978e-03
 21  4.102706e-03
 22  3.340801e-03
 23  2.752728e-03
 24  2.211594e-03
 25  1.806823e-03
 26  1.417918e-03
 27  1.177485e-03
 28  9.584536e-04
 Iteration CPU time: 7 s
 CFIE residual: 0.000958454

 Iseg, Irank, Idinc : 1, 10, 124
 Thata, Phi : 90.000000, 123.000000
 Maximun iteration: 300
 Number of recycle truncation: 30
 Final matrix dimension:  36708
 Residual error:0.001000
 0  6.554461e-01
 1  3.416669e-01
 2  2.225475e-01
 3  1.566259e-01
 4  1.123807e-01
 5  8.270055e-02
 6  6.525606e-02
 7  5.091837e-02
 8  4.028125e-02
 9  3.250018e-02
 10  2.521835e-02
 11  2.035859e-02
 12  1.579070e-02
 13  1.256168e-02
 14  1.020590e-02
 15  8.417009e-03
 16  7.154996e-03
 17  5.993762e-03
 18  4.813984e-03
 19  4.080605e-03
 20  3.490725e-03
 21  2.919426e-03
 22  2.547560e-03
 23  2.214389e-03
 24  1.925351e-03
 25  1.659392e-03
 26  1.484430e-03
 27  1.330871e-03
 28  1.209290e-03
 29  1.113580e-03
 30  1.035037e-03
 31  9.847151e-04
 Iteration CPU time: 7 s
 CFIE residual: 0.000984715

 Iseg, Irank, Idinc : 1, 11, 53
 Thata, Phi : 90.000000, 52.000000
 Maximun iteration: 300
 Number of recycle truncation: 30
 Final matrix dimension:  36708
 Residual error:0.001000
 0  6.533921e-01
 1  3.425677e-01
 2  2.100462e-01
 3  1.347123e-01
 4  9.623798e-02
 5  7.281026e-02
 6  5.606226e-02
 7  4.338160e-02
 8  3.305421e-02
 9  2.522236e-02
 10  1.940882e-02
 11  1.502925e-02
 12  1.173790e-02
 13  9.249440e-03
 14  7.583871e-03
 15  6.153042e-03
 16  4.995866e-03
 17  3.964152e-03
 18  3.283371e-03
 19  2.738091e-03
 20  2.342798e-03
 21  2.083861e-03
 22  1.888485e-03
 23  1.740433e-03
 24  1.626885e-03
 25  1.552047e-03
 26  1.507110e-03
 27  1.471442e-03
 28  1.443838e-03
 29  1.416107e-03
 30  1.389911e-03
 31  1.332458e-03
 32  1.264072e-03
 33  1.198552e-03
 34  1.117651e-03
 35  1.015325e-03
 36  9.052592e-04
 Iteration CPU time: 8 s
 CFIE residual: 0.000905259

 Iseg, Irank, Idinc : 1, 12, 177
 Thata, Phi : 90.000000, 176.000000
 Maximun iteration: 300
 Number of recycle truncation: 30
 Final matrix dimension:  36708
 Residual error:0.001000
 0  5.830396e-01
 1  2.994594e-01
 2  1.872253e-01
 3  1.322034e-01
 4  1.021965e-01
 5  8.093434e-02
 6  6.503019e-02
 7  5.486446e-02
 8  4.531342e-02
 9  3.655112e-02
 10  3.012666e-02
 11  2.497899e-02
 12  2.027243e-02
 13  1.718079e-02
 14  1.386846e-02
 15  1.126205e-02
 16  9.165215e-03
 17  7.443835e-03
 18  6.070635e-03
 19  5.020542e-03
 20  4.111816e-03
 21  3.476073e-03
 22  2.898668e-03
 23  2.439957e-03
 24  2.065969e-03
 25  1.738365e-03
 26  1.458656e-03
 27  1.241247e-03
 28  1.052751e-03
 29  9.021500e-04
 Iteration CPU time: 7 s
 CFIE residual: 0.00090215

 Iseg, Irank, Idinc : 1, 13, 32
 Thata, Phi : 90.000000, 31.000000
 Maximun iteration: 300
 Number of recycle truncation: 30
 Final matrix dimension:  36708
 Residual error:0.001000
 0  6.337311e-01
 1  3.067921e-01
 2  1.814514e-01
 3  1.135871e-01
 4  8.008415e-02
 5  5.876615e-02
 6  4.311134e-02
 7  3.290095e-02
 8  2.590925e-02
 9  2.027999e-02
 10  1.628596e-02
 11  1.342323e-02
 12  1.056087e-02
 13  8.560340e-03
 14  7.095192e-03
 15  5.659464e-03
 16  4.656558e-03
 17  3.831931e-03
 18  3.177684e-03
 19  2.719121e-03
 20  2.257829e-03
 21  1.872479e-03
 22  1.551021e-03
 23  1.331282e-03
 24  1.131151e-03
 25  9.770165e-04
 Iteration CPU time: 6 s
 CFIE residual: 0.000977017

 Iseg, Irank, Idinc : 1, 14, 9
 Thata, Phi : 90.000000, 8.000000
 Maximun iteration: 300
 Number of recycle truncation: 30
 Final matrix dimension:  36708
 Residual error:0.001000
 0  5.420134e-01
 1  2.765948e-01
 2  1.757216e-01
 3  1.235059e-01
 4  8.956268e-02
 5  6.677980e-02
 6  5.095617e-02
 7  3.933305e-02
 8  3.093767e-02
 9  2.406990e-02
 10  1.877964e-02
 11  1.497116e-02
 12  1.214819e-02
 13  9.921237e-03
 14  7.960377e-03
 15  6.265759e-03
 16  5.214047e-03
 17  4.371622e-03
 18  3.669214e-03
 19  3.126125e-03
 20  2.686182e-03
 21  2.270817e-03
 22  1.887907e-03
 23  1.586658e-03
 24  1.359465e-03
 25  1.140307e-03
 26  9.863908e-04
 Iteration CPU time: 6 s
 CFIE residual: 0.000986391

 Iseg, Irank, Idinc : 1, 15, 93
 Thata, Phi : 90.000000, 92.000000
 Maximun iteration: 300
 Number of recycle truncation: 30
 Final matrix dimension:  36708
 Residual error:0.001000
 0  6.057919e-01
 1  3.466786e-01
 2  2.195813e-01
 3  1.482933e-01
 4  1.056389e-01
 5  8.107507e-02
 6  6.352682e-02
 7  4.987635e-02
 8  4.009754e-02
 9  3.175471e-02
 10  2.543507e-02
 11  2.067071e-02
 12  1.704155e-02
 13  1.453988e-02
 14  1.220527e-02
 15  9.745156e-03
 16  8.079368e-03
 17  6.661561e-03
 18  5.559071e-03
 19  4.643361e-03
 20  3.915283e-03
 21  3.332585e-03
 22  2.908851e-03
 23  2.617217e-03
 24  2.396009e-03
 25  2.218671e-03
 26  2.074174e-03
 27  1.974974e-03
 28  1.908430e-03
 29  1.843478e-03
 30  1.795467e-03
 31  1.738586e-03
 32  1.687876e-03
 33  1.618460e-03
 34  1.536631e-03
 35  1.440464e-03
 36  1.333542e-03
 37  1.204369e-03
 38  1.060323e-03
 39  8.897239e-04
 Iteration CPU time: 9 s
 CFIE residual: 0.000889724

 Iseg, Irank, Idinc : 1, 16, 101
 Thata, Phi : 90.000000, 100.000000
 Maximun iteration: 300
 Number of recycle truncation: 30
 Final matrix dimension:  36708
 Residual error:0.001000
 0  6.103078e-01
 1  3.460068e-01
 2  2.168032e-01
 3  1.472494e-01
 4  1.049399e-01
 5  7.871115e-02
 6  6.021214e-02
 7  4.793292e-02
 8  3.789836e-02
 9  3.075716e-02
 10  2.518940e-02
 11  2.055436e-02
 12  1.668461e-02
 13  1.371731e-02
 14  1.142217e-02
 15  9.575350e-03
 16  7.959403e-03
 17  6.630790e-03
 18  5.440101e-03
 19  4.525619e-03
 20  3.747354e-03
 21  3.133963e-03
 22  2.723067e-03
 23  2.389239e-03
 24  2.132140e-03
 25  1.967138e-03
 26  1.825432e-03
 27  1.728136e-03
 28  1.650196e-03
 29  1.598777e-03
 30  1.560798e-03
 31  1.526881e-03
 32  1.478397e-03
 33  1.424937e-03
 34  1.355310e-03
 35  1.276276e-03
 36  1.186676e-03
 37  1.071111e-03
 38  9.486472e-04
 Iteration CPU time: 8 s
 CFIE residual: 0.000948647

 Iseg, Irank, Idinc : 1, 17, 116
 Thata, Phi : 90.000000, 115.000000
 Maximun iteration: 300
 Number of recycle truncation: 30
 Final matrix dimension:  36708
 Residual error:0.001000
 0  6.455455e-01
 1  3.485090e-01
 2  2.175810e-01
 3  1.518389e-01
 4  1.086709e-01
 5  7.933354e-02
 6  6.148155e-02
 7  4.807998e-02
 8  3.799462e-02
 9  3.010444e-02
 10  2.399275e-02
 11  1.887485e-02
 12  1.513308e-02
 13  1.241708e-02
 14  1.015022e-02
 15  8.381064e-03
 16  6.937973e-03
 17  5.688526e-03
 18  4.644219e-03
 19  3.957733e-03
 20  3.324283e-03
 21  2.779929e-03
 22  2.410978e-03
 23  2.058797e-03
 24  1.806346e-03
 25  1.571169e-03
 26  1.438060e-03
 27  1.319796e-03
 28  1.239849e-03
 29  1.173359e-03
 30  1.129883e-03
 31  1.092125e-03
 32  1.066139e-03
 33  1.041901e-03
 34  1.008738e-03
 35  9.605732e-04
 Iteration CPU time: 8 s
 CFIE residual: 0.000960573

 Iseg, Irank, Idinc : 1, 18, 78
 Thata, Phi : 90.000000, 77.000000
 Maximun iteration: 300
 Number of recycle truncation: 30
 Final matrix dimension:  36708
 Residual error:0.001000
 0  6.204536e-01
 1  3.557479e-01
 2  2.302406e-01
 3  1.476496e-01
 4  1.050823e-01
 5  7.956292e-02
 6  6.225329e-02
 7  4.851236e-02
 8  3.869737e-02
 9  3.065717e-02
 10  2.444729e-02
 11  1.914757e-02
 12  1.549454e-02
 13  1.269664e-02
 14  1.067625e-02
 15  8.817191e-03
 16  7.348931e-03
 17  6.089803e-03
 18  5.199458e-03
 19  4.508782e-03
 20  3.912837e-03
 21  3.411656e-03
 22  3.052996e-03
 23  2.741300e-03
 24  2.528600e-03
 25  2.398219e-03
 26  2.299237e-03
 27  2.229756e-03
 28  2.167326e-03
 29  2.107538e-03
 30  2.050867e-03
 31  1.973697e-03
 32  1.892105e-03
 33  1.800964e-03
 34  1.685183e-03
 35  1.533679e-03
 36  1.380840e-03
 37  1.237916e-03
 38  1.073597e-03
 39  9.110167e-04
 Iteration CPU time: 9 s
 CFIE residual: 0.000911017

 Iseg, Irank, Idinc : 1, 19, 1
 Thata, Phi : 90.000000, 0.000000
 Maximun iteration: 300
 Number of recycle truncation: 30
 Final matrix dimension:  36708
 Residual error:0.001000
 0  5.172696e-01
 1  2.715634e-01
 2  1.757453e-01
 3  1.213708e-01
 4  8.667194e-02
 5  6.626795e-02
 6  5.153000e-02
 7  3.798887e-02
 8  2.882005e-02
 9  2.289958e-02
 10  1.850598e-02
 11  1.486320e-02
 12  1.126271e-02
 13  9.080193e-03
 14  7.297887e-03
 15  5.971431e-03
 16  4.876546e-03
 17  4.115579e-03
 18  3.470989e-03
 19  2.981504e-03
 20  2.538582e-03
 21  2.136884e-03
 22  1.778091e-03
 23  1.448161e-03
 24  1.148315e-03
 25  9.238914e-04
 Iteration CPU time: 6 s
 CFIE residual: 0.000923891

 Iseg, Irank, Idinc : 1, 20, 167
 Thata, Phi : 90.000000, 166.000000
 Maximun iteration: 300
 Number of recycle truncation: 30
 Final matrix dimension:  36708
 Residual error:0.001000
 0  5.919909e-01
 1  3.015857e-01
 2  1.866162e-01
 3  1.312643e-01
 4  1.017181e-01
 5  8.072217e-02
 6  6.539780e-02
 7  5.455089e-02
 8  4.549333e-02
 9  3.849571e-02
 10  3.255310e-02
 11  2.745628e-02
 12  2.375309e-02
 13  2.037606e-02
 14  1.683361e-02
 15  1.399513e-02
 16  1.158298e-02
 17  9.648118e-03
 18  7.939798e-03
 19  6.470551e-03
 20  5.189428e-03
 21  4.258286e-03
 22  3.534529e-03
 23  2.926657e-03
 24  2.400985e-03
 25  1.964319e-03
 26  1.591945e-03
 27  1.322529e-03
 28  1.104555e-03
 29  9.406933e-04
 Iteration CPU time: 7 s
 CFIE residual: 0.000940693

 Iseg, Irank, Idinc : 1, 21, 15
 Thata, Phi : 90.000000, 14.000000
 Maximun iteration: 300
 Number of recycle truncation: 30
 Final matrix dimension:  36708
 Residual error:0.001000
 0  5.809341e-01
 1  2.838389e-01
 2  1.748837e-01
 3  1.212437e-01
 4  8.682893e-02
 5  6.450202e-02
 6  5.005601e-02
 7  3.864115e-02
 8  3.038431e-02
 9  2.438012e-02
 10  1.922802e-02
 11  1.504264e-02
 12  1.194333e-02
 13  9.637962e-03
 14  8.023792e-03
 15  6.386674e-03
 16  5.242128e-03
 17  4.420454e-03
 18  3.730361e-03
 19  3.177306e-03
 20  2.627720e-03
 21  2.157034e-03
 22  1.799882e-03
 23  1.506214e-03
 24  1.288662e-03
 25  1.086562e-03
 26  9.361056e-04
 Iteration CPU time: 6 s
 CFIE residual: 0.000936106

 Iseg, Irank, Idinc : 1, 22, 153
 Thata, Phi : 90.000000, 152.000000
 Maximun iteration: 300
 Number of recycle truncation: 30
 Final matrix dimension:  36708
 Residual error:0.001000
 0  6.355088e-01
 1  3.298117e-01
 2  2.027235e-01
 3  1.344240e-01
 4  9.917478e-02
 5  7.739990e-02
 6  6.068136e-02
 7  4.871967e-02
 8  4.054410e-02
 9  3.440534e-02
 10  2.924882e-02
 11  2.486254e-02
 12  2.142662e-02
 13  1.813871e-02
 14  1.471570e-02
 15  1.222051e-02
 16  1.013596e-02
 17  8.388944e-03
 18  6.896494e-03
 19  5.769636e-03
 20  4.721743e-03
 21  3.849737e-03
 22  3.086254e-03
 23  2.583693e-03
 24  2.053829e-03
 25  1.657733e-03
 26  1.335455e-03
 27  1.113265e-03
 28  9.333936e-04
 Iteration CPU time: 7 s
 CFIE residual: 0.000933394

 Iseg, Irank, Idinc : 1, 23, 181
 Thata, Phi : 90.000000, 180.000000
 Maximun iteration: 300
 Number of recycle truncation: 30
 Final matrix dimension:  36708
 Residual error:0.001000
 0  5.826226e-01
 1  2.994580e-01
 2  1.869079e-01
 3  1.316492e-01
 4  1.012031e-01
 5  7.973920e-02
 6  6.413617e-02
 7  5.402783e-02
 8  4.460123e-02
 9  3.572676e-02
 10  2.856389e-02
 11  2.322420e-02
 12  1.879547e-02
 13  1.523756e-02
 14  1.211328e-02
 15  9.473791e-03
 16  7.455982e-03
 17  6.035413e-03
 18  5.024508e-03
 19  4.137353e-03
 20  3.447794e-03
 21  2.877424e-03
 22  2.388209e-03
 23  1.969437e-03
 24  1.650712e-03
 25  1.365838e-03
 26  1.141108e-03
 27  9.588461e-04
 Iteration CPU time: 6 s
 CFIE residual: 0.000958846

 Iseg, Irank, Idinc : 1, 24, 130
 Thata, Phi : 90.000000, 129.000000
 Maximun iteration: 300
 Number of recycle truncation: 30
 Final matrix dimension:  36708
 Residual error:0.001000
 0  6.755463e-01
 1  3.516773e-01
 2  2.247253e-01
 3  1.538427e-01
 4  1.108688e-01
 5  8.254932e-02
 6  6.386482e-02
 7  5.022647e-02
 8  3.961340e-02
 9  3.223195e-02
 10  2.587211e-02
 11  2.049765e-02
 12  1.598809e-02
 13  1.287144e-02
 14  1.043367e-02
 15  8.357349e-03
 16  6.917573e-03
 17  5.635379e-03
 18  4.592942e-03
 19  3.869705e-03
 20  3.227289e-03
 21  2.722830e-03
 22  2.359850e-03
 23  2.053585e-03
 24  1.803723e-03
 25  1.602048e-03
 26  1.455333e-03
 27  1.346914e-03
 28  1.255567e-03
 29  1.171303e-03
 30  1.113444e-03
 31  1.076708e-03
 32  1.049402e-03
 33  1.021833e-03
 34  9.967961e-04
 Iteration CPU time: 8 s
 CFIE residual: 0.000996796

 Iseg, Irank, Idinc : 1, 25, 48
 Thata, Phi : 90.000000, 47.000000
 Maximun iteration: 300
 Number of recycle truncation: 30
 Final matrix dimension:  36708
 Residual error:0.001000
 0  6.415971e-01
 1  3.308557e-01
 2  2.048065e-01
 3  1.337567e-01
 4  9.557114e-02
 5  7.289230e-02
 6  5.506316e-02
 7  4.209529e-02
 8  3.232153e-02
 9  2.449258e-02
 10  1.843947e-02
 11  1.438103e-02
 12  1.129916e-02
 13  9.143582e-03
 14  7.488151e-03
 15  6.072393e-03
 16  4.888373e-03
 17  3.956766e-03
 18  3.195745e-03
 19  2.632942e-03
 20  2.221060e-03
 21  1.938829e-03
 22  1.738817e-03
 23  1.572191e-03
 24  1.449680e-03
 25  1.356699e-03
 26  1.298696e-03
 27  1.259393e-03
 28  1.234130e-03
 29  1.214864e-03
 30  1.193096e-03
 31  1.159471e-03
 32  1.122459e-03
 33  1.078698e-03
 34  1.016557e-03
 35  9.316584e-04
 Iteration CPU time: 8 s
 CFIE residual: 0.000931658

 Iseg, Irank, Idinc : 1, 26, 172
 Thata, Phi : 90.000000, 171.000000
 Maximun iteration: 300
 Number of recycle truncation: 30
 Final matrix dimension:  36708
 Residual error:0.001000
 0  5.850191e-01
 1  2.995922e-01
 2  1.876654e-01
 3  1.329531e-01
 4  1.034373e-01
 5  8.220844e-02
 6  6.614143e-02
 7  5.592496e-02
 8  4.638149e-02
 9  3.828556e-02
 10  3.219458e-02
 11  2.725302e-02
 12  2.277292e-02
 13  1.939875e-02
 14  1.609261e-02
 15  1.338583e-02
 16  1.103536e-02
 17  8.994701e-03
 18  7.334162e-03
 19  6.030077e-03
 20  4.869991e-03
 21  4.050150e-03
 22  3.413361e-03
 23  2.867689e-03
 24  2.379133e-03
 25  1.970634e-03
 26  1.639929e-03
 27  1.381786e-03
 28  1.165382e-03
 29  1.000660e-03
 30  8.786944e-04
 Iteration CPU time: 7 s
 CFIE residual: 0.000878694

 Iseg, Irank, Idinc : 1, 27, 4
 Thata, Phi : 90.000000, 3.000000
 Maximun iteration: 300
 Number of recycle truncation: 30
 Final matrix dimension:  36708
 Residual error:0.001000
 0  5.210794e-01
 1  2.724095e-01
 2  1.756995e-01
 3  1.218612e-01
 4  8.744195e-02
 5  6.645046e-02
 6  5.121246e-02
 7  3.787481e-02
 8  2.893033e-02
 9  2.317110e-02
 10  1.865445e-02
 11  1.492151e-02
 12  1.162236e-02
 13  9.331657e-03
 14  7.594859e-03
 15  6.163411e-03
 16  5.086810e-03
 17  4.316710e-03
 18  3.609212e-03
 19  3.094183e-03
 20  2.670178e-03
 21  2.299608e-03
 22  1.926158e-03
 23  1.579658e-03
 24  1.310664e-03
 25  1.084663e-03
 26  8.979948e-04
 Iteration CPU time: 6 s
 CFIE residual: 0.000897995

 Iseg, Irank, Idinc : 1, 28, 27
 Thata, Phi : 90.000000, 26.000000
 Maximun iteration: 300
 Number of recycle truncation: 30
 Final matrix dimension:  36708
 Residual error:0.001000
 0  6.412036e-01
 1  3.000974e-01
 2  1.730318e-01
 3  1.113292e-01
 4  7.751033e-02
 5  5.712578e-02
 6  4.228085e-02
 7  3.227140e-02
 8  2.598650e-02
 9  2.089998e-02
 10  1.729116e-02
 11  1.404376e-02
 12  1.114081e-02
 13  9.184354e-03
 14  7.687515e-03
 15  6.141615e-03
 16  5.097038e-03
 17  4.222565e-03
 18  3.512168e-03
 19  3.007272e-03
 20  2.484758e-03
 21  1.988354e-03
 22  1.637350e-03
 23  1.386344e-03
 24  1.156652e-03
 25  9.792135e-04
 Iteration CPU time: 6 s
 CFIE residual: 0.000979214

 Iseg, Irank, Idinc : 1, 29, 97
 Thata, Phi : 90.000000, 96.000000
 Maximun iteration: 300
 Number of recycle truncation: 30
 Final matrix dimension:  36708
 Residual error:0.001000
 0  6.075948e-01
 1  3.452380e-01
 2  2.176339e-01
 3  1.455637e-01
 4  1.041818e-01
 5  7.906537e-02
 6  6.203372e-02
 7  4.927328e-02
 8  3.881623e-02
 9  3.082600e-02
 10  2.523701e-02
 11  2.057733e-02
 12  1.677636e-02
 13  1.403003e-02
 14  1.168019e-02
 15  9.642568e-03
 16  8.011770e-03
 17  6.684787e-03
 18  5.591876e-03
 19  4.597162e-03
 20  3.810947e-03
 21  3.191000e-03
 22  2.769875e-03
 23  2.455970e-03
 24  2.223980e-03
 25  2.063388e-03
 26  1.924572e-03
 27  1.830615e-03
 28  1.766871e-03
 29  1.718803e-03
 30  1.677848e-03
 31  1.626786e-03
 32  1.580840e-03
 33  1.513329e-03
 34  1.435338e-03
 35  1.348473e-03
 36  1.253066e-03
 37  1.128072e-03
 38  9.865710e-04
 Iteration CPU time: 9 s
 CFIE residual: 0.000986571

 Iseg, Irank, Idinc : 1, 30, 142
 Thata, Phi : 90.000000, 141.000000
 Maximun iteration: 300
 Number of recycle truncation: 30
 Final matrix dimension:  36708
 Residual error:0.001000
 0  6.853983e-01
 1  3.501152e-01
 2  2.119905e-01
 3  1.440687e-01
 4  1.052117e-01
 5  7.862763e-02
 6  6.082904e-02
 7  4.765686e-02
 8  3.898693e-02
 9  3.321056e-02
 10  2.768289e-02
 11  2.347468e-02
 12  1.973686e-02
 13  1.633596e-02
 14  1.357500e-02
 15  1.101607e-02
 16  9.058675e-03
 17  7.467579e-03
 18  6.169946e-03
 19  4.962623e-03
 20  3.977398e-03
 21  3.298002e-03
 22  2.805647e-03
 23  2.412004e-03
 24  2.107119e-03
 25  1.824060e-03
 26  1.612586e-03
 27  1.458686e-03
 28  1.348078e-03
 29  1.265311e-03
 30  1.206618e-03
 31  1.172942e-03
 32  1.143752e-03
 33  1.115278e-03
 34  1.084511e-03
 35  1.045644e-03
 36  9.938303e-04
 Iteration CPU time: 8 s
 CFIE residual: 0.00099383

 Iseg, Irank, Idinc : 1, 31, 59
 Thata, Phi : 90.000000, 58.000000
 Maximun iteration: 300
 Number of recycle truncation: 30
 Final matrix dimension:  36708
 Residual error:0.001000
 0  6.616210e-01
 1  3.483995e-01
 2  2.141082e-01
 3  1.346343e-01
 4  9.627239e-02
 5  7.270975e-02
 6  5.510771e-02
 7  4.307410e-02
 8  3.366445e-02
 9  2.642465e-02
 10  2.049603e-02
 11  1.566042e-02
 12  1.217071e-02
 13  9.489084e-03
 14  7.738893e-03
 15  6.330453e-03
 16  5.211614e-03
 17  4.392213e-03
 18  3.575580e-03
 19  3.116613e-03
 20  2.772939e-03
 21  2.470548e-03
 22  2.241412e-03
 23  2.067609e-03
 24  1.934127e-03
 25  1.858326e-03
 26  1.793305e-03
 27  1.737032e-03
 28  1.695107e-03
 29  1.659218e-03
 30  1.614867e-03
 31  1.563209e-03
 32  1.473589e-03
 33  1.376134e-03
 34  1.263760e-03
 35  1.120899e-03
 36  9.918276e-04
 Iteration CPU time: 8 s
 CFIE residual: 0.000991828

 Iseg, Irank, Idinc : 1, 32, 179
 Thata, Phi : 90.000000, 178.000000
 Maximun iteration: 300
 Number of recycle truncation: 30
 Final matrix dimension:  36708
 Residual error:0.001000
 0  5.827388e-01
 1  2.994606e-01
 2  1.869942e-01
 3  1.318073e-01
 4  1.015085e-01
 5  8.013108e-02
 6  6.444020e-02
 7  5.431039e-02
 8  4.483073e-02
 9  3.596268e-02
 10  2.909738e-02
 11  2.389660e-02
 12  1.932880e-02
 13  1.620727e-02
 14  1.285442e-02
 15  1.030697e-02
 16  8.348052e-03
 17  6.707255e-03
 18  5.514013e-03
 19  4.570572e-03
 20  3.738556e-03
 21  3.160903e-03
 22  2.621975e-03
 23  2.195605e-03
 24  1.855178e-03
 25  1.550015e-03
 26  1.295801e-03
 27  1.106062e-03
 28  9.283393e-04
 Iteration CPU time: 7 s
 CFIE residual: 0.000928339

 Iseg, Irank, Idinc : 1, 33, 37
 Thata, Phi : 90.000000, 36.000000
 Maximun iteration: 300
 Number of recycle truncation: 30
 Final matrix dimension:  36708
 Residual error:0.001000
 0  6.247171e-01
 1  3.121822e-01
 2  1.913451e-01
 3  1.208404e-01
 4  8.359980e-02
 5  6.119982e-02
 6  4.503863e-02
 7  3.446753e-02
 8  2.679458e-02
 9  2.056982e-02
 10  1.589142e-02
 11  1.301947e-02
 12  1.030244e-02
 13  8.365251e-03
 14  6.776889e-03
 15  5.367023e-03
 16  4.450005e-03
 17  3.635053e-03
 18  2.985992e-03
 19  2.522139e-03
 20  2.094944e-03
 21  1.756781e-03
 22  1.474862e-03
 23  1.287660e-03
 24  1.126664e-03
 25  1.002132e-03
 26  9.022326e-04
 Iteration CPU time: 6 s
 CFIE residual: 0.000902233

 Iseg, Irank, Idinc : 1, 34, 6
 Thata, Phi : 90.000000, 5.000000
 Maximun iteration: 300
 Number of recycle truncation: 30
 Final matrix dimension:  36708
 Residual error:0.001000
 0  5.275501e-01
 1  2.737701e-01
 2  1.756586e-01
 3  1.225576e-01
 4  8.840403e-02
 5  6.658947e-02
 6  5.090849e-02
 7  3.811855e-02
 8  2.975427e-02
 9  2.361163e-02
 10  1.861888e-02
 11  1.487539e-02
 12  1.196072e-02
 13  9.814493e-03
 14  7.925238e-03
 15  6.266622e-03
 16  5.196925e-03
 17  4.388148e-03
 18  3.667523e-03
 19  3.125609e-03
 20  2.690206e-03
 21  2.305944e-03
 22  1.923381e-03
 23  1.582512e-03
 24  1.337991e-03
 25  1.120475e-03
 26  9.353436e-04
 Iteration CPU time: 6 s
 CFIE residual: 0.000935344

 Iseg, Irank, Idinc : 1, 35, 163
 Thata, Phi : 90.000000, 162.000000
 Maximun iteration: 300
 Number of recycle truncation: 30
 Final matrix dimension:  36708
 Residual error:0.001000
 0  6.037944e-01
 1  3.067063e-01
 2  1.871090e-01
 3  1.293745e-01
 4  9.906053e-02
 5  7.892094e-02
 6  6.426036e-02
 7  5.249869e-02
 8  4.404286e-02
 9  3.796713e-02
 10  3.264215e-02
 11  2.767555e-02
 12  2.351430e-02
 13  2.028208e-02
 14  1.688617e-02
 15  1.413474e-02
 16  1.159235e-02
 17  9.516889e-03
 18  7.846723e-03
 19  6.467055e-03
 20  5.208044e-03
 21  4.212816e-03
 22  3.455859e-03
 23  2.853839e-03
 24  2.317928e-03
 25  1.885741e-03
 26  1.511651e-03
 27  1.251631e-03
 28  1.036870e-03
 29  8.713468e-04
 Iteration CPU time: 7 s
 CFIE residual: 0.000871347

 Iseg, Irank, Idinc : 1, 36, 89
 Thata, Phi : 90.000000, 88.000000
 Maximun iteration: 300
 Number of recycle truncation: 30
 Final matrix dimension:  36708
 Residual error:0.001000
 0  6.084148e-01
 1  3.473764e-01
 2  2.214364e-01
 3  1.515851e-01
 4  1.090071e-01
 5  8.312801e-02
 6  6.406716e-02
 7  5.048899e-02
 8  4.106154e-02
 9  3.255156e-02
 10  2.593639e-02
 11  2.107760e-02
 12  1.747057e-02
 13  1.449066e-02
 14  1.195767e-02
 15  9.515275e-03
 16  7.844131e-03
 17  6.486041e-03
 18  5.381103e-03
 19  4.543718e-03
 20  3.885302e-03
 21  3.342183e-03
 22  2.960296e-03
 23  2.691368e-03
 24  2.462235e-03
 25  2.293190e-03
 26  2.159718e-03
 27  2.064207e-03
 28  1.993788e-03
 29  1.926580e-03
 30  1.880110e-03
 31  1.829919e-03
 32  1.773517e-03
 33  1.691193e-03
 34  1.585643e-03
 35  1.461731e-03
 36  1.339671e-03
 37  1.201329e-03
 38  1.045063e-03
 39  8.808100e-04
 Iteration CPU time: 9 s
 CFIE residual: 0.00088081

 Iseg, Irank, Idinc : 1, 37, 120
 Thata, Phi : 90.000000, 119.000000
 Maximun iteration: 300
 Number of recycle truncation: 30
 Final matrix dimension:  36708
 Residual error:0.001000
 0  6.491512e-01
 1  3.439682e-01
 2  2.187537e-01
 3  1.530523e-01
 4  1.091268e-01
 5  8.072469e-02
 6  6.373789e-02
 7  4.950175e-02
 8  3.892878e-02
 9  3.106630e-02
 10  2.504437e-02
 11  1.980594e-02
 12  1.570876e-02
 13  1.264632e-02
 14  1.043961e-02
 15  8.485972e-03
 16  7.084500e-03
 17  5.878601e-03
 18  4.843861e-03
 19  4.055334e-03
 20  3.386652e-03
 21  2.851766e-03
 22  2.451469e-03
 23  2.117141e-03
 24  1.865422e-03
 25  1.602395e-03
 26  1.428925e-03
 27  1.292014e-03
 28  1.191928e-03
 29  1.106954e-03
 30  1.047879e-03
 31  1.008618e-03
 32  9.803953e-04
 Iteration CPU time: 7 s
 CFIE residual: 0.000980395

 Iseg, Irank, Idinc : 1, 38, 68
 Thata, Phi : 90.000000, 67.000000
 Maximun iteration: 300
 Number of recycle truncation: 30
 Final matrix dimension:  36708
 Residual error:0.001000
 0  6.516677e-01
 1  3.663058e-01
 2  2.330255e-01
 3  1.492368e-01
 4  1.060126e-01
 5  8.185019e-02
 6  6.162144e-02
 7  4.907084e-02
 8  3.914197e-02
 9  3.095018e-02
 10  2.401345e-02
 11  1.908285e-02
 12  1.517728e-02
 13  1.210339e-02
 14  9.837789e-03
 15  8.040586e-03
 16  6.579119e-03
 17  5.581272e-03
 18  4.644899e-03
 19  3.991071e-03
 20  3.522846e-03
 21  3.122120e-03
 22  2.818801e-03
 23  2.568199e-03
 24  2.407064e-03
 25  2.302588e-03
 26  2.224246e-03
 27  2.169028e-03
 28  2.128104e-03
 29  2.080479e-03
 30  2.007227e-03
 31  1.930705e-03
 32  1.818400e-03
 33  1.686348e-03
 34  1.545623e-03
 35  1.387310e-03
 36  1.226464e-03
 37  1.068927e-03
 38  9.059643e-04
 Iteration CPU time: 9 s
 CFIE residual: 0.000905964

 Iseg, Irank, Idinc : 1, 39, 2
 Thata, Phi : 90.000000, 1.000000
 Maximun iteration: 300
 Number of recycle truncation: 30
 Final matrix dimension:  36708
 Residual error:0.001000
 0  5.177076e-01
 1  2.716657e-01
 2  1.757457e-01
 3  1.214370e-01
 4  8.677450e-02
 5  6.630258e-02
 6  5.149275e-02
 7  3.797138e-02
 8  2.882332e-02
 9  2.294250e-02
 10  1.854486e-02
 11  1.488104e-02
 12  1.134497e-02
 13  9.130176e-03
 14  7.362685e-03
 15  6.022105e-03
 16  4.909706e-03
 17  4.169962e-03
 18  3.503271e-03
 19  3.019772e-03
 20  2.579513e-03
 21  2.198742e-03
 22  1.857674e-03
 23  1.533916e-03
 24  1.250938e-03
 25  1.018703e-03
 26  8.275738e-04
 Iteration CPU time: 6 s
 CFIE residual: 0.000827574

 Iseg, Irank, Idinc : 1, 40, 18
 Thata, Phi : 90.000000, 17.000000
 Maximun iteration: 300
 Number of recycle truncation: 30
 Final matrix dimension:  36708
 Residual error:0.001000
 0  6.019316e-01
 1  2.880989e-01
 2  1.733273e-01
 3  1.181722e-01
 4  8.333002e-02
 5  6.187093e-02
 6  4.799693e-02
 7  3.701320e-02
 8  2.918460e-02
 9  2.349336e-02
 10  1.872623e-02
 11  1.471891e-02
 12  1.181479e-02
 13  9.578812e-03
 14  8.016585e-03
 15  6.407674e-03
 16  5.291073e-03
 17  4.460335e-03
 18  3.730324e-03
 19  3.147232e-03
 20  2.587191e-03
 21  2.096513e-03
 22  1.741852e-03
 23  1.457205e-03
 24  1.235317e-03
 25  1.040566e-03
 26  8.940394e-04
 Iteration CPU time: 6 s
 CFIE residual: 0.000894039

 Iseg, Irank, Idinc : 1, 41, 175
 Thata, Phi : 90.000000, 174.000000
 Maximun iteration: 300
 Number of recycle truncation: 30
 Final matrix dimension:  36708
 Residual error:0.001000
 0  5.835524e-01
 1  2.994602e-01
 2  1.875079e-01
 3  1.326591e-01
 4  1.029134e-01
 5  8.168734e-02
 6  6.561957e-02
 7  5.543601e-02
 8  4.585149e-02
 9  3.731495e-02
 10  3.118365e-02
 11  2.605146e-02
 12  2.135439e-02
 13  1.815930e-02
 14  1.492368e-02
 15  1.221089e-02
 16  9.994075e-03
 17  8.159546e-03
 18  6.638187e-03
 19  5.477062e-03
 20  4.464014e-03
 21  3.746081e-03
 22  3.149738e-03
 23  2.653163e-03
 24  2.234194e-03
 25  1.871619e-03
 26  1.568750e-03
 27  1.330091e-03
 28  1.129221e-03
 29  9.693777e-04
 Iteration CPU time: 7 s
 CFIE residual: 0.000969378
 Last Built End in Sep 21 2025 00:06:12
 Total CPU time: 316 s
 Finished.
