 Last Built Begin in Sep 22 2025 09:01:48
 Pre-Type( Input ):           10
 Skl-Tol ( Input ):    1.0000000000000001E-005
 Wavelength in freespace: 0.0290521

 ################################################
 ##         Generating Required Mesh          ##
 ##         Waiting.....                      ##
 ################################################
 Subd No.      Subd Name
    1    Open-Duct_PRIME_model_meshAA1                                     
 isub,  nnode, npatch,  nedge:
    1      6118     12236     18354
 Scale Factor         >>   1.54999997E-02
 ################################################

 START TIME: 20250922   101202.130


 Informaton for IE geometry:
 number of subdomains     : 1
 maxnode,maxpatch,maxedge : 6118  12236  18354
 
 Index of Mat-Reg: 1
 Mat-Reg Number via MatFlg: 1
 Edge Number of Mat-Reg: 1, 18354

 Number of Edge on PEC: 18354
 Mat-Reg: No Dim(m) Lmax:
    1 0.247    5
 Totlmax, add1, add2:           5           6           7
 rlengmax of Global MLFMA >>   0.24680062110993908     
 Lmax of Global MLFMA >>            5
 Wavenum of Mat-Reg:
    1 1.000

 total area in sq m           =      0.0510
 total area in sq lambda      =     60.3892
 maxnode, maxpatch, maxedge           =     6118    12236    18354
 longest  edge in lambda              =      0.1607
 shortest edge in lambda              =      0.0076
 average  edge in lambda              =      0.1073
 largest  patch area in sq lambda     =      0.0087
 smallest patch area in sq lambda     =      0.0000
 ave    surface area in sq lambda     =      0.0049
 size range of the object in sq lambda =      7.8976

 #### MLFMA Info For Each Region ####
 Mat-Region =            1
 Array dimension parameters:
 maxrule=          14   maxgrid  =          64
 lmax   =           5   ncmax    =        1250
 lsmax  =          27   lsmin    =           7
 kpm    =        1462   kp0      =         102
 ntlm   =      225016   nsm      =      235590
 nkpm   =        2350   niplm    =      150400
 ngnearm=       14257   ngsndm   =       64634
 nearm  =         333   mfinestm =         119
 ###############################

 CFIE Alpha:  0.50000000000000000     

 Fill MLFMA FI for Mat-Reg:           1
 Begin filltl.f
 fill translation matrix
 Level:            2
 fill shifting matrix
 Level:            3
 fill shifting matrix
 Level:            4
 fill shifting matrix
 Level:            5
 fill shifting matrix
 translator time(s):  0.116000004    
 fill interpolation matrix
 ThetaOrder            8
 PhiOrder            8
 lsl            7
 Filling TL                  Delta_CPU=          0.55 Memory(MB)=        654.36
 Filling sndgrp              Delta_CPU=          0.00 Memory(MB)=        654.36
 Filling VFS                 Delta_CPU=          3.07 Memory(MB)=        654.36

 Fill MLFMA NI for Mat-Reg:           1
 Begin fill sparser part of Nearfield
 Begin fill denser part of Nearfield
 End fill
 Filling Amn                 Delta_CPU=         88.54 Memory(MB)=        654.36


 Now testing preconditioner with
 ipretype =           10
 method = cfie_solve_nfrasspspre_pardiso

  
 NBP>>Begin fill sparser part of Nearfield

121.2279% NBP>>Begin fill denser part of Nearfield

200.1041%
 Begin MLFMA Box-Matrix Based Spar-RAS Prec Constructor
 --- Intel MKL PARDISO --- 
 Memory for iGroup: 1 1.31939e+09 MB
 Total Memory For SparRAS Pre: 1.31939e+09 MB
 --- PARDISO PRECONDITIONER INITIALIZED --- 
 Constructing preconditioner CPU time: 4 s
 
 1101240
 Memory for Iteration:: 16.8036 MB

 Iseg, Ninc_S : 1, 181, 0

 Iseg, Skeleton Angles: 1, 40
 Iseg, Skel-Pk Mem(MB): 1, 314.35

 Iseg, Irank, Idinc : 1, 1, 42
 Thata, Phi : 90.000000, 41.000000
 Maximun iteration: 300
 Number of recycle truncation: 30
 Final matrix dimension:  36708
 Residual error:0.001000
 0  6.312033e-01
 1  3.150382e-01
 2  1.988853e-01
 3  1.274911e-01
 4  8.854504e-02
 5  6.493768e-02
 6  4.921877e-02
 7  3.767872e-02
 8  2.862887e-02
 9  2.234413e-02
 10  1.670708e-02
 11  1.362353e-02
 12  1.116845e-02
 13  9.194159e-03
 14  7.932370e-03
 15  6.907161e-03
 16  6.047811e-03
 17  5.284180e-03
 18  4.748997e-03
 19  4.395541e-03
 20  4.164232e-03
 21  3.971865e-03
 22  3.831114e-03
 23  3.711158e-03
 24  3.559611e-03
 25  3.372000e-03
 26  3.166261e-03
 27  2.924241e-03
 28  2.620881e-03
 29  2.309935e-03
 30  2.039489e-03
 31  1.749693e-03
 32  1.473856e-03
 33  1.210115e-03
 34  1.015671e-03
 35  8.121624e-04
 Iteration CPU time: 8 s
 CFIE residual: 0.000812162

 Iseg, Irank, Idinc : 1, 2, 63
 Thata, Phi : 90.000000, 62.000000
 Maximun iteration: 300
 Number of recycle truncation: 30
 Final matrix dimension:  36708
 Residual error:0.001000
 0  6.554030e-01
 1  3.580913e-01
 2  2.231295e-01
 3  1.429374e-01
 4  1.014434e-01
 5  7.807064e-02
 6  5.894258e-02
 7  4.740841e-02
 8  3.756706e-02
 9  3.007779e-02
 10  2.325921e-02
 11  1.865442e-02
 12  1.529234e-02
 13  1.276327e-02
 14  1.113577e-02
 15  1.002387e-02
 16  9.076324e-03
 17  8.415515e-03
 18  8.017462e-03
 19  7.660416e-03
 20  7.385174e-03
 21  7.186299e-03
 22  6.890087e-03
 23  6.504750e-03
 24  5.988141e-03
 25  5.406733e-03
 26  4.890692e-03
 27  4.302731e-03
 28  3.678914e-03
 29  3.039719e-03
 30  2.478862e-03
 31  2.010711e-03
 32  1.643928e-03
 33  1.305187e-03
 34  1.069241e-03
 35  8.750567e-04
 Iteration CPU time: 8 s
 CFIE residual: 0.000875057

 Iseg, Irank, Idinc : 1, 3, 108
 Thata, Phi : 90.000000, 107.000000
 Maximun iteration: 300
 Number of recycle truncation: 30
 Final matrix dimension:  36708
 Residual error:0.001000
 0  6.173032e-01
 1  3.494491e-01
 2  2.167251e-01
 3  1.477070e-01
 4  1.048318e-01
 5  7.882231e-02
 6  6.080704e-02
 7  4.750921e-02
 8  3.814174e-02
 9  3.097258e-02
 10  2.511061e-02
 11  2.082490e-02
 12  1.697496e-02
 13  1.429136e-02
 14  1.215553e-02
 15  1.032034e-02
 16  9.134671e-03
 17  8.154587e-03
 18  7.264926e-03
 19  6.582708e-03
 20  6.032151e-03
 21  5.603304e-03
 22  5.360029e-03
 23  5.171390e-03
 24  5.012792e-03
 25  4.847939e-03
 26  4.624737e-03
 27  4.327358e-03
 28  3.966879e-03
 29  3.561247e-03
 30  3.058782e-03
 31  2.522415e-03
 32  2.038402e-03
 33  1.670979e-03
 34  1.374114e-03
 35  1.128744e-03
 36  8.899195e-04
 Iteration CPU time: 8 s
 CFIE residual: 0.00088992

 Iseg, Irank, Idinc : 1, 4, 22
 Thata, Phi : 90.000000, 21.000000
 Maximun iteration: 300
 Number of recycle truncation: 30
 Final matrix dimension:  36708
 Residual error:0.001000
 0  6.310767e-01
 1  2.955201e-01
 2  1.744559e-01
 3  1.154705e-01
 4  8.029690e-02
 5  5.923505e-02
 6  4.480500e-02
 7  3.497009e-02
 8  2.794593e-02
 9  2.251017e-02
 10  1.833943e-02
 11  1.485193e-02
 12  1.199543e-02
 13  1.011221e-02
 14  8.357648e-03
 15  6.927976e-03
 16  6.031816e-03
 17  5.165990e-03
 18  4.360393e-03
 19  3.758072e-03
 20  3.298751e-03
 21  2.923561e-03
 22  2.615139e-03
 23  2.394234e-03
 24  2.229708e-03
 25  2.109316e-03
 26  2.003725e-03
 27  1.903415e-03
 28  1.839279e-03
 29  1.765300e-03
 30  1.693116e-03
 31  1.612344e-03
 32  1.505738e-03
 33  1.368050e-03
 34  1.199704e-03
 35  1.046483e-03
 36  8.981401e-04
 Iteration CPU time: 8 s
 CFIE residual: 0.00089814

 Iseg, Irank, Idinc : 1, 5, 147
 Thata, Phi : 90.000000, 146.000000
 Maximun iteration: 300
 Number of recycle truncation: 30
 Final matrix dimension:  36708
 Residual error:0.001000
 0  6.562209e-01
 1  3.457580e-01
 2  2.100590e-01
 3  1.412147e-01
 4  1.008266e-01
 5  7.703710e-02
 6  5.972750e-02
 7  4.754782e-02
 8  3.966221e-02
 9  3.378399e-02
 10  2.879773e-02
 11  2.516110e-02
 12  2.209269e-02
 13  1.884146e-02
 14  1.572060e-02
 15  1.350827e-02
 16  1.163986e-02
 17  9.647521e-03
 18  8.251284e-03
 19  7.215017e-03
 20  6.339596e-03
 21  5.645450e-03
 22  5.147994e-03
 23  4.753462e-03
 24  4.499186e-03
 25  4.280641e-03
 26  4.093748e-03
 27  3.898826e-03
 28  3.757752e-03
 29  3.571206e-03
 30  3.349614e-03
 31  3.093148e-03
 32  2.792400e-03
 33  2.420270e-03
 34  2.021256e-03
 35  1.676740e-03
 36  1.358037e-03
 37  1.054218e-03
 38  8.318730e-04
 Iteration CPU time: 9 s
 CFIE residual: 0.000831873

 Iseg, Irank, Idinc : 1, 6, 136
 Thata, Phi : 90.000000, 135.000000
 Maximun iteration: 300
 Number of recycle truncation: 30
 Final matrix dimension:  36708
 Residual error:0.001000
 0  6.953123e-01
 1  3.495335e-01
 2  2.175689e-01
 3  1.476194e-01
 4  1.062036e-01
 5  7.985776e-02
 6  6.029168e-02
 7  4.776120e-02
 8  3.859104e-02
 9  3.267791e-02
 10  2.665885e-02
 11  2.223491e-02
 12  1.845652e-02
 13  1.570815e-02
 14  1.321664e-02
 15  1.108588e-02
 16  9.644235e-03
 17  8.334838e-03
 18  7.402461e-03
 19  6.571471e-03
 20  6.033745e-03
 21  5.592314e-03
 22  5.238508e-03
 23  4.986274e-03
 24  4.766444e-03
 25  4.588062e-03
 26  4.398503e-03
 27  4.191367e-03
 28  3.986015e-03
 29  3.743512e-03
 30  3.442762e-03
 31  3.078472e-03
 32  2.742284e-03
 33  2.378129e-03
 34  2.027056e-03
 35  1.733968e-03
 36  1.445518e-03
 37  1.176993e-03
 38  9.266594e-04
 Iteration CPU time: 9 s
 CFIE residual: 0.000926659

 Iseg, Irank, Idinc : 1, 7, 83
 Thata, Phi : 90.000000, 82.000000
 Maximun iteration: 300
 Number of recycle truncation: 30
 Final matrix dimension:  36708
 Residual error:0.001000
 0  6.072987e-01
 1  3.480684e-01
 2  2.224247e-01
 3  1.496444e-01
 4  1.089314e-01
 5  8.350372e-02
 6  6.419705e-02
 7  5.094155e-02
 8  4.115916e-02
 9  3.221046e-02
 10  2.603520e-02
 11  2.177641e-02
 12  1.804266e-02
 13  1.531527e-02
 14  1.334219e-02
 15  1.188422e-02
 16  1.051171e-02
 17  9.661534e-03
 18  9.076320e-03
 19  8.538238e-03
 20  8.139148e-03
 21  7.847396e-03
 22  7.556656e-03
 23  7.245811e-03
 24  6.898301e-03
 25  6.474550e-03
 26  5.979832e-03
 27  5.451187e-03
 28  4.838809e-03
 29  4.214026e-03
 30  3.514531e-03
 31  2.948781e-03
 32  2.494584e-03
 33  1.987063e-03
 34  1.606683e-03
 35  1.270584e-03
 36  1.052816e-03
 37  8.438017e-04
 Iteration CPU time: 8 s
 CFIE residual: 0.000843802

 Iseg, Irank, Idinc : 1, 8, 72
 Thata, Phi : 90.000000, 71.000000
 Maximun iteration: 300
 Number of recycle truncation: 30
 Final matrix dimension:  36708
 Residual error:0.001000
 0  6.341023e-01
 1  3.640952e-01
 2  2.348223e-01
 3  1.479001e-01
 4  1.044004e-01
 5  8.229425e-02
 6  6.352046e-02
 7  4.932008e-02
 8  3.922154e-02
 9  3.268433e-02
 10  2.608177e-02
 11  2.105780e-02
 12  1.701988e-02
 13  1.452890e-02
 14  1.274555e-02
 15  1.133910e-02
 16  1.038838e-02
 17  9.593382e-03
 18  9.023940e-03
 19  8.598828e-03
 20  8.320912e-03
 21  8.073503e-03
 22  7.769555e-03
 23  7.414736e-03
 24  6.869553e-03
 25  6.282305e-03
 26  5.667803e-03
 27  5.057823e-03
 28  4.423187e-03
 29  3.755353e-03
 30  3.098183e-03
 31  2.548430e-03
 32  2.097352e-03
 33  1.680502e-03
 34  1.344715e-03
 35  1.073347e-03
 36  8.713986e-04
 Iteration CPU time: 8 s
 CFIE residual: 0.000871399

 Iseg, Irank, Idinc : 1, 9, 159
 Thata, Phi : 90.000000, 158.000000
 Maximun iteration: 300
 Number of recycle truncation: 30
 Final matrix dimension:  36708
 Residual error:0.001000
 0  6.209672e-01
 1  3.149231e-01
 2  1.920306e-01
 3  1.300627e-01
 4  9.690707e-02
 5  7.736949e-02
 6  6.204941e-02
 7  5.096601e-02
 8  4.273478e-02
 9  3.688267e-02
 10  3.190632e-02
 11  2.813868e-02
 12  2.449397e-02
 13  2.075978e-02
 14  1.728964e-02
 15  1.495521e-02
 16  1.292632e-02
 17  1.076142e-02
 18  9.280802e-03
 19  7.890668e-03
 20  6.723572e-03
 21  5.805553e-03
 22  5.049619e-03
 23  4.470138e-03
 24  4.028034e-03
 25  3.691126e-03
 26  3.433477e-03
 27  3.231935e-03
 28  3.100063e-03
 29  2.983359e-03
 30  2.837577e-03
 31  2.672670e-03
 32  2.437516e-03
 33  2.195479e-03
 34  1.924615e-03
 35  1.622481e-03
 36  1.313462e-03
 37  1.032282e-03
 38  7.874533e-04
 Iteration CPU time: 9 s
 CFIE residual: 0.000787453

 Iseg, Irank, Idinc : 1, 10, 124
 Thata, Phi : 90.000000, 123.000000
 Maximun iteration: 300
 Number of recycle truncation: 30
 Final matrix dimension:  36708
 Residual error:0.001000
 0  6.543515e-01
 1  3.410688e-01
 2  2.205789e-01
 3  1.556304e-01
 4  1.125222e-01
 5  8.248473e-02
 6  6.552784e-02
 7  5.135072e-02
 8  4.164060e-02
 9  3.376016e-02
 10  2.665480e-02
 11  2.117116e-02
 12  1.665431e-02
 13  1.359041e-02
 14  1.129488e-02
 15  9.694359e-03
 16  8.339494e-03
 17  7.415329e-03
 18  6.492618e-03
 19  5.847740e-03
 20  5.411543e-03
 21  5.070771e-03
 22  4.779145e-03
 23  4.566938e-03
 24  4.372397e-03
 25  4.206963e-03
 26  4.024628e-03
 27  3.839073e-03
 28  3.669593e-03
 29  3.473476e-03
 30  3.218084e-03
 31  2.953927e-03
 32  2.671567e-03
 33  2.339016e-03
 34  2.033238e-03
 35  1.735145e-03
 36  1.441058e-03
 37  1.158541e-03
 38  8.988634e-04
 Iteration CPU time: 9 s
 CFIE residual: 0.000898863

 Iseg, Irank, Idinc : 1, 11, 53
 Thata, Phi : 90.000000, 52.000000
 Maximun iteration: 300
 Number of recycle truncation: 30
 Final matrix dimension:  36708
 Residual error:0.001000
 0  6.531258e-01
 1  3.448775e-01
 2  2.114671e-01
 3  1.351912e-01
 4  9.736703e-02
 5  7.442464e-02
 6  5.795905e-02
 7  4.450170e-02
 8  3.432348e-02
 9  2.730327e-02
 10  2.127217e-02
 11  1.683837e-02
 12  1.335510e-02
 13  1.086016e-02
 14  9.470061e-03
 15  8.342661e-03
 16  7.424417e-03
 17  6.857638e-03
 18  6.292558e-03
 19  5.861309e-03
 20  5.639472e-03
 21  5.462794e-03
 22  5.226987e-03
 23  5.002678e-03
 24  4.648592e-03
 25  4.210706e-03
 26  3.750039e-03
 27  3.279587e-03
 28  2.795583e-03
 29  2.297572e-03
 30  1.907627e-03
 31  1.593073e-03
 32  1.328049e-03
 33  1.074410e-03
 34  8.840647e-04
 Iteration CPU time: 8 s
 CFIE residual: 0.000884065

 Iseg, Irank, Idinc : 1, 12, 176
 Thata, Phi : 90.000000, 175.000000
 Maximun iteration: 300
 Number of recycle truncation: 30
 Final matrix dimension:  36708
 Residual error:0.001000
 0  5.886167e-01
 1  2.964775e-01
 2  1.841672e-01
 3  1.307873e-01
 4  1.009133e-01
 5  8.088634e-02
 6  6.574489e-02
 7  5.502468e-02
 8  4.585194e-02
 9  3.829628e-02
 10  3.227271e-02
 11  2.683071e-02
 12  2.227578e-02
 13  1.834229e-02
 14  1.556832e-02
 15  1.280406e-02
 16  1.075107e-02
 17  9.058756e-03
 18  7.681449e-03
 19  6.376246e-03
 20  5.471786e-03
 21  4.683091e-03
 22  3.990049e-03
 23  3.471375e-03
 24  3.094110e-03
 25  2.762267e-03
 26  2.492727e-03
 27  2.282527e-03
 28  2.121928e-03
 29  1.990207e-03
 30  1.885924e-03
 31  1.810131e-03
 32  1.737306e-03
 33  1.659659e-03
 34  1.580686e-03
 35  1.466876e-03
 36  1.331325e-03
 37  1.183284e-03
 38  1.008512e-03
 39  8.295690e-04
 Iteration CPU time: 8 s
 CFIE residual: 0.000829569

 Iseg, Irank, Idinc : 1, 13, 32
 Thata, Phi : 90.000000, 31.000000
 Maximun iteration: 300
 Number of recycle truncation: 30
 Final matrix dimension:  36708
 Residual error:0.001000
 0  6.313870e-01
 1  3.084560e-01
 2  1.831510e-01
 3  1.146595e-01
 4  8.027456e-02
 5  5.878883e-02
 6  4.357739e-02
 7  3.344765e-02
 8  2.631515e-02
 9  2.111418e-02
 10  1.685182e-02
 11  1.379939e-02
 12  1.109770e-02
 13  9.325356e-03
 14  7.751634e-03
 15  6.528326e-03
 16  5.612069e-03
 17  4.824095e-03
 18  4.160299e-03
 19  3.726260e-03
 20  3.429666e-03
 21  3.170038e-03
 22  2.982079e-03
 23  2.836476e-03
 24  2.720150e-03
 25  2.622677e-03
 26  2.517958e-03
 27  2.386727e-03
 28  2.247222e-03
 29  2.051249e-03
 30  1.850691e-03
 31  1.662618e-03
 32  1.472156e-03
 33  1.285224e-03
 34  1.076903e-03
 35  9.097079e-04
 Iteration CPU time: 8 s
 CFIE residual: 0.000909708

 Iseg, Irank, Idinc : 1, 14, 91
 Thata, Phi : 90.000000, 90.000000
 Maximun iteration: 300
 Number of recycle truncation: 30
 Final matrix dimension:  36708
 Residual error:0.001000
 0  5.989380e-01
 1  3.442860e-01
 2  2.178730e-01
 3  1.495886e-01
 4  1.075888e-01
 5  8.209749e-02
 6  6.405843e-02
 7  5.007043e-02
 8  4.079111e-02
 9  3.271388e-02
 10  2.692254e-02
 11  2.246641e-02
 12  1.889209e-02
 13  1.622509e-02
 14  1.411473e-02
 15  1.226562e-02
 16  1.077143e-02
 17  9.753938e-03
 18  8.947042e-03
 19  8.303379e-03
 20  7.804100e-03
 21  7.423714e-03
 22  7.105137e-03
 23  6.813391e-03
 24  6.569150e-03
 25  6.292083e-03
 26  5.951726e-03
 27  5.475395e-03
 28  4.877490e-03
 29  4.291869e-03
 30  3.683555e-03
 31  3.133471e-03
 32  2.621258e-03
 33  2.161585e-03
 34  1.762617e-03
 35  1.418481e-03
 36  1.145208e-03
 37  9.330139e-04
 Iteration CPU time: 9 s
 CFIE residual: 0.000933014

 Iseg, Irank, Idinc : 1, 15, 9
 Thata, Phi : 90.000000, 8.000000
 Maximun iteration: 300
 Number of recycle truncation: 30
 Final matrix dimension:  36708
 Residual error:0.001000
 0  5.455598e-01
 1  2.778742e-01
 2  1.772546e-01
 3  1.238684e-01
 4  9.026319e-02
 5  6.742677e-02
 6  5.128175e-02
 7  3.972670e-02
 8  3.110864e-02
 9  2.429336e-02
 10  1.939264e-02
 11  1.544275e-02
 12  1.245941e-02
 13  1.005079e-02
 14  8.244035e-03
 15  6.745200e-03
 16  5.758631e-03
 17  4.911121e-03
 18  4.195841e-03
 19  3.585311e-03
 20  3.111202e-03
 21  2.749752e-03
 22  2.384893e-03
 23  2.107915e-03
 24  1.884520e-03
 25  1.718866e-03
 26  1.544079e-03
 27  1.407390e-03
 28  1.311055e-03
 29  1.230275e-03
 30  1.176418e-03
 31  1.132939e-03
 32  1.089667e-03
 33  1.037514e-03
 34  9.814162e-04
 Iteration CPU time: 8 s
 CFIE residual: 0.000981416

 Iseg, Irank, Idinc : 1, 16, 100
 Thata, Phi : 90.000000, 99.000000
 Maximun iteration: 300
 Number of recycle truncation: 30
 Final matrix dimension:  36708
 Residual error:0.001000
 0  6.062632e-01
 1  3.423449e-01
 2  2.144230e-01
 3  1.457524e-01
 4  1.050326e-01
 5  7.949747e-02
 6  6.157488e-02
 7  4.893751e-02
 8  3.895645e-02
 9  3.218128e-02
 10  2.620701e-02
 11  2.194752e-02
 12  1.832607e-02
 13  1.558719e-02
 14  1.348700e-02
 15  1.158088e-02
 16  1.011577e-02
 17  9.092095e-03
 18  8.166644e-03
 19  7.426124e-03
 20  6.849241e-03
 21  6.432151e-03
 22  6.153054e-03
 23  5.935334e-03
 24  5.744913e-03
 25  5.486454e-03
 26  5.245171e-03
 27  4.871926e-03
 28  4.482336e-03
 29  3.995633e-03
 30  3.504818e-03
 31  2.992834e-03
 32  2.498948e-03
 33  2.032284e-03
 34  1.640213e-03
 35  1.331815e-03
 36  1.077878e-03
 37  8.680150e-04
 Iteration CPU time: 8 s
 CFIE residual: 0.000868015

 Iseg, Irank, Idinc : 1, 17, 115
 Thata, Phi : 90.000000, 114.000000
 Maximun iteration: 300
 Number of recycle truncation: 30
 Final matrix dimension:  36708
 Residual error:0.001000
 0  6.407385e-01
 1  3.482149e-01
 2  2.169194e-01
 3  1.507744e-01
 4  1.077708e-01
 5  7.896755e-02
 6  6.146970e-02
 7  4.831393e-02
 8  3.803691e-02
 9  3.060122e-02
 10  2.457577e-02
 11  1.975286e-02
 12  1.629090e-02
 13  1.365801e-02
 14  1.156527e-02
 15  9.870949e-03
 16  8.534846e-03
 17  7.556223e-03
 18  6.693552e-03
 19  6.057920e-03
 20  5.663917e-03
 21  5.340494e-03
 22  5.086473e-03
 23  4.905050e-03
 24  4.752542e-03
 25  4.625023e-03
 26  4.433839e-03
 27  4.193966e-03
 28  3.955975e-03
 29  3.632897e-03
 30  3.275044e-03
 31  2.873194e-03
 32  2.404771e-03
 33  1.965159e-03
 34  1.548369e-03
 35  1.278191e-03
 36  9.906688e-04
 Iteration CPU time: 8 s
 CFIE residual: 0.000990669

 Iseg, Irank, Idinc : 1, 18, 1
 Thata, Phi : 90.000000, 0.000000
 Maximun iteration: 300
 Number of recycle truncation: 30
 Final matrix dimension:  36708
 Residual error:0.001000
 0  5.206731e-01
 1  2.726246e-01
 2  1.769159e-01
 3  1.208328e-01
 4  8.758282e-02
 5  6.676203e-02
 6  5.108915e-02
 7  3.794398e-02
 8  2.903423e-02
 9  2.333018e-02
 10  1.911105e-02
 11  1.506309e-02
 12  1.149313e-02
 13  9.508676e-03
 14  7.745538e-03
 15  6.471551e-03
 16  5.371933e-03
 17  4.649193e-03
 18  3.947081e-03
 19  3.424341e-03
 20  2.914470e-03
 21  2.492921e-03
 22  2.139313e-03
 23  1.816204e-03
 24  1.567010e-03
 25  1.348774e-03
 26  1.161010e-03
 27  1.036249e-03
 28  9.412145e-04
 Iteration CPU time: 7 s
 CFIE residual: 0.000941214

 Iseg, Irank, Idinc : 1, 19, 167
 Thata, Phi : 90.000000, 166.000000
 Maximun iteration: 300
 Number of recycle truncation: 30
 Final matrix dimension:  36708
 Residual error:0.001000
 0  5.954532e-01
 1  2.998330e-01
 2  1.850300e-01
 3  1.307614e-01
 4  1.003983e-01
 5  8.055803e-02
 6  6.471305e-02
 7  5.447912e-02
 8  4.577547e-02
 9  3.892876e-02
 10  3.265633e-02
 11  2.826914e-02
 12  2.476524e-02
 13  2.113000e-02
 14  1.774956e-02
 15  1.520563e-02
 16  1.319820e-02
 17  1.106538e-02
 18  9.319150e-03
 19  7.751246e-03
 20  6.591822e-03
 21  5.587001e-03
 22  4.847412e-03
 23  4.266033e-03
 24  3.741435e-03
 25  3.346282e-03
 26  3.056212e-03
 27  2.815488e-03
 28  2.650659e-03
 29  2.520145e-03
 30  2.401469e-03
 31  2.276259e-03
 32  2.163071e-03
 33  2.049398e-03
 34  1.892320e-03
 35  1.712204e-03
 36  1.495995e-03
 37  1.254862e-03
 38  1.019631e-03
 39  8.463701e-04
 Iteration CPU time: 9 s
 CFIE residual: 0.00084637

 Iseg, Irank, Idinc : 1, 20, 181
 Thata, Phi : 90.000000, 180.000000
 Maximun iteration: 300
 Number of recycle truncation: 30
 Final matrix dimension:  36708
 Residual error:0.001000
 0  5.884028e-01
 1  2.962133e-01
 2  1.834428e-01
 3  1.296639e-01
 4  9.919432e-02
 5  7.930540e-02
 6  6.452840e-02
 7  5.382841e-02
 8  4.499468e-02
 9  3.706361e-02
 10  3.039836e-02
 11  2.479479e-02
 12  2.003976e-02
 13  1.627292e-02
 14  1.328542e-02
 15  1.086457e-02
 16  8.910204e-03
 17  7.315815e-03
 18  6.197825e-03
 19  5.245827e-03
 20  4.420661e-03
 21  3.783561e-03
 22  3.198865e-03
 23  2.741480e-03
 24  2.406477e-03
 25  2.186810e-03
 26  1.998722e-03
 27  1.827229e-03
 28  1.695094e-03
 29  1.584217e-03
 30  1.486708e-03
 31  1.411915e-03
 32  1.342097e-03
 33  1.249248e-03
 34  1.122072e-03
 35  9.660560e-04
 Iteration CPU time: 8 s
 CFIE residual: 0.000966056

 Iseg, Irank, Idinc : 1, 21, 16
 Thata, Phi : 90.000000, 15.000000
 Maximun iteration: 300
 Number of recycle truncation: 30
 Final matrix dimension:  36708
 Residual error:0.001000
 0  5.928022e-01
 1  2.865253e-01
 2  1.760734e-01
 3  1.207942e-01
 4  8.639372e-02
 5  6.419268e-02
 6  4.891428e-02
 7  3.840995e-02
 8  3.024871e-02
 9  2.424702e-02
 10  1.942751e-02
 11  1.528379e-02
 12  1.216127e-02
 13  1.000667e-02
 14  8.437059e-03
 15  6.848625e-03
 16  5.841238e-03
 17  5.003972e-03
 18  4.268325e-03
 19  3.658850e-03
 20  3.201107e-03
 21  2.825168e-03
 22  2.470701e-03
 23  2.215694e-03
 24  2.025907e-03
 25  1.883022e-03
 26  1.749329e-03
 27  1.633325e-03
 28  1.558341e-03
 29  1.488693e-03
 30  1.430970e-03
 31  1.381517e-03
 32  1.317786e-03
 33  1.230952e-03
 34  1.131666e-03
 35  1.010266e-03
 36  8.900407e-04
 Iteration CPU time: 8 s
 CFIE residual: 0.000890041

 Iseg, Irank, Idinc : 1, 22, 153
 Thata, Phi : 90.000000, 152.000000
 Maximun iteration: 300
 Number of recycle truncation: 30
 Final matrix dimension:  36708
 Residual error:0.001000
 0  6.361862e-01
 1  3.297035e-01
 2  2.026580e-01
 3  1.347483e-01
 4  9.825911e-02
 5  7.706508e-02
 6  6.020143e-02
 7  4.908604e-02
 8  4.047942e-02
 9  3.445133e-02
 10  2.947366e-02
 11  2.594372e-02
 12  2.262897e-02
 13  1.918646e-02
 14  1.599396e-02
 15  1.380858e-02
 16  1.206780e-02
 17  1.010423e-02
 18  8.706859e-03
 19  7.483859e-03
 20  6.539617e-03
 21  5.709921e-03
 22  5.017052e-03
 23  4.478191e-03
 24  4.127726e-03
 25  3.842301e-03
 26  3.620899e-03
 27  3.419318e-03
 28  3.285728e-03
 29  3.153314e-03
 30  2.970740e-03
 31  2.775016e-03
 32  2.522385e-03
 33  2.263975e-03
 34  1.894746e-03
 35  1.563363e-03
 36  1.288611e-03
 37  1.004048e-03
 38  7.873334e-04
 Iteration CPU time: 9 s
 CFIE residual: 0.000787333

 Iseg, Irank, Idinc : 1, 23, 77
 Thata, Phi : 90.000000, 76.000000
 Maximun iteration: 300
 Number of recycle truncation: 30
 Final matrix dimension:  36708
 Residual error:0.001000
 0  6.162379e-01
 1  3.549684e-01
 2  2.290615e-01
 3  1.470343e-01
 4  1.041765e-01
 5  7.967598e-02
 6  6.214607e-02
 7  4.847497e-02
 8  3.911122e-02
 9  3.098518e-02
 10  2.542627e-02
 11  2.100794e-02
 12  1.737073e-02
 13  1.493164e-02
 14  1.312574e-02
 15  1.157968e-02
 16  1.056283e-02
 17  9.805957e-03
 18  9.212050e-03
 19  8.711659e-03
 20  8.386448e-03
 21  8.109482e-03
 22  7.820244e-03
 23  7.488219e-03
 24  7.051462e-03
 25  6.544986e-03
 26  6.038950e-03
 27  5.472319e-03
 28  4.880096e-03
 29  4.216229e-03
 30  3.528212e-03
 31  2.929581e-03
 32  2.368871e-03
 33  1.936223e-03
 34  1.572772e-03
 35  1.233245e-03
 36  9.976232e-04
 Iteration CPU time: 8 s
 CFIE residual: 0.000997623

 Iseg, Irank, Idinc : 1, 24, 130
 Thata, Phi : 90.000000, 129.000000
 Maximun iteration: 300
 Number of recycle truncation: 30
 Final matrix dimension:  36708
 Residual error:0.001000
 0  6.726460e-01
 1  3.482750e-01
 2  2.218484e-01
 3  1.522062e-01
 4  1.100616e-01
 5  8.129297e-02
 6  6.384615e-02
 7  5.060485e-02
 8  4.031920e-02
 9  3.334430e-02
 10  2.702592e-02
 11  2.163457e-02
 12  1.723612e-02
 13  1.398586e-02
 14  1.153454e-02
 15  9.928202e-03
 16  8.375561e-03
 17  7.285687e-03
 18  6.443486e-03
 19  5.826024e-03
 20  5.367433e-03
 21  5.045736e-03
 22  4.754921e-03
 23  4.532557e-03
 24  4.326919e-03
 25  4.171795e-03
 26  3.988634e-03
 27  3.802703e-03
 28  3.606092e-03
 29  3.353931e-03
 30  3.062621e-03
 31  2.726306e-03
 32  2.427282e-03
 33  2.092152e-03
 34  1.772157e-03
 35  1.484078e-03
 36  1.223972e-03
 37  9.816091e-04
 Iteration CPU time: 8 s
 CFIE residual: 0.000981609

 Iseg, Irank, Idinc : 1, 25, 48
 Thata, Phi : 90.000000, 47.000000
 Maximun iteration: 300
 Number of recycle truncation: 30
 Final matrix dimension:  36708
 Residual error:0.001000
 0  6.407151e-01
 1  3.321116e-01
 2  2.058938e-01
 3  1.342597e-01
 4  9.679686e-02
 5  7.378678e-02
 6  5.655052e-02
 7  4.310318e-02
 8  3.308503e-02
 9  2.571058e-02
 10  1.967286e-02
 11  1.555373e-02
 12  1.262228e-02
 13  1.045460e-02
 14  8.929406e-03
 15  7.827418e-03
 16  6.937178e-03
 17  6.249545e-03
 18  5.700430e-03
 19  5.314870e-03
 20  5.092720e-03
 21  4.919607e-03
 22  4.726884e-03
 23  4.533728e-03
 24  4.261946e-03
 25  3.975747e-03
 26  3.628282e-03
 27  3.252848e-03
 28  2.800659e-03
 29  2.389950e-03
 30  2.045563e-03
 31  1.731263e-03
 32  1.400471e-03
 33  1.147305e-03
 34  9.610945e-04
 Iteration CPU time: 8 s
 CFIE residual: 0.000961095

 Iseg, Irank, Idinc : 1, 26, 5
 Thata, Phi : 90.000000, 4.000000
 Maximun iteration: 300
 Number of recycle truncation: 30
 Final matrix dimension:  36708
 Residual error:0.001000
 0  5.273182e-01
 1  2.741957e-01
 2  1.770553e-01
 3  1.222520e-01
 4  8.897140e-02
 5  6.707469e-02
 6  5.105591e-02
 7  3.834836e-02
 8  2.999847e-02
 9  2.373030e-02
 10  1.907987e-02
 11  1.515106e-02
 12  1.201092e-02
 13  1.005485e-02
 14  8.247615e-03
 15  6.723046e-03
 16  5.752410e-03
 17  4.912579e-03
 18  4.134468e-03
 19  3.558473e-03
 20  3.082255e-03
 21  2.690920e-03
 22  2.336527e-03
 23  2.009438e-03
 24  1.772929e-03
 25  1.576241e-03
 26  1.382962e-03
 27  1.221957e-03
 28  1.113429e-03
 29  1.035062e-03
 30  9.794770e-04
 Iteration CPU time: 7 s
 CFIE residual: 0.000979477

 Iseg, Irank, Idinc : 1, 27, 172
 Thata, Phi : 90.000000, 171.000000
 Maximun iteration: 300
 Number of recycle truncation: 30
 Final matrix dimension:  36708
 Residual error:0.001000
 0  5.896087e-01
 1  2.969864e-01
 2  1.849800e-01
 3  1.318444e-01
 4  1.020581e-01
 5  8.189276e-02
 6  6.631876e-02
 7  5.574108e-02
 8  4.644749e-02
 9  3.900513e-02
 10  3.337133e-02
 11  2.837601e-02
 12  2.391165e-02
 13  2.010764e-02
 14  1.720068e-02
 15  1.430604e-02
 16  1.217657e-02
 17  1.026992e-02
 18  8.633958e-03
 19  7.196112e-03
 20  6.156933e-03
 21  5.217872e-03
 22  4.499831e-03
 23  3.958713e-03
 24  3.490506e-03
 25  3.115958e-03
 26  2.815349e-03
 27  2.585844e-03
 28  2.412068e-03
 29  2.270377e-03
 30  2.153234e-03
 31  2.053223e-03
 32  1.967981e-03
 33  1.877708e-03
 34  1.767506e-03
 35  1.638341e-03
 36  1.469182e-03
 37  1.273998e-03
 38  1.068161e-03
 39  8.766878e-04
 Iteration CPU time: 9 s
 CFIE residual: 0.000876688

 Iseg, Irank, Idinc : 1, 28, 96
 Thata, Phi : 90.000000, 95.000000
 Maximun iteration: 300
 Number of recycle truncation: 30
 Final matrix dimension:  36708
 Residual error:0.001000
 0  6.007341e-01
 1  3.421254e-01
 2  2.156426e-01
 3  1.452778e-01
 4  1.040839e-01
 5  7.973083e-02
 6  6.320605e-02
 7  4.967418e-02
 8  3.963219e-02
 9  3.192440e-02
 10  2.635514e-02
 11  2.178882e-02
 12  1.835722e-02
 13  1.588983e-02
 14  1.379021e-02
 15  1.188801e-02
 16  1.037342e-02
 17  9.322718e-03
 18  8.503770e-03
 19  7.780278e-03
 20  7.247160e-03
 21  6.859382e-03
 22  6.578507e-03
 23  6.342463e-03
 24  6.117905e-03
 25  5.870516e-03
 26  5.549466e-03
 27  5.174003e-03
 28  4.616903e-03
 29  4.096201e-03
 30  3.568838e-03
 31  3.032670e-03
 32  2.537811e-03
 33  2.085226e-03
 34  1.685831e-03
 35  1.336912e-03
 36  1.096816e-03
 37  8.947556e-04
 Iteration CPU time: 8 s
 CFIE residual: 0.000894756

 Iseg, Irank, Idinc : 1, 29, 27
 Thata, Phi : 90.000000, 26.000000
 Maximun iteration: 300
 Number of recycle truncation: 30
 Final matrix dimension:  36708
 Residual error:0.001000
 0  6.426483e-01
 1  3.021021e-01
 2  1.767550e-01
 3  1.130136e-01
 4  7.838571e-02
 5  5.755493e-02
 6  4.273494e-02
 7  3.308400e-02
 8  2.649525e-02
 9  2.162376e-02
 10  1.780048e-02
 11  1.442935e-02
 12  1.140793e-02
 13  9.504884e-03
 14  8.065625e-03
 15  6.883101e-03
 16  5.891632e-03
 17  4.966016e-03
 18  4.225140e-03
 19  3.754833e-03
 20  3.371299e-03
 21  3.054055e-03
 22  2.789623e-03
 23  2.604165e-03
 24  2.460436e-03
 25  2.358559e-03
 26  2.270123e-03
 27  2.164704e-03
 28  2.088269e-03
 29  1.980475e-03
 30  1.868787e-03
 31  1.739815e-03
 32  1.584961e-03
 33  1.412243e-03
 34  1.202304e-03
 35  1.019514e-03
 36  8.688089e-04
 Iteration CPU time: 8 s
 CFIE residual: 0.000868809

 Iseg, Irank, Idinc : 1, 30, 142
 Thata, Phi : 90.000000, 141.000000
 Maximun iteration: 300
 Number of recycle truncation: 30
 Final matrix dimension:  36708
 Residual error:0.001000
 0  6.857152e-01
 1  3.493573e-01
 2  2.112237e-01
 3  1.436864e-01
 4  1.038358e-01
 5  7.767424e-02
 6  5.999060e-02
 7  4.710264e-02
 8  3.868369e-02
 9  3.291830e-02
 10  2.794901e-02
 11  2.398719e-02
 12  2.058171e-02
 13  1.756316e-02
 14  1.474938e-02
 15  1.261079e-02
 16  1.086770e-02
 17  9.322232e-03
 18  7.983751e-03
 19  7.070652e-03
 20  6.337895e-03
 21  5.775391e-03
 22  5.372185e-03
 23  5.070026e-03
 24  4.847141e-03
 25  4.665333e-03
 26  4.489209e-03
 27  4.278134e-03
 28  4.084430e-03
 29  3.855152e-03
 30  3.573249e-03
 31  3.185842e-03
 32  2.794493e-03
 33  2.337543e-03
 34  1.970826e-03
 35  1.619463e-03
 36  1.303093e-03
 37  1.037794e-03
 38  8.038499e-04
 Iteration CPU time: 8 s
 CFIE residual: 0.00080385

 Iseg, Irank, Idinc : 1, 31, 58
 Thata, Phi : 90.000000, 57.000000
 Maximun iteration: 300
 Number of recycle truncation: 30
 Final matrix dimension:  36708
 Residual error:0.001000
 0  6.589121e-01
 1  3.482625e-01
 2  2.124157e-01
 3  1.334987e-01
 4  9.644298e-02
 5  7.283663e-02
 6  5.603575e-02
 7  4.417825e-02
 8  3.408870e-02
 9  2.731625e-02
 10  2.167607e-02
 11  1.719489e-02
 12  1.389566e-02
 13  1.135951e-02
 14  9.855843e-03
 15  8.836303e-03
 16  8.076179e-03
 17  7.455298e-03
 18  6.989029e-03
 19  6.586514e-03
 20  6.344941e-03
 21  6.162537e-03
 22  5.923044e-03
 23  5.611190e-03
 24  5.141336e-03
 25  4.604677e-03
 26  4.134270e-03
 27  3.608031e-03
 28  3.045111e-03
 29  2.520707e-03
 30  2.101016e-03
 31  1.715358e-03
 32  1.383927e-03
 33  1.106922e-03
 34  8.993618e-04
 Iteration CPU time: 8 s
 CFIE residual: 0.000899362

 Iseg, Irank, Idinc : 1, 32, 179
 Thata, Phi : 90.000000, 178.000000
 Maximun iteration: 300
 Number of recycle truncation: 30
 Final matrix dimension:  36708
 Residual error:0.001000
 0  5.884447e-01
 1  2.962665e-01
 2  1.835751e-01
 3  1.298810e-01
 4  9.957998e-02
 5  7.968228e-02
 6  6.483310e-02
 7  5.412289e-02
 8  4.519097e-02
 9  3.737903e-02
 10  3.084091e-02
 11  2.538195e-02
 12  2.090314e-02
 13  1.691765e-02
 14  1.422340e-02
 15  1.166652e-02
 16  9.649971e-03
 17  7.990226e-03
 18  6.762507e-03
 19  5.630790e-03
 20  4.811081e-03
 21  4.135645e-03
 22  3.514205e-03
 23  3.024517e-03
 24  2.694931e-03
 25  2.409876e-03
 26  2.177793e-03
 27  1.991423e-03
 28  1.850625e-03
 29  1.723918e-03
 30  1.624751e-03
 31  1.563315e-03
 32  1.504432e-03
 33  1.434900e-03
 34  1.357111e-03
 35  1.245059e-03
 36  1.119042e-03
 37  9.912534e-04
 Iteration CPU time: 9 s
 CFIE residual: 0.000991253

 Iseg, Irank, Idinc : 1, 33, 119
 Thata, Phi : 90.000000, 118.000000
 Maximun iteration: 300
 Number of recycle truncation: 30
 Final matrix dimension:  36708
 Residual error:0.001000
 0  6.462457e-01
 1  3.448652e-01
 2  2.164812e-01
 3  1.517140e-01
 4  1.089353e-01
 5  8.091121e-02
 6  6.345020e-02
 7  4.965277e-02
 8  3.932166e-02
 9  3.194157e-02
 10  2.589032e-02
 11  2.072486e-02
 12  1.679949e-02
 13  1.372952e-02
 14  1.157977e-02
 15  9.804706e-03
 16  8.517695e-03
 17  7.644057e-03
 18  6.688078e-03
 19  5.987572e-03
 20  5.586639e-03
 21  5.222062e-03
 22  5.004771e-03
 23  4.817154e-03
 24  4.655685e-03
 25  4.492066e-03
 26  4.307146e-03
 27  4.080382e-03
 28  3.885260e-03
 29  3.654654e-03
 30  3.386731e-03
 31  3.001260e-03
 32  2.618950e-03
 33  2.154113e-03
 34  1.789348e-03
 35  1.461413e-03
 36  1.169069e-03
 37  9.354027e-04
 Iteration CPU time: 8 s
 CFIE residual: 0.000935403

 Iseg, Irank, Idinc : 1, 34, 3
 Thata, Phi : 90.000000, 2.000000
 Maximun iteration: 300
 Number of recycle truncation: 30
 Final matrix dimension:  36708
 Residual error:0.001000
 0  5.223769e-01
 1  2.730485e-01
 2  1.769630e-01
 3  1.212688e-01
 4  8.804953e-02
 5  6.688676e-02
 6  5.108178e-02
 7  3.801889e-02
 8  2.929881e-02
 9  2.345728e-02
 10  1.909973e-02
 11  1.510484e-02
 12  1.168874e-02
 13  9.706127e-03
 14  8.034509e-03
 15  6.626439e-03
 16  5.612120e-03
 17  4.825449e-03
 18  4.056852e-03
 19  3.509601e-03
 20  3.022938e-03
 21  2.624155e-03
 22  2.279981e-03
 23  1.950588e-03
 24  1.706812e-03
 25  1.494648e-03
 26  1.294545e-03
 27  1.138079e-03
 28  1.019419e-03
 29  9.391383e-04
 Iteration CPU time: 7 s
 CFIE residual: 0.000939138

 Iseg, Irank, Idinc : 1, 35, 37
 Thata, Phi : 90.000000, 36.000000
 Maximun iteration: 300
 Number of recycle truncation: 30
 Final matrix dimension:  36708
 Residual error:0.001000
 0  6.226271e-01
 1  3.124834e-01
 2  1.914378e-01
 3  1.211877e-01
 4  8.381331e-02
 5  6.108819e-02
 6  4.600711e-02
 7  3.507214e-02
 8  2.717852e-02
 9  2.142699e-02
 10  1.661559e-02
 11  1.350605e-02
 12  1.097653e-02
 13  9.176303e-03
 14  7.660475e-03
 15  6.518438e-03
 16  5.625752e-03
 17  4.908564e-03
 18  4.323827e-03
 19  3.892400e-03
 20  3.635066e-03
 21  3.413857e-03
 22  3.273011e-03
 23  3.157566e-03
 24  3.049136e-03
 25  2.927637e-03
 26  2.803619e-03
 27  2.631535e-03
 28  2.417900e-03
 29  2.171345e-03
 30  1.943486e-03
 31  1.705090e-03
 32  1.476734e-03
 33  1.263933e-03
 34  1.069436e-03
 35  8.809927e-04
 Iteration CPU time: 8 s
 CFIE residual: 0.000880993

 Iseg, Irank, Idinc : 1, 36, 163
 Thata, Phi : 90.000000, 162.000000
 Maximun iteration: 300
 Number of recycle truncation: 30
 Final matrix dimension:  36708
 Residual error:0.001000
 0  6.067809e-01
 1  3.060259e-01
 2  1.867064e-01
 3  1.292966e-01
 4  9.761405e-02
 5  7.839738e-02
 6  6.309667e-02
 7  5.204509e-02
 8  4.377437e-02
 9  3.816483e-02
 10  3.295126e-02
 11  2.837205e-02
 12  2.452937e-02
 13  2.126722e-02
 14  1.802555e-02
 15  1.547271e-02
 16  1.322133e-02
 17  1.102566e-02
 18  9.419615e-03
 19  7.940627e-03
 20  6.734883e-03
 21  5.718365e-03
 22  4.974148e-03
 23  4.369929e-03
 24  3.875304e-03
 25  3.507509e-03
 26  3.243796e-03
 27  3.024816e-03
 28  2.886463e-03
 29  2.758104e-03
 30  2.627970e-03
 31  2.494971e-03
 32  2.340065e-03
 33  2.171840e-03
 34  1.970086e-03
 35  1.714666e-03
 36  1.438369e-03
 37  1.161449e-03
 38  9.140359e-04
 Iteration CPU time: 8 s
 CFIE residual: 0.000914036

 Iseg, Irank, Idinc : 1, 37, 68
 Thata, Phi : 90.000000, 67.000000
 Maximun iteration: 300
 Number of recycle truncation: 30
 Final matrix dimension:  36708
 Residual error:0.001000
 0  6.469900e-01
 1  3.672892e-01
 2  2.344606e-01
 3  1.498009e-01
 4  1.064373e-01
 5  8.304884e-02
 6  6.304027e-02
 7  5.005861e-02
 8  3.970755e-02
 9  3.233475e-02
 10  2.521106e-02
 11  2.066419e-02
 12  1.678378e-02
 13  1.402879e-02
 14  1.229383e-02
 15  1.096684e-02
 16  1.004661e-02
 17  9.301950e-03
 18  8.774192e-03
 19  8.358689e-03
 20  8.082666e-03
 21  7.866756e-03
 22  7.540732e-03
 23  7.129707e-03
 24  6.533206e-03
 25  5.912528e-03
 26  5.293847e-03
 27  4.669444e-03
 28  4.036377e-03
 29  3.344291e-03
 30  2.710105e-03
 31  2.193325e-03
 32  1.817631e-03
 33  1.446116e-03
 34  1.179356e-03
 35  9.657799e-04
 Iteration CPU time: 9 s
 CFIE residual: 0.00096578

 Iseg, Irank, Idinc : 1, 38, 12
 Thata, Phi : 90.000000, 11.000000
 Maximun iteration: 300
 Number of recycle truncation: 30
 Final matrix dimension:  36708
 Residual error:0.001000
 0  5.644494e-01
 1  2.812462e-01
 2  1.770762e-01
 3  1.235166e-01
 4  8.980655e-02
 5  6.698931e-02
 6  5.080294e-02
 7  3.969897e-02
 8  3.102904e-02
 9  2.441953e-02
 10  1.941449e-02
 11  1.526855e-02
 12  1.219718e-02
 13  9.953402e-03
 14  8.243936e-03
 15  6.647571e-03
 16  5.704029e-03
 17  4.856249e-03
 18  4.186327e-03
 19  3.594790e-03
 20  3.146209e-03
 21  2.778196e-03
 22  2.425851e-03
 23  2.159996e-03
 24  1.947162e-03
 25  1.795019e-03
 26  1.640855e-03
 27  1.515025e-03
 28  1.427054e-03
 29  1.351678e-03
 30  1.292875e-03
 31  1.248748e-03
 32  1.198898e-03
 33  1.135776e-03
 34  1.061150e-03
 35  9.759991e-04
 Iteration CPU time: 8 s
 CFIE residual: 0.000975999

 Iseg, Irank, Idinc : 1, 39, 104
 Thata, Phi : 90.000000, 103.000000
 Maximun iteration: 300
 Number of recycle truncation: 30
 Final matrix dimension:  36708
 Residual error:0.001000
 0  6.100778e-01
 1  3.457542e-01
 2  2.142795e-01
 3  1.473625e-01
 4  1.055739e-01
 5  7.936989e-02
 6  6.077075e-02
 7  4.817584e-02
 8  3.867565e-02
 9  3.169775e-02
 10  2.584624e-02
 11  2.165299e-02
 12  1.770511e-02
 13  1.492008e-02
 14  1.279362e-02
 15  1.096969e-02
 16  9.669135e-03
 17  8.662652e-03
 18  7.741826e-03
 19  6.977896e-03
 20  6.392282e-03
 21  5.961653e-03
 22  5.724125e-03
 23  5.528177e-03
 24  5.368708e-03
 25  5.148971e-03
 26  4.927606e-03
 27  4.584433e-03
 28  4.202945e-03
 29  3.757762e-03
 30  3.267713e-03
 31  2.771177e-03
 32  2.324925e-03
 33  1.899064e-03
 34  1.549499e-03
 35  1.256460e-03
 36  1.020588e-03
 37  8.291252e-04
 Iteration CPU time: 8 s
 CFIE residual: 0.000829125

 Iseg, Irank, Idinc : 1, 40, 180
 Thata, Phi : 90.000000, 179.000000
 Maximun iteration: 300
 Number of recycle truncation: 30
 Final matrix dimension:  36708
 Residual error:0.001000
 0  5.884192e-01
 1  2.962283e-01
 2  1.834770e-01
 3  1.297205e-01
 4  9.930204e-02
 5  7.941097e-02
 6  6.461916e-02
 7  5.391620e-02
 8  4.505163e-02
 9  3.715637e-02
 10  3.052164e-02
 11  2.496868e-02
 12  2.035970e-02
 13  1.650789e-02
 14  1.375562e-02
 15  1.131973e-02
 16  9.353657e-03
 17  7.689362e-03
 18  6.484324e-03
 19  5.418271e-03
 20  4.594361e-03
 21  3.934421e-03
 22  3.346454e-03
 23  2.879503e-03
 24  2.558306e-03
 25  2.294119e-03
 26  2.079436e-03
 27  1.903320e-03
 28  1.771831e-03
 29  1.644461e-03
 30  1.542328e-03
 31  1.473632e-03
 32  1.410748e-03
 33  1.331984e-03
 34  1.237837e-03
 35  1.114189e-03
 36  9.710347e-04
 Iteration CPU time: 8 s
 CFIE residual: 0.000971035
 Last Built End in Sep 22 2025 09:01:48
 Total CPU time: 345 s
 Finished.
