 Last Built Begin in Sep 21 2025 00:06:12
 Pre-Type( Input ):           10
 Skl-Tol ( Input ):    1.0000000000000001E-005
 Wavelength in freespace: 0.0315457

 ################################################
 ##         Generating Required Mesh          ##
 ##         Waiting.....                      ##
 ################################################
 Subd No.      Subd Name
    1    Open-Duct_PRIME_model_meshAA1                                     
 isub,  nnode, npatch,  nedge:
    1      6118     12236     18354
 Scale Factor         >>   1.54999997E-02
 ################################################

 START TIME: 20250922   012618.896


 Informaton for IE geometry:
 number of subdomains     : 1
 maxnode,maxpatch,maxedge : 6118  12236  18354
 
 Index of Mat-Reg: 1
 Mat-Reg Number via MatFlg: 1
 Edge Number of Mat-Reg: 1, 18354

 Number of Edge on PEC: 18354
 Mat-Reg: No Dim(m) Lmax:
    1 0.227    5
 Totlmax, add1, add2:           5           6           7
 rlengmax of Global MLFMA >>   0.22729143924169376     
 Lmax of Global MLFMA >>            5
 Wavenum of Mat-Reg:
    1 1.000

 total area in sq m           =      0.0510
 total area in sq lambda      =     51.2192
 maxnode, maxpatch, maxedge           =     6118    12236    18354
 longest  edge in lambda              =      0.1480
 shortest edge in lambda              =      0.0070
 average  edge in lambda              =      0.0988
 largest  patch area in sq lambda     =      0.0074
 smallest patch area in sq lambda     =      0.0000
 ave    surface area in sq lambda     =      0.0042
 size range of the object in sq lambda =      7.2733

 #### MLFMA Info For Each Region ####
 Mat-Region =            1
 Array dimension parameters:
 maxrule=          14   maxgrid  =          64
 lmax   =           5   ncmax    =        1250
 lsmax  =          25   lsmin    =           6
 kpm    =        1254   kp0      =          76
 ntlm   =      200560   nsm      =      204676
 nkpm   =        2050   niplm    =      131200
 ngnearm=       14257   ngsndm   =       64634
 nearm  =         333   mfinestm =         119
 ###############################

 CFIE Alpha:  0.50000000000000000     

 Fill MLFMA FI for Mat-Reg:           1
 Begin filltl.f
 fill translation matrix
 Level:            2
 fill shifting matrix
 Level:            3
 fill shifting matrix
 Level:            4
 fill shifting matrix
 Level:            5
 fill shifting matrix
 translator time(s):  0.109000005    
 fill interpolation matrix
 ThetaOrder            8
 PhiOrder            8
 lsl            6
 Filling TL                  Delta_CPU=          0.51 Memory(MB)=        586.60
 Filling sndgrp              Delta_CPU=          0.00 Memory(MB)=        586.60
 Filling VFS                 Delta_CPU=          2.43 Memory(MB)=        586.60

 Fill MLFMA NI for Mat-Reg:           1
 Begin fill sparser part of Nearfield
 Begin fill denser part of Nearfield
 End fill
 Filling Amn                 Delta_CPU=         91.91 Memory(MB)=        586.60


 Now testing preconditioner with
 ipretype =           10
 method = cfie_solve_nfrasspspre_pardiso

  
 NBP>>Begin fill sparser part of Nearfield

113.8398% NBP>>Begin fill denser part of Nearfield

200.1041%
 Begin MLFMA Box-Matrix Based Spar-RAS Prec Constructor
 --- Intel MKL PARDISO --- 
 Memory for iGroup: 1 0 MB
 Total Memory For SparRAS Pre: 0 MB
 --- PARDISO PRECONDITIONER INITIALIZED --- 
 Constructing preconditioner CPU time: 4 s
 
 1101240
 Memory for Iteration:: 16.8036 MB

 Iseg, Ninc_S : 1, 181, 0

 Iseg, Skeleton Angles: 1, 38
 Iseg, Skel-Pk Mem(MB): 1, 314.35

 Iseg, Irank, Idinc : 1, 1, 22
 Thata, Phi : 90.000000, 21.000000
 Maximun iteration: 300
 Number of recycle truncation: 30
 Final matrix dimension:  36708
 Residual error:0.001000
 0  6.028991e-01
 1  2.895805e-01
 2  1.658886e-01
 3  1.141534e-01
 4  8.169135e-02
 5  6.029855e-02
 6  4.621755e-02
 7  3.672964e-02
 8  2.888361e-02
 9  2.259588e-02
 10  1.774871e-02
 11  1.383955e-02
 12  1.145898e-02
 13  9.395313e-03
 14  7.907823e-03
 15  6.709586e-03
 16  5.647720e-03
 17  4.786706e-03
 18  4.122479e-03
 19  3.516971e-03
 20  3.032919e-03
 21  2.627093e-03
 22  2.312374e-03
 23  2.069764e-03
 24  1.801538e-03
 25  1.517544e-03
 26  1.288395e-03
 27  1.069202e-03
 28  8.799683e-04
 Iteration CPU time: 7 s
 CFIE residual: 0.000879968

 Iseg, Irank, Idinc : 1, 2, 42
 Thata, Phi : 90.000000, 41.000000
 Maximun iteration: 300
 Number of recycle truncation: 30
 Final matrix dimension:  36708
 Residual error:0.001000
 0  6.197178e-01
 1  3.150654e-01
 2  2.010700e-01
 3  1.325702e-01
 4  9.143443e-02
 5  6.675153e-02
 6  4.938144e-02
 7  3.729310e-02
 8  2.885268e-02
 9  2.242785e-02
 10  1.793410e-02
 11  1.460397e-02
 12  1.171272e-02
 13  1.012415e-02
 14  8.540957e-03
 15  7.369653e-03
 16  6.552753e-03
 17  5.765623e-03
 18  4.961209e-03
 19  4.338387e-03
 20  3.681501e-03
 21  3.074853e-03
 22  2.529299e-03
 23  2.040235e-03
 24  1.660700e-03
 25  1.296194e-03
 26  1.021313e-03
 27  7.951982e-04
 Iteration CPU time: 6 s
 CFIE residual: 0.000795198

 Iseg, Irank, Idinc : 1, 3, 63
 Thata, Phi : 90.000000, 62.000000
 Maximun iteration: 300
 Number of recycle truncation: 30
 Final matrix dimension:  36708
 Residual error:0.001000
 0  6.651371e-01
 1  3.540317e-01
 2  2.214768e-01
 3  1.437491e-01
 4  1.053258e-01
 5  7.978019e-02
 6  6.116113e-02
 7  4.924514e-02
 8  3.965105e-02
 9  3.094237e-02
 10  2.474218e-02
 11  1.968476e-02
 12  1.627895e-02
 13  1.394617e-02
 14  1.192806e-02
 15  1.039168e-02
 16  9.162499e-03
 17  7.954824e-03
 18  6.982344e-03
 19  5.917150e-03
 20  5.032916e-03
 21  4.208004e-03
 22  3.397906e-03
 23  2.722591e-03
 24  2.159446e-03
 25  1.633877e-03
 26  1.270709e-03
 27  9.626555e-04
 Iteration CPU time: 6 s
 CFIE residual: 0.000962655

 Iseg, Irank, Idinc : 1, 4, 108
 Thata, Phi : 90.000000, 107.000000
 Maximun iteration: 300
 Number of recycle truncation: 30
 Final matrix dimension:  36708
 Residual error:0.001000
 0  6.315267e-01
 1  3.597160e-01
 2  2.283283e-01
 3  1.552526e-01
 4  1.098529e-01
 5  8.262230e-02
 6  6.399804e-02
 7  5.006683e-02
 8  3.916670e-02
 9  3.066757e-02
 10  2.440630e-02
 11  1.939404e-02
 12  1.594119e-02
 13  1.294399e-02
 14  1.090797e-02
 15  9.133011e-03
 16  7.766444e-03
 17  6.679689e-03
 18  5.889747e-03
 19  5.105198e-03
 20  4.447240e-03
 21  3.930123e-03
 22  3.385348e-03
 23  2.926848e-03
 24  2.523319e-03
 25  2.095017e-03
 26  1.681190e-03
 27  1.341730e-03
 28  1.091240e-03
 29  8.511064e-04
 Iteration CPU time: 7 s
 CFIE residual: 0.000851106

 Iseg, Irank, Idinc : 1, 5, 75
 Thata, Phi : 90.000000, 74.000000
 Maximun iteration: 300
 Number of recycle truncation: 30
 Final matrix dimension:  36708
 Residual error:0.001000
 0  6.451461e-01
 1  3.697113e-01
 2  2.394290e-01
 3  1.522954e-01
 4  1.072648e-01
 5  8.344188e-02
 6  6.482507e-02
 7  5.383766e-02
 8  4.306855e-02
 9  3.462686e-02
 10  2.827667e-02
 11  2.276845e-02
 12  1.880269e-02
 13  1.612724e-02
 14  1.389889e-02
 15  1.212069e-02
 16  1.089542e-02
 17  9.514620e-03
 18  8.331318e-03
 19  7.245018e-03
 20  6.287471e-03
 21  5.371528e-03
 22  4.512402e-03
 23  3.669897e-03
 24  2.941405e-03
 25  2.350166e-03
 26  1.830420e-03
 27  1.494510e-03
 28  1.181185e-03
 29  9.390385e-04
 Iteration CPU time: 7 s
 CFIE residual: 0.000939038

 Iseg, Irank, Idinc : 1, 6, 146
 Thata, Phi : 90.000000, 145.000000
 Maximun iteration: 300
 Number of recycle truncation: 30
 Final matrix dimension:  36708
 Residual error:0.001000
 0  6.434750e-01
 1  3.430354e-01
 2  2.081518e-01
 3  1.469103e-01
 4  1.064837e-01
 5  8.320312e-02
 6  6.433933e-02
 7  5.240342e-02
 8  4.344225e-02
 9  3.617265e-02
 10  3.002891e-02
 11  2.440467e-02
 12  2.010530e-02
 13  1.610616e-02
 14  1.269282e-02
 15  1.008050e-02
 16  8.139502e-03
 17  6.753974e-03
 18  5.641900e-03
 19  4.710050e-03
 20  3.946680e-03
 21  3.416033e-03
 22  2.983640e-03
 23  2.609446e-03
 24  2.300043e-03
 25  2.011238e-03
 26  1.735086e-03
 27  1.468814e-03
 28  1.211176e-03
 29  9.965668e-04
 Iteration CPU time: 7 s
 CFIE residual: 0.000996567

 Iseg, Irank, Idinc : 1, 7, 159
 Thata, Phi : 90.000000, 158.000000
 Maximun iteration: 300
 Number of recycle truncation: 30
 Final matrix dimension:  36708
 Residual error:0.001000
 0  5.998465e-01
 1  3.121773e-01
 2  1.876804e-01
 3  1.336914e-01
 4  1.017181e-01
 5  8.117414e-02
 6  6.483190e-02
 7  5.343448e-02
 8  4.526906e-02
 9  3.832359e-02
 10  3.264728e-02
 11  2.685498e-02
 12  2.174879e-02
 13  1.722363e-02
 14  1.402327e-02
 15  1.116133e-02
 16  8.676776e-03
 17  7.055193e-03
 18  5.685618e-03
 19  4.707302e-03
 20  3.919096e-03
 21  3.257544e-03
 22  2.811900e-03
 23  2.419357e-03
 24  2.115068e-03
 25  1.863099e-03
 26  1.652631e-03
 27  1.433973e-03
 28  1.208332e-03
 29  1.018336e-03
 30  8.428079e-04
 Iteration CPU time: 7 s
 CFIE residual: 0.000842808

 Iseg, Irank, Idinc : 1, 8, 132
 Thata, Phi : 90.000000, 131.000000
 Maximun iteration: 300
 Number of recycle truncation: 30
 Final matrix dimension:  36708
 Residual error:0.001000
 0  6.836376e-01
 1  3.607024e-01
 2  2.326094e-01
 3  1.594453e-01
 4  1.144128e-01
 5  8.797662e-02
 6  6.704726e-02
 7  5.302896e-02
 8  4.211014e-02
 9  3.352358e-02
 10  2.690831e-02
 11  2.126893e-02
 12  1.727648e-02
 13  1.426455e-02
 14  1.172549e-02
 15  9.699128e-03
 16  8.026936e-03
 17  6.833325e-03
 18  5.881108e-03
 19  5.178276e-03
 20  4.511867e-03
 21  3.982078e-03
 22  3.495580e-03
 23  3.090526e-03
 24  2.656611e-03
 25  2.210851e-03
 26  1.850469e-03
 27  1.520366e-03
 28  1.270115e-03
 29  1.053005e-03
 30  8.396886e-04
 Iteration CPU time: 7 s
 CFIE residual: 0.000839689

 Iseg, Irank, Idinc : 1, 9, 122
 Thata, Phi : 90.000000, 121.000000
 Maximun iteration: 300
 Number of recycle truncation: 30
 Final matrix dimension:  36708
 Residual error:0.001000
 0  6.531246e-01
 1  3.472730e-01
 2  2.293589e-01
 3  1.584907e-01
 4  1.121165e-01
 5  8.556108e-02
 6  6.562074e-02
 7  5.141022e-02
 8  3.893357e-02
 9  3.069020e-02
 10  2.440735e-02
 11  1.926592e-02
 12  1.538560e-02
 13  1.304181e-02
 14  1.109468e-02
 15  9.477235e-03
 16  8.078328e-03
 17  6.922758e-03
 18  6.020302e-03
 19  5.201597e-03
 20  4.491880e-03
 21  3.917401e-03
 22  3.399667e-03
 23  2.912496e-03
 24  2.498215e-03
 25  2.080984e-03
 26  1.729470e-03
 27  1.428628e-03
 28  1.168957e-03
 29  9.304090e-04
 Iteration CPU time: 6 s
 CFIE residual: 0.000930409

 Iseg, Irank, Idinc : 1, 10, 89
 Thata, Phi : 90.000000, 88.000000
 Maximun iteration: 300
 Number of recycle truncation: 30
 Final matrix dimension:  36708
 Residual error:0.001000
 0  6.255759e-01
 1  3.591409e-01
 2  2.316720e-01
 3  1.575260e-01
 4  1.143326e-01
 5  9.004967e-02
 6  7.053087e-02
 7  5.623922e-02
 8  4.641602e-02
 9  3.676445e-02
 10  2.882281e-02
 11  2.297019e-02
 12  1.882936e-02
 13  1.555588e-02
 14  1.313341e-02
 15  1.133738e-02
 16  9.853454e-03
 17  8.726390e-03
 18  7.682543e-03
 19  6.713522e-03
 20  5.846006e-03
 21  4.995306e-03
 22  4.070530e-03
 23  3.355525e-03
 24  2.720949e-03
 25  2.197093e-03
 26  1.702239e-03
 27  1.330508e-03
 28  1.037362e-03
 29  8.128233e-04
 Iteration CPU time: 7 s
 CFIE residual: 0.000812823

 Iseg, Irank, Idinc : 1, 11, 32
 Thata, Phi : 90.000000, 31.000000
 Maximun iteration: 300
 Number of recycle truncation: 30
 Final matrix dimension:  36708
 Residual error:0.001000
 0  6.295761e-01
 1  3.050128e-01
 2  1.793680e-01
 3  1.140193e-01
 4  8.097699e-02
 5  6.051248e-02
 6  4.468773e-02
 7  3.463324e-02
 8  2.637073e-02
 9  2.042669e-02
 10  1.664175e-02
 11  1.338333e-02
 12  1.103539e-02
 13  9.343048e-03
 14  7.731051e-03
 15  6.564884e-03
 16  5.725707e-03
 17  4.960277e-03
 18  4.286771e-03
 19  3.762073e-03
 20  3.254780e-03
 21  2.796209e-03
 22  2.433751e-03
 23  2.105819e-03
 24  1.797112e-03
 25  1.469858e-03
 26  1.206434e-03
 27  9.591390e-04
 Iteration CPU time: 6 s
 CFIE residual: 0.000959139

 Iseg, Irank, Idinc : 1, 12, 53
 Thata, Phi : 90.000000, 52.000000
 Maximun iteration: 300
 Number of recycle truncation: 30
 Final matrix dimension:  36708
 Residual error:0.001000
 0  6.406726e-01
 1  3.318100e-01
 2  2.068133e-01
 3  1.359837e-01
 4  9.655541e-02
 5  7.223618e-02
 6  5.570008e-02
 7  4.302601e-02
 8  3.392380e-02
 9  2.624266e-02
 10  2.074683e-02
 11  1.714324e-02
 12  1.423141e-02
 13  1.234681e-02
 14  1.066068e-02
 15  9.228817e-03
 16  8.155135e-03
 17  7.151076e-03
 18  6.126720e-03
 19  5.122419e-03
 20  4.281267e-03
 21  3.563658e-03
 22  2.853393e-03
 23  2.276426e-03
 24  1.790999e-03
 25  1.380195e-03
 26  1.063808e-03
 27  8.586485e-04
 Iteration CPU time: 7 s
 CFIE residual: 0.000858648

 Iseg, Irank, Idinc : 1, 13, 12
 Thata, Phi : 90.000000, 11.000000
 Maximun iteration: 300
 Number of recycle truncation: 30
 Final matrix dimension:  36708
 Residual error:0.001000
 0  5.377860e-01
 1  2.759675e-01
 2  1.716884e-01
 3  1.229295e-01
 4  8.845971e-02
 5  6.709493e-02
 6  5.124035e-02
 7  4.040991e-02
 8  3.129489e-02
 9  2.412203e-02
 10  1.909697e-02
 11  1.528616e-02
 12  1.202263e-02
 13  9.749367e-03
 14  7.987145e-03
 15  6.686547e-03
 16  5.725459e-03
 17  4.834335e-03
 18  4.202164e-03
 19  3.665938e-03
 20  3.150713e-03
 21  2.704722e-03
 22  2.376875e-03
 23  2.121580e-03
 24  1.847143e-03
 25  1.571208e-03
 26  1.368431e-03
 27  1.168579e-03
 28  9.907314e-04
 Iteration CPU time: 6 s
 CFIE residual: 0.000990731

 Iseg, Irank, Idinc : 1, 14, 178
 Thata, Phi : 90.000000, 177.000000
 Maximun iteration: 300
 Number of recycle truncation: 30
 Final matrix dimension:  36708
 Residual error:0.001000
 0  5.485302e-01
 1  3.004415e-01
 2  1.909722e-01
 3  1.381225e-01
 4  1.072118e-01
 5  8.414965e-02
 6  6.887364e-02
 7  5.608879e-02
 8  4.447368e-02
 9  3.626414e-02
 10  2.856427e-02
 11  2.244670e-02
 12  1.754103e-02
 13  1.375608e-02
 14  1.095136e-02
 15  8.591406e-03
 16  6.908959e-03
 17  5.658302e-03
 18  4.685364e-03
 19  3.858331e-03
 20  3.179215e-03
 21  2.727226e-03
 22  2.376228e-03
 23  2.077978e-03
 24  1.837133e-03
 25  1.591953e-03
 26  1.404691e-03
 27  1.242835e-03
 28  1.066582e-03
 29  9.026179e-04
 Iteration CPU time: 7 s
 CFIE residual: 0.000902618

 Iseg, Irank, Idinc : 1, 15, 97
 Thata, Phi : 90.000000, 96.000000
 Maximun iteration: 300
 Number of recycle truncation: 30
 Final matrix dimension:  36708
 Residual error:0.001000
 0  6.230032e-01
 1  3.581877e-01
 2  2.264108e-01
 3  1.517219e-01
 4  1.089331e-01
 5  8.322441e-02
 6  6.561646e-02
 7  5.287235e-02
 8  4.236010e-02
 9  3.360835e-02
 10  2.653403e-02
 11  2.101196e-02
 12  1.718628e-02
 13  1.424320e-02
 14  1.181512e-02
 15  1.025458e-02
 16  8.932407e-03
 17  7.829344e-03
 18  6.950989e-03
 19  6.140674e-03
 20  5.412567e-03
 21  4.770718e-03
 22  4.034852e-03
 23  3.392149e-03
 24  2.815370e-03
 25  2.290156e-03
 26  1.846619e-03
 27  1.456980e-03
 28  1.150305e-03
 29  8.742428e-04
 Iteration CPU time: 7 s
 CFIE residual: 0.000874243

 Iseg, Irank, Idinc : 1, 16, 82
 Thata, Phi : 90.000000, 81.000000
 Maximun iteration: 300
 Number of recycle truncation: 30
 Final matrix dimension:  36708
 Residual error:0.001000
 0  6.299328e-01
 1  3.603951e-01
 2  2.341404e-01
 3  1.568429e-01
 4  1.128351e-01
 5  8.893130e-02
 6  6.907847e-02
 7  5.527487e-02
 8  4.581462e-02
 9  3.559406e-02
 10  2.805042e-02
 11  2.230298e-02
 12  1.854562e-02
 13  1.551173e-02
 14  1.332231e-02
 15  1.157385e-02
 16  1.015380e-02
 17  8.859259e-03
 18  7.836694e-03
 19  6.774234e-03
 20  5.899806e-03
 21  5.021203e-03
 22  4.170654e-03
 23  3.422921e-03
 24  2.804899e-03
 25  2.250211e-03
 26  1.788877e-03
 27  1.428568e-03
 28  1.126092e-03
 29  8.928489e-04
 Iteration CPU time: 7 s
 CFIE residual: 0.000892849

 Iseg, Irank, Idinc : 1, 17, 115
 Thata, Phi : 90.000000, 114.000000
 Maximun iteration: 300
 Number of recycle truncation: 30
 Final matrix dimension:  36708
 Residual error:0.001000
 0  6.455229e-01
 1  3.527051e-01
 2  2.258810e-01
 3  1.557569e-01
 4  1.101719e-01
 5  8.314878e-02
 6  6.429033e-02
 7  4.949357e-02
 8  3.810251e-02
 9  3.010006e-02
 10  2.386937e-02
 11  1.913401e-02
 12  1.550147e-02
 13  1.296558e-02
 14  1.088723e-02
 15  9.210832e-03
 16  7.778118e-03
 17  6.658347e-03
 18  5.701138e-03
 19  4.974788e-03
 20  4.332530e-03
 21  3.787675e-03
 22  3.253886e-03
 23  2.811385e-03
 24  2.361077e-03
 25  1.970041e-03
 26  1.625924e-03
 27  1.320885e-03
 28  1.061335e-03
 29  8.229366e-04
 Iteration CPU time: 6 s
 CFIE residual: 0.000822937

 Iseg, Irank, Idinc : 1, 18, 1
 Thata, Phi : 90.000000, 0.000000
 Maximun iteration: 300
 Number of recycle truncation: 30
 Final matrix dimension:  36708
 Residual error:0.001000
 0  5.001760e-01
 1  2.658967e-01
 2  1.731947e-01
 3  1.203972e-01
 4  8.656655e-02
 5  6.450031e-02
 6  4.931474e-02
 7  3.739969e-02
 8  2.983693e-02
 9  2.227423e-02
 10  1.721488e-02
 11  1.372053e-02
 12  1.084548e-02
 13  8.829721e-03
 14  7.176374e-03
 15  5.837746e-03
 16  4.890964e-03
 17  4.187199e-03
 18  3.644706e-03
 19  3.118792e-03
 20  2.698365e-03
 21  2.431096e-03
 22  2.111608e-03
 23  1.827980e-03
 24  1.573268e-03
 25  1.345203e-03
 26  1.170803e-03
 27  9.807565e-04
 Iteration CPU time: 7 s
 CFIE residual: 0.000980756

 Iseg, Irank, Idinc : 1, 19, 167
 Thata, Phi : 90.000000, 166.000000
 Maximun iteration: 300
 Number of recycle truncation: 30
 Final matrix dimension:  36708
 Residual error:0.001000
 0  5.707205e-01
 1  3.019951e-01
 2  1.865177e-01
 3  1.363909e-01
 4  1.054901e-01
 5  8.512844e-02
 6  6.909681e-02
 7  5.669284e-02
 8  4.747096e-02
 9  3.994508e-02
 10  3.349816e-02
 11  2.758617e-02
 12  2.228444e-02
 13  1.785159e-02
 14  1.432431e-02
 15  1.156504e-02
 16  9.109265e-03
 17  7.510490e-03
 18  6.080505e-03
 19  4.928611e-03
 20  3.998138e-03
 21  3.320422e-03
 22  2.825642e-03
 23  2.431601e-03
 24  2.118622e-03
 25  1.826404e-03
 26  1.623651e-03
 27  1.418547e-03
 28  1.249546e-03
 29  1.087318e-03
 30  9.293621e-04
 Iteration CPU time: 7 s
 CFIE residual: 0.000929362

 Iseg, Irank, Idinc : 1, 20, 152
 Thata, Phi : 90.000000, 151.000000
 Maximun iteration: 300
 Number of recycle truncation: 30
 Final matrix dimension:  36708
 Residual error:0.001000
 0  6.245322e-01
 1  3.304411e-01
 2  1.989512e-01
 3  1.414100e-01
 4  1.042193e-01
 5  8.210768e-02
 6  6.492676e-02
 7  5.315745e-02
 8  4.493320e-02
 9  3.794776e-02
 10  3.152792e-02
 11  2.570513e-02
 12  2.064111e-02
 13  1.643140e-02
 14  1.284273e-02
 15  1.012987e-02
 16  7.907377e-03
 17  6.538196e-03
 18  5.376158e-03
 19  4.430931e-03
 20  3.752165e-03
 21  3.155301e-03
 22  2.741304e-03
 23  2.389834e-03
 24  2.106624e-03
 25  1.843635e-03
 26  1.578000e-03
 27  1.356991e-03
 28  1.112901e-03
 29  9.032109e-04
 Iteration CPU time: 6 s
 CFIE residual: 0.000903211

 Iseg, Irank, Idinc : 1, 21, 181
 Thata, Phi : 90.000000, 180.000000
 Maximun iteration: 300
 Number of recycle truncation: 30
 Final matrix dimension:  36708
 Residual error:0.001000
 0  5.470552e-01
 1  3.005052e-01
 2  1.910577e-01
 3  1.380616e-01
 4  1.070397e-01
 5  8.370646e-02
 6  6.844644e-02
 7  5.576716e-02
 8  4.403174e-02
 9  3.569381e-02
 10  2.771348e-02
 11  2.129232e-02
 12  1.617252e-02
 13  1.231128e-02
 14  9.426478e-03
 15  7.262225e-03
 16  5.784838e-03
 17  4.792800e-03
 18  3.883818e-03
 19  3.245498e-03
 20  2.768409e-03
 21  2.400846e-03
 22  2.108392e-03
 23  1.853720e-03
 24  1.658931e-03
 25  1.448632e-03
 26  1.279589e-03
 27  1.104958e-03
 28  9.137652e-04
 Iteration CPU time: 7 s
 CFIE residual: 0.000913765

 Iseg, Irank, Idinc : 1, 22, 6
 Thata, Phi : 90.000000, 5.000000
 Maximun iteration: 300
 Number of recycle truncation: 30
 Final matrix dimension:  36708
 Residual error:0.001000
 0  5.093963e-01
 1  2.686444e-01
 2  1.727978e-01
 3  1.218611e-01
 4  8.826188e-02
 5  6.660729e-02
 6  5.087300e-02
 7  3.854513e-02
 8  3.020421e-02
 9  2.302621e-02
 10  1.823000e-02
 11  1.475943e-02
 12  1.165935e-02
 13  9.441023e-03
 14  7.824216e-03
 15  6.492142e-03
 16  5.498495e-03
 17  4.654679e-03
 18  4.014230e-03
 19  3.533399e-03
 20  3.069443e-03
 21  2.647555e-03
 22  2.304245e-03
 23  2.061111e-03
 24  1.765514e-03
 25  1.519973e-03
 26  1.308446e-03
 27  1.148900e-03
 28  9.631282e-04
 Iteration CPU time: 6 s
 CFIE residual: 0.000963128

 Iseg, Irank, Idinc : 1, 23, 69
 Thata, Phi : 90.000000, 68.000000
 Maximun iteration: 300
 Number of recycle truncation: 30
 Final matrix dimension:  36708
 Residual error:0.001000
 0  6.595619e-01
 1  3.658630e-01
 2  2.319195e-01
 3  1.520298e-01
 4  1.112968e-01
 5  8.488316e-02
 6  6.547905e-02
 7  5.315123e-02
 8  4.331526e-02
 9  3.440610e-02
 10  2.809097e-02
 11  2.281537e-02
 12  1.865124e-02
 13  1.581909e-02
 14  1.351171e-02
 15  1.184964e-02
 16  1.048374e-02
 17  9.260950e-03
 18  8.071623e-03
 19  6.933811e-03
 20  5.985799e-03
 21  5.085688e-03
 22  4.243422e-03
 23  3.479080e-03
 24  2.768815e-03
 25  2.138173e-03
 26  1.697887e-03
 27  1.326718e-03
 28  1.034877e-03
 29  7.878351e-04
 Iteration CPU time: 7 s
 CFIE residual: 0.000787835

 Iseg, Irank, Idinc : 1, 24, 139
 Thata, Phi : 90.000000, 138.000000
 Maximun iteration: 300
 Number of recycle truncation: 30
 Final matrix dimension:  36708
 Residual error:0.001000
 0  6.845175e-01
 1  3.551272e-01
 2  2.231074e-01
 3  1.549656e-01
 4  1.128646e-01
 5  8.598494e-02
 6  6.458505e-02
 7  5.191115e-02
 8  4.308826e-02
 9  3.483666e-02
 10  2.833905e-02
 11  2.278572e-02
 12  1.899878e-02
 13  1.527800e-02
 14  1.218514e-02
 15  9.780662e-03
 16  8.129393e-03
 17  6.751953e-03
 18  5.711390e-03
 19  4.929826e-03
 20  4.275798e-03
 21  3.780168e-03
 22  3.331547e-03
 23  2.892315e-03
 24  2.508547e-03
 25  2.120197e-03
 26  1.779603e-03
 27  1.462998e-03
 28  1.176252e-03
 29  9.499837e-04
 Iteration CPU time: 7 s
 CFIE residual: 0.000949984

 Iseg, Irank, Idinc : 1, 25, 27
 Thata, Phi : 90.000000, 26.000000
 Maximun iteration: 300
 Number of recycle truncation: 30
 Final matrix dimension:  36708
 Residual error:0.001000
 0  6.263424e-01
 1  2.972267e-01
 2  1.684992e-01
 3  1.103267e-01
 4  7.877849e-02
 5  5.854866e-02
 6  4.395990e-02
 7  3.442800e-02
 8  2.670373e-02
 9  2.087490e-02
 10  1.663469e-02
 11  1.326382e-02
 12  1.092026e-02
 13  9.065951e-03
 14  7.588821e-03
 15  6.534755e-03
 16  5.535827e-03
 17  4.703593e-03
 18  4.064749e-03
 19  3.528966e-03
 20  3.058794e-03
 21  2.646303e-03
 22  2.345346e-03
 23  2.078532e-03
 24  1.793943e-03
 25  1.484611e-03
 26  1.244129e-03
 27  1.018926e-03
 28  8.330581e-04
 Iteration CPU time: 6 s
 CFIE residual: 0.000833058

 Iseg, Irank, Idinc : 1, 26, 173
 Thata, Phi : 90.000000, 172.000000
 Maximun iteration: 300
 Number of recycle truncation: 30
 Final matrix dimension:  36708
 Residual error:0.001000
 0  5.561037e-01
 1  3.003754e-01
 2  1.900168e-01
 3  1.382209e-01
 4  1.075782e-01
 5  8.573289e-02
 6  7.012290e-02
 7  5.711462e-02
 8  4.642136e-02
 9  3.863426e-02
 10  3.170751e-02
 11  2.584167e-02
 12  2.083789e-02
 13  1.653138e-02
 14  1.345730e-02
 15  1.082064e-02
 16  8.618759e-03
 17  7.041168e-03
 18  5.655679e-03
 19  4.605152e-03
 20  3.740923e-03
 21  3.131607e-03
 22  2.678478e-03
 23  2.315857e-03
 24  2.006164e-03
 25  1.722534e-03
 26  1.526658e-03
 27  1.338065e-03
 28  1.174187e-03
 29  1.021254e-03
 30  8.750354e-04
 Iteration CPU time: 7 s
 CFIE residual: 0.000875035

 Iseg, Irank, Idinc : 1, 27, 102
 Thata, Phi : 90.000000, 101.000000
 Maximun iteration: 300
 Number of recycle truncation: 30
 Final matrix dimension:  36708
 Residual error:0.001000
 0  6.210171e-01
 1  3.568708e-01
 2  2.260378e-01
 3  1.524812e-01
 4  1.066042e-01
 5  8.092939e-02
 6  6.287880e-02
 7  4.975899e-02
 8  3.924513e-02
 9  3.042876e-02
 10  2.495052e-02
 11  1.966351e-02
 12  1.612596e-02
 13  1.333792e-02
 14  1.122238e-02
 15  9.458953e-03
 16  8.256337e-03
 17  7.198028e-03
 18  6.421758e-03
 19  5.654338e-03
 20  4.976898e-03
 21  4.340651e-03
 22  3.718793e-03
 23  3.167731e-03
 24  2.669526e-03
 25  2.195298e-03
 26  1.778381e-03
 27  1.426568e-03
 28  1.130807e-03
 29  8.835192e-04
 Iteration CPU time: 7 s
 CFIE residual: 0.000883519

 Iseg, Irank, Idinc : 1, 28, 48
 Thata, Phi : 90.000000, 47.000000
 Maximun iteration: 300
 Number of recycle truncation: 30
 Final matrix dimension:  36708
 Residual error:0.001000
 0  6.298850e-01
 1  3.223003e-01
 2  2.040888e-01
 3  1.362276e-01
 4  9.580651e-02
 5  7.084174e-02
 6  5.353269e-02
 7  4.114212e-02
 8  3.231834e-02
 9  2.519311e-02
 10  2.003749e-02
 11  1.632306e-02
 12  1.325883e-02
 13  1.139563e-02
 14  9.779061e-03
 15  8.435455e-03
 16  7.507735e-03
 17  6.562647e-03
 18  5.683273e-03
 19  4.751960e-03
 20  3.954265e-03
 21  3.260912e-03
 22  2.711968e-03
 23  2.154906e-03
 24  1.693297e-03
 25  1.322422e-03
 26  1.031095e-03
 27  8.128781e-04
 Iteration CPU time: 7 s
 CFIE residual: 0.000812878

 Iseg, Irank, Idinc : 1, 29, 16
 Thata, Phi : 90.000000, 15.000000
 Maximun iteration: 300
 Number of recycle truncation: 30
 Final matrix dimension:  36708
 Residual error:0.001000
 0  5.630249e-01
 1  2.812485e-01
 2  1.696821e-01
 3  1.207280e-01
 4  8.686510e-02
 5  6.531849e-02
 6  5.009293e-02
 7  3.990249e-02
 8  3.096282e-02
 9  2.401266e-02
 10  1.889523e-02
 11  1.501912e-02
 12  1.197378e-02
 13  9.638454e-03
 14  8.083610e-03
 15  6.795925e-03
 16  5.717371e-03
 17  4.879707e-03
 18  4.246979e-03
 19  3.633635e-03
 20  3.103967e-03
 21  2.718623e-03
 22  2.373864e-03
 23  2.141829e-03
 24  1.863798e-03
 25  1.576264e-03
 26  1.360364e-03
 27  1.146032e-03
 28  9.585910e-04
 Iteration CPU time: 6 s
 CFIE residual: 0.000958591

 Iseg, Irank, Idinc : 1, 30, 127
 Thata, Phi : 90.000000, 126.000000
 Maximun iteration: 300
 Number of recycle truncation: 30
 Final matrix dimension:  36708
 Residual error:0.001000
 0  6.610096e-01
 1  3.523186e-01
 2  2.308867e-01
 3  1.579954e-01
 4  1.129348e-01
 5  8.755179e-02
 6  6.668715e-02
 7  5.238155e-02
 8  4.027430e-02
 9  3.227516e-02
 10  2.532462e-02
 11  1.983323e-02
 12  1.622247e-02
 13  1.352038e-02
 14  1.128604e-02
 15  9.520224e-03
 16  8.054549e-03
 17  6.906527e-03
 18  6.121268e-03
 19  5.210988e-03
 20  4.545054e-03
 21  3.963857e-03
 22  3.472214e-03
 23  3.000222e-03
 24  2.584838e-03
 25  2.153915e-03
 26  1.817642e-03
 27  1.515036e-03
 28  1.285872e-03
 29  1.080830e-03
 30  8.490254e-04
 Iteration CPU time: 7 s
 CFIE residual: 0.000849025

 Iseg, Irank, Idinc : 1, 31, 3
 Thata, Phi : 90.000000, 2.000000
 Maximun iteration: 300
 Number of recycle truncation: 30
 Final matrix dimension:  36708
 Residual error:0.001000
 0  5.017516e-01
 1  2.663700e-01
 2  1.731104e-01
 3  1.206588e-01
 4  8.692045e-02
 5  6.498181e-02
 6  4.970874e-02
 7  3.755723e-02
 8  2.985000e-02
 9  2.236263e-02
 10  1.735221e-02
 11  1.407406e-02
 12  1.126596e-02
 13  9.093322e-03
 14  7.517526e-03
 15  6.199476e-03
 16  5.217894e-03
 17  4.461709e-03
 18  3.874643e-03
 19  3.394997e-03
 20  2.963212e-03
 21  2.577830e-03
 22  2.248558e-03
 23  1.994846e-03
 24  1.714050e-03
 25  1.468212e-03
 26  1.271127e-03
 27  1.098790e-03
 28  9.166218e-04
 Iteration CPU time: 7 s
 CFIE residual: 0.000916622

 Iseg, Irank, Idinc : 1, 32, 163
 Thata, Phi : 90.000000, 162.000000
 Maximun iteration: 300
 Number of recycle truncation: 30
 Final matrix dimension:  36708
 Residual error:0.001000
 0  5.839880e-01
 1  3.053339e-01
 2  1.849925e-01
 3  1.337766e-01
 4  1.029401e-01
 5  8.290386e-02
 6  6.662562e-02
 7  5.494729e-02
 8  4.628946e-02
 9  3.921811e-02
 10  3.313690e-02
 11  2.736487e-02
 12  2.233239e-02
 13  1.791076e-02
 14  1.445725e-02
 15  1.158811e-02
 16  9.078477e-03
 17  7.473881e-03
 18  6.040700e-03
 19  4.892287e-03
 20  4.027271e-03
 21  3.352560e-03
 22  2.857116e-03
 23  2.449778e-03
 24  2.137620e-03
 25  1.861348e-03
 26  1.654000e-03
 27  1.444945e-03
 28  1.250964e-03
 29  1.074002e-03
 30  9.062814e-04
 Iteration CPU time: 7 s
 CFIE residual: 0.000906281

 Iseg, Irank, Idinc : 1, 33, 58
 Thata, Phi : 90.000000, 57.000000
 Maximun iteration: 300
 Number of recycle truncation: 30
 Final matrix dimension:  36708
 Residual error:0.001000
 0  6.567783e-01
 1  3.415434e-01
 2  2.139498e-01
 3  1.375074e-01
 4  9.844332e-02
 5  7.264059e-02
 6  5.708029e-02
 7  4.585399e-02
 8  3.649978e-02
 9  2.824367e-02
 10  2.241870e-02
 11  1.832305e-02
 12  1.517332e-02
 13  1.299875e-02
 14  1.119456e-02
 15  9.670587e-03
 16  8.513436e-03
 17  7.417254e-03
 18  6.456756e-03
 19  5.403603e-03
 20  4.512997e-03
 21  3.725807e-03
 22  3.063490e-03
 23  2.419225e-03
 24  1.898110e-03
 25  1.455105e-03
 26  1.118511e-03
 27  8.779690e-04
 Iteration CPU time: 6 s
 CFIE residual: 0.000877969

 Iseg, Irank, Idinc : 1, 34, 180
 Thata, Phi : 90.000000, 179.000000
 Maximun iteration: 300
 Number of recycle truncation: 30
 Final matrix dimension:  36708
 Residual error:0.001000
 0  5.472394e-01
 1  3.005016e-01
 2  1.910529e-01
 3  1.380700e-01
 4  1.070607e-01
 5  8.375900e-02
 6  6.850023e-02
 7  5.581026e-02
 8  4.408798e-02
 9  3.576672e-02
 10  2.782091e-02
 11  2.144792e-02
 12  1.639327e-02
 13  1.258539e-02
 14  9.747415e-03
 15  7.516678e-03
 16  6.007259e-03
 17  5.002665e-03
 18  4.166876e-03
 19  3.470303e-03
 20  2.922464e-03
 21  2.527358e-03
 22  2.233820e-03
 23  1.968695e-03
 24  1.747447e-03
 25  1.516159e-03
 26  1.334283e-03
 27  1.175691e-03
 28  9.832686e-04
 Iteration CPU time: 6 s
 CFIE residual: 0.000983269

 Iseg, Irank, Idinc : 1, 35, 37
 Thata, Phi : 90.000000, 36.000000
 Maximun iteration: 300
 Number of recycle truncation: 30
 Final matrix dimension:  36708
 Residual error:0.001000
 0  6.194339e-01
 1  3.118306e-01
 2  1.931723e-01
 3  1.235451e-01
 4  8.546159e-02
 5  6.300019e-02
 6  4.639746e-02
 7  3.557423e-02
 8  2.714627e-02
 9  2.084004e-02
 10  1.678442e-02
 11  1.363958e-02
 12  1.124620e-02
 13  9.646245e-03
 14  8.020650e-03
 15  6.844205e-03
 16  6.069529e-03
 17  5.283489e-03
 18  4.546536e-03
 19  3.976083e-03
 20  3.412757e-03
 21  2.893071e-03
 22  2.436008e-03
 23  2.033866e-03
 24  1.711626e-03
 25  1.390948e-03
 26  1.122337e-03
 27  8.800799e-04
 Iteration CPU time: 6 s
 CFIE residual: 0.00088008

 Iseg, Irank, Idinc : 1, 36, 93
 Thata, Phi : 90.000000, 92.000000
 Maximun iteration: 300
 Number of recycle truncation: 30
 Final matrix dimension:  36708
 Residual error:0.001000
 0  6.254432e-01
 1  3.600009e-01
 2  2.293174e-01
 3  1.531900e-01
 4  1.121709e-01
 5  8.764308e-02
 6  6.924032e-02
 7  5.534069e-02
 8  4.504019e-02
 9  3.618820e-02
 10  2.820572e-02
 11  2.238384e-02
 12  1.833185e-02
 13  1.527128e-02
 14  1.282944e-02
 15  1.107553e-02
 16  9.541908e-03
 17  8.451566e-03
 18  7.469856e-03
 19  6.529491e-03
 20  5.724237e-03
 21  4.959068e-03
 22  4.090010e-03
 23  3.403128e-03
 24  2.804583e-03
 25  2.273067e-03
 26  1.770240e-03
 27  1.377386e-03
 28  1.051569e-03
 29  7.980334e-04
 Iteration CPU time: 6 s
 CFIE residual: 0.000798033

 Iseg, Irank, Idinc : 1, 37, 142
 Thata, Phi : 90.000000, 141.000000
 Maximun iteration: 300
 Number of recycle truncation: 30
 Final matrix dimension:  36708
 Residual error:0.001000
 0  6.660472e-01
 1  3.498947e-01
 2  2.155714e-01
 3  1.506683e-01
 4  1.097663e-01
 5  8.459125e-02
 6  6.406318e-02
 7  5.170364e-02
 8  4.262320e-02
 9  3.487855e-02
 10  2.897531e-02
 11  2.346404e-02
 12  1.936911e-02
 13  1.544204e-02
 14  1.201958e-02
 15  9.701776e-03
 16  8.126762e-03
 17  6.787375e-03
 18  5.649572e-03
 19  4.836127e-03
 20  4.129750e-03
 21  3.628509e-03
 22  3.200847e-03
 23  2.779418e-03
 24  2.436931e-03
 25  2.098435e-03
 26  1.800310e-03
 27  1.477638e-03
 28  1.186168e-03
 29  9.660606e-04
 Iteration CPU time: 6 s
 CFIE residual: 0.000966061

 Iseg, Irank, Idinc : 1, 38, 9
 Thata, Phi : 90.000000, 8.000000
 Maximun iteration: 300
 Number of recycle truncation: 30
 Final matrix dimension:  36708
 Residual error:0.001000
 0  5.218768e-01
 1  2.720831e-01
 2  1.723935e-01
 3  1.230055e-01
 4  8.896877e-02
 5  6.747803e-02
 6  5.142776e-02
 7  3.971520e-02
 8  3.081836e-02
 9  2.382230e-02
 10  1.902345e-02
 11  1.508572e-02
 12  1.181494e-02
 13  9.590615e-03
 14  7.927704e-03
 15  6.626059e-03
 16  5.635823e-03
 17  4.757548e-03
 18  4.113014e-03
 19  3.611120e-03
 20  3.117171e-03
 21  2.684794e-03
 22  2.341365e-03
 23  2.089961e-03
 24  1.799925e-03
 25  1.546546e-03
 26  1.336657e-03
 27  1.165740e-03
 28  9.842264e-04
 Iteration CPU time: 7 s
 CFIE residual: 0.000984226
 Last Built End in Sep 21 2025 00:06:12
 Total CPU time: 270 s
 Finished.
