 Last Built Begin in Sep 21 2025 00:06:12
 Pre-Type( Input ):           10
 Skl-Tol ( Input ):    1.0000000000000001E-005
 Wavelength in freespace: 0.0294406

 ################################################
 ##         Generating Required Mesh          ##
 ##         Waiting.....                      ##
 ################################################
 Subd No.      Subd Name
    1    Open-Duct_PRIME_model_meshAA1                                     
 isub,  nnode, npatch,  nedge:
    1      6118     12236     18354
 Scale Factor         >>   1.54999997E-02
 ################################################

 START TIME: 20250922   064654.505


 Informaton for IE geometry:
 number of subdomains     : 1
 maxnode,maxpatch,maxedge : 6118  12236  18354
 
 Index of Mat-Reg: 1
 Mat-Reg Number via MatFlg: 1
 Edge Number of Mat-Reg: 1, 18354

 Number of Edge on PEC: 18354
 Mat-Reg: No Dim(m) Lmax:
    1 0.244    5
 Totlmax, add1, add2:           5           6           7
 rlengmax of Global MLFMA >>   0.24354361365645202     
 Lmax of Global MLFMA >>            5
 Wavenum of Mat-Reg:
    1 1.000

 total area in sq m           =      0.0510
 total area in sq lambda      =     58.8058
 maxnode, maxpatch, maxedge           =     6118    12236    18354
 longest  edge in lambda              =      0.1586
 shortest edge in lambda              =      0.0075
 average  edge in lambda              =      0.1058
 largest  patch area in sq lambda     =      0.0085
 smallest patch area in sq lambda     =      0.0000
 ave    surface area in sq lambda     =      0.0048
 size range of the object in sq lambda =      7.7934

 #### MLFMA Info For Each Region ####
 Mat-Region =            1
 Array dimension parameters:
 maxrule=          14   maxgrid  =          64
 lmax   =           5   ncmax    =        1250
 lsmax  =          27   lsmin    =           7
 kpm    =        1462   kp0      =         102
 ntlm   =      217096   nsm      =      232158
 nkpm   =        2284   niplm    =      146176
 ngnearm=       14257   ngsndm   =       64634
 nearm  =         333   mfinestm =         119
 ###############################

 CFIE Alpha:  0.50000000000000000     

 Fill MLFMA FI for Mat-Reg:           1
 Begin filltl.f
 fill translation matrix
 Level:            2
 fill shifting matrix
 Level:            3
 fill shifting matrix
 Level:            4
 fill shifting matrix
 Level:            5
 fill shifting matrix
 translator time(s):  0.126000002    
 fill interpolation matrix
 ThetaOrder            8
 PhiOrder            8
 lsl            7
 Filling TL                  Delta_CPU=          0.55 Memory(MB)=        653.98
 Filling sndgrp              Delta_CPU=          0.00 Memory(MB)=        653.98
 Filling VFS                 Delta_CPU=          3.20 Memory(MB)=        653.98

 Fill MLFMA NI for Mat-Reg:           1
 Begin fill sparser part of Nearfield
 Begin fill denser part of Nearfield
 End fill
 Filling Amn                 Delta_CPU=         90.26 Memory(MB)=        653.98


 Now testing preconditioner with
 ipretype =           10
 method = cfie_solve_nfrasspspre_pardiso

  
 NBP>>Begin fill sparser part of Nearfield

116.6493% NBP>>Begin fill denser part of Nearfield

200.1041%
 Begin MLFMA Box-Matrix Based Spar-RAS Prec Constructor
 --- Intel MKL PARDISO --- 
 Memory for iGroup: 1 0 MB
 Total Memory For SparRAS Pre: 0 MB
 --- PARDISO PRECONDITIONER INITIALIZED --- 
 Constructing preconditioner CPU time: 4 s
 
 1101240
 Memory for Iteration:: 16.8036 MB

 Iseg, Ninc_S : 1, 181, 0

 Iseg, Skeleton Angles: 1, 40
 Iseg, Skel-Pk Mem(MB): 1, 314.35

 Iseg, Irank, Idinc : 1, 1, 42
 Thata, Phi : 90.000000, 41.000000
 Maximun iteration: 300
 Number of recycle truncation: 30
 Final matrix dimension:  36708
 Residual error:0.001000
 0  6.317805e-01
 1  3.152611e-01
 2  1.989752e-01
 3  1.275093e-01
 4  8.794907e-02
 5  6.488701e-02
 6  4.874667e-02
 7  3.739045e-02
 8  2.854624e-02
 9  2.158339e-02
 10  1.611512e-02
 11  1.302605e-02
 12  1.035367e-02
 13  8.349057e-03
 14  6.846499e-03
 15  5.531328e-03
 16  4.663797e-03
 17  3.808615e-03
 18  3.159356e-03
 19  2.661652e-03
 20  2.311655e-03
 21  2.019408e-03
 22  1.838736e-03
 23  1.696581e-03
 24  1.591487e-03
 25  1.507632e-03
 26  1.448579e-03
 27  1.400743e-03
 28  1.365551e-03
 29  1.337155e-03
 30  1.310171e-03
 31  1.271431e-03
 32  1.224918e-03
 33  1.155184e-03
 34  1.048146e-03
 35  9.333093e-04
 Iteration CPU time: 8 s
 CFIE residual: 0.000933309

 Iseg, Irank, Idinc : 1, 2, 22
 Thata, Phi : 90.000000, 21.000000
 Maximun iteration: 300
 Number of recycle truncation: 30
 Final matrix dimension:  36708
 Residual error:0.001000
 0  6.273027e-01
 1  2.941519e-01
 2  1.717319e-01
 3  1.144096e-01
 4  7.976473e-02
 5  5.902473e-02
 6  4.485403e-02
 7  3.465300e-02
 8  2.782810e-02
 9  2.232616e-02
 10  1.781782e-02
 11  1.415930e-02
 12  1.157776e-02
 13  9.493222e-03
 14  8.020834e-03
 15  6.434383e-03
 16  5.322285e-03
 17  4.538260e-03
 18  3.782644e-03
 19  3.199628e-03
 20  2.651321e-03
 21  2.157137e-03
 22  1.786599e-03
 23  1.529575e-03
 24  1.312545e-03
 25  1.141678e-03
 26  9.993674e-04
 Iteration CPU time: 6 s
 CFIE residual: 0.000999367

 Iseg, Irank, Idinc : 1, 3, 109
 Thata, Phi : 90.000000, 108.000000
 Maximun iteration: 300
 Number of recycle truncation: 30
 Final matrix dimension:  36708
 Residual error:0.001000
 0  6.234996e-01
 1  3.527124e-01
 2  2.194911e-01
 3  1.500581e-01
 4  1.055306e-01
 5  7.934043e-02
 6  6.094566e-02
 7  4.754878e-02
 8  3.796227e-02
 9  3.007731e-02
 10  2.409005e-02
 11  1.967425e-02
 12  1.587487e-02
 13  1.316719e-02
 14  1.088650e-02
 15  8.845902e-03
 16  7.519383e-03
 17  6.278538e-03
 18  5.254093e-03
 19  4.479749e-03
 20  3.787243e-03
 21  3.199242e-03
 22  2.806106e-03
 23  2.512109e-03
 24  2.316158e-03
 25  2.151963e-03
 26  2.049867e-03
 27  1.964934e-03
 28  1.908816e-03
 29  1.845590e-03
 30  1.779235e-03
 31  1.708218e-03
 32  1.627173e-03
 33  1.512650e-03
 34  1.383623e-03
 35  1.241377e-03
 36  1.088639e-03
 37  9.095377e-04
 Iteration CPU time: 9 s
 CFIE residual: 0.000909538

 Iseg, Irank, Idinc : 1, 4, 63
 Thata, Phi : 90.000000, 62.000000
 Maximun iteration: 300
 Number of recycle truncation: 30
 Final matrix dimension:  36708
 Residual error:0.001000
 0  6.587943e-01
 1  3.572874e-01
 2  2.223856e-01
 3  1.424279e-01
 4  1.010361e-01
 5  7.755749e-02
 6  5.826820e-02
 7  4.625920e-02
 8  3.657244e-02
 9  2.894643e-02
 10  2.232847e-02
 11  1.722389e-02
 12  1.373998e-02
 13  1.093957e-02
 14  8.978853e-03
 15  7.573536e-03
 16  6.204582e-03
 17  5.329322e-03
 18  4.577569e-03
 19  4.085203e-03
 20  3.779212e-03
 21  3.498183e-03
 22  3.263528e-03
 23  3.074227e-03
 24  2.939082e-03
 25  2.848224e-03
 26  2.766779e-03
 27  2.691351e-03
 28  2.614254e-03
 29  2.515669e-03
 30  2.358581e-03
 31  2.193141e-03
 32  1.956541e-03
 33  1.732112e-03
 34  1.487902e-03
 35  1.251720e-03
 36  1.059735e-03
 37  8.728629e-04
 Iteration CPU time: 8 s
 CFIE residual: 0.000872863

 Iseg, Irank, Idinc : 1, 5, 147
 Thata, Phi : 90.000000, 146.000000
 Maximun iteration: 300
 Number of recycle truncation: 30
 Final matrix dimension:  36708
 Residual error:0.001000
 0  6.558661e-01
 1  3.455542e-01
 2  2.104779e-01
 3  1.412565e-01
 4  1.017649e-01
 5  7.732188e-02
 6  6.051895e-02
 7  4.743498e-02
 8  3.937385e-02
 9  3.387878e-02
 10  2.868947e-02
 11  2.459342e-02
 12  2.112637e-02
 13  1.773157e-02
 14  1.467523e-02
 15  1.227677e-02
 16  1.016217e-02
 17  8.402833e-03
 18  6.773717e-03
 19  5.614065e-03
 20  4.559053e-03
 21  3.780874e-03
 22  3.228032e-03
 23  2.753886e-03
 24  2.380752e-03
 25  2.032187e-03
 26  1.788452e-03
 27  1.608445e-03
 28  1.482686e-03
 29  1.400976e-03
 30  1.343730e-03
 31  1.306499e-03
 32  1.275748e-03
 33  1.241288e-03
 34  1.200217e-03
 35  1.138449e-03
 36  1.055992e-03
 37  9.585789e-04
 Iteration CPU time: 9 s
 CFIE residual: 0.000958579

 Iseg, Irank, Idinc : 1, 6, 136
 Thata, Phi : 90.000000, 135.000000
 Maximun iteration: 300
 Number of recycle truncation: 30
 Final matrix dimension:  36708
 Residual error:0.001000
 0  6.987441e-01
 1  3.521380e-01
 2  2.194978e-01
 3  1.486184e-01
 4  1.076918e-01
 5  8.092265e-02
 6  6.120549e-02
 7  4.832800e-02
 8  3.859002e-02
 9  3.235999e-02
 10  2.606210e-02
 11  2.127881e-02
 12  1.733463e-02
 13  1.438565e-02
 14  1.183072e-02
 15  9.652904e-03
 16  7.947416e-03
 17  6.604919e-03
 18  5.487550e-03
 19  4.606423e-03
 20  3.861307e-03
 21  3.393249e-03
 22  2.973390e-03
 23  2.649677e-03
 24  2.398558e-03
 25  2.214977e-03
 26  2.069514e-03
 27  1.962140e-03
 28  1.878132e-03
 29  1.809776e-03
 30  1.741089e-03
 31  1.693503e-03
 32  1.645678e-03
 33  1.596906e-03
 34  1.537373e-03
 35  1.456763e-03
 36  1.359157e-03
 37  1.226293e-03
 38  1.076741e-03
 39  9.103752e-04
 Iteration CPU time: 8 s
 CFIE residual: 0.000910375

 Iseg, Irank, Idinc : 1, 7, 83
 Thata, Phi : 90.000000, 82.000000
 Maximun iteration: 300
 Number of recycle truncation: 30
 Final matrix dimension:  36708
 Residual error:0.001000
 0  6.122332e-01
 1  3.494292e-01
 2  2.238992e-01
 3  1.499814e-01
 4  1.092000e-01
 5  8.330491e-02
 6  6.389717e-02
 7  5.052604e-02
 8  4.080785e-02
 9  3.170327e-02
 10  2.497523e-02
 11  2.019330e-02
 12  1.664275e-02
 13  1.351621e-02
 14  1.130690e-02
 15  9.244225e-03
 16  7.754273e-03
 17  6.600865e-03
 18  5.667991e-03
 19  4.918490e-03
 20  4.326852e-03
 21  3.903693e-03
 22  3.596194e-03
 23  3.372465e-03
 24  3.215654e-03
 25  3.108234e-03
 26  3.015251e-03
 27  2.925456e-03
 28  2.852266e-03
 29  2.760966e-03
 30  2.649534e-03
 31  2.506643e-03
 32  2.345895e-03
 33  2.153166e-03
 34  1.882407e-03
 35  1.624296e-03
 36  1.397582e-03
 37  1.202299e-03
 38  1.014598e-03
 39  8.255061e-04
 Iteration CPU time: 8 s
 CFIE residual: 0.000825506

 Iseg, Irank, Idinc : 1, 8, 72
 Thata, Phi : 90.000000, 71.000000
 Maximun iteration: 300
 Number of recycle truncation: 30
 Final matrix dimension:  36708
 Residual error:0.001000
 0  6.382572e-01
 1  3.643378e-01
 2  2.355473e-01
 3  1.480482e-01
 4  1.037470e-01
 5  8.108791e-02
 6  6.249029e-02
 7  4.820734e-02
 8  3.828356e-02
 9  3.098219e-02
 10  2.494861e-02
 11  1.978396e-02
 12  1.562020e-02
 13  1.266927e-02
 14  1.042259e-02
 15  8.670265e-03
 16  7.295225e-03
 17  6.262487e-03
 18  5.405232e-03
 19  4.826964e-03
 20  4.392404e-03
 21  3.995317e-03
 22  3.718079e-03
 23  3.475840e-03
 24  3.312375e-03
 25  3.205730e-03
 26  3.122323e-03
 27  3.053828e-03
 28  2.969438e-03
 29  2.854500e-03
 30  2.698490e-03
 31  2.506122e-03
 32  2.273922e-03
 33  2.017920e-03
 34  1.747953e-03
 35  1.500044e-03
 36  1.274938e-03
 37  1.070027e-03
 38  8.627354e-04
 Iteration CPU time: 9 s
 CFIE residual: 0.000862735

 Iseg, Irank, Idinc : 1, 9, 159
 Thata, Phi : 90.000000, 158.000000
 Maximun iteration: 300
 Number of recycle truncation: 30
 Final matrix dimension:  36708
 Residual error:0.001000
 0  6.189562e-01
 1  3.148600e-01
 2  1.918949e-01
 3  1.297177e-01
 4  9.770646e-02
 5  7.759861e-02
 6  6.230251e-02
 7  5.091240e-02
 8  4.267278e-02
 9  3.658773e-02
 10  3.139404e-02
 11  2.712370e-02
 12  2.326032e-02
 13  1.978688e-02
 14  1.617481e-02
 15  1.371472e-02
 16  1.145056e-02
 17  9.381666e-03
 18  7.746967e-03
 19  6.442231e-03
 20  5.288321e-03
 21  4.314021e-03
 22  3.546208e-03
 23  2.957285e-03
 24  2.415852e-03
 25  2.009858e-03
 26  1.631125e-03
 27  1.404252e-03
 28  1.211347e-03
 29  1.082513e-03
 30  9.949259e-04
 Iteration CPU time: 7 s
 CFIE residual: 0.000994926

 Iseg, Irank, Idinc : 1, 10, 124
 Thata, Phi : 90.000000, 123.000000
 Maximun iteration: 300
 Number of recycle truncation: 30
 Final matrix dimension:  36708
 Residual error:0.001000
 0  6.553074e-01
 1  3.416194e-01
 2  2.222800e-01
 3  1.565700e-01
 4  1.124283e-01
 5  8.262316e-02
 6  6.525238e-02
 7  5.093763e-02
 8  4.046301e-02
 9  3.263920e-02
 10  2.532760e-02
 11  2.047355e-02
 12  1.587703e-02
 13  1.268684e-02
 14  1.032793e-02
 15  8.528099e-03
 16  7.280638e-03
 17  6.151205e-03
 18  4.999046e-03
 19  4.259957e-03
 20  3.706399e-03
 21  3.159798e-03
 22  2.806906e-03
 23  2.489987e-03
 24  2.225074e-03
 25  1.987438e-03
 26  1.842461e-03
 27  1.710879e-03
 28  1.605056e-03
 29  1.528229e-03
 30  1.461740e-03
 31  1.411569e-03
 32  1.371970e-03
 33  1.338106e-03
 34  1.295020e-03
 35  1.243375e-03
 36  1.183452e-03
 37  1.087341e-03
 38  9.675910e-04
 Iteration CPU time: 9 s
 CFIE residual: 0.000967591

 Iseg, Irank, Idinc : 1, 11, 53
 Thata, Phi : 90.000000, 52.000000
 Maximun iteration: 300
 Number of recycle truncation: 30
 Final matrix dimension:  36708
 Residual error:0.001000
 0  6.532581e-01
 1  3.430970e-01
 2  2.101968e-01
 3  1.348314e-01
 4  9.633594e-02
 5  7.309472e-02
 6  5.652745e-02
 7  4.371540e-02
 8  3.333090e-02
 9  2.559923e-02
 10  1.973150e-02
 11  1.532623e-02
 12  1.197320e-02
 13  9.446785e-03
 14  7.792910e-03
 15  6.415855e-03
 16  5.268884e-03
 17  4.327621e-03
 18  3.679339e-03
 19  3.156268e-03
 20  2.809316e-03
 21  2.599046e-03
 22  2.452069e-03
 23  2.312702e-03
 24  2.210689e-03
 25  2.143093e-03
 26  2.097542e-03
 27  2.038162e-03
 28  1.985260e-03
 29  1.916997e-03
 30  1.828128e-03
 31  1.678888e-03
 32  1.511810e-03
 33  1.359946e-03
 34  1.198844e-03
 35  1.037815e-03
 36  8.760214e-04
 Iteration CPU time: 8 s
 CFIE residual: 0.000876021

 Iseg, Irank, Idinc : 1, 12, 91
 Thata, Phi : 90.000000, 90.000000
 Maximun iteration: 300
 Number of recycle truncation: 30
 Final matrix dimension:  36708
 Residual error:0.001000
 0  6.050573e-01
 1  3.468411e-01
 2  2.203734e-01
 3  1.501921e-01
 4  1.073413e-01
 5  8.206670e-02
 6  6.380170e-02
 7  5.011577e-02
 8  4.051139e-02
 9  3.229611e-02
 10  2.601585e-02
 11  2.120367e-02
 12  1.756376e-02
 13  1.489744e-02
 14  1.245528e-02
 15  1.003214e-02
 16  8.374336e-03
 17  7.003236e-03
 18  5.932920e-03
 19  5.096850e-03
 20  4.424705e-03
 21  3.896709e-03
 22  3.534099e-03
 23  3.282552e-03
 24  3.084056e-03
 25  2.937626e-03
 26  2.817024e-03
 27  2.720318e-03
 28  2.639961e-03
 29  2.550395e-03
 30  2.459696e-03
 31  2.343412e-03
 32  2.224871e-03
 33  2.064314e-03
 34  1.867456e-03
 35  1.669653e-03
 36  1.456779e-03
 37  1.229233e-03
 38  1.017801e-03
 39  8.064012e-04
 Iteration CPU time: 8 s
 CFIE residual: 0.000806401

 Iseg, Irank, Idinc : 1, 13, 176
 Thata, Phi : 90.000000, 175.000000
 Maximun iteration: 300
 Number of recycle truncation: 30
 Final matrix dimension:  36708
 Residual error:0.001000
 0  5.843272e-01
 1  2.990286e-01
 2  1.867925e-01
 3  1.321639e-01
 4  1.022696e-01
 5  8.129841e-02
 6  6.531824e-02
 7  5.510786e-02
 8  4.561403e-02
 9  3.710128e-02
 10  3.092284e-02
 11  2.571029e-02
 12  2.108222e-02
 13  1.778929e-02
 14  1.461115e-02
 15  1.187131e-02
 16  9.741384e-03
 17  7.987469e-03
 18  6.546573e-03
 19  5.440064e-03
 20  4.469943e-03
 21  3.784503e-03
 22  3.167021e-03
 23  2.682233e-03
 24  2.283727e-03
 25  1.938556e-03
 26  1.651278e-03
 27  1.424427e-03
 28  1.234403e-03
 29  1.080182e-03
 30  9.790945e-04
 Iteration CPU time: 6 s
 CFIE residual: 0.000979095

 Iseg, Irank, Idinc : 1, 14, 32
 Thata, Phi : 90.000000, 31.000000
 Maximun iteration: 300
 Number of recycle truncation: 30
 Final matrix dimension:  36708
 Residual error:0.001000
 0  6.327209e-01
 1  3.070178e-01
 2  1.816678e-01
 3  1.136087e-01
 4  8.001015e-02
 5  5.880262e-02
 6  4.318050e-02
 7  3.288030e-02
 8  2.587473e-02
 9  2.038226e-02
 10  1.638688e-02
 11  1.347042e-02
 12  1.056953e-02
 13  8.662537e-03
 14  7.168914e-03
 15  5.753714e-03
 16  4.755091e-03
 17  3.956191e-03
 18  3.283044e-03
 19  2.827392e-03
 20  2.381058e-03
 21  2.024977e-03
 22  1.717673e-03
 23  1.518441e-03
 24  1.336448e-03
 25  1.209286e-03
 26  1.104242e-03
 27  1.023794e-03
 28  9.644895e-04
 Iteration CPU time: 6 s
 CFIE residual: 0.000964489

 Iseg, Irank, Idinc : 1, 15, 10
 Thata, Phi : 90.000000, 9.000000
 Maximun iteration: 300
 Number of recycle truncation: 30
 Final matrix dimension:  36708
 Residual error:0.001000
 0  5.489313e-01
 1  2.782633e-01
 2  1.761143e-01
 3  1.236958e-01
 4  8.991617e-02
 5  6.687889e-02
 6  5.095240e-02
 7  3.955851e-02
 8  3.106394e-02
 9  2.418375e-02
 10  1.894925e-02
 11  1.506254e-02
 12  1.220044e-02
 13  9.941733e-03
 14  8.024017e-03
 15  6.328269e-03
 16  5.288776e-03
 17  4.451866e-03
 18  3.754586e-03
 19  3.196284e-03
 20  2.745753e-03
 21  2.321912e-03
 22  1.938024e-03
 23  1.643367e-03
 24  1.422167e-03
 25  1.213452e-03
 26  1.062415e-03
 27  9.041661e-04
 Iteration CPU time: 6 s
 CFIE residual: 0.000904166

 Iseg, Irank, Idinc : 1, 16, 100
 Thata, Phi : 90.000000, 99.000000
 Maximun iteration: 300
 Number of recycle truncation: 30
 Final matrix dimension:  36708
 Residual error:0.001000
 0  6.089188e-01
 1  3.450844e-01
 2  2.167446e-01
 3  1.466240e-01
 4  1.049056e-01
 5  7.885680e-02
 6  6.055466e-02
 7  4.826176e-02
 8  3.813061e-02
 9  3.094267e-02
 10  2.532409e-02
 11  2.069250e-02
 12  1.696340e-02
 13  1.404179e-02
 14  1.180211e-02
 15  9.869576e-03
 16  8.275470e-03
 17  6.979653e-03
 18  5.824416e-03
 19  4.908123e-03
 20  4.149442e-03
 21  3.565430e-03
 22  3.180540e-03
 23  2.900661e-03
 24  2.666755e-03
 25  2.535094e-03
 26  2.420637e-03
 27  2.328087e-03
 28  2.247971e-03
 29  2.191195e-03
 30  2.129517e-03
 31  2.060792e-03
 32  1.956335e-03
 33  1.829742e-03
 34  1.667859e-03
 35  1.492409e-03
 36  1.320272e-03
 37  1.133697e-03
 38  9.507957e-04
 Iteration CPU time: 9 s
 CFIE residual: 0.000950796

 Iseg, Irank, Idinc : 1, 17, 116
 Thata, Phi : 90.000000, 115.000000
 Maximun iteration: 300
 Number of recycle truncation: 30
 Final matrix dimension:  36708
 Residual error:0.001000
 0  6.447279e-01
 1  3.484615e-01
 2  2.175094e-01
 3  1.517205e-01
 4  1.084873e-01
 5  7.923598e-02
 6  6.137144e-02
 7  4.801127e-02
 8  3.783459e-02
 9  3.006988e-02
 10  2.409664e-02
 11  1.898945e-02
 12  1.523418e-02
 13  1.253171e-02
 14  1.029220e-02
 15  8.545007e-03
 16  7.122067e-03
 17  5.905678e-03
 18  4.881906e-03
 19  4.174341e-03
 20  3.573148e-03
 21  3.075781e-03
 22  2.730436e-03
 23  2.418573e-03
 24  2.214211e-03
 25  2.015551e-03
 26  1.898282e-03
 27  1.803702e-03
 28  1.733991e-03
 29  1.676415e-03
 30  1.630432e-03
 31  1.582836e-03
 32  1.527679e-03
 33  1.467983e-03
 34  1.374240e-03
 35  1.257542e-03
 36  1.124592e-03
 37  9.713560e-04
 Iteration CPU time: 8 s
 CFIE residual: 0.000971356

 Iseg, Irank, Idinc : 1, 18, 1
 Thata, Phi : 90.000000, 0.000000
 Maximun iteration: 300
 Number of recycle truncation: 30
 Final matrix dimension:  36708
 Residual error:0.001000
 0  5.184619e-01
 1  2.723098e-01
 2  1.761295e-01
 3  1.212720e-01
 4  8.676561e-02
 5  6.638770e-02
 6  5.151729e-02
 7  3.802493e-02
 8  2.883912e-02
 9  2.291636e-02
 10  1.868076e-02
 11  1.494283e-02
 12  1.129257e-02
 13  9.133627e-03
 14  7.344746e-03
 15  6.047917e-03
 16  4.945940e-03
 17  4.198163e-03
 18  3.542753e-03
 19  3.044451e-03
 20  2.592511e-03
 21  2.184477e-03
 22  1.820383e-03
 23  1.490853e-03
 24  1.200316e-03
 25  9.794750e-04
 Iteration CPU time: 6 s
 CFIE residual: 0.000979475

 Iseg, Irank, Idinc : 1, 19, 167
 Thata, Phi : 90.000000, 166.000000
 Maximun iteration: 300
 Number of recycle truncation: 30
 Final matrix dimension:  36708
 Residual error:0.001000
 0  5.927566e-01
 1  3.014131e-01
 2  1.864141e-01
 3  1.311997e-01
 4  1.014487e-01
 5  8.065491e-02
 6  6.520187e-02
 7  5.449950e-02
 8  4.549783e-02
 9  3.853815e-02
 10  3.252918e-02
 11  2.749113e-02
 12  2.391508e-02
 13  2.057216e-02
 14  1.698088e-02
 15  1.415791e-02
 16  1.183064e-02
 17  9.855093e-03
 18  8.134174e-03
 19  6.667227e-03
 20  5.362142e-03
 21  4.449358e-03
 22  3.710024e-03
 23  3.107960e-03
 24  2.565751e-03
 25  2.127093e-03
 26  1.763160e-03
 27  1.506694e-03
 28  1.294386e-03
 29  1.138334e-03
 30  1.020316e-03
 31  9.364605e-04
 Iteration CPU time: 7 s
 CFIE residual: 0.000936461

 Iseg, Irank, Idinc : 1, 20, 181
 Thata, Phi : 90.000000, 180.000000
 Maximun iteration: 300
 Number of recycle truncation: 30
 Final matrix dimension:  36708
 Residual error:0.001000
 0  5.838069e-01
 1  2.990312e-01
 2  1.863177e-01
 3  1.313653e-01
 4  1.008552e-01
 5  7.973155e-02
 6  6.422036e-02
 7  5.407894e-02
 8  4.473959e-02
 9  3.602447e-02
 10  2.888216e-02
 11  2.356853e-02
 12  1.895538e-02
 13  1.545091e-02
 14  1.226015e-02
 15  9.651845e-03
 16  7.654101e-03
 17  6.230284e-03
 18  5.205783e-03
 19  4.312195e-03
 20  3.593933e-03
 21  3.018474e-03
 22  2.498220e-03
 23  2.077238e-03
 24  1.755118e-03
 25  1.477013e-03
 26  1.251770e-03
 27  1.072288e-03
 28  9.163056e-04
 Iteration CPU time: 7 s
 CFIE residual: 0.000916306

 Iseg, Irank, Idinc : 1, 21, 153
 Thata, Phi : 90.000000, 152.000000
 Maximun iteration: 300
 Number of recycle truncation: 30
 Final matrix dimension:  36708
 Residual error:0.001000
 0  6.356835e-01
 1  3.297239e-01
 2  2.027977e-01
 3  1.344864e-01
 4  9.901900e-02
 5  7.737390e-02
 6  6.060225e-02
 7  4.881215e-02
 8  4.049832e-02
 9  3.432793e-02
 10  2.919961e-02
 11  2.492875e-02
 12  2.154693e-02
 13  1.832649e-02
 14  1.490575e-02
 15  1.243316e-02
 16  1.040800e-02
 17  8.642456e-03
 18  7.139829e-03
 19  6.015798e-03
 20  4.967606e-03
 21  4.090483e-03
 22  3.319441e-03
 23  2.799896e-03
 24  2.275454e-03
 25  1.900686e-03
 26  1.582991e-03
 27  1.389849e-03
 28  1.225022e-03
 29  1.117376e-03
 30  1.051707e-03
 31  9.965616e-04
 Iteration CPU time: 7 s
 CFIE residual: 0.000996562

 Iseg, Irank, Idinc : 1, 22, 78
 Thata, Phi : 90.000000, 77.000000
 Maximun iteration: 300
 Number of recycle truncation: 30
 Final matrix dimension:  36708
 Residual error:0.001000
 0  6.189992e-01
 1  3.553247e-01
 2  2.296988e-01
 3  1.475899e-01
 4  1.050539e-01
 5  7.959832e-02
 6  6.218942e-02
 7  4.852724e-02
 8  3.878138e-02
 9  3.069177e-02
 10  2.450182e-02
 11  1.932554e-02
 12  1.569566e-02
 13  1.290469e-02
 14  1.094519e-02
 15  9.126862e-03
 16  7.698083e-03
 17  6.530642e-03
 18  5.696496e-03
 19  5.048620e-03
 20  4.512746e-03
 21  4.074661e-03
 22  3.759754e-03
 23  3.489404e-03
 24  3.301713e-03
 25  3.188801e-03
 26  3.098593e-03
 27  3.023307e-03
 28  2.951866e-03
 29  2.861221e-03
 30  2.739445e-03
 31  2.565662e-03
 32  2.374338e-03
 33  2.174064e-03
 34  1.907141e-03
 35  1.646779e-03
 36  1.416197e-03
 37  1.199360e-03
 38  9.817432e-04
 Iteration CPU time: 9 s
 CFIE residual: 0.000981743

 Iseg, Irank, Idinc : 1, 23, 16
 Thata, Phi : 90.000000, 15.000000
 Maximun iteration: 300
 Number of recycle truncation: 30
 Final matrix dimension:  36708
 Residual error:0.001000
 0  5.891539e-01
 1  2.857245e-01
 2  1.748299e-01
 3  1.203026e-01
 4  8.578881e-02
 5  6.364091e-02
 6  4.942212e-02
 7  3.816856e-02
 8  3.003355e-02
 9  2.420600e-02
 10  1.923363e-02
 11  1.507381e-02
 12  1.196483e-02
 13  9.675375e-03
 14  8.095563e-03
 15  6.457645e-03
 16  5.325238e-03
 17  4.518804e-03
 18  3.814372e-03
 19  3.239747e-03
 20  2.690448e-03
 21  2.225261e-03
 22  1.862034e-03
 23  1.573741e-03
 24  1.363437e-03
 25  1.170362e-03
 26  1.023590e-03
 27  8.794915e-04
 Iteration CPU time: 6 s
 CFIE residual: 0.000879492

 Iseg, Irank, Idinc : 1, 24, 130
 Thata, Phi : 90.000000, 129.000000
 Maximun iteration: 300
 Number of recycle truncation: 30
 Final matrix dimension:  36708
 Residual error:0.001000
 0  6.751316e-01
 1  3.511287e-01
 2  2.243550e-01
 3  1.536176e-01
 4  1.106911e-01
 5  8.217970e-02
 6  6.369583e-02
 7  5.018767e-02
 8  3.950493e-02
 9  3.211705e-02
 10  2.588035e-02
 11  2.053959e-02
 12  1.608115e-02
 13  1.294231e-02
 14  1.050924e-02
 15  8.588739e-03
 16  7.148437e-03
 17  5.811691e-03
 18  4.831022e-03
 19  4.144669e-03
 20  3.497495e-03
 21  3.011994e-03
 22  2.674010e-03
 23  2.364465e-03
 24  2.128025e-03
 25  1.949411e-03
 26  1.828491e-03
 27  1.735784e-03
 28  1.652960e-03
 29  1.583646e-03
 30  1.524261e-03
 31  1.483137e-03
 32  1.448425e-03
 33  1.404631e-03
 34  1.351251e-03
 35  1.281570e-03
 36  1.186971e-03
 37  1.066946e-03
 38  9.334205e-04
 Iteration CPU time: 9 s
 CFIE residual: 0.00093342

 Iseg, Irank, Idinc : 1, 25, 48
 Thata, Phi : 90.000000, 47.000000
 Maximun iteration: 300
 Number of recycle truncation: 30
 Final matrix dimension:  36708
 Residual error:0.001000
 0  6.414187e-01
 1  3.310416e-01
 2  2.049572e-01
 3  1.338066e-01
 4  9.570913e-02
 5  7.306724e-02
 6  5.544000e-02
 7  4.235689e-02
 8  3.250043e-02
 9  2.470116e-02
 10  1.865630e-02
 11  1.457085e-02
 12  1.147784e-02
 13  9.316363e-03
 14  7.633800e-03
 15  6.261506e-03
 16  5.134687e-03
 17  4.214998e-03
 18  3.512564e-03
 19  2.974618e-03
 20  2.613798e-03
 21  2.374236e-03
 22  2.217846e-03
 23  2.065210e-03
 24  1.963766e-03
 25  1.880870e-03
 26  1.832951e-03
 27  1.789469e-03
 28  1.747245e-03
 29  1.706059e-03
 30  1.648658e-03
 31  1.553827e-03
 32  1.464251e-03
 33  1.337228e-03
 34  1.185069e-03
 35  1.026928e-03
 36  8.577690e-04
 Iteration CPU time: 8 s
 CFIE residual: 0.000857769

 Iseg, Irank, Idinc : 1, 26, 5
 Thata, Phi : 90.000000, 4.000000
 Maximun iteration: 300
 Number of recycle truncation: 30
 Final matrix dimension:  36708
 Residual error:0.001000
 0  5.250944e-01
 1  2.737066e-01
 2  1.760502e-01
 3  1.221880e-01
 4  8.810808e-02
 5  6.662542e-02
 6  5.100144e-02
 7  3.791983e-02
 8  2.931693e-02
 9  2.339536e-02
 10  1.871351e-02
 11  1.494017e-02
 12  1.176492e-02
 13  9.595571e-03
 14  7.850791e-03
 15  6.299004e-03
 16  5.250416e-03
 17  4.462714e-03
 18  3.720463e-03
 19  3.178126e-03
 20  2.743207e-03
 21  2.362074e-03
 22  1.985053e-03
 23  1.636448e-03
 24  1.378403e-03
 25  1.165021e-03
 26  9.853826e-04
 Iteration CPU time: 6 s
 CFIE residual: 0.000985383

 Iseg, Irank, Idinc : 1, 27, 172
 Thata, Phi : 90.000000, 171.000000
 Maximun iteration: 300
 Number of recycle truncation: 30
 Final matrix dimension:  36708
 Residual error:0.001000
 0  5.859432e-01
 1  2.992302e-01
 2  1.871661e-01
 3  1.327285e-01
 4  1.031566e-01
 5  8.213391e-02
 6  6.599861e-02
 7  5.579364e-02
 8  4.630902e-02
 9  3.828077e-02
 10  3.218379e-02
 11  2.730052e-02
 12  2.294843e-02
 13  1.948405e-02
 14  1.623977e-02
 15  1.346443e-02
 16  1.117408e-02
 17  9.176620e-03
 18  7.504674e-03
 19  6.221139e-03
 20  5.048788e-03
 21  4.229958e-03
 22  3.564436e-03
 23  3.015267e-03
 24  2.523002e-03
 25  2.115709e-03
 26  1.790599e-03
 27  1.539135e-03
 28  1.328710e-03
 29  1.165271e-03
 30  1.046657e-03
 31  9.503688e-04
 Iteration CPU time: 8 s
 CFIE residual: 0.000950369

 Iseg, Irank, Idinc : 1, 28, 96
 Thata, Phi : 90.000000, 95.000000
 Maximun iteration: 300
 Number of recycle truncation: 30
 Final matrix dimension:  36708
 Residual error:0.001000
 0  6.056200e-01
 1  3.451163e-01
 2  2.178853e-01
 3  1.457653e-01
 4  1.042474e-01
 5  7.946948e-02
 6  6.253635e-02
 7  4.945963e-02
 8  3.911453e-02
 9  3.094534e-02
 10  2.518379e-02
 11  2.065907e-02
 12  1.688955e-02
 13  1.418366e-02
 14  1.184494e-02
 15  9.850443e-03
 16  8.311149e-03
 17  7.025599e-03
 18  5.968777e-03
 19  4.983277e-03
 20  4.244086e-03
 21  3.683033e-03
 22  3.307438e-03
 23  3.037394e-03
 24  2.845420e-03
 25  2.710142e-03
 26  2.586349e-03
 27  2.495893e-03
 28  2.429882e-03
 29  2.359260e-03
 30  2.277051e-03
 31  2.178324e-03
 32  2.063547e-03
 33  1.923488e-03
 34  1.757291e-03
 35  1.604346e-03
 36  1.400183e-03
 37  1.209650e-03
 38  1.013465e-03
 39  8.078862e-04
 Iteration CPU time: 8 s
 CFIE residual: 0.000807886

 Iseg, Irank, Idinc : 1, 29, 27
 Thata, Phi : 90.000000, 26.000000
 Maximun iteration: 300
 Number of recycle truncation: 30
 Final matrix dimension:  36708
 Residual error:0.001000
 0  6.410579e-01
 1  3.003408e-01
 2  1.734714e-01
 3  1.115128e-01
 4  7.755496e-02
 5  5.722234e-02
 6  4.243022e-02
 7  3.236852e-02
 8  2.596216e-02
 9  2.100187e-02
 10  1.744224e-02
 11  1.409516e-02
 12  1.112205e-02
 13  9.211212e-03
 14  7.740699e-03
 15  6.203452e-03
 16  5.199336e-03
 17  4.331834e-03
 18  3.587689e-03
 19  3.100025e-03
 20  2.575318e-03
 21  2.112330e-03
 22  1.764520e-03
 23  1.529559e-03
 24  1.310613e-03
 25  1.158646e-03
 26  1.029200e-03
 27  9.323138e-04
 Iteration CPU time: 6 s
 CFIE residual: 0.000932314

 Iseg, Irank, Idinc : 1, 30, 142
 Thata, Phi : 90.000000, 141.000000
 Maximun iteration: 300
 Number of recycle truncation: 30
 Final matrix dimension:  36708
 Residual error:0.001000
 0  6.856538e-01
 1  3.499160e-01
 2  2.118471e-01
 3  1.439163e-01
 4  1.050358e-01
 5  7.852974e-02
 6  6.074879e-02
 7  4.754815e-02
 8  3.879231e-02
 9  3.311422e-02
 10  2.768709e-02
 11  2.349995e-02
 12  1.967999e-02
 13  1.638793e-02
 14  1.368747e-02
 15  1.119396e-02
 16  9.274907e-03
 17  7.673393e-03
 18  6.381497e-03
 19  5.205973e-03
 20  4.250874e-03
 21  3.602708e-03
 22  3.121170e-03
 23  2.749686e-03
 24  2.469153e-03
 25  2.214000e-03
 26  2.021645e-03
 27  1.891923e-03
 28  1.789737e-03
 29  1.718313e-03
 30  1.660253e-03
 31  1.623398e-03
 32  1.580140e-03
 33  1.530434e-03
 34  1.461367e-03
 35  1.369864e-03
 36  1.271441e-03
 37  1.133068e-03
 38  9.903401e-04
 Iteration CPU time: 8 s
 CFIE residual: 0.00099034

 Iseg, Irank, Idinc : 1, 31, 59
 Thata, Phi : 90.000000, 58.000000
 Maximun iteration: 300
 Number of recycle truncation: 30
 Final matrix dimension:  36708
 Residual error:0.001000
 0  6.607672e-01
 1  3.483761e-01
 2  2.138567e-01
 3  1.345070e-01
 4  9.633533e-02
 5  7.282595e-02
 6  5.529067e-02
 7  4.333555e-02
 8  3.371844e-02
 9  2.664277e-02
 10  2.074533e-02
 11  1.589589e-02
 12  1.244716e-02
 13  9.760647e-03
 14  8.041664e-03
 15  6.684650e-03
 16  5.603301e-03
 17  4.809249e-03
 18  4.045764e-03
 19  3.633277e-03
 20  3.317069e-03
 21  3.069408e-03
 22  2.890319e-03
 23  2.734249e-03
 24  2.609200e-03
 25  2.531438e-03
 26  2.463712e-03
 27  2.388618e-03
 28  2.307568e-03
 29  2.223280e-03
 30  2.106349e-03
 31  1.958112e-03
 32  1.742399e-03
 33  1.538057e-03
 34  1.342840e-03
 35  1.126246e-03
 36  9.373135e-04
 Iteration CPU time: 9 s
 CFIE residual: 0.000937313

 Iseg, Irank, Idinc : 1, 32, 179
 Thata, Phi : 90.000000, 178.000000
 Maximun iteration: 300
 Number of recycle truncation: 30
 Final matrix dimension:  36708
 Residual error:0.001000
 0  5.839004e-01
 1  2.990318e-01
 2  1.864062e-01
 3  1.315250e-01
 4  1.011718e-01
 5  8.011535e-02
 6  6.450092e-02
 7  5.433265e-02
 8  4.493777e-02
 9  3.624265e-02
 10  2.944184e-02
 11  2.422553e-02
 12  1.964392e-02
 13  1.643409e-02
 14  1.314459e-02
 15  1.056809e-02
 16  8.559013e-03
 17  6.902529e-03
 18  5.719835e-03
 19  4.747183e-03
 20  3.908256e-03
 21  3.316747e-03
 22  2.749481e-03
 23  2.316808e-03
 24  1.974708e-03
 25  1.665260e-03
 26  1.414672e-03
 27  1.223342e-03
 28  1.051788e-03
 29  9.179549e-04
 Iteration CPU time: 6 s
 CFIE residual: 0.000917955

 Iseg, Irank, Idinc : 1, 33, 3
 Thata, Phi : 90.000000, 2.000000
 Maximun iteration: 300
 Number of recycle truncation: 30
 Final matrix dimension:  36708
 Residual error:0.001000
 0  5.201621e-01
 1  2.726785e-01
 2  1.761092e-01
 3  1.215344e-01
 4  8.717719e-02
 5  6.649099e-02
 6  5.135928e-02
 7  3.794735e-02
 8  2.887895e-02
 9  2.306199e-02
 10  1.875033e-02
 11  1.498350e-02
 12  1.151898e-02
 13  9.261473e-03
 14  7.527583e-03
 15  6.158355e-03
 16  5.046147e-03
 17  4.328510e-03
 18  3.632116e-03
 19  3.132092e-03
 20  2.697123e-03
 21  2.315479e-03
 22  1.952466e-03
 23  1.611621e-03
 24  1.338177e-03
 25  1.112238e-03
 26  9.264698e-04
 Iteration CPU time: 7 s
 CFIE residual: 0.00092647

 Iseg, Irank, Idinc : 1, 34, 105
 Thata, Phi : 90.000000, 104.000000
 Maximun iteration: 300
 Number of recycle truncation: 30
 Final matrix dimension:  36708
 Residual error:0.001000
 0  6.133651e-01
 1  3.491045e-01
 2  2.172995e-01
 3  1.487606e-01
 4  1.049366e-01
 5  7.903760e-02
 6  6.039996e-02
 7  4.758500e-02
 8  3.816252e-02
 9  3.068673e-02
 10  2.479682e-02
 11  2.047118e-02
 12  1.644750e-02
 13  1.361460e-02
 14  1.127654e-02
 15  9.240669e-03
 16  7.778056e-03
 17  6.545072e-03
 18  5.509039e-03
 19  4.637453e-03
 20  3.888391e-03
 21  3.345163e-03
 22  2.962425e-03
 23  2.689441e-03
 24  2.482601e-03
 25  2.330335e-03
 26  2.209515e-03
 27  2.123884e-03
 28  2.053238e-03
 29  1.993472e-03
 30  1.928011e-03
 31  1.856231e-03
 32  1.773667e-03
 33  1.661203e-03
 34  1.536482e-03
 35  1.380660e-03
 36  1.214619e-03
 37  1.035529e-03
 38  8.773965e-04
 Iteration CPU time: 8 s
 CFIE residual: 0.000877396

 Iseg, Irank, Idinc : 1, 35, 37
 Thata, Phi : 90.000000, 36.000000
 Maximun iteration: 300
 Number of recycle truncation: 30
 Final matrix dimension:  36708
 Residual error:0.001000
 0  6.239083e-01
 1  3.121924e-01
 2  1.914489e-01
 3  1.208896e-01
 4  8.355913e-02
 5  6.124183e-02
 6  4.524062e-02
 7  3.449647e-02
 8  2.682596e-02
 9  2.071778e-02
 10  1.603563e-02
 11  1.310103e-02
 12  1.036787e-02
 13  8.487042e-03
 14  6.881737e-03
 15  5.501514e-03
 16  4.585543e-03
 17  3.780261e-03
 18  3.144592e-03
 19  2.670176e-03
 20  2.273714e-03
 21  1.961027e-03
 22  1.708540e-03
 23  1.546471e-03
 24  1.409204e-03
 25  1.307565e-03
 26  1.225723e-03
 27  1.162689e-03
 28  1.122844e-03
 29  1.090977e-03
 30  1.058765e-03
 31  1.030886e-03
 32  1.005807e-03
 33  9.679472e-04
 Iteration CPU time: 8 s
 CFIE residual: 0.000967947

 Iseg, Irank, Idinc : 1, 36, 163
 Thata, Phi : 90.000000, 162.000000
 Maximun iteration: 300
 Number of recycle truncation: 30
 Final matrix dimension:  36708
 Residual error:0.001000
 0  6.044494e-01
 1  3.066778e-01
 2  1.871493e-01
 3  1.294062e-01
 4  9.874677e-02
 5  7.871088e-02
 6  6.399084e-02
 7  5.234157e-02
 8  4.386675e-02
 9  3.780795e-02
 10  3.261129e-02
 11  2.773895e-02
 12  2.366150e-02
 13  2.039608e-02
 14  1.703698e-02
 15  1.435493e-02
 16  1.183705e-02
 17  9.714733e-03
 18  8.045112e-03
 19  6.699118e-03
 20  5.402318e-03
 21  4.412674e-03
 22  3.655631e-03
 23  3.049024e-03
 24  2.489484e-03
 25  2.068797e-03
 26  1.698544e-03
 27  1.457118e-03
 28  1.251598e-03
 29  1.103885e-03
 30  9.953246e-04
 Iteration CPU time: 7 s
 CFIE residual: 0.000995325

 Iseg, Irank, Idinc : 1, 37, 68
 Thata, Phi : 90.000000, 67.000000
 Maximun iteration: 300
 Number of recycle truncation: 30
 Final matrix dimension:  36708
 Residual error:0.001000
 0  6.504043e-01
 1  3.662223e-01
 2  2.332175e-01
 3  1.491117e-01
 4  1.057757e-01
 5  8.194312e-02
 6  6.179323e-02
 7  4.913965e-02
 8  3.903064e-02
 9  3.104452e-02
 10  2.412420e-02
 11  1.925596e-02
 12  1.531155e-02
 13  1.227615e-02
 14  1.007454e-02
 15  8.344690e-03
 16  6.961076e-03
 17  6.009807e-03
 18  5.159036e-03
 19  4.572873e-03
 20  4.175116e-03
 21  3.841157e-03
 22  3.595976e-03
 23  3.375824e-03
 24  3.223719e-03
 25  3.125414e-03
 26  3.043109e-03
 27  2.975716e-03
 28  2.896008e-03
 29  2.774062e-03
 30  2.584276e-03
 31  2.381692e-03
 32  2.134491e-03
 33  1.889900e-03
 34  1.615080e-03
 35  1.390029e-03
 36  1.167722e-03
 37  9.897322e-04
 Iteration CPU time: 8 s
 CFIE residual: 0.000989732

 Iseg, Irank, Idinc : 1, 38, 120
 Thata, Phi : 90.000000, 119.000000
 Maximun iteration: 300
 Number of recycle truncation: 30
 Final matrix dimension:  36708
 Residual error:0.001000
 0  6.486100e-01
 1  3.440194e-01
 2  2.185973e-01
 3  1.530433e-01
 4  1.090518e-01
 5  8.075161e-02
 6  6.375623e-02
 7  4.952876e-02
 8  3.906300e-02
 9  3.117899e-02
 10  2.508166e-02
 11  1.993233e-02
 12  1.577429e-02
 13  1.268304e-02
 14  1.048775e-02
 15  8.631351e-03
 16  7.222865e-03
 17  6.058569e-03
 18  5.057959e-03
 19  4.259698e-03
 20  3.627335e-03
 21  3.121900e-03
 22  2.747319e-03
 23  2.442602e-03
 24  2.222753e-03
 25  1.994079e-03
 26  1.848333e-03
 27  1.737564e-03
 28  1.649794e-03
 29  1.586303e-03
 30  1.531280e-03
 31  1.491410e-03
 32  1.447213e-03
 33  1.405797e-03
 34  1.344186e-03
 35  1.270029e-03
 36  1.177423e-03
 37  1.034728e-03
 38  8.767595e-04
 Iteration CPU time: 9 s
 CFIE residual: 0.000876759

 Iseg, Irank, Idinc : 1, 39, 13
 Thata, Phi : 90.000000, 12.000000
 Maximun iteration: 300
 Number of recycle truncation: 30
 Final matrix dimension:  36708
 Residual error:0.001000
 0  5.682591e-01
 1  2.817527e-01
 2  1.758571e-01
 3  1.228175e-01
 4  8.888104e-02
 5  6.600450e-02
 6  5.061404e-02
 7  3.920786e-02
 8  3.079867e-02
 9  2.442168e-02
 10  1.916449e-02
 11  1.499664e-02
 12  1.191400e-02
 13  9.760759e-03
 14  8.078933e-03
 15  6.383102e-03
 16  5.252217e-03
 17  4.475288e-03
 18  3.791267e-03
 19  3.232543e-03
 20  2.722074e-03
 21  2.276947e-03
 22  1.904821e-03
 23  1.614916e-03
 24  1.402117e-03
 25  1.201312e-03
 26  1.052237e-03
 27  9.006567e-04
 Iteration CPU time: 6 s
 CFIE residual: 0.000900657

 Iseg, Irank, Idinc : 1, 40, 180
 Thata, Phi : 90.000000, 179.000000
 Maximun iteration: 300
 Number of recycle truncation: 30
 Final matrix dimension:  36708
 Residual error:0.001000
 0  5.838367e-01
 1  2.990324e-01
 2  1.863407e-01
 3  1.314079e-01
 4  1.009440e-01
 5  7.984027e-02
 6  6.430533e-02
 7  5.415613e-02
 8  4.479754e-02
 9  3.608605e-02
 10  2.904815e-02
 11  2.378122e-02
 12  1.920608e-02
 13  1.590770e-02
 14  1.270822e-02
 15  1.017769e-02
 16  8.209489e-03
 17  6.611973e-03
 18  5.479281e-03
 19  4.542166e-03
 20  3.737867e-03
 21  3.151671e-03
 22  2.613439e-03
 23  2.190597e-03
 24  1.863618e-03
 25  1.560252e-03
 26  1.320069e-03
 27  1.143499e-03
 28  9.772155e-04
 Iteration CPU time: 7 s
 CFIE residual: 0.000977215
 Last Built End in Sep 21 2025 00:06:12
 Total CPU time: 322 s
 Finished.
