 Last Built Begin in Sep 21 2025 00:06:12
 Pre-Type( Input ):            8
 Skl-Tol ( Input ):    1.0000000000000000E-002
 Wavelength in freespace: 0.3

 ################################################
 ##         Generating Required Mesh          ##
 ##         Waiting.....                      ##
 ################################################
 Subd No.      Subd Name
    1    sphere1                                                           
 isub,  nnode, npatch,  nedge:
    1       604      1204      1806
 Scale Factor         >>   9.99999978E-03
 ################################################

 START TIME: 20250922   003040.144


 Informaton for IE geometry:
 number of subdomains     : 1
 maxnode,maxpatch,maxedge : 604  1204  1806
 
 Index of Mat-Reg: 1
 Mat-Reg Number via MatFlg: 1
 Edge Number of Mat-Reg: 1, 1806

 Number of Edge on PEC: 0
 Mat-Reg: No Dim(m) Lmax:
    1 0.167    2
 Totlmax, add1, add2:           2           3           4
 rlengmax of Global MLFMA >>   0.16666665673333333     
 Lmax of Global MLFMA >>            2
 Wavenum of Mat-Reg:
    1 1.000

 total area in sq m           =      0.1254
 total area in sq lambda      =      1.3928
 maxnode, maxpatch, maxedge           =      604     1204     1806
 longest  edge in lambda              =      0.0726
 shortest edge in lambda              =      0.0316
 average  edge in lambda              =      0.0518
 largest  patch area in sq lambda     =      0.0019
 smallest patch area in sq lambda     =      0.0006
 ave    surface area in sq lambda     =      0.0012
 size range of the object in sq lambda =      0.6667

 #### MLFMA Info For Each Region ####
 Mat-Region =            1
 Array dimension parameters:
 maxrule=          14   maxgrid  =          64
 lmax   =           2   ncmax    =          65
 lsmax  =           6   lsmin    =           6
 kpm    =          76   kp0      =          76
 ntlm   =       24016   nsm      =        4256
 nkpm   =          76   niplm    =        4864
 ngnearm=         632   ngsndm   =        2504
 nearm  =         413   mfinestm =          43
 ###############################

 CFIE Alpha:  0.50000000000000000     

 Fill MLFMA FI for Mat-Reg:           1
 Begin filltl.f
 fill translation matrix
 Level:            2
 fill shifting matrix
 translator time(s):   2.90000010E-02
 fill interpolation matrix
 Filling TL                  Delta_CPU=          0.12 Memory(MB)=         65.70
 Filling sndgrp              Delta_CPU=          0.00 Memory(MB)=         65.70
 Filling VFS                 Delta_CPU=          0.23 Memory(MB)=         65.70

 Fill MLFMA NI for Mat-Reg:           1
 Begin fill sparser part of Nearfield
 Begin fill denser part of Nearfield
 End fill
 Filling Amn                 Delta_CPU=         12.84 Memory(MB)=         65.70


 Now testing preconditioner with
 ipretype =            8
 method = cfie_solve_nfpre_pardiso

  
 NBP>>Begin fill sparser part of Nearfield
 NBP>>Begin fill denser part of Nearfield

201.7857%
 Begin MLFMA Box-Matrix Based Prec Constructor
 --- Intel MKL PARDISO --- 
  >> Solver Initialized
  >> Proceed to ngrp_box loop
  >> Loop 0 Initialized
 Memory for iGRP: 1 0 MB
 Total Memory For NFB Pre: 0 MB
 --- PARDISO PRECONDITIONER INITIALIZED --- 
 Constructing preconditioner CPU time: 0 s
 
 108360
 Memory for Iteration:: 1.65344 MB

 Iseg, Ninc_S : 1, 181, 0

 Iseg, Skeleton Angles: 1, 8
 Iseg, Skel-Pk Mem(MB): 1, 30.96

 Iseg, Irank, Idinc : 1, 1, 135
 Thata, Phi : 90.000000, 134.000000
 Maximun iteration: 300
 Number of recycle truncation: 30
 Final matrix dimension:  3612
 Residual error:0.010000
 0  2.201922e-01
 1  1.184156e-01
 2  5.040702e-02
 3  2.431751e-02
 4  1.176110e-02
 5  5.617863e-03
 Iteration CPU time: 0 s
 CFIE residual: 0.00561786

 Iseg, Irank, Idinc : 1, 2, 39
 Thata, Phi : 90.000000, 38.000000
 Maximun iteration: 300
 Number of recycle truncation: 30
 Final matrix dimension:  3612
 Residual error:0.010000
 0  2.199974e-01
 1  1.182022e-01
 2  5.101383e-02
 3  2.499903e-02
 4  1.221106e-02
 5  5.967686e-03
 Iteration CPU time: 1 s
 CFIE residual: 0.00596769

 Iseg, Irank, Idinc : 1, 3, 1
 Thata, Phi : 90.000000, 0.000000
 Maximun iteration: 300
 Number of recycle truncation: 30
 Final matrix dimension:  3612
 Residual error:0.010000
 0  2.137966e-01
 1  1.149249e-01
 2  5.179063e-02
 3  2.588632e-02
 4  1.273989e-02
 5  5.864880e-03
 Iteration CPU time: 0 s
 CFIE residual: 0.00586488

 Iseg, Irank, Idinc : 1, 4, 181
 Thata, Phi : 90.000000, 180.000000
 Maximun iteration: 300
 Number of recycle truncation: 30
 Final matrix dimension:  3612
 Residual error:0.010000
 0  2.120086e-01
 1  1.126337e-01
 2  5.075819e-02
 3  2.506891e-02
 4  1.198679e-02
 5  5.544013e-03
 Iteration CPU time: 0 s
 CFIE residual: 0.00554401

 Iseg, Irank, Idinc : 1, 5, 87
 Thata, Phi : 90.000000, 86.000000
 Maximun iteration: 300
 Number of recycle truncation: 30
 Final matrix dimension:  3612
 Residual error:0.010000
 0  2.209196e-01
 1  1.199008e-01
 2  5.306805e-02
 3  2.697752e-02
 4  1.338014e-02
 5  6.278297e-03
 Iteration CPU time: 0 s
 CFIE residual: 0.0062783

 Iseg, Irank, Idinc : 1, 6, 160
 Thata, Phi : 90.000000, 159.000000
 Maximun iteration: 300
 Number of recycle truncation: 30
 Final matrix dimension:  3612
 Residual error:0.010000
 0  2.154174e-01
 1  1.150845e-01
 2  5.050245e-02
 3  2.457650e-02
 4  1.192219e-02
 5  5.647831e-03
 Iteration CPU time: 0 s
 CFIE residual: 0.00564783

 Iseg, Irank, Idinc : 1, 7, 63
 Thata, Phi : 90.000000, 62.000000
 Maximun iteration: 300
 Number of recycle truncation: 30
 Final matrix dimension:  3612
 Residual error:0.010000
 0  2.221592e-01
 1  1.195828e-01
 2  5.141009e-02
 3  2.551658e-02
 4  1.259136e-02
 5  6.143428e-03
 Iteration CPU time: 0 s
 CFIE residual: 0.00614343

 Iseg, Irank, Idinc : 1, 8, 15
 Thata, Phi : 90.000000, 14.000000
 Maximun iteration: 300
 Number of recycle truncation: 30
 Final matrix dimension:  3612
 Residual error:0.010000
 0  2.154776e-01
 1  1.160192e-01
 2  5.182762e-02
 3  2.582931e-02
 4  1.268677e-02
 5  5.965626e-03
 Iteration CPU time: 0 s
 CFIE residual: 0.00596563
 Last Built End in Sep 21 2025 00:06:12
 Total CPU time: 2 s
 Finished.
