 Last Built Begin in Sep 21 2025 00:06:12
 Pre-Type( Input ):           10
 Skl-Tol ( Input ):    1.0000000000000001E-005
 Wavelength in freespace: 0.0308642

 ################################################
 ##         Generating Required Mesh          ##
 ##         Waiting.....                      ##
 ################################################
 Subd No.      Subd Name
    1    Open-Duct_PRIME_model_meshAA1                                     
 isub,  nnode, npatch,  nedge:
    1      6118     12236     18354
 Scale Factor         >>   1.54999997E-02
 ################################################

 START TIME: 20250922   025823.763


 Informaton for IE geometry:
 number of subdomains     : 1
 maxnode,maxpatch,maxedge : 6118  12236  18354
 
 Index of Mat-Reg: 1
 Mat-Reg Number via MatFlg: 1
 Edge Number of Mat-Reg: 1, 18354

 Number of Edge on PEC: 18354
 Mat-Reg: No Dim(m) Lmax:
    1 0.232    5
 Totlmax, add1, add2:           5           6           7
 rlengmax of Global MLFMA >>   0.23231049310507498     
 Lmax of Global MLFMA >>            5
 Wavenum of Mat-Reg:
    1 1.000

 total area in sq m           =      0.0510
 total area in sq lambda      =     53.5062
 maxnode, maxpatch, maxedge           =     6118    12236    18354
 longest  edge in lambda              =      0.1512
 shortest edge in lambda              =      0.0072
 average  edge in lambda              =      0.1010
 largest  patch area in sq lambda     =      0.0077
 smallest patch area in sq lambda     =      0.0000
 ave    surface area in sq lambda     =      0.0044
 size range of the object in sq lambda =      7.4339

 #### MLFMA Info For Each Region ####
 Mat-Region =            1
 Array dimension parameters:
 maxrule=          14   maxgrid  =          64
 lmax   =           5   ncmax    =        1250
 lsmax  =          26   lsmin    =           6
 kpm    =        1356   kp0      =          76
 ntlm   =      204640   nsm      =      205900
 nkpm   =        2152   niplm    =      137728
 ngnearm=       14257   ngsndm   =       64634
 nearm  =         333   mfinestm =         119
 ###############################

 CFIE Alpha:  0.50000000000000000     

 Fill MLFMA FI for Mat-Reg:           1
 Begin filltl.f
 fill translation matrix
 Level:            2
 fill shifting matrix
 Level:            3
 fill shifting matrix
 Level:            4
 fill shifting matrix
 Level:            5
 fill shifting matrix
 translator time(s):  0.120000005    
 fill interpolation matrix
 ThetaOrder            8
 PhiOrder            8
 lsl            6
 Filling TL                  Delta_CPU=          0.52 Memory(MB)=        586.87
 Filling sndgrp              Delta_CPU=          0.01 Memory(MB)=        586.87
 Filling VFS                 Delta_CPU=          2.44 Memory(MB)=        586.87

 Fill MLFMA NI for Mat-Reg:           1
 Begin fill sparser part of Nearfield
 Begin fill denser part of Nearfield
 End fill
 Filling Amn                 Delta_CPU=         90.83 Memory(MB)=        586.87


 Now testing preconditioner with
 ipretype =           10
 method = cfie_solve_nfrasspspre_pardiso

  
 NBP>>Begin fill sparser part of Nearfield

113.4235% NBP>>Begin fill denser part of Nearfield

200.1041%
 Begin MLFMA Box-Matrix Based Spar-RAS Prec Constructor
 --- Intel MKL PARDISO --- 
 Memory for iGroup: 1 0 MB
 Total Memory For SparRAS Pre: 0 MB
 --- PARDISO PRECONDITIONER INITIALIZED --- 
 Constructing preconditioner CPU time: 5 s
 
 1101240
 Memory for Iteration:: 16.8036 MB

 Iseg, Ninc_S : 1, 181, 0

 Iseg, Skeleton Angles: 1, 38
 Iseg, Skel-Pk Mem(MB): 1, 314.35

 Iseg, Irank, Idinc : 1, 1, 22
 Thata, Phi : 90.000000, 21.000000
 Maximun iteration: 300
 Number of recycle truncation: 30
 Final matrix dimension:  36708
 Residual error:0.001000
 0  6.114329e-01
 1  2.915093e-01
 2  1.662504e-01
 3  1.140877e-01
 4  8.059175e-02
 5  5.949207e-02
 6  4.558921e-02
 7  3.571623e-02
 8  2.812667e-02
 9  2.242866e-02
 10  1.734803e-02
 11  1.383856e-02
 12  1.105319e-02
 13  8.961207e-03
 14  7.382544e-03
 15  6.308517e-03
 16  5.327362e-03
 17  4.496084e-03
 18  3.867467e-03
 19  3.299617e-03
 20  2.863665e-03
 21  2.545812e-03
 22  2.302552e-03
 23  2.116320e-03
 24  1.956352e-03
 25  1.784677e-03
 26  1.606446e-03
 27  1.440896e-03
 28  1.271949e-03
 29  1.120390e-03
 30  9.692808e-04
 Iteration CPU time: 7 s
 CFIE residual: 0.000969281

 Iseg, Irank, Idinc : 1, 2, 42
 Thata, Phi : 90.000000, 41.000000
 Maximun iteration: 300
 Number of recycle truncation: 30
 Final matrix dimension:  36708
 Residual error:0.001000
 0  6.258533e-01
 1  3.157311e-01
 2  2.006514e-01
 3  1.310939e-01
 4  9.002939e-02
 5  6.543582e-02
 6  4.840318e-02
 7  3.660185e-02
 8  2.808855e-02
 9  2.165328e-02
 10  1.678990e-02
 11  1.332795e-02
 12  1.084969e-02
 13  8.954460e-03
 14  7.497375e-03
 15  6.452274e-03
 16  5.688192e-03
 17  5.027246e-03
 18  4.582140e-03
 19  4.140880e-03
 20  3.728227e-03
 21  3.353411e-03
 22  3.039689e-03
 23  2.652551e-03
 24  2.261812e-03
 25  1.928770e-03
 26  1.616603e-03
 27  1.321529e-03
 28  1.055799e-03
 29  8.356370e-04
 Iteration CPU time: 6 s
 CFIE residual: 0.000835637

 Iseg, Irank, Idinc : 1, 3, 109
 Thata, Phi : 90.000000, 108.000000
 Maximun iteration: 300
 Number of recycle truncation: 30
 Final matrix dimension:  36708
 Residual error:0.001000
 0  6.329065e-01
 1  3.585627e-01
 2  2.257096e-01
 3  1.550004e-01
 4  1.088691e-01
 5  8.177712e-02
 6  6.337685e-02
 7  4.870238e-02
 8  3.798398e-02
 9  3.077684e-02
 10  2.415000e-02
 11  1.907811e-02
 12  1.535837e-02
 13  1.267401e-02
 14  1.053281e-02
 15  8.759545e-03
 16  7.364672e-03
 17  6.398363e-03
 18  5.616580e-03
 19  4.969950e-03
 20  4.429308e-03
 21  4.004441e-03
 22  3.612969e-03
 23  3.244055e-03
 24  2.931924e-03
 25  2.607063e-03
 26  2.301742e-03
 27  1.973992e-03
 28  1.644625e-03
 29  1.332591e-03
 30  1.076027e-03
 31  8.476989e-04
 Iteration CPU time: 7 s
 CFIE residual: 0.000847699

 Iseg, Irank, Idinc : 1, 4, 64
 Thata, Phi : 90.000000, 63.000000
 Maximun iteration: 300
 Number of recycle truncation: 30
 Final matrix dimension:  36708
 Residual error:0.001000
 0  6.656077e-01
 1  3.585764e-01
 2  2.236473e-01
 3  1.445050e-01
 4  1.044867e-01
 5  7.928733e-02
 6  6.052220e-02
 7  4.749406e-02
 8  3.771589e-02
 9  3.038833e-02
 10  2.391494e-02
 11  1.936646e-02
 12  1.551884e-02
 13  1.283762e-02
 14  1.085730e-02
 15  9.549314e-03
 16  8.583445e-03
 17  7.819977e-03
 18  7.144661e-03
 19  6.444198e-03
 20  5.828088e-03
 21  5.234975e-03
 22  4.592900e-03
 23  4.005411e-03
 24  3.375839e-03
 25  2.777948e-03
 26  2.276333e-03
 27  1.799837e-03
 28  1.405719e-03
 29  1.102531e-03
 30  8.455969e-04
 Iteration CPU time: 7 s
 CFIE residual: 0.000845597

 Iseg, Irank, Idinc : 1, 5, 146
 Thata, Phi : 90.000000, 145.000000
 Maximun iteration: 300
 Number of recycle truncation: 30
 Final matrix dimension:  36708
 Residual error:0.001000
 0  6.544913e-01
 1  3.470944e-01
 2  2.090377e-01
 3  1.456441e-01
 4  1.052838e-01
 5  8.106901e-02
 6  6.342082e-02
 7  5.030993e-02
 8  4.213455e-02
 9  3.502275e-02
 10  2.928077e-02
 11  2.461803e-02
 12  2.018777e-02
 13  1.606468e-02
 14  1.279394e-02
 15  1.046377e-02
 16  8.306427e-03
 17  6.927976e-03
 18  5.777116e-03
 19  4.738888e-03
 20  4.037475e-03
 21  3.452836e-03
 22  3.027589e-03
 23  2.700567e-03
 24  2.405082e-03
 25  2.214782e-03
 26  2.036087e-03
 27  1.842858e-03
 28  1.624567e-03
 29  1.405375e-03
 30  1.212229e-03
 31  9.841572e-04
 Iteration CPU time: 7 s
 CFIE residual: 0.000984157

 Iseg, Irank, Idinc : 1, 6, 74
 Thata, Phi : 90.000000, 73.000000
 Maximun iteration: 300
 Number of recycle truncation: 30
 Final matrix dimension:  36708
 Residual error:0.001000
 0  6.446831e-01
 1  3.696773e-01
 2  2.401193e-01
 3  1.516494e-01
 4  1.064273e-01
 5  8.094809e-02
 6  6.337609e-02
 7  5.081234e-02
 8  4.028233e-02
 9  3.353324e-02
 10  2.635297e-02
 11  2.115729e-02
 12  1.714724e-02
 13  1.459516e-02
 14  1.261450e-02
 15  1.117059e-02
 16  9.969077e-03
 17  9.012777e-03
 18  8.181925e-03
 19  7.397887e-03
 20  6.754193e-03
 21  6.101111e-03
 22  5.439122e-03
 23  4.764353e-03
 24  4.120306e-03
 25  3.480656e-03
 26  2.935992e-03
 27  2.408071e-03
 28  1.964677e-03
 29  1.538948e-03
 30  1.236571e-03
 31  9.546556e-04
 Iteration CPU time: 7 s
 CFIE residual: 0.000954656

 Iseg, Irank, Idinc : 1, 7, 159
 Thata, Phi : 90.000000, 158.000000
 Maximun iteration: 300
 Number of recycle truncation: 30
 Final matrix dimension:  36708
 Residual error:0.001000
 0  6.087946e-01
 1  3.135883e-01
 2  1.907443e-01
 3  1.317911e-01
 4  1.004593e-01
 5  8.021586e-02
 6  6.445927e-02
 7  5.186460e-02
 8  4.433670e-02
 9  3.811994e-02
 10  3.183566e-02
 11  2.646358e-02
 12  2.124920e-02
 13  1.751253e-02
 14  1.419380e-02
 15  1.139808e-02
 16  9.141635e-03
 17  7.481170e-03
 18  6.156506e-03
 19  5.016664e-03
 20  4.165531e-03
 21  3.492611e-03
 22  3.025877e-03
 23  2.662357e-03
 24  2.373929e-03
 25  2.098264e-03
 26  1.892429e-03
 27  1.727889e-03
 28  1.574584e-03
 29  1.417498e-03
 30  1.267578e-03
 31  1.111292e-03
 32  9.586491e-04
 Iteration CPU time: 7 s
 CFIE residual: 0.000958649

 Iseg, Irank, Idinc : 1, 8, 120
 Thata, Phi : 90.000000, 119.000000
 Maximun iteration: 300
 Number of recycle truncation: 30
 Final matrix dimension:  36708
 Residual error:0.001000
 0  6.523811e-01
 1  3.468034e-01
 2  2.249962e-01
 3  1.563503e-01
 4  1.104487e-01
 5  8.332620e-02
 6  6.388548e-02
 7  4.989307e-02
 8  3.860505e-02
 9  3.036915e-02
 10  2.365780e-02
 11  1.861528e-02
 12  1.519517e-02
 13  1.260145e-02
 14  1.042923e-02
 15  8.847106e-03
 16  7.544503e-03
 17  6.559897e-03
 18  5.808440e-03
 19  5.117231e-03
 20  4.509086e-03
 21  4.083215e-03
 22  3.690214e-03
 23  3.321414e-03
 24  2.970464e-03
 25  2.662810e-03
 26  2.384821e-03
 27  2.090047e-03
 28  1.828911e-03
 29  1.547175e-03
 30  1.258837e-03
 31  1.011759e-03
 32  7.642358e-04
 Iteration CPU time: 8 s
 CFIE residual: 0.000764236

 Iseg, Irank, Idinc : 1, 9, 130
 Thata, Phi : 90.000000, 129.000000
 Maximun iteration: 300
 Number of recycle truncation: 30
 Final matrix dimension:  36708
 Residual error:0.001000
 0  6.765100e-01
 1  3.573128e-01
 2  2.313464e-01
 3  1.574089e-01
 4  1.121732e-01
 5  8.670525e-02
 6  6.595490e-02
 7  5.112543e-02
 8  4.066420e-02
 9  3.204419e-02
 10  2.531395e-02
 11  2.016750e-02
 12  1.601074e-02
 13  1.313941e-02
 14  1.082774e-02
 15  9.015040e-03
 16  7.474801e-03
 17  6.427435e-03
 18  5.527778e-03
 19  4.853633e-03
 20  4.384113e-03
 21  3.982684e-03
 22  3.645677e-03
 23  3.320962e-03
 24  2.985104e-03
 25  2.700569e-03
 26  2.398701e-03
 27  2.145961e-03
 28  1.903954e-03
 29  1.669614e-03
 30  1.409042e-03
 31  1.172915e-03
 32  9.451720e-04
 Iteration CPU time: 7 s
 CFIE residual: 0.000945172

 Iseg, Irank, Idinc : 1, 10, 89
 Thata, Phi : 90.000000, 88.000000
 Maximun iteration: 300
 Number of recycle truncation: 30
 Final matrix dimension:  36708
 Residual error:0.001000
 0  6.217721e-01
 1  3.569437e-01
 2  2.299706e-01
 3  1.560675e-01
 4  1.117060e-01
 5  8.730714e-02
 6  6.804865e-02
 7  5.395565e-02
 8  4.332154e-02
 9  3.539427e-02
 10  2.818114e-02
 11  2.201399e-02
 12  1.758487e-02
 13  1.427497e-02
 14  1.213808e-02
 15  1.046842e-02
 16  9.159830e-03
 17  8.153662e-03
 18  7.423802e-03
 19  6.735314e-03
 20  6.170559e-03
 21  5.619510e-03
 22  5.051149e-03
 23  4.434012e-03
 24  3.862116e-03
 25  3.300656e-03
 26  2.777529e-03
 27  2.324530e-03
 28  1.901198e-03
 29  1.468906e-03
 30  1.135017e-03
 31  8.796544e-04
 Iteration CPU time: 7 s
 CFIE residual: 0.000879654

 Iseg, Irank, Idinc : 1, 11, 53
 Thata, Phi : 90.000000, 52.000000
 Maximun iteration: 300
 Number of recycle truncation: 30
 Final matrix dimension:  36708
 Residual error:0.001000
 0  6.472631e-01
 1  3.362837e-01
 2  2.083592e-01
 3  1.353463e-01
 4  9.678373e-02
 5  7.158484e-02
 6  5.492064e-02
 7  4.280471e-02
 8  3.304525e-02
 9  2.491360e-02
 10  1.986317e-02
 11  1.590761e-02
 12  1.295254e-02
 13  1.086738e-02
 14  9.303312e-03
 15  8.043358e-03
 16  7.245340e-03
 17  6.570227e-03
 18  5.936647e-03
 19  5.340912e-03
 20  4.799339e-03
 21  4.214815e-03
 22  3.761694e-03
 23  3.249194e-03
 24  2.721908e-03
 25  2.209605e-03
 26  1.798098e-03
 27  1.439472e-03
 28  1.159070e-03
 29  9.144395e-04
 Iteration CPU time: 6 s
 CFIE residual: 0.000914439

 Iseg, Irank, Idinc : 1, 12, 32
 Thata, Phi : 90.000000, 31.000000
 Maximun iteration: 300
 Number of recycle truncation: 30
 Final matrix dimension:  36708
 Residual error:0.001000
 0  6.324320e-01
 1  3.061564e-01
 2  1.802085e-01
 3  1.140831e-01
 4  8.032692e-02
 5  5.942273e-02
 6  4.374740e-02
 7  3.325430e-02
 8  2.558175e-02
 9  2.028205e-02
 10  1.640218e-02
 11  1.303415e-02
 12  1.029840e-02
 13  8.568114e-03
 14  7.067978e-03
 15  5.984183e-03
 16  5.243641e-03
 17  4.492170e-03
 18  3.996530e-03
 19  3.508607e-03
 20  3.113584e-03
 21  2.802391e-03
 22  2.569009e-03
 23  2.367452e-03
 24  2.152265e-03
 25  1.918347e-03
 26  1.674795e-03
 27  1.472179e-03
 28  1.246850e-03
 29  1.047489e-03
 30  8.537815e-04
 Iteration CPU time: 7 s
 CFIE residual: 0.000853782

 Iseg, Irank, Idinc : 1, 13, 11
 Thata, Phi : 90.000000, 10.000000
 Maximun iteration: 300
 Number of recycle truncation: 30
 Final matrix dimension:  36708
 Residual error:0.001000
 0  5.408875e-01
 1  2.762085e-01
 2  1.729713e-01
 3  1.231519e-01
 4  8.824144e-02
 5  6.678764e-02
 6  5.126452e-02
 7  3.970860e-02
 8  3.074496e-02
 9  2.452072e-02
 10  1.921578e-02
 11  1.487232e-02
 12  1.156261e-02
 13  9.262748e-03
 14  7.555350e-03
 15  6.278482e-03
 16  5.329230e-03
 17  4.450899e-03
 18  3.838492e-03
 19  3.330019e-03
 20  2.914152e-03
 21  2.530763e-03
 22  2.267512e-03
 23  2.015839e-03
 24  1.843617e-03
 25  1.698530e-03
 26  1.562269e-03
 27  1.425412e-03
 28  1.296843e-03
 29  1.170608e-03
 30  1.038545e-03
 31  9.094447e-04
 Iteration CPU time: 7 s
 CFIE residual: 0.000909445

 Iseg, Irank, Idinc : 1, 14, 178
 Thata, Phi : 90.000000, 177.000000
 Maximun iteration: 300
 Number of recycle truncation: 30
 Final matrix dimension:  36708
 Residual error:0.001000
 0  5.578632e-01
 1  3.004955e-01
 2  1.914830e-01
 3  1.358398e-01
 4  1.065180e-01
 5  8.216784e-02
 6  6.706258e-02
 7  5.520034e-02
 8  4.503015e-02
 9  3.527624e-02
 10  2.788930e-02
 11  2.225377e-02
 12  1.761411e-02
 13  1.387630e-02
 14  1.097085e-02
 15  8.646565e-03
 16  6.868687e-03
 17  5.697137e-03
 18  4.623627e-03
 19  3.820292e-03
 20  3.148852e-03
 21  2.606584e-03
 22  2.258286e-03
 23  1.996586e-03
 24  1.740788e-03
 25  1.537058e-03
 26  1.384452e-03
 27  1.247297e-03
 28  1.132807e-03
 29  1.024430e-03
 30  9.290988e-04
 Iteration CPU time: 7 s
 CFIE residual: 0.000929099

 Iseg, Irank, Idinc : 1, 15, 98
 Thata, Phi : 90.000000, 97.000000
 Maximun iteration: 300
 Number of recycle truncation: 30
 Final matrix dimension:  36708
 Residual error:0.001000
 0  6.191148e-01
 1  3.550827e-01
 2  2.238815e-01
 3  1.498182e-01
 4  1.067448e-01
 5  8.092053e-02
 6  6.224096e-02
 7  4.962606e-02
 8  3.930239e-02
 9  3.146722e-02
 10  2.517572e-02
 11  2.016923e-02
 12  1.627017e-02
 13  1.353817e-02
 14  1.144193e-02
 15  9.614781e-03
 16  8.234067e-03
 17  7.275105e-03
 18  6.520813e-03
 19  5.911916e-03
 20  5.403333e-03
 21  4.902582e-03
 22  4.415574e-03
 23  3.977300e-03
 24  3.583332e-03
 25  3.144778e-03
 26  2.736919e-03
 27  2.353542e-03
 28  1.949943e-03
 29  1.575222e-03
 30  1.247436e-03
 31  9.728617e-04
 Iteration CPU time: 7 s
 CFIE residual: 0.000972862

 Iseg, Irank, Idinc : 1, 16, 81
 Thata, Phi : 90.000000, 80.000000
 Maximun iteration: 300
 Number of recycle truncation: 30
 Final matrix dimension:  36708
 Residual error:0.001000
 0  6.272592e-01
 1  3.597012e-01
 2  2.331281e-01
 3  1.531788e-01
 4  1.095958e-01
 5  8.580364e-02
 6  6.552710e-02
 7  5.275026e-02
 8  4.221144e-02
 9  3.364246e-02
 10  2.688899e-02
 11  2.118516e-02
 12  1.702908e-02
 13  1.410790e-02
 14  1.215717e-02
 15  1.063473e-02
 16  9.387162e-03
 17  8.411136e-03
 18  7.638632e-03
 19  6.936037e-03
 20  6.278287e-03
 21  5.735780e-03
 22  5.148727e-03
 23  4.559844e-03
 24  3.920994e-03
 25  3.358238e-03
 26  2.850152e-03
 27  2.387608e-03
 28  1.968849e-03
 29  1.554838e-03
 30  1.244184e-03
 31  9.694146e-04
 Iteration CPU time: 7 s
 CFIE residual: 0.000969415

 Iseg, Irank, Idinc : 1, 17, 138
 Thata, Phi : 90.000000, 137.000000
 Maximun iteration: 300
 Number of recycle truncation: 30
 Final matrix dimension:  36708
 Residual error:0.001000
 0  6.971943e-01
 1  3.577648e-01
 2  2.226297e-01
 3  1.534094e-01
 4  1.112848e-01
 5  8.457940e-02
 6  6.399761e-02
 7  5.057967e-02
 8  4.160286e-02
 9  3.325116e-02
 10  2.685229e-02
 11  2.227574e-02
 12  1.818763e-02
 13  1.449703e-02
 14  1.161803e-02
 15  9.428233e-03
 16  7.751800e-03
 17  6.479951e-03
 18  5.467864e-03
 19  4.665566e-03
 20  4.147743e-03
 21  3.702992e-03
 22  3.391534e-03
 23  3.066599e-03
 24  2.785768e-03
 25  2.550086e-03
 26  2.295943e-03
 27  2.037241e-03
 28  1.772611e-03
 29  1.537795e-03
 30  1.302564e-03
 31  1.075833e-03
 32  8.506758e-04
 Iteration CPU time: 7 s
 CFIE residual: 0.000850676

 Iseg, Irank, Idinc : 1, 18, 1
 Thata, Phi : 90.000000, 0.000000
 Maximun iteration: 300
 Number of recycle truncation: 30
 Final matrix dimension:  36708
 Residual error:0.001000
 0  5.074316e-01
 1  2.681858e-01
 2  1.739598e-01
 3  1.208453e-01
 4  8.596848e-02
 5  6.439216e-02
 6  4.949453e-02
 7  3.800623e-02
 8  2.933185e-02
 9  2.264204e-02
 10  1.731317e-02
 11  1.353503e-02
 12  1.109591e-02
 13  8.770324e-03
 14  7.193315e-03
 15  5.683991e-03
 16  4.656869e-03
 17  3.853301e-03
 18  3.310105e-03
 19  2.869128e-03
 20  2.529311e-03
 21  2.256462e-03
 22  2.016923e-03
 23  1.774691e-03
 24  1.605026e-03
 25  1.477757e-03
 26  1.366488e-03
 27  1.251491e-03
 28  1.115394e-03
 29  9.855788e-04
 Iteration CPU time: 7 s
 CFIE residual: 0.000985579

 Iseg, Irank, Idinc : 1, 19, 168
 Thata, Phi : 90.000000, 167.000000
 Maximun iteration: 300
 Number of recycle truncation: 30
 Final matrix dimension:  36708
 Residual error:0.001000
 0  5.757783e-01
 1  3.020991e-01
 2  1.890505e-01
 3  1.349801e-01
 4  1.054785e-01
 5  8.388217e-02
 6  6.895910e-02
 7  5.603336e-02
 8  4.666872e-02
 9  3.893942e-02
 10  3.278586e-02
 11  2.700586e-02
 12  2.220010e-02
 13  1.772179e-02
 14  1.455062e-02
 15  1.175649e-02
 16  9.604638e-03
 17  7.798431e-03
 18  6.342724e-03
 19  5.076938e-03
 20  4.160336e-03
 21  3.438610e-03
 22  2.931269e-03
 23  2.509608e-03
 24  2.176108e-03
 25  1.884605e-03
 26  1.643989e-03
 27  1.488631e-03
 28  1.364541e-03
 29  1.250947e-03
 30  1.143329e-03
 31  1.028572e-03
 32  8.983753e-04
 Iteration CPU time: 7 s
 CFIE residual: 0.000898375

 Iseg, Irank, Idinc : 1, 20, 153
 Thata, Phi : 90.000000, 152.000000
 Maximun iteration: 300
 Number of recycle truncation: 30
 Final matrix dimension:  36708
 Residual error:0.001000
 0  6.307618e-01
 1  3.301137e-01
 2  2.002216e-01
 3  1.377845e-01
 4  1.023017e-01
 5  8.015064e-02
 6  6.376692e-02
 7  5.081262e-02
 8  4.310481e-02
 9  3.609938e-02
 10  3.058376e-02
 11  2.554537e-02
 12  2.055970e-02
 13  1.617014e-02
 14  1.320863e-02
 15  1.069175e-02
 16  8.633642e-03
 17  7.074761e-03
 18  5.845513e-03
 19  4.790673e-03
 20  4.015904e-03
 21  3.388268e-03
 22  2.943169e-03
 23  2.621143e-03
 24  2.329662e-03
 25  2.099793e-03
 26  1.912509e-03
 27  1.721334e-03
 28  1.539774e-03
 29  1.367992e-03
 30  1.199122e-03
 31  9.962104e-04
 Iteration CPU time: 7 s
 CFIE residual: 0.00099621

 Iseg, Irank, Idinc : 1, 21, 104
 Thata, Phi : 90.000000, 103.000000
 Maximun iteration: 300
 Number of recycle truncation: 30
 Final matrix dimension:  36708
 Residual error:0.001000
 0  6.206541e-01
 1  3.562255e-01
 2  2.245489e-01
 3  1.520406e-01
 4  1.061107e-01
 5  7.985738e-02
 6  6.220815e-02
 7  4.824004e-02
 8  3.781963e-02
 9  3.070886e-02
 10  2.486117e-02
 11  1.980619e-02
 12  1.586768e-02
 13  1.306389e-02
 14  1.080432e-02
 15  9.098778e-03
 16  7.647569e-03
 17  6.728398e-03
 18  5.962026e-03
 19  5.349436e-03
 20  4.838707e-03
 21  4.428287e-03
 22  3.982547e-03
 23  3.577667e-03
 24  3.218422e-03
 25  2.850558e-03
 26  2.505587e-03
 27  2.179368e-03
 28  1.846035e-03
 29  1.501273e-03
 30  1.217375e-03
 31  9.577096e-04
 Iteration CPU time: 7 s
 CFIE residual: 0.00095771

 Iseg, Irank, Idinc : 1, 22, 181
 Thata, Phi : 90.000000, 180.000000
 Maximun iteration: 300
 Number of recycle truncation: 30
 Final matrix dimension:  36708
 Residual error:0.001000
 0  5.565812e-01
 1  3.004898e-01
 2  1.914860e-01
 3  1.356986e-01
 4  1.062463e-01
 5  8.159041e-02
 6  6.649276e-02
 7  5.473794e-02
 8  4.448839e-02
 9  3.460528e-02
 10  2.706079e-02
 11  2.131817e-02
 12  1.618961e-02
 13  1.246849e-02
 14  9.689132e-03
 15  7.471996e-03
 16  5.816745e-03
 17  4.727054e-03
 18  3.836882e-03
 19  3.075145e-03
 20  2.585743e-03
 21  2.256956e-03
 22  1.968693e-03
 23  1.741738e-03
 24  1.548148e-03
 25  1.396792e-03
 26  1.286776e-03
 27  1.166118e-03
 28  1.053223e-03
 29  9.345051e-04
 Iteration CPU time: 7 s
 CFIE residual: 0.000934505

 Iseg, Irank, Idinc : 1, 23, 6
 Thata, Phi : 90.000000, 5.000000
 Maximun iteration: 300
 Number of recycle truncation: 30
 Final matrix dimension:  36708
 Residual error:0.001000
 0  5.171267e-01
 1  2.706689e-01
 2  1.735886e-01
 3  1.219111e-01
 4  8.761191e-02
 5  6.634204e-02
 6  5.068224e-02
 7  3.829057e-02
 8  2.921738e-02
 9  2.340300e-02
 10  1.856241e-02
 11  1.460201e-02
 12  1.147988e-02
 13  9.135244e-03
 14  7.602884e-03
 15  6.240020e-03
 16  5.211847e-03
 17  4.353507e-03
 18  3.707290e-03
 19  3.233150e-03
 20  2.837863e-03
 21  2.478732e-03
 22  2.217212e-03
 23  1.949528e-03
 24  1.764676e-03
 25  1.613511e-03
 26  1.496011e-03
 27  1.371374e-03
 28  1.258291e-03
 29  1.119684e-03
 30  9.841632e-04
 Iteration CPU time: 7 s
 CFIE residual: 0.000984163

 Iseg, Irank, Idinc : 1, 24, 59
 Thata, Phi : 90.000000, 58.000000
 Maximun iteration: 300
 Number of recycle truncation: 30
 Final matrix dimension:  36708
 Residual error:0.001000
 0  6.627239e-01
 1  3.467441e-01
 2  2.159805e-01
 3  1.373507e-01
 4  9.782308e-02
 5  7.207335e-02
 6  5.594509e-02
 7  4.438818e-02
 8  3.541918e-02
 9  2.733556e-02
 10  2.098477e-02
 11  1.696893e-02
 12  1.386122e-02
 13  1.155380e-02
 14  9.794923e-03
 15  8.533168e-03
 16  7.672960e-03
 17  6.967571e-03
 18  6.356482e-03
 19  5.721660e-03
 20  5.156837e-03
 21  4.625670e-03
 22  4.002885e-03
 23  3.445481e-03
 24  2.917605e-03
 25  2.383346e-03
 26  1.929348e-03
 27  1.546444e-03
 28  1.230631e-03
 29  9.764302e-04
 Iteration CPU time: 6 s
 CFIE residual: 0.00097643

 Iseg, Irank, Idinc : 1, 25, 17
 Thata, Phi : 90.000000, 16.000000
 Maximun iteration: 300
 Number of recycle truncation: 30
 Final matrix dimension:  36708
 Residual error:0.001000
 0  5.790409e-01
 1  2.841801e-01
 2  1.699796e-01
 3  1.196534e-01
 4  8.497089e-02
 5  6.379252e-02
 6  4.943063e-02
 7  3.874698e-02
 8  3.032096e-02
 9  2.381201e-02
 10  1.847300e-02
 11  1.474984e-02
 12  1.150249e-02
 13  9.196450e-03
 14  7.487677e-03
 15  6.376524e-03
 16  5.398433e-03
 17  4.559189e-03
 18  3.904469e-03
 19  3.331857e-03
 20  2.919692e-03
 21  2.535680e-03
 22  2.286609e-03
 23  2.063734e-03
 24  1.896875e-03
 25  1.740317e-03
 26  1.589166e-03
 27  1.440048e-03
 28  1.290614e-03
 29  1.157611e-03
 30  1.016260e-03
 31  8.776661e-04
 Iteration CPU time: 7 s
 CFIE residual: 0.000877666

 Iseg, Irank, Idinc : 1, 26, 173
 Thata, Phi : 90.000000, 172.000000
 Maximun iteration: 300
 Number of recycle truncation: 30
 Final matrix dimension:  36708
 Residual error:0.001000
 0  5.645220e-01
 1  3.006711e-01
 2  1.910375e-01
 3  1.361771e-01
 4  1.071132e-01
 5  8.385414e-02
 6  6.886753e-02
 7  5.630942e-02
 8  4.649748e-02
 9  3.762642e-02
 10  3.084605e-02
 11  2.525976e-02
 12  2.067677e-02
 13  1.649779e-02
 14  1.344937e-02
 15  1.094776e-02
 16  8.988744e-03
 17  7.257426e-03
 18  5.833184e-03
 19  4.730498e-03
 20  3.872536e-03
 21  3.174701e-03
 22  2.720596e-03
 23  2.342131e-03
 24  2.023414e-03
 25  1.756247e-03
 26  1.536475e-03
 27  1.380889e-03
 28  1.258126e-03
 29  1.148570e-03
 30  1.055553e-03
 31  9.490708e-04
 Iteration CPU time: 7 s
 CFIE residual: 0.000949071

 Iseg, Irank, Idinc : 1, 27, 115
 Thata, Phi : 90.000000, 114.000000
 Maximun iteration: 300
 Number of recycle truncation: 30
 Final matrix dimension:  36708
 Residual error:0.001000
 0  6.470730e-01
 1  3.519027e-01
 2  2.229298e-01
 3  1.552920e-01
 4  1.096962e-01
 5  8.209600e-02
 6  6.270809e-02
 7  4.850866e-02
 8  3.788088e-02
 9  3.014581e-02
 10  2.343866e-02
 11  1.846687e-02
 12  1.512897e-02
 13  1.262132e-02
 14  1.046540e-02
 15  8.670926e-03
 16  7.400358e-03
 17  6.421415e-03
 18  5.587767e-03
 19  4.916650e-03
 20  4.408526e-03
 21  3.949910e-03
 22  3.594992e-03
 23  3.224661e-03
 24  2.919161e-03
 25  2.599390e-03
 26  2.322512e-03
 27  2.020177e-03
 28  1.719314e-03
 29  1.444028e-03
 30  1.153619e-03
 31  8.974825e-04
 Iteration CPU time: 7 s
 CFIE residual: 0.000897483

 Iseg, Irank, Idinc : 1, 28, 37
 Thata, Phi : 90.000000, 36.000000
 Maximun iteration: 300
 Number of recycle truncation: 30
 Final matrix dimension:  36708
 Residual error:0.001000
 0  6.226799e-01
 1  3.126740e-01
 2  1.933657e-01
 3  1.231640e-01
 4  8.422941e-02
 5  6.180152e-02
 6  4.537504e-02
 7  3.430491e-02
 8  2.635229e-02
 9  2.038892e-02
 10  1.612893e-02
 11  1.297256e-02
 12  1.039649e-02
 13  8.605284e-03
 14  7.137525e-03
 15  6.130146e-03
 16  5.323816e-03
 17  4.620312e-03
 18  4.159614e-03
 19  3.713569e-03
 20  3.325120e-03
 21  3.007374e-03
 22  2.749803e-03
 23  2.476953e-03
 24  2.190042e-03
 25  1.926329e-03
 26  1.650344e-03
 27  1.399395e-03
 28  1.155744e-03
 29  9.555402e-04
 Iteration CPU time: 7 s
 CFIE residual: 0.00095554

 Iseg, Irank, Idinc : 1, 29, 70
 Thata, Phi : 90.000000, 69.000000
 Maximun iteration: 300
 Number of recycle truncation: 30
 Final matrix dimension:  36708
 Residual error:0.001000
 0  6.556252e-01
 1  3.689465e-01
 2  2.359105e-01
 3  1.519484e-01
 4  1.093341e-01
 5  8.294225e-02
 6  6.402729e-02
 7  5.095140e-02
 8  4.098274e-02
 9  3.395270e-02
 10  2.684146e-02
 11  2.128735e-02
 12  1.718754e-02
 13  1.445428e-02
 14  1.235448e-02
 15  1.103007e-02
 16  9.910852e-03
 17  8.976059e-03
 18  8.155836e-03
 19  7.347503e-03
 20  6.722156e-03
 21  6.046393e-03
 22  5.402568e-03
 23  4.741334e-03
 24  4.062762e-03
 25  3.403302e-03
 26  2.830325e-03
 27  2.314075e-03
 28  1.837912e-03
 29  1.461944e-03
 30  1.138738e-03
 31  8.828910e-04
 Iteration CPU time: 7 s
 CFIE residual: 0.000882891

 Iseg, Irank, Idinc : 1, 30, 163
 Thata, Phi : 90.000000, 162.000000
 Maximun iteration: 300
 Number of recycle truncation: 30
 Final matrix dimension:  36708
 Residual error:0.001000
 0  5.924397e-01
 1  3.065191e-01
 2  1.876685e-01
 3  1.321551e-01
 4  1.020817e-01
 5  8.209107e-02
 6  6.668312e-02
 7  5.390122e-02
 8  4.542204e-02
 9  3.882993e-02
 10  3.279846e-02
 11  2.730448e-02
 12  2.234523e-02
 13  1.797660e-02
 14  1.464234e-02
 15  1.179083e-02
 16  9.540388e-03
 17  7.912397e-03
 18  6.490550e-03
 19  5.158041e-03
 20  4.284042e-03
 21  3.575687e-03
 22  3.030839e-03
 23  2.620310e-03
 24  2.291439e-03
 25  1.987213e-03
 26  1.781119e-03
 27  1.630581e-03
 28  1.496589e-03
 29  1.364595e-03
 30  1.231941e-03
 31  1.104748e-03
 32  9.560018e-04
 Iteration CPU time: 7 s
 CFIE residual: 0.000956002

 Iseg, Irank, Idinc : 1, 31, 3
 Thata, Phi : 90.000000, 2.000000
 Maximun iteration: 300
 Number of recycle truncation: 30
 Final matrix dimension:  36708
 Residual error:0.001000
 0  5.090830e-01
 1  2.686168e-01
 2  1.738815e-01
 3  1.210138e-01
 4  8.627515e-02
 5  6.482522e-02
 6  4.975842e-02
 7  3.794892e-02
 8  2.918177e-02
 9  2.266724e-02
 10  1.757133e-02
 11  1.401437e-02
 12  1.132604e-02
 13  8.911047e-03
 14  7.357774e-03
 15  6.014720e-03
 16  5.036683e-03
 17  4.202912e-03
 18  3.573889e-03
 19  3.111773e-03
 20  2.732587e-03
 21  2.418556e-03
 22  2.160097e-03
 23  1.894443e-03
 24  1.699774e-03
 25  1.555534e-03
 26  1.438015e-03
 27  1.319188e-03
 28  1.196529e-03
 29  1.059883e-03
 30  9.117743e-04
 Iteration CPU time: 7 s
 CFIE residual: 0.000911774

 Iseg, Irank, Idinc : 1, 32, 126
 Thata, Phi : 90.000000, 125.000000
 Maximun iteration: 300
 Number of recycle truncation: 30
 Final matrix dimension:  36708
 Residual error:0.001000
 0  6.609384e-01
 1  3.485555e-01
 2  2.294691e-01
 3  1.577813e-01
 4  1.125096e-01
 5  8.628718e-02
 6  6.587736e-02
 7  5.119314e-02
 8  3.977246e-02
 9  3.115979e-02
 10  2.444874e-02
 11  1.951558e-02
 12  1.558069e-02
 13  1.276855e-02
 14  1.054526e-02
 15  9.060245e-03
 16  7.664637e-03
 17  6.623789e-03
 18  5.797372e-03
 19  5.089287e-03
 20  4.525139e-03
 21  4.097541e-03
 22  3.735839e-03
 23  3.404415e-03
 24  3.037338e-03
 25  2.733601e-03
 26  2.459596e-03
 27  2.207036e-03
 28  1.963741e-03
 29  1.722302e-03
 30  1.458374e-03
 31  1.211884e-03
 32  9.803032e-04
 Iteration CPU time: 7 s
 CFIE residual: 0.000980303

 Iseg, Irank, Idinc : 1, 33, 47
 Thata, Phi : 90.000000, 46.000000
 Maximun iteration: 300
 Number of recycle truncation: 30
 Final matrix dimension:  36708
 Residual error:0.001000
 0  6.344675e-01
 1  3.232426e-01
 2  2.041010e-01
 3  1.345404e-01
 4  9.521165e-02
 5  7.036910e-02
 6  5.283519e-02
 7  4.067005e-02
 8  3.110927e-02
 9  2.420615e-02
 10  1.885698e-02
 11  1.481390e-02
 12  1.198520e-02
 13  9.920070e-03
 14  8.342811e-03
 15  7.184089e-03
 16  6.428344e-03
 17  5.760932e-03
 18  5.223171e-03
 19  4.775126e-03
 20  4.328919e-03
 21  3.793097e-03
 22  3.397516e-03
 23  2.934174e-03
 24  2.458547e-03
 25  2.056540e-03
 26  1.689298e-03
 27  1.379970e-03
 28  1.118557e-03
 29  8.977502e-04
 Iteration CPU time: 7 s
 CFIE residual: 0.00089775

 Iseg, Irank, Idinc : 1, 34, 93
 Thata, Phi : 90.000000, 92.000000
 Maximun iteration: 300
 Number of recycle truncation: 30
 Final matrix dimension:  36708
 Residual error:0.001000
 0  6.212239e-01
 1  3.577146e-01
 2  2.275680e-01
 3  1.517625e-01
 4  1.092028e-01
 5  8.515578e-02
 6  6.682199e-02
 7  5.297362e-02
 8  4.242205e-02
 9  3.431653e-02
 10  2.711588e-02
 11  2.182960e-02
 12  1.762524e-02
 13  1.433427e-02
 14  1.219629e-02
 15  1.035315e-02
 16  8.961265e-03
 17  7.914283e-03
 18  7.151814e-03
 19  6.482665e-03
 20  5.952913e-03
 21  5.409446e-03
 22  4.869575e-03
 23  4.324127e-03
 24  3.824541e-03
 25  3.312757e-03
 26  2.825617e-03
 27  2.404219e-03
 28  1.954256e-03
 29  1.508844e-03
 30  1.151329e-03
 31  8.744909e-04
 Iteration CPU time: 7 s
 CFIE residual: 0.000874491

 Iseg, Irank, Idinc : 1, 35, 180
 Thata, Phi : 90.000000, 179.000000
 Maximun iteration: 300
 Number of recycle truncation: 30
 Final matrix dimension:  36708
 Residual error:0.001000
 0  5.567415e-01
 1  3.004936e-01
 2  1.914893e-01
 3  1.357184e-01
 4  1.062816e-01
 5  8.166286e-02
 6  6.656435e-02
 7  5.480242e-02
 8  4.456526e-02
 9  3.469392e-02
 10  2.717231e-02
 11  2.145336e-02
 12  1.645231e-02
 13  1.275423e-02
 14  9.946529e-03
 15  7.735668e-03
 16  6.037677e-03
 17  4.978480e-03
 18  4.086008e-03
 19  3.355410e-03
 20  2.764502e-03
 21  2.357201e-03
 22  2.060373e-03
 23  1.840687e-03
 24  1.623012e-03
 25  1.448120e-03
 26  1.323492e-03
 27  1.193537e-03
 28  1.082131e-03
 29  9.655519e-04
 Iteration CPU time: 7 s
 CFIE residual: 0.000965552

 Iseg, Irank, Idinc : 1, 36, 26
 Thata, Phi : 90.000000, 25.000000
 Maximun iteration: 300
 Number of recycle truncation: 30
 Final matrix dimension:  36708
 Residual error:0.001000
 0  6.296576e-01
 1  2.974145e-01
 2  1.674868e-01
 3  1.106242e-01
 4  7.796151e-02
 5  5.732969e-02
 6  4.312316e-02
 7  3.317346e-02
 8  2.594690e-02
 9  2.079491e-02
 10  1.648853e-02
 11  1.294345e-02
 12  1.054516e-02
 13  8.619821e-03
 14  7.202494e-03
 15  6.127755e-03
 16  5.307046e-03
 17  4.475295e-03
 18  3.897206e-03
 19  3.348313e-03
 20  2.929016e-03
 21  2.607730e-03
 22  2.376348e-03
 23  2.203037e-03
 24  2.035151e-03
 25  1.838491e-03
 26  1.650274e-03
 27  1.465792e-03
 28  1.276629e-03
 29  1.114892e-03
 30  9.360317e-04
 Iteration CPU time: 6 s
 CFIE residual: 0.000936032

 Iseg, Irank, Idinc : 1, 37, 142
 Thata, Phi : 90.000000, 141.000000
 Maximun iteration: 300
 Number of recycle truncation: 30
 Final matrix dimension:  36708
 Residual error:0.001000
 0  6.772144e-01
 1  3.527753e-01
 2  2.138065e-01
 3  1.486418e-01
 4  1.079177e-01
 5  8.261338e-02
 6  6.309789e-02
 7  5.023318e-02
 8  4.174854e-02
 9  3.422267e-02
 10  2.828333e-02
 11  2.363967e-02
 12  1.928980e-02
 13  1.547694e-02
 14  1.221454e-02
 15  1.001914e-02
 16  8.026255e-03
 17  6.702918e-03
 18  5.633048e-03
 19  4.655186e-03
 20  4.066915e-03
 21  3.572537e-03
 22  3.219344e-03
 23  2.882194e-03
 24  2.607744e-03
 25  2.410637e-03
 26  2.204942e-03
 27  1.992589e-03
 28  1.724858e-03
 29  1.491279e-03
 30  1.284234e-03
 31  1.064334e-03
 32  8.617540e-04
 Iteration CPU time: 8 s
 CFIE residual: 0.000861754

 Iseg, Irank, Idinc : 1, 38, 85
 Thata, Phi : 90.000000, 84.000000
 Maximun iteration: 300
 Number of recycle truncation: 30
 Final matrix dimension:  36708
 Residual error:0.001000
 0  6.229616e-01
 1  3.557220e-01
 2  2.306568e-01
 3  1.571647e-01
 4  1.127087e-01
 5  8.799896e-02
 6  6.789084e-02
 7  5.412835e-02
 8  4.332525e-02
 9  3.514976e-02
 10  2.788160e-02
 11  2.152142e-02
 12  1.709730e-02
 13  1.404375e-02
 14  1.191750e-02
 15  1.038557e-02
 16  9.179447e-03
 17  8.232140e-03
 18  7.485127e-03
 19  6.806850e-03
 20  6.234486e-03
 21  5.671627e-03
 22  5.094295e-03
 23  4.453475e-03
 24  3.836347e-03
 25  3.264144e-03
 26  2.757972e-03
 27  2.305182e-03
 28  1.904814e-03
 29  1.510032e-03
 30  1.189516e-03
 31  9.434034e-04
 Iteration CPU time: 7 s
 CFIE residual: 0.000943403
 Last Built End in Sep 21 2025 00:06:12
 Total CPU time: 281 s
 Finished.
