 Last Built Begin in Sep 21 2025 00:06:12
 Pre-Type( Input ):           10
 Skl-Tol ( Input ):    1.0000000000000001E-005
 Wavelength in freespace: 0.031185

 ################################################
 ##         Generating Required Mesh          ##
 ##         Waiting.....                      ##
 ################################################
 Subd No.      Subd Name
    1    Open-Duct_PRIME_model_meshAA1                                     
 isub,  nnode, npatch,  nedge:
    1      6118     12236     18354
 Scale Factor         >>   1.54999997E-02
 ################################################

 START TIME: 20250922   021623.966


 Informaton for IE geometry:
 number of subdomains     : 1
 maxnode,maxpatch,maxedge : 6118  12236  18354
 
 Index of Mat-Reg: 1
 Mat-Reg Number via MatFlg: 1
 Edge Number of Mat-Reg: 1, 18354

 Number of Edge on PEC: 18354
 Mat-Reg: No Dim(m) Lmax:
    1 0.230    5
 Totlmax, add1, add2:           5           6           7
 rlengmax of Global MLFMA >>   0.22992046745584580     
 Lmax of Global MLFMA >>            5
 Wavenum of Mat-Reg:
    1 1.000

 total area in sq m           =      0.0510
 total area in sq lambda      =     52.4109
 maxnode, maxpatch, maxedge           =     6118    12236    18354
 longest  edge in lambda              =      0.1497
 shortest edge in lambda              =      0.0071
 average  edge in lambda              =      0.0999
 largest  patch area in sq lambda     =      0.0076
 smallest patch area in sq lambda     =      0.0000
 ave    surface area in sq lambda     =      0.0043
 size range of the object in sq lambda =      7.3575

 #### MLFMA Info For Each Region ####
 Mat-Region =            1
 Array dimension parameters:
 maxrule=          14   maxgrid  =          64
 lmax   =           5   ncmax    =        1250
 lsmax  =          26   lsmin    =           6
 kpm    =        1356   kp0      =          76
 ntlm   =      204640   nsm      =      205900
 nkpm   =        2152   niplm    =      137728
 ngnearm=       14257   ngsndm   =       64634
 nearm  =         333   mfinestm =         119
 ###############################

 CFIE Alpha:  0.50000000000000000     

 Fill MLFMA FI for Mat-Reg:           1
 Begin filltl.f
 fill translation matrix
 Level:            2
 fill shifting matrix
 Level:            3
 fill shifting matrix
 Level:            4
 fill shifting matrix
 Level:            5
 fill shifting matrix
 translator time(s):  0.102000006    
 fill interpolation matrix
 ThetaOrder            8
 PhiOrder            8
 lsl            6
 Filling TL                  Delta_CPU=          0.51 Memory(MB)=        586.87
 Filling sndgrp              Delta_CPU=          0.00 Memory(MB)=        586.87
 Filling VFS                 Delta_CPU=          2.34 Memory(MB)=        586.87

 Fill MLFMA NI for Mat-Reg:           1
 Begin fill sparser part of Nearfield
 Begin fill denser part of Nearfield
 End fill
 Filling Amn                 Delta_CPU=         91.05 Memory(MB)=        586.87


 Now testing preconditioner with
 ipretype =           10
 method = cfie_solve_nfrasspspre_pardiso

  
 NBP>>Begin fill sparser part of Nearfield

117.0656% NBP>>Begin fill denser part of Nearfield

200.1041%
 Begin MLFMA Box-Matrix Based Spar-RAS Prec Constructor
 --- Intel MKL PARDISO --- 
 Memory for iGroup: 1 0 MB
 Total Memory For SparRAS Pre: 0 MB
 --- PARDISO PRECONDITIONER INITIALIZED --- 
 Constructing preconditioner CPU time: 4 s
 
 1101240
 Memory for Iteration:: 16.8036 MB

 Iseg, Ninc_S : 1, 181, 0

 Iseg, Skeleton Angles: 1, 38
 Iseg, Skel-Pk Mem(MB): 1, 314.35

 Iseg, Irank, Idinc : 1, 1, 22
 Thata, Phi : 90.000000, 21.000000
 Maximun iteration: 300
 Number of recycle truncation: 30
 Final matrix dimension:  36708
 Residual error:0.001000
 0  6.071519e-01
 1  2.904927e-01
 2  1.659868e-01
 3  1.141345e-01
 4  8.114021e-02
 5  5.976999e-02
 6  4.573697e-02
 7  3.612312e-02
 8  2.846219e-02
 9  2.239933e-02
 10  1.744288e-02
 11  1.366644e-02
 12  1.122180e-02
 13  9.067396e-03
 14  7.567307e-03
 15  6.451579e-03
 16  5.485308e-03
 17  4.639612e-03
 18  4.038965e-03
 19  3.472893e-03
 20  2.981092e-03
 21  2.647464e-03
 22  2.375111e-03
 23  2.179868e-03
 24  1.948718e-03
 25  1.718639e-03
 26  1.491130e-03
 27  1.283442e-03
 28  1.082700e-03
 29  9.136455e-04
 Iteration CPU time: 7 s
 CFIE residual: 0.000913646

 Iseg, Irank, Idinc : 1, 2, 42
 Thata, Phi : 90.000000, 41.000000
 Maximun iteration: 300
 Number of recycle truncation: 30
 Final matrix dimension:  36708
 Residual error:0.001000
 0  6.232207e-01
 1  3.153306e-01
 2  2.006411e-01
 3  1.316041e-01
 4  9.047893e-02
 5  6.573475e-02
 6  4.858133e-02
 7  3.673724e-02
 8  2.824516e-02
 9  2.191015e-02
 10  1.732735e-02
 11  1.393096e-02
 12  1.122582e-02
 13  9.547952e-03
 14  8.059980e-03
 15  6.993318e-03
 16  6.251082e-03
 17  5.516089e-03
 18  4.937445e-03
 19  4.408789e-03
 20  3.835664e-03
 21  3.314792e-03
 22  2.858969e-03
 23  2.416772e-03
 24  1.964162e-03
 25  1.590542e-03
 26  1.288185e-03
 27  1.026383e-03
 28  8.004906e-04
 Iteration CPU time: 7 s
 CFIE residual: 0.000800491

 Iseg, Irank, Idinc : 1, 3, 64
 Thata, Phi : 90.000000, 63.000000
 Maximun iteration: 300
 Number of recycle truncation: 30
 Final matrix dimension:  36708
 Residual error:0.001000
 0  6.653106e-01
 1  3.574228e-01
 2  2.229848e-01
 3  1.445167e-01
 4  1.055685e-01
 5  7.985536e-02
 6  6.098773e-02
 7  4.866036e-02
 8  3.877080e-02
 9  3.083808e-02
 10  2.451815e-02
 11  1.981281e-02
 12  1.624867e-02
 13  1.369795e-02
 14  1.162434e-02
 15  1.027974e-02
 16  9.211602e-03
 17  8.208354e-03
 18  7.420161e-03
 19  6.516074e-03
 20  5.690499e-03
 21  4.949406e-03
 22  4.158273e-03
 23  3.434600e-03
 24  2.788755e-03
 25  2.207420e-03
 26  1.733765e-03
 27  1.319972e-03
 28  1.024005e-03
 29  7.919903e-04
 Iteration CPU time: 6 s
 CFIE residual: 0.00079199

 Iseg, Irank, Idinc : 1, 4, 109
 Thata, Phi : 90.000000, 108.000000
 Maximun iteration: 300
 Number of recycle truncation: 30
 Final matrix dimension:  36708
 Residual error:0.001000
 0  6.329217e-01
 1  3.585706e-01
 2  2.263003e-01
 3  1.547102e-01
 4  1.091561e-01
 5  8.191860e-02
 6  6.353774e-02
 7  4.909313e-02
 8  3.825189e-02
 9  3.046454e-02
 10  2.414107e-02
 11  1.910384e-02
 12  1.545521e-02
 13  1.260186e-02
 14  1.064028e-02
 15  8.955464e-03
 16  7.513192e-03
 17  6.560677e-03
 18  5.794814e-03
 19  5.101926e-03
 20  4.522237e-03
 21  4.069876e-03
 22  3.589274e-03
 23  3.153218e-03
 24  2.751508e-03
 25  2.370546e-03
 26  1.981516e-03
 27  1.636852e-03
 28  1.316353e-03
 29  1.039238e-03
 30  8.077935e-04
 Iteration CPU time: 6 s
 CFIE residual: 0.000807793

 Iseg, Irank, Idinc : 1, 5, 75
 Thata, Phi : 90.000000, 74.000000
 Maximun iteration: 300
 Number of recycle truncation: 30
 Final matrix dimension:  36708
 Residual error:0.001000
 0  6.428114e-01
 1  3.687046e-01
 2  2.392069e-01
 3  1.512389e-01
 4  1.061529e-01
 5  8.136127e-02
 6  6.331803e-02
 7  5.219222e-02
 8  4.131062e-02
 9  3.365590e-02
 10  2.697799e-02
 11  2.175188e-02
 12  1.779767e-02
 13  1.530172e-02
 14  1.325456e-02
 15  1.172109e-02
 16  1.062011e-02
 17  9.449670e-03
 18  8.470131e-03
 19  7.504697e-03
 20  6.719979e-03
 21  5.895171e-03
 22  5.094789e-03
 23  4.257884e-03
 24  3.528768e-03
 25  2.851851e-03
 26  2.329311e-03
 27  1.881305e-03
 28  1.530236e-03
 29  1.189283e-03
 30  9.251926e-04
 Iteration CPU time: 7 s
 CFIE residual: 0.000925193

 Iseg, Irank, Idinc : 1, 6, 146
 Thata, Phi : 90.000000, 145.000000
 Maximun iteration: 300
 Number of recycle truncation: 30
 Final matrix dimension:  36708
 Residual error:0.001000
 0  6.481593e-01
 1  3.440029e-01
 2  2.072408e-01
 3  1.455329e-01
 4  1.052075e-01
 5  8.186906e-02
 6  6.346764e-02
 7  5.089487e-02
 8  4.248310e-02
 9  3.521803e-02
 10  2.928279e-02
 11  2.431818e-02
 12  2.003522e-02
 13  1.586194e-02
 14  1.243562e-02
 15  1.019349e-02
 16  8.129940e-03
 17  6.747994e-03
 18  5.707708e-03
 19  4.675626e-03
 20  4.020840e-03
 21  3.471320e-03
 22  3.070353e-03
 23  2.722464e-03
 24  2.420054e-03
 25  2.174305e-03
 26  1.934218e-03
 27  1.712233e-03
 28  1.431067e-03
 29  1.191190e-03
 30  9.730359e-04
 Iteration CPU time: 7 s
 CFIE residual: 0.000973036

 Iseg, Irank, Idinc : 1, 7, 159
 Thata, Phi : 90.000000, 158.000000
 Maximun iteration: 300
 Number of recycle truncation: 30
 Final matrix dimension:  36708
 Residual error:0.001000
 0  6.031187e-01
 1  3.112714e-01
 2  1.884616e-01
 3  1.321031e-01
 4  1.005697e-01
 5  8.042947e-02
 6  6.431188e-02
 7  5.225903e-02
 8  4.444666e-02
 9  3.790642e-02
 10  3.186525e-02
 11  2.634676e-02
 12  2.133443e-02
 13  1.713844e-02
 14  1.395055e-02
 15  1.102702e-02
 16  8.756042e-03
 17  7.072921e-03
 18  5.885242e-03
 19  4.858148e-03
 20  3.995491e-03
 21  3.388180e-03
 22  2.952516e-03
 23  2.596198e-03
 24  2.296538e-03
 25  2.058793e-03
 26  1.830415e-03
 27  1.630626e-03
 28  1.438945e-03
 29  1.238448e-03
 30  1.064484e-03
 31  8.778955e-04
 Iteration CPU time: 7 s
 CFIE residual: 0.000877896

 Iseg, Irank, Idinc : 1, 8, 132
 Thata, Phi : 90.000000, 131.000000
 Maximun iteration: 300
 Number of recycle truncation: 30
 Final matrix dimension:  36708
 Residual error:0.001000
 0  6.850940e-01
 1  3.592617e-01
 2  2.309540e-01
 3  1.574908e-01
 4  1.126577e-01
 5  8.673173e-02
 6  6.610525e-02
 7  5.160426e-02
 8  4.112206e-02
 9  3.257137e-02
 10  2.591673e-02
 11  2.050534e-02
 12  1.653893e-02
 13  1.363336e-02
 14  1.124568e-02
 15  9.253442e-03
 16  7.700606e-03
 17  6.611722e-03
 18  5.722197e-03
 19  5.013673e-03
 20  4.491811e-03
 21  4.061177e-03
 22  3.620087e-03
 23  3.288355e-03
 24  2.878879e-03
 25  2.464655e-03
 26  2.125948e-03
 27  1.785263e-03
 28  1.533980e-03
 29  1.287859e-03
 30  1.066304e-03
 31  8.471642e-04
 Iteration CPU time: 7 s
 CFIE residual: 0.000847164

 Iseg, Irank, Idinc : 1, 9, 122
 Thata, Phi : 90.000000, 121.000000
 Maximun iteration: 300
 Number of recycle truncation: 30
 Final matrix dimension:  36708
 Residual error:0.001000
 0  6.534090e-01
 1  3.459568e-01
 2  2.270681e-01
 3  1.571795e-01
 4  1.113855e-01
 5  8.474752e-02
 6  6.477962e-02
 7  5.078282e-02
 8  3.862208e-02
 9  3.059014e-02
 10  2.390358e-02
 11  1.879936e-02
 12  1.517439e-02
 13  1.265446e-02
 14  1.069843e-02
 15  9.124641e-03
 16  7.866493e-03
 17  6.812902e-03
 18  5.997493e-03
 19  5.251397e-03
 20  4.611290e-03
 21  4.070058e-03
 22  3.658615e-03
 23  3.200834e-03
 24  2.788637e-03
 25  2.392739e-03
 26  2.062753e-03
 27  1.768574e-03
 28  1.470119e-03
 29  1.218219e-03
 30  9.689161e-04
 Iteration CPU time: 6 s
 CFIE residual: 0.000968916

 Iseg, Irank, Idinc : 1, 10, 89
 Thata, Phi : 90.000000, 88.000000
 Maximun iteration: 300
 Number of recycle truncation: 30
 Final matrix dimension:  36708
 Residual error:0.001000
 0  6.224797e-01
 1  3.570857e-01
 2  2.300661e-01
 3  1.561359e-01
 4  1.125386e-01
 5  8.836026e-02
 6  6.894871e-02
 7  5.479147e-02
 8  4.462286e-02
 9  3.579707e-02
 10  2.844107e-02
 11  2.251554e-02
 12  1.813373e-02
 13  1.482549e-02
 14  1.257840e-02
 15  1.095832e-02
 16  9.618021e-03
 17  8.602419e-03
 18  7.750594e-03
 19  6.941316e-03
 20  6.239857e-03
 21  5.507486e-03
 22  4.688277e-03
 23  3.904737e-03
 24  3.292687e-03
 25  2.694556e-03
 26  2.177607e-03
 27  1.729825e-03
 28  1.404864e-03
 29  1.078473e-03
 30  8.180242e-04
 Iteration CPU time: 6 s
 CFIE residual: 0.000818024

 Iseg, Irank, Idinc : 1, 11, 53
 Thata, Phi : 90.000000, 52.000000
 Maximun iteration: 300
 Number of recycle truncation: 30
 Final matrix dimension:  36708
 Residual error:0.001000
 0  6.442811e-01
 1  3.340444e-01
 2  2.075149e-01
 3  1.353598e-01
 4  9.653085e-02
 5  7.177340e-02
 6  5.522365e-02
 7  4.283855e-02
 8  3.338001e-02
 9  2.555349e-02
 10  2.027438e-02
 11  1.657459e-02
 12  1.365351e-02
 13  1.166827e-02
 14  1.006139e-02
 15  8.734189e-03
 16  7.846748e-03
 17  7.053776e-03
 18  6.245232e-03
 19  5.409348e-03
 20  4.727011e-03
 21  4.023582e-03
 22  3.400088e-03
 23  2.784495e-03
 24  2.260434e-03
 25  1.758708e-03
 26  1.371562e-03
 27  1.099393e-03
 28  8.619545e-04
 Iteration CPU time: 6 s
 CFIE residual: 0.000861954

 Iseg, Irank, Idinc : 1, 12, 32
 Thata, Phi : 90.000000, 31.000000
 Maximun iteration: 300
 Number of recycle truncation: 30
 Final matrix dimension:  36708
 Residual error:0.001000
 0  6.311983e-01
 1  3.056637e-01
 2  1.797970e-01
 3  1.141029e-01
 4  8.064564e-02
 5  5.986265e-02
 6  4.406253e-02
 7  3.388708e-02
 8  2.585487e-02
 9  2.023052e-02
 10  1.650468e-02
 11  1.311729e-02
 12  1.063192e-02
 13  8.884430e-03
 14  7.378937e-03
 15  6.247261e-03
 16  5.535202e-03
 17  4.767078e-03
 18  4.234105e-03
 19  3.757198e-03
 20  3.269180e-03
 21  2.885691e-03
 22  2.596650e-03
 23  2.311013e-03
 24  2.017790e-03
 25  1.725415e-03
 26  1.438811e-03
 27  1.198203e-03
 28  9.862858e-04
 Iteration CPU time: 6 s
 CFIE residual: 0.000986286

 Iseg, Irank, Idinc : 1, 13, 11
 Thata, Phi : 90.000000, 10.000000
 Maximun iteration: 300
 Number of recycle truncation: 30
 Final matrix dimension:  36708
 Residual error:0.001000
 0  5.365791e-01
 1  2.751529e-01
 2  1.722302e-01
 3  1.229008e-01
 4  8.828819e-02
 5  6.702945e-02
 6  5.126484e-02
 7  3.996421e-02
 8  3.083168e-02
 9  2.427355e-02
 10  1.923210e-02
 11  1.498211e-02
 12  1.164190e-02
 13  9.358218e-03
 14  7.660158e-03
 15  6.388291e-03
 16  5.504945e-03
 17  4.599523e-03
 18  4.013924e-03
 19  3.516842e-03
 20  3.057491e-03
 21  2.652696e-03
 22  2.377174e-03
 23  2.137517e-03
 24  1.888958e-03
 25  1.689654e-03
 26  1.512193e-03
 27  1.358141e-03
 28  1.172096e-03
 29  1.002992e-03
 30  8.485891e-04
 Iteration CPU time: 7 s
 CFIE residual: 0.000848589

 Iseg, Irank, Idinc : 1, 14, 178
 Thata, Phi : 90.000000, 177.000000
 Maximun iteration: 300
 Number of recycle truncation: 30
 Final matrix dimension:  36708
 Residual error:0.001000
 0  5.521961e-01
 1  2.992544e-01
 2  1.910168e-01
 3  1.364072e-01
 4  1.065183e-01
 5  8.272828e-02
 6  6.769998e-02
 7  5.533089e-02
 8  4.451683e-02
 9  3.544544e-02
 10  2.799667e-02
 11  2.202143e-02
 12  1.728148e-02
 13  1.360178e-02
 14  1.066066e-02
 15  8.338034e-03
 16  6.743571e-03
 17  5.556725e-03
 18  4.563483e-03
 19  3.772653e-03
 20  3.162080e-03
 21  2.670701e-03
 22  2.340394e-03
 23  2.068000e-03
 24  1.827802e-03
 25  1.604495e-03
 26  1.442267e-03
 27  1.301676e-03
 28  1.143045e-03
 29  9.964191e-04
 Iteration CPU time: 7 s
 CFIE residual: 0.000996419

 Iseg, Irank, Idinc : 1, 15, 97
 Thata, Phi : 90.000000, 96.000000
 Maximun iteration: 300
 Number of recycle truncation: 30
 Final matrix dimension:  36708
 Residual error:0.001000
 0  6.202782e-01
 1  3.558181e-01
 2  2.246664e-01
 3  1.501186e-01
 4  1.075220e-01
 5  8.192020e-02
 6  6.406614e-02
 7  5.132332e-02
 8  4.085002e-02
 9  3.267383e-02
 10  2.582302e-02
 11  2.060041e-02
 12  1.680348e-02
 13  1.389385e-02
 14  1.161796e-02
 15  1.011277e-02
 16  8.715682e-03
 17  7.764485e-03
 18  7.009581e-03
 19  6.286436e-03
 20  5.702502e-03
 21  5.117589e-03
 22  4.460327e-03
 23  3.827235e-03
 24  3.290504e-03
 25  2.760350e-03
 26  2.268996e-03
 27  1.854602e-03
 28  1.479382e-03
 29  1.150561e-03
 30  8.890374e-04
 Iteration CPU time: 7 s
 CFIE residual: 0.000889037

 Iseg, Irank, Idinc : 1, 16, 82
 Thata, Phi : 90.000000, 81.000000
 Maximun iteration: 300
 Number of recycle truncation: 30
 Final matrix dimension:  36708
 Residual error:0.001000
 0  6.266374e-01
 1  3.582660e-01
 2  2.321284e-01
 3  1.548536e-01
 4  1.112763e-01
 5  8.751649e-02
 6  6.718103e-02
 7  5.389848e-02
 8  4.412543e-02
 9  3.442438e-02
 10  2.745980e-02
 11  2.180597e-02
 12  1.776456e-02
 13  1.473166e-02
 14  1.272913e-02
 15  1.115693e-02
 16  9.826407e-03
 17  8.780031e-03
 18  7.949640e-03
 19  7.043567e-03
 20  6.269248e-03
 21  5.520605e-03
 22  4.734282e-03
 23  3.995845e-03
 24  3.331462e-03
 25  2.721221e-03
 26  2.237740e-03
 27  1.812775e-03
 28  1.475114e-03
 29  1.152467e-03
 30  9.111478e-04
 Iteration CPU time: 7 s
 CFIE residual: 0.000911148

 Iseg, Irank, Idinc : 1, 17, 1
 Thata, Phi : 90.000000, 0.000000
 Maximun iteration: 300
 Number of recycle truncation: 30
 Final matrix dimension:  36708
 Residual error:0.001000
 0  5.042699e-01
 1  2.669606e-01
 2  1.733883e-01
 3  1.203701e-01
 4  8.609916e-02
 5  6.433750e-02
 6  4.927945e-02
 7  3.763382e-02
 8  2.957956e-02
 9  2.235080e-02
 10  1.717215e-02
 11  1.354661e-02
 12  1.085991e-02
 13  8.763106e-03
 14  7.178407e-03
 15  5.724940e-03
 16  4.755184e-03
 17  3.998047e-03
 18  3.450237e-03
 19  2.991313e-03
 20  2.659618e-03
 21  2.408685e-03
 22  2.122876e-03
 23  1.860376e-03
 24  1.650695e-03
 25  1.482265e-03
 26  1.334500e-03
 27  1.164298e-03
 28  9.901678e-04
 Iteration CPU time: 6 s
 CFIE residual: 0.000990168

 Iseg, Irank, Idinc : 1, 18, 167
 Thata, Phi : 90.000000, 166.000000
 Maximun iteration: 300
 Number of recycle truncation: 30
 Final matrix dimension:  36708
 Residual error:0.001000
 0  5.734582e-01
 1  3.009241e-01
 2  1.870976e-01
 3  1.349063e-01
 4  1.047214e-01
 5  8.412205e-02
 6  6.857959e-02
 7  5.587353e-02
 8  4.654502e-02
 9  3.925077e-02
 10  3.285034e-02
 11  2.693750e-02
 12  2.194039e-02
 13  1.747013e-02
 14  1.424928e-02
 15  1.138128e-02
 16  9.219237e-03
 17  7.571343e-03
 18  6.183365e-03
 19  4.998422e-03
 20  4.076132e-03
 21  3.411474e-03
 22  2.898821e-03
 23  2.516735e-03
 24  2.186878e-03
 25  1.912654e-03
 26  1.690285e-03
 27  1.513893e-03
 28  1.370741e-03
 29  1.219327e-03
 30  1.074355e-03
 31  9.173085e-04
 Iteration CPU time: 8 s
 CFIE residual: 0.000917308

 Iseg, Irank, Idinc : 1, 19, 115
 Thata, Phi : 90.000000, 114.000000
 Maximun iteration: 300
 Number of recycle truncation: 30
 Final matrix dimension:  36708
 Residual error:0.001000
 0  6.458405e-01
 1  3.516976e-01
 2  2.237716e-01
 3  1.549949e-01
 4  1.094094e-01
 5  8.234497e-02
 6  6.333280e-02
 7  4.874932e-02
 8  3.759316e-02
 9  2.997810e-02
 10  2.359998e-02
 11  1.872623e-02
 12  1.512140e-02
 13  1.264016e-02
 14  1.061443e-02
 15  8.885466e-03
 16  7.591896e-03
 17  6.582768e-03
 18  5.696497e-03
 19  5.040260e-03
 20  4.460811e-03
 21  3.963072e-03
 22  3.529776e-03
 23  3.110807e-03
 24  2.684392e-03
 25  2.311947e-03
 26  1.962411e-03
 27  1.666675e-03
 28  1.351926e-03
 29  1.075444e-03
 30  8.317009e-04
 Iteration CPU time: 6 s
 CFIE residual: 0.000831701

 Iseg, Irank, Idinc : 1, 20, 152
 Thata, Phi : 90.000000, 151.000000
 Maximun iteration: 300
 Number of recycle truncation: 30
 Final matrix dimension:  36708
 Residual error:0.001000
 0  6.282673e-01
 1  3.305799e-01
 2  1.994206e-01
 3  1.396808e-01
 4  1.029368e-01
 5  8.080535e-02
 6  6.395754e-02
 7  5.146381e-02
 8  4.351667e-02
 9  3.656734e-02
 10  3.066676e-02
 11  2.519065e-02
 12  2.040137e-02
 13  1.589641e-02
 14  1.271782e-02
 15  1.023977e-02
 16  8.052722e-03
 17  6.714230e-03
 18  5.618785e-03
 19  4.649017e-03
 20  3.860018e-03
 21  3.314992e-03
 22  2.869305e-03
 23  2.573088e-03
 24  2.295444e-03
 25  2.026640e-03
 26  1.808180e-03
 27  1.583724e-03
 28  1.343958e-03
 29  1.125057e-03
 30  9.300087e-04
 Iteration CPU time: 6 s
 CFIE residual: 0.000930009

 Iseg, Irank, Idinc : 1, 21, 181
 Thata, Phi : 90.000000, 180.000000
 Maximun iteration: 300
 Number of recycle truncation: 30
 Final matrix dimension:  36708
 Residual error:0.001000
 0  5.508244e-01
 1  2.992744e-01
 2  1.910699e-01
 3  1.363128e-01
 4  1.063059e-01
 5  8.224192e-02
 6  6.721674e-02
 7  5.496986e-02
 8  4.408182e-02
 9  3.490433e-02
 10  2.715271e-02
 11  2.094692e-02
 12  1.589625e-02
 13  1.208261e-02
 14  9.298060e-03
 15  7.104735e-03
 16  5.612728e-03
 17  4.633110e-03
 18  3.774247e-03
 19  3.138187e-03
 20  2.685585e-03
 21  2.331486e-03
 22  2.067235e-03
 23  1.842293e-03
 24  1.658225e-03
 25  1.478008e-03
 26  1.339259e-03
 27  1.186234e-03
 28  1.022274e-03
 29  8.608215e-04
 Iteration CPU time: 7 s
 CFIE residual: 0.000860822

 Iseg, Irank, Idinc : 1, 22, 16
 Thata, Phi : 90.000000, 15.000000
 Maximun iteration: 300
 Number of recycle truncation: 30
 Final matrix dimension:  36708
 Residual error:0.001000
 0  5.675440e-01
 1  2.817836e-01
 2  1.700309e-01
 3  1.205292e-01
 4  8.612770e-02
 5  6.482469e-02
 6  4.992457e-02
 7  3.952129e-02
 8  3.077923e-02
 9  2.393943e-02
 10  1.869583e-02
 11  1.482718e-02
 12  1.166809e-02
 13  9.299291e-03
 14  7.684777e-03
 15  6.451417e-03
 16  5.526020e-03
 17  4.682190e-03
 18  4.085048e-03
 19  3.516425e-03
 20  3.045157e-03
 21  2.664236e-03
 22  2.386151e-03
 23  2.182352e-03
 24  1.931624e-03
 25  1.717178e-03
 26  1.523617e-03
 27  1.344425e-03
 28  1.147013e-03
 29  9.783041e-04
 Iteration CPU time: 7 s
 CFIE residual: 0.000978304

 Iseg, Irank, Idinc : 1, 23, 59
 Thata, Phi : 90.000000, 58.000000
 Maximun iteration: 300
 Number of recycle truncation: 30
 Final matrix dimension:  36708
 Residual error:0.001000
 0  6.611840e-01
 1  3.454820e-01
 2  2.156474e-01
 3  1.377663e-01
 4  9.853130e-02
 5  7.258542e-02
 6  5.665908e-02
 7  4.547140e-02
 8  3.622370e-02
 9  2.796602e-02
 10  2.173665e-02
 11  1.777424e-02
 12  1.462418e-02
 13  1.237249e-02
 14  1.059947e-02
 15  9.291833e-03
 16  8.318675e-03
 17  7.404449e-03
 18  6.686656e-03
 19  5.793090e-03
 20  5.037201e-03
 21  4.344838e-03
 22  3.668041e-03
 23  2.961439e-03
 24  2.415252e-03
 25  1.882578e-03
 26  1.476115e-03
 27  1.135429e-03
 28  8.931664e-04
 Iteration CPU time: 6 s
 CFIE residual: 0.000893166

 Iseg, Irank, Idinc : 1, 24, 139
 Thata, Phi : 90.000000, 138.000000
 Maximun iteration: 300
 Number of recycle truncation: 30
 Final matrix dimension:  36708
 Residual error:0.001000
 0  6.887355e-01
 1  3.543978e-01
 2  2.202252e-01
 3  1.525834e-01
 4  1.109746e-01
 5  8.485860e-02
 6  6.367628e-02
 7  5.063366e-02
 8  4.188098e-02
 9  3.362740e-02
 10  2.735656e-02
 11  2.221109e-02
 12  1.862149e-02
 13  1.471678e-02
 14  1.178129e-02
 15  9.481840e-03
 16  7.921951e-03
 17  6.558315e-03
 18  5.635201e-03
 19  4.812771e-03
 20  4.258385e-03
 21  3.821667e-03
 22  3.425402e-03
 23  3.056157e-03
 24  2.714907e-03
 25  2.379906e-03
 26  2.076624e-03
 27  1.757183e-03
 28  1.457477e-03
 29  1.210742e-03
 30  9.884146e-04
 Iteration CPU time: 7 s
 CFIE residual: 0.000988415

 Iseg, Irank, Idinc : 1, 25, 5
 Thata, Phi : 90.000000, 4.000000
 Maximun iteration: 300
 Number of recycle truncation: 30
 Final matrix dimension:  36708
 Residual error:0.001000
 0  5.103973e-01
 1  2.686358e-01
 2  1.730888e-01
 3  1.211588e-01
 4  8.727170e-02
 5  6.592914e-02
 6  5.042132e-02
 7  3.802760e-02
 8  2.933517e-02
 9  2.272182e-02
 10  1.801649e-02
 11  1.448736e-02
 12  1.145537e-02
 13  9.113592e-03
 14  7.499735e-03
 15  6.264979e-03
 16  5.297935e-03
 17  4.450058e-03
 18  3.811573e-03
 19  3.371904e-03
 20  2.948865e-03
 21  2.568668e-03
 22  2.302966e-03
 23  2.052469e-03
 24  1.806784e-03
 25  1.605029e-03
 26  1.455315e-03
 27  1.299091e-03
 28  1.143836e-03
 29  9.632821e-04
 Iteration CPU time: 7 s
 CFIE residual: 0.000963282

 Iseg, Irank, Idinc : 1, 26, 103
 Thata, Phi : 90.000000, 102.000000
 Maximun iteration: 300
 Number of recycle truncation: 30
 Final matrix dimension:  36708
 Residual error:0.001000
 0  6.197687e-01
 1  3.557147e-01
 2  2.245945e-01
 3  1.516311e-01
 4  1.059320e-01
 5  7.996035e-02
 6  6.214935e-02
 7  4.863410e-02
 8  3.837689e-02
 9  3.038405e-02
 10  2.483664e-02
 11  1.969487e-02
 12  1.600372e-02
 13  1.314381e-02
 14  1.097847e-02
 15  9.295166e-03
 16  7.975583e-03
 17  7.012438e-03
 18  6.274373e-03
 19  5.594895e-03
 20  5.026150e-03
 21  4.529076e-03
 22  4.004492e-03
 23  3.496419e-03
 24  3.030460e-03
 25  2.566714e-03
 26  2.151416e-03
 27  1.774129e-03
 28  1.445050e-03
 29  1.160430e-03
 30  9.089108e-04
 Iteration CPU time: 7 s
 CFIE residual: 0.000908911

 Iseg, Irank, Idinc : 1, 27, 173
 Thata, Phi : 90.000000, 172.000000
 Maximun iteration: 300
 Number of recycle truncation: 30
 Final matrix dimension:  36708
 Residual error:0.001000
 0  5.592633e-01
 1  2.993228e-01
 2  1.902667e-01
 3  1.366119e-01
 4  1.069423e-01
 5  8.436669e-02
 6  6.921896e-02
 7  5.636764e-02
 8  4.606151e-02
 9  3.780286e-02
 10  3.096401e-02
 11  2.514064e-02
 12  2.033700e-02
 13  1.616110e-02
 14  1.320870e-02
 15  1.058809e-02
 16  8.634781e-03
 17  6.975621e-03
 18  5.668526e-03
 19  4.601197e-03
 20  3.784480e-03
 21  3.156846e-03
 22  2.714110e-03
 23  2.351129e-03
 24  2.039161e-03
 25  1.780461e-03
 26  1.568990e-03
 27  1.408407e-03
 28  1.263214e-03
 29  1.121954e-03
 30  9.977707e-04
 Iteration CPU time: 7 s
 CFIE residual: 0.000997771

 Iseg, Irank, Idinc : 1, 28, 37
 Thata, Phi : 90.000000, 36.000000
 Maximun iteration: 300
 Number of recycle truncation: 30
 Final matrix dimension:  36708
 Residual error:0.001000
 0  6.214277e-01
 1  3.121967e-01
 2  1.931480e-01
 3  1.233277e-01
 4  8.470430e-02
 5  6.210449e-02
 6  4.568245e-02
 7  3.488634e-02
 8  2.661354e-02
 9  2.046683e-02
 10  1.641456e-02
 11  1.324968e-02
 12  1.078033e-02
 13  9.122477e-03
 14  7.577937e-03
 15  6.512626e-03
 16  5.796311e-03
 17  5.022147e-03
 18  4.473922e-03
 19  3.994598e-03
 20  3.480405e-03
 21  3.046690e-03
 22  2.682758e-03
 23  2.336149e-03
 24  1.984400e-03
 25  1.659711e-03
 26  1.369117e-03
 27  1.111754e-03
 28  8.912312e-04
 Iteration CPU time: 6 s
 CFIE residual: 0.000891231

 Iseg, Irank, Idinc : 1, 29, 70
 Thata, Phi : 90.000000, 69.000000
 Maximun iteration: 300
 Number of recycle truncation: 30
 Final matrix dimension:  36708
 Residual error:0.001000
 0  6.560556e-01
 1  3.678545e-01
 2  2.343997e-01
 3  1.517880e-01
 4  1.101576e-01
 5  8.376824e-02
 6  6.463293e-02
 7  5.215214e-02
 8  4.195080e-02
 9  3.420876e-02
 10  2.759655e-02
 11  2.216859e-02
 12  1.801439e-02
 13  1.527701e-02
 14  1.304074e-02
 15  1.169118e-02
 16  1.054827e-02
 17  9.452523e-03
 18  8.401200e-03
 19  7.469702e-03
 20  6.652812e-03
 21  5.848180e-03
 22  5.027971e-03
 23  4.243463e-03
 24  3.468085e-03
 25  2.765922e-03
 26  2.222294e-03
 27  1.782568e-03
 28  1.396733e-03
 29  1.082699e-03
 30  8.483613e-04
 Iteration CPU time: 7 s
 CFIE residual: 0.000848361

 Iseg, Irank, Idinc : 1, 30, 127
 Thata, Phi : 90.000000, 126.000000
 Maximun iteration: 300
 Number of recycle truncation: 30
 Final matrix dimension:  36708
 Residual error:0.001000
 0  6.620148e-01
 1  3.505429e-01
 2  2.293317e-01
 3  1.570201e-01
 4  1.122502e-01
 5  8.672133e-02
 6  6.605633e-02
 7  5.138233e-02
 8  4.000688e-02
 9  3.183316e-02
 10  2.463858e-02
 11  1.944904e-02
 12  1.576740e-02
 13  1.302782e-02
 14  1.080030e-02
 15  9.223118e-03
 16  7.795426e-03
 17  6.785913e-03
 18  5.982769e-03
 19  5.188074e-03
 20  4.590573e-03
 21  4.122946e-03
 22  3.694861e-03
 23  3.298420e-03
 24  2.872321e-03
 25  2.480440e-03
 26  2.161323e-03
 27  1.845465e-03
 28  1.627750e-03
 29  1.368722e-03
 30  1.115310e-03
 31  8.830403e-04
 Iteration CPU time: 7 s
 CFIE residual: 0.00088304

 Iseg, Irank, Idinc : 1, 31, 3
 Thata, Phi : 90.000000, 2.000000
 Maximun iteration: 300
 Number of recycle truncation: 30
 Final matrix dimension:  36708
 Residual error:0.001000
 0  5.058681e-01
 1  2.673990e-01
 2  1.732999e-01
 3  1.205651e-01
 4  8.641412e-02
 5  6.481388e-02
 6  4.963832e-02
 7  3.766112e-02
 8  2.942537e-02
 9  2.236527e-02
 10  1.732764e-02
 11  1.396019e-02
 12  1.123357e-02
 13  8.952210e-03
 14  7.341411e-03
 15  6.047045e-03
 16  5.122036e-03
 17  4.330446e-03
 18  3.716543e-03
 19  3.269914e-03
 20  2.872382e-03
 21  2.522562e-03
 22  2.260247e-03
 23  2.008611e-03
 24  1.763241e-03
 25  1.569243e-03
 26  1.425967e-03
 27  1.260226e-03
 28  1.101826e-03
 29  9.205344e-04
 Iteration CPU time: 7 s
 CFIE residual: 0.000920534

 Iseg, Irank, Idinc : 1, 32, 163
 Thata, Phi : 90.000000, 162.000000
 Maximun iteration: 300
 Number of recycle truncation: 30
 Final matrix dimension:  36708
 Residual error:0.001000
 0  5.869039e-01
 1  3.043002e-01
 2  1.857055e-01
 3  1.324207e-01
 4  1.020488e-01
 5  8.227690e-02
 6  6.636431e-02
 7  5.409555e-02
 8  4.550779e-02
 9  3.877010e-02
 10  3.263033e-02
 11  2.708467e-02
 12  2.217952e-02
 13  1.763840e-02
 14  1.442796e-02
 15  1.143208e-02
 16  9.140623e-03
 17  7.603004e-03
 18  6.247053e-03
 19  5.010238e-03
 20  4.111684e-03
 21  3.494532e-03
 22  2.960430e-03
 23  2.579143e-03
 24  2.259034e-03
 25  1.979917e-03
 26  1.767714e-03
 27  1.589381e-03
 28  1.426609e-03
 29  1.251361e-03
 30  1.090288e-03
 31  9.173556e-04
 Iteration CPU time: 7 s
 CFIE residual: 0.000917356

 Iseg, Irank, Idinc : 1, 33, 47
 Thata, Phi : 90.000000, 46.000000
 Maximun iteration: 300
 Number of recycle truncation: 30
 Final matrix dimension:  36708
 Residual error:0.001000
 0  6.317064e-01
 1  3.218753e-01
 2  2.039111e-01
 3  1.351070e-01
 4  9.517713e-02
 5  6.999862e-02
 6  5.263347e-02
 7  4.046832e-02
 8  3.124230e-02
 9  2.434929e-02
 10  1.916189e-02
 11  1.538247e-02
 12  1.249372e-02
 13  1.056014e-02
 14  8.986258e-03
 15  7.808692e-03
 16  6.994537e-03
 17  6.240334e-03
 18  5.540380e-03
 19  4.821201e-03
 20  4.221693e-03
 21  3.609854e-03
 22  3.120865e-03
 23  2.580276e-03
 24  2.075465e-03
 25  1.681780e-03
 26  1.310294e-03
 27  1.050717e-03
 28  8.326684e-04
 Iteration CPU time: 7 s
 CFIE residual: 0.000832668

 Iseg, Irank, Idinc : 1, 34, 26
 Thata, Phi : 90.000000, 25.000000
 Maximun iteration: 300
 Number of recycle truncation: 30
 Final matrix dimension:  36708
 Residual error:0.001000
 0  6.264057e-01
 1  2.966231e-01
 2  1.674583e-01
 3  1.106282e-01
 4  7.841551e-02
 5  5.782379e-02
 6  4.347054e-02
 7  3.373252e-02
 8  2.638992e-02
 9  2.076599e-02
 10  1.650277e-02
 11  1.286573e-02
 12  1.063247e-02
 13  8.729183e-03
 14  7.272060e-03
 15  6.264350e-03
 16  5.385900e-03
 17  4.571387e-03
 18  4.009243e-03
 19  3.499339e-03
 20  3.029317e-03
 21  2.683359e-03
 22  2.423682e-03
 23  2.212833e-03
 24  1.975091e-03
 25  1.717610e-03
 26  1.476581e-03
 27  1.260669e-03
 28  1.051443e-03
 29  8.802977e-04
 Iteration CPU time: 7 s
 CFIE residual: 0.000880298

 Iseg, Irank, Idinc : 1, 35, 180
 Thata, Phi : 90.000000, 179.000000
 Maximun iteration: 300
 Number of recycle truncation: 30
 Final matrix dimension:  36708
 Residual error:0.001000
 0  5.509955e-01
 1  2.992753e-01
 2  1.910682e-01
 3  1.363262e-01
 4  1.063327e-01
 5  8.230002e-02
 6  6.727634e-02
 7  5.501707e-02
 8  4.413892e-02
 9  3.497228e-02
 10  2.726376e-02
 11  2.109832e-02
 12  1.614415e-02
 13  1.240437e-02
 14  9.573085e-03
 15  7.363379e-03
 16  5.865895e-03
 17  4.895144e-03
 18  4.030820e-03
 19  3.362394e-03
 20  2.854629e-03
 21  2.460584e-03
 22  2.179357e-03
 23  1.947261e-03
 24  1.731825e-03
 25  1.529066e-03
 26  1.385005e-03
 27  1.239193e-03
 28  1.072194e-03
 29  9.141830e-04
 Iteration CPU time: 6 s
 CFIE residual: 0.000914183

 Iseg, Irank, Idinc : 1, 36, 93
 Thata, Phi : 90.000000, 92.000000
 Maximun iteration: 300
 Number of recycle truncation: 30
 Final matrix dimension:  36708
 Residual error:0.001000
 0  6.222345e-01
 1  3.578214e-01
 2  2.277657e-01
 3  1.518149e-01
 4  1.101661e-01
 5  8.595266e-02
 6  6.778451e-02
 7  5.386991e-02
 8  4.340577e-02
 9  3.504788e-02
 10  2.752734e-02
 11  2.202091e-02
 12  1.796093e-02
 13  1.469495e-02
 14  1.245644e-02
 15  1.075603e-02
 16  9.328283e-03
 17  8.324612e-03
 18  7.488202e-03
 19  6.697008e-03
 20  6.070301e-03
 21  5.401785e-03
 22  4.631917e-03
 23  3.908467e-03
 24  3.356388e-03
 25  2.775898e-03
 26  2.261512e-03
 27  1.803005e-03
 28  1.435969e-03
 29  1.077115e-03
 30  8.136914e-04
 Iteration CPU time: 7 s
 CFIE residual: 0.000813691

 Iseg, Irank, Idinc : 1, 37, 143
 Thata, Phi : 90.000000, 142.000000
 Maximun iteration: 300
 Number of recycle truncation: 30
 Final matrix dimension:  36708
 Residual error:0.001000
 0  6.646597e-01
 1  3.486261e-01
 2  2.113051e-01
 3  1.476852e-01
 4  1.071559e-01
 5  8.294012e-02
 6  6.318567e-02
 7  5.053988e-02
 8  4.188442e-02
 9  3.426587e-02
 10  2.853259e-02
 11  2.359222e-02
 12  1.959270e-02
 13  1.536803e-02
 14  1.210734e-02
 15  9.904561e-03
 16  8.049067e-03
 17  6.670926e-03
 18  5.656510e-03
 19  4.727502e-03
 20  4.102948e-03
 21  3.623186e-03
 22  3.242409e-03
 23  2.875207e-03
 24  2.559581e-03
 25  2.292137e-03
 26  2.033073e-03
 27  1.769448e-03
 28  1.460785e-03
 29  1.202197e-03
 30  9.801658e-04
 Iteration CPU time: 7 s
 CFIE residual: 0.000980166

 Iseg, Irank, Idinc : 1, 38, 8
 Thata, Phi : 90.000000, 7.000000
 Maximun iteration: 300
 Number of recycle truncation: 30
 Final matrix dimension:  36708
 Residual error:0.001000
 0  5.215901e-01
 1  2.715498e-01
 2  1.727289e-01
 3  1.224192e-01
 4  8.844496e-02
 5  6.715989e-02
 6  5.122495e-02
 7  3.904901e-02
 8  3.004763e-02
 9  2.380841e-02
 10  1.888657e-02
 11  1.480680e-02
 12  1.158457e-02
 13  9.252142e-03
 14  7.619569e-03
 15  6.359529e-03
 16  5.425712e-03
 17  4.530794e-03
 18  3.910746e-03
 19  3.460437e-03
 20  3.017779e-03
 21  2.618193e-03
 22  2.346424e-03
 23  2.096696e-03
 24  1.849579e-03
 25  1.652862e-03
 26  1.488831e-03
 27  1.337879e-03
 28  1.169639e-03
 29  9.990426e-04
 Iteration CPU time: 7 s
 CFIE residual: 0.000999043
 Last Built End in Sep 21 2025 00:06:12
 Total CPU time: 277 s
 Finished.
