 Last Built Begin in Sep 21 2025 00:06:12
 Pre-Type( Input ):           10
 Skl-Tol ( Input ):    1.0000000000000001E-005
 Wavelength in freespace: 0.02997

 ################################################
 ##         Generating Required Mesh          ##
 ##         Waiting.....                      ##
 ################################################
 Subd No.      Subd Name
    1    Open-Duct_PRIME_model_meshAA1                                     
 isub,  nnode, npatch,  nedge:
    1      6118     12236     18354
 Scale Factor         >>   1.54999997E-02
 ################################################

 START TIME: 20250922   051846.464


 Informaton for IE geometry:
 number of subdomains     : 1
 maxnode,maxpatch,maxedge : 6118  12236  18354
 
 Index of Mat-Reg: 1
 Mat-Reg Number via MatFlg: 1
 Edge Number of Mat-Reg: 1, 18354

 Number of Edge on PEC: 18354
 Mat-Reg: No Dim(m) Lmax:
    1 0.239    5
 Totlmax, add1, add2:           5           6           7
 rlengmax of Global MLFMA >>   0.23924156748783959     
 Lmax of Global MLFMA >>            5
 Wavenum of Mat-Reg:
    1 1.000

 total area in sq m           =      0.0510
 total area in sq lambda      =     56.7466
 maxnode, maxpatch, maxedge           =     6118    12236    18354
 longest  edge in lambda              =      0.1557
 shortest edge in lambda              =      0.0074
 average  edge in lambda              =      0.1040
 largest  patch area in sq lambda     =      0.0082
 smallest patch area in sq lambda     =      0.0000
 ave    surface area in sq lambda     =      0.0046
 size range of the object in sq lambda =      7.6557

 #### MLFMA Info For Each Region ####
 Mat-Region =            1
 Array dimension parameters:
 maxrule=          14   maxgrid  =          64
 lmax   =           5   ncmax    =        1250
 lsmax  =          27   lsmin    =           7
 kpm    =        1462   kp0      =         102
 ntlm   =      217096   nsm      =      232158
 nkpm   =        2284   niplm    =      146176
 ngnearm=       14257   ngsndm   =       64634
 nearm  =         333   mfinestm =         119
 ###############################

 CFIE Alpha:  0.50000000000000000     

 Fill MLFMA FI for Mat-Reg:           1
 Begin filltl.f
 fill translation matrix
 Level:            2
 fill shifting matrix
 Level:            3
 fill shifting matrix
 Level:            4
 fill shifting matrix
 Level:            5
 fill shifting matrix
 translator time(s):  0.123000003    
 fill interpolation matrix
 ThetaOrder            8
 PhiOrder            8
 lsl            7
 Filling TL                  Delta_CPU=          0.55 Memory(MB)=        653.98
 Filling sndgrp              Delta_CPU=          0.00 Memory(MB)=        653.98
 Filling VFS                 Delta_CPU=          3.23 Memory(MB)=        653.98

 Fill MLFMA NI for Mat-Reg:           1
 Begin fill sparser part of Nearfield
 Begin fill denser part of Nearfield
 End fill
 Filling Amn                 Delta_CPU=         90.80 Memory(MB)=        653.98


 Now testing preconditioner with
 ipretype =           10
 method = cfie_solve_nfrasspspre_pardiso

  
 NBP>>Begin fill sparser part of Nearfield

113.9438% NBP>>Begin fill denser part of Nearfield

200.1041%
 Begin MLFMA Box-Matrix Based Spar-RAS Prec Constructor
 --- Intel MKL PARDISO --- 
 Memory for iGroup: 1 0 MB
 Total Memory For SparRAS Pre: 0 MB
 --- PARDISO PRECONDITIONER INITIALIZED --- 
 Constructing preconditioner CPU time: 4 s
 
 1101240
 Memory for Iteration:: 16.8036 MB

 Iseg, Ninc_S : 1, 181, 0

 Iseg, Skeleton Angles: 1, 40
 Iseg, Skel-Pk Mem(MB): 1, 314.35

 Iseg, Irank, Idinc : 1, 1, 42
 Thata, Phi : 90.000000, 41.000000
 Maximun iteration: 300
 Number of recycle truncation: 30
 Final matrix dimension:  36708
 Residual error:0.001000
 0  6.293631e-01
 1  3.150785e-01
 2  1.991502e-01
 3  1.284663e-01
 4  8.791503e-02
 5  6.469965e-02
 6  4.780337e-02
 7  3.676024e-02
 8  2.804028e-02
 9  2.094599e-02
 10  1.595266e-02
 11  1.243494e-02
 12  9.884193e-03
 13  8.067852e-03
 14  6.514701e-03
 15  5.107199e-03
 16  4.097438e-03
 17  3.375984e-03
 18  2.820230e-03
 19  2.401976e-03
 20  2.028380e-03
 21  1.732518e-03
 22  1.536427e-03
 23  1.395024e-03
 24  1.291443e-03
 25  1.219388e-03
 26  1.161816e-03
 27  1.113850e-03
 28  1.075752e-03
 29  1.037217e-03
 30  9.999307e-04
 Iteration CPU time: 7 s
 CFIE residual: 0.000999931

 Iseg, Irank, Idinc : 1, 2, 22
 Thata, Phi : 90.000000, 21.000000
 Maximun iteration: 300
 Number of recycle truncation: 30
 Final matrix dimension:  36708
 Residual error:0.001000
 0  6.207082e-01
 1  2.925543e-01
 2  1.688953e-01
 3  1.139645e-01
 4  7.969004e-02
 5  5.912360e-02
 6  4.507089e-02
 7  3.482148e-02
 8  2.782816e-02
 9  2.236763e-02
 10  1.774318e-02
 11  1.385245e-02
 12  1.116423e-02
 13  9.002981e-03
 14  7.606520e-03
 15  6.213923e-03
 16  5.049369e-03
 17  4.159301e-03
 18  3.438845e-03
 19  2.935865e-03
 20  2.424711e-03
 21  1.988602e-03
 22  1.630934e-03
 23  1.401710e-03
 24  1.212046e-03
 25  1.068631e-03
 26  9.537845e-04
 Iteration CPU time: 6 s
 CFIE residual: 0.000953785

 Iseg, Irank, Idinc : 1, 3, 109
 Thata, Phi : 90.000000, 108.000000
 Maximun iteration: 300
 Number of recycle truncation: 30
 Final matrix dimension:  36708
 Residual error:0.001000
 0  6.250840e-01
 1  3.531592e-01
 2  2.203587e-01
 3  1.518689e-01
 4  1.062930e-01
 5  8.026969e-02
 6  6.150149e-02
 7  4.768285e-02
 8  3.853203e-02
 9  3.046571e-02
 10  2.360382e-02
 11  1.873020e-02
 12  1.554797e-02
 13  1.261997e-02
 14  1.026305e-02
 15  8.330862e-03
 16  6.834933e-03
 17  5.621414e-03
 18  4.541761e-03
 19  3.767873e-03
 20  3.177106e-03
 21  2.595870e-03
 22  2.168436e-03
 23  1.889909e-03
 24  1.634622e-03
 25  1.474974e-03
 26  1.353958e-03
 27  1.271676e-03
 28  1.211458e-03
 29  1.165490e-03
 30  1.126814e-03
 31  1.084766e-03
 32  1.051473e-03
 33  1.008477e-03
 34  9.559816e-04
 Iteration CPU time: 8 s
 CFIE residual: 0.000955982

 Iseg, Irank, Idinc : 1, 4, 64
 Thata, Phi : 90.000000, 63.000000
 Maximun iteration: 300
 Number of recycle truncation: 30
 Final matrix dimension:  36708
 Residual error:0.001000
 0  6.600291e-01
 1  3.582631e-01
 2  2.233566e-01
 3  1.436151e-01
 4  1.027316e-01
 5  7.856499e-02
 6  5.914425e-02
 7  4.592269e-02
 8  3.735980e-02
 9  2.917597e-02
 10  2.263572e-02
 11  1.736397e-02
 12  1.361601e-02
 13  1.093029e-02
 14  8.778757e-03
 15  7.069740e-03
 16  5.852235e-03
 17  4.958382e-03
 18  4.182385e-03
 19  3.568358e-03
 20  3.086117e-03
 21  2.741675e-03
 22  2.465896e-03
 23  2.305705e-03
 24  2.192538e-03
 25  2.102965e-03
 26  2.012272e-03
 27  1.948737e-03
 28  1.883306e-03
 29  1.804153e-03
 30  1.709331e-03
 31  1.602633e-03
 32  1.498712e-03
 33  1.381779e-03
 34  1.242752e-03
 35  1.085088e-03
 36  9.256146e-04
 Iteration CPU time: 9 s
 CFIE residual: 0.000925615

 Iseg, Irank, Idinc : 1, 5, 147
 Thata, Phi : 90.000000, 146.000000
 Maximun iteration: 300
 Number of recycle truncation: 30
 Final matrix dimension:  36708
 Residual error:0.001000
 0  6.544087e-01
 1  3.449426e-01
 2  2.097437e-01
 3  1.416234e-01
 4  1.028468e-01
 5  7.802591e-02
 6  6.162425e-02
 7  4.787268e-02
 8  3.998707e-02
 9  3.438102e-02
 10  2.896090e-02
 11  2.445266e-02
 12  2.035962e-02
 13  1.662283e-02
 14  1.349762e-02
 15  1.083059e-02
 16  8.833757e-03
 17  7.203722e-03
 18  5.828540e-03
 19  4.727502e-03
 20  3.759223e-03
 21  3.054977e-03
 22  2.497301e-03
 23  2.085633e-03
 24  1.745709e-03
 25  1.442186e-03
 26  1.205550e-03
 27  1.054474e-03
 28  9.446068e-04
 Iteration CPU time: 6 s
 CFIE residual: 0.000944607

 Iseg, Irank, Idinc : 1, 6, 136
 Thata, Phi : 90.000000, 135.000000
 Maximun iteration: 300
 Number of recycle truncation: 30
 Final matrix dimension:  36708
 Residual error:0.001000
 0  6.995094e-01
 1  3.548245e-01
 2  2.213119e-01
 3  1.500840e-01
 4  1.090066e-01
 5  8.198396e-02
 6  6.252870e-02
 7  4.912911e-02
 8  3.926829e-02
 9  3.154386e-02
 10  2.589499e-02
 11  2.074541e-02
 12  1.683859e-02
 13  1.371513e-02
 14  1.092901e-02
 15  8.948818e-03
 16  7.250323e-03
 17  5.801259e-03
 18  4.807953e-03
 19  3.846103e-03
 20  3.195665e-03
 21  2.654397e-03
 22  2.245021e-03
 23  1.946397e-03
 24  1.702194e-03
 25  1.528079e-03
 26  1.366237e-03
 27  1.248832e-03
 28  1.160113e-03
 29  1.084825e-03
 30  1.028822e-03
 31  9.856825e-04
 Iteration CPU time: 7 s
 CFIE residual: 0.000985682

 Iseg, Irank, Idinc : 1, 7, 88
 Thata, Phi : 90.000000, 87.000000
 Maximun iteration: 300
 Number of recycle truncation: 30
 Final matrix dimension:  36708
 Residual error:0.001000
 0  6.120331e-01
 1  3.482228e-01
 2  2.231570e-01
 3  1.527026e-01
 4  1.098041e-01
 5  8.429402e-02
 6  6.475644e-02
 7  5.114572e-02
 8  4.160231e-02
 9  3.345224e-02
 10  2.615409e-02
 11  2.026892e-02
 12  1.667961e-02
 13  1.374678e-02
 14  1.113670e-02
 15  8.951725e-03
 16  7.213035e-03
 17  5.954214e-03
 18  4.965380e-03
 19  4.182219e-03
 20  3.658952e-03
 21  3.218431e-03
 22  2.900406e-03
 23  2.633119e-03
 24  2.439097e-03
 25  2.293926e-03
 26  2.178039e-03
 27  2.071701e-03
 28  2.010974e-03
 29  1.940350e-03
 30  1.872621e-03
 31  1.793434e-03
 32  1.710212e-03
 33  1.629205e-03
 34  1.513360e-03
 35  1.389870e-03
 36  1.223928e-03
 37  1.054470e-03
 38  8.925557e-04
 Iteration CPU time: 9 s
 CFIE residual: 0.000892556

 Iseg, Irank, Idinc : 1, 8, 74
 Thata, Phi : 90.000000, 73.000000
 Maximun iteration: 300
 Number of recycle truncation: 30
 Final matrix dimension:  36708
 Residual error:0.001000
 0  6.354462e-01
 1  3.629563e-01
 2  2.356629e-01
 3  1.476413e-01
 4  1.031464e-01
 5  7.864547e-02
 6  6.173129e-02
 7  4.725968e-02
 8  3.816651e-02
 9  3.039380e-02
 10  2.393373e-02
 11  1.907698e-02
 12  1.551843e-02
 13  1.257015e-02
 14  1.030692e-02
 15  8.347586e-03
 16  6.855984e-03
 17  5.778884e-03
 18  4.902504e-03
 19  4.251307e-03
 20  3.667590e-03
 21  3.223244e-03
 22  2.898660e-03
 23  2.666685e-03
 24  2.508767e-03
 25  2.391538e-03
 26  2.286250e-03
 27  2.186190e-03
 28  2.112557e-03
 29  2.047702e-03
 30  1.974705e-03
 31  1.885547e-03
 32  1.789962e-03
 33  1.660306e-03
 34  1.513326e-03
 35  1.348933e-03
 36  1.135795e-03
 37  9.336173e-04
 Iteration CPU time: 8 s
 CFIE residual: 0.000933617

 Iseg, Irank, Idinc : 1, 9, 159
 Thata, Phi : 90.000000, 158.000000
 Maximun iteration: 300
 Number of recycle truncation: 30
 Final matrix dimension:  36708
 Residual error:0.001000
 0  6.146984e-01
 1  3.143108e-01
 2  1.916743e-01
 3  1.293995e-01
 4  9.855965e-02
 5  7.818081e-02
 6  6.304889e-02
 7  5.096140e-02
 8  4.344402e-02
 9  3.716994e-02
 10  3.141402e-02
 11  2.609038e-02
 12  2.239469e-02
 13  1.841899e-02
 14  1.498115e-02
 15  1.227317e-02
 16  1.006779e-02
 17  8.188776e-03
 18  6.814116e-03
 19  5.345776e-03
 20  4.350533e-03
 21  3.530061e-03
 22  2.940120e-03
 23  2.387975e-03
 24  1.970253e-03
 25  1.606950e-03
 26  1.370581e-03
 27  1.156595e-03
 28  1.023814e-03
 29  9.182550e-04
 Iteration CPU time: 6 s
 CFIE residual: 0.000918255

 Iseg, Irank, Idinc : 1, 10, 123
 Thata, Phi : 90.000000, 122.000000
 Maximun iteration: 300
 Number of recycle truncation: 30
 Final matrix dimension:  36708
 Residual error:0.001000
 0  6.519092e-01
 1  3.412232e-01
 2  2.227309e-01
 3  1.560340e-01
 4  1.114491e-01
 5  8.283759e-02
 6  6.495575e-02
 7  5.057706e-02
 8  3.921607e-02
 9  3.082504e-02
 10  2.467738e-02
 11  1.949016e-02
 12  1.541631e-02
 13  1.225152e-02
 14  1.007795e-02
 15  8.297506e-03
 16  7.015951e-03
 17  5.839331e-03
 18  4.711012e-03
 19  4.072743e-03
 20  3.450320e-03
 21  2.927371e-03
 22  2.519190e-03
 23  2.250294e-03
 24  1.993597e-03
 25  1.794971e-03
 26  1.621822e-03
 27  1.512215e-03
 28  1.425485e-03
 29  1.354725e-03
 30  1.305594e-03
 31  1.256748e-03
 32  1.210215e-03
 33  1.162952e-03
 34  1.118028e-03
 35  1.071860e-03
 36  1.026376e-03
 37  9.584509e-04
 Iteration CPU time: 9 s
 CFIE residual: 0.000958451

 Iseg, Irank, Idinc : 1, 11, 53
 Thata, Phi : 90.000000, 52.000000
 Maximun iteration: 300
 Number of recycle truncation: 30
 Final matrix dimension:  36708
 Residual error:0.001000
 0  6.512515e-01
 1  3.405424e-01
 2  2.088323e-01
 3  1.345491e-01
 4  9.636300e-02
 5  7.207761e-02
 6  5.496392e-02
 7  4.289534e-02
 8  3.272272e-02
 9  2.457739e-02
 10  1.900325e-02
 11  1.456985e-02
 12  1.145011e-02
 13  9.074077e-03
 14  7.515544e-03
 15  6.164243e-03
 16  4.964932e-03
 17  3.998095e-03
 18  3.289144e-03
 19  2.756717e-03
 20  2.383817e-03
 21  2.101398e-03
 22  1.912561e-03
 23  1.776168e-03
 24  1.695339e-03
 25  1.627477e-03
 26  1.561587e-03
 27  1.495479e-03
 28  1.434536e-03
 29  1.385316e-03
 30  1.334974e-03
 31  1.268881e-03
 32  1.188321e-03
 33  1.112691e-03
 34  1.024520e-03
 35  9.267583e-04
 Iteration CPU time: 8 s
 CFIE residual: 0.000926758

 Iseg, Irank, Idinc : 1, 12, 32
 Thata, Phi : 90.000000, 31.000000
 Maximun iteration: 300
 Number of recycle truncation: 30
 Final matrix dimension:  36708
 Residual error:0.001000
 0  6.319962e-01
 1  3.060912e-01
 2  1.806427e-01
 3  1.134578e-01
 4  7.996572e-02
 5  5.882940e-02
 6  4.286406e-02
 7  3.245708e-02
 8  2.568150e-02
 9  2.024081e-02
 10  1.610807e-02
 11  1.295037e-02
 12  1.048656e-02
 13  8.368320e-03
 14  6.821301e-03
 15  5.456454e-03
 16  4.472133e-03
 17  3.654618e-03
 18  3.039103e-03
 19  2.591799e-03
 20  2.175798e-03
 21  1.808985e-03
 22  1.538760e-03
 23  1.338387e-03
 24  1.189816e-03
 25  1.062972e-03
 26  9.614113e-04
 Iteration CPU time: 6 s
 CFIE residual: 0.000961411

 Iseg, Irank, Idinc : 1, 13, 10
 Thata, Phi : 90.000000, 9.000000
 Maximun iteration: 300
 Number of recycle truncation: 30
 Final matrix dimension:  36708
 Residual error:0.001000
 0  5.436769e-01
 1  2.761686e-01
 2  1.745347e-01
 3  1.234627e-01
 4  8.893132e-02
 5  6.634439e-02
 6  5.126510e-02
 7  3.964094e-02
 8  3.114490e-02
 9  2.431950e-02
 10  1.867345e-02
 11  1.488895e-02
 12  1.201268e-02
 13  9.838849e-03
 14  7.839997e-03
 15  6.188418e-03
 16  5.026985e-03
 17  4.235796e-03
 18  3.543593e-03
 19  3.035683e-03
 20  2.560486e-03
 21  2.174746e-03
 22  1.810173e-03
 23  1.562233e-03
 24  1.335428e-03
 25  1.166697e-03
 26  1.021883e-03
 27  9.140229e-04
 Iteration CPU time: 6 s
 CFIE residual: 0.000914023

 Iseg, Irank, Idinc : 1, 14, 178
 Thata, Phi : 90.000000, 177.000000
 Maximun iteration: 300
 Number of recycle truncation: 30
 Final matrix dimension:  36708
 Residual error:0.001000
 0  5.718468e-01
 1  2.989657e-01
 2  1.889283e-01
 3  1.327764e-01
 4  1.035394e-01
 5  8.046734e-02
 6  6.453603e-02
 7  5.478427e-02
 8  4.497519e-02
 9  3.552826e-02
 10  2.810571e-02
 11  2.290886e-02
 12  1.867644e-02
 13  1.518552e-02
 14  1.237569e-02
 15  9.737609e-03
 16  7.825119e-03
 17  6.250654e-03
 18  5.093793e-03
 19  4.158166e-03
 20  3.407766e-03
 21  2.816562e-03
 22  2.317738e-03
 23  1.939643e-03
 24  1.644897e-03
 25  1.358276e-03
 26  1.101304e-03
 27  9.005139e-04
 Iteration CPU time: 7 s
 CFIE residual: 0.000900514

 Iseg, Irank, Idinc : 1, 15, 97
 Thata, Phi : 90.000000, 96.000000
 Maximun iteration: 300
 Number of recycle truncation: 30
 Final matrix dimension:  36708
 Residual error:0.001000
 0  6.094564e-01
 1  3.468120e-01
 2  2.182894e-01
 3  1.457155e-01
 4  1.045529e-01
 5  7.953341e-02
 6  6.133410e-02
 7  4.919293e-02
 8  3.881873e-02
 9  3.059077e-02
 10  2.485515e-02
 11  2.004149e-02
 12  1.645176e-02
 13  1.351803e-02
 14  1.085412e-02
 15  8.924021e-03
 16  7.355844e-03
 17  6.169696e-03
 18  5.078587e-03
 19  4.200706e-03
 20  3.523856e-03
 21  2.979827e-03
 22  2.594725e-03
 23  2.282326e-03
 24  2.085036e-03
 25  1.928328e-03
 26  1.821423e-03
 27  1.742528e-03
 28  1.680456e-03
 29  1.625726e-03
 30  1.566453e-03
 31  1.503878e-03
 32  1.449290e-03
 33  1.374203e-03
 34  1.291166e-03
 35  1.190211e-03
 36  1.084694e-03
 37  9.580369e-04
 Iteration CPU time: 8 s
 CFIE residual: 0.000958037

 Iseg, Irank, Idinc : 1, 16, 81
 Thata, Phi : 90.000000, 80.000000
 Maximun iteration: 300
 Number of recycle truncation: 30
 Final matrix dimension:  36708
 Residual error:0.001000
 0  6.171451e-01
 1  3.525162e-01
 2  2.271424e-01
 3  1.490048e-01
 4  1.082613e-01
 5  8.285342e-02
 6  6.371607e-02
 7  5.017424e-02
 8  4.028146e-02
 9  3.252586e-02
 10  2.509605e-02
 11  1.921186e-02
 12  1.551058e-02
 13  1.274514e-02
 14  1.042824e-02
 15  8.576957e-03
 16  7.138395e-03
 17  5.903680e-03
 18  4.924293e-03
 19  4.166777e-03
 20  3.613464e-03
 21  3.192168e-03
 22  2.883688e-03
 23  2.670302e-03
 24  2.503985e-03
 25  2.369223e-03
 26  2.250818e-03
 27  2.149612e-03
 28  2.088460e-03
 29  2.022962e-03
 30  1.959494e-03
 31  1.875206e-03
 32  1.793243e-03
 33  1.692553e-03
 34  1.572600e-03
 35  1.431040e-03
 36  1.275466e-03
 37  1.114225e-03
 38  9.499161e-04
 Iteration CPU time: 9 s
 CFIE residual: 0.000949916

 Iseg, Irank, Idinc : 1, 17, 116
 Thata, Phi : 90.000000, 115.000000
 Maximun iteration: 300
 Number of recycle truncation: 30
 Final matrix dimension:  36708
 Residual error:0.001000
 0  6.443785e-01
 1  3.477471e-01
 2  2.178169e-01
 3  1.524626e-01
 4  1.088649e-01
 5  7.981934e-02
 6  6.123413e-02
 7  4.772269e-02
 8  3.845712e-02
 9  2.987867e-02
 10  2.342440e-02
 11  1.839531e-02
 12  1.482092e-02
 13  1.219241e-02
 14  9.763131e-03
 15  7.989532e-03
 16  6.648190e-03
 17  5.456819e-03
 18  4.452151e-03
 19  3.829232e-03
 20  3.207147e-03
 21  2.703820e-03
 22  2.306651e-03
 23  2.018823e-03
 24  1.755956e-03
 25  1.574756e-03
 26  1.443573e-03
 27  1.349385e-03
 28  1.282145e-03
 29  1.223799e-03
 30  1.180807e-03
 31  1.143488e-03
 32  1.103612e-03
 33  1.054560e-03
 34  1.004608e-03
 35  9.374218e-04
 Iteration CPU time: 8 s
 CFIE residual: 0.000937422

 Iseg, Irank, Idinc : 1, 18, 1
 Thata, Phi : 90.000000, 0.000000
 Maximun iteration: 300
 Number of recycle truncation: 30
 Final matrix dimension:  36708
 Residual error:0.001000
 0  5.143634e-01
 1  2.697457e-01
 2  1.748867e-01
 3  1.216593e-01
 4  8.618971e-02
 5  6.563012e-02
 6  5.140211e-02
 7  3.833900e-02
 8  2.909452e-02
 9  2.321928e-02
 10  1.785903e-02
 11  1.459596e-02
 12  1.143502e-02
 13  9.005191e-03
 14  7.189574e-03
 15  5.751542e-03
 16  4.699418e-03
 17  3.895063e-03
 18  3.251013e-03
 19  2.780787e-03
 20  2.376178e-03
 21  2.024628e-03
 22  1.719280e-03
 23  1.420986e-03
 24  1.145547e-03
 25  9.386436e-04
 Iteration CPU time: 6 s
 CFIE residual: 0.000938644

 Iseg, Irank, Idinc : 1, 19, 167
 Thata, Phi : 90.000000, 166.000000
 Maximun iteration: 300
 Number of recycle truncation: 30
 Final matrix dimension:  36708
 Residual error:0.001000
 0  5.861097e-01
 1  3.016101e-01
 2  1.875985e-01
 3  1.316136e-01
 4  1.028571e-01
 5  8.100029e-02
 6  6.650954e-02
 7  5.462710e-02
 8  4.547304e-02
 9  3.809503e-02
 10  3.242007e-02
 11  2.733998e-02
 12  2.310878e-02
 13  1.901739e-02
 14  1.596915e-02
 15  1.306690e-02
 16  1.073229e-02
 17  8.693303e-03
 18  7.026452e-03
 19  5.718656e-03
 20  4.627495e-03
 21  3.701332e-03
 22  3.050630e-03
 23  2.520660e-03
 24  2.042288e-03
 25  1.637126e-03
 26  1.339787e-03
 27  1.088412e-03
 28  9.179380e-04
 Iteration CPU time: 6 s
 CFIE residual: 0.000917938

 Iseg, Irank, Idinc : 1, 20, 103
 Thata, Phi : 90.000000, 102.000000
 Maximun iteration: 300
 Number of recycle truncation: 30
 Final matrix dimension:  36708
 Residual error:0.001000
 0  6.118138e-01
 1  3.483561e-01
 2  2.178428e-01
 3  1.485769e-01
 4  1.043218e-01
 5  7.860320e-02
 6  6.039219e-02
 7  4.731156e-02
 8  3.784569e-02
 9  3.089269e-02
 10  2.490570e-02
 11  1.997236e-02
 12  1.621699e-02
 13  1.333316e-02
 14  1.080945e-02
 15  8.701586e-03
 16  7.173755e-03
 17  5.915286e-03
 18  4.807930e-03
 19  3.987870e-03
 20  3.399325e-03
 21  2.816730e-03
 22  2.398421e-03
 23  2.094626e-03
 24  1.855371e-03
 25  1.699317e-03
 26  1.574232e-03
 27  1.491796e-03
 28  1.429791e-03
 29  1.377740e-03
 30  1.329850e-03
 31  1.278968e-03
 32  1.238391e-03
 33  1.185113e-03
 34  1.123406e-03
 35  1.042442e-03
 36  9.424895e-04
 Iteration CPU time: 8 s
 CFIE residual: 0.000942489

 Iseg, Irank, Idinc : 1, 21, 153
 Thata, Phi : 90.000000, 152.000000
 Maximun iteration: 300
 Number of recycle truncation: 30
 Final matrix dimension:  36708
 Residual error:0.001000
 0  6.343507e-01
 1  3.295324e-01
 2  2.022156e-01
 3  1.344401e-01
 4  9.992498e-02
 5  7.779683e-02
 6  6.156067e-02
 7  4.876116e-02
 8  4.103459e-02
 9  3.506634e-02
 10  2.977072e-02
 11  2.450279e-02
 12  2.071360e-02
 13  1.711393e-02
 14  1.392657e-02
 15  1.130206e-02
 16  9.296618e-03
 17  7.501690e-03
 18  6.233284e-03
 19  4.972066e-03
 20  4.042254e-03
 21  3.296372e-03
 22  2.742649e-03
 23  2.261708e-03
 24  1.884949e-03
 25  1.548302e-03
 26  1.322477e-03
 27  1.136388e-03
 28  1.018265e-03
 29  9.344277e-04
 Iteration CPU time: 6 s
 CFIE residual: 0.000934428

 Iseg, Irank, Idinc : 1, 22, 16
 Thata, Phi : 90.000000, 15.000000
 Maximun iteration: 300
 Number of recycle truncation: 30
 Final matrix dimension:  36708
 Residual error:0.001000
 0  5.824036e-01
 1  2.840166e-01
 2  1.729936e-01
 3  1.201985e-01
 4  8.512009e-02
 5  6.358608e-02
 6  5.015903e-02
 7  3.857282e-02
 8  3.012750e-02
 9  2.409666e-02
 10  1.929852e-02
 11  1.513355e-02
 12  1.176227e-02
 13  9.419233e-03
 14  7.778919e-03
 15  6.302024e-03
 16  5.154459e-03
 17  4.269610e-03
 18  3.559604e-03
 19  3.013867e-03
 20  2.491141e-03
 21  2.057508e-03
 22  1.699899e-03
 23  1.467857e-03
 24  1.262151e-03
 25  1.111922e-03
 26  9.806219e-04
 Iteration CPU time: 6 s
 CFIE residual: 0.000980622

 Iseg, Irank, Idinc : 1, 23, 173
 Thata, Phi : 90.000000, 172.000000
 Maximun iteration: 300
 Number of recycle truncation: 30
 Final matrix dimension:  36708
 Residual error:0.001000
 0  5.755136e-01
 1  2.992072e-01
 2  1.891880e-01
 3  1.334922e-01
 4  1.046893e-01
 5  8.210917e-02
 6  6.624049e-02
 7  5.592501e-02
 8  4.627012e-02
 9  3.764217e-02
 10  3.081064e-02
 11  2.604028e-02
 12  2.157549e-02
 13  1.813148e-02
 14  1.483763e-02
 15  1.225608e-02
 16  1.012225e-02
 17  8.060200e-03
 18  6.521989e-03
 19  5.210462e-03
 20  4.188637e-03
 21  3.409872e-03
 22  2.833867e-03
 23  2.396403e-03
 24  1.988186e-03
 25  1.596490e-03
 26  1.313154e-03
 27  1.064860e-03
 28  8.872231e-04
 Iteration CPU time: 6 s
 CFIE residual: 0.000887223

 Iseg, Irank, Idinc : 1, 24, 59
 Thata, Phi : 90.000000, 58.000000
 Maximun iteration: 300
 Number of recycle truncation: 30
 Final matrix dimension:  36708
 Residual error:0.001000
 0  6.612556e-01
 1  3.472383e-01
 2  2.141704e-01
 3  1.346736e-01
 4  9.598762e-02
 5  7.196555e-02
 6  5.492992e-02
 7  4.262187e-02
 8  3.395602e-02
 9  2.609530e-02
 10  1.991349e-02
 11  1.538607e-02
 12  1.212604e-02
 13  9.404541e-03
 14  7.571263e-03
 15  6.000323e-03
 16  5.004260e-03
 17  4.109177e-03
 18  3.458860e-03
 19  3.001886e-03
 20  2.653168e-03
 21  2.385023e-03
 22  2.178199e-03
 23  2.022564e-03
 24  1.914478e-03
 25  1.837406e-03
 26  1.759978e-03
 27  1.696913e-03
 28  1.642529e-03
 29  1.585101e-03
 30  1.519969e-03
 31  1.426223e-03
 32  1.325723e-03
 33  1.232152e-03
 34  1.118647e-03
 35  9.858411e-04
 Iteration CPU time: 8 s
 CFIE residual: 0.000985841

 Iseg, Irank, Idinc : 1, 25, 130
 Thata, Phi : 90.000000, 129.000000
 Maximun iteration: 300
 Number of recycle truncation: 30
 Final matrix dimension:  36708
 Residual error:0.001000
 0  6.745246e-01
 1  3.528459e-01
 2  2.265232e-01
 3  1.547208e-01
 4  1.110605e-01
 5  8.388474e-02
 6  6.426903e-02
 7  5.017035e-02
 8  3.945404e-02
 9  3.177362e-02
 10  2.545162e-02
 11  1.980225e-02
 12  1.550266e-02
 13  1.269300e-02
 14  1.050805e-02
 15  8.477092e-03
 16  6.770880e-03
 17  5.447483e-03
 18  4.499253e-03
 19  3.779406e-03
 20  3.163446e-03
 21  2.673234e-03
 22  2.298567e-03
 23  2.028072e-03
 24  1.818128e-03
 25  1.665508e-03
 26  1.502713e-03
 27  1.388600e-03
 28  1.306667e-03
 29  1.248754e-03
 30  1.195060e-03
 31  1.150928e-03
 32  1.099060e-03
 33  1.063549e-03
 34  1.023879e-03
 35  9.890495e-04
 Iteration CPU time: 7 s
 CFIE residual: 0.000989049

 Iseg, Irank, Idinc : 1, 26, 5
 Thata, Phi : 90.000000, 4.000000
 Maximun iteration: 300
 Number of recycle truncation: 30
 Final matrix dimension:  36708
 Residual error:0.001000
 0  5.208248e-01
 1  2.712413e-01
 2  1.746581e-01
 3  1.221598e-01
 4  8.726806e-02
 5  6.601076e-02
 6  5.091519e-02
 7  3.811150e-02
 8  2.910539e-02
 9  2.353757e-02
 10  1.853910e-02
 11  1.485617e-02
 12  1.169174e-02
 13  9.591773e-03
 14  7.712728e-03
 15  6.177250e-03
 16  5.039948e-03
 17  4.195877e-03
 18  3.488621e-03
 19  3.013865e-03
 20  2.578301e-03
 21  2.221465e-03
 22  1.856257e-03
 23  1.572790e-03
 24  1.328372e-03
 25  1.126710e-03
 26  9.529582e-04
 Iteration CPU time: 6 s
 CFIE residual: 0.000952958

 Iseg, Irank, Idinc : 1, 27, 181
 Thata, Phi : 90.000000, 180.000000
 Maximun iteration: 300
 Number of recycle truncation: 30
 Final matrix dimension:  36708
 Residual error:0.001000
 0  5.711784e-01
 1  2.989354e-01
 2  1.887958e-01
 3  1.324980e-01
 4  1.030663e-01
 5  7.963798e-02
 6  6.386117e-02
 7  5.423082e-02
 8  4.438823e-02
 9  3.490603e-02
 10  2.742625e-02
 11  2.154731e-02
 12  1.774165e-02
 13  1.387662e-02
 14  1.129946e-02
 15  8.664136e-03
 16  6.644753e-03
 17  5.401004e-03
 18  4.406297e-03
 19  3.559044e-03
 20  2.924509e-03
 21  2.421777e-03
 22  1.995890e-03
 23  1.629729e-03
 24  1.361746e-03
 25  1.116091e-03
 26  9.094274e-04
 Iteration CPU time: 6 s
 CFIE residual: 0.000909427

 Iseg, Irank, Idinc : 1, 28, 37
 Thata, Phi : 90.000000, 36.000000
 Maximun iteration: 300
 Number of recycle truncation: 30
 Final matrix dimension:  36708
 Residual error:0.001000
 0  6.228247e-01
 1  3.119329e-01
 2  1.918600e-01
 3  1.214454e-01
 4  8.323705e-02
 5  6.128944e-02
 6  4.442065e-02
 7  3.395508e-02
 8  2.636227e-02
 9  2.032208e-02
 10  1.582846e-02
 11  1.254658e-02
 12  1.012337e-02
 13  8.167270e-03
 14  6.632351e-03
 15  5.153009e-03
 16  4.207973e-03
 17  3.453842e-03
 18  2.865825e-03
 19  2.412701e-03
 20  2.035681e-03
 21  1.721095e-03
 22  1.492229e-03
 23  1.326805e-03
 24  1.201370e-03
 25  1.103865e-03
 26  1.023916e-03
 27  9.672534e-04
 Iteration CPU time: 6 s
 CFIE residual: 0.000967253

 Iseg, Irank, Idinc : 1, 29, 69
 Thata, Phi : 90.000000, 68.000000
 Maximun iteration: 300
 Number of recycle truncation: 30
 Final matrix dimension:  36708
 Residual error:0.001000
 0  6.505539e-01
 1  3.657068e-01
 2  2.332393e-01
 3  1.493755e-01
 4  1.068250e-01
 5  8.169967e-02
 6  6.190437e-02
 7  4.857756e-02
 8  4.009191e-02
 9  3.133516e-02
 10  2.445150e-02
 11  1.887173e-02
 12  1.513257e-02
 13  1.224674e-02
 14  9.969223e-03
 15  8.027674e-03
 16  6.535546e-03
 17  5.589611e-03
 18  4.727696e-03
 19  4.056591e-03
 20  3.474163e-03
 21  3.075240e-03
 22  2.762868e-03
 23  2.578746e-03
 24  2.433549e-03
 25  2.332862e-03
 26  2.236689e-03
 27  2.155007e-03
 28  2.077109e-03
 29  1.995010e-03
 30  1.898186e-03
 31  1.804533e-03
 32  1.700539e-03
 33  1.577392e-03
 34  1.423482e-03
 35  1.248906e-03
 36  1.076821e-03
 37  9.250173e-04
 Iteration CPU time: 9 s
 CFIE residual: 0.000925017

 Iseg, Irank, Idinc : 1, 30, 142
 Thata, Phi : 90.000000, 141.000000
 Maximun iteration: 300
 Number of recycle truncation: 30
 Final matrix dimension:  36708
 Residual error:0.001000
 0  6.828205e-01
 1  3.503337e-01
 2  2.120331e-01
 3  1.446520e-01
 4  1.059266e-01
 5  7.932596e-02
 6  6.157966e-02
 7  4.829666e-02
 8  3.971460e-02
 9  3.360240e-02
 10  2.778907e-02
 11  2.312305e-02
 12  1.953615e-02
 13  1.591676e-02
 14  1.284751e-02
 15  1.033020e-02
 16  8.290288e-03
 17  6.780265e-03
 18  5.510204e-03
 19  4.370569e-03
 20  3.496414e-03
 21  2.795200e-03
 22  2.326895e-03
 23  1.972883e-03
 24  1.668006e-03
 25  1.433229e-03
 26  1.230827e-03
 27  1.101785e-03
 28  1.004610e-03
 29  9.254842e-04
 Iteration CPU time: 6 s
 CFIE residual: 0.000925484

 Iseg, Irank, Idinc : 1, 31, 27
 Thata, Phi : 90.000000, 26.000000
 Maximun iteration: 300
 Number of recycle truncation: 30
 Final matrix dimension:  36708
 Residual error:0.001000
 0  6.371228e-01
 1  2.991013e-01
 2  1.706660e-01
 3  1.106184e-01
 4  7.727206e-02
 5  5.696526e-02
 6  4.211171e-02
 7  3.177042e-02
 8  2.556385e-02
 9  2.083552e-02
 10  1.678104e-02
 11  1.339745e-02
 12  1.095033e-02
 13  8.990901e-03
 14  7.347641e-03
 15  6.008137e-03
 16  4.885298e-03
 17  4.012171e-03
 18  3.374549e-03
 19  2.881604e-03
 20  2.369144e-03
 21  1.943661e-03
 22  1.605736e-03
 23  1.373735e-03
 24  1.202834e-03
 25  1.058267e-03
 26  9.466556e-04
 Iteration CPU time: 7 s
 CFIE residual: 0.000946656

 Iseg, Irank, Idinc : 1, 32, 92
 Thata, Phi : 90.000000, 91.000000
 Maximun iteration: 300
 Number of recycle truncation: 30
 Final matrix dimension:  36708
 Residual error:0.001000
 0  6.095284e-01
 1  3.484875e-01
 2  2.212874e-01
 3  1.493876e-01
 4  1.063921e-01
 5  8.253611e-02
 6  6.396325e-02
 7  5.057802e-02
 8  4.104768e-02
 9  3.290134e-02
 10  2.600959e-02
 11  2.034329e-02
 12  1.698243e-02
 13  1.410933e-02
 14  1.157774e-02
 15  9.374082e-03
 16  7.562801e-03
 17  6.176961e-03
 18  5.126975e-03
 19  4.260396e-03
 20  3.664864e-03
 21  3.186125e-03
 22  2.829310e-03
 23  2.530510e-03
 24  2.340671e-03
 25  2.176432e-03
 26  2.058325e-03
 27  1.964003e-03
 28  1.902448e-03
 29  1.841986e-03
 30  1.777217e-03
 31  1.704379e-03
 32  1.636814e-03
 33  1.561784e-03
 34  1.473653e-03
 35  1.365359e-03
 36  1.222555e-03
 37  1.065426e-03
 38  9.024665e-04
 Iteration CPU time: 8 s
 CFIE residual: 0.000902466

 Iseg, Irank, Idinc : 1, 33, 163
 Thata, Phi : 90.000000, 162.000000
 Maximun iteration: 300
 Number of recycle truncation: 30
 Final matrix dimension:  36708
 Residual error:0.001000
 0  5.990619e-01
 1  3.065774e-01
 2  1.875270e-01
 3  1.294622e-01
 4  1.000929e-01
 5  7.954217e-02
 6  6.518586e-02
 7  5.268654e-02
 8  4.441995e-02
 9  3.814264e-02
 10  3.252842e-02
 11  2.716308e-02
 12  2.309804e-02
 13  1.896297e-02
 14  1.594637e-02
 15  1.299622e-02
 16  1.062947e-02
 17  8.614251e-03
 18  7.011030e-03
 19  5.641871e-03
 20  4.539053e-03
 21  3.661155e-03
 22  3.002570e-03
 23  2.447885e-03
 24  2.017370e-03
 25  1.641087e-03
 26  1.357904e-03
 27  1.127749e-03
 28  9.743006e-04
 Iteration CPU time: 7 s
 CFIE residual: 0.000974301

 Iseg, Irank, Idinc : 1, 34, 3
 Thata, Phi : 90.000000, 2.000000
 Maximun iteration: 300
 Number of recycle truncation: 30
 Final matrix dimension:  36708
 Residual error:0.001000
 0  5.160230e-01
 1  2.701373e-01
 2  1.748210e-01
 3  1.217809e-01
 4  8.648028e-02
 5  6.574603e-02
 6  5.124661e-02
 7  3.823406e-02
 8  2.901453e-02
 9  2.331624e-02
 10  1.817183e-02
 11  1.475334e-02
 12  1.157627e-02
 13  9.344161e-03
 14  7.480619e-03
 15  6.034081e-03
 16  4.969428e-03
 17  4.120815e-03
 18  3.432722e-03
 19  2.946331e-03
 20  2.537341e-03
 21  2.185943e-03
 22  1.838428e-03
 23  1.550559e-03
 24  1.300553e-03
 25  1.091361e-03
 26  9.069347e-04
 Iteration CPU time: 6 s
 CFIE residual: 0.000906935

 Iseg, Irank, Idinc : 1, 35, 180
 Thata, Phi : 90.000000, 179.000000
 Maximun iteration: 300
 Number of recycle truncation: 30
 Final matrix dimension:  36708
 Residual error:0.001000
 0  5.712652e-01
 1  2.989411e-01
 2  1.888124e-01
 3  1.325347e-01
 4  1.031311e-01
 5  7.975762e-02
 6  6.396231e-02
 7  5.432229e-02
 8  4.448645e-02
 9  3.499149e-02
 10  2.751620e-02
 11  2.177732e-02
 12  1.790121e-02
 13  1.419037e-02
 14  1.157596e-02
 15  8.898824e-03
 16  6.935988e-03
 17  5.539804e-03
 18  4.526883e-03
 19  3.678660e-03
 20  3.035924e-03
 21  2.516068e-03
 22  2.066355e-03
 23  1.699425e-03
 24  1.425349e-03
 25  1.187997e-03
 26  9.532758e-04
 Iteration CPU time: 6 s
 CFIE residual: 0.000953276

 Iseg, Irank, Idinc : 1, 36, 48
 Thata, Phi : 90.000000, 47.000000
 Maximun iteration: 300
 Number of recycle truncation: 30
 Final matrix dimension:  36708
 Residual error:0.001000
 0  6.393170e-01
 1  3.290659e-01
 2  2.041609e-01
 3  1.337049e-01
 4  9.549632e-02
 5  7.253356e-02
 6  5.415510e-02
 7  4.154695e-02
 8  3.191886e-02
 9  2.431773e-02
 10  1.846419e-02
 11  1.406218e-02
 12  1.097876e-02
 13  8.766728e-03
 14  7.262704e-03
 15  5.869086e-03
 16  4.649200e-03
 17  3.819885e-03
 18  3.137080e-03
 19  2.608891e-03
 20  2.225537e-03
 21  1.947921e-03
 22  1.756942e-03
 23  1.615565e-03
 24  1.534204e-03
 25  1.466985e-03
 26  1.412091e-03
 27  1.355795e-03
 28  1.300335e-03
 29  1.247526e-03
 30  1.201413e-03
 31  1.151716e-03
 32  1.100397e-03
 33  1.049482e-03
 34  9.781929e-04
 Iteration CPU time: 8 s
 CFIE residual: 0.000978193

 Iseg, Irank, Idinc : 1, 37, 120
 Thata, Phi : 90.000000, 119.000000
 Maximun iteration: 300
 Number of recycle truncation: 30
 Final matrix dimension:  36708
 Residual error:0.001000
 0  6.480693e-01
 1  3.433069e-01
 2  2.196297e-01
 3  1.535612e-01
 4  1.093587e-01
 5  8.104136e-02
 6  6.357602e-02
 7  4.939769e-02
 8  3.885510e-02
 9  3.029979e-02
 10  2.426472e-02
 11  1.925223e-02
 12  1.528625e-02
 13  1.226978e-02
 14  1.008557e-02
 15  8.215253e-03
 16  6.874327e-03
 17  5.682450e-03
 18  4.628777e-03
 19  3.969244e-03
 20  3.336565e-03
 21  2.816569e-03
 22  2.407741e-03
 23  2.149037e-03
 24  1.881132e-03
 25  1.697724e-03
 26  1.543199e-03
 27  1.444894e-03
 28  1.365256e-03
 29  1.301459e-03
 30  1.257404e-03
 31  1.213414e-03
 32  1.170292e-03
 33  1.119139e-03
 34  1.064822e-03
 35  1.005476e-03
 36  9.351854e-04
 Iteration CPU time: 8 s
 CFIE residual: 0.000935185

 Iseg, Irank, Idinc : 1, 38, 13
 Thata, Phi : 90.000000, 12.000000
 Maximun iteration: 300
 Number of recycle truncation: 30
 Final matrix dimension:  36708
 Residual error:0.001000
 0  5.621505e-01
 1  2.799143e-01
 2  1.742431e-01
 3  1.226764e-01
 4  8.783120e-02
 5  6.546855e-02
 6  5.132331e-02
 7  3.946642e-02
 8  3.090650e-02
 9  2.452922e-02
 10  1.916457e-02
 11  1.501418e-02
 12  1.178797e-02
 13  9.579423e-03
 14  7.827239e-03
 15  6.279995e-03
 16  5.096976e-03
 17  4.237203e-03
 18  3.559789e-03
 19  3.034259e-03
 20  2.528522e-03
 21  2.111186e-03
 22  1.752808e-03
 23  1.517246e-03
 24  1.299832e-03
 25  1.144516e-03
 26  1.007811e-03
 27  9.055561e-04
 Iteration CPU time: 7 s
 CFIE residual: 0.000905556

 Iseg, Irank, Idinc : 1, 39, 170
 Thata, Phi : 90.000000, 169.000000
 Maximun iteration: 300
 Number of recycle truncation: 30
 Final matrix dimension:  36708
 Residual error:0.001000
 0  5.796242e-01
 1  2.998638e-01
 2  1.886457e-01
 3  1.330385e-01
 4  1.043465e-01
 5  8.196725e-02
 6  6.672820e-02
 7  5.577416e-02
 8  4.634700e-02
 9  3.838995e-02
 10  3.197782e-02
 11  2.701463e-02
 12  2.280215e-02
 13  1.906322e-02
 14  1.567529e-02
 15  1.281277e-02
 16  1.069136e-02
 17  8.537327e-03
 18  6.871603e-03
 19  5.556448e-03
 20  4.463365e-03
 21  3.611492e-03
 22  2.998843e-03
 23  2.506938e-03
 24  2.049138e-03
 25  1.636397e-03
 26  1.341103e-03
 27  1.083664e-03
 28  9.054273e-04
 Iteration CPU time: 6 s
 CFIE residual: 0.000905427

 Iseg, Irank, Idinc : 1, 40, 78
 Thata, Phi : 90.000000, 77.000000
 Maximun iteration: 300
 Number of recycle truncation: 30
 Final matrix dimension:  36708
 Residual error:0.001000
 0  6.231256e-01
 1  3.570579e-01
 2  2.313530e-01
 3  1.472937e-01
 4  1.049219e-01
 5  7.962025e-02
 6  6.210905e-02
 7  4.864323e-02
 8  3.797477e-02
 9  3.126855e-02
 10  2.458285e-02
 11  1.899822e-02
 12  1.525105e-02
 13  1.267351e-02
 14  1.042752e-02
 15  8.621983e-03
 16  7.191145e-03
 17  5.872342e-03
 18  4.945881e-03
 19  4.279565e-03
 20  3.684451e-03
 21  3.253422e-03
 22  2.931476e-03
 23  2.679577e-03
 24  2.514603e-03
 25  2.389328e-03
 26  2.271354e-03
 27  2.169215e-03
 28  2.101029e-03
 29  2.041194e-03
 30  1.978431e-03
 31  1.895248e-03
 32  1.811618e-03
 33  1.694977e-03
 34  1.567039e-03
 35  1.413639e-03
 36  1.233006e-03
 37  1.048308e-03
 38  8.947781e-04
 Iteration CPU time: 9 s
 CFIE residual: 0.000894778
 Last Built End in Sep 21 2025 00:06:12
 Total CPU time: 306 s
 Finished.
