 Last Built Begin in Sep 21 2025 00:06:12
 Pre-Type( Input ):           10
 Skl-Tol ( Input ):    1.0000000000000001E-005
 Wavelength in freespace: 0.0303951

 ################################################
 ##         Generating Required Mesh          ##
 ##         Waiting.....                      ##
 ################################################
 Subd No.      Subd Name
    1    Open-Duct_PRIME_model_meshAA1                                     
 isub,  nnode, npatch,  nedge:
    1      6118     12236     18354
 Scale Factor         >>   1.54999997E-02
 ################################################

 START TIME: 20250922   041019.030


 Informaton for IE geometry:
 number of subdomains     : 1
 maxnode,maxpatch,maxedge : 6118  12236  18354
 
 Index of Mat-Reg: 1
 Mat-Reg Number via MatFlg: 1
 Edge Number of Mat-Reg: 1, 18354

 Number of Edge on PEC: 18354
 Mat-Reg: No Dim(m) Lmax:
    1 0.236    5
 Totlmax, add1, add2:           5           6           7
 rlengmax of Global MLFMA >>   0.23589553157891874     
 Lmax of Global MLFMA >>            5
 Wavenum of Mat-Reg:
    1 1.000

 total area in sq m           =      0.0510
 total area in sq lambda      =     55.1704
 maxnode, maxpatch, maxedge           =     6118    12236    18354
 longest  edge in lambda              =      0.1536
 shortest edge in lambda              =      0.0073
 average  edge in lambda              =      0.1025
 largest  patch area in sq lambda     =      0.0080
 smallest patch area in sq lambda     =      0.0000
 ave    surface area in sq lambda     =      0.0045
 size range of the object in sq lambda =      7.5487

 #### MLFMA Info For Each Region ####
 Mat-Region =            1
 Array dimension parameters:
 maxrule=          14   maxgrid  =          64
 lmax   =           5   ncmax    =        1250
 lsmax  =          26   lsmin    =           7
 kpm    =        1356   kp0      =         102
 ntlm   =      212856   nsm      =      230886
 nkpm   =        2178   niplm    =      139392
 ngnearm=       14257   ngsndm   =       64634
 nearm  =         333   mfinestm =         119
 ###############################

 CFIE Alpha:  0.50000000000000000     

 Fill MLFMA FI for Mat-Reg:           1
 Begin filltl.f
 fill translation matrix
 Level:            2
 fill shifting matrix
 Level:            3
 fill shifting matrix
 Level:            4
 fill shifting matrix
 Level:            5
 fill shifting matrix
 translator time(s):  0.116000004    
 fill interpolation matrix
 ThetaOrder            8
 PhiOrder            8
 lsl            7
 Filling TL                  Delta_CPU=          0.54 Memory(MB)=        653.71
 Filling sndgrp              Delta_CPU=          0.00 Memory(MB)=        653.71
 Filling VFS                 Delta_CPU=          3.13 Memory(MB)=        653.71

 Fill MLFMA NI for Mat-Reg:           1
 Begin fill sparser part of Nearfield
 Begin fill denser part of Nearfield
 End fill
 Filling Amn                 Delta_CPU=         91.46 Memory(MB)=        653.71


 Now testing preconditioner with
 ipretype =           10
 method = cfie_solve_nfrasspspre_pardiso

  
 NBP>>Begin fill sparser part of Nearfield

114.0479% NBP>>Begin fill denser part of Nearfield

200.1041%
 Begin MLFMA Box-Matrix Based Spar-RAS Prec Constructor
 --- Intel MKL PARDISO --- 
 Memory for iGroup: 1 0 MB
 Total Memory For SparRAS Pre: 0 MB
 --- PARDISO PRECONDITIONER INITIALIZED --- 
 Constructing preconditioner CPU time: 4 s
 
 1101240
 Memory for Iteration:: 16.8036 MB

 Iseg, Ninc_S : 1, 181, 0

 Iseg, Skeleton Angles: 1, 40
 Iseg, Skel-Pk Mem(MB): 1, 314.35

 Iseg, Irank, Idinc : 1, 1, 22
 Thata, Phi : 90.000000, 21.000000
 Maximun iteration: 300
 Number of recycle truncation: 30
 Final matrix dimension:  36708
 Residual error:0.001000
 0  6.154710e-01
 1  2.911954e-01
 2  1.661213e-01
 3  1.134622e-01
 4  7.969779e-02
 5  5.897817e-02
 6  4.494919e-02
 7  3.487439e-02
 8  2.757705e-02
 9  2.221383e-02
 10  1.736176e-02
 11  1.375949e-02
 12  1.083976e-02
 13  8.886033e-03
 14  7.275471e-03
 15  6.110153e-03
 16  5.057978e-03
 17  4.245760e-03
 18  3.538093e-03
 19  3.012908e-03
 20  2.608067e-03
 21  2.237739e-03
 22  1.971367e-03
 23  1.779311e-03
 24  1.653038e-03
 25  1.535385e-03
 26  1.433516e-03
 27  1.350018e-03
 28  1.279759e-03
 29  1.210488e-03
 30  1.137485e-03
 31  1.056169e-03
 32  9.739933e-04
 Iteration CPU time: 7 s
 CFIE residual: 0.000973993

 Iseg, Irank, Idinc : 1, 2, 42
 Thata, Phi : 90.000000, 41.000000
 Maximun iteration: 300
 Number of recycle truncation: 30
 Final matrix dimension:  36708
 Residual error:0.001000
 0  6.276833e-01
 1  3.152309e-01
 2  1.993869e-01
 3  1.295439e-01
 4  8.867943e-02
 5  6.479745e-02
 6  4.771302e-02
 7  3.638178e-02
 8  2.783680e-02
 9  2.112392e-02
 10  1.615033e-02
 11  1.266915e-02
 12  1.024047e-02
 13  8.418865e-03
 14  6.907185e-03
 15  5.655374e-03
 16  4.758490e-03
 17  4.116860e-03
 18  3.666557e-03
 19  3.316591e-03
 20  3.038323e-03
 21  2.831179e-03
 22  2.633266e-03
 23  2.451965e-03
 24  2.308716e-03
 25  2.162786e-03
 26  1.987602e-03
 27  1.787808e-03
 28  1.608327e-03
 29  1.381557e-03
 30  1.168325e-03
 31  9.668787e-04
 Iteration CPU time: 8 s
 CFIE residual: 0.000966879

 Iseg, Irank, Idinc : 1, 3, 109
 Thata, Phi : 90.000000, 108.000000
 Maximun iteration: 300
 Number of recycle truncation: 30
 Final matrix dimension:  36708
 Residual error:0.001000
 0  6.284062e-01
 1  3.547757e-01
 2  2.223068e-01
 3  1.531454e-01
 4  1.071506e-01
 5  8.067525e-02
 6  6.212243e-02
 7  4.773142e-02
 8  3.809488e-02
 9  3.080570e-02
 10  2.376693e-02
 11  1.863279e-02
 12  1.532584e-02
 13  1.262037e-02
 14  1.024595e-02
 15  8.397716e-03
 16  6.994912e-03
 17  5.884924e-03
 18  5.034984e-03
 19  4.334655e-03
 20  3.838701e-03
 21  3.395410e-03
 22  3.062922e-03
 23  2.817306e-03
 24  2.626963e-03
 25  2.453479e-03
 26  2.299954e-03
 27  2.148023e-03
 28  1.967037e-03
 29  1.776462e-03
 30  1.558827e-03
 31  1.321710e-03
 32  1.081722e-03
 33  8.807311e-04
 Iteration CPU time: 7 s
 CFIE residual: 0.000880731

 Iseg, Irank, Idinc : 1, 4, 64
 Thata, Phi : 90.000000, 63.000000
 Maximun iteration: 300
 Number of recycle truncation: 30
 Final matrix dimension:  36708
 Residual error:0.001000
 0  6.629569e-01
 1  3.576875e-01
 2  2.226451e-01
 3  1.434272e-01
 4  1.029498e-01
 5  7.845419e-02
 6  5.966192e-02
 7  4.599962e-02
 8  3.715800e-02
 9  2.967165e-02
 10  2.320144e-02
 11  1.830235e-02
 12  1.426410e-02
 13  1.162400e-02
 14  9.714800e-03
 15  8.123574e-03
 16  7.256960e-03
 17  6.547645e-03
 18  5.925519e-03
 19  5.414549e-03
 20  4.988727e-03
 21  4.603106e-03
 22  4.336712e-03
 23  4.088098e-03
 24  3.804272e-03
 25  3.466847e-03
 26  3.126786e-03
 27  2.719210e-03
 28  2.324494e-03
 29  1.925815e-03
 30  1.531977e-03
 31  1.205699e-03
 32  9.615159e-04
 Iteration CPU time: 8 s
 CFIE residual: 0.000961516

 Iseg, Irank, Idinc : 1, 5, 147
 Thata, Phi : 90.000000, 146.000000
 Maximun iteration: 300
 Number of recycle truncation: 30
 Final matrix dimension:  36708
 Residual error:0.001000
 0  6.524672e-01
 1  3.446007e-01
 2  2.083472e-01
 3  1.426698e-01
 4  1.036911e-01
 5  7.904361e-02
 6  6.237202e-02
 7  4.870292e-02
 8  4.070631e-02
 9  3.445443e-02
 10  2.913977e-02
 11  2.454238e-02
 12  2.016652e-02
 13  1.614580e-02
 14  1.312940e-02
 15  1.054028e-02
 16  8.488324e-03
 17  7.116493e-03
 18  5.798301e-03
 19  4.766164e-03
 20  3.901440e-03
 21  3.235231e-03
 22  2.775578e-03
 23  2.407479e-03
 24  2.151433e-03
 25  1.947484e-03
 26  1.803380e-03
 27  1.686019e-03
 28  1.587564e-03
 29  1.485793e-03
 30  1.378081e-03
 31  1.257055e-03
 32  1.114471e-03
 33  9.559729e-04
 Iteration CPU time: 7 s
 CFIE residual: 0.000955973

 Iseg, Irank, Idinc : 1, 6, 74
 Thata, Phi : 90.000000, 73.000000
 Maximun iteration: 300
 Number of recycle truncation: 30
 Final matrix dimension:  36708
 Residual error:0.001000
 0  6.397069e-01
 1  3.649690e-01
 2  2.373072e-01
 3  1.490065e-01
 4  1.040841e-01
 5  7.912509e-02
 6  6.217631e-02
 7  4.845626e-02
 8  3.896627e-02
 9  3.183573e-02
 10  2.479777e-02
 11  1.973377e-02
 12  1.609111e-02
 13  1.342981e-02
 14  1.137702e-02
 15  9.610924e-03
 16  8.319005e-03
 17  7.434924e-03
 18  6.714487e-03
 19  6.125317e-03
 20  5.612549e-03
 21  5.212186e-03
 22  4.886616e-03
 23  4.598648e-03
 24  4.318809e-03
 25  4.010741e-03
 26  3.645747e-03
 27  3.235718e-03
 28  2.827433e-03
 29  2.464914e-03
 30  2.037747e-03
 31  1.645583e-03
 32  1.303894e-03
 33  1.016688e-03
 34  7.677934e-04
 Iteration CPU time: 8 s
 CFIE residual: 0.000767793

 Iseg, Irank, Idinc : 1, 7, 159
 Thata, Phi : 90.000000, 158.000000
 Maximun iteration: 300
 Number of recycle truncation: 30
 Final matrix dimension:  36708
 Residual error:0.001000
 0  6.122113e-01
 1  3.137477e-01
 2  1.915324e-01
 3  1.302312e-01
 4  9.937936e-02
 5  7.909379e-02
 6  6.378163e-02
 7  5.106220e-02
 8  4.371543e-02
 9  3.755756e-02
 10  3.149374e-02
 11  2.594163e-02
 12  2.158922e-02
 13  1.752295e-02
 14  1.420311e-02
 15  1.161016e-02
 16  9.556371e-03
 17  7.810154e-03
 18  6.286662e-03
 19  5.260687e-03
 20  4.184712e-03
 21  3.513289e-03
 22  2.969720e-03
 23  2.565273e-03
 24  2.215711e-03
 25  1.936649e-03
 26  1.729130e-03
 27  1.588869e-03
 28  1.470041e-03
 29  1.389487e-03
 30  1.324278e-03
 31  1.257329e-03
 32  1.171028e-03
 33  1.065325e-03
 34  9.501147e-04
 Iteration CPU time: 8 s
 CFIE residual: 0.000950115

 Iseg, Irank, Idinc : 1, 8, 86
 Thata, Phi : 90.000000, 85.000000
 Maximun iteration: 300
 Number of recycle truncation: 30
 Final matrix dimension:  36708
 Residual error:0.001000
 0  6.169257e-01
 1  3.502809e-01
 2  2.262311e-01
 3  1.541867e-01
 4  1.108493e-01
 5  8.563639e-02
 6  6.610181e-02
 7  5.221739e-02
 8  4.186550e-02
 9  3.458076e-02
 10  2.698260e-02
 11  2.056546e-02
 12  1.629723e-02
 13  1.342461e-02
 14  1.116518e-02
 15  9.433060e-03
 16  7.996570e-03
 17  6.986416e-03
 18  6.218032e-03
 19  5.657517e-03
 20  5.219074e-03
 21  4.887617e-03
 22  4.572759e-03
 23  4.301896e-03
 24  4.001205e-03
 25  3.697527e-03
 26  3.418875e-03
 27  3.087832e-03
 28  2.723933e-03
 29  2.345821e-03
 30  2.006050e-03
 31  1.671670e-03
 32  1.356444e-03
 33  1.092985e-03
 34  8.689222e-04
 Iteration CPU time: 8 s
 CFIE residual: 0.000868922

 Iseg, Irank, Idinc : 1, 9, 134
 Thata, Phi : 90.000000, 133.000000
 Maximun iteration: 300
 Number of recycle truncation: 30
 Final matrix dimension:  36708
 Residual error:0.001000
 0  6.945902e-01
 1  3.582267e-01
 2  2.265200e-01
 3  1.536375e-01
 4  1.102848e-01
 5  8.370284e-02
 6  6.398193e-02
 7  4.982275e-02
 8  3.999428e-02
 9  3.106823e-02
 10  2.487507e-02
 11  2.031851e-02
 12  1.615937e-02
 13  1.298513e-02
 14  1.058591e-02
 15  8.646452e-03
 16  7.147329e-03
 17  5.871820e-03
 18  4.900405e-03
 19  4.233750e-03
 20  3.669270e-03
 21  3.286926e-03
 22  2.975830e-03
 23  2.705067e-03
 24  2.530660e-03
 25  2.375433e-03
 26  2.228751e-03
 27  2.085871e-03
 28  1.962654e-03
 29  1.831062e-03
 30  1.669928e-03
 31  1.489953e-03
 32  1.297322e-03
 33  1.117649e-03
 34  9.560177e-04
 Iteration CPU time: 8 s
 CFIE residual: 0.000956018

 Iseg, Irank, Idinc : 1, 10, 123
 Thata, Phi : 90.000000, 122.000000
 Maximun iteration: 300
 Number of recycle truncation: 30
 Final matrix dimension:  36708
 Residual error:0.001000
 0  6.528611e-01
 1  3.423812e-01
 2  2.246389e-01
 3  1.564625e-01
 4  1.113070e-01
 5  8.339946e-02
 6  6.448575e-02
 7  5.036752e-02
 8  3.879159e-02
 9  2.974420e-02
 10  2.399150e-02
 11  1.905426e-02
 12  1.515392e-02
 13  1.223735e-02
 14  1.001193e-02
 15  8.564700e-03
 16  7.240854e-03
 17  6.147415e-03
 18  5.263465e-03
 19  4.575175e-03
 20  4.079141e-03
 21  3.636636e-03
 22  3.306268e-03
 23  3.009471e-03
 24  2.799845e-03
 25  2.612290e-03
 26  2.441690e-03
 27  2.301156e-03
 28  2.166833e-03
 29  2.028554e-03
 30  1.869826e-03
 31  1.688295e-03
 32  1.471366e-03
 33  1.235915e-03
 34  1.044797e-03
 35  8.823187e-04
 Iteration CPU time: 8 s
 CFIE residual: 0.000882319

 Iseg, Irank, Idinc : 1, 11, 53
 Thata, Phi : 90.000000, 52.000000
 Maximun iteration: 300
 Number of recycle truncation: 30
 Final matrix dimension:  36708
 Residual error:0.001000
 0  6.498208e-01
 1  3.381001e-01
 2  2.080304e-01
 3  1.343531e-01
 4  9.612964e-02
 5  7.128882e-02
 6  5.438899e-02
 7  4.253720e-02
 8  3.264158e-02
 9  2.434919e-02
 10  1.910740e-02
 11  1.491602e-02
 12  1.190478e-02
 13  9.705264e-03
 14  8.107921e-03
 15  6.944248e-03
 16  6.030165e-03
 17  5.296268e-03
 18  4.746472e-03
 19  4.358505e-03
 20  3.958272e-03
 21  3.681330e-03
 22  3.484719e-03
 23  3.282229e-03
 24  3.013342e-03
 25  2.766877e-03
 26  2.481137e-03
 27  2.139994e-03
 28  1.840023e-03
 29  1.513355e-03
 30  1.215762e-03
 31  9.741527e-04
 Iteration CPU time: 7 s
 CFIE residual: 0.000974153

 Iseg, Irank, Idinc : 1, 12, 32
 Thata, Phi : 90.000000, 31.000000
 Maximun iteration: 300
 Number of recycle truncation: 30
 Final matrix dimension:  36708
 Residual error:0.001000
 0  6.320852e-01
 1  3.054399e-01
 2  1.796417e-01
 3  1.136630e-01
 4  8.004021e-02
 5  5.900753e-02
 6  4.314766e-02
 7  3.248452e-02
 8  2.540962e-02
 9  2.034992e-02
 10  1.619079e-02
 11  1.289429e-02
 12  1.012437e-02
 13  8.499872e-03
 14  6.749042e-03
 15  5.662929e-03
 16  4.720091e-03
 17  4.037716e-03
 18  3.418616e-03
 19  2.974568e-03
 20  2.628477e-03
 21  2.357694e-03
 22  2.155568e-03
 23  2.007405e-03
 24  1.889570e-03
 25  1.775597e-03
 26  1.667956e-03
 27  1.566830e-03
 28  1.461348e-03
 29  1.335168e-03
 30  1.205506e-03
 31  1.059196e-03
 32  9.247601e-04
 Iteration CPU time: 8 s
 CFIE residual: 0.00092476

 Iseg, Irank, Idinc : 1, 13, 10
 Thata, Phi : 90.000000, 9.000000
 Maximun iteration: 300
 Number of recycle truncation: 30
 Final matrix dimension:  36708
 Residual error:0.001000
 0  5.382406e-01
 1  2.744858e-01
 2  1.730716e-01
 3  1.229075e-01
 4  8.825850e-02
 5  6.624163e-02
 6  5.102061e-02
 7  3.918843e-02
 8  3.066972e-02
 9  2.423923e-02
 10  1.870934e-02
 11  1.469529e-02
 12  1.156934e-02
 13  9.457074e-03
 14  7.593296e-03
 15  6.097437e-03
 16  5.025225e-03
 17  4.211685e-03
 18  3.578055e-03
 19  3.069306e-03
 20  2.632555e-03
 21  2.315109e-03
 22  1.984550e-03
 23  1.751330e-03
 24  1.585192e-03
 25  1.453549e-03
 26  1.345337e-03
 27  1.255218e-03
 28  1.183046e-03
 29  1.115490e-03
 30  1.048925e-03
 31  9.795421e-04
 Iteration CPU time: 7 s
 CFIE residual: 0.000979542

 Iseg, Irank, Idinc : 1, 14, 178
 Thata, Phi : 90.000000, 177.000000
 Maximun iteration: 300
 Number of recycle truncation: 30
 Final matrix dimension:  36708
 Residual error:0.001000
 0  5.655001e-01
 1  2.995291e-01
 2  1.907359e-01
 3  1.339867e-01
 4  1.050489e-01
 5  8.080379e-02
 6  6.534748e-02
 7  5.471908e-02
 8  4.484210e-02
 9  3.497392e-02
 10  2.743900e-02
 11  2.203063e-02
 12  1.786357e-02
 13  1.401465e-02
 14  1.145206e-02
 15  8.921693e-03
 16  7.086058e-03
 17  5.827200e-03
 18  4.799717e-03
 19  3.865079e-03
 20  3.045165e-03
 21  2.540082e-03
 22  2.156957e-03
 23  1.856459e-03
 24  1.583859e-03
 25  1.343804e-03
 26  1.152530e-03
 27  1.002543e-03
 28  9.023997e-04
 Iteration CPU time: 7 s
 CFIE residual: 0.0009024

 Iseg, Irank, Idinc : 1, 15, 94
 Thata, Phi : 90.000000, 93.000000
 Maximun iteration: 300
 Number of recycle truncation: 30
 Final matrix dimension:  36708
 Residual error:0.001000
 0  6.139397e-01
 1  3.511168e-01
 2  2.225740e-01
 3  1.481429e-01
 4  1.058962e-01
 5  8.212748e-02
 6  6.395897e-02
 7  5.081388e-02
 8  4.064198e-02
 9  3.284708e-02
 10  2.612379e-02
 11  2.073437e-02
 12  1.687348e-02
 13  1.392468e-02
 14  1.156369e-02
 15  9.718408e-03
 16  8.059680e-03
 17  6.903496e-03
 18  6.027728e-03
 19  5.370177e-03
 20  4.868614e-03
 21  4.485165e-03
 22  4.135363e-03
 23  3.904547e-03
 24  3.611433e-03
 25  3.403834e-03
 26  3.207344e-03
 27  2.984814e-03
 28  2.694389e-03
 29  2.315082e-03
 30  1.941815e-03
 31  1.631764e-03
 32  1.298856e-03
 33  1.042288e-03
 34  8.522003e-04
 Iteration CPU time: 7 s
 CFIE residual: 0.0008522

 Iseg, Irank, Idinc : 1, 16, 102
 Thata, Phi : 90.000000, 101.000000
 Maximun iteration: 300
 Number of recycle truncation: 30
 Final matrix dimension:  36708
 Residual error:0.001000
 0  6.138140e-01
 1  3.501982e-01
 2  2.199155e-01
 3  1.486464e-01
 4  1.041763e-01
 5  7.819957e-02
 6  6.056195e-02
 7  4.726677e-02
 8  3.730923e-02
 9  3.060391e-02
 10  2.487852e-02
 11  1.987865e-02
 12  1.588493e-02
 13  1.309936e-02
 14  1.091708e-02
 15  8.819139e-03
 16  7.368507e-03
 17  6.284964e-03
 18  5.408815e-03
 19  4.780921e-03
 20  4.299319e-03
 21  3.869928e-03
 22  3.489967e-03
 23  3.257405e-03
 24  3.030353e-03
 25  2.835492e-03
 26  2.676174e-03
 27  2.518158e-03
 28  2.312794e-03
 29  2.082795e-03
 30  1.817007e-03
 31  1.553291e-03
 32  1.263462e-03
 33  1.040679e-03
 34  8.045841e-04
 Iteration CPU time: 8 s
 CFIE residual: 0.000804584

 Iseg, Irank, Idinc : 1, 17, 1
 Thata, Phi : 90.000000, 0.000000
 Maximun iteration: 300
 Number of recycle truncation: 30
 Final matrix dimension:  36708
 Residual error:0.001000
 0  5.090421e-01
 1  2.677163e-01
 2  1.735977e-01
 3  1.208513e-01
 4  8.561467e-02
 5  6.452224e-02
 6  5.034154e-02
 7  3.815965e-02
 8  2.892638e-02
 9  2.290607e-02
 10  1.724935e-02
 11  1.373628e-02
 12  1.127846e-02
 13  8.736605e-03
 14  7.056733e-03
 15  5.601607e-03
 16  4.541797e-03
 17  3.743546e-03
 18  3.178564e-03
 19  2.735067e-03
 20  2.350573e-03
 21  2.057453e-03
 22  1.791382e-03
 23  1.553768e-03
 24  1.364463e-03
 25  1.224676e-03
 26  1.128597e-03
 27  1.062454e-03
 28  1.003157e-03
 29  9.416448e-04
 Iteration CPU time: 7 s
 CFIE residual: 0.000941645

 Iseg, Irank, Idinc : 1, 18, 116
 Thata, Phi : 90.000000, 115.000000
 Maximun iteration: 300
 Number of recycle truncation: 30
 Final matrix dimension:  36708
 Residual error:0.001000
 0  6.458257e-01
 1  3.484107e-01
 2  2.195184e-01
 3  1.535656e-01
 4  1.090673e-01
 5  8.045745e-02
 6  6.132612e-02
 7  4.753987e-02
 8  3.816744e-02
 9  2.980750e-02
 10  2.304177e-02
 11  1.795170e-02
 12  1.484923e-02
 13  1.230175e-02
 14  9.904243e-03
 15  8.139888e-03
 16  6.852982e-03
 17  5.786547e-03
 18  4.987162e-03
 19  4.337981e-03
 20  3.888817e-03
 21  3.464134e-03
 22  3.135275e-03
 23  2.872756e-03
 24  2.677099e-03
 25  2.508651e-03
 26  2.345257e-03
 27  2.201910e-03
 28  2.062137e-03
 29  1.902700e-03
 30  1.698225e-03
 31  1.464456e-03
 32  1.204260e-03
 33  9.565704e-04
 Iteration CPU time: 8 s
 CFIE residual: 0.00095657

 Iseg, Irank, Idinc : 1, 19, 80
 Thata, Phi : 90.000000, 79.000000
 Maximun iteration: 300
 Number of recycle truncation: 30
 Final matrix dimension:  36708
 Residual error:0.001000
 0  6.231944e-01
 1  3.562322e-01
 2  2.306546e-01
 3  1.494698e-01
 4  1.070341e-01
 5  8.262174e-02
 6  6.355394e-02
 7  5.069198e-02
 8  3.985851e-02
 9  3.273334e-02
 10  2.569240e-02
 11  1.994967e-02
 12  1.588368e-02
 13  1.323030e-02
 14  1.105888e-02
 15  9.534802e-03
 16  8.264542e-03
 17  7.174177e-03
 18  6.398906e-03
 19  5.819591e-03
 20  5.338042e-03
 21  4.994235e-03
 22  4.700080e-03
 23  4.437064e-03
 24  4.139517e-03
 25  3.857903e-03
 26  3.548328e-03
 27  3.186585e-03
 28  2.837205e-03
 29  2.484667e-03
 30  2.091544e-03
 31  1.737918e-03
 32  1.390582e-03
 33  1.111049e-03
 34  8.623981e-04
 Iteration CPU time: 8 s
 CFIE residual: 0.000862398

 Iseg, Irank, Idinc : 1, 20, 167
 Thata, Phi : 90.000000, 166.000000
 Maximun iteration: 300
 Number of recycle truncation: 30
 Final matrix dimension:  36708
 Residual error:0.001000
 0  5.831458e-01
 1  3.021786e-01
 2  1.885878e-01
 3  1.327901e-01
 4  1.039033e-01
 5  8.197961e-02
 6  6.754989e-02
 7  5.492382e-02
 8  4.584382e-02
 9  3.807974e-02
 10  3.244719e-02
 11  2.704975e-02
 12  2.256539e-02
 13  1.812650e-02
 14  1.491114e-02
 15  1.229180e-02
 16  1.003623e-02
 17  8.225218e-03
 18  6.446928e-03
 19  5.290883e-03
 20  4.324457e-03
 21  3.473259e-03
 22  2.921357e-03
 23  2.476701e-03
 24  2.057861e-03
 25  1.725926e-03
 26  1.472424e-03
 27  1.305412e-03
 28  1.186726e-03
 29  1.107777e-03
 30  1.049869e-03
 31  9.958916e-04
 Iteration CPU time: 7 s
 CFIE residual: 0.000995892

 Iseg, Irank, Idinc : 1, 21, 141
 Thata, Phi : 90.000000, 140.000000
 Maximun iteration: 300
 Number of recycle truncation: 30
 Final matrix dimension:  36708
 Residual error:0.001000
 0  6.863399e-01
 1  3.522999e-01
 2  2.134259e-01
 3  1.469935e-01
 4  1.074609e-01
 5  8.111803e-02
 6  6.232447e-02
 7  4.916092e-02
 8  4.042808e-02
 9  3.340828e-02
 10  2.751366e-02
 11  2.289630e-02
 12  1.867339e-02
 13  1.525689e-02
 14  1.199310e-02
 15  9.842833e-03
 16  7.878506e-03
 17  6.524791e-03
 18  5.335233e-03
 19  4.390271e-03
 20  3.723381e-03
 21  3.192849e-03
 22  2.819615e-03
 23  2.533249e-03
 24  2.318244e-03
 25  2.161248e-03
 26  2.030272e-03
 27  1.913122e-03
 28  1.809200e-03
 29  1.699978e-03
 30  1.577771e-03
 31  1.427936e-03
 32  1.279170e-03
 33  1.135457e-03
 34  9.920205e-04
 Iteration CPU time: 8 s
 CFIE residual: 0.00099202

 Iseg, Irank, Idinc : 1, 22, 16
 Thata, Phi : 90.000000, 15.000000
 Maximun iteration: 300
 Number of recycle truncation: 30
 Final matrix dimension:  36708
 Residual error:0.001000
 0  5.764757e-01
 1  2.825135e-01
 2  1.709348e-01
 3  1.199191e-01
 4  8.491515e-02
 5  6.366414e-02
 6  4.989601e-02
 7  3.859624e-02
 8  3.011334e-02
 9  2.372400e-02
 10  1.881339e-02
 11  1.495415e-02
 12  1.149410e-02
 13  9.192583e-03
 14  7.441087e-03
 15  6.244386e-03
 16  5.143715e-03
 17  4.308902e-03
 18  3.614796e-03
 19  3.070222e-03
 20  2.603628e-03
 21  2.256446e-03
 22  1.954428e-03
 23  1.739765e-03
 24  1.594016e-03
 25  1.474080e-03
 26  1.371781e-03
 27  1.289489e-03
 28  1.223672e-03
 29  1.160318e-03
 30  1.095446e-03
 31  1.025916e-03
 32  9.544846e-04
 Iteration CPU time: 8 s
 CFIE residual: 0.000954485

 Iseg, Irank, Idinc : 1, 23, 173
 Thata, Phi : 90.000000, 172.000000
 Maximun iteration: 300
 Number of recycle truncation: 30
 Final matrix dimension:  36708
 Residual error:0.001000
 0  5.707527e-01
 1  2.999199e-01
 2  1.906679e-01
 3  1.345856e-01
 4  1.059572e-01
 5  8.259473e-02
 6  6.734055e-02
 7  5.590006e-02
 8  4.633685e-02
 9  3.728303e-02
 10  3.037694e-02
 11  2.521201e-02
 12  2.104825e-02
 13  1.701380e-02
 14  1.399882e-02
 15  1.129353e-02
 16  9.457154e-03
 17  7.611465e-03
 18  6.000590e-03
 19  4.888751e-03
 20  3.896700e-03
 21  3.162817e-03
 22  2.658559e-03
 23  2.282488e-03
 24  1.910941e-03
 25  1.595272e-03
 26  1.353243e-03
 27  1.174184e-03
 28  1.051559e-03
 29  9.705818e-04
 Iteration CPU time: 6 s
 CFIE residual: 0.000970582

 Iseg, Irank, Idinc : 1, 24, 181
 Thata, Phi : 90.000000, 180.000000
 Maximun iteration: 300
 Number of recycle truncation: 30
 Final matrix dimension:  36708
 Residual error:0.001000
 0  5.645033e-01
 1  2.994702e-01
 2  1.906666e-01
 3  1.337636e-01
 4  1.046747e-01
 5  8.002416e-02
 6  6.463855e-02
 7  5.412475e-02
 8  4.412439e-02
 9  3.424491e-02
 10  2.674644e-02
 11  2.112359e-02
 12  1.648568e-02
 13  1.287201e-02
 14  1.025424e-02
 15  7.980424e-03
 16  6.043147e-03
 17  4.884699e-03
 18  3.970871e-03
 19  3.140643e-03
 20  2.578255e-03
 21  2.181162e-03
 22  1.845700e-03
 23  1.546086e-03
 24  1.318309e-03
 25  1.152256e-03
 26  1.009454e-03
 27  8.981650e-04
 Iteration CPU time: 7 s
 CFIE residual: 0.000898165

 Iseg, Irank, Idinc : 1, 25, 58
 Thata, Phi : 90.000000, 57.000000
 Maximun iteration: 300
 Number of recycle truncation: 30
 Final matrix dimension:  36708
 Residual error:0.001000
 0  6.612660e-01
 1  3.447103e-01
 2  2.132190e-01
 3  1.346083e-01
 4  9.583632e-02
 5  7.058271e-02
 6  5.451564e-02
 7  4.294075e-02
 8  3.437670e-02
 9  2.642124e-02
 10  1.994504e-02
 11  1.568016e-02
 12  1.267269e-02
 13  1.015722e-02
 14  8.408107e-03
 15  7.061294e-03
 16  6.275994e-03
 17  5.564231e-03
 18  5.015596e-03
 19  4.659691e-03
 20  4.282570e-03
 21  3.959379e-03
 22  3.737683e-03
 23  3.505733e-03
 24  3.256023e-03
 25  2.988511e-03
 26  2.684680e-03
 27  2.348975e-03
 28  1.992056e-03
 29  1.649395e-03
 30  1.358574e-03
 31  1.090201e-03
 32  8.748103e-04
 Iteration CPU time: 7 s
 CFIE residual: 0.00087481

 Iseg, Irank, Idinc : 1, 26, 5
 Thata, Phi : 90.000000, 4.000000
 Maximun iteration: 300
 Number of recycle truncation: 30
 Final matrix dimension:  36708
 Residual error:0.001000
 0  5.155939e-01
 1  2.693075e-01
 2  1.733422e-01
 3  1.213815e-01
 4  8.668577e-02
 5  6.541225e-02
 6  5.031521e-02
 7  3.784829e-02
 8  2.862806e-02
 9  2.306790e-02
 10  1.811922e-02
 11  1.443364e-02
 12  1.131593e-02
 13  9.136522e-03
 14  7.549678e-03
 15  6.065405e-03
 16  4.961918e-03
 17  4.122563e-03
 18  3.455369e-03
 19  2.997877e-03
 20  2.607433e-03
 21  2.282498e-03
 22  1.959531e-03
 23  1.706159e-03
 24  1.518690e-03
 25  1.372036e-03
 26  1.243735e-03
 27  1.160370e-03
 28  1.088483e-03
 29  1.020647e-03
 30  9.523707e-04
 Iteration CPU time: 7 s
 CFIE residual: 0.000952371

 Iseg, Irank, Idinc : 1, 27, 153
 Thata, Phi : 90.000000, 152.000000
 Maximun iteration: 300
 Number of recycle truncation: 30
 Final matrix dimension:  36708
 Residual error:0.001000
 0  6.327972e-01
 1  3.291980e-01
 2  2.010262e-01
 3  1.354850e-01
 4  1.008577e-01
 5  7.862650e-02
 6  6.248512e-02
 7  4.936335e-02
 8  4.168081e-02
 9  3.523033e-02
 10  2.999750e-02
 11  2.488962e-02
 12  2.006102e-02
 13  1.643662e-02
 14  1.342420e-02
 15  1.099720e-02
 16  8.875966e-03
 17  7.270935e-03
 18  5.845264e-03
 19  4.931596e-03
 20  4.007634e-03
 21  3.343754e-03
 22  2.863772e-03
 23  2.486937e-03
 24  2.175210e-03
 25  1.948999e-03
 26  1.781735e-03
 27  1.645679e-03
 28  1.535014e-03
 29  1.447203e-03
 30  1.364243e-03
 31  1.270330e-03
 32  1.153324e-03
 33  1.012948e-03
 34  8.622278e-04
 Iteration CPU time: 8 s
 CFIE residual: 0.000862228

 Iseg, Irank, Idinc : 1, 28, 37
 Thata, Phi : 90.000000, 36.000000
 Maximun iteration: 300
 Number of recycle truncation: 30
 Final matrix dimension:  36708
 Residual error:0.001000
 0  6.226126e-01
 1  3.119233e-01
 2  1.921369e-01
 3  1.222121e-01
 4  8.353538e-02
 5  6.149361e-02
 6  4.470670e-02
 7  3.377532e-02
 8  2.614607e-02
 9  2.035604e-02
 10  1.590360e-02
 11  1.262613e-02
 12  1.005744e-02
 13  8.333714e-03
 14  6.776260e-03
 15  5.544437e-03
 16  4.592919e-03
 17  3.969718e-03
 18  3.433626e-03
 19  3.029286e-03
 20  2.726206e-03
 21  2.509193e-03
 22  2.325567e-03
 23  2.169005e-03
 24  2.055990e-03
 25  1.936029e-03
 26  1.802383e-03
 27  1.662343e-03
 28  1.533271e-03
 29  1.365028e-03
 30  1.194653e-03
 31  1.029299e-03
 32  8.811352e-04
 Iteration CPU time: 8 s
 CFIE residual: 0.000881135

 Iseg, Irank, Idinc : 1, 29, 128
 Thata, Phi : 90.000000, 127.000000
 Maximun iteration: 300
 Number of recycle truncation: 30
 Final matrix dimension:  36708
 Residual error:0.001000
 0  6.653303e-01
 1  3.496428e-01
 2  2.281199e-01
 3  1.565455e-01
 4  1.120033e-01
 5  8.513476e-02
 6  6.482123e-02
 7  5.052713e-02
 8  3.966437e-02
 9  3.137794e-02
 10  2.489096e-02
 11  1.949174e-02
 12  1.530051e-02
 13  1.253749e-02
 14  1.043780e-02
 15  8.573240e-03
 16  7.126307e-03
 17  5.956190e-03
 18  5.020442e-03
 19  4.384796e-03
 20  3.922608e-03
 21  3.511474e-03
 22  3.194270e-03
 23  2.938669e-03
 24  2.748142e-03
 25  2.559105e-03
 26  2.396316e-03
 27  2.254411e-03
 28  2.125655e-03
 29  2.002816e-03
 30  1.850982e-03
 31  1.663967e-03
 32  1.473532e-03
 33  1.262859e-03
 34  1.090320e-03
 35  9.088811e-04
 Iteration CPU time: 8 s
 CFIE residual: 0.000908881

 Iseg, Irank, Idinc : 1, 30, 69
 Thata, Phi : 90.000000, 68.000000
 Maximun iteration: 300
 Number of recycle truncation: 30
 Final matrix dimension:  36708
 Residual error:0.001000
 0  6.540627e-01
 1  3.655424e-01
 2  2.328018e-01
 3  1.496137e-01
 4  1.074140e-01
 5  8.167783e-02
 6  6.256500e-02
 7  4.881595e-02
 8  4.017972e-02
 9  3.251073e-02
 10  2.541951e-02
 11  1.975444e-02
 12  1.576464e-02
 13  1.310815e-02
 14  1.106117e-02
 15  9.348249e-03
 16  8.184674e-03
 17  7.327894e-03
 18  6.654917e-03
 19  6.044318e-03
 20  5.542595e-03
 21  5.129103e-03
 22  4.832735e-03
 23  4.564277e-03
 24  4.264508e-03
 25  3.929855e-03
 26  3.543543e-03
 27  3.139220e-03
 28  2.707078e-03
 29  2.278593e-03
 30  1.829520e-03
 31  1.464604e-03
 32  1.184479e-03
 33  9.291744e-04
 Iteration CPU time: 7 s
 CFIE residual: 0.000929174

 Iseg, Irank, Idinc : 1, 31, 27
 Thata, Phi : 90.000000, 26.000000
 Maximun iteration: 300
 Number of recycle truncation: 30
 Final matrix dimension:  36708
 Residual error:0.001000
 0  6.344162e-01
 1  2.981422e-01
 2  1.683043e-01
 3  1.100874e-01
 4  7.724560e-02
 5  5.684288e-02
 6  4.220384e-02
 7  3.183734e-02
 8  2.509380e-02
 9  2.076193e-02
 10  1.661200e-02
 11  1.314555e-02
 12  1.040431e-02
 13  8.901224e-03
 14  7.167660e-03
 15  6.024323e-03
 16  5.047970e-03
 17  4.231154e-03
 18  3.555210e-03
 19  3.067076e-03
 20  2.635891e-03
 21  2.293189e-03
 22  2.050405e-03
 23  1.875473e-03
 24  1.756091e-03
 25  1.641294e-03
 26  1.537996e-03
 27  1.452259e-03
 28  1.365718e-03
 29  1.274947e-03
 30  1.180200e-03
 31  1.076237e-03
 32  9.733078e-04
 Iteration CPU time: 7 s
 CFIE residual: 0.000973308

 Iseg, Irank, Idinc : 1, 32, 163
 Thata, Phi : 90.000000, 162.000000
 Maximun iteration: 300
 Number of recycle truncation: 30
 Final matrix dimension:  36708
 Residual error:0.001000
 0  5.963981e-01
 1  3.065229e-01
 2  1.880367e-01
 3  1.305261e-01
 4  1.010854e-01
 5  8.068713e-02
 6  6.594824e-02
 7  5.302743e-02
 8  4.476033e-02
 9  3.826507e-02
 10  3.249093e-02
 11  2.688216e-02
 12  2.254201e-02
 13  1.815122e-02
 14  1.490543e-02
 15  1.224883e-02
 16  1.006392e-02
 17  8.226055e-03
 18  6.517877e-03
 19  5.400760e-03
 20  4.351673e-03
 21  3.540943e-03
 22  2.993247e-03
 23  2.525685e-03
 24  2.139479e-03
 25  1.832402e-03
 26  1.599666e-03
 27  1.447241e-03
 28  1.333814e-03
 29  1.253526e-03
 30  1.191595e-03
 31  1.133021e-03
 32  1.067538e-03
 33  9.850084e-04
 Iteration CPU time: 8 s
 CFIE residual: 0.000985008

 Iseg, Irank, Idinc : 1, 33, 98
 Thata, Phi : 90.000000, 97.000000
 Maximun iteration: 300
 Number of recycle truncation: 30
 Final matrix dimension:  36708
 Residual error:0.001000
 0  6.132288e-01
 1  3.495178e-01
 2  2.201182e-01
 3  1.468676e-01
 4  1.048378e-01
 5  7.930553e-02
 6  6.069620e-02
 7  4.862683e-02
 8  3.836091e-02
 9  3.040717e-02
 10  2.477966e-02
 11  1.978692e-02
 12  1.612770e-02
 13  1.335227e-02
 14  1.096686e-02
 15  8.961063e-03
 16  7.526028e-03
 17  6.464991e-03
 18  5.606376e-03
 19  4.983828e-03
 20  4.510991e-03
 21  4.097067e-03
 22  3.728586e-03
 23  3.508874e-03
 24  3.270612e-03
 25  3.099572e-03
 26  2.927233e-03
 27  2.745612e-03
 28  2.510479e-03
 29  2.209294e-03
 30  1.894457e-03
 31  1.584196e-03
 32  1.264688e-03
 33  1.029337e-03
 34  8.229579e-04
 Iteration CPU time: 8 s
 CFIE residual: 0.000822958

 Iseg, Irank, Idinc : 1, 34, 3
 Thata, Phi : 90.000000, 2.000000
 Maximun iteration: 300
 Number of recycle truncation: 30
 Final matrix dimension:  36708
 Residual error:0.001000
 0  5.107357e-01
 1  2.681310e-01
 2  1.735218e-01
 3  1.209707e-01
 4  8.588868e-02
 5  6.477301e-02
 6  5.031307e-02
 7  3.804355e-02
 8  2.881555e-02
 9  2.292975e-02
 10  1.754488e-02
 11  1.410098e-02
 12  1.130798e-02
 13  8.970444e-03
 14  7.321088e-03
 15  5.896007e-03
 16  4.847239e-03
 17  4.027470e-03
 18  3.370992e-03
 19  2.921706e-03
 20  2.551469e-03
 21  2.240248e-03
 22  1.925970e-03
 23  1.669623e-03
 24  1.482022e-03
 25  1.331556e-03
 26  1.195582e-03
 27  1.112958e-03
 28  1.044806e-03
 29  9.821415e-04
 Iteration CPU time: 6 s
 CFIE residual: 0.000982141

 Iseg, Irank, Idinc : 1, 35, 180
 Thata, Phi : 90.000000, 179.000000
 Maximun iteration: 300
 Number of recycle truncation: 30
 Final matrix dimension:  36708
 Residual error:0.001000
 0  5.646280e-01
 1  2.994788e-01
 2  1.906773e-01
 3  1.337938e-01
 4  1.047246e-01
 5  8.012930e-02
 6  6.473505e-02
 7  5.421783e-02
 8  4.424216e-02
 9  3.434875e-02
 10  2.683511e-02
 11  2.125554e-02
 12  1.674624e-02
 13  1.309471e-02
 14  1.054363e-02
 15  8.171969e-03
 16  6.312184e-03
 17  5.150990e-03
 18  4.240673e-03
 19  3.406715e-03
 20  2.706242e-03
 21  2.268128e-03
 22  1.928866e-03
 23  1.650363e-03
 24  1.412372e-03
 25  1.213138e-03
 26  1.051840e-03
 27  9.245442e-04
 Iteration CPU time: 7 s
 CFIE residual: 0.000924544

 Iseg, Irank, Idinc : 1, 36, 47
 Thata, Phi : 90.000000, 46.000000
 Maximun iteration: 300
 Number of recycle truncation: 30
 Final matrix dimension:  36708
 Residual error:0.001000
 0  6.364175e-01
 1  3.245510e-01
 2  2.030641e-01
 3  1.331626e-01
 4  9.445755e-02
 5  7.070966e-02
 6  5.274957e-02
 7  4.056133e-02
 8  3.104274e-02
 9  2.380538e-02
 10  1.832915e-02
 11  1.404226e-02
 12  1.116856e-02
 13  9.057524e-03
 14  7.487404e-03
 15  6.245279e-03
 16  5.357617e-03
 17  4.683160e-03
 18  4.239805e-03
 19  3.875502e-03
 20  3.513865e-03
 21  3.265607e-03
 22  3.057937e-03
 23  2.863574e-03
 24  2.669437e-03
 25  2.488735e-03
 26  2.268464e-03
 27  2.018164e-03
 28  1.765418e-03
 29  1.488618e-03
 30  1.243901e-03
 31  1.019770e-03
 32  8.382386e-04
 Iteration CPU time: 7 s
 CFIE residual: 0.000838239

 Iseg, Irank, Idinc : 1, 37, 113
 Thata, Phi : 90.000000, 112.000000
 Maximun iteration: 300
 Number of recycle truncation: 30
 Final matrix dimension:  36708
 Residual error:0.001000
 0  6.403988e-01
 1  3.520749e-01
 2  2.204629e-01
 3  1.539014e-01
 4  1.088695e-01
 5  8.096948e-02
 6  6.149369e-02
 7  4.749303e-02
 8  3.808772e-02
 9  2.992413e-02
 10  2.314489e-02
 11  1.811831e-02
 12  1.508415e-02
 13  1.248748e-02
 14  1.025647e-02
 15  8.432370e-03
 16  7.025132e-03
 17  5.925091e-03
 18  5.038208e-03
 19  4.320098e-03
 20  3.840747e-03
 21  3.371311e-03
 22  3.062588e-03
 23  2.804563e-03
 24  2.608803e-03
 25  2.443998e-03
 26  2.279134e-03
 27  2.129722e-03
 28  1.982994e-03
 29  1.801225e-03
 30  1.601680e-03
 31  1.361945e-03
 32  1.106112e-03
 33  8.806157e-04
 Iteration CPU time: 8 s
 CFIE residual: 0.000880616

 Iseg, Irank, Idinc : 1, 38, 13
 Thata, Phi : 90.000000, 12.000000
 Maximun iteration: 300
 Number of recycle truncation: 30
 Final matrix dimension:  36708
 Residual error:0.001000
 0  5.564021e-01
 1  2.783608e-01
 2  1.725470e-01
 3  1.222558e-01
 4  8.718508e-02
 5  6.537788e-02
 6  5.104948e-02
 7  3.938224e-02
 8  3.065748e-02
 9  2.424295e-02
 10  1.907025e-02
 11  1.487991e-02
 12  1.150215e-02
 13  9.272744e-03
 14  7.526995e-03
 15  6.198332e-03
 16  5.091177e-03
 17  4.255691e-03
 18  3.602611e-03
 19  3.085647e-03
 20  2.610242e-03
 21  2.286536e-03
 22  1.970095e-03
 23  1.746624e-03
 24  1.593491e-03
 25  1.469015e-03
 26  1.367953e-03
 27  1.276189e-03
 28  1.209841e-03
 29  1.144943e-03
 30  1.082063e-03
 31  1.009919e-03
 32  9.429873e-04
 Iteration CPU time: 7 s
 CFIE residual: 0.000942987

 Iseg, Irank, Idinc : 1, 39, 170
 Thata, Phi : 90.000000, 169.000000
 Maximun iteration: 300
 Number of recycle truncation: 30
 Final matrix dimension:  36708
 Residual error:0.001000
 0  5.759260e-01
 1  3.006070e-01
 2  1.898945e-01
 3  1.341479e-01
 4  1.054612e-01
 5  8.263355e-02
 6  6.789332e-02
 7  5.587003e-02
 8  4.652216e-02
 9  3.820193e-02
 10  3.193707e-02
 11  2.665009e-02
 12  2.230483e-02
 13  1.810733e-02
 14  1.480573e-02
 15  1.196493e-02
 16  9.930148e-03
 17  8.040329e-03
 18  6.284475e-03
 19  5.165812e-03
 20  4.151214e-03
 21  3.355057e-03
 22  2.826919e-03
 23  2.411426e-03
 24  2.004970e-03
 25  1.671658e-03
 26  1.416946e-03
 27  1.239388e-03
 28  1.116073e-03
 29  1.034551e-03
 30  9.779938e-04
 Iteration CPU time: 7 s
 CFIE residual: 0.000977994

 Iseg, Irank, Idinc : 1, 40, 138
 Thata, Phi : 90.000000, 137.000000
 Maximun iteration: 300
 Number of recycle truncation: 30
 Final matrix dimension:  36708
 Residual error:0.001000
 0  6.985950e-01
 1  3.551702e-01
 2  2.192409e-01
 3  1.503565e-01
 4  1.096121e-01
 5  8.267915e-02
 6  6.307535e-02
 7  4.958984e-02
 8  4.043669e-02
 9  3.245321e-02
 10  2.645484e-02
 11  2.188748e-02
 12  1.766973e-02
 13  1.428145e-02
 14  1.128521e-02
 15  9.177177e-03
 16  7.525818e-03
 17  6.176484e-03
 18  5.115796e-03
 19  4.306121e-03
 20  3.655400e-03
 21  3.223280e-03
 22  2.887010e-03
 23  2.614895e-03
 24  2.426185e-03
 25  2.272296e-03
 26  2.136657e-03
 27  2.006451e-03
 28  1.899001e-03
 29  1.780532e-03
 30  1.638648e-03
 31  1.468751e-03
 32  1.300642e-03
 33  1.139474e-03
 34  9.946102e-04
 Iteration CPU time: 8 s
 CFIE residual: 0.00099461
 Last Built End in Sep 21 2025 00:06:12
 Total CPU time: 317 s
 Finished.
