 Last Built Begin in Sep 21 2025 00:06:12
 Pre-Type( Input ):            8
 Skl-Tol ( Input ):    1.0000000000000000E-002
 Wavelength in freespace: 0.279503

 ################################################
 ##         Generating Required Mesh          ##
 ##         Waiting.....                      ##
 ################################################
 Subd No.      Subd Name
    1    sphere1                                                           
 isub,  nnode, npatch,  nedge:
    1       604      1204      1806
 Scale Factor         >>   9.99999978E-03
 ################################################

 START TIME: 20250922   003102.977


 Informaton for IE geometry:
 number of subdomains     : 1
 maxnode,maxpatch,maxedge : 604  1204  1806
 
 Index of Mat-Reg: 1
 Mat-Reg Number via MatFlg: 1
 Edge Number of Mat-Reg: 1, 1806

 Number of Edge on PEC: 0
 Mat-Reg: No Dim(m) Lmax:
    1 0.179    2
 Totlmax, add1, add2:           2           3           4
 rlengmax of Global MLFMA >>   0.17888882267155887     
 Lmax of Global MLFMA >>            2
 Wavenum of Mat-Reg:
    1 1.000

 total area in sq m           =      0.1254
 total area in sq lambda      =      1.6046
 maxnode, maxpatch, maxedge           =      604     1204     1806
 longest  edge in lambda              =      0.0779
 shortest edge in lambda              =      0.0340
 average  edge in lambda              =      0.0556
 largest  patch area in sq lambda     =      0.0022
 smallest patch area in sq lambda     =      0.0006
 ave    surface area in sq lambda     =      0.0013
 size range of the object in sq lambda =      0.7156

 #### MLFMA Info For Each Region ####
 Mat-Region =            1
 Array dimension parameters:
 maxrule=          14   maxgrid  =          64
 lmax   =           2   ncmax    =          65
 lsmax  =           6   lsmin    =           6
 kpm    =          76   kp0      =          76
 ntlm   =       24016   nsm      =        4256
 nkpm   =          76   niplm    =        4864
 ngnearm=         632   ngsndm   =        2504
 nearm  =         413   mfinestm =          43
 ###############################

 CFIE Alpha:  0.50000000000000000     

 Fill MLFMA FI for Mat-Reg:           1
 Begin filltl.f
 fill translation matrix
 Level:            2
 fill shifting matrix
 translator time(s):   2.80000009E-02
 fill interpolation matrix
 Filling TL                  Delta_CPU=          0.12 Memory(MB)=         65.70
 Filling sndgrp              Delta_CPU=          0.00 Memory(MB)=         65.70
 Filling VFS                 Delta_CPU=          0.24 Memory(MB)=         65.70

 Fill MLFMA NI for Mat-Reg:           1
 Begin fill sparser part of Nearfield
 Begin fill denser part of Nearfield
 End fill
 Filling Amn                 Delta_CPU=         11.76 Memory(MB)=         65.70


 Now testing preconditioner with
 ipretype =            8
 method = cfie_solve_nfpre_pardiso

  
 NBP>>Begin fill sparser part of Nearfield
 NBP>>Begin fill denser part of Nearfield

201.7857%
 Begin MLFMA Box-Matrix Based Prec Constructor
 --- Intel MKL PARDISO --- 
  >> Solver Initialized
  >> Proceed to ngrp_box loop
  >> Loop 0 Initialized
 Memory for iGRP: 1 0 MB
 Total Memory For NFB Pre: 0 MB
 --- PARDISO PRECONDITIONER INITIALIZED --- 
 Constructing preconditioner CPU time: 0 s
 
 108360
 Memory for Iteration:: 1.65344 MB

 Iseg, Ninc_S : 1, 181, 0

 Iseg, Skeleton Angles: 1, 8
 Iseg, Skel-Pk Mem(MB): 1, 30.96

 Iseg, Irank, Idinc : 1, 1, 33
 Thata, Phi : 90.000000, 32.000000
 Maximun iteration: 300
 Number of recycle truncation: 30
 Final matrix dimension:  3612
 Residual error:0.010000
 0  2.102587e-01
 1  1.062405e-01
 2  4.613896e-02
 3  2.304000e-02
 4  1.112807e-02
 5  5.085707e-03
 Iteration CPU time: 0 s
 CFIE residual: 0.00508571

 Iseg, Irank, Idinc : 1, 2, 138
 Thata, Phi : 90.000000, 137.000000
 Maximun iteration: 300
 Number of recycle truncation: 30
 Final matrix dimension:  3612
 Residual error:0.010000
 0  2.112536e-01
 1  1.060128e-01
 2  4.510336e-02
 3  2.246052e-02
 4  1.044727e-02
 5  4.809542e-03
 Iteration CPU time: 0 s
 CFIE residual: 0.00480954

 Iseg, Irank, Idinc : 1, 3, 82
 Thata, Phi : 90.000000, 81.000000
 Maximun iteration: 300
 Number of recycle truncation: 30
 Final matrix dimension:  3612
 Residual error:0.010000
 0  2.125701e-01
 1  1.085901e-01
 2  4.874242e-02
 3  2.499862e-02
 4  1.161435e-02
 5  5.200938e-03
 Iteration CPU time: 0 s
 CFIE residual: 0.00520094

 Iseg, Irank, Idinc : 1, 4, 1
 Thata, Phi : 90.000000, 0.000000
 Maximun iteration: 300
 Number of recycle truncation: 30
 Final matrix dimension:  3612
 Residual error:0.010000
 0  2.054474e-01
 1  1.047701e-01
 2  4.727099e-02
 3  2.372967e-02
 4  1.118880e-02
 5  4.822664e-03
 Iteration CPU time: 0 s
 CFIE residual: 0.00482266

 Iseg, Irank, Idinc : 1, 5, 181
 Thata, Phi : 90.000000, 180.000000
 Maximun iteration: 300
 Number of recycle truncation: 30
 Final matrix dimension:  3612
 Residual error:0.010000
 0  2.038921e-01
 1  1.023032e-01
 2  4.680870e-02
 3  2.336102e-02
 4  1.031072e-02
 5  4.514176e-03
 Iteration CPU time: 0 s
 CFIE residual: 0.00451418

 Iseg, Irank, Idinc : 1, 6, 110
 Thata, Phi : 90.000000, 109.000000
 Maximun iteration: 300
 Number of recycle truncation: 30
 Final matrix dimension:  3612
 Residual error:0.010000
 0  2.121049e-01
 1  1.088233e-01
 2  4.861928e-02
 3  2.492144e-02
 4  1.146672e-02
 5  5.138922e-03
 Iteration CPU time: 0 s
 CFIE residual: 0.00513892

 Iseg, Irank, Idinc : 1, 7, 164
 Thata, Phi : 90.000000, 163.000000
 Maximun iteration: 300
 Number of recycle truncation: 30
 Final matrix dimension:  3612
 Residual error:0.010000
 0  2.062479e-01
 1  1.035633e-01
 2  4.622991e-02
 3  2.313372e-02
 4  1.049798e-02
 5  4.727624e-03
 Iteration CPU time: 1 s
 CFIE residual: 0.00472762

 Iseg, Irank, Idinc : 1, 8, 15
 Thata, Phi : 90.000000, 14.000000
 Maximun iteration: 300
 Number of recycle truncation: 30
 Final matrix dimension:  3612
 Residual error:0.010000
 0  2.070468e-01
 1  1.055121e-01
 2  4.714669e-02
 3  2.367443e-02
 4  1.127996e-02
 5  4.974034e-03
 Iteration CPU time: 0 s
 CFIE residual: 0.00497403
 Last Built End in Sep 21 2025 00:06:12
 Total CPU time: 3 s
 Finished.
