 Last Built Begin in Sep 21 2025 00:06:12
 Pre-Type( Input ):           10
 Skl-Tol ( Input ):    1.0000000000000001E-005
 Wavelength in freespace: 0.0285714

 ################################################
 ##         Generating Required Mesh          ##
 ##         Waiting.....                      ##
 ################################################
 Subd No.      Subd Name
    1    Open-Duct_PRIME_model_meshAA1                                     
 isub,  nnode, npatch,  nedge:
    1      6118     12236     18354
 Scale Factor         >>   1.54999997E-02
 ################################################

 START TIME: 20250922   005447.934


 Informaton for IE geometry:
 number of subdomains     : 1
 maxnode,maxpatch,maxedge : 6118  12236  18354
 
 Index of Mat-Reg: 1
 Mat-Reg Number via MatFlg: 1
 Edge Number of Mat-Reg: 1, 18354

 Number of Edge on PEC: 18354
 Mat-Reg: No Dim(m) Lmax:
    1 0.251    5
 Totlmax, add1, add2:           5           6           7
 rlengmax of Global MLFMA >>   0.25095269316906249     
 Lmax of Global MLFMA >>            5
 Wavenum of Mat-Reg:
    1 1.000

 total area in sq m           =      0.0510
 total area in sq lambda      =     62.4382
 maxnode, maxpatch, maxedge           =     6118    12236    18354
 longest  edge in lambda              =      0.1634
 shortest edge in lambda              =      0.0078
 average  edge in lambda              =      0.1091
 largest  patch area in sq lambda     =      0.0090
 smallest patch area in sq lambda     =      0.0001
 ave    surface area in sq lambda     =      0.0051
 size range of the object in sq lambda =      8.0305

 #### MLFMA Info For Each Region ####
 Mat-Region =            1
 Array dimension parameters:
 maxrule=          14   maxgrid  =          64
 lmax   =           5   ncmax    =        1250
 lsmax  =          28   lsmin    =           7
 kpm    =        1572   kp0      =         102
 ntlm   =      229416   nsm      =      236910
 nkpm   =        2460   niplm    =      157440
 ngnearm=       14257   ngsndm   =       64634
 nearm  =         333   mfinestm =         119
 ###############################

 CFIE Alpha:  0.50000000000000000     

 Fill MLFMA FI for Mat-Reg:           1
 Begin filltl.f
 fill translation matrix
 Level:            2
 fill shifting matrix
 Level:            3
 fill shifting matrix
 Level:            4
 fill shifting matrix
 Level:            5
 fill shifting matrix
 translator time(s):  0.107000008    
 fill interpolation matrix
 ThetaOrder            8
 PhiOrder            8
 lsl            7
 Filling TL                  Delta_CPU=          0.55 Memory(MB)=        654.65
 Filling sndgrp              Delta_CPU=          0.00 Memory(MB)=        654.65
 Filling VFS                 Delta_CPU=          3.15 Memory(MB)=        654.65

 Fill MLFMA NI for Mat-Reg:           1
 Begin fill sparser part of Nearfield
 Begin fill denser part of Nearfield
 End fill
 Filling Amn                 Delta_CPU=         90.57 Memory(MB)=        654.65


 Now testing preconditioner with
 ipretype =           10
 method = cfie_solve_nfrasspspre_pardiso

  
 NBP>>Begin fill sparser part of Nearfield

115.9209% NBP>>Begin fill denser part of Nearfield

200.1041%
 Begin MLFMA Box-Matrix Based Spar-RAS Prec Constructor
 --- Intel MKL PARDISO --- 
 Memory for iGroup: 1 0 MB
 Total Memory For SparRAS Pre: 0 MB
 --- PARDISO PRECONDITIONER INITIALIZED --- 
 Constructing preconditioner CPU time: 4 s
 
 1101240
 Memory for Iteration:: 16.8036 MB

 Iseg, Ninc_S : 1, 181, 0

 Iseg, Skeleton Angles: 1, 40
 Iseg, Skel-Pk Mem(MB): 1, 314.35

 Iseg, Irank, Idinc : 1, 1, 42
 Thata, Phi : 90.000000, 41.000000
 Maximun iteration: 300
 Number of recycle truncation: 30
 Final matrix dimension:  36708
 Residual error:0.001000
 0  6.329898e-01
 1  3.170069e-01
 2  1.993354e-01
 3  1.285398e-01
 4  9.040031e-02
 5  6.637345e-02
 6  5.066658e-02
 7  3.902166e-02
 8  2.985988e-02
 9  2.373026e-02
 10  1.799176e-02
 11  1.494231e-02
 12  1.281093e-02
 13  1.125955e-02
 14  1.006287e-02
 15  9.028726e-03
 16  8.326241e-03
 17  7.792160e-03
 18  7.275791e-03
 19  6.876389e-03
 20  6.517115e-03
 21  6.062618e-03
 22  5.618759e-03
 23  5.102545e-03
 24  4.551754e-03
 25  3.984645e-03
 26  3.429971e-03
 27  2.933167e-03
 28  2.436853e-03
 29  2.049232e-03
 30  1.684426e-03
 31  1.397263e-03
 32  1.146850e-03
 33  9.431571e-04
 Iteration CPU time: 8 s
 CFIE residual: 0.000943157

 Iseg, Irank, Idinc : 1, 2, 63
 Thata, Phi : 90.000000, 62.000000
 Maximun iteration: 300
 Number of recycle truncation: 30
 Final matrix dimension:  36708
 Residual error:0.001000
 0  6.539041e-01
 1  3.605502e-01
 2  2.251964e-01
 3  1.446704e-01
 4  1.027391e-01
 5  7.928686e-02
 6  6.121730e-02
 7  4.897502e-02
 8  4.003375e-02
 9  3.217275e-02
 10  2.561633e-02
 11  2.153186e-02
 12  1.859188e-02
 13  1.655404e-02
 14  1.526826e-02
 15  1.440425e-02
 16  1.368023e-02
 17  1.302717e-02
 18  1.228227e-02
 19  1.134087e-02
 20  1.026655e-02
 21  9.273598e-03
 22  8.281399e-03
 23  7.237324e-03
 24  6.250380e-03
 25  5.201083e-03
 26  4.297148e-03
 27  3.593151e-03
 28  3.007012e-03
 29  2.515205e-03
 30  2.037159e-03
 31  1.667526e-03
 32  1.336073e-03
 33  1.079869e-03
 34  8.538094e-04
 Iteration CPU time: 8 s
 CFIE residual: 0.000853809

 Iseg, Irank, Idinc : 1, 3, 108
 Thata, Phi : 90.000000, 107.000000
 Maximun iteration: 300
 Number of recycle truncation: 30
 Final matrix dimension:  36708
 Residual error:0.001000
 0  6.176253e-01
 1  3.477483e-01
 2  2.156165e-01
 3  1.462520e-01
 4  1.046892e-01
 5  7.773895e-02
 6  6.016797e-02
 7  4.727222e-02
 8  3.912334e-02
 9  3.221969e-02
 10  2.607320e-02
 11  2.156705e-02
 12  1.872481e-02
 13  1.614020e-02
 14  1.452823e-02
 15  1.311612e-02
 16  1.200031e-02
 17  1.127873e-02
 18  1.063549e-02
 19  1.004466e-02
 20  9.589977e-03
 21  9.076466e-03
 22  8.524760e-03
 23  7.994590e-03
 24  7.415483e-03
 25  6.747336e-03
 26  5.912165e-03
 27  5.060962e-03
 28  4.288326e-03
 29  3.566070e-03
 30  2.907173e-03
 31  2.298892e-03
 32  1.820512e-03
 33  1.450647e-03
 34  1.181465e-03
 35  9.408071e-04
 Iteration CPU time: 8 s
 CFIE residual: 0.000940807

 Iseg, Irank, Idinc : 1, 4, 147
 Thata, Phi : 90.000000, 146.000000
 Maximun iteration: 300
 Number of recycle truncation: 30
 Final matrix dimension:  36708
 Residual error:0.001000
 0  6.578054e-01
 1  3.468692e-01
 2  2.094697e-01
 3  1.414178e-01
 4  1.003379e-01
 5  7.694363e-02
 6  5.938829e-02
 7  4.761690e-02
 8  3.970786e-02
 9  3.390962e-02
 10  2.923594e-02
 11  2.577910e-02
 12  2.306159e-02
 13  2.005343e-02
 14  1.765823e-02
 15  1.564437e-02
 16  1.379947e-02
 17  1.234804e-02
 18  1.126408e-02
 19  1.034688e-02
 20  9.686705e-03
 21  9.139588e-03
 22  8.644337e-03
 23  8.227662e-03
 24  7.801839e-03
 25  7.432641e-03
 26  6.997156e-03
 27  6.455416e-03
 28  5.732329e-03
 29  5.019722e-03
 30  4.311937e-03
 31  3.671134e-03
 32  3.070973e-03
 33  2.541944e-03
 34  1.959873e-03
 35  1.527593e-03
 36  1.204026e-03
 37  9.551500e-04
 Iteration CPU time: 8 s
 CFIE residual: 0.00095515

 Iseg, Irank, Idinc : 1, 5, 137
 Thata, Phi : 90.000000, 136.000000
 Maximun iteration: 300
 Number of recycle truncation: 30
 Final matrix dimension:  36708
 Residual error:0.001000
 0  6.953680e-01
 1  3.490708e-01
 2  2.154129e-01
 3  1.472745e-01
 4  1.049990e-01
 5  7.881870e-02
 6  5.980404e-02
 7  4.773527e-02
 8  3.940535e-02
 9  3.305020e-02
 10  2.820126e-02
 11  2.383593e-02
 12  2.099486e-02
 13  1.797335e-02
 14  1.543235e-02
 15  1.391429e-02
 16  1.263822e-02
 17  1.163844e-02
 18  1.083361e-02
 19  1.024718e-02
 20  9.679603e-03
 21  9.269962e-03
 22  8.746820e-03
 23  8.227307e-03
 24  7.633822e-03
 25  6.930612e-03
 26  6.210647e-03
 27  5.468686e-03
 28  4.722090e-03
 29  4.132363e-03
 30  3.552561e-03
 31  3.015116e-03
 32  2.534954e-03
 33  2.118876e-03
 34  1.769578e-03
 35  1.439931e-03
 36  1.178342e-03
 37  9.575933e-04
 Iteration CPU time: 9 s
 CFIE residual: 0.000957593

 Iseg, Irank, Idinc : 1, 6, 22
 Thata, Phi : 90.000000, 21.000000
 Maximun iteration: 300
 Number of recycle truncation: 30
 Final matrix dimension:  36708
 Residual error:0.001000
 0  6.353573e-01
 1  2.988233e-01
 2  1.771000e-01
 3  1.174627e-01
 4  8.144657e-02
 5  6.011334e-02
 6  4.543759e-02
 7  3.559584e-02
 8  2.804193e-02
 9  2.288694e-02
 10  1.904294e-02
 11  1.552435e-02
 12  1.261904e-02
 13  1.050703e-02
 14  9.068402e-03
 15  7.919667e-03
 16  6.878949e-03
 17  6.006761e-03
 18  5.339374e-03
 19  4.876208e-03
 20  4.522304e-03
 21  4.226556e-03
 22  4.017931e-03
 23  3.818080e-03
 24  3.630615e-03
 25  3.456204e-03
 26  3.271295e-03
 27  3.045821e-03
 28  2.776590e-03
 29  2.526946e-03
 30  2.276845e-03
 31  2.020604e-03
 32  1.759577e-03
 33  1.475915e-03
 34  1.231661e-03
 35  9.910634e-04
 Iteration CPU time: 8 s
 CFIE residual: 0.000991063

 Iseg, Irank, Idinc : 1, 7, 72
 Thata, Phi : 90.000000, 71.000000
 Maximun iteration: 300
 Number of recycle truncation: 30
 Final matrix dimension:  36708
 Residual error:0.001000
 0  6.314381e-01
 1  3.646905e-01
 2  2.351514e-01
 3  1.486498e-01
 4  1.067358e-01
 5  8.411392e-02
 6  6.509587e-02
 7  5.135994e-02
 8  4.247158e-02
 9  3.513449e-02
 10  2.844769e-02
 11  2.388338e-02
 12  2.071603e-02
 13  1.852910e-02
 14  1.723035e-02
 15  1.612275e-02
 16  1.533949e-02
 17  1.457904e-02
 18  1.370122e-02
 19  1.265016e-02
 20  1.156479e-02
 21  1.051089e-02
 22  9.539443e-03
 23  8.377924e-03
 24  7.211165e-03
 25  6.012371e-03
 26  5.087904e-03
 27  4.276035e-03
 28  3.553746e-03
 29  2.993116e-03
 30  2.456986e-03
 31  2.007939e-03
 32  1.633445e-03
 33  1.347010e-03
 34  1.092619e-03
 35  8.746091e-04
 Iteration CPU time: 8 s
 CFIE residual: 0.000874609

 Iseg, Irank, Idinc : 1, 8, 125
 Thata, Phi : 90.000000, 124.000000
 Maximun iteration: 300
 Number of recycle truncation: 30
 Final matrix dimension:  36708
 Residual error:0.001000
 0  6.584159e-01
 1  3.407861e-01
 2  2.194214e-01
 3  1.541011e-01
 4  1.122281e-01
 5  8.158405e-02
 6  6.433127e-02
 7  5.181070e-02
 8  4.268366e-02
 9  3.446119e-02
 10  2.768595e-02
 11  2.218940e-02
 12  1.830926e-02
 13  1.512492e-02
 14  1.316354e-02
 15  1.160668e-02
 16  1.050705e-02
 17  9.725812e-03
 18  9.159049e-03
 19  8.697661e-03
 20  8.327400e-03
 21  7.943896e-03
 22  7.569536e-03
 23  7.109634e-03
 24  6.536756e-03
 25  5.884820e-03
 26  5.262154e-03
 27  4.637544e-03
 28  4.033254e-03
 29  3.549862e-03
 30  3.062560e-03
 31  2.615314e-03
 32  2.225050e-03
 33  1.919783e-03
 34  1.625314e-03
 35  1.320078e-03
 36  1.079363e-03
 37  8.653399e-04
 Iteration CPU time: 8 s
 CFIE residual: 0.00086534

 Iseg, Irank, Idinc : 1, 9, 83
 Thata, Phi : 90.000000, 82.000000
 Maximun iteration: 300
 Number of recycle truncation: 30
 Final matrix dimension:  36708
 Residual error:0.001000
 0  6.059387e-01
 1  3.490641e-01
 2  2.227435e-01
 3  1.505040e-01
 4  1.087245e-01
 5  8.393421e-02
 6  6.492575e-02
 7  5.142913e-02
 8  4.208674e-02
 9  3.405945e-02
 10  2.824911e-02
 11  2.385263e-02
 12  2.084921e-02
 13  1.891926e-02
 14  1.746275e-02
 15  1.617932e-02
 16  1.529229e-02
 17  1.441842e-02
 18  1.377272e-02
 19  1.305831e-02
 20  1.218391e-02
 21  1.130541e-02
 22  1.032263e-02
 23  9.199253e-03
 24  7.965062e-03
 25  6.838528e-03
 26  5.738587e-03
 27  4.877734e-03
 28  4.077391e-03
 29  3.387272e-03
 30  2.868239e-03
 31  2.355292e-03
 32  1.970690e-03
 33  1.628795e-03
 34  1.324182e-03
 35  1.091288e-03
 36  8.626962e-04
 Iteration CPU time: 8 s
 CFIE residual: 0.000862696

 Iseg, Irank, Idinc : 1, 10, 159
 Thata, Phi : 90.000000, 158.000000
 Maximun iteration: 300
 Number of recycle truncation: 30
 Final matrix dimension:  36708
 Residual error:0.001000
 0  6.242029e-01
 1  3.147262e-01
 2  1.918427e-01
 3  1.301314e-01
 4  9.615209e-02
 5  7.712698e-02
 6  6.144752e-02
 7  5.064794e-02
 8  4.339188e-02
 9  3.734142e-02
 10  3.243755e-02
 11  2.869521e-02
 12  2.541584e-02
 13  2.193300e-02
 14  1.910879e-02
 15  1.693522e-02
 16  1.511663e-02
 17  1.334771e-02
 18  1.177224e-02
 19  1.052913e-02
 20  9.500658e-03
 21  8.712139e-03
 22  8.103889e-03
 23  7.624813e-03
 24  7.253960e-03
 25  6.932539e-03
 26  6.648298e-03
 27  6.244614e-03
 28  5.735723e-03
 29  5.167186e-03
 30  4.574275e-03
 31  3.818148e-03
 32  3.196033e-03
 33  2.619578e-03
 34  2.083758e-03
 35  1.662684e-03
 36  1.304633e-03
 37  9.904429e-04
 Iteration CPU time: 9 s
 CFIE residual: 0.000990443

 Iseg, Irank, Idinc : 1, 11, 53
 Thata, Phi : 90.000000, 52.000000
 Maximun iteration: 300
 Number of recycle truncation: 30
 Final matrix dimension:  36708
 Residual error:0.001000
 0  6.540773e-01
 1  3.462572e-01
 2  2.130950e-01
 3  1.354086e-01
 4  9.917905e-02
 5  7.598171e-02
 6  5.934105e-02
 7  4.584063e-02
 8  3.668185e-02
 9  3.013430e-02
 10  2.363762e-02
 11  1.904307e-02
 12  1.596226e-02
 13  1.374872e-02
 14  1.251275e-02
 15  1.169003e-02
 16  1.102327e-02
 17  1.041645e-02
 18  9.745518e-03
 19  9.072904e-03
 20  8.305160e-03
 21  7.452293e-03
 22  6.587470e-03
 23  5.765758e-03
 24  4.940283e-03
 25  4.097889e-03
 26  3.347375e-03
 27  2.773666e-03
 28  2.226322e-03
 29  1.810409e-03
 30  1.484232e-03
 31  1.238811e-03
 32  1.019848e-03
 33  8.173426e-04
 Iteration CPU time: 7 s
 CFIE residual: 0.000817343

 Iseg, Irank, Idinc : 1, 12, 33
 Thata, Phi : 90.000000, 32.000000
 Maximun iteration: 300
 Number of recycle truncation: 30
 Final matrix dimension:  36708
 Residual error:0.001000
 0  6.282800e-01
 1  3.136187e-01
 2  1.871339e-01
 3  1.182875e-01
 4  8.217233e-02
 5  6.002801e-02
 6  4.529897e-02
 7  3.473485e-02
 8  2.771666e-02
 9  2.213446e-02
 10  1.743957e-02
 11  1.452161e-02
 12  1.211030e-02
 13  1.029625e-02
 14  9.099927e-03
 15  7.915527e-03
 16  6.995167e-03
 17  6.364193e-03
 18  5.797303e-03
 19  5.429822e-03
 20  5.131833e-03
 21  4.865168e-03
 22  4.626542e-03
 23  4.383391e-03
 24  4.060874e-03
 25  3.709682e-03
 26  3.362327e-03
 27  2.926929e-03
 28  2.501879e-03
 29  2.095637e-03
 30  1.738401e-03
 31  1.475221e-03
 32  1.251005e-03
 33  1.049107e-03
 34  8.714488e-04
 Iteration CPU time: 7 s
 CFIE residual: 0.000871449

 Iseg, Irank, Idinc : 1, 13, 176
 Thata, Phi : 90.000000, 175.000000
 Maximun iteration: 300
 Number of recycle truncation: 30
 Final matrix dimension:  36708
 Residual error:0.001000
 0  5.930224e-01
 1  2.938668e-01
 2  1.819202e-01
 3  1.294290e-01
 4  1.002978e-01
 5  8.064046e-02
 6  6.675642e-02
 7  5.579819e-02
 8  4.655132e-02
 9  3.930905e-02
 10  3.289100e-02
 11  2.748773e-02
 12  2.284599e-02
 13  1.934584e-02
 14  1.676035e-02
 15  1.429457e-02
 16  1.237253e-02
 17  1.055596e-02
 18  9.071679e-03
 19  7.891939e-03
 20  6.873227e-03
 21  6.155034e-03
 22  5.540434e-03
 23  4.969535e-03
 24  4.563646e-03
 25  4.277060e-03
 26  4.045280e-03
 27  3.835628e-03
 28  3.613511e-03
 29  3.383948e-03
 30  3.162705e-03
 31  2.871454e-03
 32  2.605691e-03
 33  2.335145e-03
 34  2.024853e-03
 35  1.716229e-03
 36  1.447916e-03
 37  1.197085e-03
 38  9.709125e-04
 Iteration CPU time: 9 s
 CFIE residual: 0.000970912

 Iseg, Irank, Idinc : 1, 14, 91
 Thata, Phi : 90.000000, 90.000000
 Maximun iteration: 300
 Number of recycle truncation: 30
 Final matrix dimension:  36708
 Residual error:0.001000
 0  5.969596e-01
 1  3.442612e-01
 2  2.173703e-01
 3  1.492314e-01
 4  1.081214e-01
 5  8.268665e-02
 6  6.415268e-02
 7  5.038008e-02
 8  4.151080e-02
 9  3.420568e-02
 10  2.864089e-02
 11  2.398348e-02
 12  2.112194e-02
 13  1.895789e-02
 14  1.744406e-02
 15  1.611259e-02
 16  1.502049e-02
 17  1.411831e-02
 18  1.349708e-02
 19  1.288918e-02
 20  1.218225e-02
 21  1.147165e-02
 22  1.061858e-02
 23  9.544385e-03
 24  8.422754e-03
 25  7.390071e-03
 26  6.250498e-03
 27  5.277617e-03
 28  4.356266e-03
 29  3.648965e-03
 30  3.107435e-03
 31  2.579136e-03
 32  2.129551e-03
 33  1.759959e-03
 34  1.440191e-03
 35  1.155753e-03
 36  9.187384e-04
 Iteration CPU time: 8 s
 CFIE residual: 0.000918738

 Iseg, Irank, Idinc : 1, 15, 9
 Thata, Phi : 90.000000, 8.000000
 Maximun iteration: 300
 Number of recycle truncation: 30
 Final matrix dimension:  36708
 Residual error:0.001000
 0  5.490160e-01
 1  2.796831e-01
 2  1.789195e-01
 3  1.247972e-01
 4  9.093637e-02
 5  6.775824e-02
 6  5.168676e-02
 7  4.044750e-02
 8  3.165289e-02
 9  2.467509e-02
 10  1.978698e-02
 11  1.598798e-02
 12  1.295553e-02
 13  1.042355e-02
 14  8.796711e-03
 15  7.470237e-03
 16  6.354237e-03
 17  5.572182e-03
 18  4.887280e-03
 19  4.310355e-03
 20  3.829812e-03
 21  3.469824e-03
 22  3.144905e-03
 23  2.872518e-03
 24  2.694582e-03
 25  2.523681e-03
 26  2.371084e-03
 27  2.210196e-03
 28  2.070365e-03
 29  1.950146e-03
 30  1.835471e-03
 31  1.706846e-03
 32  1.559199e-03
 33  1.389854e-03
 34  1.232827e-03
 35  1.060626e-03
 36  8.778892e-04
 Iteration CPU time: 8 s
 CFIE residual: 0.000877889

 Iseg, Irank, Idinc : 1, 16, 100
 Thata, Phi : 90.000000, 99.000000
 Maximun iteration: 300
 Number of recycle truncation: 30
 Final matrix dimension:  36708
 Residual error:0.001000
 0  6.073069e-01
 1  3.416780e-01
 2  2.135729e-01
 3  1.454059e-01
 4  1.053763e-01
 5  8.019251e-02
 6  6.259488e-02
 7  4.956523e-02
 8  4.045850e-02
 9  3.369156e-02
 10  2.775142e-02
 11  2.377306e-02
 12  2.058470e-02
 13  1.831604e-02
 14  1.629587e-02
 15  1.479181e-02
 16  1.372234e-02
 17  1.288541e-02
 18  1.220615e-02
 19  1.153678e-02
 20  1.092902e-02
 21  1.039805e-02
 22  9.760546e-03
 23  9.078387e-03
 24  8.169526e-03
 25  7.355300e-03
 26  6.309953e-03
 27  5.466966e-03
 28  4.647103e-03
 29  3.893485e-03
 30  3.262861e-03
 31  2.697044e-03
 32  2.216691e-03
 33  1.781739e-03
 34  1.402784e-03
 35  1.153868e-03
 36  9.079340e-04
 Iteration CPU time: 8 s
 CFIE residual: 0.000907934

 Iseg, Irank, Idinc : 1, 17, 116
 Thata, Phi : 90.000000, 115.000000
 Maximun iteration: 300
 Number of recycle truncation: 30
 Final matrix dimension:  36708
 Residual error:0.001000
 0  6.425770e-01
 1  3.471817e-01
 2  2.159863e-01
 3  1.502121e-01
 4  1.076194e-01
 5  7.994276e-02
 6  6.200724e-02
 7  4.871974e-02
 8  3.879256e-02
 9  3.156245e-02
 10  2.610567e-02
 11  2.163055e-02
 12  1.818741e-02
 13  1.574502e-02
 14  1.380272e-02
 15  1.225108e-02
 16  1.128479e-02
 17  1.055687e-02
 18  9.924648e-03
 19  9.373730e-03
 20  8.925055e-03
 21  8.556538e-03
 22  8.076001e-03
 23  7.542906e-03
 24  6.928344e-03
 25  6.321300e-03
 26  5.629319e-03
 27  4.965117e-03
 28  4.283451e-03
 29  3.765678e-03
 30  3.237669e-03
 31  2.777349e-03
 32  2.288298e-03
 33  1.826012e-03
 34  1.424983e-03
 35  1.145119e-03
 36  9.021640e-04
 Iteration CPU time: 8 s
 CFIE residual: 0.000902164

 Iseg, Irank, Idinc : 1, 18, 1
 Thata, Phi : 90.000000, 0.000000
 Maximun iteration: 300
 Number of recycle truncation: 30
 Final matrix dimension:  36708
 Residual error:0.001000
 0  5.237565e-01
 1  2.744020e-01
 2  1.785448e-01
 3  1.217776e-01
 4  8.898720e-02
 5  6.704918e-02
 6  5.106659e-02
 7  3.898293e-02
 8  3.005666e-02
 9  2.386095e-02
 10  1.934419e-02
 11  1.538951e-02
 12  1.209156e-02
 13  1.013678e-02
 14  8.426534e-03
 15  7.073338e-03
 16  6.050571e-03
 17  5.230267e-03
 18  4.513322e-03
 19  3.914798e-03
 20  3.397107e-03
 21  2.970558e-03
 22  2.642028e-03
 23  2.380498e-03
 24  2.152748e-03
 25  1.942246e-03
 26  1.782769e-03
 27  1.639550e-03
 28  1.522980e-03
 29  1.430857e-03
 30  1.323632e-03
 31  1.209566e-03
 32  1.076202e-03
 33  9.282715e-04
 Iteration CPU time: 8 s
 CFIE residual: 0.000928272

 Iseg, Irank, Idinc : 1, 19, 168
 Thata, Phi : 90.000000, 167.000000
 Maximun iteration: 300
 Number of recycle truncation: 30
 Final matrix dimension:  36708
 Residual error:0.001000
 0  5.975959e-01
 1  2.976443e-01
 2  1.836657e-01
 3  1.307867e-01
 4  1.005143e-01
 5  8.091389e-02
 6  6.592892e-02
 7  5.510174e-02
 8  4.624859e-02
 9  3.909286e-02
 10  3.338551e-02
 11  2.931479e-02
 12  2.534498e-02
 13  2.183851e-02
 14  1.929798e-02
 15  1.692003e-02
 16  1.487391e-02
 17  1.276030e-02
 18  1.092097e-02
 19  9.591504e-03
 20  8.445923e-03
 21  7.565927e-03
 22  6.925640e-03
 23  6.366385e-03
 24  5.940566e-03
 25  5.626552e-03
 26  5.342920e-03
 27  5.075603e-03
 28  4.781051e-03
 29  4.465075e-03
 30  4.123402e-03
 31  3.697326e-03
 32  3.282695e-03
 33  2.823617e-03
 34  2.388299e-03
 35  1.982474e-03
 36  1.630925e-03
 37  1.276667e-03
 38  9.953352e-04
 Iteration CPU time: 8 s
 CFIE residual: 0.000995335

 Iseg, Irank, Idinc : 1, 20, 16
 Thata, Phi : 90.000000, 15.000000
 Maximun iteration: 300
 Number of recycle truncation: 30
 Final matrix dimension:  36708
 Residual error:0.001000
 0  5.969702e-01
 1  2.889334e-01
 2  1.775424e-01
 3  1.219414e-01
 4  8.712346e-02
 5  6.483906e-02
 6  4.894892e-02
 7  3.902592e-02
 8  3.047465e-02
 9  2.395172e-02
 10  1.936458e-02
 11  1.558941e-02
 12  1.272603e-02
 13  1.047871e-02
 14  8.827899e-03
 15  7.517597e-03
 16  6.520362e-03
 17  5.656847e-03
 18  5.017997e-03
 19  4.556012e-03
 20  4.117824e-03
 21  3.785930e-03
 22  3.540804e-03
 23  3.296566e-03
 24  3.126329e-03
 25  2.973663e-03
 26  2.828912e-03
 27  2.666989e-03
 28  2.478157e-03
 29  2.318513e-03
 30  2.142970e-03
 31  1.962286e-03
 32  1.755779e-03
 33  1.521205e-03
 34  1.301639e-03
 35  1.070842e-03
 36  8.702841e-04
 Iteration CPU time: 8 s
 CFIE residual: 0.000870284

 Iseg, Irank, Idinc : 1, 21, 181
 Thata, Phi : 90.000000, 180.000000
 Maximun iteration: 300
 Number of recycle truncation: 30
 Final matrix dimension:  36708
 Residual error:0.001000
 0  5.928796e-01
 1  2.931060e-01
 2  1.810407e-01
 3  1.279720e-01
 4  9.849187e-02
 5  7.903209e-02
 6  6.562682e-02
 7  5.492073e-02
 8  4.550080e-02
 9  3.786500e-02
 10  3.083683e-02
 11  2.551460e-02
 12  2.113912e-02
 13  1.714713e-02
 14  1.485963e-02
 15  1.259088e-02
 16  1.046776e-02
 17  8.791123e-03
 18  7.522673e-03
 19  6.566444e-03
 20  5.672374e-03
 21  5.057111e-03
 22  4.510308e-03
 23  4.018742e-03
 24  3.699178e-03
 25  3.486075e-03
 26  3.285801e-03
 27  3.097775e-03
 28  2.874333e-03
 29  2.603143e-03
 30  2.331194e-03
 31  2.029420e-03
 32  1.722628e-03
 33  1.422437e-03
 34  1.149923e-03
 35  8.889294e-04
 Iteration CPU time: 9 s
 CFIE residual: 0.000888929

 Iseg, Irank, Idinc : 1, 22, 153
 Thata, Phi : 90.000000, 152.000000
 Maximun iteration: 300
 Number of recycle truncation: 30
 Final matrix dimension:  36708
 Residual error:0.001000
 0  6.379022e-01
 1  3.295267e-01
 2  2.019367e-01
 3  1.349897e-01
 4  9.781565e-02
 5  7.668036e-02
 6  6.013565e-02
 7  4.876451e-02
 8  4.040904e-02
 9  3.479860e-02
 10  3.039207e-02
 11  2.691299e-02
 12  2.364023e-02
 13  2.031015e-02
 14  1.813081e-02
 15  1.609868e-02
 16  1.435946e-02
 17  1.280483e-02
 18  1.139298e-02
 19  1.034069e-02
 20  9.538897e-03
 21  8.907493e-03
 22  8.340934e-03
 23  7.869883e-03
 24  7.515338e-03
 25  7.178205e-03
 26  6.859623e-03
 27  6.403285e-03
 28  5.832809e-03
 29  5.103837e-03
 30  4.414896e-03
 31  3.657499e-03
 32  3.107237e-03
 33  2.522967e-03
 34  1.989567e-03
 35  1.482756e-03
 36  1.143511e-03
 37  8.900850e-04
 Iteration CPU time: 8 s
 CFIE residual: 0.000890085

 Iseg, Irank, Idinc : 1, 23, 77
 Thata, Phi : 90.000000, 76.000000
 Maximun iteration: 300
 Number of recycle truncation: 30
 Final matrix dimension:  36708
 Residual error:0.001000
 0  6.137018e-01
 1  3.550151e-01
 2  2.288170e-01
 3  1.481619e-01
 4  1.050902e-01
 5  8.136547e-02
 6  6.286617e-02
 7  4.961919e-02
 8  4.038713e-02
 9  3.331300e-02
 10  2.814836e-02
 11  2.402466e-02
 12  2.084054e-02
 13  1.890223e-02
 14  1.731337e-02
 15  1.627073e-02
 16  1.545279e-02
 17  1.463570e-02
 18  1.388319e-02
 19  1.297443e-02
 20  1.194716e-02
 21  1.101175e-02
 22  1.007068e-02
 23  9.023610e-03
 24  7.841204e-03
 25  6.654695e-03
 26  5.724185e-03
 27  4.847964e-03
 28  4.062419e-03
 29  3.394428e-03
 30  2.781496e-03
 31  2.286813e-03
 32  1.871978e-03
 33  1.530376e-03
 34  1.233539e-03
 35  9.919444e-04
 Iteration CPU time: 8 s
 CFIE residual: 0.000991944

 Iseg, Irank, Idinc : 1, 24, 131
 Thata, Phi : 90.000000, 130.000000
 Maximun iteration: 300
 Number of recycle truncation: 30
 Final matrix dimension:  36708
 Residual error:0.001000
 0  6.745367e-01
 1  3.475460e-01
 2  2.190770e-01
 3  1.487759e-01
 4  1.070791e-01
 5  7.923885e-02
 6  6.201839e-02
 7  4.964306e-02
 8  4.059279e-02
 9  3.352928e-02
 10  2.770685e-02
 11  2.309318e-02
 12  1.899479e-02
 13  1.598753e-02
 14  1.393950e-02
 15  1.213083e-02
 16  1.104739e-02
 17  1.023720e-02
 18  9.546589e-03
 19  9.088746e-03
 20  8.675456e-03
 21  8.270204e-03
 22  7.854253e-03
 23  7.406149e-03
 24  6.794497e-03
 25  6.124946e-03
 26  5.442748e-03
 27  4.800166e-03
 28  4.157095e-03
 29  3.560704e-03
 30  3.027071e-03
 31  2.525463e-03
 32  2.118561e-03
 33  1.798826e-03
 34  1.502258e-03
 35  1.258021e-03
 36  1.045837e-03
 37  8.447625e-04
 Iteration CPU time: 9 s
 CFIE residual: 0.000844762

 Iseg, Irank, Idinc : 1, 25, 48
 Thata, Phi : 90.000000, 47.000000
 Maximun iteration: 300
 Number of recycle truncation: 30
 Final matrix dimension:  36708
 Residual error:0.001000
 0  6.421366e-01
 1  3.334333e-01
 2  2.073601e-01
 3  1.352619e-01
 4  9.855714e-02
 5  7.481718e-02
 6  5.769123e-02
 7  4.439071e-02
 8  3.453171e-02
 9  2.771797e-02
 10  2.157040e-02
 11  1.743329e-02
 12  1.482443e-02
 13  1.279396e-02
 14  1.161499e-02
 15  1.078627e-02
 16  1.006209e-02
 17  9.465020e-03
 18  8.839717e-03
 19  8.280867e-03
 20  7.714341e-03
 21  7.019294e-03
 22  6.282691e-03
 23  5.588058e-03
 24  4.980852e-03
 25  4.198544e-03
 26  3.559637e-03
 27  3.031696e-03
 28  2.520387e-03
 29  2.038025e-03
 30  1.652606e-03
 31  1.382891e-03
 32  1.144144e-03
 33  9.305307e-04
 Iteration CPU time: 7 s
 CFIE residual: 0.000930531

 Iseg, Irank, Idinc : 1, 26, 5
 Thata, Phi : 90.000000, 4.000000
 Maximun iteration: 300
 Number of recycle truncation: 30
 Final matrix dimension:  36708
 Residual error:0.001000
 0  5.305493e-01
 1  2.760069e-01
 2  1.787956e-01
 3  1.233052e-01
 4  9.015362e-02
 5  6.743140e-02
 6  5.134984e-02
 7  3.967333e-02
 8  3.099565e-02
 9  2.442778e-02
 10  1.963215e-02
 11  1.573271e-02
 12  1.274457e-02
 13  1.050405e-02
 14  8.712093e-03
 15  7.353151e-03
 16  6.275784e-03
 17  5.459810e-03
 18  4.748253e-03
 19  4.191795e-03
 20  3.681304e-03
 21  3.295694e-03
 22  2.936302e-03
 23  2.643361e-03
 24  2.423021e-03
 25  2.231778e-03
 26  2.054299e-03
 27  1.892514e-03
 28  1.759115e-03
 29  1.652872e-03
 30  1.560409e-03
 31  1.451829e-03
 32  1.334277e-03
 33  1.196879e-03
 34  1.065296e-03
 35  9.154393e-04
 Iteration CPU time: 8 s
 CFIE residual: 0.000915439

 Iseg, Irank, Idinc : 1, 27, 96
 Thata, Phi : 90.000000, 95.000000
 Maximun iteration: 300
 Number of recycle truncation: 30
 Final matrix dimension:  36708
 Residual error:0.001000
 0  5.997190e-01
 1  3.417827e-01
 2  2.155015e-01
 3  1.460739e-01
 4  1.047721e-01
 5  8.067568e-02
 6  6.347418e-02
 7  4.980196e-02
 8  4.065302e-02
 9  3.334814e-02
 10  2.812593e-02
 11  2.413849e-02
 12  2.091463e-02
 13  1.863439e-02
 14  1.685960e-02
 15  1.538188e-02
 16  1.431240e-02
 17  1.356085e-02
 18  1.286149e-02
 19  1.222876e-02
 20  1.157139e-02
 21  1.097790e-02
 22  1.022165e-02
 23  9.332049e-03
 24  8.422924e-03
 25  7.458590e-03
 26  6.362869e-03
 27  5.323669e-03
 28  4.583546e-03
 29  3.804979e-03
 30  3.201882e-03
 31  2.658284e-03
 32  2.212028e-03
 33  1.782780e-03
 34  1.397451e-03
 35  1.135151e-03
 36  9.043232e-04
 Iteration CPU time: 9 s
 CFIE residual: 0.000904323

 Iseg, Irank, Idinc : 1, 28, 172
 Thata, Phi : 90.000000, 171.000000
 Maximun iteration: 300
 Number of recycle truncation: 30
 Final matrix dimension:  36708
 Residual error:0.001000
 0  5.939030e-01
 1  2.950797e-01
 2  1.830079e-01
 3  1.309430e-01
 4  1.014486e-01
 5  8.154407e-02
 6  6.720679e-02
 7  5.607812e-02
 8  4.694352e-02
 9  4.000131e-02
 10  3.416088e-02
 11  2.888596e-02
 12  2.446162e-02
 13  2.106851e-02
 14  1.835648e-02
 15  1.580780e-02
 16  1.384638e-02
 17  1.191313e-02
 18  1.022022e-02
 19  8.917329e-03
 20  7.771388e-03
 21  6.927556e-03
 22  6.288219e-03
 23  5.722984e-03
 24  5.292358e-03
 25  4.980899e-03
 26  4.720977e-03
 27  4.485608e-03
 28  4.236185e-03
 29  3.975359e-03
 30  3.716757e-03
 31  3.371080e-03
 32  3.046655e-03
 33  2.685893e-03
 34  2.321538e-03
 35  1.967289e-03
 36  1.629430e-03
 37  1.312671e-03
 38  1.033051e-03
 39  8.136679e-04
 Iteration CPU time: 8 s
 CFIE residual: 0.000813668

 Iseg, Irank, Idinc : 1, 29, 28
 Thata, Phi : 90.000000, 27.000000
 Maximun iteration: 300
 Number of recycle truncation: 30
 Final matrix dimension:  36708
 Residual error:0.001000
 0  6.435099e-01
 1  3.072726e-01
 2  1.814634e-01
 3  1.156436e-01
 4  7.965945e-02
 5  5.805535e-02
 6  4.345675e-02
 7  3.399679e-02
 8  2.753000e-02
 9  2.251194e-02
 10  1.810426e-02
 11  1.503052e-02
 12  1.229996e-02
 13  1.046531e-02
 14  9.119546e-03
 15  7.850727e-03
 16  6.852682e-03
 17  6.106460e-03
 18  5.486293e-03
 19  5.114306e-03
 20  4.828025e-03
 21  4.604194e-03
 22  4.382880e-03
 23  4.182810e-03
 24  3.946969e-03
 25  3.676279e-03
 26  3.409791e-03
 27  3.086948e-03
 28  2.734599e-03
 29  2.372512e-03
 30  2.054805e-03
 31  1.811347e-03
 32  1.557314e-03
 33  1.287476e-03
 34  1.073460e-03
 35  8.822314e-04
 Iteration CPU time: 8 s
 CFIE residual: 0.000882231

 Iseg, Irank, Idinc : 1, 30, 120
 Thata, Phi : 90.000000, 119.000000
 Maximun iteration: 300
 Number of recycle truncation: 30
 Final matrix dimension:  36708
 Residual error:0.001000
 0  6.482056e-01
 1  3.446621e-01
 2  2.155860e-01
 3  1.509892e-01
 4  1.089240e-01
 5  8.144335e-02
 6  6.349902e-02
 7  5.010448e-02
 8  4.054896e-02
 9  3.330715e-02
 10  2.713751e-02
 11  2.173609e-02
 12  1.816031e-02
 13  1.543105e-02
 14  1.345430e-02
 15  1.194901e-02
 16  1.102079e-02
 17  1.023626e-02
 18  9.605172e-03
 19  9.156949e-03
 20  8.731564e-03
 21  8.339236e-03
 22  7.897503e-03
 23  7.451721e-03
 24  6.854826e-03
 25  6.216366e-03
 26  5.568830e-03
 27  4.966085e-03
 28  4.328057e-03
 29  3.821334e-03
 30  3.382608e-03
 31  2.884834e-03
 32  2.423749e-03
 33  2.004996e-03
 34  1.639928e-03
 35  1.318682e-03
 36  1.051361e-03
 37  8.364455e-04
 Iteration CPU time: 8 s
 CFIE residual: 0.000836445

 Iseg, Irank, Idinc : 1, 31, 58
 Thata, Phi : 90.000000, 57.000000
 Maximun iteration: 300
 Number of recycle truncation: 30
 Final matrix dimension:  36708
 Residual error:0.001000
 0  6.583145e-01
 1  3.507121e-01
 2  2.131661e-01
 3  1.344217e-01
 4  9.822645e-02
 5  7.426524e-02
 6  5.758607e-02
 7  4.581935e-02
 8  3.697764e-02
 9  2.988303e-02
 10  2.366812e-02
 11  1.960573e-02
 12  1.693892e-02
 13  1.489337e-02
 14  1.363304e-02
 15  1.279950e-02
 16  1.210605e-02
 17  1.153045e-02
 18  1.085900e-02
 19  1.002866e-02
 20  9.123000e-03
 21  8.214263e-03
 22  7.271532e-03
 23  6.383343e-03
 24  5.427245e-03
 25  4.452471e-03
 26  3.638459e-03
 27  2.990702e-03
 28  2.476860e-03
 29  2.072212e-03
 30  1.684320e-03
 31  1.392466e-03
 32  1.106412e-03
 33  8.760515e-04
 Iteration CPU time: 7 s
 CFIE residual: 0.000876051

 Iseg, Irank, Idinc : 1, 32, 163
 Thata, Phi : 90.000000, 162.000000
 Maximun iteration: 300
 Number of recycle truncation: 30
 Final matrix dimension:  36708
 Residual error:0.001000
 0  6.103499e-01
 1  3.055162e-01
 2  1.863981e-01
 3  1.291854e-01
 4  9.700545e-02
 5  7.832814e-02
 6  6.274479e-02
 7  5.227629e-02
 8  4.434022e-02
 9  3.819334e-02
 10  3.290410e-02
 11  2.873354e-02
 12  2.518747e-02
 13  2.217916e-02
 14  1.947099e-02
 15  1.708727e-02
 16  1.487642e-02
 17  1.284259e-02
 18  1.139813e-02
 19  1.002420e-02
 20  8.987654e-03
 21  8.136767e-03
 22  7.555694e-03
 23  7.109720e-03
 24  6.710591e-03
 25  6.421264e-03
 26  6.124364e-03
 27  5.791159e-03
 28  5.379743e-03
 29  4.993886e-03
 30  4.515509e-03
 31  3.888878e-03
 32  3.367292e-03
 33  2.840263e-03
 34  2.333546e-03
 35  1.884883e-03
 36  1.487652e-03
 37  1.154125e-03
 38  8.934036e-04
 Iteration CPU time: 9 s
 CFIE residual: 0.000893404

 Iseg, Irank, Idinc : 1, 33, 3
 Thata, Phi : 90.000000, 2.000000
 Maximun iteration: 300
 Number of recycle truncation: 30
 Final matrix dimension:  36708
 Residual error:0.001000
 0  5.255057e-01
 1  2.748370e-01
 2  1.786301e-01
 3  1.222536e-01
 4  8.939044e-02
 5  6.719372e-02
 6  5.116440e-02
 7  3.919024e-02
 8  3.039473e-02
 9  2.409018e-02
 10  1.946405e-02
 11  1.547243e-02
 12  1.229525e-02
 13  1.046267e-02
 14  8.697348e-03
 15  7.269919e-03
 16  6.231255e-03
 17  5.373032e-03
 18  4.646959e-03
 19  4.063017e-03
 20  3.560466e-03
 21  3.167000e-03
 22  2.822686e-03
 23  2.534468e-03
 24  2.308407e-03
 25  2.103982e-03
 26  1.919104e-03
 27  1.756622e-03
 28  1.620463e-03
 29  1.514401e-03
 30  1.420059e-03
 31  1.310670e-03
 32  1.196269e-03
 33  1.060915e-03
 34  9.360276e-04
 Iteration CPU time: 8 s
 CFIE residual: 0.000936028

 Iseg, Irank, Idinc : 1, 34, 179
 Thata, Phi : 90.000000, 178.000000
 Maximun iteration: 300
 Number of recycle truncation: 30
 Final matrix dimension:  36708
 Residual error:0.001000
 0  5.929048e-01
 1  2.932485e-01
 2  1.812034e-01
 3  1.282532e-01
 4  9.890415e-02
 5  7.943191e-02
 6  6.589667e-02
 7  5.514113e-02
 8  4.577636e-02
 9  3.825087e-02
 10  3.138301e-02
 11  2.618516e-02
 12  2.162490e-02
 13  1.782377e-02
 14  1.557984e-02
 15  1.319596e-02
 16  1.125122e-02
 17  9.383723e-03
 18  8.008234e-03
 19  6.995172e-03
 20  6.103289e-03
 21  5.502061e-03
 22  4.941318e-03
 23  4.407391e-03
 24  4.048261e-03
 25  3.763521e-03
 26  3.547477e-03
 27  3.361243e-03
 28  3.146271e-03
 29  2.889585e-03
 30  2.653125e-03
 31  2.371409e-03
 32  2.099190e-03
 33  1.838259e-03
 34  1.570452e-03
 35  1.340466e-03
 36  1.111693e-03
 37  9.315604e-04
 Iteration CPU time: 8 s
 CFIE residual: 0.00093156

 Iseg, Irank, Idinc : 1, 35, 37
 Thata, Phi : 90.000000, 36.000000
 Maximun iteration: 300
 Number of recycle truncation: 30
 Final matrix dimension:  36708
 Residual error:0.001000
 0  6.233377e-01
 1  3.156844e-01
 2  1.927086e-01
 3  1.229872e-01
 4  8.523910e-02
 5  6.238625e-02
 6  4.776005e-02
 7  3.637381e-02
 8  2.846622e-02
 9  2.252845e-02
 10  1.742907e-02
 11  1.434984e-02
 12  1.208395e-02
 13  1.040288e-02
 14  9.269559e-03
 15  8.155639e-03
 16  7.337169e-03
 17  6.774315e-03
 18  6.235096e-03
 19  5.857990e-03
 20  5.547934e-03
 21  5.229358e-03
 22  4.937417e-03
 23  4.622411e-03
 24  4.207309e-03
 25  3.773243e-03
 26  3.360786e-03
 27  2.887362e-03
 28  2.439626e-03
 29  2.047279e-03
 30  1.701585e-03
 31  1.427244e-03
 32  1.198954e-03
 33  9.999196e-04
 Iteration CPU time: 8 s
 CFIE residual: 0.00099992

 Iseg, Irank, Idinc : 1, 36, 142
 Thata, Phi : 90.000000, 141.000000
 Maximun iteration: 300
 Number of recycle truncation: 30
 Final matrix dimension:  36708
 Residual error:0.001000
 0  6.871902e-01
 1  3.506005e-01
 2  2.109470e-01
 3  1.438315e-01
 4  1.026770e-01
 5  7.722222e-02
 6  5.944421e-02
 7  4.693803e-02
 8  3.874955e-02
 9  3.297245e-02
 10  2.858489e-02
 11  2.480492e-02
 12  2.200815e-02
 13  1.909615e-02
 14  1.652543e-02
 15  1.495224e-02
 16  1.350401e-02
 17  1.224847e-02
 18  1.137701e-02
 19  1.053644e-02
 20  9.975994e-03
 21  9.485155e-03
 22  8.978087e-03
 23  8.475423e-03
 24  7.931609e-03
 25  7.389385e-03
 26  6.826867e-03
 27  6.157746e-03
 28  5.425750e-03
 29  4.720505e-03
 30  4.039506e-03
 31  3.432940e-03
 32  2.818787e-03
 33  2.287972e-03
 34  1.818582e-03
 35  1.448555e-03
 36  1.144295e-03
 37  9.113615e-04
 Iteration CPU time: 9 s
 CFIE residual: 0.000911361

 Iseg, Irank, Idinc : 1, 37, 87
 Thata, Phi : 90.000000, 86.000000
 Maximun iteration: 300
 Number of recycle truncation: 30
 Final matrix dimension:  36708
 Residual error:0.001000
 0  6.016110e-01
 1  3.466177e-01
 2  2.182918e-01
 3  1.491994e-01
 4  1.092552e-01
 5  8.405977e-02
 6  6.473310e-02
 7  5.103282e-02
 8  4.233287e-02
 9  3.481087e-02
 10  2.872822e-02
 11  2.414643e-02
 12  2.116954e-02
 13  1.912507e-02
 14  1.758615e-02
 15  1.624546e-02
 16  1.525127e-02
 17  1.430446e-02
 18  1.365944e-02
 19  1.307819e-02
 20  1.232340e-02
 21  1.154845e-02
 22  1.060664e-02
 23  9.514755e-03
 24  8.285355e-03
 25  7.216317e-03
 26  6.078053e-03
 27  5.144918e-03
 28  4.259311e-03
 29  3.580988e-03
 30  3.070831e-03
 31  2.503713e-03
 32  2.092189e-03
 33  1.720957e-03
 34  1.415422e-03
 35  1.143964e-03
 36  9.067038e-04
 Iteration CPU time: 8 s
 CFIE residual: 0.000906704

 Iseg, Irank, Idinc : 1, 38, 13
 Thata, Phi : 90.000000, 12.000000
 Maximun iteration: 300
 Number of recycle truncation: 30
 Final matrix dimension:  36708
 Residual error:0.001000
 0  5.751308e-01
 1  2.844529e-01
 2  1.783017e-01
 3  1.238786e-01
 4  8.969992e-02
 5  6.695559e-02
 6  5.068795e-02
 7  3.996907e-02
 8  3.134322e-02
 9  2.440690e-02
 10  1.954294e-02
 11  1.561707e-02
 12  1.274600e-02
 13  1.036523e-02
 14  8.743309e-03
 15  7.362439e-03
 16  6.311515e-03
 17  5.495548e-03
 18  4.879683e-03
 19  4.341995e-03
 20  3.920924e-03
 21  3.615553e-03
 22  3.320634e-03
 23  3.081645e-03
 24  2.929257e-03
 25  2.772189e-03
 26  2.634528e-03
 27  2.475153e-03
 28  2.312282e-03
 29  2.169873e-03
 30  2.023555e-03
 31  1.866377e-03
 32  1.683172e-03
 33  1.484194e-03
 34  1.290008e-03
 35  1.090067e-03
 36  8.904537e-04
 Iteration CPU time: 8 s
 CFIE residual: 0.000890454

 Iseg, Irank, Idinc : 1, 39, 68
 Thata, Phi : 90.000000, 67.000000
 Maximun iteration: 300
 Number of recycle truncation: 30
 Final matrix dimension:  36708
 Residual error:0.001000
 0  6.451183e-01
 1  3.690263e-01
 2  2.367714e-01
 3  1.512665e-01
 4  1.079884e-01
 5  8.458337e-02
 6  6.499741e-02
 7  5.115318e-02
 8  4.240177e-02
 9  3.469653e-02
 10  2.784760e-02
 11  2.332203e-02
 12  2.025196e-02
 13  1.802251e-02
 14  1.674921e-02
 15  1.576715e-02
 16  1.494796e-02
 17  1.422453e-02
 18  1.332223e-02
 19  1.224730e-02
 20  1.113501e-02
 21  9.998424e-03
 22  8.940513e-03
 23  7.725614e-03
 24  6.572199e-03
 25  5.420854e-03
 26  4.511413e-03
 27  3.778615e-03
 28  3.168591e-03
 29  2.661243e-03
 30  2.153868e-03
 31  1.767322e-03
 32  1.440737e-03
 33  1.195073e-03
 34  9.400558e-04
 Iteration CPU time: 8 s
 CFIE residual: 0.000940056

 Iseg, Irank, Idinc : 1, 40, 112
 Thata, Phi : 90.000000, 111.000000
 Maximun iteration: 300
 Number of recycle truncation: 30
 Final matrix dimension:  36708
 Residual error:0.001000
 0  6.303645e-01
 1  3.489054e-01
 2  2.179283e-01
 3  1.481106e-01
 4  1.051640e-01
 5  7.805603e-02
 6  6.048337e-02
 7  4.766571e-02
 8  3.853278e-02
 9  3.124681e-02
 10  2.534953e-02
 11  2.098278e-02
 12  1.792635e-02
 13  1.569204e-02
 14  1.397660e-02
 15  1.245332e-02
 16  1.144752e-02
 17  1.070854e-02
 18  1.008695e-02
 19  9.577034e-03
 20  9.142460e-03
 21  8.633088e-03
 22  8.150243e-03
 23  7.632485e-03
 24  7.055997e-03
 25  6.454311e-03
 26  5.823870e-03
 27  5.038135e-03
 28  4.341244e-03
 29  3.644386e-03
 30  3.040435e-03
 31  2.498824e-03
 32  2.025305e-03
 33  1.606223e-03
 34  1.244544e-03
 35  9.667420e-04
 Iteration CPU time: 8 s
 CFIE residual: 0.000966742
 Last Built End in Sep 21 2025 00:06:12
 Total CPU time: 343 s
 Finished.
