 Last Built Begin in Sep 21 2025 00:06:12
 Pre-Type( Input ):           10
 Skl-Tol ( Input ):    1.0000000000000001E-005
 Wavelength in freespace: 0.030303

 ################################################
 ##         Generating Required Mesh          ##
 ##         Waiting.....                      ##
 ################################################
 Subd No.      Subd Name
    1    Open-Duct_PRIME_model_meshAA1                                     
 isub,  nnode, npatch,  nedge:
    1      6118     12236     18354
 Scale Factor         >>   1.54999997E-02
 ################################################

 START TIME: 20250922   011040.872


 Informaton for IE geometry:
 number of subdomains     : 1
 maxnode,maxpatch,maxedge : 6118  12236  18354
 
 Index of Mat-Reg: 1
 Mat-Reg Number via MatFlg: 1
 Edge Number of Mat-Reg: 1, 18354

 Number of Edge on PEC: 18354
 Mat-Reg: No Dim(m) Lmax:
    1 0.237    5
 Totlmax, add1, add2:           5           6           7
 rlengmax of Global MLFMA >>   0.23661253927368750     
 Lmax of Global MLFMA >>            5
 Wavenum of Mat-Reg:
    1 1.000

 total area in sq m           =      0.0510
 total area in sq lambda      =     55.5063
 maxnode, maxpatch, maxedge           =     6118    12236    18354
 longest  edge in lambda              =      0.1540
 shortest edge in lambda              =      0.0073
 average  edge in lambda              =      0.1028
 largest  patch area in sq lambda     =      0.0080
 smallest patch area in sq lambda     =      0.0000
 ave    surface area in sq lambda     =      0.0045
 size range of the object in sq lambda =      7.5716

 #### MLFMA Info For Each Region ####
 Mat-Region =            1
 Array dimension parameters:
 maxrule=          14   maxgrid  =          64
 lmax   =           5   ncmax    =        1250
 lsmax  =          26   lsmin    =           7
 kpm    =        1356   kp0      =         102
 ntlm   =      212856   nsm      =      230886
 nkpm   =        2178   niplm    =      139392
 ngnearm=       14257   ngsndm   =       64634
 nearm  =         333   mfinestm =         119
 ###############################

 CFIE Alpha:  0.50000000000000000     

 Fill MLFMA FI for Mat-Reg:           1
 Begin filltl.f
 fill translation matrix
 Level:            2
 fill shifting matrix
 Level:            3
 fill shifting matrix
 Level:            4
 fill shifting matrix
 Level:            5
 fill shifting matrix
 translator time(s):  0.109000005    
 fill interpolation matrix
 ThetaOrder            8
 PhiOrder            8
 lsl            7
 Filling TL                  Delta_CPU=          0.53 Memory(MB)=        653.71
 Filling sndgrp              Delta_CPU=          0.00 Memory(MB)=        653.71
 Filling VFS                 Delta_CPU=          3.14 Memory(MB)=        653.71

 Fill MLFMA NI for Mat-Reg:           1
 Begin fill sparser part of Nearfield
 Begin fill denser part of Nearfield
 End fill
 Filling Amn                 Delta_CPU=         91.24 Memory(MB)=        653.71


 Now testing preconditioner with
 ipretype =           10
 method = cfie_solve_nfrasspspre_pardiso

  
 NBP>>Begin fill sparser part of Nearfield

117.0656% NBP>>Begin fill denser part of Nearfield

200.1041%
 Begin MLFMA Box-Matrix Based Spar-RAS Prec Constructor
 --- Intel MKL PARDISO --- 
 Memory for iGroup: 1 0 MB
 Total Memory For SparRAS Pre: 0 MB
 --- PARDISO PRECONDITIONER INITIALIZED --- 
 Constructing preconditioner CPU time: 4 s
 
 1101240
 Memory for Iteration:: 16.8036 MB

 Iseg, Ninc_S : 1, 181, 0

 Iseg, Skeleton Angles: 1, 40
 Iseg, Skel-Pk Mem(MB): 1, 314.35

 Iseg, Irank, Idinc : 1, 1, 22
 Thata, Phi : 90.000000, 21.000000
 Maximun iteration: 300
 Number of recycle truncation: 30
 Final matrix dimension:  36708
 Residual error:0.001000
 0  6.166303e-01
 1  2.913549e-01
 2  1.667004e-01
 3  1.135274e-01
 4  7.954273e-02
 5  5.880791e-02
 6  4.481986e-02
 7  3.476951e-02
 8  2.753939e-02
 9  2.219352e-02
 10  1.738647e-02
 11  1.370618e-02
 12  1.082466e-02
 13  8.850830e-03
 14  7.271264e-03
 15  6.074161e-03
 16  5.001990e-03
 17  4.193287e-03
 18  3.477336e-03
 19  2.970121e-03
 20  2.553021e-03
 21  2.175762e-03
 22  1.887408e-03
 23  1.694650e-03
 24  1.561479e-03
 25  1.443184e-03
 26  1.346250e-03
 27  1.271693e-03
 28  1.209796e-03
 29  1.153063e-03
 30  1.097978e-03
 31  1.036142e-03
 32  9.756084e-04
 Iteration CPU time: 8 s
 CFIE residual: 0.000975608

 Iseg, Irank, Idinc : 1, 2, 42
 Thata, Phi : 90.000000, 41.000000
 Maximun iteration: 300
 Number of recycle truncation: 30
 Final matrix dimension:  36708
 Residual error:0.001000
 0  6.281147e-01
 1  3.148399e-01
 2  1.991690e-01
 3  1.292368e-01
 4  8.838533e-02
 5  6.468067e-02
 6  4.762502e-02
 7  3.641159e-02
 8  2.785897e-02
 9  2.106099e-02
 10  1.606548e-02
 11  1.256560e-02
 12  1.011536e-02
 13  8.324345e-03
 14  6.782601e-03
 15  5.486450e-03
 16  4.563093e-03
 17  3.907531e-03
 18  3.448364e-03
 19  3.099629e-03
 20  2.824696e-03
 21  2.615272e-03
 22  2.429345e-03
 23  2.281154e-03
 24  2.160035e-03
 25  2.053721e-03
 26  1.916496e-03
 27  1.778018e-03
 28  1.638009e-03
 29  1.452026e-03
 30  1.271007e-03
 31  1.086582e-03
 32  9.015307e-04
 Iteration CPU time: 7 s
 CFIE residual: 0.000901531

 Iseg, Irank, Idinc : 1, 3, 109
 Thata, Phi : 90.000000, 108.000000
 Maximun iteration: 300
 Number of recycle truncation: 30
 Final matrix dimension:  36708
 Residual error:0.001000
 0  6.278044e-01
 1  3.544927e-01
 2  2.219841e-01
 3  1.530932e-01
 4  1.070946e-01
 5  8.072098e-02
 6  6.203679e-02
 7  4.772202e-02
 8  3.829263e-02
 9  3.080451e-02
 10  2.371679e-02
 11  1.861581e-02
 12  1.538684e-02
 13  1.261335e-02
 14  1.021223e-02
 15  8.356459e-03
 16  6.933241e-03
 17  5.800773e-03
 18  4.910245e-03
 19  4.187813e-03
 20  3.687855e-03
 21  3.224642e-03
 22  2.885027e-03
 23  2.650176e-03
 24  2.460751e-03
 25  2.307512e-03
 26  2.178389e-03
 27  2.059372e-03
 28  1.925108e-03
 29  1.781523e-03
 30  1.610353e-03
 31  1.410665e-03
 32  1.196028e-03
 33  9.991058e-04
 Iteration CPU time: 8 s
 CFIE residual: 0.000999106

 Iseg, Irank, Idinc : 1, 4, 64
 Thata, Phi : 90.000000, 63.000000
 Maximun iteration: 300
 Number of recycle truncation: 30
 Final matrix dimension:  36708
 Residual error:0.001000
 0  6.622070e-01
 1  3.576445e-01
 2  2.225828e-01
 3  1.432765e-01
 4  1.027866e-01
 5  7.839919e-02
 6  5.952859e-02
 7  4.588095e-02
 8  3.713854e-02
 9  2.949394e-02
 10  2.304035e-02
 11  1.802393e-02
 12  1.400432e-02
 13  1.138450e-02
 14  9.442860e-03
 15  7.798020e-03
 16  6.916332e-03
 17  6.177232e-03
 18  5.546804e-03
 19  5.033155e-03
 20  4.616170e-03
 21  4.263709e-03
 22  4.036341e-03
 23  3.831971e-03
 24  3.622911e-03
 25  3.381355e-03
 26  3.118846e-03
 27  2.797432e-03
 28  2.472526e-03
 29  2.104083e-03
 30  1.719745e-03
 31  1.380404e-03
 32  1.125055e-03
 33  9.067129e-04
 Iteration CPU time: 8 s
 CFIE residual: 0.000906713

 Iseg, Irank, Idinc : 1, 5, 147
 Thata, Phi : 90.000000, 146.000000
 Maximun iteration: 300
 Number of recycle truncation: 30
 Final matrix dimension:  36708
 Residual error:0.001000
 0  6.538134e-01
 1  3.450628e-01
 2  2.089135e-01
 3  1.425314e-01
 4  1.036160e-01
 5  7.881700e-02
 6  6.225125e-02
 7  4.848903e-02
 8  4.051685e-02
 9  3.442285e-02
 10  2.907884e-02
 11  2.449794e-02
 12  2.017093e-02
 13  1.621707e-02
 14  1.314828e-02
 15  1.053484e-02
 16  8.507208e-03
 17  7.139243e-03
 18  5.801709e-03
 19  4.756783e-03
 20  3.858227e-03
 21  3.181832e-03
 22  2.706122e-03
 23  2.328327e-03
 24  2.068326e-03
 25  1.849723e-03
 26  1.698187e-03
 27  1.586181e-03
 28  1.500373e-03
 29  1.413973e-03
 30  1.329883e-03
 31  1.240119e-03
 32  1.133694e-03
 33  1.009160e-03
 34  8.663658e-04
 Iteration CPU time: 8 s
 CFIE residual: 0.000866366

 Iseg, Irank, Idinc : 1, 6, 136
 Thata, Phi : 90.000000, 135.000000
 Maximun iteration: 300
 Number of recycle truncation: 30
 Final matrix dimension:  36708
 Residual error:0.001000
 0  7.002229e-01
 1  3.571986e-01
 2  2.231972e-01
 3  1.519737e-01
 4  1.101088e-01
 5  8.309696e-02
 6  6.351226e-02
 7  4.977954e-02
 8  4.016008e-02
 9  3.160378e-02
 10  2.573854e-02
 11  2.108277e-02
 12  1.688648e-02
 13  1.360751e-02
 14  1.088427e-02
 15  8.807480e-03
 16  7.314997e-03
 17  5.927909e-03
 18  4.944283e-03
 19  4.161311e-03
 20  3.526033e-03
 21  3.114345e-03
 22  2.773746e-03
 23  2.512545e-03
 24  2.330558e-03
 25  2.185425e-03
 26  2.055384e-03
 27  1.933030e-03
 28  1.844113e-03
 29  1.740043e-03
 30  1.622926e-03
 31  1.490795e-03
 32  1.345268e-03
 33  1.199647e-03
 34  1.064186e-03
 35  9.305566e-04
 Iteration CPU time: 8 s
 CFIE residual: 0.000930557

 Iseg, Irank, Idinc : 1, 7, 86
 Thata, Phi : 90.000000, 85.000000
 Maximun iteration: 300
 Number of recycle truncation: 30
 Final matrix dimension:  36708
 Residual error:0.001000
 0  6.160505e-01
 1  3.497915e-01
 2  2.257100e-01
 3  1.538989e-01
 4  1.108443e-01
 5  8.542920e-02
 6  6.582397e-02
 7  5.195580e-02
 8  4.175410e-02
 9  3.434183e-02
 10  2.672136e-02
 11  2.037797e-02
 12  1.618926e-02
 13  1.334754e-02
 14  1.101540e-02
 15  9.242046e-03
 16  7.736449e-03
 17  6.709342e-03
 18  5.904893e-03
 19  5.332921e-03
 20  4.893070e-03
 21  4.572521e-03
 22  4.284743e-03
 23  4.048066e-03
 24  3.800582e-03
 25  3.578729e-03
 26  3.358192e-03
 27  3.085322e-03
 28  2.802710e-03
 29  2.493882e-03
 30  2.179551e-03
 31  1.861395e-03
 32  1.526168e-03
 33  1.240466e-03
 34  1.017788e-03
 35  8.145326e-04
 Iteration CPU time: 8 s
 CFIE residual: 0.000814533

 Iseg, Irank, Idinc : 1, 8, 74
 Thata, Phi : 90.000000, 73.000000
 Maximun iteration: 300
 Number of recycle truncation: 30
 Final matrix dimension:  36708
 Residual error:0.001000
 0  6.388175e-01
 1  3.643912e-01
 2  2.367961e-01
 3  1.485205e-01
 4  1.038278e-01
 5  7.890743e-02
 6  6.204326e-02
 7  4.816353e-02
 8  3.879034e-02
 9  3.148312e-02
 10  2.451545e-02
 11  1.948735e-02
 12  1.593041e-02
 13  1.321265e-02
 14  1.111097e-02
 15  9.270500e-03
 16  7.951941e-03
 17  7.043418e-03
 18  6.318532e-03
 19  5.732781e-03
 20  5.226677e-03
 21  4.840946e-03
 22  4.551723e-03
 23  4.303220e-03
 24  4.091907e-03
 25  3.847148e-03
 26  3.576159e-03
 27  3.248448e-03
 28  2.923995e-03
 29  2.610706e-03
 30  2.228159e-03
 31  1.834395e-03
 32  1.480758e-03
 33  1.180730e-03
 34  9.054033e-04
 Iteration CPU time: 8 s
 CFIE residual: 0.000905403

 Iseg, Irank, Idinc : 1, 9, 159
 Thata, Phi : 90.000000, 158.000000
 Maximun iteration: 300
 Number of recycle truncation: 30
 Final matrix dimension:  36708
 Residual error:0.001000
 0  6.133790e-01
 1  3.144709e-01
 2  1.919010e-01
 3  1.301151e-01
 4  9.931140e-02
 5  7.895035e-02
 6  6.367304e-02
 7  5.103868e-02
 8  4.368574e-02
 9  3.747369e-02
 10  3.145394e-02
 11  2.589172e-02
 12  2.177463e-02
 13  1.764205e-02
 14  1.430096e-02
 15  1.166110e-02
 16  9.659792e-03
 17  7.862540e-03
 18  6.370517e-03
 19  5.280755e-03
 20  4.193914e-03
 21  3.512697e-03
 22  2.959739e-03
 23  2.530177e-03
 24  2.164699e-03
 25  1.880288e-03
 26  1.661537e-03
 27  1.519443e-03
 28  1.398657e-03
 29  1.327519e-03
 30  1.270188e-03
 31  1.215677e-03
 32  1.150484e-03
 33  1.066896e-03
 34  9.810562e-04
 Iteration CPU time: 8 s
 CFIE residual: 0.000981056

 Iseg, Irank, Idinc : 1, 10, 123
 Thata, Phi : 90.000000, 122.000000
 Maximun iteration: 300
 Number of recycle truncation: 30
 Final matrix dimension:  36708
 Residual error:0.001000
 0  6.529717e-01
 1  3.423370e-01
 2  2.244917e-01
 3  1.566316e-01
 4  1.115187e-01
 5  8.343372e-02
 6  6.469685e-02
 7  5.048430e-02
 8  3.895500e-02
 9  2.998104e-02
 10  2.417455e-02
 11  1.914442e-02
 12  1.519870e-02
 13  1.221808e-02
 14  9.992307e-03
 15  8.474650e-03
 16  7.182891e-03
 17  6.069275e-03
 18  5.131053e-03
 19  4.448490e-03
 20  3.952001e-03
 21  3.489007e-03
 22  3.157201e-03
 23  2.868654e-03
 24  2.671378e-03
 25  2.489762e-03
 26  2.335542e-03
 27  2.212485e-03
 28  2.102896e-03
 29  1.995246e-03
 30  1.877653e-03
 31  1.739261e-03
 32  1.551846e-03
 33  1.356451e-03
 34  1.174642e-03
 35  1.013565e-03
 36  8.169883e-04
 Iteration CPU time: 9 s
 CFIE residual: 0.000816988

 Iseg, Irank, Idinc : 1, 11, 53
 Thata, Phi : 90.000000, 52.000000
 Maximun iteration: 300
 Number of recycle truncation: 30
 Final matrix dimension:  36708
 Residual error:0.001000
 0  6.500762e-01
 1  3.384311e-01
 2  2.081327e-01
 3  1.342018e-01
 4  9.613211e-02
 5  7.140450e-02
 6  5.444741e-02
 7  4.262198e-02
 8  3.262668e-02
 9  2.431576e-02
 10  1.904888e-02
 11  1.480241e-02
 12  1.175931e-02
 13  9.531291e-03
 14  7.923835e-03
 15  6.735141e-03
 16  5.750279e-03
 17  4.976357e-03
 18  4.419144e-03
 19  4.021311e-03
 20  3.641976e-03
 21  3.394173e-03
 22  3.221807e-03
 23  3.057221e-03
 24  2.858904e-03
 25  2.689870e-03
 26  2.464266e-03
 27  2.194581e-03
 28  1.928625e-03
 29  1.643374e-03
 30  1.365823e-03
 31  1.122400e-03
 32  9.199291e-04
 Iteration CPU time: 7 s
 CFIE residual: 0.000919929

 Iseg, Irank, Idinc : 1, 12, 32
 Thata, Phi : 90.000000, 31.000000
 Maximun iteration: 300
 Number of recycle truncation: 30
 Final matrix dimension:  36708
 Residual error:0.001000
 0  6.322134e-01
 1  3.053561e-01
 2  1.798419e-01
 3  1.136873e-01
 4  7.990779e-02
 5  5.878298e-02
 6  4.295225e-02
 7  3.235707e-02
 8  2.538769e-02
 9  2.028775e-02
 10  1.611781e-02
 11  1.283191e-02
 12  1.014071e-02
 13  8.456336e-03
 14  6.706381e-03
 15  5.576588e-03
 16  4.622049e-03
 17  3.927213e-03
 18  3.297028e-03
 19  2.866959e-03
 20  2.510058e-03
 21  2.234545e-03
 22  2.020593e-03
 23  1.870966e-03
 24  1.758342e-03
 25  1.655541e-03
 26  1.560524e-03
 27  1.480765e-03
 28  1.397586e-03
 29  1.306862e-03
 30  1.211769e-03
 31  1.095840e-03
 32  9.844477e-04
 Iteration CPU time: 8 s
 CFIE residual: 0.000984448

 Iseg, Irank, Idinc : 1, 13, 10
 Thata, Phi : 90.000000, 9.000000
 Maximun iteration: 300
 Number of recycle truncation: 30
 Final matrix dimension:  36708
 Residual error:0.001000
 0  5.392262e-01
 1  2.746209e-01
 2  1.733839e-01
 3  1.231323e-01
 4  8.840856e-02
 5  6.627234e-02
 6  5.107540e-02
 7  3.916341e-02
 8  3.070233e-02
 9  2.428252e-02
 10  1.870154e-02
 11  1.473622e-02
 12  1.161083e-02
 13  9.522468e-03
 14  7.618994e-03
 15  6.088835e-03
 16  4.992807e-03
 17  4.190724e-03
 18  3.548924e-03
 19  3.034759e-03
 20  2.594855e-03
 21  2.274608e-03
 22  1.933022e-03
 23  1.706719e-03
 24  1.523981e-03
 25  1.390468e-03
 26  1.276055e-03
 27  1.190188e-03
 28  1.116082e-03
 29  1.054782e-03
 30  9.940895e-04
 Iteration CPU time: 7 s
 CFIE residual: 0.00099409

 Iseg, Irank, Idinc : 1, 14, 178
 Thata, Phi : 90.000000, 177.000000
 Maximun iteration: 300
 Number of recycle truncation: 30
 Final matrix dimension:  36708
 Residual error:0.001000
 0  5.678448e-01
 1  3.001775e-01
 2  1.907256e-01
 3  1.339424e-01
 4  1.049335e-01
 5  8.088267e-02
 6  6.528813e-02
 7  5.493700e-02
 8  4.503815e-02
 9  3.517569e-02
 10  2.760116e-02
 11  2.219657e-02
 12  1.807399e-02
 13  1.422268e-02
 14  1.168139e-02
 15  9.077113e-03
 16  7.247345e-03
 17  5.905654e-03
 18  4.894481e-03
 19  3.924314e-03
 20  3.100556e-03
 21  2.584440e-03
 22  2.176217e-03
 23  1.864925e-03
 24  1.584223e-03
 25  1.327958e-03
 26  1.124385e-03
 27  9.673692e-04
 Iteration CPU time: 6 s
 CFIE residual: 0.000967369

 Iseg, Irank, Idinc : 1, 15, 94
 Thata, Phi : 90.000000, 93.000000
 Maximun iteration: 300
 Number of recycle truncation: 30
 Final matrix dimension:  36708
 Residual error:0.001000
 0  6.129386e-01
 1  3.503897e-01
 2  2.221315e-01
 3  1.479809e-01
 4  1.057670e-01
 5  8.204100e-02
 6  6.378275e-02
 7  5.067557e-02
 8  4.059095e-02
 9  3.271547e-02
 10  2.602743e-02
 11  2.059481e-02
 12  1.682859e-02
 13  1.388599e-02
 14  1.146177e-02
 15  9.612361e-03
 16  7.898193e-03
 17  6.709249e-03
 18  5.794937e-03
 19  5.102881e-03
 20  4.597228e-03
 21  4.212741e-03
 22  3.876385e-03
 23  3.656564e-03
 24  3.395932e-03
 25  3.231903e-03
 26  3.077704e-03
 27  2.907365e-03
 28  2.689707e-03
 29  2.393640e-03
 30  2.086001e-03
 31  1.800876e-03
 32  1.492633e-03
 33  1.233932e-03
 34  1.009798e-03
 35  8.240659e-04
 Iteration CPU time: 8 s
 CFIE residual: 0.000824066

 Iseg, Irank, Idinc : 1, 16, 102
 Thata, Phi : 90.000000, 101.000000
 Maximun iteration: 300
 Number of recycle truncation: 30
 Final matrix dimension:  36708
 Residual error:0.001000
 0  6.132899e-01
 1  3.497441e-01
 2  2.194764e-01
 3  1.486922e-01
 4  1.042378e-01
 5  7.830758e-02
 6  6.050481e-02
 7  4.723721e-02
 8  3.737560e-02
 9  3.070992e-02
 10  2.494329e-02
 11  1.990989e-02
 12  1.594641e-02
 13  1.316047e-02
 14  1.091123e-02
 15  8.761368e-03
 16  7.308259e-03
 17  6.180527e-03
 18  5.249510e-03
 19  4.592502e-03
 20  4.106391e-03
 21  3.659827e-03
 22  3.276943e-03
 23  3.055651e-03
 24  2.835674e-03
 25  2.673295e-03
 26  2.542076e-03
 27  2.417222e-03
 28  2.264035e-03
 29  2.082337e-03
 30  1.876934e-03
 31  1.658664e-03
 32  1.397945e-03
 33  1.177419e-03
 34  9.370991e-04
 Iteration CPU time: 7 s
 CFIE residual: 0.000937099

 Iseg, Irank, Idinc : 1, 17, 116
 Thata, Phi : 90.000000, 115.000000
 Maximun iteration: 300
 Number of recycle truncation: 30
 Final matrix dimension:  36708
 Residual error:0.001000
 0  6.456359e-01
 1  3.486728e-01
 2  2.193009e-01
 3  1.535488e-01
 4  1.091034e-01
 5  8.034787e-02
 6  6.132947e-02
 7  4.759477e-02
 8  3.834819e-02
 9  2.982831e-02
 10  2.307711e-02
 11  1.800116e-02
 12  1.484472e-02
 13  1.226928e-02
 14  9.839265e-03
 15  8.075359e-03
 16  6.784162e-03
 17  5.693837e-03
 18  4.865112e-03
 19  4.210332e-03
 20  3.738585e-03
 21  3.310191e-03
 22  2.978856e-03
 23  2.722041e-03
 24  2.528942e-03
 25  2.372731e-03
 26  2.229626e-03
 27  2.112380e-03
 28  2.006594e-03
 29  1.882443e-03
 30  1.724536e-03
 31  1.543771e-03
 32  1.319379e-03
 33  1.084640e-03
 34  8.595067e-04
 Iteration CPU time: 8 s
 CFIE residual: 0.000859507

 Iseg, Irank, Idinc : 1, 18, 1
 Thata, Phi : 90.000000, 0.000000
 Maximun iteration: 300
 Number of recycle truncation: 30
 Final matrix dimension:  36708
 Residual error:0.001000
 0  5.099170e-01
 1  2.678335e-01
 2  1.737672e-01
 3  1.210642e-01
 4  8.569179e-02
 5  6.482240e-02
 6  5.061850e-02
 7  3.813031e-02
 8  2.893188e-02
 9  2.298056e-02
 10  1.732149e-02
 11  1.391385e-02
 12  1.129100e-02
 13  8.777778e-03
 14  7.076917e-03
 15  5.629362e-03
 16  4.573841e-03
 17  3.776840e-03
 18  3.187798e-03
 19  2.733405e-03
 20  2.347002e-03
 21  2.044956e-03
 22  1.771477e-03
 23  1.520157e-03
 24  1.314647e-03
 25  1.161051e-03
 26  1.060079e-03
 27  9.933066e-04
 Iteration CPU time: 7 s
 CFIE residual: 0.000993307

 Iseg, Irank, Idinc : 1, 19, 80
 Thata, Phi : 90.000000, 79.000000
 Maximun iteration: 300
 Number of recycle truncation: 30
 Final matrix dimension:  36708
 Residual error:0.001000
 0  6.221179e-01
 1  3.555998e-01
 2  2.300071e-01
 3  1.490847e-01
 4  1.070263e-01
 5  8.246264e-02
 6  6.345504e-02
 7  5.044523e-02
 8  3.966463e-02
 9  3.263438e-02
 10  2.549230e-02
 11  1.971074e-02
 12  1.570082e-02
 13  1.307544e-02
 14  1.085427e-02
 15  9.286683e-03
 16  7.995346e-03
 17  6.861194e-03
 18  6.063252e-03
 19  5.473331e-03
 20  4.999737e-03
 21  4.663470e-03
 22  4.395151e-03
 23  4.164636e-03
 24  3.931490e-03
 25  3.706841e-03
 26  3.471759e-03
 27  3.181473e-03
 28  2.914566e-03
 29  2.630740e-03
 30  2.280760e-03
 31  1.934333e-03
 32  1.582900e-03
 33  1.295440e-03
 34  1.012211e-03
 35  8.345794e-04
 Iteration CPU time: 8 s
 CFIE residual: 0.000834579

 Iseg, Irank, Idinc : 1, 20, 167
 Thata, Phi : 90.000000, 166.000000
 Maximun iteration: 300
 Number of recycle truncation: 30
 Final matrix dimension:  36708
 Residual error:0.001000
 0  5.845239e-01
 1  3.026926e-01
 2  1.886467e-01
 3  1.326546e-01
 4  1.038267e-01
 5  8.178516e-02
 6  6.736375e-02
 7  5.484332e-02
 8  4.576158e-02
 9  3.811471e-02
 10  3.246618e-02
 11  2.708029e-02
 12  2.267252e-02
 13  1.827939e-02
 14  1.513554e-02
 15  1.241763e-02
 16  1.019546e-02
 17  8.319354e-03
 18  6.520553e-03
 19  5.369176e-03
 20  4.363586e-03
 21  3.492343e-03
 22  2.920394e-03
 23  2.481942e-03
 24  2.032423e-03
 25  1.685000e-03
 26  1.428084e-03
 27  1.255779e-03
 28  1.130246e-03
 29  1.051893e-03
 30  9.947788e-04
 Iteration CPU time: 7 s
 CFIE residual: 0.000994779

 Iseg, Irank, Idinc : 1, 21, 153
 Thata, Phi : 90.000000, 152.000000
 Maximun iteration: 300
 Number of recycle truncation: 30
 Final matrix dimension:  36708
 Residual error:0.001000
 0  6.338808e-01
 1  3.297181e-01
 2  2.015258e-01
 3  1.352550e-01
 4  1.007045e-01
 5  7.845329e-02
 6  6.233325e-02
 7  4.921556e-02
 8  4.148624e-02
 9  3.518184e-02
 10  2.996711e-02
 11  2.476323e-02
 12  2.010402e-02
 13  1.647698e-02
 14  1.351994e-02
 15  1.105631e-02
 16  8.958693e-03
 17  7.280354e-03
 18  5.902005e-03
 19  4.963350e-03
 20  3.998072e-03
 21  3.337431e-03
 22  2.832654e-03
 23  2.445406e-03
 24  2.110544e-03
 25  1.880800e-03
 26  1.698899e-03
 27  1.569225e-03
 28  1.462940e-03
 29  1.387916e-03
 30  1.322936e-03
 31  1.251018e-03
 32  1.169216e-03
 33  1.052764e-03
 34  9.345021e-04
 Iteration CPU time: 8 s
 CFIE residual: 0.000934502

 Iseg, Irank, Idinc : 1, 22, 16
 Thata, Phi : 90.000000, 15.000000
 Maximun iteration: 300
 Number of recycle truncation: 30
 Final matrix dimension:  36708
 Residual error:0.001000
 0  5.776645e-01
 1  2.826877e-01
 2  1.713962e-01
 3  1.200002e-01
 4  8.489660e-02
 5  6.353076e-02
 6  4.987814e-02
 7  3.849900e-02
 8  3.003660e-02
 9  2.372652e-02
 10  1.885509e-02
 11  1.494309e-02
 12  1.149252e-02
 13  9.196874e-03
 14  7.470114e-03
 15  6.223055e-03
 16  5.115313e-03
 17  4.273099e-03
 18  3.572651e-03
 19  3.028440e-03
 20  2.554537e-03
 21  2.199769e-03
 22  1.881858e-03
 23  1.673800e-03
 24  1.518154e-03
 25  1.396303e-03
 26  1.293047e-03
 27  1.217248e-03
 28  1.151545e-03
 29  1.097638e-03
 30  1.043858e-03
 31  9.881959e-04
 Iteration CPU time: 7 s
 CFIE residual: 0.000988196

 Iseg, Irank, Idinc : 1, 23, 181
 Thata, Phi : 90.000000, 180.000000
 Maximun iteration: 300
 Number of recycle truncation: 30
 Final matrix dimension:  36708
 Residual error:0.001000
 0  5.669358e-01
 1  3.001369e-01
 2  1.906493e-01
 3  1.337122e-01
 4  1.045437e-01
 5  8.009044e-02
 6  6.459024e-02
 7  5.439700e-02
 8  4.440771e-02
 9  3.448623e-02
 10  2.693065e-02
 11  2.122270e-02
 12  1.677696e-02
 13  1.307057e-02
 14  1.050084e-02
 15  8.143335e-03
 16  6.169498e-03
 17  4.990899e-03
 18  4.046836e-03
 19  3.211304e-03
 20  2.626702e-03
 21  2.216249e-03
 22  1.859275e-03
 23  1.542172e-03
 24  1.307419e-03
 25  1.129057e-03
 26  9.720673e-04
 Iteration CPU time: 6 s
 CFIE residual: 0.000972067

 Iseg, Irank, Idinc : 1, 24, 130
 Thata, Phi : 90.000000, 129.000000
 Maximun iteration: 300
 Number of recycle truncation: 30
 Final matrix dimension:  36708
 Residual error:0.001000
 0  6.747065e-01
 1  3.544616e-01
 2  2.285193e-01
 3  1.556426e-01
 4  1.113007e-01
 5  8.488616e-02
 6  6.457591e-02
 7  5.017519e-02
 8  3.965786e-02
 9  3.137786e-02
 10  2.512764e-02
 11  1.969421e-02
 12  1.545344e-02
 13  1.262718e-02
 14  1.046737e-02
 15  8.531424e-03
 16  6.974974e-03
 17  5.700710e-03
 18  4.781264e-03
 19  4.166836e-03
 20  3.654856e-03
 21  3.253196e-03
 22  2.940001e-03
 23  2.690850e-03
 24  2.525628e-03
 25  2.357261e-03
 26  2.225486e-03
 27  2.083486e-03
 28  1.984378e-03
 29  1.881134e-03
 30  1.770300e-03
 31  1.625451e-03
 32  1.467305e-03
 33  1.308380e-03
 34  1.156804e-03
 35  9.828193e-04
 Iteration CPU time: 8 s
 CFIE residual: 0.000982819

 Iseg, Irank, Idinc : 1, 25, 58
 Thata, Phi : 90.000000, 57.000000
 Maximun iteration: 300
 Number of recycle truncation: 30
 Final matrix dimension:  36708
 Residual error:0.001000
 0  6.610895e-01
 1  3.446533e-01
 2  2.130249e-01
 3  1.342574e-01
 4  9.568489e-02
 5  7.056499e-02
 6  5.444649e-02
 7  4.282428e-02
 8  3.421681e-02
 9  2.626946e-02
 10  1.979488e-02
 11  1.549290e-02
 12  1.247045e-02
 13  9.892289e-03
 14  8.151836e-03
 15  6.782649e-03
 16  5.978955e-03
 17  5.218460e-03
 18  4.675450e-03
 19  4.327131e-03
 20  3.946645e-03
 21  3.662578e-03
 22  3.498381e-03
 23  3.307409e-03
 24  3.116302e-03
 25  2.913929e-03
 26  2.686798e-03
 27  2.412351e-03
 28  2.106556e-03
 29  1.800400e-03
 30  1.532053e-03
 31  1.241768e-03
 32  1.007754e-03
 33  8.172065e-04
 Iteration CPU time: 8 s
 CFIE residual: 0.000817207

 Iseg, Irank, Idinc : 1, 26, 5
 Thata, Phi : 90.000000, 4.000000
 Maximun iteration: 300
 Number of recycle truncation: 30
 Final matrix dimension:  36708
 Residual error:0.001000
 0  5.164742e-01
 1  2.694225e-01
 2  1.735494e-01
 3  1.216436e-01
 4  8.684142e-02
 5  6.566969e-02
 6  5.051977e-02
 7  3.788623e-02
 8  2.873602e-02
 9  2.328174e-02
 10  1.823772e-02
 11  1.453425e-02
 12  1.134846e-02
 13  9.264918e-03
 14  7.609937e-03
 15  6.105708e-03
 16  4.979630e-03
 17  4.133966e-03
 18  3.452630e-03
 19  2.995191e-03
 20  2.593656e-03
 21  2.264628e-03
 22  1.930296e-03
 23  1.676327e-03
 24  1.475149e-03
 25  1.319728e-03
 26  1.179437e-03
 27  1.094752e-03
 28  1.023542e-03
 29  9.610483e-04
 Iteration CPU time: 7 s
 CFIE residual: 0.000961048

 Iseg, Irank, Idinc : 1, 27, 172
 Thata, Phi : 90.000000, 171.000000
 Maximun iteration: 300
 Number of recycle truncation: 30
 Final matrix dimension:  36708
 Residual error:0.001000
 0  5.740950e-01
 1  3.006268e-01
 2  1.905153e-01
 3  1.344730e-01
 4  1.058248e-01
 5  8.266598e-02
 6  6.745760e-02
 7  5.608902e-02
 8  4.654545e-02
 9  3.780629e-02
 10  3.106662e-02
 11  2.591927e-02
 12  2.167952e-02
 13  1.769852e-02
 14  1.454247e-02
 15  1.175852e-02
 16  9.866946e-03
 17  7.915646e-03
 18  6.253705e-03
 19  5.087162e-03
 20  4.051372e-03
 21  3.281043e-03
 22  2.741575e-03
 23  2.349603e-03
 24  1.949182e-03
 25  1.603220e-03
 26  1.351524e-03
 27  1.162733e-03
 28  1.030821e-03
 29  9.455901e-04
 Iteration CPU time: 6 s
 CFIE residual: 0.00094559

 Iseg, Irank, Idinc : 1, 28, 37
 Thata, Phi : 90.000000, 36.000000
 Maximun iteration: 300
 Number of recycle truncation: 30
 Final matrix dimension:  36708
 Residual error:0.001000
 0  6.227052e-01
 1  3.116186e-01
 2  1.919664e-01
 3  1.220923e-01
 4  8.327244e-02
 5  6.127195e-02
 6  4.450436e-02
 7  3.370608e-02
 8  2.612849e-02
 9  2.032617e-02
 10  1.585392e-02
 11  1.254646e-02
 12  1.002807e-02
 13  8.288179e-03
 14  6.711129e-03
 15  5.415481e-03
 16  4.462690e-03
 17  3.823149e-03
 18  3.278570e-03
 19  2.874148e-03
 20  2.564972e-03
 21  2.344539e-03
 22  2.156186e-03
 23  2.016450e-03
 24  1.910586e-03
 25  1.813353e-03
 26  1.704966e-03
 27  1.602793e-03
 28  1.504053e-03
 29  1.377988e-03
 30  1.243130e-03
 31  1.101975e-03
 32  9.698933e-04
 Iteration CPU time: 7 s
 CFIE residual: 0.000969893

 Iseg, Irank, Idinc : 1, 29, 141
 Thata, Phi : 90.000000, 140.000000
 Maximun iteration: 300
 Number of recycle truncation: 30
 Final matrix dimension:  36708
 Residual error:0.001000
 0  6.876779e-01
 1  3.525859e-01
 2  2.136663e-01
 3  1.468961e-01
 4  1.074982e-01
 5  8.093678e-02
 6  6.232920e-02
 7  4.912136e-02
 8  4.029336e-02
 9  3.340964e-02
 10  2.751087e-02
 11  2.284312e-02
 12  1.874062e-02
 13  1.528973e-02
 14  1.205930e-02
 15  9.865464e-03
 16  7.910527e-03
 17  6.510725e-03
 18  5.310729e-03
 19  4.336044e-03
 20  3.648527e-03
 21  3.082566e-03
 22  2.696062e-03
 23  2.410592e-03
 24  2.190479e-03
 25  2.028041e-03
 26  1.897898e-03
 27  1.789450e-03
 28  1.707069e-03
 29  1.615169e-03
 30  1.519453e-03
 31  1.404842e-03
 32  1.291263e-03
 33  1.176891e-03
 34  1.057522e-03
 35  9.354730e-04
 Iteration CPU time: 8 s
 CFIE residual: 0.000935473

 Iseg, Irank, Idinc : 1, 30, 69
 Thata, Phi : 90.000000, 68.000000
 Maximun iteration: 300
 Number of recycle truncation: 30
 Final matrix dimension:  36708
 Residual error:0.001000
 0  6.532777e-01
 1  3.654717e-01
 2  2.327808e-01
 3  1.493729e-01
 4  1.072034e-01
 5  8.159662e-02
 6  6.238132e-02
 7  4.866619e-02
 8  4.017430e-02
 9  3.223368e-02
 10  2.516442e-02
 11  1.946371e-02
 12  1.553177e-02
 13  1.287256e-02
 14  1.078581e-02
 15  8.996826e-03
 16  7.776295e-03
 17  6.920647e-03
 18  6.236124e-03
 19  5.636285e-03
 20  5.136185e-03
 21  4.752090e-03
 22  4.489518e-03
 23  4.265745e-03
 24  4.040788e-03
 25  3.792615e-03
 26  3.501039e-03
 27  3.182412e-03
 28  2.829809e-03
 29  2.448190e-03
 30  2.013163e-03
 31  1.649531e-03
 32  1.354122e-03
 33  1.085142e-03
 34  8.560664e-04
 Iteration CPU time: 8 s
 CFIE residual: 0.000856066

 Iseg, Irank, Idinc : 1, 31, 27
 Thata, Phi : 90.000000, 26.000000
 Maximun iteration: 300
 Number of recycle truncation: 30
 Final matrix dimension:  36708
 Residual error:0.001000
 0  6.351506e-01
 1  2.982017e-01
 2  1.688200e-01
 3  1.101821e-01
 4  7.711827e-02
 5  5.664264e-02
 6  4.197528e-02
 7  3.166259e-02
 8  2.508819e-02
 9  2.072092e-02
 10  1.654535e-02
 11  1.309459e-02
 12  1.042096e-02
 13  8.903559e-03
 14  7.143981e-03
 15  5.982699e-03
 16  4.967736e-03
 17  4.155344e-03
 18  3.478839e-03
 19  3.011210e-03
 20  2.556409e-03
 21  2.207967e-03
 22  1.947208e-03
 23  1.767091e-03
 24  1.645861e-03
 25  1.535882e-03
 26  1.438477e-03
 27  1.365647e-03
 28  1.294874e-03
 29  1.222937e-03
 30  1.155894e-03
 31  1.082646e-03
 32  1.003714e-03
 33  8.982404e-04
 Iteration CPU time: 8 s
 CFIE residual: 0.00089824

 Iseg, Irank, Idinc : 1, 32, 98
 Thata, Phi : 90.000000, 97.000000
 Maximun iteration: 300
 Number of recycle truncation: 30
 Final matrix dimension:  36708
 Residual error:0.001000
 0  6.125058e-01
 1  3.489575e-01
 2  2.197782e-01
 3  1.467914e-01
 4  1.047937e-01
 5  7.933440e-02
 6  6.069624e-02
 7  4.865960e-02
 8  3.839895e-02
 9  3.038770e-02
 10  2.479251e-02
 11  1.981732e-02
 12  1.621708e-02
 13  1.340364e-02
 14  1.090492e-02
 15  8.876473e-03
 16  7.428449e-03
 17  6.343052e-03
 18  5.451902e-03
 19  4.798409e-03
 20  4.295449e-03
 21  3.884008e-03
 22  3.525593e-03
 23  3.296481e-03
 24  3.075521e-03
 25  2.931337e-03
 26  2.790124e-03
 27  2.653242e-03
 28  2.479701e-03
 29  2.248444e-03
 30  1.987186e-03
 31  1.718809e-03
 32  1.421036e-03
 33  1.180715e-03
 34  9.555324e-04
 Iteration CPU time: 8 s
 CFIE residual: 0.000955532

 Iseg, Irank, Idinc : 1, 33, 175
 Thata, Phi : 90.000000, 174.000000
 Maximun iteration: 300
 Number of recycle truncation: 30
 Final matrix dimension:  36708
 Residual error:0.001000
 0  5.702862e-01
 1  3.002987e-01
 2  1.908122e-01
 3  1.343897e-01
 4  1.056355e-01
 5  8.212185e-02
 6  6.649991e-02
 7  5.568942e-02
 8  4.594559e-02
 9  3.649528e-02
 10  2.916440e-02
 11  2.402232e-02
 12  1.989609e-02
 13  1.589260e-02
 14  1.321901e-02
 15  1.062804e-02
 16  8.825446e-03
 17  7.058730e-03
 18  5.661942e-03
 19  4.597725e-03
 20  3.658738e-03
 21  3.005144e-03
 22  2.510468e-03
 23  2.156971e-03
 24  1.809160e-03
 25  1.497869e-03
 26  1.266058e-03
 27  1.085112e-03
 28  9.587467e-04
 Iteration CPU time: 7 s
 CFIE residual: 0.000958747

 Iseg, Irank, Idinc : 1, 34, 3
 Thata, Phi : 90.000000, 2.000000
 Maximun iteration: 300
 Number of recycle truncation: 30
 Final matrix dimension:  36708
 Residual error:0.001000
 0  5.116104e-01
 1  2.682478e-01
 2  1.737017e-01
 3  1.212006e-01
 4  8.599529e-02
 5  6.507313e-02
 6  5.057224e-02
 7  3.803002e-02
 8  2.882979e-02
 9  2.304233e-02
 10  1.766876e-02
 11  1.425019e-02
 12  1.132344e-02
 13  9.062360e-03
 14  7.367613e-03
 15  5.944556e-03
 16  4.883278e-03
 17  4.046940e-03
 18  3.376399e-03
 19  2.924002e-03
 20  2.546289e-03
 21  2.224317e-03
 22  1.900528e-03
 23  1.642379e-03
 24  1.442030e-03
 25  1.281156e-03
 26  1.131551e-03
 27  1.045413e-03
 28  9.792103e-04
 Iteration CPU time: 7 s
 CFIE residual: 0.00097921

 Iseg, Irank, Idinc : 1, 35, 47
 Thata, Phi : 90.000000, 46.000000
 Maximun iteration: 300
 Number of recycle truncation: 30
 Final matrix dimension:  36708
 Residual error:0.001000
 0  6.367020e-01
 1  3.246200e-01
 2  2.029409e-01
 3  1.329140e-01
 4  9.440188e-02
 5  7.088640e-02
 6  5.284133e-02
 7  4.062599e-02
 8  3.111714e-02
 9  2.379863e-02
 10  1.826633e-02
 11  1.392708e-02
 12  1.101863e-02
 13  8.900615e-03
 14  7.345587e-03
 15  6.079868e-03
 16  5.125648e-03
 17  4.435433e-03
 18  3.967145e-03
 19  3.579377e-03
 20  3.239511e-03
 21  3.010898e-03
 22  2.826890e-03
 23  2.665682e-03
 24  2.520857e-03
 25  2.393155e-03
 26  2.222076e-03
 27  2.043251e-03
 28  1.826463e-03
 29  1.586645e-03
 30  1.362226e-03
 31  1.146224e-03
 32  9.618031e-04
 Iteration CPU time: 7 s
 CFIE residual: 0.000961803

 Iseg, Irank, Idinc : 1, 36, 163
 Thata, Phi : 90.000000, 162.000000
 Maximun iteration: 300
 Number of recycle truncation: 30
 Final matrix dimension:  36708
 Residual error:0.001000
 0  5.976286e-01
 1  3.071457e-01
 2  1.882334e-01
 3  1.304029e-01
 4  1.010299e-01
 5  8.050264e-02
 6  6.581038e-02
 7  5.290806e-02
 8  4.468686e-02
 9  3.827464e-02
 10  3.249252e-02
 11  2.689336e-02
 12  2.265421e-02
 13  1.825633e-02
 14  1.509948e-02
 15  1.235136e-02
 16  1.019049e-02
 17  8.292353e-03
 18  6.568310e-03
 19  5.433573e-03
 20  4.353125e-03
 21  3.534786e-03
 22  2.970448e-03
 23  2.504940e-03
 24  2.091186e-03
 25  1.785422e-03
 26  1.540987e-03
 27  1.388535e-03
 28  1.267406e-03
 29  1.191618e-03
 30  1.134151e-03
 31  1.082412e-03
 32  1.030420e-03
 33  9.649982e-04
 Iteration CPU time: 8 s
 CFIE residual: 0.000964998

 Iseg, Irank, Idinc : 1, 37, 119
 Thata, Phi : 90.000000, 118.000000
 Maximun iteration: 300
 Number of recycle truncation: 30
 Final matrix dimension:  36708
 Residual error:0.001000
 0  6.486037e-01
 1  3.453220e-01
 2  2.205302e-01
 3  1.540430e-01
 4  1.092490e-01
 5  8.093569e-02
 6  6.264035e-02
 7  4.871475e-02
 8  3.852234e-02
 9  2.996628e-02
 10  2.343443e-02
 11  1.852806e-02
 12  1.508505e-02
 13  1.226169e-02
 14  9.935240e-03
 15  8.288873e-03
 16  6.935303e-03
 17  5.889177e-03
 18  5.005891e-03
 19  4.357112e-03
 20  3.844871e-03
 21  3.414741e-03
 22  3.062868e-03
 23  2.794573e-03
 24  2.597811e-03
 25  2.417656e-03
 26  2.284648e-03
 27  2.158758e-03
 28  2.053997e-03
 29  1.924873e-03
 30  1.781934e-03
 31  1.614599e-03
 32  1.388178e-03
 33  1.136345e-03
 34  9.166642e-04
 Iteration CPU time: 8 s
 CFIE residual: 0.000916664

 Iseg, Irank, Idinc : 1, 38, 180
 Thata, Phi : 90.000000, 179.000000
 Maximun iteration: 300
 Number of recycle truncation: 30
 Final matrix dimension:  36708
 Residual error:0.001000
 0  5.670509e-01
 1  3.001439e-01
 2  1.906606e-01
 3  1.337434e-01
 4  1.045963e-01
 5  8.020032e-02
 6  6.468828e-02
 7  5.448298e-02
 8  4.451068e-02
 9  3.458333e-02
 10  2.701725e-02
 11  2.136720e-02
 12  1.702220e-02
 13  1.330352e-02
 14  1.080144e-02
 15  8.342182e-03
 16  6.475647e-03
 17  5.255274e-03
 18  4.331172e-03
 19  3.473776e-03
 20  2.767047e-03
 21  2.310252e-03
 22  1.942990e-03
 23  1.650700e-03
 24  1.402650e-03
 25  1.191248e-03
 26  1.014551e-03
 27  8.815256e-04
 Iteration CPU time: 6 s
 CFIE residual: 0.000881526

 Iseg, Irank, Idinc : 1, 39, 13
 Thata, Phi : 90.000000, 12.000000
 Maximun iteration: 300
 Number of recycle truncation: 30
 Final matrix dimension:  36708
 Residual error:0.001000
 0  5.574994e-01
 1  2.785180e-01
 2  1.729270e-01
 3  1.224013e-01
 4  8.727623e-02
 5  6.531200e-02
 6  5.106909e-02
 7  3.929316e-02
 8  3.062846e-02
 9  2.427877e-02
 10  1.906404e-02
 11  1.487620e-02
 12  1.151839e-02
 13  9.312598e-03
 14  7.558144e-03
 15  6.185372e-03
 16  5.064208e-03
 17  4.224377e-03
 18  3.567339e-03
 19  3.045086e-03
 20  2.569724e-03
 21  2.233812e-03
 22  1.906027e-03
 23  1.690601e-03
 24  1.522757e-03
 25  1.396949e-03
 26  1.293748e-03
 27  1.207323e-03
 28  1.139137e-03
 29  1.082183e-03
 30  1.026754e-03
 31  9.684686e-04
 Iteration CPU time: 8 s
 CFIE residual: 0.000968469

 Iseg, Irank, Idinc : 1, 40, 90
 Thata, Phi : 90.000000, 89.000000
 Maximun iteration: 300
 Number of recycle truncation: 30
 Final matrix dimension:  36708
 Residual error:0.001000
 0  6.141769e-01
 1  3.506510e-01
 2  2.245776e-01
 3  1.521753e-01
 4  1.083772e-01
 5  8.429005e-02
 6  6.537761e-02
 7  5.163808e-02
 8  4.162147e-02
 9  3.405101e-02
 10  2.686472e-02
 11  2.078763e-02
 12  1.685019e-02
 13  1.391305e-02
 14  1.148990e-02
 15  9.613297e-03
 16  7.882606e-03
 17  6.758704e-03
 18  5.895106e-03
 19  5.275514e-03
 20  4.802242e-03
 21  4.461885e-03
 22  4.151507e-03
 23  3.915241e-03
 24  3.660918e-03
 25  3.474348e-03
 26  3.283615e-03
 27  3.059048e-03
 28  2.788782e-03
 29  2.470155e-03
 30  2.153418e-03
 31  1.855524e-03
 32  1.520849e-03
 33  1.253967e-03
 34  1.007305e-03
 35  7.900864e-04
 Iteration CPU time: 8 s
 CFIE residual: 0.000790086
 Last Built End in Sep 21 2025 00:06:12
 Total CPU time: 321 s
 Finished.
