 Last Built Begin in Sep 21 2025 00:06:12
 Pre-Type( Input ):           10
 Skl-Tol ( Input ):    1.0000000000000001E-005
 Wavelength in freespace: 0.0299401

 ################################################
 ##         Generating Required Mesh          ##
 ##         Waiting.....                      ##
 ################################################
 Subd No.      Subd Name
    1    Open-Duct_PRIME_model_meshAA1                                     
 isub,  nnode, npatch,  nedge:
    1      6118     12236     18354
 Scale Factor         >>   1.54999997E-02
 ################################################

 START TIME: 20250922   052352.879


 Informaton for IE geometry:
 number of subdomains     : 1
 maxnode,maxpatch,maxedge : 6118  12236  18354
 
 Index of Mat-Reg: 1
 Mat-Reg Number via MatFlg: 1
 Edge Number of Mat-Reg: 1, 18354

 Number of Edge on PEC: 18354
 Mat-Reg: No Dim(m) Lmax:
    1 0.239    5
 Totlmax, add1, add2:           5           6           7
 rlengmax of Global MLFMA >>   0.23948057005276249     
 Lmax of Global MLFMA >>            5
 Wavenum of Mat-Reg:
    1 1.000

 total area in sq m           =      0.0510
 total area in sq lambda      =     56.8600
 maxnode, maxpatch, maxedge           =     6118    12236    18354
 longest  edge in lambda              =      0.1559
 shortest edge in lambda              =      0.0074
 average  edge in lambda              =      0.1041
 largest  patch area in sq lambda     =      0.0082
 smallest patch area in sq lambda     =      0.0000
 ave    surface area in sq lambda     =      0.0046
 size range of the object in sq lambda =      7.6634

 #### MLFMA Info For Each Region ####
 Mat-Region =            1
 Array dimension parameters:
 maxrule=          14   maxgrid  =          64
 lmax   =           5   ncmax    =        1250
 lsmax  =          27   lsmin    =           7
 kpm    =        1462   kp0      =         102
 ntlm   =      217096   nsm      =      232158
 nkpm   =        2284   niplm    =      146176
 ngnearm=       14257   ngsndm   =       64634
 nearm  =         333   mfinestm =         119
 ###############################

 CFIE Alpha:  0.50000000000000000     

 Fill MLFMA FI for Mat-Reg:           1
 Begin filltl.f
 fill translation matrix
 Level:            2
 fill shifting matrix
 Level:            3
 fill shifting matrix
 Level:            4
 fill shifting matrix
 Level:            5
 fill shifting matrix
 translator time(s):  0.118000008    
 fill interpolation matrix
 ThetaOrder            8
 PhiOrder            8
 lsl            7
 Filling TL                  Delta_CPU=          0.55 Memory(MB)=        653.98
 Filling sndgrp              Delta_CPU=          0.00 Memory(MB)=        653.98
 Filling VFS                 Delta_CPU=          3.20 Memory(MB)=        653.98

 Fill MLFMA NI for Mat-Reg:           1
 Begin fill sparser part of Nearfield
 Begin fill denser part of Nearfield
 End fill
 Filling Amn                 Delta_CPU=         90.40 Memory(MB)=        653.98


 Now testing preconditioner with
 ipretype =           10
 method = cfie_solve_nfrasspspre_pardiso

  
 NBP>>Begin fill sparser part of Nearfield

116.6493% NBP>>Begin fill denser part of Nearfield

200.1041%
 Begin MLFMA Box-Matrix Based Spar-RAS Prec Constructor
 --- Intel MKL PARDISO --- 
 Memory for iGroup: 1 0 MB
 Total Memory For SparRAS Pre: 0 MB
 --- PARDISO PRECONDITIONER INITIALIZED --- 
 Constructing preconditioner CPU time: 4 s
 
 1101240
 Memory for Iteration:: 16.8036 MB

 Iseg, Ninc_S : 1, 181, 0

 Iseg, Skeleton Angles: 1, 40
 Iseg, Skel-Pk Mem(MB): 1, 314.35

 Iseg, Irank, Idinc : 1, 1, 42
 Thata, Phi : 90.000000, 41.000000
 Maximun iteration: 300
 Number of recycle truncation: 30
 Final matrix dimension:  36708
 Residual error:0.001000
 0  6.298671e-01
 1  3.151819e-01
 2  1.993384e-01
 3  1.285512e-01
 4  8.797058e-02
 5  6.474951e-02
 6  4.787538e-02
 7  3.681750e-02
 8  2.806208e-02
 9  2.096309e-02
 10  1.595601e-02
 11  1.243973e-02
 12  9.879888e-03
 13  8.050082e-03
 14  6.502217e-03
 15  5.087773e-03
 16  4.075035e-03
 17  3.347865e-03
 18  2.781196e-03
 19  2.356013e-03
 20  1.966956e-03
 21  1.660361e-03
 22  1.457639e-03
 23  1.310380e-03
 24  1.201725e-03
 25  1.126367e-03
 26  1.068031e-03
 27  1.018523e-03
 28  9.825329e-04
 Iteration CPU time: 6 s
 CFIE residual: 0.000982533

 Iseg, Irank, Idinc : 1, 2, 22
 Thata, Phi : 90.000000, 21.000000
 Maximun iteration: 300
 Number of recycle truncation: 30
 Final matrix dimension:  36708
 Residual error:0.001000
 0  6.213908e-01
 1  2.928970e-01
 2  1.692474e-01
 3  1.141442e-01
 4  7.973293e-02
 5  5.921104e-02
 6  4.515431e-02
 7  3.485628e-02
 8  2.785922e-02
 9  2.236498e-02
 10  1.776366e-02
 11  1.386804e-02
 12  1.119261e-02
 13  9.014914e-03
 14  7.639038e-03
 15  6.228359e-03
 16  5.059759e-03
 17  4.170252e-03
 18  3.451650e-03
 19  2.943144e-03
 20  2.424021e-03
 21  1.976333e-03
 22  1.615503e-03
 23  1.380760e-03
 24  1.185664e-03
 25  1.038110e-03
 26  9.193196e-04
 Iteration CPU time: 6 s
 CFIE residual: 0.00091932

 Iseg, Irank, Idinc : 1, 3, 109
 Thata, Phi : 90.000000, 108.000000
 Maximun iteration: 300
 Number of recycle truncation: 30
 Final matrix dimension:  36708
 Residual error:0.001000
 0  6.250838e-01
 1  3.531935e-01
 2  2.203682e-01
 3  1.517638e-01
 4  1.062573e-01
 5  8.024873e-02
 6  6.146795e-02
 7  4.771400e-02
 8  3.856188e-02
 9  3.042902e-02
 10  2.360434e-02
 11  1.877021e-02
 12  1.556140e-02
 13  1.263138e-02
 14  1.027750e-02
 15  8.335217e-03
 16  6.838076e-03
 17  5.616380e-03
 18  4.524379e-03
 19  3.750318e-03
 20  3.146196e-03
 21  2.554972e-03
 22  2.117149e-03
 23  1.828139e-03
 24  1.562602e-03
 25  1.394233e-03
 26  1.265639e-03
 27  1.179836e-03
 28  1.117595e-03
 29  1.072298e-03
 30  1.036142e-03
 31  9.996740e-04
 Iteration CPU time: 7 s
 CFIE residual: 0.000999674

 Iseg, Irank, Idinc : 1, 4, 64
 Thata, Phi : 90.000000, 63.000000
 Maximun iteration: 300
 Number of recycle truncation: 30
 Final matrix dimension:  36708
 Residual error:0.001000
 0  6.600726e-01
 1  3.583333e-01
 2  2.235365e-01
 3  1.437095e-01
 4  1.027619e-01
 5  7.862622e-02
 6  5.914278e-02
 7  4.598397e-02
 8  3.739607e-02
 9  2.919303e-02
 10  2.261684e-02
 11  1.734819e-02
 12  1.363553e-02
 13  1.092884e-02
 14  8.767162e-03
 15  7.053910e-03
 16  5.791976e-03
 17  4.888376e-03
 18  4.088568e-03
 19  3.460079e-03
 20  2.965123e-03
 21  2.608416e-03
 22  2.314103e-03
 23  2.147165e-03
 24  2.028115e-03
 25  1.938328e-03
 26  1.849523e-03
 27  1.791320e-03
 28  1.734029e-03
 29  1.669770e-03
 30  1.595975e-03
 31  1.515016e-03
 32  1.434258e-03
 33  1.344847e-03
 34  1.234697e-03
 35  1.101854e-03
 36  9.635078e-04
 Iteration CPU time: 8 s
 CFIE residual: 0.000963508

 Iseg, Irank, Idinc : 1, 5, 147
 Thata, Phi : 90.000000, 146.000000
 Maximun iteration: 300
 Number of recycle truncation: 30
 Final matrix dimension:  36708
 Residual error:0.001000
 0  6.540622e-01
 1  3.446557e-01
 2  2.096148e-01
 3  1.414778e-01
 4  1.027521e-01
 5  7.791614e-02
 6  6.153121e-02
 7  4.781697e-02
 8  3.992089e-02
 9  3.432510e-02
 10  2.890757e-02
 11  2.441234e-02
 12  2.034700e-02
 13  1.661365e-02
 14  1.350151e-02
 15  1.084812e-02
 16  8.862007e-03
 17  7.171584e-03
 18  5.756443e-03
 19  4.703101e-03
 20  3.739106e-03
 21  3.042491e-03
 22  2.486435e-03
 23  2.069680e-03
 24  1.721040e-03
 25  1.406097e-03
 26  1.160012e-03
 27  9.986087e-04
 Iteration CPU time: 7 s
 CFIE residual: 0.000998609

 Iseg, Irank, Idinc : 1, 6, 136
 Thata, Phi : 90.000000, 135.000000
 Maximun iteration: 300
 Number of recycle truncation: 30
 Final matrix dimension:  36708
 Residual error:0.001000
 0  6.994813e-01
 1  3.546075e-01
 2  2.211923e-01
 3  1.499703e-01
 4  1.088863e-01
 5  8.188679e-02
 6  6.237390e-02
 7  4.905695e-02
 8  3.918348e-02
 9  3.155532e-02
 10  2.587847e-02
 11  2.069674e-02
 12  1.683227e-02
 13  1.371406e-02
 14  1.091929e-02
 15  8.956118e-03
 16  7.236502e-03
 17  5.799600e-03
 18  4.795140e-03
 19  3.828384e-03
 20  3.176635e-03
 21  2.624158e-03
 22  2.210340e-03
 23  1.903377e-03
 24  1.651885e-03
 25  1.470770e-03
 26  1.301324e-03
 27  1.178246e-03
 28  1.085352e-03
 29  1.006682e-03
 30  9.493339e-04
 Iteration CPU time: 7 s
 CFIE residual: 0.000949334

 Iseg, Irank, Idinc : 1, 7, 88
 Thata, Phi : 90.000000, 87.000000
 Maximun iteration: 300
 Number of recycle truncation: 30
 Final matrix dimension:  36708
 Residual error:0.001000
 0  6.117464e-01
 1  3.479748e-01
 2  2.230093e-01
 3  1.526635e-01
 4  1.098327e-01
 5  8.427017e-02
 6  6.469957e-02
 7  5.112323e-02
 8  4.161378e-02
 9  3.338199e-02
 10  2.610211e-02
 11  2.025203e-02
 12  1.670273e-02
 13  1.375161e-02
 14  1.113455e-02
 15  8.920373e-03
 16  7.186686e-03
 17  5.908044e-03
 18  4.905375e-03
 19  4.103395e-03
 20  3.568304e-03
 21  3.110037e-03
 22  2.781755e-03
 23  2.504396e-03
 24  2.303272e-03
 25  2.153201e-03
 26  2.035122e-03
 27  1.931129e-03
 28  1.874019e-03
 29  1.809859e-03
 30  1.753535e-03
 31  1.689831e-03
 32  1.623230e-03
 33  1.565011e-03
 34  1.474172e-03
 35  1.379087e-03
 36  1.244912e-03
 37  1.093113e-03
 38  9.510339e-04
 Iteration CPU time: 9 s
 CFIE residual: 0.000951034

 Iseg, Irank, Idinc : 1, 8, 74
 Thata, Phi : 90.000000, 73.000000
 Maximun iteration: 300
 Number of recycle truncation: 30
 Final matrix dimension:  36708
 Residual error:0.001000
 0  6.352919e-01
 1  3.629238e-01
 2  2.356971e-01
 3  1.476347e-01
 4  1.031752e-01
 5  7.869758e-02
 6  6.177953e-02
 7  4.725002e-02
 8  3.814897e-02
 9  3.035796e-02
 10  2.394099e-02
 11  1.908973e-02
 12  1.550424e-02
 13  1.253680e-02
 14  1.026519e-02
 15  8.302884e-03
 16  6.792780e-03
 17  5.705216e-03
 18  4.807241e-03
 19  4.146935e-03
 20  3.548360e-03
 21  3.087281e-03
 22  2.746705e-03
 23  2.505536e-03
 24  2.338825e-03
 25  2.221240e-03
 26  2.114924e-03
 27  2.021381e-03
 28  1.954218e-03
 29  1.899601e-03
 30  1.841583e-03
 31  1.774005e-03
 32  1.701982e-03
 33  1.604989e-03
 34  1.486072e-03
 35  1.350615e-03
 36  1.172251e-03
 37  9.774852e-04
 Iteration CPU time: 8 s
 CFIE residual: 0.000977485

 Iseg, Irank, Idinc : 1, 9, 159
 Thata, Phi : 90.000000, 158.000000
 Maximun iteration: 300
 Number of recycle truncation: 30
 Final matrix dimension:  36708
 Residual error:0.001000
 0  6.147402e-01
 1  3.139719e-01
 2  1.915473e-01
 3  1.293547e-01
 4  9.850954e-02
 5  7.814782e-02
 6  6.298730e-02
 7  5.097479e-02
 8  4.342318e-02
 9  3.712170e-02
 10  3.138315e-02
 11  2.611559e-02
 12  2.244021e-02
 13  1.848876e-02
 14  1.502717e-02
 15  1.232739e-02
 16  1.010205e-02
 17  8.228411e-03
 18  6.851061e-03
 19  5.369464e-03
 20  4.375932e-03
 21  3.546341e-03
 22  2.950021e-03
 23  2.388910e-03
 24  1.965512e-03
 25  1.590942e-03
 26  1.346083e-03
 27  1.122776e-03
 28  9.824713e-04
 Iteration CPU time: 7 s
 CFIE residual: 0.000982471

 Iseg, Irank, Idinc : 1, 10, 123
 Thata, Phi : 90.000000, 122.000000
 Maximun iteration: 300
 Number of recycle truncation: 30
 Final matrix dimension:  36708
 Residual error:0.001000
 0  6.521455e-01
 1  3.413467e-01
 2  2.226622e-01
 3  1.560221e-01
 4  1.114772e-01
 5  8.281978e-02
 6  6.499241e-02
 7  5.059404e-02
 8  3.924143e-02
 9  3.090210e-02
 10  2.469676e-02
 11  1.952809e-02
 12  1.543532e-02
 13  1.224035e-02
 14  1.004629e-02
 15  8.282404e-03
 16  7.006876e-03
 17  5.823592e-03
 18  4.682910e-03
 19  4.044553e-03
 20  3.411064e-03
 21  2.881152e-03
 22  2.464230e-03
 23  2.192771e-03
 24  1.926612e-03
 25  1.721915e-03
 26  1.542328e-03
 27  1.429017e-03
 28  1.339385e-03
 29  1.266664e-03
 30  1.216703e-03
 31  1.168582e-03
 32  1.126549e-03
 33  1.084668e-03
 34  1.046079e-03
 35  1.008434e-03
 36  9.760870e-04
 Iteration CPU time: 8 s
 CFIE residual: 0.000976087

 Iseg, Irank, Idinc : 1, 11, 53
 Thata, Phi : 90.000000, 52.000000
 Maximun iteration: 300
 Number of recycle truncation: 30
 Final matrix dimension:  36708
 Residual error:0.001000
 0  6.516305e-01
 1  3.408660e-01
 2  2.091020e-01
 3  1.347363e-01
 4  9.636353e-02
 5  7.214980e-02
 6  5.506948e-02
 7  4.297036e-02
 8  3.276043e-02
 9  2.460306e-02
 10  1.899891e-02
 11  1.457606e-02
 12  1.144780e-02
 13  9.067197e-03
 14  7.492404e-03
 15  6.127707e-03
 16  4.920880e-03
 17  3.935219e-03
 18  3.209503e-03
 19  2.663654e-03
 20  2.282715e-03
 21  1.987515e-03
 22  1.787056e-03
 23  1.644035e-03
 24  1.561041e-03
 25  1.491671e-03
 26  1.428586e-03
 27  1.367477e-03
 28  1.315285e-03
 29  1.274910e-03
 30  1.238017e-03
 31  1.187245e-03
 32  1.126190e-03
 33  1.071403e-03
 34  1.006920e-03
 35  9.236183e-04
 Iteration CPU time: 8 s
 CFIE residual: 0.000923618

 Iseg, Irank, Idinc : 1, 12, 32
 Thata, Phi : 90.000000, 31.000000
 Maximun iteration: 300
 Number of recycle truncation: 30
 Final matrix dimension:  36708
 Residual error:0.001000
 0  6.324952e-01
 1  3.063346e-01
 2  1.808966e-01
 3  1.135980e-01
 4  7.994212e-02
 5  5.884036e-02
 6  4.288224e-02
 7  3.244731e-02
 8  2.567245e-02
 9  2.023454e-02
 10  1.612099e-02
 11  1.298312e-02
 12  1.052027e-02
 13  8.368689e-03
 14  6.842461e-03
 15  5.458443e-03
 16  4.476571e-03
 17  3.649196e-03
 18  3.035342e-03
 19  2.583836e-03
 20  2.160773e-03
 21  1.780922e-03
 22  1.505157e-03
 23  1.298201e-03
 24  1.142635e-03
 25  1.009150e-03
 26  9.021954e-04
 Iteration CPU time: 6 s
 CFIE residual: 0.000902195

 Iseg, Irank, Idinc : 1, 13, 10
 Thata, Phi : 90.000000, 9.000000
 Maximun iteration: 300
 Number of recycle truncation: 30
 Final matrix dimension:  36708
 Residual error:0.001000
 0  5.439421e-01
 1  2.762715e-01
 2  1.747736e-01
 3  1.235863e-01
 4  8.902273e-02
 5  6.640177e-02
 6  5.128400e-02
 7  3.965331e-02
 8  3.113119e-02
 9  2.431776e-02
 10  1.869217e-02
 11  1.488073e-02
 12  1.201444e-02
 13  9.837695e-03
 14  7.837976e-03
 15  6.182790e-03
 16  5.027262e-03
 17  4.238284e-03
 18  3.543870e-03
 19  3.036566e-03
 20  2.560326e-03
 21  2.167685e-03
 22  1.804303e-03
 23  1.551976e-03
 24  1.323608e-03
 25  1.151003e-03
 26  1.003893e-03
 27  8.919400e-04
 Iteration CPU time: 6 s
 CFIE residual: 0.00089194

 Iseg, Irank, Idinc : 1, 14, 178
 Thata, Phi : 90.000000, 177.000000
 Maximun iteration: 300
 Number of recycle truncation: 30
 Final matrix dimension:  36708
 Residual error:0.001000
 0  5.723926e-01
 1  2.987965e-01
 2  1.887643e-01
 3  1.326465e-01
 4  1.033475e-01
 5  8.032684e-02
 6  6.440225e-02
 7  5.467849e-02
 8  4.489492e-02
 9  3.548466e-02
 10  2.811065e-02
 11  2.294337e-02
 12  1.870423e-02
 13  1.528839e-02
 14  1.239626e-02
 15  9.746340e-03
 16  7.833063e-03
 17  6.278427e-03
 18  5.110988e-03
 19  4.168363e-03
 20  3.432271e-03
 21  2.834430e-03
 22  2.330250e-03
 23  1.946269e-03
 24  1.649655e-03
 25  1.364493e-03
 26  1.103346e-03
 27  8.993306e-04
 Iteration CPU time: 7 s
 CFIE residual: 0.000899331

 Iseg, Irank, Idinc : 1, 15, 97
 Thata, Phi : 90.000000, 96.000000
 Maximun iteration: 300
 Number of recycle truncation: 30
 Final matrix dimension:  36708
 Residual error:0.001000
 0  6.091579e-01
 1  3.464984e-01
 2  2.182264e-01
 3  1.456671e-01
 4  1.045277e-01
 5  7.949877e-02
 6  6.134569e-02
 7  4.920612e-02
 8  3.883515e-02
 9  3.058612e-02
 10  2.484830e-02
 11  2.007761e-02
 12  1.648635e-02
 13  1.354009e-02
 14  1.086183e-02
 15  8.936968e-03
 16  7.375855e-03
 17  6.167691e-03
 18  5.055178e-03
 19  4.157350e-03
 20  3.467862e-03
 21  2.909439e-03
 22  2.512336e-03
 23  2.185745e-03
 24  1.984192e-03
 25  1.818801e-03
 26  1.707047e-03
 27  1.626756e-03
 28  1.565759e-03
 29  1.514826e-03
 30  1.462118e-03
 31  1.409875e-03
 32  1.366876e-03
 33  1.305876e-03
 34  1.243994e-03
 35  1.161354e-03
 36  1.077036e-03
 37  9.697756e-04
 Iteration CPU time: 8 s
 CFIE residual: 0.000969776

 Iseg, Irank, Idinc : 1, 16, 81
 Thata, Phi : 90.000000, 80.000000
 Maximun iteration: 300
 Number of recycle truncation: 30
 Final matrix dimension:  36708
 Residual error:0.001000
 0  6.169247e-01
 1  3.523200e-01
 2  2.270780e-01
 3  1.490186e-01
 4  1.083281e-01
 5  8.282479e-02
 6  6.369444e-02
 7  5.013791e-02
 8  4.031427e-02
 9  3.245523e-02
 10  2.503897e-02
 11  1.917965e-02
 12  1.552546e-02
 13  1.274057e-02
 14  1.043325e-02
 15  8.543523e-03
 16  7.091661e-03
 17  5.851055e-03
 18  4.852986e-03
 19  4.078318e-03
 20  3.506759e-03
 21  3.069714e-03
 22  2.747710e-03
 23  2.526531e-03
 24  2.353078e-03
 25  2.217482e-03
 26  2.096653e-03
 27  2.000804e-03
 28  1.941748e-03
 29  1.883598e-03
 30  1.830086e-03
 31  1.762504e-03
 32  1.700606e-03
 33  1.621513e-03
 34  1.529417e-03
 35  1.413883e-03
 36  1.282033e-03
 37  1.139408e-03
 38  9.924710e-04
 Iteration CPU time: 9 s
 CFIE residual: 0.000992471

 Iseg, Irank, Idinc : 1, 17, 116
 Thata, Phi : 90.000000, 115.000000
 Maximun iteration: 300
 Number of recycle truncation: 30
 Final matrix dimension:  36708
 Residual error:0.001000
 0  6.445750e-01
 1  3.477849e-01
 2  2.177222e-01
 3  1.523819e-01
 4  1.088631e-01
 5  7.979269e-02
 6  6.126052e-02
 7  4.776413e-02
 8  3.845772e-02
 9  2.989137e-02
 10  2.346751e-02
 11  1.844383e-02
 12  1.482990e-02
 13  1.219401e-02
 14  9.771727e-03
 15  7.993104e-03
 16  6.647257e-03
 17  5.444180e-03
 18  4.423839e-03
 19  3.804135e-03
 20  3.167664e-03
 21  2.654687e-03
 22  2.251944e-03
 23  1.955988e-03
 24  1.683022e-03
 25  1.492714e-03
 26  1.356715e-03
 27  1.258102e-03
 28  1.187380e-03
 29  1.128811e-03
 30  1.086195e-03
 31  1.052267e-03
 32  1.018597e-03
 33  9.790798e-04
 Iteration CPU time: 8 s
 CFIE residual: 0.00097908

 Iseg, Irank, Idinc : 1, 18, 1
 Thata, Phi : 90.000000, 0.000000
 Maximun iteration: 300
 Number of recycle truncation: 30
 Final matrix dimension:  36708
 Residual error:0.001000
 0  5.143999e-01
 1  2.698453e-01
 2  1.750704e-01
 3  1.217414e-01
 4  8.626358e-02
 5  6.566694e-02
 6  5.142276e-02
 7  3.834293e-02
 8  2.911567e-02
 9  2.324186e-02
 10  1.789486e-02
 11  1.463792e-02
 12  1.143829e-02
 13  9.015510e-03
 14  7.194100e-03
 15  5.761653e-03
 16  4.708408e-03
 17  3.904330e-03
 18  3.255782e-03
 19  2.784005e-03
 20  2.376904e-03
 21  2.025872e-03
 22  1.718408e-03
 23  1.415609e-03
 24  1.135195e-03
 25  9.257930e-04
 Iteration CPU time: 6 s
 CFIE residual: 0.000925793

 Iseg, Irank, Idinc : 1, 19, 167
 Thata, Phi : 90.000000, 166.000000
 Maximun iteration: 300
 Number of recycle truncation: 30
 Final matrix dimension:  36708
 Residual error:0.001000
 0  5.863651e-01
 1  3.013789e-01
 2  1.874363e-01
 3  1.314749e-01
 4  1.027048e-01
 5  8.087763e-02
 6  6.637538e-02
 7  5.457181e-02
 8  4.542912e-02
 9  3.808119e-02
 10  3.240096e-02
 11  2.734997e-02
 12  2.313802e-02
 13  1.909864e-02
 14  1.603452e-02
 15  1.311547e-02
 16  1.076240e-02
 17  8.725003e-03
 18  7.072116e-03
 19  5.750457e-03
 20  4.649857e-03
 21  3.721857e-03
 22  3.068569e-03
 23  2.527754e-03
 24  2.047909e-03
 25  1.638501e-03
 26  1.336190e-03
 27  1.075899e-03
 28  9.001418e-04
 Iteration CPU time: 7 s
 CFIE residual: 0.000900142

 Iseg, Irank, Idinc : 1, 20, 103
 Thata, Phi : 90.000000, 102.000000
 Maximun iteration: 300
 Number of recycle truncation: 30
 Final matrix dimension:  36708
 Residual error:0.001000
 0  6.116811e-01
 1  3.481385e-01
 2  2.177427e-01
 3  1.485076e-01
 4  1.043281e-01
 5  7.861722e-02
 6  6.033286e-02
 7  4.731412e-02
 8  3.788488e-02
 9  3.085683e-02
 10  2.488903e-02
 11  1.998190e-02
 12  1.624881e-02
 13  1.335240e-02
 14  1.081452e-02
 15  8.717358e-03
 16  7.178720e-03
 17  5.912892e-03
 18  4.794620e-03
 19  3.961274e-03
 20  3.354709e-03
 21  2.763239e-03
 22  2.340373e-03
 23  2.019574e-03
 24  1.773715e-03
 25  1.608987e-03
 26  1.477730e-03
 27  1.392289e-03
 28  1.330416e-03
 29  1.279512e-03
 30  1.234376e-03
 31  1.189911e-03
 32  1.156843e-03
 33  1.114143e-03
 34  1.064649e-03
 35  1.000777e-03
 36  9.267596e-04
 Iteration CPU time: 8 s
 CFIE residual: 0.00092676

 Iseg, Irank, Idinc : 1, 21, 153
 Thata, Phi : 90.000000, 152.000000
 Maximun iteration: 300
 Number of recycle truncation: 30
 Final matrix dimension:  36708
 Residual error:0.001000
 0  6.340621e-01
 1  3.290795e-01
 2  2.020880e-01
 3  1.343591e-01
 4  9.986245e-02
 5  7.774953e-02
 6  6.148281e-02
 7  4.875386e-02
 8  4.101096e-02
 9  3.504257e-02
 10  2.972803e-02
 11  2.448198e-02
 12  2.076784e-02
 13  1.716775e-02
 14  1.394021e-02
 15  1.130763e-02
 16  9.295450e-03
 17  7.528772e-03
 18  6.250257e-03
 19  4.972431e-03
 20  4.042542e-03
 21  3.286770e-03
 22  2.729920e-03
 23  2.244677e-03
 24  1.862810e-03
 25  1.510496e-03
 26  1.283126e-03
 27  1.085705e-03
 28  9.654037e-04
 Iteration CPU time: 7 s
 CFIE residual: 0.000965404

 Iseg, Irank, Idinc : 1, 22, 16
 Thata, Phi : 90.000000, 15.000000
 Maximun iteration: 300
 Number of recycle truncation: 30
 Final matrix dimension:  36708
 Residual error:0.001000
 0  5.829346e-01
 1  2.842006e-01
 2  1.732545e-01
 3  1.203516e-01
 4  8.525010e-02
 5  6.368177e-02
 6  5.022065e-02
 7  3.860172e-02
 8  3.017654e-02
 9  2.415698e-02
 10  1.933131e-02
 11  1.513123e-02
 12  1.176987e-02
 13  9.427501e-03
 14  7.798455e-03
 15  6.309618e-03
 16  5.162733e-03
 17  4.276442e-03
 18  3.565850e-03
 19  3.020870e-03
 20  2.493799e-03
 21  2.050211e-03
 22  1.691368e-03
 23  1.454110e-03
 24  1.244958e-03
 25  1.091112e-03
 26  9.558693e-04
 Iteration CPU time: 6 s
 CFIE residual: 0.000955869

 Iseg, Irank, Idinc : 1, 23, 173
 Thata, Phi : 90.000000, 172.000000
 Maximun iteration: 300
 Number of recycle truncation: 30
 Final matrix dimension:  36708
 Residual error:0.001000
 0  5.759481e-01
 1  2.990241e-01
 2  1.890261e-01
 3  1.333542e-01
 4  1.045195e-01
 5  8.200732e-02
 6  6.612312e-02
 7  5.586823e-02
 8  4.621812e-02
 9  3.761570e-02
 10  3.083393e-02
 11  2.609068e-02
 12  2.159134e-02
 13  1.819776e-02
 14  1.486928e-02
 15  1.230720e-02
 16  1.014207e-02
 17  8.078197e-03
 18  6.541915e-03
 19  5.226800e-03
 20  4.208916e-03
 21  3.428287e-03
 22  2.851247e-03
 23  2.407782e-03
 24  1.994900e-03
 25  1.602836e-03
 26  1.315270e-03
 27  1.062495e-03
 28  8.806985e-04
 Iteration CPU time: 7 s
 CFIE residual: 0.000880698

 Iseg, Irank, Idinc : 1, 24, 59
 Thata, Phi : 90.000000, 58.000000
 Maximun iteration: 300
 Number of recycle truncation: 30
 Final matrix dimension:  36708
 Residual error:0.001000
 0  6.614198e-01
 1  3.473092e-01
 2  2.143071e-01
 3  1.347079e-01
 4  9.604124e-02
 5  7.205701e-02
 6  5.497718e-02
 7  4.263935e-02
 8  3.393572e-02
 9  2.613056e-02
 10  1.994413e-02
 11  1.539827e-02
 12  1.211967e-02
 13  9.388393e-03
 14  7.551107e-03
 15  5.965804e-03
 16  4.938588e-03
 17  4.046041e-03
 18  3.375636e-03
 19  2.902061e-03
 20  2.552783e-03
 21  2.269163e-03
 22  2.040001e-03
 23  1.878875e-03
 24  1.767815e-03
 25  1.689460e-03
 26  1.613082e-03
 27  1.555805e-03
 28  1.508887e-03
 29  1.461688e-03
 30  1.408966e-03
 31  1.339934e-03
 32  1.259637e-03
 33  1.190012e-03
 34  1.101020e-03
 35  9.879015e-04
 Iteration CPU time: 8 s
 CFIE residual: 0.000987902

 Iseg, Irank, Idinc : 1, 25, 130
 Thata, Phi : 90.000000, 129.000000
 Maximun iteration: 300
 Number of recycle truncation: 30
 Final matrix dimension:  36708
 Residual error:0.001000
 0  6.747721e-01
 1  3.528600e-01
 2  2.264033e-01
 3  1.546536e-01
 4  1.110533e-01
 5  8.379847e-02
 6  6.422352e-02
 7  5.015961e-02
 8  3.943808e-02
 9  3.180481e-02
 10  2.543450e-02
 11  1.978861e-02
 12  1.548370e-02
 13  1.267438e-02
 14  1.048154e-02
 15  8.459343e-03
 16  6.743818e-03
 17  5.422350e-03
 18  4.482768e-03
 19  3.751664e-03
 20  3.124462e-03
 21  2.625639e-03
 22  2.247139e-03
 23  1.968540e-03
 24  1.751811e-03
 25  1.594620e-03
 26  1.426254e-03
 27  1.310462e-03
 28  1.226796e-03
 29  1.167151e-03
 30  1.112972e-03
 31  1.070930e-03
 32  1.023146e-03
 33  9.908766e-04
 Iteration CPU time: 8 s
 CFIE residual: 0.000990877

 Iseg, Irank, Idinc : 1, 26, 5
 Thata, Phi : 90.000000, 4.000000
 Maximun iteration: 300
 Number of recycle truncation: 30
 Final matrix dimension:  36708
 Residual error:0.001000
 0  5.209131e-01
 1  2.713438e-01
 2  1.748645e-01
 3  1.222695e-01
 4  8.735131e-02
 5  6.605362e-02
 6  5.093854e-02
 7  3.813809e-02
 8  2.911898e-02
 9  2.355306e-02
 10  1.858102e-02
 11  1.488576e-02
 12  1.171161e-02
 13  9.588612e-03
 14  7.713243e-03
 15  6.179870e-03
 16  5.045546e-03
 17  4.203740e-03
 18  3.496271e-03
 19  3.016574e-03
 20  2.579200e-03
 21  2.220587e-03
 22  1.854881e-03
 23  1.567231e-03
 24  1.319375e-03
 25  1.114265e-03
 26  9.385051e-04
 Iteration CPU time: 6 s
 CFIE residual: 0.000938505

 Iseg, Irank, Idinc : 1, 27, 181
 Thata, Phi : 90.000000, 180.000000
 Maximun iteration: 300
 Number of recycle truncation: 30
 Final matrix dimension:  36708
 Residual error:0.001000
 0  5.717433e-01
 1  2.987679e-01
 2  1.886324e-01
 3  1.323712e-01
 4  1.028672e-01
 5  7.948345e-02
 6  6.371073e-02
 7  5.409442e-02
 8  4.429479e-02
 9  3.487975e-02
 10  2.741740e-02
 11  2.155580e-02
 12  1.780331e-02
 13  1.393594e-02
 14  1.134011e-02
 15  8.690964e-03
 16  6.675099e-03
 17  5.425702e-03
 18  4.431645e-03
 19  3.584318e-03
 20  2.948622e-03
 21  2.437348e-03
 22  2.007481e-03
 23  1.638855e-03
 24  1.367847e-03
 25  1.116701e-03
 26  9.070840e-04
 Iteration CPU time: 6 s
 CFIE residual: 0.000907084

 Iseg, Irank, Idinc : 1, 28, 37
 Thata, Phi : 90.000000, 36.000000
 Maximun iteration: 300
 Number of recycle truncation: 30
 Final matrix dimension:  36708
 Residual error:0.001000
 0  6.232964e-01
 1  3.120645e-01
 2  1.920122e-01
 3  1.214989e-01
 4  8.323350e-02
 5  6.125860e-02
 6  4.441365e-02
 7  3.394776e-02
 8  2.635179e-02
 9  2.031512e-02
 10  1.582501e-02
 11  1.256202e-02
 12  1.014336e-02
 13  8.172031e-03
 14  6.635276e-03
 15  5.145574e-03
 16  4.204605e-03
 17  3.439462e-03
 18  2.844683e-03
 19  2.386351e-03
 20  2.000802e-03
 21  1.675700e-03
 22  1.440958e-03
 23  1.268045e-03
 24  1.136176e-03
 25  1.032843e-03
 26  9.500344e-04
 Iteration CPU time: 6 s
 CFIE residual: 0.000950034

 Iseg, Irank, Idinc : 1, 29, 69
 Thata, Phi : 90.000000, 68.000000
 Maximun iteration: 300
 Number of recycle truncation: 30
 Final matrix dimension:  36708
 Residual error:0.001000
 0  6.505198e-01
 1  3.658142e-01
 2  2.334086e-01
 3  1.494855e-01
 4  1.068163e-01
 5  8.175625e-02
 6  6.188968e-02
 7  4.861591e-02
 8  4.007844e-02
 9  3.128882e-02
 10  2.442111e-02
 11  1.886646e-02
 12  1.512527e-02
 13  1.221881e-02
 14  9.933017e-03
 15  7.983422e-03
 16  6.467266e-03
 17  5.507363e-03
 18  4.621554e-03
 19  3.935922e-03
 20  3.341294e-03
 21  2.928290e-03
 22  2.600522e-03
 23  2.407050e-03
 24  2.255511e-03
 25  2.155227e-03
 26  2.060969e-03
 27  1.984336e-03
 28  1.914994e-03
 29  1.847331e-03
 30  1.772877e-03
 31  1.703972e-03
 32  1.622560e-03
 33  1.528380e-03
 34  1.408301e-03
 35  1.258775e-03
 36  1.104572e-03
 37  9.590431e-04
 Iteration CPU time: 8 s
 CFIE residual: 0.000959043

 Iseg, Irank, Idinc : 1, 30, 142
 Thata, Phi : 90.000000, 141.000000
 Maximun iteration: 300
 Number of recycle truncation: 30
 Final matrix dimension:  36708
 Residual error:0.001000
 0  6.827147e-01
 1  3.501269e-01
 2  2.119065e-01
 3  1.445090e-01
 4  1.058211e-01
 5  7.920789e-02
 6  6.148120e-02
 7  4.823374e-02
 8  3.965108e-02
 9  3.356414e-02
 10  2.775647e-02
 11  2.310553e-02
 12  1.954512e-02
 13  1.590871e-02
 14  1.286708e-02
 15  1.034269e-02
 16  8.307284e-03
 17  6.796969e-03
 18  5.523765e-03
 19  4.374350e-03
 20  3.487860e-03
 21  2.783465e-03
 22  2.308409e-03
 23  1.946055e-03
 24  1.632262e-03
 25  1.387737e-03
 26  1.175370e-03
 27  1.037444e-03
 28  9.341557e-04
 Iteration CPU time: 7 s
 CFIE residual: 0.000934156

 Iseg, Irank, Idinc : 1, 31, 27
 Thata, Phi : 90.000000, 26.000000
 Maximun iteration: 300
 Number of recycle truncation: 30
 Final matrix dimension:  36708
 Residual error:0.001000
 0  6.377750e-01
 1  2.994548e-01
 2  1.710463e-01
 3  1.108487e-01
 4  7.732241e-02
 5  5.704247e-02
 6  4.217615e-02
 7  3.180420e-02
 8  2.558985e-02
 9  2.083643e-02
 10  1.681289e-02
 11  1.342800e-02
 12  1.097900e-02
 13  8.989489e-03
 14  7.364366e-03
 15  6.008468e-03
 16  4.888415e-03
 17  4.013456e-03
 18  3.380960e-03
 19  2.880147e-03
 20  2.363197e-03
 21  1.923942e-03
 22  1.581790e-03
 23  1.344632e-03
 24  1.167572e-03
 25  1.016590e-03
 26  9.003024e-04
 Iteration CPU time: 6 s
 CFIE residual: 0.000900302

 Iseg, Irank, Idinc : 1, 32, 92
 Thata, Phi : 90.000000, 91.000000
 Maximun iteration: 300
 Number of recycle truncation: 30
 Final matrix dimension:  36708
 Residual error:0.001000
 0  6.091689e-01
 1  3.482053e-01
 2  2.211926e-01
 3  1.493806e-01
 4  1.064524e-01
 5  8.251811e-02
 6  6.394520e-02
 7  5.057386e-02
 8  4.106887e-02
 9  3.285422e-02
 10  2.597037e-02
 11  2.032586e-02
 12  1.698619e-02
 13  1.411574e-02
 14  1.158358e-02
 15  9.350822e-03
 16  7.547160e-03
 17  6.143140e-03
 18  5.080543e-03
 19  4.198485e-03
 20  3.589101e-03
 21  3.095218e-03
 22  2.726443e-03
 23  2.417271e-03
 24  2.221570e-03
 25  2.049627e-03
 26  1.926380e-03
 27  1.832949e-03
 28  1.773283e-03
 29  1.718372e-03
 30  1.662031e-03
 31  1.601127e-03
 32  1.549030e-03
 33  1.489475e-03
 34  1.422804e-03
 35  1.337836e-03
 36  1.224794e-03
 37  1.093166e-03
 38  9.525594e-04
 Iteration CPU time: 9 s
 CFIE residual: 0.000952559

 Iseg, Irank, Idinc : 1, 33, 163
 Thata, Phi : 90.000000, 162.000000
 Maximun iteration: 300
 Number of recycle truncation: 30
 Final matrix dimension:  36708
 Residual error:0.001000
 0  5.992317e-01
 1  3.062948e-01
 2  1.873720e-01
 3  1.293620e-01
 4  9.998180e-02
 5  7.943895e-02
 6  6.508403e-02
 7  5.262478e-02
 8  4.436001e-02
 9  3.808778e-02
 10  3.250363e-02
 11  2.718199e-02
 12  2.310359e-02
 13  1.903788e-02
 14  1.601055e-02
 15  1.304323e-02
 16  1.066385e-02
 17  8.643385e-03
 18  7.049527e-03
 19  5.669023e-03
 20  4.566152e-03
 21  3.681231e-03
 22  3.012415e-03
 23  2.449588e-03
 24  2.017733e-03
 25  1.630866e-03
 26  1.344641e-03
 27  1.104408e-03
 28  9.455272e-04
 Iteration CPU time: 6 s
 CFIE residual: 0.000945527

 Iseg, Irank, Idinc : 1, 34, 3
 Thata, Phi : 90.000000, 2.000000
 Maximun iteration: 300
 Number of recycle truncation: 30
 Final matrix dimension:  36708
 Residual error:0.001000
 0  5.160740e-01
 1  2.702389e-01
 2  1.750114e-01
 3  1.218725e-01
 4  8.656011e-02
 5  6.578756e-02
 6  5.126808e-02
 7  3.824528e-02
 8  2.903691e-02
 9  2.333710e-02
 10  1.820161e-02
 11  1.478250e-02
 12  1.158656e-02
 13  9.334687e-03
 14  7.468204e-03
 15  6.025771e-03
 16  4.969166e-03
 17  4.127223e-03
 18  3.438743e-03
 19  2.948663e-03
 20  2.538234e-03
 21  2.186243e-03
 22  1.838041e-03
 23  1.545616e-03
 24  1.291268e-03
 25  1.078814e-03
 26  8.928181e-04
 Iteration CPU time: 6 s
 CFIE residual: 0.000892818

 Iseg, Irank, Idinc : 1, 35, 180
 Thata, Phi : 90.000000, 179.000000
 Maximun iteration: 300
 Number of recycle truncation: 30
 Final matrix dimension:  36708
 Residual error:0.001000
 0  5.718281e-01
 1  2.987739e-01
 2  1.886493e-01
 3  1.324078e-01
 4  1.029333e-01
 5  7.960520e-02
 6  6.381530e-02
 7  5.419197e-02
 8  4.439625e-02
 9  3.496192e-02
 10  2.751042e-02
 11  2.179152e-02
 12  1.795270e-02
 13  1.427000e-02
 14  1.160975e-02
 15  8.919221e-03
 16  6.948090e-03
 17  5.549842e-03
 18  4.520158e-03
 19  3.631471e-03
 20  3.001907e-03
 21  2.489574e-03
 22  2.043750e-03
 23  1.677990e-03
 24  1.417955e-03
 25  1.189055e-03
 26  9.535033e-04
 Iteration CPU time: 6 s
 CFIE residual: 0.000953503

 Iseg, Irank, Idinc : 1, 36, 48
 Thata, Phi : 90.000000, 47.000000
 Maximun iteration: 300
 Number of recycle truncation: 30
 Final matrix dimension:  36708
 Residual error:0.001000
 0  6.397421e-01
 1  3.293745e-01
 2  2.044210e-01
 3  1.339643e-01
 4  9.559311e-02
 5  7.261754e-02
 6  5.422906e-02
 7  4.160052e-02
 8  3.197096e-02
 9  2.433388e-02
 10  1.845720e-02
 11  1.407331e-02
 12  1.098404e-02
 13  8.770435e-03
 14  7.262471e-03
 15  5.855397e-03
 16  4.617219e-03
 17  3.775514e-03
 18  3.076503e-03
 19  2.536374e-03
 20  2.140501e-03
 21  1.851137e-03
 22  1.649914e-03
 23  1.502741e-03
 24  1.416603e-03
 25  1.347715e-03
 26  1.293146e-03
 27  1.238223e-03
 28  1.189338e-03
 29  1.143672e-03
 30  1.107847e-03
 31  1.068157e-03
 32  1.029794e-03
 33  9.908362e-04
 Iteration CPU time: 8 s
 CFIE residual: 0.000990836

 Iseg, Irank, Idinc : 1, 37, 120
 Thata, Phi : 90.000000, 119.000000
 Maximun iteration: 300
 Number of recycle truncation: 30
 Final matrix dimension:  36708
 Residual error:0.001000
 0  6.482538e-01
 1  3.433904e-01
 2  2.195546e-01
 3  1.535360e-01
 4  1.093712e-01
 5  8.104475e-02
 6  6.362205e-02
 7  4.941809e-02
 8  3.886147e-02
 9  3.034058e-02
 10  2.432560e-02
 11  1.929912e-02
 12  1.530545e-02
 13  1.228127e-02
 14  1.010052e-02
 15  8.204886e-03
 16  6.872054e-03
 17  5.666566e-03
 18  4.602886e-03
 19  3.941537e-03
 20  3.295754e-03
 21  2.768186e-03
 22  2.351335e-03
 23  2.088802e-03
 24  1.810165e-03
 25  1.620880e-03
 26  1.458476e-03
 27  1.356913e-03
 28  1.273986e-03
 29  1.209081e-03
 30  1.164812e-03
 31  1.123952e-03
 32  1.087723e-03
 33  1.044793e-03
 34  1.000064e-03
 35  9.551390e-04
 Iteration CPU time: 8 s
 CFIE residual: 0.000955139

 Iseg, Irank, Idinc : 1, 38, 13
 Thata, Phi : 90.000000, 12.000000
 Maximun iteration: 300
 Number of recycle truncation: 30
 Final matrix dimension:  36708
 Residual error:0.001000
 0  5.625542e-01
 1  2.800395e-01
 2  1.744862e-01
 3  1.228105e-01
 4  8.795736e-02
 5  6.555090e-02
 6  5.134255e-02
 7  3.948110e-02
 8  3.093304e-02
 9  2.454435e-02
 10  1.918010e-02
 11  1.501542e-02
 12  1.178686e-02
 13  9.581353e-03
 14  7.835628e-03
 15  6.285182e-03
 16  5.100259e-03
 17  4.240116e-03
 18  3.562122e-03
 19  3.037900e-03
 20  2.529795e-03
 21  2.104513e-03
 22  1.745607e-03
 23  1.505188e-03
 24  1.285932e-03
 25  1.126805e-03
 26  9.865412e-04
 Iteration CPU time: 6 s
 CFIE residual: 0.000986541

 Iseg, Irank, Idinc : 1, 39, 170
 Thata, Phi : 90.000000, 169.000000
 Maximun iteration: 300
 Number of recycle truncation: 30
 Final matrix dimension:  36708
 Residual error:0.001000
 0  5.799648e-01
 1  2.996641e-01
 2  1.884871e-01
 3  1.328992e-01
 4  1.041862e-01
 5  8.186795e-02
 6  6.660418e-02
 7  5.573485e-02
 8  4.631088e-02
 9  3.837139e-02
 10  3.196371e-02
 11  2.703121e-02
 12  2.281887e-02
 13  1.912171e-02
 14  1.571239e-02
 15  1.287036e-02
 16  1.072018e-02
 17  8.563303e-03
 18  6.904871e-03
 19  5.579804e-03
 20  4.485674e-03
 21  3.632289e-03
 22  3.017965e-03
 23  2.517804e-03
 24  2.056237e-03
 25  1.641001e-03
 26  1.341576e-03
 27  1.077567e-03
 28  8.943041e-04
 Iteration CPU time: 7 s
 CFIE residual: 0.000894304

 Iseg, Irank, Idinc : 1, 40, 78
 Thata, Phi : 90.000000, 77.000000
 Maximun iteration: 300
 Number of recycle truncation: 30
 Final matrix dimension:  36708
 Residual error:0.001000
 0  6.229018e-01
 1  3.568998e-01
 2  2.313102e-01
 3  1.472692e-01
 4  1.050348e-01
 5  7.963209e-02
 6  6.216451e-02
 7  4.860687e-02
 8  3.800740e-02
 9  3.124685e-02
 10  2.454795e-02
 11  1.895972e-02
 12  1.522788e-02
 13  1.263823e-02
 14  1.040365e-02
 15  8.584919e-03
 16  7.143163e-03
 17  5.808048e-03
 18  4.868649e-03
 19  4.187328e-03
 20  3.577684e-03
 21  3.130595e-03
 22  2.793536e-03
 23  2.530719e-03
 24  2.358304e-03
 25  2.231878e-03
 26  2.110993e-03
 27  2.015059e-03
 28  1.949818e-03
 29  1.896677e-03
 30  1.844438e-03
 31  1.780326e-03
 32  1.717505e-03
 33  1.627634e-03
 34  1.528872e-03
 35  1.404133e-03
 36  1.249879e-03
 37  1.089770e-03
 38  9.257204e-04
 Iteration CPU time: 9 s
 CFIE residual: 0.00092572
 Last Built End in Sep 21 2025 00:06:12
 Total CPU time: 307 s
 Finished.
