 Last Built Begin in Sep 21 2025 00:06:12
 Pre-Type( Input ):           10
 Skl-Tol ( Input ):    1.0000000000000001E-005
 Wavelength in freespace: 0.0287908

 ################################################
 ##         Generating Required Mesh          ##
 ##         Waiting.....                      ##
 ################################################
 Subd No.      Subd Name
    1    Open-Duct_PRIME_model_meshAA1                                     
 isub,  nnode, npatch,  nedge:
    1      6118     12236     18354
 Scale Factor         >>   1.54999997E-02
 ################################################

 START TIME: 20250922   085220.391


 Informaton for IE geometry:
 number of subdomains     : 1
 maxnode,maxpatch,maxedge : 6118  12236  18354
 
 Index of Mat-Reg: 1
 Mat-Reg Number via MatFlg: 1
 Edge Number of Mat-Reg: 1, 18354

 Number of Edge on PEC: 18354
 Mat-Reg: No Dim(m) Lmax:
    1 0.249    5
 Totlmax, add1, add2:           5           6           7
 rlengmax of Global MLFMA >>   0.24904067264967916     
 Lmax of Global MLFMA >>            5
 Wavenum of Mat-Reg:
    1 1.000

 total area in sq m           =      0.0510
 total area in sq lambda      =     61.4904
 maxnode, maxpatch, maxedge           =     6118    12236    18354
 longest  edge in lambda              =      0.1621
 shortest edge in lambda              =      0.0077
 average  edge in lambda              =      0.1082
 largest  patch area in sq lambda     =      0.0089
 smallest patch area in sq lambda     =      0.0001
 ave    surface area in sq lambda     =      0.0050
 size range of the object in sq lambda =      7.9693

 #### MLFMA Info For Each Region ####
 Mat-Region =            1
 Array dimension parameters:
 maxrule=          14   maxgrid  =          64
 lmax   =           5   ncmax    =        1250
 lsmax  =          27   lsmin    =           7
 kpm    =        1462   kp0      =         102
 ntlm   =      225016   nsm      =      235590
 nkpm   =        2350   niplm    =      150400
 ngnearm=       14257   ngsndm   =       64634
 nearm  =         333   mfinestm =         119
 ###############################

 CFIE Alpha:  0.50000000000000000     

 Fill MLFMA FI for Mat-Reg:           1
 Begin filltl.f
 fill translation matrix
 Level:            2
 fill shifting matrix
 Level:            3
 fill shifting matrix
 Level:            4
 fill shifting matrix
 Level:            5
 fill shifting matrix
 translator time(s):  0.150000006    
 fill interpolation matrix
 ThetaOrder            8
 PhiOrder            8
 lsl            7
 Filling TL                  Delta_CPU=          0.58 Memory(MB)=        654.36
 Filling sndgrp              Delta_CPU=          0.00 Memory(MB)=        654.36
 Filling VFS                 Delta_CPU=          3.22 Memory(MB)=        654.36

 Fill MLFMA NI for Mat-Reg:           1
 Begin fill sparser part of Nearfield
 Begin fill denser part of Nearfield
 End fill
 Filling Amn                 Delta_CPU=         89.90 Memory(MB)=        654.36


 Now testing preconditioner with
 ipretype =           10
 method = cfie_solve_nfrasspspre_pardiso

  
 NBP>>Begin fill sparser part of Nearfield

116.4412% NBP>>Begin fill denser part of Nearfield

200.1041%
 Begin MLFMA Box-Matrix Based Spar-RAS Prec Constructor
 --- Intel MKL PARDISO --- 
 Memory for iGroup: 1 0 MB
 Total Memory For SparRAS Pre: 0 MB
 --- PARDISO PRECONDITIONER INITIALIZED --- 
 Constructing preconditioner CPU time: 4 s
 
 1101240
 Memory for Iteration:: 16.8036 MB

 Iseg, Ninc_S : 1, 181, 0

 Iseg, Skeleton Angles: 1, 40
 Iseg, Skel-Pk Mem(MB): 1, 314.35

 Iseg, Irank, Idinc : 1, 1, 42
 Thata, Phi : 90.000000, 41.000000
 Maximun iteration: 300
 Number of recycle truncation: 30
 Final matrix dimension:  36708
 Residual error:0.001000
 0  6.331486e-01
 1  3.161044e-01
 2  1.992627e-01
 3  1.279916e-01
 4  8.935284e-02
 5  6.543935e-02
 6  4.996192e-02
 7  3.836049e-02
 8  2.927077e-02
 9  2.307579e-02
 10  1.729255e-02
 11  1.419742e-02
 12  1.197275e-02
 13  1.016646e-02
 14  9.069126e-03
 15  8.030290e-03
 16  7.211426e-03
 17  6.634114e-03
 18  6.117132e-03
 19  5.800404e-03
 20  5.552733e-03
 21  5.278482e-03
 22  5.011824e-03
 23  4.722753e-03
 24  4.365133e-03
 25  3.925576e-03
 26  3.484121e-03
 27  3.061383e-03
 28  2.576577e-03
 29  2.177195e-03
 30  1.828072e-03
 31  1.528901e-03
 32  1.265538e-03
 33  1.030595e-03
 34  8.578709e-04
 Iteration CPU time: 8 s
 CFIE residual: 0.000857871

 Iseg, Irank, Idinc : 1, 2, 63
 Thata, Phi : 90.000000, 62.000000
 Maximun iteration: 300
 Number of recycle truncation: 30
 Final matrix dimension:  36708
 Residual error:0.001000
 0  6.547858e-01
 1  3.589304e-01
 2  2.237141e-01
 3  1.436292e-01
 4  1.017655e-01
 5  7.820314e-02
 6  5.968964e-02
 7  4.794558e-02
 8  3.857828e-02
 9  3.097984e-02
 10  2.421265e-02
 11  1.996960e-02
 12  1.680451e-02
 13  1.461083e-02
 14  1.323856e-02
 15  1.230187e-02
 16  1.160211e-02
 17  1.103273e-02
 18  1.062547e-02
 19  1.004454e-02
 20  9.416715e-03
 21  8.910791e-03
 22  8.198075e-03
 23  7.425901e-03
 24  6.514009e-03
 25  5.538718e-03
 26  4.695599e-03
 27  3.952500e-03
 28  3.285450e-03
 29  2.709849e-03
 30  2.214306e-03
 31  1.782114e-03
 32  1.440121e-03
 33  1.172549e-03
 34  9.280230e-04
 Iteration CPU time: 8 s
 CFIE residual: 0.000928023

 Iseg, Irank, Idinc : 1, 3, 108
 Thata, Phi : 90.000000, 107.000000
 Maximun iteration: 300
 Number of recycle truncation: 30
 Final matrix dimension:  36708
 Residual error:0.001000
 0  6.167729e-01
 1  3.480372e-01
 2  2.157935e-01
 3  1.464553e-01
 4  1.043989e-01
 5  7.779060e-02
 6  6.015954e-02
 7  4.704635e-02
 8  3.832384e-02
 9  3.161385e-02
 10  2.555861e-02
 11  2.122393e-02
 12  1.788487e-02
 13  1.516964e-02
 14  1.331186e-02
 15  1.177879e-02
 16  1.059747e-02
 17  9.821926e-03
 18  9.025258e-03
 19  8.473248e-03
 20  8.013876e-03
 21  7.625036e-03
 22  7.288227e-03
 23  6.994391e-03
 24  6.680567e-03
 25  6.280996e-03
 26  5.690327e-03
 27  5.032868e-03
 28  4.365178e-03
 29  3.695730e-03
 30  3.034510e-03
 31  2.432694e-03
 32  1.892684e-03
 33  1.535872e-03
 34  1.231944e-03
 35  9.937387e-04
 Iteration CPU time: 8 s
 CFIE residual: 0.000993739

 Iseg, Irank, Idinc : 1, 4, 147
 Thata, Phi : 90.000000, 146.000000
 Maximun iteration: 300
 Number of recycle truncation: 30
 Final matrix dimension:  36708
 Residual error:0.001000
 0  6.572254e-01
 1  3.464171e-01
 2  2.096974e-01
 3  1.412230e-01
 4  1.003640e-01
 5  7.685922e-02
 6  5.942738e-02
 7  4.750922e-02
 8  3.955344e-02
 9  3.373669e-02
 10  2.898519e-02
 11  2.539055e-02
 12  2.264802e-02
 13  1.950703e-02
 14  1.667076e-02
 15  1.459079e-02
 16  1.275671e-02
 17  1.093658e-02
 18  9.860951e-03
 19  8.794891e-03
 20  8.098165e-03
 21  7.477499e-03
 22  7.007055e-03
 23  6.650884e-03
 24  6.365958e-03
 25  6.134489e-03
 26  5.856506e-03
 27  5.526725e-03
 28  5.100821e-03
 29  4.629012e-03
 30  4.072780e-03
 31  3.570653e-03
 32  3.033481e-03
 33  2.504736e-03
 34  1.977849e-03
 35  1.591043e-03
 36  1.259448e-03
 37  9.731824e-04
 Iteration CPU time: 8 s
 CFIE residual: 0.000973182

 Iseg, Irank, Idinc : 1, 5, 22
 Thata, Phi : 90.000000, 21.000000
 Maximun iteration: 300
 Number of recycle truncation: 30
 Final matrix dimension:  36708
 Residual error:0.001000
 0  6.334757e-01
 1  2.971863e-01
 2  1.761779e-01
 3  1.165765e-01
 4  8.091570e-02
 5  5.968389e-02
 6  4.514507e-02
 7  3.537678e-02
 8  2.793693e-02
 9  2.263128e-02
 10  1.873705e-02
 11  1.523299e-02
 12  1.235132e-02
 13  1.029999e-02
 14  8.666474e-03
 15  7.458059e-03
 16  6.525836e-03
 17  5.602588e-03
 18  4.853868e-03
 19  4.306143e-03
 20  3.949929e-03
 21  3.590661e-03
 22  3.365486e-03
 23  3.159742e-03
 24  2.999327e-03
 25  2.881565e-03
 26  2.753901e-03
 27  2.619558e-03
 28  2.464591e-03
 29  2.309197e-03
 30  2.136270e-03
 31  1.953100e-03
 32  1.726694e-03
 33  1.492597e-03
 34  1.237340e-03
 35  1.028986e-03
 36  8.372160e-04
 Iteration CPU time: 8 s
 CFIE residual: 0.000837216

 Iseg, Irank, Idinc : 1, 6, 137
 Thata, Phi : 90.000000, 136.000000
 Maximun iteration: 300
 Number of recycle truncation: 30
 Final matrix dimension:  36708
 Residual error:0.001000
 0  6.969634e-01
 1  3.486374e-01
 2  2.154907e-01
 3  1.471825e-01
 4  1.054353e-01
 5  7.916991e-02
 6  5.996500e-02
 7  4.766302e-02
 8  3.910356e-02
 9  3.283641e-02
 10  2.759584e-02
 11  2.323373e-02
 12  2.005796e-02
 13  1.711031e-02
 14  1.449714e-02
 15  1.264840e-02
 16  1.131608e-02
 17  1.015930e-02
 18  9.254446e-03
 19  8.561563e-03
 20  8.068401e-03
 21  7.616776e-03
 22  7.259504e-03
 23  6.905814e-03
 24  6.568839e-03
 25  6.211456e-03
 26  5.719723e-03
 27  5.255022e-03
 28  4.717585e-03
 29  4.227895e-03
 30  3.686120e-03
 31  3.172175e-03
 32  2.689326e-03
 33  2.262247e-03
 34  1.888299e-03
 35  1.546866e-03
 36  1.294015e-03
 37  1.033973e-03
 38  8.069609e-04
 Iteration CPU time: 8 s
 CFIE residual: 0.000806961

 Iseg, Irank, Idinc : 1, 7, 83
 Thata, Phi : 90.000000, 82.000000
 Maximun iteration: 300
 Number of recycle truncation: 30
 Final matrix dimension:  36708
 Residual error:0.001000
 0  6.056114e-01
 1  3.478370e-01
 2  2.222060e-01
 3  1.498810e-01
 4  1.084803e-01
 5  8.332970e-02
 6  6.423903e-02
 7  5.091237e-02
 8  4.133955e-02
 9  3.288703e-02
 10  2.701616e-02
 11  2.275592e-02
 12  1.934057e-02
 13  1.709679e-02
 14  1.547314e-02
 15  1.416249e-02
 16  1.306582e-02
 17  1.233614e-02
 18  1.180141e-02
 19  1.129032e-02
 20  1.079318e-02
 21  1.027346e-02
 22  9.704834e-03
 23  8.970689e-03
 24  8.079251e-03
 25  7.092680e-03
 26  6.144794e-03
 27  5.313915e-03
 28  4.553596e-03
 29  3.764032e-03
 30  3.159759e-03
 31  2.601968e-03
 32  2.157358e-03
 33  1.736728e-03
 34  1.396990e-03
 35  1.125621e-03
 36  9.249946e-04
 Iteration CPU time: 8 s
 CFIE residual: 0.000924995

 Iseg, Irank, Idinc : 1, 8, 72
 Thata, Phi : 90.000000, 71.000000
 Maximun iteration: 300
 Number of recycle truncation: 30
 Final matrix dimension:  36708
 Residual error:0.001000
 0  6.320295e-01
 1  3.635667e-01
 2  2.346732e-01
 3  1.480278e-01
 4  1.052762e-01
 5  8.292375e-02
 6  6.402561e-02
 7  4.991042e-02
 8  4.063479e-02
 9  3.393376e-02
 10  2.706661e-02
 11  2.228792e-02
 12  1.866732e-02
 13  1.646902e-02
 14  1.503887e-02
 15  1.384453e-02
 16  1.310778e-02
 17  1.243275e-02
 18  1.184534e-02
 19  1.122623e-02
 20  1.064797e-02
 21  1.005699e-02
 22  9.415682e-03
 23  8.591784e-03
 24  7.596950e-03
 25  6.412819e-03
 26  5.557244e-03
 27  4.713959e-03
 28  3.948052e-03
 29  3.285660e-03
 30  2.710315e-03
 31  2.224473e-03
 32  1.780050e-03
 33  1.473411e-03
 34  1.167195e-03
 35  9.357952e-04
 Iteration CPU time: 7 s
 CFIE residual: 0.000935795

 Iseg, Irank, Idinc : 1, 9, 125
 Thata, Phi : 90.000000, 124.000000
 Maximun iteration: 300
 Number of recycle truncation: 30
 Final matrix dimension:  36708
 Residual error:0.001000
 0  6.577832e-01
 1  3.406807e-01
 2  2.201655e-01
 3  1.549690e-01
 4  1.125231e-01
 5  8.182285e-02
 6  6.488282e-02
 7  5.151989e-02
 8  4.214260e-02
 9  3.413548e-02
 10  2.727320e-02
 11  2.166786e-02
 12  1.757065e-02
 13  1.438048e-02
 14  1.221336e-02
 15  1.069188e-02
 16  9.435319e-03
 17  8.596197e-03
 18  7.850441e-03
 19  7.350791e-03
 20  6.981929e-03
 21  6.676838e-03
 22  6.406219e-03
 23  6.112573e-03
 24  5.806550e-03
 25  5.445961e-03
 26  5.024775e-03
 27  4.597650e-03
 28  4.154579e-03
 29  3.735913e-03
 30  3.286368e-03
 31  2.867369e-03
 32  2.461677e-03
 33  2.122131e-03
 34  1.781995e-03
 35  1.496242e-03
 36  1.214220e-03
 37  9.559488e-04
 Iteration CPU time: 9 s
 CFIE residual: 0.000955949

 Iseg, Irank, Idinc : 1, 10, 159
 Thata, Phi : 90.000000, 158.000000
 Maximun iteration: 300
 Number of recycle truncation: 30
 Final matrix dimension:  36708
 Residual error:0.001000
 0  6.226441e-01
 1  3.146311e-01
 2  1.915779e-01
 3  1.298904e-01
 4  9.629421e-02
 5  7.710800e-02
 6  6.160162e-02
 7  5.061485e-02
 8  4.286804e-02
 9  3.707276e-02
 10  3.218910e-02
 11  2.846539e-02
 12  2.505133e-02
 13  2.136290e-02
 14  1.819339e-02
 15  1.593468e-02
 16  1.408320e-02
 17  1.215931e-02
 18  1.062900e-02
 19  9.230197e-03
 20  8.147904e-03
 21  7.300065e-03
 22  6.599380e-03
 23  6.080743e-03
 24  5.699672e-03
 25  5.430687e-03
 26  5.160860e-03
 27  4.926582e-03
 28  4.658802e-03
 29  4.353236e-03
 30  3.985474e-03
 31  3.483064e-03
 32  2.971326e-03
 33  2.489547e-03
 34  2.034367e-03
 35  1.623710e-03
 36  1.280396e-03
 37  9.849324e-04
 Iteration CPU time: 8 s
 CFIE residual: 0.000984932

 Iseg, Irank, Idinc : 1, 11, 53
 Thata, Phi : 90.000000, 52.000000
 Maximun iteration: 300
 Number of recycle truncation: 30
 Final matrix dimension:  36708
 Residual error:0.001000
 0  6.541614e-01
 1  3.454542e-01
 2  2.122639e-01
 3  1.352888e-01
 4  9.823158e-02
 5  7.504768e-02
 6  5.853806e-02
 7  4.499077e-02
 8  3.531217e-02
 9  2.872948e-02
 10  2.241812e-02
 11  1.781237e-02
 12  1.456597e-02
 13  1.223367e-02
 14  1.098786e-02
 15  1.006494e-02
 16  9.313361e-03
 17  8.879642e-03
 18  8.279923e-03
 19  7.807836e-03
 20  7.409399e-03
 21  6.891927e-03
 22  6.366977e-03
 23  5.790555e-03
 24  5.096892e-03
 25  4.301095e-03
 26  3.619551e-03
 27  2.998486e-03
 28  2.451408e-03
 29  1.948819e-03
 30  1.619217e-03
 31  1.343821e-03
 32  1.100149e-03
 33  8.937853e-04
 Iteration CPU time: 8 s
 CFIE residual: 0.000893785

 Iseg, Irank, Idinc : 1, 12, 33
 Thata, Phi : 90.000000, 32.000000
 Maximun iteration: 300
 Number of recycle truncation: 30
 Final matrix dimension:  36708
 Residual error:0.001000
 0  6.286317e-01
 1  3.117389e-01
 2  1.862106e-01
 3  1.168378e-01
 4  8.156004e-02
 5  5.957866e-02
 6  4.464942e-02
 7  3.409553e-02
 8  2.695896e-02
 9  2.162751e-02
 10  1.700118e-02
 11  1.400360e-02
 12  1.153464e-02
 13  9.670303e-03
 14  8.388377e-03
 15  7.199804e-03
 16  6.311383e-03
 17  5.615327e-03
 18  5.008704e-03
 19  4.638370e-03
 20  4.379928e-03
 21  4.156627e-03
 22  3.978913e-03
 23  3.829444e-03
 24  3.635070e-03
 25  3.438706e-03
 26  3.190218e-03
 27  2.896504e-03
 28  2.553188e-03
 29  2.170741e-03
 30  1.825439e-03
 31  1.550361e-03
 32  1.324543e-03
 33  1.121902e-03
 34  9.180124e-04
 Iteration CPU time: 8 s
 CFIE residual: 0.000918012

 Iseg, Irank, Idinc : 1, 13, 176
 Thata, Phi : 90.000000, 175.000000
 Maximun iteration: 300
 Number of recycle truncation: 30
 Final matrix dimension:  36708
 Residual error:0.001000
 0  5.902442e-01
 1  2.945986e-01
 2  1.825843e-01
 3  1.297959e-01
 4  1.002572e-01
 5  8.048557e-02
 6  6.607543e-02
 7  5.513483e-02
 8  4.599121e-02
 9  3.884402e-02
 10  3.250849e-02
 11  2.722566e-02
 12  2.267766e-02
 13  1.878453e-02
 14  1.619712e-02
 15  1.357338e-02
 16  1.161994e-02
 17  9.891215e-03
 18  8.417623e-03
 19  7.140114e-03
 20  6.229311e-03
 21  5.406898e-03
 22  4.785586e-03
 23  4.232727e-03
 24  3.821182e-03
 25  3.535420e-03
 26  3.277354e-03
 27  3.091703e-03
 28  2.917681e-03
 29  2.757623e-03
 30  2.616288e-03
 31  2.466409e-03
 32  2.308421e-03
 33  2.130739e-03
 34  1.929960e-03
 35  1.684208e-03
 36  1.463140e-03
 37  1.245131e-03
 38  1.015563e-03
 39  8.070721e-04
 Iteration CPU time: 9 s
 CFIE residual: 0.000807072

 Iseg, Irank, Idinc : 1, 14, 91
 Thata, Phi : 90.000000, 90.000000
 Maximun iteration: 300
 Number of recycle truncation: 30
 Final matrix dimension:  36708
 Residual error:0.001000
 0  5.970162e-01
 1  3.435503e-01
 2  2.174118e-01
 3  1.492710e-01
 4  1.074985e-01
 5  8.191826e-02
 6  6.376968e-02
 7  4.987593e-02
 8  4.089224e-02
 9  3.324586e-02
 10  2.771993e-02
 11  2.308781e-02
 12  1.997332e-02
 13  1.750804e-02
 14  1.579492e-02
 15  1.433231e-02
 16  1.303665e-02
 17  1.215234e-02
 18  1.147385e-02
 19  1.091953e-02
 20  1.045465e-02
 21  9.959075e-03
 22  9.439950e-03
 23  8.808565e-03
 24  8.095393e-03
 25  7.434436e-03
 26  6.548625e-03
 27  5.670428e-03
 28  4.757219e-03
 29  4.048205e-03
 30  3.381874e-03
 31  2.837222e-03
 32  2.311138e-03
 33  1.888963e-03
 34  1.553321e-03
 35  1.224731e-03
 36  9.760083e-04
 Iteration CPU time: 8 s
 CFIE residual: 0.000976008

 Iseg, Irank, Idinc : 1, 15, 9
 Thata, Phi : 90.000000, 8.000000
 Maximun iteration: 300
 Number of recycle truncation: 30
 Final matrix dimension:  36708
 Residual error:0.001000
 0  5.475508e-01
 1  2.792582e-01
 2  1.781167e-01
 3  1.241843e-01
 4  9.062762e-02
 5  6.767932e-02
 6  5.143533e-02
 7  4.005202e-02
 8  3.145991e-02
 9  2.456278e-02
 10  1.963514e-02
 11  1.573659e-02
 12  1.276124e-02
 13  1.022759e-02
 14  8.500288e-03
 15  7.160670e-03
 16  6.074036e-03
 17  5.280191e-03
 18  4.560773e-03
 19  3.972797e-03
 20  3.475349e-03
 21  3.126215e-03
 22  2.793300e-03
 23  2.502745e-03
 24  2.311140e-03
 25  2.153953e-03
 26  1.986916e-03
 27  1.852482e-03
 28  1.750255e-03
 29  1.654881e-03
 30  1.584568e-03
 31  1.509000e-03
 32  1.413708e-03
 33  1.306442e-03
 34  1.182425e-03
 35  1.050748e-03
 36  8.943547e-04
 Iteration CPU time: 8 s
 CFIE residual: 0.000894355

 Iseg, Irank, Idinc : 1, 16, 100
 Thata, Phi : 90.000000, 99.000000
 Maximun iteration: 300
 Number of recycle truncation: 30
 Final matrix dimension:  36708
 Residual error:0.001000
 0  6.059510e-01
 1  3.416203e-01
 2  2.137268e-01
 3  1.451646e-01
 4  1.048000e-01
 5  7.949415e-02
 6  6.185503e-02
 7  4.903199e-02
 8  3.957033e-02
 9  3.286331e-02
 10  2.688229e-02
 11  2.284448e-02
 12  1.943798e-02
 13  1.701239e-02
 14  1.488829e-02
 15  1.318647e-02
 16  1.195577e-02
 17  1.106784e-02
 18  1.030244e-02
 19  9.662400e-03
 20  9.126606e-03
 21  8.749889e-03
 22  8.367967e-03
 23  7.952077e-03
 24  7.430248e-03
 25  6.851709e-03
 26  6.190083e-03
 27  5.396836e-03
 28  4.688623e-03
 29  3.944319e-03
 30  3.340537e-03
 31  2.813723e-03
 32  2.312860e-03
 33  1.849414e-03
 34  1.472212e-03
 35  1.194296e-03
 36  9.616298e-04
 Iteration CPU time: 8 s
 CFIE residual: 0.00096163

 Iseg, Irank, Idinc : 1, 17, 116
 Thata, Phi : 90.000000, 115.000000
 Maximun iteration: 300
 Number of recycle truncation: 30
 Final matrix dimension:  36708
 Residual error:0.001000
 0  6.426627e-01
 1  3.471306e-01
 2  2.160207e-01
 3  1.502963e-01
 4  1.076738e-01
 5  7.953707e-02
 6  6.190057e-02
 7  4.857433e-02
 8  3.841625e-02
 9  3.122680e-02
 10  2.541615e-02
 11  2.081268e-02
 12  1.743950e-02
 13  1.487339e-02
 14  1.275876e-02
 15  1.104883e-02
 16  9.937396e-03
 17  9.160870e-03
 18  8.405532e-03
 19  7.851706e-03
 20  7.500406e-03
 21  7.177199e-03
 22  6.927331e-03
 23  6.602671e-03
 24  6.296635e-03
 25  5.931844e-03
 26  5.464850e-03
 27  4.919296e-03
 28  4.414167e-03
 29  3.879068e-03
 30  3.389679e-03
 31  2.889729e-03
 32  2.335377e-03
 33  1.857555e-03
 34  1.500495e-03
 35  1.164793e-03
 36  9.312999e-04
 Iteration CPU time: 8 s
 CFIE residual: 0.0009313

 Iseg, Irank, Idinc : 1, 18, 1
 Thata, Phi : 90.000000, 0.000000
 Maximun iteration: 300
 Number of recycle truncation: 30
 Final matrix dimension:  36708
 Residual error:0.001000
 0  5.224730e-01
 1  2.740838e-01
 2  1.778694e-01
 3  1.209894e-01
 4  8.821923e-02
 5  6.687168e-02
 6  5.092324e-02
 7  3.843952e-02
 8  2.960934e-02
 9  2.370345e-02
 10  1.932071e-02
 11  1.525223e-02
 12  1.177763e-02
 13  9.842477e-03
 14  8.076874e-03
 15  6.766104e-03
 16  5.718235e-03
 17  4.943226e-03
 18  4.240807e-03
 19  3.676708e-03
 20  3.155517e-03
 21  2.734669e-03
 22  2.400352e-03
 23  2.106561e-03
 24  1.870809e-03
 25  1.653933e-03
 26  1.485341e-03
 27  1.365033e-03
 28  1.261874e-03
 29  1.188611e-03
 30  1.120784e-03
 31  1.046740e-03
 32  9.711796e-04
 Iteration CPU time: 7 s
 CFIE residual: 0.00097118

 Iseg, Irank, Idinc : 1, 19, 167
 Thata, Phi : 90.000000, 166.000000
 Maximun iteration: 300
 Number of recycle truncation: 30
 Final matrix dimension:  36708
 Residual error:0.001000
 0  5.973169e-01
 1  2.988697e-01
 2  1.840345e-01
 3  1.303826e-01
 4  9.989321e-02
 5  8.039301e-02
 6  6.482904e-02
 7  5.443730e-02
 8  4.587001e-02
 9  3.897311e-02
 10  3.288150e-02
 11  2.897186e-02
 12  2.532047e-02
 13  2.159240e-02
 14  1.873081e-02
 15  1.623113e-02
 16  1.412381e-02
 17  1.210212e-02
 18  1.020317e-02
 19  8.718925e-03
 20  7.664200e-03
 21  6.635321e-03
 22  5.985397e-03
 23  5.398499e-03
 24  4.945345e-03
 25  4.587150e-03
 26  4.321913e-03
 27  4.083813e-03
 28  3.890696e-03
 29  3.697078e-03
 30  3.467718e-03
 31  3.194860e-03
 32  2.928512e-03
 33  2.618676e-03
 34  2.249671e-03
 35  1.934522e-03
 36  1.591832e-03
 37  1.268279e-03
 38  9.940195e-04
 Iteration CPU time: 9 s
 CFIE residual: 0.000994019

 Iseg, Irank, Idinc : 1, 20, 16
 Thata, Phi : 90.000000, 15.000000
 Maximun iteration: 300
 Number of recycle truncation: 30
 Final matrix dimension:  36708
 Residual error:0.001000
 0  5.950411e-01
 1  2.880307e-01
 2  1.769702e-01
 3  1.213825e-01
 4  8.672906e-02
 5  6.443102e-02
 6  4.882656e-02
 7  3.872167e-02
 8  3.033254e-02
 9  2.407737e-02
 10  1.937328e-02
 11  1.540626e-02
 12  1.241397e-02
 13  1.023723e-02
 14  8.635669e-03
 15  7.234679e-03
 16  6.225720e-03
 17  5.343565e-03
 18  4.639794e-03
 19  4.103913e-03
 20  3.682726e-03
 21  3.318765e-03
 22  3.034603e-03
 23  2.778997e-03
 24  2.610924e-03
 25  2.476718e-03
 26  2.347489e-03
 27  2.234205e-03
 28  2.118489e-03
 29  2.008410e-03
 30  1.917468e-03
 31  1.798346e-03
 32  1.650675e-03
 33  1.477730e-03
 34  1.275338e-03
 35  1.084209e-03
 36  8.962085e-04
 Iteration CPU time: 8 s
 CFIE residual: 0.000896208

 Iseg, Irank, Idinc : 1, 21, 181
 Thata, Phi : 90.000000, 180.000000
 Maximun iteration: 300
 Number of recycle truncation: 30
 Final matrix dimension:  36708
 Residual error:0.001000
 0  5.899880e-01
 1  2.941373e-01
 2  1.818007e-01
 3  1.285163e-01
 4  9.847170e-02
 5  7.890060e-02
 6  6.497148e-02
 7  5.410046e-02
 8  4.510543e-02
 9  3.759452e-02
 10  3.072312e-02
 11  2.517321e-02
 12  2.074558e-02
 13  1.673009e-02
 14  1.411676e-02
 15  1.183870e-02
 16  9.807765e-03
 17  8.125665e-03
 18  6.912648e-03
 19  5.949657e-03
 20  5.071584e-03
 21  4.394752e-03
 22  3.849463e-03
 23  3.359427e-03
 24  3.027300e-03
 25  2.833856e-03
 26  2.658579e-03
 27  2.497516e-03
 28  2.345362e-03
 29  2.172928e-03
 30  1.996652e-03
 31  1.822078e-03
 32  1.641537e-03
 33  1.426376e-03
 34  1.186770e-03
 35  9.732645e-04
 Iteration CPU time: 8 s
 CFIE residual: 0.000973264

 Iseg, Irank, Idinc : 1, 22, 153
 Thata, Phi : 90.000000, 152.000000
 Maximun iteration: 300
 Number of recycle truncation: 30
 Final matrix dimension:  36708
 Residual error:0.001000
 0  6.370056e-01
 1  3.295947e-01
 2  2.020488e-01
 3  1.347659e-01
 4  9.783236e-02
 5  7.669816e-02
 6  6.000590e-02
 7  4.885509e-02
 8  4.029108e-02
 9  3.451007e-02
 10  2.988353e-02
 11  2.647194e-02
 12  2.317945e-02
 13  1.962457e-02
 14  1.696948e-02
 15  1.499691e-02
 16  1.321892e-02
 17  1.151704e-02
 18  1.011019e-02
 19  8.905283e-03
 20  8.049470e-03
 21  7.349100e-03
 22  6.714743e-03
 23  6.276069e-03
 24  5.931000e-03
 25  5.689925e-03
 26  5.428370e-03
 27  5.178737e-03
 28  4.849433e-03
 29  4.456520e-03
 30  3.956792e-03
 31  3.424103e-03
 32  2.940665e-03
 33  2.486345e-03
 34  1.927027e-03
 35  1.522994e-03
 36  1.180977e-03
 37  9.278294e-04
 Iteration CPU time: 8 s
 CFIE residual: 0.000927829

 Iseg, Irank, Idinc : 1, 23, 77
 Thata, Phi : 90.000000, 76.000000
 Maximun iteration: 300
 Number of recycle truncation: 30
 Final matrix dimension:  36708
 Residual error:0.001000
 0  6.139883e-01
 1  3.541040e-01
 2  2.284680e-01
 3  1.475143e-01
 4  1.044159e-01
 5  8.033931e-02
 6  6.204115e-02
 7  4.851986e-02
 8  3.954334e-02
 9  3.189256e-02
 10  2.652077e-02
 11  2.236787e-02
 12  1.895922e-02
 13  1.695022e-02
 14  1.526184e-02
 15  1.401362e-02
 16  1.323336e-02
 17  1.255226e-02
 18  1.199360e-02
 19  1.141620e-02
 20  1.086095e-02
 21  1.032288e-02
 22  9.743456e-03
 23  9.036874e-03
 24  8.073632e-03
 25  6.986608e-03
 26  6.158052e-03
 27  5.311242e-03
 28  4.515002e-03
 29  3.748927e-03
 30  3.109559e-03
 31  2.532939e-03
 32  2.057500e-03
 33  1.670097e-03
 34  1.341957e-03
 35  1.058152e-03
 36  8.454980e-04
 Iteration CPU time: 8 s
 CFIE residual: 0.000845498

 Iseg, Irank, Idinc : 1, 24, 131
 Thata, Phi : 90.000000, 130.000000
 Maximun iteration: 300
 Number of recycle truncation: 30
 Final matrix dimension:  36708
 Residual error:0.001000
 0  6.760124e-01
 1  3.482203e-01
 2  2.200456e-01
 3  1.494908e-01
 4  1.076795e-01
 5  7.975730e-02
 6  6.245273e-02
 7  4.971316e-02
 8  3.996096e-02
 9  3.319704e-02
 10  2.721801e-02
 11  2.243268e-02
 12  1.828593e-02
 13  1.507499e-02
 14  1.283624e-02
 15  1.116678e-02
 16  9.813265e-03
 17  8.894957e-03
 18  8.137777e-03
 19  7.599887e-03
 20  7.221846e-03
 21  6.883432e-03
 22  6.601694e-03
 23  6.295697e-03
 24  5.977425e-03
 25  5.584895e-03
 26  5.125729e-03
 27  4.659643e-03
 28  4.188643e-03
 29  3.687501e-03
 30  3.159923e-03
 31  2.719204e-03
 32  2.305798e-03
 33  1.953351e-03
 34  1.614954e-03
 35  1.341391e-03
 36  1.110404e-03
 37  8.974473e-04
 Iteration CPU time: 8 s
 CFIE residual: 0.000897447

 Iseg, Irank, Idinc : 1, 25, 48
 Thata, Phi : 90.000000, 47.000000
 Maximun iteration: 300
 Number of recycle truncation: 30
 Final matrix dimension:  36708
 Residual error:0.001000
 0  6.422866e-01
 1  3.326672e-01
 2  2.064955e-01
 3  1.346582e-01
 4  9.761090e-02
 5  7.402511e-02
 6  5.700096e-02
 7  4.368132e-02
 8  3.366852e-02
 9  2.658351e-02
 10  2.044742e-02
 11  1.626960e-02
 12  1.369329e-02
 13  1.154352e-02
 14  1.024699e-02
 15  9.352657e-03
 16  8.552302e-03
 17  8.034528e-03
 18  7.464763e-03
 19  7.067428e-03
 20  6.772672e-03
 21  6.371998e-03
 22  5.917262e-03
 23  5.414714e-03
 24  4.924444e-03
 25  4.255703e-03
 26  3.714832e-03
 27  3.160080e-03
 28  2.655362e-03
 29  2.192476e-03
 30  1.815628e-03
 31  1.504683e-03
 32  1.226039e-03
 33  1.002044e-03
 34  8.121377e-04
 Iteration CPU time: 8 s
 CFIE residual: 0.000812138

 Iseg, Irank, Idinc : 1, 26, 5
 Thata, Phi : 90.000000, 4.000000
 Maximun iteration: 300
 Number of recycle truncation: 30
 Final matrix dimension:  36708
 Residual error:0.001000
 0  5.292161e-01
 1  2.756333e-01
 2  1.780140e-01
 3  1.225078e-01
 4  8.952133e-02
 5  6.724224e-02
 6  5.104506e-02
 7  3.896397e-02
 8  3.065210e-02
 9  2.420576e-02
 10  1.944190e-02
 11  1.548010e-02
 12  1.240197e-02
 13  1.030625e-02
 14  8.479942e-03
 15  7.066871e-03
 16  6.050448e-03
 17  5.212772e-03
 18  4.458319e-03
 19  3.896911e-03
 20  3.390629e-03
 21  2.993455e-03
 22  2.650264e-03
 23  2.336964e-03
 24  2.115221e-03
 25  1.930223e-03
 26  1.739637e-03
 27  1.583935e-03
 28  1.475106e-03
 29  1.388827e-03
 30  1.327503e-03
 31  1.264767e-03
 32  1.189807e-03
 33  1.107803e-03
 34  1.012196e-03
 35  9.036334e-04
 Iteration CPU time: 8 s
 CFIE residual: 0.000903633

 Iseg, Irank, Idinc : 1, 27, 172
 Thata, Phi : 90.000000, 171.000000
 Maximun iteration: 300
 Number of recycle truncation: 30
 Final matrix dimension:  36708
 Residual error:0.001000
 0  5.913738e-01
 1  2.954802e-01
 2  1.835385e-01
 3  1.311044e-01
 4  1.014251e-01
 5  8.146330e-02
 6  6.654752e-02
 7  5.566634e-02
 8  4.648114e-02
 9  3.944231e-02
 10  3.372971e-02
 11  2.873241e-02
 12  2.428610e-02
 13  2.057661e-02
 14  1.782132e-02
 15  1.506929e-02
 16  1.307119e-02
 17  1.119549e-02
 18  9.471333e-03
 19  8.055585e-03
 20  7.033833e-03
 21  6.051957e-03
 22  5.418803e-03
 23  4.854888e-03
 24  4.411271e-03
 25  4.066850e-03
 26  3.788759e-03
 27  3.577306e-03
 28  3.392050e-03
 29  3.218713e-03
 30  3.044450e-03
 31  2.864557e-03
 32  2.668419e-03
 33  2.436030e-03
 34  2.175426e-03
 35  1.913773e-03
 36  1.652783e-03
 37  1.336744e-03
 38  1.059444e-03
 39  8.455133e-04
 Iteration CPU time: 9 s
 CFIE residual: 0.000845513

 Iseg, Irank, Idinc : 1, 28, 96
 Thata, Phi : 90.000000, 95.000000
 Maximun iteration: 300
 Number of recycle truncation: 30
 Final matrix dimension:  36708
 Residual error:0.001000
 0  5.992322e-01
 1  3.412929e-01
 2  2.151005e-01
 3  1.452672e-01
 4  1.040231e-01
 5  7.985108e-02
 6  6.316353e-02
 7  4.952074e-02
 8  3.996825e-02
 9  3.249596e-02
 10  2.716851e-02
 11  2.292394e-02
 12  1.968690e-02
 13  1.729226e-02
 14  1.532790e-02
 15  1.369440e-02
 16  1.240017e-02
 17  1.158781e-02
 18  1.084021e-02
 19  1.024594e-02
 20  9.713161e-03
 21  9.345571e-03
 22  8.876797e-03
 23  8.374399e-03
 24  7.838821e-03
 25  7.218403e-03
 26  6.407675e-03
 27  5.550219e-03
 28  4.769484e-03
 29  4.048314e-03
 30  3.366010e-03
 31  2.827808e-03
 32  2.364564e-03
 33  1.887134e-03
 34  1.501316e-03
 35  1.183984e-03
 36  9.620649e-04
 Iteration CPU time: 8 s
 CFIE residual: 0.000962065

 Iseg, Irank, Idinc : 1, 29, 28
 Thata, Phi : 90.000000, 27.000000
 Maximun iteration: 300
 Number of recycle truncation: 30
 Final matrix dimension:  36708
 Residual error:0.001000
 0  6.428045e-01
 1  3.051784e-01
 2  1.800462e-01
 3  1.143157e-01
 4  7.900609e-02
 5  5.766246e-02
 6  4.283744e-02
 7  3.338670e-02
 8  2.688362e-02
 9  2.200770e-02
 10  1.775716e-02
 11  1.459562e-02
 12  1.182617e-02
 13  9.940105e-03
 14  8.551760e-03
 15  7.350009e-03
 16  6.375319e-03
 17  5.524668e-03
 18  4.863464e-03
 19  4.435190e-03
 20  4.162324e-03
 21  3.894721e-03
 22  3.709686e-03
 23  3.536462e-03
 24  3.370429e-03
 25  3.237329e-03
 26  3.050350e-03
 27  2.855488e-03
 28  2.623546e-03
 29  2.339610e-03
 30  2.055056e-03
 31  1.835294e-03
 32  1.589616e-03
 33  1.335595e-03
 34  1.100036e-03
 35  9.118451e-04
 Iteration CPU time: 8 s
 CFIE residual: 0.000911845

 Iseg, Irank, Idinc : 1, 30, 120
 Thata, Phi : 90.000000, 119.000000
 Maximun iteration: 300
 Number of recycle truncation: 30
 Final matrix dimension:  36708
 Residual error:0.001000
 0  6.477366e-01
 1  3.441572e-01
 2  2.161231e-01
 3  1.514298e-01
 4  1.089507e-01
 5  8.130486e-02
 6  6.367534e-02
 7  4.987249e-02
 8  4.010113e-02
 9  3.276546e-02
 10  2.655004e-02
 11  2.138515e-02
 12  1.748423e-02
 13  1.451564e-02
 14  1.252623e-02
 15  1.086976e-02
 16  9.866769e-03
 17  9.015606e-03
 18  8.225868e-03
 19  7.703036e-03
 20  7.319407e-03
 21  7.011341e-03
 22  6.747916e-03
 23  6.466673e-03
 24  6.157758e-03
 25  5.779431e-03
 26  5.337376e-03
 27  4.899463e-03
 28  4.411071e-03
 29  3.971134e-03
 30  3.542307e-03
 31  3.081569e-03
 32  2.565642e-03
 33  2.136648e-03
 34  1.718172e-03
 35  1.409070e-03
 36  1.129744e-03
 37  8.877005e-04
 Iteration CPU time: 9 s
 CFIE residual: 0.000887701

 Iseg, Irank, Idinc : 1, 31, 58
 Thata, Phi : 90.000000, 57.000000
 Maximun iteration: 300
 Number of recycle truncation: 30
 Final matrix dimension:  36708
 Residual error:0.001000
 0  6.589537e-01
 1  3.491187e-01
 2  2.124095e-01
 3  1.337467e-01
 4  9.729805e-02
 5  7.351661e-02
 6  5.679166e-02
 7  4.494611e-02
 8  3.546330e-02
 9  2.866738e-02
 10  2.263576e-02
 11  1.833511e-02
 12  1.537590e-02
 13  1.306637e-02
 14  1.178984e-02
 15  1.088581e-02
 16  1.025482e-02
 17  9.744768e-03
 18  9.275707e-03
 19  8.719551e-03
 20  8.210527e-03
 21  7.720726e-03
 22  7.085946e-03
 23  6.471904e-03
 24  5.565747e-03
 25  4.699828e-03
 26  3.923204e-03
 27  3.276076e-03
 28  2.687878e-03
 29  2.209253e-03
 30  1.813886e-03
 31  1.475724e-03
 32  1.178948e-03
 33  9.398589e-04
 Iteration CPU time: 8 s
 CFIE residual: 0.000939859

 Iseg, Irank, Idinc : 1, 32, 179
 Thata, Phi : 90.000000, 178.000000
 Maximun iteration: 300
 Number of recycle truncation: 30
 Final matrix dimension:  36708
 Residual error:0.001000
 0  5.900327e-01
 1  2.942220e-01
 2  1.819440e-01
 3  1.287624e-01
 4  9.887571e-02
 5  7.928468e-02
 6  6.524060e-02
 7  5.435442e-02
 8  4.532126e-02
 9  3.792168e-02
 10  3.113973e-02
 11  2.581032e-02
 12  2.141119e-02
 13  1.729861e-02
 14  1.495553e-02
 15  1.247702e-02
 16  1.052371e-02
 17  8.750344e-03
 18  7.402729e-03
 19  6.313909e-03
 20  5.483288e-03
 21  4.796203e-03
 22  4.237632e-03
 23  3.710947e-03
 24  3.347468e-03
 25  3.099009e-03
 26  2.864421e-03
 27  2.704863e-03
 28  2.546133e-03
 29  2.371813e-03
 30  2.225532e-03
 31  2.079927e-03
 32  1.927850e-03
 33  1.748003e-03
 34  1.555257e-03
 35  1.357996e-03
 36  1.160378e-03
 37  9.938720e-04
 Iteration CPU time: 8 s
 CFIE residual: 0.000993872

 Iseg, Irank, Idinc : 1, 33, 142
 Thata, Phi : 90.000000, 141.000000
 Maximun iteration: 300
 Number of recycle truncation: 30
 Final matrix dimension:  36708
 Residual error:0.001000
 0  6.871255e-01
 1  3.499630e-01
 2  2.109071e-01
 3  1.436890e-01
 4  1.031087e-01
 5  7.737577e-02
 6  5.975145e-02
 7  4.701019e-02
 8  3.849867e-02
 9  3.281584e-02
 10  2.831112e-02
 11  2.427265e-02
 12  2.123740e-02
 13  1.831752e-02
 14  1.558968e-02
 15  1.373987e-02
 16  1.217712e-02
 17  1.077048e-02
 18  9.730254e-03
 19  8.880454e-03
 20  8.289944e-03
 21  7.770640e-03
 22  7.369753e-03
 23  7.008997e-03
 24  6.706334e-03
 25  6.392592e-03
 26  6.023459e-03
 27  5.594738e-03
 28  5.105015e-03
 29  4.604245e-03
 30  4.010228e-03
 31  3.451406e-03
 32  2.865755e-03
 33  2.341168e-03
 34  1.886185e-03
 35  1.507142e-03
 36  1.201151e-03
 37  9.431114e-04
 Iteration CPU time: 9 s
 CFIE residual: 0.000943111

 Iseg, Irank, Idinc : 1, 34, 3
 Thata, Phi : 90.000000, 2.000000
 Maximun iteration: 300
 Number of recycle truncation: 30
 Final matrix dimension:  36708
 Residual error:0.001000
 0  5.242086e-01
 1  2.745013e-01
 2  1.779199e-01
 3  1.214549e-01
 4  8.865736e-02
 5  6.700693e-02
 6  5.095900e-02
 7  3.855380e-02
 8  2.992670e-02
 9  2.386473e-02
 10  1.934248e-02
 11  1.529623e-02
 12  1.193515e-02
 13  1.012683e-02
 14  8.413129e-03
 15  6.967148e-03
 16  5.949331e-03
 17  5.105801e-03
 18  4.363976e-03
 19  3.801190e-03
 20  3.299348e-03
 21  2.895236e-03
 22  2.559697e-03
 23  2.252152e-03
 24  2.024442e-03
 25  1.822208e-03
 26  1.628605e-03
 27  1.469876e-03
 28  1.349584e-03
 29  1.266740e-03
 30  1.201937e-03
 31  1.131612e-03
 32  1.065202e-03
 33  9.973083e-04
 Iteration CPU time: 8 s
 CFIE residual: 0.000997308

 Iseg, Irank, Idinc : 1, 35, 37
 Thata, Phi : 90.000000, 36.000000
 Maximun iteration: 300
 Number of recycle truncation: 30
 Final matrix dimension:  36708
 Residual error:0.001000
 0  6.236906e-01
 1  3.143356e-01
 2  1.924537e-01
 3  1.221248e-01
 4  8.458094e-02
 5  6.171614e-02
 6  4.707682e-02
 7  3.571230e-02
 8  2.774550e-02
 9  2.203605e-02
 10  1.695873e-02
 11  1.381780e-02
 12  1.149588e-02
 13  9.684912e-03
 14  8.486100e-03
 15  7.373503e-03
 16  6.500918e-03
 17  5.909227e-03
 18  5.329229e-03
 19  4.971521e-03
 20  4.718655e-03
 21  4.494078e-03
 22  4.303542e-03
 23  4.139368e-03
 24  3.890782e-03
 25  3.615153e-03
 26  3.316753e-03
 27  2.945734e-03
 28  2.544544e-03
 29  2.169591e-03
 30  1.828915e-03
 31  1.547125e-03
 32  1.300247e-03
 33  1.079139e-03
 34  9.031259e-04
 Iteration CPU time: 7 s
 CFIE residual: 0.000903126

 Iseg, Irank, Idinc : 1, 36, 163
 Thata, Phi : 90.000000, 162.000000
 Maximun iteration: 300
 Number of recycle truncation: 30
 Final matrix dimension:  36708
 Residual error:0.001000
 0  6.086119e-01
 1  3.054525e-01
 2  1.861528e-01
 3  1.290171e-01
 4  9.707196e-02
 5  7.826084e-02
 6  6.270671e-02
 7  5.203116e-02
 8  4.402561e-02
 9  3.821450e-02
 10  3.290594e-02
 11  2.843517e-02
 12  2.483665e-02
 13  2.185112e-02
 14  1.891065e-02
 15  1.629467e-02
 16  1.419295e-02
 17  1.222945e-02
 18  1.051180e-02
 19  9.073705e-03
 20  7.969124e-03
 21  6.995131e-03
 22  6.318188e-03
 23  5.744340e-03
 24  5.333277e-03
 25  5.011264e-03
 26  4.758903e-03
 27  4.527890e-03
 28  4.308383e-03
 29  4.073434e-03
 30  3.775173e-03
 31  3.403403e-03
 32  3.008395e-03
 33  2.627037e-03
 34  2.217657e-03
 35  1.833930e-03
 36  1.465367e-03
 37  1.139690e-03
 38  8.898426e-04
 Iteration CPU time: 9 s
 CFIE residual: 0.000889843

 Iseg, Irank, Idinc : 1, 37, 87
 Thata, Phi : 90.000000, 86.000000
 Maximun iteration: 300
 Number of recycle truncation: 30
 Final matrix dimension:  36708
 Residual error:0.001000
 0  6.016223e-01
 1  3.454675e-01
 2  2.184538e-01
 3  1.494058e-01
 4  1.089990e-01
 5  8.342672e-02
 6  6.425800e-02
 7  5.042612e-02
 8  4.153460e-02
 9  3.370892e-02
 10  2.770785e-02
 11  2.328842e-02
 12  1.985370e-02
 13  1.742174e-02
 14  1.577189e-02
 15  1.432797e-02
 16  1.307739e-02
 17  1.224459e-02
 18  1.166176e-02
 19  1.115193e-02
 20  1.070981e-02
 21  1.019521e-02
 22  9.650481e-03
 23  8.966636e-03
 24  8.156371e-03
 25  7.368172e-03
 26  6.426640e-03
 27  5.541221e-03
 28  4.697434e-03
 29  3.951145e-03
 30  3.317667e-03
 31  2.757255e-03
 32  2.266473e-03
 33  1.839449e-03
 34  1.486434e-03
 35  1.190805e-03
 36  9.553583e-04
 Iteration CPU time: 8 s
 CFIE residual: 0.000955358

 Iseg, Irank, Idinc : 1, 38, 13
 Thata, Phi : 90.000000, 12.000000
 Maximun iteration: 300
 Number of recycle truncation: 30
 Final matrix dimension:  36708
 Residual error:0.001000
 0  5.734114e-01
 1  2.838650e-01
 2  1.776511e-01
 3  1.233955e-01
 4  8.948668e-02
 5  6.680709e-02
 6  5.051083e-02
 7  3.968963e-02
 8  3.116045e-02
 9  2.449416e-02
 10  1.949065e-02
 11  1.537418e-02
 12  1.242352e-02
 13  1.014132e-02
 14  8.475969e-03
 15  7.060565e-03
 16  6.060612e-03
 17  5.193625e-03
 18  4.539511e-03
 19  4.022945e-03
 20  3.553762e-03
 21  3.212075e-03
 22  2.926023e-03
 23  2.649721e-03
 24  2.474170e-03
 25  2.334506e-03
 26  2.193316e-03
 27  2.075550e-03
 28  1.967044e-03
 29  1.863978e-03
 30  1.782160e-03
 31  1.687218e-03
 32  1.566609e-03
 33  1.429422e-03
 34  1.263443e-03
 35  1.100149e-03
 36  9.192177e-04
 Iteration CPU time: 9 s
 CFIE residual: 0.000919218

 Iseg, Irank, Idinc : 1, 39, 68
 Thata, Phi : 90.000000, 67.000000
 Maximun iteration: 300
 Number of recycle truncation: 30
 Final matrix dimension:  36708
 Residual error:0.001000
 0  6.457459e-01
 1  3.676150e-01
 2  2.353119e-01
 3  1.503955e-01
 4  1.068389e-01
 5  8.343662e-02
 6  6.377805e-02
 7  5.019361e-02
 8  4.073236e-02
 9  3.338960e-02
 10  2.632511e-02
 11  2.185020e-02
 12  1.834531e-02
 13  1.591308e-02
 14  1.454913e-02
 15  1.347139e-02
 16  1.272547e-02
 17  1.209158e-02
 18  1.152916e-02
 19  1.091261e-02
 20  1.029602e-02
 21  9.687363e-03
 22  8.938503e-03
 23  8.074150e-03
 24  7.020942e-03
 25  5.886115e-03
 26  5.023275e-03
 27  4.243327e-03
 28  3.533281e-03
 29  2.934798e-03
 30  2.376152e-03
 31  1.924506e-03
 32  1.578009e-03
 33  1.287390e-03
 34  1.016964e-03
 35  8.261539e-04
 Iteration CPU time: 8 s
 CFIE residual: 0.000826154

 Iseg, Irank, Idinc : 1, 40, 112
 Thata, Phi : 90.000000, 111.000000
 Maximun iteration: 300
 Number of recycle truncation: 30
 Final matrix dimension:  36708
 Residual error:0.001000
 0  6.304818e-01
 1  3.491569e-01
 2  2.176955e-01
 3  1.482189e-01
 4  1.052939e-01
 5  7.797925e-02
 6  6.051851e-02
 7  4.734368e-02
 8  3.802932e-02
 9  3.099113e-02
 10  2.488597e-02
 11  2.054354e-02
 12  1.733234e-02
 13  1.467300e-02
 14  1.270293e-02
 15  1.126248e-02
 16  1.014835e-02
 17  9.316941e-03
 18  8.535884e-03
 19  8.050450e-03
 20  7.645635e-03
 21  7.283645e-03
 22  6.979336e-03
 23  6.673806e-03
 24  6.370984e-03
 25  6.028043e-03
 26  5.566871e-03
 27  4.952853e-03
 28  4.399626e-03
 29  3.744331e-03
 30  3.181563e-03
 31  2.629049e-03
 32  2.100251e-03
 33  1.688374e-03
 34  1.315437e-03
 35  1.030465e-03
 36  8.075553e-04
 Iteration CPU time: 8 s
 CFIE residual: 0.000807555
 Last Built End in Sep 21 2025 00:06:12
 Total CPU time: 346 s
 Finished.
