 Last Built Begin in Sep 21 2025 00:06:12
 Pre-Type( Input ):            8
 Skl-Tol ( Input ):    1.0000000000000000E-002
 Wavelength in freespace: 0.294118

 ################################################
 ##         Generating Required Mesh          ##
 ##         Waiting.....                      ##
 ################################################
 Subd No.      Subd Name
    1    sphere1                                                           
 isub,  nnode, npatch,  nedge:
    1       604      1204      1806
 Scale Factor         >>   9.99999978E-03
 ################################################

 START TIME: 20250922   003047.098


 Informaton for IE geometry:
 number of subdomains     : 1
 maxnode,maxpatch,maxedge : 604  1204  1806
 
 Index of Mat-Reg: 1
 Mat-Reg Number via MatFlg: 1
 Edge Number of Mat-Reg: 1, 1806

 Number of Edge on PEC: 0
 Mat-Reg: No Dim(m) Lmax:
    1 0.170    2
 Totlmax, add1, add2:           2           3           4
 rlengmax of Global MLFMA >>   0.16999998986800000     
 Lmax of Global MLFMA >>            2
 Wavenum of Mat-Reg:
    1 1.000

 total area in sq m           =      0.1254
 total area in sq lambda      =      1.4491
 maxnode, maxpatch, maxedge           =      604     1204     1806
 longest  edge in lambda              =      0.0741
 shortest edge in lambda              =      0.0323
 average  edge in lambda              =      0.0528
 largest  patch area in sq lambda     =      0.0020
 smallest patch area in sq lambda     =      0.0006
 ave    surface area in sq lambda     =      0.0012
 size range of the object in sq lambda =      0.6800

 #### MLFMA Info For Each Region ####
 Mat-Region =            1
 Array dimension parameters:
 maxrule=          14   maxgrid  =          64
 lmax   =           2   ncmax    =          65
 lsmax  =           6   lsmin    =           6
 kpm    =          76   kp0      =          76
 ntlm   =       24016   nsm      =        4256
 nkpm   =          76   niplm    =        4864
 ngnearm=         632   ngsndm   =        2504
 nearm  =         413   mfinestm =          43
 ###############################

 CFIE Alpha:  0.50000000000000000     

 Fill MLFMA FI for Mat-Reg:           1
 Begin filltl.f
 fill translation matrix
 Level:            2
 fill shifting matrix
 translator time(s):   2.80000009E-02
 fill interpolation matrix
 Filling TL                  Delta_CPU=          0.12 Memory(MB)=         65.70
 Filling sndgrp              Delta_CPU=          0.00 Memory(MB)=         65.70
 Filling VFS                 Delta_CPU=          0.24 Memory(MB)=         65.70

 Fill MLFMA NI for Mat-Reg:           1
 Begin fill sparser part of Nearfield
 Begin fill denser part of Nearfield
 End fill
 Filling Amn                 Delta_CPU=         12.33 Memory(MB)=         65.70


 Now testing preconditioner with
 ipretype =            8
 method = cfie_solve_nfpre_pardiso

  
 NBP>>Begin fill sparser part of Nearfield
 NBP>>Begin fill denser part of Nearfield

201.7857%
 Begin MLFMA Box-Matrix Based Prec Constructor
 --- Intel MKL PARDISO --- 
  >> Solver Initialized
  >> Proceed to ngrp_box loop
  >> Loop 0 Initialized
 Memory for iGRP: 1 0 MB
 Total Memory For NFB Pre: 0 MB
 --- PARDISO PRECONDITIONER INITIALIZED --- 
 Constructing preconditioner CPU time: 0 s
 
 108360
 Memory for Iteration:: 1.65344 MB

 Iseg, Ninc_S : 1, 181, 0

 Iseg, Skeleton Angles: 1, 8
 Iseg, Skel-Pk Mem(MB): 1, 30.96

 Iseg, Irank, Idinc : 1, 1, 135
 Thata, Phi : 90.000000, 134.000000
 Maximun iteration: 300
 Number of recycle truncation: 30
 Final matrix dimension:  3612
 Residual error:0.010000
 0  2.177972e-01
 1  1.150362e-01
 2  4.879430e-02
 3  2.378616e-02
 4  1.142865e-02
 5  5.401661e-03
 Iteration CPU time: 0 s
 CFIE residual: 0.00540166

 Iseg, Irank, Idinc : 1, 2, 38
 Thata, Phi : 90.000000, 37.000000
 Maximun iteration: 300
 Number of recycle truncation: 30
 Final matrix dimension:  3612
 Residual error:0.010000
 0  2.173991e-01
 1  1.148326e-01
 2  4.940420e-02
 3  2.436128e-02
 4  1.191883e-02
 5  5.730154e-03
 Iteration CPU time: 0 s
 CFIE residual: 0.00573015

 Iseg, Irank, Idinc : 1, 3, 1
 Thata, Phi : 90.000000, 0.000000
 Maximun iteration: 300
 Number of recycle truncation: 30
 Final matrix dimension:  3612
 Residual error:0.010000
 0  2.114257e-01
 1  1.120532e-01
 2  5.036731e-02
 3  2.526686e-02
 4  1.234484e-02
 5  5.572661e-03
 Iteration CPU time: 1 s
 CFIE residual: 0.00557266

 Iseg, Irank, Idinc : 1, 4, 87
 Thata, Phi : 90.000000, 86.000000
 Maximun iteration: 300
 Number of recycle truncation: 30
 Final matrix dimension:  3612
 Residual error:0.010000
 0  2.184858e-01
 1  1.167525e-01
 2  5.179667e-02
 3  2.649826e-02
 4  1.294333e-02
 5  5.969410e-03
 Iteration CPU time: 0 s
 CFIE residual: 0.00596941

 Iseg, Irank, Idinc : 1, 5, 181
 Thata, Phi : 90.000000, 180.000000
 Maximun iteration: 300
 Number of recycle truncation: 30
 Final matrix dimension:  3612
 Residual error:0.010000
 0  2.096857e-01
 1  1.096927e-01
 2  4.951366e-02
 3  2.459840e-02
 4  1.154843e-02
 5  5.253327e-03
 Iteration CPU time: 0 s
 CFIE residual: 0.00525333

 Iseg, Irank, Idinc : 1, 6, 160
 Thata, Phi : 90.000000, 159.000000
 Maximun iteration: 300
 Number of recycle truncation: 30
 Final matrix dimension:  3612
 Residual error:0.010000
 0  2.130781e-01
 1  1.119299e-01
 2  4.904687e-02
 3  2.408891e-02
 4  1.154451e-02
 5  5.398979e-03
 Iteration CPU time: 0 s
 CFIE residual: 0.00539898

 Iseg, Irank, Idinc : 1, 7, 62
 Thata, Phi : 90.000000, 61.000000
 Maximun iteration: 300
 Number of recycle truncation: 30
 Final matrix dimension:  3612
 Residual error:0.010000
 0  2.197028e-01
 1  1.161751e-01
 2  4.980284e-02
 3  2.484979e-02
 4  1.219797e-02
 5  5.869375e-03
 Iteration CPU time: 0 s
 CFIE residual: 0.00586938

 Iseg, Irank, Idinc : 1, 8, 15
 Thata, Phi : 90.000000, 14.000000
 Maximun iteration: 300
 Number of recycle truncation: 30
 Final matrix dimension:  3612
 Residual error:0.010000
 0  2.130945e-01
 1  1.130514e-01
 2  5.034458e-02
 3  2.519656e-02
 4  1.232751e-02
 5  5.690988e-03
 Iteration CPU time: 0 s
 CFIE residual: 0.00569099
 Last Built End in Sep 21 2025 00:06:12
 Total CPU time: 2 s
 Finished.
