 Last Built Begin in Sep 21 2025 00:06:12
 Pre-Type( Input ):           10
 Skl-Tol ( Input ):    1.0000000000000001E-005
 Wavelength in freespace: 0.0299103

 ################################################
 ##         Generating Required Mesh          ##
 ##         Waiting.....                      ##
 ################################################
 Subd No.      Subd Name
    1    Open-Duct_PRIME_model_meshAA1                                     
 isub,  nnode, npatch,  nedge:
    1      6118     12236     18354
 Scale Factor         >>   1.54999997E-02
 ################################################

 START TIME: 20250922   052859.776


 Informaton for IE geometry:
 number of subdomains     : 1
 maxnode,maxpatch,maxedge : 6118  12236  18354
 
 Index of Mat-Reg: 1
 Mat-Reg Number via MatFlg: 1
 Edge Number of Mat-Reg: 1, 18354

 Number of Edge on PEC: 18354
 Mat-Reg: No Dim(m) Lmax:
    1 0.240    5
 Totlmax, add1, add2:           5           6           7
 rlengmax of Global MLFMA >>   0.23971957261768539     
 Lmax of Global MLFMA >>            5
 Wavenum of Mat-Reg:
    1 1.000

 total area in sq m           =      0.0510
 total area in sq lambda      =     56.9736
 maxnode, maxpatch, maxedge           =     6118    12236    18354
 longest  edge in lambda              =      0.1561
 shortest edge in lambda              =      0.0074
 average  edge in lambda              =      0.1042
 largest  patch area in sq lambda     =      0.0083
 smallest patch area in sq lambda     =      0.0000
 ave    surface area in sq lambda     =      0.0047
 size range of the object in sq lambda =      7.6710

 #### MLFMA Info For Each Region ####
 Mat-Region =            1
 Array dimension parameters:
 maxrule=          14   maxgrid  =          64
 lmax   =           5   ncmax    =        1250
 lsmax  =          27   lsmin    =           7
 kpm    =        1462   kp0      =         102
 ntlm   =      217096   nsm      =      232158
 nkpm   =        2284   niplm    =      146176
 ngnearm=       14257   ngsndm   =       64634
 nearm  =         333   mfinestm =         119
 ###############################

 CFIE Alpha:  0.50000000000000000     

 Fill MLFMA FI for Mat-Reg:           1
 Begin filltl.f
 fill translation matrix
 Level:            2
 fill shifting matrix
 Level:            3
 fill shifting matrix
 Level:            4
 fill shifting matrix
 Level:            5
 fill shifting matrix
 translator time(s):  0.120000005    
 fill interpolation matrix
 ThetaOrder            8
 PhiOrder            8
 lsl            7
 Filling TL                  Delta_CPU=          0.55 Memory(MB)=        653.98
 Filling sndgrp              Delta_CPU=          0.00 Memory(MB)=        653.98
 Filling VFS                 Delta_CPU=          3.20 Memory(MB)=        653.98

 Fill MLFMA NI for Mat-Reg:           1
 Begin fill sparser part of Nearfield
 Begin fill denser part of Nearfield
 End fill
 Filling Amn                 Delta_CPU=         90.46 Memory(MB)=        653.98


 Now testing preconditioner with
 ipretype =           10
 method = cfie_solve_nfrasspspre_pardiso

  
 NBP>>Begin fill sparser part of Nearfield

115.5047% NBP>>Begin fill denser part of Nearfield

200.1041%
 Begin MLFMA Box-Matrix Based Spar-RAS Prec Constructor
 --- Intel MKL PARDISO --- 
 Memory for iGroup: 1 0 MB
 Total Memory For SparRAS Pre: 0 MB
 --- PARDISO PRECONDITIONER INITIALIZED --- 
 Constructing preconditioner CPU time: 4 s
 
 1101240
 Memory for Iteration:: 16.8036 MB

 Iseg, Ninc_S : 1, 181, 0

 Iseg, Skeleton Angles: 1, 40
 Iseg, Skel-Pk Mem(MB): 1, 314.35

 Iseg, Irank, Idinc : 1, 1, 42
 Thata, Phi : 90.000000, 41.000000
 Maximun iteration: 300
 Number of recycle truncation: 30
 Final matrix dimension:  36708
 Residual error:0.001000
 0  6.301110e-01
 1  3.153303e-01
 2  1.994331e-01
 3  1.285362e-01
 4  8.799739e-02
 5  6.480979e-02
 6  4.796503e-02
 7  3.691084e-02
 8  2.810969e-02
 9  2.099102e-02
 10  1.595979e-02
 11  1.244606e-02
 12  9.872901e-03
 13  8.027298e-03
 14  6.489851e-03
 15  5.062814e-03
 16  4.049283e-03
 17  3.324176e-03
 18  2.744060e-03
 19  2.308392e-03
 20  1.907072e-03
 21  1.591008e-03
 22  1.379535e-03
 23  1.227415e-03
 24  1.112681e-03
 25  1.033375e-03
 26  9.729733e-04
 Iteration CPU time: 6 s
 CFIE residual: 0.000972973

 Iseg, Irank, Idinc : 1, 2, 22
 Thata, Phi : 90.000000, 21.000000
 Maximun iteration: 300
 Number of recycle truncation: 30
 Final matrix dimension:  36708
 Residual error:0.001000
 0  6.223572e-01
 1  2.933768e-01
 2  1.697129e-01
 3  1.143728e-01
 4  7.983326e-02
 5  5.932136e-02
 6  4.523918e-02
 7  3.492557e-02
 8  2.793442e-02
 9  2.241050e-02
 10  1.778881e-02
 11  1.389031e-02
 12  1.124300e-02
 13  9.028718e-03
 14  7.657354e-03
 15  6.230665e-03
 16  5.052275e-03
 17  4.171362e-03
 18  3.457645e-03
 19  2.943424e-03
 20  2.422704e-03
 21  1.963525e-03
 22  1.598736e-03
 23  1.358795e-03
 24  1.158284e-03
 25  1.007208e-03
 26  8.844888e-04
 Iteration CPU time: 6 s
 CFIE residual: 0.000884489

 Iseg, Irank, Idinc : 1, 3, 109
 Thata, Phi : 90.000000, 108.000000
 Maximun iteration: 300
 Number of recycle truncation: 30
 Final matrix dimension:  36708
 Residual error:0.001000
 0  6.245799e-01
 1  3.530625e-01
 2  2.202883e-01
 3  1.516295e-01
 4  1.061403e-01
 5  8.010064e-02
 6  6.135184e-02
 7  4.764009e-02
 8  3.846196e-02
 9  3.033455e-02
 10  2.357150e-02
 11  1.875990e-02
 12  1.553335e-02
 13  1.261783e-02
 14  1.027723e-02
 15  8.324701e-03
 16  6.819959e-03
 17  5.598840e-03
 18  4.497780e-03
 19  3.721206e-03
 20  3.106195e-03
 21  2.506385e-03
 22  2.060697e-03
 23  1.762284e-03
 24  1.489052e-03
 25  1.313744e-03
 26  1.177256e-03
 27  1.087733e-03
 28  1.023123e-03
 29  9.774074e-04
 Iteration CPU time: 7 s
 CFIE residual: 0.000977407

 Iseg, Irank, Idinc : 1, 4, 64
 Thata, Phi : 90.000000, 63.000000
 Maximun iteration: 300
 Number of recycle truncation: 30
 Final matrix dimension:  36708
 Residual error:0.001000
 0  6.598123e-01
 1  3.583965e-01
 2  2.237333e-01
 3  1.437708e-01
 4  1.027183e-01
 5  7.863805e-02
 6  5.910482e-02
 7  4.602684e-02
 8  3.735260e-02
 9  2.914529e-02
 10  2.257775e-02
 11  1.730075e-02
 12  1.361224e-02
 13  1.089339e-02
 14  8.724983e-03
 15  7.013759e-03
 16  5.724125e-03
 17  4.811168e-03
 18  3.989650e-03
 19  3.346176e-03
 20  2.844560e-03
 21  2.477915e-03
 22  2.166341e-03
 23  1.991315e-03
 24  1.866111e-03
 25  1.773449e-03
 26  1.684816e-03
 27  1.629898e-03
 28  1.577911e-03
 29  1.525085e-03
 30  1.467977e-03
 31  1.406959e-03
 32  1.344066e-03
 33  1.279697e-03
 34  1.196111e-03
 35  1.090759e-03
 36  9.722171e-04
 Iteration CPU time: 8 s
 CFIE residual: 0.000972217

 Iseg, Irank, Idinc : 1, 5, 147
 Thata, Phi : 90.000000, 146.000000
 Maximun iteration: 300
 Number of recycle truncation: 30
 Final matrix dimension:  36708
 Residual error:0.001000
 0  6.539883e-01
 1  3.445515e-01
 2  2.095640e-01
 3  1.413398e-01
 4  1.026233e-01
 5  7.780265e-02
 6  6.142666e-02
 7  4.772061e-02
 8  3.979255e-02
 9  3.422697e-02
 10  2.883786e-02
 11  2.436283e-02
 12  2.030869e-02
 13  1.659062e-02
 14  1.350048e-02
 15  1.085750e-02
 16  8.879960e-03
 17  7.156143e-03
 18  5.733096e-03
 19  4.697493e-03
 20  3.725308e-03
 21  3.028730e-03
 22  2.472261e-03
 23  2.051394e-03
 24  1.695319e-03
 25  1.370724e-03
 26  1.116228e-03
 27  9.438978e-04
 Iteration CPU time: 7 s
 CFIE residual: 0.000943898

 Iseg, Irank, Idinc : 1, 6, 136
 Thata, Phi : 90.000000, 135.000000
 Maximun iteration: 300
 Number of recycle truncation: 30
 Final matrix dimension:  36708
 Residual error:0.001000
 0  6.990864e-01
 1  3.543365e-01
 2  2.210114e-01
 3  1.497804e-01
 4  1.087412e-01
 5  8.176024e-02
 6  6.224800e-02
 7  4.895501e-02
 8  3.907993e-02
 9  3.153732e-02
 10  2.582561e-02
 11  2.062826e-02
 12  1.680567e-02
 13  1.369529e-02
 14  1.091073e-02
 15  8.947606e-03
 16  7.222619e-03
 17  5.791837e-03
 18  4.777538e-03
 19  3.812931e-03
 20  3.155834e-03
 21  2.593902e-03
 22  2.178482e-03
 23  1.863488e-03
 24  1.604725e-03
 25  1.417470e-03
 26  1.240888e-03
 27  1.111402e-03
 28  1.013843e-03
 29  9.305722e-04
 Iteration CPU time: 6 s
 CFIE residual: 0.000930572

 Iseg, Irank, Idinc : 1, 7, 88
 Thata, Phi : 90.000000, 87.000000
 Maximun iteration: 300
 Number of recycle truncation: 30
 Final matrix dimension:  36708
 Residual error:0.001000
 0  6.113234e-01
 1  3.479359e-01
 2  2.229131e-01
 3  1.526062e-01
 4  1.097679e-01
 5  8.417170e-02
 6  6.461201e-02
 7  5.101761e-02
 8  4.148963e-02
 9  3.324473e-02
 10  2.600767e-02
 11  2.021200e-02
 12  1.669876e-02
 13  1.373095e-02
 14  1.111981e-02
 15  8.873978e-03
 16  7.145641e-03
 17  5.848326e-03
 18  4.834797e-03
 19  4.018715e-03
 20  3.474797e-03
 21  3.000059e-03
 22  2.661158e-03
 23  2.375586e-03
 24  2.168789e-03
 25  2.012855e-03
 26  1.890653e-03
 27  1.788868e-03
 28  1.733415e-03
 29  1.673400e-03
 30  1.624368e-03
 31  1.578368e-03
 32  1.523089e-03
 33  1.476519e-03
 34  1.408975e-03
 35  1.337540e-03
 36  1.230668e-03
 37  1.108317e-03
 38  9.794440e-04
 Iteration CPU time: 8 s
 CFIE residual: 0.000979444

 Iseg, Irank, Idinc : 1, 8, 74
 Thata, Phi : 90.000000, 73.000000
 Maximun iteration: 300
 Number of recycle truncation: 30
 Final matrix dimension:  36708
 Residual error:0.001000
 0  6.349878e-01
 1  3.629269e-01
 2  2.357366e-01
 3  1.475947e-01
 4  1.031437e-01
 5  7.871314e-02
 6  6.182824e-02
 7  4.724665e-02
 8  3.801225e-02
 9  3.027583e-02
 10  2.396544e-02
 11  1.911577e-02
 12  1.547299e-02
 13  1.246668e-02
 14  1.020166e-02
 15  8.237164e-03
 16  6.707427e-03
 17  5.619483e-03
 18  4.704812e-03
 19  4.032391e-03
 20  3.428531e-03
 21  2.955131e-03
 22  2.598283e-03
 23  2.345589e-03
 24  2.170759e-03
 25  2.050333e-03
 26  1.943104e-03
 27  1.854530e-03
 28  1.791046e-03
 29  1.742854e-03
 30  1.695931e-03
 31  1.644838e-03
 32  1.590694e-03
 33  1.518526e-03
 34  1.428566e-03
 35  1.323527e-03
 36  1.177430e-03
 37  1.008773e-03
 38  8.622446e-04
 Iteration CPU time: 9 s
 CFIE residual: 0.000862245

 Iseg, Irank, Idinc : 1, 9, 159
 Thata, Phi : 90.000000, 158.000000
 Maximun iteration: 300
 Number of recycle truncation: 30
 Final matrix dimension:  36708
 Residual error:0.001000
 0  6.148561e-01
 1  3.139370e-01
 2  1.914764e-01
 3  1.292927e-01
 4  9.844547e-02
 5  7.806384e-02
 6  6.291527e-02
 7  5.093116e-02
 8  4.334260e-02
 9  3.705053e-02
 10  3.133570e-02
 11  2.610348e-02
 12  2.240404e-02
 13  1.849811e-02
 14  1.505368e-02
 15  1.237126e-02
 16  1.012769e-02
 17  8.259290e-03
 18  6.879590e-03
 19  5.402531e-03
 20  4.403751e-03
 21  3.566738e-03
 22  2.961422e-03
 23  2.385767e-03
 24  1.958519e-03
 25  1.575337e-03
 26  1.320990e-03
 27  1.089923e-03
 28  9.422773e-04
 Iteration CPU time: 6 s
 CFIE residual: 0.000942277

 Iseg, Irank, Idinc : 1, 10, 123
 Thata, Phi : 90.000000, 122.000000
 Maximun iteration: 300
 Number of recycle truncation: 30
 Final matrix dimension:  36708
 Residual error:0.001000
 0  6.518763e-01
 1  3.411599e-01
 2  2.225318e-01
 3  1.559063e-01
 4  1.113459e-01
 5  8.267126e-02
 6  6.492164e-02
 7  5.053460e-02
 8  3.919561e-02
 9  3.091659e-02
 10  2.467939e-02
 11  1.951645e-02
 12  1.541299e-02
 13  1.222021e-02
 14  1.002196e-02
 15  8.261609e-03
 16  6.973414e-03
 17  5.793131e-03
 18  4.646566e-03
 19  4.008703e-03
 20  3.365351e-03
 21  2.830854e-03
 22  2.408216e-03
 23  2.134667e-03
 24  1.861153e-03
 25  1.650155e-03
 26  1.463899e-03
 27  1.346292e-03
 28  1.252988e-03
 29  1.177448e-03
 30  1.125526e-03
 31  1.077699e-03
 32  1.038592e-03
 33  1.000405e-03
 34  9.663548e-04
 Iteration CPU time: 7 s
 CFIE residual: 0.000966355

 Iseg, Irank, Idinc : 1, 11, 53
 Thata, Phi : 90.000000, 52.000000
 Maximun iteration: 300
 Number of recycle truncation: 30
 Final matrix dimension:  36708
 Residual error:0.001000
 0  6.515584e-01
 1  3.411052e-01
 2  2.092650e-01
 3  1.348035e-01
 4  9.635236e-02
 5  7.222917e-02
 6  5.513585e-02
 7  4.300293e-02
 8  3.277762e-02
 9  2.461807e-02
 10  1.900098e-02
 11  1.458176e-02
 12  1.143359e-02
 13  9.050624e-03
 14  7.470019e-03
 15  6.088371e-03
 16  4.876405e-03
 17  3.875364e-03
 18  3.129852e-03
 19  2.570812e-03
 20  2.181118e-03
 21  1.874430e-03
 22  1.662500e-03
 23  1.514005e-03
 24  1.427797e-03
 25  1.355358e-03
 26  1.293512e-03
 27  1.236532e-03
 28  1.190780e-03
 29  1.156971e-03
 30  1.127275e-03
 31  1.089583e-03
 32  1.044531e-03
 33  1.004728e-03
 34  9.593143e-04
 Iteration CPU time: 8 s
 CFIE residual: 0.000959314

 Iseg, Irank, Idinc : 1, 12, 32
 Thata, Phi : 90.000000, 31.000000
 Maximun iteration: 300
 Number of recycle truncation: 30
 Final matrix dimension:  36708
 Residual error:0.001000
 0  6.328728e-01
 1  3.066426e-01
 2  1.809820e-01
 3  1.136025e-01
 4  7.997001e-02
 5  5.887554e-02
 6  4.291837e-02
 7  3.245600e-02
 8  2.566272e-02
 9  2.022446e-02
 10  1.613030e-02
 11  1.300122e-02
 12  1.051759e-02
 13  8.341205e-03
 14  6.850198e-03
 15  5.447388e-03
 16  4.463498e-03
 17  3.630676e-03
 18  3.018225e-03
 19  2.565855e-03
 20  2.140083e-03
 21  1.751015e-03
 22  1.470720e-03
 23  1.257614e-03
 24  1.095403e-03
 25  9.558849e-04
 Iteration CPU time: 6 s
 CFIE residual: 0.000955885

 Iseg, Irank, Idinc : 1, 13, 10
 Thata, Phi : 90.000000, 9.000000
 Maximun iteration: 300
 Number of recycle truncation: 30
 Final matrix dimension:  36708
 Residual error:0.001000
 0  5.447140e-01
 1  2.766724e-01
 2  1.750945e-01
 3  1.237486e-01
 4  8.913423e-02
 5  6.650727e-02
 6  5.134850e-02
 7  3.973187e-02
 8  3.120831e-02
 9  2.435146e-02
 10  1.871779e-02
 11  1.490679e-02
 12  1.204646e-02
 13  9.869861e-03
 14  7.844308e-03
 15  6.169620e-03
 16  5.021217e-03
 17  4.236068e-03
 18  3.536876e-03
 19  3.035350e-03
 20  2.560862e-03
 21  2.160464e-03
 22  1.796264e-03
 23  1.540126e-03
 24  1.310828e-03
 25  1.132828e-03
 26  9.841147e-04
 Iteration CPU time: 6 s
 CFIE residual: 0.000984115

 Iseg, Irank, Idinc : 1, 14, 178
 Thata, Phi : 90.000000, 177.000000
 Maximun iteration: 300
 Number of recycle truncation: 30
 Final matrix dimension:  36708
 Residual error:0.001000
 0  5.724253e-01
 1  2.986796e-01
 2  1.886470e-01
 3  1.326186e-01
 4  1.032737e-01
 5  8.028853e-02
 6  6.432516e-02
 7  5.461475e-02
 8  4.486378e-02
 9  3.550048e-02
 10  2.814595e-02
 11  2.296480e-02
 12  1.873816e-02
 13  1.537104e-02
 14  1.242355e-02
 15  9.776349e-03
 16  7.859729e-03
 17  6.315643e-03
 18  5.138106e-03
 19  4.188636e-03
 20  3.456437e-03
 21  2.852829e-03
 22  2.345091e-03
 23  1.956963e-03
 24  1.657246e-03
 25  1.372237e-03
 26  1.107807e-03
 27  9.012885e-04
 Iteration CPU time: 7 s
 CFIE residual: 0.000901289

 Iseg, Irank, Idinc : 1, 15, 97
 Thata, Phi : 90.000000, 96.000000
 Maximun iteration: 300
 Number of recycle truncation: 30
 Final matrix dimension:  36708
 Residual error:0.001000
 0  6.086282e-01
 1  3.462887e-01
 2  2.180899e-01
 3  1.456266e-01
 4  1.044425e-01
 5  7.936080e-02
 6  6.127356e-02
 7  4.912786e-02
 8  3.874069e-02
 9  3.049449e-02
 10  2.477947e-02
 11  2.005317e-02
 12  1.645714e-02
 13  1.350772e-02
 14  1.083047e-02
 15  8.909732e-03
 16  7.353307e-03
 17  6.134991e-03
 18  5.008128e-03
 19  4.100413e-03
 20  3.400204e-03
 21  2.826852e-03
 22  2.420895e-03
 23  2.084504e-03
 24  1.878421e-03
 25  1.707069e-03
 26  1.590141e-03
 27  1.508487e-03
 28  1.447323e-03
 29  1.398615e-03
 30  1.350611e-03
 31  1.306726e-03
 32  1.272460e-03
 33  1.224208e-03
 34  1.175152e-03
 35  1.110853e-03
 36  1.046007e-03
 37  9.594754e-04
 Iteration CPU time: 8 s
 CFIE residual: 0.000959475

 Iseg, Irank, Idinc : 1, 16, 81
 Thata, Phi : 90.000000, 80.000000
 Maximun iteration: 300
 Number of recycle truncation: 30
 Final matrix dimension:  36708
 Residual error:0.001000
 0  6.166571e-01
 1  3.523325e-01
 2  2.270411e-01
 3  1.490650e-01
 4  1.082814e-01
 5  8.273208e-02
 6  6.363764e-02
 7  5.006930e-02
 8  4.025042e-02
 9  3.231732e-02
 10  2.494947e-02
 11  1.912261e-02
 12  1.549912e-02
 13  1.269904e-02
 14  1.041100e-02
 15  8.493959e-03
 16  7.036116e-03
 17  5.785326e-03
 18  4.770935e-03
 19  3.988270e-03
 20  3.401362e-03
 21  2.949689e-03
 22  2.615375e-03
 23  2.385959e-03
 24  2.204703e-03
 25  2.066234e-03
 26  1.941812e-03
 27  1.850269e-03
 28  1.791348e-03
 29  1.737662e-03
 30  1.690442e-03
 31  1.636849e-03
 32  1.589494e-03
 33  1.528279e-03
 34  1.460358e-03
 35  1.367906e-03
 36  1.266980e-03
 37  1.145605e-03
 38  1.018650e-03
 39  8.793270e-04
 Iteration CPU time: 9 s
 CFIE residual: 0.000879327

 Iseg, Irank, Idinc : 1, 17, 116
 Thata, Phi : 90.000000, 115.000000
 Maximun iteration: 300
 Number of recycle truncation: 30
 Final matrix dimension:  36708
 Residual error:0.001000
 0  6.443287e-01
 1  3.477519e-01
 2  2.176166e-01
 3  1.522428e-01
 4  1.087537e-01
 5  7.966784e-02
 6  6.119318e-02
 7  4.769678e-02
 8  3.834178e-02
 9  2.982824e-02
 10  2.344858e-02
 11  1.843329e-02
 12  1.478695e-02
 13  1.216116e-02
 14  9.746442e-03
 15  7.959586e-03
 16  6.607935e-03
 17  5.401351e-03
 18  4.376307e-03
 19  3.758189e-03
 20  3.113687e-03
 21  2.592848e-03
 22  2.188699e-03
 23  1.887553e-03
 24  1.605656e-03
 25  1.408198e-03
 26  1.267474e-03
 27  1.163946e-03
 28  1.089133e-03
 29  1.029896e-03
 30  9.869607e-04
 Iteration CPU time: 7 s
 CFIE residual: 0.000986961

 Iseg, Irank, Idinc : 1, 18, 1
 Thata, Phi : 90.000000, 0.000000
 Maximun iteration: 300
 Number of recycle truncation: 30
 Final matrix dimension:  36708
 Residual error:0.001000
 0  5.150067e-01
 1  2.702504e-01
 2  1.753664e-01
 3  1.219154e-01
 4  8.638612e-02
 5  6.575600e-02
 6  5.153230e-02
 7  3.842667e-02
 8  2.918711e-02
 9  2.330477e-02
 10  1.801173e-02
 11  1.473692e-02
 12  1.147027e-02
 13  9.042068e-03
 14  7.208103e-03
 15  5.773310e-03
 16  4.713951e-03
 17  3.906286e-03
 18  3.255309e-03
 19  2.782736e-03
 20  2.373624e-03
 21  2.022214e-03
 22  1.713442e-03
 23  1.407688e-03
 24  1.122492e-03
 25  9.100807e-04
 Iteration CPU time: 6 s
 CFIE residual: 0.000910081

 Iseg, Irank, Idinc : 1, 19, 167
 Thata, Phi : 90.000000, 166.000000
 Maximun iteration: 300
 Number of recycle truncation: 30
 Final matrix dimension:  36708
 Residual error:0.001000
 0  5.864031e-01
 1  3.012905e-01
 2  1.873535e-01
 3  1.314360e-01
 4  1.026344e-01
 5  8.081019e-02
 6  6.626140e-02
 7  5.452158e-02
 8  4.538424e-02
 9  3.805056e-02
 10  3.233665e-02
 11  2.730714e-02
 12  2.313021e-02
 13  1.912972e-02
 14  1.605885e-02
 15  1.313834e-02
 16  1.076253e-02
 17  8.745630e-03
 18  7.103535e-03
 19  5.774683e-03
 20  4.668992e-03
 21  3.734211e-03
 22  3.078507e-03
 23  2.528909e-03
 24  2.047960e-03
 25  1.636379e-03
 26  1.329995e-03
 27  1.064451e-03
 28  8.841376e-04
 Iteration CPU time: 7 s
 CFIE residual: 0.000884138

 Iseg, Irank, Idinc : 1, 20, 103
 Thata, Phi : 90.000000, 102.000000
 Maximun iteration: 300
 Number of recycle truncation: 30
 Final matrix dimension:  36708
 Residual error:0.001000
 0  6.112162e-01
 1  3.479621e-01
 2  2.176444e-01
 3  1.485081e-01
 4  1.042989e-01
 5  7.855191e-02
 6  6.022757e-02
 7  4.727310e-02
 8  3.782319e-02
 9  3.074511e-02
 10  2.482771e-02
 11  1.995604e-02
 12  1.621923e-02
 13  1.332113e-02
 14  1.079504e-02
 15  8.709655e-03
 16  7.158707e-03
 17  5.892455e-03
 18  4.767382e-03
 19  3.921653e-03
 20  3.299448e-03
 21  2.699771e-03
 22  2.274415e-03
 23  1.942173e-03
 24  1.691391e-03
 25  1.520115e-03
 26  1.381946e-03
 27  1.292527e-03
 28  1.230016e-03
 29  1.179408e-03
 30  1.136122e-03
 31  1.096073e-03
 32  1.067596e-03
 33  1.033071e-03
 34  9.943522e-04
 Iteration CPU time: 8 s
 CFIE residual: 0.000994352

 Iseg, Irank, Idinc : 1, 21, 153
 Thata, Phi : 90.000000, 152.000000
 Maximun iteration: 300
 Number of recycle truncation: 30
 Final matrix dimension:  36708
 Residual error:0.001000
 0  6.340294e-01
 1  3.288961e-01
 2  2.019833e-01
 3  1.342364e-01
 4  9.973912e-02
 5  7.764781e-02
 6  6.138838e-02
 7  4.870025e-02
 8  4.093266e-02
 9  3.497270e-02
 10  2.966663e-02
 11  2.444042e-02
 12  2.075676e-02
 13  1.716549e-02
 14  1.394544e-02
 15  1.131110e-02
 16  9.281635e-03
 17  7.544009e-03
 18  6.259083e-03
 19  4.979124e-03
 20  4.040327e-03
 21  3.283412e-03
 22  2.720695e-03
 23  2.230134e-03
 24  1.840298e-03
 25  1.477075e-03
 26  1.244656e-03
 27  1.037177e-03
 28  9.134037e-04
 Iteration CPU time: 6 s
 CFIE residual: 0.000913404

 Iseg, Irank, Idinc : 1, 22, 16
 Thata, Phi : 90.000000, 15.000000
 Maximun iteration: 300
 Number of recycle truncation: 30
 Final matrix dimension:  36708
 Residual error:0.001000
 0  5.838752e-01
 1  2.846656e-01
 2  1.737007e-01
 3  1.205894e-01
 4  8.538573e-02
 5  6.381361e-02
 6  5.030502e-02
 7  3.867491e-02
 8  3.025405e-02
 9  2.421782e-02
 10  1.936628e-02
 11  1.515929e-02
 12  1.180108e-02
 13  9.450697e-03
 14  7.818520e-03
 15  6.312638e-03
 16  5.160560e-03
 17  4.276420e-03
 18  3.565652e-03
 19  3.022772e-03
 20  2.493324e-03
 21  2.039773e-03
 22  1.680907e-03
 23  1.439038e-03
 24  1.226419e-03
 25  1.068537e-03
 26  9.304972e-04
 Iteration CPU time: 6 s
 CFIE residual: 0.000930497

 Iseg, Irank, Idinc : 1, 23, 173
 Thata, Phi : 90.000000, 172.000000
 Maximun iteration: 300
 Number of recycle truncation: 30
 Final matrix dimension:  36708
 Residual error:0.001000
 0  5.759562e-01
 1  2.989056e-01
 2  1.889164e-01
 3  1.333130e-01
 4  1.044373e-01
 5  8.195032e-02
 6  6.602932e-02
 7  5.581407e-02
 8  4.617398e-02
 9  3.758788e-02
 10  3.082350e-02
 11  2.609705e-02
 12  2.159433e-02
 13  1.823036e-02
 14  1.489494e-02
 15  1.233647e-02
 16  1.014973e-02
 17  8.098930e-03
 18  6.557595e-03
 19  5.246052e-03
 20  4.230061e-03
 21  3.444345e-03
 22  2.865991e-03
 23  2.416109e-03
 24  2.000159e-03
 25  1.608781e-03
 26  1.318099e-03
 27  1.062047e-03
 28  8.764198e-04
 Iteration CPU time: 6 s
 CFIE residual: 0.00087642

 Iseg, Irank, Idinc : 1, 24, 59
 Thata, Phi : 90.000000, 58.000000
 Maximun iteration: 300
 Number of recycle truncation: 30
 Final matrix dimension:  36708
 Residual error:0.001000
 0  6.612178e-01
 1  3.473615e-01
 2  2.144364e-01
 3  1.346979e-01
 4  9.603874e-02
 5  7.211881e-02
 6  5.500377e-02
 7  4.266276e-02
 8  3.388900e-02
 9  2.611439e-02
 10  1.993167e-02
 11  1.539888e-02
 12  1.208842e-02
 13  9.348255e-03
 14  7.523319e-03
 15  5.943304e-03
 16  4.899416e-03
 17  3.989433e-03
 18  3.293692e-03
 19  2.806035e-03
 20  2.447374e-03
 21  2.152391e-03
 22  1.908061e-03
 23  1.739598e-03
 24  1.623683e-03
 25  1.542684e-03
 26  1.466126e-03
 27  1.412499e-03
 28  1.370493e-03
 29  1.330514e-03
 30  1.287763e-03
 31  1.235884e-03
 32  1.174518e-03
 33  1.125343e-03
 34  1.058678e-03
 35  9.705302e-04
 Iteration CPU time: 8 s
 CFIE residual: 0.00097053

 Iseg, Irank, Idinc : 1, 25, 130
 Thata, Phi : 90.000000, 129.000000
 Maximun iteration: 300
 Number of recycle truncation: 30
 Final matrix dimension:  36708
 Residual error:0.001000
 0  6.743893e-01
 1  3.526398e-01
 2  2.262638e-01
 3  1.544774e-01
 4  1.109434e-01
 5  8.366101e-02
 6  6.414891e-02
 7  5.010506e-02
 8  3.936656e-02
 9  3.176572e-02
 10  2.540360e-02
 11  1.976546e-02
 12  1.544846e-02
 13  1.264372e-02
 14  1.045544e-02
 15  8.439284e-03
 16  6.715349e-03
 17  5.394887e-03
 18  4.460126e-03
 19  3.721628e-03
 20  3.085171e-03
 21  2.579157e-03
 22  2.198328e-03
 23  1.911619e-03
 24  1.689604e-03
 25  1.527010e-03
 26  1.352657e-03
 27  1.234306e-03
 28  1.148468e-03
 29  1.085901e-03
 30  1.030906e-03
 31  9.901436e-04
 Iteration CPU time: 7 s
 CFIE residual: 0.000990144

 Iseg, Irank, Idinc : 1, 26, 5
 Thata, Phi : 90.000000, 4.000000
 Maximun iteration: 300
 Number of recycle truncation: 30
 Final matrix dimension:  36708
 Residual error:0.001000
 0  5.215603e-01
 1  2.717388e-01
 2  1.751543e-01
 3  1.224263e-01
 4  8.745752e-02
 5  6.613339e-02
 6  5.101624e-02
 7  3.819996e-02
 8  2.919014e-02
 9  2.358956e-02
 10  1.863951e-02
 11  1.494707e-02
 12  1.175894e-02
 13  9.600965e-03
 14  7.723753e-03
 15  6.181423e-03
 16  5.046109e-03
 17  4.207702e-03
 18  3.503488e-03
 19  3.017737e-03
 20  2.581140e-03
 21  2.219478e-03
 22  1.853136e-03
 23  1.561992e-03
 24  1.308792e-03
 25  1.099790e-03
 26  9.221660e-04
 Iteration CPU time: 6 s
 CFIE residual: 0.000922166

 Iseg, Irank, Idinc : 1, 27, 181
 Thata, Phi : 90.000000, 180.000000
 Maximun iteration: 300
 Number of recycle truncation: 30
 Final matrix dimension:  36708
 Residual error:0.001000
 0  5.717848e-01
 1  2.986519e-01
 2  1.885148e-01
 3  1.323492e-01
 4  1.027997e-01
 5  7.946689e-02
 6  6.364135e-02
 7  5.403221e-02
 8  4.427147e-02
 9  3.491411e-02
 10  2.745540e-02
 11  2.159693e-02
 12  1.788141e-02
 13  1.400869e-02
 14  1.137978e-02
 15  8.725506e-03
 16  6.708739e-03
 17  5.452274e-03
 18  4.458016e-03
 19  3.610320e-03
 20  2.973738e-03
 21  2.453918e-03
 22  2.019348e-03
 23  1.649215e-03
 24  1.375933e-03
 25  1.118679e-03
 26  9.063631e-04
 Iteration CPU time: 6 s
 CFIE residual: 0.000906363

 Iseg, Irank, Idinc : 1, 28, 37
 Thata, Phi : 90.000000, 36.000000
 Maximun iteration: 300
 Number of recycle truncation: 30
 Final matrix dimension:  36708
 Residual error:0.001000
 0  6.235469e-01
 1  3.122579e-01
 2  1.920354e-01
 3  1.214540e-01
 4  8.326583e-02
 5  6.128664e-02
 6  4.447809e-02
 7  3.399567e-02
 8  2.636944e-02
 9  2.032470e-02
 10  1.583102e-02
 11  1.258058e-02
 12  1.014619e-02
 13  8.158330e-03
 14  6.629136e-03
 15  5.128849e-03
 16  4.190777e-03
 17  3.416749e-03
 18  2.814687e-03
 19  2.355803e-03
 20  1.964564e-03
 21  1.630117e-03
 22  1.388423e-03
 23  1.209451e-03
 24  1.071916e-03
 25  9.623932e-04
 Iteration CPU time: 6 s
 CFIE residual: 0.000962393

 Iseg, Irank, Idinc : 1, 29, 69
 Thata, Phi : 90.000000, 68.000000
 Maximun iteration: 300
 Number of recycle truncation: 30
 Final matrix dimension:  36708
 Residual error:0.001000
 0  6.502437e-01
 1  3.659156e-01
 2  2.335768e-01
 3  1.495011e-01
 4  1.067363e-01
 5  8.179982e-02
 6  6.191143e-02
 7  4.865606e-02
 8  3.998253e-02
 9  3.120992e-02
 10  2.438450e-02
 11  1.884631e-02
 12  1.509967e-02
 13  1.217294e-02
 14  9.872879e-03
 15  7.919906e-03
 16  6.385692e-03
 17  5.418598e-03
 18  4.509209e-03
 19  3.811543e-03
 20  3.209482e-03
 21  2.784321e-03
 22  2.441468e-03
 23  2.237904e-03
 24  2.079490e-03
 25  1.976755e-03
 26  1.883111e-03
 27  1.809976e-03
 28  1.746280e-03
 29  1.690074e-03
 30  1.633316e-03
 31  1.581470e-03
 32  1.520992e-03
 33  1.449528e-03
 34  1.359140e-03
 35  1.242875e-03
 36  1.115756e-03
 37  9.872968e-04
 Iteration CPU time: 8 s
 CFIE residual: 0.000987297

 Iseg, Irank, Idinc : 1, 30, 142
 Thata, Phi : 90.000000, 141.000000
 Maximun iteration: 300
 Number of recycle truncation: 30
 Final matrix dimension:  36708
 Residual error:0.001000
 0  6.826181e-01
 1  3.499927e-01
 2  2.118479e-01
 3  1.443892e-01
 4  1.057273e-01
 5  7.912370e-02
 6  6.141113e-02
 7  4.814420e-02
 8  3.955583e-02
 9  3.351293e-02
 10  2.770811e-02
 11  2.308336e-02
 12  1.951515e-02
 13  1.588131e-02
 14  1.287988e-02
 15  1.035716e-02
 16  8.316013e-03
 17  6.799852e-03
 18  5.534360e-03
 19  4.370187e-03
 20  3.475340e-03
 21  2.768554e-03
 22  2.286626e-03
 23  1.917791e-03
 24  1.598212e-03
 25  1.344804e-03
 26  1.123500e-03
 27  9.760092e-04
 Iteration CPU time: 7 s
 CFIE residual: 0.000976009

 Iseg, Irank, Idinc : 1, 31, 27
 Thata, Phi : 90.000000, 26.000000
 Maximun iteration: 300
 Number of recycle truncation: 30
 Final matrix dimension:  36708
 Residual error:0.001000
 0  6.384964e-01
 1  2.998654e-01
 2  1.713417e-01
 3  1.110086e-01
 4  7.740314e-02
 5  5.711000e-02
 6  4.221509e-02
 7  3.184183e-02
 8  2.563326e-02
 9  2.084631e-02
 10  1.683267e-02
 11  1.344832e-02
 12  1.101071e-02
 13  8.982854e-03
 14  7.384291e-03
 15  6.003766e-03
 16  4.880263e-03
 17  4.005143e-03
 18  3.373321e-03
 19  2.870356e-03
 20  2.356769e-03
 21  1.905298e-03
 22  1.559764e-03
 23  1.316935e-03
 24  1.132767e-03
 25  9.761590e-04
 Iteration CPU time: 6 s
 CFIE residual: 0.000976159

 Iseg, Irank, Idinc : 1, 32, 92
 Thata, Phi : 90.000000, 91.000000
 Maximun iteration: 300
 Number of recycle truncation: 30
 Final matrix dimension:  36708
 Residual error:0.001000
 0  6.086140e-01
 1  3.480690e-01
 2  2.210997e-01
 3  1.493754e-01
 4  1.063902e-01
 5  8.237558e-02
 6  6.384565e-02
 7  5.045029e-02
 8  4.090879e-02
 9  3.272599e-02
 10  2.589650e-02
 11  2.028896e-02
 12  1.695463e-02
 13  1.409261e-02
 14  1.157622e-02
 15  9.308295e-03
 16  7.511678e-03
 17  6.089909e-03
 18  5.021498e-03
 19  4.128429e-03
 20  3.508170e-03
 21  3.000419e-03
 22  2.619399e-03
 23  2.301798e-03
 24  2.102060e-03
 25  1.923119e-03
 26  1.793281e-03
 27  1.700229e-03
 28  1.641377e-03
 29  1.589740e-03
 30  1.537972e-03
 31  1.487100e-03
 32  1.445614e-03
 33  1.398119e-03
 34  1.348504e-03
 35  1.284408e-03
 36  1.197367e-03
 37  1.095532e-03
 38  9.749832e-04
 Iteration CPU time: 8 s
 CFIE residual: 0.000974983

 Iseg, Irank, Idinc : 1, 33, 163
 Thata, Phi : 90.000000, 162.000000
 Maximun iteration: 300
 Number of recycle truncation: 30
 Final matrix dimension:  36708
 Residual error:0.001000
 0  5.993347e-01
 1  3.062643e-01
 2  1.873078e-01
 3  1.293182e-01
 4  9.991258e-02
 5  7.934041e-02
 6  6.499270e-02
 7  5.257025e-02
 8  4.428296e-02
 9  3.800671e-02
 10  3.245808e-02
 11  2.716684e-02
 12  2.306854e-02
 13  1.904490e-02
 14  1.604639e-02
 15  1.308711e-02
 16  1.069154e-02
 17  8.676417e-03
 18  7.086697e-03
 19  5.700482e-03
 20  4.591952e-03
 21  3.694695e-03
 22  3.019201e-03
 23  2.447161e-03
 24  2.014736e-03
 25  1.620679e-03
 26  1.328947e-03
 27  1.080973e-03
 28  9.176031e-04
 Iteration CPU time: 7 s
 CFIE residual: 0.000917603

 Iseg, Irank, Idinc : 1, 34, 3
 Thata, Phi : 90.000000, 2.000000
 Maximun iteration: 300
 Number of recycle truncation: 30
 Final matrix dimension:  36708
 Residual error:0.001000
 0  5.166917e-01
 1  2.706408e-01
 2  1.753050e-01
 3  1.220416e-01
 4  8.667917e-02
 5  6.587628e-02
 6  5.136872e-02
 7  3.832208e-02
 8  2.910516e-02
 9  2.339207e-02
 10  1.830661e-02
 11  1.487161e-02
 12  1.163579e-02
 13  9.357809e-03
 14  7.484633e-03
 15  6.037616e-03
 16  4.976229e-03
 17  4.134919e-03
 18  3.444878e-03
 19  2.949366e-03
 20  2.538772e-03
 21  2.185896e-03
 22  1.836567e-03
 23  1.540582e-03
 24  1.280979e-03
 25  1.063977e-03
 26  8.768459e-04
 Iteration CPU time: 6 s
 CFIE residual: 0.000876846

 Iseg, Irank, Idinc : 1, 35, 180
 Thata, Phi : 90.000000, 179.000000
 Maximun iteration: 300
 Number of recycle truncation: 30
 Final matrix dimension:  36708
 Residual error:0.001000
 0  5.718683e-01
 1  2.986578e-01
 2  1.885316e-01
 3  1.323850e-01
 4  1.028649e-01
 5  7.958520e-02
 6  6.374462e-02
 7  5.412908e-02
 8  4.437132e-02
 9  3.499327e-02
 10  2.754872e-02
 11  2.182757e-02
 12  1.801770e-02
 13  1.434280e-02
 14  1.164187e-02
 15  8.952366e-03
 16  6.974930e-03
 17  5.580329e-03
 18  4.545185e-03
 19  3.652465e-03
 20  3.029076e-03
 21  2.512826e-03
 22  2.063318e-03
 23  1.688274e-03
 24  1.419919e-03
 25  1.193977e-03
 26  9.577231e-04
 Iteration CPU time: 6 s
 CFIE residual: 0.000957723

 Iseg, Irank, Idinc : 1, 36, 48
 Thata, Phi : 90.000000, 47.000000
 Maximun iteration: 300
 Number of recycle truncation: 30
 Final matrix dimension:  36708
 Residual error:0.001000
 0  6.398174e-01
 1  3.296204e-01
 2  2.045321e-01
 3  1.340285e-01
 4  9.560621e-02
 5  7.266612e-02
 6  5.428818e-02
 7  4.165140e-02
 8  3.199106e-02
 9  2.431979e-02
 10  1.843688e-02
 11  1.406986e-02
 12  1.096911e-02
 13  8.756642e-03
 14  7.241828e-03
 15  5.828387e-03
 16  4.580692e-03
 17  3.730139e-03
 18  3.012376e-03
 19  2.461238e-03
 20  2.055901e-03
 21  1.756768e-03
 22  1.544348e-03
 23  1.391881e-03
 24  1.299430e-03
 25  1.227499e-03
 26  1.171540e-03
 27  1.117882e-03
 28  1.073546e-03
 29  1.033366e-03
 30  1.004193e-03
 31  9.734912e-04
 Iteration CPU time: 7 s
 CFIE residual: 0.000973491

 Iseg, Irank, Idinc : 1, 37, 120
 Thata, Phi : 90.000000, 119.000000
 Maximun iteration: 300
 Number of recycle truncation: 30
 Final matrix dimension:  36708
 Residual error:0.001000
 0  6.480170e-01
 1  3.432811e-01
 2  2.194367e-01
 3  1.534291e-01
 4  1.092412e-01
 5  8.091191e-02
 6  6.356652e-02
 7  4.936102e-02
 8  3.877497e-02
 9  3.029773e-02
 10  2.433240e-02
 11  1.929177e-02
 12  1.528232e-02
 13  1.225944e-02
 14  1.008547e-02
 15  8.184055e-03
 16  6.850134e-03
 17  5.639459e-03
 18  4.567811e-03
 19  3.903722e-03
 20  3.245331e-03
 21  2.713962e-03
 22  2.290633e-03
 23  2.023984e-03
 24  1.737655e-03
 25  1.542255e-03
 26  1.372663e-03
 27  1.267102e-03
 28  1.180720e-03
 29  1.113590e-03
 30  1.068791e-03
 31  1.030164e-03
 32  9.965992e-04
 Iteration CPU time: 7 s
 CFIE residual: 0.000996599

 Iseg, Irank, Idinc : 1, 38, 13
 Thata, Phi : 90.000000, 12.000000
 Maximun iteration: 300
 Number of recycle truncation: 30
 Final matrix dimension:  36708
 Residual error:0.001000
 0  5.634132e-01
 1  2.804687e-01
 2  1.748618e-01
 3  1.230110e-01
 4  8.809482e-02
 5  6.568057e-02
 6  5.140419e-02
 7  3.953884e-02
 8  3.099829e-02
 9  2.457180e-02
 10  1.919512e-02
 11  1.503335e-02
 12  1.179812e-02
 13  9.593236e-03
 14  7.847479e-03
 15  6.285294e-03
 16  5.092648e-03
 17  4.238343e-03
 18  3.559402e-03
 19  3.039851e-03
 20  2.530016e-03
 21  2.096964e-03
 22  1.737760e-03
 23  1.492382e-03
 24  1.271007e-03
 25  1.107173e-03
 26  9.644567e-04
 Iteration CPU time: 6 s
 CFIE residual: 0.000964457

 Iseg, Irank, Idinc : 1, 39, 170
 Thata, Phi : 90.000000, 169.000000
 Maximun iteration: 300
 Number of recycle truncation: 30
 Final matrix dimension:  36708
 Residual error:0.001000
 0  5.799749e-01
 1  2.995518e-01
 2  1.883888e-01
 3  1.328575e-01
 4  1.041111e-01
 5  8.181539e-02
 6  6.649699e-02
 7  5.568662e-02
 8  4.626511e-02
 9  3.833401e-02
 10  3.191878e-02
 11  2.701027e-02
 12  2.281602e-02
 13  1.914797e-02
 14  1.573687e-02
 15  1.291085e-02
 16  1.073397e-02
 17  8.591230e-03
 18  6.932065e-03
 19  5.603801e-03
 20  4.506551e-03
 21  3.647116e-03
 22  3.031251e-03
 23  2.523320e-03
 24  2.059071e-03
 25  1.643172e-03
 26  1.340562e-03
 27  1.072613e-03
 28  8.850454e-04
 Iteration CPU time: 7 s
 CFIE residual: 0.000885045

 Iseg, Irank, Idinc : 1, 40, 78
 Thata, Phi : 90.000000, 77.000000
 Maximun iteration: 300
 Number of recycle truncation: 30
 Final matrix dimension:  36708
 Residual error:0.001000
 0  6.226135e-01
 1  3.568888e-01
 2  2.312998e-01
 3  1.473273e-01
 4  1.050521e-01
 5  7.957244e-02
 6  6.214584e-02
 7  4.854173e-02
 8  3.795108e-02
 9  3.113333e-02
 10  2.448425e-02
 11  1.893526e-02
 12  1.520460e-02
 13  1.258178e-02
 14  1.036804e-02
 15  8.524666e-03
 16  7.073250e-03
 17  5.733003e-03
 18  4.783594e-03
 19  4.094040e-03
 20  3.471493e-03
 21  3.008513e-03
 22  2.658820e-03
 23  2.384400e-03
 24  2.203738e-03
 25  2.074132e-03
 26  1.950209e-03
 27  1.859221e-03
 28  1.794890e-03
 29  1.745384e-03
 30  1.700584e-03
 31  1.650617e-03
 32  1.603071e-03
 33  1.535951e-03
 34  1.459211e-03
 35  1.362818e-03
 36  1.237919e-03
 37  1.106612e-03
 38  9.561994e-04
 Iteration CPU time: 8 s
 CFIE residual: 0.000956199
 Last Built End in Sep 21 2025 00:06:12
 Total CPU time: 299 s
 Finished.
