 Last Built Begin in Sep 21 2025 00:06:12
 Pre-Type( Input ):           10
 Skl-Tol ( Input ):    1.0000000000000001E-005
 Wavelength in freespace: 0.0314465

 ################################################
 ##         Generating Required Mesh          ##
 ##         Waiting.....                      ##
 ################################################
 Subd No.      Subd Name
    1    Open-Duct_PRIME_model_meshAA1                                     
 isub,  nnode, npatch,  nedge:
    1      6118     12236     18354
 Scale Factor         >>   1.54999997E-02
 ################################################

 START TIME: 20250922   013952.464


 Informaton for IE geometry:
 number of subdomains     : 1
 maxnode,maxpatch,maxedge : 6118  12236  18354
 
 Index of Mat-Reg: 1
 Mat-Reg Number via MatFlg: 1
 Edge Number of Mat-Reg: 1, 18354

 Number of Edge on PEC: 18354
 Mat-Reg: No Dim(m) Lmax:
    1 0.228    5
 Totlmax, add1, add2:           5           6           7
 rlengmax of Global MLFMA >>   0.22800844693646249     
 Lmax of Global MLFMA >>            5
 Wavenum of Mat-Reg:
    1 1.000

 total area in sq m           =      0.0510
 total area in sq lambda      =     51.5428
 maxnode, maxpatch, maxedge           =     6118    12236    18354
 longest  edge in lambda              =      0.1484
 shortest edge in lambda              =      0.0071
 average  edge in lambda              =      0.0991
 largest  patch area in sq lambda     =      0.0075
 smallest patch area in sq lambda     =      0.0000
 ave    surface area in sq lambda     =      0.0042
 size range of the object in sq lambda =      7.2963

 #### MLFMA Info For Each Region ####
 Mat-Region =            1
 Array dimension parameters:
 maxrule=          14   maxgrid  =          64
 lmax   =           5   ncmax    =        1250
 lsmax  =          26   lsmin    =           6
 kpm    =        1356   kp0      =          76
 ntlm   =      204640   nsm      =      205900
 nkpm   =        2152   niplm    =      137728
 ngnearm=       14257   ngsndm   =       64634
 nearm  =         333   mfinestm =         119
 ###############################

 CFIE Alpha:  0.50000000000000000     

 Fill MLFMA FI for Mat-Reg:           1
 Begin filltl.f
 fill translation matrix
 Level:            2
 fill shifting matrix
 Level:            3
 fill shifting matrix
 Level:            4
 fill shifting matrix
 Level:            5
 fill shifting matrix
 translator time(s):  0.106000006    
 fill interpolation matrix
 ThetaOrder            8
 PhiOrder            8
 lsl            6
 Filling TL                  Delta_CPU=          0.51 Memory(MB)=        586.87
 Filling sndgrp              Delta_CPU=          0.00 Memory(MB)=        586.87
 Filling VFS                 Delta_CPU=          2.39 Memory(MB)=        586.87

 Fill MLFMA NI for Mat-Reg:           1
 Begin fill sparser part of Nearfield
 Begin fill denser part of Nearfield
 End fill
 Filling Amn                 Delta_CPU=         92.42 Memory(MB)=        586.87


 Now testing preconditioner with
 ipretype =           10
 method = cfie_solve_nfrasspspre_pardiso

  
 NBP>>Begin fill sparser part of Nearfield

114.0479% NBP>>Begin fill denser part of Nearfield

200.1041%
 Begin MLFMA Box-Matrix Based Spar-RAS Prec Constructor
 --- Intel MKL PARDISO --- 
 Memory for iGroup: 1 0 MB
 Total Memory For SparRAS Pre: 0 MB
 --- PARDISO PRECONDITIONER INITIALIZED --- 
 Constructing preconditioner CPU time: 5 s
 
 1101240
 Memory for Iteration:: 16.8036 MB

 Iseg, Ninc_S : 1, 181, 0

 Iseg, Skeleton Angles: 1, 38
 Iseg, Skel-Pk Mem(MB): 1, 314.35

 Iseg, Irank, Idinc : 1, 1, 22
 Thata, Phi : 90.000000, 21.000000
 Maximun iteration: 300
 Number of recycle truncation: 30
 Final matrix dimension:  36708
 Residual error:0.001000
 0  6.039914e-01
 1  2.896800e-01
 2  1.656383e-01
 3  1.139662e-01
 4  8.140773e-02
 5  5.997211e-02
 6  4.590880e-02
 7  3.645248e-02
 8  2.866975e-02
 9  2.244457e-02
 10  1.762990e-02
 11  1.374218e-02
 12  1.138834e-02
 13  9.294815e-03
 14  7.818592e-03
 15  6.636184e-03
 16  5.612497e-03
 17  4.756363e-03
 18  4.112666e-03
 19  3.517530e-03
 20  3.021665e-03
 21  2.639592e-03
 22  2.337226e-03
 23  2.110311e-03
 24  1.844835e-03
 25  1.574533e-03
 26  1.343581e-03
 27  1.124238e-03
 28  9.309066e-04
 Iteration CPU time: 6 s
 CFIE residual: 0.000930907

 Iseg, Irank, Idinc : 1, 2, 42
 Thata, Phi : 90.000000, 41.000000
 Maximun iteration: 300
 Number of recycle truncation: 30
 Final matrix dimension:  36708
 Residual error:0.001000
 0  6.210948e-01
 1  3.153948e-01
 2  2.007617e-01
 3  1.321331e-01
 4  9.097059e-02
 5  6.630281e-02
 6  4.903055e-02
 7  3.706797e-02
 8  2.858898e-02
 9  2.221817e-02
 10  1.773739e-02
 11  1.440049e-02
 12  1.155078e-02
 13  9.974483e-03
 14  8.429581e-03
 15  7.295333e-03
 16  6.513963e-03
 17  5.743514e-03
 18  4.995035e-03
 19  4.388703e-03
 20  3.734398e-03
 21  3.140400e-03
 22  2.605537e-03
 23  2.125889e-03
 24  1.725572e-03
 25  1.358077e-03
 26  1.075971e-03
 27  8.439346e-04
 Iteration CPU time: 7 s
 CFIE residual: 0.000843935

 Iseg, Irank, Idinc : 1, 3, 63
 Thata, Phi : 90.000000, 62.000000
 Maximun iteration: 300
 Number of recycle truncation: 30
 Final matrix dimension:  36708
 Residual error:0.001000
 0  6.654160e-01
 1  3.546431e-01
 2  2.214092e-01
 3  1.433192e-01
 4  1.048057e-01
 5  7.925846e-02
 6  6.075009e-02
 7  4.883973e-02
 8  3.918630e-02
 9  3.063786e-02
 10  2.444622e-02
 11  1.949579e-02
 12  1.616159e-02
 13  1.384768e-02
 14  1.183515e-02
 15  1.035275e-02
 16  9.172981e-03
 17  8.014626e-03
 18  7.111936e-03
 19  6.091907e-03
 20  5.218154e-03
 21  4.395573e-03
 22  3.569686e-03
 23  2.863468e-03
 24  2.282280e-03
 25  1.747602e-03
 26  1.359771e-03
 27  1.025884e-03
 28  7.863952e-04
 Iteration CPU time: 6 s
 CFIE residual: 0.000786395

 Iseg, Irank, Idinc : 1, 4, 108
 Thata, Phi : 90.000000, 107.000000
 Maximun iteration: 300
 Number of recycle truncation: 30
 Final matrix dimension:  36708
 Residual error:0.001000
 0  6.309012e-01
 1  3.590895e-01
 2  2.274721e-01
 3  1.548030e-01
 4  1.094105e-01
 5  8.223568e-02
 6  6.371852e-02
 7  4.974048e-02
 8  3.891642e-02
 9  3.053377e-02
 10  2.432471e-02
 11  1.932644e-02
 12  1.583064e-02
 13  1.284123e-02
 14  1.085922e-02
 15  9.117258e-03
 16  7.741181e-03
 17  6.688348e-03
 18  5.909459e-03
 19  5.145882e-03
 20  4.511056e-03
 21  4.012410e-03
 22  3.478177e-03
 23  3.017298e-03
 24  2.609563e-03
 25  2.187124e-03
 26  1.770909e-03
 27  1.422786e-03
 28  1.158155e-03
 29  9.033612e-04
 Iteration CPU time: 7 s
 CFIE residual: 0.000903361

 Iseg, Irank, Idinc : 1, 5, 75
 Thata, Phi : 90.000000, 74.000000
 Maximun iteration: 300
 Number of recycle truncation: 30
 Final matrix dimension:  36708
 Residual error:0.001000
 0  6.444007e-01
 1  3.692996e-01
 2  2.392833e-01
 3  1.517037e-01
 4  1.068146e-01
 5  8.273754e-02
 6  6.428005e-02
 7  5.333907e-02
 8  4.258241e-02
 9  3.434341e-02
 10  2.791058e-02
 11  2.250058e-02
 12  1.853878e-02
 13  1.595965e-02
 14  1.376453e-02
 15  1.204739e-02
 16  1.089915e-02
 17  9.561646e-03
 18  8.422884e-03
 19  7.364371e-03
 20  6.447837e-03
 21  5.540808e-03
 22  4.683293e-03
 23  3.830656e-03
 24  3.082392e-03
 25  2.462565e-03
 26  1.938986e-03
 27  1.579278e-03
 28  1.254584e-03
 29  9.959816e-04
 Iteration CPU time: 7 s
 CFIE residual: 0.000995982

 Iseg, Irank, Idinc : 1, 6, 146
 Thata, Phi : 90.000000, 145.000000
 Maximun iteration: 300
 Number of recycle truncation: 30
 Final matrix dimension:  36708
 Residual error:0.001000
 0  6.444134e-01
 1  3.430626e-01
 2  2.076322e-01
 3  1.464594e-01
 4  1.060044e-01
 5  8.277511e-02
 6  6.398404e-02
 7  5.187141e-02
 8  4.309741e-02
 9  3.583428e-02
 10  2.976667e-02
 11  2.437773e-02
 12  2.019797e-02
 13  1.611225e-02
 14  1.266024e-02
 15  1.014042e-02
 16  8.189853e-03
 17  6.795017e-03
 18  5.702724e-03
 19  4.725538e-03
 20  3.986755e-03
 21  3.451086e-03
 22  3.025961e-03
 23  2.660157e-03
 24  2.351868e-03
 25  2.070361e-03
 26  1.795306e-03
 27  1.544905e-03
 28  1.280454e-03
 29  1.058866e-03
 30  8.475512e-04
 Iteration CPU time: 6 s
 CFIE residual: 0.000847551

 Iseg, Irank, Idinc : 1, 7, 159
 Thata, Phi : 90.000000, 158.000000
 Maximun iteration: 300
 Number of recycle truncation: 30
 Final matrix dimension:  36708
 Residual error:0.001000
 0  6.005235e-01
 1  3.119243e-01
 2  1.878950e-01
 3  1.331579e-01
 4  1.013273e-01
 5  8.091685e-02
 6  6.456744e-02
 7  5.299970e-02
 8  4.498130e-02
 9  3.809533e-02
 10  3.245186e-02
 11  2.675838e-02
 12  2.176534e-02
 13  1.723218e-02
 14  1.408444e-02
 15  1.119790e-02
 16  8.764328e-03
 17  7.116333e-03
 18  5.779644e-03
 19  4.818471e-03
 20  3.978619e-03
 21  3.324388e-03
 22  2.877790e-03
 23  2.488006e-03
 24  2.181526e-03
 25  1.933782e-03
 26  1.715470e-03
 27  1.496398e-03
 28  1.277300e-03
 29  1.082256e-03
 30  9.037620e-04
 Iteration CPU time: 6 s
 CFIE residual: 0.000903762

 Iseg, Irank, Idinc : 1, 8, 132
 Thata, Phi : 90.000000, 131.000000
 Maximun iteration: 300
 Number of recycle truncation: 30
 Final matrix dimension:  36708
 Residual error:0.001000
 0  6.835022e-01
 1  3.599446e-01
 2  2.318877e-01
 3  1.587241e-01
 4  1.137839e-01
 5  8.758247e-02
 6  6.670885e-02
 7  5.257613e-02
 8  4.178533e-02
 9  3.321635e-02
 10  2.660631e-02
 11  2.102297e-02
 12  1.708330e-02
 13  1.412761e-02
 14  1.161854e-02
 15  9.609536e-03
 16  7.967813e-03
 17  6.798493e-03
 18  5.865334e-03
 19  5.160545e-03
 20  4.524496e-03
 21  4.027949e-03
 22  3.548561e-03
 23  3.166315e-03
 24  2.735277e-03
 25  2.283611e-03
 26  1.928704e-03
 27  1.588997e-03
 28  1.337195e-03
 29  1.111682e-03
 30  8.980269e-04
 Iteration CPU time: 7 s
 CFIE residual: 0.000898027

 Iseg, Irank, Idinc : 1, 9, 122
 Thata, Phi : 90.000000, 121.000000
 Maximun iteration: 300
 Number of recycle truncation: 30
 Final matrix dimension:  36708
 Residual error:0.001000
 0  6.528919e-01
 1  3.468297e-01
 2  2.284215e-01
 3  1.579900e-01
 4  1.118336e-01
 5  8.528945e-02
 6  6.526521e-02
 7  5.117378e-02
 8  3.880341e-02
 9  3.066201e-02
 10  2.427506e-02
 11  1.911512e-02
 12  1.529171e-02
 13  1.293242e-02
 14  1.101489e-02
 15  9.401239e-03
 16  8.054803e-03
 17  6.932219e-03
 18  6.052041e-03
 19  5.245394e-03
 20  4.556441e-03
 21  3.980271e-03
 22  3.488153e-03
 23  3.008882e-03
 24  2.587370e-03
 25  2.169226e-03
 26  1.816838e-03
 27  1.517279e-03
 28  1.249013e-03
 29  9.952927e-04
 Iteration CPU time: 7 s
 CFIE residual: 0.000995293

 Iseg, Irank, Idinc : 1, 10, 89
 Thata, Phi : 90.000000, 88.000000
 Maximun iteration: 300
 Number of recycle truncation: 30
 Final matrix dimension:  36708
 Residual error:0.001000
 0  6.245667e-01
 1  3.583660e-01
 2  2.309673e-01
 3  1.569461e-01
 4  1.136607e-01
 5  8.941966e-02
 6  6.991695e-02
 7  5.569899e-02
 8  4.586315e-02
 9  3.639050e-02
 10  2.866182e-02
 11  2.284208e-02
 12  1.865255e-02
 13  1.538155e-02
 14  1.300554e-02
 15  1.127171e-02
 16  9.828867e-03
 17  8.739155e-03
 18  7.743576e-03
 19  6.813821e-03
 20  5.993593e-03
 21  5.163363e-03
 22  4.242903e-03
 23  3.499330e-03
 24  2.863763e-03
 25  2.325412e-03
 26  1.815493e-03
 27  1.424783e-03
 28  1.119716e-03
 29  8.760479e-04
 Iteration CPU time: 7 s
 CFIE residual: 0.000876048

 Iseg, Irank, Idinc : 1, 11, 32
 Thata, Phi : 90.000000, 31.000000
 Maximun iteration: 300
 Number of recycle truncation: 30
 Final matrix dimension:  36708
 Residual error:0.001000
 0  6.301271e-01
 1  3.053407e-01
 2  1.793613e-01
 3  1.139116e-01
 4  8.066660e-02
 5  6.020068e-02
 6  4.436751e-02
 7  3.430942e-02
 8  2.612414e-02
 9  2.028771e-02
 10  1.655588e-02
 11  1.327208e-02
 12  1.090643e-02
 13  9.209865e-03
 14  7.629843e-03
 15  6.482967e-03
 16  5.687785e-03
 17  4.928989e-03
 18  4.291090e-03
 19  3.785136e-03
 20  3.271509e-03
 21  2.829447e-03
 22  2.487675e-03
 23  2.165000e-03
 24  1.855416e-03
 25  1.533156e-03
 26  1.261104e-03
 27  1.012167e-03
 28  8.338452e-04
 Iteration CPU time: 6 s
 CFIE residual: 0.000833845

 Iseg, Irank, Idinc : 1, 12, 53
 Thata, Phi : 90.000000, 52.000000
 Maximun iteration: 300
 Number of recycle truncation: 30
 Final matrix dimension:  36708
 Residual error:0.001000
 0  6.420959e-01
 1  3.326229e-01
 2  2.069466e-01
 3  1.356652e-01
 4  9.639167e-02
 5  7.195522e-02
 6  5.545611e-02
 7  4.285693e-02
 8  3.368451e-02
 9  2.597084e-02
 10  2.055057e-02
 11  1.695995e-02
 12  1.407078e-02
 13  1.218684e-02
 14  1.052851e-02
 15  9.134272e-03
 16  8.113928e-03
 17  7.169029e-03
 18  6.203054e-03
 19  5.222766e-03
 20  4.397421e-03
 21  3.682338e-03
 22  2.986040e-03
 23  2.385555e-03
 24  1.882624e-03
 25  1.449469e-03
 26  1.120056e-03
 27  9.055966e-04
 Iteration CPU time: 6 s
 CFIE residual: 0.000905597

 Iseg, Irank, Idinc : 1, 13, 11
 Thata, Phi : 90.000000, 10.000000
 Maximun iteration: 300
 Number of recycle truncation: 30
 Final matrix dimension:  36708
 Residual error:0.001000
 0  5.335929e-01
 1  2.745037e-01
 2  1.717590e-01
 3  1.228780e-01
 4  8.850155e-02
 5  6.719434e-02
 6  5.121361e-02
 7  4.003252e-02
 8  3.094960e-02
 9  2.404858e-02
 10  1.915234e-02
 11  1.511822e-02
 12  1.180242e-02
 13  9.583919e-03
 14  7.871275e-03
 15  6.580616e-03
 16  5.651504e-03
 17  4.761016e-03
 18  4.135812e-03
 19  3.621881e-03
 20  3.119848e-03
 21  2.693014e-03
 22  2.373613e-03
 23  2.126202e-03
 24  1.847343e-03
 25  1.593935e-03
 26  1.397832e-03
 27  1.218901e-03
 28  1.039318e-03
 29  8.584750e-04
 Iteration CPU time: 7 s
 CFIE residual: 0.000858475

 Iseg, Irank, Idinc : 1, 14, 178
 Thata, Phi : 90.000000, 177.000000
 Maximun iteration: 300
 Number of recycle truncation: 30
 Final matrix dimension:  36708
 Residual error:0.001000
 0  5.493283e-01
 1  3.001826e-01
 2  1.910769e-01
 3  1.376603e-01
 4  1.069984e-01
 5  8.368394e-02
 6  6.854547e-02
 7  5.591352e-02
 8  4.449097e-02
 9  3.612014e-02
 10  2.850268e-02
 11  2.242692e-02
 12  1.758663e-02
 13  1.382641e-02
 14  1.090732e-02
 15  8.511024e-03
 16  6.903119e-03
 17  5.659335e-03
 18  4.670834e-03
 19  3.837555e-03
 20  3.170608e-03
 21  2.719565e-03
 22  2.383230e-03
 23  2.089226e-03
 24  1.846545e-03
 25  1.602985e-03
 26  1.421848e-03
 27  1.266770e-03
 28  1.093141e-03
 29  9.319797e-04
 Iteration CPU time: 7 s
 CFIE residual: 0.00093198

 Iseg, Irank, Idinc : 1, 15, 97
 Thata, Phi : 90.000000, 96.000000
 Maximun iteration: 300
 Number of recycle truncation: 30
 Final matrix dimension:  36708
 Residual error:0.001000
 0  6.220584e-01
 1  3.573250e-01
 2  2.256137e-01
 3  1.509598e-01
 4  1.082889e-01
 5  8.264067e-02
 6  6.505339e-02
 7  5.233494e-02
 8  4.186507e-02
 9  3.330174e-02
 10  2.632574e-02
 11  2.086811e-02
 12  1.709257e-02
 13  1.418462e-02
 14  1.178649e-02
 15  1.027745e-02
 16  8.917442e-03
 17  7.874359e-03
 18  7.040114e-03
 19  6.230399e-03
 20  5.550654e-03
 21  4.922935e-03
 22  4.182923e-03
 23  3.526505e-03
 24  2.948985e-03
 25  2.414404e-03
 26  1.951334e-03
 27  1.546787e-03
 28  1.225317e-03
 29  9.327011e-04
 Iteration CPU time: 6 s
 CFIE residual: 0.000932701

 Iseg, Irank, Idinc : 1, 16, 82
 Thata, Phi : 90.000000, 81.000000
 Maximun iteration: 300
 Number of recycle truncation: 30
 Final matrix dimension:  36708
 Residual error:0.001000
 0  6.289590e-01
 1  3.596852e-01
 2  2.333659e-01
 3  1.559790e-01
 4  1.121329e-01
 5  8.831925e-02
 6  6.835708e-02
 7  5.474750e-02
 8  4.529989e-02
 9  3.513010e-02
 10  2.781596e-02
 11  2.217012e-02
 12  1.835818e-02
 13  1.532556e-02
 14  1.318741e-02
 15  1.149976e-02
 16  1.010960e-02
 17  8.886810e-03
 18  7.929237e-03
 19  6.891959e-03
 20  6.043102e-03
 21  5.181258e-03
 22  4.330224e-03
 23  3.572430e-03
 24  2.938042e-03
 25  2.361224e-03
 26  1.894495e-03
 27  1.515430e-03
 28  1.206111e-03
 29  9.514953e-04
 Iteration CPU time: 7 s
 CFIE residual: 0.000951495

 Iseg, Irank, Idinc : 1, 17, 115
 Thata, Phi : 90.000000, 114.000000
 Maximun iteration: 300
 Number of recycle truncation: 30
 Final matrix dimension:  36708
 Residual error:0.001000
 0  6.453356e-01
 1  3.521992e-01
 2  2.250301e-01
 3  1.554360e-01
 4  1.098470e-01
 5  8.286227e-02
 6  6.395522e-02
 7  4.920575e-02
 8  3.789443e-02
 9  2.999300e-02
 10  2.377747e-02
 11  1.900904e-02
 12  1.535986e-02
 13  1.286138e-02
 14  1.082753e-02
 15  9.153380e-03
 16  7.753214e-03
 17  6.672526e-03
 18  5.727080e-03
 19  5.025417e-03
 20  4.395142e-03
 21  3.861068e-03
 22  3.348441e-03
 23  2.911222e-03
 24  2.456608e-03
 25  2.066257e-03
 26  1.717193e-03
 27  1.411487e-03
 28  1.136915e-03
 29  8.842949e-04
 Iteration CPU time: 7 s
 CFIE residual: 0.000884295

 Iseg, Irank, Idinc : 1, 18, 1
 Thata, Phi : 90.000000, 0.000000
 Maximun iteration: 300
 Number of recycle truncation: 30
 Final matrix dimension:  36708
 Residual error:0.001000
 0  5.017767e-01
 1  2.660564e-01
 2  1.731238e-01
 3  1.203122e-01
 4  8.640934e-02
 5  6.432640e-02
 6  4.923421e-02
 7  3.744197e-02
 8  2.977891e-02
 9  2.223492e-02
 10  1.713421e-02
 11  1.363374e-02
 12  1.080051e-02
 13  8.799406e-03
 14  7.173055e-03
 15  5.805116e-03
 16  4.856195e-03
 17  4.135710e-03
 18  3.587188e-03
 19  3.082375e-03
 20  2.688075e-03
 21  2.430657e-03
 22  2.119021e-03
 23  1.838744e-03
 24  1.598223e-03
 25  1.382125e-03
 26  1.216023e-03
 27  1.026799e-03
 28  8.555189e-04
 Iteration CPU time: 6 s
 CFIE residual: 0.000855519

 Iseg, Irank, Idinc : 1, 19, 167
 Thata, Phi : 90.000000, 166.000000
 Maximun iteration: 300
 Number of recycle truncation: 30
 Final matrix dimension:  36708
 Residual error:0.001000
 0  5.713002e-01
 1  3.019071e-01
 2  1.868355e-01
 3  1.360212e-01
 4  1.052425e-01
 5  8.483888e-02
 6  6.892648e-02
 7  5.645103e-02
 8  4.717243e-02
 9  3.975072e-02
 10  3.334106e-02
 11  2.746209e-02
 12  2.227492e-02
 13  1.781281e-02
 14  1.435127e-02
 15  1.156927e-02
 16  9.183379e-03
 17  7.587774e-03
 18  6.144902e-03
 19  4.992334e-03
 20  4.055660e-03
 21  3.374018e-03
 22  2.870675e-03
 23  2.477590e-03
 24  2.154938e-03
 25  1.865078e-03
 26  1.653981e-03
 27  1.451370e-03
 28  1.290078e-03
 29  1.127948e-03
 30  9.729858e-04
 Iteration CPU time: 7 s
 CFIE residual: 0.000972986

 Iseg, Irank, Idinc : 1, 20, 152
 Thata, Phi : 90.000000, 151.000000
 Maximun iteration: 300
 Number of recycle truncation: 30
 Final matrix dimension:  36708
 Residual error:0.001000
 0  6.253819e-01
 1  3.304477e-01
 2  1.989792e-01
 3  1.408438e-01
 4  1.037658e-01
 5  8.167339e-02
 6  6.457406e-02
 7  5.257596e-02
 8  4.448968e-02
 9  3.756733e-02
 10  3.126879e-02
 11  2.555829e-02
 12  2.061217e-02
 13  1.639255e-02
 14  1.287805e-02
 15  1.024137e-02
 16  7.979723e-03
 17  6.624757e-03
 18  5.468825e-03
 19  4.531543e-03
 20  3.818802e-03
 21  3.218639e-03
 22  2.793493e-03
 23  2.451368e-03
 24  2.177837e-03
 25  1.909068e-03
 26  1.649880e-03
 27  1.428927e-03
 28  1.178000e-03
 29  9.640354e-04
 Iteration CPU time: 7 s
 CFIE residual: 0.000964035

 Iseg, Irank, Idinc : 1, 21, 181
 Thata, Phi : 90.000000, 180.000000
 Maximun iteration: 300
 Number of recycle truncation: 30
 Final matrix dimension:  36708
 Residual error:0.001000
 0  5.478753e-01
 1  3.002245e-01
 2  1.911397e-01
 3  1.375878e-01
 4  1.067955e-01
 5  8.318865e-02
 6  6.807054e-02
 7  5.555424e-02
 8  4.403514e-02
 9  3.558294e-02
 10  2.767588e-02
 11  2.127824e-02
 12  1.619229e-02
 13  1.231071e-02
 14  9.454168e-03
 15  7.255959e-03
 16  5.763010e-03
 17  4.773880e-03
 18  3.869711e-03
 19  3.233503e-03
 20  2.769871e-03
 21  2.395535e-03
 22  2.107527e-03
 23  1.861461e-03
 24  1.670592e-03
 25  1.464934e-03
 26  1.306010e-03
 27  1.134447e-03
 28  9.500370e-04
 Iteration CPU time: 6 s
 CFIE residual: 0.000950037

 Iseg, Irank, Idinc : 1, 22, 16
 Thata, Phi : 90.000000, 15.000000
 Maximun iteration: 300
 Number of recycle truncation: 30
 Final matrix dimension:  36708
 Residual error:0.001000
 0  5.642654e-01
 1  2.811258e-01
 2  1.694775e-01
 3  1.205106e-01
 4  8.650314e-02
 5  6.501242e-02
 6  4.984897e-02
 7  3.966389e-02
 8  3.082183e-02
 9  2.391434e-02
 10  1.879754e-02
 11  1.493032e-02
 12  1.186155e-02
 13  9.524382e-03
 14  7.970019e-03
 15  6.682191e-03
 16  5.665799e-03
 17  4.831131e-03
 18  4.209878e-03
 19  3.616560e-03
 20  3.086749e-03
 21  2.709335e-03
 22  2.380415e-03
 23  2.169367e-03
 24  1.885020e-03
 25  1.615371e-03
 26  1.405550e-03
 27  1.200359e-03
 28  1.008294e-03
 29  8.376669e-04
 Iteration CPU time: 7 s
 CFIE residual: 0.000837667

 Iseg, Irank, Idinc : 1, 23, 69
 Thata, Phi : 90.000000, 68.000000
 Maximun iteration: 300
 Number of recycle truncation: 30
 Final matrix dimension:  36708
 Residual error:0.001000
 0  6.592382e-01
 1  3.660761e-01
 2  2.320237e-01
 3  1.515567e-01
 4  1.109529e-01
 5  8.438806e-02
 6  6.500468e-02
 7  5.275087e-02
 8  4.281787e-02
 9  3.415297e-02
 10  2.784182e-02
 11  2.258274e-02
 12  1.844598e-02
 13  1.566800e-02
 14  1.337019e-02
 15  1.181208e-02
 16  1.052180e-02
 17  9.339079e-03
 18  8.182091e-03
 19  7.112936e-03
 20  6.177088e-03
 21  5.298590e-03
 22  4.452049e-03
 23  3.668186e-03
 24  2.925748e-03
 25  2.275136e-03
 26  1.804099e-03
 27  1.416786e-03
 28  1.106673e-03
 29  8.461244e-04
 Iteration CPU time: 6 s
 CFIE residual: 0.000846124

 Iseg, Irank, Idinc : 1, 24, 139
 Thata, Phi : 90.000000, 138.000000
 Maximun iteration: 300
 Number of recycle truncation: 30
 Final matrix dimension:  36708
 Residual error:0.001000
 0  6.850841e-01
 1  3.545598e-01
 2  2.219793e-01
 3  1.541376e-01
 4  1.121861e-01
 5  8.562094e-02
 6  6.425363e-02
 7  5.148351e-02
 8  4.267279e-02
 9  3.440010e-02
 10  2.800404e-02
 11  2.259443e-02
 12  1.893284e-02
 13  1.514458e-02
 14  1.210916e-02
 15  9.730270e-03
 16  8.111485e-03
 17  6.720140e-03
 18  5.707991e-03
 19  4.919284e-03
 20  4.286045e-03
 21  3.816618e-03
 22  3.372058e-03
 23  2.953174e-03
 24  2.584490e-03
 25  2.201760e-03
 26  1.869994e-03
 27  1.548053e-03
 28  1.254245e-03
 29  1.018020e-03
 30  8.147686e-04
 Iteration CPU time: 7 s
 CFIE residual: 0.000814769

 Iseg, Irank, Idinc : 1, 25, 5
 Thata, Phi : 90.000000, 4.000000
 Maximun iteration: 300
 Number of recycle truncation: 30
 Final matrix dimension:  36708
 Residual error:0.001000
 0  5.078161e-01
 1  2.677863e-01
 2  1.727857e-01
 3  1.211947e-01
 4  8.760558e-02
 5  6.595251e-02
 6  5.041312e-02
 7  3.803418e-02
 8  2.978512e-02
 9  2.263135e-02
 10  1.781295e-02
 11  1.450765e-02
 12  1.151044e-02
 13  9.261739e-03
 14  7.645188e-03
 15  6.353263e-03
 16  5.386348e-03
 17  4.562968e-03
 18  3.928302e-03
 19  3.466147e-03
 20  3.020838e-03
 21  2.613958e-03
 22  2.293989e-03
 23  2.053120e-03
 24  1.770596e-03
 25  1.531921e-03
 26  1.338087e-03
 27  1.180210e-03
 28  1.001285e-03
 29  8.257690e-04
 Iteration CPU time: 7 s
 CFIE residual: 0.000825769

 Iseg, Irank, Idinc : 1, 26, 173
 Thata, Phi : 90.000000, 172.000000
 Maximun iteration: 300
 Number of recycle truncation: 30
 Final matrix dimension:  36708
 Residual error:0.001000
 0  5.567898e-01
 1  3.002322e-01
 2  1.902488e-01
 3  1.378062e-01
 4  1.074295e-01
 5  8.538467e-02
 6  6.992883e-02
 7  5.696237e-02
 8  4.630974e-02
 9  3.846730e-02
 10  3.153192e-02
 11  2.569170e-02
 12  2.074089e-02
 13  1.647743e-02
 14  1.345000e-02
 15  1.078250e-02
 16  8.655266e-03
 17  7.054033e-03
 18  5.677738e-03
 19  4.628138e-03
 20  3.774893e-03
 21  3.157840e-03
 22  2.707192e-03
 23  2.342161e-03
 24  2.026798e-03
 25  1.748333e-03
 26  1.546027e-03
 27  1.363110e-03
 28  1.204722e-03
 29  1.053094e-03
 30  9.124768e-04
 Iteration CPU time: 7 s
 CFIE residual: 0.000912477

 Iseg, Irank, Idinc : 1, 27, 47
 Thata, Phi : 90.000000, 46.000000
 Maximun iteration: 300
 Number of recycle truncation: 30
 Final matrix dimension:  36708
 Residual error:0.001000
 0  6.297342e-01
 1  3.210117e-01
 2  2.036883e-01
 3  1.356039e-01
 4  9.515199e-02
 5  6.999435e-02
 6  5.270719e-02
 7  4.043027e-02
 8  3.150690e-02
 9  2.455164e-02
 10  1.949037e-02
 11  1.581916e-02
 12  1.282050e-02
 13  1.100161e-02
 14  9.416442e-03
 15  8.154635e-03
 16  7.258521e-03
 17  6.408844e-03
 18  5.592460e-03
 19  4.691697e-03
 20  3.929154e-03
 21  3.289683e-03
 22  2.725164e-03
 23  2.179735e-03
 24  1.743713e-03
 25  1.391246e-03
 26  1.086602e-03
 27  8.622722e-04
 Iteration CPU time: 6 s
 CFIE residual: 0.000862272

 Iseg, Irank, Idinc : 1, 28, 102
 Thata, Phi : 90.000000, 101.000000
 Maximun iteration: 300
 Number of recycle truncation: 30
 Final matrix dimension:  36708
 Residual error:0.001000
 0  6.202015e-01
 1  3.561344e-01
 2  2.252121e-01
 3  1.518833e-01
 4  1.061323e-01
 5  8.043630e-02
 6  6.247031e-02
 7  4.931435e-02
 8  3.896805e-02
 9  3.027255e-02
 10  2.483347e-02
 11  1.959266e-02
 12  1.606379e-02
 13  1.328337e-02
 14  1.118741e-02
 15  9.435235e-03
 16  8.237171e-03
 17  7.206194e-03
 18  6.438367e-03
 19  5.692012e-03
 20  5.045928e-03
 21  4.436468e-03
 22  3.828132e-03
 23  3.282918e-03
 24  2.773410e-03
 25  2.295971e-03
 26  1.872825e-03
 27  1.511192e-03
 28  1.205714e-03
 29  9.535371e-04
 Iteration CPU time: 7 s
 CFIE residual: 0.000953537

 Iseg, Irank, Idinc : 1, 29, 27
 Thata, Phi : 90.000000, 26.000000
 Maximun iteration: 300
 Number of recycle truncation: 30
 Final matrix dimension:  36708
 Residual error:0.001000
 0  6.271532e-01
 1  2.974539e-01
 2  1.683208e-01
 3  1.100946e-01
 4  7.842805e-02
 5  5.816390e-02
 6  4.357587e-02
 7  3.400180e-02
 8  2.639908e-02
 9  2.064744e-02
 10  1.650836e-02
 11  1.308619e-02
 12  1.076703e-02
 13  8.927166e-03
 14  7.474155e-03
 15  6.447617e-03
 16  5.493349e-03
 17  4.673993e-03
 18  4.057233e-03
 19  3.540753e-03
 20  3.067342e-03
 21  2.674801e-03
 22  2.388158e-03
 23  2.128459e-03
 24  1.846093e-03
 25  1.550477e-03
 26  1.303604e-03
 27  1.076118e-03
 28  8.838342e-04
 Iteration CPU time: 6 s
 CFIE residual: 0.000883834

 Iseg, Irank, Idinc : 1, 30, 127
 Thata, Phi : 90.000000, 126.000000
 Maximun iteration: 300
 Number of recycle truncation: 30
 Final matrix dimension:  36708
 Residual error:0.001000
 0  6.608602e-01
 1  3.516783e-01
 2  2.301753e-01
 3  1.575565e-01
 4  1.126581e-01
 5  8.729897e-02
 6  6.642317e-02
 7  5.203704e-02
 8  4.014624e-02
 9  3.215761e-02
 10  2.510467e-02
 11  1.969044e-02
 12  1.608877e-02
 13  1.340503e-02
 14  1.116966e-02
 15  9.458344e-03
 16  8.010101e-03
 17  6.905566e-03
 18  6.125459e-03
 19  5.232448e-03
 20  4.584495e-03
 21  4.031276e-03
 22  3.555269e-03
 23  3.098024e-03
 24  2.681327e-03
 25  2.248470e-03
 26  1.913370e-03
 27  1.598542e-03
 28  1.377643e-03
 29  1.154857e-03
 30  9.181078e-04
 Iteration CPU time: 7 s
 CFIE residual: 0.000918108

 Iseg, Irank, Idinc : 1, 31, 163
 Thata, Phi : 90.000000, 162.000000
 Maximun iteration: 300
 Number of recycle truncation: 30
 Final matrix dimension:  36708
 Residual error:0.001000
 0  5.845841e-01
 1  3.051508e-01
 2  1.852595e-01
 3  1.333904e-01
 4  1.026381e-01
 5  8.268893e-02
 6  6.644919e-02
 7  5.463850e-02
 8  4.600414e-02
 9  3.902688e-02
 10  3.296956e-02
 11  2.730391e-02
 12  2.235917e-02
 13  1.789163e-02
 14  1.452260e-02
 15  1.161332e-02
 16  9.147406e-03
 17  7.571540e-03
 18  6.146358e-03
 19  4.981753e-03
 20  4.090241e-03
 21  3.421929e-03
 22  2.911033e-03
 23  2.506440e-03
 24  2.188213e-03
 25  1.909403e-03
 26  1.699080e-03
 27  1.492660e-03
 28  1.305878e-03
 29  1.127229e-03
 30  9.599072e-04
 Iteration CPU time: 7 s
 CFIE residual: 0.000959907

 Iseg, Irank, Idinc : 1, 32, 3
 Thata, Phi : 90.000000, 2.000000
 Maximun iteration: 300
 Number of recycle truncation: 30
 Final matrix dimension:  36708
 Residual error:0.001000
 0  5.033524e-01
 1  2.665062e-01
 2  1.730229e-01
 3  1.205349e-01
 4  8.673873e-02
 5  6.481322e-02
 6  4.960587e-02
 7  3.753447e-02
 8  2.972567e-02
 9  2.228458e-02
 10  1.724744e-02
 11  1.399420e-02
 12  1.122675e-02
 13  9.047681e-03
 14  7.448923e-03
 15  6.149999e-03
 16  5.185120e-03
 17  4.428667e-03
 18  3.830938e-03
 19  3.361178e-03
 20  2.941202e-03
 21  2.562565e-03
 22  2.253563e-03
 23  2.004988e-03
 24  1.732881e-03
 25  1.495033e-03
 26  1.313696e-03
 27  1.140589e-03
 28  9.650309e-04
 Iteration CPU time: 6 s
 CFIE residual: 0.000965031

 Iseg, Irank, Idinc : 1, 33, 58
 Thata, Phi : 90.000000, 57.000000
 Maximun iteration: 300
 Number of recycle truncation: 30
 Final matrix dimension:  36708
 Residual error:0.001000
 0  6.577286e-01
 1  3.423050e-01
 2  2.139869e-01
 3  1.371715e-01
 4  9.812234e-02
 5  7.221764e-02
 6  5.675957e-02
 7  4.553241e-02
 8  3.626165e-02
 9  2.800827e-02
 10  2.215568e-02
 11  1.812592e-02
 12  1.500442e-02
 13  1.284140e-02
 14  1.106369e-02
 15  9.598610e-03
 16  8.487492e-03
 17  7.440366e-03
 18  6.555326e-03
 19  5.518777e-03
 20  4.657635e-03
 21  3.884791e-03
 22  3.224133e-03
 23  2.544959e-03
 24  2.012773e-03
 25  1.544916e-03
 26  1.191903e-03
 27  9.226216e-04
 Iteration CPU time: 7 s
 CFIE residual: 0.000922622

 Iseg, Irank, Idinc : 1, 34, 180
 Thata, Phi : 90.000000, 179.000000
 Maximun iteration: 300
 Number of recycle truncation: 30
 Final matrix dimension:  36708
 Residual error:0.001000
 0  5.480566e-01
 1  3.002230e-01
 2  1.911372e-01
 3  1.375978e-01
 4  1.068202e-01
 5  8.324719e-02
 6  6.812972e-02
 7  5.560175e-02
 8  4.409397e-02
 9  3.565059e-02
 10  2.778203e-02
 11  2.143764e-02
 12  1.643428e-02
 13  1.262732e-02
 14  9.773182e-03
 15  7.506483e-03
 16  6.016054e-03
 17  5.036877e-03
 18  4.161127e-03
 19  3.455230e-03
 20  2.921773e-03
 21  2.524165e-03
 22  2.238073e-03
 23  1.977239e-03
 24  1.754998e-03
 25  1.527760e-03
 26  1.356306e-03
 27  1.201774e-03
 28  1.012900e-03
 29  8.407381e-04
 Iteration CPU time: 7 s
 CFIE residual: 0.000840738

 Iseg, Irank, Idinc : 1, 35, 37
 Thata, Phi : 90.000000, 36.000000
 Maximun iteration: 300
 Number of recycle truncation: 30
 Final matrix dimension:  36708
 Residual error:0.001000
 0  6.202712e-01
 1  3.122212e-01
 2  1.930572e-01
 3  1.234348e-01
 4  8.508488e-02
 5  6.261303e-02
 6  4.607188e-02
 7  3.532482e-02
 8  2.691002e-02
 9  2.067716e-02
 10  1.664580e-02
 11  1.349494e-02
 12  1.108463e-02
 13  9.507311e-03
 14  7.908622e-03
 15  6.766226e-03
 16  6.024521e-03
 17  5.245896e-03
 18  4.556963e-03
 19  4.007581e-03
 20  3.443052e-03
 21  2.937577e-03
 22  2.501229e-03
 23  2.109313e-03
 24  1.778192e-03
 25  1.452573e-03
 26  1.175710e-03
 27  9.291696e-04
 Iteration CPU time: 6 s
 CFIE residual: 0.00092917

 Iseg, Irank, Idinc : 1, 36, 93
 Thata, Phi : 90.000000, 92.000000
 Maximun iteration: 300
 Number of recycle truncation: 30
 Final matrix dimension:  36708
 Residual error:0.001000
 0  6.243896e-01
 1  3.591648e-01
 2  2.285809e-01
 3  1.525262e-01
 4  1.114188e-01
 5  8.700273e-02
 6  6.867426e-02
 7  5.480666e-02
 8  4.452439e-02
 9  3.583067e-02
 10  2.800264e-02
 11  2.225774e-02
 12  1.826380e-02
 13  1.515324e-02
 14  1.274942e-02
 15  1.103305e-02
 16  9.516963e-03
 17  8.465941e-03
 18  7.517233e-03
 19  6.608583e-03
 20  5.858310e-03
 21  5.117570e-03
 22  4.252296e-03
 23  3.542560e-03
 24  2.955631e-03
 25  2.408857e-03
 26  1.897906e-03
 27  1.481218e-03
 28  1.143473e-03
 29  8.639997e-04
 Iteration CPU time: 7 s
 CFIE residual: 0.000864

 Iseg, Irank, Idinc : 1, 37, 142
 Thata, Phi : 90.000000, 141.000000
 Maximun iteration: 300
 Number of recycle truncation: 30
 Final matrix dimension:  36708
 Residual error:0.001000
 0  6.668860e-01
 1  3.495993e-01
 2  2.145681e-01
 3  1.499944e-01
 4  1.091463e-01
 5  8.421482e-02
 6  6.369828e-02
 7  5.124363e-02
 8  4.230327e-02
 9  3.452784e-02
 10  2.872562e-02
 11  2.341194e-02
 12  1.954801e-02
 13  1.544313e-02
 14  1.208153e-02
 15  9.800789e-03
 16  8.163315e-03
 17  6.773630e-03
 18  5.664419e-03
 19  4.845520e-03
 20  4.148889e-03
 21  3.665200e-03
 22  3.243973e-03
 23  2.837479e-03
 24  2.502954e-03
 25  2.172411e-03
 26  1.879351e-03
 27  1.564566e-03
 28  1.270308e-03
 29  1.037670e-03
 30  8.324903e-04
 Iteration CPU time: 6 s
 CFIE residual: 0.00083249

 Iseg, Irank, Idinc : 1, 38, 8
 Thata, Phi : 90.000000, 7.000000
 Maximun iteration: 300
 Number of recycle truncation: 30
 Final matrix dimension:  36708
 Residual error:0.001000
 0  5.188316e-01
 1  2.708061e-01
 2  1.723585e-01
 3  1.224798e-01
 4  8.871235e-02
 5  6.725965e-02
 6  5.121217e-02
 7  3.912983e-02
 8  3.032886e-02
 9  2.353934e-02
 10  1.876180e-02
 11  1.487297e-02
 12  1.166075e-02
 13  9.405672e-03
 14  7.789928e-03
 15  6.519613e-03
 16  5.547885e-03
 17  4.669168e-03
 18  4.031287e-03
 19  3.556959e-03
 20  3.080583e-03
 21  2.661899e-03
 22  2.335388e-03
 23  2.091055e-03
 24  1.803203e-03
 25  1.566789e-03
 26  1.365619e-03
 27  1.208826e-03
 28  1.026612e-03
 29  8.541731e-04
 Iteration CPU time: 7 s
 CFIE residual: 0.000854173
 Last Built End in Sep 21 2025 00:06:12
 Total CPU time: 270 s
 Finished.
