 Last Built Begin in Sep 21 2025 00:06:12
 Pre-Type( Input ):            8
 Skl-Tol ( Input ):    1.0000000000000000E-002
 Wavelength in freespace: 0.592105

 ################################################
 ##         Generating Required Mesh          ##
 ##         Waiting.....                      ##
 ################################################
 Subd No.      Subd Name
    1    sphere1                                                           
 isub,  nnode, npatch,  nedge:
    1       604      1204      1806
 Scale Factor         >>   9.99999978E-03
 ################################################

 START TIME: 20250922   001430.389


 Informaton for IE geometry:
 number of subdomains     : 1
 maxnode,maxpatch,maxedge : 604  1204  1806
 
 Index of Mat-Reg: 1
 Mat-Reg Number via MatFlg: 1
 Edge Number of Mat-Reg: 1, 1806

 Number of Edge on PEC: 0
 Mat-Reg: No Dim(m) Lmax:
    1 0.169    1
 Totlmax, add1, add2:           1           2           3
 rlengmax of Global MLFMA >>   0.16888898993421561     
 Lmax of Global MLFMA >>            1
 Wavenum of Mat-Reg:
    1 1.000

 total area in sq m           =      0.1254
 total area in sq lambda      =      0.3575
 maxnode, maxpatch, maxedge           =      604     1204     1806
 longest  edge in lambda              =      0.0368
 shortest edge in lambda              =      0.0160
 average  edge in lambda              =      0.0262
 largest  patch area in sq lambda     =      0.0005
 smallest patch area in sq lambda     =      0.0001
 ave    surface area in sq lambda     =      0.0003
 size range of the object in sq lambda =      0.3378

 #### MLFMA Info For Each Region ####
 Mat-Region =            1
 Array dimension parameters:
 maxrule=          14   maxgrid  =          64
 lmax   =           1   ncmax    =           9
 lsmax  =           1   lsmin    =           1
 kpm    =           1   kp0      =           1
 ntlm   =           1   nsm      =           1
 nkpm   =           1   niplm    =          16
 ngnearm=          64   ngsndm   =           1
 nearm  =        1807   mfinestm =         244
 ###############################

 CFIE Alpha:  0.50000000000000000     

 Fill MLFMA NI for Mat-Reg:           1
 Begin fill sparser part of Nearfield
 Begin fill denser part of Nearfield
 End fill
 Filling Amn                 Delta_CPU=         52.68 Memory(MB)=        200.07


 Now testing preconditioner with
 ipretype =            8
 method = cfie_solve_nfpre_pardiso

  
 NBP>>Begin fill sparser part of Nearfield
 NBP>>Begin fill denser part of Nearfield

212.5000%
225.0000%
237.5000%
250.0000%
262.5000%
275.0000%
287.5000%
300.0000%
 Begin MLFMA Box-Matrix Based Prec Constructor
 --- Intel MKL PARDISO --- 
  >> Solver Initialized
  >> Proceed to ngrp_box loop
  >> Loop 0 Initialized
 Memory for iGRP: 1 0 MB
 Total Memory For NFB Pre: 0 MB
 --- PARDISO PRECONDITIONER INITIALIZED --- 
 Constructing preconditioner CPU time: 0 s
 
 108360
 Memory for Iteration:: 1.65344 MB

 Iseg, Ninc_S : 1, 181, 0

 Iseg, Skeleton Angles: 1, 6
 Iseg, Skel-Pk Mem(MB): 1, 30.95

 Iseg, Irank, Idinc : 1, 1, 82
 Thata, Phi : 90.000000, 81.000000
 Maximun iteration: 300
 Number of recycle truncation: 30
 Final matrix dimension:  3612
 Residual error:0.010000
 0  2.758280e-01
 1  1.170110e-01
 2  5.646236e-02
 3  2.940059e-02
 4  1.461806e-02
 5  7.200586e-03
 Iteration CPU time: 0 s
 CFIE residual: 0.00720059

 Iseg, Irank, Idinc : 1, 2, 1
 Thata, Phi : 90.000000, 0.000000
 Maximun iteration: 300
 Number of recycle truncation: 30
 Final matrix dimension:  3612
 Residual error:0.010000
 0  2.838536e-01
 1  1.160467e-01
 2  5.664895e-02
 3  2.869037e-02
 4  1.380630e-02
 5  6.775937e-03
 Iteration CPU time: 0 s
 CFIE residual: 0.00677594

 Iseg, Irank, Idinc : 1, 3, 157
 Thata, Phi : 90.000000, 156.000000
 Maximun iteration: 300
 Number of recycle truncation: 30
 Final matrix dimension:  3612
 Residual error:0.010000
 0  2.708163e-01
 1  1.070514e-01
 2  5.259775e-02
 3  2.588692e-02
 4  1.287560e-02
 5  6.313325e-03
 Iteration CPU time: 1 s
 CFIE residual: 0.00631332

 Iseg, Irank, Idinc : 1, 4, 181
 Thata, Phi : 90.000000, 180.000000
 Maximun iteration: 300
 Number of recycle truncation: 30
 Final matrix dimension:  3612
 Residual error:0.010000
 0  2.714935e-01
 1  1.096152e-01
 2  5.391203e-02
 3  2.630604e-02
 4  1.304425e-02
 5  6.417714e-03
 Iteration CPU time: 0 s
 CFIE residual: 0.00641771

 Iseg, Irank, Idinc : 1, 5, 37
 Thata, Phi : 90.000000, 36.000000
 Maximun iteration: 300
 Number of recycle truncation: 30
 Final matrix dimension:  3612
 Residual error:0.010000
 0  2.780020e-01
 1  1.123059e-01
 2  5.428434e-02
 3  2.753292e-02
 4  1.343801e-02
 5  6.569889e-03
 Iteration CPU time: 0 s
 CFIE residual: 0.00656989

 Iseg, Irank, Idinc : 1, 6, 118
 Thata, Phi : 90.000000, 117.000000
 Maximun iteration: 300
 Number of recycle truncation: 30
 Final matrix dimension:  3612
 Residual error:0.010000
 0  2.713183e-01
 1  1.104734e-01
 2  5.349689e-02
 3  2.730829e-02
 4  1.371641e-02
 5  6.794868e-03
 Iteration CPU time: 0 s
 CFIE residual: 0.00679487
 Last Built End in Sep 21 2025 00:06:12
 Total CPU time: 7 s
 Finished.
