 Last Built Begin in Sep 22 2025 09:01:48
 Pre-Type( Input ):           10
 Skl-Tol ( Input ):    1.0000000000000001E-005
 Wavelength in freespace: 0.0314992

 ################################################
 ##         Generating Required Mesh          ##
 ##         Waiting.....                      ##
 ################################################
 Subd No.      Subd Name
    1    Open-Duct_PRIME_model_meshAA1                                     
 isub,  nnode, npatch,  nedge:
    1      6118     12236     18354
 Scale Factor         >>   1.54999997E-02
 ################################################

 START TIME: 20250922   100259.003


 Informaton for IE geometry:
 number of subdomains     : 1
 maxnode,maxpatch,maxedge : 6118  12236  18354
 
 Index of Mat-Reg: 1
 Mat-Reg Number via MatFlg: 1
 Edge Number of Mat-Reg: 1, 18354

 Number of Edge on PEC: 18354
 Mat-Reg: No Dim(m) Lmax:
    1 0.228    5
 Totlmax, add1, add2:           5           6           7
 rlengmax of Global MLFMA >>   0.22762759634925786     
 Lmax of Global MLFMA >>            5
 Wavenum of Mat-Reg:
    1 1.000

 total area in sq m           =      0.0510
 total area in sq lambda      =     51.3708
 maxnode, maxpatch, maxedge           =     6118    12236    18354
 longest  edge in lambda              =      0.1482
 shortest edge in lambda              =      0.0070
 average  edge in lambda              =      0.0989
 largest  patch area in sq lambda     =      0.0074
 smallest patch area in sq lambda     =      0.0000
 ave    surface area in sq lambda     =      0.0042
 size range of the object in sq lambda =      7.2841

 #### MLFMA Info For Each Region ####
 Mat-Region =            1
 Array dimension parameters:
 maxrule=          14   maxgrid  =          64
 lmax   =           5   ncmax    =        1250
 lsmax  =          26   lsmin    =           6
 kpm    =        1356   kp0      =          76
 ntlm   =      204640   nsm      =      205900
 nkpm   =        2152   niplm    =      137728
 ngnearm=       14257   ngsndm   =       64634
 nearm  =         333   mfinestm =         119
 ###############################

 CFIE Alpha:  0.50000000000000000     

 Fill MLFMA FI for Mat-Reg:           1
 Begin filltl.f
 fill translation matrix
 Level:            2
 fill shifting matrix
 Level:            3
 fill shifting matrix
 Level:            4
 fill shifting matrix
 Level:            5
 fill shifting matrix
 translator time(s):  0.134000003    
 fill interpolation matrix
 ThetaOrder            8
 PhiOrder            8
 lsl            6
 Filling TL                  Delta_CPU=          0.56 Memory(MB)=        586.87
 Filling sndgrp              Delta_CPU=          0.01 Memory(MB)=        586.87
 Filling VFS                 Delta_CPU=          2.39 Memory(MB)=        586.87

 Fill MLFMA NI for Mat-Reg:           1
 Begin fill sparser part of Nearfield
 Begin fill denser part of Nearfield
 End fill
 Filling Amn                 Delta_CPU=         89.99 Memory(MB)=        586.87


 Now testing preconditioner with
 ipretype =           10
 method = cfie_solve_nfrasspspre_pardiso

  
 NBP>>Begin fill sparser part of Nearfield

114.9844% NBP>>Begin fill denser part of Nearfield

200.1041%
 Begin MLFMA Box-Matrix Based Spar-RAS Prec Constructor
 --- Intel MKL PARDISO --- 
 Memory for iGroup: 1 1.48032e+09 MB
 Total Memory For SparRAS Pre: 1.48032e+09 MB
 --- PARDISO PRECONDITIONER INITIALIZED --- 
 Constructing preconditioner CPU time: 4 s
 
 1101240
 Memory for Iteration:: 16.8036 MB

 Iseg, Ninc_S : 1, 181, 0

 Iseg, Skeleton Angles: 1, 38
 Iseg, Skel-Pk Mem(MB): 1, 314.35

 Iseg, Irank, Idinc : 1, 1, 22
 Thata, Phi : 90.000000, 21.000000
 Maximun iteration: 300
 Number of recycle truncation: 30
 Final matrix dimension:  36708
 Residual error:0.001000
 0  6.033990e-01
 1  2.897109e-01
 2  1.658973e-01
 3  1.141927e-01
 4  8.163494e-02
 5  6.016872e-02
 6  4.609702e-02
 7  3.661571e-02
 8  2.878589e-02
 9  2.252300e-02
 10  1.768305e-02
 11  1.376668e-02
 12  1.140021e-02
 13  9.334879e-03
 14  7.854759e-03
 15  6.672303e-03
 16  5.631414e-03
 17  4.772226e-03
 18  4.119279e-03
 19  3.517714e-03
 20  3.025141e-03
 21  2.630672e-03
 22  2.320789e-03
 23  2.085533e-03
 24  1.818434e-03
 25  1.541780e-03
 26  1.311487e-03
 27  1.093077e-03
 28  9.025798e-04
 Iteration CPU time: 7 s
 CFIE residual: 0.00090258

 Iseg, Irank, Idinc : 1, 2, 42
 Thata, Phi : 90.000000, 41.000000
 Maximun iteration: 300
 Number of recycle truncation: 30
 Final matrix dimension:  36708
 Residual error:0.001000
 0  6.202320e-01
 1  3.151536e-01
 2  2.008515e-01
 3  1.322579e-01
 4  9.110605e-02
 5  6.647753e-02
 6  4.920336e-02
 7  3.716725e-02
 8  2.871393e-02
 9  2.230269e-02
 10  1.781594e-02
 11  1.449525e-02
 12  1.162184e-02
 13  1.004036e-02
 14  8.481497e-03
 15  7.327401e-03
 16  6.531738e-03
 17  5.755492e-03
 18  4.974282e-03
 19  4.357232e-03
 20  3.701931e-03
 21  3.099479e-03
 22  2.557800e-03
 23  2.074101e-03
 24  1.685524e-03
 25  1.319592e-03
 26  1.041875e-03
 27  8.143544e-04
 Iteration CPU time: 6 s
 CFIE residual: 0.000814354

 Iseg, Irank, Idinc : 1, 3, 63
 Thata, Phi : 90.000000, 62.000000
 Maximun iteration: 300
 Number of recycle truncation: 30
 Final matrix dimension:  36708
 Residual error:0.001000
 0  6.650399e-01
 1  3.542052e-01
 2  2.214492e-01
 3  1.435209e-01
 4  1.050853e-01
 5  7.950950e-02
 6  6.091426e-02
 7  4.901915e-02
 8  3.942453e-02
 9  3.080462e-02
 10  2.458706e-02
 11  1.958692e-02
 12  1.621281e-02
 13  1.389389e-02
 14  1.188611e-02
 15  1.037396e-02
 16  9.173404e-03
 17  7.980187e-03
 18  7.038456e-03
 19  5.991104e-03
 20  5.110967e-03
 21  4.290749e-03
 22  3.473828e-03
 23  2.780681e-03
 24  2.211242e-03
 25  1.681439e-03
 26  1.308166e-03
 27  9.897911e-04
 Iteration CPU time: 7 s
 CFIE residual: 0.000989791

 Iseg, Irank, Idinc : 1, 4, 108
 Thata, Phi : 90.000000, 107.000000
 Maximun iteration: 300
 Number of recycle truncation: 30
 Final matrix dimension:  36708
 Residual error:0.001000
 0  6.309556e-01
 1  3.592019e-01
 2  2.277672e-01
 3  1.549231e-01
 4  1.095848e-01
 5  8.241230e-02
 6  6.385567e-02
 7  4.989446e-02
 8  3.905508e-02
 9  3.060600e-02
 10  2.436965e-02
 11  1.936400e-02
 12  1.588749e-02
 13  1.289324e-02
 14  1.087617e-02
 15  9.117285e-03
 16  7.750443e-03
 17  6.683617e-03
 18  5.897890e-03
 19  5.124402e-03
 20  4.479103e-03
 21  3.970082e-03
 22  3.429292e-03
 23  2.969606e-03
 24  2.564891e-03
 25  2.138073e-03
 26  1.722713e-03
 27  1.379313e-03
 28  1.123447e-03
 29  8.747189e-04
 Iteration CPU time: 7 s
 CFIE residual: 0.000874719

 Iseg, Irank, Idinc : 1, 5, 75
 Thata, Phi : 90.000000, 74.000000
 Maximun iteration: 300
 Number of recycle truncation: 30
 Final matrix dimension:  36708
 Residual error:0.001000
 0  6.445974e-01
 1  3.693324e-01
 2  2.392711e-01
 3  1.519751e-01
 4  1.069758e-01
 5  8.303179e-02
 6  6.449477e-02
 7  5.353994e-02
 8  4.278188e-02
 9  3.444290e-02
 10  2.808139e-02
 11  2.261827e-02
 12  1.864990e-02
 13  1.603141e-02
 14  1.383165e-02
 15  1.208332e-02
 16  1.090384e-02
 17  9.541326e-03
 18  8.381302e-03
 19  7.303344e-03
 20  6.358799e-03
 21  5.442519e-03
 22  4.586698e-03
 23  3.738878e-03
 24  2.998756e-03
 25  2.396253e-03
 26  1.876997e-03
 27  1.530172e-03
 28  1.212036e-03
 29  9.629166e-04
 Iteration CPU time: 6 s
 CFIE residual: 0.000962917

 Iseg, Irank, Idinc : 1, 6, 146
 Thata, Phi : 90.000000, 145.000000
 Maximun iteration: 300
 Number of recycle truncation: 30
 Final matrix dimension:  36708
 Residual error:0.001000
 0  6.437821e-01
 1  3.430639e-01
 2  2.079274e-01
 3  1.467284e-01
 4  1.062677e-01
 5  8.301683e-02
 6  6.418492e-02
 7  5.218015e-02
 8  4.332847e-02
 9  3.604990e-02
 10  2.992419e-02
 11  2.438312e-02
 12  2.012855e-02
 13  1.612741e-02
 14  1.270336e-02
 15  1.010800e-02
 16  8.157771e-03
 17  6.774926e-03
 18  5.677600e-03
 19  4.718409e-03
 20  3.964955e-03
 21  3.429445e-03
 22  3.000080e-03
 23  2.631064e-03
 24  2.322419e-03
 25  2.037046e-03
 26  1.761353e-03
 27  1.503381e-03
 28  1.241665e-03
 29  1.024526e-03
 30  8.188507e-04
 Iteration CPU time: 7 s
 CFIE residual: 0.000818851

 Iseg, Irank, Idinc : 1, 7, 159
 Thata, Phi : 90.000000, 158.000000
 Maximun iteration: 300
 Number of recycle truncation: 30
 Final matrix dimension:  36708
 Residual error:0.001000
 0  5.999850e-01
 1  3.120639e-01
 2  1.878029e-01
 3  1.334692e-01
 4  1.015914e-01
 5  8.109713e-02
 6  6.475446e-02
 7  5.326275e-02
 8  4.518897e-02
 9  3.824774e-02
 10  3.259371e-02
 11  2.685226e-02
 12  2.179983e-02
 13  1.726566e-02
 14  1.407752e-02
 15  1.119988e-02
 16  8.731987e-03
 17  7.088720e-03
 18  5.731121e-03
 19  4.763891e-03
 20  3.946892e-03
 21  3.286172e-03
 22  2.839454e-03
 23  2.449072e-03
 24  2.143438e-03
 25  1.893672e-03
 26  1.680129e-03
 27  1.461691e-03
 28  1.238731e-03
 29  1.046515e-03
 30  8.700660e-04
 Iteration CPU time: 7 s
 CFIE residual: 0.000870066

 Iseg, Irank, Idinc : 1, 8, 132
 Thata, Phi : 90.000000, 131.000000
 Maximun iteration: 300
 Number of recycle truncation: 30
 Final matrix dimension:  36708
 Residual error:0.001000
 0  6.835223e-01
 1  3.603018e-01
 2  2.321350e-01
 3  1.590395e-01
 4  1.141300e-01
 5  8.781015e-02
 6  6.692602e-02
 7  5.287947e-02
 8  4.202487e-02
 9  3.346897e-02
 10  2.684032e-02
 11  2.120425e-02
 12  1.722159e-02
 13  1.421846e-02
 14  1.169087e-02
 15  9.668133e-03
 16  8.000745e-03
 17  6.818444e-03
 18  5.878527e-03
 19  5.171361e-03
 20  4.522070e-03
 21  4.008505e-03
 22  3.520636e-03
 23  3.128320e-03
 24  2.693529e-03
 25  2.243265e-03
 26  1.886923e-03
 27  1.551479e-03
 28  1.300488e-03
 29  1.078462e-03
 30  8.659637e-04
 Iteration CPU time: 7 s
 CFIE residual: 0.000865964

 Iseg, Irank, Idinc : 1, 9, 122
 Thata, Phi : 90.000000, 121.000000
 Maximun iteration: 300
 Number of recycle truncation: 30
 Final matrix dimension:  36708
 Residual error:0.001000
 0  6.526061e-01
 1  3.468665e-01
 2  2.288090e-01
 3  1.581965e-01
 4  1.119835e-01
 5  8.546619e-02
 6  6.548058e-02
 7  5.134383e-02
 8  3.891814e-02
 9  3.070535e-02
 10  2.436406e-02
 11  1.921397e-02
 12  1.534186e-02
 13  1.299198e-02
 14  1.106431e-02
 15  9.445111e-03
 16  8.067291e-03
 17  6.928247e-03
 18  6.040643e-03
 19  5.224903e-03
 20  4.524804e-03
 21  3.946036e-03
 22  3.439271e-03
 23  2.955119e-03
 24  2.537621e-03
 25  2.119897e-03
 26  1.767431e-03
 27  1.467274e-03
 28  1.204503e-03
 29  9.580453e-04
 Iteration CPU time: 7 s
 CFIE residual: 0.000958045

 Iseg, Irank, Idinc : 1, 10, 89
 Thata, Phi : 90.000000, 88.000000
 Maximun iteration: 300
 Number of recycle truncation: 30
 Final matrix dimension:  36708
 Residual error:0.001000
 0  6.247934e-01
 1  3.584652e-01
 2  2.311896e-01
 3  1.571443e-01
 4  1.139322e-01
 5  8.967400e-02
 6  7.018699e-02
 7  5.595154e-02
 8  4.613577e-02
 9  3.655124e-02
 10  2.868653e-02
 11  2.286190e-02
 12  1.872537e-02
 13  1.546383e-02
 14  1.306505e-02
 15  1.130420e-02
 16  9.841371e-03
 17  8.730483e-03
 18  7.716259e-03
 19  6.762483e-03
 20  5.914639e-03
 21  5.068910e-03
 22  4.143548e-03
 23  3.416923e-03
 24  2.782326e-03
 25  2.251066e-03
 26  1.747644e-03
 27  1.368118e-03
 28  1.069741e-03
 29  8.374011e-04
 Iteration CPU time: 7 s
 CFIE residual: 0.000837401

 Iseg, Irank, Idinc : 1, 11, 32
 Thata, Phi : 90.000000, 31.000000
 Maximun iteration: 300
 Number of recycle truncation: 30
 Final matrix dimension:  36708
 Residual error:0.001000
 0  6.298512e-01
 1  3.052494e-01
 2  1.794482e-01
 3  1.139788e-01
 4  8.082912e-02
 5  6.031538e-02
 6  4.450721e-02
 7  3.446021e-02
 8  2.623855e-02
 9  2.032572e-02
 10  1.656191e-02
 11  1.330437e-02
 12  1.095131e-02
 13  9.259377e-03
 14  7.671292e-03
 15  6.514499e-03
 16  5.699137e-03
 17  4.940916e-03
 18  4.286752e-03
 19  3.772285e-03
 20  3.261663e-03
 21  2.810017e-03
 22  2.455081e-03
 23  2.128159e-03
 24  1.819426e-03
 25  1.495983e-03
 26  1.228730e-03
 27  9.813590e-04
 Iteration CPU time: 6 s
 CFIE residual: 0.000981359

 Iseg, Irank, Idinc : 1, 12, 53
 Thata, Phi : 90.000000, 52.000000
 Maximun iteration: 300
 Number of recycle truncation: 30
 Final matrix dimension:  36708
 Residual error:0.001000
 0  6.412297e-01
 1  3.321230e-01
 2  2.069172e-01
 3  1.358841e-01
 4  9.655816e-02
 5  7.217388e-02
 6  5.559482e-02
 7  4.294471e-02
 8  3.381729e-02
 9  2.612786e-02
 10  2.066338e-02
 11  1.705199e-02
 12  1.413969e-02
 13  1.226891e-02
 14  1.060619e-02
 15  9.196350e-03
 16  8.138278e-03
 17  7.159218e-03
 18  6.163486e-03
 19  5.171014e-03
 20  4.326215e-03
 21  3.613227e-03
 22  2.909213e-03
 23  2.320125e-03
 24  1.826769e-03
 25  1.407379e-03
 26  1.086218e-03
 27  8.803991e-04
 Iteration CPU time: 7 s
 CFIE residual: 0.000880399

 Iseg, Irank, Idinc : 1, 13, 12
 Thata, Phi : 90.000000, 11.000000
 Maximun iteration: 300
 Number of recycle truncation: 30
 Final matrix dimension:  36708
 Residual error:0.001000
 0  5.383462e-01
 1  2.759240e-01
 2  1.716735e-01
 3  1.229098e-01
 4  8.839981e-02
 5  6.699862e-02
 6  5.113776e-02
 7  4.031792e-02
 8  3.121305e-02
 9  2.408492e-02
 10  1.904152e-02
 11  1.522066e-02
 12  1.195678e-02
 13  9.680515e-03
 14  7.931159e-03
 15  6.634458e-03
 16  5.700995e-03
 17  4.811037e-03
 18  4.187328e-03
 19  3.653869e-03
 20  3.141164e-03
 21  2.701294e-03
 22  2.379246e-03
 23  2.129376e-03
 24  1.853747e-03
 25  1.585285e-03
 26  1.386414e-03
 27  1.192455e-03
 28  1.013791e-03
 29  8.358261e-04
 Iteration CPU time: 7 s
 CFIE residual: 0.000835826

 Iseg, Irank, Idinc : 1, 14, 178
 Thata, Phi : 90.000000, 177.000000
 Maximun iteration: 300
 Number of recycle truncation: 30
 Final matrix dimension:  36708
 Residual error:0.001000
 0  5.489185e-01
 1  3.002487e-01
 2  1.910287e-01
 3  1.379532e-01
 4  1.071731e-01
 5  8.403548e-02
 6  6.878892e-02
 7  5.606864e-02
 8  4.454951e-02
 9  3.625443e-02
 10  2.859564e-02
 11  2.249064e-02
 12  1.761307e-02
 13  1.380768e-02
 14  1.091581e-02
 15  8.545717e-03
 16  6.908224e-03
 17  5.625252e-03
 18  4.629739e-03
 19  3.811574e-03
 20  3.145844e-03
 21  2.707065e-03
 22  2.369893e-03
 23  2.076759e-03
 24  1.837173e-03
 25  1.593676e-03
 26  1.409072e-03
 27  1.251438e-03
 28  1.076637e-03
 29  9.142382e-04
 Iteration CPU time: 6 s
 CFIE residual: 0.000914238

 Iseg, Irank, Idinc : 1, 15, 97
 Thata, Phi : 90.000000, 96.000000
 Maximun iteration: 300
 Number of recycle truncation: 30
 Final matrix dimension:  36708
 Residual error:0.001000
 0  6.222900e-01
 1  3.574410e-01
 2  2.258523e-01
 3  1.512183e-01
 4  1.085398e-01
 5  8.289752e-02
 6  6.532647e-02
 7  5.260477e-02
 8  4.213007e-02
 9  3.345515e-02
 10  2.641789e-02
 11  2.092916e-02
 12  1.712493e-02
 13  1.420388e-02
 14  1.179284e-02
 15  1.026423e-02
 16  8.927135e-03
 17  7.847211e-03
 18  6.988889e-03
 19  6.181035e-03
 20  5.476902e-03
 21  4.839644e-03
 22  4.100383e-03
 23  3.450048e-03
 24  2.874129e-03
 25  2.343519e-03
 26  1.889134e-03
 27  1.493262e-03
 28  1.180528e-03
 29  8.971604e-04
 Iteration CPU time: 7 s
 CFIE residual: 0.00089716

 Iseg, Irank, Idinc : 1, 16, 82
 Thata, Phi : 90.000000, 81.000000
 Maximun iteration: 300
 Number of recycle truncation: 30
 Final matrix dimension:  36708
 Residual error:0.001000
 0  6.291553e-01
 1  3.597950e-01
 2  2.337104e-01
 3  1.564026e-01
 4  1.124750e-01
 5  8.859182e-02
 6  6.869106e-02
 7  5.499225e-02
 8  4.555629e-02
 9  3.533533e-02
 10  2.786981e-02
 11  2.217602e-02
 12  1.842430e-02
 13  1.541031e-02
 14  1.325165e-02
 15  1.153798e-02
 16  1.013844e-02
 17  8.875634e-03
 18  7.886833e-03
 19  6.831018e-03
 20  5.966292e-03
 21  5.090123e-03
 22  4.236295e-03
 23  3.485769e-03
 24  2.862000e-03
 25  2.296237e-03
 26  1.833637e-03
 27  1.464209e-03
 28  1.159570e-03
 29  9.161386e-04
 Iteration CPU time: 7 s
 CFIE residual: 0.000916139

 Iseg, Irank, Idinc : 1, 17, 115
 Thata, Phi : 90.000000, 114.000000
 Maximun iteration: 300
 Number of recycle truncation: 30
 Final matrix dimension:  36708
 Residual error:0.001000
 0  6.450606e-01
 1  3.521800e-01
 2  2.252828e-01
 3  1.554513e-01
 4  1.099419e-01
 5  8.303379e-02
 6  6.416640e-02
 7  4.939525e-02
 8  3.803364e-02
 9  3.006527e-02
 10  2.384650e-02
 11  1.909306e-02
 12  1.544497e-02
 13  1.292266e-02
 14  1.085903e-02
 15  9.188383e-03
 16  7.765580e-03
 17  6.666035e-03
 18  5.713528e-03
 19  4.997297e-03
 20  4.360706e-03
 21  3.819015e-03
 22  3.294261e-03
 23  2.855797e-03
 24  2.403604e-03
 25  2.014218e-03
 26  1.667487e-03
 27  1.363267e-03
 28  1.096820e-03
 29  8.499765e-04
 Iteration CPU time: 7 s
 CFIE residual: 0.000849977

 Iseg, Irank, Idinc : 1, 18, 1
 Thata, Phi : 90.000000, 0.000000
 Maximun iteration: 300
 Number of recycle truncation: 30
 Final matrix dimension:  36708
 Residual error:0.001000
 0  5.006684e-01
 1  2.659795e-01
 2  1.732330e-01
 3  1.204274e-01
 4  8.651797e-02
 5  6.442924e-02
 6  4.926378e-02
 7  3.744022e-02
 8  2.981476e-02
 9  2.227140e-02
 10  1.718008e-02
 11  1.365680e-02
 12  1.080767e-02
 13  8.800891e-03
 14  7.170995e-03
 15  5.821562e-03
 16  4.880183e-03
 17  4.168992e-03
 18  3.622743e-03
 19  3.106262e-03
 20  2.697699e-03
 21  2.433635e-03
 22  2.115878e-03
 23  1.832579e-03
 24  1.584806e-03
 25  1.362172e-03
 26  1.191285e-03
 27  1.001985e-03
 28  8.312475e-04
 Iteration CPU time: 7 s
 CFIE residual: 0.000831247

 Iseg, Irank, Idinc : 1, 19, 167
 Thata, Phi : 90.000000, 166.000000
 Maximun iteration: 300
 Number of recycle truncation: 30
 Final matrix dimension:  36708
 Residual error:0.001000
 0  5.708728e-01
 1  3.019130e-01
 2  1.866065e-01
 3  1.362167e-01
 4  1.054070e-01
 5  8.502067e-02
 6  6.903723e-02
 7  5.661766e-02
 8  4.738476e-02
 9  3.989414e-02
 10  3.344051e-02
 11  2.753850e-02
 12  2.228522e-02
 13  1.785106e-02
 14  1.433658e-02
 15  1.156657e-02
 16  9.134206e-03
 17  7.546531e-03
 18  6.106625e-03
 19  4.954006e-03
 20  4.020625e-03
 21  3.340977e-03
 22  2.843938e-03
 23  2.450258e-03
 24  2.132647e-03
 25  1.840896e-03
 26  1.634480e-03
 27  1.431383e-03
 28  1.266228e-03
 29  1.103732e-03
 30  9.486310e-04
 Iteration CPU time: 7 s
 CFIE residual: 0.000948631

 Iseg, Irank, Idinc : 1, 20, 152
 Thata, Phi : 90.000000, 151.000000
 Maximun iteration: 300
 Number of recycle truncation: 30
 Final matrix dimension:  36708
 Residual error:0.001000
 0  6.248038e-01
 1  3.305824e-01
 2  1.990392e-01
 3  1.411669e-01
 4  1.040549e-01
 5  8.195292e-02
 6  6.480305e-02
 7  5.291398e-02
 8  4.476892e-02
 9  3.781803e-02
 10  3.144571e-02
 11  2.567048e-02
 12  2.065101e-02
 13  1.645296e-02
 14  1.287706e-02
 15  1.019696e-02
 16  7.948106e-03
 17  6.579677e-03
 18  5.415571e-03
 19  4.473118e-03
 20  3.776928e-03
 21  3.179933e-03
 22  2.762635e-03
 23  2.414788e-03
 24  2.134774e-03
 25  1.870264e-03
 26  1.609064e-03
 27  1.389117e-03
 28  1.140978e-03
 29  9.295340e-04
 Iteration CPU time: 7 s
 CFIE residual: 0.000929534

 Iseg, Irank, Idinc : 1, 21, 181
 Thata, Phi : 90.000000, 180.000000
 Maximun iteration: 300
 Number of recycle truncation: 30
 Final matrix dimension:  36708
 Residual error:0.001000
 0  5.474464e-01
 1  3.002996e-01
 2  1.911080e-01
 3  1.378925e-01
 4  1.070005e-01
 5  8.359544e-02
 6  6.835753e-02
 7  5.574657e-02
 8  4.412345e-02
 9  3.570809e-02
 10  2.775233e-02
 11  2.131777e-02
 12  1.621425e-02
 13  1.231804e-02
 14  9.438758e-03
 15  7.256935e-03
 16  5.769888e-03
 17  4.778261e-03
 18  3.869837e-03
 19  3.232124e-03
 20  2.762745e-03
 21  2.393461e-03
 22  2.103824e-03
 23  1.853576e-03
 24  1.661621e-03
 25  1.453760e-03
 26  1.290301e-03
 27  1.117734e-03
 28  9.306484e-04
 Iteration CPU time: 6 s
 CFIE residual: 0.000930648

 Iseg, Irank, Idinc : 1, 22, 6
 Thata, Phi : 90.000000, 5.000000
 Maximun iteration: 300
 Number of recycle truncation: 30
 Final matrix dimension:  36708
 Residual error:0.001000
 0  5.099371e-01
 1  2.686874e-01
 2  1.728148e-01
 3  1.218636e-01
 4  8.823952e-02
 5  6.657677e-02
 6  5.081319e-02
 7  3.851639e-02
 8  3.012528e-02
 9  2.298934e-02
 10  1.817750e-02
 11  1.469473e-02
 12  1.161115e-02
 13  9.368700e-03
 14  7.760357e-03
 15  6.453220e-03
 16  5.477188e-03
 17  4.633610e-03
 18  3.993817e-03
 19  3.521405e-03
 20  3.060366e-03
 21  2.641767e-03
 22  2.308240e-03
 23  2.065215e-03
 24  1.773835e-03
 25  1.531280e-03
 26  1.326969e-03
 27  1.169503e-03
 28  9.863585e-04
 Iteration CPU time: 7 s
 CFIE residual: 0.000986359

 Iseg, Irank, Idinc : 1, 23, 69
 Thata, Phi : 90.000000, 68.000000
 Maximun iteration: 300
 Number of recycle truncation: 30
 Final matrix dimension:  36708
 Residual error:0.001000
 0  6.592266e-01
 1  3.658219e-01
 2  2.319270e-01
 3  1.517841e-01
 4  1.110650e-01
 5  8.460332e-02
 6  6.519941e-02
 7  5.291415e-02
 8  4.305291e-02
 9  3.425969e-02
 10  2.795601e-02
 11  2.269579e-02
 12  1.854176e-02
 13  1.574430e-02
 14  1.344441e-02
 15  1.183488e-02
 16  1.050714e-02
 17  9.296415e-03
 18  8.122708e-03
 19  7.017549e-03
 20  6.069299e-03
 21  5.175846e-03
 22  4.331624e-03
 23  3.557633e-03
 24  2.831520e-03
 25  2.193584e-03
 26  1.741886e-03
 27  1.363889e-03
 28  1.065088e-03
 29  8.122422e-04
 Iteration CPU time: 7 s
 CFIE residual: 0.000812242

 Iseg, Irank, Idinc : 1, 24, 139
 Thata, Phi : 90.000000, 138.000000
 Maximun iteration: 300
 Number of recycle truncation: 30
 Final matrix dimension:  36708
 Residual error:0.001000
 0  6.846833e-01
 1  3.547800e-01
 2  2.225416e-01
 3  1.545592e-01
 4  1.125413e-01
 5  8.584447e-02
 6  6.446529e-02
 7  5.179717e-02
 8  4.301524e-02
 9  3.473061e-02
 10  2.826516e-02
 11  2.278247e-02
 12  1.904540e-02
 13  1.525016e-02
 14  1.218109e-02
 15  9.775189e-03
 16  8.126279e-03
 17  6.733592e-03
 18  5.705751e-03
 19  4.922624e-03
 20  4.279829e-03
 21  3.794494e-03
 22  3.345603e-03
 23  2.918597e-03
 24  2.540484e-03
 25  2.154325e-03
 26  1.819751e-03
 27  1.500927e-03
 28  1.210612e-03
 29  9.801509e-04
 Iteration CPU time: 6 s
 CFIE residual: 0.000980151

 Iseg, Irank, Idinc : 1, 25, 27
 Thata, Phi : 90.000000, 26.000000
 Maximun iteration: 300
 Number of recycle truncation: 30
 Final matrix dimension:  36708
 Residual error:0.001000
 0  6.267384e-01
 1  2.974351e-01
 2  1.685374e-01
 3  1.103095e-01
 4  7.867512e-02
 5  5.836826e-02
 6  4.377992e-02
 7  3.424817e-02
 8  2.654852e-02
 9  2.074949e-02
 10  1.655023e-02
 11  1.315078e-02
 12  1.082542e-02
 13  8.980711e-03
 14  7.521229e-03
 15  6.487337e-03
 16  5.513401e-03
 17  4.688261e-03
 18  4.062870e-03
 19  3.533763e-03
 20  3.060826e-03
 21  2.659091e-03
 22  2.363236e-03
 23  2.099132e-03
 24  1.814868e-03
 25  1.513890e-03
 26  1.270447e-03
 27  1.044626e-03
 28  8.560827e-04
 Iteration CPU time: 6 s
 CFIE residual: 0.000856083

 Iseg, Irank, Idinc : 1, 26, 173
 Thata, Phi : 90.000000, 172.000000
 Maximun iteration: 300
 Number of recycle truncation: 30
 Final matrix dimension:  36708
 Residual error:0.001000
 0  5.564256e-01
 1  3.002516e-01
 2  1.901085e-01
 3  1.380518e-01
 4  1.075390e-01
 5  8.560790e-02
 6  7.005950e-02
 7  5.708043e-02
 8  4.640904e-02
 9  3.858928e-02
 10  3.168122e-02
 11  2.582420e-02
 12  2.084339e-02
 13  1.652770e-02
 14  1.346504e-02
 15  1.081787e-02
 16  8.652257e-03
 17  7.062294e-03
 18  5.671940e-03
 19  4.617626e-03
 20  3.757814e-03
 21  3.143588e-03
 22  2.691430e-03
 23  2.326707e-03
 24  2.013070e-03
 25  1.731213e-03
 26  1.531904e-03
 27  1.346415e-03
 28  1.185283e-03
 29  1.033047e-03
 30  8.900694e-04
 Iteration CPU time: 7 s
 CFIE residual: 0.000890069

 Iseg, Irank, Idinc : 1, 27, 102
 Thata, Phi : 90.000000, 101.000000
 Maximun iteration: 300
 Number of recycle truncation: 30
 Final matrix dimension:  36708
 Residual error:0.001000
 0  6.203522e-01
 1  3.561816e-01
 2  2.254616e-01
 3  1.520760e-01
 4  1.063108e-01
 5  8.066012e-02
 6  6.264726e-02
 7  4.950097e-02
 8  3.909915e-02
 9  3.034358e-02
 10  2.487109e-02
 11  1.959532e-02
 12  1.605591e-02
 13  1.327978e-02
 14  1.118736e-02
 15  9.432096e-03
 16  8.236749e-03
 17  7.197539e-03
 18  6.425822e-03
 19  5.672619e-03
 20  5.013858e-03
 21  4.385656e-03
 22  3.767942e-03
 23  3.217069e-03
 24  2.712562e-03
 25  2.237486e-03
 26  1.818352e-03
 27  1.462725e-03
 28  1.162600e-03
 29  9.130712e-04
 Iteration CPU time: 7 s
 CFIE residual: 0.000913071

 Iseg, Irank, Idinc : 1, 28, 48
 Thata, Phi : 90.000000, 47.000000
 Maximun iteration: 300
 Number of recycle truncation: 30
 Final matrix dimension:  36708
 Residual error:0.001000
 0  6.303968e-01
 1  3.224600e-01
 2  2.039843e-01
 3  1.359527e-01
 4  9.567049e-02
 5  7.071081e-02
 6  5.342018e-02
 7  4.108287e-02
 8  3.220656e-02
 9  2.508315e-02
 10  1.993717e-02
 11  1.621934e-02
 12  1.317209e-02
 13  1.131852e-02
 14  9.712521e-03
 15  8.401759e-03
 16  7.475731e-03
 17  6.561934e-03
 18  5.694286e-03
 19  4.776467e-03
 20  3.986428e-03
 21  3.298514e-03
 22  2.748831e-03
 23  2.189185e-03
 24  1.717186e-03
 25  1.348780e-03
 26  1.048301e-03
 27  8.298384e-04
 Iteration CPU time: 6 s
 CFIE residual: 0.000829838

 Iseg, Irank, Idinc : 1, 29, 16
 Thata, Phi : 90.000000, 15.000000
 Maximun iteration: 300
 Number of recycle truncation: 30
 Final matrix dimension:  36708
 Residual error:0.001000
 0  5.635553e-01
 1  2.812255e-01
 2  1.696778e-01
 3  1.207284e-01
 4  8.677347e-02
 5  6.517291e-02
 6  4.997540e-02
 7  3.978753e-02
 8  3.090363e-02
 9  2.397135e-02
 10  1.883243e-02
 11  1.494239e-02
 12  1.189503e-02
 13  9.571040e-03
 14  8.024997e-03
 15  6.742109e-03
 16  5.694286e-03
 17  4.859970e-03
 18  4.232311e-03
 19  3.629387e-03
 20  3.097329e-03
 21  2.714417e-03
 22  2.375560e-03
 23  2.154723e-03
 24  1.871752e-03
 25  1.593329e-03
 26  1.380530e-03
 27  1.171022e-03
 28  9.818472e-04
 Iteration CPU time: 7 s
 CFIE residual: 0.000981847

 Iseg, Irank, Idinc : 1, 30, 127
 Thata, Phi : 90.000000, 126.000000
 Maximun iteration: 300
 Number of recycle truncation: 30
 Final matrix dimension:  36708
 Residual error:0.001000
 0  6.607171e-01
 1  3.519166e-01
 2  2.304185e-01
 3  1.577426e-01
 4  1.128165e-01
 5  8.747555e-02
 6  6.660154e-02
 7  5.226222e-02
 8  4.023607e-02
 9  3.226432e-02
 10  2.526253e-02
 11  1.981440e-02
 12  1.617481e-02
 13  1.347899e-02
 14  1.125077e-02
 15  9.502374e-03
 16  8.045089e-03
 17  6.911909e-03
 18  6.135465e-03
 19  5.228425e-03
 20  4.569574e-03
 21  3.997915e-03
 22  3.513497e-03
 23  3.045887e-03
 24  2.630038e-03
 25  2.197626e-03
 26  1.861717e-03
 27  1.551998e-03
 28  1.327905e-03
 29  1.113334e-03
 30  8.783969e-04
 Iteration CPU time: 7 s
 CFIE residual: 0.000878397

 Iseg, Irank, Idinc : 1, 31, 3
 Thata, Phi : 90.000000, 2.000000
 Maximun iteration: 300
 Number of recycle truncation: 30
 Final matrix dimension:  36708
 Residual error:0.001000
 0  5.022541e-01
 1  2.664457e-01
 2  1.731445e-01
 3  1.206817e-01
 4  8.687369e-02
 5  6.492156e-02
 6  4.965633e-02
 7  3.757910e-02
 8  2.981452e-02
 9  2.234703e-02
 10  1.730558e-02
 11  1.401365e-02
 12  1.123639e-02
 13  9.058266e-03
 14  7.474578e-03
 15  6.172295e-03
 16  5.203312e-03
 17  4.449929e-03
 18  3.857998e-03
 19  3.382891e-03
 20  2.955346e-03
 21  2.573545e-03
 22  2.255012e-03
 23  2.002024e-03
 24  1.724510e-03
 25  1.480713e-03
 26  1.292334e-03
 27  1.118310e-03
 28  9.391713e-04
 Iteration CPU time: 6 s
 CFIE residual: 0.000939171

 Iseg, Irank, Idinc : 1, 32, 163
 Thata, Phi : 90.000000, 162.000000
 Maximun iteration: 300
 Number of recycle truncation: 30
 Final matrix dimension:  36708
 Residual error:0.001000
 0  5.840917e-01
 1  3.052153e-01
 2  1.850760e-01
 3  1.335984e-01
 4  1.028437e-01
 5  8.284403e-02
 6  6.657864e-02
 7  5.484408e-02
 8  4.621712e-02
 9  3.918811e-02
 10  3.309285e-02
 11  2.736357e-02
 12  2.237096e-02
 13  1.793895e-02
 14  1.451505e-02
 15  1.161191e-02
 16  9.109951e-03
 17  7.517846e-03
 18  6.087253e-03
 19  4.934111e-03
 20  4.056238e-03
 21  3.383398e-03
 22  2.881963e-03
 23  2.476242e-03
 24  2.159630e-03
 25  1.884163e-03
 26  1.676238e-03
 27  1.466897e-03
 28  1.276714e-03
 29  1.099211e-03
 30  9.329459e-04
 Iteration CPU time: 7 s
 CFIE residual: 0.000932946

 Iseg, Irank, Idinc : 1, 33, 58
 Thata, Phi : 90.000000, 57.000000
 Maximun iteration: 300
 Number of recycle truncation: 30
 Final matrix dimension:  36708
 Residual error:0.001000
 0  6.570549e-01
 1  3.418537e-01
 2  2.139908e-01
 3  1.373408e-01
 4  9.835275e-02
 5  7.249528e-02
 6  5.694478e-02
 7  4.568800e-02
 8  3.638008e-02
 9  2.815758e-02
 10  2.232245e-02
 11  1.825107e-02
 12  1.509511e-02
 13  1.292592e-02
 14  1.114386e-02
 15  9.646208e-03
 16  8.506518e-03
 17  7.426283e-03
 18  6.501993e-03
 19  5.456312e-03
 20  4.580529e-03
 21  3.799439e-03
 22  3.141909e-03
 23  2.477494e-03
 24  1.949792e-03
 25  1.495254e-03
 26  1.150636e-03
 27  8.973498e-04
 Iteration CPU time: 6 s
 CFIE residual: 0.00089735

 Iseg, Irank, Idinc : 1, 34, 180
 Thata, Phi : 90.000000, 179.000000
 Maximun iteration: 300
 Number of recycle truncation: 30
 Final matrix dimension:  36708
 Residual error:0.001000
 0  5.476302e-01
 1  3.002972e-01
 2  1.911036e-01
 3  1.379009e-01
 4  1.070215e-01
 5  8.364750e-02
 6  6.841157e-02
 7  5.578930e-02
 8  4.417761e-02
 9  3.577791e-02
 10  2.785946e-02
 11  2.147787e-02
 12  1.644788e-02
 13  1.261822e-02
 14  9.762777e-03
 15  7.505576e-03
 16  6.012430e-03
 17  5.017958e-03
 18  4.151730e-03
 19  3.452482e-03
 20  2.911767e-03
 21  2.517783e-03
 22  2.230883e-03
 23  1.969476e-03
 24  1.748706e-03
 25  1.519162e-03
 26  1.342463e-03
 27  1.186694e-03
 28  9.964429e-04
 Iteration CPU time: 6 s
 CFIE residual: 0.000996443

 Iseg, Irank, Idinc : 1, 35, 37
 Thata, Phi : 90.000000, 36.000000
 Maximun iteration: 300
 Number of recycle truncation: 30
 Final matrix dimension:  36708
 Residual error:0.001000
 0  6.197900e-01
 1  3.120272e-01
 2  1.931291e-01
 3  1.234311e-01
 4  8.522256e-02
 5  6.275629e-02
 6  4.622361e-02
 7  3.543294e-02
 8  2.702518e-02
 9  2.074075e-02
 10  1.668562e-02
 11  1.354658e-02
 12  1.115267e-02
 13  9.567088e-03
 14  7.959570e-03
 15  6.795569e-03
 16  6.039539e-03
 17  5.261064e-03
 18  4.547764e-03
 19  3.988232e-03
 20  3.423809e-03
 21  2.909073e-03
 22  2.460859e-03
 23  2.062879e-03
 24  1.736909e-03
 25  1.414866e-03
 26  1.142982e-03
 27  8.998863e-04
 Iteration CPU time: 6 s
 CFIE residual: 0.000899886

 Iseg, Irank, Idinc : 1, 36, 93
 Thata, Phi : 90.000000, 92.000000
 Maximun iteration: 300
 Number of recycle truncation: 30
 Final matrix dimension:  36708
 Residual error:0.001000
 0  6.246608e-01
 1  3.592988e-01
 2  2.287958e-01
 3  1.527310e-01
 4  1.117307e-01
 5  8.726885e-02
 6  6.892187e-02
 7  5.505733e-02
 8  4.478752e-02
 9  3.599990e-02
 10  2.808037e-02
 11  2.229414e-02
 12  1.827838e-02
 13  1.520805e-02
 14  1.278260e-02
 15  1.105397e-02
 16  9.530953e-03
 17  8.454762e-03
 18  7.490351e-03
 19  6.565706e-03
 20  5.785204e-03
 21  5.027697e-03
 22  4.161257e-03
 23  3.460930e-03
 24  2.870871e-03
 25  2.331280e-03
 26  1.823197e-03
 27  1.418713e-03
 28  1.087970e-03
 29  8.239407e-04
 Iteration CPU time: 7 s
 CFIE residual: 0.000823941

 Iseg, Irank, Idinc : 1, 37, 142
 Thata, Phi : 90.000000, 141.000000
 Maximun iteration: 300
 Number of recycle truncation: 30
 Final matrix dimension:  36708
 Residual error:0.001000
 0  6.663037e-01
 1  3.496725e-01
 2  2.150823e-01
 3  1.503560e-01
 4  1.094613e-01
 5  8.444199e-02
 6  6.389895e-02
 7  5.151315e-02
 8  4.254646e-02
 9  3.477950e-02
 10  2.889958e-02
 11  2.346521e-02
 12  1.948392e-02
 13  1.546499e-02
 14  1.205536e-02
 15  9.746273e-03
 16  8.147291e-03
 17  6.778686e-03
 18  5.654527e-03
 19  4.840854e-03
 20  4.138140e-03
 21  3.642382e-03
 22  3.217937e-03
 23  2.804813e-03
 24  2.466418e-03
 25  2.131577e-03
 26  1.836425e-03
 27  1.518344e-03
 28  1.227023e-03
 29  1.000861e-03
 30  8.007527e-04
 Iteration CPU time: 7 s
 CFIE residual: 0.000800753

 Iseg, Irank, Idinc : 1, 38, 9
 Thata, Phi : 90.000000, 8.000000
 Maximun iteration: 300
 Number of recycle truncation: 30
 Final matrix dimension:  36708
 Residual error:0.001000
 0  5.224441e-01
 1  2.720784e-01
 2  1.723932e-01
 3  1.229964e-01
 4  8.895414e-02
 5  6.743574e-02
 6  5.134634e-02
 7  3.964478e-02
 8  3.072818e-02
 9  2.378822e-02
 10  1.895506e-02
 11  1.501300e-02
 12  1.175216e-02
 13  9.518215e-03
 14  7.869041e-03
 15  6.576231e-03
 16  5.609872e-03
 17  4.733685e-03
 18  4.093821e-03
 19  3.598257e-03
 20  3.107437e-03
 21  2.679699e-03
 22  2.344232e-03
 23  2.094876e-03
 24  1.806665e-03
 25  1.559052e-03
 26  1.353722e-03
 27  1.187708e-03
 28  1.006491e-03
 29  8.322393e-04
 Iteration CPU time: 7 s
 CFIE residual: 0.000832239
 Last Built End in Sep 22 2025 09:01:48
 Total CPU time: 274 s
 Finished.
