 Last Built Begin in Sep 21 2025 00:06:12
 Pre-Type( Input ):           10
 Skl-Tol ( Input ):    1.0000000000000001E-005
 Wavelength in freespace: 0.0292398

 ################################################
 ##         Generating Required Mesh          ##
 ##         Waiting.....                      ##
 ################################################
 Subd No.      Subd Name
    1    Open-Duct_PRIME_model_meshAA1                                     
 isub,  nnode, npatch,  nedge:
    1      6118     12236     18354
 Scale Factor         >>   1.54999997E-02
 ################################################

 START TIME: 20250922   072012.351


 Informaton for IE geometry:
 number of subdomains     : 1
 maxnode,maxpatch,maxedge : 6118  12236  18354
 
 Index of Mat-Reg: 1
 Mat-Reg Number via MatFlg: 1
 Edge Number of Mat-Reg: 1, 18354

 Number of Edge on PEC: 18354
 Mat-Reg: No Dim(m) Lmax:
    1 0.245    5
 Totlmax, add1, add2:           5           6           7
 rlengmax of Global MLFMA >>   0.24521663161091251     
 Lmax of Global MLFMA >>            5
 Wavenum of Mat-Reg:
    1 1.000

 total area in sq m           =      0.0510
 total area in sq lambda      =     59.6165
 maxnode, maxpatch, maxedge           =     6118    12236    18354
 longest  edge in lambda              =      0.1596
 shortest edge in lambda              =      0.0076
 average  edge in lambda              =      0.1066
 largest  patch area in sq lambda     =      0.0086
 smallest patch area in sq lambda     =      0.0000
 ave    surface area in sq lambda     =      0.0049
 size range of the object in sq lambda =      7.8469

 #### MLFMA Info For Each Region ####
 Mat-Region =            1
 Array dimension parameters:
 maxrule=          14   maxgrid  =          64
 lmax   =           5   ncmax    =        1250
 lsmax  =          27   lsmin    =           7
 kpm    =        1462   kp0      =         102
 ntlm   =      217096   nsm      =      232158
 nkpm   =        2284   niplm    =      146176
 ngnearm=       14257   ngsndm   =       64634
 nearm  =         333   mfinestm =         119
 ###############################

 CFIE Alpha:  0.50000000000000000     

 Fill MLFMA FI for Mat-Reg:           1
 Begin filltl.f
 fill translation matrix
 Level:            2
 fill shifting matrix
 Level:            3
 fill shifting matrix
 Level:            4
 fill shifting matrix
 Level:            5
 fill shifting matrix
 translator time(s):  0.119000003    
 fill interpolation matrix
 ThetaOrder            8
 PhiOrder            8
 lsl            7
 Filling TL                  Delta_CPU=          0.55 Memory(MB)=        653.98
 Filling sndgrp              Delta_CPU=          0.00 Memory(MB)=        653.98
 Filling VFS                 Delta_CPU=          3.15 Memory(MB)=        653.98

 Fill MLFMA NI for Mat-Reg:           1
 Begin fill sparser part of Nearfield
 Begin fill denser part of Nearfield
 End fill
 Filling Amn                 Delta_CPU=         89.59 Memory(MB)=        653.98


 Now testing preconditioner with
 ipretype =           10
 method = cfie_solve_nfrasspspre_pardiso

  
 NBP>>Begin fill sparser part of Nearfield

117.2737% NBP>>Begin fill denser part of Nearfield

200.1041%
 Begin MLFMA Box-Matrix Based Spar-RAS Prec Constructor
 --- Intel MKL PARDISO --- 
 Memory for iGroup: 1 0 MB
 Total Memory For SparRAS Pre: 0 MB
 --- PARDISO PRECONDITIONER INITIALIZED --- 
 Constructing preconditioner CPU time: 4 s
 
 1101240
 Memory for Iteration:: 16.8036 MB

 Iseg, Ninc_S : 1, 181, 0

 Iseg, Skeleton Angles: 1, 40
 Iseg, Skel-Pk Mem(MB): 1, 314.35

 Iseg, Irank, Idinc : 1, 1, 42
 Thata, Phi : 90.000000, 41.000000
 Maximun iteration: 300
 Number of recycle truncation: 30
 Final matrix dimension:  36708
 Residual error:0.001000
 0  6.311987e-01
 1  3.151422e-01
 2  1.993408e-01
 3  1.276121e-01
 4  8.822789e-02
 5  6.493719e-02
 6  4.895979e-02
 7  3.738280e-02
 8  2.835359e-02
 9  2.182307e-02
 10  1.624936e-02
 11  1.313511e-02
 12  1.058811e-02
 13  8.661205e-03
 14  7.273833e-03
 15  6.143850e-03
 16  5.306976e-03
 17  4.453870e-03
 18  3.875256e-03
 19  3.445558e-03
 20  3.182816e-03
 21  2.959805e-03
 22  2.833165e-03
 23  2.723829e-03
 24  2.636254e-03
 25  2.544155e-03
 26  2.459928e-03
 27  2.355775e-03
 28  2.232944e-03
 29  2.094874e-03
 30  1.938938e-03
 31  1.754308e-03
 32  1.557273e-03
 33  1.310712e-03
 34  1.095426e-03
 35  9.097331e-04
 Iteration CPU time: 8 s
 CFIE residual: 0.000909733

 Iseg, Irank, Idinc : 1, 2, 63
 Thata, Phi : 90.000000, 62.000000
 Maximun iteration: 300
 Number of recycle truncation: 30
 Final matrix dimension:  36708
 Residual error:0.001000
 0  6.570385e-01
 1  3.581853e-01
 2  2.231420e-01
 3  1.427688e-01
 4  1.011891e-01
 5  7.792827e-02
 6  5.859767e-02
 7  4.683659e-02
 8  3.699246e-02
 9  2.953533e-02
 10  2.282197e-02
 11  1.789797e-02
 12  1.446698e-02
 13  1.175606e-02
 14  9.929245e-03
 15  8.683509e-03
 16  7.508376e-03
 17  6.749821e-03
 18  6.202066e-03
 19  5.827233e-03
 20  5.588710e-03
 21  5.400851e-03
 22  5.213742e-03
 23  4.994742e-03
 24  4.766803e-03
 25  4.525512e-03
 26  4.309388e-03
 27  4.020802e-03
 28  3.649222e-03
 29  3.220449e-03
 30  2.708225e-03
 31  2.277895e-03
 32  1.879556e-03
 33  1.538341e-03
 34  1.258943e-03
 35  1.025743e-03
 36  8.447464e-04
 Iteration CPU time: 8 s
 CFIE residual: 0.000844746

 Iseg, Irank, Idinc : 1, 3, 109
 Thata, Phi : 90.000000, 108.000000
 Maximun iteration: 300
 Number of recycle truncation: 30
 Final matrix dimension:  36708
 Residual error:0.001000
 0  6.210808e-01
 1  3.506775e-01
 2  2.180856e-01
 3  1.488499e-01
 4  1.051025e-01
 5  7.913319e-02
 6  6.102316e-02
 7  4.756935e-02
 8  3.795866e-02
 9  3.037753e-02
 10  2.452839e-02
 11  2.018971e-02
 12  1.635405e-02
 13  1.363916e-02
 14  1.139858e-02
 15  9.430499e-03
 16  8.196359e-03
 17  7.091296e-03
 18  6.151978e-03
 19  5.385668e-03
 20  4.787943e-03
 21  4.278998e-03
 22  3.973615e-03
 23  3.756884e-03
 24  3.599427e-03
 25  3.477876e-03
 26  3.368427e-03
 27  3.251245e-03
 28  3.116558e-03
 29  2.951006e-03
 30  2.699302e-03
 31  2.373970e-03
 32  2.060797e-03
 33  1.733246e-03
 34  1.469939e-03
 35  1.224457e-03
 36  9.937916e-04
 Iteration CPU time: 9 s
 CFIE residual: 0.000993792

 Iseg, Irank, Idinc : 1, 4, 22
 Thata, Phi : 90.000000, 21.000000
 Maximun iteration: 300
 Number of recycle truncation: 30
 Final matrix dimension:  36708
 Residual error:0.001000
 0  6.295313e-01
 1  2.953110e-01
 2  1.737078e-01
 3  1.151335e-01
 4  8.025159e-02
 5  5.936509e-02
 6  4.506198e-02
 7  3.510038e-02
 8  2.810444e-02
 9  2.252608e-02
 10  1.813887e-02
 11  1.455462e-02
 12  1.179189e-02
 13  9.830085e-03
 14  8.178988e-03
 15  6.654356e-03
 16  5.651791e-03
 17  4.870033e-03
 18  4.057767e-03
 19  3.454811e-03
 20  2.921860e-03
 21  2.512753e-03
 22  2.153462e-03
 23  1.920263e-03
 24  1.725659e-03
 25  1.589430e-03
 26  1.461140e-03
 27  1.359946e-03
 28  1.294530e-03
 29  1.246378e-03
 30  1.198561e-03
 31  1.157694e-03
 32  1.114930e-03
 33  1.060351e-03
 34  9.951655e-04
 Iteration CPU time: 7 s
 CFIE residual: 0.000995166

 Iseg, Irank, Idinc : 1, 5, 147
 Thata, Phi : 90.000000, 146.000000
 Maximun iteration: 300
 Number of recycle truncation: 30
 Final matrix dimension:  36708
 Residual error:0.001000
 0  6.564637e-01
 1  3.458299e-01
 2  2.105513e-01
 3  1.413579e-01
 4  1.013176e-01
 5  7.714358e-02
 6  6.009721e-02
 7  4.742416e-02
 8  3.949968e-02
 9  3.379943e-02
 10  2.863502e-02
 11  2.479862e-02
 12  2.158536e-02
 13  1.834507e-02
 14  1.517158e-02
 15  1.282839e-02
 16  1.088503e-02
 17  9.014053e-03
 18  7.394335e-03
 19  6.365096e-03
 20  5.369037e-03
 21  4.630240e-03
 22  4.093553e-03
 23  3.656644e-03
 24  3.337116e-03
 25  3.074424e-03
 26  2.868102e-03
 27  2.710694e-03
 28  2.599596e-03
 29  2.515207e-03
 30  2.423551e-03
 31  2.331255e-03
 32  2.222786e-03
 33  2.045216e-03
 34  1.853301e-03
 35  1.625974e-03
 36  1.369904e-03
 37  1.119032e-03
 38  8.961561e-04
 Iteration CPU time: 9 s
 CFIE residual: 0.000896156

 Iseg, Irank, Idinc : 1, 6, 136
 Thata, Phi : 90.000000, 135.000000
 Maximun iteration: 300
 Number of recycle truncation: 30
 Final matrix dimension:  36708
 Residual error:0.001000
 0  6.971694e-01
 1  3.509396e-01
 2  2.186564e-01
 3  1.481348e-01
 4  1.069839e-01
 5  8.032167e-02
 6  6.056646e-02
 7  4.795905e-02
 8  3.837711e-02
 9  3.235238e-02
 10  2.614129e-02
 11  2.165942e-02
 12  1.770701e-02
 13  1.489063e-02
 14  1.247540e-02
 15  1.030551e-02
 16  8.745817e-03
 17  7.373908e-03
 18  6.360131e-03
 19  5.521563e-03
 20  4.851999e-03
 21  4.444059e-03
 22  4.031151e-03
 23  3.758451e-03
 24  3.538157e-03
 25  3.384889e-03
 26  3.260869e-03
 27  3.147399e-03
 28  3.045824e-03
 29  2.948568e-03
 30  2.808069e-03
 31  2.644185e-03
 32  2.478538e-03
 33  2.276226e-03
 34  2.028249e-03
 35  1.804998e-03
 36  1.568778e-03
 37  1.303627e-03
 38  1.055912e-03
 39  8.158987e-04
 Iteration CPU time: 9 s
 CFIE residual: 0.000815899

 Iseg, Irank, Idinc : 1, 7, 83
 Thata, Phi : 90.000000, 82.000000
 Maximun iteration: 300
 Number of recycle truncation: 30
 Final matrix dimension:  36708
 Residual error:0.001000
 0  6.093062e-01
 1  3.490021e-01
 2  2.230581e-01
 3  1.498162e-01
 4  1.090474e-01
 5  8.345543e-02
 6  6.400019e-02
 7  5.065067e-02
 8  4.088594e-02
 9  3.183809e-02
 10  2.543794e-02
 11  2.103364e-02
 12  1.730277e-02
 13  1.430583e-02
 14  1.216274e-02
 15  1.044190e-02
 16  8.999976e-03
 17  7.978751e-03
 18  7.260655e-03
 19  6.621492e-03
 20  6.145404e-03
 21  5.826515e-03
 22  5.571725e-03
 23  5.373137e-03
 24  5.208321e-03
 25  5.052483e-03
 26  4.878129e-03
 27  4.647063e-03
 28  4.369633e-03
 29  4.033213e-03
 30  3.547655e-03
 31  3.112993e-03
 32  2.687415e-03
 33  2.246430e-03
 34  1.804476e-03
 35  1.478442e-03
 36  1.200727e-03
 37  9.807575e-04
 Iteration CPU time: 8 s
 CFIE residual: 0.000980758

 Iseg, Irank, Idinc : 1, 8, 72
 Thata, Phi : 90.000000, 71.000000
 Maximun iteration: 300
 Number of recycle truncation: 30
 Final matrix dimension:  36708
 Residual error:0.001000
 0  6.359573e-01
 1  3.650103e-01
 2  2.353383e-01
 3  1.481174e-01
 4  1.042770e-01
 5  8.200386e-02
 6  6.313703e-02
 7  4.890573e-02
 8  3.875941e-02
 9  3.189607e-02
 10  2.558382e-02
 11  2.045075e-02
 12  1.625144e-02
 13  1.344257e-02
 14  1.142156e-02
 15  9.846547e-03
 16  8.694568e-03
 17  7.782968e-03
 18  7.099219e-03
 19  6.626407e-03
 20  6.321034e-03
 21  6.057962e-03
 22  5.842294e-03
 23  5.623172e-03
 24  5.364602e-03
 25  5.162143e-03
 26  4.898474e-03
 27  4.618222e-03
 28  4.256083e-03
 29  3.835361e-03
 30  3.269793e-03
 31  2.781347e-03
 32  2.346539e-03
 33  1.913529e-03
 34  1.561843e-03
 35  1.254020e-03
 36  1.033157e-03
 37  8.261227e-04
 Iteration CPU time: 9 s
 CFIE residual: 0.000826123

 Iseg, Irank, Idinc : 1, 9, 159
 Thata, Phi : 90.000000, 158.000000
 Maximun iteration: 300
 Number of recycle truncation: 30
 Final matrix dimension:  36708
 Residual error:0.001000
 0  6.198926e-01
 1  3.145219e-01
 2  1.918187e-01
 3  1.297446e-01
 4  9.716984e-02
 5  7.739466e-02
 6  6.212923e-02
 7  5.099294e-02
 8  4.267037e-02
 9  3.672618e-02
 10  3.158414e-02
 11  2.761877e-02
 12  2.392893e-02
 13  2.036503e-02
 14  1.676088e-02
 15  1.432646e-02
 16  1.219615e-02
 17  1.003866e-02
 18  8.462398e-03
 19  7.149162e-03
 20  5.950745e-03
 21  4.990020e-03
 22  4.223830e-03
 23  3.622920e-03
 24  3.126102e-03
 25  2.728652e-03
 26  2.421846e-03
 27  2.205949e-03
 28  2.072351e-03
 29  1.964504e-03
 30  1.887955e-03
 31  1.807453e-03
 32  1.734370e-03
 33  1.645608e-03
 34  1.547012e-03
 35  1.414800e-03
 36  1.226055e-03
 37  1.007501e-03
 38  8.278858e-04
 Iteration CPU time: 8 s
 CFIE residual: 0.000827886

 Iseg, Irank, Idinc : 1, 10, 124
 Thata, Phi : 90.000000, 123.000000
 Maximun iteration: 300
 Number of recycle truncation: 30
 Final matrix dimension:  36708
 Residual error:0.001000
 0  6.541436e-01
 1  3.409253e-01
 2  2.213969e-01
 3  1.562127e-01
 4  1.125367e-01
 5  8.256625e-02
 6  6.551175e-02
 7  5.114832e-02
 8  4.107303e-02
 9  3.320831e-02
 10  2.606269e-02
 11  2.086881e-02
 12  1.623934e-02
 13  1.309013e-02
 14  1.073645e-02
 15  9.049402e-03
 16  7.743034e-03
 17  6.695226e-03
 18  5.670729e-03
 19  4.959549e-03
 20  4.471409e-03
 21  4.016009e-03
 22  3.698717e-03
 23  3.446415e-03
 24  3.234462e-03
 25  3.066318e-03
 26  2.939578e-03
 27  2.827411e-03
 28  2.729128e-03
 29  2.651704e-03
 30  2.544948e-03
 31  2.429451e-03
 32  2.309754e-03
 33  2.144657e-03
 34  1.966596e-03
 35  1.769249e-03
 36  1.536597e-03
 37  1.281095e-03
 38  1.041708e-03
 39  8.175243e-04
 Iteration CPU time: 9 s
 CFIE residual: 0.000817524

 Iseg, Irank, Idinc : 1, 11, 53
 Thata, Phi : 90.000000, 52.000000
 Maximun iteration: 300
 Number of recycle truncation: 30
 Final matrix dimension:  36708
 Residual error:0.001000
 0  6.529165e-01
 1  3.444203e-01
 2  2.109844e-01
 3  1.352060e-01
 4  9.674561e-02
 5  7.371873e-02
 6  5.735323e-02
 7  4.419090e-02
 8  3.381129e-02
 9  2.631333e-02
 10  2.050501e-02
 11  1.613393e-02
 12  1.266664e-02
 13  1.004961e-02
 14  8.535928e-03
 15  7.305185e-03
 16  6.291618e-03
 17  5.509772e-03
 18  4.944243e-03
 19  4.457141e-03
 20  4.199871e-03
 21  4.061923e-03
 22  3.936319e-03
 23  3.793012e-03
 24  3.636935e-03
 25  3.475133e-03
 26  3.276920e-03
 27  3.039802e-03
 28  2.760794e-03
 29  2.442170e-03
 30  2.089160e-03
 31  1.774228e-03
 32  1.491394e-03
 33  1.234067e-03
 34  1.020769e-03
 35  8.421579e-04
 Iteration CPU time: 8 s
 CFIE residual: 0.000842158

 Iseg, Irank, Idinc : 1, 12, 176
 Thata, Phi : 90.000000, 175.000000
 Maximun iteration: 300
 Number of recycle truncation: 30
 Final matrix dimension:  36708
 Residual error:0.001000
 0  5.859792e-01
 1  2.974814e-01
 2  1.854699e-01
 3  1.314859e-01
 4  1.014607e-01
 5  8.103426e-02
 6  6.539990e-02
 7  5.503976e-02
 8  4.574204e-02
 9  3.768946e-02
 10  3.162171e-02
 11  2.626910e-02
 12  2.179278e-02
 13  1.809337e-02
 14  1.511165e-02
 15  1.233931e-02
 16  1.024244e-02
 17  8.511481e-03
 18  7.122966e-03
 19  5.904125e-03
 20  4.946998e-03
 21  4.223847e-03
 22  3.535413e-03
 23  3.045709e-03
 24  2.663014e-03
 25  2.320029e-03
 26  2.037693e-03
 27  1.815242e-03
 28  1.647906e-03
 29  1.505173e-03
 30  1.409521e-03
 31  1.329020e-03
 32  1.272470e-03
 33  1.228302e-03
 34  1.183786e-03
 35  1.128927e-03
 36  1.067216e-03
 37  9.931458e-04
 Iteration CPU time: 9 s
 CFIE residual: 0.000993146

 Iseg, Irank, Idinc : 1, 13, 91
 Thata, Phi : 90.000000, 90.000000
 Maximun iteration: 300
 Number of recycle truncation: 30
 Final matrix dimension:  36708
 Residual error:0.001000
 0  6.013994e-01
 1  3.456450e-01
 2  2.189110e-01
 3  1.497417e-01
 4  1.073673e-01
 5  8.202275e-02
 6  6.390182e-02
 7  4.999726e-02
 8  4.052429e-02
 9  3.240047e-02
 10  2.641797e-02
 11  2.186882e-02
 12  1.815028e-02
 13  1.548642e-02
 14  1.317782e-02
 15  1.102511e-02
 16  9.444970e-03
 17  8.253339e-03
 18  7.326508e-03
 19  6.581681e-03
 20  5.997119e-03
 21  5.567539e-03
 22  5.261011e-03
 23  5.036875e-03
 24  4.883053e-03
 25  4.742392e-03
 26  4.601007e-03
 27  4.421385e-03
 28  4.169234e-03
 29  3.865956e-03
 30  3.498471e-03
 31  3.104733e-03
 32  2.718955e-03
 33  2.325525e-03
 34  1.943023e-03
 35  1.626170e-03
 36  1.325044e-03
 37  1.065528e-03
 38  8.408249e-04
 Iteration CPU time: 8 s
 CFIE residual: 0.000840825

 Iseg, Irank, Idinc : 1, 14, 32
 Thata, Phi : 90.000000, 31.000000
 Maximun iteration: 300
 Number of recycle truncation: 30
 Final matrix dimension:  36708
 Residual error:0.001000
 0  6.317574e-01
 1  3.079769e-01
 2  1.826593e-01
 3  1.140148e-01
 4  8.013145e-02
 5  5.886874e-02
 6  4.338919e-02
 7  3.314715e-02
 8  2.599577e-02
 9  2.069317e-02
 10  1.664718e-02
 11  1.365567e-02
 12  1.077510e-02
 13  9.016835e-03
 14  7.394274e-03
 15  6.069940e-03
 16  5.124956e-03
 17  4.356784e-03
 18  3.666442e-03
 19  3.216251e-03
 20  2.837652e-03
 21  2.543841e-03
 22  2.298065e-03
 23  2.139793e-03
 24  2.003448e-03
 25  1.908277e-03
 26  1.828007e-03
 27  1.744607e-03
 28  1.680739e-03
 29  1.607396e-03
 30  1.527811e-03
 31  1.444444e-03
 32  1.348500e-03
 33  1.235701e-03
 34  1.100261e-03
 35  9.542020e-04
 Iteration CPU time: 8 s
 CFIE residual: 0.000954202

 Iseg, Irank, Idinc : 1, 15, 9
 Thata, Phi : 90.000000, 8.000000
 Maximun iteration: 300
 Number of recycle truncation: 30
 Final matrix dimension:  36708
 Residual error:0.001000
 0  5.448503e-01
 1  2.780392e-01
 2  1.772663e-01
 3  1.239558e-01
 4  9.036328e-02
 5  6.757099e-02
 6  5.136820e-02
 7  3.973270e-02
 8  3.122712e-02
 9  2.440986e-02
 10  1.938768e-02
 11  1.539088e-02
 12  1.243242e-02
 13  1.011378e-02
 14  8.206638e-03
 15  6.531502e-03
 16  5.561168e-03
 17  4.696102e-03
 18  3.975278e-03
 19  3.372504e-03
 20  2.907342e-03
 21  2.535851e-03
 22  2.143923e-03
 23  1.862183e-03
 24  1.635308e-03
 25  1.443728e-03
 26  1.275263e-03
 27  1.129631e-03
 28  1.021283e-03
 29  9.405625e-04
 Iteration CPU time: 7 s
 CFIE residual: 0.000940562

 Iseg, Irank, Idinc : 1, 16, 100
 Thata, Phi : 90.000000, 99.000000
 Maximun iteration: 300
 Number of recycle truncation: 30
 Final matrix dimension:  36708
 Residual error:0.001000
 0  6.067115e-01
 1  3.431773e-01
 2  2.150625e-01
 3  1.458664e-01
 4  1.048289e-01
 5  7.910183e-02
 6  6.103589e-02
 7  4.862094e-02
 8  3.850140e-02
 9  3.155644e-02
 10  2.576664e-02
 11  2.130882e-02
 12  1.765485e-02
 13  1.470502e-02
 14  1.255326e-02
 15  1.061002e-02
 16  9.064570e-03
 17  7.918989e-03
 18  6.891899e-03
 19  6.035941e-03
 20  5.388055e-03
 21  4.898172e-03
 22  4.579551e-03
 23  4.371047e-03
 24  4.180260e-03
 25  4.059946e-03
 26  3.940154e-03
 27  3.790674e-03
 28  3.623328e-03
 29  3.410859e-03
 30  3.167444e-03
 31  2.884748e-03
 32  2.533233e-03
 33  2.159659e-03
 34  1.777981e-03
 35  1.485995e-03
 36  1.222045e-03
 37  9.939923e-04
 Iteration CPU time: 9 s
 CFIE residual: 0.000993992

 Iseg, Irank, Idinc : 1, 17, 116
 Thata, Phi : 90.000000, 115.000000
 Maximun iteration: 300
 Number of recycle truncation: 30
 Final matrix dimension:  36708
 Residual error:0.001000
 0  6.426262e-01
 1  3.467415e-01
 2  2.165364e-01
 3  1.510806e-01
 4  1.080921e-01
 5  7.909555e-02
 6  6.147779e-02
 7  4.824123e-02
 8  3.790423e-02
 9  3.037268e-02
 10  2.446177e-02
 11  1.941136e-02
 12  1.578013e-02
 13  1.309217e-02
 14  1.094101e-02
 15  9.184151e-03
 16  7.719408e-03
 17  6.642282e-03
 18  5.694977e-03
 19  4.971610e-03
 20  4.493467e-03
 21  4.095514e-03
 22  3.796493e-03
 23  3.589238e-03
 24  3.445697e-03
 25  3.307872e-03
 26  3.189490e-03
 27  3.096741e-03
 28  2.992908e-03
 29  2.885218e-03
 30  2.737978e-03
 31  2.559242e-03
 32  2.285531e-03
 33  2.000332e-03
 34  1.658132e-03
 35  1.400028e-03
 36  1.137388e-03
 37  9.000514e-04
 Iteration CPU time: 8 s
 CFIE residual: 0.000900051

 Iseg, Irank, Idinc : 1, 18, 1
 Thata, Phi : 90.000000, 0.000000
 Maximun iteration: 300
 Number of recycle truncation: 30
 Final matrix dimension:  36708
 Residual error:0.001000
 0  5.199804e-01
 1  2.730273e-01
 2  1.772446e-01
 3  1.215681e-01
 4  8.741409e-02
 5  6.675973e-02
 6  5.154163e-02
 7  3.814497e-02
 8  2.902630e-02
 9  2.328270e-02
 10  1.913803e-02
 11  1.517426e-02
 12  1.149920e-02
 13  9.400666e-03
 14  7.603038e-03
 15  6.314483e-03
 16  5.197382e-03
 17  4.474613e-03
 18  3.776132e-03
 19  3.257037e-03
 20  2.766077e-03
 21  2.345553e-03
 22  1.979567e-03
 23  1.647390e-03
 24  1.376288e-03
 25  1.160960e-03
 26  9.676288e-04
 Iteration CPU time: 6 s
 CFIE residual: 0.000967629

 Iseg, Irank, Idinc : 1, 19, 167
 Thata, Phi : 90.000000, 166.000000
 Maximun iteration: 300
 Number of recycle truncation: 30
 Final matrix dimension:  36708
 Residual error:0.001000
 0  5.937650e-01
 1  3.002387e-01
 2  1.856805e-01
 3  1.309394e-01
 4  1.008091e-01
 5  8.054044e-02
 6  6.478008e-02
 7  5.447937e-02
 8  4.561193e-02
 9  3.875726e-02
 10  3.254864e-02
 11  2.781252e-02
 12  2.447137e-02
 13  2.103772e-02
 14  1.742696e-02
 15  1.468085e-02
 16  1.258743e-02
 17  1.045555e-02
 18  8.719993e-03
 19  7.233477e-03
 20  5.956831e-03
 21  5.018174e-03
 22  4.232047e-03
 23  3.655497e-03
 24  3.092259e-03
 25  2.667971e-03
 26  2.341368e-03
 27  2.093544e-03
 28  1.906369e-03
 29  1.770691e-03
 30  1.664908e-03
 31  1.579970e-03
 32  1.510428e-03
 33  1.454230e-03
 34  1.396364e-03
 35  1.323627e-03
 36  1.216152e-03
 37  1.083251e-03
 38  9.525705e-04
 Iteration CPU time: 9 s
 CFIE residual: 0.00095257

 Iseg, Irank, Idinc : 1, 20, 16
 Thata, Phi : 90.000000, 15.000000
 Maximun iteration: 300
 Number of recycle truncation: 30
 Final matrix dimension:  36708
 Residual error:0.001000
 0  5.916006e-01
 1  2.866565e-01
 2  1.761133e-01
 3  1.207684e-01
 4  8.642324e-02
 5  6.427926e-02
 6  4.944454e-02
 7  3.848396e-02
 8  3.035152e-02
 9  2.446777e-02
 10  1.951959e-02
 11  1.530338e-02
 12  1.216393e-02
 13  9.891219e-03
 14  8.301071e-03
 15  6.649305e-03
 16  5.557680e-03
 17  4.770469e-03
 18  4.048870e-03
 19  3.438337e-03
 20  2.926154e-03
 21  2.522045e-03
 22  2.143561e-03
 23  1.871950e-03
 24  1.672091e-03
 25  1.504973e-03
 26  1.361372e-03
 27  1.232935e-03
 28  1.142579e-03
 29  1.079114e-03
 30  1.020754e-03
 31  9.812495e-04
 Iteration CPU time: 7 s
 CFIE residual: 0.000981249

 Iseg, Irank, Idinc : 1, 21, 181
 Thata, Phi : 90.000000, 180.000000
 Maximun iteration: 300
 Number of recycle truncation: 30
 Final matrix dimension:  36708
 Residual error:0.001000
 0  5.855749e-01
 1  2.973402e-01
 2  1.848308e-01
 3  1.304747e-01
 4  9.977272e-02
 5  7.936570e-02
 6  6.409463e-02
 7  5.374868e-02
 8  4.484854e-02
 9  3.660101e-02
 10  2.971157e-02
 11  2.426313e-02
 12  1.948064e-02
 13  1.594011e-02
 14  1.278006e-02
 15  1.024601e-02
 16  8.280029e-03
 17  6.779681e-03
 18  5.708842e-03
 19  4.783136e-03
 20  3.986777e-03
 21  3.389381e-03
 22  2.814306e-03
 23  2.379299e-03
 24  2.052190e-03
 25  1.800911e-03
 26  1.593520e-03
 27  1.419071e-03
 28  1.281333e-03
 29  1.181314e-03
 30  1.104264e-03
 31  1.050457e-03
 32  1.011923e-03
 33  9.737346e-04
 Iteration CPU time: 8 s
 CFIE residual: 0.000973735

 Iseg, Irank, Idinc : 1, 22, 153
 Thata, Phi : 90.000000, 152.000000
 Maximun iteration: 300
 Number of recycle truncation: 30
 Final matrix dimension:  36708
 Residual error:0.001000
 0  6.361533e-01
 1  3.296841e-01
 2  2.026987e-01
 3  1.345954e-01
 4  9.862137e-02
 5  7.720954e-02
 6  6.029736e-02
 7  4.888479e-02
 8  4.041992e-02
 9  3.437534e-02
 10  2.926004e-02
 11  2.541734e-02
 12  2.211474e-02
 13  1.889788e-02
 14  1.550024e-02
 15  1.309024e-02
 16  1.123349e-02
 17  9.337549e-03
 18  7.861402e-03
 19  6.714619e-03
 20  5.707149e-03
 21  4.822666e-03
 22  4.087938e-03
 23  3.518762e-03
 24  3.080513e-03
 25  2.757047e-03
 26  2.490234e-03
 27  2.302340e-03
 28  2.181069e-03
 29  2.086810e-03
 30  2.018907e-03
 31  1.939323e-03
 32  1.854361e-03
 33  1.744218e-03
 34  1.611740e-03
 35  1.430457e-03
 36  1.252355e-03
 37  1.049658e-03
 38  8.622350e-04
 Iteration CPU time: 8 s
 CFIE residual: 0.000862235

 Iseg, Irank, Idinc : 1, 23, 77
 Thata, Phi : 90.000000, 76.000000
 Maximun iteration: 300
 Number of recycle truncation: 30
 Final matrix dimension:  36708
 Residual error:0.001000
 0  6.183433e-01
 1  3.562474e-01
 2  2.300080e-01
 3  1.469786e-01
 4  1.039572e-01
 5  7.899307e-02
 6  6.189984e-02
 7  4.807833e-02
 8  3.849467e-02
 9  3.049666e-02
 10  2.476776e-02
 11  2.019413e-02
 12  1.642942e-02
 13  1.369907e-02
 14  1.181564e-02
 15  1.014548e-02
 16  8.974099e-03
 17  8.077356e-03
 18  7.341237e-03
 19  6.765050e-03
 20  6.389374e-03
 21  6.078203e-03
 22  5.828377e-03
 23  5.600725e-03
 24  5.372922e-03
 25  5.191149e-03
 26  4.978765e-03
 27  4.747155e-03
 28  4.461773e-03
 29  4.112560e-03
 30  3.621096e-03
 31  3.127852e-03
 32  2.634800e-03
 33  2.210748e-03
 34  1.780081e-03
 35  1.436561e-03
 36  1.173430e-03
 37  9.388688e-04
 Iteration CPU time: 9 s
 CFIE residual: 0.000938869

 Iseg, Irank, Idinc : 1, 24, 130
 Thata, Phi : 90.000000, 129.000000
 Maximun iteration: 300
 Number of recycle truncation: 30
 Final matrix dimension:  36708
 Residual error:0.001000
 0  6.738125e-01
 1  3.497835e-01
 2  2.232686e-01
 3  1.530756e-01
 4  1.104409e-01
 5  8.165580e-02
 6  6.378748e-02
 7  5.040939e-02
 8  3.985069e-02
 9  3.278562e-02
 10  2.649978e-02
 11  2.113785e-02
 12  1.666379e-02
 13  1.345220e-02
 14  1.095990e-02
 15  9.274110e-03
 16  7.714987e-03
 17  6.462764e-03
 18  5.575393e-03
 19  4.894363e-03
 20  4.336414e-03
 21  3.951003e-03
 22  3.627640e-03
 23  3.379959e-03
 24  3.168295e-03
 25  3.039011e-03
 26  2.931218e-03
 27  2.834764e-03
 28  2.748258e-03
 29  2.649686e-03
 30  2.520014e-03
 31  2.376443e-03
 32  2.222357e-03
 33  2.037554e-03
 34  1.817600e-03
 35  1.592401e-03
 36  1.348138e-03
 37  1.110455e-03
 38  8.935776e-04
 Iteration CPU time: 8 s
 CFIE residual: 0.000893578

 Iseg, Irank, Idinc : 1, 25, 48
 Thata, Phi : 90.000000, 47.000000
 Maximun iteration: 300
 Number of recycle truncation: 30
 Final matrix dimension:  36708
 Residual error:0.001000
 0  6.409538e-01
 1  3.319980e-01
 2  2.056493e-01
 3  1.341286e-01
 4  9.617621e-02
 5  7.350567e-02
 6  5.613555e-02
 7  4.276612e-02
 8  3.277280e-02
 9  2.514287e-02
 10  1.915011e-02
 11  1.506980e-02
 12  1.197506e-02
 13  9.816995e-03
 14  8.174975e-03
 15  6.928130e-03
 16  5.940872e-03
 17  5.112130e-03
 18  4.532792e-03
 19  4.076930e-03
 20  3.811262e-03
 21  3.640393e-03
 22  3.517716e-03
 23  3.382374e-03
 24  3.258289e-03
 25  3.146722e-03
 26  3.005902e-03
 27  2.853706e-03
 28  2.610981e-03
 29  2.367202e-03
 30  2.105275e-03
 31  1.831161e-03
 32  1.567466e-03
 33  1.294567e-03
 34  1.083351e-03
 35  8.916381e-04
 Iteration CPU time: 8 s
 CFIE residual: 0.000891638

 Iseg, Irank, Idinc : 1, 26, 4
 Thata, Phi : 90.000000, 3.000000
 Maximun iteration: 300
 Number of recycle truncation: 30
 Final matrix dimension:  36708
 Residual error:0.001000
 0  5.237772e-01
 1  2.738752e-01
 2  1.772336e-01
 3  1.222086e-01
 4  8.832497e-02
 5  6.704967e-02
 6  5.140259e-02
 7  3.822796e-02
 8  2.952350e-02
 9  2.362525e-02
 10  1.912196e-02
 11  1.521960e-02
 12  1.193334e-02
 13  9.762065e-03
 14  8.054164e-03
 15  6.529398e-03
 16  5.493823e-03
 17  4.702858e-03
 18  3.922857e-03
 19  3.354676e-03
 20  2.898508e-03
 21  2.510318e-03
 22  2.142209e-03
 23  1.805697e-03
 24  1.548606e-03
 25  1.328204e-03
 26  1.145997e-03
 27  9.762951e-04
 Iteration CPU time: 6 s
 CFIE residual: 0.000976295

 Iseg, Irank, Idinc : 1, 27, 172
 Thata, Phi : 90.000000, 171.000000
 Maximun iteration: 300
 Number of recycle truncation: 30
 Final matrix dimension:  36708
 Residual error:0.001000
 0  5.873238e-01
 1  2.978014e-01
 2  1.861051e-01
 3  1.323187e-01
 4  1.025487e-01
 5  8.202051e-02
 6  6.607135e-02
 7  5.580908e-02
 8  4.639466e-02
 9  3.858782e-02
 10  3.282358e-02
 11  2.793637e-02
 12  2.356140e-02
 13  1.988551e-02
 14  1.680335e-02
 15  1.388465e-02
 16  1.168962e-02
 17  9.714887e-03
 18  8.049677e-03
 19  6.717077e-03
 20  5.585052e-03
 21  4.727108e-03
 22  3.990884e-03
 23  3.460864e-03
 24  2.969306e-03
 25  2.573195e-03
 26  2.260077e-03
 27  2.017002e-03
 28  1.826972e-03
 29  1.676507e-03
 30  1.565889e-03
 31  1.478825e-03
 32  1.409659e-03
 33  1.357861e-03
 34  1.302752e-03
 35  1.244070e-03
 36  1.169490e-03
 37  1.070363e-03
 38  9.653182e-04
 Iteration CPU time: 9 s
 CFIE residual: 0.000965318

 Iseg, Irank, Idinc : 1, 28, 96
 Thata, Phi : 90.000000, 95.000000
 Maximun iteration: 300
 Number of recycle truncation: 30
 Final matrix dimension:  36708
 Residual error:0.001000
 0  6.024407e-01
 1  3.433390e-01
 2  2.164618e-01
 3  1.452874e-01
 4  1.040764e-01
 5  7.947469e-02
 6  6.283912e-02
 7  4.952920e-02
 8  3.927786e-02
 9  3.125161e-02
 10  2.568553e-02
 11  2.105049e-02
 12  1.745016e-02
 13  1.489713e-02
 14  1.271381e-02
 15  1.074909e-02
 16  9.185542e-03
 17  7.992910e-03
 18  7.129739e-03
 19  6.243852e-03
 20  5.618076e-03
 21  5.163775e-03
 22  4.871763e-03
 23  4.648314e-03
 24  4.495560e-03
 25  4.368404e-03
 26  4.235530e-03
 27  4.083198e-03
 28  3.869246e-03
 29  3.620064e-03
 30  3.314081e-03
 31  2.982615e-03
 32  2.568696e-03
 33  2.210988e-03
 34  1.844495e-03
 35  1.540929e-03
 36  1.263134e-03
 37  1.040318e-03
 38  8.286026e-04
 Iteration CPU time: 8 s
 CFIE residual: 0.000828603

 Iseg, Irank, Idinc : 1, 29, 27
 Thata, Phi : 90.000000, 26.000000
 Maximun iteration: 300
 Number of recycle truncation: 30
 Final matrix dimension:  36708
 Residual error:0.001000
 0  6.418505e-01
 1  3.016795e-01
 2  1.755473e-01
 3  1.122764e-01
 4  7.806901e-02
 5  5.751810e-02
 6  4.267528e-02
 7  3.285413e-02
 8  2.627643e-02
 9  2.133590e-02
 10  1.764234e-02
 11  1.428892e-02
 12  1.125709e-02
 13  9.409974e-03
 14  7.873440e-03
 15  6.449006e-03
 16  5.522022e-03
 17  4.641359e-03
 18  3.861148e-03
 19  3.392390e-03
 20  2.903078e-03
 21  2.534761e-03
 22  2.215264e-03
 23  2.015290e-03
 24  1.835866e-03
 25  1.725086e-03
 26  1.625645e-03
 27  1.544702e-03
 28  1.491500e-03
 29  1.445544e-03
 30  1.402607e-03
 31  1.348897e-03
 32  1.283335e-03
 33  1.203581e-03
 34  1.108962e-03
 35  9.966533e-04
 Iteration CPU time: 8 s
 CFIE residual: 0.000996653

 Iseg, Irank, Idinc : 1, 30, 142
 Thata, Phi : 90.000000, 141.000000
 Maximun iteration: 300
 Number of recycle truncation: 30
 Final matrix dimension:  36708
 Residual error:0.001000
 0  6.858909e-01
 1  3.496684e-01
 2  2.118241e-01
 3  1.438487e-01
 4  1.043724e-01
 5  7.801276e-02
 6  6.029850e-02
 7  4.727005e-02
 8  3.864839e-02
 9  3.289372e-02
 10  2.765006e-02
 11  2.365704e-02
 12  1.999486e-02
 13  1.690720e-02
 14  1.420166e-02
 15  1.181078e-02
 16  9.971251e-03
 17  8.434506e-03
 18  7.074981e-03
 19  6.049131e-03
 20  5.202673e-03
 21  4.613644e-03
 22  4.163554e-03
 23  3.835927e-03
 24  3.593631e-03
 25  3.397533e-03
 26  3.238699e-03
 27  3.116305e-03
 28  3.000299e-03
 29  2.911901e-03
 30  2.787394e-03
 31  2.636148e-03
 32  2.462922e-03
 33  2.210676e-03
 34  1.959601e-03
 35  1.710185e-03
 36  1.434090e-03
 37  1.178196e-03
 38  9.271145e-04
 Iteration CPU time: 9 s
 CFIE residual: 0.000927115

 Iseg, Irank, Idinc : 1, 31, 58
 Thata, Phi : 90.000000, 57.000000
 Maximun iteration: 300
 Number of recycle truncation: 30
 Final matrix dimension:  36708
 Residual error:0.001000
 0  6.593840e-01
 1  3.478220e-01
 2  2.126868e-01
 3  1.334980e-01
 4  9.596050e-02
 5  7.237992e-02
 6  5.559518e-02
 7  4.367872e-02
 8  3.361509e-02
 9  2.663760e-02
 10  2.100752e-02
 11  1.651181e-02
 12  1.305411e-02
 13  1.040878e-02
 14  8.774924e-03
 15  7.594526e-03
 16  6.693818e-03
 17  5.981847e-03
 18  5.383898e-03
 19  5.011569e-03
 20  4.755588e-03
 21  4.608942e-03
 22  4.475174e-03
 23  4.297867e-03
 24  4.104183e-03
 25  3.873023e-03
 26  3.678671e-03
 27  3.409991e-03
 28  3.063984e-03
 29  2.699253e-03
 30  2.333576e-03
 31  1.966228e-03
 32  1.590133e-03
 33  1.301124e-03
 34  1.075858e-03
 35  8.692397e-04
 Iteration CPU time: 8 s
 CFIE residual: 0.00086924

 Iseg, Irank, Idinc : 1, 32, 179
 Thata, Phi : 90.000000, 178.000000
 Maximun iteration: 300
 Number of recycle truncation: 30
 Final matrix dimension:  36708
 Residual error:0.001000
 0  5.856509e-01
 1  2.973715e-01
 2  1.849483e-01
 3  1.306745e-01
 4  1.001528e-01
 5  7.977422e-02
 6  6.443615e-02
 7  5.408413e-02
 8  4.505639e-02
 9  3.686078e-02
 10  3.017165e-02
 11  2.478415e-02
 12  2.031003e-02
 13  1.666650e-02
 14  1.362310e-02
 15  1.110088e-02
 16  9.103148e-03
 17  7.443598e-03
 18  6.265532e-03
 19  5.189627e-03
 20  4.343581e-03
 21  3.704553e-03
 22  3.091099e-03
 23  2.642251e-03
 24  2.312994e-03
 25  2.007628e-03
 26  1.767009e-03
 27  1.574344e-03
 28  1.427628e-03
 29  1.300833e-03
 30  1.217283e-03
 31  1.157211e-03
 32  1.118335e-03
 33  1.084779e-03
 34  1.050387e-03
 35  1.002065e-03
 36  9.426042e-04
 Iteration CPU time: 8 s
 CFIE residual: 0.000942604

 Iseg, Irank, Idinc : 1, 33, 12
 Thata, Phi : 90.000000, 11.000000
 Maximun iteration: 300
 Number of recycle truncation: 30
 Final matrix dimension:  36708
 Residual error:0.001000
 0  5.635746e-01
 1  2.814062e-01
 2  1.771295e-01
 3  1.235778e-01
 4  8.994329e-02
 5  6.707704e-02
 6  5.100470e-02
 7  3.971500e-02
 8  3.115170e-02
 9  2.463158e-02
 10  1.947546e-02
 11  1.524528e-02
 12  1.213161e-02
 13  9.992640e-03
 14  8.243008e-03
 15  6.504047e-03
 16  5.492112e-03
 17  4.688542e-03
 18  3.997848e-03
 19  3.395599e-03
 20  2.934314e-03
 21  2.536931e-03
 22  2.149079e-03
 23  1.878240e-03
 24  1.662778e-03
 25  1.484999e-03
 26  1.329957e-03
 27  1.189476e-03
 28  1.085651e-03
 29  1.012169e-03
 30  9.470898e-04
 Iteration CPU time: 7 s
 CFIE residual: 0.00094709

 Iseg, Irank, Idinc : 1, 34, 105
 Thata, Phi : 90.000000, 104.000000
 Maximun iteration: 300
 Number of recycle truncation: 30
 Final matrix dimension:  36708
 Residual error:0.001000
 0  6.114075e-01
 1  3.473338e-01
 2  2.155689e-01
 3  1.478239e-01
 4  1.049138e-01
 5  7.914932e-02
 6  6.064247e-02
 7  4.787654e-02
 8  3.835397e-02
 9  3.104571e-02
 10  2.525589e-02
 11  2.101204e-02
 12  1.693718e-02
 13  1.413460e-02
 14  1.189414e-02
 15  9.912713e-03
 16  8.552738e-03
 17  7.443804e-03
 18  6.491049e-03
 19  5.645273e-03
 20  4.980736e-03
 21  4.503688e-03
 22  4.208496e-03
 23  4.005325e-03
 24  3.845450e-03
 25  3.714506e-03
 26  3.599772e-03
 27  3.454608e-03
 28  3.309420e-03
 29  3.114725e-03
 30  2.867959e-03
 31  2.571870e-03
 32  2.284204e-03
 33  1.961879e-03
 34  1.660547e-03
 35  1.382914e-03
 36  1.133088e-03
 37  9.033434e-04
 Iteration CPU time: 9 s
 CFIE residual: 0.000903343

 Iseg, Irank, Idinc : 1, 35, 37
 Thata, Phi : 90.000000, 36.000000
 Maximun iteration: 300
 Number of recycle truncation: 30
 Final matrix dimension:  36708
 Residual error:0.001000
 0  6.228097e-01
 1  3.122238e-01
 2  1.917820e-01
 3  1.210357e-01
 4  8.352810e-02
 5  6.103226e-02
 6  4.544548e-02
 7  3.466866e-02
 8  2.688873e-02
 9  2.097803e-02
 10  1.632095e-02
 11  1.330423e-02
 12  1.061821e-02
 13  8.846724e-03
 14  7.198680e-03
 15  5.934828e-03
 16  5.063003e-03
 17  4.283993e-03
 18  3.682011e-03
 19  3.207954e-03
 20  2.895576e-03
 21  2.641052e-03
 22  2.461729e-03
 23  2.337959e-03
 24  2.240217e-03
 25  2.152583e-03
 26  2.080636e-03
 27  1.999970e-03
 28  1.919882e-03
 29  1.821044e-03
 30  1.716788e-03
 31  1.590536e-03
 32  1.459409e-03
 33  1.297938e-03
 34  1.133202e-03
 35  9.666457e-04
 Iteration CPU time: 7 s
 CFIE residual: 0.000966646

 Iseg, Irank, Idinc : 1, 36, 163
 Thata, Phi : 90.000000, 162.000000
 Maximun iteration: 300
 Number of recycle truncation: 30
 Final matrix dimension:  36708
 Residual error:0.001000
 0  6.054263e-01
 1  3.059548e-01
 2  1.867969e-01
 3  1.292291e-01
 4  9.799826e-02
 5  7.840663e-02
 6  6.343611e-02
 7  5.214505e-02
 8  4.376430e-02
 9  3.800382e-02
 10  3.280934e-02
 11  2.811785e-02
 12  2.423006e-02
 13  2.092454e-02
 14  1.753857e-02
 15  1.495138e-02
 16  1.254314e-02
 17  1.033334e-02
 18  8.685462e-03
 19  7.308119e-03
 20  6.008606e-03
 21  5.026956e-03
 22  4.247572e-03
 23  3.642074e-03
 24  3.086967e-03
 25  2.690476e-03
 26  2.370281e-03
 27  2.148102e-03
 28  1.982902e-03
 29  1.863054e-03
 30  1.769141e-03
 31  1.686591e-03
 32  1.628532e-03
 33  1.561291e-03
 34  1.483842e-03
 35  1.389477e-03
 36  1.243359e-03
 37  1.067697e-03
 38  9.069556e-04
 Iteration CPU time: 8 s
 CFIE residual: 0.000906956

 Iseg, Irank, Idinc : 1, 37, 68
 Thata, Phi : 90.000000, 67.000000
 Maximun iteration: 300
 Number of recycle truncation: 30
 Final matrix dimension:  36708
 Residual error:0.001000
 0  6.487939e-01
 1  3.676649e-01
 2  2.342111e-01
 3  1.496896e-01
 4  1.062909e-01
 5  8.269751e-02
 6  6.247012e-02
 7  4.971645e-02
 8  3.932440e-02
 9  3.175720e-02
 10  2.467749e-02
 11  1.996927e-02
 12  1.599251e-02
 13  1.301964e-02
 14  1.101182e-02
 15  9.501998e-03
 16  8.354931e-03
 17  7.519948e-03
 18  6.866091e-03
 19  6.399283e-03
 20  6.115886e-03
 21  5.906082e-03
 22  5.710364e-03
 23  5.476571e-03
 24  5.209191e-03
 25  4.978125e-03
 26  4.725665e-03
 27  4.391825e-03
 28  4.021997e-03
 29  3.534500e-03
 30  2.950854e-03
 31  2.478694e-03
 32  2.070777e-03
 33  1.701610e-03
 34  1.390983e-03
 35  1.150467e-03
 36  9.440429e-04
 Iteration CPU time: 8 s
 CFIE residual: 0.000944043

 Iseg, Irank, Idinc : 1, 38, 2
 Thata, Phi : 90.000000, 1.000000
 Maximun iteration: 300
 Number of recycle truncation: 30
 Final matrix dimension:  36708
 Residual error:0.001000
 0  5.204166e-01
 1  2.731310e-01
 2  1.772501e-01
 3  1.216564e-01
 4  8.754185e-02
 5  6.680907e-02
 6  5.152676e-02
 7  3.814787e-02
 8  2.907372e-02
 9  2.332676e-02
 10  1.914284e-02
 11  1.518795e-02
 12  1.157483e-02
 13  9.437606e-03
 14  7.691906e-03
 15  6.374167e-03
 16  5.271558e-03
 17  4.544460e-03
 18  3.804088e-03
 19  3.277133e-03
 20  2.796555e-03
 21  2.406428e-03
 22  2.065672e-03
 23  1.738383e-03
 24  1.474994e-03
 25  1.249212e-03
 26  1.052205e-03
 27  9.030618e-04
 Iteration CPU time: 7 s
 CFIE residual: 0.000903062

 Iseg, Irank, Idinc : 1, 39, 120
 Thata, Phi : 90.000000, 119.000000
 Maximun iteration: 300
 Number of recycle truncation: 30
 Final matrix dimension:  36708
 Residual error:0.001000
 0  6.468431e-01
 1  3.430324e-01
 2  2.175758e-01
 3  1.524415e-01
 4  1.088544e-01
 5  8.081671e-02
 6  6.383442e-02
 7  4.971489e-02
 8  3.944936e-02
 9  3.169650e-02
 10  2.560210e-02
 11  2.044393e-02
 12  1.628409e-02
 13  1.312916e-02
 14  1.091862e-02
 15  9.163312e-03
 16  7.762797e-03
 17  6.772986e-03
 18  5.809397e-03
 19  5.001587e-03
 20  4.497204e-03
 21  4.064118e-03
 22  3.763229e-03
 23  3.539457e-03
 24  3.366297e-03
 25  3.201709e-03
 26  3.077945e-03
 27  2.974853e-03
 28  2.880199e-03
 29  2.807509e-03
 30  2.696833e-03
 31  2.544477e-03
 32  2.378365e-03
 33  2.118026e-03
 34  1.864940e-03
 35  1.610385e-03
 36  1.366939e-03
 37  1.092014e-03
 38  8.538998e-04
 Iteration CPU time: 8 s
 CFIE residual: 0.0008539

 Iseg, Irank, Idinc : 1, 40, 180
 Thata, Phi : 90.000000, 179.000000
 Maximun iteration: 300
 Number of recycle truncation: 30
 Final matrix dimension:  36708
 Residual error:0.001000
 0  5.856004e-01
 1  2.973498e-01
 2  1.848613e-01
 3  1.305273e-01
 4  9.987880e-02
 5  7.948094e-02
 6  6.419790e-02
 7  5.385153e-02
 8  4.491004e-02
 9  3.667778e-02
 10  2.984518e-02
 11  2.441957e-02
 12  1.978462e-02
 13  1.623097e-02
 14  1.318417e-02
 15  1.071474e-02
 16  8.767720e-03
 17  7.144654e-03
 18  5.998523e-03
 19  4.978450e-03
 20  4.149235e-03
 21  3.521399e-03
 22  2.941705e-03
 23  2.507192e-03
 24  2.186040e-03
 25  1.895641e-03
 26  1.669619e-03
 27  1.490772e-03
 28  1.352476e-03
 29  1.231484e-03
 30  1.149287e-03
 31  1.093534e-03
 32  1.055267e-03
 33  1.022628e-03
 34  9.865123e-04
 Iteration CPU time: 8 s
 CFIE residual: 0.000986512
 Last Built End in Sep 21 2025 00:06:12
 Total CPU time: 341 s
 Finished.
