 Last Built Begin in Sep 21 2025 00:06:12
 Pre-Type( Input ):           10
 Skl-Tol ( Input ):    1.0000000000000001E-005
 Wavelength in freespace: 0.0298507

 ################################################
 ##         Generating Required Mesh          ##
 ##         Waiting.....                      ##
 ################################################
 Subd No.      Subd Name
    1    Open-Duct_PRIME_model_meshAA1                                     
 isub,  nnode, npatch,  nedge:
    1      6118     12236     18354
 Scale Factor         >>   1.54999997E-02
 ################################################

 START TIME: 20250922   053853.456


 Informaton for IE geometry:
 number of subdomains     : 1
 maxnode,maxpatch,maxedge : 6118  12236  18354
 
 Index of Mat-Reg: 1
 Mat-Reg Number via MatFlg: 1
 Edge Number of Mat-Reg: 1, 18354

 Number of Edge on PEC: 18354
 Mat-Reg: No Dim(m) Lmax:
    1 0.240    5
 Totlmax, add1, add2:           5           6           7
 rlengmax of Global MLFMA >>   0.24019757774753128     
 Lmax of Global MLFMA >>            5
 Wavenum of Mat-Reg:
    1 1.000

 total area in sq m           =      0.0510
 total area in sq lambda      =     57.2010
 maxnode, maxpatch, maxedge           =     6118    12236    18354
 longest  edge in lambda              =      0.1564
 shortest edge in lambda              =      0.0074
 average  edge in lambda              =      0.1044
 largest  patch area in sq lambda     =      0.0083
 smallest patch area in sq lambda     =      0.0000
 ave    surface area in sq lambda     =      0.0047
 size range of the object in sq lambda =      7.6863

 #### MLFMA Info For Each Region ####
 Mat-Region =            1
 Array dimension parameters:
 maxrule=          14   maxgrid  =          64
 lmax   =           5   ncmax    =        1250
 lsmax  =          27   lsmin    =           7
 kpm    =        1462   kp0      =         102
 ntlm   =      217096   nsm      =      232158
 nkpm   =        2284   niplm    =      146176
 ngnearm=       14257   ngsndm   =       64634
 nearm  =         333   mfinestm =         119
 ###############################

 CFIE Alpha:  0.50000000000000000     

 Fill MLFMA FI for Mat-Reg:           1
 Begin filltl.f
 fill translation matrix
 Level:            2
 fill shifting matrix
 Level:            3
 fill shifting matrix
 Level:            4
 fill shifting matrix
 Level:            5
 fill shifting matrix
 translator time(s):  0.123000003    
 fill interpolation matrix
 ThetaOrder            8
 PhiOrder            8
 lsl            7
 Filling TL                  Delta_CPU=          0.55 Memory(MB)=        653.98
 Filling sndgrp              Delta_CPU=          0.00 Memory(MB)=        653.98
 Filling VFS                 Delta_CPU=          3.22 Memory(MB)=        653.98

 Fill MLFMA NI for Mat-Reg:           1
 Begin fill sparser part of Nearfield
 Begin fill denser part of Nearfield
 End fill
 Filling Amn                 Delta_CPU=         90.60 Memory(MB)=        653.98


 Now testing preconditioner with
 ipretype =           10
 method = cfie_solve_nfrasspspre_pardiso

  
 NBP>>Begin fill sparser part of Nearfield

113.7357% NBP>>Begin fill denser part of Nearfield

200.1041%
 Begin MLFMA Box-Matrix Based Spar-RAS Prec Constructor
 --- Intel MKL PARDISO --- 
 Memory for iGroup: 1 0 MB
 Total Memory For SparRAS Pre: 0 MB
 --- PARDISO PRECONDITIONER INITIALIZED --- 
 Constructing preconditioner CPU time: 4 s
 
 1101240
 Memory for Iteration:: 16.8036 MB

 Iseg, Ninc_S : 1, 181, 0

 Iseg, Skeleton Angles: 1, 40
 Iseg, Skel-Pk Mem(MB): 1, 314.35

 Iseg, Irank, Idinc : 1, 1, 42
 Thata, Phi : 90.000000, 41.000000
 Maximun iteration: 300
 Number of recycle truncation: 30
 Final matrix dimension:  36708
 Residual error:0.001000
 0  6.309179e-01
 1  3.153055e-01
 2  1.993636e-01
 3  1.284628e-01
 4  8.793025e-02
 5  6.481574e-02
 6  4.805961e-02
 7  3.696819e-02
 8  2.816725e-02
 9  2.103955e-02
 10  1.593005e-02
 11  1.248438e-02
 12  9.891468e-03
 13  8.027328e-03
 14  6.502450e-03
 15  5.060064e-03
 16  4.056622e-03
 17  3.325976e-03
 18  2.705874e-03
 19  2.238603e-03
 20  1.812979e-03
 21  1.481837e-03
 22  1.247562e-03
 23  1.080823e-03
 24  9.481546e-04
 Iteration CPU time: 5 s
 CFIE residual: 0.000948155

 Iseg, Irank, Idinc : 1, 2, 22
 Thata, Phi : 90.000000, 21.000000
 Maximun iteration: 300
 Number of recycle truncation: 30
 Final matrix dimension:  36708
 Residual error:0.001000
 0  6.231427e-01
 1  2.935352e-01
 2  1.700649e-01
 3  1.143839e-01
 4  7.979814e-02
 5  5.923832e-02
 6  4.514860e-02
 7  3.484701e-02
 8  2.790716e-02
 9  2.235526e-02
 10  1.775579e-02
 11  1.388737e-02
 12  1.129279e-02
 13  9.054318e-03
 14  7.705734e-03
 15  6.237351e-03
 16  5.056896e-03
 17  4.179067e-03
 18  3.475449e-03
 19  2.956031e-03
 20  2.433129e-03
 21  1.948636e-03
 22  1.578087e-03
 23  1.326425e-03
 24  1.117175e-03
 25  9.557312e-04
 Iteration CPU time: 6 s
 CFIE residual: 0.000955731

 Iseg, Irank, Idinc : 1, 3, 109
 Thata, Phi : 90.000000, 108.000000
 Maximun iteration: 300
 Number of recycle truncation: 30
 Final matrix dimension:  36708
 Residual error:0.001000
 0  6.243498e-01
 1  3.530572e-01
 2  2.202741e-01
 3  1.514212e-01
 4  1.059537e-01
 5  8.000525e-02
 6  6.126273e-02
 7  4.759108e-02
 8  3.839517e-02
 9  3.028138e-02
 10  2.363394e-02
 11  1.888115e-02
 12  1.555581e-02
 13  1.266539e-02
 14  1.033445e-02
 15  8.350575e-03
 16  6.850464e-03
 17  5.607777e-03
 18  4.491194e-03
 19  3.721622e-03
 20  3.073179e-03
 21  2.454021e-03
 22  1.992168e-03
 23  1.668166e-03
 24  1.380431e-03
 25  1.183933e-03
 26  1.028624e-03
 27  9.272794e-04
 Iteration CPU time: 6 s
 CFIE residual: 0.000927279

 Iseg, Irank, Idinc : 1, 4, 64
 Thata, Phi : 90.000000, 63.000000
 Maximun iteration: 300
 Number of recycle truncation: 30
 Final matrix dimension:  36708
 Residual error:0.001000
 0  6.596719e-01
 1  3.585411e-01
 2  2.237930e-01
 3  1.439313e-01
 4  1.026554e-01
 5  7.853284e-02
 6  5.890975e-02
 7  4.604587e-02
 8  3.730238e-02
 9  2.908027e-02
 10  2.248439e-02
 11  1.722357e-02
 12  1.362240e-02
 13  1.086074e-02
 14  8.674185e-03
 15  6.986552e-03
 16  5.619333e-03
 17  4.694086e-03
 18  3.830261e-03
 19  3.165418e-03
 20  2.646775e-03
 21  2.262987e-03
 22  1.909378e-03
 23  1.708042e-03
 24  1.563901e-03
 25  1.460806e-03
 26  1.369112e-03
 27  1.314647e-03
 28  1.267337e-03
 29  1.228230e-03
 30  1.191432e-03
 31  1.154066e-03
 32  1.114764e-03
 33  1.084367e-03
 34  1.041357e-03
 35  9.847263e-04
 Iteration CPU time: 8 s
 CFIE residual: 0.000984726

 Iseg, Irank, Idinc : 1, 5, 147
 Thata, Phi : 90.000000, 146.000000
 Maximun iteration: 300
 Number of recycle truncation: 30
 Final matrix dimension:  36708
 Residual error:0.001000
 0  6.539380e-01
 1  3.445270e-01
 2  2.098031e-01
 3  1.414153e-01
 4  1.025498e-01
 5  7.768208e-02
 6  6.128950e-02
 7  4.763249e-02
 8  3.969083e-02
 9  3.422735e-02
 10  2.887534e-02
 11  2.443115e-02
 12  2.037203e-02
 13  1.667622e-02
 14  1.363717e-02
 15  1.111055e-02
 16  9.083095e-03
 17  7.272277e-03
 18  5.896891e-03
 19  4.870794e-03
 20  3.816321e-03
 21  3.064691e-03
 22  2.492744e-03
 23  2.047734e-03
 24  1.671747e-03
 25  1.321502e-03
 26  1.053995e-03
 27  8.561949e-04
 Iteration CPU time: 7 s
 CFIE residual: 0.000856195

 Iseg, Irank, Idinc : 1, 6, 136
 Thata, Phi : 90.000000, 135.000000
 Maximun iteration: 300
 Number of recycle truncation: 30
 Final matrix dimension:  36708
 Residual error:0.001000
 0  6.990252e-01
 1  3.538870e-01
 2  2.208681e-01
 3  1.496184e-01
 4  1.085952e-01
 5  8.162418e-02
 6  6.203750e-02
 7  4.892530e-02
 8  3.899056e-02
 9  3.166864e-02
 10  2.586871e-02
 11  2.068443e-02
 12  1.687799e-02
 13  1.375324e-02
 14  1.096308e-02
 15  8.979189e-03
 16  7.218965e-03
 17  5.817221e-03
 18  4.776488e-03
 19  3.824265e-03
 20  3.151617e-03
 21  2.574915e-03
 22  2.155210e-03
 23  1.818249e-03
 24  1.544638e-03
 25  1.341773e-03
 26  1.150262e-03
 27  1.006107e-03
 28  8.980808e-04
 Iteration CPU time: 6 s
 CFIE residual: 0.000898081

 Iseg, Irank, Idinc : 1, 7, 88
 Thata, Phi : 90.000000, 87.000000
 Maximun iteration: 300
 Number of recycle truncation: 30
 Final matrix dimension:  36708
 Residual error:0.001000
 0  6.106612e-01
 1  3.474558e-01
 2  2.224751e-01
 3  1.523160e-01
 4  1.096269e-01
 5  8.396579e-02
 6  6.442908e-02
 7  5.089442e-02
 8  4.139060e-02
 9  3.307087e-02
 10  2.591637e-02
 11  2.025076e-02
 12  1.679907e-02
 13  1.378386e-02
 14  1.117108e-02
 15  8.847804e-03
 16  7.138163e-03
 17  5.808196e-03
 18  4.766609e-03
 19  3.917177e-03
 20  3.347507e-03
 21  2.834817e-03
 22  2.472897e-03
 23  2.165896e-03
 24  1.939825e-03
 25  1.766532e-03
 26  1.630039e-03
 27  1.527331e-03
 28  1.467908e-03
 29  1.411393e-03
 30  1.369023e-03
 31  1.332721e-03
 32  1.297117e-03
 33  1.269031e-03
 34  1.228548e-03
 35  1.192414e-03
 36  1.138187e-03
 37  1.072660e-03
 38  9.912360e-04
 Iteration CPU time: 9 s
 CFIE residual: 0.000991236

 Iseg, Irank, Idinc : 1, 8, 74
 Thata, Phi : 90.000000, 73.000000
 Maximun iteration: 300
 Number of recycle truncation: 30
 Final matrix dimension:  36708
 Residual error:0.001000
 0  6.344524e-01
 1  3.625087e-01
 2  2.354335e-01
 3  1.475382e-01
 4  1.030212e-01
 5  7.861411e-02
 6  6.168420e-02
 7  4.710906e-02
 8  3.785316e-02
 9  3.012284e-02
 10  2.406540e-02
 11  1.918593e-02
 12  1.544907e-02
 13  1.241603e-02
 14  1.013787e-02
 15  8.181834e-03
 16  6.631012e-03
 17  5.524253e-03
 18  4.562511e-03
 19  3.883558e-03
 20  3.249564e-03
 21  2.744797e-03
 22  2.357112e-03
 23  2.071207e-03
 24  1.869111e-03
 25  1.737886e-03
 26  1.622508e-03
 27  1.538807e-03
 28  1.475290e-03
 29  1.434109e-03
 30  1.400356e-03
 31  1.368378e-03
 32  1.333977e-03
 33  1.296412e-03
 34  1.245165e-03
 35  1.186807e-03
 36  1.104524e-03
 37  1.003620e-03
 38  8.968465e-04
 Iteration CPU time: 9 s
 CFIE residual: 0.000896847

 Iseg, Irank, Idinc : 1, 9, 159
 Thata, Phi : 90.000000, 158.000000
 Maximun iteration: 300
 Number of recycle truncation: 30
 Final matrix dimension:  36708
 Residual error:0.001000
 0  6.149918e-01
 1  3.137392e-01
 2  1.913422e-01
 3  1.293182e-01
 4  9.836578e-02
 5  7.789348e-02
 6  6.273516e-02
 7  5.088456e-02
 8  4.321879e-02
 9  3.692942e-02
 10  3.129101e-02
 11  2.619792e-02
 12  2.250822e-02
 13  1.867854e-02
 14  1.516721e-02
 15  1.250531e-02
 16  1.022379e-02
 17  8.366496e-03
 18  6.950744e-03
 19  5.476476e-03
 20  4.477667e-03
 21  3.605275e-03
 22  2.977287e-03
 23  2.394362e-03
 24  1.953218e-03
 25  1.557726e-03
 26  1.281560e-03
 27  1.036091e-03
 28  8.688066e-04
 Iteration CPU time: 6 s
 CFIE residual: 0.000868807

 Iseg, Irank, Idinc : 1, 10, 123
 Thata, Phi : 90.000000, 122.000000
 Maximun iteration: 300
 Number of recycle truncation: 30
 Final matrix dimension:  36708
 Residual error:0.001000
 0  6.520477e-01
 1  3.412623e-01
 2  2.224789e-01
 3  1.559134e-01
 4  1.113292e-01
 5  8.253529e-02
 6  6.493050e-02
 7  5.053524e-02
 8  3.926631e-02
 9  3.110924e-02
 10  2.476106e-02
 11  1.963465e-02
 12  1.545067e-02
 13  1.222270e-02
 14  1.000514e-02
 15  8.255522e-03
 16  6.966031e-03
 17  5.778000e-03
 18  4.611250e-03
 19  3.961712e-03
 20  3.304543e-03
 21  2.757799e-03
 22  2.328789e-03
 23  2.045640e-03
 24  1.755156e-03
 25  1.525904e-03
 26  1.325399e-03
 27  1.193144e-03
 28  1.090932e-03
 29  1.006333e-03
 30  9.464240e-04
 Iteration CPU time: 7 s
 CFIE residual: 0.000946424

 Iseg, Irank, Idinc : 1, 11, 53
 Thata, Phi : 90.000000, 52.000000
 Maximun iteration: 300
 Number of recycle truncation: 30
 Final matrix dimension:  36708
 Residual error:0.001000
 0  6.521561e-01
 1  3.413322e-01
 2  2.093446e-01
 3  1.348742e-01
 4  9.627725e-02
 5  7.223393e-02
 6  5.518908e-02
 7  4.298664e-02
 8  3.278128e-02
 9  2.471180e-02
 10  1.902532e-02
 11  1.459695e-02
 12  1.143965e-02
 13  9.025885e-03
 14  7.451030e-03
 15  6.027178e-03
 16  4.808929e-03
 17  3.789778e-03
 18  3.013115e-03
 19  2.428126e-03
 20  2.015788e-03
 21  1.685542e-03
 22  1.441814e-03
 23  1.277013e-03
 24  1.175878e-03
 25  1.093386e-03
 26  1.029693e-03
 27  9.762680e-04
 Iteration CPU time: 7 s
 CFIE residual: 0.000976268

 Iseg, Irank, Idinc : 1, 12, 32
 Thata, Phi : 90.000000, 31.000000
 Maximun iteration: 300
 Number of recycle truncation: 30
 Final matrix dimension:  36708
 Residual error:0.001000
 0  6.334472e-01
 1  3.066920e-01
 2  1.812657e-01
 3  1.136642e-01
 4  7.997308e-02
 5  5.881805e-02
 6  4.287086e-02
 7  3.252367e-02
 8  2.572239e-02
 9  2.020021e-02
 10  1.612334e-02
 11  1.306265e-02
 12  1.054099e-02
 13  8.322506e-03
 14  6.881434e-03
 15  5.443962e-03
 16  4.469481e-03
 17  3.617463e-03
 18  3.012264e-03
 19  2.552683e-03
 20  2.116641e-03
 21  1.711830e-03
 22  1.420169e-03
 23  1.192274e-03
 24  1.015816e-03
 25  8.633000e-04
 Iteration CPU time: 6 s
 CFIE residual: 0.0008633

 Iseg, Irank, Idinc : 1, 13, 10
 Thata, Phi : 90.000000, 9.000000
 Maximun iteration: 300
 Number of recycle truncation: 30
 Final matrix dimension:  36708
 Residual error:0.001000
 0  5.451946e-01
 1  2.768744e-01
 2  1.754131e-01
 3  1.238234e-01
 4  8.929700e-02
 5  6.662245e-02
 6  5.139179e-02
 7  3.973431e-02
 8  3.117015e-02
 9  2.434734e-02
 10  1.876811e-02
 11  1.492469e-02
 12  1.205468e-02
 13  9.878375e-03
 14  7.867843e-03
 15  6.180753e-03
 16  5.037918e-03
 17  4.240478e-03
 18  3.537199e-03
 19  3.041352e-03
 20  2.566953e-03
 21  2.150537e-03
 22  1.790838e-03
 23  1.521996e-03
 24  1.293043e-03
 25  1.102058e-03
 26  9.529077e-04
 Iteration CPU time: 6 s
 CFIE residual: 0.000952908

 Iseg, Irank, Idinc : 1, 14, 178
 Thata, Phi : 90.000000, 177.000000
 Maximun iteration: 300
 Number of recycle truncation: 30
 Final matrix dimension:  36708
 Residual error:0.001000
 0  5.744310e-01
 1  2.987130e-01
 2  1.884204e-01
 3  1.325766e-01
 4  1.030028e-01
 5  8.031250e-02
 6  6.434271e-02
 7  5.460541e-02
 8  4.490493e-02
 9  3.560445e-02
 10  2.838524e-02
 11  2.324168e-02
 12  1.888069e-02
 13  1.569049e-02
 14  1.257804e-02
 15  1.001938e-02
 16  8.061887e-03
 17  6.465079e-03
 18  5.248917e-03
 19  4.267479e-03
 20  3.509945e-03
 21  2.900668e-03
 22  2.392476e-03
 23  1.994099e-03
 24  1.685380e-03
 25  1.400943e-03
 26  1.128688e-03
 27  9.177828e-04
 Iteration CPU time: 6 s
 CFIE residual: 0.000917783

 Iseg, Irank, Idinc : 1, 15, 97
 Thata, Phi : 90.000000, 96.000000
 Maximun iteration: 300
 Number of recycle truncation: 30
 Final matrix dimension:  36708
 Residual error:0.001000
 0  6.082103e-01
 1  3.458436e-01
 2  2.178293e-01
 3  1.454173e-01
 4  1.041762e-01
 5  7.909899e-02
 6  6.123207e-02
 7  4.901138e-02
 8  3.858388e-02
 9  3.039033e-02
 10  2.479390e-02
 11  2.012230e-02
 12  1.639713e-02
 13  1.347281e-02
 14  1.085079e-02
 15  8.921545e-03
 16  7.362351e-03
 17  6.147184e-03
 18  5.021472e-03
 19  4.066325e-03
 20  3.325407e-03
 21  2.722543e-03
 22  2.296667e-03
 23  1.938653e-03
 24  1.717441e-03
 25  1.526634e-03
 26  1.390818e-03
 27  1.301812e-03
 28  1.236980e-03
 29  1.189292e-03
 30  1.144143e-03
 31  1.111402e-03
 32  1.085439e-03
 33  1.052549e-03
 34  1.021818e-03
 35  9.858209e-04
 Iteration CPU time: 8 s
 CFIE residual: 0.000985821

 Iseg, Irank, Idinc : 1, 16, 81
 Thata, Phi : 90.000000, 80.000000
 Maximun iteration: 300
 Number of recycle truncation: 30
 Final matrix dimension:  36708
 Residual error:0.001000
 0  6.159828e-01
 1  3.519104e-01
 2  2.267727e-01
 3  1.489371e-01
 4  1.081645e-01
 5  8.249802e-02
 6  6.348953e-02
 7  4.994713e-02
 8  4.024652e-02
 9  3.213212e-02
 10  2.483873e-02
 11  1.906957e-02
 12  1.554090e-02
 13  1.269442e-02
 14  1.044077e-02
 15  8.467966e-03
 16  6.984019e-03
 17  5.722647e-03
 18  4.676436e-03
 19  3.870982e-03
 20  3.249452e-03
 21  2.764995e-03
 22  2.402159e-03
 23  2.150033e-03
 24  1.942772e-03
 25  1.794360e-03
 26  1.656121e-03
 27  1.569079e-03
 28  1.502797e-03
 29  1.453680e-03
 30  1.413024e-03
 31  1.377145e-03
 32  1.345137e-03
 33  1.309254e-03
 34  1.266789e-03
 35  1.213250e-03
 36  1.156507e-03
 37  1.088775e-03
 38  1.009678e-03
 39  9.027541e-04
 Iteration CPU time: 9 s
 CFIE residual: 0.000902754

 Iseg, Irank, Idinc : 1, 17, 116
 Thata, Phi : 90.000000, 115.000000
 Maximun iteration: 300
 Number of recycle truncation: 30
 Final matrix dimension:  36708
 Residual error:0.001000
 0  6.444369e-01
 1  3.479860e-01
 2  2.177058e-01
 3  1.521677e-01
 4  1.087534e-01
 5  7.958427e-02
 6  6.121086e-02
 7  4.770923e-02
 8  3.828430e-02
 9  2.985778e-02
 10  2.352371e-02
 11  1.848424e-02
 12  1.477672e-02
 13  1.216174e-02
 14  9.760089e-03
 15  7.954216e-03
 16  6.587628e-03
 17  5.372872e-03
 18  4.336663e-03
 19  3.718970e-03
 20  3.058949e-03
 21  2.518392e-03
 22  2.108207e-03
 23  1.788096e-03
 24  1.485857e-03
 25  1.263606e-03
 26  1.110698e-03
 27  9.908082e-04
 Iteration CPU time: 6 s
 CFIE residual: 0.000990808

 Iseg, Irank, Idinc : 1, 18, 1
 Thata, Phi : 90.000000, 0.000000
 Maximun iteration: 300
 Number of recycle truncation: 30
 Final matrix dimension:  36708
 Residual error:0.001000
 0  5.153013e-01
 1  2.705076e-01
 2  1.755562e-01
 3  1.218031e-01
 4  8.625970e-02
 5  6.553608e-02
 6  5.136378e-02
 7  3.825367e-02
 8  2.903975e-02
 9  2.316288e-02
 10  1.809072e-02
 11  1.478440e-02
 12  1.142320e-02
 13  9.049791e-03
 14  7.220622e-03
 15  5.788224e-03
 16  4.728528e-03
 17  3.925090e-03
 18  3.274896e-03
 19  2.803519e-03
 20  2.394005e-03
 21  2.031356e-03
 22  1.713628e-03
 23  1.401020e-03
 24  1.105568e-03
 25  8.884097e-04
 Iteration CPU time: 6 s
 CFIE residual: 0.00088841

 Iseg, Irank, Idinc : 1, 19, 167
 Thata, Phi : 90.000000, 166.000000
 Maximun iteration: 300
 Number of recycle truncation: 30
 Final matrix dimension:  36708
 Residual error:0.001000
 0  5.872280e-01
 1  3.011371e-01
 2  1.871503e-01
 3  1.313881e-01
 4  1.025082e-01
 5  8.075727e-02
 6  6.610847e-02
 7  5.452634e-02
 8  4.537888e-02
 9  3.814691e-02
 10  3.241213e-02
 11  2.734247e-02
 12  2.321631e-02
 13  1.934513e-02
 14  1.620252e-02
 15  1.325554e-02
 16  1.082050e-02
 17  8.847657e-03
 18  7.227051e-03
 19  5.850354e-03
 20  4.723731e-03
 21  3.778215e-03
 22  3.118333e-03
 23  2.545737e-03
 24  2.067179e-03
 25  1.652535e-03
 26  1.336605e-03
 27  1.056649e-03
 28  8.651672e-04
 Iteration CPU time: 7 s
 CFIE residual: 0.000865167

 Iseg, Irank, Idinc : 1, 20, 103
 Thata, Phi : 90.000000, 102.000000
 Maximun iteration: 300
 Number of recycle truncation: 30
 Final matrix dimension:  36708
 Residual error:0.001000
 0  6.109706e-01
 1  3.477281e-01
 2  2.174514e-01
 3  1.483135e-01
 4  1.042885e-01
 5  7.855433e-02
 6  6.013484e-02
 7  4.727358e-02
 8  3.781432e-02
 9  3.071842e-02
 10  2.486311e-02
 11  2.006040e-02
 12  1.629487e-02
 13  1.338224e-02
 14  1.084909e-02
 15  8.779733e-03
 16  7.199947e-03
 17  5.924068e-03
 18  4.782801e-03
 19  3.919543e-03
 20  3.247333e-03
 21  2.632145e-03
 22  2.199931e-03
 23  1.834199e-03
 24  1.573350e-03
 25  1.378396e-03
 26  1.220630e-03
 27  1.120611e-03
 28  1.054150e-03
 29  1.000264e-03
 30  9.572567e-04
 Iteration CPU time: 7 s
 CFIE residual: 0.000957257

 Iseg, Irank, Idinc : 1, 21, 153
 Thata, Phi : 90.000000, 152.000000
 Maximun iteration: 300
 Number of recycle truncation: 30
 Final matrix dimension:  36708
 Residual error:0.001000
 0  6.336762e-01
 1  3.287552e-01
 2  2.020599e-01
 3  1.342778e-01
 4  9.966818e-02
 5  7.753317e-02
 6  6.118048e-02
 7  4.861178e-02
 8  4.084181e-02
 9  3.486409e-02
 10  2.953034e-02
 11  2.439574e-02
 12  2.085076e-02
 13  1.732404e-02
 14  1.400735e-02
 15  1.137165e-02
 16  9.283701e-03
 17  7.620046e-03
 18  6.303833e-03
 19  5.027596e-03
 20  4.080011e-03
 21  3.294648e-03
 22  2.709466e-03
 23  2.217946e-03
 24  1.813828e-03
 25  1.423087e-03
 26  1.183588e-03
 27  9.545769e-04
 Iteration CPU time: 6 s
 CFIE residual: 0.000954577

 Iseg, Irank, Idinc : 1, 22, 16
 Thata, Phi : 90.000000, 15.000000
 Maximun iteration: 300
 Number of recycle truncation: 30
 Final matrix dimension:  36708
 Residual error:0.001000
 0  5.845948e-01
 1  2.848008e-01
 2  1.739217e-01
 3  1.205473e-01
 4  8.547382e-02
 5  6.378601e-02
 6  5.021294e-02
 7  3.858734e-02
 8  3.020294e-02
 9  2.422580e-02
 10  1.934593e-02
 11  1.512721e-02
 12  1.183199e-02
 13  9.476834e-03
 14  7.859973e-03
 15  6.318566e-03
 16  5.160813e-03
 17  4.283024e-03
 18  3.574210e-03
 19  3.037467e-03
 20  2.501037e-03
 21  2.027989e-03
 22  1.671294e-03
 23  1.416404e-03
 24  1.199869e-03
 25  1.031299e-03
 26  8.889766e-04
 Iteration CPU time: 6 s
 CFIE residual: 0.000888977

 Iseg, Irank, Idinc : 1, 23, 173
 Thata, Phi : 90.000000, 172.000000
 Maximun iteration: 300
 Number of recycle truncation: 30
 Final matrix dimension:  36708
 Residual error:0.001000
 0  5.774852e-01
 1  2.988714e-01
 2  1.887147e-01
 3  1.333008e-01
 4  1.042718e-01
 5  8.199534e-02
 6  6.601229e-02
 7  5.582745e-02
 8  4.619125e-02
 9  3.767018e-02
 10  3.104667e-02
 11  2.626948e-02
 12  2.168078e-02
 13  1.840851e-02
 14  1.501656e-02
 15  1.247538e-02
 16  1.020995e-02
 17  8.162908e-03
 18  6.614691e-03
 19  5.297257e-03
 20  4.286268e-03
 21  3.492136e-03
 22  2.915124e-03
 23  2.452389e-03
 24  2.027699e-03
 25  1.638491e-03
 26  1.338730e-03
 27  1.075770e-03
 28  8.808001e-04
 Iteration CPU time: 6 s
 CFIE residual: 0.0008808

 Iseg, Irank, Idinc : 1, 24, 59
 Thata, Phi : 90.000000, 58.000000
 Maximun iteration: 300
 Number of recycle truncation: 30
 Final matrix dimension:  36708
 Residual error:0.001000
 0  6.613891e-01
 1  3.474638e-01
 2  2.143299e-01
 3  1.347398e-01
 4  9.605359e-02
 5  7.215321e-02
 6  5.495590e-02
 7  4.263969e-02
 8  3.381065e-02
 9  2.605846e-02
 10  1.993114e-02
 11  1.538931e-02
 12  1.205088e-02
 13  9.300397e-03
 14  7.477115e-03
 15  5.905789e-03
 16  4.820274e-03
 17  3.914430e-03
 18  3.168482e-03
 19  2.657264e-03
 20  2.287651e-03
 21  1.959142e-03
 22  1.674343e-03
 23  1.487108e-03
 24  1.354805e-03
 25  1.263874e-03
 26  1.183127e-03
 27  1.131196e-03
 28  1.092695e-03
 29  1.059838e-03
 30  1.029355e-03
 31  9.976594e-04
 Iteration CPU time: 8 s
 CFIE residual: 0.000997659

 Iseg, Irank, Idinc : 1, 25, 130
 Thata, Phi : 90.000000, 129.000000
 Maximun iteration: 300
 Number of recycle truncation: 30
 Final matrix dimension:  36708
 Residual error:0.001000
 0  6.745557e-01
 1  3.524929e-01
 2  2.261481e-01
 3  1.544776e-01
 4  1.110198e-01
 5  8.347762e-02
 6  6.399447e-02
 7  5.005713e-02
 8  3.936386e-02
 9  3.190320e-02
 10  2.541494e-02
 11  1.982087e-02
 12  1.548414e-02
 13  1.266904e-02
 14  1.043589e-02
 15  8.409668e-03
 16  6.672529e-03
 17  5.370470e-03
 18  4.463118e-03
 19  3.695066e-03
 20  3.038248e-03
 21  2.517469e-03
 22  2.132794e-03
 23  1.825882e-03
 24  1.591382e-03
 25  1.411608e-03
 26  1.226881e-03
 27  1.100790e-03
 28  1.009837e-03
 29  9.368755e-04
 Iteration CPU time: 6 s
 CFIE residual: 0.000936875

 Iseg, Irank, Idinc : 1, 26, 5
 Thata, Phi : 90.000000, 4.000000
 Maximun iteration: 300
 Number of recycle truncation: 30
 Final matrix dimension:  36708
 Residual error:0.001000
 0  5.218780e-01
 1  2.719908e-01
 2  1.754099e-01
 3  1.224501e-01
 4  8.751615e-02
 5  6.612692e-02
 6  5.098892e-02
 7  3.820120e-02
 8  2.928616e-02
 9  2.358630e-02
 10  1.867803e-02
 11  1.495364e-02
 12  1.183255e-02
 13  9.659499e-03
 14  7.771244e-03
 15  6.194996e-03
 16  5.056186e-03
 17  4.226547e-03
 18  3.519627e-03
 19  3.024601e-03
 20  2.587540e-03
 21  2.218407e-03
 22  1.851655e-03
 23  1.551685e-03
 24  1.293592e-03
 25  1.075809e-03
 26  8.971916e-04
 Iteration CPU time: 7 s
 CFIE residual: 0.000897192

 Iseg, Irank, Idinc : 1, 27, 181
 Thata, Phi : 90.000000, 180.000000
 Maximun iteration: 300
 Number of recycle truncation: 30
 Final matrix dimension:  36708
 Residual error:0.001000
 0  5.738837e-01
 1  2.986939e-01
 2  1.882812e-01
 3  1.322948e-01
 4  1.024924e-01
 5  7.947794e-02
 6  6.364846e-02
 7  5.400954e-02
 8  4.434321e-02
 9  3.504708e-02
 10  2.761151e-02
 11  2.180634e-02
 12  1.808108e-02
 13  1.419982e-02
 14  1.149507e-02
 15  8.797093e-03
 16  6.794925e-03
 17  5.518971e-03
 18  4.522330e-03
 19  3.673897e-03
 20  3.039200e-03
 21  2.505323e-03
 22  2.061394e-03
 23  1.687137e-03
 24  1.406257e-03
 25  1.138081e-03
 26  9.195913e-04
 Iteration CPU time: 6 s
 CFIE residual: 0.000919591

 Iseg, Irank, Idinc : 1, 28, 37
 Thata, Phi : 90.000000, 36.000000
 Maximun iteration: 300
 Number of recycle truncation: 30
 Final matrix dimension:  36708
 Residual error:0.001000
 0  6.242444e-01
 1  3.121753e-01
 2  1.920921e-01
 3  1.214418e-01
 4  8.327579e-02
 5  6.124797e-02
 6  4.451342e-02
 7  3.409554e-02
 8  2.646680e-02
 9  2.035556e-02
 10  1.581637e-02
 11  1.264864e-02
 12  1.017822e-02
 13  8.166581e-03
 14  6.637153e-03
 15  5.129929e-03
 16  4.205403e-03
 17  3.406730e-03
 18  2.789879e-03
 19  2.325180e-03
 20  1.916636e-03
 21  1.565770e-03
 22  1.306522e-03
 23  1.109913e-03
 24  9.587603e-04
 Iteration CPU time: 5 s
 CFIE residual: 0.00095876

 Iseg, Irank, Idinc : 1, 29, 69
 Thata, Phi : 90.000000, 68.000000
 Maximun iteration: 300
 Number of recycle truncation: 30
 Final matrix dimension:  36708
 Residual error:0.001000
 0  6.499488e-01
 1  3.659211e-01
 2  2.335701e-01
 3  1.495932e-01
 4  1.065886e-01
 5  8.170439e-02
 6  6.171631e-02
 7  4.864424e-02
 8  3.982764e-02
 9  3.109142e-02
 10  2.429791e-02
 11  1.885349e-02
 12  1.510118e-02
 13  1.212644e-02
 14  9.794643e-03
 15  7.845401e-03
 16  6.282648e-03
 17  5.285377e-03
 18  4.336937e-03
 19  3.617103e-03
 20  3.002621e-03
 21  2.549754e-03
 22  2.173801e-03
 23  1.937008e-03
 24  1.756563e-03
 25  1.644103e-03
 26  1.546536e-03
 27  1.473629e-03
 28  1.414396e-03
 29  1.372296e-03
 30  1.338274e-03
 31  1.305964e-03
 32  1.267357e-03
 33  1.229611e-03
 34  1.179504e-03
 35  1.116354e-03
 36  1.046318e-03
 37  9.657296e-04
 Iteration CPU time: 9 s
 CFIE residual: 0.00096573

 Iseg, Irank, Idinc : 1, 30, 142
 Thata, Phi : 90.000000, 141.000000
 Maximun iteration: 300
 Number of recycle truncation: 30
 Final matrix dimension:  36708
 Residual error:0.001000
 0  6.829303e-01
 1  3.497817e-01
 2  2.119708e-01
 3  1.443893e-01
 4  1.056317e-01
 5  7.896312e-02
 6  6.126981e-02
 7  4.806608e-02
 8  3.945179e-02
 9  3.348375e-02
 10  2.769998e-02
 11  2.314469e-02
 12  1.958493e-02
 13  1.592921e-02
 14  1.297900e-02
 15  1.041668e-02
 16  8.377130e-03
 17  6.856765e-03
 18  5.595741e-03
 19  4.408064e-03
 20  3.481607e-03
 21  2.773643e-03
 22  2.282424e-03
 23  1.897104e-03
 24  1.564612e-03
 25  1.288379e-03
 26  1.051651e-03
 27  8.819978e-04
 Iteration CPU time: 6 s
 CFIE residual: 0.000881998

 Iseg, Irank, Idinc : 1, 31, 27
 Thata, Phi : 90.000000, 26.000000
 Maximun iteration: 300
 Number of recycle truncation: 30
 Final matrix dimension:  36708
 Residual error:0.001000
 0  6.392067e-01
 1  2.999980e-01
 2  1.717701e-01
 3  1.110798e-01
 4  7.740098e-02
 5  5.707355e-02
 6  4.214093e-02
 7  3.185258e-02
 8  2.572056e-02
 9  2.079267e-02
 10  1.684890e-02
 11  1.352257e-02
 12  1.109005e-02
 13  8.973095e-03
 14  7.414259e-03
 15  5.993210e-03
 16  4.884617e-03
 17  4.000087e-03
 18  3.374716e-03
 19  2.860166e-03
 20  2.354350e-03
 21  1.880498e-03
 22  1.528246e-03
 23  1.273093e-03
 24  1.075932e-03
 25  9.054107e-04
 Iteration CPU time: 6 s
 CFIE residual: 0.000905411

 Iseg, Irank, Idinc : 1, 32, 92
 Thata, Phi : 90.000000, 91.000000
 Maximun iteration: 300
 Number of recycle truncation: 30
 Final matrix dimension:  36708
 Residual error:0.001000
 0  6.079552e-01
 1  3.475225e-01
 2  2.206999e-01
 3  1.491712e-01
 4  1.062002e-01
 5  8.211578e-02
 6  6.370826e-02
 7  5.028977e-02
 8  4.073103e-02
 9  3.257717e-02
 10  2.582209e-02
 11  2.032451e-02
 12  1.699289e-02
 13  1.415880e-02
 14  1.165511e-02
 15  9.296086e-03
 16  7.519564e-03
 17  6.065103e-03
 18  4.977412e-03
 19  4.059009e-03
 20  3.407391e-03
 21  2.865632e-03
 22  2.458624e-03
 23  2.121548e-03
 24  1.906218e-03
 25  1.706570e-03
 26  1.557879e-03
 27  1.462382e-03
 28  1.399282e-03
 29  1.349579e-03
 30  1.300007e-03
 31  1.263748e-03
 32  1.232374e-03
 33  1.199695e-03
 34  1.169776e-03
 35  1.135398e-03
 36  1.084800e-03
 37  1.031466e-03
 38  9.503967e-04
 Iteration CPU time: 9 s
 CFIE residual: 0.000950397

 Iseg, Irank, Idinc : 1, 33, 163
 Thata, Phi : 90.000000, 162.000000
 Maximun iteration: 300
 Number of recycle truncation: 30
 Final matrix dimension:  36708
 Residual error:0.001000
 0  5.998065e-01
 1  3.060791e-01
 2  1.871203e-01
 3  1.292853e-01
 4  9.979816e-02
 5  7.918736e-02
 6  6.482705e-02
 7  5.250385e-02
 8  4.418400e-02
 9  3.796071e-02
 10  3.247366e-02
 11  2.723887e-02
 12  2.308680e-02
 13  1.922105e-02
 14  1.617774e-02
 15  1.321113e-02
 16  1.076979e-02
 17  8.757715e-03
 18  7.176328e-03
 19  5.773628e-03
 20  4.659623e-03
 21  3.736029e-03
 22  3.048474e-03
 23  2.458425e-03
 24  2.027451e-03
 25  1.616654e-03
 26  1.319322e-03
 27  1.050568e-03
 28  8.747045e-04
 Iteration CPU time: 6 s
 CFIE residual: 0.000874705

 Iseg, Irank, Idinc : 1, 34, 3
 Thata, Phi : 90.000000, 2.000000
 Maximun iteration: 300
 Number of recycle truncation: 30
 Final matrix dimension:  36708
 Residual error:0.001000
 0  5.169902e-01
 1  2.708978e-01
 2  1.755144e-01
 3  1.219739e-01
 4  8.661805e-02
 5  6.573001e-02
 6  5.123003e-02
 7  3.818024e-02
 8  2.898822e-02
 9  2.326757e-02
 10  1.839774e-02
 11  1.490263e-02
 12  1.163681e-02
 13  9.368950e-03
 14  7.508529e-03
 15  6.058863e-03
 16  4.981727e-03
 17  4.152742e-03
 18  3.460664e-03
 19  2.961915e-03
 20  2.545454e-03
 21  2.186270e-03
 22  1.834541e-03
 23  1.531022e-03
 24  1.265240e-03
 25  1.040316e-03
 26  8.518772e-04
 Iteration CPU time: 6 s
 CFIE residual: 0.000851877

 Iseg, Irank, Idinc : 1, 35, 48
 Thata, Phi : 90.000000, 47.000000
 Maximun iteration: 300
 Number of recycle truncation: 30
 Final matrix dimension:  36708
 Residual error:0.001000
 0  6.404886e-01
 1  3.298066e-01
 2  2.045303e-01
 3  1.340483e-01
 4  9.551611e-02
 5  7.264860e-02
 6  5.433109e-02
 7  4.165870e-02
 8  3.203743e-02
 9  2.434226e-02
 10  1.838397e-02
 11  1.407896e-02
 12  1.096998e-02
 13  8.770604e-03
 14  7.259338e-03
 15  5.818178e-03
 16  4.550197e-03
 17  3.678564e-03
 18  2.918445e-03
 19  2.348686e-03
 20  1.919558e-03
 21  1.599125e-03
 22  1.360021e-03
 23  1.191954e-03
 24  1.078402e-03
 25  9.967742e-04
 Iteration CPU time: 6 s
 CFIE residual: 0.000996774

 Iseg, Irank, Idinc : 1, 36, 180
 Thata, Phi : 90.000000, 179.000000
 Maximun iteration: 300
 Number of recycle truncation: 30
 Final matrix dimension:  36708
 Residual error:0.001000
 0  5.739561e-01
 1  2.986986e-01
 2  1.882988e-01
 3  1.323320e-01
 4  1.025625e-01
 5  7.959903e-02
 6  6.375517e-02
 7  5.410958e-02
 8  4.443718e-02
 9  3.512050e-02
 10  2.771909e-02
 11  2.205226e-02
 12  1.819737e-02
 13  1.458644e-02
 14  1.176294e-02
 15  9.080566e-03
 16  7.137233e-03
 17  5.718869e-03
 18  4.673111e-03
 19  3.826880e-03
 20  3.178790e-03
 21  2.623031e-03
 22  2.148435e-03
 23  1.755834e-03
 24  1.463544e-03
 25  1.213824e-03
 26  9.731720e-04
 Iteration CPU time: 6 s
 CFIE residual: 0.000973172

 Iseg, Irank, Idinc : 1, 37, 120
 Thata, Phi : 90.000000, 119.000000
 Maximun iteration: 300
 Number of recycle truncation: 30
 Final matrix dimension:  36708
 Residual error:0.001000
 0  6.481291e-01
 1  3.434764e-01
 2  2.194059e-01
 3  1.533272e-01
 4  1.091862e-01
 5  8.084948e-02
 6  6.357699e-02
 7  4.935442e-02
 8  3.879733e-02
 9  3.041890e-02
 10  2.446560e-02
 11  1.936471e-02
 12  1.532147e-02
 13  1.230446e-02
 14  1.012501e-02
 15  8.172950e-03
 16  6.850450e-03
 17  5.624632e-03
 18  4.541124e-03
 19  3.863040e-03
 20  3.179257e-03
 21  2.638792e-03
 22  2.206289e-03
 23  1.924333e-03
 24  1.622569e-03
 25  1.406346e-03
 26  1.218898e-03
 27  1.098661e-03
 28  1.002838e-03
 29  9.272616e-04
 Iteration CPU time: 7 s
 CFIE residual: 0.000927262

 Iseg, Irank, Idinc : 1, 38, 13
 Thata, Phi : 90.000000, 12.000000
 Maximun iteration: 300
 Number of recycle truncation: 30
 Final matrix dimension:  36708
 Residual error:0.001000
 0  5.640337e-01
 1  2.806292e-01
 2  1.751270e-01
 3  1.230121e-01
 4  8.824973e-02
 5  6.575825e-02
 6  5.136581e-02
 7  3.949902e-02
 8  3.097030e-02
 9  2.457936e-02
 10  1.922177e-02
 11  1.503998e-02
 12  1.184069e-02
 13  9.631730e-03
 14  7.879561e-03
 15  6.288036e-03
 16  5.094842e-03
 17  4.248883e-03
 18  3.565043e-03
 19  3.049638e-03
 20  2.535936e-03
 21  2.086441e-03
 22  1.730785e-03
 23  1.471607e-03
 24  1.250470e-03
 25  1.073866e-03
 26  9.275786e-04
 Iteration CPU time: 6 s
 CFIE residual: 0.000927579

 Iseg, Irank, Idinc : 1, 39, 78
 Thata, Phi : 90.000000, 77.000000
 Maximun iteration: 300
 Number of recycle truncation: 30
 Final matrix dimension:  36708
 Residual error:0.001000
 0  6.219266e-01
 1  3.563938e-01
 2  2.309621e-01
 3  1.472587e-01
 4  1.049758e-01
 5  7.937055e-02
 6  6.201894e-02
 7  4.839143e-02
 8  3.794556e-02
 9  3.100780e-02
 10  2.441749e-02
 11  1.891280e-02
 12  1.520044e-02
 13  1.251517e-02
 14  1.032731e-02
 15  8.453500e-03
 16  6.985987e-03
 17  5.642187e-03
 18  4.677766e-03
 19  3.973676e-03
 20  3.320954e-03
 21  2.824250e-03
 22  2.444034e-03
 23  2.139228e-03
 24  1.931252e-03
 25  1.789519e-03
 26  1.653799e-03
 27  1.568202e-03
 28  1.498589e-03
 29  1.451145e-03
 30  1.414747e-03
 31  1.380779e-03
 32  1.349654e-03
 33  1.312925e-03
 34  1.266035e-03
 35  1.209886e-03
 36  1.141141e-03
 37  1.065634e-03
 38  9.664769e-04
 Iteration CPU time: 8 s
 CFIE residual: 0.000966477

 Iseg, Irank, Idinc : 1, 40, 170
 Thata, Phi : 90.000000, 169.000000
 Maximun iteration: 300
 Number of recycle truncation: 30
 Final matrix dimension:  36708
 Residual error:0.001000
 0  5.811367e-01
 1  2.994499e-01
 2  1.881900e-01
 3  1.328378e-01
 4  1.039794e-01
 5  8.183973e-02
 6  6.641138e-02
 7  5.570854e-02
 8  4.627712e-02
 9  3.840537e-02
 10  3.201688e-02
 11  2.707988e-02
 12  2.288447e-02
 13  1.930237e-02
 14  1.583685e-02
 15  1.304253e-02
 16  1.079359e-02
 17  8.666766e-03
 18  7.013344e-03
 19  5.666364e-03
 20  4.566179e-03
 21  3.695903e-03
 22  3.077931e-03
 23  2.554217e-03
 24  2.083512e-03
 25  1.667096e-03
 26  1.355939e-03
 27  1.077936e-03
 28  8.794224e-04
 Iteration CPU time: 6 s
 CFIE residual: 0.000879422
 Last Built End in Sep 21 2025 00:06:12
 Total CPU time: 289 s
 Finished.
