 Last Built Begin in Sep 21 2025 00:06:12
 Pre-Type( Input ):           10
 Skl-Tol ( Input ):    1.0000000000000001E-005
 Wavelength in freespace: 0.0297915

 ################################################
 ##         Generating Required Mesh          ##
 ##         Waiting.....                      ##
 ################################################
 Subd No.      Subd Name
    1    Open-Duct_PRIME_model_meshAA1                                     
 isub,  nnode, npatch,  nedge:
    1      6118     12236     18354
 Scale Factor         >>   1.54999997E-02
 ################################################

 START TIME: 20250922   054828.076


 Informaton for IE geometry:
 number of subdomains     : 1
 maxnode,maxpatch,maxedge : 6118  12236  18354
 
 Index of Mat-Reg: 1
 Mat-Reg Number via MatFlg: 1
 Edge Number of Mat-Reg: 1, 18354

 Number of Edge on PEC: 18354
 Mat-Reg: No Dim(m) Lmax:
    1 0.241    5
 Totlmax, add1, add2:           5           6           7
 rlengmax of Global MLFMA >>   0.24067558287737709     
 Lmax of Global MLFMA >>            5
 Wavenum of Mat-Reg:
    1 1.000

 total area in sq m           =      0.0510
 total area in sq lambda      =     57.4289
 maxnode, maxpatch, maxedge           =     6118    12236    18354
 longest  edge in lambda              =      0.1567
 shortest edge in lambda              =      0.0074
 average  edge in lambda              =      0.1046
 largest  patch area in sq lambda     =      0.0083
 smallest patch area in sq lambda     =      0.0000
 ave    surface area in sq lambda     =      0.0047
 size range of the object in sq lambda =      7.7016

 #### MLFMA Info For Each Region ####
 Mat-Region =            1
 Array dimension parameters:
 maxrule=          14   maxgrid  =          64
 lmax   =           5   ncmax    =        1250
 lsmax  =          27   lsmin    =           7
 kpm    =        1462   kp0      =         102
 ntlm   =      217096   nsm      =      232158
 nkpm   =        2284   niplm    =      146176
 ngnearm=       14257   ngsndm   =       64634
 nearm  =         333   mfinestm =         119
 ###############################

 CFIE Alpha:  0.50000000000000000     

 Fill MLFMA FI for Mat-Reg:           1
 Begin filltl.f
 fill translation matrix
 Level:            2
 fill shifting matrix
 Level:            3
 fill shifting matrix
 Level:            4
 fill shifting matrix
 Level:            5
 fill shifting matrix
 translator time(s):  0.121000007    
 fill interpolation matrix
 ThetaOrder            8
 PhiOrder            8
 lsl            7
 Filling TL                  Delta_CPU=          0.55 Memory(MB)=        653.98
 Filling sndgrp              Delta_CPU=          0.00 Memory(MB)=        653.98
 Filling VFS                 Delta_CPU=          3.22 Memory(MB)=        653.98

 Fill MLFMA NI for Mat-Reg:           1
 Begin fill sparser part of Nearfield
 Begin fill denser part of Nearfield
 End fill
 Filling Amn                 Delta_CPU=         90.37 Memory(MB)=        653.98


 Now testing preconditioner with
 ipretype =           10
 method = cfie_solve_nfrasspspre_pardiso

  
 NBP>>Begin fill sparser part of Nearfield

116.8574% NBP>>Begin fill denser part of Nearfield

200.1041%
 Begin MLFMA Box-Matrix Based Spar-RAS Prec Constructor
 --- Intel MKL PARDISO --- 
 Memory for iGroup: 1 0 MB
 Total Memory For SparRAS Pre: 0 MB
 --- PARDISO PRECONDITIONER INITIALIZED --- 
 Constructing preconditioner CPU time: 4 s
 
 1101240
 Memory for Iteration:: 16.8036 MB

 Iseg, Ninc_S : 1, 181, 0

 Iseg, Skeleton Angles: 1, 40
 Iseg, Skel-Pk Mem(MB): 1, 314.35

 Iseg, Irank, Idinc : 1, 1, 42
 Thata, Phi : 90.000000, 41.000000
 Maximun iteration: 300
 Number of recycle truncation: 30
 Final matrix dimension:  36708
 Residual error:0.001000
 0  6.311222e-01
 1  3.152239e-01
 2  1.991067e-01
 3  1.281932e-01
 4  8.781233e-02
 5  6.470680e-02
 6  4.804803e-02
 7  3.692809e-02
 8  2.814165e-02
 9  2.103507e-02
 10  1.588751e-02
 11  1.248006e-02
 12  9.885349e-03
 13  8.015954e-03
 14  6.495405e-03
 15  5.050525e-03
 16  4.050939e-03
 17  3.318199e-03
 18  2.677749e-03
 19  2.196875e-03
 20  1.751553e-03
 21  1.407606e-03
 22  1.152861e-03
 23  9.721216e-04
 Iteration CPU time: 5 s
 CFIE residual: 0.000972122

 Iseg, Irank, Idinc : 1, 2, 22
 Thata, Phi : 90.000000, 21.000000
 Maximun iteration: 300
 Number of recycle truncation: 30
 Final matrix dimension:  36708
 Residual error:0.001000
 0  6.238333e-01
 1  2.934106e-01
 2  1.702944e-01
 3  1.143972e-01
 4  7.975422e-02
 5  5.913860e-02
 6  4.506324e-02
 7  3.481551e-02
 8  2.789322e-02
 9  2.233441e-02
 10  1.774524e-02
 11  1.389117e-02
 12  1.132001e-02
 13  9.066480e-03
 14  7.725585e-03
 15  6.235683e-03
 16  5.069043e-03
 17  4.201872e-03
 18  3.500000e-03
 19  2.971174e-03
 20  2.450363e-03
 21  1.946395e-03
 22  1.572013e-03
 23  1.311254e-03
 24  1.094906e-03
 25  9.206279e-04
 Iteration CPU time: 6 s
 CFIE residual: 0.000920628

 Iseg, Irank, Idinc : 1, 3, 109
 Thata, Phi : 90.000000, 108.000000
 Maximun iteration: 300
 Number of recycle truncation: 30
 Final matrix dimension:  36708
 Residual error:0.001000
 0  6.245970e-01
 1  3.531821e-01
 2  2.202270e-01
 3  1.511988e-01
 4  1.058612e-01
 5  7.987557e-02
 6  6.116805e-02
 7  4.757006e-02
 8  3.834936e-02
 9  3.020868e-02
 10  2.364882e-02
 11  1.895194e-02
 12  1.559226e-02
 13  1.271591e-02
 14  1.039783e-02
 15  8.388764e-03
 16  6.897134e-03
 17  5.643469e-03
 18  4.511474e-03
 19  3.739768e-03
 20  3.065766e-03
 21  2.433449e-03
 22  1.959227e-03
 23  1.614939e-03
 24  1.317862e-03
 25  1.099971e-03
 26  9.263700e-04
 Iteration CPU time: 6 s
 CFIE residual: 0.00092637

 Iseg, Irank, Idinc : 1, 4, 64
 Thata, Phi : 90.000000, 63.000000
 Maximun iteration: 300
 Number of recycle truncation: 30
 Final matrix dimension:  36708
 Residual error:0.001000
 0  6.592468e-01
 1  3.585467e-01
 2  2.239417e-01
 3  1.439445e-01
 4  1.024937e-01
 5  7.847085e-02
 6  5.881615e-02
 7  4.605489e-02
 8  3.720284e-02
 9  2.905421e-02
 10  2.243307e-02
 11  1.718118e-02
 12  1.362957e-02
 13  1.083921e-02
 14  8.657936e-03
 15  6.982625e-03
 16  5.558466e-03
 17  4.622785e-03
 18  3.729941e-03
 19  3.049916e-03
 20  2.521967e-03
 21  2.118054e-03
 22  1.729370e-03
 23  1.497828e-03
 24  1.330933e-03
 25  1.211093e-03
 26  1.108340e-03
 27  1.045261e-03
 28  9.978773e-04
 Iteration CPU time: 7 s
 CFIE residual: 0.000997877

 Iseg, Irank, Idinc : 1, 5, 147
 Thata, Phi : 90.000000, 146.000000
 Maximun iteration: 300
 Number of recycle truncation: 30
 Final matrix dimension:  36708
 Residual error:0.001000
 0  6.536088e-01
 1  3.443947e-01
 2  2.098732e-01
 3  1.413566e-01
 4  1.024292e-01
 5  7.762108e-02
 6  6.119275e-02
 7  4.761162e-02
 8  3.964865e-02
 9  3.420044e-02
 10  2.884643e-02
 11  2.444282e-02
 12  2.044248e-02
 13  1.679280e-02
 14  1.381183e-02
 15  1.130178e-02
 16  9.228738e-03
 17  7.415079e-03
 18  6.049020e-03
 19  4.947032e-03
 20  3.887383e-03
 21  3.110960e-03
 22  2.527943e-03
 23  2.068082e-03
 24  1.679923e-03
 25  1.307524e-03
 26  1.023170e-03
 27  7.993935e-04
 Iteration CPU time: 6 s
 CFIE residual: 0.000799394

 Iseg, Irank, Idinc : 1, 6, 136
 Thata, Phi : 90.000000, 135.000000
 Maximun iteration: 300
 Number of recycle truncation: 30
 Final matrix dimension:  36708
 Residual error:0.001000
 0  6.987049e-01
 1  3.534207e-01
 2  2.206652e-01
 3  1.494339e-01
 4  1.084735e-01
 5  8.149975e-02
 6  6.192697e-02
 7  4.888841e-02
 8  3.891427e-02
 9  3.179693e-02
 10  2.588704e-02
 11  2.071474e-02
 12  1.696407e-02
 13  1.385477e-02
 14  1.108349e-02
 15  9.089237e-03
 16  7.292113e-03
 17  5.909366e-03
 18  4.836024e-03
 19  3.881087e-03
 20  3.187723e-03
 21  2.594649e-03
 22  2.169387e-03
 23  1.815346e-03
 24  1.528493e-03
 25  1.311442e-03
 26  1.106972e-03
 27  9.487067e-04
 Iteration CPU time: 6 s
 CFIE residual: 0.000948707

 Iseg, Irank, Idinc : 1, 7, 88
 Thata, Phi : 90.000000, 87.000000
 Maximun iteration: 300
 Number of recycle truncation: 30
 Final matrix dimension:  36708
 Residual error:0.001000
 0  6.103430e-01
 1  3.472214e-01
 2  2.222776e-01
 3  1.521459e-01
 4  1.095850e-01
 5  8.384505e-02
 6  6.430887e-02
 7  5.079694e-02
 8  4.134351e-02
 9  3.294348e-02
 10  2.585820e-02
 11  2.030653e-02
 12  1.688714e-02
 13  1.386212e-02
 14  1.125204e-02
 15  8.877325e-03
 16  7.171231e-03
 17  5.816392e-03
 18  4.748353e-03
 19  3.877197e-03
 20  3.276585e-03
 21  2.733111e-03
 22  2.347804e-03
 23  2.021935e-03
 24  1.774349e-03
 25  1.580419e-03
 26  1.424336e-03
 27  1.314589e-03
 28  1.245176e-03
 29  1.187442e-03
 30  1.146393e-03
 31  1.117663e-03
 32  1.089495e-03
 33  1.065985e-03
 34  1.035167e-03
 35  1.010840e-03
 36  9.801788e-04
 Iteration CPU time: 8 s
 CFIE residual: 0.000980179

 Iseg, Irank, Idinc : 1, 8, 74
 Thata, Phi : 90.000000, 73.000000
 Maximun iteration: 300
 Number of recycle truncation: 30
 Final matrix dimension:  36708
 Residual error:0.001000
 0  6.341113e-01
 1  3.621556e-01
 2  2.353823e-01
 3  1.474979e-01
 4  1.030385e-01
 5  7.865435e-02
 6  6.164330e-02
 7  4.707217e-02
 8  3.779106e-02
 9  3.005971e-02
 10  2.409602e-02
 11  1.919928e-02
 12  1.543980e-02
 13  1.240520e-02
 14  1.013764e-02
 15  8.176459e-03
 16  6.603542e-03
 17  5.478531e-03
 18  4.488242e-03
 19  3.799845e-03
 20  3.149420e-03
 21  2.617106e-03
 22  2.194340e-03
 23  1.873917e-03
 24  1.640867e-03
 25  1.491513e-03
 26  1.362102e-03
 27  1.274421e-03
 28  1.207098e-03
 29  1.166515e-03
 30  1.136052e-03
 31  1.111176e-03
 32  1.086104e-03
 33  1.060283e-03
 34  1.025056e-03
 35  9.909997e-04
 Iteration CPU time: 8 s
 CFIE residual: 0.000991

 Iseg, Irank, Idinc : 1, 9, 159
 Thata, Phi : 90.000000, 158.000000
 Maximun iteration: 300
 Number of recycle truncation: 30
 Final matrix dimension:  36708
 Residual error:0.001000
 0  6.149947e-01
 1  3.135081e-01
 2  1.912074e-01
 3  1.293170e-01
 4  9.822610e-02
 5  7.778466e-02
 6  6.262862e-02
 7  5.091550e-02
 8  4.316143e-02
 9  3.686397e-02
 10  3.128580e-02
 11  2.631165e-02
 12  2.259195e-02
 13  1.883973e-02
 14  1.531357e-02
 15  1.269594e-02
 16  1.038729e-02
 17  8.515352e-03
 18  7.058359e-03
 19  5.589605e-03
 20  4.576462e-03
 21  3.675340e-03
 22  3.022652e-03
 23  2.426938e-03
 24  1.966235e-03
 25  1.559938e-03
 26  1.256156e-03
 27  9.986629e-04
 Iteration CPU time: 6 s
 CFIE residual: 0.000998663

 Iseg, Irank, Idinc : 1, 10, 124
 Thata, Phi : 90.000000, 123.000000
 Maximun iteration: 300
 Number of recycle truncation: 30
 Final matrix dimension:  36708
 Residual error:0.001000
 0  6.542731e-01
 1  3.413558e-01
 2  2.231937e-01
 3  1.565255e-01
 4  1.121058e-01
 5  8.293475e-02
 6  6.509656e-02
 7  5.077722e-02
 8  3.947653e-02
 9  3.165076e-02
 10  2.479315e-02
 11  1.969755e-02
 12  1.547840e-02
 13  1.223863e-02
 14  9.922526e-03
 15  8.208263e-03
 16  6.835641e-03
 17  5.681931e-03
 18  4.571493e-03
 19  3.925664e-03
 20  3.266460e-03
 21  2.706620e-03
 22  2.295239e-03
 23  1.999147e-03
 24  1.700470e-03
 25  1.454536e-03
 26  1.239838e-03
 27  1.087497e-03
 28  9.704869e-04
 Iteration CPU time: 7 s
 CFIE residual: 0.000970487

 Iseg, Irank, Idinc : 1, 11, 53
 Thata, Phi : 90.000000, 52.000000
 Maximun iteration: 300
 Number of recycle truncation: 30
 Final matrix dimension:  36708
 Residual error:0.001000
 0  6.523810e-01
 1  3.414575e-01
 2  2.094015e-01
 3  1.348325e-01
 4  9.622970e-02
 5  7.232107e-02
 6  5.532584e-02
 7  4.303764e-02
 8  3.281813e-02
 9  2.480744e-02
 10  1.911489e-02
 11  1.466093e-02
 12  1.145762e-02
 13  9.025217e-03
 14  7.448129e-03
 15  6.000745e-03
 16  4.766313e-03
 17  3.734581e-03
 18  2.923264e-03
 19  2.326081e-03
 20  1.892510e-03
 21  1.548133e-03
 22  1.276137e-03
 23  1.093104e-03
 24  9.712790e-04
 Iteration CPU time: 5 s
 CFIE residual: 0.000971279

 Iseg, Irank, Idinc : 1, 12, 32
 Thata, Phi : 90.000000, 31.000000
 Maximun iteration: 300
 Number of recycle truncation: 30
 Final matrix dimension:  36708
 Residual error:0.001000
 0  6.337002e-01
 1  3.066420e-01
 2  1.812286e-01
 3  1.136063e-01
 4  7.990440e-02
 5  5.865200e-02
 6  4.274317e-02
 7  3.246812e-02
 8  2.567849e-02
 9  2.014632e-02
 10  1.607177e-02
 11  1.307069e-02
 12  1.053687e-02
 13  8.314705e-03
 14  6.885675e-03
 15  5.439120e-03
 16  4.466994e-03
 17  3.616795e-03
 18  3.007673e-03
 19  2.539597e-03
 20  2.101862e-03
 21  1.687866e-03
 22  1.384485e-03
 23  1.147321e-03
 24  9.581265e-04
 Iteration CPU time: 6 s
 CFIE residual: 0.000958127

 Iseg, Irank, Idinc : 1, 13, 10
 Thata, Phi : 90.000000, 9.000000
 Maximun iteration: 300
 Number of recycle truncation: 30
 Final matrix dimension:  36708
 Residual error:0.001000
 0  5.454928e-01
 1  2.766954e-01
 2  1.754208e-01
 3  1.238037e-01
 4  8.942566e-02
 5  6.675199e-02
 6  5.140244e-02
 7  3.972105e-02
 8  3.119395e-02
 9  2.437991e-02
 10  1.885108e-02
 11  1.499316e-02
 12  1.212021e-02
 13  9.888620e-03
 14  7.891770e-03
 15  6.201587e-03
 16  5.063212e-03
 17  4.251667e-03
 18  3.549484e-03
 19  3.048942e-03
 20  2.577346e-03
 21  2.155528e-03
 22  1.794157e-03
 23  1.517498e-03
 24  1.288034e-03
 25  1.088005e-03
 26  9.360868e-04
 Iteration CPU time: 6 s
 CFIE residual: 0.000936087

 Iseg, Irank, Idinc : 1, 14, 178
 Thata, Phi : 90.000000, 177.000000
 Maximun iteration: 300
 Number of recycle truncation: 30
 Final matrix dimension:  36708
 Residual error:0.001000
 0  5.758215e-01
 1  2.986592e-01
 2  1.880358e-01
 3  1.324574e-01
 4  1.027543e-01
 5  8.029920e-02
 6  6.424519e-02
 7  5.448808e-02
 8  4.486347e-02
 9  3.566045e-02
 10  2.848509e-02
 11  2.331656e-02
 12  1.896785e-02
 13  1.585820e-02
 14  1.261925e-02
 15  1.003475e-02
 16  8.092031e-03
 17  6.518670e-03
 18  5.303004e-03
 19  4.347261e-03
 20  3.588182e-03
 21  2.968030e-03
 22  2.449121e-03
 23  2.042593e-03
 24  1.723344e-03
 25  1.435778e-03
 26  1.160735e-03
 27  9.454283e-04
 Iteration CPU time: 6 s
 CFIE residual: 0.000945428

 Iseg, Irank, Idinc : 1, 15, 97
 Thata, Phi : 90.000000, 96.000000
 Maximun iteration: 300
 Number of recycle truncation: 30
 Final matrix dimension:  36708
 Residual error:0.001000
 0  6.083648e-01
 1  3.458489e-01
 2  2.178145e-01
 3  1.454167e-01
 4  1.041596e-01
 5  7.911906e-02
 6  6.137240e-02
 7  4.906528e-02
 8  3.867499e-02
 9  3.045699e-02
 10  2.485537e-02
 11  2.021446e-02
 12  1.648995e-02
 13  1.358951e-02
 14  1.097191e-02
 15  9.032491e-03
 16  7.459624e-03
 17  6.201799e-03
 18  5.049033e-03
 19  4.067978e-03
 20  3.302139e-03
 21  2.678438e-03
 22  2.224118e-03
 23  1.847008e-03
 24  1.609344e-03
 25  1.400980e-03
 26  1.245442e-03
 27  1.143616e-03
 28  1.071774e-03
 29  1.020868e-03
 30  9.764854e-04
 Iteration CPU time: 7 s
 CFIE residual: 0.000976485

 Iseg, Irank, Idinc : 1, 16, 81
 Thata, Phi : 90.000000, 80.000000
 Maximun iteration: 300
 Number of recycle truncation: 30
 Final matrix dimension:  36708
 Residual error:0.001000
 0  6.157462e-01
 1  3.516616e-01
 2  2.266072e-01
 3  1.488796e-01
 4  1.080722e-01
 5  8.241914e-02
 6  6.346871e-02
 7  4.989971e-02
 8  4.028143e-02
 9  3.203693e-02
 10  2.479357e-02
 11  1.908664e-02
 12  1.563054e-02
 13  1.275582e-02
 14  1.051881e-02
 15  8.497445e-03
 16  6.982996e-03
 17  5.713671e-03
 18  4.637803e-03
 19  3.811917e-03
 20  3.162606e-03
 21  2.648171e-03
 22  2.256755e-03
 23  1.978271e-03
 24  1.745494e-03
 25  1.583632e-03
 26  1.428932e-03
 27  1.337710e-03
 28  1.260679e-03
 29  1.209968e-03
 30  1.168891e-03
 31  1.140492e-03
 32  1.114018e-03
 33  1.088842e-03
 34  1.053020e-03
 35  1.017663e-03
 36  9.862704e-04
 Iteration CPU time: 9 s
 CFIE residual: 0.00098627

 Iseg, Irank, Idinc : 1, 17, 116
 Thata, Phi : 90.000000, 115.000000
 Maximun iteration: 300
 Number of recycle truncation: 30
 Final matrix dimension:  36708
 Residual error:0.001000
 0  6.450424e-01
 1  3.483321e-01
 2  2.176108e-01
 3  1.520302e-01
 4  1.086830e-01
 5  7.951310e-02
 6  6.122254e-02
 7  4.772848e-02
 8  3.820611e-02
 9  2.987493e-02
 10  2.360169e-02
 11  1.854751e-02
 12  1.481411e-02
 13  1.220703e-02
 14  9.817196e-03
 15  7.994244e-03
 16  6.623130e-03
 17  5.400106e-03
 18  4.350667e-03
 19  3.716528e-03
 20  3.043987e-03
 21  2.482940e-03
 22  2.062010e-03
 23  1.719778e-03
 24  1.402571e-03
 25  1.154851e-03
 26  9.872258e-04
 Iteration CPU time: 6 s
 CFIE residual: 0.000987226

 Iseg, Irank, Idinc : 1, 18, 1
 Thata, Phi : 90.000000, 0.000000
 Maximun iteration: 300
 Number of recycle truncation: 30
 Final matrix dimension:  36708
 Residual error:0.001000
 0  5.152809e-01
 1  2.703342e-01
 2  1.753924e-01
 3  1.216691e-01
 4  8.629079e-02
 5  6.553938e-02
 6  5.126589e-02
 7  3.800354e-02
 8  2.879621e-02
 9  2.305305e-02
 10  1.819215e-02
 11  1.482645e-02
 12  1.138980e-02
 13  9.046677e-03
 14  7.222210e-03
 15  5.816886e-03
 16  4.759837e-03
 17  3.950242e-03
 18  3.301525e-03
 19  2.829816e-03
 20  2.416955e-03
 21  2.046766e-03
 22  1.721875e-03
 23  1.404255e-03
 24  1.100933e-03
 25  8.791335e-04
 Iteration CPU time: 6 s
 CFIE residual: 0.000879133

 Iseg, Irank, Idinc : 1, 19, 167
 Thata, Phi : 90.000000, 166.000000
 Maximun iteration: 300
 Number of recycle truncation: 30
 Final matrix dimension:  36708
 Residual error:0.001000
 0  5.877235e-01
 1  3.009171e-01
 2  1.868821e-01
 3  1.313343e-01
 4  1.023487e-01
 5  8.069758e-02
 6  6.593799e-02
 7  5.455233e-02
 8  4.538613e-02
 9  3.820796e-02
 10  3.244137e-02
 11  2.739191e-02
 12  2.330439e-02
 13  1.950001e-02
 14  1.633089e-02
 15  1.341004e-02
 16  1.093659e-02
 17  8.990280e-03
 18  7.362183e-03
 19  5.959757e-03
 20  4.808391e-03
 21  3.847472e-03
 22  3.175421e-03
 23  2.587719e-03
 24  2.104015e-03
 25  1.684016e-03
 26  1.356334e-03
 27  1.064371e-03
 28  8.613341e-04
 Iteration CPU time: 6 s
 CFIE residual: 0.000861334

 Iseg, Irank, Idinc : 1, 20, 103
 Thata, Phi : 90.000000, 102.000000
 Maximun iteration: 300
 Number of recycle truncation: 30
 Final matrix dimension:  36708
 Residual error:0.001000
 0  6.113657e-01
 1  3.478192e-01
 2  2.173644e-01
 3  1.482624e-01
 4  1.043564e-01
 5  7.857956e-02
 6  6.005532e-02
 7  4.734370e-02
 8  3.789705e-02
 9  3.069749e-02
 10  2.486967e-02
 11  2.013494e-02
 12  1.637218e-02
 13  1.343946e-02
 14  1.091236e-02
 15  8.853536e-03
 16  7.262840e-03
 17  5.974442e-03
 18  4.813084e-03
 19  3.933612e-03
 20  3.231847e-03
 21  2.604788e-03
 22  2.160936e-03
 23  1.775334e-03
 24  1.501130e-03
 25  1.286962e-03
 26  1.110777e-03
 27  9.984092e-04
 Iteration CPU time: 7 s
 CFIE residual: 0.000998409

 Iseg, Irank, Idinc : 1, 21, 153
 Thata, Phi : 90.000000, 152.000000
 Maximun iteration: 300
 Number of recycle truncation: 30
 Final matrix dimension:  36708
 Residual error:0.001000
 0  6.332666e-01
 1  3.284960e-01
 2  2.020161e-01
 3  1.342272e-01
 4  9.952375e-02
 5  7.745604e-02
 6  6.102735e-02
 7  4.859892e-02
 8  4.076614e-02
 9  3.476064e-02
 10  2.943927e-02
 11  2.439634e-02
 12  2.091067e-02
 13  1.743862e-02
 14  1.408779e-02
 15  1.148830e-02
 16  9.371128e-03
 17  7.734121e-03
 18  6.393323e-03
 19  5.124245e-03
 20  4.156117e-03
 21  3.354510e-03
 22  2.737228e-03
 23  2.238990e-03
 24  1.809952e-03
 25  1.398593e-03
 26  1.140841e-03
 27  8.924602e-04
 Iteration CPU time: 6 s
 CFIE residual: 0.00089246

 Iseg, Irank, Idinc : 1, 22, 16
 Thata, Phi : 90.000000, 15.000000
 Maximun iteration: 300
 Number of recycle truncation: 30
 Final matrix dimension:  36708
 Residual error:0.001000
 0  5.852081e-01
 1  2.846426e-01
 2  1.740468e-01
 3  1.205340e-01
 4  8.553026e-02
 5  6.377436e-02
 6  5.014174e-02
 7  3.851929e-02
 8  3.017061e-02
 9  2.424487e-02
 10  1.932943e-02
 11  1.510867e-02
 12  1.186228e-02
 13  9.489731e-03
 14  7.874035e-03
 15  6.317644e-03
 16  5.168035e-03
 17  4.293067e-03
 18  3.585961e-03
 19  3.047475e-03
 20  2.512150e-03
 21  2.030704e-03
 22  1.674119e-03
 23  1.408367e-03
 24  1.189483e-03
 25  1.010280e-03
 26  8.630521e-04
 Iteration CPU time: 6 s
 CFIE residual: 0.000863052

 Iseg, Irank, Idinc : 1, 23, 173
 Thata, Phi : 90.000000, 172.000000
 Maximun iteration: 300
 Number of recycle truncation: 30
 Final matrix dimension:  36708
 Residual error:0.001000
 0  5.785291e-01
 1  2.987550e-01
 2  1.884158e-01
 3  1.332463e-01
 4  1.040961e-01
 5  8.200726e-02
 6  6.590606e-02
 7  5.579811e-02
 8  4.617967e-02
 9  3.769374e-02
 10  3.112993e-02
 11  2.637309e-02
 12  2.176341e-02
 13  1.853486e-02
 14  1.513227e-02
 15  1.260406e-02
 16  1.030933e-02
 17  8.267267e-03
 18  6.704118e-03
 19  5.392728e-03
 20  4.368597e-03
 21  3.559752e-03
 22  2.977374e-03
 23  2.502559e-03
 24  2.067433e-03
 25  1.676831e-03
 26  1.370497e-03
 27  1.102142e-03
 28  8.976506e-04
 Iteration CPU time: 7 s
 CFIE residual: 0.000897651

 Iseg, Irank, Idinc : 1, 24, 59
 Thata, Phi : 90.000000, 58.000000
 Maximun iteration: 300
 Number of recycle truncation: 30
 Final matrix dimension:  36708
 Residual error:0.001000
 0  6.611819e-01
 1  3.473449e-01
 2  2.142898e-01
 3  1.347207e-01
 4  9.604547e-02
 5  7.214938e-02
 6  5.485413e-02
 7  4.255777e-02
 8  3.367083e-02
 9  2.606364e-02
 10  1.995429e-02
 11  1.538785e-02
 12  1.202135e-02
 13  9.270255e-03
 14  7.448572e-03
 15  5.881354e-03
 16  4.766072e-03
 17  3.861436e-03
 18  3.076885e-03
 19  2.553402e-03
 20  2.178110e-03
 21  1.820460e-03
 22  1.506115e-03
 23  1.295768e-03
 24  1.143009e-03
 25  1.037609e-03
 26  9.462899e-04
 Iteration CPU time: 6 s
 CFIE residual: 0.00094629

 Iseg, Irank, Idinc : 1, 25, 5
 Thata, Phi : 90.000000, 4.000000
 Maximun iteration: 300
 Number of recycle truncation: 30
 Final matrix dimension:  36708
 Residual error:0.001000
 0  5.219333e-01
 1  2.718227e-01
 2  1.752960e-01
 3  1.223914e-01
 4  8.765524e-02
 5  6.628166e-02
 6  5.102405e-02
 7  3.815904e-02
 8  2.939893e-02
 9  2.365589e-02
 10  1.868192e-02
 11  1.496248e-02
 12  1.191732e-02
 13  9.727419e-03
 14  7.812064e-03
 15  6.207748e-03
 16  5.078830e-03
 17  4.262266e-03
 18  3.544812e-03
 19  3.038752e-03
 20  2.605028e-03
 21  2.232315e-03
 22  1.861330e-03
 23  1.554972e-03
 24  1.291711e-03
 25  1.066744e-03
 26  8.852121e-04
 Iteration CPU time: 6 s
 CFIE residual: 0.000885212

 Iseg, Irank, Idinc : 1, 26, 181
 Thata, Phi : 90.000000, 180.000000
 Maximun iteration: 300
 Number of recycle truncation: 30
 Final matrix dimension:  36708
 Residual error:0.001000
 0  5.753361e-01
 1  2.986406e-01
 2  1.878728e-01
 3  1.321541e-01
 4  1.022126e-01
 5  7.944448e-02
 6  6.352066e-02
 7  5.382922e-02
 8  4.427277e-02
 9  3.512178e-02
 10  2.770351e-02
 11  2.195300e-02
 12  1.821997e-02
 13  1.436391e-02
 14  1.160416e-02
 15  8.901763e-03
 16  6.889582e-03
 17  5.588328e-03
 18  4.593844e-03
 19  3.739407e-03
 20  3.101868e-03
 21  2.557753e-03
 22  2.111303e-03
 23  1.730945e-03
 24  1.442260e-03
 25  1.168647e-03
 26  9.455829e-04
 Iteration CPU time: 6 s
 CFIE residual: 0.000945583

 Iseg, Irank, Idinc : 1, 27, 130
 Thata, Phi : 90.000000, 129.000000
 Maximun iteration: 300
 Number of recycle truncation: 30
 Final matrix dimension:  36708
 Residual error:0.001000
 0  6.744768e-01
 1  3.521833e-01
 2  2.257777e-01
 3  1.542820e-01
 4  1.109200e-01
 5  8.318318e-02
 6  6.383325e-02
 7  5.001376e-02
 8  3.926686e-02
 9  3.185685e-02
 10  2.544838e-02
 11  1.988248e-02
 12  1.549700e-02
 13  1.267507e-02
 14  1.043582e-02
 15  8.432646e-03
 16  6.692831e-03
 17  5.388631e-03
 18  4.483679e-03
 19  3.697501e-03
 20  3.022220e-03
 21  2.489828e-03
 22  2.099109e-03
 23  1.774164e-03
 24  1.526228e-03
 25  1.327978e-03
 26  1.134403e-03
 27  9.968414e-04
 Iteration CPU time: 7 s
 CFIE residual: 0.000996841

 Iseg, Irank, Idinc : 1, 28, 37
 Thata, Phi : 90.000000, 36.000000
 Maximun iteration: 300
 Number of recycle truncation: 30
 Final matrix dimension:  36708
 Residual error:0.001000
 0  6.244230e-01
 1  3.120933e-01
 2  1.918475e-01
 3  1.212711e-01
 4  8.317640e-02
 5  6.106485e-02
 6  4.439583e-02
 7  3.404805e-02
 8  2.646730e-02
 9  2.034131e-02
 10  1.576920e-02
 11  1.265756e-02
 12  1.019022e-02
 13  8.181555e-03
 14  6.636587e-03
 15  5.131520e-03
 16  4.204893e-03
 17  3.405204e-03
 18  2.775638e-03
 19  2.307363e-03
 20  1.888044e-03
 21  1.526530e-03
 22  1.250063e-03
 23  1.040316e-03
 24  8.738505e-04
 Iteration CPU time: 5 s
 CFIE residual: 0.00087385

 Iseg, Irank, Idinc : 1, 29, 69
 Thata, Phi : 90.000000, 68.000000
 Maximun iteration: 300
 Number of recycle truncation: 30
 Final matrix dimension:  36708
 Residual error:0.001000
 0  6.495967e-01
 1  3.658704e-01
 2  2.337165e-01
 3  1.495552e-01
 4  1.063947e-01
 5  8.169094e-02
 6  6.166258e-02
 7  4.866330e-02
 8  3.969722e-02
 9  3.100029e-02
 10  2.422406e-02
 11  1.884690e-02
 12  1.509165e-02
 13  1.209619e-02
 14  9.752997e-03
 15  7.805844e-03
 16  6.221453e-03
 17  5.203502e-03
 18  4.232597e-03
 19  3.496867e-03
 20  2.873206e-03
 21  2.392842e-03
 22  1.986457e-03
 23  1.713739e-03
 24  1.508712e-03
 25  1.378452e-03
 26  1.268811e-03
 27  1.188549e-03
 28  1.129122e-03
 29  1.093325e-03
 30  1.068887e-03
 31  1.044578e-03
 32  1.016822e-03
 33  9.908795e-04
 Iteration CPU time: 8 s
 CFIE residual: 0.000990879

 Iseg, Irank, Idinc : 1, 30, 142
 Thata, Phi : 90.000000, 141.000000
 Maximun iteration: 300
 Number of recycle truncation: 30
 Final matrix dimension:  36708
 Residual error:0.001000
 0  6.829105e-01
 1  3.495350e-01
 2  2.119526e-01
 3  1.442585e-01
 4  1.055083e-01
 5  7.886139e-02
 6  6.120046e-02
 7  4.799494e-02
 8  3.936017e-02
 9  3.344940e-02
 10  2.769697e-02
 11  2.319822e-02
 12  1.963966e-02
 13  1.601336e-02
 14  1.311217e-02
 15  1.053190e-02
 16  8.489331e-03
 17  6.955415e-03
 18  5.690681e-03
 19  4.486003e-03
 20  3.538988e-03
 21  2.820017e-03
 22  2.317144e-03
 23  1.915839e-03
 24  1.575284e-03
 25  1.279266e-03
 26  1.027993e-03
 27  8.369198e-04
 Iteration CPU time: 6 s
 CFIE residual: 0.00083692

 Iseg, Irank, Idinc : 1, 31, 27
 Thata, Phi : 90.000000, 26.000000
 Maximun iteration: 300
 Number of recycle truncation: 30
 Final matrix dimension:  36708
 Residual error:0.001000
 0  6.397365e-01
 1  2.999220e-01
 2  1.719712e-01
 3  1.110793e-01
 4  7.737618e-02
 5  5.695973e-02
 6  4.201480e-02
 7  3.183164e-02
 8  2.571693e-02
 9  2.073785e-02
 10  1.683484e-02
 11  1.354077e-02
 12  1.109210e-02
 13  8.962929e-03
 14  7.415922e-03
 15  5.976137e-03
 16  4.886370e-03
 17  4.010966e-03
 18  3.383449e-03
 19  2.856688e-03
 20  2.357974e-03
 21  1.865758e-03
 22  1.507267e-03
 23  1.245719e-03
 24  1.038601e-03
 25  8.528301e-04
 Iteration CPU time: 6 s
 CFIE residual: 0.00085283

 Iseg, Irank, Idinc : 1, 32, 92
 Thata, Phi : 90.000000, 91.000000
 Maximun iteration: 300
 Number of recycle truncation: 30
 Final matrix dimension:  36708
 Residual error:0.001000
 0  6.076541e-01
 1  3.473125e-01
 2  2.205927e-01
 3  1.491594e-01
 4  1.062495e-01
 5  8.203732e-02
 6  6.367559e-02
 7  5.024156e-02
 8  4.072200e-02
 9  3.250287e-02
 10  2.578818e-02
 11  2.038048e-02
 12  1.704714e-02
 13  1.423633e-02
 14  1.173856e-02
 15  9.332137e-03
 16  7.567351e-03
 17  6.093886e-03
 18  4.982693e-03
 19  4.043683e-03
 20  3.362991e-03
 21  2.793213e-03
 22  2.359765e-03
 23  2.006207e-03
 24  1.772904e-03
 25  1.551257e-03
 26  1.381379e-03
 27  1.275724e-03
 28  1.203970e-03
 29  1.150101e-03
 30  1.099858e-03
 31  1.069666e-03
 32  1.040219e-03
 33  1.014330e-03
 34  9.888164e-04
 Iteration CPU time: 8 s
 CFIE residual: 0.000988816

 Iseg, Irank, Idinc : 1, 33, 163
 Thata, Phi : 90.000000, 162.000000
 Maximun iteration: 300
 Number of recycle truncation: 30
 Final matrix dimension:  36708
 Residual error:0.001000
 0  6.000531e-01
 1  3.058575e-01
 2  1.869033e-01
 3  1.292510e-01
 4  9.963299e-02
 5  7.905597e-02
 6  6.469131e-02
 7  5.249776e-02
 8  4.414237e-02
 9  3.794845e-02
 10  3.250715e-02
 11  2.733992e-02
 12  2.315264e-02
 13  1.939051e-02
 14  1.633221e-02
 15  1.339461e-02
 16  1.091829e-02
 17  8.893849e-03
 18  7.291660e-03
 19  5.882569e-03
 20  4.750520e-03
 21  3.800382e-03
 22  3.099216e-03
 23  2.499574e-03
 24  2.056107e-03
 25  1.628798e-03
 26  1.318328e-03
 27  1.034081e-03
 28  8.442755e-04
 Iteration CPU time: 6 s
 CFIE residual: 0.000844275

 Iseg, Irank, Idinc : 1, 34, 3
 Thata, Phi : 90.000000, 2.000000
 Maximun iteration: 300
 Number of recycle truncation: 30
 Final matrix dimension:  36708
 Residual error:0.001000
 0  5.169910e-01
 1  2.707274e-01
 2  1.753642e-01
 3  1.218645e-01
 4  8.668969e-02
 5  6.579050e-02
 6  5.116871e-02
 7  3.797975e-02
 8  2.882810e-02
 9  2.321613e-02
 10  1.849867e-02
 11  1.493257e-02
 12  1.166450e-02
 13  9.400975e-03
 14  7.554998e-03
 15  6.108053e-03
 16  5.015850e-03
 17  4.192212e-03
 18  3.493232e-03
 19  2.985357e-03
 20  2.564984e-03
 21  2.202883e-03
 22  1.845583e-03
 23  1.535622e-03
 24  1.263969e-03
 25  1.032111e-03
 26  8.394858e-04
 Iteration CPU time: 7 s
 CFIE residual: 0.000839486

 Iseg, Irank, Idinc : 1, 35, 48
 Thata, Phi : 90.000000, 47.000000
 Maximun iteration: 300
 Number of recycle truncation: 30
 Final matrix dimension:  36708
 Residual error:0.001000
 0  6.406996e-01
 1  3.299460e-01
 2  2.044816e-01
 3  1.339593e-01
 4  9.543186e-02
 5  7.263040e-02
 6  5.444122e-02
 7  4.166769e-02
 8  3.206943e-02
 9  2.438124e-02
 10  1.837746e-02
 11  1.411515e-02
 12  1.098874e-02
 13  8.793792e-03
 14  7.270491e-03
 15  5.810987e-03
 16  4.531252e-03
 17  3.639585e-03
 18  2.850172e-03
 19  2.270693e-03
 20  1.819022e-03
 21  1.486335e-03
 22  1.224158e-03
 23  1.039206e-03
 24  8.995574e-04
 Iteration CPU time: 5 s
 CFIE residual: 0.000899557

 Iseg, Irank, Idinc : 1, 36, 180
 Thata, Phi : 90.000000, 179.000000
 Maximun iteration: 300
 Number of recycle truncation: 30
 Final matrix dimension:  36708
 Residual error:0.001000
 0  5.754009e-01
 1  2.986454e-01
 2  1.878931e-01
 3  1.321939e-01
 4  1.022870e-01
 5  7.956843e-02
 6  6.363358e-02
 7  5.394171e-02
 8  4.437419e-02
 9  3.519346e-02
 10  2.781638e-02
 11  2.218677e-02
 12  1.832550e-02
 13  1.475698e-02
 14  1.185291e-02
 15  9.163458e-03
 16  7.165717e-03
 17  5.742416e-03
 18  4.691989e-03
 19  3.807761e-03
 20  3.193064e-03
 21  2.650601e-03
 22  2.180509e-03
 23  1.788944e-03
 24  1.495139e-03
 25  1.244671e-03
 26  1.004205e-03
 27  8.131463e-04
 Iteration CPU time: 6 s
 CFIE residual: 0.000813146

 Iseg, Irank, Idinc : 1, 37, 120
 Thata, Phi : 90.000000, 119.000000
 Maximun iteration: 300
 Number of recycle truncation: 30
 Final matrix dimension:  36708
 Residual error:0.001000
 0  6.485467e-01
 1  3.436984e-01
 2  2.192267e-01
 3  1.532456e-01
 4  1.092118e-01
 5  8.087426e-02
 6  6.364653e-02
 7  4.939357e-02
 8  3.880615e-02
 9  3.051955e-02
 10  2.461018e-02
 11  1.944720e-02
 12  1.538138e-02
 13  1.235402e-02
 14  1.017677e-02
 15  8.197988e-03
 16  6.880506e-03
 17  5.633172e-03
 18  4.545027e-03
 19  3.849548e-03
 20  3.152430e-03
 21  2.598680e-03
 22  2.157577e-03
 23  1.856994e-03
 24  1.543897e-03
 25  1.303283e-03
 26  1.098352e-03
 27  9.579889e-04
 Iteration CPU time: 7 s
 CFIE residual: 0.000957989

 Iseg, Irank, Idinc : 1, 38, 13
 Thata, Phi : 90.000000, 12.000000
 Maximun iteration: 300
 Number of recycle truncation: 30
 Final matrix dimension:  36708
 Residual error:0.001000
 0  5.645066e-01
 1  2.804551e-01
 2  1.751992e-01
 3  1.229829e-01
 4  8.834000e-02
 5  6.581972e-02
 6  5.131244e-02
 7  3.946594e-02
 8  3.097708e-02
 9  2.460201e-02
 10  1.923353e-02
 11  1.504306e-02
 12  1.190009e-02
 13  9.657054e-03
 14  7.890070e-03
 15  6.283557e-03
 16  5.101307e-03
 17  4.260312e-03
 18  3.575036e-03
 19  3.054500e-03
 20  2.543630e-03
 21  2.088511e-03
 22  1.732505e-03
 23  1.463471e-03
 24  1.243206e-03
 25  1.056089e-03
 26  9.060137e-04
 Iteration CPU time: 6 s
 CFIE residual: 0.000906014

 Iseg, Irank, Idinc : 1, 39, 78
 Thata, Phi : 90.000000, 77.000000
 Maximun iteration: 300
 Number of recycle truncation: 30
 Final matrix dimension:  36708
 Residual error:0.001000
 0  6.216111e-01
 1  3.560501e-01
 2  2.308223e-01
 3  1.473019e-01
 4  1.050087e-01
 5  7.939725e-02
 6  6.208183e-02
 7  4.839256e-02
 8  3.805995e-02
 9  3.096826e-02
 10  2.439731e-02
 11  1.888770e-02
 12  1.519032e-02
 13  1.249060e-02
 14  1.033186e-02
 15  8.458881e-03
 16  6.970418e-03
 17  5.608922e-03
 18  4.625151e-03
 19  3.908989e-03
 20  3.240182e-03
 21  2.712284e-03
 22  2.303298e-03
 23  1.964015e-03
 24  1.727320e-03
 25  1.568573e-03
 26  1.417450e-03
 27  1.327920e-03
 28  1.250097e-03
 29  1.199451e-03
 30  1.163681e-03
 31  1.134900e-03
 32  1.111075e-03
 33  1.084830e-03
 34  1.049577e-03
 35  1.012634e-03
 36  9.751134e-04
 Iteration CPU time: 8 s
 CFIE residual: 0.000975113

 Iseg, Irank, Idinc : 1, 40, 170
 Thata, Phi : 90.000000, 169.000000
 Maximun iteration: 300
 Number of recycle truncation: 30
 Final matrix dimension:  36708
 Residual error:0.001000
 0  5.818909e-01
 1  2.992670e-01
 2  1.879152e-01
 3  1.327938e-01
 4  1.038229e-01
 5  8.184001e-02
 6  6.626809e-02
 7  5.572156e-02
 8  4.628377e-02
 9  3.844462e-02
 10  3.205461e-02
 11  2.715303e-02
 12  2.295471e-02
 13  1.941641e-02
 14  1.593757e-02
 15  1.318650e-02
 16  1.090252e-02
 17  8.780411e-03
 18  7.116053e-03
 19  5.766544e-03
 20  4.649160e-03
 21  3.765471e-03
 22  3.139857e-03
 23  2.603040e-03
 24  2.121961e-03
 25  1.703206e-03
 26  1.383089e-03
 27  1.097223e-03
 28  8.880073e-04
 Iteration CPU time: 7 s
 CFIE residual: 0.000888007
 Last Built End in Sep 21 2025 00:06:12
 Total CPU time: 275 s
 Finished.
