 Last Built Begin in Sep 21 2025 00:06:12
 Pre-Type( Input ):           10
 Skl-Tol ( Input ):    1.0000000000000001E-005
 Wavelength in freespace: 0.0304569

 ################################################
 ##         Generating Required Mesh          ##
 ##         Waiting.....                      ##
 ################################################
 Subd No.      Subd Name
    1    Open-Duct_PRIME_model_meshAA1                                     
 isub,  nnode, npatch,  nedge:
    1      6118     12236     18354
 Scale Factor         >>   1.54999997E-02
 ################################################

 START TIME: 20250922   035941.729


 Informaton for IE geometry:
 number of subdomains     : 1
 maxnode,maxpatch,maxedge : 6118  12236  18354
 
 Index of Mat-Reg: 1
 Mat-Reg Number via MatFlg: 1
 Edge Number of Mat-Reg: 1, 18354

 Number of Edge on PEC: 18354
 Mat-Reg: No Dim(m) Lmax:
    1 0.235    5
 Totlmax, add1, add2:           5           6           7
 rlengmax of Global MLFMA >>   0.23541752644907293     
 Lmax of Global MLFMA >>            5
 Wavenum of Mat-Reg:
    1 1.000

 total area in sq m           =      0.0510
 total area in sq lambda      =     54.9470
 maxnode, maxpatch, maxedge           =     6118    12236    18354
 longest  edge in lambda              =      0.1533
 shortest edge in lambda              =      0.0073
 average  edge in lambda              =      0.1023
 largest  patch area in sq lambda     =      0.0080
 smallest patch area in sq lambda     =      0.0000
 ave    surface area in sq lambda     =      0.0045
 size range of the object in sq lambda =      7.5334

 #### MLFMA Info For Each Region ####
 Mat-Region =            1
 Array dimension parameters:
 maxrule=          14   maxgrid  =          64
 lmax   =           5   ncmax    =        1250
 lsmax  =          26   lsmin    =           7
 kpm    =        1356   kp0      =         102
 ntlm   =      212856   nsm      =      230886
 nkpm   =        2178   niplm    =      139392
 ngnearm=       14257   ngsndm   =       64634
 nearm  =         333   mfinestm =         119
 ###############################

 CFIE Alpha:  0.50000000000000000     

 Fill MLFMA FI for Mat-Reg:           1
 Begin filltl.f
 fill translation matrix
 Level:            2
 fill shifting matrix
 Level:            3
 fill shifting matrix
 Level:            4
 fill shifting matrix
 Level:            5
 fill shifting matrix
 translator time(s):  0.117000006    
 fill interpolation matrix
 ThetaOrder            8
 PhiOrder            8
 lsl            7
 Filling TL                  Delta_CPU=          0.54 Memory(MB)=        653.71
 Filling sndgrp              Delta_CPU=          0.00 Memory(MB)=        653.71
 Filling VFS                 Delta_CPU=          3.21 Memory(MB)=        653.71

 Fill MLFMA NI for Mat-Reg:           1
 Begin fill sparser part of Nearfield
 Begin fill denser part of Nearfield
 End fill
 Filling Amn                 Delta_CPU=         91.21 Memory(MB)=        653.71


 Now testing preconditioner with
 ipretype =           10
 method = cfie_solve_nfrasspspre_pardiso

  
 NBP>>Begin fill sparser part of Nearfield

114.4641% NBP>>Begin fill denser part of Nearfield

200.1041%
 Begin MLFMA Box-Matrix Based Spar-RAS Prec Constructor
 --- Intel MKL PARDISO --- 
 Memory for iGroup: 1 0 MB
 Total Memory For SparRAS Pre: 0 MB
 --- PARDISO PRECONDITIONER INITIALIZED --- 
 Constructing preconditioner CPU time: 4 s
 
 1101240
 Memory for Iteration:: 16.8036 MB

 Iseg, Ninc_S : 1, 181, 0

 Iseg, Skeleton Angles: 1, 40
 Iseg, Skel-Pk Mem(MB): 1, 314.35

 Iseg, Irank, Idinc : 1, 1, 22
 Thata, Phi : 90.000000, 21.000000
 Maximun iteration: 300
 Number of recycle truncation: 30
 Final matrix dimension:  36708
 Residual error:0.001000
 0  6.146788e-01
 1  2.910907e-01
 2  1.659340e-01
 3  1.134627e-01
 4  7.976730e-02
 5  5.903728e-02
 6  4.502690e-02
 7  3.495404e-02
 8  2.761446e-02
 9  2.222593e-02
 10  1.731462e-02
 11  1.376051e-02
 12  1.082759e-02
 13  8.872608e-03
 14  7.254532e-03
 15  6.104142e-03
 16  5.073887e-03
 17  4.264036e-03
 18  3.567356e-03
 19  3.034627e-03
 20  2.637036e-03
 21  2.273814e-03
 22  2.021797e-03
 23  1.834545e-03
 24  1.710046e-03
 25  1.590390e-03
 26  1.483280e-03
 27  1.391696e-03
 28  1.312500e-03
 29  1.233701e-03
 30  1.146789e-03
 31  1.051200e-03
 32  9.528244e-04
 Iteration CPU time: 7 s
 CFIE residual: 0.000952824

 Iseg, Irank, Idinc : 1, 2, 42
 Thata, Phi : 90.000000, 41.000000
 Maximun iteration: 300
 Number of recycle truncation: 30
 Final matrix dimension:  36708
 Residual error:0.001000
 0  6.268872e-01
 1  3.150849e-01
 2  1.994994e-01
 3  1.297138e-01
 4  8.883687e-02
 5  6.490582e-02
 6  4.786716e-02
 7  3.642882e-02
 8  2.789988e-02
 9  2.124740e-02
 10  1.626628e-02
 11  1.277073e-02
 12  1.033114e-02
 13  8.484798e-03
 14  6.980697e-03
 15  5.762295e-03
 16  4.887999e-03
 17  4.248043e-03
 18  3.806816e-03
 19  3.453840e-03
 20  3.170802e-03
 21  2.956042e-03
 22  2.751378e-03
 23  2.541994e-03
 24  2.377678e-03
 25  2.200241e-03
 26  1.999031e-03
 27  1.763058e-03
 28  1.559381e-03
 29  1.318096e-03
 30  1.095545e-03
 31  8.922024e-04
 Iteration CPU time: 7 s
 CFIE residual: 0.000892202

 Iseg, Irank, Idinc : 1, 3, 109
 Thata, Phi : 90.000000, 108.000000
 Maximun iteration: 300
 Number of recycle truncation: 30
 Final matrix dimension:  36708
 Residual error:0.001000
 0  6.284874e-01
 1  3.549948e-01
 2  2.225703e-01
 3  1.532819e-01
 4  1.073708e-01
 5  8.078237e-02
 6  6.222972e-02
 7  4.779973e-02
 8  3.800793e-02
 9  3.078464e-02
 10  2.378512e-02
 11  1.865120e-02
 12  1.528145e-02
 13  1.261231e-02
 14  1.026708e-02
 15  8.430053e-03
 16  7.040960e-03
 17  5.955162e-03
 18  5.127485e-03
 19  4.439811e-03
 20  3.937104e-03
 21  3.504717e-03
 22  3.171002e-03
 23  2.913243e-03
 24  2.717431e-03
 25  2.526338e-03
 26  2.353192e-03
 27  2.175981e-03
 28  1.963666e-03
 29  1.743747e-03
 30  1.509658e-03
 31  1.263025e-03
 32  1.011987e-03
 33  8.121899e-04
 Iteration CPU time: 7 s
 CFIE residual: 0.00081219

 Iseg, Irank, Idinc : 1, 4, 64
 Thata, Phi : 90.000000, 63.000000
 Maximun iteration: 300
 Number of recycle truncation: 30
 Final matrix dimension:  36708
 Residual error:0.001000
 0  6.629188e-01
 1  3.576274e-01
 2  2.226072e-01
 3  1.435207e-01
 4  1.031186e-01
 5  7.852646e-02
 6  5.977300e-02
 7  4.611435e-02
 8  3.711760e-02
 9  2.972682e-02
 10  2.326203e-02
 11  1.844597e-02
 12  1.441847e-02
 13  1.177660e-02
 14  9.886611e-03
 15  8.340344e-03
 16  7.474616e-03
 17  6.782561e-03
 18  6.158880e-03
 19  5.639127e-03
 20  5.203796e-03
 21  4.792064e-03
 22  4.486101e-03
 23  4.202170e-03
 24  3.860440e-03
 25  3.455860e-03
 26  3.067520e-03
 27  2.616383e-03
 28  2.195011e-03
 29  1.794581e-03
 30  1.408976e-03
 31  1.100941e-03
 32  8.708068e-04
 Iteration CPU time: 8 s
 CFIE residual: 0.000870807

 Iseg, Irank, Idinc : 1, 5, 147
 Thata, Phi : 90.000000, 146.000000
 Maximun iteration: 300
 Number of recycle truncation: 30
 Final matrix dimension:  36708
 Residual error:0.001000
 0  6.521127e-01
 1  3.445964e-01
 2  2.082253e-01
 3  1.427834e-01
 4  1.037538e-01
 5  7.919591e-02
 6  6.248293e-02
 7  4.885915e-02
 8  4.082983e-02
 9  3.444114e-02
 10  2.912893e-02
 11  2.455744e-02
 12  2.015972e-02
 13  1.608015e-02
 14  1.304977e-02
 15  1.049699e-02
 16  8.450066e-03
 17  7.086399e-03
 18  5.790711e-03
 19  4.770021e-03
 20  3.924942e-03
 21  3.264032e-03
 22  2.811494e-03
 23  2.454271e-03
 24  2.194836e-03
 25  1.999583e-03
 26  1.854572e-03
 27  1.731033e-03
 28  1.618668e-03
 29  1.504258e-03
 30  1.379571e-03
 31  1.236534e-03
 32  1.072302e-03
 33  8.972385e-04
 Iteration CPU time: 8 s
 CFIE residual: 0.000897238

 Iseg, Irank, Idinc : 1, 6, 74
 Thata, Phi : 90.000000, 73.000000
 Maximun iteration: 300
 Number of recycle truncation: 30
 Final matrix dimension:  36708
 Residual error:0.001000
 0  6.400415e-01
 1  3.652874e-01
 2  2.374359e-01
 3  1.492311e-01
 4  1.042827e-01
 5  7.922651e-02
 6  6.221709e-02
 7  4.865657e-02
 8  3.904504e-02
 9  3.200011e-02
 10  2.491845e-02
 11  1.983780e-02
 12  1.616417e-02
 13  1.355320e-02
 14  1.154538e-02
 15  9.829746e-03
 16  8.561842e-03
 17  7.690109e-03
 18  6.966777e-03
 19  6.368433e-03
 20  5.847475e-03
 21  5.426618e-03
 22  5.062807e-03
 23  4.739995e-03
 24  4.405825e-03
 25  4.051727e-03
 26  3.626164e-03
 27  3.167786e-03
 28  2.720859e-03
 29  2.337916e-03
 30  1.909085e-03
 31  1.528300e-03
 32  1.195280e-03
 33  9.215026e-04
 Iteration CPU time: 7 s
 CFIE residual: 0.000921503

 Iseg, Irank, Idinc : 1, 7, 85
 Thata, Phi : 90.000000, 84.000000
 Maximun iteration: 300
 Number of recycle truncation: 30
 Final matrix dimension:  36708
 Residual error:0.001000
 0  6.175635e-01
 1  3.509824e-01
 2  2.269240e-01
 3  1.541328e-01
 4  1.110426e-01
 5  8.589691e-02
 6  6.615298e-02
 7  5.239718e-02
 8  4.184944e-02
 9  3.456472e-02
 10  2.697444e-02
 11  2.055600e-02
 12  1.624323e-02
 13  1.338682e-02
 14  1.117781e-02
 15  9.521225e-03
 16  8.197171e-03
 17  7.188407e-03
 18  6.437719e-03
 19  5.869235e-03
 20  5.436671e-03
 21  5.084270e-03
 22  4.751174e-03
 23  4.444792e-03
 24  4.101443e-03
 25  3.741948e-03
 26  3.406067e-03
 27  3.036053e-03
 28  2.647733e-03
 29  2.240747e-03
 30  1.899961e-03
 31  1.562973e-03
 32  1.282923e-03
 33  1.013718e-03
 34  8.190549e-04
 Iteration CPU time: 8 s
 CFIE residual: 0.000819055

 Iseg, Irank, Idinc : 1, 8, 159
 Thata, Phi : 90.000000, 158.000000
 Maximun iteration: 300
 Number of recycle truncation: 30
 Final matrix dimension:  36708
 Residual error:0.001000
 0  6.114935e-01
 1  3.136381e-01
 2  1.914163e-01
 3  1.303289e-01
 4  9.948679e-02
 5  7.921964e-02
 6  6.381396e-02
 7  5.104305e-02
 8  4.368388e-02
 9  3.760128e-02
 10  3.149093e-02
 11  2.597833e-02
 12  2.147108e-02
 13  1.748578e-02
 14  1.415841e-02
 15  1.157476e-02
 16  9.493861e-03
 17  7.784105e-03
 18  6.251617e-03
 19  5.242874e-03
 20  4.184932e-03
 21  3.513384e-03
 22  2.982704e-03
 23  2.589016e-03
 24  2.250481e-03
 25  1.969318e-03
 26  1.768535e-03
 27  1.625952e-03
 28  1.508448e-03
 29  1.419793e-03
 30  1.347358e-03
 31  1.268832e-03
 32  1.171290e-03
 33  1.049447e-03
 34  9.097099e-04
 Iteration CPU time: 8 s
 CFIE residual: 0.00090971

 Iseg, Irank, Idinc : 1, 9, 134
 Thata, Phi : 90.000000, 133.000000
 Maximun iteration: 300
 Number of recycle truncation: 30
 Final matrix dimension:  36708
 Residual error:0.001000
 0  6.947094e-01
 1  3.587455e-01
 2  2.270122e-01
 3  1.540057e-01
 4  1.105167e-01
 5  8.395662e-02
 6  6.411406e-02
 7  4.988534e-02
 8  4.005914e-02
 9  3.113985e-02
 10  2.484823e-02
 11  2.030881e-02
 12  1.618034e-02
 13  1.299007e-02
 14  1.061227e-02
 15  8.673165e-03
 16  7.170199e-03
 17  5.927531e-03
 18  4.955170e-03
 19  4.304748e-03
 20  3.757219e-03
 21  3.377814e-03
 22  3.076254e-03
 23  2.796177e-03
 24  2.614688e-03
 25  2.449912e-03
 26  2.287454e-03
 27  2.131163e-03
 28  1.985690e-03
 29  1.835168e-03
 30  1.648572e-03
 31  1.446277e-03
 32  1.235014e-03
 33  1.042470e-03
 34  8.777030e-04
 Iteration CPU time: 8 s
 CFIE residual: 0.000877703

 Iseg, Irank, Idinc : 1, 10, 123
 Thata, Phi : 90.000000, 122.000000
 Maximun iteration: 300
 Number of recycle truncation: 30
 Final matrix dimension:  36708
 Residual error:0.001000
 0  6.529943e-01
 1  3.427137e-01
 2  2.250645e-01
 3  1.566277e-01
 4  1.113562e-01
 5  8.358278e-02
 6  6.444674e-02
 7  5.035856e-02
 8  3.875258e-02
 9  2.973201e-02
 10  2.386776e-02
 11  1.897344e-02
 12  1.511341e-02
 13  1.223196e-02
 14  9.962099e-03
 15  8.598091e-03
 16  7.284822e-03
 17  6.206826e-03
 18  5.354978e-03
 19  4.665145e-03
 20  4.165085e-03
 21  3.733504e-03
 22  3.399888e-03
 23  3.095088e-03
 24  2.869593e-03
 25  2.673804e-03
 26  2.487873e-03
 27  2.333155e-03
 28  2.181463e-03
 29  2.018090e-03
 30  1.834350e-03
 31  1.628182e-03
 32  1.395701e-03
 33  1.151418e-03
 34  9.708781e-04
 Iteration CPU time: 8 s
 CFIE residual: 0.000970878

 Iseg, Irank, Idinc : 1, 11, 53
 Thata, Phi : 90.000000, 52.000000
 Maximun iteration: 300
 Number of recycle truncation: 30
 Final matrix dimension:  36708
 Residual error:0.001000
 0  6.489345e-01
 1  3.376220e-01
 2  2.080108e-01
 3  1.344770e-01
 4  9.626647e-02
 5  7.127374e-02
 6  5.441029e-02
 7  4.255383e-02
 8  3.271924e-02
 9  2.443865e-02
 10  1.922168e-02
 11  1.502570e-02
 12  1.203031e-02
 13  9.844353e-03
 14  8.252717e-03
 15  7.101936e-03
 16  6.221501e-03
 17  5.499331e-03
 18  4.948983e-03
 19  4.558556e-03
 20  4.150052e-03
 21  3.843065e-03
 22  3.621264e-03
 23  3.387785e-03
 24  3.067565e-03
 25  2.763564e-03
 26  2.442041e-03
 27  2.063419e-03
 28  1.755629e-03
 29  1.417783e-03
 30  1.123320e-03
 31  8.935038e-04
 Iteration CPU time: 8 s
 CFIE residual: 0.000893504

 Iseg, Irank, Idinc : 1, 12, 32
 Thata, Phi : 90.000000, 31.000000
 Maximun iteration: 300
 Number of recycle truncation: 30
 Final matrix dimension:  36708
 Residual error:0.001000
 0  6.317819e-01
 1  3.053824e-01
 2  1.795343e-01
 3  1.137004e-01
 4  8.001887e-02
 5  5.901857e-02
 6  4.319918e-02
 7  3.250562e-02
 8  2.535099e-02
 9  2.034041e-02
 10  1.620518e-02
 11  1.289414e-02
 12  1.008948e-02
 13  8.498067e-03
 14  6.767538e-03
 15  5.698107e-03
 16  4.781175e-03
 17  4.101341e-03
 18  3.494672e-03
 19  3.046452e-03
 20  2.702901e-03
 21  2.430169e-03
 22  2.237194e-03
 23  2.090088e-03
 24  1.964863e-03
 25  1.837324e-03
 26  1.717514e-03
 27  1.600876e-03
 28  1.478789e-03
 29  1.328060e-03
 30  1.180877e-03
 31  1.017978e-03
 32  8.780236e-04
 Iteration CPU time: 7 s
 CFIE residual: 0.000878024

 Iseg, Irank, Idinc : 1, 13, 93
 Thata, Phi : 90.000000, 92.000000
 Maximun iteration: 300
 Number of recycle truncation: 30
 Final matrix dimension:  36708
 Residual error:0.001000
 0  6.144577e-01
 1  3.520952e-01
 2  2.237870e-01
 3  1.493390e-01
 4  1.066264e-01
 5  8.308186e-02
 6  6.477129e-02
 7  5.130713e-02
 8  4.114705e-02
 9  3.337211e-02
 10  2.646443e-02
 11  2.098758e-02
 12  1.700332e-02
 13  1.399214e-02
 14  1.167556e-02
 15  9.840611e-03
 16  8.208612e-03
 17  7.077479e-03
 18  6.235811e-03
 19  5.604873e-03
 20  5.111229e-03
 21  4.731126e-03
 22  4.374498e-03
 23  4.116548e-03
 24  3.792972e-03
 25  3.536314e-03
 26  3.294638e-03
 27  3.022551e-03
 28  2.665016e-03
 29  2.239914e-03
 30  1.836840e-03
 31  1.524633e-03
 32  1.204663e-03
 33  9.447425e-04
 Iteration CPU time: 8 s
 CFIE residual: 0.000944742

 Iseg, Irank, Idinc : 1, 14, 11
 Thata, Phi : 90.000000, 10.000000
 Maximun iteration: 300
 Number of recycle truncation: 30
 Final matrix dimension:  36708
 Residual error:0.001000
 0  5.435230e-01
 1  2.756379e-01
 2  1.729298e-01
 3  1.228872e-01
 4  8.808661e-02
 5  6.617385e-02
 6  5.110351e-02
 7  3.934748e-02
 8  3.068610e-02
 9  2.429620e-02
 10  1.890092e-02
 11  1.472012e-02
 12  1.148992e-02
 13  9.325284e-03
 14  7.553791e-03
 15  6.139657e-03
 16  5.063456e-03
 17  4.231579e-03
 18  3.605636e-03
 19  3.099783e-03
 20  2.653890e-03
 21  2.332622e-03
 22  2.015632e-03
 23  1.782559e-03
 24  1.630362e-03
 25  1.503667e-03
 26  1.399421e-03
 27  1.303381e-03
 28  1.231157e-03
 29  1.158472e-03
 30  1.087595e-03
 31  1.008307e-03
 32  9.332440e-04
 Iteration CPU time: 7 s
 CFIE residual: 0.000933244

 Iseg, Irank, Idinc : 1, 15, 178
 Thata, Phi : 90.000000, 177.000000
 Maximun iteration: 300
 Number of recycle truncation: 30
 Final matrix dimension:  36708
 Residual error:0.001000
 0  5.636710e-01
 1  2.990864e-01
 2  1.905404e-01
 3  1.340941e-01
 4  1.051307e-01
 5  8.075410e-02
 6  6.539884e-02
 7  5.461466e-02
 8  4.475122e-02
 9  3.493938e-02
 10  2.743770e-02
 11  2.201434e-02
 12  1.778327e-02
 13  1.393441e-02
 14  1.135079e-02
 15  8.875804e-03
 16  7.049833e-03
 17  5.796425e-03
 18  4.758030e-03
 19  3.854672e-03
 20  3.042641e-03
 21  2.532168e-03
 22  2.158471e-03
 23  1.863534e-03
 24  1.594246e-03
 25  1.363213e-03
 26  1.180564e-03
 27  1.034281e-03
 28  9.375630e-04
 Iteration CPU time: 6 s
 CFIE residual: 0.000937563

 Iseg, Irank, Idinc : 1, 16, 101
 Thata, Phi : 90.000000, 100.000000
 Maximun iteration: 300
 Number of recycle truncation: 30
 Final matrix dimension:  36708
 Residual error:0.001000
 0  6.133000e-01
 1  3.502620e-01
 2  2.199936e-01
 3  1.481825e-01
 4  1.042958e-01
 5  7.827276e-02
 6  6.036960e-02
 7  4.739957e-02
 8  3.732610e-02
 9  3.025063e-02
 10  2.468756e-02
 11  1.990286e-02
 12  1.582614e-02
 13  1.302712e-02
 14  1.097327e-02
 15  8.904419e-03
 16  7.471298e-03
 17  6.405830e-03
 18  5.571660e-03
 19  4.960600e-03
 20  4.495766e-03
 21  4.074090e-03
 22  3.682123e-03
 23  3.441930e-03
 24  3.195853e-03
 25  2.976615e-03
 26  2.785773e-03
 27  2.598154e-03
 28  2.352319e-03
 29  2.077770e-03
 30  1.776264e-03
 31  1.482000e-03
 32  1.176861e-03
 33  9.555424e-04
 Iteration CPU time: 8 s
 CFIE residual: 0.000955542

 Iseg, Irank, Idinc : 1, 17, 116
 Thata, Phi : 90.000000, 115.000000
 Maximun iteration: 300
 Number of recycle truncation: 30
 Final matrix dimension:  36708
 Residual error:0.001000
 0  6.460172e-01
 1  3.485708e-01
 2  2.199172e-01
 3  1.538021e-01
 4  1.091932e-01
 5  8.065533e-02
 6  6.141727e-02
 7  4.759279e-02
 8  3.812300e-02
 9  2.984986e-02
 10  2.304514e-02
 11  1.794113e-02
 12  1.485014e-02
 13  1.232585e-02
 14  9.955824e-03
 15  8.202028e-03
 16  6.929727e-03
 17  5.878679e-03
 18  5.088101e-03
 19  4.439855e-03
 20  3.991243e-03
 21  3.570143e-03
 22  3.236743e-03
 23  2.962097e-03
 24  2.757880e-03
 25  2.577226e-03
 26  2.398025e-03
 27  2.232256e-03
 28  2.068767e-03
 29  1.882437e-03
 30  1.654081e-03
 31  1.391360e-03
 32  1.120866e-03
 33  8.756566e-04
 Iteration CPU time: 8 s
 CFIE residual: 0.000875657

 Iseg, Irank, Idinc : 1, 18, 1
 Thata, Phi : 90.000000, 0.000000
 Maximun iteration: 300
 Number of recycle truncation: 30
 Final matrix dimension:  36708
 Residual error:0.001000
 0  5.087232e-01
 1  2.676040e-01
 2  1.735241e-01
 3  1.207597e-01
 4  8.555654e-02
 5  6.432385e-02
 6  5.002567e-02
 7  3.806538e-02
 8  2.890236e-02
 9  2.282060e-02
 10  1.723371e-02
 11  1.363454e-02
 12  1.125086e-02
 13  8.734859e-03
 14  7.063723e-03
 15  5.596674e-03
 16  4.538050e-03
 17  3.741768e-03
 18  3.183812e-03
 19  2.741532e-03
 20  2.360467e-03
 21  2.074616e-03
 22  1.812615e-03
 23  1.580279e-03
 24  1.399510e-03
 25  1.267492e-03
 26  1.173284e-03
 27  1.104172e-03
 28  1.039767e-03
 29  9.714282e-04
 Iteration CPU time: 7 s
 CFIE residual: 0.000971428

 Iseg, Irank, Idinc : 1, 19, 167
 Thata, Phi : 90.000000, 166.000000
 Maximun iteration: 300
 Number of recycle truncation: 30
 Final matrix dimension:  36708
 Residual error:0.001000
 0  5.820330e-01
 1  3.019385e-01
 2  1.884803e-01
 3  1.329305e-01
 4  1.039569e-01
 5  8.207080e-02
 6  6.760314e-02
 7  5.491849e-02
 8  4.584111e-02
 9  3.808280e-02
 10  3.242699e-02
 11  2.699379e-02
 12  2.245735e-02
 13  1.800748e-02
 14  1.477705e-02
 15  1.220506e-02
 16  9.945423e-03
 17  8.167556e-03
 18  6.421267e-03
 19  5.253374e-03
 20  4.297287e-03
 21  3.470084e-03
 22  2.929702e-03
 23  2.482579e-03
 24  2.081725e-03
 25  1.755254e-03
 26  1.504355e-03
 27  1.340434e-03
 28  1.224716e-03
 29  1.143340e-03
 30  1.082342e-03
 31  1.023537e-03
 32  9.584582e-04
 Iteration CPU time: 7 s
 CFIE residual: 0.000958458

 Iseg, Irank, Idinc : 1, 20, 79
 Thata, Phi : 90.000000, 78.000000
 Maximun iteration: 300
 Number of recycle truncation: 30
 Final matrix dimension:  36708
 Residual error:0.001000
 0  6.257725e-01
 1  3.582660e-01
 2  2.325224e-01
 3  1.491095e-01
 4  1.060564e-01
 5  8.160910e-02
 6  6.288515e-02
 7  5.036051e-02
 8  3.942388e-02
 9  3.213490e-02
 10  2.549520e-02
 11  2.000584e-02
 12  1.600937e-02
 13  1.339601e-02
 14  1.130961e-02
 15  9.776432e-03
 16  8.516416e-03
 17  7.455540e-03
 18  6.678750e-03
 19  6.107953e-03
 20  5.594333e-03
 21  5.225988e-03
 22  4.894164e-03
 23  4.601405e-03
 24  4.259843e-03
 25  3.932718e-03
 26  3.570592e-03
 27  3.157339e-03
 28  2.761441e-03
 29  2.381710e-03
 30  1.974379e-03
 31  1.616783e-03
 32  1.278524e-03
 33  9.960458e-04
 Iteration CPU time: 8 s
 CFIE residual: 0.000996046

 Iseg, Irank, Idinc : 1, 21, 141
 Thata, Phi : 90.000000, 140.000000
 Maximun iteration: 300
 Number of recycle truncation: 30
 Final matrix dimension:  36708
 Residual error:0.001000
 0  6.860540e-01
 1  3.525183e-01
 2  2.136112e-01
 3  1.472037e-01
 4  1.075790e-01
 5  8.135117e-02
 6  6.243422e-02
 7  4.927279e-02
 8  4.055527e-02
 9  3.344372e-02
 10  2.752975e-02
 11  2.291984e-02
 12  1.864553e-02
 13  1.522786e-02
 14  1.195810e-02
 15  9.830324e-03
 16  7.871922e-03
 17  6.538648e-03
 18  5.357906e-03
 19  4.426191e-03
 20  3.771060e-03
 21  3.257773e-03
 22  2.891528e-03
 23  2.603582e-03
 24  2.388877e-03
 25  2.232575e-03
 26  2.095768e-03
 27  1.969856e-03
 28  1.846480e-03
 29  1.721927e-03
 30  1.579429e-03
 31  1.407280e-03
 32  1.244100e-03
 33  1.089838e-03
 34  9.356523e-04
 Iteration CPU time: 8 s
 CFIE residual: 0.000935652

 Iseg, Irank, Idinc : 1, 22, 173
 Thata, Phi : 90.000000, 172.000000
 Maximun iteration: 300
 Number of recycle truncation: 30
 Final matrix dimension:  36708
 Residual error:0.001000
 0  5.691902e-01
 1  2.994758e-01
 2  1.904629e-01
 3  1.346717e-01
 4  1.060032e-01
 5  8.256134e-02
 6  6.739291e-02
 7  5.579900e-02
 8  4.627511e-02
 9  3.724546e-02
 10  3.035461e-02
 11  2.514029e-02
 12  2.096858e-02
 13  1.687109e-02
 14  1.388125e-02
 15  1.121141e-02
 16  9.365289e-03
 17  7.567930e-03
 18  5.957593e-03
 19  4.860533e-03
 20  3.885051e-03
 21  3.153134e-03
 22  2.662511e-03
 23  2.284795e-03
 24  1.919683e-03
 25  1.615120e-03
 26  1.377656e-03
 27  1.203275e-03
 28  1.084485e-03
 29  1.003422e-03
 30  9.434918e-04
 Iteration CPU time: 7 s
 CFIE residual: 0.000943492

 Iseg, Irank, Idinc : 1, 23, 6
 Thata, Phi : 90.000000, 5.000000
 Maximun iteration: 300
 Number of recycle truncation: 30
 Final matrix dimension:  36708
 Residual error:0.001000
 0  5.187326e-01
 1  2.700831e-01
 2  1.732702e-01
 3  1.217700e-01
 4  8.722930e-02
 5  6.579695e-02
 6  5.036462e-02
 7  3.797608e-02
 8  2.892293e-02
 9  2.327077e-02
 10  1.833421e-02
 11  1.448539e-02
 12  1.133565e-02
 13  9.213921e-03
 14  7.621909e-03
 15  6.093154e-03
 16  4.994102e-03
 17  4.154923e-03
 18  3.501623e-03
 19  3.031325e-03
 20  2.636728e-03
 21  2.306852e-03
 22  1.994150e-03
 23  1.744176e-03
 24  1.564628e-03
 25  1.428089e-03
 26  1.311047e-03
 27  1.225091e-03
 28  1.149070e-03
 29  1.073313e-03
 30  9.963716e-04
 Iteration CPU time: 7 s
 CFIE residual: 0.000996372

 Iseg, Irank, Idinc : 1, 24, 181
 Thata, Phi : 90.000000, 180.000000
 Maximun iteration: 300
 Number of recycle truncation: 30
 Final matrix dimension:  36708
 Residual error:0.001000
 0  5.626263e-01
 1  2.990343e-01
 2  1.904747e-01
 3  1.338795e-01
 4  1.047732e-01
 5  7.999315e-02
 6  6.469852e-02
 7  5.400902e-02
 8  4.399725e-02
 9  3.419010e-02
 10  2.673722e-02
 11  2.113701e-02
 12  1.636150e-02
 13  1.279023e-02
 14  1.014492e-02
 15  7.911223e-03
 16  6.002608e-03
 17  4.842182e-03
 18  3.932231e-03
 19  3.105173e-03
 20  2.559628e-03
 21  2.171302e-03
 22  1.844618e-03
 23  1.558080e-03
 24  1.337359e-03
 25  1.178260e-03
 26  1.044936e-03
 27  9.362588e-04
 Iteration CPU time: 7 s
 CFIE residual: 0.000936259

 Iseg, Irank, Idinc : 1, 25, 17
 Thata, Phi : 90.000000, 16.000000
 Maximun iteration: 300
 Number of recycle truncation: 30
 Final matrix dimension:  36708
 Residual error:0.001000
 0  5.825603e-01
 1  2.837229e-01
 2  1.699323e-01
 3  1.188738e-01
 4  8.413715e-02
 5  6.309125e-02
 6  4.920417e-02
 7  3.811882e-02
 8  2.982508e-02
 9  2.347631e-02
 10  1.843484e-02
 11  1.477530e-02
 12  1.139802e-02
 13  9.114888e-03
 14  7.386279e-03
 15  6.247678e-03
 16  5.162529e-03
 17  4.329342e-03
 18  3.633256e-03
 19  3.082600e-03
 20  2.645908e-03
 21  2.287574e-03
 22  2.002000e-03
 23  1.787683e-03
 24  1.651119e-03
 25  1.534344e-03
 26  1.430694e-03
 27  1.339046e-03
 28  1.270244e-03
 29  1.198924e-03
 30  1.123058e-03
 31  1.040720e-03
 32  9.518902e-04
 Iteration CPU time: 7 s
 CFIE residual: 0.00095189

 Iseg, Irank, Idinc : 1, 26, 58
 Thata, Phi : 90.000000, 57.000000
 Maximun iteration: 300
 Number of recycle truncation: 30
 Final matrix dimension:  36708
 Residual error:0.001000
 0  6.608783e-01
 1  3.445876e-01
 2  2.133243e-01
 3  1.348683e-01
 4  9.612846e-02
 5  7.070299e-02
 6  5.458697e-02
 7  4.303351e-02
 8  3.449098e-02
 9  2.652260e-02
 10  2.005319e-02
 11  1.580265e-02
 12  1.280378e-02
 13  1.033222e-02
 14  8.594133e-03
 15  7.257679e-03
 16  6.464825e-03
 17  5.775310e-03
 18  5.223568e-03
 19  4.836555e-03
 20  4.469968e-03
 21  4.129190e-03
 22  3.840264e-03
 23  3.571309e-03
 24  3.274289e-03
 25  2.966542e-03
 26  2.615999e-03
 27  2.259880e-03
 28  1.889208e-03
 29  1.540025e-03
 30  1.244227e-03
 31  1.001364e-03
 32  7.945503e-04
 Iteration CPU time: 8 s
 CFIE residual: 0.00079455

 Iseg, Irank, Idinc : 1, 27, 153
 Thata, Phi : 90.000000, 152.000000
 Maximun iteration: 300
 Number of recycle truncation: 30
 Final matrix dimension:  36708
 Residual error:0.001000
 0  6.322914e-01
 1  3.291848e-01
 2  2.008646e-01
 3  1.356383e-01
 4  1.009885e-01
 5  7.876045e-02
 6  6.258826e-02
 7  4.945801e-02
 8  4.180030e-02
 9  3.530665e-02
 10  3.005022e-02
 11  2.498209e-02
 12  2.007388e-02
 13  1.642130e-02
 14  1.338039e-02
 15  1.095755e-02
 16  8.840760e-03
 17  7.266102e-03
 18  5.834646e-03
 19  4.913499e-03
 20  4.019246e-03
 21  3.349550e-03
 22  2.885959e-03
 23  2.512218e-03
 24  2.211349e-03
 25  1.984927e-03
 26  1.823154e-03
 27  1.680981e-03
 28  1.564450e-03
 29  1.468747e-03
 30  1.369122e-03
 31  1.264001e-03
 32  1.124148e-03
 33  9.750004e-04
 Iteration CPU time: 8 s
 CFIE residual: 0.000975

 Iseg, Irank, Idinc : 1, 28, 37
 Thata, Phi : 90.000000, 36.000000
 Maximun iteration: 300
 Number of recycle truncation: 30
 Final matrix dimension:  36708
 Residual error:0.001000
 0  6.221234e-01
 1  3.118589e-01
 2  1.922110e-01
 3  1.223646e-01
 4  8.368044e-02
 5  6.157977e-02
 6  4.481483e-02
 7  3.382471e-02
 8  2.617228e-02
 9  2.038383e-02
 10  1.594430e-02
 11  1.266090e-02
 12  1.006713e-02
 13  8.351578e-03
 14  6.809972e-03
 15  5.621881e-03
 16  4.682239e-03
 17  4.060067e-03
 18  3.534276e-03
 19  3.128623e-03
 20  2.826972e-03
 21  2.606314e-03
 22  2.426213e-03
 23  2.256616e-03
 24  2.132265e-03
 25  1.993721e-03
 26  1.839451e-03
 27  1.674264e-03
 28  1.523447e-03
 29  1.331520e-03
 30  1.143764e-03
 31  9.679812e-04
 Iteration CPU time: 7 s
 CFIE residual: 0.000967981

 Iseg, Irank, Idinc : 1, 29, 128
 Thata, Phi : 90.000000, 127.000000
 Maximun iteration: 300
 Number of recycle truncation: 30
 Final matrix dimension:  36708
 Residual error:0.001000
 0  6.653010e-01
 1  3.501173e-01
 2  2.285404e-01
 3  1.567020e-01
 4  1.120301e-01
 5  8.534034e-02
 6  6.487216e-02
 7  5.049630e-02
 8  3.965407e-02
 9  3.124578e-02
 10  2.481151e-02
 11  1.949522e-02
 12  1.528315e-02
 13  1.250812e-02
 14  1.041100e-02
 15  8.615184e-03
 16  7.178488e-03
 17  6.026614e-03
 18  5.101672e-03
 19  4.470319e-03
 20  4.017261e-03
 21  3.612218e-03
 22  3.296141e-03
 23  3.032337e-03
 24  2.827987e-03
 25  2.626716e-03
 26  2.452341e-03
 27  2.299765e-03
 28  2.151162e-03
 29  2.011191e-03
 30  1.834637e-03
 31  1.631740e-03
 32  1.422352e-03
 33  1.192056e-03
 34  1.016380e-03
 35  8.340860e-04
 Iteration CPU time: 8 s
 CFIE residual: 0.000834086

 Iseg, Irank, Idinc : 1, 30, 97
 Thata, Phi : 90.000000, 96.000000
 Maximun iteration: 300
 Number of recycle truncation: 30
 Final matrix dimension:  36708
 Residual error:0.001000
 0  6.135471e-01
 1  3.504479e-01
 2  2.209817e-01
 3  1.470639e-01
 4  1.052465e-01
 5  8.013980e-02
 6  6.158742e-02
 7  4.936585e-02
 8  3.906240e-02
 9  3.117913e-02
 10  2.524102e-02
 11  2.005747e-02
 12  1.631609e-02
 13  1.354064e-02
 14  1.118802e-02
 15  9.238062e-03
 16  7.736257e-03
 17  6.674945e-03
 18  5.835801e-03
 19  5.214307e-03
 20  4.741355e-03
 21  4.327297e-03
 22  3.965355e-03
 23  3.748246e-03
 24  3.479816e-03
 25  3.264454e-03
 26  3.051043e-03
 27  2.818372e-03
 28  2.533027e-03
 29  2.166249e-03
 30  1.810876e-03
 31  1.481593e-03
 32  1.155772e-03
 33  9.381959e-04
 Iteration CPU time: 8 s
 CFIE residual: 0.000938196

 Iseg, Irank, Idinc : 1, 31, 3
 Thata, Phi : 90.000000, 2.000000
 Maximun iteration: 300
 Number of recycle truncation: 30
 Final matrix dimension:  36708
 Residual error:0.001000
 0  5.104151e-01
 1  2.680337e-01
 2  1.734686e-01
 3  1.209228e-01
 4  8.586883e-02
 5  6.464656e-02
 6  5.006730e-02
 7  3.796254e-02
 8  2.879151e-02
 9  2.282634e-02
 10  1.751393e-02
 11  1.402470e-02
 12  1.128592e-02
 13  8.923383e-03
 14  7.298186e-03
 15  5.868291e-03
 16  4.835154e-03
 17  4.019808e-03
 18  3.375299e-03
 19  2.926969e-03
 20  2.561318e-03
 21  2.254754e-03
 22  1.947934e-03
 23  1.690487e-03
 24  1.509231e-03
 25  1.365946e-03
 26  1.238069e-03
 27  1.155127e-03
 28  1.083236e-03
 29  1.014416e-03
 30  9.377025e-04
 Iteration CPU time: 7 s
 CFIE residual: 0.000937702

 Iseg, Irank, Idinc : 1, 32, 48
 Thata, Phi : 90.000000, 47.000000
 Maximun iteration: 300
 Number of recycle truncation: 30
 Final matrix dimension:  36708
 Residual error:0.001000
 0  6.370562e-01
 1  3.267131e-01
 2  2.038119e-01
 3  1.337826e-01
 4  9.522484e-02
 5  7.137635e-02
 6  5.346043e-02
 7  4.115588e-02
 8  3.152710e-02
 9  2.430933e-02
 10  1.881271e-02
 11  1.444392e-02
 12  1.152493e-02
 13  9.377151e-03
 14  7.800099e-03
 15  6.565342e-03
 16  5.685267e-03
 17  5.000189e-03
 18  4.538548e-03
 19  4.171902e-03
 20  3.780284e-03
 21  3.494694e-03
 22  3.267079e-03
 23  3.042639e-03
 24  2.800763e-03
 25  2.561647e-03
 26  2.302269e-03
 27  1.997891e-03
 28  1.722290e-03
 29  1.424500e-03
 30  1.165231e-03
 31  9.439383e-04
 Iteration CPU time: 7 s
 CFIE residual: 0.000943938

 Iseg, Irank, Idinc : 1, 33, 163
 Thata, Phi : 90.000000, 162.000000
 Maximun iteration: 300
 Number of recycle truncation: 30
 Final matrix dimension:  36708
 Residual error:0.001000
 0  5.955173e-01
 1  3.063933e-01
 2  1.879822e-01
 3  1.306730e-01
 4  1.011740e-01
 5  8.082316e-02
 6  6.599028e-02
 7  5.306851e-02
 8  4.476483e-02
 9  3.826942e-02
 10  3.249332e-02
 11  2.691699e-02
 12  2.245148e-02
 13  1.805892e-02
 14  1.476287e-02
 15  1.216172e-02
 16  9.975902e-03
 17  8.185085e-03
 18  6.496306e-03
 19  5.365662e-03
 20  4.341440e-03
 21  3.542530e-03
 22  3.007881e-03
 23  2.542141e-03
 24  2.168943e-03
 25  1.860617e-03
 26  1.636182e-03
 27  1.484041e-03
 28  1.372935e-03
 29  1.288234e-03
 30  1.221986e-03
 31  1.155685e-03
 32  1.079220e-03
 33  9.825634e-04
 Iteration CPU time: 8 s
 CFIE residual: 0.000982563

 Iseg, Irank, Idinc : 1, 34, 27
 Thata, Phi : 90.000000, 26.000000
 Maximun iteration: 300
 Number of recycle truncation: 30
 Final matrix dimension:  36708
 Residual error:0.001000
 0  6.338878e-01
 1  2.981595e-01
 2  1.681662e-01
 3  1.100913e-01
 4  7.724956e-02
 5  5.684797e-02
 6  4.227262e-02
 7  3.190083e-02
 8  2.503359e-02
 9  2.070023e-02
 10  1.657992e-02
 11  1.311309e-02
 12  1.034910e-02
 13  8.834753e-03
 14  7.152843e-03
 15  6.005453e-03
 16  5.072535e-03
 17  4.259487e-03
 18  3.596708e-03
 19  3.099992e-03
 20  2.681492e-03
 21  2.342412e-03
 22  2.113212e-03
 23  1.944498e-03
 24  1.822930e-03
 25  1.700925e-03
 26  1.590792e-03
 27  1.492646e-03
 28  1.392691e-03
 29  1.288970e-03
 30  1.175456e-03
 31  1.053721e-03
 32  9.376978e-04
 Iteration CPU time: 8 s
 CFIE residual: 0.000937698

 Iseg, Irank, Idinc : 1, 35, 180
 Thata, Phi : 90.000000, 179.000000
 Maximun iteration: 300
 Number of recycle truncation: 30
 Final matrix dimension:  36708
 Residual error:0.001000
 0  5.627566e-01
 1  2.990422e-01
 2  1.904849e-01
 3  1.339087e-01
 4  1.048207e-01
 5  8.009493e-02
 6  6.479311e-02
 7  5.410384e-02
 8  4.412202e-02
 9  3.429770e-02
 10  2.682596e-02
 11  2.126196e-02
 12  1.662740e-02
 13  1.300870e-02
 14  1.042835e-02
 15  8.106456e-03
 16  6.258345e-03
 17  5.105380e-03
 18  4.202588e-03
 19  3.387389e-03
 20  2.694936e-03
 21  2.258243e-03
 22  1.929968e-03
 23  1.662249e-03
 24  1.430342e-03
 25  1.237320e-03
 26  1.085589e-03
 27  9.610105e-04
 Iteration CPU time: 6 s
 CFIE residual: 0.00096101

 Iseg, Irank, Idinc : 1, 36, 69
 Thata, Phi : 90.000000, 68.000000
 Maximun iteration: 300
 Number of recycle truncation: 30
 Final matrix dimension:  36708
 Residual error:0.001000
 0  6.541739e-01
 1  3.655847e-01
 2  2.326844e-01
 3  1.497189e-01
 4  1.075707e-01
 5  8.174166e-02
 6  6.264660e-02
 7  4.896468e-02
 8  4.013570e-02
 9  3.264665e-02
 10  2.552945e-02
 11  1.990091e-02
 12  1.589259e-02
 13  1.324717e-02
 14  1.122944e-02
 15  9.577537e-03
 16  8.442505e-03
 17  7.589924e-03
 18  6.913839e-03
 19  6.291057e-03
 20  5.781856e-03
 21  5.343162e-03
 22  5.013155e-03
 23  4.708786e-03
 24  4.348311e-03
 25  3.953039e-03
 26  3.506455e-03
 27  3.054967e-03
 28  2.587761e-03
 29  2.146436e-03
 30  1.707009e-03
 31  1.353950e-03
 32  1.083840e-03
 33  8.481195e-04
 Iteration CPU time: 8 s
 CFIE residual: 0.000848119

 Iseg, Irank, Idinc : 1, 37, 113
 Thata, Phi : 90.000000, 112.000000
 Maximun iteration: 300
 Number of recycle truncation: 30
 Final matrix dimension:  36708
 Residual error:0.001000
 0  6.405307e-01
 1  3.521866e-01
 2  2.207532e-01
 3  1.540653e-01
 4  1.090276e-01
 5  8.111105e-02
 6  6.158727e-02
 7  4.754768e-02
 8  3.798824e-02
 9  2.991483e-02
 10  2.313350e-02
 11  1.811230e-02
 12  1.505839e-02
 13  1.248982e-02
 14  1.027396e-02
 15  8.461533e-03
 16  7.074239e-03
 17  5.997163e-03
 18  5.127001e-03
 19  4.412799e-03
 20  3.930464e-03
 21  3.473082e-03
 22  3.163825e-03
 23  2.894408e-03
 24  2.693612e-03
 25  2.514703e-03
 26  2.333429e-03
 27  2.157341e-03
 28  1.984434e-03
 29  1.771479e-03
 30  1.554830e-03
 31  1.296390e-03
 32  1.029078e-03
 33  8.023685e-04
 Iteration CPU time: 8 s
 CFIE residual: 0.000802369

 Iseg, Irank, Idinc : 1, 38, 138
 Thata, Phi : 90.000000, 137.000000
 Maximun iteration: 300
 Number of recycle truncation: 30
 Final matrix dimension:  36708
 Residual error:0.001000
 0  6.984971e-01
 1  3.555580e-01
 2  2.195971e-01
 3  1.506457e-01
 4  1.097814e-01
 5  8.290079e-02
 6  6.314484e-02
 7  4.963466e-02
 8  4.053819e-02
 9  3.250240e-02
 10  2.644836e-02
 11  2.190550e-02
 12  1.767437e-02
 13  1.427188e-02
 14  1.129806e-02
 15  9.180313e-03
 16  7.531855e-03
 17  6.213651e-03
 18  5.146690e-03
 19  4.357361e-03
 20  3.722598e-03
 21  3.302082e-03
 22  2.975312e-03
 23  2.697288e-03
 24  2.505494e-03
 25  2.348936e-03
 26  2.202551e-03
 27  2.059476e-03
 28  1.932465e-03
 29  1.796273e-03
 30  1.634507e-03
 31  1.441520e-03
 32  1.255228e-03
 33  1.080557e-03
 34  9.217348e-04
 Iteration CPU time: 7 s
 CFIE residual: 0.000921735

 Iseg, Irank, Idinc : 1, 39, 14
 Thata, Phi : 90.000000, 13.000000
 Maximun iteration: 300
 Number of recycle truncation: 30
 Final matrix dimension:  36708
 Residual error:0.001000
 0  5.622819e-01
 1  2.795473e-01
 2  1.720039e-01
 3  1.216146e-01
 4  8.653927e-02
 5  6.497787e-02
 6  5.078975e-02
 7  3.928742e-02
 8  3.057379e-02
 9  2.412112e-02
 10  1.906546e-02
 11  1.494343e-02
 12  1.150561e-02
 13  9.219040e-03
 14  7.462325e-03
 15  6.207002e-03
 16  5.123486e-03
 17  4.291696e-03
 18  3.631100e-03
 19  3.105125e-03
 20  2.629807e-03
 21  2.305348e-03
 22  2.004007e-03
 23  1.782289e-03
 24  1.637436e-03
 25  1.516630e-03
 26  1.415295e-03
 27  1.319582e-03
 28  1.253124e-03
 29  1.182698e-03
 30  1.110975e-03
 31  1.028774e-03
 32  9.468142e-04
 Iteration CPU time: 7 s
 CFIE residual: 0.000946814

 Iseg, Irank, Idinc : 1, 40, 175
 Thata, Phi : 90.000000, 174.000000
 Maximun iteration: 300
 Number of recycle truncation: 30
 Final matrix dimension:  36708
 Residual error:0.001000
 0  5.664823e-01
 1  2.992470e-01
 2  1.906016e-01
 3  1.345252e-01
 4  1.057918e-01
 5  8.203034e-02
 6  6.666609e-02
 7  5.543782e-02
 8  4.577361e-02
 9  3.631446e-02
 10  2.903965e-02
 11  2.376875e-02
 12  1.968761e-02
 13  1.557616e-02
 14  1.287962e-02
 15  1.036355e-02
 16  8.587925e-03
 17  6.928446e-03
 18  5.505933e-03
 19  4.501662e-03
 20  3.607268e-03
 21  2.948702e-03
 22  2.494381e-03
 23  2.147495e-03
 24  1.813440e-03
 25  1.532668e-03
 26  1.313204e-03
 27  1.144921e-03
 28  1.031056e-03
 29  9.531043e-04
 Iteration CPU time: 7 s
 CFIE residual: 0.000953104
 Last Built End in Sep 21 2025 00:06:12
 Total CPU time: 318 s
 Finished.
