 Last Built Begin in Sep 21 2025 00:06:12
 Pre-Type( Input ):           10
 Skl-Tol ( Input ):    1.0000000000000001E-005
 Wavelength in freespace: 0.03003

 ################################################
 ##         Generating Required Mesh          ##
 ##         Waiting.....                      ##
 ################################################
 Subd No.      Subd Name
    1    Open-Duct_PRIME_model_meshAA1                                     
 isub,  nnode, npatch,  nedge:
    1      6118     12236     18354
 Scale Factor         >>   1.54999997E-02
 ################################################

 START TIME: 20250922   050823.234


 Informaton for IE geometry:
 number of subdomains     : 1
 maxnode,maxpatch,maxedge : 6118  12236  18354
 
 Index of Mat-Reg: 1
 Mat-Reg Number via MatFlg: 1
 Edge Number of Mat-Reg: 1, 18354

 Number of Edge on PEC: 18354
 Mat-Reg: No Dim(m) Lmax:
    1 0.239    5
 Totlmax, add1, add2:           5           6           7
 rlengmax of Global MLFMA >>   0.23876356235799373     
 Lmax of Global MLFMA >>            5
 Wavenum of Mat-Reg:
    1 1.000

 total area in sq m           =      0.0510
 total area in sq lambda      =     56.5201
 maxnode, maxpatch, maxedge           =     6118    12236    18354
 longest  edge in lambda              =      0.1554
 shortest edge in lambda              =      0.0074
 average  edge in lambda              =      0.1038
 largest  patch area in sq lambda     =      0.0082
 smallest patch area in sq lambda     =      0.0000
 ave    surface area in sq lambda     =      0.0046
 size range of the object in sq lambda =      7.6404

 #### MLFMA Info For Each Region ####
 Mat-Region =            1
 Array dimension parameters:
 maxrule=          14   maxgrid  =          64
 lmax   =           5   ncmax    =        1250
 lsmax  =          27   lsmin    =           7
 kpm    =        1462   kp0      =         102
 ntlm   =      217096   nsm      =      232158
 nkpm   =        2284   niplm    =      146176
 ngnearm=       14257   ngsndm   =       64634
 nearm  =         333   mfinestm =         119
 ###############################

 CFIE Alpha:  0.50000000000000000     

 Fill MLFMA FI for Mat-Reg:           1
 Begin filltl.f
 fill translation matrix
 Level:            2
 fill shifting matrix
 Level:            3
 fill shifting matrix
 Level:            4
 fill shifting matrix
 Level:            5
 fill shifting matrix
 translator time(s):  0.124000005    
 fill interpolation matrix
 ThetaOrder            8
 PhiOrder            8
 lsl            7
 Filling TL                  Delta_CPU=          0.55 Memory(MB)=        653.98
 Filling sndgrp              Delta_CPU=          0.00 Memory(MB)=        653.98
 Filling VFS                 Delta_CPU=          3.10 Memory(MB)=        653.98

 Fill MLFMA NI for Mat-Reg:           1
 Begin fill sparser part of Nearfield
 Begin fill denser part of Nearfield
 End fill
 Filling Amn                 Delta_CPU=         90.75 Memory(MB)=        653.98


 Now testing preconditioner with
 ipretype =           10
 method = cfie_solve_nfrasspspre_pardiso

  
 NBP>>Begin fill sparser part of Nearfield

116.2331% NBP>>Begin fill denser part of Nearfield

200.1041%
 Begin MLFMA Box-Matrix Based Spar-RAS Prec Constructor
 --- Intel MKL PARDISO --- 
 Memory for iGroup: 1 0 MB
 Total Memory For SparRAS Pre: 0 MB
 --- PARDISO PRECONDITIONER INITIALIZED --- 
 Constructing preconditioner CPU time: 4 s
 
 1101240
 Memory for Iteration:: 16.8036 MB

 Iseg, Ninc_S : 1, 181, 0

 Iseg, Skeleton Angles: 1, 40
 Iseg, Skel-Pk Mem(MB): 1, 314.35

 Iseg, Irank, Idinc : 1, 1, 42
 Thata, Phi : 90.000000, 41.000000
 Maximun iteration: 300
 Number of recycle truncation: 30
 Final matrix dimension:  36708
 Residual error:0.001000
 0  6.292764e-01
 1  3.152425e-01
 2  1.992929e-01
 3  1.287586e-01
 4  8.806265e-02
 5  6.472974e-02
 6  4.782740e-02
 7  3.675187e-02
 8  2.805458e-02
 9  2.099514e-02
 10  1.600280e-02
 11  1.245701e-02
 12  9.917009e-03
 13  8.121029e-03
 14  6.564784e-03
 15  5.169745e-03
 16  4.171227e-03
 17  3.467556e-03
 18  2.929763e-03
 19  2.524794e-03
 20  2.172926e-03
 21  1.894664e-03
 22  1.708493e-03
 23  1.574157e-03
 24  1.474732e-03
 25  1.405532e-03
 26  1.343924e-03
 27  1.295818e-03
 28  1.249676e-03
 29  1.200072e-03
 30  1.146972e-03
 31  1.093259e-03
 32  1.027209e-03
 33  9.553835e-04
 Iteration CPU time: 8 s
 CFIE residual: 0.000955384

 Iseg, Irank, Idinc : 1, 2, 22
 Thata, Phi : 90.000000, 21.000000
 Maximun iteration: 300
 Number of recycle truncation: 30
 Final matrix dimension:  36708
 Residual error:0.001000
 0  6.201447e-01
 1  2.923371e-01
 2  1.686477e-01
 3  1.139579e-01
 4  7.961824e-02
 5  5.902681e-02
 6  4.499530e-02
 7  3.477314e-02
 8  2.773400e-02
 9  2.234337e-02
 10  1.768964e-02
 11  1.385312e-02
 12  1.113055e-02
 13  8.991952e-03
 14  7.560211e-03
 15  6.212697e-03
 16  5.057507e-03
 17  4.186997e-03
 18  3.460162e-03
 19  2.957401e-03
 20  2.453103e-03
 21  2.031367e-03
 22  1.675545e-03
 23  1.450910e-03
 24  1.270865e-03
 25  1.134458e-03
 26  1.026049e-03
 27  9.471488e-04
 Iteration CPU time: 6 s
 CFIE residual: 0.000947149

 Iseg, Irank, Idinc : 1, 3, 109
 Thata, Phi : 90.000000, 108.000000
 Maximun iteration: 300
 Number of recycle truncation: 30
 Final matrix dimension:  36708
 Residual error:0.001000
 0  6.254320e-01
 1  3.533240e-01
 2  2.206781e-01
 3  1.521697e-01
 4  1.064785e-01
 5  8.032608e-02
 6  6.155186e-02
 7  4.761675e-02
 8  3.837864e-02
 9  3.049264e-02
 10  2.359630e-02
 11  1.865267e-02
 12  1.549562e-02
 13  1.258301e-02
 14  1.023130e-02
 15  8.328820e-03
 16  6.837478e-03
 17  5.645086e-03
 18  4.595142e-03
 19  3.826315e-03
 20  3.263846e-03
 21  2.703492e-03
 22  2.295458e-03
 23  2.035309e-03
 24  1.795722e-03
 25  1.646623e-03
 26  1.535087e-03
 27  1.456059e-03
 28  1.395143e-03
 29  1.343965e-03
 30  1.294662e-03
 31  1.236487e-03
 32  1.184099e-03
 33  1.111695e-03
 34  1.025056e-03
 35  9.122437e-04
 Iteration CPU time: 8 s
 CFIE residual: 0.000912244

 Iseg, Irank, Idinc : 1, 4, 64
 Thata, Phi : 90.000000, 63.000000
 Maximun iteration: 300
 Number of recycle truncation: 30
 Final matrix dimension:  36708
 Residual error:0.001000
 0  6.603925e-01
 1  3.581890e-01
 2  2.234095e-01
 3  1.435515e-01
 4  1.026663e-01
 5  7.851372e-02
 6  5.921036e-02
 7  4.584543e-02
 8  3.724952e-02
 9  2.922986e-02
 10  2.270394e-02
 11  1.744609e-02
 12  1.363759e-02
 13  1.098907e-02
 14  8.874568e-03
 15  7.161989e-03
 16  6.019893e-03
 17  5.151533e-03
 18  4.415843e-03
 19  3.829215e-03
 20  3.365743e-03
 21  3.032335e-03
 22  2.785017e-03
 23  2.629006e-03
 24  2.518088e-03
 25  2.422935e-03
 26  2.322086e-03
 27  2.238283e-03
 28  2.148575e-03
 29  2.027897e-03
 30  1.878031e-03
 31  1.707298e-03
 32  1.551880e-03
 33  1.377610e-03
 34  1.193262e-03
 35  1.008911e-03
 36  8.301235e-04
 Iteration CPU time: 9 s
 CFIE residual: 0.000830123

 Iseg, Irank, Idinc : 1, 5, 147
 Thata, Phi : 90.000000, 146.000000
 Maximun iteration: 300
 Number of recycle truncation: 30
 Final matrix dimension:  36708
 Residual error:0.001000
 0  6.538026e-01
 1  3.448815e-01
 2  2.095582e-01
 3  1.416717e-01
 4  1.030033e-01
 5  7.820743e-02
 6  6.182592e-02
 7  4.801058e-02
 8  4.013060e-02
 9  3.444533e-02
 10  2.901432e-02
 11  2.445385e-02
 12  2.030865e-02
 13  1.655338e-02
 14  1.347469e-02
 15  1.084223e-02
 16  8.802787e-03
 17  7.217725e-03
 18  5.875962e-03
 19  4.768086e-03
 20  3.777373e-03
 21  3.070792e-03
 22  2.523601e-03
 23  2.117781e-03
 24  1.795133e-03
 25  1.514330e-03
 26  1.298158e-03
 27  1.164392e-03
 28  1.065624e-03
 29  9.955580e-04
 Iteration CPU time: 7 s
 CFIE residual: 0.000995558

 Iseg, Irank, Idinc : 1, 6, 136
 Thata, Phi : 90.000000, 135.000000
 Maximun iteration: 300
 Number of recycle truncation: 30
 Final matrix dimension:  36708
 Residual error:0.001000
 0  6.992798e-01
 1  3.549603e-01
 2  2.216505e-01
 3  1.503894e-01
 4  1.092642e-01
 5  8.224271e-02
 6  6.280038e-02
 7  4.931363e-02
 8  3.949494e-02
 9  3.155651e-02
 10  2.590163e-02
 11  2.081888e-02
 12  1.685946e-02
 13  1.371938e-02
 14  1.092678e-02
 15  8.922028e-03
 16  7.265661e-03
 17  5.801364e-03
 18  4.828006e-03
 19  3.887643e-03
 20  3.238037e-03
 21  2.724125e-03
 22  2.325102e-03
 23  2.041407e-03
 24  1.812915e-03
 25  1.651264e-03
 26  1.502636e-03
 27  1.392386e-03
 28  1.310200e-03
 29  1.238493e-03
 30  1.181199e-03
 31  1.136554e-03
 32  1.082205e-03
 33  1.035030e-03
 34  9.933594e-04
 Iteration CPU time: 7 s
 CFIE residual: 0.000993359

 Iseg, Irank, Idinc : 1, 7, 87
 Thata, Phi : 90.000000, 86.000000
 Maximun iteration: 300
 Number of recycle truncation: 30
 Final matrix dimension:  36708
 Residual error:0.001000
 0  6.135472e-01
 1  3.486574e-01
 2  2.240583e-01
 3  1.532546e-01
 4  1.104353e-01
 5  8.468902e-02
 6  6.506766e-02
 7  5.126012e-02
 8  4.155934e-02
 9  3.358888e-02
 10  2.615647e-02
 11  2.016730e-02
 12  1.642923e-02
 13  1.352217e-02
 14  1.096689e-02
 15  8.900485e-03
 16  7.196218e-03
 17  6.016220e-03
 18  5.068038e-03
 19  4.345941e-03
 20  3.851555e-03
 21  3.452253e-03
 22  3.158911e-03
 23  2.916644e-03
 24  2.734690e-03
 25  2.598049e-03
 26  2.482900e-03
 27  2.362955e-03
 28  2.285727e-03
 29  2.195928e-03
 30  2.092270e-03
 31  1.976146e-03
 32  1.835208e-03
 33  1.698167e-03
 34  1.526766e-03
 35  1.348418e-03
 36  1.140953e-03
 37  9.565078e-04
 Iteration CPU time: 8 s
 CFIE residual: 0.000956508

 Iseg, Irank, Idinc : 1, 8, 74
 Thata, Phi : 90.000000, 73.000000
 Maximun iteration: 300
 Number of recycle truncation: 30
 Final matrix dimension:  36708
 Residual error:0.001000
 0  6.361426e-01
 1  3.632482e-01
 2  2.360961e-01
 3  1.479143e-01
 4  1.032203e-01
 5  7.863373e-02
 6  6.177249e-02
 7  4.736842e-02
 8  3.814127e-02
 9  3.052176e-02
 10  2.396895e-02
 11  1.911254e-02
 12  1.557839e-02
 13  1.266268e-02
 14  1.043013e-02
 15  8.478893e-03
 16  7.016400e-03
 17  5.972093e-03
 18  5.138939e-03
 19  4.503128e-03
 20  3.944355e-03
 21  3.522198e-03
 22  3.220311e-03
 23  3.000446e-03
 24  2.851073e-03
 25  2.728375e-03
 26  2.617679e-03
 27  2.497317e-03
 28  2.402527e-03
 29  2.308967e-03
 30  2.195697e-03
 31  2.045644e-03
 32  1.888754e-03
 33  1.688417e-03
 34  1.472812e-03
 35  1.259963e-03
 36  1.025777e-03
 37  8.203754e-04
 Iteration CPU time: 9 s
 CFIE residual: 0.000820375

 Iseg, Irank, Idinc : 1, 9, 159
 Thata, Phi : 90.000000, 158.000000
 Maximun iteration: 300
 Number of recycle truncation: 30
 Final matrix dimension:  36708
 Residual error:0.001000
 0  6.140912e-01
 1  3.141337e-01
 2  1.916523e-01
 3  1.294814e-01
 4  9.869857e-02
 5  7.829791e-02
 6  6.316249e-02
 7  5.093019e-02
 8  4.346864e-02
 9  3.725417e-02
 10  3.146231e-02
 11  2.602466e-02
 12  2.226284e-02
 13  1.823430e-02
 14  1.483445e-02
 15  1.211524e-02
 16  9.958243e-03
 17  8.080685e-03
 18  6.706879e-03
 19  5.281461e-03
 20  4.286476e-03
 21  3.488621e-03
 22  2.907153e-03
 23  2.375535e-03
 24  1.966288e-03
 25  1.629817e-03
 26  1.401941e-03
 27  1.203445e-03
 28  1.087718e-03
 29  1.001253e-03
 30  9.484944e-04
 Iteration CPU time: 7 s
 CFIE residual: 0.000948494

 Iseg, Irank, Idinc : 1, 10, 123
 Thata, Phi : 90.000000, 122.000000
 Maximun iteration: 300
 Number of recycle truncation: 30
 Final matrix dimension:  36708
 Residual error:0.001000
 0  6.516303e-01
 1  3.412590e-01
 2  2.231048e-01
 3  1.562190e-01
 4  1.115284e-01
 5  8.291939e-02
 6  6.485302e-02
 7  5.051965e-02
 8  3.913116e-02
 9  3.065620e-02
 10  2.454744e-02
 11  1.935697e-02
 12  1.536154e-02
 13  1.224890e-02
 14  1.008174e-02
 15  8.301676e-03
 16  7.014030e-03
 17  5.855526e-03
 18  4.770561e-03
 19  4.139273e-03
 20  3.539412e-03
 21  3.026039e-03
 22  2.632242e-03
 23  2.367316e-03
 24  2.127879e-03
 25  1.938486e-03
 26  1.778362e-03
 27  1.674078e-03
 28  1.591265e-03
 29  1.521549e-03
 30  1.470252e-03
 31  1.413184e-03
 32  1.353258e-03
 33  1.295988e-03
 34  1.232348e-03
 35  1.157821e-03
 36  1.075344e-03
 37  9.695394e-04
 Iteration CPU time: 8 s
 CFIE residual: 0.000969539

 Iseg, Irank, Idinc : 1, 11, 53
 Thata, Phi : 90.000000, 52.000000
 Maximun iteration: 300
 Number of recycle truncation: 30
 Final matrix dimension:  36708
 Residual error:0.001000
 0  6.512079e-01
 1  3.404495e-01
 2  2.088849e-01
 3  1.345988e-01
 4  9.628488e-02
 5  7.189505e-02
 6  5.485005e-02
 7  4.286726e-02
 8  3.270541e-02
 9  2.449764e-02
 10  1.898092e-02
 11  1.459341e-02
 12  1.149351e-02
 13  9.150297e-03
 14  7.546663e-03
 15  6.242823e-03
 16  5.083828e-03
 17  4.151067e-03
 18  3.481981e-03
 19  2.982051e-03
 20  2.620857e-03
 21  2.355028e-03
 22  2.179682e-03
 23  2.047504e-03
 24  1.962066e-03
 25  1.892951e-03
 26  1.815625e-03
 27  1.732272e-03
 28  1.646664e-03
 29  1.571166e-03
 30  1.486452e-03
 31  1.378240e-03
 32  1.252292e-03
 33  1.136623e-03
 34  1.011507e-03
 35  8.866025e-04
 Iteration CPU time: 8 s
 CFIE residual: 0.000886603

 Iseg, Irank, Idinc : 1, 12, 32
 Thata, Phi : 90.000000, 31.000000
 Maximun iteration: 300
 Number of recycle truncation: 30
 Final matrix dimension:  36708
 Residual error:0.001000
 0  6.321946e-01
 1  3.059489e-01
 2  1.805512e-01
 3  1.135861e-01
 4  7.996293e-02
 5  5.887122e-02
 6  4.292394e-02
 7  3.241059e-02
 8  2.562426e-02
 9  2.029902e-02
 10  1.614939e-02
 11  1.293211e-02
 12  1.044572e-02
 13  8.407113e-03
 14  6.819889e-03
 15  5.493850e-03
 16  4.505252e-03
 17  3.717244e-03
 18  3.093615e-03
 19  2.651311e-03
 20  2.238210e-03
 21  1.889491e-03
 22  1.625549e-03
 23  1.435334e-03
 24  1.295821e-03
 25  1.177842e-03
 26  1.082754e-03
 27  1.015636e-03
 28  9.674338e-04
 Iteration CPU time: 7 s
 CFIE residual: 0.000967434

 Iseg, Irank, Idinc : 1, 13, 10
 Thata, Phi : 90.000000, 9.000000
 Maximun iteration: 300
 Number of recycle truncation: 30
 Final matrix dimension:  36708
 Residual error:0.001000
 0  5.432409e-01
 1  2.759201e-01
 2  1.743608e-01
 3  1.234485e-01
 4  8.881924e-02
 5  6.630115e-02
 6  5.126804e-02
 7  3.956620e-02
 8  3.104804e-02
 9  2.431283e-02
 10  1.867027e-02
 11  1.483410e-02
 12  1.193678e-02
 13  9.793030e-03
 14  7.811258e-03
 15  6.182181e-03
 16  5.016770e-03
 17  4.235382e-03
 18  3.549233e-03
 19  3.042189e-03
 20  2.568168e-03
 21  2.194092e-03
 22  1.831048e-03
 23  1.590944e-03
 24  1.365790e-03
 25  1.205808e-03
 26  1.064463e-03
 27  9.644610e-04
 Iteration CPU time: 6 s
 CFIE residual: 0.000964461

 Iseg, Irank, Idinc : 1, 14, 178
 Thata, Phi : 90.000000, 177.000000
 Maximun iteration: 300
 Number of recycle truncation: 30
 Final matrix dimension:  36708
 Residual error:0.001000
 0  5.708804e-01
 1  2.990195e-01
 2  1.893387e-01
 3  1.330462e-01
 4  1.038642e-01
 5  8.059661e-02
 6  6.470781e-02
 7  5.492310e-02
 8  4.509098e-02
 9  3.555478e-02
 10  2.807767e-02
 11  2.285865e-02
 12  1.868514e-02
 13  1.506040e-02
 14  1.230469e-02
 15  9.612552e-03
 16  7.713331e-03
 17  6.157711e-03
 18  5.010109e-03
 19  4.099141e-03
 20  3.356937e-03
 21  2.778324e-03
 22  2.286100e-03
 23  1.917416e-03
 24  1.627636e-03
 25  1.343667e-03
 26  1.095429e-03
 27  9.025454e-04
 Iteration CPU time: 7 s
 CFIE residual: 0.000902545

 Iseg, Irank, Idinc : 1, 15, 96
 Thata, Phi : 90.000000, 95.000000
 Maximun iteration: 300
 Number of recycle truncation: 30
 Final matrix dimension:  36708
 Residual error:0.001000
 0  6.100164e-01
 1  3.475704e-01
 2  2.192124e-01
 3  1.461514e-01
 4  1.048281e-01
 5  8.027655e-02
 6  6.203359e-02
 7  4.961428e-02
 8  3.932480e-02
 9  3.116314e-02
 10  2.508932e-02
 11  2.000320e-02
 12  1.653111e-02
 13  1.358654e-02
 14  1.096611e-02
 15  9.066808e-03
 16  7.327705e-03
 17  6.121931e-03
 18  5.058502e-03
 19  4.257492e-03
 20  3.651905e-03
 21  3.147377e-03
 22  2.820798e-03
 23  2.556310e-03
 24  2.363199e-03
 25  2.211875e-03
 26  2.110124e-03
 27  2.025749e-03
 28  1.954643e-03
 29  1.885192e-03
 30  1.804339e-03
 31  1.707883e-03
 32  1.616637e-03
 33  1.498192e-03
 34  1.370536e-03
 35  1.230481e-03
 36  1.081300e-03
 37  9.251760e-04
 Iteration CPU time: 8 s
 CFIE residual: 0.000925176

 Iseg, Irank, Idinc : 1, 16, 116
 Thata, Phi : 90.000000, 115.000000
 Maximun iteration: 300
 Number of recycle truncation: 30
 Final matrix dimension:  36708
 Residual error:0.001000
 0  6.442103e-01
 1  3.477891e-01
 2  2.181332e-01
 3  1.527525e-01
 4  1.089667e-01
 5  7.991378e-02
 6  6.121057e-02
 7  4.764630e-02
 8  3.838157e-02
 9  2.983900e-02
 10  2.333996e-02
 11  1.828736e-02
 12  1.479843e-02
 13  1.219345e-02
 14  9.755151e-03
 15  7.985249e-03
 16  6.650618e-03
 17  5.482698e-03
 18  4.509877e-03
 19  3.881131e-03
 20  3.292186e-03
 21  2.811182e-03
 22  2.429244e-03
 23  2.155808e-03
 24  1.912086e-03
 25  1.743378e-03
 26  1.618213e-03
 27  1.529534e-03
 28  1.466094e-03
 29  1.404371e-03
 30  1.355552e-03
 31  1.307486e-03
 32  1.247479e-03
 33  1.170859e-03
 34  1.088239e-03
 35  9.825781e-04
 Iteration CPU time: 8 s
 CFIE residual: 0.000982578

 Iseg, Irank, Idinc : 1, 17, 80
 Thata, Phi : 90.000000, 79.000000
 Maximun iteration: 300
 Number of recycle truncation: 30
 Final matrix dimension:  36708
 Residual error:0.001000
 0  6.195809e-01
 1  3.544253e-01
 2  2.289086e-01
 3  1.485691e-01
 4  1.072840e-01
 5  8.211513e-02
 6  6.338434e-02
 7  4.986423e-02
 8  3.959453e-02
 9  3.233316e-02
 10  2.502933e-02
 11  1.919642e-02
 12  1.540949e-02
 13  1.274553e-02
 14  1.043285e-02
 15  8.689187e-03
 16  7.295937e-03
 17  6.027009e-03
 18  5.105107e-03
 19  4.409507e-03
 20  3.871719e-03
 21  3.479274e-03
 22  3.189677e-03
 23  2.975403e-03
 24  2.816371e-03
 25  2.681929e-03
 26  2.562276e-03
 27  2.442184e-03
 28  2.367298e-03
 29  2.283336e-03
 30  2.187396e-03
 31  2.056599e-03
 32  1.924838e-03
 33  1.759391e-03
 34  1.572336e-03
 35  1.380712e-03
 36  1.167176e-03
 37  9.801109e-04
 Iteration CPU time: 8 s
 CFIE residual: 0.000980111

 Iseg, Irank, Idinc : 1, 18, 1
 Thata, Phi : 90.000000, 0.000000
 Maximun iteration: 300
 Number of recycle truncation: 30
 Final matrix dimension:  36708
 Residual error:0.001000
 0  5.139773e-01
 1  2.694141e-01
 2  1.746446e-01
 3  1.215716e-01
 4  8.606262e-02
 5  6.549349e-02
 6  5.132710e-02
 7  3.836263e-02
 8  2.904625e-02
 9  2.319261e-02
 10  1.775032e-02
 11  1.448828e-02
 12  1.145496e-02
 13  8.987200e-03
 14  7.184069e-03
 15  5.729210e-03
 16  4.670666e-03
 17  3.869246e-03
 18  3.232794e-03
 19  2.764689e-03
 20  2.361133e-03
 21  2.018368e-03
 22  1.721570e-03
 23  1.432198e-03
 24  1.170798e-03
 25  9.708008e-04
 Iteration CPU time: 6 s
 CFIE residual: 0.000970801

 Iseg, Irank, Idinc : 1, 19, 167
 Thata, Phi : 90.000000, 166.000000
 Maximun iteration: 300
 Number of recycle truncation: 30
 Final matrix dimension:  36708
 Residual error:0.001000
 0  5.854889e-01
 1  3.016852e-01
 2  1.878618e-01
 3  1.318716e-01
 4  1.031191e-01
 5  8.119844e-02
 6  6.673642e-02
 7  5.474021e-02
 8  4.562488e-02
 9  3.813890e-02
 10  3.242211e-02
 11  2.732438e-02
 12  2.306943e-02
 13  1.891005e-02
 14  1.585225e-02
 15  1.294192e-02
 16  1.065746e-02
 17  8.611650e-03
 18  6.910655e-03
 19  5.641637e-03
 20  4.568880e-03
 21  3.655765e-03
 22  3.016236e-03
 23  2.511009e-03
 24  2.034053e-03
 25  1.636942e-03
 26  1.350106e-03
 27  1.114844e-03
 28  9.539911e-04
 Iteration CPU time: 7 s
 CFIE residual: 0.000953991

 Iseg, Irank, Idinc : 1, 20, 102
 Thata, Phi : 90.000000, 101.000000
 Maximun iteration: 300
 Number of recycle truncation: 30
 Final matrix dimension:  36708
 Residual error:0.001000
 0  6.114584e-01
 1  3.480843e-01
 2  2.180318e-01
 3  1.482695e-01
 4  1.044175e-01
 5  7.845752e-02
 6  6.029392e-02
 7  4.737027e-02
 8  3.760204e-02
 9  3.071156e-02
 10  2.500305e-02
 11  2.002462e-02
 12  1.611776e-02
 13  1.329059e-02
 14  1.087581e-02
 15  8.784553e-03
 16  7.237697e-03
 17  6.004700e-03
 18  4.906665e-03
 19  4.111426e-03
 20  3.532934e-03
 21  2.989297e-03
 22  2.582810e-03
 23  2.294069e-03
 24  2.071492e-03
 25  1.928062e-03
 26  1.812884e-03
 27  1.735221e-03
 28  1.670983e-03
 29  1.609245e-03
 30  1.549841e-03
 31  1.476138e-03
 32  1.410124e-03
 33  1.318670e-03
 34  1.209599e-03
 35  1.078164e-03
 36  9.443346e-04
 Iteration CPU time: 8 s
 CFIE residual: 0.000944335

 Iseg, Irank, Idinc : 1, 21, 153
 Thata, Phi : 90.000000, 152.000000
 Maximun iteration: 300
 Number of recycle truncation: 30
 Final matrix dimension:  36708
 Residual error:0.001000
 0  6.338727e-01
 1  3.293900e-01
 2  2.020422e-01
 3  1.345329e-01
 4  1.000952e-01
 5  7.792264e-02
 6  6.172502e-02
 7  4.882085e-02
 8  4.109178e-02
 9  3.507586e-02
 10  2.981337e-02
 11  2.451169e-02
 12  2.055809e-02
 13  1.693102e-02
 14  1.382382e-02
 15  1.121184e-02
 16  9.227230e-03
 17  7.411253e-03
 18  6.160112e-03
 19  4.962766e-03
 20  4.024966e-03
 21  3.300817e-03
 22  2.755071e-03
 23  2.293344e-03
 24  1.920317e-03
 25  1.614797e-03
 26  1.393595e-03
 27  1.229589e-03
 28  1.113478e-03
 29  1.038332e-03
 30  9.829661e-04
 Iteration CPU time: 7 s
 CFIE residual: 0.000982966

 Iseg, Irank, Idinc : 1, 22, 16
 Thata, Phi : 90.000000, 15.000000
 Maximun iteration: 300
 Number of recycle truncation: 30
 Final matrix dimension:  36708
 Residual error:0.001000
 0  5.818590e-01
 1  2.837685e-01
 2  1.728179e-01
 3  1.202460e-01
 4  8.510588e-02
 5  6.357208e-02
 6  5.014424e-02
 7  3.859065e-02
 8  3.014587e-02
 9  2.406956e-02
 10  1.925238e-02
 11  1.511985e-02
 12  1.172670e-02
 13  9.397616e-03
 14  7.737750e-03
 15  6.302529e-03
 16  5.158507e-03
 17  4.288846e-03
 18  3.575194e-03
 19  3.027064e-03
 20  2.507880e-03
 21  2.087751e-03
 22  1.731980e-03
 23  1.505036e-03
 24  1.303867e-03
 25  1.159519e-03
 26  1.034712e-03
 27  9.485255e-04
 Iteration CPU time: 7 s
 CFIE residual: 0.000948526

 Iseg, Irank, Idinc : 1, 23, 181
 Thata, Phi : 90.000000, 180.000000
 Maximun iteration: 300
 Number of recycle truncation: 30
 Final matrix dimension:  36708
 Residual error:0.001000
 0  5.701735e-01
 1  2.989697e-01
 2  1.892090e-01
 3  1.327727e-01
 4  1.033948e-01
 5  7.974973e-02
 6  6.400516e-02
 7  5.435554e-02
 8  4.448749e-02
 9  3.493731e-02
 10  2.742226e-02
 11  2.156821e-02
 12  1.769150e-02
 13  1.378489e-02
 14  1.121789e-02
 15  8.592201e-03
 16  6.562324e-03
 17  5.333372e-03
 18  4.340126e-03
 19  3.492751e-03
 20  2.862845e-03
 21  2.378360e-03
 22  1.963299e-03
 23  1.604229e-03
 24  1.343064e-03
 25  1.109840e-03
 26  9.112900e-04
 Iteration CPU time: 6 s
 CFIE residual: 0.00091129

 Iseg, Irank, Idinc : 1, 24, 130
 Thata, Phi : 90.000000, 129.000000
 Maximun iteration: 300
 Number of recycle truncation: 30
 Final matrix dimension:  36708
 Residual error:0.001000
 0  6.742575e-01
 1  3.528558e-01
 2  2.268881e-01
 3  1.549397e-01
 4  1.111622e-01
 5  8.409465e-02
 6  6.430838e-02
 7  5.016990e-02
 8  3.946232e-02
 9  3.156427e-02
 10  2.537936e-02
 11  1.977945e-02
 12  1.549254e-02
 13  1.267720e-02
 14  1.050416e-02
 15  8.471831e-03
 16  6.799409e-03
 17  5.482584e-03
 18  4.532651e-03
 19  3.839565e-03
 20  3.245602e-03
 21  2.770427e-03
 22  2.405612e-03
 23  2.147828e-03
 24  1.951383e-03
 25  1.805506e-03
 26  1.653493e-03
 27  1.541045e-03
 28  1.460974e-03
 29  1.403347e-03
 30  1.349157e-03
 31  1.299083e-03
 32  1.236046e-03
 33  1.186111e-03
 34  1.134084e-03
 35  1.078727e-03
 36  1.006426e-03
 37  9.080315e-04
 Iteration CPU time: 8 s
 CFIE residual: 0.000908032

 Iseg, Irank, Idinc : 1, 25, 58
 Thata, Phi : 90.000000, 57.000000
 Maximun iteration: 300
 Number of recycle truncation: 30
 Final matrix dimension:  36708
 Residual error:0.001000
 0  6.607874e-01
 1  3.456848e-01
 2  2.131485e-01
 3  1.339315e-01
 4  9.554678e-02
 5  7.096067e-02
 6  5.448299e-02
 7  4.248568e-02
 8  3.371347e-02
 9  2.592030e-02
 10  1.954358e-02
 11  1.517353e-02
 12  1.204738e-02
 13  9.362712e-03
 14  7.635340e-03
 15  6.117333e-03
 16  5.137227e-03
 17  4.251794e-03
 18  3.626368e-03
 19  3.191469e-03
 20  2.829546e-03
 21  2.583581e-03
 22  2.410191e-03
 23  2.262963e-03
 24  2.156061e-03
 25  2.076367e-03
 26  1.994043e-03
 27  1.909594e-03
 28  1.831738e-03
 29  1.744540e-03
 30  1.644369e-03
 31  1.500515e-03
 32  1.353936e-03
 33  1.213854e-03
 34  1.061037e-03
 35  9.122327e-04
 Iteration CPU time: 8 s
 CFIE residual: 0.000912233

 Iseg, Irank, Idinc : 1, 26, 5
 Thata, Phi : 90.000000, 4.000000
 Maximun iteration: 300
 Number of recycle truncation: 30
 Final matrix dimension:  36708
 Residual error:0.001000
 0  5.204249e-01
 1  2.709428e-01
 2  1.744425e-01
 3  1.221063e-01
 4  8.715018e-02
 5  6.593297e-02
 6  5.090793e-02
 7  3.813051e-02
 8  2.899550e-02
 9  2.343896e-02
 10  1.845140e-02
 11  1.480004e-02
 12  1.162225e-02
 13  9.499143e-03
 14  7.657830e-03
 15  6.155614e-03
 16  5.019984e-03
 17  4.177358e-03
 18  3.470882e-03
 19  3.012460e-03
 20  2.580682e-03
 21  2.224993e-03
 22  1.861402e-03
 23  1.586287e-03
 24  1.351167e-03
 25  1.157223e-03
 26  9.875049e-04
 Iteration CPU time: 7 s
 CFIE residual: 0.000987505

 Iseg, Irank, Idinc : 1, 27, 172
 Thata, Phi : 90.000000, 171.000000
 Maximun iteration: 300
 Number of recycle truncation: 30
 Final matrix dimension:  36708
 Residual error:0.001000
 0  5.759297e-01
 1  2.994834e-01
 2  1.894561e-01
 3  1.337113e-01
 4  1.050027e-01
 5  8.234955e-02
 6  6.671268e-02
 7  5.610135e-02
 8  4.651017e-02
 9  3.800965e-02
 10  3.126091e-02
 11  2.642763e-02
 12  2.208021e-02
 13  1.844864e-02
 14  1.511944e-02
 15  1.240862e-02
 16  1.033488e-02
 17  8.218739e-03
 18  6.607968e-03
 19  5.303121e-03
 20  4.251566e-03
 21  3.447917e-03
 22  2.865026e-03
 23  2.423562e-03
 24  2.002667e-03
 25  1.606157e-03
 26  1.326381e-03
 27  1.084576e-03
 28  9.149001e-04
 Iteration CPU time: 6 s
 CFIE residual: 0.0009149

 Iseg, Irank, Idinc : 1, 28, 37
 Thata, Phi : 90.000000, 36.000000
 Maximun iteration: 300
 Number of recycle truncation: 30
 Final matrix dimension:  36708
 Residual error:0.001000
 0  6.229530e-01
 1  3.119327e-01
 2  1.919550e-01
 3  1.217109e-01
 4  8.329909e-02
 5  6.132763e-02
 6  4.447995e-02
 7  3.392189e-02
 8  2.633563e-02
 9  2.034668e-02
 10  1.586981e-02
 11  1.254573e-02
 12  1.010908e-02
 13  8.196209e-03
 14  6.656710e-03
 15  5.204122e-03
 16  4.253827e-03
 17  3.525981e-03
 18  2.945250e-03
 19  2.496847e-03
 20  2.130988e-03
 21  1.834600e-03
 22  1.613065e-03
 23  1.458395e-03
 24  1.339805e-03
 25  1.250053e-03
 26  1.171605e-03
 27  1.117946e-03
 28  1.077665e-03
 29  1.037626e-03
 30  1.000113e-03
 31  9.646789e-04
 Iteration CPU time: 8 s
 CFIE residual: 0.000964679

 Iseg, Irank, Idinc : 1, 29, 91
 Thata, Phi : 90.000000, 90.000000
 Maximun iteration: 300
 Number of recycle truncation: 30
 Final matrix dimension:  36708
 Residual error:0.001000
 0  6.109144e-01
 1  3.490476e-01
 2  2.224053e-01
 3  1.507422e-01
 4  1.072920e-01
 5  8.319799e-02
 6  6.436267e-02
 7  5.081724e-02
 8  4.119370e-02
 9  3.322083e-02
 10  2.622589e-02
 11  2.040762e-02
 12  1.697609e-02
 13  1.408131e-02
 14  1.151910e-02
 15  9.347450e-03
 16  7.539402e-03
 17  6.207723e-03
 18  5.208071e-03
 19  4.400795e-03
 20  3.850836e-03
 21  3.417619e-03
 22  3.088032e-03
 23  2.815796e-03
 24  2.626285e-03
 25  2.476260e-03
 26  2.361087e-03
 27  2.259016e-03
 28  2.187415e-03
 29  2.105455e-03
 30  2.013305e-03
 31  1.908501e-03
 32  1.790555e-03
 33  1.669781e-03
 34  1.514805e-03
 35  1.353699e-03
 36  1.158059e-03
 37  9.677527e-04
 Iteration CPU time: 8 s
 CFIE residual: 0.000967753

 Iseg, Irank, Idinc : 1, 30, 142
 Thata, Phi : 90.000000, 141.000000
 Maximun iteration: 300
 Number of recycle truncation: 30
 Final matrix dimension:  36708
 Residual error:0.001000
 0  6.821728e-01
 1  3.504491e-01
 2  2.120384e-01
 3  1.447191e-01
 4  1.060070e-01
 5  7.950487e-02
 6  6.172983e-02
 7  4.834541e-02
 8  3.975422e-02
 9  3.359138e-02
 10  2.780431e-02
 11  2.309136e-02
 12  1.940582e-02
 13  1.586296e-02
 14  1.274867e-02
 15  1.025525e-02
 16  8.226359e-03
 17  6.726226e-03
 18  5.464396e-03
 19  4.356173e-03
 20  3.513847e-03
 21  2.827076e-03
 22  2.375060e-03
 23  2.036259e-03
 24  1.748586e-03
 25  1.532923e-03
 26  1.349687e-03
 27  1.233501e-03
 28  1.147026e-03
 29  1.072827e-03
 30  1.009756e-03
 31  9.585996e-04
 Iteration CPU time: 7 s
 CFIE residual: 0.0009586

 Iseg, Irank, Idinc : 1, 31, 27
 Thata, Phi : 90.000000, 26.000000
 Maximun iteration: 300
 Number of recycle truncation: 30
 Final matrix dimension:  36708
 Residual error:0.001000
 0  6.369099e-01
 1  2.989538e-01
 2  1.704582e-01
 3  1.106315e-01
 4  7.723948e-02
 5  5.692161e-02
 6  4.209361e-02
 7  3.169258e-02
 8  2.540065e-02
 9  2.085298e-02
 10  1.675460e-02
 11  1.335500e-02
 12  1.085518e-02
 13  9.002574e-03
 14  7.338207e-03
 15  6.026259e-03
 16  4.907672e-03
 17  4.055706e-03
 18  3.404770e-03
 19  2.922682e-03
 20  2.405893e-03
 21  1.997980e-03
 22  1.667428e-03
 23  1.441830e-03
 24  1.280308e-03
 25  1.145717e-03
 26  1.040122e-03
 27  9.657753e-04
 Iteration CPU time: 7 s
 CFIE residual: 0.000965775

 Iseg, Irank, Idinc : 1, 32, 69
 Thata, Phi : 90.000000, 68.000000
 Maximun iteration: 300
 Number of recycle truncation: 30
 Final matrix dimension:  36708
 Residual error:0.001000
 0  6.510427e-01
 1  3.656395e-01
 2  2.333593e-01
 3  1.493725e-01
 4  1.067327e-01
 5  8.165804e-02
 6  6.201547e-02
 7  4.852082e-02
 8  4.005174e-02
 9  3.147011e-02
 10  2.457833e-02
 11  1.893999e-02
 12  1.518216e-02
 13  1.234635e-02
 14  1.010448e-02
 15  8.174353e-03
 16  6.728793e-03
 17  5.805444e-03
 18  4.988365e-03
 19  4.339353e-03
 20  3.777371e-03
 21  3.396554e-03
 22  3.106665e-03
 23  2.929431e-03
 24  2.788161e-03
 25  2.680956e-03
 26  2.573801e-03
 27  2.472737e-03
 28  2.370096e-03
 29  2.247971e-03
 30  2.088314e-03
 31  1.936844e-03
 32  1.777510e-03
 33  1.585412e-03
 34  1.378077e-03
 35  1.163332e-03
 36  9.717929e-04
 Iteration CPU time: 8 s
 CFIE residual: 0.000971793

 Iseg, Irank, Idinc : 1, 33, 175
 Thata, Phi : 90.000000, 174.000000
 Maximun iteration: 300
 Number of recycle truncation: 30
 Final matrix dimension:  36708
 Residual error:0.001000
 0  5.727946e-01
 1  2.991510e-01
 2  1.895711e-01
 3  1.335714e-01
 4  1.046887e-01
 5  8.183758e-02
 6  6.583161e-02
 7  5.570570e-02
 8  4.595317e-02
 9  3.681794e-02
 10  2.962363e-02
 11  2.482846e-02
 12  2.041319e-02
 13  1.689059e-02
 14  1.385906e-02
 15  1.133326e-02
 16  9.302882e-03
 17  7.403553e-03
 18  6.006274e-03
 19  4.805718e-03
 20  3.863990e-03
 21  3.168209e-03
 22  2.627438e-03
 23  2.233124e-03
 24  1.873358e-03
 25  1.517750e-03
 26  1.251087e-03
 27  1.026524e-03
 28  8.655402e-04
 Iteration CPU time: 7 s
 CFIE residual: 0.00086554

 Iseg, Irank, Idinc : 1, 34, 3
 Thata, Phi : 90.000000, 2.000000
 Maximun iteration: 300
 Number of recycle truncation: 30
 Final matrix dimension:  36708
 Residual error:0.001000
 0  5.156322e-01
 1  2.698144e-01
 2  1.745863e-01
 3  1.217039e-01
 4  8.635651e-02
 5  6.562974e-02
 6  5.119336e-02
 7  3.826307e-02
 8  2.896510e-02
 9  2.326619e-02
 10  1.803710e-02
 11  1.465485e-02
 12  1.154590e-02
 13  9.272196e-03
 14  7.417646e-03
 15  5.966780e-03
 16  4.920382e-03
 17  4.086101e-03
 18  3.407863e-03
 19  2.933554e-03
 20  2.535198e-03
 21  2.185180e-03
 22  1.841403e-03
 23  1.560577e-03
 24  1.321634e-03
 25  1.121731e-03
 26  9.408839e-04
 Iteration CPU time: 6 s
 CFIE residual: 0.000940884

 Iseg, Irank, Idinc : 1, 35, 163
 Thata, Phi : 90.000000, 162.000000
 Maximun iteration: 300
 Number of recycle truncation: 30
 Final matrix dimension:  36708
 Residual error:0.001000
 0  5.984334e-01
 1  3.065108e-01
 2  1.876536e-01
 3  1.296337e-01
 4  1.002836e-01
 5  7.968793e-02
 6  6.532463e-02
 7  5.272317e-02
 8  4.444601e-02
 9  3.810795e-02
 10  3.251441e-02
 11  2.707920e-02
 12  2.302365e-02
 13  1.878150e-02
 14  1.578843e-02
 15  1.285808e-02
 16  1.053064e-02
 17  8.525073e-03
 18  6.889424e-03
 19  5.558545e-03
 20  4.467074e-03
 21  3.601829e-03
 22  2.964951e-03
 23  2.440980e-03
 24  2.007553e-03
 25  1.649107e-03
 26  1.375988e-03
 27  1.167598e-03
 28  1.025584e-03
 29  9.226961e-04
 Iteration CPU time: 7 s
 CFIE residual: 0.000922696

 Iseg, Irank, Idinc : 1, 36, 47
 Thata, Phi : 90.000000, 46.000000
 Maximun iteration: 300
 Number of recycle truncation: 30
 Final matrix dimension:  36708
 Residual error:0.001000
 0  6.378197e-01
 1  3.260237e-01
 2  2.033578e-01
 3  1.330769e-01
 4  9.459531e-02
 5  7.151323e-02
 6  5.333306e-02
 7  4.092434e-02
 8  3.135466e-02
 9  2.379478e-02
 10  1.811304e-02
 11  1.376076e-02
 12  1.076660e-02
 13  8.630689e-03
 14  7.126528e-03
 15  5.772685e-03
 16  4.630176e-03
 17  3.853088e-03
 18  3.231523e-03
 19  2.738317e-03
 20  2.379133e-03
 21  2.119610e-03
 22  1.941338e-03
 23  1.803954e-03
 24  1.724005e-03
 25  1.655702e-03
 26  1.595571e-03
 27  1.536043e-03
 28  1.466994e-03
 29  1.396945e-03
 30  1.326813e-03
 31  1.248865e-03
 32  1.170728e-03
 33  1.082971e-03
 34  9.862382e-04
 Iteration CPU time: 8 s
 CFIE residual: 0.000986238

 Iseg, Irank, Idinc : 1, 37, 113
 Thata, Phi : 90.000000, 112.000000
 Maximun iteration: 300
 Number of recycle truncation: 30
 Final matrix dimension:  36708
 Residual error:0.001000
 0  6.383087e-01
 1  3.513395e-01
 2  2.192464e-01
 3  1.529867e-01
 4  1.084204e-01
 5  8.035707e-02
 6  6.105625e-02
 7  4.738496e-02
 8  3.834485e-02
 9  2.961935e-02
 10  2.312471e-02
 11  1.821570e-02
 12  1.503162e-02
 13  1.245141e-02
 14  1.024575e-02
 15  8.333956e-03
 16  6.833118e-03
 17  5.619441e-03
 18  4.582606e-03
 19  3.879021e-03
 20  3.270830e-03
 21  2.745346e-03
 22  2.346805e-03
 23  2.069912e-03
 24  1.823938e-03
 25  1.656078e-03
 26  1.540600e-03
 27  1.457872e-03
 28  1.395647e-03
 29  1.341466e-03
 30  1.291997e-03
 31  1.245918e-03
 32  1.189972e-03
 33  1.109614e-03
 34  1.017174e-03
 35  9.175789e-04
 Iteration CPU time: 8 s
 CFIE residual: 0.000917579

 Iseg, Irank, Idinc : 1, 38, 180
 Thata, Phi : 90.000000, 179.000000
 Maximun iteration: 300
 Number of recycle truncation: 30
 Final matrix dimension:  36708
 Residual error:0.001000
 0  5.702651e-01
 1  2.989780e-01
 2  1.892257e-01
 3  1.328091e-01
 4  1.034591e-01
 5  7.987171e-02
 6  6.411055e-02
 7  5.445051e-02
 8  4.459016e-02
 9  3.502212e-02
 10  2.750817e-02
 11  2.178005e-02
 12  1.786605e-02
 13  1.408897e-02
 14  1.150166e-02
 15  8.811308e-03
 16  6.847939e-03
 17  5.465649e-03
 18  4.454448e-03
 19  3.584171e-03
 20  2.942397e-03
 21  2.446853e-03
 22  2.014510e-03
 23  1.669730e-03
 24  1.413397e-03
 25  1.180608e-03
 26  9.523770e-04
 Iteration CPU time: 6 s
 CFIE residual: 0.000952377

 Iseg, Irank, Idinc : 1, 39, 13
 Thata, Phi : 90.000000, 12.000000
 Maximun iteration: 300
 Number of recycle truncation: 30
 Final matrix dimension:  36708
 Residual error:0.001000
 0  5.616701e-01
 1  2.796723e-01
 2  1.740792e-01
 3  1.226956e-01
 4  8.775521e-02
 5  6.543952e-02
 6  5.132415e-02
 7  3.946107e-02
 8  3.087058e-02
 9  2.451218e-02
 10  1.917587e-02
 11  1.501483e-02
 12  1.174408e-02
 13  9.543438e-03
 14  7.792648e-03
 15  6.279304e-03
 16  5.102492e-03
 17  4.246904e-03
 18  3.569215e-03
 19  3.045399e-03
 20  2.541876e-03
 21  2.136462e-03
 22  1.780311e-03
 23  1.551662e-03
 24  1.335800e-03
 25  1.187646e-03
 26  1.057227e-03
 27  9.622895e-04
 Iteration CPU time: 7 s
 CFIE residual: 0.00096229

 Iseg, Irank, Idinc : 1, 40, 127
 Thata, Phi : 90.000000, 126.000000
 Maximun iteration: 300
 Number of recycle truncation: 30
 Final matrix dimension:  36708
 Residual error:0.001000
 0  6.615361e-01
 1  3.457013e-01
 2  2.261725e-01
 3  1.570741e-01
 4  1.127152e-01
 5  8.438181e-02
 6  6.495857e-02
 7  5.086574e-02
 8  3.960310e-02
 9  3.192538e-02
 10  2.505494e-02
 11  1.948851e-02
 12  1.540166e-02
 13  1.255317e-02
 14  1.031939e-02
 15  8.332834e-03
 16  6.841345e-03
 17  5.674302e-03
 18  4.685408e-03
 19  4.012128e-03
 20  3.423656e-03
 21  2.927280e-03
 22  2.573840e-03
 23  2.297340e-03
 24  2.086994e-03
 25  1.918205e-03
 26  1.747647e-03
 27  1.636658e-03
 28  1.551660e-03
 29  1.489101e-03
 30  1.437698e-03
 31  1.373950e-03
 32  1.313085e-03
 33  1.261460e-03
 34  1.201983e-03
 35  1.143856e-03
 36  1.069510e-03
 37  9.762342e-04
 Iteration CPU time: 8 s
 CFIE residual: 0.000976234
 Last Built End in Sep 21 2025 00:06:12
 Total CPU time: 313 s
 Finished.
