 Last Built Begin in Sep 21 2025 00:06:12
 Pre-Type( Input ):           10
 Skl-Tol ( Input ):    1.0000000000000001E-005
 Wavelength in freespace: 0.0303337

 ################################################
 ##         Generating Required Mesh          ##
 ##         Waiting.....                      ##
 ################################################
 Subd No.      Subd Name
    1    Open-Duct_PRIME_model_meshAA1                                     
 isub,  nnode, npatch,  nedge:
    1      6118     12236     18354
 Scale Factor         >>   1.54999997E-02
 ################################################

 START TIME: 20250922   042052.200


 Informaton for IE geometry:
 number of subdomains     : 1
 maxnode,maxpatch,maxedge : 6118  12236  18354
 
 Index of Mat-Reg: 1
 Mat-Reg Number via MatFlg: 1
 Edge Number of Mat-Reg: 1, 18354

 Number of Edge on PEC: 18354
 Mat-Reg: No Dim(m) Lmax:
    1 0.236    5
 Totlmax, add1, add2:           5           6           7
 rlengmax of Global MLFMA >>   0.23637353670876460     
 Lmax of Global MLFMA >>            5
 Wavenum of Mat-Reg:
    1 1.000

 total area in sq m           =      0.0510
 total area in sq lambda      =     55.3942
 maxnode, maxpatch, maxedge           =     6118    12236    18354
 longest  edge in lambda              =      0.1539
 shortest edge in lambda              =      0.0073
 average  edge in lambda              =      0.1027
 largest  patch area in sq lambda     =      0.0080
 smallest patch area in sq lambda     =      0.0000
 ave    surface area in sq lambda     =      0.0045
 size range of the object in sq lambda =      7.5640

 #### MLFMA Info For Each Region ####
 Mat-Region =            1
 Array dimension parameters:
 maxrule=          14   maxgrid  =          64
 lmax   =           5   ncmax    =        1250
 lsmax  =          26   lsmin    =           7
 kpm    =        1356   kp0      =         102
 ntlm   =      212856   nsm      =      230886
 nkpm   =        2178   niplm    =      139392
 ngnearm=       14257   ngsndm   =       64634
 nearm  =         333   mfinestm =         119
 ###############################

 CFIE Alpha:  0.50000000000000000     

 Fill MLFMA FI for Mat-Reg:           1
 Begin filltl.f
 fill translation matrix
 Level:            2
 fill shifting matrix
 Level:            3
 fill shifting matrix
 Level:            4
 fill shifting matrix
 Level:            5
 fill shifting matrix
 translator time(s):  0.123000003    
 fill interpolation matrix
 ThetaOrder            8
 PhiOrder            8
 lsl            7
 Filling TL                  Delta_CPU=          0.54 Memory(MB)=        653.71
 Filling sndgrp              Delta_CPU=          0.00 Memory(MB)=        653.71
 Filling VFS                 Delta_CPU=          3.11 Memory(MB)=        653.71

 Fill MLFMA NI for Mat-Reg:           1
 Begin fill sparser part of Nearfield
 Begin fill denser part of Nearfield
 End fill
 Filling Amn                 Delta_CPU=         91.40 Memory(MB)=        653.71


 Now testing preconditioner with
 ipretype =           10
 method = cfie_solve_nfrasspspre_pardiso

  
 NBP>>Begin fill sparser part of Nearfield

116.2331% NBP>>Begin fill denser part of Nearfield

200.1041%
 Begin MLFMA Box-Matrix Based Spar-RAS Prec Constructor
 --- Intel MKL PARDISO --- 
 Memory for iGroup: 1 0 MB
 Total Memory For SparRAS Pre: 0 MB
 --- PARDISO PRECONDITIONER INITIALIZED --- 
 Constructing preconditioner CPU time: 4 s
 
 1101240
 Memory for Iteration:: 16.8036 MB

 Iseg, Ninc_S : 1, 181, 0

 Iseg, Skeleton Angles: 1, 40
 Iseg, Skel-Pk Mem(MB): 1, 314.35

 Iseg, Irank, Idinc : 1, 1, 22
 Thata, Phi : 90.000000, 21.000000
 Maximun iteration: 300
 Number of recycle truncation: 30
 Final matrix dimension:  36708
 Residual error:0.001000
 0  6.161992e-01
 1  2.912409e-01
 2  1.664090e-01
 3  1.134509e-01
 4  7.952367e-02
 5  5.880155e-02
 6  4.482452e-02
 7  3.477960e-02
 8  2.752724e-02
 9  2.217541e-02
 10  1.736787e-02
 11  1.372233e-02
 12  1.083639e-02
 13  8.862701e-03
 14  7.277467e-03
 15  6.087283e-03
 16  5.017945e-03
 17  4.212600e-03
 18  3.497506e-03
 19  2.985171e-03
 20  2.570540e-03
 21  2.194311e-03
 22  1.911784e-03
 23  1.720480e-03
 24  1.590289e-03
 25  1.473063e-03
 26  1.375210e-03
 27  1.298356e-03
 28  1.234248e-03
 29  1.173960e-03
 30  1.113629e-03
 31  1.044905e-03
 32  9.774562e-04
 Iteration CPU time: 7 s
 CFIE residual: 0.000977456

 Iseg, Irank, Idinc : 1, 2, 42
 Thata, Phi : 90.000000, 41.000000
 Maximun iteration: 300
 Number of recycle truncation: 30
 Final matrix dimension:  36708
 Residual error:0.001000
 0  6.278437e-01
 1  3.148627e-01
 2  1.991616e-01
 3  1.291872e-01
 4  8.847599e-02
 5  6.472756e-02
 6  4.765264e-02
 7  3.641795e-02
 8  2.786413e-02
 9  2.109493e-02
 10  1.608824e-02
 11  1.259524e-02
 12  1.015714e-02
 13  8.356585e-03
 14  6.826764e-03
 15  5.542507e-03
 16  4.625610e-03
 17  3.976271e-03
 18  3.520071e-03
 19  3.172664e-03
 20  2.896435e-03
 21  2.687855e-03
 22  2.498906e-03
 23  2.342935e-03
 24  2.214632e-03
 25  2.097279e-03
 26  1.947931e-03
 27  1.790462e-03
 28  1.637171e-03
 29  1.435633e-03
 30  1.241461e-03
 31  1.046296e-03
 32  8.667641e-04
 Iteration CPU time: 7 s
 CFIE residual: 0.000866764

 Iseg, Irank, Idinc : 1, 3, 109
 Thata, Phi : 90.000000, 108.000000
 Maximun iteration: 300
 Number of recycle truncation: 30
 Final matrix dimension:  36708
 Residual error:0.001000
 0  6.278306e-01
 1  3.544553e-01
 2  2.219599e-01
 3  1.530418e-01
 4  1.070714e-01
 5  8.071807e-02
 6  6.207337e-02
 7  4.772584e-02
 8  3.824796e-02
 9  3.083146e-02
 10  2.375760e-02
 11  1.864662e-02
 12  1.539230e-02
 13  1.262928e-02
 14  1.023446e-02
 15  8.378054e-03
 16  6.957871e-03
 17  5.833075e-03
 18  4.956324e-03
 19  4.239998e-03
 20  3.741563e-03
 21  3.285467e-03
 22  2.948211e-03
 23  2.710370e-03
 24  2.521748e-03
 25  2.363727e-03
 26  2.227165e-03
 27  2.097908e-03
 28  1.948150e-03
 29  1.789274e-03
 30  1.602511e-03
 31  1.386670e-03
 32  1.159412e-03
 33  9.612773e-04
 Iteration CPU time: 7 s
 CFIE residual: 0.000961277

 Iseg, Irank, Idinc : 1, 4, 64
 Thata, Phi : 90.000000, 63.000000
 Maximun iteration: 300
 Number of recycle truncation: 30
 Final matrix dimension:  36708
 Residual error:0.001000
 0  6.624132e-01
 1  3.575106e-01
 2  2.224696e-01
 3  1.432772e-01
 4  1.028537e-01
 5  7.841559e-02
 6  5.959362e-02
 7  4.594749e-02
 8  3.720861e-02
 9  2.958857e-02
 10  2.312690e-02
 11  1.811223e-02
 12  1.408708e-02
 13  1.146527e-02
 14  9.538715e-03
 15  7.909777e-03
 16  7.030201e-03
 17  6.298829e-03
 18  5.671821e-03
 19  5.159696e-03
 20  4.740897e-03
 21  4.380456e-03
 22  4.143231e-03
 23  3.925920e-03
 24  3.694871e-03
 25  3.424043e-03
 26  3.135101e-03
 27  2.784286e-03
 28  2.433044e-03
 29  2.050709e-03
 30  1.660539e-03
 31  1.323203e-03
 32  1.070787e-03
 33  8.587223e-04
 Iteration CPU time: 7 s
 CFIE residual: 0.000858722

 Iseg, Irank, Idinc : 1, 5, 147
 Thata, Phi : 90.000000, 146.000000
 Maximun iteration: 300
 Number of recycle truncation: 30
 Final matrix dimension:  36708
 Residual error:0.001000
 0  6.535190e-01
 1  3.448259e-01
 2  2.086288e-01
 3  1.425068e-01
 4  1.036035e-01
 5  7.886826e-02
 6  6.229610e-02
 7  4.857350e-02
 8  4.057293e-02
 9  3.442878e-02
 10  2.910574e-02
 11  2.452064e-02
 12  2.017854e-02
 13  1.619369e-02
 14  1.314162e-02
 15  1.053753e-02
 16  8.506794e-03
 17  7.136282e-03
 18  5.804648e-03
 19  4.764708e-03
 20  3.875901e-03
 21  3.201943e-03
 22  2.730271e-03
 23  2.355011e-03
 24  2.097788e-03
 25  1.885335e-03
 26  1.737362e-03
 27  1.624245e-03
 28  1.535426e-03
 29  1.444425e-03
 30  1.352810e-03
 31  1.253207e-03
 32  1.132060e-03
 33  9.954761e-04
 Iteration CPU time: 8 s
 CFIE residual: 0.000995476

 Iseg, Irank, Idinc : 1, 6, 74
 Thata, Phi : 90.000000, 73.000000
 Maximun iteration: 300
 Number of recycle truncation: 30
 Final matrix dimension:  36708
 Residual error:0.001000
 0  6.390864e-01
 1  3.644085e-01
 2  2.368616e-01
 3  1.486388e-01
 4  1.038398e-01
 5  7.897357e-02
 6  6.207852e-02
 7  4.825116e-02
 8  3.886214e-02
 9  3.160234e-02
 10  2.461906e-02
 11  1.957337e-02
 12  1.598861e-02
 13  1.328784e-02
 14  1.120510e-02
 15  9.382451e-03
 16  8.071022e-03
 17  7.169917e-03
 18  6.447321e-03
 19  5.863859e-03
 20  5.358176e-03
 21  4.970350e-03
 22  4.674102e-03
 23  4.413457e-03
 24  4.181553e-03
 25  3.914177e-03
 26  3.613630e-03
 27  3.258243e-03
 28  2.905353e-03
 29  2.571647e-03
 30  2.166473e-03
 31  1.770320e-03
 32  1.417701e-03
 33  1.120862e-03
 34  8.551202e-04
 Iteration CPU time: 8 s
 CFIE residual: 0.00085512

 Iseg, Irank, Idinc : 1, 7, 159
 Thata, Phi : 90.000000, 158.000000
 Maximun iteration: 300
 Number of recycle truncation: 30
 Final matrix dimension:  36708
 Residual error:0.001000
 0  6.130457e-01
 1  3.142386e-01
 2  1.917727e-01
 3  1.301502e-01
 4  9.934742e-02
 5  7.899681e-02
 6  6.370406e-02
 7  5.103854e-02
 8  4.369914e-02
 9  3.750521e-02
 10  3.146288e-02
 11  2.589662e-02
 12  2.172458e-02
 13  1.761637e-02
 14  1.427635e-02
 15  1.164990e-02
 16  9.635976e-03
 17  7.853565e-03
 18  6.353349e-03
 19  5.283301e-03
 20  4.198030e-03
 21  3.519447e-03
 22  2.967536e-03
 23  2.545664e-03
 24  2.183331e-03
 25  1.901366e-03
 26  1.686168e-03
 27  1.545884e-03
 28  1.426169e-03
 29  1.352731e-03
 30  1.292851e-03
 31  1.235254e-03
 32  1.162248e-03
 33  1.071001e-03
 34  9.781346e-04
 Iteration CPU time: 8 s
 CFIE residual: 0.000978135

 Iseg, Irank, Idinc : 1, 8, 86
 Thata, Phi : 90.000000, 85.000000
 Maximun iteration: 300
 Number of recycle truncation: 30
 Final matrix dimension:  36708
 Residual error:0.001000
 0  6.161473e-01
 1  3.497751e-01
 2  2.257548e-01
 3  1.539335e-01
 4  1.108282e-01
 5  8.546798e-02
 6  6.589463e-02
 7  5.203625e-02
 8  4.179168e-02
 9  3.442533e-02
 10  2.680862e-02
 11  2.043681e-02
 12  1.623044e-02
 13  1.338796e-02
 14  1.107217e-02
 15  9.308913e-03
 16  7.818345e-03
 17  6.796727e-03
 18  6.003704e-03
 19  5.440625e-03
 20  5.004509e-03
 21  4.682646e-03
 22  4.387774e-03
 23  4.141704e-03
 24  3.879204e-03
 25  3.632610e-03
 26  3.392372e-03
 27  3.096131e-03
 28  2.785509e-03
 29  2.449115e-03
 30  2.123052e-03
 31  1.780117e-03
 32  1.455385e-03
 33  1.188498e-03
 34  9.564302e-04
 Iteration CPU time: 7 s
 CFIE residual: 0.00095643

 Iseg, Irank, Idinc : 1, 9, 135
 Thata, Phi : 90.000000, 134.000000
 Maximun iteration: 300
 Number of recycle truncation: 30
 Final matrix dimension:  36708
 Residual error:0.001000
 0  6.981239e-01
 1  3.578606e-01
 2  2.249162e-01
 3  1.527876e-01
 4  1.101787e-01
 5  8.333643e-02
 6  6.374481e-02
 7  4.983321e-02
 8  4.009047e-02
 9  3.125858e-02
 10  2.529552e-02
 11  2.074100e-02
 12  1.651979e-02
 13  1.329326e-02
 14  1.073386e-02
 15  8.713018e-03
 16  7.249792e-03
 17  5.891578e-03
 18  4.915286e-03
 19  4.182042e-03
 20  3.573066e-03
 21  3.176633e-03
 22  2.847986e-03
 23  2.583176e-03
 24  2.407052e-03
 25  2.260962e-03
 26  2.127089e-03
 27  1.998151e-03
 28  1.898774e-03
 29  1.784523e-03
 30  1.650643e-03
 31  1.500916e-03
 32  1.336707e-03
 33  1.177913e-03
 34  1.030852e-03
 35  8.867945e-04
 Iteration CPU time: 9 s
 CFIE residual: 0.000886794

 Iseg, Irank, Idinc : 1, 10, 123
 Thata, Phi : 90.000000, 122.000000
 Maximun iteration: 300
 Number of recycle truncation: 30
 Final matrix dimension:  36708
 Residual error:0.001000
 0  6.527889e-01
 1  3.421335e-01
 2  2.244637e-01
 3  1.564668e-01
 4  1.114054e-01
 5  8.339562e-02
 6  6.458111e-02
 7  5.041094e-02
 8  3.887608e-02
 9  2.987539e-02
 10  2.409137e-02
 11  1.910196e-02
 12  1.517463e-02
 13  1.221110e-02
 14  9.990029e-03
 15  8.499035e-03
 16  7.195454e-03
 17  6.089668e-03
 18  5.172406e-03
 19  4.487354e-03
 20  3.994764e-03
 21  3.539414e-03
 22  3.209449e-03
 23  2.917294e-03
 24  2.717396e-03
 25  2.534501e-03
 26  2.375675e-03
 27  2.248380e-03
 28  2.131450e-03
 29  2.014590e-03
 30  1.883575e-03
 31  1.729327e-03
 32  1.531398e-03
 33  1.324640e-03
 34  1.133774e-03
 35  9.681438e-04
 Iteration CPU time: 8 s
 CFIE residual: 0.000968144

 Iseg, Irank, Idinc : 1, 11, 53
 Thata, Phi : 90.000000, 52.000000
 Maximun iteration: 300
 Number of recycle truncation: 30
 Final matrix dimension:  36708
 Residual error:0.001000
 0  6.498349e-01
 1  3.382063e-01
 2  2.079557e-01
 3  1.341401e-01
 4  9.608182e-02
 5  7.131925e-02
 6  5.437295e-02
 7  4.257449e-02
 8  3.263368e-02
 9  2.430679e-02
 10  1.902098e-02
 11  1.480862e-02
 12  1.178564e-02
 13  9.575127e-03
 14  7.969722e-03
 15  6.794622e-03
 16  5.838335e-03
 17  5.076633e-03
 18  4.524558e-03
 19  4.131522e-03
 20  3.747700e-03
 21  3.495104e-03
 22  3.316136e-03
 23  3.140283e-03
 24  2.918663e-03
 25  2.726778e-03
 26  2.479900e-03
 27  2.184414e-03
 28  1.903243e-03
 29  1.601380e-03
 30  1.313456e-03
 31  1.068150e-03
 32  8.694587e-04
 Iteration CPU time: 7 s
 CFIE residual: 0.000869459

 Iseg, Irank, Idinc : 1, 12, 32
 Thata, Phi : 90.000000, 31.000000
 Maximun iteration: 300
 Number of recycle truncation: 30
 Final matrix dimension:  36708
 Residual error:0.001000
 0  6.321333e-01
 1  3.052798e-01
 2  1.796188e-01
 3  1.135417e-01
 4  7.988248e-02
 5  5.879519e-02
 6  4.296745e-02
 7  3.234962e-02
 8  2.536643e-02
 9  2.028080e-02
 10  1.611999e-02
 11  1.283832e-02
 12  1.013404e-02
 13  8.466738e-03
 14  6.719737e-03
 15  5.602394e-03
 16  4.649519e-03
 17  3.963460e-03
 18  3.335732e-03
 19  2.901003e-03
 20  2.547603e-03
 21  2.275908e-03
 22  2.066524e-03
 23  1.916816e-03
 24  1.802773e-03
 25  1.698488e-03
 26  1.599672e-03
 27  1.512739e-03
 28  1.422456e-03
 29  1.322199e-03
 30  1.215804e-03
 31  1.089063e-03
 32  9.669815e-04
 Iteration CPU time: 7 s
 CFIE residual: 0.000966982

 Iseg, Irank, Idinc : 1, 13, 10
 Thata, Phi : 90.000000, 9.000000
 Maximun iteration: 300
 Number of recycle truncation: 30
 Final matrix dimension:  36708
 Residual error:0.001000
 0  5.388400e-01
 1  2.745620e-01
 2  1.732650e-01
 3  1.230249e-01
 4  8.829512e-02
 5  6.621477e-02
 6  5.101198e-02
 7  3.912436e-02
 8  3.064356e-02
 9  2.423958e-02
 10  1.868933e-02
 11  1.470866e-02
 12  1.158099e-02
 13  9.487559e-03
 14  7.602588e-03
 15  6.080410e-03
 16  4.992558e-03
 17  4.191021e-03
 18  3.552145e-03
 19  3.041998e-03
 20  2.603011e-03
 21  2.284281e-03
 22  1.946189e-03
 23  1.719943e-03
 24  1.542646e-03
 25  1.410919e-03
 26  1.298908e-03
 27  1.212282e-03
 28  1.138712e-03
 29  1.075903e-03
 30  1.013664e-03
 31  9.554135e-04
 Iteration CPU time: 7 s
 CFIE residual: 0.000955413

 Iseg, Irank, Idinc : 1, 14, 178
 Thata, Phi : 90.000000, 177.000000
 Maximun iteration: 300
 Number of recycle truncation: 30
 Final matrix dimension:  36708
 Residual error:0.001000
 0  5.669249e-01
 1  2.999174e-01
 2  1.907226e-01
 3  1.339280e-01
 4  1.049543e-01
 5  8.083555e-02
 6  6.528778e-02
 7  5.481955e-02
 8  4.493439e-02
 9  3.508493e-02
 10  2.753006e-02
 11  2.212135e-02
 12  1.799056e-02
 13  1.413376e-02
 14  1.160386e-02
 15  9.033569e-03
 16  7.222058e-03
 17  5.878308e-03
 18  4.857946e-03
 19  3.905254e-03
 20  3.081977e-03
 21  2.568276e-03
 22  2.166385e-03
 23  1.858019e-03
 24  1.580025e-03
 25  1.330487e-03
 26  1.131571e-03
 27  9.774355e-04
 Iteration CPU time: 6 s
 CFIE residual: 0.000977435

 Iseg, Irank, Idinc : 1, 15, 94
 Thata, Phi : 90.000000, 93.000000
 Maximun iteration: 300
 Number of recycle truncation: 30
 Final matrix dimension:  36708
 Residual error:0.001000
 0  6.131031e-01
 1  3.505111e-01
 2  2.220851e-01
 3  1.479333e-01
 4  1.057265e-01
 5  8.202194e-02
 6  6.381889e-02
 7  5.069483e-02
 8  4.057804e-02
 9  3.274972e-02
 10  2.604758e-02
 11  2.062443e-02
 12  1.683397e-02
 13  1.390288e-02
 14  1.150743e-02
 15  9.658745e-03
 16  7.956562e-03
 17  6.775410e-03
 18  5.872089e-03
 19  5.191692e-03
 20  4.689321e-03
 21  4.307230e-03
 22  3.966473e-03
 23  3.745056e-03
 24  3.474190e-03
 25  3.298541e-03
 26  3.131917e-03
 27  2.943544e-03
 28  2.700478e-03
 29  2.372086e-03
 30  2.038076e-03
 31  1.742745e-03
 32  1.413532e-03
 33  1.159400e-03
 34  9.461987e-04
 Iteration CPU time: 8 s
 CFIE residual: 0.000946199

 Iseg, Irank, Idinc : 1, 16, 102
 Thata, Phi : 90.000000, 101.000000
 Maximun iteration: 300
 Number of recycle truncation: 30
 Final matrix dimension:  36708
 Residual error:0.001000
 0  6.133180e-01
 1  3.497872e-01
 2  2.195285e-01
 3  1.485915e-01
 4  1.041859e-01
 5  7.827444e-02
 6  6.054807e-02
 7  4.726398e-02
 8  3.735315e-02
 9  3.068612e-02
 10  2.494125e-02
 11  1.991625e-02
 12  1.593187e-02
 13  1.313677e-02
 14  1.091563e-02
 15  8.781246e-03
 16  7.334028e-03
 17  6.217258e-03
 18  5.302882e-03
 19  4.656041e-03
 20  4.173764e-03
 21  3.731586e-03
 22  3.350862e-03
 23  3.127748e-03
 24  2.905931e-03
 25  2.734681e-03
 26  2.594804e-03
 27  2.459230e-03
 28  2.288491e-03
 29  2.089849e-03
 30  1.862419e-03
 31  1.622012e-03
 32  1.355183e-03
 33  1.125039e-03
 34  8.940005e-04
 Iteration CPU time: 8 s
 CFIE residual: 0.000894001

 Iseg, Irank, Idinc : 1, 17, 1
 Thata, Phi : 90.000000, 0.000000
 Maximun iteration: 300
 Number of recycle truncation: 30
 Final matrix dimension:  36708
 Residual error:0.001000
 0  5.095699e-01
 1  2.678162e-01
 2  1.736873e-01
 3  1.209327e-01
 4  8.561570e-02
 5  6.465289e-02
 6  5.047472e-02
 7  3.806595e-02
 8  2.884587e-02
 9  2.292847e-02
 10  1.727979e-02
 11  1.384106e-02
 12  1.125869e-02
 13  8.743061e-03
 14  7.047703e-03
 15  5.608347e-03
 16  4.556631e-03
 17  3.758359e-03
 18  3.176143e-03
 19  2.727829e-03
 20  2.340986e-03
 21  2.041813e-03
 22  1.774085e-03
 23  1.529485e-03
 24  1.329690e-03
 25  1.181918e-03
 26  1.082906e-03
 27  1.016602e-03
 28  9.602035e-04
 Iteration CPU time: 7 s
 CFIE residual: 0.000960203

 Iseg, Irank, Idinc : 1, 18, 116
 Thata, Phi : 90.000000, 115.000000
 Maximun iteration: 300
 Number of recycle truncation: 30
 Final matrix dimension:  36708
 Residual error:0.001000
 0  6.454578e-01
 1  3.483798e-01
 2  2.192612e-01
 3  1.534865e-01
 4  1.091009e-01
 5  8.039063e-02
 6  6.130822e-02
 7  4.754418e-02
 8  3.831008e-02
 9  2.983893e-02
 10  2.305983e-02
 11  1.797280e-02
 12  1.484086e-02
 13  1.227073e-02
 14  9.856420e-03
 15  8.097561e-03
 16  6.803157e-03
 17  5.725389e-03
 18  4.904729e-03
 19  4.257557e-03
 20  3.793186e-03
 21  3.364686e-03
 22  3.034202e-03
 23  2.776886e-03
 24  2.583536e-03
 25  2.422567e-03
 26  2.273554e-03
 27  2.149300e-03
 28  2.033056e-03
 29  1.897773e-03
 30  1.722548e-03
 31  1.525994e-03
 32  1.284770e-03
 33  1.046337e-03
 34  8.153727e-04
 Iteration CPU time: 8 s
 CFIE residual: 0.000815373

 Iseg, Irank, Idinc : 1, 19, 80
 Thata, Phi : 90.000000, 79.000000
 Maximun iteration: 300
 Number of recycle truncation: 30
 Final matrix dimension:  36708
 Residual error:0.001000
 0  6.223333e-01
 1  3.556710e-01
 2  2.301178e-01
 3  1.491682e-01
 4  1.069924e-01
 5  8.248338e-02
 6  6.347006e-02
 7  5.051998e-02
 8  3.971095e-02
 9  3.266839e-02
 10  2.556249e-02
 11  1.978648e-02
 12  1.575233e-02
 13  1.312489e-02
 14  1.092489e-02
 15  9.370035e-03
 16  8.083617e-03
 17  6.962141e-03
 18  6.172710e-03
 19  5.589429e-03
 20  5.115779e-03
 21  4.778843e-03
 22  4.504062e-03
 23  4.264591e-03
 24  4.011968e-03
 25  3.769168e-03
 26  3.510741e-03
 27  3.195763e-03
 28  2.900276e-03
 29  2.590054e-03
 30  2.220707e-03
 31  1.866885e-03
 32  1.514574e-03
 33  1.229790e-03
 34  9.600801e-04
 Iteration CPU time: 7 s
 CFIE residual: 0.00096008

 Iseg, Irank, Idinc : 1, 20, 167
 Thata, Phi : 90.000000, 166.000000
 Maximun iteration: 300
 Number of recycle truncation: 30
 Final matrix dimension:  36708
 Residual error:0.001000
 0  5.840507e-01
 1  3.025024e-01
 2  1.886441e-01
 3  1.327036e-01
 4  1.038525e-01
 5  8.183530e-02
 6  6.743159e-02
 7  5.487068e-02
 8  4.578390e-02
 9  3.812101e-02
 10  3.247631e-02
 11  2.706374e-02
 12  2.262975e-02
 13  1.823759e-02
 14  1.507473e-02
 15  1.237499e-02
 16  1.014530e-02
 17  8.288470e-03
 18  6.496548e-03
 19  5.349538e-03
 20  4.353061e-03
 21  3.485100e-03
 22  2.919776e-03
 23  2.479363e-03
 24  2.039009e-03
 25  1.697595e-03
 26  1.441695e-03
 27  1.271880e-03
 28  1.149587e-03
 29  1.071837e-03
 30  1.014959e-03
 31  9.644220e-04
 Iteration CPU time: 8 s
 CFIE residual: 0.000964422

 Iseg, Irank, Idinc : 1, 21, 153
 Thata, Phi : 90.000000, 152.000000
 Maximun iteration: 300
 Number of recycle truncation: 30
 Final matrix dimension:  36708
 Residual error:0.001000
 0  6.336327e-01
 1  3.294521e-01
 2  2.012940e-01
 3  1.352855e-01
 4  1.007228e-01
 5  7.848583e-02
 6  6.237779e-02
 7  4.926619e-02
 8  4.155262e-02
 9  3.518522e-02
 10  2.996007e-02
 11  2.477626e-02
 12  2.007762e-02
 13  1.644403e-02
 14  1.347872e-02
 15  1.102395e-02
 16  8.920358e-03
 17  7.268546e-03
 18  5.885002e-03
 19  4.956915e-03
 20  4.001259e-03
 21  3.342778e-03
 22  2.843801e-03
 23  2.460501e-03
 24  2.133507e-03
 25  1.906220e-03
 26  1.729417e-03
 27  1.598093e-03
 28  1.491715e-03
 29  1.413267e-03
 30  1.343094e-03
 31  1.263345e-03
 32  1.169975e-03
 33  1.047029e-03
 34  9.147199e-04
 Iteration CPU time: 7 s
 CFIE residual: 0.00091472

 Iseg, Irank, Idinc : 1, 22, 16
 Thata, Phi : 90.000000, 15.000000
 Maximun iteration: 300
 Number of recycle truncation: 30
 Final matrix dimension:  36708
 Residual error:0.001000
 0  5.772074e-01
 1  2.825629e-01
 2  1.711772e-01
 3  1.199324e-01
 4  8.484090e-02
 5  6.351164e-02
 6  4.984782e-02
 7  3.848284e-02
 8  3.001696e-02
 9  2.370462e-02
 10  1.885185e-02
 11  1.493452e-02
 12  1.147633e-02
 13  9.181610e-03
 14  7.459078e-03
 15  6.224375e-03
 16  5.120069e-03
 17  4.281964e-03
 18  3.582028e-03
 19  3.038635e-03
 20  2.566432e-03
 21  2.214617e-03
 22  1.900919e-03
 23  1.693319e-03
 24  1.541583e-03
 25  1.421260e-03
 26  1.318888e-03
 27  1.241522e-03
 28  1.175855e-03
 29  1.119522e-03
 30  1.063108e-03
 31  1.002749e-03
 32  9.448404e-04
 Iteration CPU time: 7 s
 CFIE residual: 0.00094484

 Iseg, Irank, Idinc : 1, 23, 181
 Thata, Phi : 90.000000, 180.000000
 Maximun iteration: 300
 Number of recycle truncation: 30
 Final matrix dimension:  36708
 Residual error:0.001000
 0  5.659749e-01
 1  2.998700e-01
 2  1.906496e-01
 3  1.336957e-01
 4  1.045702e-01
 5  8.005675e-02
 6  6.460257e-02
 7  5.426943e-02
 8  4.428458e-02
 9  3.435903e-02
 10  2.683378e-02
 11  2.114714e-02
 12  1.664710e-02
 13  1.296941e-02
 14  1.039350e-02
 15  8.066777e-03
 16  6.112488e-03
 17  4.943454e-03
 18  4.013890e-03
 19  3.186735e-03
 20  2.607938e-03
 21  2.200657e-03
 22  1.850922e-03
 23  1.539831e-03
 24  1.307891e-03
 25  1.133954e-03
 26  9.822530e-04
 Iteration CPU time: 6 s
 CFIE residual: 0.000982253

 Iseg, Irank, Idinc : 1, 24, 58
 Thata, Phi : 90.000000, 57.000000
 Maximun iteration: 300
 Number of recycle truncation: 30
 Final matrix dimension:  36708
 Residual error:0.001000
 0  6.610595e-01
 1  3.445024e-01
 2  2.129508e-01
 3  1.342733e-01
 4  9.570419e-02
 5  7.059710e-02
 6  5.451072e-02
 7  4.289222e-02
 8  3.429455e-02
 9  2.635270e-02
 10  1.987658e-02
 11  1.555488e-02
 12  1.252422e-02
 13  9.969476e-03
 14  8.230851e-03
 15  6.871259e-03
 16  6.071472e-03
 17  5.330578e-03
 18  4.790237e-03
 19  4.439663e-03
 20  4.061330e-03
 21  3.764425e-03
 22  3.582611e-03
 23  3.380030e-03
 24  3.173782e-03
 25  2.951875e-03
 26  2.699904e-03
 27  2.405644e-03
 28  2.078619e-03
 29  1.757416e-03
 30  1.480362e-03
 31  1.192074e-03
 32  9.628012e-04
 Iteration CPU time: 8 s
 CFIE residual: 0.000962801

 Iseg, Irank, Idinc : 1, 25, 129
 Thata, Phi : 90.000000, 128.000000
 Maximun iteration: 300
 Number of recycle truncation: 30
 Final matrix dimension:  36708
 Residual error:0.001000
 0  6.696604e-01
 1  3.521087e-01
 2  2.283705e-01
 3  1.561569e-01
 4  1.117121e-01
 5  8.506653e-02
 6  6.469179e-02
 7  5.037778e-02
 8  3.969882e-02
 9  3.149975e-02
 10  2.506899e-02
 11  1.961904e-02
 12  1.538142e-02
 13  1.258850e-02
 14  1.045603e-02
 15  8.531730e-03
 16  7.025521e-03
 17  5.796931e-03
 18  4.868836e-03
 19  4.249137e-03
 20  3.758430e-03
 21  3.354466e-03
 22  3.041310e-03
 23  2.784985e-03
 24  2.616093e-03
 25  2.437610e-03
 26  2.294676e-03
 27  2.152462e-03
 28  2.041799e-03
 29  1.930751e-03
 30  1.804160e-03
 31  1.640880e-03
 32  1.480638e-03
 33  1.299225e-03
 34  1.144662e-03
 35  9.657116e-04
 Iteration CPU time: 8 s
 CFIE residual: 0.000965712

 Iseg, Irank, Idinc : 1, 26, 5
 Thata, Phi : 90.000000, 4.000000
 Maximun iteration: 300
 Number of recycle truncation: 30
 Final matrix dimension:  36708
 Residual error:0.001000
 0  5.161169e-01
 1  2.694024e-01
 2  1.734671e-01
 3  1.215184e-01
 4  8.674622e-02
 5  6.552806e-02
 6  5.040289e-02
 7  3.781745e-02
 8  2.864525e-02
 9  2.319678e-02
 10  1.817099e-02
 11  1.447883e-02
 12  1.131845e-02
 13  9.206534e-03
 14  7.567575e-03
 15  6.073235e-03
 16  4.961233e-03
 17  4.124188e-03
 18  3.446561e-03
 19  2.990593e-03
 20  2.593174e-03
 21  2.267228e-03
 22  1.936595e-03
 23  1.684858e-03
 24  1.488395e-03
 25  1.336802e-03
 26  1.200958e-03
 27  1.117251e-03
 28  1.045989e-03
 29  9.817813e-04
 Iteration CPU time: 6 s
 CFIE residual: 0.000981781

 Iseg, Irank, Idinc : 1, 27, 172
 Thata, Phi : 90.000000, 171.000000
 Maximun iteration: 300
 Number of recycle truncation: 30
 Final matrix dimension:  36708
 Residual error:0.001000
 0  5.734256e-01
 1  3.003984e-01
 2  1.905006e-01
 3  1.344869e-01
 4  1.058387e-01
 5  8.264347e-02
 6  6.748148e-02
 7  5.602723e-02
 8  4.650893e-02
 9  3.777065e-02
 10  3.103985e-02
 11  2.586547e-02
 12  2.162685e-02
 13  1.763706e-02
 14  1.448444e-02
 15  1.170528e-02
 16  9.810241e-03
 17  7.878986e-03
 18  6.211927e-03
 19  5.060923e-03
 20  4.033670e-03
 21  3.266204e-03
 22  2.734128e-03
 23  2.343265e-03
 24  1.947221e-03
 25  1.608302e-03
 26  1.357644e-03
 27  1.172719e-03
 28  1.044673e-03
 29  9.614396e-04
 Iteration CPU time: 7 s
 CFIE residual: 0.00096144

 Iseg, Irank, Idinc : 1, 28, 37
 Thata, Phi : 90.000000, 36.000000
 Maximun iteration: 300
 Number of recycle truncation: 30
 Final matrix dimension:  36708
 Residual error:0.001000
 0  6.226221e-01
 1  3.116458e-01
 2  1.919273e-01
 3  1.219702e-01
 4  8.331486e-02
 5  6.131410e-02
 6  4.453957e-02
 7  3.369723e-02
 8  2.611891e-02
 9  2.033212e-02
 10  1.585397e-02
 11  1.256179e-02
 12  1.003621e-02
 13  8.306030e-03
 14  6.734103e-03
 15  5.453760e-03
 16  4.504724e-03
 17  3.871880e-03
 18  3.328132e-03
 19  2.924437e-03
 20  2.617892e-03
 21  2.399993e-03
 22  2.213356e-03
 23  2.069428e-03
 24  1.961671e-03
 25  1.858452e-03
 26  1.742340e-03
 27  1.627975e-03
 28  1.519520e-03
 29  1.379787e-03
 30  1.233198e-03
 31  1.081039e-03
 32  9.420728e-04
 Iteration CPU time: 8 s
 CFIE residual: 0.000942073

 Iseg, Irank, Idinc : 1, 29, 141
 Thata, Phi : 90.000000, 140.000000
 Maximun iteration: 300
 Number of recycle truncation: 30
 Final matrix dimension:  36708
 Residual error:0.001000
 0  6.873691e-01
 1  3.524269e-01
 2  2.134799e-01
 3  1.468651e-01
 4  1.074612e-01
 5  8.095584e-02
 6  6.232442e-02
 7  4.915540e-02
 8  4.034176e-02
 9  3.341517e-02
 10  2.752192e-02
 11  2.286903e-02
 12  1.872446e-02
 13  1.527458e-02
 14  1.204101e-02
 15  9.861952e-03
 16  7.902693e-03
 17  6.515390e-03
 18  5.320624e-03
 19  4.356197e-03
 20  3.675789e-03
 21  3.120882e-03
 22  2.738630e-03
 23  2.452861e-03
 24  2.235666e-03
 25  2.076224e-03
 26  1.947496e-03
 27  1.837113e-03
 28  1.748740e-03
 29  1.651749e-03
 30  1.547815e-03
 31  1.421167e-03
 32  1.295511e-03
 33  1.170290e-03
 34  1.041652e-03
 35  9.127579e-04
 Iteration CPU time: 8 s
 CFIE residual: 0.000912758

 Iseg, Irank, Idinc : 1, 30, 69
 Thata, Phi : 90.000000, 68.000000
 Maximun iteration: 300
 Number of recycle truncation: 30
 Final matrix dimension:  36708
 Residual error:0.001000
 0  6.535236e-01
 1  3.653468e-01
 2  2.326795e-01
 3  1.494349e-01
 4  1.072741e-01
 5  8.162247e-02
 6  6.243278e-02
 7  4.872555e-02
 8  4.023917e-02
 9  3.234899e-02
 10  2.526940e-02
 11  1.956091e-02
 12  1.561179e-02
 13  1.295276e-02
 14  1.088220e-02
 15  9.114422e-03
 16  7.907430e-03
 17  7.052056e-03
 18  6.372699e-03
 19  5.772209e-03
 20  5.272894e-03
 21  4.882239e-03
 22  4.612549e-03
 23  4.375999e-03
 24  4.128830e-03
 25  3.852860e-03
 26  3.530020e-03
 27  3.182712e-03
 28  2.801511e-03
 29  2.400060e-03
 30  1.953141e-03
 31  1.587097e-03
 32  1.293534e-03
 33  1.030585e-03
 34  8.090437e-04
 Iteration CPU time: 8 s
 CFIE residual: 0.000809044

 Iseg, Irank, Idinc : 1, 31, 27
 Thata, Phi : 90.000000, 26.000000
 Maximun iteration: 300
 Number of recycle truncation: 30
 Final matrix dimension:  36708
 Residual error:0.001000
 0  6.348840e-01
 1  2.980955e-01
 2  1.684921e-01
 3  1.100629e-01
 4  7.710525e-02
 5  5.665420e-02
 6  4.201230e-02
 7  3.169723e-02
 8  2.508517e-02
 9  2.071270e-02
 10  1.655115e-02
 11  1.310123e-02
 12  1.041423e-02
 13  8.902078e-03
 14  7.151652e-03
 15  5.997919e-03
 16  4.991095e-03
 17  4.180598e-03
 18  3.502900e-03
 19  3.027482e-03
 20  2.580009e-03
 21  2.233913e-03
 22  1.979290e-03
 23  1.801283e-03
 24  1.681420e-03
 25  1.571389e-03
 26  1.472355e-03
 27  1.396106e-03
 28  1.320778e-03
 29  1.243824e-03
 30  1.167713e-03
 31  1.083938e-03
 32  9.962131e-04
 Iteration CPU time: 7 s
 CFIE residual: 0.000996213

 Iseg, Irank, Idinc : 1, 32, 98
 Thata, Phi : 90.000000, 97.000000
 Maximun iteration: 300
 Number of recycle truncation: 30
 Final matrix dimension:  36708
 Residual error:0.001000
 0  6.125765e-01
 1  3.490653e-01
 2  2.197496e-01
 3  1.467233e-01
 4  1.047687e-01
 5  7.931002e-02
 6  6.069970e-02
 7  4.864090e-02
 8  3.837549e-02
 9  3.038024e-02
 10  2.478008e-02
 11  1.978717e-02
 12  1.615442e-02
 13  1.335327e-02
 14  1.091133e-02
 15  8.896208e-03
 16  7.450277e-03
 17  6.377165e-03
 18  5.496072e-03
 19  4.857130e-03
 20  4.368201e-03
 21  3.953035e-03
 22  3.593980e-03
 23  3.372861e-03
 24  3.147326e-03
 25  2.996361e-03
 26  2.845196e-03
 27  2.693672e-03
 28  2.499317e-03
 29  2.242324e-03
 30  1.960420e-03
 31  1.674536e-03
 32  1.369203e-03
 33  1.128673e-03
 34  9.088013e-04
 Iteration CPU time: 8 s
 CFIE residual: 0.000908801

 Iseg, Irank, Idinc : 1, 33, 175
 Thata, Phi : 90.000000, 174.000000
 Maximun iteration: 300
 Number of recycle truncation: 30
 Final matrix dimension:  36708
 Residual error:0.001000
 0  5.694756e-01
 1  3.000539e-01
 2  1.908013e-01
 3  1.343849e-01
 4  1.056491e-01
 5  8.207396e-02
 6  6.650499e-02
 7  5.559965e-02
 8  4.588093e-02
 9  3.644007e-02
 10  2.911799e-02
 11  2.394424e-02
 12  1.983085e-02
 13  1.581367e-02
 14  1.315053e-02
 15  1.057203e-02
 16  8.772967e-03
 17  7.024225e-03
 18  5.624512e-03
 19  4.572850e-03
 20  3.639806e-03
 21  2.986696e-03
 22  2.501058e-03
 23  2.150096e-03
 24  1.805872e-03
 25  1.500954e-03
 26  1.271177e-03
 27  1.093713e-03
 28  9.711338e-04
 Iteration CPU time: 7 s
 CFIE residual: 0.000971134

 Iseg, Irank, Idinc : 1, 34, 3
 Thata, Phi : 90.000000, 2.000000
 Maximun iteration: 300
 Number of recycle truncation: 30
 Final matrix dimension:  36708
 Residual error:0.001000
 0  5.112599e-01
 1  2.682302e-01
 2  1.736214e-01
 3  1.210707e-01
 4  8.591379e-02
 5  6.491005e-02
 6  5.043490e-02
 7  3.796167e-02
 8  2.874095e-02
 9  2.297813e-02
 10  1.760318e-02
 11  1.417552e-02
 12  1.128986e-02
 13  9.005742e-03
 14  7.322212e-03
 15  5.904081e-03
 16  4.856252e-03
 17  4.032967e-03
 18  3.366755e-03
 19  2.916463e-03
 20  2.542559e-03
 21  2.225876e-03
 22  1.905347e-03
 23  1.649400e-03
 24  1.453888e-03
 25  1.297260e-03
 26  1.152872e-03
 27  1.068303e-03
 28  1.001799e-03
 29  9.429474e-04
 Iteration CPU time: 7 s
 CFIE residual: 0.000942947

 Iseg, Irank, Idinc : 1, 35, 163
 Thata, Phi : 90.000000, 162.000000
 Maximun iteration: 300
 Number of recycle truncation: 30
 Final matrix dimension:  36708
 Residual error:0.001000
 0  5.972375e-01
 1  3.069655e-01
 2  1.881941e-01
 3  1.304504e-01
 4  1.010666e-01
 5  8.056853e-02
 6  6.587211e-02
 7  5.296439e-02
 8  4.472291e-02
 9  3.828786e-02
 10  3.249684e-02
 11  2.688740e-02
 12  2.262127e-02
 13  1.823100e-02
 14  1.504856e-02
 15  1.232146e-02
 16  1.015577e-02
 17  8.273979e-03
 18  6.554712e-03
 19  5.429413e-03
 20  4.356992e-03
 21  3.540616e-03
 22  2.980769e-03
 23  2.514553e-03
 24  2.108119e-03
 25  1.803095e-03
 26  1.562304e-03
 27  1.410353e-03
 28  1.292018e-03
 29  1.215322e-03
 30  1.157141e-03
 31  1.103095e-03
 32  1.047342e-03
 33  9.749238e-04
 Iteration CPU time: 7 s
 CFIE residual: 0.000974924

 Iseg, Irank, Idinc : 1, 36, 47
 Thata, Phi : 90.000000, 46.000000
 Maximun iteration: 300
 Number of recycle truncation: 30
 Final matrix dimension:  36708
 Residual error:0.001000
 0  6.363999e-01
 1  3.244786e-01
 2  2.028735e-01
 3  1.328592e-01
 4  9.440160e-02
 5  7.082872e-02
 6  5.279505e-02
 7  4.063276e-02
 8  3.113176e-02
 9  2.381459e-02
 10  1.827760e-02
 11  1.394805e-02
 12  1.106250e-02
 13  8.950250e-03
 14  7.387982e-03
 15  6.134456e-03
 16  5.200904e-03
 17  4.519631e-03
 18  4.060801e-03
 19  3.677980e-03
 20  3.331011e-03
 21  3.097655e-03
 22  2.907447e-03
 23  2.737793e-03
 24  2.578728e-03
 25  2.435838e-03
 26  2.247603e-03
 27  2.045816e-03
 28  1.813264e-03
 29  1.557319e-03
 30  1.324104e-03
 31  1.103423e-03
 32  9.184811e-04
 Iteration CPU time: 8 s
 CFIE residual: 0.000918481

 Iseg, Irank, Idinc : 1, 37, 119
 Thata, Phi : 90.000000, 118.000000
 Maximun iteration: 300
 Number of recycle truncation: 30
 Final matrix dimension:  36708
 Residual error:0.001000
 0  6.484244e-01
 1  3.450122e-01
 2  2.205348e-01
 3  1.539624e-01
 4  1.092252e-01
 5  8.095393e-02
 6  6.255511e-02
 7  4.863721e-02
 8  3.846963e-02
 9  2.995138e-02
 10  2.337533e-02
 11  1.845835e-02
 12  1.505249e-02
 13  1.225505e-02
 14  9.923831e-03
 15  8.291746e-03
 16  6.943057e-03
 17  5.913885e-03
 18  5.049843e-03
 19  4.401781e-03
 20  3.893488e-03
 21  3.472271e-03
 22  3.120586e-03
 23  2.847002e-03
 24  2.649569e-03
 25  2.466224e-03
 26  2.327090e-03
 27  2.195448e-03
 28  2.081015e-03
 29  1.940612e-03
 30  1.781245e-03
 31  1.596470e-03
 32  1.354437e-03
 33  1.093548e-03
 34  8.691101e-04
 Iteration CPU time: 8 s
 CFIE residual: 0.00086911

 Iseg, Irank, Idinc : 1, 38, 180
 Thata, Phi : 90.000000, 179.000000
 Maximun iteration: 300
 Number of recycle truncation: 30
 Final matrix dimension:  36708
 Residual error:0.001000
 0  5.660948e-01
 1  2.998777e-01
 2  1.906606e-01
 3  1.337272e-01
 4  1.046219e-01
 5  8.016381e-02
 6  6.469724e-02
 7  5.435556e-02
 8  4.438916e-02
 9  3.446172e-02
 10  2.692381e-02
 11  2.129126e-02
 12  1.690233e-02
 13  1.319884e-02
 14  1.069652e-02
 15  8.269158e-03
 16  6.413374e-03
 17  5.208640e-03
 18  4.293785e-03
 19  3.448194e-03
 20  2.742488e-03
 21  2.290158e-03
 22  1.930524e-03
 23  1.644414e-03
 24  1.401232e-03
 25  1.195256e-03
 26  1.024577e-03
 27  8.941776e-04
 Iteration CPU time: 6 s
 CFIE residual: 0.000894178

 Iseg, Irank, Idinc : 1, 39, 13
 Thata, Phi : 90.000000, 12.000000
 Maximun iteration: 300
 Number of recycle truncation: 30
 Final matrix dimension:  36708
 Residual error:0.001000
 0  5.570790e-01
 1  2.784205e-01
 2  1.727626e-01
 3  1.223133e-01
 4  8.718559e-02
 5  6.528630e-02
 6  5.101876e-02
 7  3.926245e-02
 8  3.058345e-02
 9  2.423594e-02
 10  1.905442e-02
 11  1.485755e-02
 12  1.149082e-02
 13  9.282492e-03
 14  7.539330e-03
 15  6.178487e-03
 16  5.064779e-03
 17  4.228961e-03
 18  3.572946e-03
 19  3.053967e-03
 20  2.577946e-03
 21  2.247083e-03
 22  1.922380e-03
 23  1.707047e-03
 24  1.544416e-03
 25  1.419746e-03
 26  1.318038e-03
 27  1.230252e-03
 28  1.162785e-03
 29  1.103834e-03
 30  1.046756e-03
 31  9.842508e-04
 Iteration CPU time: 7 s
 CFIE residual: 0.000984251

 Iseg, Irank, Idinc : 1, 40, 90
 Thata, Phi : 90.000000, 89.000000
 Maximun iteration: 300
 Number of recycle truncation: 30
 Final matrix dimension:  36708
 Residual error:0.001000
 0  6.143315e-01
 1  3.506897e-01
 2  2.245672e-01
 3  1.521390e-01
 4  1.083356e-01
 5  8.432536e-02
 6  6.546284e-02
 7  5.168553e-02
 8  4.163578e-02
 9  3.411773e-02
 10  2.693103e-02
 11  2.084108e-02
 12  1.687688e-02
 13  1.393827e-02
 14  1.152970e-02
 15  9.666576e-03
 16  7.944203e-03
 17  6.830884e-03
 18  5.979698e-03
 19  5.372967e-03
 20  4.904854e-03
 21  4.565474e-03
 22  4.249592e-03
 23  4.009112e-03
 24  3.742348e-03
 25  3.539807e-03
 26  3.331279e-03
 27  3.084254e-03
 28  2.782897e-03
 29  2.433741e-03
 30  2.097924e-03
 31  1.791103e-03
 32  1.455635e-03
 33  1.182123e-03
 34  9.434687e-04
 Iteration CPU time: 8 s
 CFIE residual: 0.000943469
 Last Built End in Sep 21 2025 00:06:12
 Total CPU time: 316 s
 Finished.
