 Last Built Begin in Sep 21 2025 00:06:12
 Pre-Type( Input ):           10
 Skl-Tol ( Input ):    1.0000000000000001E-005
 Wavelength in freespace: 0.0306435

 ################################################
 ##         Generating Required Mesh          ##
 ##         Waiting.....                      ##
 ################################################
 Subd No.      Subd Name
    1    Open-Duct_PRIME_model_meshAA1                                     
 isub,  nnode, npatch,  nedge:
    1      6118     12236     18354
 Scale Factor         >>   1.54999997E-02
 ################################################

 START TIME: 20250922   032819.381


 Informaton for IE geometry:
 number of subdomains     : 1
 maxnode,maxpatch,maxedge : 6118  12236  18354
 
 Index of Mat-Reg: 1
 Mat-Reg Number via MatFlg: 1
 Edge Number of Mat-Reg: 1, 18354

 Number of Edge on PEC: 18354
 Mat-Reg: No Dim(m) Lmax:
    1 0.234    5
 Totlmax, add1, add2:           5           6           7
 rlengmax of Global MLFMA >>   0.23398351105953541     
 Lmax of Global MLFMA >>            5
 Wavenum of Mat-Reg:
    1 1.000

 total area in sq m           =      0.0510
 total area in sq lambda      =     54.2796
 maxnode, maxpatch, maxedge           =     6118    12236    18354
 longest  edge in lambda              =      0.1523
 shortest edge in lambda              =      0.0072
 average  edge in lambda              =      0.1017
 largest  patch area in sq lambda     =      0.0079
 smallest patch area in sq lambda     =      0.0000
 ave    surface area in sq lambda     =      0.0044
 size range of the object in sq lambda =      7.4875

 #### MLFMA Info For Each Region ####
 Mat-Region =            1
 Array dimension parameters:
 maxrule=          14   maxgrid  =          64
 lmax   =           5   ncmax    =        1250
 lsmax  =          26   lsmin    =           7
 kpm    =        1356   kp0      =         102
 ntlm   =      212856   nsm      =      230886
 nkpm   =        2178   niplm    =      139392
 ngnearm=       14257   ngsndm   =       64634
 nearm  =         333   mfinestm =         119
 ###############################

 CFIE Alpha:  0.50000000000000000     

 Fill MLFMA FI for Mat-Reg:           1
 Begin filltl.f
 fill translation matrix
 Level:            2
 fill shifting matrix
 Level:            3
 fill shifting matrix
 Level:            4
 fill shifting matrix
 Level:            5
 fill shifting matrix
 translator time(s):  0.142000005    
 fill interpolation matrix
 ThetaOrder            8
 PhiOrder            8
 lsl            7
 Filling TL                  Delta_CPU=          0.57 Memory(MB)=        653.71
 Filling sndgrp              Delta_CPU=          0.00 Memory(MB)=        653.71
 Filling VFS                 Delta_CPU=          3.20 Memory(MB)=        653.71

 Fill MLFMA NI for Mat-Reg:           1
 Begin fill sparser part of Nearfield
 Begin fill denser part of Nearfield
 End fill
 Filling Amn                 Delta_CPU=         90.89 Memory(MB)=        653.71


 Now testing preconditioner with
 ipretype =           10
 method = cfie_solve_nfrasspspre_pardiso

  
 NBP>>Begin fill sparser part of Nearfield

116.0250% NBP>>Begin fill denser part of Nearfield

200.1041%
 Begin MLFMA Box-Matrix Based Spar-RAS Prec Constructor
 --- Intel MKL PARDISO --- 
 Memory for iGroup: 1 0 MB
 Total Memory For SparRAS Pre: 0 MB
 --- PARDISO PRECONDITIONER INITIALIZED --- 
 Constructing preconditioner CPU time: 4 s
 
 1101240
 Memory for Iteration:: 16.8036 MB

 Iseg, Ninc_S : 1, 181, 0

 Iseg, Skeleton Angles: 1, 40
 Iseg, Skel-Pk Mem(MB): 1, 314.35

 Iseg, Irank, Idinc : 1, 1, 22
 Thata, Phi : 90.000000, 21.000000
 Maximun iteration: 300
 Number of recycle truncation: 30
 Final matrix dimension:  36708
 Residual error:0.001000
 0  6.133505e-01
 1  2.914276e-01
 2  1.659594e-01
 3  1.137226e-01
 4  8.013559e-02
 5  5.928694e-02
 6  4.534885e-02
 7  3.531901e-02
 8  2.784327e-02
 9  2.232168e-02
 10  1.728861e-02
 11  1.385026e-02
 12  1.092118e-02
 13  8.915629e-03
 14  7.300037e-03
 15  6.190879e-03
 16  5.190896e-03
 17  4.376782e-03
 18  3.715439e-03
 19  3.155348e-03
 20  2.752009e-03
 21  2.408385e-03
 22  2.169039e-03
 23  1.984849e-03
 24  1.852126e-03
 25  1.714851e-03
 26  1.581001e-03
 27  1.458982e-03
 28  1.339899e-03
 29  1.225481e-03
 30  1.101601e-03
 31  9.731604e-04
 Iteration CPU time: 7 s
 CFIE residual: 0.00097316

 Iseg, Irank, Idinc : 1, 2, 42
 Thata, Phi : 90.000000, 41.000000
 Maximun iteration: 300
 Number of recycle truncation: 30
 Final matrix dimension:  36708
 Residual error:0.001000
 0  6.263133e-01
 1  3.155941e-01
 2  2.002204e-01
 3  1.302661e-01
 4  8.933371e-02
 5  6.514472e-02
 6  4.819805e-02
 7  3.657036e-02
 8  2.798539e-02
 9  2.142707e-02
 10  1.649504e-02
 11  1.300155e-02
 12  1.057866e-02
 13  8.661033e-03
 14  7.185367e-03
 15  6.069168e-03
 16  5.275718e-03
 17  4.638597e-03
 18  4.212261e-03
 19  3.832328e-03
 20  3.513609e-03
 21  3.241596e-03
 22  2.998853e-03
 23  2.694526e-03
 24  2.434427e-03
 25  2.169422e-03
 26  1.894735e-03
 27  1.595621e-03
 28  1.336522e-03
 29  1.087698e-03
 30  8.789523e-04
 Iteration CPU time: 7 s
 CFIE residual: 0.000878952

 Iseg, Irank, Idinc : 1, 3, 63
 Thata, Phi : 90.000000, 62.000000
 Maximun iteration: 300
 Number of recycle truncation: 30
 Final matrix dimension:  36708
 Residual error:0.001000
 0  6.646957e-01
 1  3.563226e-01
 2  2.218024e-01
 3  1.425036e-01
 4  1.022069e-01
 5  7.779162e-02
 6  5.940397e-02
 7  4.591941e-02
 8  3.659611e-02
 9  2.934093e-02
 10  2.291166e-02
 11  1.847580e-02
 12  1.458070e-02
 13  1.195759e-02
 14  1.007593e-02
 15  8.682487e-03
 16  7.796051e-03
 17  7.145760e-03
 18  6.539248e-03
 19  5.971796e-03
 20  5.506539e-03
 21  5.030288e-03
 22  4.565366e-03
 23  4.148083e-03
 24  3.660245e-03
 25  3.118462e-03
 26  2.657307e-03
 27  2.169540e-03
 28  1.735272e-03
 29  1.384700e-03
 30  1.065224e-03
 31  8.246524e-04
 Iteration CPU time: 7 s
 CFIE residual: 0.000824652

 Iseg, Irank, Idinc : 1, 4, 109
 Thata, Phi : 90.000000, 108.000000
 Maximun iteration: 300
 Number of recycle truncation: 30
 Final matrix dimension:  36708
 Residual error:0.001000
 0  6.307065e-01
 1  3.567728e-01
 2  2.241890e-01
 3  1.542685e-01
 4  1.081751e-01
 5  8.135103e-02
 6  6.284633e-02
 7  4.821736e-02
 8  3.793659e-02
 9  3.085411e-02
 10  2.401856e-02
 11  1.889285e-02
 12  1.530900e-02
 13  1.265945e-02
 14  1.039107e-02
 15  8.578436e-03
 16  7.197034e-03
 17  6.167262e-03
 18  5.374069e-03
 19  4.717149e-03
 20  4.195961e-03
 21  3.775840e-03
 22  3.431458e-03
 23  3.125061e-03
 24  2.891417e-03
 25  2.640724e-03
 26  2.404721e-03
 27  2.149037e-03
 28  1.862362e-03
 29  1.573992e-03
 30  1.315737e-03
 31  1.051369e-03
 32  8.125155e-04
 Iteration CPU time: 8 s
 CFIE residual: 0.000812516

 Iseg, Irank, Idinc : 1, 5, 147
 Thata, Phi : 90.000000, 146.000000
 Maximun iteration: 300
 Number of recycle truncation: 30
 Final matrix dimension:  36708
 Residual error:0.001000
 0  6.508441e-01
 1  3.448932e-01
 2  2.082746e-01
 3  1.440352e-01
 4  1.044425e-01
 5  8.009115e-02
 6  6.310459e-02
 7  4.970614e-02
 8  4.169253e-02
 9  3.491376e-02
 10  2.940431e-02
 11  2.480517e-02
 12  2.033896e-02
 13  1.617411e-02
 14  1.304556e-02
 15  1.055453e-02
 16  8.472013e-03
 17  7.063249e-03
 18  5.823067e-03
 19  4.802995e-03
 20  4.014055e-03
 21  3.373064e-03
 22  2.924562e-03
 23  2.591424e-03
 24  2.308703e-03
 25  2.127473e-03
 26  1.971406e-03
 27  1.820540e-03
 28  1.660101e-03
 29  1.500762e-03
 30  1.334734e-03
 31  1.132389e-03
 32  9.280926e-04
 Iteration CPU time: 8 s
 CFIE residual: 0.000928093

 Iseg, Irank, Idinc : 1, 6, 73
 Thata, Phi : 90.000000, 72.000000
 Maximun iteration: 300
 Number of recycle truncation: 30
 Final matrix dimension:  36708
 Residual error:0.001000
 0  6.452072e-01
 1  3.684624e-01
 2  2.389279e-01
 3  1.510700e-01
 4  1.062175e-01
 5  8.097226e-02
 6  6.327349e-02
 7  4.979283e-02
 8  3.998476e-02
 9  3.324913e-02
 10  2.598270e-02
 11  2.063407e-02
 12  1.664420e-02
 13  1.408483e-02
 14  1.209678e-02
 15  1.055579e-02
 16  9.333378e-03
 17  8.457640e-03
 18  7.696846e-03
 19  7.014876e-03
 20  6.457046e-03
 21  5.929593e-03
 22  5.427519e-03
 23  4.951589e-03
 24  4.432385e-03
 25  3.923712e-03
 26  3.377725e-03
 27  2.840795e-03
 28  2.357241e-03
 29  1.912993e-03
 30  1.523115e-03
 31  1.204777e-03
 32  9.300967e-04
 Iteration CPU time: 7 s
 CFIE residual: 0.000930097

 Iseg, Irank, Idinc : 1, 7, 84
 Thata, Phi : 90.000000, 83.000000
 Maximun iteration: 300
 Number of recycle truncation: 30
 Final matrix dimension:  36708
 Residual error:0.001000
 0  6.204636e-01
 1  3.537060e-01
 2  2.294161e-01
 3  1.551117e-01
 4  1.114568e-01
 5  8.670204e-02
 6  6.663895e-02
 7  5.307921e-02
 8  4.225886e-02
 9  3.465589e-02
 10  2.727684e-02
 11  2.095492e-02
 12  1.655728e-02
 13  1.363943e-02
 14  1.151006e-02
 15  9.951037e-03
 16  8.750949e-03
 17  7.768612e-03
 18  7.018029e-03
 19  6.417453e-03
 20  5.937964e-03
 21  5.504994e-03
 22  5.075170e-03
 23  4.631282e-03
 24  4.132567e-03
 25  3.660818e-03
 26  3.217426e-03
 27  2.776941e-03
 28  2.343808e-03
 29  1.906518e-03
 30  1.543130e-03
 31  1.260053e-03
 32  1.002744e-03
 33  7.977273e-04
 Iteration CPU time: 8 s
 CFIE residual: 0.000797727

 Iseg, Irank, Idinc : 1, 8, 159
 Thata, Phi : 90.000000, 158.000000
 Maximun iteration: 300
 Number of recycle truncation: 30
 Final matrix dimension:  36708
 Residual error:0.001000
 0  6.098246e-01
 1  3.132343e-01
 2  1.911277e-01
 3  1.309957e-01
 4  9.996187e-02
 5  7.975181e-02
 6  6.423344e-02
 7  5.149827e-02
 8  4.409450e-02
 9  3.799062e-02
 10  3.177051e-02
 11  2.633611e-02
 12  2.141731e-02
 13  1.758919e-02
 14  1.421911e-02
 15  1.158366e-02
 16  9.363432e-03
 17  7.711877e-03
 18  6.221192e-03
 19  5.149483e-03
 20  4.202713e-03
 21  3.510761e-03
 22  3.012535e-03
 23  2.637012e-03
 24  2.329468e-03
 25  2.039775e-03
 26  1.851282e-03
 27  1.697313e-03
 28  1.572492e-03
 29  1.456519e-03
 30  1.348716e-03
 31  1.238200e-03
 32  1.097790e-03
 33  9.547917e-04
 Iteration CPU time: 8 s
 CFIE residual: 0.000954792

 Iseg, Irank, Idinc : 1, 9, 121
 Thata, Phi : 90.000000, 120.000000
 Maximun iteration: 300
 Number of recycle truncation: 30
 Final matrix dimension:  36708
 Residual error:0.001000
 0  6.517470e-01
 1  3.450864e-01
 2  2.246690e-01
 3  1.562534e-01
 4  1.106922e-01
 5  8.318791e-02
 6  6.399949e-02
 7  5.006918e-02
 8  3.870285e-02
 9  3.014453e-02
 10  2.362148e-02
 11  1.870645e-02
 12  1.526619e-02
 13  1.253164e-02
 14  1.022249e-02
 15  8.732780e-03
 16  7.380051e-03
 17  6.377857e-03
 18  5.596275e-03
 19  4.914823e-03
 20  4.359050e-03
 21  3.947821e-03
 22  3.573959e-03
 23  3.252751e-03
 24  2.967686e-03
 25  2.737118e-03
 26  2.496990e-03
 27  2.280844e-03
 28  2.075163e-03
 29  1.822098e-03
 30  1.569231e-03
 31  1.312623e-03
 32  1.048398e-03
 33  8.038930e-04
 Iteration CPU time: 7 s
 CFIE residual: 0.000803893

 Iseg, Irank, Idinc : 1, 10, 132
 Thata, Phi : 90.000000, 131.000000
 Maximun iteration: 300
 Number of recycle truncation: 30
 Final matrix dimension:  36708
 Residual error:0.001000
 0  6.861209e-01
 1  3.595433e-01
 2  2.302909e-01
 3  1.562762e-01
 4  1.115506e-01
 5  8.562406e-02
 6  6.527576e-02
 7  5.048685e-02
 8  4.035392e-02
 9  3.172983e-02
 10  2.530997e-02
 11  2.021946e-02
 12  1.609330e-02
 13  1.313751e-02
 14  1.081812e-02
 15  8.860150e-03
 16  7.334848e-03
 17  6.140842e-03
 18  5.200684e-03
 19  4.566156e-03
 20  4.094985e-03
 21  3.705044e-03
 22  3.409773e-03
 23  3.108299e-03
 24  2.874507e-03
 25  2.657161e-03
 26  2.421405e-03
 27  2.220576e-03
 28  2.011140e-03
 29  1.810939e-03
 30  1.572613e-03
 31  1.342818e-03
 32  1.112583e-03
 33  9.154313e-04
 Iteration CPU time: 8 s
 CFIE residual: 0.000915431

 Iseg, Irank, Idinc : 1, 11, 52
 Thata, Phi : 90.000000, 51.000000
 Maximun iteration: 300
 Number of recycle truncation: 30
 Final matrix dimension:  36708
 Residual error:0.001000
 0  6.453000e-01
 1  3.356127e-01
 2  2.075400e-01
 3  1.352004e-01
 4  9.660136e-02
 5  7.169826e-02
 6  5.469357e-02
 7  4.252724e-02
 8  3.268803e-02
 9  2.475578e-02
 10  1.972299e-02
 11  1.546834e-02
 12  1.248841e-02
 13  1.035159e-02
 14  8.743470e-03
 15  7.520027e-03
 16  6.691605e-03
 17  6.004670e-03
 18  5.448492e-03
 19  4.999392e-03
 20  4.524850e-03
 21  4.093862e-03
 22  3.778304e-03
 23  3.419165e-03
 24  2.990531e-03
 25  2.559743e-03
 26  2.192700e-03
 27  1.788814e-03
 28  1.488180e-03
 29  1.181378e-03
 30  9.165263e-04
 Iteration CPU time: 7 s
 CFIE residual: 0.000916526

 Iseg, Irank, Idinc : 1, 12, 32
 Thata, Phi : 90.000000, 31.000000
 Maximun iteration: 300
 Number of recycle truncation: 30
 Final matrix dimension:  36708
 Residual error:0.001000
 0  6.319460e-01
 1  3.059828e-01
 2  1.797697e-01
 3  1.137660e-01
 4  7.998354e-02
 5  5.908070e-02
 6  4.337012e-02
 7  3.270168e-02
 8  2.531344e-02
 9  2.027517e-02
 10  1.627131e-02
 11  1.295864e-02
 12  1.012511e-02
 13  8.495233e-03
 14  6.897324e-03
 15  5.836696e-03
 16  5.011746e-03
 17  4.304417e-03
 18  3.762923e-03
 19  3.289192e-03
 20  2.935433e-03
 21  2.647371e-03
 22  2.446106e-03
 23  2.287094e-03
 24  2.128177e-03
 25  1.950236e-03
 26  1.777507e-03
 27  1.611812e-03
 28  1.433255e-03
 29  1.234142e-03
 30  1.043224e-03
 31  8.673050e-04
 Iteration CPU time: 7 s
 CFIE residual: 0.000867305

 Iseg, Irank, Idinc : 1, 13, 92
 Thata, Phi : 90.000000, 91.000000
 Maximun iteration: 300
 Number of recycle truncation: 30
 Final matrix dimension:  36708
 Residual error:0.001000
 0  6.176435e-01
 1  3.547405e-01
 2  2.263733e-01
 3  1.516236e-01
 4  1.083888e-01
 5  8.470111e-02
 6  6.615867e-02
 7  5.234084e-02
 8  4.203271e-02
 9  3.418792e-02
 10  2.711207e-02
 11  2.158506e-02
 12  1.736478e-02
 13  1.416058e-02
 14  1.194883e-02
 15  1.012511e-02
 16  8.629207e-03
 17  7.555982e-03
 18  6.775979e-03
 19  6.148155e-03
 20  5.653256e-03
 21  5.215750e-03
 22  4.799166e-03
 23  4.416110e-03
 24  3.996645e-03
 25  3.591709e-03
 26  3.208162e-03
 27  2.842036e-03
 28  2.369969e-03
 29  1.895757e-03
 30  1.487546e-03
 31  1.174059e-03
 32  9.265094e-04
 Iteration CPU time: 8 s
 CFIE residual: 0.000926509

 Iseg, Irank, Idinc : 1, 14, 11
 Thata, Phi : 90.000000, 10.000000
 Maximun iteration: 300
 Number of recycle truncation: 30
 Final matrix dimension:  36708
 Residual error:0.001000
 0  5.425282e-01
 1  2.760968e-01
 2  1.728702e-01
 3  1.229013e-01
 4  8.805539e-02
 5  6.646808e-02
 6  5.118698e-02
 7  3.950721e-02
 8  3.061488e-02
 9  2.435255e-02
 10  1.905700e-02
 11  1.480088e-02
 12  1.150068e-02
 13  9.251573e-03
 14  7.541719e-03
 15  6.195266e-03
 16  5.181227e-03
 17  4.333648e-03
 18  3.710620e-03
 19  3.204467e-03
 20  2.783189e-03
 21  2.426832e-03
 22  2.139246e-03
 23  1.889791e-03
 24  1.740304e-03
 25  1.609463e-03
 26  1.498352e-03
 27  1.386539e-03
 28  1.300310e-03
 29  1.204060e-03
 30  1.105421e-03
 31  9.940969e-04
 Iteration CPU time: 7 s
 CFIE residual: 0.000994097

 Iseg, Irank, Idinc : 1, 15, 178
 Thata, Phi : 90.000000, 177.000000
 Maximun iteration: 300
 Number of recycle truncation: 30
 Final matrix dimension:  36708
 Residual error:0.001000
 0  5.603060e-01
 1  2.993517e-01
 2  1.910568e-01
 3  1.349260e-01
 4  1.058949e-01
 5  8.146595e-02
 6  6.627236e-02
 7  5.492783e-02
 8  4.496611e-02
 9  3.515807e-02
 10  2.778742e-02
 11  2.228015e-02
 12  1.778036e-02
 13  1.395334e-02
 14  1.119805e-02
 15  8.838490e-03
 16  6.992052e-03
 17  5.776323e-03
 18  4.687248e-03
 19  3.861264e-03
 20  3.097430e-03
 21  2.550578e-03
 22  2.188516e-03
 23  1.905794e-03
 24  1.641210e-03
 25  1.425680e-03
 26  1.258435e-03
 27  1.117049e-03
 28  1.020488e-03
 29  9.402135e-04
 Iteration CPU time: 7 s
 CFIE residual: 0.000940214

 Iseg, Irank, Idinc : 1, 16, 101
 Thata, Phi : 90.000000, 100.000000
 Maximun iteration: 300
 Number of recycle truncation: 30
 Final matrix dimension:  36708
 Residual error:0.001000
 0  6.156241e-01
 1  3.522415e-01
 2  2.218064e-01
 3  1.494475e-01
 4  1.050832e-01
 5  7.891769e-02
 6  6.083735e-02
 7  4.769806e-02
 8  3.754129e-02
 9  3.021991e-02
 10  2.449608e-02
 11  1.988416e-02
 12  1.585505e-02
 13  1.299301e-02
 14  1.091816e-02
 15  9.073553e-03
 16  7.648776e-03
 17  6.650371e-03
 18  5.878207e-03
 19  5.296070e-03
 20  4.826470e-03
 21  4.414055e-03
 22  3.999180e-03
 23  3.691385e-03
 24  3.393416e-03
 25  3.079451e-03
 26  2.800401e-03
 27  2.529015e-03
 28  2.203784e-03
 29  1.866994e-03
 30  1.552601e-03
 31  1.235567e-03
 32  9.514551e-04
 Iteration CPU time: 8 s
 CFIE residual: 0.000951455

 Iseg, Irank, Idinc : 1, 17, 1
 Thata, Phi : 90.000000, 0.000000
 Maximun iteration: 300
 Number of recycle truncation: 30
 Final matrix dimension:  36708
 Residual error:0.001000
 0  5.082999e-01
 1  2.681356e-01
 2  1.736651e-01
 3  1.207430e-01
 4  8.573964e-02
 5  6.437726e-02
 6  4.969960e-02
 7  3.807923e-02
 8  2.907365e-02
 9  2.272068e-02
 10  1.728904e-02
 11  1.349413e-02
 12  1.119265e-02
 13  8.754525e-03
 14  7.122598e-03
 15  5.625262e-03
 16  4.584165e-03
 17  3.787810e-03
 18  3.244928e-03
 19  2.799697e-03
 20  2.435743e-03
 21  2.154579e-03
 22  1.908594e-03
 23  1.672074e-03
 24  1.502140e-03
 25  1.377495e-03
 26  1.283314e-03
 27  1.200364e-03
 28  1.109529e-03
 29  1.016406e-03
 30  8.935130e-04
 Iteration CPU time: 7 s
 CFIE residual: 0.000893513

 Iseg, Irank, Idinc : 1, 18, 168
 Thata, Phi : 90.000000, 167.000000
 Maximun iteration: 300
 Number of recycle truncation: 30
 Final matrix dimension:  36708
 Residual error:0.001000
 0  5.770196e-01
 1  3.011901e-01
 2  1.889638e-01
 3  1.341825e-01
 4  1.050608e-01
 5  8.306340e-02
 6  6.843357e-02
 7  5.568461e-02
 8  4.646159e-02
 9  3.854591e-02
 10  3.264465e-02
 11  2.708003e-02
 12  2.240295e-02
 13  1.794801e-02
 14  1.468774e-02
 15  1.205671e-02
 16  9.813250e-03
 17  8.023229e-03
 18  6.376003e-03
 19  5.148055e-03
 20  4.218957e-03
 21  3.441258e-03
 22  2.924667e-03
 23  2.479040e-03
 24  2.120254e-03
 25  1.802511e-03
 26  1.554374e-03
 27  1.393013e-03
 28  1.278079e-03
 29  1.186085e-03
 30  1.109443e-03
 31  1.032545e-03
 32  9.393049e-04
 Iteration CPU time: 7 s
 CFIE residual: 0.000939305

 Iseg, Irank, Idinc : 1, 19, 140
 Thata, Phi : 90.000000, 139.000000
 Maximun iteration: 300
 Number of recycle truncation: 30
 Final matrix dimension:  36708
 Residual error:0.001000
 0  6.899214e-01
 1  3.546605e-01
 2  2.168649e-01
 3  1.498264e-01
 4  1.092534e-01
 5  8.291591e-02
 6  6.308391e-02
 7  4.992355e-02
 8  4.125875e-02
 9  3.359928e-02
 10  2.751110e-02
 11  2.291099e-02
 12  1.854277e-02
 13  1.506461e-02
 14  1.185431e-02
 15  9.691439e-03
 16  7.837417e-03
 17  6.538923e-03
 18  5.428214e-03
 19  4.544928e-03
 20  3.939366e-03
 21  3.482372e-03
 22  3.145425e-03
 23  2.840422e-03
 24  2.610508e-03
 25  2.442711e-03
 26  2.267054e-03
 27  2.093800e-03
 28  1.900293e-03
 29  1.715194e-03
 30  1.526135e-03
 31  1.302329e-03
 32  1.097594e-03
 33  9.134569e-04
 Iteration CPU time: 8 s
 CFIE residual: 0.000913457

 Iseg, Irank, Idinc : 1, 20, 115
 Thata, Phi : 90.000000, 114.000000
 Maximun iteration: 300
 Number of recycle truncation: 30
 Final matrix dimension:  36708
 Residual error:0.001000
 0  6.457150e-01
 1  3.509088e-01
 2  2.215281e-01
 3  1.547052e-01
 4  1.096417e-01
 5  8.156966e-02
 6  6.204510e-02
 7  4.805725e-02
 8  3.804698e-02
 9  3.006468e-02
 10  2.327759e-02
 11  1.823154e-02
 12  1.506932e-02
 13  1.254726e-02
 14  1.027814e-02
 15  8.479285e-03
 16  7.198100e-03
 17  6.194792e-03
 18  5.363722e-03
 19  4.686079e-03
 20  4.221263e-03
 21  3.782971e-03
 22  3.451545e-03
 23  3.135583e-03
 24  2.900086e-03
 25  2.657063e-03
 26  2.435341e-03
 27  2.188389e-03
 28  1.955469e-03
 29  1.698058e-03
 30  1.430483e-03
 31  1.135997e-03
 32  8.817655e-04
 Iteration CPU time: 7 s
 CFIE residual: 0.000881766

 Iseg, Irank, Idinc : 1, 21, 78
 Thata, Phi : 90.000000, 77.000000
 Maximun iteration: 300
 Number of recycle truncation: 30
 Final matrix dimension:  36708
 Residual error:0.001000
 0  6.307409e-01
 1  3.624968e-01
 2  2.360651e-01
 3  1.500429e-01
 4  1.057135e-01
 5  8.093868e-02
 6  6.251838e-02
 7  5.071679e-02
 8  3.969845e-02
 9  3.163813e-02
 10  2.544438e-02
 11  2.030804e-02
 12  1.639893e-02
 13  1.375594e-02
 14  1.188572e-02
 15  1.037342e-02
 16  9.161914e-03
 17  8.162907e-03
 18  7.358968e-03
 19  6.745175e-03
 20  6.159279e-03
 21  5.703522e-03
 22  5.234400e-03
 23  4.820892e-03
 24  4.326164e-03
 25  3.869966e-03
 26  3.373572e-03
 27  2.888567e-03
 28  2.431000e-03
 29  2.006784e-03
 30  1.629828e-03
 31  1.293419e-03
 32  1.005911e-03
 33  7.533559e-04
 Iteration CPU time: 7 s
 CFIE residual: 0.000753356

 Iseg, Irank, Idinc : 1, 22, 6
 Thata, Phi : 90.000000, 5.000000
 Maximun iteration: 300
 Number of recycle truncation: 30
 Final matrix dimension:  36708
 Residual error:0.001000
 0  5.181906e-01
 1  2.705841e-01
 2  1.733296e-01
 3  1.217068e-01
 4  8.734621e-02
 5  6.609399e-02
 6  5.054492e-02
 7  3.816888e-02
 8  2.902329e-02
 9  2.331625e-02
 10  1.846555e-02
 11  1.454839e-02
 12  1.140218e-02
 13  9.139943e-03
 14  7.623921e-03
 15  6.165524e-03
 16  5.098332e-03
 17  4.250965e-03
 18  3.605316e-03
 19  3.121836e-03
 20  2.736723e-03
 21  2.390693e-03
 22  2.103367e-03
 23  1.839295e-03
 24  1.665032e-03
 25  1.524014e-03
 26  1.414229e-03
 27  1.316540e-03
 28  1.230083e-03
 29  1.131206e-03
 30  1.026870e-03
 31  9.187254e-04
 Iteration CPU time: 7 s
 CFIE residual: 0.000918725

 Iseg, Irank, Idinc : 1, 23, 181
 Thata, Phi : 90.000000, 180.000000
 Maximun iteration: 300
 Number of recycle truncation: 30
 Final matrix dimension:  36708
 Residual error:0.001000
 0  5.591637e-01
 1  2.993297e-01
 2  1.910287e-01
 3  1.347396e-01
 4  1.055870e-01
 5  8.083255e-02
 6  6.568060e-02
 7  5.443613e-02
 8  4.437092e-02
 9  3.442340e-02
 10  2.700679e-02
 11  2.141171e-02
 12  1.631277e-02
 13  1.273642e-02
 14  9.954402e-03
 15  7.763948e-03
 16  5.955400e-03
 17  4.803614e-03
 18  3.895309e-03
 19  3.073821e-03
 20  2.551954e-03
 21  2.186533e-03
 22  1.875460e-03
 23  1.618160e-03
 24  1.407145e-03
 25  1.255922e-03
 26  1.140733e-03
 27  1.031541e-03
 28  9.517988e-04
 Iteration CPU time: 6 s
 CFIE residual: 0.000951799

 Iseg, Irank, Idinc : 1, 24, 154
 Thata, Phi : 90.000000, 153.000000
 Maximun iteration: 300
 Number of recycle truncation: 30
 Final matrix dimension:  36708
 Residual error:0.001000
 0  6.281293e-01
 1  3.264799e-01
 2  1.990302e-01
 3  1.354280e-01
 4  1.012489e-01
 5  7.940901e-02
 6  6.334655e-02
 7  5.038761e-02
 8  4.283349e-02
 9  3.611883e-02
 10  3.062581e-02
 11  2.554810e-02
 12  2.044675e-02
 13  1.668052e-02
 14  1.348606e-02
 15  1.094112e-02
 16  8.782069e-03
 17  7.233793e-03
 18  5.851493e-03
 19  4.852053e-03
 20  4.051250e-03
 21  3.382205e-03
 22  2.953414e-03
 23  2.598871e-03
 24  2.312457e-03
 25  2.073968e-03
 26  1.907672e-03
 27  1.745751e-03
 28  1.598537e-03
 29  1.475991e-03
 30  1.338012e-03
 31  1.190468e-03
 32  1.014362e-03
 33  8.571839e-04
 Iteration CPU time: 8 s
 CFIE residual: 0.000857184

 Iseg, Irank, Idinc : 1, 25, 17
 Thata, Phi : 90.000000, 16.000000
 Maximun iteration: 300
 Number of recycle truncation: 30
 Final matrix dimension:  36708
 Residual error:0.001000
 0  5.811845e-01
 1  2.841088e-01
 2  1.699307e-01
 3  1.192495e-01
 4  8.452472e-02
 5  6.348908e-02
 6  4.936705e-02
 7  3.842106e-02
 8  3.003416e-02
 9  2.362595e-02
 10  1.841359e-02
 11  1.474324e-02
 12  1.141290e-02
 13  9.145364e-03
 14  7.409607e-03
 15  6.303455e-03
 16  5.270252e-03
 17  4.436220e-03
 18  3.758962e-03
 19  3.194558e-03
 20  2.785842e-03
 21  2.404763e-03
 22  2.143956e-03
 23  1.920525e-03
 24  1.779892e-03
 25  1.653316e-03
 26  1.535524e-03
 27  1.419828e-03
 28  1.323853e-03
 29  1.225213e-03
 30  1.113572e-03
 31  9.991304e-04
 Iteration CPU time: 7 s
 CFIE residual: 0.00099913

 Iseg, Irank, Idinc : 1, 26, 57
 Thata, Phi : 90.000000, 56.000000
 Maximun iteration: 300
 Number of recycle truncation: 30
 Final matrix dimension:  36708
 Residual error:0.001000
 0  6.589455e-01
 1  3.432031e-01
 2  2.128960e-01
 3  1.352298e-01
 4  9.643282e-02
 5  7.045104e-02
 6  5.446998e-02
 7  4.318466e-02
 8  3.458454e-02
 9  2.652362e-02
 10  2.014111e-02
 11  1.606874e-02
 12  1.314928e-02
 13  1.082709e-02
 14  9.087047e-03
 15  7.773231e-03
 16  6.991662e-03
 17  6.312422e-03
 18  5.716669e-03
 19  5.227264e-03
 20  4.803340e-03
 21  4.386245e-03
 22  3.937365e-03
 23  3.548956e-03
 24  3.113097e-03
 25  2.684126e-03
 26  2.262891e-03
 27  1.882417e-03
 28  1.529029e-03
 29  1.211765e-03
 30  9.470654e-04
 Iteration CPU time: 7 s
 CFIE residual: 0.000947065

 Iseg, Irank, Idinc : 1, 27, 173
 Thata, Phi : 90.000000, 172.000000
 Maximun iteration: 300
 Number of recycle truncation: 30
 Final matrix dimension:  36708
 Residual error:0.001000
 0  5.663229e-01
 1  2.995937e-01
 2  1.907685e-01
 3  1.354007e-01
 4  1.065991e-01
 5  8.312426e-02
 6  6.811894e-02
 7  5.603822e-02
 8  4.644438e-02
 9  3.749459e-02
 10  3.074511e-02
 11  2.533031e-02
 12  2.093822e-02
 13  1.678096e-02
 14  1.374719e-02
 15  1.118791e-02
 16  9.234418e-03
 17  7.490059e-03
 18  5.902421e-03
 19  4.817873e-03
 20  3.895809e-03
 21  3.154397e-03
 22  2.687182e-03
 23  2.300462e-03
 24  1.957105e-03
 25  1.672433e-03
 26  1.440990e-03
 27  1.274337e-03
 28  1.159815e-03
 29  1.070946e-03
 30  1.005572e-03
 31  9.318399e-04
 Iteration CPU time: 8 s
 CFIE residual: 0.00093184

 Iseg, Irank, Idinc : 1, 28, 127
 Thata, Phi : 90.000000, 126.000000
 Maximun iteration: 300
 Number of recycle truncation: 30
 Final matrix dimension:  36708
 Residual error:0.001000
 0  6.627069e-01
 1  3.494471e-01
 2  2.293088e-01
 3  1.575389e-01
 4  1.124996e-01
 5  8.599264e-02
 6  6.550861e-02
 7  5.090556e-02
 8  3.979835e-02
 9  3.105303e-02
 10  2.467551e-02
 11  1.961407e-02
 12  1.546740e-02
 13  1.265719e-02
 14  1.044788e-02
 15  8.881570e-03
 16  7.467840e-03
 17  6.372867e-03
 18  5.469740e-03
 19  4.796135e-03
 20  4.323941e-03
 21  3.912946e-03
 22  3.577661e-03
 23  3.296300e-03
 24  3.011574e-03
 25  2.769739e-03
 26  2.548435e-03
 27  2.355873e-03
 28  2.148814e-03
 29  1.954715e-03
 30  1.720834e-03
 31  1.478930e-03
 32  1.233879e-03
 33  1.013373e-03
 34  8.208863e-04
 Iteration CPU time: 8 s
 CFIE residual: 0.000820886

 Iseg, Irank, Idinc : 1, 29, 37
 Thata, Phi : 90.000000, 36.000000
 Maximun iteration: 300
 Number of recycle truncation: 30
 Final matrix dimension:  36708
 Residual error:0.001000
 0  6.221736e-01
 1  3.124690e-01
 2  1.927717e-01
 3  1.225638e-01
 4  8.372011e-02
 5  6.151248e-02
 6  4.498358e-02
 7  3.388028e-02
 8  2.611144e-02
 9  2.030903e-02
 10  1.597143e-02
 11  1.277737e-02
 12  1.016909e-02
 13  8.406026e-03
 14  6.938124e-03
 15  5.869700e-03
 16  4.991470e-03
 17  4.344753e-03
 18  3.862207e-03
 19  3.440799e-03
 20  3.119310e-03
 21  2.862476e-03
 22  2.659174e-03
 23  2.440360e-03
 24  2.251159e-03
 25  2.053830e-03
 26  1.830516e-03
 27  1.603541e-03
 28  1.393432e-03
 29  1.170667e-03
 30  9.676714e-04
 Iteration CPU time: 7 s
 CFIE residual: 0.000967671

 Iseg, Irank, Idinc : 1, 30, 96
 Thata, Phi : 90.000000, 95.000000
 Maximun iteration: 300
 Number of recycle truncation: 30
 Final matrix dimension:  36708
 Residual error:0.001000
 0  6.167423e-01
 1  3.532936e-01
 2  2.234840e-01
 3  1.487493e-01
 4  1.067809e-01
 5  8.192191e-02
 6  6.346479e-02
 7  5.065922e-02
 8  4.034454e-02
 9  3.247841e-02
 10  2.592879e-02
 11  2.072083e-02
 12  1.677397e-02
 13  1.387131e-02
 14  1.163326e-02
 15  9.681000e-03
 16  8.228452e-03
 17  7.191957e-03
 18  6.391465e-03
 19  5.780355e-03
 20  5.290960e-03
 21  4.842037e-03
 22  4.427231e-03
 23  4.105486e-03
 24  3.748871e-03
 25  3.402296e-03
 26  3.079104e-03
 27  2.740964e-03
 28  2.341969e-03
 29  1.909886e-03
 30  1.504789e-03
 31  1.195682e-03
 32  9.151842e-04
 Iteration CPU time: 7 s
 CFIE residual: 0.000915184

 Iseg, Irank, Idinc : 1, 31, 3
 Thata, Phi : 90.000000, 2.000000
 Maximun iteration: 300
 Number of recycle truncation: 30
 Final matrix dimension:  36708
 Residual error:0.001000
 0  5.099793e-01
 1  2.685590e-01
 2  1.735917e-01
 3  1.208914e-01
 4  8.603618e-02
 5  6.475438e-02
 6  4.987216e-02
 7  3.799536e-02
 8  2.895089e-02
 9  2.273746e-02
 10  1.756060e-02
 11  1.397501e-02
 12  1.132064e-02
 13  8.905717e-03
 14  7.334982e-03
 15  5.939355e-03
 16  4.936302e-03
 17  4.110546e-03
 18  3.473317e-03
 19  3.008652e-03
 20  2.640382e-03
 21  2.334984e-03
 22  2.051386e-03
 23  1.785227e-03
 24  1.603325e-03
 25  1.461577e-03
 26  1.345990e-03
 27  1.254149e-03
 28  1.164637e-03
 29  1.071747e-03
 30  9.626928e-04
 Iteration CPU time: 7 s
 CFIE residual: 0.000962693

 Iseg, Irank, Idinc : 1, 32, 164
 Thata, Phi : 90.000000, 163.000000
 Maximun iteration: 300
 Number of recycle truncation: 30
 Final matrix dimension:  36708
 Residual error:0.001000
 0  5.898251e-01
 1  3.047427e-01
 2  1.876972e-01
 3  1.318602e-01
 4  1.023221e-01
 5  8.190618e-02
 6  6.698501e-02
 7  5.408899e-02
 8  4.552279e-02
 9  3.870540e-02
 10  3.283470e-02
 11  2.722397e-02
 12  2.253537e-02
 13  1.820992e-02
 14  1.476510e-02
 15  1.211749e-02
 16  9.859829e-03
 17  8.135975e-03
 18  6.557319e-03
 19  5.275760e-03
 20  4.332516e-03
 21  3.551054e-03
 22  3.004863e-03
 23  2.547986e-03
 24  2.199106e-03
 25  1.883871e-03
 26  1.672325e-03
 27  1.517079e-03
 28  1.402659e-03
 29  1.308173e-03
 30  1.219792e-03
 31  1.136656e-03
 32  1.028194e-03
 33  9.095781e-04
 Iteration CPU time: 8 s
 CFIE residual: 0.000909578

 Iseg, Irank, Idinc : 1, 33, 68
 Thata, Phi : 90.000000, 67.000000
 Maximun iteration: 300
 Number of recycle truncation: 30
 Final matrix dimension:  36708
 Residual error:0.001000
 0  6.584708e-01
 1  3.658370e-01
 2  2.317659e-01
 3  1.498978e-01
 4  1.083049e-01
 5  8.203122e-02
 6  6.288801e-02
 7  4.942037e-02
 8  4.006820e-02
 9  3.281699e-02
 10  2.574006e-02
 11  2.030397e-02
 12  1.623739e-02
 13  1.353590e-02
 14  1.152502e-02
 15  1.006957e-02
 16  9.044000e-03
 17  8.193928e-03
 18  7.473995e-03
 19  6.797481e-03
 20  6.248599e-03
 21  5.706159e-03
 22  5.243720e-03
 23  4.795780e-03
 24  4.255918e-03
 25  3.702220e-03
 26  3.160410e-03
 27  2.632551e-03
 28  2.136862e-03
 29  1.716831e-03
 30  1.343844e-03
 31  1.049444e-03
 32  8.134466e-04
 Iteration CPU time: 7 s
 CFIE residual: 0.000813447

 Iseg, Irank, Idinc : 1, 34, 27
 Thata, Phi : 90.000000, 26.000000
 Maximun iteration: 300
 Number of recycle truncation: 30
 Final matrix dimension:  36708
 Residual error:0.001000
 0  6.331890e-01
 1  2.986446e-01
 2  1.682694e-01
 3  1.101488e-01
 4  7.749241e-02
 5  5.703440e-02
 6  4.255756e-02
 7  3.227991e-02
 8  2.522420e-02
 9  2.061560e-02
 10  1.654300e-02
 11  1.307040e-02
 12  1.039289e-02
 13  8.729762e-03
 14  7.211995e-03
 15  6.044634e-03
 16  5.215803e-03
 17  4.397015e-03
 18  3.778734e-03
 19  3.241534e-03
 20  2.843442e-03
 21  2.509216e-03
 22  2.284509e-03
 23  2.121907e-03
 24  1.983774e-03
 25  1.826407e-03
 26  1.683016e-03
 27  1.540215e-03
 28  1.392066e-03
 29  1.250918e-03
 30  1.088427e-03
 31  9.341755e-04
 Iteration CPU time: 7 s
 CFIE residual: 0.000934175

 Iseg, Irank, Idinc : 1, 35, 180
 Thata, Phi : 90.000000, 179.000000
 Maximun iteration: 300
 Number of recycle truncation: 30
 Final matrix dimension:  36708
 Residual error:0.001000
 0  5.593057e-01
 1  2.993343e-01
 2  1.910349e-01
 3  1.347652e-01
 4  1.056277e-01
 5  8.091461e-02
 6  6.575639e-02
 7  5.450732e-02
 8  4.445904e-02
 9  3.452428e-02
 10  2.710955e-02
 11  2.153415e-02
 12  1.658180e-02
 13  1.296037e-02
 14  1.021149e-02
 15  7.986460e-03
 16  6.166181e-03
 17  5.042234e-03
 18  4.136998e-03
 19  3.367207e-03
 20  2.709991e-03
 21  2.270774e-03
 22  1.964561e-03
 23  1.717336e-03
 24  1.495696e-03
 25  1.314672e-03
 26  1.178849e-03
 27  1.055208e-03
 28  9.714288e-04
 Iteration CPU time: 6 s
 CFIE residual: 0.000971429

 Iseg, Irank, Idinc : 1, 36, 136
 Thata, Phi : 90.000000, 135.000000
 Maximun iteration: 300
 Number of recycle truncation: 30
 Final matrix dimension:  36708
 Residual error:0.001000
 0  6.995880e-01
 1  3.590854e-01
 2  2.256040e-01
 3  1.541770e-01
 4  1.113683e-01
 5  8.437949e-02
 6  6.423189e-02
 7  5.027986e-02
 8  4.086443e-02
 9  3.222143e-02
 10  2.581925e-02
 11  2.133651e-02
 12  1.715926e-02
 13  1.374232e-02
 14  1.116104e-02
 15  9.065921e-03
 16  7.492127e-03
 17  6.274966e-03
 18  5.224496e-03
 19  4.532172e-03
 20  3.991694e-03
 21  3.572743e-03
 22  3.290628e-03
 23  2.983551e-03
 24  2.760290e-03
 25  2.568026e-03
 26  2.354571e-03
 27  2.154179e-03
 28  1.946230e-03
 29  1.750265e-03
 30  1.516934e-03
 31  1.273636e-03
 32  1.046603e-03
 33  8.530157e-04
 Iteration CPU time: 7 s
 CFIE residual: 0.000853016

 Iseg, Irank, Idinc : 1, 37, 47
 Thata, Phi : 90.000000, 46.000000
 Maximun iteration: 300
 Number of recycle truncation: 30
 Final matrix dimension:  36708
 Residual error:0.001000
 0  6.351241e-01
 1  3.239136e-01
 2  2.038824e-01
 3  1.340025e-01
 4  9.488160e-02
 5  7.055091e-02
 6  5.289008e-02
 7  4.068927e-02
 8  3.112159e-02
 9  2.408419e-02
 10  1.866435e-02
 11  1.448650e-02
 12  1.164051e-02
 13  9.541790e-03
 14  7.959383e-03
 15  6.750277e-03
 16  5.976134e-03
 17  5.335590e-03
 18  4.872831e-03
 19  4.512848e-03
 20  4.101186e-03
 21  3.707191e-03
 22  3.408439e-03
 23  3.074400e-03
 24  2.724294e-03
 25  2.383083e-03
 26  2.070389e-03
 27  1.719752e-03
 28  1.436480e-03
 29  1.170025e-03
 30  9.313245e-04
 Iteration CPU time: 7 s
 CFIE residual: 0.000931324

 Iseg, Irank, Idinc : 1, 38, 105
 Thata, Phi : 90.000000, 104.000000
 Maximun iteration: 300
 Number of recycle truncation: 30
 Final matrix dimension:  36708
 Residual error:0.001000
 0  6.199219e-01
 1  3.547691e-01
 2  2.234000e-01
 3  1.518129e-01
 4  1.058554e-01
 5  7.972209e-02
 6  6.210583e-02
 7  4.788989e-02
 8  3.762067e-02
 9  3.085421e-02
 10  2.467490e-02
 11  1.958646e-02
 12  1.570754e-02
 13  1.292510e-02
 14  1.065224e-02
 15  8.805789e-03
 16  7.385619e-03
 17  6.405042e-03
 18  5.586825e-03
 19  4.981825e-03
 20  4.479876e-03
 21  4.078774e-03
 22  3.694558e-03
 23  3.379374e-03
 24  3.115726e-03
 25  2.848463e-03
 26  2.590103e-03
 27  2.353993e-03
 28  2.048908e-03
 29  1.749499e-03
 30  1.446787e-03
 31  1.174650e-03
 32  9.286184e-04
 Iteration CPU time: 8 s
 CFIE residual: 0.000928618

 Iseg, Irank, Idinc : 1, 39, 8
 Thata, Phi : 90.000000, 7.000000
 Maximun iteration: 300
 Number of recycle truncation: 30
 Final matrix dimension:  36708
 Residual error:0.001000
 0  5.266778e-01
 1  2.725804e-01
 2  1.731819e-01
 3  1.224581e-01
 4  8.810427e-02
 5  6.665272e-02
 6  5.095227e-02
 7  3.875274e-02
 8  2.984858e-02
 9  2.400317e-02
 10  1.874435e-02
 11  1.470046e-02
 12  1.148575e-02
 13  9.270197e-03
 14  7.631121e-03
 15  6.147818e-03
 16  5.127466e-03
 17  4.286222e-03
 18  3.652525e-03
 19  3.157904e-03
 20  2.768497e-03
 21  2.411371e-03
 22  2.122566e-03
 23  1.864765e-03
 24  1.701489e-03
 25  1.563599e-03
 26  1.456178e-03
 27  1.351841e-03
 28  1.266965e-03
 29  1.167546e-03
 30  1.066067e-03
 31  9.585789e-04
 Iteration CPU time: 7 s
 CFIE residual: 0.000958579

 Iseg, Irank, Idinc : 1, 40, 175
 Thata, Phi : 90.000000, 174.000000
 Maximun iteration: 300
 Number of recycle truncation: 30
 Final matrix dimension:  36708
 Residual error:0.001000
 0  5.633796e-01
 1  2.994318e-01
 2  1.910075e-01
 3  1.352932e-01
 4  1.064568e-01
 5  8.260478e-02
 6  6.743992e-02
 7  5.568690e-02
 8  4.593912e-02
 9  3.656455e-02
 10  2.945321e-02
 11  2.400403e-02
 12  1.969592e-02
 13  1.560153e-02
 14  1.275827e-02
 15  1.034050e-02
 16  8.490289e-03
 17  6.897140e-03
 18  5.471791e-03
 19  4.493445e-03
 20  3.631145e-03
 21  2.946662e-03
 22  2.516209e-03
 23  2.169930e-03
 24  1.849668e-03
 25  1.588727e-03
 26  1.378549e-03
 27  1.217071e-03
 28  1.106883e-03
 29  1.020932e-03
 30  9.570000e-04
 Iteration CPU time: 7 s
 CFIE residual: 0.000957
 Last Built End in Sep 21 2025 00:06:12
 Total CPU time: 313 s
 Finished.
