 Last Built Begin in Sep 21 2025 00:06:12
 Pre-Type( Input ):           10
 Skl-Tol ( Input ):    1.0000000000000001E-005
 Wavelength in freespace: 0.0313808

 ################################################
 ##         Generating Required Mesh          ##
 ##         Waiting.....                      ##
 ################################################
 Subd No.      Subd Name
    1    Open-Duct_PRIME_model_meshAA1                                     
 isub,  nnode, npatch,  nedge:
    1      6118     12236     18354
 Scale Factor         >>   1.54999997E-02
 ################################################

 START TIME: 20250922   014855.751


 Informaton for IE geometry:
 number of subdomains     : 1
 maxnode,maxpatch,maxedge : 6118  12236  18354
 
 Index of Mat-Reg: 1
 Mat-Reg Number via MatFlg: 1
 Edge Number of Mat-Reg: 1, 18354

 Number of Edge on PEC: 18354
 Mat-Reg: No Dim(m) Lmax:
    1 0.228    5
 Totlmax, add1, add2:           5           6           7
 rlengmax of Global MLFMA >>   0.22848645206630833     
 Lmax of Global MLFMA >>            5
 Wavenum of Mat-Reg:
    1 1.000

 total area in sq m           =      0.0510
 total area in sq lambda      =     51.7592
 maxnode, maxpatch, maxedge           =     6118    12236    18354
 longest  edge in lambda              =      0.1487
 shortest edge in lambda              =      0.0071
 average  edge in lambda              =      0.0993
 largest  patch area in sq lambda     =      0.0075
 smallest patch area in sq lambda     =      0.0000
 ave    surface area in sq lambda     =      0.0042
 size range of the object in sq lambda =      7.3116

 #### MLFMA Info For Each Region ####
 Mat-Region =            1
 Array dimension parameters:
 maxrule=          14   maxgrid  =          64
 lmax   =           5   ncmax    =        1250
 lsmax  =          26   lsmin    =           6
 kpm    =        1356   kp0      =          76
 ntlm   =      204640   nsm      =      205900
 nkpm   =        2152   niplm    =      137728
 ngnearm=       14257   ngsndm   =       64634
 nearm  =         333   mfinestm =         119
 ###############################

 CFIE Alpha:  0.50000000000000000     

 Fill MLFMA FI for Mat-Reg:           1
 Begin filltl.f
 fill translation matrix
 Level:            2
 fill shifting matrix
 Level:            3
 fill shifting matrix
 Level:            4
 fill shifting matrix
 Level:            5
 fill shifting matrix
 translator time(s):  0.108000003    
 fill interpolation matrix
 ThetaOrder            8
 PhiOrder            8
 lsl            6
 Filling TL                  Delta_CPU=          0.51 Memory(MB)=        586.87
 Filling sndgrp              Delta_CPU=          0.00 Memory(MB)=        586.87
 Filling VFS                 Delta_CPU=          2.38 Memory(MB)=        586.87

 Fill MLFMA NI for Mat-Reg:           1
 Begin fill sparser part of Nearfield
 Begin fill denser part of Nearfield
 End fill
 Filling Amn                 Delta_CPU=         92.00 Memory(MB)=        586.87


 Now testing preconditioner with
 ipretype =           10
 method = cfie_solve_nfrasspspre_pardiso

  
 NBP>>Begin fill sparser part of Nearfield

113.6316% NBP>>Begin fill denser part of Nearfield

200.1041%
 Begin MLFMA Box-Matrix Based Spar-RAS Prec Constructor
 --- Intel MKL PARDISO --- 
 Memory for iGroup: 1 0 MB
 Total Memory For SparRAS Pre: 0 MB
 --- PARDISO PRECONDITIONER INITIALIZED --- 
 Constructing preconditioner CPU time: 5 s
 
 1101240
 Memory for Iteration:: 16.8036 MB

 Iseg, Ninc_S : 1, 181, 0

 Iseg, Skeleton Angles: 1, 38
 Iseg, Skel-Pk Mem(MB): 1, 314.35

 Iseg, Irank, Idinc : 1, 1, 22
 Thata, Phi : 90.000000, 21.000000
 Maximun iteration: 300
 Number of recycle truncation: 30
 Final matrix dimension:  36708
 Residual error:0.001000
 0  6.047550e-01
 1  2.898282e-01
 2  1.656545e-01
 3  1.140375e-01
 4  8.132616e-02
 5  5.987356e-02
 6  4.579082e-02
 7  3.631404e-02
 8  2.858545e-02
 9  2.239571e-02
 10  1.757534e-02
 11  1.370275e-02
 12  1.134962e-02
 13  9.241893e-03
 14  7.759588e-03
 15  6.595027e-03
 16  5.595532e-03
 17  4.740573e-03
 18  4.110962e-03
 19  3.524562e-03
 20  3.020707e-03
 21  2.655755e-03
 22  2.359210e-03
 23  2.141267e-03
 24  1.881297e-03
 25  1.622035e-03
 26  1.388850e-03
 27  1.169458e-03
 28  9.720029e-04
 Iteration CPU time: 6 s
 CFIE residual: 0.000972003

 Iseg, Irank, Idinc : 1, 2, 42
 Thata, Phi : 90.000000, 41.000000
 Maximun iteration: 300
 Number of recycle truncation: 30
 Final matrix dimension:  36708
 Residual error:0.001000
 0  6.215906e-01
 1  3.154005e-01
 2  2.007616e-01
 3  1.320662e-01
 4  9.092671e-02
 5  6.622239e-02
 6  4.898761e-02
 7  3.703958e-02
 8  2.852025e-02
 9  2.214441e-02
 10  1.765386e-02
 11  1.430650e-02
 12  1.148036e-02
 13  9.887211e-03
 14  8.356098e-03
 15  7.239444e-03
 16  6.473399e-03
 17  5.711414e-03
 18  5.003870e-03
 19  4.413183e-03
 20  3.768369e-03
 21  3.188089e-03
 22  2.666332e-03
 23  2.193474e-03
 24  1.778086e-03
 25  1.408774e-03
 26  1.122008e-03
 27  8.825299e-04
 Iteration CPU time: 7 s
 CFIE residual: 0.00088253

 Iseg, Irank, Idinc : 1, 3, 63
 Thata, Phi : 90.000000, 62.000000
 Maximun iteration: 300
 Number of recycle truncation: 30
 Final matrix dimension:  36708
 Residual error:0.001000
 0  6.652370e-01
 1  3.546547e-01
 2  2.211700e-01
 3  1.430014e-01
 4  1.044377e-01
 5  7.897749e-02
 6  6.053448e-02
 7  4.858009e-02
 8  3.886006e-02
 9  3.047131e-02
 10  2.425865e-02
 11  1.939882e-02
 12  1.608768e-02
 13  1.376303e-02
 14  1.175105e-02
 15  1.030478e-02
 16  9.156459e-03
 17  8.033041e-03
 18  7.179116e-03
 19  6.189394e-03
 20  5.327257e-03
 21  4.518202e-03
 22  3.690263e-03
 23  2.971306e-03
 24  2.379216e-03
 25  1.831915e-03
 26  1.429449e-03
 27  1.077106e-03
 28  8.307255e-04
 Iteration CPU time: 6 s
 CFIE residual: 0.000830725

 Iseg, Irank, Idinc : 1, 4, 108
 Thata, Phi : 90.000000, 107.000000
 Maximun iteration: 300
 Number of recycle truncation: 30
 Final matrix dimension:  36708
 Residual error:0.001000
 0  6.300123e-01
 1  3.585834e-01
 2  2.270186e-01
 3  1.546362e-01
 4  1.092067e-01
 5  8.204732e-02
 6  6.361003e-02
 7  4.951515e-02
 8  3.869796e-02
 9  3.044270e-02
 10  2.425932e-02
 11  1.926863e-02
 12  1.573073e-02
 13  1.276586e-02
 14  1.080464e-02
 15  9.091038e-03
 16  7.703052e-03
 17  6.676292e-03
 18  5.905880e-03
 19  5.158414e-03
 20  4.540502e-03
 21  4.053909e-03
 22  3.527197e-03
 23  3.067102e-03
 24  2.659469e-03
 25  2.242113e-03
 26  1.828264e-03
 27  1.477939e-03
 28  1.203432e-03
 29  9.395123e-04
 Iteration CPU time: 7 s
 CFIE residual: 0.000939512

 Iseg, Irank, Idinc : 1, 5, 74
 Thata, Phi : 90.000000, 73.000000
 Maximun iteration: 300
 Number of recycle truncation: 30
 Final matrix dimension:  36708
 Residual error:0.001000
 0  6.461591e-01
 1  3.692968e-01
 2  2.388073e-01
 3  1.518935e-01
 4  1.074303e-01
 5  8.302471e-02
 6  6.455733e-02
 7  5.305628e-02
 8  4.251901e-02
 9  3.461722e-02
 10  2.802527e-02
 11  2.272008e-02
 12  1.860347e-02
 13  1.592049e-02
 14  1.370230e-02
 15  1.206808e-02
 16  1.092642e-02
 17  9.624986e-03
 18  8.486460e-03
 19  7.455796e-03
 20  6.559206e-03
 21  5.656720e-03
 22  4.810810e-03
 23  3.967159e-03
 24  3.197689e-03
 25  2.555752e-03
 26  2.028398e-03
 27  1.640837e-03
 28  1.305984e-03
 29  1.030447e-03
 30  7.845530e-04
 Iteration CPU time: 7 s
 CFIE residual: 0.000784553

 Iseg, Irank, Idinc : 1, 6, 146
 Thata, Phi : 90.000000, 145.000000
 Maximun iteration: 300
 Number of recycle truncation: 30
 Final matrix dimension:  36708
 Residual error:0.001000
 0  6.448603e-01
 1  3.432138e-01
 2  2.073853e-01
 3  1.461581e-01
 4  1.057409e-01
 5  8.254715e-02
 6  6.385762e-02
 7  5.164031e-02
 8  4.299032e-02
 9  3.570004e-02
 10  2.965940e-02
 11  2.439817e-02
 12  2.021856e-02
 13  1.606901e-02
 14  1.260043e-02
 15  1.017126e-02
 16  8.188069e-03
 17  6.794331e-03
 18  5.721943e-03
 19  4.719286e-03
 20  4.004887e-03
 21  3.463508e-03
 22  3.046502e-03
 23  2.684655e-03
 24  2.377150e-03
 25  2.102686e-03
 26  1.832958e-03
 27  1.590852e-03
 28  1.321369e-03
 29  1.096730e-03
 30  8.825351e-04
 Iteration CPU time: 7 s
 CFIE residual: 0.000882535

 Iseg, Irank, Idinc : 1, 7, 159
 Thata, Phi : 90.000000, 158.000000
 Maximun iteration: 300
 Number of recycle truncation: 30
 Final matrix dimension:  36708
 Residual error:0.001000
 0  6.011261e-01
 1  3.118906e-01
 2  1.881403e-01
 3  1.329479e-01
 4  1.011885e-01
 5  8.086111e-02
 6  6.454054e-02
 7  5.284105e-02
 8  4.488469e-02
 9  3.806644e-02
 10  3.234463e-02
 11  2.669489e-02
 12  2.175136e-02
 13  1.723720e-02
 14  1.410085e-02
 15  1.119074e-02
 16  8.790653e-03
 17  7.120888e-03
 18  5.821651e-03
 19  4.860907e-03
 20  3.998260e-03
 21  3.354864e-03
 22  2.912218e-03
 23  2.528336e-03
 24  2.220805e-03
 25  1.974610e-03
 26  1.752282e-03
 27  1.537216e-03
 28  1.324679e-03
 29  1.126559e-03
 30  9.479539e-04
 Iteration CPU time: 7 s
 CFIE residual: 0.000947954

 Iseg, Irank, Idinc : 1, 8, 132
 Thata, Phi : 90.000000, 131.000000
 Maximun iteration: 300
 Number of recycle truncation: 30
 Final matrix dimension:  36708
 Residual error:0.001000
 0  6.833414e-01
 1  3.594581e-01
 2  2.314062e-01
 3  1.582079e-01
 4  1.133954e-01
 5  8.729073e-02
 6  6.649883e-02
 7  5.223082e-02
 8  4.153737e-02
 9  3.301976e-02
 10  2.639469e-02
 11  2.087522e-02
 12  1.694520e-02
 13  1.401470e-02
 14  1.153218e-02
 15  9.527679e-03
 16  7.909560e-03
 17  6.764663e-03
 18  5.843097e-03
 19  5.135330e-03
 20  4.528831e-03
 21  4.052340e-03
 22  3.578250e-03
 23  3.210682e-03
 24  2.781609e-03
 25  2.334627e-03
 26  1.985373e-03
 27  1.640697e-03
 28  1.388742e-03
 29  1.155874e-03
 30  9.411867e-04
 Iteration CPU time: 7 s
 CFIE residual: 0.000941187

 Iseg, Irank, Idinc : 1, 9, 122
 Thata, Phi : 90.000000, 121.000000
 Maximun iteration: 300
 Number of recycle truncation: 30
 Final matrix dimension:  36708
 Residual error:0.001000
 0  6.525263e-01
 1  3.464487e-01
 2  2.279225e-01
 3  1.576510e-01
 4  1.117108e-01
 5  8.514888e-02
 6  6.512309e-02
 7  5.103740e-02
 8  3.873840e-02
 9  3.065700e-02
 10  2.416435e-02
 11  1.901907e-02
 12  1.527218e-02
 13  1.286152e-02
 14  1.094863e-02
 15  9.338329e-03
 16  8.020600e-03
 17  6.916858e-03
 18  6.056114e-03
 19  5.258886e-03
 20  4.584026e-03
 21  4.011939e-03
 22  3.539985e-03
 23  3.062660e-03
 24  2.641193e-03
 25  2.225147e-03
 26  1.874251e-03
 27  1.579737e-03
 28  1.303019e-03
 29  1.044838e-03
 30  8.402853e-04
 Iteration CPU time: 7 s
 CFIE residual: 0.000840285

 Iseg, Irank, Idinc : 1, 10, 89
 Thata, Phi : 90.000000, 88.000000
 Maximun iteration: 300
 Number of recycle truncation: 30
 Final matrix dimension:  36708
 Residual error:0.001000
 0  6.234603e-01
 1  3.575390e-01
 2  2.304888e-01
 3  1.566063e-01
 4  1.132302e-01
 5  8.900308e-02
 6  6.955069e-02
 7  5.536127e-02
 8  4.548321e-02
 9  3.617701e-02
 10  2.857902e-02
 11  2.276227e-02
 12  1.851520e-02
 13  1.524310e-02
 14  1.289587e-02
 15  1.120271e-02
 16  9.785271e-03
 17  8.722718e-03
 18  7.764235e-03
 19  6.858476e-03
 20  6.070367e-03
 21  5.262565e-03
 22  4.358862e-03
 23  3.601942e-03
 24  2.970298e-03
 25  2.416192e-03
 26  1.902282e-03
 27  1.496243e-03
 28  1.186165e-03
 29  9.251618e-04
 Iteration CPU time: 6 s
 CFIE residual: 0.000925162

 Iseg, Irank, Idinc : 1, 11, 52
 Thata, Phi : 90.000000, 51.000000
 Maximun iteration: 300
 Number of recycle truncation: 30
 Final matrix dimension:  36708
 Residual error:0.001000
 0  6.397523e-01
 1  3.312193e-01
 2  2.061465e-01
 3  1.356118e-01
 4  9.642051e-02
 5  7.189254e-02
 6  5.510684e-02
 7  4.266786e-02
 8  3.350619e-02
 9  2.585161e-02
 10  2.049109e-02
 11  1.683615e-02
 12  1.390521e-02
 13  1.194624e-02
 14  1.029578e-02
 15  8.947325e-03
 16  7.980503e-03
 17  7.080723e-03
 18  6.155116e-03
 19  5.233471e-03
 20  4.467891e-03
 21  3.745183e-03
 22  3.084711e-03
 23  2.486590e-03
 24  1.970810e-03
 25  1.524308e-03
 26  1.180557e-03
 27  9.571500e-04
 Iteration CPU time: 7 s
 CFIE residual: 0.00095715

 Iseg, Irank, Idinc : 1, 12, 32
 Thata, Phi : 90.000000, 31.000000
 Maximun iteration: 300
 Number of recycle truncation: 30
 Final matrix dimension:  36708
 Residual error:0.001000
 0  6.303989e-01
 1  3.053676e-01
 2  1.795094e-01
 3  1.140547e-01
 4  8.069317e-02
 5  6.019691e-02
 6  4.435709e-02
 7  3.426169e-02
 8  2.608180e-02
 9  2.028154e-02
 10  1.656572e-02
 11  1.325147e-02
 12  1.085120e-02
 13  9.152524e-03
 14  7.583852e-03
 15  6.442149e-03
 16  5.669564e-03
 17  4.913079e-03
 18  4.299993e-03
 19  3.805073e-03
 20  3.288585e-03
 21  2.860546e-03
 22  2.528064e-03
 23  2.209568e-03
 24  1.899012e-03
 25  1.583717e-03
 26  1.304917e-03
 27  1.054398e-03
 28  8.697408e-04
 Iteration CPU time: 6 s
 CFIE residual: 0.000869741

 Iseg, Irank, Idinc : 1, 13, 11
 Thata, Phi : 90.000000, 10.000000
 Maximun iteration: 300
 Number of recycle truncation: 30
 Final matrix dimension:  36708
 Residual error:0.001000
 0  5.341489e-01
 1  2.744466e-01
 2  1.717410e-01
 3  1.228715e-01
 4  8.848025e-02
 5  6.719868e-02
 6  5.123348e-02
 7  3.999682e-02
 8  3.088498e-02
 9  2.409462e-02
 10  1.918318e-02
 11  1.506992e-02
 12  1.174886e-02
 13  9.518267e-03
 14  7.816357e-03
 15  6.530120e-03
 16  5.623972e-03
 17  4.727647e-03
 18  4.117684e-03
 19  3.607049e-03
 20  3.110646e-03
 21  2.689640e-03
 22  2.382870e-03
 23  2.138994e-03
 24  1.865434e-03
 25  1.626960e-03
 26  1.434114e-03
 27  1.260486e-03
 28  1.078366e-03
 29  8.962646e-04
 Iteration CPU time: 7 s
 CFIE residual: 0.000896265

 Iseg, Irank, Idinc : 1, 14, 97
 Thata, Phi : 90.000000, 96.000000
 Maximun iteration: 300
 Number of recycle truncation: 30
 Final matrix dimension:  36708
 Residual error:0.001000
 0  6.210036e-01
 1  3.564285e-01
 2  2.251237e-01
 3  1.506309e-01
 4  1.079648e-01
 5  8.240230e-02
 6  6.475093e-02
 7  5.197505e-02
 8  4.153789e-02
 9  3.309842e-02
 10  2.616172e-02
 11  2.079676e-02
 12  1.702150e-02
 13  1.411754e-02
 14  1.174347e-02
 15  1.026016e-02
 16  8.873416e-03
 17  7.865088e-03
 18  7.056624e-03
 19  6.259663e-03
 20  5.607353e-03
 21  4.991741e-03
 22  4.265415e-03
 23  3.606091e-03
 24  3.038882e-03
 25  2.501174e-03
 26  2.030047e-03
 27  1.623161e-03
 28  1.288151e-03
 29  9.851212e-04
 Iteration CPU time: 7 s
 CFIE residual: 0.000985121

 Iseg, Irank, Idinc : 1, 15, 178
 Thata, Phi : 90.000000, 177.000000
 Maximun iteration: 300
 Number of recycle truncation: 30
 Final matrix dimension:  36708
 Residual error:0.001000
 0  5.500303e-01
 1  3.002284e-01
 2  1.911585e-01
 3  1.373613e-01
 4  1.068552e-01
 5  8.340398e-02
 6  6.829817e-02
 7  5.577346e-02
 8  4.449702e-02
 9  3.596126e-02
 10  2.842665e-02
 11  2.239215e-02
 12  1.758805e-02
 13  1.383351e-02
 14  1.088858e-02
 15  8.492620e-03
 16  6.897250e-03
 17  5.650181e-03
 18  4.643064e-03
 19  3.820692e-03
 20  3.169253e-03
 21  2.710971e-03
 22  2.379717e-03
 23  2.092281e-03
 24  1.849614e-03
 25  1.609757e-03
 26  1.433306e-03
 27  1.283365e-03
 28  1.112344e-03
 29  9.531523e-04
 Iteration CPU time: 6 s
 CFIE residual: 0.000953152

 Iseg, Irank, Idinc : 1, 16, 81
 Thata, Phi : 90.000000, 80.000000
 Maximun iteration: 300
 Number of recycle truncation: 30
 Final matrix dimension:  36708
 Residual error:0.001000
 0  6.296145e-01
 1  3.603259e-01
 2  2.337123e-01
 3  1.541951e-01
 4  1.105576e-01
 5  8.708635e-02
 6  6.718883e-02
 7  5.402399e-02
 8  4.462964e-02
 9  3.459848e-02
 10  2.749344e-02
 11  2.198496e-02
 12  1.820970e-02
 13  1.525589e-02
 14  1.317529e-02
 15  1.151334e-02
 16  1.016172e-02
 17  8.979444e-03
 18  8.033113e-03
 19  7.003323e-03
 20  6.166385e-03
 21  5.318637e-03
 22  4.477625e-03
 23  3.714948e-03
 24  3.069034e-03
 25  2.475363e-03
 26  2.002716e-03
 27  1.608363e-03
 28  1.286854e-03
 29  1.011828e-03
 30  7.876616e-04
 Iteration CPU time: 7 s
 CFIE residual: 0.000787662

 Iseg, Irank, Idinc : 1, 17, 115
 Thata, Phi : 90.000000, 114.000000
 Maximun iteration: 300
 Number of recycle truncation: 30
 Final matrix dimension:  36708
 Residual error:0.001000
 0  6.448857e-01
 1  3.517704e-01
 2  2.245377e-01
 3  1.552699e-01
 4  1.097419e-01
 5  8.274439e-02
 6  6.381272e-02
 7  4.906784e-02
 8  3.777056e-02
 9  2.998178e-02
 10  2.372151e-02
 11  1.891783e-02
 12  1.527554e-02
 13  1.279906e-02
 14  1.077635e-02
 15  9.100942e-03
 16  7.720224e-03
 17  6.658154e-03
 18  5.723954e-03
 19  5.037381e-03
 20  4.419877e-03
 21  3.892550e-03
 22  3.396021e-03
 23  2.964112e-03
 24  2.513860e-03
 25  2.127420e-03
 26  1.776646e-03
 27  1.474392e-03
 28  1.189750e-03
 29  9.285143e-04
 Iteration CPU time: 7 s
 CFIE residual: 0.000928514

 Iseg, Irank, Idinc : 1, 18, 1
 Thata, Phi : 90.000000, 0.000000
 Maximun iteration: 300
 Number of recycle truncation: 30
 Final matrix dimension:  36708
 Residual error:0.001000
 0  5.021517e-01
 1  2.659727e-01
 2  1.730421e-01
 3  1.203841e-01
 4  8.642746e-02
 5  6.440242e-02
 6  4.932948e-02
 7  3.764479e-02
 8  2.988994e-02
 9  2.233919e-02
 10  1.719229e-02
 11  1.364518e-02
 12  1.083487e-02
 13  8.820377e-03
 14  7.194885e-03
 15  5.804419e-03
 16  4.846835e-03
 17  4.112846e-03
 18  3.560218e-03
 19  3.067984e-03
 20  2.690555e-03
 21  2.439210e-03
 22  2.131375e-03
 23  1.854100e-03
 24  1.620993e-03
 25  1.414915e-03
 26  1.254381e-03
 27  1.065239e-03
 28  8.916952e-04
 Iteration CPU time: 6 s
 CFIE residual: 0.000891695

 Iseg, Irank, Idinc : 1, 19, 167
 Thata, Phi : 90.000000, 166.000000
 Maximun iteration: 300
 Number of recycle truncation: 30
 Final matrix dimension:  36708
 Residual error:0.001000
 0  5.719375e-01
 1  3.019365e-01
 2  1.870349e-01
 3  1.358257e-01
 4  1.051393e-01
 5  8.469368e-02
 6  6.883768e-02
 7  5.633790e-02
 8  4.703236e-02
 9  3.964141e-02
 10  3.324297e-02
 11  2.736334e-02
 12  2.224447e-02
 13  1.776217e-02
 14  1.436514e-02
 15  1.154677e-02
 16  9.215023e-03
 17  7.612928e-03
 18  6.169344e-03
 19  5.008933e-03
 20  4.070722e-03
 21  3.391775e-03
 22  2.887309e-03
 23  2.498402e-03
 24  2.172863e-03
 25  1.883935e-03
 26  1.668668e-03
 27  1.473246e-03
 28  1.317026e-03
 29  1.155911e-03
 30  1.002271e-03
 31  8.414598e-04
 Iteration CPU time: 7 s
 CFIE residual: 0.00084146

 Iseg, Irank, Idinc : 1, 20, 152
 Thata, Phi : 90.000000, 151.000000
 Maximun iteration: 300
 Number of recycle truncation: 30
 Final matrix dimension:  36708
 Residual error:0.001000
 0  6.258113e-01
 1  3.304950e-01
 2  1.990651e-01
 3  1.405593e-01
 4  1.035393e-01
 5  8.144837e-02
 6  6.443675e-02
 7  5.231156e-02
 8  4.427263e-02
 9  3.734421e-02
 10  3.113601e-02
 11  2.545185e-02
 12  2.058431e-02
 13  1.628193e-02
 14  1.284414e-02
 15  1.026846e-02
 16  7.998098e-03
 17  6.655463e-03
 18  5.524742e-03
 19  4.581431e-03
 20  3.842570e-03
 21  3.252505e-03
 22  2.821533e-03
 23  2.489876e-03
 24  2.220382e-03
 25  1.945281e-03
 26  1.694068e-03
 27  1.475335e-03
 28  1.222895e-03
 29  1.006046e-03
 30  8.121966e-04
 Iteration CPU time: 6 s
 CFIE residual: 0.000812197

 Iseg, Irank, Idinc : 1, 21, 181
 Thata, Phi : 90.000000, 180.000000
 Maximun iteration: 300
 Number of recycle truncation: 30
 Final matrix dimension:  36708
 Residual error:0.001000
 0  5.485805e-01
 1  3.002622e-01
 2  1.912130e-01
 3  1.372784e-01
 4  1.066473e-01
 5  8.290424e-02
 6  6.781613e-02
 7  5.540964e-02
 8  4.403794e-02
 9  3.543061e-02
 10  2.759222e-02
 11  2.124197e-02
 12  1.617650e-02
 13  1.229048e-02
 14  9.445667e-03
 15  7.238794e-03
 16  5.742909e-03
 17  4.754579e-03
 18  3.850623e-03
 19  3.217775e-03
 20  2.759210e-03
 21  2.387887e-03
 22  2.108525e-03
 23  1.867373e-03
 24  1.677032e-03
 25  1.476806e-03
 26  1.322660e-03
 27  1.155126e-03
 28  9.749188e-04
 Iteration CPU time: 7 s
 CFIE residual: 0.000974919

 Iseg, Irank, Idinc : 1, 22, 16
 Thata, Phi : 90.000000, 15.000000
 Maximun iteration: 300
 Number of recycle truncation: 30
 Final matrix dimension:  36708
 Residual error:0.001000
 0  5.649556e-01
 1  2.811698e-01
 2  1.694996e-01
 3  1.205129e-01
 4  8.640602e-02
 5  6.494107e-02
 6  4.979994e-02
 7  3.958351e-02
 8  3.078777e-02
 9  2.389463e-02
 10  1.875658e-02
 11  1.488563e-02
 12  1.181056e-02
 13  9.471373e-03
 14  7.901091e-03
 15  6.622373e-03
 16  5.643930e-03
 17  4.808213e-03
 18  4.193402e-03
 19  3.607655e-03
 20  3.083409e-03
 21  2.708367e-03
 22  2.392233e-03
 23  2.190158e-03
 24  1.907750e-03
 25  1.653442e-03
 26  1.445241e-03
 27  1.244418e-03
 28  1.049052e-03
 29  8.765418e-04
 Iteration CPU time: 6 s
 CFIE residual: 0.000876542

 Iseg, Irank, Idinc : 1, 23, 68
 Thata, Phi : 90.000000, 67.000000
 Maximun iteration: 300
 Number of recycle truncation: 30
 Final matrix dimension:  36708
 Residual error:0.001000
 0  6.607955e-01
 1  3.644356e-01
 2  2.299398e-01
 3  1.503206e-01
 4  1.103799e-01
 5  8.365355e-02
 6  6.431906e-02
 7  5.204757e-02
 8  4.204489e-02
 9  3.361095e-02
 10  2.730326e-02
 11  2.211279e-02
 12  1.806469e-02
 13  1.533610e-02
 14  1.306167e-02
 15  1.156962e-02
 16  1.033398e-02
 17  9.180331e-03
 18  8.102761e-03
 19  7.047777e-03
 20  6.134300e-03
 21  5.290135e-03
 22  4.458180e-03
 23  3.685129e-03
 24  2.951208e-03
 25  2.297717e-03
 26  1.828262e-03
 27  1.431541e-03
 28  1.114994e-03
 29  8.546071e-04
 Iteration CPU time: 6 s
 CFIE residual: 0.000854607

 Iseg, Irank, Idinc : 1, 24, 139
 Thata, Phi : 90.000000, 138.000000
 Maximun iteration: 300
 Number of recycle truncation: 30
 Final matrix dimension:  36708
 Residual error:0.001000
 0  6.853658e-01
 1  3.542947e-01
 2  2.213443e-01
 3  1.535579e-01
 4  1.117551e-01
 5  8.532221e-02
 6  6.401553e-02
 7  5.117208e-02
 8  4.240567e-02
 9  3.417412e-02
 10  2.781874e-02
 11  2.246638e-02
 12  1.886311e-02
 13  1.502622e-02
 14  1.202602e-02
 15  9.663103e-03
 16  8.074826e-03
 17  6.683370e-03
 18  5.696654e-03
 19  4.902708e-03
 20  4.286416e-03
 21  3.827360e-03
 22  3.391849e-03
 23  2.986505e-03
 24  2.624012e-03
 25  2.248701e-03
 26  1.925600e-03
 27  1.604616e-03
 28  1.313201e-03
 29  1.071749e-03
 30  8.623785e-04
 Iteration CPU time: 7 s
 CFIE residual: 0.000862379

 Iseg, Irank, Idinc : 1, 25, 5
 Thata, Phi : 90.000000, 4.000000
 Maximun iteration: 300
 Number of recycle truncation: 30
 Final matrix dimension:  36708
 Residual error:0.001000
 0  5.082284e-01
 1  2.677002e-01
 2  1.727067e-01
 3  1.212008e-01
 4  8.756432e-02
 5  6.597415e-02
 6  5.043640e-02
 7  3.807198e-02
 8  2.972264e-02
 9  2.265241e-02
 10  1.784894e-02
 11  1.450904e-02
 12  1.151489e-02
 13  9.238241e-03
 14  7.602076e-03
 15  6.335243e-03
 16  5.377370e-03
 17  4.546690e-03
 18  3.911097e-03
 19  3.455611e-03
 20  3.012652e-03
 21  2.609661e-03
 22  2.306471e-03
 23  2.064936e-03
 24  1.790199e-03
 25  1.557698e-03
 26  1.375867e-03
 27  1.217280e-03
 28  1.043381e-03
 29  8.639277e-04
 Iteration CPU time: 7 s
 CFIE residual: 0.000863928

 Iseg, Irank, Idinc : 1, 26, 173
 Thata, Phi : 90.000000, 172.000000
 Maximun iteration: 300
 Number of recycle truncation: 30
 Final matrix dimension:  36708
 Residual error:0.001000
 0  5.574603e-01
 1  3.002960e-01
 2  1.903756e-01
 3  1.375514e-01
 4  1.073082e-01
 5  8.512946e-02
 6  6.974113e-02
 7  5.684227e-02
 8  4.626740e-02
 9  3.832062e-02
 10  3.142095e-02
 11  2.559148e-02
 12  2.068287e-02
 13  1.642996e-02
 14  1.343814e-02
 15  1.075656e-02
 16  8.674747e-03
 17  7.057778e-03
 18  5.687021e-03
 19  4.629087e-03
 20  3.784236e-03
 21  3.163918e-03
 22  2.717964e-03
 23  2.354949e-03
 24  2.037411e-03
 25  1.764191e-03
 26  1.558038e-03
 27  1.381223e-03
 28  1.226175e-03
 29  1.075350e-03
 30  9.418862e-04
 Iteration CPU time: 7 s
 CFIE residual: 0.000941886

 Iseg, Irank, Idinc : 1, 27, 102
 Thata, Phi : 90.000000, 101.000000
 Maximun iteration: 300
 Number of recycle truncation: 30
 Final matrix dimension:  36708
 Residual error:0.001000
 0  6.191833e-01
 1  3.554194e-01
 2  2.246886e-01
 3  1.515300e-01
 4  1.058964e-01
 5  8.019348e-02
 6  6.223957e-02
 7  4.902232e-02
 8  3.876333e-02
 9  3.018648e-02
 10  2.472539e-02
 11  1.953229e-02
 12  1.601944e-02
 13  1.324013e-02
 14  1.113891e-02
 15  9.411790e-03
 16  8.198366e-03
 17  7.187597e-03
 18  6.430143e-03
 19  5.698693e-03
 20  5.069053e-03
 21  4.477805e-03
 22  3.884398e-03
 23  3.346254e-03
 24  2.839205e-03
 25  2.360127e-03
 26  1.935119e-03
 27  1.571238e-03
 28  1.259189e-03
 29  1.003728e-03
 30  7.859872e-04
 Iteration CPU time: 7 s
 CFIE residual: 0.000785987

 Iseg, Irank, Idinc : 1, 28, 37
 Thata, Phi : 90.000000, 36.000000
 Maximun iteration: 300
 Number of recycle truncation: 30
 Final matrix dimension:  36708
 Residual error:0.001000
 0  6.205281e-01
 1  3.122247e-01
 2  1.931813e-01
 3  1.235201e-01
 4  8.510093e-02
 5  6.259582e-02
 6  4.609178e-02
 7  3.531011e-02
 8  2.687703e-02
 9  2.064796e-02
 10  1.661844e-02
 11  1.345944e-02
 12  1.101480e-02
 13  9.433815e-03
 14  7.842256e-03
 15  6.719893e-03
 16  5.991849e-03
 17  5.213269e-03
 18  4.559059e-03
 19  4.028399e-03
 20  3.467292e-03
 21  2.976576e-03
 22  2.553916e-03
 23  2.167946e-03
 24  1.827790e-03
 25  1.500800e-03
 26  1.219580e-03
 27  9.690395e-04
 Iteration CPU time: 6 s
 CFIE residual: 0.00096904

 Iseg, Irank, Idinc : 1, 29, 57
 Thata, Phi : 90.000000, 56.000000
 Maximun iteration: 300
 Number of recycle truncation: 30
 Final matrix dimension:  36708
 Residual error:0.001000
 0  6.551534e-01
 1  3.403071e-01
 2  2.122885e-01
 3  1.362915e-01
 4  9.734177e-02
 5  7.155963e-02
 6  5.610526e-02
 7  4.459357e-02
 8  3.541952e-02
 9  2.738833e-02
 10  2.177486e-02
 11  1.783093e-02
 12  1.467144e-02
 13  1.258347e-02
 14  1.087472e-02
 15  9.460835e-03
 16  8.378946e-03
 17  7.391031e-03
 18  6.518930e-03
 19  5.491725e-03
 20  4.631159e-03
 21  3.907527e-03
 22  3.268636e-03
 23  2.589888e-03
 24  2.060137e-03
 25  1.587608e-03
 26  1.222803e-03
 27  9.490578e-04
 Iteration CPU time: 6 s
 CFIE residual: 0.000949058

 Iseg, Irank, Idinc : 1, 30, 127
 Thata, Phi : 90.000000, 126.000000
 Maximun iteration: 300
 Number of recycle truncation: 30
 Final matrix dimension:  36708
 Residual error:0.001000
 0  6.606149e-01
 1  3.511646e-01
 2  2.297425e-01
 3  1.572494e-01
 4  1.125008e-01
 5  8.711034e-02
 6  6.629621e-02
 7  5.181778e-02
 8  4.003866e-02
 9  3.204157e-02
 10  2.495592e-02
 11  1.962331e-02
 12  1.601983e-02
 13  1.331347e-02
 14  1.107534e-02
 15  9.407962e-03
 16  7.968702e-03
 17  6.889334e-03
 18  6.105308e-03
 19  5.233072e-03
 20  4.595739e-03
 21  4.065101e-03
 22  3.599826e-03
 23  3.157822e-03
 24  2.739026e-03
 25  2.310838e-03
 26  1.979502e-03
 27  1.660398e-03
 28  1.442766e-03
 29  1.208186e-03
 30  9.678731e-04
 Iteration CPU time: 7 s
 CFIE residual: 0.000967873

 Iseg, Irank, Idinc : 1, 31, 3
 Thata, Phi : 90.000000, 2.000000
 Maximun iteration: 300
 Number of recycle truncation: 30
 Final matrix dimension:  36708
 Residual error:0.001000
 0  5.037375e-01
 1  2.664224e-01
 2  1.729418e-01
 3  1.205861e-01
 4  8.673199e-02
 5  6.486159e-02
 6  4.966240e-02
 7  3.767959e-02
 8  2.979844e-02
 9  2.236409e-02
 10  1.729048e-02
 11  1.400046e-02
 12  1.124654e-02
 13  9.048982e-03
 14  7.427934e-03
 15  6.135021e-03
 16  5.184136e-03
 17  4.418787e-03
 18  3.815617e-03
 19  3.350399e-03
 20  2.935002e-03
 21  2.560646e-03
 22  2.265943e-03
 23  2.018484e-03
 24  1.751600e-03
 25  1.521492e-03
 26  1.351533e-03
 27  1.177150e-03
 28  1.005669e-03
 29  8.250402e-04
 Iteration CPU time: 7 s
 CFIE residual: 0.00082504

 Iseg, Irank, Idinc : 1, 32, 163
 Thata, Phi : 90.000000, 162.000000
 Maximun iteration: 300
 Number of recycle truncation: 30
 Final matrix dimension:  36708
 Residual error:0.001000
 0  5.852228e-01
 1  3.051528e-01
 2  1.854983e-01
 3  1.332278e-01
 4  1.025449e-01
 5  8.265350e-02
 6  6.645558e-02
 7  5.454092e-02
 8  4.592231e-02
 9  3.900032e-02
 10  3.290690e-02
 11  2.728817e-02
 12  2.239235e-02
 13  1.787465e-02
 14  1.454842e-02
 15  1.158919e-02
 16  9.158167e-03
 17  7.605380e-03
 18  6.192133e-03
 19  5.013033e-03
 20  4.112443e-03
 21  3.456021e-03
 22  2.937544e-03
 23  2.538246e-03
 24  2.217280e-03
 25  1.936959e-03
 26  1.725178e-03
 27  1.523691e-03
 28  1.342964e-03
 29  1.163976e-03
 30  9.973414e-04
 Iteration CPU time: 7 s
 CFIE residual: 0.000997341

 Iseg, Irank, Idinc : 1, 33, 27
 Thata, Phi : 90.000000, 26.000000
 Maximun iteration: 300
 Number of recycle truncation: 30
 Final matrix dimension:  36708
 Residual error:0.001000
 0  6.277315e-01
 1  2.975565e-01
 2  1.683610e-01
 3  1.102001e-01
 4  7.836737e-02
 5  5.809098e-02
 6  4.346838e-02
 7  3.383509e-02
 8  2.628362e-02
 9  2.056738e-02
 10  1.648939e-02
 11  1.303333e-02
 12  1.071872e-02
 13  8.898265e-03
 14  7.443711e-03
 15  6.417577e-03
 16  5.489401e-03
 17  4.671636e-03
 18  4.069985e-03
 19  3.561962e-03
 20  3.081017e-03
 21  2.702145e-03
 22  2.418850e-03
 23  2.166745e-03
 24  1.889269e-03
 25  1.602664e-03
 26  1.350865e-03
 27  1.122672e-03
 28  9.243508e-04
 Iteration CPU time: 6 s
 CFIE residual: 0.000924351

 Iseg, Irank, Idinc : 1, 34, 85
 Thata, Phi : 90.000000, 84.000000
 Maximun iteration: 300
 Number of recycle truncation: 30
 Final matrix dimension:  36708
 Residual error:0.001000
 0  6.245716e-01
 1  3.564560e-01
 2  2.313120e-01
 3  1.583442e-01
 4  1.137232e-01
 5  8.940155e-02
 6  6.950948e-02
 7  5.536965e-02
 8  4.548789e-02
 9  3.561754e-02
 10  2.823827e-02
 11  2.241181e-02
 12  1.818812e-02
 13  1.504836e-02
 14  1.285693e-02
 15  1.123954e-02
 16  9.841749e-03
 17  8.716987e-03
 18  7.851115e-03
 19  6.887312e-03
 20  6.044709e-03
 21  5.234841e-03
 22  4.363942e-03
 23  3.612416e-03
 24  2.974430e-03
 25  2.405419e-03
 26  1.920104e-03
 27  1.542361e-03
 28  1.241326e-03
 29  9.822035e-04
 Iteration CPU time: 7 s
 CFIE residual: 0.000982204

 Iseg, Irank, Idinc : 1, 35, 180
 Thata, Phi : 90.000000, 179.000000
 Maximun iteration: 300
 Number of recycle truncation: 30
 Final matrix dimension:  36708
 Residual error:0.001000
 0  5.487619e-01
 1  3.002618e-01
 2  1.912116e-01
 3  1.372901e-01
 4  1.066728e-01
 5  8.296326e-02
 6  6.787578e-02
 7  5.545703e-02
 8  4.409686e-02
 9  3.549695e-02
 10  2.770065e-02
 11  2.140421e-02
 12  1.642786e-02
 13  1.262214e-02
 14  9.762036e-03
 15  7.492972e-03
 16  6.010364e-03
 17  5.028739e-03
 18  4.134327e-03
 19  3.436336e-03
 20  2.913153e-03
 21  2.515742e-03
 22  2.232323e-03
 23  1.977845e-03
 24  1.756995e-03
 25  1.534723e-03
 26  1.370457e-03
 27  1.219350e-03
 28  1.033922e-03
 29  8.638269e-04
 Iteration CPU time: 6 s
 CFIE residual: 0.000863827

 Iseg, Irank, Idinc : 1, 36, 47
 Thata, Phi : 90.000000, 46.000000
 Maximun iteration: 300
 Number of recycle truncation: 30
 Final matrix dimension:  36708
 Residual error:0.001000
 0  6.302406e-01
 1  3.212584e-01
 2  2.037344e-01
 3  1.354815e-01
 4  9.519327e-02
 5  7.002184e-02
 6  5.271964e-02
 7  4.046531e-02
 8  3.144610e-02
 9  2.449225e-02
 10  1.941028e-02
 11  1.572012e-02
 12  1.275001e-02
 13  1.090194e-02
 14  9.325391e-03
 15  8.092474e-03
 16  7.216723e-03
 17  6.395061e-03
 18  5.600202e-03
 19  4.741779e-03
 20  4.001222e-03
 21  3.369365e-03
 22  2.829131e-03
 23  2.284316e-03
 24  1.832670e-03
 25  1.472445e-03
 26  1.143816e-03
 27  9.055241e-04
 Iteration CPU time: 7 s
 CFIE residual: 0.000905524

 Iseg, Irank, Idinc : 1, 37, 142
 Thata, Phi : 90.000000, 141.000000
 Maximun iteration: 300
 Number of recycle truncation: 30
 Final matrix dimension:  36708
 Residual error:0.001000
 0  6.673126e-01
 1  3.495530e-01
 2  2.140217e-01
 3  1.495160e-01
 4  1.087753e-01
 5  8.397581e-02
 6  6.352051e-02
 7  5.100395e-02
 8  4.213902e-02
 9  3.436965e-02
 10  2.860777e-02
 11  2.339604e-02
 12  1.956277e-02
 13  1.538504e-02
 14  1.207709e-02
 15  9.805117e-03
 16  8.142411e-03
 17  6.746927e-03
 18  5.665223e-03
 19  4.834074e-03
 20  4.152581e-03
 21  3.677388e-03
 22  3.263746e-03
 23  2.867775e-03
 24  2.535397e-03
 25  2.214027e-03
 26  1.928392e-03
 27  1.618333e-03
 28  1.326719e-03
 29  1.088809e-03
 30  8.789339e-04
 Iteration CPU time: 7 s
 CFIE residual: 0.000878934

 Iseg, Irank, Idinc : 1, 38, 112
 Thata, Phi : 90.000000, 111.000000
 Maximun iteration: 300
 Number of recycle truncation: 30
 Final matrix dimension:  36708
 Residual error:0.001000
 0  6.398777e-01
 1  3.557319e-01
 2  2.255733e-01
 3  1.553447e-01
 4  1.101801e-01
 5  8.264420e-02
 6  6.382405e-02
 7  4.915756e-02
 8  3.810670e-02
 9  3.019948e-02
 10  2.381193e-02
 11  1.894752e-02
 12  1.543358e-02
 13  1.269043e-02
 14  1.076364e-02
 15  9.099362e-03
 16  7.617078e-03
 17  6.596392e-03
 18  5.741283e-03
 19  4.993866e-03
 20  4.382647e-03
 21  3.896996e-03
 22  3.386746e-03
 23  2.958290e-03
 24  2.542764e-03
 25  2.164664e-03
 26  1.767810e-03
 27  1.440438e-03
 28  1.166818e-03
 29  8.979891e-04
 Iteration CPU time: 6 s
 CFIE residual: 0.000897989
 Last Built End in Sep 21 2025 00:06:12
 Total CPU time: 272 s
 Finished.
