 Last Built Begin in Sep 21 2025 00:06:12
 Pre-Type( Input ):            8
 Skl-Tol ( Input ):    1.0000000000000000E-002
 Wavelength in freespace: 0.463917

 ################################################
 ##         Generating Required Mesh          ##
 ##         Waiting.....                      ##
 ################################################
 Subd No.      Subd Name
    1    sphere1                                                           
 isub,  nnode, npatch,  nedge:
    1       604      1204      1806
 Scale Factor         >>   9.99999978E-03
 ################################################

 START TIME: 20250922   002337.819


 Informaton for IE geometry:
 number of subdomains     : 1
 maxnode,maxpatch,maxedge : 604  1204  1806
 
 Index of Mat-Reg: 1
 Mat-Reg Number via MatFlg: 1
 Edge Number of Mat-Reg: 1, 1806

 Number of Edge on PEC: 0
 Mat-Reg: No Dim(m) Lmax:
    1 0.216    1
 Totlmax, add1, add2:           1           2           3
 rlengmax of Global MLFMA >>   0.21555565381954891     
 Lmax of Global MLFMA >>            1
 Wavenum of Mat-Reg:
    1 1.000

 total area in sq m           =      0.1254
 total area in sq lambda      =      0.5824
 maxnode, maxpatch, maxedge           =      604     1204     1806
 longest  edge in lambda              =      0.0469
 shortest edge in lambda              =      0.0205
 average  edge in lambda              =      0.0335
 largest  patch area in sq lambda     =      0.0008
 smallest patch area in sq lambda     =      0.0002
 ave    surface area in sq lambda     =      0.0005
 size range of the object in sq lambda =      0.4311

 #### MLFMA Info For Each Region ####
 Mat-Region =            1
 Array dimension parameters:
 maxrule=          14   maxgrid  =          64
 lmax   =           1   ncmax    =           9
 lsmax  =           1   lsmin    =           1
 kpm    =           1   kp0      =           1
 ntlm   =           1   nsm      =           1
 nkpm   =           1   niplm    =          16
 ngnearm=          64   ngsndm   =           1
 nearm  =        1807   mfinestm =         244
 ###############################

 CFIE Alpha:  0.50000000000000000     

 Fill MLFMA NI for Mat-Reg:           1
 Begin fill sparser part of Nearfield
 Begin fill denser part of Nearfield
 End fill
 Filling Amn                 Delta_CPU=         45.76 Memory(MB)=        200.07


 Now testing preconditioner with
 ipretype =            8
 method = cfie_solve_nfpre_pardiso

  
 NBP>>Begin fill sparser part of Nearfield
 NBP>>Begin fill denser part of Nearfield

212.5000%
225.0000%
237.5000%
250.0000%
262.5000%
275.0000%
287.5000%
300.0000%
 Begin MLFMA Box-Matrix Based Prec Constructor
 --- Intel MKL PARDISO --- 
  >> Solver Initialized
  >> Proceed to ngrp_box loop
  >> Loop 0 Initialized
 Memory for iGRP: 1 0 MB
 Total Memory For NFB Pre: 0 MB
 --- PARDISO PRECONDITIONER INITIALIZED --- 
 Constructing preconditioner CPU time: 1 s
 
 108360
 Memory for Iteration:: 1.65344 MB

 Iseg, Ninc_S : 1, 181, 0

 Iseg, Skeleton Angles: 1, 7
 Iseg, Skel-Pk Mem(MB): 1, 30.95

 Iseg, Irank, Idinc : 1, 1, 72
 Thata, Phi : 90.000000, 71.000000
 Maximun iteration: 300
 Number of recycle truncation: 30
 Final matrix dimension:  3612
 Residual error:0.010000
 0  2.162592e-01
 1  9.677958e-02
 2  4.323666e-02
 3  2.036935e-02
 4  8.793926e-03
 Iteration CPU time: 0 s
 CFIE residual: 0.00879393

 Iseg, Irank, Idinc : 1, 2, 147
 Thata, Phi : 90.000000, 146.000000
 Maximun iteration: 300
 Number of recycle truncation: 30
 Final matrix dimension:  3612
 Residual error:0.010000
 0  2.106854e-01
 1  8.873874e-02
 2  3.926757e-02
 3  1.781424e-02
 4  8.075331e-03
 Iteration CPU time: 0 s
 CFIE residual: 0.00807533

 Iseg, Irank, Idinc : 1, 3, 1
 Thata, Phi : 90.000000, 0.000000
 Maximun iteration: 300
 Number of recycle truncation: 30
 Final matrix dimension:  3612
 Residual error:0.010000
 0  2.236810e-01
 1  9.657435e-02
 2  4.323814e-02
 3  2.002364e-02
 4  8.501814e-03
 Iteration CPU time: 0 s
 CFIE residual: 0.00850181

 Iseg, Irank, Idinc : 1, 4, 181
 Thata, Phi : 90.000000, 180.000000
 Maximun iteration: 300
 Number of recycle truncation: 30
 Final matrix dimension:  3612
 Residual error:0.010000
 0  2.194912e-01
 1  9.556711e-02
 2  4.175774e-02
 3  1.813744e-02
 4  8.086451e-03
 Iteration CPU time: 0 s
 CFIE residual: 0.00808645

 Iseg, Irank, Idinc : 1, 5, 34
 Thata, Phi : 90.000000, 33.000000
 Maximun iteration: 300
 Number of recycle truncation: 30
 Final matrix dimension:  3612
 Residual error:0.010000
 0  2.137711e-01
 1  9.078819e-02
 2  4.130708e-02
 3  1.980070e-02
 4  8.561554e-03
 Iteration CPU time: 0 s
 CFIE residual: 0.00856155

 Iseg, Irank, Idinc : 1, 6, 111
 Thata, Phi : 90.000000, 110.000000
 Maximun iteration: 300
 Number of recycle truncation: 30
 Final matrix dimension:  3612
 Residual error:0.010000
 0  2.141613e-01
 1  9.455469e-02
 2  4.153409e-02
 3  1.928062e-02
 4  8.631672e-03
 Iteration CPU time: 0 s
 CFIE residual: 0.00863167

 Iseg, Irank, Idinc : 1, 7, 167
 Thata, Phi : 90.000000, 166.000000
 Maximun iteration: 300
 Number of recycle truncation: 30
 Final matrix dimension:  3612
 Residual error:0.010000
 0  2.173873e-01
 1  9.366630e-02
 2  4.122632e-02
 3  1.806924e-02
 4  8.086985e-03
 Iteration CPU time: 1 s
 CFIE residual: 0.00808698
 Last Built End in Sep 21 2025 00:06:12
 Total CPU time: 7 s
 Finished.
