 Last Built Begin in Sep 21 2025 00:06:12
 Pre-Type( Input ):           10
 Skl-Tol ( Input ):    1.0000000000000001E-005
 Wavelength in freespace: 0.0311526

 ################################################
 ##         Generating Required Mesh          ##
 ##         Waiting.....                      ##
 ################################################
 Subd No.      Subd Name
    1    Open-Duct_PRIME_model_meshAA1                                     
 isub,  nnode, npatch,  nedge:
    1      6118     12236     18354
 Scale Factor         >>   1.54999997E-02
 ################################################

 START TIME: 20250922   022100.924


 Informaton for IE geometry:
 number of subdomains     : 1
 maxnode,maxpatch,maxedge : 6118  12236  18354
 
 Index of Mat-Reg: 1
 Mat-Reg Number via MatFlg: 1
 Edge Number of Mat-Reg: 1, 18354

 Number of Edge on PEC: 18354
 Mat-Reg: No Dim(m) Lmax:
    1 0.230    5
 Totlmax, add1, add2:           5           6           7
 rlengmax of Global MLFMA >>   0.23015947002076875     
 Lmax of Global MLFMA >>            5
 Wavenum of Mat-Reg:
    1 1.000

 total area in sq m           =      0.0510
 total area in sq lambda      =     52.5199
 maxnode, maxpatch, maxedge           =     6118    12236    18354
 longest  edge in lambda              =      0.1498
 shortest edge in lambda              =      0.0071
 average  edge in lambda              =      0.1000
 largest  patch area in sq lambda     =      0.0076
 smallest patch area in sq lambda     =      0.0000
 ave    surface area in sq lambda     =      0.0043
 size range of the object in sq lambda =      7.3651

 #### MLFMA Info For Each Region ####
 Mat-Region =            1
 Array dimension parameters:
 maxrule=          14   maxgrid  =          64
 lmax   =           5   ncmax    =        1250
 lsmax  =          26   lsmin    =           6
 kpm    =        1356   kp0      =          76
 ntlm   =      204640   nsm      =      205900
 nkpm   =        2152   niplm    =      137728
 ngnearm=       14257   ngsndm   =       64634
 nearm  =         333   mfinestm =         119
 ###############################

 CFIE Alpha:  0.50000000000000000     

 Fill MLFMA FI for Mat-Reg:           1
 Begin filltl.f
 fill translation matrix
 Level:            2
 fill shifting matrix
 Level:            3
 fill shifting matrix
 Level:            4
 fill shifting matrix
 Level:            5
 fill shifting matrix
 translator time(s):  0.107000008    
 fill interpolation matrix
 ThetaOrder            8
 PhiOrder            8
 lsl            6
 Filling TL                  Delta_CPU=          0.51 Memory(MB)=        586.87
 Filling sndgrp              Delta_CPU=          0.00 Memory(MB)=        586.87
 Filling VFS                 Delta_CPU=          2.39 Memory(MB)=        586.87

 Fill MLFMA NI for Mat-Reg:           1
 Begin fill sparser part of Nearfield
 Begin fill denser part of Nearfield
 End fill
 Filling Amn                 Delta_CPU=         91.29 Memory(MB)=        586.87


 Now testing preconditioner with
 ipretype =           10
 method = cfie_solve_nfrasspspre_pardiso

  
 NBP>>Begin fill sparser part of Nearfield

113.5276% NBP>>Begin fill denser part of Nearfield

200.1041%
 Begin MLFMA Box-Matrix Based Spar-RAS Prec Constructor
 --- Intel MKL PARDISO --- 
 Memory for iGroup: 1 0 MB
 Total Memory For SparRAS Pre: 0 MB
 --- PARDISO PRECONDITIONER INITIALIZED --- 
 Constructing preconditioner CPU time: 4 s
 
 1101240
 Memory for Iteration:: 16.8036 MB

 Iseg, Ninc_S : 1, 181, 0

 Iseg, Skeleton Angles: 1, 38
 Iseg, Skel-Pk Mem(MB): 1, 314.35

 Iseg, Irank, Idinc : 1, 1, 22
 Thata, Phi : 90.000000, 21.000000
 Maximun iteration: 300
 Number of recycle truncation: 30
 Final matrix dimension:  36708
 Residual error:0.001000
 0  6.073431e-01
 1  2.903997e-01
 2  1.658477e-01
 3  1.139639e-01
 4  8.098566e-02
 5  5.966423e-02
 6  4.563306e-02
 7  3.601403e-02
 8  2.837739e-02
 9  2.237710e-02
 10  1.741007e-02
 11  1.365838e-02
 12  1.119024e-02
 13  9.030645e-03
 14  7.526279e-03
 15  6.430021e-03
 16  5.468110e-03
 17  4.621813e-03
 18  4.021862e-03
 19  3.454157e-03
 20  2.966344e-03
 21  2.640641e-03
 22  2.372790e-03
 23  2.178773e-03
 24  1.954372e-03
 25  1.731778e-03
 26  1.507970e-03
 27  1.304099e-03
 28  1.103905e-03
 29  9.356969e-04
 Iteration CPU time: 6 s
 CFIE residual: 0.000935697

 Iseg, Irank, Idinc : 1, 2, 42
 Thata, Phi : 90.000000, 41.000000
 Maximun iteration: 300
 Number of recycle truncation: 30
 Final matrix dimension:  36708
 Residual error:0.001000
 0  6.232290e-01
 1  3.150996e-01
 2  2.004316e-01
 3  1.314378e-01
 4  9.035293e-02
 5  6.561518e-02
 6  4.848093e-02
 7  3.665405e-02
 8  2.817702e-02
 9  2.184385e-02
 10  1.723723e-02
 11  1.384825e-02
 12  1.117981e-02
 13  9.471810e-03
 14  7.994584e-03
 15  6.940505e-03
 16  6.197913e-03
 17  5.468514e-03
 18  4.911618e-03
 19  4.388217e-03
 20  3.828457e-03
 21  3.322526e-03
 22  2.884625e-03
 23  2.448780e-03
 24  1.994691e-03
 25  1.622805e-03
 26  1.318492e-03
 27  1.052507e-03
 28  8.207376e-04
 Iteration CPU time: 7 s
 CFIE residual: 0.000820738

 Iseg, Irank, Idinc : 1, 3, 64
 Thata, Phi : 90.000000, 63.000000
 Maximun iteration: 300
 Number of recycle truncation: 30
 Final matrix dimension:  36708
 Residual error:0.001000
 0  6.650640e-01
 1  3.572670e-01
 2  2.228240e-01
 3  1.443697e-01
 4  1.053945e-01
 5  7.973053e-02
 6  6.090698e-02
 7  4.851020e-02
 8  3.860393e-02
 9  3.075516e-02
 10  2.439762e-02
 11  1.974621e-02
 12  1.616830e-02
 13  1.360190e-02
 14  1.153075e-02
 15  1.021532e-02
 16  9.153813e-03
 17  8.184727e-03
 18  7.418011e-03
 19  6.540457e-03
 20  5.726738e-03
 21  4.997866e-03
 22  4.213434e-03
 23  3.493310e-03
 24  2.845874e-03
 25  2.263809e-03
 26  1.781746e-03
 27  1.359194e-03
 28  1.054765e-03
 29  8.177750e-04
 Iteration CPU time: 6 s
 CFIE residual: 0.000817775

 Iseg, Irank, Idinc : 1, 4, 109
 Thata, Phi : 90.000000, 108.000000
 Maximun iteration: 300
 Number of recycle truncation: 30
 Final matrix dimension:  36708
 Residual error:0.001000
 0  6.328303e-01
 1  3.586472e-01
 2  2.262586e-01
 3  1.547991e-01
 4  1.091810e-01
 5  8.195121e-02
 6  6.355466e-02
 7  4.906271e-02
 8  3.824599e-02
 9  3.054126e-02
 10  2.416340e-02
 11  1.910217e-02
 12  1.541698e-02
 13  1.259214e-02
 14  1.062225e-02
 15  8.930860e-03
 16  7.496028e-03
 17  6.548877e-03
 18  5.780778e-03
 19  5.097793e-03
 20  4.523048e-03
 21  4.075931e-03
 22  3.604887e-03
 23  3.171551e-03
 24  2.774338e-03
 25  2.399077e-03
 26  2.018508e-03
 27  1.671779e-03
 28  1.344979e-03
 29  1.065399e-03
 30  8.313441e-04
 Iteration CPU time: 7 s
 CFIE residual: 0.000831344

 Iseg, Irank, Idinc : 1, 5, 75
 Thata, Phi : 90.000000, 74.000000
 Maximun iteration: 300
 Number of recycle truncation: 30
 Final matrix dimension:  36708
 Residual error:0.001000
 0  6.424043e-01
 1  3.685843e-01
 2  2.391017e-01
 3  1.511058e-01
 4  1.060395e-01
 5  8.115474e-02
 6  6.321361e-02
 7  5.200698e-02
 8  4.112140e-02
 9  3.356846e-02
 10  2.683648e-02
 11  2.164453e-02
 12  1.769793e-02
 13  1.521285e-02
 14  1.319211e-02
 15  1.167947e-02
 16  1.056046e-02
 17  9.414249e-03
 18  8.452625e-03
 19  7.504905e-03
 20  6.736708e-03
 21  5.928593e-03
 22  5.143575e-03
 23  4.314028e-03
 24  3.592463e-03
 25  2.910252e-03
 26  2.388174e-03
 27  1.927872e-03
 28  1.572249e-03
 29  1.218500e-03
 30  9.571955e-04
 Iteration CPU time: 7 s
 CFIE residual: 0.000957195

 Iseg, Irank, Idinc : 1, 6, 146
 Thata, Phi : 90.000000, 145.000000
 Maximun iteration: 300
 Number of recycle truncation: 30
 Final matrix dimension:  36708
 Residual error:0.001000
 0  6.486294e-01
 1  3.442892e-01
 2  2.073484e-01
 3  1.454949e-01
 4  1.051655e-01
 5  8.173623e-02
 6  6.338078e-02
 7  5.074945e-02
 8  4.238440e-02
 9  3.513461e-02
 10  2.923620e-02
 11  2.434180e-02
 12  2.003403e-02
 13  1.585852e-02
 14  1.244437e-02
 15  1.022705e-02
 16  8.140552e-03
 17  6.762904e-03
 18  5.719587e-03
 19  4.679430e-03
 20  4.026328e-03
 21  3.471452e-03
 22  3.069551e-03
 23  2.724670e-03
 24  2.422008e-03
 25  2.181727e-03
 26  1.950217e-03
 27  1.730867e-03
 28  1.451547e-03
 29  1.208044e-03
 30  9.917334e-04
 Iteration CPU time: 7 s
 CFIE residual: 0.000991733

 Iseg, Irank, Idinc : 1, 7, 159
 Thata, Phi : 90.000000, 158.000000
 Maximun iteration: 300
 Number of recycle truncation: 30
 Final matrix dimension:  36708
 Residual error:0.001000
 0  6.034830e-01
 1  3.114789e-01
 2  1.886294e-01
 3  1.319787e-01
 4  1.005108e-01
 5  8.037929e-02
 6  6.427802e-02
 7  5.215410e-02
 8  4.440093e-02
 9  3.792250e-02
 10  3.182045e-02
 11  2.633577e-02
 12  2.126747e-02
 13  1.715867e-02
 14  1.394969e-02
 15  1.102346e-02
 16  8.770617e-03
 17  7.091691e-03
 18  5.908376e-03
 19  4.861785e-03
 20  4.007500e-03
 21  3.398827e-03
 22  2.959345e-03
 23  2.605805e-03
 24  2.307827e-03
 25  2.067607e-03
 26  1.839815e-03
 27  1.645167e-03
 28  1.458452e-03
 29  1.259871e-03
 30  1.087058e-03
 31  9.003498e-04
 Iteration CPU time: 7 s
 CFIE residual: 0.00090035

 Iseg, Irank, Idinc : 1, 8, 132
 Thata, Phi : 90.000000, 131.000000
 Maximun iteration: 300
 Number of recycle truncation: 30
 Final matrix dimension:  36708
 Residual error:0.001000
 0  6.850015e-01
 1  3.592978e-01
 2  2.310348e-01
 3  1.574851e-01
 4  1.126245e-01
 5  8.668801e-02
 6  6.609238e-02
 7  5.154956e-02
 8  4.109503e-02
 9  3.254706e-02
 10  2.587936e-02
 11  2.048556e-02
 12  1.648947e-02
 13  1.358335e-02
 14  1.121393e-02
 15  9.226764e-03
 16  7.684614e-03
 17  6.600819e-03
 18  5.704995e-03
 19  4.990587e-03
 20  4.484651e-03
 21  4.059144e-03
 22  3.628970e-03
 23  3.301538e-03
 24  2.896325e-03
 25  2.492991e-03
 26  2.154144e-03
 27  1.814460e-03
 28  1.561518e-03
 29  1.314458e-03
 30  1.093901e-03
 31  8.694519e-04
 Iteration CPU time: 7 s
 CFIE residual: 0.000869452

 Iseg, Irank, Idinc : 1, 9, 122
 Thata, Phi : 90.000000, 121.000000
 Maximun iteration: 300
 Number of recycle truncation: 30
 Final matrix dimension:  36708
 Residual error:0.001000
 0  6.532429e-01
 1  3.459036e-01
 2  2.270180e-01
 3  1.572629e-01
 4  1.114570e-01
 5  8.474586e-02
 6  6.479821e-02
 7  5.078188e-02
 8  3.866955e-02
 9  3.060602e-02
 10  2.389543e-02
 11  1.880213e-02
 12  1.519657e-02
 13  1.264266e-02
 14  1.066166e-02
 15  9.105262e-03
 16  7.849605e-03
 17  6.802303e-03
 18  5.992136e-03
 19  5.254367e-03
 20  4.614407e-03
 21  4.082468e-03
 22  3.680222e-03
 23  3.228136e-03
 24  2.818674e-03
 25  2.428267e-03
 26  2.104082e-03
 27  1.805187e-03
 28  1.505521e-03
 29  1.255955e-03
 30  9.969902e-04
 Iteration CPU time: 6 s
 CFIE residual: 0.00099699

 Iseg, Irank, Idinc : 1, 10, 89
 Thata, Phi : 90.000000, 88.000000
 Maximun iteration: 300
 Number of recycle truncation: 30
 Final matrix dimension:  36708
 Residual error:0.001000
 0  6.222917e-01
 1  3.569710e-01
 2  2.299259e-01
 3  1.560152e-01
 4  1.123956e-01
 5  8.822526e-02
 6  6.883390e-02
 7  5.469431e-02
 8  4.446244e-02
 9  3.575262e-02
 10  2.842842e-02
 11  2.244834e-02
 12  1.805313e-02
 13  1.474702e-02
 14  1.253153e-02
 15  1.091242e-02
 16  9.580698e-03
 17  8.561172e-03
 18  7.730591e-03
 19  6.939484e-03
 20  6.254119e-03
 21  5.540477e-03
 22  4.745808e-03
 23  3.963711e-03
 24  3.353349e-03
 25  2.752056e-03
 26  2.235725e-03
 27  1.781193e-03
 28  1.451543e-03
 29  1.109664e-03
 30  8.429421e-04
 Iteration CPU time: 7 s
 CFIE residual: 0.000842942

 Iseg, Irank, Idinc : 1, 11, 53
 Thata, Phi : 90.000000, 52.000000
 Maximun iteration: 300
 Number of recycle truncation: 30
 Final matrix dimension:  36708
 Residual error:0.001000
 0  6.443153e-01
 1  3.340112e-01
 2  2.074083e-01
 3  1.352712e-01
 4  9.654010e-02
 5  7.172467e-02
 6  5.514519e-02
 7  4.278426e-02
 8  3.326638e-02
 9  2.542905e-02
 10  2.021426e-02
 11  1.648549e-02
 12  1.356341e-02
 13  1.156979e-02
 14  9.974968e-03
 15  8.656880e-03
 16  7.786270e-03
 17  7.007967e-03
 18  6.220427e-03
 19  5.416695e-03
 20  4.752821e-03
 21  4.054080e-03
 22  3.447757e-03
 23  2.836112e-03
 24  2.306354e-03
 25  1.801448e-03
 26  1.408470e-03
 27  1.127582e-03
 28  8.874082e-04
 Iteration CPU time: 7 s
 CFIE residual: 0.000887408

 Iseg, Irank, Idinc : 1, 12, 32
 Thata, Phi : 90.000000, 31.000000
 Maximun iteration: 300
 Number of recycle truncation: 30
 Final matrix dimension:  36708
 Residual error:0.001000
 0  6.311647e-01
 1  3.055292e-01
 2  1.796727e-01
 3  1.140258e-01
 4  8.058619e-02
 5  5.979943e-02
 6  4.401633e-02
 7  3.381895e-02
 8  2.582499e-02
 9  2.022953e-02
 10  1.648703e-02
 11  1.310296e-02
 12  1.059289e-02
 13  8.838810e-03
 14  7.340890e-03
 15  6.214918e-03
 16  5.510425e-03
 17  4.738088e-03
 18  4.215628e-03
 19  3.734563e-03
 20  3.252622e-03
 21  2.880607e-03
 22  2.598880e-03
 23  2.320445e-03
 24  2.033723e-03
 25  1.748222e-03
 26  1.463148e-03
 27  1.226233e-03
 28  1.008355e-03
 29  8.330760e-04
 Iteration CPU time: 7 s
 CFIE residual: 0.000833076

 Iseg, Irank, Idinc : 1, 13, 11
 Thata, Phi : 90.000000, 10.000000
 Maximun iteration: 300
 Number of recycle truncation: 30
 Final matrix dimension:  36708
 Residual error:0.001000
 0  5.368166e-01
 1  2.750633e-01
 2  1.721649e-01
 3  1.228176e-01
 4  8.821305e-02
 5  6.698371e-02
 6  5.123966e-02
 7  3.987952e-02
 8  3.074269e-02
 9  2.430040e-02
 10  1.924531e-02
 11  1.494619e-02
 12  1.160056e-02
 13  9.315606e-03
 14  7.631604e-03
 15  6.372733e-03
 16  5.489641e-03
 17  4.578662e-03
 18  3.990865e-03
 19  3.492397e-03
 20  3.040842e-03
 21  2.639398e-03
 22  2.369553e-03
 23  2.127000e-03
 24  1.886330e-03
 25  1.695759e-03
 26  1.521763e-03
 27  1.368857e-03
 28  1.184989e-03
 29  1.020681e-03
 30  8.666054e-04
 Iteration CPU time: 7 s
 CFIE residual: 0.000866605

 Iseg, Irank, Idinc : 1, 14, 178
 Thata, Phi : 90.000000, 177.000000
 Maximun iteration: 300
 Number of recycle truncation: 30
 Final matrix dimension:  36708
 Residual error:0.001000
 0  5.524051e-01
 1  2.993306e-01
 2  1.910013e-01
 3  1.362618e-01
 4  1.064485e-01
 5  8.259279e-02
 6  6.757831e-02
 7  5.527127e-02
 8  4.454688e-02
 9  3.538332e-02
 10  2.796098e-02
 11  2.201774e-02
 12  1.728944e-02
 13  1.361250e-02
 14  1.067177e-02
 15  8.350421e-03
 16  6.747287e-03
 17  5.570448e-03
 18  4.572076e-03
 19  3.782916e-03
 20  3.171732e-03
 21  2.667643e-03
 22  2.333437e-03
 23  2.063721e-03
 24  1.820792e-03
 25  1.601311e-03
 26  1.440371e-03
 27  1.300356e-03
 28  1.146937e-03
 29  1.003462e-03
 30  8.825208e-04
 Iteration CPU time: 7 s
 CFIE residual: 0.000882521

 Iseg, Irank, Idinc : 1, 15, 97
 Thata, Phi : 90.000000, 96.000000
 Maximun iteration: 300
 Number of recycle truncation: 30
 Final matrix dimension:  36708
 Residual error:0.001000
 0  6.200893e-01
 1  3.557393e-01
 2  2.245747e-01
 3  1.500395e-01
 4  1.074463e-01
 5  8.188495e-02
 6  6.400816e-02
 7  5.123814e-02
 8  4.075723e-02
 9  3.261902e-02
 10  2.577267e-02
 11  2.056992e-02
 12  1.676779e-02
 13  1.386961e-02
 14  1.162838e-02
 15  1.009670e-02
 16  8.691937e-03
 17  7.739610e-03
 18  6.987969e-03
 19  6.279369e-03
 20  5.706465e-03
 21  5.126058e-03
 22  4.488274e-03
 23  3.866743e-03
 24  3.338609e-03
 25  2.812084e-03
 26  2.319863e-03
 27  1.905270e-03
 28  1.522290e-03
 29  1.188967e-03
 30  9.195259e-04
 Iteration CPU time: 7 s
 CFIE residual: 0.000919526

 Iseg, Irank, Idinc : 1, 16, 82
 Thata, Phi : 90.000000, 81.000000
 Maximun iteration: 300
 Number of recycle truncation: 30
 Final matrix dimension:  36708
 Residual error:0.001000
 0  6.263331e-01
 1  3.581088e-01
 2  2.319176e-01
 3  1.546318e-01
 4  1.111190e-01
 5  8.736333e-02
 6  6.701614e-02
 7  5.380198e-02
 8  4.394345e-02
 9  3.435804e-02
 10  2.740846e-02
 11  2.172413e-02
 12  1.766868e-02
 13  1.465589e-02
 14  1.266583e-02
 15  1.110938e-02
 16  9.785705e-03
 17  8.751503e-03
 18  7.930462e-03
 19  7.049488e-03
 20  6.283829e-03
 21  5.558931e-03
 22  4.791829e-03
 23  4.061077e-03
 24  3.389606e-03
 25  2.778774e-03
 26  2.294725e-03
 27  1.862741e-03
 28  1.518039e-03
 29  1.185292e-03
 30  9.385930e-04
 Iteration CPU time: 6 s
 CFIE residual: 0.000938593

 Iseg, Irank, Idinc : 1, 17, 1
 Thata, Phi : 90.000000, 0.000000
 Maximun iteration: 300
 Number of recycle truncation: 30
 Final matrix dimension:  36708
 Residual error:0.001000
 0  5.046098e-01
 1  2.669239e-01
 2  1.732997e-01
 3  1.202770e-01
 4  8.596667e-02
 5  6.424244e-02
 6  4.918404e-02
 7  3.751778e-02
 8  2.939021e-02
 9  2.228205e-02
 10  1.710291e-02
 11  1.348943e-02
 12  1.087103e-02
 13  8.745489e-03
 14  7.174665e-03
 15  5.716042e-03
 16  4.739477e-03
 17  3.971829e-03
 18  3.423089e-03
 19  2.971349e-03
 20  2.649571e-03
 21  2.398514e-03
 22  2.118971e-03
 23  1.856269e-03
 24  1.650914e-03
 25  1.487963e-03
 26  1.341776e-03
 27  1.176380e-03
 28  1.003874e-03
 29  8.459562e-04
 Iteration CPU time: 6 s
 CFIE residual: 0.000845956

 Iseg, Irank, Idinc : 1, 18, 167
 Thata, Phi : 90.000000, 166.000000
 Maximun iteration: 300
 Number of recycle truncation: 30
 Final matrix dimension:  36708
 Residual error:0.001000
 0  5.737052e-01
 1  3.010660e-01
 2  1.872144e-01
 3  1.348163e-01
 4  1.047202e-01
 5  8.409197e-02
 6  6.860382e-02
 7  5.585393e-02
 8  4.652803e-02
 9  3.924265e-02
 10  3.286697e-02
 11  2.694809e-02
 12  2.196517e-02
 13  1.748176e-02
 14  1.429550e-02
 15  1.140993e-02
 16  9.264373e-03
 17  7.595236e-03
 18  6.220024e-03
 19  5.016375e-03
 20  4.094535e-03
 21  3.423756e-03
 22  2.906429e-03
 23  2.522495e-03
 24  2.190791e-03
 25  1.916587e-03
 26  1.690246e-03
 27  1.517493e-03
 28  1.377479e-03
 29  1.229160e-03
 30  1.086659e-03
 31  9.319895e-04
 Iteration CPU time: 7 s
 CFIE residual: 0.00093199

 Iseg, Irank, Idinc : 1, 19, 115
 Thata, Phi : 90.000000, 114.000000
 Maximun iteration: 300
 Number of recycle truncation: 30
 Final matrix dimension:  36708
 Residual error:0.001000
 0  6.458008e-01
 1  3.517864e-01
 2  2.237268e-01
 3  1.550636e-01
 4  1.094368e-01
 5  8.230084e-02
 6  6.325620e-02
 7  4.873323e-02
 8  3.762262e-02
 9  3.000932e-02
 10  2.357074e-02
 11  1.868384e-02
 12  1.510006e-02
 13  1.262468e-02
 14  1.058841e-02
 15  8.858894e-03
 16  7.572871e-03
 17  6.573231e-03
 18  5.689875e-03
 19  5.035830e-03
 20  4.464804e-03
 21  3.973157e-03
 22  3.552137e-03
 23  3.134367e-03
 24  2.718285e-03
 25  2.346841e-03
 26  2.001279e-03
 27  1.702117e-03
 28  1.384048e-03
 29  1.109369e-03
 30  8.583731e-04
 Iteration CPU time: 7 s
 CFIE residual: 0.000858373

 Iseg, Irank, Idinc : 1, 20, 152
 Thata, Phi : 90.000000, 151.000000
 Maximun iteration: 300
 Number of recycle truncation: 30
 Final matrix dimension:  36708
 Residual error:0.001000
 0  6.286501e-01
 1  3.308273e-01
 2  1.995976e-01
 3  1.395372e-01
 4  1.028590e-01
 5  8.070573e-02
 6  6.389108e-02
 7  5.132619e-02
 8  4.340742e-02
 9  3.643478e-02
 10  3.059340e-02
 11  2.516530e-02
 12  2.038855e-02
 13  1.585884e-02
 14  1.271305e-02
 15  1.025490e-02
 16  8.083417e-03
 17  6.729598e-03
 18  5.641952e-03
 19  4.658865e-03
 20  3.864628e-03
 21  3.322281e-03
 22  2.873877e-03
 23  2.583455e-03
 24  2.301564e-03
 25  2.037416e-03
 26  1.825446e-03
 27  1.600306e-03
 28  1.366863e-03
 29  1.148323e-03
 30  9.557153e-04
 Iteration CPU time: 7 s
 CFIE residual: 0.000955715

 Iseg, Irank, Idinc : 1, 21, 181
 Thata, Phi : 90.000000, 180.000000
 Maximun iteration: 300
 Number of recycle truncation: 30
 Final matrix dimension:  36708
 Residual error:0.001000
 0  5.510420e-01
 1  2.993479e-01
 2  1.910457e-01
 3  1.361575e-01
 4  1.062186e-01
 5  8.207754e-02
 6  6.706841e-02
 7  5.488690e-02
 8  4.408931e-02
 9  3.482543e-02
 10  2.711213e-02
 11  2.094538e-02
 12  1.589158e-02
 13  1.208456e-02
 14  9.300892e-03
 15  7.111288e-03
 16  5.613515e-03
 17  4.627565e-03
 18  3.774642e-03
 19  3.127913e-03
 20  2.672159e-03
 21  2.323376e-03
 22  2.058163e-03
 23  1.835569e-03
 24  1.650522e-03
 25  1.473674e-03
 26  1.339095e-03
 27  1.189912e-03
 28  1.029755e-03
 29  8.711033e-04
 Iteration CPU time: 7 s
 CFIE residual: 0.000871103

 Iseg, Irank, Idinc : 1, 22, 16
 Thata, Phi : 90.000000, 15.000000
 Maximun iteration: 300
 Number of recycle truncation: 30
 Final matrix dimension:  36708
 Residual error:0.001000
 0  5.677390e-01
 1  2.816646e-01
 2  1.699272e-01
 3  1.203808e-01
 4  8.595357e-02
 5  6.471202e-02
 6  4.985649e-02
 7  3.941542e-02
 8  3.068195e-02
 9  2.390974e-02
 10  1.868539e-02
 11  1.481996e-02
 12  1.163299e-02
 13  9.268065e-03
 14  7.643502e-03
 15  6.433538e-03
 16  5.515380e-03
 17  4.664998e-03
 18  4.063531e-03
 19  3.492151e-03
 20  3.031965e-03
 21  2.650109e-03
 22  2.379692e-03
 23  2.169467e-03
 24  1.929622e-03
 25  1.723876e-03
 26  1.534218e-03
 27  1.358370e-03
 28  1.163350e-03
 29  9.977366e-04
 Iteration CPU time: 6 s
 CFIE residual: 0.000997737

 Iseg, Irank, Idinc : 1, 23, 59
 Thata, Phi : 90.000000, 58.000000
 Maximun iteration: 300
 Number of recycle truncation: 30
 Final matrix dimension:  36708
 Residual error:0.001000
 0  6.610597e-01
 1  3.453380e-01
 2  2.155545e-01
 3  1.376691e-01
 4  9.844432e-02
 5  7.249399e-02
 6  5.653905e-02
 7  4.536411e-02
 8  3.615240e-02
 9  2.788720e-02
 10  2.161332e-02
 11  1.768214e-02
 12  1.454323e-02
 13  1.229115e-02
 14  1.050616e-02
 15  9.219577e-03
 16  8.257162e-03
 17  7.370825e-03
 18  6.676065e-03
 19  5.817391e-03
 20  5.079816e-03
 21  4.399675e-03
 22  3.713565e-03
 23  3.012969e-03
 24  2.469356e-03
 25  1.931290e-03
 26  1.517794e-03
 27  1.171438e-03
 28  9.218368e-04
 Iteration CPU time: 6 s
 CFIE residual: 0.000921837

 Iseg, Irank, Idinc : 1, 24, 139
 Thata, Phi : 90.000000, 138.000000
 Maximun iteration: 300
 Number of recycle truncation: 30
 Final matrix dimension:  36708
 Residual error:0.001000
 0  6.890515e-01
 1  3.546027e-01
 2  2.201981e-01
 3  1.525340e-01
 4  1.109105e-01
 5  8.475586e-02
 6  6.361009e-02
 7  5.055161e-02
 8  4.181170e-02
 9  3.356598e-02
 10  2.729961e-02
 11  2.223693e-02
 12  1.860274e-02
 13  1.469380e-02
 14  1.176464e-02
 15  9.478225e-03
 16  7.913028e-03
 17  6.554178e-03
 18  5.629283e-03
 19  4.796143e-03
 20  4.250934e-03
 21  3.813573e-03
 22  3.428397e-03
 23  3.066322e-03
 24  2.728742e-03
 25  2.404654e-03
 26  2.105385e-03
 27  1.790098e-03
 28  1.489740e-03
 29  1.243101e-03
 30  1.017149e-03
 31  8.323492e-04
 Iteration CPU time: 7 s
 CFIE residual: 0.000832349

 Iseg, Irank, Idinc : 1, 25, 5
 Thata, Phi : 90.000000, 4.000000
 Maximun iteration: 300
 Number of recycle truncation: 30
 Final matrix dimension:  36708
 Residual error:0.001000
 0  5.107095e-01
 1  2.685895e-01
 2  1.730113e-01
 3  1.210747e-01
 4  8.716590e-02
 5  6.585325e-02
 6  5.033579e-02
 7  3.793451e-02
 8  2.917599e-02
 9  2.269500e-02
 10  1.801728e-02
 11  1.445297e-02
 12  1.142337e-02
 13  9.087647e-03
 14  7.491152e-03
 15  6.265061e-03
 16  5.290895e-03
 17  4.435055e-03
 18  3.792130e-03
 19  3.350859e-03
 20  2.931082e-03
 21  2.557425e-03
 22  2.298980e-03
 23  2.044410e-03
 24  1.805146e-03
 25  1.609747e-03
 26  1.464017e-03
 27  1.308104e-03
 28  1.156981e-03
 29  9.781758e-04
 Iteration CPU time: 7 s
 CFIE residual: 0.000978176

 Iseg, Irank, Idinc : 1, 26, 103
 Thata, Phi : 90.000000, 102.000000
 Maximun iteration: 300
 Number of recycle truncation: 30
 Final matrix dimension:  36708
 Residual error:0.001000
 0  6.196288e-01
 1  3.557160e-01
 2  2.244908e-01
 3  1.515968e-01
 4  1.059328e-01
 5  7.993189e-02
 6  6.212206e-02
 7  4.857511e-02
 8  3.833730e-02
 9  3.044644e-02
 10  2.485308e-02
 11  1.971231e-02
 12  1.596888e-02
 13  1.313554e-02
 14  1.095587e-02
 15  9.283000e-03
 16  7.938790e-03
 17  6.990203e-03
 18  6.253712e-03
 19  5.584955e-03
 20  5.024148e-03
 21  4.543949e-03
 22  4.027329e-03
 23  3.522493e-03
 24  3.063686e-03
 25  2.605084e-03
 26  2.194600e-03
 27  1.816517e-03
 28  1.486684e-03
 29  1.193062e-03
 30  9.357117e-04
 Iteration CPU time: 7 s
 CFIE residual: 0.000935712

 Iseg, Irank, Idinc : 1, 27, 173
 Thata, Phi : 90.000000, 172.000000
 Maximun iteration: 300
 Number of recycle truncation: 30
 Final matrix dimension:  36708
 Residual error:0.001000
 0  5.594491e-01
 1  2.994108e-01
 2  1.903004e-01
 3  1.365018e-01
 4  1.069283e-01
 5  8.429355e-02
 6  6.918005e-02
 7  5.634254e-02
 8  4.609467e-02
 9  3.777275e-02
 10  3.094539e-02
 11  2.513034e-02
 12  2.034004e-02
 13  1.616773e-02
 14  1.322841e-02
 15  1.060533e-02
 16  8.662969e-03
 17  6.993162e-03
 18  5.694522e-03
 19  4.618931e-03
 20  3.797618e-03
 21  3.160995e-03
 22  2.716407e-03
 23  2.352610e-03
 24  2.040018e-03
 25  1.782409e-03
 26  1.567701e-03
 27  1.409158e-03
 28  1.267133e-03
 29  1.128621e-03
 30  1.007523e-03
 31  8.701866e-04
 Iteration CPU time: 7 s
 CFIE residual: 0.000870187

 Iseg, Irank, Idinc : 1, 28, 37
 Thata, Phi : 90.000000, 36.000000
 Maximun iteration: 300
 Number of recycle truncation: 30
 Final matrix dimension:  36708
 Residual error:0.001000
 0  6.213481e-01
 1  3.120082e-01
 2  1.929684e-01
 3  1.232293e-01
 4  8.458543e-02
 5  6.202399e-02
 6  4.560865e-02
 7  3.478358e-02
 8  2.655787e-02
 9  2.043087e-02
 10  1.636144e-02
 11  1.320859e-02
 12  1.073297e-02
 13  9.058193e-03
 14  7.525653e-03
 15  6.477249e-03
 16  5.750937e-03
 17  4.978846e-03
 18  4.447104e-03
 19  3.969457e-03
 20  3.464562e-03
 21  3.044642e-03
 22  2.694996e-03
 23  2.357615e-03
 24  2.007717e-03
 25  1.687002e-03
 26  1.396656e-03
 27  1.138542e-03
 28  9.125873e-04
 Iteration CPU time: 6 s
 CFIE residual: 0.000912587

 Iseg, Irank, Idinc : 1, 29, 70
 Thata, Phi : 90.000000, 69.000000
 Maximun iteration: 300
 Number of recycle truncation: 30
 Final matrix dimension:  36708
 Residual error:0.001000
 0  6.557254e-01
 1  3.677782e-01
 2  2.343293e-01
 3  1.516381e-01
 4  1.100022e-01
 5  8.361155e-02
 6  6.452053e-02
 7  5.198715e-02
 8  4.178077e-02
 9  3.417483e-02
 10  2.749921e-02
 11  2.205457e-02
 12  1.791570e-02
 13  1.518557e-02
 14  1.297389e-02
 15  1.164893e-02
 16  1.050673e-02
 17  9.426301e-03
 18  8.402993e-03
 19  7.476651e-03
 20  6.679637e-03
 21  5.887727e-03
 22  5.085270e-03
 23  4.299536e-03
 24  3.533105e-03
 25  2.828595e-03
 26  2.278747e-03
 27  1.828540e-03
 28  1.433563e-03
 29  1.113242e-03
 30  8.724298e-04
 Iteration CPU time: 7 s
 CFIE residual: 0.00087243

 Iseg, Irank, Idinc : 1, 30, 127
 Thata, Phi : 90.000000, 126.000000
 Maximun iteration: 300
 Number of recycle truncation: 30
 Final matrix dimension:  36708
 Residual error:0.001000
 0  6.618433e-01
 1  3.504673e-01
 2  2.294150e-01
 3  1.571227e-01
 4  1.123115e-01
 5  8.671499e-02
 6  6.607759e-02
 7  5.136956e-02
 8  4.006667e-02
 9  3.183625e-02
 10  2.463264e-02
 11  1.948500e-02
 12  1.575471e-02
 13  1.299975e-02
 14  1.077114e-02
 15  9.212449e-03
 16  7.783583e-03
 17  6.777133e-03
 18  5.968609e-03
 19  5.181551e-03
 20  4.590602e-03
 21  4.132232e-03
 22  3.711102e-03
 23  3.325296e-03
 24  2.898665e-03
 25  2.514414e-03
 26  2.195487e-03
 27  1.882115e-03
 28  1.660022e-03
 29  1.399428e-03
 30  1.144211e-03
 31  9.099761e-04
 Iteration CPU time: 7 s
 CFIE residual: 0.000909976

 Iseg, Irank, Idinc : 1, 31, 3
 Thata, Phi : 90.000000, 2.000000
 Maximun iteration: 300
 Number of recycle truncation: 30
 Final matrix dimension:  36708
 Residual error:0.001000
 0  5.061999e-01
 1  2.673600e-01
 2  1.732147e-01
 3  1.204752e-01
 4  8.629006e-02
 5  6.472689e-02
 6  4.954771e-02
 7  3.755204e-02
 8  2.923167e-02
 9  2.230118e-02
 10  1.728922e-02
 11  1.392642e-02
 12  1.122029e-02
 13  8.926411e-03
 14  7.330473e-03
 15  6.042984e-03
 16  5.119942e-03
 17  4.315622e-03
 18  3.696453e-03
 19  3.250566e-03
 20  2.855077e-03
 21  2.512285e-03
 22  2.256521e-03
 23  2.002023e-03
 24  1.761618e-03
 25  1.574260e-03
 26  1.433234e-03
 27  1.269741e-03
 28  1.114304e-03
 29  9.354470e-04
 Iteration CPU time: 7 s
 CFIE residual: 0.000935447

 Iseg, Irank, Idinc : 1, 32, 163
 Thata, Phi : 90.000000, 162.000000
 Maximun iteration: 300
 Number of recycle truncation: 30
 Final matrix dimension:  36708
 Residual error:0.001000
 0  5.872253e-01
 1  3.044867e-01
 2  1.858555e-01
 3  1.323343e-01
 4  1.020316e-01
 5  8.226879e-02
 6  6.637967e-02
 7  5.404036e-02
 8  4.547746e-02
 9  3.877037e-02
 10  3.264310e-02
 11  2.711143e-02
 12  2.218602e-02
 13  1.763689e-02
 14  1.442790e-02
 15  1.143276e-02
 16  9.159144e-03
 17  7.626325e-03
 18  6.277124e-03
 19  5.020772e-03
 20  4.127624e-03
 21  3.506591e-03
 22  2.966777e-03
 23  2.586206e-03
 24  2.264439e-03
 25  1.981652e-03
 26  1.769964e-03
 27  1.597590e-03
 28  1.439072e-03
 29  1.266897e-03
 30  1.107360e-03
 31  9.367228e-04
 Iteration CPU time: 7 s
 CFIE residual: 0.000936723

 Iseg, Irank, Idinc : 1, 33, 47
 Thata, Phi : 90.000000, 46.000000
 Maximun iteration: 300
 Number of recycle truncation: 30
 Final matrix dimension:  36708
 Residual error:0.001000
 0  6.317310e-01
 1  3.217318e-01
 2  2.037224e-01
 3  1.349309e-01
 4  9.515251e-02
 5  6.995621e-02
 6  5.256461e-02
 7  4.041712e-02
 8  3.117097e-02
 9  2.429357e-02
 10  1.908574e-02
 11  1.529843e-02
 12  1.243527e-02
 13  1.047882e-02
 14  8.908883e-03
 15  7.742114e-03
 16  6.939363e-03
 17  6.194932e-03
 18  5.511019e-03
 19  4.828501e-03
 20  4.258011e-03
 21  3.648150e-03
 22  3.169654e-03
 23  2.629960e-03
 24  2.117845e-03
 25  1.719287e-03
 26  1.343790e-03
 27  1.080746e-03
 28  8.590477e-04
 Iteration CPU time: 7 s
 CFIE residual: 0.000859048

 Iseg, Irank, Idinc : 1, 34, 26
 Thata, Phi : 90.000000, 25.000000
 Maximun iteration: 300
 Number of recycle truncation: 30
 Final matrix dimension:  36708
 Residual error:0.001000
 0  6.265487e-01
 1  2.965356e-01
 2  1.673067e-01
 3  1.104962e-01
 4  7.831847e-02
 5  5.773983e-02
 6  4.338416e-02
 7  3.363506e-02
 8  2.631019e-02
 9  2.075473e-02
 10  1.650709e-02
 11  1.286160e-02
 12  1.062232e-02
 13  8.708487e-03
 14  7.264508e-03
 15  6.254208e-03
 16  5.386248e-03
 17  4.560929e-03
 18  3.998708e-03
 19  3.483341e-03
 20  3.019068e-03
 21  2.679034e-03
 22  2.423076e-03
 23  2.216874e-03
 24  1.986275e-03
 25  1.736793e-03
 26  1.500461e-03
 27  1.287315e-03
 28  1.076491e-03
 29  9.061330e-04
 Iteration CPU time: 6 s
 CFIE residual: 0.000906133

 Iseg, Irank, Idinc : 1, 35, 180
 Thata, Phi : 90.000000, 179.000000
 Maximun iteration: 300
 Number of recycle truncation: 30
 Final matrix dimension:  36708
 Residual error:0.001000
 0  5.512120e-01
 1  2.993493e-01
 2  1.910449e-01
 3  1.361722e-01
 4  1.062476e-01
 5  8.213949e-02
 6  6.713142e-02
 7  5.493750e-02
 8  4.414993e-02
 9  3.489532e-02
 10  2.722449e-02
 11  2.109809e-02
 12  1.614490e-02
 13  1.240899e-02
 14  9.576692e-03
 15  7.376668e-03
 16  5.869552e-03
 17  4.893872e-03
 18  4.029826e-03
 19  3.360890e-03
 20  2.848242e-03
 21  2.451849e-03
 22  2.167437e-03
 23  1.939862e-03
 24  1.723461e-03
 25  1.524728e-03
 26  1.383941e-03
 27  1.238860e-03
 28  1.077985e-03
 29  9.230863e-04
 Iteration CPU time: 7 s
 CFIE residual: 0.000923086

 Iseg, Irank, Idinc : 1, 36, 93
 Thata, Phi : 90.000000, 92.000000
 Maximun iteration: 300
 Number of recycle truncation: 30
 Final matrix dimension:  36708
 Residual error:0.001000
 0  6.220223e-01
 1  3.577322e-01
 2  2.276542e-01
 3  1.517566e-01
 4  1.100277e-01
 5  8.586640e-02
 6  6.769113e-02
 7  5.377210e-02
 8  4.329514e-02
 9  3.496581e-02
 10  2.748491e-02
 11  2.200122e-02
 12  1.791983e-02
 13  1.464079e-02
 14  1.243880e-02
 15  1.072111e-02
 16  9.304595e-03
 17  8.288102e-03
 18  7.464915e-03
 19  6.692927e-03
 20  6.081243e-03
 21  5.424164e-03
 22  4.677154e-03
 23  3.960804e-03
 24  3.410145e-03
 25  2.831671e-03
 26  2.316390e-03
 27  1.855775e-03
 28  1.483047e-03
 29  1.113071e-03
 30  8.424642e-04
 Iteration CPU time: 7 s
 CFIE residual: 0.000842464

 Iseg, Irank, Idinc : 1, 37, 143
 Thata, Phi : 90.000000, 142.000000
 Maximun iteration: 300
 Number of recycle truncation: 30
 Final matrix dimension:  36708
 Residual error:0.001000
 0  6.651282e-01
 1  3.489003e-01
 2  2.113387e-01
 3  1.476638e-01
 4  1.071075e-01
 5  8.280614e-02
 6  6.307593e-02
 7  5.041227e-02
 8  4.181524e-02
 9  3.422484e-02
 10  2.848367e-02
 11  2.360713e-02
 12  1.956229e-02
 13  1.536792e-02
 14  1.211566e-02
 15  9.926851e-03
 16  8.047193e-03
 17  6.674158e-03
 18  5.666475e-03
 19  4.718061e-03
 20  4.103861e-03
 21  3.618858e-03
 22  3.243502e-03
 23  2.879428e-03
 24  2.565126e-03
 25  2.305771e-03
 26  2.052033e-03
 27  1.796193e-03
 28  1.486704e-03
 29  1.226400e-03
 30  1.004284e-03
 31  8.148043e-04
 Iteration CPU time: 7 s
 CFIE residual: 0.000814804

 Iseg, Irank, Idinc : 1, 38, 8
 Thata, Phi : 90.000000, 7.000000
 Maximun iteration: 300
 Number of recycle truncation: 30
 Final matrix dimension:  36708
 Residual error:0.001000
 0  5.218644e-01
 1  2.714851e-01
 2  1.726635e-01
 3  1.223412e-01
 4  8.836604e-02
 5  6.709965e-02
 6  5.116540e-02
 7  3.897469e-02
 8  2.996318e-02
 9  2.382972e-02
 10  1.887613e-02
 11  1.477414e-02
 12  1.155882e-02
 13  9.235841e-03
 14  7.607135e-03
 15  6.348011e-03
 16  5.414636e-03
 17  4.514207e-03
 18  3.891207e-03
 19  3.438153e-03
 20  3.001720e-03
 21  2.606035e-03
 22  2.341029e-03
 23  2.087153e-03
 24  1.848178e-03
 25  1.658010e-03
 26  1.499064e-03
 27  1.347369e-03
 28  1.183307e-03
 29  1.014922e-03
 30  8.555483e-04
 Iteration CPU time: 7 s
 CFIE residual: 0.000855548
 Last Built End in Sep 21 2025 00:06:12
 Total CPU time: 278 s
 Finished.
