 Last Built Begin in Sep 21 2025 00:06:12
 Pre-Type( Input ):            8
 Skl-Tol ( Input ):    1.0000000000000000E-002
 Wavelength in freespace: 0.576923

 ################################################
 ##         Generating Required Mesh          ##
 ##         Waiting.....                      ##
 ################################################
 Subd No.      Subd Name
    1    sphere1                                                           
 isub,  nnode, npatch,  nedge:
    1       604      1204      1806
 Scale Factor         >>   9.99999978E-03
 ################################################

 START TIME: 20250922   001444.705


 Informaton for IE geometry:
 number of subdomains     : 1
 maxnode,maxpatch,maxedge : 604  1204  1806
 
 Index of Mat-Reg: 1
 Mat-Reg Number via MatFlg: 1
 Edge Number of Mat-Reg: 1, 1806

 Number of Edge on PEC: 0
 Mat-Reg: No Dim(m) Lmax:
    1 0.173    1
 Totlmax, add1, add2:           1           2           3
 rlengmax of Global MLFMA >>   0.17333332300266666     
 Lmax of Global MLFMA >>            1
 Wavenum of Mat-Reg:
    1 1.000

 total area in sq m           =      0.1254
 total area in sq lambda      =      0.3766
 maxnode, maxpatch, maxedge           =      604     1204     1806
 longest  edge in lambda              =      0.0378
 shortest edge in lambda              =      0.0165
 average  edge in lambda              =      0.0269
 largest  patch area in sq lambda     =      0.0005
 smallest patch area in sq lambda     =      0.0001
 ave    surface area in sq lambda     =      0.0003
 size range of the object in sq lambda =      0.3467

 #### MLFMA Info For Each Region ####
 Mat-Region =            1
 Array dimension parameters:
 maxrule=          14   maxgrid  =          64
 lmax   =           1   ncmax    =           9
 lsmax  =           1   lsmin    =           1
 kpm    =           1   kp0      =           1
 ntlm   =           1   nsm      =           1
 nkpm   =           1   niplm    =          16
 ngnearm=          64   ngsndm   =           1
 nearm  =        1807   mfinestm =         244
 ###############################

 CFIE Alpha:  0.50000000000000000     

 Fill MLFMA NI for Mat-Reg:           1
 Begin fill sparser part of Nearfield
 Begin fill denser part of Nearfield
 End fill
 Filling Amn                 Delta_CPU=         52.53 Memory(MB)=        200.07


 Now testing preconditioner with
 ipretype =            8
 method = cfie_solve_nfpre_pardiso

  
 NBP>>Begin fill sparser part of Nearfield
 NBP>>Begin fill denser part of Nearfield

212.5000%
225.0000%
237.5000%
250.0000%
262.5000%
275.0000%
287.5000%
300.0000%
 Begin MLFMA Box-Matrix Based Prec Constructor
 --- Intel MKL PARDISO --- 
  >> Solver Initialized
  >> Proceed to ngrp_box loop
  >> Loop 0 Initialized
 Memory for iGRP: 1 0 MB
 Total Memory For NFB Pre: 0 MB
 --- PARDISO PRECONDITIONER INITIALIZED --- 
 Constructing preconditioner CPU time: 0 s
 
 108360
 Memory for Iteration:: 1.65344 MB

 Iseg, Ninc_S : 1, 181, 0

 Iseg, Skeleton Angles: 1, 6
 Iseg, Skel-Pk Mem(MB): 1, 30.95

 Iseg, Irank, Idinc : 1, 1, 81
 Thata, Phi : 90.000000, 80.000000
 Maximun iteration: 300
 Number of recycle truncation: 30
 Final matrix dimension:  3612
 Residual error:0.010000
 0  2.687556e-01
 1  1.142402e-01
 2  5.491103e-02
 3  2.841953e-02
 4  1.393630e-02
 5  6.803245e-03
 Iteration CPU time: 1 s
 CFIE residual: 0.00680324

 Iseg, Irank, Idinc : 1, 2, 1
 Thata, Phi : 90.000000, 0.000000
 Maximun iteration: 300
 Number of recycle truncation: 30
 Final matrix dimension:  3612
 Residual error:0.010000
 0  2.764026e-01
 1  1.130061e-01
 2  5.498420e-02
 3  2.771158e-02
 4  1.316546e-02
 5  6.429253e-03
 Iteration CPU time: 0 s
 CFIE residual: 0.00642925

 Iseg, Irank, Idinc : 1, 3, 155
 Thata, Phi : 90.000000, 154.000000
 Maximun iteration: 300
 Number of recycle truncation: 30
 Final matrix dimension:  3612
 Residual error:0.010000
 0  2.638268e-01
 1  1.043796e-01
 2  5.092446e-02
 3  2.491191e-02
 4  1.228012e-02
 5  5.981184e-03
 Iteration CPU time: 0 s
 CFIE residual: 0.00598118

 Iseg, Irank, Idinc : 1, 4, 181
 Thata, Phi : 90.000000, 180.000000
 Maximun iteration: 300
 Number of recycle truncation: 30
 Final matrix dimension:  3612
 Residual error:0.010000
 0  2.652387e-01
 1  1.074920e-01
 2  5.248634e-02
 3  2.538158e-02
 4  1.247355e-02
 5  6.087229e-03
 Iteration CPU time: 0 s
 CFIE residual: 0.00608723

 Iseg, Irank, Idinc : 1, 5, 37
 Thata, Phi : 90.000000, 36.000000
 Maximun iteration: 300
 Number of recycle truncation: 30
 Final matrix dimension:  3612
 Residual error:0.010000
 0  2.700939e-01
 1  1.090164e-01
 2  5.257154e-02
 3  2.660609e-02
 4  1.282796e-02
 5  6.247420e-03
 Iteration CPU time: 0 s
 CFIE residual: 0.00624742

 Iseg, Irank, Idinc : 1, 6, 117
 Thata, Phi : 90.000000, 116.000000
 Maximun iteration: 300
 Number of recycle truncation: 30
 Final matrix dimension:  3612
 Residual error:0.010000
 0  2.643743e-01
 1  1.081131e-01
 2  5.207619e-02
 3  2.645063e-02
 4  1.315397e-02
 5  6.470985e-03
 Iteration CPU time: 0 s
 CFIE residual: 0.00647099
 Last Built End in Sep 21 2025 00:06:12
 Total CPU time: 7 s
 Finished.
