 Last Built Begin in Sep 21 2025 00:06:12
 Pre-Type( Input ):            8
 Skl-Tol ( Input ):    1.0000000000000000E-002
 Wavelength in freespace: 0.387931

 ################################################
 ##         Generating Required Mesh          ##
 ##         Waiting.....                      ##
 ################################################
 Subd No.      Subd Name
    1    sphere1                                                           
 isub,  nnode, npatch,  nedge:
    1       604      1204      1806
 Scale Factor         >>   9.99999978E-03
 ################################################

 START TIME: 20250922   001416.113


 Informaton for IE geometry:
 number of subdomains     : 1
 maxnode,maxpatch,maxedge : 604  1204  1806
 
 Index of Mat-Reg: 1
 Mat-Reg Number via MatFlg: 1
 Edge Number of Mat-Reg: 1, 1806

 Number of Edge on PEC: 0
 Mat-Reg: No Dim(m) Lmax:
    1 0.258    1
 Totlmax, add1, add2:           1           2           3
 rlengmax of Global MLFMA >>   0.25777765130311769     
 Lmax of Global MLFMA >>            1
 Wavenum of Mat-Reg:
    1 1.000

 total area in sq m           =      0.1254
 total area in sq lambda      =      0.8329
 maxnode, maxpatch, maxedge           =      604     1204     1806
 longest  edge in lambda              =      0.0561
 shortest edge in lambda              =      0.0245
 average  edge in lambda              =      0.0401
 largest  patch area in sq lambda     =      0.0011
 smallest patch area in sq lambda     =      0.0003
 ave    surface area in sq lambda     =      0.0007
 size range of the object in sq lambda =      0.5156

 #### MLFMA Info For Each Region ####
 Mat-Region =            1
 Array dimension parameters:
 maxrule=          14   maxgrid  =          64
 lmax   =           1   ncmax    =           9
 lsmax  =           1   lsmin    =           1
 kpm    =           1   kp0      =           1
 ntlm   =           1   nsm      =           1
 nkpm   =           1   niplm    =          16
 ngnearm=          64   ngsndm   =           1
 nearm  =        1807   mfinestm =         244
 ###############################

 CFIE Alpha:  0.50000000000000000     

 Fill MLFMA NI for Mat-Reg:           1
 Begin fill sparser part of Nearfield
 Begin fill denser part of Nearfield
 End fill
 Filling Amn                 Delta_CPU=         43.58 Memory(MB)=        200.07


 Now testing preconditioner with
 ipretype =            8
 method = cfie_solve_nfpre_pardiso

  
 NBP>>Begin fill sparser part of Nearfield
 NBP>>Begin fill denser part of Nearfield

212.5000%
225.0000%
237.5000%
250.0000%
262.5000%
275.0000%
287.5000%
300.0000%
 Begin MLFMA Box-Matrix Based Prec Constructor
 --- Intel MKL PARDISO --- 
  >> Solver Initialized
  >> Proceed to ngrp_box loop
  >> Loop 0 Initialized
 Memory for iGRP: 1 0 MB
 Total Memory For NFB Pre: 0 MB
 --- PARDISO PRECONDITIONER INITIALIZED --- 
 Constructing preconditioner CPU time: 0 s
 
 108360
 Memory for Iteration:: 1.65344 MB

 Iseg, Ninc_S : 1, 181, 0

 Iseg, Skeleton Angles: 1, 7
 Iseg, Skel-Pk Mem(MB): 1, 30.95

 Iseg, Irank, Idinc : 1, 1, 129
 Thata, Phi : 90.000000, 128.000000
 Maximun iteration: 300
 Number of recycle truncation: 30
 Final matrix dimension:  3612
 Residual error:0.010000
 0  1.772519e-01
 1  8.005371e-02
 2  2.978797e-02
 3  1.273135e-02
 4  5.449209e-03
 Iteration CPU time: 0 s
 CFIE residual: 0.00544921

 Iseg, Irank, Idinc : 1, 2, 47
 Thata, Phi : 90.000000, 46.000000
 Maximun iteration: 300
 Number of recycle truncation: 30
 Final matrix dimension:  3612
 Residual error:0.010000
 0  1.790856e-01
 1  8.202118e-02
 2  3.242171e-02
 3  1.427291e-02
 4  5.859504e-03
 Iteration CPU time: 0 s
 CFIE residual: 0.0058595

 Iseg, Irank, Idinc : 1, 3, 1
 Thata, Phi : 90.000000, 0.000000
 Maximun iteration: 300
 Number of recycle truncation: 30
 Final matrix dimension:  3612
 Residual error:0.010000
 0  1.932341e-01
 1  8.757001e-02
 2  3.250136e-02
 3  1.359297e-02
 4  5.527349e-03
 Iteration CPU time: 0 s
 CFIE residual: 0.00552735

 Iseg, Irank, Idinc : 1, 4, 181
 Thata, Phi : 90.000000, 180.000000
 Maximun iteration: 300
 Number of recycle truncation: 30
 Final matrix dimension:  3612
 Residual error:0.010000
 0  1.913500e-01
 1  8.713263e-02
 2  3.185700e-02
 3  1.262762e-02
 4  5.241368e-03
 Iteration CPU time: 0 s
 CFIE residual: 0.00524137

 Iseg, Irank, Idinc : 1, 5, 88
 Thata, Phi : 90.000000, 87.000000
 Maximun iteration: 300
 Number of recycle truncation: 30
 Final matrix dimension:  3612
 Residual error:0.010000
 0  1.895131e-01
 1  8.870356e-02
 2  3.266037e-02
 3  1.349688e-02
 4  5.440042e-03
 Iteration CPU time: 0 s
 CFIE residual: 0.00544004

 Iseg, Irank, Idinc : 1, 6, 159
 Thata, Phi : 90.000000, 158.000000
 Maximun iteration: 300
 Number of recycle truncation: 30
 Final matrix dimension:  3612
 Residual error:0.010000
 0  1.846590e-01
 1  8.363972e-02
 2  3.117442e-02
 3  1.265234e-02
 4  5.337804e-03
 Iteration CPU time: 0 s
 CFIE residual: 0.0053378

 Iseg, Irank, Idinc : 1, 7, 21
 Thata, Phi : 90.000000, 20.000000
 Maximun iteration: 300
 Number of recycle truncation: 30
 Final matrix dimension:  3612
 Residual error:0.010000
 0  1.870705e-01
 1  8.502414e-02
 2  3.241164e-02
 3  1.393656e-02
 4  5.699645e-03
 Iteration CPU time: 1 s
 CFIE residual: 0.00569965
 Last Built End in Sep 21 2025 00:06:12
 Total CPU time: 6 s
 Finished.
