 Last Built Begin in Sep 21 2025 00:06:12
 Pre-Type( Input ):            8
 Skl-Tol ( Input ):    1.0000000000000000E-002
 Wavelength in freespace: 0.351563

 ################################################
 ##         Generating Required Mesh          ##
 ##         Waiting.....                      ##
 ################################################
 Subd No.      Subd Name
    1    sphere1                                                           
 isub,  nnode, npatch,  nedge:
    1       604      1204      1806
 Scale Factor         >>   9.99999978E-03
 ################################################

 START TIME: 20250922   002919.799


 Informaton for IE geometry:
 number of subdomains     : 1
 maxnode,maxpatch,maxedge : 604  1204  1806
 
 Index of Mat-Reg: 1
 Mat-Reg Number via MatFlg: 1
 Edge Number of Mat-Reg: 1, 1806

 Number of Edge on PEC: 0
 Mat-Reg: No Dim(m) Lmax:
    1 0.284    1
 Totlmax, add1, add2:           1           2           3
 rlengmax of Global MLFMA >>   0.28444431638045109     
 Lmax of Global MLFMA >>            1
 Wavenum of Mat-Reg:
    1 1.000

 total area in sq m           =      0.1254
 total area in sq lambda      =      1.0142
 maxnode, maxpatch, maxedge           =      604     1204     1806
 longest  edge in lambda              =      0.0620
 shortest edge in lambda              =      0.0270
 average  edge in lambda              =      0.0442
 largest  patch area in sq lambda     =      0.0014
 smallest patch area in sq lambda     =      0.0004
 ave    surface area in sq lambda     =      0.0008
 size range of the object in sq lambda =      0.5689

 #### MLFMA Info For Each Region ####
 Mat-Region =            1
 Array dimension parameters:
 maxrule=          14   maxgrid  =          64
 lmax   =           1   ncmax    =           9
 lsmax  =           1   lsmin    =           1
 kpm    =           1   kp0      =           1
 ntlm   =           1   nsm      =           1
 nkpm   =           1   niplm    =          16
 ngnearm=          64   ngsndm   =           1
 nearm  =        1807   mfinestm =         244
 ###############################

 CFIE Alpha:  0.50000000000000000     

 Fill MLFMA NI for Mat-Reg:           1
 Begin fill sparser part of Nearfield
 Begin fill denser part of Nearfield
 End fill
 Filling Amn                 Delta_CPU=         42.76 Memory(MB)=        200.07


 Now testing preconditioner with
 ipretype =            8
 method = cfie_solve_nfpre_pardiso

  
 NBP>>Begin fill sparser part of Nearfield
 NBP>>Begin fill denser part of Nearfield

212.5000%
225.0000%
237.5000%
250.0000%
262.5000%
275.0000%
287.5000%
300.0000%
 Begin MLFMA Box-Matrix Based Prec Constructor
 --- Intel MKL PARDISO --- 
  >> Solver Initialized
  >> Proceed to ngrp_box loop
  >> Loop 0 Initialized
 Memory for iGRP: 1 0 MB
 Total Memory For NFB Pre: 0 MB
 --- PARDISO PRECONDITIONER INITIALIZED --- 
 Constructing preconditioner CPU time: 0 s
 
 108360
 Memory for Iteration:: 1.65344 MB

 Iseg, Ninc_S : 1, 181, 0

 Iseg, Skeleton Angles: 1, 8
 Iseg, Skel-Pk Mem(MB): 1, 30.96

 Iseg, Irank, Idinc : 1, 1, 125
 Thata, Phi : 90.000000, 124.000000
 Maximun iteration: 300
 Number of recycle truncation: 30
 Final matrix dimension:  3612
 Residual error:0.010000
 0  1.655588e-01
 1  7.353088e-02
 2  2.471745e-02
 3  1.022086e-02
 4  4.237558e-03
 Iteration CPU time: 0 s
 CFIE residual: 0.00423756

 Iseg, Irank, Idinc : 1, 2, 40
 Thata, Phi : 90.000000, 39.000000
 Maximun iteration: 300
 Number of recycle truncation: 30
 Final matrix dimension:  3612
 Residual error:0.010000
 0  1.671450e-01
 1  7.572157e-02
 2  2.716940e-02
 3  1.150034e-02
 4  4.671376e-03
 Iteration CPU time: 0 s
 CFIE residual: 0.00467138

 Iseg, Irank, Idinc : 1, 3, 1
 Thata, Phi : 90.000000, 0.000000
 Maximun iteration: 300
 Number of recycle truncation: 30
 Final matrix dimension:  3612
 Residual error:0.010000
 0  1.794475e-01
 1  7.889855e-02
 2  2.620176e-02
 3  1.057609e-02
 4  4.287953e-03
 Iteration CPU time: 0 s
 CFIE residual: 0.00428795

 Iseg, Irank, Idinc : 1, 4, 181
 Thata, Phi : 90.000000, 180.000000
 Maximun iteration: 300
 Number of recycle truncation: 30
 Final matrix dimension:  3612
 Residual error:0.010000
 0  1.779970e-01
 1  7.834446e-02
 2  2.613606e-02
 3  1.013963e-02
 4  4.123265e-03
 Iteration CPU time: 0 s
 CFIE residual: 0.00412326

 Iseg, Irank, Idinc : 1, 5, 83
 Thata, Phi : 90.000000, 82.000000
 Maximun iteration: 300
 Number of recycle truncation: 30
 Final matrix dimension:  3612
 Residual error:0.010000
 0  1.757868e-01
 1  7.889120e-02
 2  2.640882e-02
 3  1.053807e-02
 4  4.185546e-03
 Iteration CPU time: 0 s
 CFIE residual: 0.00418555

 Iseg, Irank, Idinc : 1, 6, 157
 Thata, Phi : 90.000000, 156.000000
 Maximun iteration: 300
 Number of recycle truncation: 30
 Final matrix dimension:  3612
 Residual error:0.010000
 0  1.707829e-01
 1  7.574617e-02
 2  2.577104e-02
 3  1.025403e-02
 4  4.247638e-03
 Iteration CPU time: 0 s
 CFIE residual: 0.00424764

 Iseg, Irank, Idinc : 1, 7, 19
 Thata, Phi : 90.000000, 18.000000
 Maximun iteration: 300
 Number of recycle truncation: 30
 Final matrix dimension:  3612
 Residual error:0.010000
 0  1.746952e-01
 1  7.781694e-02
 2  2.656010e-02
 3  1.097639e-02
 4  4.463116e-03
 Iteration CPU time: 0 s
 CFIE residual: 0.00446312

 Iseg, Irank, Idinc : 1, 8, 104
 Thata, Phi : 90.000000, 103.000000
 Maximun iteration: 300
 Number of recycle truncation: 30
 Final matrix dimension:  3612
 Residual error:0.010000
 0  1.735189e-01
 1  7.738884e-02
 2  2.551793e-02
 3  1.028845e-02
 4  4.158757e-03
 Iteration CPU time: 0 s
 CFIE residual: 0.00415876
 Last Built End in Sep 21 2025 00:06:12
 Total CPU time: 6 s
 Finished.
